05-28 05:12:21.033  6412  6414 I cmd     : oneway function results will be dropped but finished with status OK and parcel size 4
05-28 05:12:21.077  6427  6429 I cmd     : oneway function results will be dropped but finished with status OK and parcel size 4
05-28 05:12:21.121  6442  6444 I cmd     : oneway function results will be dropped but finished with status OK and parcel size 4
05-28 05:12:21.165  6457  6459 I cmd     : oneway function results will be dropped but finished with status OK and parcel size 4
05-28 05:12:21.235  6469  6469 E libc    : Access denied finding property "persist.device_config.runtime_native_boot.profilebootclasspath"
05-28 05:12:21.235  6469  6469 E libc    : Access denied finding property "persist.device_config.runtime_native_boot.enable_apex_image"
05-28 05:12:21.235  6469  6469 I AndroidRuntime: Using default boot image
05-28 05:12:21.235  6469  6469 E libc    : Access denied finding property "persist.device_config.runtime_native_boot.disable_lock_profiling"
05-28 05:12:21.235  6469  6469 I AndroidRuntime: Leaving lock profiling enabled
05-28 05:12:21.236  6469  6469 E libc    : Access denied finding property "persist.device_config.runtime_native_boot.enable_generational_cc"
05-28 05:12:21.237  6469  6469 I app_process: Core platform API reporting enabled, enforcing=false
05-28 05:12:21.273  6469  6469 W app_process: Unexpected CPU variant for X86 using defaults: x86_64
05-28 05:12:21.274  6469  6469 I app_process: The ClassLoaderContext is a special shared library.
05-28 05:12:21.279  6469  6469 W app_process: JNI RegisterNativeMethods: attempt to register 0 native methods for android.media.AudioAttributes
05-28 05:12:21.400  2080  2080 E AccessibilityInteractionClient: 2 Disconnected nodes.
05-28 05:12:22.991   158   158 I hwservicemanager: getTransport: Cannot find entry android.hardware.graphics.mapper@4.0::IMapper/default in either framework or device manifest.
05-28 05:12:22.991  6502  6502 I Gralloc4: mapper 4.x is not supported
05-28 05:12:23.027  6506  6508 I cmd     : oneway function results will be dropped but finished with status OK and parcel size 4
05-28 05:12:23.028  1387  1921 I MediaProvider: Begin Intent { act=android.intent.action.MEDIA_SCANNER_SCAN_FILE dat=file:///sdcard/screen_2026-05-28_051223.png flg=0x1400010 cmp=com.android.providers.media.module/com.android.providers.media.MediaService }
05-28 05:12:23.024  1387  1387 W com.android.providers.media.module: type=1400 audit(0.0:532): avc: denied { read } for comm=4173796E635461736B202331 name="primary" dev="tmpfs" ino=19238 scontext=u:r:mediaprovider_app:s0:c129,c256,c512,c768 tcontext=u:object_r:mnt_pass_through_file:s0 tclass=lnk_file permissive=0 app=com.android.providers.media.module
05-28 05:12:23.207     0     0 W audit   : audit_lost=383 audit_rate_limit=5 audit_backlog_limit=64
05-28 05:12:23.219     0     0 E audit   : rate limit exceeded
05-28 05:12:23.024  1387  1387 W com.android.providers.media.module: type=1400 audit(0.0:533): avc: denied { read } for comm=4173796E635461736B202331 name="primary" dev="tmpfs" ino=19238 scontext=u:r:mediaprovider_app:s0:c129,c256,c512,c768 tcontext=u:object_r:mnt_pass_through_file:s0 tclass=lnk_file permissive=0 app=com.android.providers.media.module
05-28 05:12:23.049  1387  1921 W ModernMediaScanner: Failed to visit /sdcard/screen_2026-05-28_051223.png: java.nio.file.AccessDeniedException: /sdcard/screen_2026-05-28_051223.png
05-28 05:12:23.049  1387  1921 I MediaProvider: Scanned internal due to REASON_DEMAND, found 0 items in 21ms, 0 inserts 0 updates 0 deletes
05-28 05:12:23.049  1387  1921 I MediaProvider: End Intent { act=android.intent.action.MEDIA_SCANNER_SCAN_FILE dat=file:///sdcard/screen_2026-05-28_051223.png flg=0x1400010 cmp=com.android.providers.media.module/com.android.providers.media.MediaService }
05-28 05:12:23.024  1387  1387 W com.android.providers.media.module: type=1400 audit(0.0:534): avc: denied { read } for comm=4173796E635461736B202331 name="primary" dev="tmpfs" ino=19238 scontext=u:r:mediaprovider_app:s0:c129,c256,c512,c768 tcontext=u:object_r:mnt_pass_through_file:s0 tclass=lnk_file permissive=0 app=com.android.providers.media.module
05-28 05:12:23.124  1387  1537 I MediaProvider: Deleted 1 items on external_primary due to com.android.shell
05-28 05:12:23.259   158   158 I hwservicemanager: getTransport: Cannot find entry android.hardware.graphics.mapper@4.0::IMapper/default in either framework or device manifest.
05-28 05:12:23.259  6539  6539 I Gralloc4: mapper 4.x is not supported
05-28 05:12:23.293  6543  6545 I cmd     : oneway function results will be dropped but finished with status OK and parcel size 4
05-28 05:12:23.293  1387  1921 I MediaProvider: Begin Intent { act=android.intent.action.MEDIA_SCANNER_SCAN_FILE dat=file:///sdcard/screen_2026-05-28_051223.png flg=0x1400010 cmp=com.android.providers.media.module/com.android.providers.media.MediaService }
05-28 05:12:23.294  1387  1921 W ModernMediaScanner: Failed to visit /sdcard/screen_2026-05-28_051223.png: java.nio.file.AccessDeniedException: /sdcard/screen_2026-05-28_051223.png
05-28 05:12:23.295  1387  1921 I MediaProvider: Scanned internal due to REASON_DEMAND, found 0 items in 1ms, 0 inserts 0 updates 0 deletes
05-28 05:12:23.295  1387  1921 I MediaProvider: End Intent { act=android.intent.action.MEDIA_SCANNER_SCAN_FILE dat=file:///sdcard/screen_2026-05-28_051223.png flg=0x1400010 cmp=com.android.providers.media.module/com.android.providers.media.MediaService }
05-28 05:12:23.313  1387  1548 I MediaProvider: Deleted 1 items on external_primary due to com.android.shell
05-28 05:12:23.336  6554  6556 I cmd     : oneway function results will be dropped but finished with status OK and parcel size 4
05-28 05:12:23.452   158   158 I hwservicemanager: getTransport: Cannot find entry android.hardware.graphics.mapper@4.0::IMapper/default in either framework or device manifest.
05-28 05:12:23.452  6576  6576 I Gralloc4: mapper 4.x is not supported
05-28 05:12:23.487  6580  6582 I cmd     : oneway function results will be dropped but finished with status OK and parcel size 4
05-28 05:12:23.487  1387  1921 I MediaProvider: Begin Intent { act=android.intent.action.MEDIA_SCANNER_SCAN_FILE dat=file:///sdcard/screen_2026-05-28_051223.png flg=0x1400010 cmp=com.android.providers.media.module/com.android.providers.media.MediaService }
05-28 05:12:23.488  1387  1921 W ModernMediaScanner: Failed to visit /sdcard/screen_2026-05-28_051223.png: java.nio.file.AccessDeniedException: /sdcard/screen_2026-05-28_051223.png
05-28 05:12:23.488  1387  1921 I MediaProvider: Scanned internal due to REASON_DEMAND, found 0 items in 1ms, 0 inserts 0 updates 0 deletes
05-28 05:12:23.489  1387  1921 I MediaProvider: End Intent { act=android.intent.action.MEDIA_SCANNER_SCAN_FILE dat=file:///sdcard/screen_2026-05-28_051223.png flg=0x1400010 cmp=com.android.providers.media.module/com.android.providers.media.MediaService }
05-28 05:12:23.507  1387  2592 I MediaProvider: Deleted 1 items on external_primary due to com.android.shell
05-28 05:12:23.530  6591  6593 I cmd     : oneway function results will be dropped but finished with status OK and parcel size 4
05-28 05:12:23.577  6606  6608 I cmd     : oneway function results will be dropped but finished with status OK and parcel size 4
05-28 05:12:23.623  6621  6623 I cmd     : oneway function results will be dropped but finished with status OK and parcel size 4
05-28 05:12:23.666  6636  6638 I cmd     : oneway function results will be dropped but finished with status OK and parcel size 4
05-28 05:12:23.741  6648  6648 E libc    : Access denied finding property "persist.device_config.runtime_native_boot.profilebootclasspath"
05-28 05:12:23.741  6648  6648 E libc    : Access denied finding property "persist.device_config.runtime_native_boot.enable_apex_image"
05-28 05:12:23.741  6648  6648 I AndroidRuntime: Using default boot image
05-28 05:12:23.741  6648  6648 E libc    : Access denied finding property "persist.device_config.runtime_native_boot.disable_lock_profiling"
05-28 05:12:23.741  6648  6648 I AndroidRuntime: Leaving lock profiling enabled
05-28 05:12:23.741  6648  6648 E libc    : Access denied finding property "persist.device_config.runtime_native_boot.enable_generational_cc"
05-28 05:12:23.742  6648  6648 I app_process: Core platform API reporting enabled, enforcing=false
05-28 05:12:23.776  6648  6648 W app_process: Unexpected CPU variant for X86 using defaults: x86_64
05-28 05:12:23.777  6648  6648 I app_process: The ClassLoaderContext is a special shared library.
05-28 05:12:23.782  6648  6648 W app_process: JNI RegisterNativeMethods: attempt to register 0 native methods for android.media.AudioAttributes
05-28 05:12:23.800  2080  2080 E AccessibilityInteractionClient: 2 Disconnected nodes.
05-28 05:12:24.090  2659  2674 W System  : A resource failed to call release. 
05-28 05:12:24.091  2659  2674 W System  : A resource failed to call dispose. 
05-28 05:12:25.490   158   158 I hwservicemanager: getTransport: Cannot find entry android.hardware.graphics.mapper@4.0::IMapper/default in either framework or device manifest.
05-28 05:12:25.491  6682  6682 I Gralloc4: mapper 4.x is not supported
05-28 05:12:25.535  6686  6688 I cmd     : oneway function results will be dropped but finished with status OK and parcel size 4
05-28 05:12:25.536  1387  1921 I MediaProvider: Begin Intent { act=android.intent.action.MEDIA_SCANNER_SCAN_FILE dat=file:///sdcard/screen_2026-05-28_051225.png flg=0x1400010 cmp=com.android.providers.media.module/com.android.providers.media.MediaService }
05-28 05:12:25.547  1387  1921 W ModernMediaScanner: Failed to visit /sdcard/screen_2026-05-28_051225.png: java.nio.file.AccessDeniedException: /sdcard/screen_2026-05-28_051225.png
05-28 05:12:25.548  1387  1921 I MediaProvider: Scanned internal due to REASON_DEMAND, found 0 items in 4ms, 0 inserts 0 updates 0 deletes
05-28 05:12:25.532  1387  1387 W com.android.providers.media.module: type=1400 audit(0.0:554): avc: denied { read } for comm=4173796E635461736B202331 name="primary" dev="tmpfs" ino=19238 scontext=u:r:mediaprovider_app:s0:c129,c256,c512,c768 tcontext=u:object_r:mnt_pass_through_file:s0 tclass=lnk_file permissive=0 app=com.android.providers.media.module
05-28 05:12:25.549  1387  1921 I MediaProvider: End Intent { act=android.intent.action.MEDIA_SCANNER_SCAN_FILE dat=file:///sdcard/screen_2026-05-28_051225.png flg=0x1400010 cmp=com.android.providers.media.module/com.android.providers.media.MediaService }
05-28 05:12:25.722     0     0 W audit   : audit_lost=400 audit_rate_limit=5 audit_backlog_limit=64
05-28 05:12:25.724     0     0 E audit   : rate limit exceeded
05-28 05:12:25.540  1387  1387 W com.android.providers.media.module: type=1400 audit(0.0:555): avc: denied { read } for comm=4173796E635461736B202331 name="primary" dev="tmpfs" ino=19238 scontext=u:r:mediaprovider_app:s0:c129,c256,c512,c768 tcontext=u:object_r:mnt_pass_through_file:s0 tclass=lnk_file permissive=0 app=com.android.providers.media.module
05-28 05:12:25.566  1387  1537 I MediaProvider: Deleted 1 items on external_primary due to com.android.shell
05-28 05:12:25.540  1387  1387 W com.android.providers.media.module: type=1400 audit(0.0:556): avc: denied { read } for comm=4173796E635461736B202331 name="primary" dev="tmpfs" ino=19238 scontext=u:r:mediaprovider_app:s0:c129,c256,c512,c768 tcontext=u:object_r:mnt_pass_through_file:s0 tclass=lnk_file permissive=0 app=com.android.providers.media.module
05-28 05:12:25.593  6697  6699 I cmd     : oneway function results will be dropped but finished with status OK and parcel size 4
05-28 05:12:25.705   158   158 I hwservicemanager: getTransport: Cannot find entry android.hardware.graphics.mapper@4.0::IMapper/default in either framework or device manifest.
05-28 05:12:25.705  6719  6719 I Gralloc4: mapper 4.x is not supported
05-28 05:12:25.747  6723  6725 I cmd     : oneway function results will be dropped but finished with status OK and parcel size 4
05-28 05:12:25.747  1387  1921 I MediaProvider: Begin Intent { act=android.intent.action.MEDIA_SCANNER_SCAN_FILE dat=file:///sdcard/screen_2026-05-28_051225.png flg=0x1400010 cmp=com.android.providers.media.module/com.android.providers.media.MediaService }
05-28 05:12:25.748  1387  1921 W ModernMediaScanner: Failed to visit /sdcard/screen_2026-05-28_051225.png: java.nio.file.AccessDeniedException: /sdcard/screen_2026-05-28_051225.png
05-28 05:12:25.749  1387  1921 I MediaProvider: Scanned internal due to REASON_DEMAND, found 0 items in 0ms, 0 inserts 0 updates 0 deletes
05-28 05:12:25.749  1387  1921 I MediaProvider: End Intent { act=android.intent.action.MEDIA_SCANNER_SCAN_FILE dat=file:///sdcard/screen_2026-05-28_051225.png flg=0x1400010 cmp=com.android.providers.media.module/com.android.providers.media.MediaService }
05-28 05:12:25.806  1387  1548 I MediaProvider: Deleted 1 items on external_primary due to com.android.shell
05-28 05:12:25.838  1715  1962 I Dialer  : VvmTaskExecutor - executing task com.android.voicemail.impl.ActivationTask@92a78b3
05-28 05:12:25.838  1715  1962 I Dialer  : PreOMigrationHandler - ComponentInfo{com.android.phone/com.android.services.telephony.TelephonyConnectionService}, ***, UserHandle{0} already migrated
05-28 05:12:25.847   505   547 I ActivityManager: Start proc 6740:android.process.acore/u0a63 for content provider {com.android.providers.contacts/com.android.providers.contacts.VoicemailContentProvider}
05-28 05:12:25.850  6740  6740 W d.process.acor: Unexpected CPU variant for X86 using defaults: x86_64
05-28 05:12:25.853   390   404 I adbd    : jdwp connection from 6740
05-28 05:12:25.870  6740  6740 I d.process.acor: The ClassLoaderContext is a special shared library.
05-28 05:12:25.873  6740  6740 I d.process.acor: The ClassLoaderContext is a special shared library.
05-28 05:12:25.876  6740  6740 I d.process.acor: The ClassLoaderContext is a special shared library.
05-28 05:12:25.877  6740  6740 I ContactsPerf: VoicemailContentProvider.onCreate start
05-28 05:12:25.878  6740  6740 I ContactsPerf: VoicemailContentProvider.onCreate finish
05-28 05:12:25.883  6740  6740 I ContactsDatabaseHelper: updateUseStrictPhoneNumberComparison: US
05-28 05:12:25.907  6740  6759 I VoicemailNotifier: receivers for android.intent.action.PROVIDER_CHANGED :[]
05-28 05:12:25.908  1715  1962 I Dialer  : VvmActivationTask - VVM content provider configured - vvm_type_cvvm
05-28 05:12:25.908  1715  1962 I Dialer  : OmtpVvmCarrierCfgHlpr - OmtpEvent:CONFIG_ACTIVATING
05-28 05:12:25.910  6740  6759 I VoicemailNotifier: receivers for android.intent.action.PROVIDER_CHANGED :[]
05-28 05:12:25.921  6740  6770 I ContactLocale: AddressBook Labels [[en_US]]: […, A, B, C, D, E, F, G, H, I, J, K, L, M, N, O, P, Q, R, S, T, U, V, W, X, Y, Z, Α, Β, Γ, Δ, Ε, Ζ, Η, Θ, Ι, Κ, Λ, Μ, Ν, Ξ, Ο, Π, Ρ, Σ, Τ, Υ, Φ, Χ, Ψ, Ω, …, А, Б, В, Г, Д, Ђ, Е, Є, Ж, З, И, І, Й, Ј, К, Л, Љ, М, Н, Њ, О, П, Р, С, Т, Ћ, У, Ф, Х, Ц, Ч, Џ, Ш, Щ, Ю, Я, …, א, ב, ג, ד, ה, ו, ז, ח, ט, י, כ, ל, מ, נ, ס, ע, פ, צ, ק, ר, ש, ת, …, ا, ب, ت, ث, ج, ح, خ, د, ذ, ر, ز, س, ش, ص, ض, ط, ظ, ع, غ, ف, ق, ك, ل, م, ن, ه, و, ي, …, ก, ข, ฃ, ค, ฅ, ฆ, ง, จ, ฉ, ช, ซ, ฌ, ญ, ฎ, ฏ, ฐ, ฑ, ฒ, ณ, ด, ต, ถ, ท, ธ, น, บ, ป, ผ, ฝ, พ, ฟ, ภ, ม, ย, ร, ฤ, ล, ฦ, ว, ศ, ษ, ส, ห, ฬ, อ, ฮ, …, ㄱ, ㄴ, ㄷ, ㄹ, ㅁ, ㅂ, ㅅ, ㅇ, ㅈ, ㅊ, ㅋ, ㅌ, ㅍ, ㅎ, …, あ, か, さ, た, な, は, ま, や, ら, わ, #, …]
05-28 05:12:25.936  6740  6770 I ContactDirectoryManager: deleted 0 stale rows which don't have any relevant directory
05-28 05:12:25.936  6740  6770 I ContactDirectoryManager: Discovered 0 contact directories in 2ms
05-28 05:12:25.938  6740  6772 I ContactDirectoryManager: deleted 0 stale rows which don't have any relevant directory
05-28 05:12:25.939  6740  6772 I ContactDirectoryManager: Discovered 0 contact directories in 3ms
05-28 05:12:26.013   158   158 I hwservicemanager: getTransport: Cannot find entry android.hardware.graphics.mapper@4.0::IMapper/default in either framework or device manifest.
05-28 05:12:26.013  6785  6785 I Gralloc4: mapper 4.x is not supported
05-28 05:12:26.054  6789  6791 I cmd     : oneway function results will be dropped but finished with status OK and parcel size 4
05-28 05:12:26.055  1387  1921 I MediaProvider: Begin Intent { act=android.intent.action.MEDIA_SCANNER_SCAN_FILE dat=file:///sdcard/screen_2026-05-28_051226.png flg=0x1400010 cmp=com.android.providers.media.module/com.android.providers.media.MediaService }
05-28 05:12:26.057  1387  1921 W ModernMediaScanner: Failed to visit /sdcard/screen_2026-05-28_051226.png: java.nio.file.AccessDeniedException: /sdcard/screen_2026-05-28_051226.png
05-28 05:12:26.058  1387  1921 I MediaProvider: Scanned internal due to REASON_DEMAND, found 0 items in 2ms, 0 inserts 0 updates 0 deletes
05-28 05:12:26.058  1387  1921 I MediaProvider: End Intent { act=android.intent.action.MEDIA_SCANNER_SCAN_FILE dat=file:///sdcard/screen_2026-05-28_051226.png flg=0x1400010 cmp=com.android.providers.media.module/com.android.providers.media.MediaService }
05-28 05:12:26.076  1387  2592 I MediaProvider: Deleted 1 items on external_primary due to com.android.shell
05-28 05:12:26.106  6801  6803 I cmd     : oneway function results will be dropped but finished with status OK and parcel size 4
05-28 05:12:26.151  6816  6818 I cmd     : oneway function results will be dropped but finished with status OK and parcel size 4
05-28 05:12:26.195  6831  6833 I cmd     : oneway function results will be dropped but finished with status OK and parcel size 4
05-28 05:12:26.240  6846  6848 I cmd     : oneway function results will be dropped but finished with status OK and parcel size 4
05-28 05:12:26.312  6858  6858 E libc    : Access denied finding property "persist.device_config.runtime_native_boot.profilebootclasspath"
05-28 05:12:26.312  6858  6858 E libc    : Access denied finding property "persist.device_config.runtime_native_boot.enable_apex_image"
05-28 05:12:26.312  6858  6858 I AndroidRuntime: Using default boot image
05-28 05:12:26.312  6858  6858 E libc    : Access denied finding property "persist.device_config.runtime_native_boot.disable_lock_profiling"
05-28 05:12:26.312  6858  6858 I AndroidRuntime: Leaving lock profiling enabled
05-28 05:12:26.312  6858  6858 E libc    : Access denied finding property "persist.device_config.runtime_native_boot.enable_generational_cc"
05-28 05:12:26.313  6858  6858 I app_process: Core platform API reporting enabled, enforcing=false
05-28 05:12:26.348  6858  6858 W app_process: Unexpected CPU variant for X86 using defaults: x86_64
05-28 05:12:26.349  6858  6858 I app_process: The ClassLoaderContext is a special shared library.
05-28 05:12:26.355  6858  6858 W app_process: JNI RegisterNativeMethods: attempt to register 0 native methods for android.media.AudioAttributes
05-28 05:12:28.083   158   158 I hwservicemanager: getTransport: Cannot find entry android.hardware.graphics.mapper@4.0::IMapper/default in either framework or device manifest.
05-28 05:12:28.083  6891  6891 I Gralloc4: mapper 4.x is not supported
05-28 05:12:28.117  6895  6897 I cmd     : oneway function results will be dropped but finished with status OK and parcel size 4
05-28 05:12:28.118  1387  1921 I MediaProvider: Begin Intent { act=android.intent.action.MEDIA_SCANNER_SCAN_FILE dat=file:///sdcard/screen_2026-05-28_051228.png flg=0x1400010 cmp=com.android.providers.media.module/com.android.providers.media.MediaService }
05-28 05:12:28.116  1387  1387 W com.android.providers.media.module: type=1400 audit(0.0:576): avc: denied { read } for comm=4173796E635461736B202331 name="primary" dev="tmpfs" ino=19238 scontext=u:r:mediaprovider_app:s0:c129,c256,c512,c768 tcontext=u:object_r:mnt_pass_through_file:s0 tclass=lnk_file permissive=0 app=com.android.providers.media.module
05-28 05:12:28.296     0     0 W audit   : audit_lost=417 audit_rate_limit=5 audit_backlog_limit=64
05-28 05:12:28.305     0     0 E audit   : rate limit exceeded
05-28 05:12:28.116  1387  1387 W com.android.providers.media.module: type=1400 audit(0.0:577): avc: denied { read } for comm=4173796E635461736B202331 name="primary" dev="tmpfs" ino=19238 scontext=u:r:mediaprovider_app:s0:c129,c256,c512,c768 tcontext=u:object_r:mnt_pass_through_file:s0 tclass=lnk_file permissive=0 app=com.android.providers.media.module
05-28 05:12:28.134  1387  1921 W ModernMediaScanner: Failed to visit /sdcard/screen_2026-05-28_051228.png: java.nio.file.AccessDeniedException: /sdcard/screen_2026-05-28_051228.png
05-28 05:12:28.134  1387  1921 I MediaProvider: Scanned internal due to REASON_DEMAND, found 0 items in 16ms, 0 inserts 0 updates 0 deletes
05-28 05:12:28.135  1387  1921 I MediaProvider: End Intent { act=android.intent.action.MEDIA_SCANNER_SCAN_FILE dat=file:///sdcard/screen_2026-05-28_051228.png flg=0x1400010 cmp=com.android.providers.media.module/com.android.providers.media.MediaService }
05-28 05:12:28.116  1387  1387 W com.android.providers.media.module: type=1400 audit(0.0:578): avc: denied { read } for comm=4173796E635461736B202331 name="primary" dev="tmpfs" ino=19238 scontext=u:r:mediaprovider_app:s0:c129,c256,c512,c768 tcontext=u:object_r:mnt_pass_through_file:s0 tclass=lnk_file permissive=0 app=com.android.providers.media.module
05-28 05:12:28.206  1387  1537 I MediaProvider: Deleted 1 items on external_primary due to com.android.shell
05-28 05:12:28.338   158   158 I hwservicemanager: getTransport: Cannot find entry android.hardware.graphics.mapper@4.0::IMapper/default in either framework or device manifest.
05-28 05:12:28.338  6928  6928 I Gralloc4: mapper 4.x is not supported
05-28 05:12:28.372  6932  6934 I cmd     : oneway function results will be dropped but finished with status OK and parcel size 4
05-28 05:12:28.373  1387  1921 I MediaProvider: Begin Intent { act=android.intent.action.MEDIA_SCANNER_SCAN_FILE dat=file:///sdcard/screen_2026-05-28_051228.png flg=0x1400010 cmp=com.android.providers.media.module/com.android.providers.media.MediaService }
05-28 05:12:28.374  1387  1921 W ModernMediaScanner: Failed to visit /sdcard/screen_2026-05-28_051228.png: java.nio.file.AccessDeniedException: /sdcard/screen_2026-05-28_051228.png
05-28 05:12:28.374  1387  1921 I MediaProvider: Scanned internal due to REASON_DEMAND, found 0 items in 0ms, 0 inserts 0 updates 0 deletes
05-28 05:12:28.375  1387  1921 I MediaProvider: End Intent { act=android.intent.action.MEDIA_SCANNER_SCAN_FILE dat=file:///sdcard/screen_2026-05-28_051228.png flg=0x1400010 cmp=com.android.providers.media.module/com.android.providers.media.MediaService }
05-28 05:12:28.394  1387  1548 I MediaProvider: Deleted 1 items on external_primary due to com.android.shell
05-28 05:12:28.527   158   158 I hwservicemanager: getTransport: Cannot find entry android.hardware.graphics.mapper@4.0::IMapper/default in either framework or device manifest.
05-28 05:12:28.527  6965  6965 I Gralloc4: mapper 4.x is not supported
05-28 05:12:28.561  6969  6971 I cmd     : oneway function results will be dropped but finished with status OK and parcel size 4
05-28 05:12:28.562  1387  1921 I MediaProvider: Begin Intent { act=android.intent.action.MEDIA_SCANNER_SCAN_FILE dat=file:///sdcard/screen_2026-05-28_051228.png flg=0x1400010 cmp=com.android.providers.media.module/com.android.providers.media.MediaService }
05-28 05:12:28.563  1387  1921 W ModernMediaScanner: Failed to visit /sdcard/screen_2026-05-28_051228.png: java.nio.file.AccessDeniedException: /sdcard/screen_2026-05-28_051228.png
05-28 05:12:28.563  1387  1921 I MediaProvider: Scanned internal due to REASON_DEMAND, found 0 items in 1ms, 0 inserts 0 updates 0 deletes
05-28 05:12:28.565  1387  1921 I MediaProvider: End Intent { act=android.intent.action.MEDIA_SCANNER_SCAN_FILE dat=file:///sdcard/screen_2026-05-28_051228.png flg=0x1400010 cmp=com.android.providers.media.module/com.android.providers.media.MediaService }
05-28 05:12:28.582  1387  2592 I MediaProvider: Deleted 1 items on external_primary due to com.android.shell
05-28 05:12:28.605  6980  6982 I cmd     : oneway function results will be dropped but finished with status OK and parcel size 4
05-28 05:12:28.650  6995  6997 I cmd     : oneway function results will be dropped but finished with status OK and parcel size 4
05-28 05:12:28.695  7010  7012 I cmd     : oneway function results will be dropped but finished with status OK and parcel size 4
05-28 05:12:28.739  7025  7027 I cmd     : oneway function results will be dropped but finished with status OK and parcel size 4
05-28 05:12:28.809  7037  7037 E libc    : Access denied finding property "persist.device_config.runtime_native_boot.profilebootclasspath"
05-28 05:12:28.809  7037  7037 E libc    : Access denied finding property "persist.device_config.runtime_native_boot.enable_apex_image"
05-28 05:12:28.809  7037  7037 I AndroidRuntime: Using default boot image
05-28 05:12:28.809  7037  7037 E libc    : Access denied finding property "persist.device_config.runtime_native_boot.disable_lock_profiling"
05-28 05:12:28.809  7037  7037 I AndroidRuntime: Leaving lock profiling enabled
05-28 05:12:28.809  7037  7037 E libc    : Access denied finding property "persist.device_config.runtime_native_boot.enable_generational_cc"
05-28 05:12:28.810  7037  7037 I app_process: Core platform API reporting enabled, enforcing=false
05-28 05:12:28.844  7037  7037 W app_process: Unexpected CPU variant for X86 using defaults: x86_64
05-28 05:12:28.845  7037  7037 I app_process: The ClassLoaderContext is a special shared library.
05-28 05:12:28.851  7037  7037 W app_process: JNI RegisterNativeMethods: attempt to register 0 native methods for android.media.AudioAttributes
05-28 05:12:28.965  2080  2080 E AccessibilityInteractionClient: 3 Disconnected nodes.
05-28 05:12:30.559   158   158 I hwservicemanager: getTransport: Cannot find entry android.hardware.graphics.mapper@4.0::IMapper/default in either framework or device manifest.
05-28 05:12:30.560  7072  7072 I Gralloc4: mapper 4.x is not supported
05-28 05:12:30.593  7076  7078 I cmd     : oneway function results will be dropped but finished with status OK and parcel size 4
05-28 05:12:30.594  1387  1921 I MediaProvider: Begin Intent { act=android.intent.action.MEDIA_SCANNER_SCAN_FILE dat=file:///sdcard/screen_2026-05-28_051230.png flg=0x1400010 cmp=com.android.providers.media.module/com.android.providers.media.MediaService }
05-28 05:12:30.592  1387  1387 W com.android.providers.media.module: type=1400 audit(0.0:598): avc: denied { read } for comm=4173796E635461736B202331 name="primary" dev="tmpfs" ino=19238 scontext=u:r:mediaprovider_app:s0:c129,c256,c512,c768 tcontext=u:object_r:mnt_pass_through_file:s0 tclass=lnk_file permissive=0 app=com.android.providers.media.module
05-28 05:12:30.773     0     0 W audit   : audit_lost=434 audit_rate_limit=5 audit_backlog_limit=64
05-28 05:12:30.781     0     0 E audit   : rate limit exceeded
05-28 05:12:30.612  1387  1921 W ModernMediaScanner: Failed to visit /sdcard/screen_2026-05-28_051230.png: java.nio.file.AccessDeniedException: /sdcard/screen_2026-05-28_051230.png
05-28 05:12:30.612  1387  1921 I MediaProvider: Scanned internal due to REASON_DEMAND, found 0 items in 17ms, 0 inserts 0 updates 0 deletes
05-28 05:12:30.613  1387  1921 I MediaProvider: End Intent { act=android.intent.action.MEDIA_SCANNER_SCAN_FILE dat=file:///sdcard/screen_2026-05-28_051230.png flg=0x1400010 cmp=com.android.providers.media.module/com.android.providers.media.MediaService }
05-28 05:12:30.592  1387  1387 W com.android.providers.media.module: type=1400 audit(0.0:599): avc: denied { read } for comm=4173796E635461736B202331 name="primary" dev="tmpfs" ino=19238 scontext=u:r:mediaprovider_app:s0:c129,c256,c512,c768 tcontext=u:object_r:mnt_pass_through_file:s0 tclass=lnk_file permissive=0 app=com.android.providers.media.module
05-28 05:12:30.671  1387  1537 I MediaProvider: Deleted 1 items on external_primary due to com.android.shell
05-28 05:12:30.694  7087  7089 I cmd     : oneway function results will be dropped but finished with status OK and parcel size 4
05-28 05:12:30.812   158   158 I hwservicemanager: getTransport: Cannot find entry android.hardware.graphics.mapper@4.0::IMapper/default in either framework or device manifest.
05-28 05:12:30.812  7109  7109 I Gralloc4: mapper 4.x is not supported
05-28 05:12:30.845  1387  1921 I MediaProvider: Begin Intent { act=android.intent.action.MEDIA_SCANNER_SCAN_FILE dat=file:///sdcard/screen_2026-05-28_051230.png flg=0x1400010 cmp=com.android.providers.media.module/com.android.providers.media.MediaService }
05-28 05:12:30.846  1387  1921 W ModernMediaScanner: Failed to visit /sdcard/screen_2026-05-28_051230.png: java.nio.file.AccessDeniedException: /sdcard/screen_2026-05-28_051230.png
05-28 05:12:30.846  1387  1921 I MediaProvider: Scanned internal due to REASON_DEMAND, found 0 items in 0ms, 0 inserts 0 updates 0 deletes
05-28 05:12:30.847  1387  1921 I MediaProvider: End Intent { act=android.intent.action.MEDIA_SCANNER_SCAN_FILE dat=file:///sdcard/screen_2026-05-28_051230.png flg=0x1400010 cmp=com.android.providers.media.module/com.android.providers.media.MediaService }
05-28 05:12:30.865  1387  1548 I MediaProvider: Deleted 1 items on external_primary due to com.android.shell
05-28 05:12:30.999   158   158 I hwservicemanager: getTransport: Cannot find entry android.hardware.graphics.mapper@4.0::IMapper/default in either framework or device manifest.
05-28 05:12:30.999  7146  7146 I Gralloc4: mapper 4.x is not supported
05-28 05:12:31.034  1387  1921 I MediaProvider: Begin Intent { act=android.intent.action.MEDIA_SCANNER_SCAN_FILE dat=file:///sdcard/screen_2026-05-28_051231.png flg=0x1400010 cmp=com.android.providers.media.module/com.android.providers.media.MediaService }
05-28 05:12:31.035  1387  1921 W ModernMediaScanner: Failed to visit /sdcard/screen_2026-05-28_051231.png: java.nio.file.AccessDeniedException: /sdcard/screen_2026-05-28_051231.png
05-28 05:12:31.035  1387  1921 I MediaProvider: Scanned internal due to REASON_DEMAND, found 0 items in 1ms, 0 inserts 0 updates 0 deletes
05-28 05:12:31.036  1387  1921 I MediaProvider: End Intent { act=android.intent.action.MEDIA_SCANNER_SCAN_FILE dat=file:///sdcard/screen_2026-05-28_051231.png flg=0x1400010 cmp=com.android.providers.media.module/com.android.providers.media.MediaService }
05-28 05:12:31.102  1387  1548 I MediaProvider: Deleted 1 items on external_primary due to com.android.shell
05-28 05:12:31.125  7163  7165 I cmd     : oneway function results will be dropped but finished with status OK and parcel size 4
05-28 05:12:31.170  7178  7180 I cmd     : oneway function results will be dropped but finished with status OK and parcel size 4
05-28 05:12:31.215  7193  7195 I cmd     : oneway function results will be dropped but finished with status OK and parcel size 4
05-28 05:12:31.261  7208  7210 I cmd     : oneway function results will be dropped but finished with status OK and parcel size 4
05-28 05:12:31.331  7220  7220 E libc    : Access denied finding property "persist.device_config.runtime_native_boot.profilebootclasspath"
05-28 05:12:31.331  7220  7220 E libc    : Access denied finding property "persist.device_config.runtime_native_boot.enable_apex_image"
05-28 05:12:31.331  7220  7220 I AndroidRuntime: Using default boot image
05-28 05:12:31.331  7220  7220 E libc    : Access denied finding property "persist.device_config.runtime_native_boot.disable_lock_profiling"
05-28 05:12:31.331  7220  7220 I AndroidRuntime: Leaving lock profiling enabled
05-28 05:12:31.331  7220  7220 E libc    : Access denied finding property "persist.device_config.runtime_native_boot.enable_generational_cc"
05-28 05:12:31.333  7220  7220 I app_process: Core platform API reporting enabled, enforcing=false
05-28 05:12:31.367  7220  7220 W app_process: Unexpected CPU variant for X86 using defaults: x86_64
05-28 05:12:31.367  7220  7220 I app_process: The ClassLoaderContext is a special shared library.
05-28 05:12:31.373  7220  7220 W app_process: JNI RegisterNativeMethods: attempt to register 0 native methods for android.media.AudioAttributes
05-28 05:12:31.402  2080  2080 E AccessibilityInteractionClient: 3 Disconnected nodes.
05-28 05:12:33.073   158   158 I hwservicemanager: getTransport: Cannot find entry android.hardware.graphics.mapper@4.0::IMapper/default in either framework or device manifest.
05-28 05:12:33.074  7252  7252 I Gralloc4: mapper 4.x is not supported
05-28 05:12:33.116  7256  7258 I cmd     : oneway function results will be dropped but finished with status OK and parcel size 4
05-28 05:12:33.117  1387  1921 I MediaProvider: Begin Intent { act=android.intent.action.MEDIA_SCANNER_SCAN_FILE dat=file:///sdcard/screen_2026-05-28_051233.png flg=0x1400010 cmp=com.android.providers.media.module/com.android.providers.media.MediaService }
05-28 05:12:33.112  1387  1387 W com.android.providers.media.module: type=1400 audit(0.0:620): avc: denied { read } for comm=4173796E635461736B202331 name="primary" dev="tmpfs" ino=19238 scontext=u:r:mediaprovider_app:s0:c129,c256,c512,c768 tcontext=u:object_r:mnt_pass_through_file:s0 tclass=lnk_file permissive=0 app=com.android.providers.media.module
05-28 05:12:33.145  1387  1921 W ModernMediaScanner: Failed to visit /sdcard/screen_2026-05-28_051233.png: java.nio.file.AccessDeniedException: /sdcard/screen_2026-05-28_051233.png
05-28 05:12:33.145  1387  1921 I MediaProvider: Scanned internal due to REASON_DEMAND, found 0 items in 28ms, 0 inserts 0 updates 0 deletes
05-28 05:12:33.146  1387  1921 I MediaProvider: End Intent { act=android.intent.action.MEDIA_SCANNER_SCAN_FILE dat=file:///sdcard/screen_2026-05-28_051233.png flg=0x1400010 cmp=com.android.providers.media.module/com.android.providers.media.MediaService }
05-28 05:12:33.116  1387  1387 W com.android.providers.media.module: type=1400 audit(0.0:622): avc: denied { read } for comm=4173796E635461736B202331 name="primary" dev="tmpfs" ino=19238 scontext=u:r:mediaprovider_app:s0:c129,c256,c512,c768 tcontext=u:object_r:mnt_pass_through_file:s0 tclass=lnk_file permissive=0 app=com.android.providers.media.module
05-28 05:12:33.213  1387  1537 I MediaProvider: Deleted 1 items on external_primary due to com.android.shell
05-28 05:12:33.352   158   158 I hwservicemanager: getTransport: Cannot find entry android.hardware.graphics.mapper@4.0::IMapper/default in either framework or device manifest.
05-28 05:12:33.352  7291  7291 I Gralloc4: mapper 4.x is not supported
05-28 05:12:33.394  7295  7297 I cmd     : oneway function results will be dropped but finished with status OK and parcel size 4
05-28 05:12:33.395  1387  1921 I MediaProvider: Begin Intent { act=android.intent.action.MEDIA_SCANNER_SCAN_FILE dat=file:///sdcard/screen_2026-05-28_051233.png flg=0x1400010 cmp=com.android.providers.media.module/com.android.providers.media.MediaService }
05-28 05:12:33.395  1387  1921 W ModernMediaScanner: Failed to visit /sdcard/screen_2026-05-28_051233.png: java.nio.file.AccessDeniedException: /sdcard/screen_2026-05-28_051233.png
05-28 05:12:33.396  1387  1921 I MediaProvider: Scanned internal due to REASON_DEMAND, found 0 items in 0ms, 0 inserts 0 updates 0 deletes
05-28 05:12:33.396  1387  1921 I MediaProvider: End Intent { act=android.intent.action.MEDIA_SCANNER_SCAN_FILE dat=file:///sdcard/screen_2026-05-28_051233.png flg=0x1400010 cmp=com.android.providers.media.module/com.android.providers.media.MediaService }
05-28 05:12:33.417  1387  2592 I MediaProvider: Deleted 1 items on external_primary due to com.android.shell
05-28 05:12:33.441  7306  7308 I cmd     : oneway function results will be dropped but finished with status OK and parcel size 4
05-28 05:12:33.551   158   158 I hwservicemanager: getTransport: Cannot find entry android.hardware.graphics.mapper@4.0::IMapper/default in either framework or device manifest.
05-28 05:12:33.551  7328  7328 I Gralloc4: mapper 4.x is not supported
05-28 05:12:33.594  7332  7334 I cmd     : oneway function results will be dropped but finished with status OK and parcel size 4
05-28 05:12:33.595  1387  1921 I MediaProvider: Begin Intent { act=android.intent.action.MEDIA_SCANNER_SCAN_FILE dat=file:///sdcard/screen_2026-05-28_051233.png flg=0x1400010 cmp=com.android.providers.media.module/com.android.providers.media.MediaService }
05-28 05:12:33.595  1387  1921 W ModernMediaScanner: Failed to visit /sdcard/screen_2026-05-28_051233.png: java.nio.file.AccessDeniedException: /sdcard/screen_2026-05-28_051233.png
05-28 05:12:33.596  1387  1921 I MediaProvider: Scanned internal due to REASON_DEMAND, found 0 items in 1ms, 0 inserts 0 updates 0 deletes
05-28 05:12:33.599  1387  1921 I MediaProvider: End Intent { act=android.intent.action.MEDIA_SCANNER_SCAN_FILE dat=file:///sdcard/screen_2026-05-28_051233.png flg=0x1400010 cmp=com.android.providers.media.module/com.android.providers.media.MediaService }
05-28 05:12:33.657  1387  1548 I MediaProvider: Deleted 1 items on external_primary due to com.android.shell
05-28 05:12:33.681  7343  7345 I cmd     : oneway function results will be dropped but finished with status OK and parcel size 4
05-28 05:12:33.729  7358  7360 I cmd     : oneway function results will be dropped but finished with status OK and parcel size 4
05-28 05:12:33.774  7373  7375 I cmd     : oneway function results will be dropped but finished with status OK and parcel size 4
05-28 05:12:33.819  7388  7390 I cmd     : oneway function results will be dropped but finished with status OK and parcel size 4
05-28 05:12:33.890  7400  7400 E libc    : Access denied finding property "persist.device_config.runtime_native_boot.profilebootclasspath"
05-28 05:12:33.890  7400  7400 E libc    : Access denied finding property "persist.device_config.runtime_native_boot.enable_apex_image"
05-28 05:12:33.890  7400  7400 I AndroidRuntime: Using default boot image
05-28 05:12:33.890  7400  7400 E libc    : Access denied finding property "persist.device_config.runtime_native_boot.disable_lock_profiling"
05-28 05:12:33.890  7400  7400 I AndroidRuntime: Leaving lock profiling enabled
05-28 05:12:33.890  7400  7400 E libc    : Access denied finding property "persist.device_config.runtime_native_boot.enable_generational_cc"
05-28 05:12:33.892  7400  7400 I app_process: Core platform API reporting enabled, enforcing=false
05-28 05:12:33.926  7400  7400 W app_process: Unexpected CPU variant for X86 using defaults: x86_64
05-28 05:12:33.927  7400  7400 I app_process: The ClassLoaderContext is a special shared library.
05-28 05:12:33.933  7400  7400 W app_process: JNI RegisterNativeMethods: attempt to register 0 native methods for android.media.AudioAttributes
05-28 05:12:35.939   158   158 I hwservicemanager: getTransport: Cannot find entry android.hardware.graphics.mapper@4.0::IMapper/default in either framework or device manifest.
05-28 05:12:35.939  7429  7429 I Gralloc4: mapper 4.x is not supported
05-28 05:12:35.984  1387  1921 I MediaProvider: Begin Intent { act=android.intent.action.MEDIA_SCANNER_SCAN_FILE dat=file:///sdcard/screen_2026-05-28_051235.png flg=0x1400010 cmp=com.android.providers.media.module/com.android.providers.media.MediaService }
05-28 05:12:35.988  1387  1921 W ModernMediaScanner: Failed to visit /sdcard/screen_2026-05-28_051235.png: java.nio.file.AccessDeniedException: /sdcard/screen_2026-05-28_051235.png
05-28 05:12:35.989  1387  1921 I MediaProvider: Scanned internal due to REASON_DEMAND, found 0 items in 5ms, 0 inserts 0 updates 0 deletes
05-28 05:12:36.163     0     0 W audit   : audit_lost=468 audit_rate_limit=5 audit_backlog_limit=64
05-28 05:12:36.165     0     0 E audit   : rate limit exceeded
05-28 05:12:35.990  1387  1921 I MediaProvider: End Intent { act=android.intent.action.MEDIA_SCANNER_SCAN_FILE dat=file:///sdcard/screen_2026-05-28_051235.png flg=0x1400010 cmp=com.android.providers.media.module/com.android.providers.media.MediaService }
05-28 05:12:35.980  1387  1387 W com.android.providers.media.module: type=1400 audit(0.0:642): avc: denied { read } for comm=4173796E635461736B202331 name="primary" dev="tmpfs" ino=19238 scontext=u:r:mediaprovider_app:s0:c129,c256,c512,c768 tcontext=u:object_r:mnt_pass_through_file:s0 tclass=lnk_file permissive=0 app=com.android.providers.media.module
05-28 05:12:36.040  1387  1537 I MediaProvider: Deleted 1 items on external_primary due to com.android.shell
05-28 05:12:36.064  7444  7446 I cmd     : oneway function results will be dropped but finished with status OK and parcel size 4
05-28 05:12:36.190   158   158 I hwservicemanager: getTransport: Cannot find entry android.hardware.graphics.mapper@4.0::IMapper/default in either framework or device manifest.
05-28 05:12:36.190  7466  7466 I Gralloc4: mapper 4.x is not supported
05-28 05:12:36.243  7472  7474 I cmd     : oneway function results will be dropped but finished with status OK and parcel size 4
05-28 05:12:36.244  1387  1921 I MediaProvider: Begin Intent { act=android.intent.action.MEDIA_SCANNER_SCAN_FILE dat=file:///sdcard/screen_2026-05-28_051236.png flg=0x1400010 cmp=com.android.providers.media.module/com.android.providers.media.MediaService }
05-28 05:12:36.244  1387  1921 W ModernMediaScanner: Failed to visit /sdcard/screen_2026-05-28_051236.png: java.nio.file.AccessDeniedException: /sdcard/screen_2026-05-28_051236.png
05-28 05:12:36.246  1387  1921 I MediaProvider: Scanned internal due to REASON_DEMAND, found 0 items in 1ms, 0 inserts 0 updates 0 deletes
05-28 05:12:36.246  1387  1921 I MediaProvider: End Intent { act=android.intent.action.MEDIA_SCANNER_SCAN_FILE dat=file:///sdcard/screen_2026-05-28_051236.png flg=0x1400010 cmp=com.android.providers.media.module/com.android.providers.media.MediaService }
05-28 05:12:36.305  1387  2592 I MediaProvider: Deleted 1 items on external_primary due to com.android.shell
05-28 05:12:36.328  7483  7485 I cmd     : oneway function results will be dropped but finished with status OK and parcel size 4
05-28 05:12:36.435   158   158 I hwservicemanager: getTransport: Cannot find entry android.hardware.graphics.mapper@4.0::IMapper/default in either framework or device manifest.
05-28 05:12:36.436  7505  7505 I Gralloc4: mapper 4.x is not supported
05-28 05:12:36.478  7509  7511 I cmd     : oneway function results will be dropped but finished with status OK and parcel size 4
05-28 05:12:36.479  1387  1921 I MediaProvider: Begin Intent { act=android.intent.action.MEDIA_SCANNER_SCAN_FILE dat=file:///sdcard/screen_2026-05-28_051236.png flg=0x1400010 cmp=com.android.providers.media.module/com.android.providers.media.MediaService }
05-28 05:12:36.479  1387  1921 W ModernMediaScanner: Failed to visit /sdcard/screen_2026-05-28_051236.png: java.nio.file.AccessDeniedException: /sdcard/screen_2026-05-28_051236.png
05-28 05:12:36.480  1387  1921 I MediaProvider: Scanned internal due to REASON_DEMAND, found 0 items in 1ms, 0 inserts 0 updates 0 deletes
05-28 05:12:36.481  1387  1921 I MediaProvider: End Intent { act=android.intent.action.MEDIA_SCANNER_SCAN_FILE dat=file:///sdcard/screen_2026-05-28_051236.png flg=0x1400010 cmp=com.android.providers.media.module/com.android.providers.media.MediaService }
05-28 05:12:36.540  1387  1548 I MediaProvider: Deleted 1 items on external_primary due to com.android.shell
05-28 05:12:36.565  7520  7522 I cmd     : oneway function results will be dropped but finished with status OK and parcel size 4
05-28 05:12:36.655  7550  7552 I cmd     : oneway function results will be dropped but finished with status OK and parcel size 4
05-28 05:12:36.700  7565  7567 I cmd     : oneway function results will be dropped but finished with status OK and parcel size 4
05-28 05:12:36.771  7577  7577 E libc    : Access denied finding property "persist.device_config.runtime_native_boot.profilebootclasspath"
05-28 05:12:36.771  7577  7577 E libc    : Access denied finding property "persist.device_config.runtime_native_boot.enable_apex_image"
05-28 05:12:36.771  7577  7577 I AndroidRuntime: Using default boot image
05-28 05:12:36.771  7577  7577 E libc    : Access denied finding property "persist.device_config.runtime_native_boot.disable_lock_profiling"
05-28 05:12:36.771  7577  7577 I AndroidRuntime: Leaving lock profiling enabled
05-28 05:12:36.771  7577  7577 E libc    : Access denied finding property "persist.device_config.runtime_native_boot.enable_generational_cc"
05-28 05:12:36.772  7577  7577 I app_process: Core platform API reporting enabled, enforcing=false
05-28 05:12:36.807  7577  7577 W app_process: Unexpected CPU variant for X86 using defaults: x86_64
05-28 05:12:36.808  7577  7577 I app_process: The ClassLoaderContext is a special shared library.
05-28 05:12:36.813  7577  7577 W app_process: JNI RegisterNativeMethods: attempt to register 0 native methods for android.media.AudioAttributes
05-28 05:12:38.820   158   158 I hwservicemanager: getTransport: Cannot find entry android.hardware.graphics.mapper@4.0::IMapper/default in either framework or device manifest.
05-28 05:12:38.820  7606  7606 I Gralloc4: mapper 4.x is not supported
05-28 05:12:38.866  1387  1921 I MediaProvider: Begin Intent { act=android.intent.action.MEDIA_SCANNER_SCAN_FILE dat=file:///sdcard/screen_2026-05-28_051238.png flg=0x1400010 cmp=com.android.providers.media.module/com.android.providers.media.MediaService }
05-28 05:12:38.864  1387  1387 W com.android.providers.media.module: type=1400 audit(0.0:664): avc: denied { read } for comm=4173796E635461736B202331 name="primary" dev="tmpfs" ino=19238 scontext=u:r:mediaprovider_app:s0:c129,c256,c512,c768 tcontext=u:object_r:mnt_pass_through_file:s0 tclass=lnk_file permissive=0 app=com.android.providers.media.module
05-28 05:12:39.045     0     0 W audit   : audit_lost=485 audit_rate_limit=5 audit_backlog_limit=64
05-28 05:12:39.056     0     0 E audit   : rate limit exceeded
05-28 05:12:38.864  1387  1387 W com.android.providers.media.module: type=1400 audit(0.0:665): avc: denied { read } for comm=4173796E635461736B202331 name="primary" dev="tmpfs" ino=19238 scontext=u:r:mediaprovider_app:s0:c129,c256,c512,c768 tcontext=u:object_r:mnt_pass_through_file:s0 tclass=lnk_file permissive=0 app=com.android.providers.media.module
05-28 05:12:38.887  1387  1921 W ModernMediaScanner: Failed to visit /sdcard/screen_2026-05-28_051238.png: java.nio.file.AccessDeniedException: /sdcard/screen_2026-05-28_051238.png
05-28 05:12:38.888  1387  1921 I MediaProvider: Scanned internal due to REASON_DEMAND, found 0 items in 21ms, 0 inserts 0 updates 0 deletes
05-28 05:12:38.888  1387  1921 I MediaProvider: End Intent { act=android.intent.action.MEDIA_SCANNER_SCAN_FILE dat=file:///sdcard/screen_2026-05-28_051238.png flg=0x1400010 cmp=com.android.providers.media.module/com.android.providers.media.MediaService }
05-28 05:12:38.864  1387  1387 W com.android.providers.media.module: type=1400 audit(0.0:666): avc: denied { read } for comm=4173796E635461736B202331 name="primary" dev="tmpfs" ino=19238 scontext=u:r:mediaprovider_app:s0:c129,c256,c512,c768 tcontext=u:object_r:mnt_pass_through_file:s0 tclass=lnk_file permissive=0 app=com.android.providers.media.module
05-28 05:12:38.923  1387  1537 I MediaProvider: Deleted 1 items on external_primary due to com.android.shell
05-28 05:12:38.947  7621  7623 I cmd     : oneway function results will be dropped but finished with status OK and parcel size 4
05-28 05:12:39.057   158   158 I hwservicemanager: getTransport: Cannot find entry android.hardware.graphics.mapper@4.0::IMapper/default in either framework or device manifest.
05-28 05:12:39.058  7643  7643 I Gralloc4: mapper 4.x is not supported
05-28 05:12:39.099  7647  7649 I cmd     : oneway function results will be dropped but finished with status OK and parcel size 4
05-28 05:12:39.100  1387  1921 I MediaProvider: Begin Intent { act=android.intent.action.MEDIA_SCANNER_SCAN_FILE dat=file:///sdcard/screen_2026-05-28_051239.png flg=0x1400010 cmp=com.android.providers.media.module/com.android.providers.media.MediaService }
05-28 05:12:39.101  1387  1921 W ModernMediaScanner: Failed to visit /sdcard/screen_2026-05-28_051239.png: java.nio.file.AccessDeniedException: /sdcard/screen_2026-05-28_051239.png
05-28 05:12:39.103  1387  1921 I MediaProvider: Scanned internal due to REASON_DEMAND, found 0 items in 3ms, 0 inserts 0 updates 0 deletes
05-28 05:12:39.104  1387  1921 I MediaProvider: End Intent { act=android.intent.action.MEDIA_SCANNER_SCAN_FILE dat=file:///sdcard/screen_2026-05-28_051239.png flg=0x1400010 cmp=com.android.providers.media.module/com.android.providers.media.MediaService }
05-28 05:12:39.122  1387  2592 I MediaProvider: Deleted 1 items on external_primary due to com.android.shell
05-28 05:12:39.146  7658  7660 I cmd     : oneway function results will be dropped but finished with status OK and parcel size 4
05-28 05:12:39.256   158   158 I hwservicemanager: getTransport: Cannot find entry android.hardware.graphics.mapper@4.0::IMapper/default in either framework or device manifest.
05-28 05:12:39.256  7680  7680 I Gralloc4: mapper 4.x is not supported
05-28 05:12:39.309  1387  1921 I MediaProvider: Begin Intent { act=android.intent.action.MEDIA_SCANNER_SCAN_FILE dat=file:///sdcard/screen_2026-05-28_051239.png flg=0x1400010 cmp=com.android.providers.media.module/com.android.providers.media.MediaService }
05-28 05:12:39.309  7686  7688 I cmd     : oneway function results will be dropped but finished with status OK and parcel size 4
05-28 05:12:39.310  1387  1921 W ModernMediaScanner: Failed to visit /sdcard/screen_2026-05-28_051239.png: java.nio.file.AccessDeniedException: /sdcard/screen_2026-05-28_051239.png
05-28 05:12:39.312  1387  1921 I MediaProvider: Scanned internal due to REASON_DEMAND, found 0 items in 3ms, 0 inserts 0 updates 0 deletes
05-28 05:12:39.313  1387  1921 I MediaProvider: End Intent { act=android.intent.action.MEDIA_SCANNER_SCAN_FILE dat=file:///sdcard/screen_2026-05-28_051239.png flg=0x1400010 cmp=com.android.providers.media.module/com.android.providers.media.MediaService }
