--------- beginning of kernel
05-28 05:11:18.886     0     0 I binder  : undelivered TRANSACTION_COMPLETE
05-28 05:11:18.896     0     0 I binder  : undelivered transaction 32424, process died.
--------- beginning of main
05-28 05:11:18.873  1715  1715 I .android.diale: The ClassLoaderContext is a special shared library.
05-28 05:11:18.875   505  1516 W InputReader: Device virtio_input_multi_touch_10 is associated with display ADISPLAY_ID_NONE.
05-28 05:11:18.875   505  1516 W InputReader: Device virtio_input_multi_touch_7 is associated with display ADISPLAY_ID_NONE.
05-28 05:11:18.875   505  1516 W InputReader: Device virtio_input_multi_touch_4 is associated with display ADISPLAY_ID_NONE.
05-28 05:11:18.875   505  1516 W InputReader: Device virtio_input_multi_touch_9 is associated with display ADISPLAY_ID_NONE.
05-28 05:11:18.875   505  1516 W InputReader: Device virtio_input_multi_touch_11 is associated with display ADISPLAY_ID_NONE.
05-28 05:11:18.875   505  1516 W InputReader: Device virtio_input_multi_touch_5 is associated with display ADISPLAY_ID_NONE.
05-28 05:11:18.875   505  1516 W InputReader: Device virtio_input_multi_touch_6 is associated with display ADISPLAY_ID_NONE.
05-28 05:11:18.875   505  1516 W InputReader: Device virtio_input_multi_touch_3 is associated with display ADISPLAY_ID_NONE.
05-28 05:11:18.875   505  1516 W InputReader: Device virtio_input_multi_touch_2 is associated with display ADISPLAY_ID_NONE.
05-28 05:11:18.875   505  1516 W InputReader: Device virtio_input_multi_touch_8 is associated with display ADISPLAY_ID_NONE.
05-28 05:11:18.875   505  1516 W InputReader: Device virtio_input_multi_touch_10 is associated with display ADISPLAY_ID_NONE.
05-28 05:11:18.875   505  1516 W InputReader: Device virtio_input_multi_touch_7 is associated with display ADISPLAY_ID_NONE.
05-28 05:11:18.875   505  1516 W InputReader: Device virtio_input_multi_touch_4 is associated with display ADISPLAY_ID_NONE.
05-28 05:11:18.875   505  1516 W InputReader: Device virtio_input_multi_touch_9 is associated with display ADISPLAY_ID_NONE.
05-28 05:11:18.875   505  1516 W InputReader: Device virtio_input_multi_touch_11 is associated with display ADISPLAY_ID_NONE.
05-28 05:11:18.875   505  1516 W InputReader: Device virtio_input_multi_touch_5 is associated with display ADISPLAY_ID_NONE.
05-28 05:11:18.875   505  1516 W InputReader: Device virtio_input_multi_touch_6 is associated with display ADISPLAY_ID_NONE.
05-28 05:11:18.875   505  1516 W InputReader: Device virtio_input_multi_touch_3 is associated with display ADISPLAY_ID_NONE.
05-28 05:11:18.875   505  1516 W InputReader: Device virtio_input_multi_touch_2 is associated with display ADISPLAY_ID_NONE.
05-28 05:11:18.875   505  1516 W InputReader: Device virtio_input_multi_touch_8 is associated with display ADISPLAY_ID_NONE.
05-28 05:11:18.880  1715  1715 I .android.diale: The ClassLoaderContext is a special shared library.
--------- beginning of system
05-28 05:11:18.882   505   505 I Telecom : PhoneAccountRegistrar: getSimCallManager: SimCallManager for subId 1 queried, returning: null: TSI.gSCMFU@ADw
05-28 05:11:18.882   168   170 I vold    : Bind mounting //data/media/0/Android/data on /mnt/user/0/emulated/0/Android/data
05-28 05:11:18.883   168   170 I vold    : Bind mounted //data/media/0/Android/data on /mnt/user/0/emulated/0/Android/data
05-28 05:11:18.883   168   170 I vold    : Bind mounting //data/media/0/Android/obb on /mnt/user/0/emulated/0/Android/obb
05-28 05:11:18.883   168   170 I vold    : Bind mounted //data/media/0/Android/obb on /mnt/user/0/emulated/0/Android/obb
05-28 05:11:18.883   168   170 I vold    : Configuring read_ahead of /mnt/user/0/emulated fuse filesystem to 256kb
05-28 05:11:18.883   168   170 I vold    : Writing 256 to /sys/class/bdi/0:43/read_ahead_kb
05-28 05:11:18.883   168   170 I vold    : Configuring max_ratio of /mnt/user/0/emulated fuse filesystem to 40
05-28 05:11:18.883   168   170 I vold    : Writing 40 to /sys/class/bdi/0:43/max_ratio
05-28 05:11:18.884   505   608 I StorageManagerService: Mounted volume VolumeInfo{emulated;0}:
05-28 05:11:18.884   505   608 I StorageManagerService:     type=EMULATED diskId=null partGuid= mountFlags=PRIMARY|VISIBLE 
05-28 05:11:18.884   505   608 I StorageManagerService:     mountUserId=0 state=CHECKING 
05-28 05:11:18.884   505   608 I StorageManagerService:     fsType=null fsUuid=null fsLabel=null 
05-28 05:11:18.884   505   608 I StorageManagerService:     path=/storage/emulated internalPath=/data/media 
05-28 05:11:18.884   505   608 I StorageSessionController: Notifying volume state changed for session with id: emulated;0
05-28 05:11:18.884   505   505 I Telecom : PhoneAccountRegistrar: getSimCallManager: SimCallManager for subId 1 queried, returning: null: TSI.gSCMFU@AD4
05-28 05:11:18.885  1387  1520 I ExternalStorageServiceImpl: Ignoring volume state for vol:external_primary. State: checking
05-28 05:11:18.886   505   645 I Telecom : PhoneAccountRegistrar: Modify account: [ComponentInfo{com.android.phone/com.android.services.telephony.TelephonyConnectionService}, ***, UserHandle{0}]: TSI.rPA@AD0
05-28 05:11:18.892   390   404 I adbd    : jdwp connection from 1728
05-28 05:11:18.893   505   608 I StorageSessionController: Notifying volume state changed for session with id: emulated;0
05-28 05:11:18.894  1728  1728 I droid.provisio: The ClassLoaderContext is a special shared library.
05-28 05:11:18.896  1691  1743 I MessagingAppDataModel: Fixup: Send failed - 0 Download failed - 0
05-28 05:11:18.957   505   505 W StorageManagerService: Reporting emulated;0 unmounted due to system locked
05-28 05:11:18.969   505   545 W BestClock: java.time.DateTimeException: Missing NTP fix
05-28 05:11:18.957   505   505 W StorageManagerService: Reporting emulated;0 unmounted due to system locked
05-28 05:11:18.989   505   645 I Telecom : CallsManager: handlePhoneAccountChanged: phoneAccount=[[X] PhoneAccount: ComponentInfo{com.android.phone/com.android.services.telephony.TelephonyConnectionService}, ***, UserHandle{0} Capabilities: CallProvider MultiUser PlaceEmerg SimSub  Audio Routes: BESW Schemes: tel voicemail  Extras: Bundle[{android.telecom.extra.SUPPORTS_VIDEO_CALLING_FALLBACK=true}] GroupId: ***]: TSI.rPA@AD0
05-28 05:11:19.000   505   813 W StorageManagerService: Reporting emulated;0 unmounted due to system locked
05-28 05:11:19.005   505   649 W BestClock: java.time.DateTimeException: Missing NTP fix
05-28 05:11:19.026  1691  1741 W MessagingApp: canonicalizeMccMnc: invalid mccmnc:null ,null
05-28 05:11:19.028  1691  1741 I MessagingApp: Carrier configs loaded: Bundle[{httpSocketTimeout=60000, aliasMinChars=2, smsToMmsTextThreshold=-1, enableSMSDeliveryReports=true, maxMessageTextSize=-1, supportMmsContentDisposition=true, enabledTransID=false, aliasEnabled=false, supportHttpCharsetHeader=false, allowAttachAudio=true, smsToMmsTextLengthThreshold=-1, recipientLimit=2147483647, uaProfTagName=x-wap-profile, aliasMaxChars=48, maxImageHeight=480, enableMMSDeliveryReports=false, userAgent=, mmsCloseConnection=false, config_cellBroadcastAppLinks=true, maxSubjectLength=40, httpParams=, enableGroupMms=true, emailGatewayNumber=, maxMessageSize=307200, naiSuffix=, enableMMSReadReports=false, maxImageWidth=640, uaProfUrl=, enabledMMS=true, enabledNotifyWapMMSC=false, sendMultipartSmsAsSeparateMessages=false, enableMultipartSMS=true}] from resources+system for subId=1
05-28 05:11:19.035   505   649 W BestClock: java.time.DateTimeException: Missing NTP fix
05-28 05:11:19.033   505   813 W StorageManagerService: Reporting emulated;0 unmounted due to system locked
05-28 05:11:19.091  1715  1715 I Dialer  : DialerExecutorModule.newThread - creating low priority thread
05-28 05:11:19.097  1715  1715 I Dialer  : CallLogConfigImpl.schedulePollingJob - scheduling
05-28 05:11:19.098  1715  1715 I Dialer  : DialerApplication.initializeAnnotatedCallLog - framework not enabled
05-28 05:11:19.100  1029  1029 I VvmSimStateTracker: android.intent.action.SIM_STATE_CHANGED
05-28 05:11:19.103  1029  1029 I VvmSimStateTracker: android.intent.action.SIM_STATE_CHANGED
05-28 05:11:19.104   505   813 I ActivityTaskManager: START u0 {act=android.intent.action.MAIN cat=[android.intent.category.HOME] flg=0x10000100 cmp=com.android.launcher3/.uioverrides.QuickstepLauncher} from uid 0
05-28 05:11:19.106   505   813 W InputReader: Device virtio_input_multi_touch_10 is associated with display ADISPLAY_ID_NONE.
05-28 05:11:19.106   505   813 W InputReader: Device virtio_input_multi_touch_7 is associated with display ADISPLAY_ID_NONE.
05-28 05:11:19.106   505   813 W InputReader: Device virtio_input_multi_touch_4 is associated with display ADISPLAY_ID_NONE.
05-28 05:11:19.106   505   813 W InputReader: Device virtio_input_multi_touch_9 is associated with display ADISPLAY_ID_NONE.
05-28 05:11:19.106   505   813 W InputReader: Device virtio_input_multi_touch_11 is associated with display ADISPLAY_ID_NONE.
05-28 05:11:19.106   505   813 W InputReader: Device virtio_input_multi_touch_5 is associated with display ADISPLAY_ID_NONE.
05-28 05:11:19.106   505   813 W InputReader: Device virtio_input_multi_touch_6 is associated with display ADISPLAY_ID_NONE.
05-28 05:11:19.106   505   813 W InputReader: Device virtio_input_multi_touch_3 is associated with display ADISPLAY_ID_NONE.
05-28 05:11:19.106   505   813 W InputReader: Device virtio_input_multi_touch_2 is associated with display ADISPLAY_ID_NONE.
05-28 05:11:19.106   505   813 W InputReader: Device virtio_input_multi_touch_8 is associated with display ADISPLAY_ID_NONE.
05-28 05:11:19.106   505   813 W InputReader: Device virtio_input_multi_touch_10 is associated with display ADISPLAY_ID_NONE.
05-28 05:11:19.106   505   813 W InputReader: Device virtio_input_multi_touch_7 is associated with display ADISPLAY_ID_NONE.
05-28 05:11:19.106   505   813 W InputReader: Device virtio_input_multi_touch_4 is associated with display ADISPLAY_ID_NONE.
05-28 05:11:19.106   505   813 W InputReader: Device virtio_input_multi_touch_9 is associated with display ADISPLAY_ID_NONE.
05-28 05:11:19.106   505   813 W InputReader: Device virtio_input_multi_touch_11 is associated with display ADISPLAY_ID_NONE.
05-28 05:11:19.106   505   813 W InputReader: Device virtio_input_multi_touch_5 is associated with display ADISPLAY_ID_NONE.
05-28 05:11:19.106   505   813 W InputReader: Device virtio_input_multi_touch_6 is associated with display ADISPLAY_ID_NONE.
05-28 05:11:19.106   505   813 W InputReader: Device virtio_input_multi_touch_3 is associated with display ADISPLAY_ID_NONE.
05-28 05:11:19.106   505   813 W InputReader: Device virtio_input_multi_touch_2 is associated with display ADISPLAY_ID_NONE.
05-28 05:11:19.106   505   813 W InputReader: Device virtio_input_multi_touch_8 is associated with display ADISPLAY_ID_NONE.
05-28 05:11:19.116   505   515 I system_server: Background young concurrent copying GC freed 145436(8227KB) AllocSpace objects, 97(4216KB) LOS objects, 52% free, 10MB/21MB, paused 99us total 253.878ms
05-28 05:11:19.134  1715  1715 I Dialer  : NotificationChannelManager.initChannels - doing an expensive initialization of all notification channels
05-28 05:11:19.134  1715  1715 I Dialer  : NotificationChannelManager.initChannels - desired channel IDs: {phone_ongoing_call, phone_incoming_call, phone_voicemail, phone_missed_call, phone_default}
05-28 05:11:19.134  1715  1715 I Dialer  : NotificationChannelManager.initChannels - existing channel IDs: {}
05-28 05:11:19.140   505   545 W BestClock: java.time.DateTimeException: Missing NTP fix
05-28 05:11:19.141   505   547 I ActivityManager: Start proc 1790:android.process.acore/u0a63 for content provider {com.android.providers.blockednumber/com.android.providers.blockednumber.BlockedNumberProvider}
05-28 05:11:19.152   931   931 E ContextImpl: Tried to access visual service WallpaperManager from a non-visual Context:android.app.Application@7ac9a39 Visual services, such as WindowManager, WallpaperService or LayoutInflater should be accessed from Activity or other visual Context. Use an Activity or a Context created with Context#createWindowContext(int, Bundle), which are adjusted to the configuration and visual bounds of an area on screen.
05-28 05:11:19.152   931   931 E ContextImpl: java.lang.IllegalAccessException: Tried to access visual service WallpaperManager from a non-visual Context:android.app.Application@7ac9a39
05-28 05:11:19.152   931   931 E ContextImpl: 	at android.app.ContextImpl.getSystemService(ContextImpl.java:1914)
05-28 05:11:19.152   931   931 E ContextImpl: 	at android.content.ContextWrapper.getSystemService(ContextWrapper.java:803)
05-28 05:11:19.152   931   931 E ContextImpl: 	at android.content.Context.getSystemService(Context.java:3705)
05-28 05:11:19.152   931   931 E ContextImpl: 	at com.android.launcher3.uioverrides.WallpaperColorInfo.<init>(WallpaperColorInfo.java:55)
05-28 05:11:19.152   931   931 E ContextImpl: 	at com.android.launcher3.uioverrides.WallpaperColorInfo.lambda$tLetMNUhFw-gX6-W-n47DqKz3p0(Unknown Source:2)
05-28 05:11:19.152   931   931 E ContextImpl: 	at com.android.launcher3.uioverrides.-$$Lambda$WallpaperColorInfo$tLetMNUhFw-gX6-W-n47DqKz3p0.get(Unknown Source:0)
05-28 05:11:19.152   931   931 E ContextImpl: 	at com.android.launcher3.util.MainThreadInitializedObject.lambda$get$0$MainThreadInitializedObject(MainThreadInitializedObject.java:50)
05-28 05:11:19.152   931   931 E ContextImpl: 	at com.android.launcher3.util.-$$Lambda$MainThreadInitializedObject$31I13NSyZWlVLw9-SvduyHO4fhM.get(Unknown Source:4)
05-28 05:11:19.152   931   931 E ContextImpl: 	at com.android.launcher3.util.TraceHelper.whitelistIpcs(TraceHelper.java:84)
05-28 05:11:19.152   931   931 E ContextImpl: 	at com.android.launcher3.util.MainThreadInitializedObject.get(MainThreadInitializedObject.java:49)
05-28 05:11:19.152   931   931 E ContextImpl: 	at com.android.launcher3.BaseDraggingActivity.onCreate(BaseDraggingActivity.java:90)
05-28 05:11:19.152   931   931 E ContextImpl: 	at com.android.launcher3.Launcher.onCreate(Launcher.java:365)
05-28 05:11:19.152   931   931 E ContextImpl: 	at com.android.launcher3.BaseQuickstepLauncher.onCreate(BaseQuickstepLauncher.java:83)
05-28 05:11:19.152   931   931 E ContextImpl: 	at com.android.launcher3.uioverrides.QuickstepLauncher.onCreate(QuickstepLauncher.java:98)
05-28 05:11:19.152   931   931 E ContextImpl: 	at android.app.Activity.performCreate(Activity.java:7994)
05-28 05:11:19.152   931   931 E ContextImpl: 	at android.app.Activity.performCreate(Activity.java:7978)
05-28 05:11:19.152   931   931 E ContextImpl: 	at android.app.Instrumentation.callActivityOnCreate(Instrumentation.java:1309)
05-28 05:11:19.152   931   931 E ContextImpl: 	at android.app.ActivityThread.performLaunchActivity(ActivityThread.java:3422)
05-28 05:11:19.152   931   931 E ContextImpl: 	at android.app.ActivityThread.handleLaunchActivity(ActivityThread.java:3601)
05-28 05:11:19.152   931   931 E ContextImpl: 	at android.app.servertransaction.LaunchActivityItem.execute(LaunchActivityItem.java:85)
05-28 05:11:19.152   931   931 E ContextImpl: 	at android.app.servertransaction.TransactionExecutor.executeCallbacks(TransactionExecutor.java:135)
05-28 05:11:19.152   931   931 E ContextImpl: 	at android.app.servertransaction.TransactionExecutor.execute(TransactionExecutor.java:95)
05-28 05:11:19.152   931   931 E ContextImpl: 	at android.app.ActivityThread$H.handleMessage(ActivityThread.java:2066)
05-28 05:11:19.152   931   931 E ContextImpl: 	at android.os.Handler.dispatchMessage(Handler.java:106)
05-28 05:11:19.152   931   931 E ContextImpl: 	at android.os.Looper.loop(Looper.java:223)
05-28 05:11:19.152   931   931 E ContextImpl: 	at android.app.ActivityThread.main(ActivityThread.java:7656)
05-28 05:11:19.152   931   931 E ContextImpl: 	at java.lang.reflect.Method.invoke(Native Method)
05-28 05:11:19.152   931   931 E ContextImpl: 	at com.android.internal.os.RuntimeInit$MethodAndArgsCaller.run(RuntimeInit.java:592)
05-28 05:11:19.152   931   931 E ContextImpl: 	at com.android.internal.os.ZygoteInit.main(ZygoteInit.java:947)
05-28 05:11:19.153  1790  1790 W d.process.acor: Unexpected CPU variant for X86 using defaults: x86_64
05-28 05:11:19.160  1691  1691 I MessagingApp: Carrier config changed. Reloading MMS config.
05-28 05:11:19.163   505   649 W BestClock: java.time.DateTimeException: Missing NTP fix
05-28 05:11:19.171   505   539 I DropBoxManagerService: add tag=system_app_strictmode isTagEnabled=true flags=0x2
05-28 05:11:19.181   158   158 I hwservicemanager: getTransport: Cannot find entry android.hardware.configstore@1.0::ISurfaceFlingerConfigs/default in either framework or device manifest.
05-28 05:11:19.190   158   158 I hwservicemanager: getTransport: Cannot find entry android.hardware.graphics.mapper@4.0::IMapper/default in either framework or device manifest.
05-28 05:11:19.190   931  1779 I Gralloc4: mapper 4.x is not supported
05-28 05:11:19.199   390   404 I adbd    : jdwp connection from 1790
05-28 05:11:19.201   158   158 I hwservicemanager: getTransport: Cannot find entry android.hardware.graphics.allocator@4.0::IAllocator/default in either framework or device manifest.
05-28 05:11:19.202   931  1779 W Gralloc4: allocator 3.x is not supported
05-28 05:11:19.217  1029  1029 I Telephony: Carrier-config changed, checking for phone account updates.
05-28 05:11:19.219   505  1713 I Telecom : PhoneAccountRegistrar: getSimCallManager: SimCallManager for subId 1 queried, returning: null: TSI.gDOPA@AEA
05-28 05:11:19.224  1691  1799 W MessagingApp: canonicalizeMccMnc: invalid mccmnc:null ,null
05-28 05:11:19.228   505   505 I Telecom : PhoneAccountRegistrar: getSimCallManager: SimCallManager for subId 1 queried, returning: null: TSI.gSCMFU@AEI
05-28 05:11:19.229  1691  1799 I MessagingApp: Carrier configs loaded: Bundle[{httpSocketTimeout=60000, aliasMinChars=2, smsToMmsTextThreshold=-1, enableSMSDeliveryReports=true, maxMessageTextSize=-1, supportMmsContentDisposition=true, enabledTransID=false, aliasEnabled=false, supportHttpCharsetHeader=false, allowAttachAudio=true, smsToMmsTextLengthThreshold=-1, recipientLimit=2147483647, uaProfTagName=x-wap-profile, aliasMaxChars=48, maxImageHeight=1944, enableMMSDeliveryReports=false, userAgent=, mmsCloseConnection=true, config_cellBroadcastAppLinks=true, maxSubjectLength=40, httpParams=, enableGroupMms=true, emailGatewayNumber=, maxMessageSize=1048576, naiSuffix=, enableMMSReadReports=false, maxImageWidth=2592, uaProfUrl=, enabledMMS=false, enabledNotifyWapMMSC=false, sendMultipartSmsAsSeparateMessages=false, enableMultipartSMS=true}] from resources+system for subId=1
05-28 05:11:19.230  1715  1715 I Dialer  : LegacyVoicemailNotificationReceiver.onReceive - received legacy voicemail notification
05-28 05:11:19.230  1029  1029 I Telephony: isRttCurrentlySupported -- regular acct, hasVoiceAvailability: false
05-28 05:11:19.230  1029  1029 I Telephony:  isRttSupported: false
05-28 05:11:19.230  1029  1029 I Telephony:  isRoaming: false
05-28 05:11:19.230  1029  1029 I Telephony:  isOnWfc: false
05-28 05:11:19.230  1715  1715 I Dialer  : LegacyVoicemailNotificationReceiver.onReceive - isRefresh: false
05-28 05:11:19.233   505   537 W Looper  : Slow delivery took 223ms android.fg h=android.os.Handler c=<recycled PooledLambda@a87a893> m=0
05-28 05:11:19.233  1790  1790 I d.process.acor: The ClassLoaderContext is a special shared library.
05-28 05:11:19.235   505   645 W StorageManagerService: Reporting emulated;0 unmounted due to system locked
05-28 05:11:19.237   505  1787 W StorageManagerService: Reporting emulated;0 unmounted due to system locked
05-28 05:11:19.289   505   537 E GnssLocationProvider: IGnssConfiguration setEsExtensionSec() failed.
05-28 05:11:19.289   505   537 E GnssConfiguration: Unable to set ES_EXTENSION_SEC: 0
05-28 05:11:19.296  1029  1029 I Telephony: reRegisterPstnPhoneAccount: subId: 1 - no change
05-28 05:11:19.302   505   537 E GnssLocationProvider: IGnssConfiguration setEsExtensionSec() failed.
05-28 05:11:19.302   505   537 E GnssConfiguration: Unable to set ES_EXTENSION_SEC: 0
05-28 05:11:19.302   505   537 W Looper  : Drained
05-28 05:11:19.303   505  1770 I Telecom : PhoneAccountRegistrar: setUserSelectedOutgoingPhoneAccount: ComponentInfo{com.android.phone/com.android.services.telephony.TelephonyConnectionService}, ***, UserHandle{0}: TSI.sUSOPA@AEU
05-28 05:11:19.320   505   545 W BestClock: java.time.DateTimeException: Missing NTP fix
05-28 05:11:19.340   505   649 W system_server: Long monitor contention with owner android.bg (545) at void com.android.server.net.NetworkStatsService.performPoll(int)(NetworkStatsService.java:1463) waiters=1 in android.net.NetworkStatsHistory com.android.server.net.NetworkStatsService.internalGetHistoryForNetwork(android.net.NetworkTemplate, int, int, int, int) for 177ms
05-28 05:11:19.343   505   649 W BestClock: java.time.DateTimeException: Missing NTP fix
05-28 05:11:19.350   505   551 E libprocessgroup: AddTidToCgroup failed to write '1815'; fd=115: Invalid argument
05-28 05:11:19.350   505   551 E libprocessgroup: Failed to add task into cgroup
05-28 05:11:19.350   505   551 W libprocessgroup: ExecuteForTask failed for aggregate profile: Invalid argument
05-28 05:11:19.354   505   649 W BestClock: java.time.DateTimeException: Missing NTP fix
05-28 05:11:19.359  1790  1790 I d.process.acor: The ClassLoaderContext is a special shared library.
05-28 05:11:19.387  1790  1790 I d.process.acor: The ClassLoaderContext is a special shared library.
05-28 05:11:19.393   505   545 W BestClock: java.time.DateTimeException: Missing NTP fix
05-28 05:11:19.407  1715  1715 I Dialer  : LegacyVoicemailNotificationReceiver.onReceive - clearing notification
05-28 05:11:19.407  1715  1715 I Dialer  : LegacyVoicemailNotifier.cancelNotification - enter
05-28 05:11:19.408  1790  1790 I ContactsPerf: VoicemailContentProvider.onCreate start
05-28 05:11:19.422  1790  1790 I ContactsPerf: VoicemailContentProvider.onCreate finish
05-28 05:11:19.452  1790  1790 I ContactsDatabaseHelper: updateUseStrictPhoneNumberComparison: US
05-28 05:11:19.454  1715  1715 I Dialer  : LegacyVoicemailNotificationReceiver.onReceive - received legacy voicemail notification
05-28 05:11:19.454  1715  1715 I Dialer  : LegacyVoicemailNotificationReceiver.onReceive - isRefresh: true
05-28 05:11:19.454  1715  1715 I Dialer  : LegacyVoicemailNotificationReceiver.onReceive - clearing notification
05-28 05:11:19.454  1715  1715 I Dialer  : LegacyVoicemailNotifier.cancelNotification - enter
05-28 05:11:19.456  1715  1715 I Dialer  : LegacyVoicemailNotificationReceiver.onReceive - received legacy voicemail notification
05-28 05:11:19.456  1715  1715 I Dialer  : LegacyVoicemailNotificationReceiver.onReceive - isRefresh: true
05-28 05:11:19.456  1715  1715 I Dialer  : LegacyVoicemailNotificationReceiver.onReceive - clearing notification
05-28 05:11:19.456  1715  1715 I Dialer  : LegacyVoicemailNotifier.cancelNotification - enter
05-28 05:11:19.457  1715  1715 I Dialer  : LegacyVoicemailNotificationReceiver.onReceive - received legacy voicemail notification
05-28 05:11:19.457  1715  1715 I Dialer  : LegacyVoicemailNotificationReceiver.onReceive - isRefresh: true
05-28 05:11:19.457  1715  1715 I Dialer  : LegacyVoicemailNotificationReceiver.onReceive - clearing notification
05-28 05:11:19.457  1715  1715 I Dialer  : LegacyVoicemailNotifier.cancelNotification - enter
05-28 05:11:19.458  1715  1715 I Dialer  : LegacyVoicemailNotificationReceiver.onReceive - received legacy voicemail notification
05-28 05:11:19.458  1715  1715 I Dialer  : LegacyVoicemailNotificationReceiver.onReceive - isRefresh: true
05-28 05:11:19.458  1715  1715 I Dialer  : LegacyVoicemailNotificationReceiver.onReceive - clearing notification
05-28 05:11:19.458  1715  1715 I Dialer  : LegacyVoicemailNotifier.cancelNotification - enter
05-28 05:11:19.458  1715  1715 I Dialer  : LegacyVoicemailNotificationReceiver.onReceive - received legacy voicemail notification
05-28 05:11:19.458  1715  1715 I Dialer  : LegacyVoicemailNotificationReceiver.onReceive - isRefresh: false
05-28 05:11:19.458  1715  1715 I Dialer  : LegacyVoicemailNotificationReceiver.onReceive - clearing notification
05-28 05:11:19.458  1715  1715 I Dialer  : LegacyVoicemailNotifier.cancelNotification - enter
05-28 05:11:19.483   505   545 W BestClock: java.time.DateTimeException: Missing NTP fix
05-28 05:11:19.486  1691  1742 W droid.messagin: Long monitor contention with owner AsyncTask #3 (1744) at android.content.IContentProvider android.app.ActivityThread.acquireProvider(android.content.Context, java.lang.String, int, boolean)(ActivityThread.java:6815) waiters=0 in android.content.IContentProvider android.app.ActivityThread.acquireProvider(android.content.Context, java.lang.String, int, boolean) for 257ms
05-28 05:11:19.487  1715  1774 I Dialer  : BlockedNumbersAutoMigrator - updating state as already checked for auto-migrate.
05-28 05:11:19.488  1715  1715 I Dialer  : BlockedNumbersAutoMigrator - attempting to auto-migrate.
05-28 05:11:19.514  1790  1819 I ContactsDatabaseHelper: Bootstrapping database contacts2.db version: 1400
05-28 05:11:19.517   505   650 W system_server: Long monitor contention with owner android.bg (545) at void com.android.server.net.NetworkStatsService.performPoll(int)(NetworkStatsService.java:1463) waiters=0 in void com.android.server.net.NetworkStatsService.setUidForeground(int, boolean) for 389ms
05-28 05:11:19.522   505   649 W BestClock: java.time.DateTimeException: Missing NTP fix
05-28 05:11:19.522   505   649 I chatty  : uid=1000(system) NetworkPolicy identical 1 line
05-28 05:11:19.524   505   649 W BestClock: java.time.DateTimeException: Missing NTP fix
05-28 05:11:19.531  1817  1830 I cmd     : oneway function results will be dropped but finished with status OK and parcel size 4
05-28 05:11:19.553   505  1787 I chatty  : uid=1000(system) Binder:505_E identical 2 lines
05-28 05:11:19.553  1029  1071 I chatty  : uid=1001(radio) Binder:1029_1 identical 4 lines
05-28 05:11:19.555   505   649 W BestClock: java.time.DateTimeException: Missing NTP fix
05-28 05:11:19.559  1691  1799 W MessagingApp: canonicalizeMccMnc: invalid mccmnc:null ,null
05-28 05:11:19.560  1691  1799 I MessagingApp: Carrier configs loaded: Bundle[{httpSocketTimeout=60000, aliasMinChars=2, smsToMmsTextThreshold=-1, enableSMSDeliveryReports=true, maxMessageTextSize=-1, supportMmsContentDisposition=true, enabledTransID=false, aliasEnabled=false, supportHttpCharsetHeader=false, allowAttachAudio=true, smsToMmsTextLengthThreshold=-1, recipientLimit=2147483647, uaProfTagName=x-wap-profile, aliasMaxChars=48, maxImageHeight=1944, enableMMSDeliveryReports=false, userAgent=, mmsCloseConnection=true, config_cellBroadcastAppLinks=true, maxSubjectLength=40, httpParams=, enableGroupMms=true, emailGatewayNumber=, maxMessageSize=1048576, naiSuffix=, enableMMSReadReports=false, maxImageWidth=2592, uaProfUrl=, enabledMMS=false, enabledNotifyWapMMSC=false, sendMultipartSmsAsSeparateMessages=false, enableMultipartSMS=true}] from resources+system for subId=1
05-28 05:11:19.568   699  1191 I HeadsetPhoneState: stopListenForPhoneState(), no listener indicates nothing is listening
05-28 05:11:19.568   699  1191 W HeadsetPhoneState: startListenForPhoneState, no event to listen
05-28 05:11:19.573   505   545 W BestClock: java.time.DateTimeException: Missing NTP fix
05-28 05:11:19.581  1715  1715 I Dialer  : BlockedNumbersAutoMigrator - auto-migrating: no blocked numbers.
05-28 05:11:19.592  1790  1819 I ContactsProviderV1: Bootstrapping database legacy support
05-28 05:11:19.604  1790  1819 I CallLogDatabaseHelper: Migrating from old tables...
05-28 05:11:19.604  1790  1819 I CallLogDatabaseHelper: Source tables don't exist.
05-28 05:11:19.622   505   547 W ActivityManager: Slow operation: 52ms so far, now at startProcess: returned from zygote!
05-28 05:11:19.622   505   547 W ActivityManager: Slow operation: 52ms so far, now at startProcess: done updating battery stats
05-28 05:11:19.622   505   547 W ActivityManager: Slow operation: 52ms so far, now at startProcess: building log message
05-28 05:11:19.622   505   547 I ActivityManager: Start proc 1837:com.android.managedprovisioning/u0a75 for broadcast {com.android.managedprovisioning/com.android.managedprovisioning.ota.PreBootListener}
05-28 05:11:19.622   505   547 W ActivityManager: Slow operation: 52ms so far, now at startProcess: starting to update pids map
05-28 05:11:19.622   505   547 W ActivityManager: Slow operation: 52ms so far, now at startProcess: done updating pids map
05-28 05:11:19.623   505   545 W BestClock: java.time.DateTimeException: Missing NTP fix
05-28 05:11:19.676  1790  1820 I CallLogDatabaseHelper: Migrating from old tables...
05-28 05:11:19.676  1790  1820 I CallLogDatabaseHelper: Source tables don't exist.
05-28 05:11:19.683  1790  1825 I ContactLocale: AddressBook Labels [[en_US]]: […, A, B, C, D, E, F, G, H, I, J, K, L, M, N, O, P, Q, R, S, T, U, V, W, X, Y, Z, Α, Β, Γ, Δ, Ε, Ζ, Η, Θ, Ι, Κ, Λ, Μ, Ν, Ξ, Ο, Π, Ρ, Σ, Τ, Υ, Φ, Χ, Ψ, Ω, …, А, Б, В, Г, Д, Ђ, Е, Є, Ж, З, И, І, Й, Ј, К, Л, Љ, М, Н, Њ, О, П, Р, С, Т, Ћ, У, Ф, Х, Ц, Ч, Џ, Ш, Щ, Ю, Я, …, א, ב, ג, ד, ה, ו, ז, ח, ט, י, כ, ל, מ, נ, ס, ע, פ, צ, ק, ר, ש, ת, …, ا, ب, ت, ث, ج, ح, خ, د, ذ, ر, ز, س, ش, ص, ض, ط, ظ, ع, غ, ف, ق, ك, ل, م, ن, ه, و, ي, …, ก, ข, ฃ, ค, ฅ, ฆ, ง, จ, ฉ, ช, ซ, ฌ, ญ, ฎ, ฏ, ฐ, ฑ, ฒ, ณ, ด, ต, ถ, ท, ธ, น, บ, ป, ผ, ฝ, พ, ฟ, ภ, ม, ย, ร, ฤ, ล, ฦ, ว, ศ, ษ, ส, ห, ฬ, อ, ฮ, …, ㄱ, ㄴ, ㄷ, ㄹ, ㅁ, ㅂ, ㅅ, ㅇ, ㅈ, ㅊ, ㅋ, ㅌ, ㅍ, ㅎ, …, あ, か, さ, た, な, は, ま, や, ら, わ, #, …]
05-28 05:11:19.690  1790  1827 I ContactsDatabaseHelper: Bootstrapping database contacts2.db version: 1400
05-28 05:11:19.694  1837  1837 W gedprovisionin: Unexpected CPU variant for X86 using defaults: x86_64
05-28 05:11:19.696   390   404 I adbd    : jdwp connection from 1837
05-28 05:11:19.706   505   505 W Looper  : Slow dispatch took 479ms main h=android.app.ActivityThread$H c=android.app.-$$Lambda$LoadedApk$ReceiverDispatcher$Args$_BumDX2UKsnxLVrE6UJsJZkotuA@18d1aed m=0
05-28 05:11:19.706   505   505 W Looper  : Slow delivery took 538ms main h=com.android.server.notification.NotificationManagerService$WorkerHandler c=com.android.server.notification.NotificationManagerService$CancelNotificationRunnable@796dd22 m=0
05-28 05:11:19.709  1691  1799 I MessagingAppDataModel: SyncMessagesAction: Starting batch for messages from -1 to 1779945078814 (message update limit = 80, message scan limit = 4000)
05-28 05:11:19.709   505   505 W StorageManagerService: Reporting emulated;0 unmounted due to system locked
05-28 05:11:19.890     0     0 I AidlLazyServiceRegistrar: Process has 1 (of 1 available) client(s) in use after notification android.apex.IApexService has clients: 1
05-28 05:11:19.912     0     0 I AidlLazyServiceRegistrar: Process has 0 (of 1 available) client(s) in use after notification android.apex.IApexService has clients: 0
05-28 05:11:19.916     0     0 I AidlLazyServiceRegistrar: Shutdown prevented by forcePersist override flag.
05-28 05:11:19.712   157   157 I servicemanager: Notifying apexservice they have clients: 1
05-28 05:11:19.712   157   157 I servicemanager: Notifying apexservice they have clients: 0
05-28 05:11:19.717   158   158 I hwservicemanager: Notifying android.hardware.gnss@2.0::IGnss/default they have clients: 1
05-28 05:11:19.717   921   921 I android.hardware.gnss@2.0-service.ranchu: Process has 1 (of 1 available) client(s) in use after notification android.hardware.gnss@2.0::IGnss has clients: 1
05-28 05:11:19.711   505   505 W StorageManagerService: Reporting emulated;0 unmounted due to system locked
05-28 05:11:19.720   505   505 W Looper  : Drained
05-28 05:11:19.723  1837  1837 I gedprovisionin: The ClassLoaderContext is a special shared library.
05-28 05:11:19.746   505   650 W system_server: Long monitor contention with owner NetworkPolicy (649) at void com.android.server.net.NetworkPolicyManagerService.updateNetworksInternal()(NetworkPolicyManagerService.java:1513) waiters=0 in void com.android.server.net.NetworkPolicyManagerService.handleUidChanged(int, int, long) for 174ms
05-28 05:11:19.747   505   649 W BestClock: java.time.DateTimeException: Missing NTP fix
05-28 05:11:19.747   505   649 I chatty  : uid=1000(system) NetworkPolicy identical 1 line
05-28 05:11:19.748   505   649 W BestClock: java.time.DateTimeException: Missing NTP fix
05-28 05:11:19.754  1837  1837 I CarUiInstaller: CarUiInstaller started for com.android.managedprovisioning
05-28 05:11:19.756   162   162 I qemu-props: tell the host boot completed
05-28 05:11:19.765   505  1713 I PreBootBroadcaster: Pre-boot of {com.android.providers.calendar/com.android.providers.calendar.CalendarUpgradeReceiver} for user 0
05-28 05:11:19.776   505  1713 E ActivityManager: Sending non-protected broadcast com.android.systemui.demo from system 710:com.android.systemui/u0a121 pkg com.android.systemui
05-28 05:11:19.776   505  1713 E ActivityManager: java.lang.Throwable
05-28 05:11:19.776   505  1713 E ActivityManager: 	at com.android.server.am.ActivityManagerService.checkBroadcastFromSystem(ActivityManagerService.java:15912)
05-28 05:11:19.776   505  1713 E ActivityManager: 	at com.android.server.am.ActivityManagerService.broadcastIntentLocked(ActivityManagerService.java:16493)
05-28 05:11:19.776   505  1713 E ActivityManager: 	at com.android.server.am.ActivityManagerService.broadcastIntentLocked(ActivityManagerService.java:15929)
05-28 05:11:19.776   505  1713 E ActivityManager: 	at com.android.server.am.ActivityManagerService.broadcastIntentWithFeature(ActivityManagerService.java:16743)
05-28 05:11:19.776   505  1713 E ActivityManager: 	at android.app.IActivityManager$Stub.onTransact(IActivityManager.java:2267)
05-28 05:11:19.776   505  1713 E ActivityManager: 	at com.android.server.am.ActivityManagerService.onTransact(ActivityManagerService.java:2883)
05-28 05:11:19.776   505  1713 E ActivityManager: 	at android.os.Binder.execTransactInternal(Binder.java:1154)
05-28 05:11:19.776   505  1713 E ActivityManager: 	at android.os.Binder.execTransact(Binder.java:1123)
05-28 05:11:19.777   505  1713 E ActivityManager: Sending non-protected broadcast com.android.systemui.demo from system 710:com.android.systemui/u0a121 pkg com.android.systemui
05-28 05:11:19.777   505  1713 E ActivityManager: java.lang.Throwable
05-28 05:11:19.777   505  1713 E ActivityManager: 	at com.android.server.am.ActivityManagerService.checkBroadcastFromSystem(ActivityManagerService.java:15912)
05-28 05:11:19.777   505  1713 E ActivityManager: 	at com.android.server.am.ActivityManagerService.broadcastIntentLocked(ActivityManagerService.java:16587)
05-28 05:11:19.777   505  1713 E ActivityManager: 	at com.android.server.am.ActivityManagerService.broadcastIntentLocked(ActivityManagerService.java:15929)
05-28 05:11:19.777   505  1713 E ActivityManager: 	at com.android.server.am.ActivityManagerService.broadcastIntentWithFeature(ActivityManagerService.java:16743)
05-28 05:11:19.777   505  1713 E ActivityManager: 	at android.app.IActivityManager$Stub.onTransact(IActivityManager.java:2267)
05-28 05:11:19.777   505  1713 E ActivityManager: 	at com.android.server.am.ActivityManagerService.onTransact(ActivityManagerService.java:2883)
05-28 05:11:19.777   505  1713 E ActivityManager: 	at android.os.Binder.execTransactInternal(Binder.java:1154)
05-28 05:11:19.777   505  1713 E ActivityManager: 	at android.os.Binder.execTransact(Binder.java:1123)
05-28 05:11:19.777   931  1779 E FrameEvents: updateAcquireFence: Did not find frame.
05-28 05:11:19.782  1862  1862 I migrate_legacy_obb_data: No legacy obb data to migrate.
05-28 05:11:19.790   505  1713 I chatty  : uid=1000(system) Binder:505_C identical 1 line
05-28 05:11:19.791  1790  1827 I ContactsProviderV1: Bootstrapping database legacy support
05-28 05:11:19.792   699  1191 I HeadsetPhoneState: stopListenForPhoneState(), no listener indicates nothing is listening
05-28 05:11:19.792   699  1191 W HeadsetPhoneState: startListenForPhoneState, no event to listen
05-28 05:11:19.795  1029  1029 I NotificationMgr: updateCfi: subId= 1, visible=N
05-28 05:11:19.795   505   649 W BestClock: java.time.DateTimeException: Missing NTP fix
05-28 05:11:19.796  1029  1029 I NotificationMgr: updateMwi(): subId 1 update to false
05-28 05:11:19.797  1029  1029 I Telephony: TelecomAccountRegistry: onSubscriptionsChanged - update accounts
05-28 05:11:19.797  1029  1029 I Telephony: PstnIncomingCallNotifier: Unregistering: Handler (com.android.internal.telephony.GsmCdmaPhone) {fbabd2e}
05-28 05:11:19.797  1029  1029 I Telephony: TelecomAccountRegistry: setupAccounts: Found 1 phones.  Attempting to register.
05-28 05:11:19.797  1029  1029 I Telephony: TelecomAccountRegistry: setupAccounts: Phone with subscription id 1
05-28 05:11:19.800   505   649 W BestClock: java.time.DateTimeException: Missing NTP fix
05-28 05:11:19.800  1029  1029 I Telephony: isRttCurrentlySupported -- regular acct, hasVoiceAvailability: false
05-28 05:11:19.800  1029  1029 I Telephony:  isRttSupported: false
05-28 05:11:19.800  1029  1029 I Telephony:  isRoaming: false
05-28 05:11:19.800  1029  1029 I Telephony:  isOnWfc: false
05-28 05:11:19.815   505  1713 I Telecom : PhoneAccountRegistrar: Modify account: [ComponentInfo{com.android.phone/com.android.services.telephony.TelephonyConnectionService}, ***, UserHandle{0}]: TSI.rPA@AE4
05-28 05:11:19.816   505  1713 I Telecom : CallsManager: handlePhoneAccountChanged: phoneAccount=[[X] PhoneAccount: ComponentInfo{com.android.phone/com.android.services.telephony.TelephonyConnectionService}, ***, UserHandle{0} Capabilities: CallProvider MultiUser PlaceEmerg SimSub  Audio Routes: BESW Schemes: tel voicemail  Extras: Bundle[{android.telecom.extra.SUPPORTS_VIDEO_CALLING_FALLBACK=true}] GroupId: ***]: TSI.rPA@AE4
05-28 05:11:19.816  1029  1029 I Telephony: AccountEntry: Registered phoneAccount: [[ ] PhoneAccount: ComponentInfo{com.android.phone/com.android.services.telephony.TelephonyConnectionService}, ***, UserHandle{0} Capabilities: CallProvider MultiUser PlaceEmerg SimSub  Audio Routes: BESW Schemes: tel voicemail  Extras: Bundle[{android.telecom.extra.SUPPORTS_VIDEO_CALLING_FALLBACK=true}] GroupId: ***] with handle: ComponentInfo{com.android.phone/com.android.services.telephony.TelephonyConnectionService}, ***, UserHandle{0}
05-28 05:11:19.816  1029  1029 I Telephony: PstnIncomingCallNotifier: Registering: Handler (com.android.internal.telephony.GsmCdmaPhone) {fbabd2e}
05-28 05:11:19.819   505   547 W ActivityManager: Slow operation: 51ms so far, now at startProcess: returned from zygote!
05-28 05:11:19.819   505   608 I StorageSessionController: Notifying volume state changed for session with id: emulated;0
05-28 05:11:19.822   931  1779 E FrameEvents: updateAcquireFence: Did not find frame.
05-28 05:11:19.829  1866  1866 W viders.calenda: Unexpected CPU variant for X86 using defaults: x86_64
05-28 05:11:19.829   505   547 W ActivityManager: Slow operation: 61ms so far, now at startProcess: done updating battery stats
05-28 05:11:19.830   505   547 W ActivityManager: Slow operation: 61ms so far, now at startProcess: building log message
05-28 05:11:19.830   505   547 I ActivityManager: Start proc 1866:com.android.providers.calendar/u0a67 for broadcast {com.android.providers.calendar/com.android.providers.calendar.CalendarUpgradeReceiver}
05-28 05:11:19.830   505   547 W ActivityManager: Slow operation: 61ms so far, now at startProcess: starting to update pids map
05-28 05:11:19.830   505   547 W ActivityManager: Slow operation: 62ms so far, now at startProcess: done updating pids map
05-28 05:11:19.844   390   404 I adbd    : jdwp connection from 1866
05-28 05:11:19.846   505   545 I chatty  : uid=1000(system) android.bg identical 1 line
05-28 05:11:19.860  1691  1873 W MessagingApp: canonicalizeMccMnc: invalid mccmnc:null ,null
05-28 05:11:19.872  1029  1029 I NotificationMgr: updateCfi: subId= 1, visible=N
05-28 05:11:19.873  1029  1029 I NotificationMgr: updateMwi(): subId 1 update to false
05-28 05:11:19.875  1029  1029 I Telephony: TelecomAccountRegistry: onSubscriptionsChanged - update accounts
05-28 05:11:19.875  1029  1029 I Telephony: PstnIncomingCallNotifier: Unregistering: Handler (com.android.internal.telephony.GsmCdmaPhone) {fbabd2e}
05-28 05:11:19.875  1029  1029 I Telephony: TelecomAccountRegistry: setupAccounts: Found 1 phones.  Attempting to register.
05-28 05:11:19.875  1029  1029 I Telephony: TelecomAccountRegistry: setupAccounts: Phone with subscription id 1
05-28 05:11:19.896  1691  1873 I MessagingApp: Carrier configs loaded: Bundle[{httpSocketTimeout=60000, aliasMinChars=2, smsToMmsTextThreshold=-1, enableSMSDeliveryReports=true, maxMessageTextSize=-1, supportMmsContentDisposition=true, enabledTransID=false, aliasEnabled=false, supportHttpCharsetHeader=false, allowAttachAudio=true, smsToMmsTextLengthThreshold=-1, recipientLimit=2147483647, uaProfTagName=x-wap-profile, aliasMaxChars=48, maxImageHeight=1944, enableMMSDeliveryReports=false, userAgent=, mmsCloseConnection=true, config_cellBroadcastAppLinks=true, maxSubjectLength=40, httpParams=, enableGroupMms=true, emailGatewayNumber=, maxMessageSize=1048576, naiSuffix=, enableMMSReadReports=false, maxImageWidth=2592, uaProfUrl=, enabledMMS=false, enabledNotifyWapMMSC=false, sendMultipartSmsAsSeparateMessages=false, enableMultipartSMS=true}] from resources+system for subId=1
05-28 05:11:19.899  1029  1029 I Telephony: isRttCurrentlySupported -- regular acct, hasVoiceAvailability: false
05-28 05:11:19.899  1029  1029 I Telephony:  isRttSupported: false
05-28 05:11:19.899  1029  1029 I Telephony:  isRoaming: false
05-28 05:11:19.899  1029  1029 I Telephony:  isOnWfc: false
05-28 05:11:19.905   505  1787 I Telecom : PhoneAccountRegistrar: Modify account: [ComponentInfo{com.android.phone/com.android.services.telephony.TelephonyConnectionService}, ***, UserHandle{0}]: TSI.rPA@AFI
05-28 05:11:19.906   505  1787 I Telecom : CallsManager: handlePhoneAccountChanged: phoneAccount=[[X] PhoneAccount: ComponentInfo{com.android.phone/com.android.services.telephony.TelephonyConnectionService}, ***, UserHandle{0} Capabilities: CallProvider MultiUser PlaceEmerg SimSub  Audio Routes: BESW Schemes: tel voicemail  Extras: Bundle[{android.telecom.extra.SUPPORTS_VIDEO_CALLING_FALLBACK=true}] GroupId: ***]: TSI.rPA@AFI
05-28 05:11:19.906  1029  1029 I Telephony: AccountEntry: Registered phoneAccount: [[ ] PhoneAccount: ComponentInfo{com.android.phone/com.android.services.telephony.TelephonyConnectionService}, ***, UserHandle{0} Capabilities: CallProvider MultiUser PlaceEmerg SimSub  Audio Routes: BESW Schemes: tel voicemail  Extras: Bundle[{android.telecom.extra.SUPPORTS_VIDEO_CALLING_FALLBACK=true}] GroupId: ***] with handle: ComponentInfo{com.android.phone/com.android.services.telephony.TelephonyConnectionService}, ***, UserHandle{0}
05-28 05:11:19.906  1029  1029 I Telephony: PstnIncomingCallNotifier: Registering: Handler (com.android.internal.telephony.GsmCdmaPhone) {fbabd2e}
05-28 05:11:19.908  1866  1866 I viders.calenda: The ClassLoaderContext is a special shared library.
05-28 05:11:19.908  1790  1825 I ContactDirectoryManager: deleted 0 stale rows which don't have any relevant directory
05-28 05:11:19.908  1790  1825 I ContactDirectoryManager: Discovered 0 contact directories in 0ms
05-28 05:11:19.909  1790  1825 I ContactsProvider: Locale has changed from null to [en_US]
05-28 05:11:19.909  1790  1825 I ContactsDatabaseHelper: Switching to locale [en_US] (ICU v66.1.0.0)
05-28 05:11:19.933   931   931 W System  : ClassLoader referenced unknown path: 
05-28 05:11:19.941  1029  1029 I Telephony: PstnIncomingCallNotifier: Unregistering: Handler (com.android.internal.telephony.GsmCdmaPhone) {fbabd2e}
05-28 05:11:19.941  1029  1029 I Telephony: TelecomAccountRegistry: setupAccounts: Found 1 phones.  Attempting to register.
05-28 05:11:19.941  1029  1029 I Telephony: TelecomAccountRegistry: setupAccounts: Phone with subscription id 1
05-28 05:11:19.950   505   814 W InputReader: Device virtio_input_multi_touch_10 is associated with display ADISPLAY_ID_NONE.
05-28 05:11:19.950   505   814 W InputReader: Device virtio_input_multi_touch_7 is associated with display ADISPLAY_ID_NONE.
05-28 05:11:19.950   505   814 W InputReader: Device virtio_input_multi_touch_4 is associated with display ADISPLAY_ID_NONE.
05-28 05:11:19.950   505   814 W InputReader: Device virtio_input_multi_touch_9 is associated with display ADISPLAY_ID_NONE.
05-28 05:11:19.950   505   814 W InputReader: Device virtio_input_multi_touch_11 is associated with display ADISPLAY_ID_NONE.
05-28 05:11:19.950   505   814 W InputReader: Device virtio_input_multi_touch_5 is associated with display ADISPLAY_ID_NONE.
05-28 05:11:19.950   505   814 W InputReader: Device virtio_input_multi_touch_6 is associated with display ADISPLAY_ID_NONE.
05-28 05:11:19.950   505   814 W InputReader: Device virtio_input_multi_touch_3 is associated with display ADISPLAY_ID_NONE.
05-28 05:11:19.950   505   814 W InputReader: Device virtio_input_multi_touch_2 is associated with display ADISPLAY_ID_NONE.
05-28 05:11:19.950   505   814 W InputReader: Device virtio_input_multi_touch_8 is associated with display ADISPLAY_ID_NONE.
05-28 05:11:19.953   505   545 W VoiceInteractionManager: no available voice interaction services found for user 0
05-28 05:11:19.963  1029  1029 I Telephony: isRttCurrentlySupported -- regular acct, hasVoiceAvailability: false
05-28 05:11:19.963  1029  1029 I Telephony:  isRttSupported: false
05-28 05:11:19.963  1029  1029 I Telephony:  isRoaming: false
05-28 05:11:19.963  1029  1029 I Telephony:  isOnWfc: false
05-28 05:11:19.968  1866  1866 I CalendarDatabaseHelper: Bootstrapping database
05-28 05:11:19.991   931   931 W UnsafeUtil: platform method missing - proto runtime falling back to safer methods: java.lang.NoSuchMethodException: sun.misc.Unsafe.copyMemory [class java.lang.Object, long, class java.lang.Object, long, long]
05-28 05:11:20.004   505   645 I Telecom : PhoneAccountRegistrar: Modify account: [ComponentInfo{com.android.phone/com.android.services.telephony.TelephonyConnectionService}, ***, UserHandle{0}]: TSI.rPA@AFQ
05-28 05:11:20.005   505   645 I Telecom : CallsManager: handlePhoneAccountChanged: phoneAccount=[[X] PhoneAccount: ComponentInfo{com.android.phone/com.android.services.telephony.TelephonyConnectionService}, ***, UserHandle{0} Capabilities: CallProvider MultiUser PlaceEmerg SimSub  Audio Routes: BESW Schemes: tel voicemail  Extras: Bundle[{android.telecom.extra.SUPPORTS_VIDEO_CALLING_FALLBACK=true}] GroupId: ***]: TSI.rPA@AFQ
05-28 05:11:20.005  1029  1029 I Telephony: AccountEntry: Registered phoneAccount: [[ ] PhoneAccount: ComponentInfo{com.android.phone/com.android.services.telephony.TelephonyConnectionService}, ***, UserHandle{0} Capabilities: CallProvider MultiUser PlaceEmerg SimSub  Audio Routes: BESW Schemes: tel voicemail  Extras: Bundle[{android.telecom.extra.SUPPORTS_VIDEO_CALLING_FALLBACK=true}] GroupId: ***] with handle: ComponentInfo{com.android.phone/com.android.services.telephony.TelephonyConnectionService}, ***, UserHandle{0}
05-28 05:11:20.005  1029  1029 I Telephony: PstnIncomingCallNotifier: Registering: Handler (com.android.internal.telephony.GsmCdmaPhone) {fbabd2e}
05-28 05:11:20.005   331   355 W ServiceManager: Permission failure: android.permission.ACCESS_SURFACE_FLINGER from uid=10114 pid=931
05-28 05:11:20.028   931   981 W DefaultLayoutParser: No preference or single system activity found for Intent { act=android.intent.action.MAIN cat=[android.intent.category.APP_BROWSER] }
05-28 05:11:20.038  1866  1866 I CalendarProvider2: Created com.android.providers.calendar.CalendarAlarmManager@b2c210c(com.android.providers.calendar.CalendarProvider2@f23ea55)
05-28 05:11:20.041  1903  1905 I cmd     : oneway function results will be dropped but finished with status OK and parcel size 4
05-28 05:11:20.057   931   981 W DefaultLayoutParser: No preference or single system activity found for Intent { act=android.intent.action.MAIN cat=[android.intent.category.APP_EMAIL] }
05-28 05:11:20.058   931   981 W DefaultLayoutParser: No preference or single system activity found for Intent { act=android.intent.action.VIEW dat=mailto: }
05-28 05:11:20.075  1029  1029 I Telephony: handleVideoCapabilitesChanged. Video capability - false
05-28 05:11:20.075  1029  1029 I VvmSimStateTracker: android.telephony.action.CARRIER_CONFIG_CHANGED
05-28 05:11:20.080  1866  1866 I CalendarUpgradeReceiver: Creating or opening calendar database
05-28 05:11:20.042   505   545 I chatty  : uid=1000(system) android.bg identical 1 line
05-28 05:11:20.080   505   618 I PreBootBroadcaster: Pre-boot of {com.android.providers.contacts/com.android.providers.contacts.ContactsUpgradeReceiver} for user 0
05-28 05:11:20.083   505   545 I ActivityTaskManager: Displayed com.android.launcher3/.uioverrides.QuickstepLauncher: +881ms
05-28 05:11:20.084  1029  1029 I VvmSimStateTracker: Service connected on ComponentInfo{com.android.phone/com.android.services.telephony.TelephonyConnectionService}, ***, UserHandle{0}
05-28 05:11:20.087  1029  1029 I Telephony: handleVideoCapabilitesChanged. Video capability - false
05-28 05:11:20.087  1029  1029 I Telephony: handleVideoCapabilitesChanged. Video capability - false
05-28 05:11:20.088   931   981 W DefaultLayoutParser: No preference or single system activity found for Intent { act=android.intent.action.MAIN cat=[android.intent.category.APP_MARKET] }
05-28 05:11:20.088  1715  1715 I Dialer  : LegacyVoicemailNotificationReceiver.onReceive - received legacy voicemail notification
05-28 05:11:20.088  1715  1715 I Dialer  : LegacyVoicemailNotificationReceiver.onReceive - isRefresh: true
05-28 05:11:20.088  1715  1715 I Dialer  : LegacyVoicemailNotificationReceiver.onReceive - clearing notification
