05-28 05:11:20.088  1715  1715 I Dialer  : LegacyVoicemailNotifier.cancelNotification - enter
05-28 05:11:20.089  1715  1715 I Dialer  : LegacyVoicemailNotificationReceiver.onReceive - received legacy voicemail notification
05-28 05:11:20.089  1715  1715 I Dialer  : LegacyVoicemailNotificationReceiver.onReceive - isRefresh: true
05-28 05:11:20.089  1715  1715 I Dialer  : LegacyVoicemailNotificationReceiver.onReceive - clearing notification
05-28 05:11:20.089  1715  1715 I Dialer  : LegacyVoicemailNotifier.cancelNotification - enter
05-28 05:11:20.089   931   981 W DefaultLayoutParser: No preference or single system activity found for Intent { act=android.intent.action.VIEW dat=market://details?id=com.android.launcher }
05-28 05:11:20.097  1790  1825 I ContactsDatabaseHelper: Locale change completed in 188ms
05-28 05:11:20.097  1790  1827 I ContactDirectoryManager: deleted 0 stale rows which don't have any relevant directory
05-28 05:11:20.097  1790  1825 I ContactsDatabaseHelper: Switching to locale [en_US] (ICU v66.1.0.0)
05-28 05:11:20.097  1790  1827 I ContactDirectoryManager: Discovered 0 contact directories in 203ms
05-28 05:11:20.102  1790  1827 I ContactsProvider: Locale has changed from null to [en_US]
05-28 05:11:20.119  1029  1029 I Telephony: isRttCurrentlySupported -- regular acct, hasVoiceAvailability: false
05-28 05:11:20.119  1029  1029 I Telephony:  isRttSupported: false
05-28 05:11:20.119  1029  1029 I Telephony:  isRoaming: false
05-28 05:11:20.119  1029  1029 I Telephony:  isOnWfc: false
05-28 05:11:20.134   505   813 I Telecom : PhoneAccountRegistrar: Modify account: [ComponentInfo{com.android.phone/com.android.services.telephony.TelephonyConnectionService}, ***, UserHandle{0}]: TSI.rPA@AFY
05-28 05:11:20.134   505   813 I Telecom : CallsManager: handlePhoneAccountChanged: phoneAccount=[[X] PhoneAccount: ComponentInfo{com.android.phone/com.android.services.telephony.TelephonyConnectionService}, ***, UserHandle{0} Capabilities: CallProvider MultiUser PlaceEmerg SimSub  Audio Routes: BESW Schemes: tel voicemail  Extras: Bundle[{android.telecom.extra.SUPPORTS_VIDEO_CALLING_FALLBACK=true}] GroupId: ***]: TSI.rPA@AFY
05-28 05:11:20.137  1029  1029 I RemoteVvmTaskManager: Binding to ComponentInfo{com.android.dialer/com.android.voicemail.impl.OmtpService}
05-28 05:11:20.152  1790  1825 I ContactsDatabaseHelper: Locale change completed in 55ms
05-28 05:11:20.157  1387  1921 I MediaProvider: Begin Intent { act=android.intent.action.MEDIA_MOUNTED dat=file:///storage/emulated/0 flg=0x5000010 cmp=com.android.providers.media.module/com.android.providers.media.MediaService (has extras) }
05-28 05:11:20.158  1790  1825 I ContactsFTS: Rebuild contact search index in 5ms, 0 contacts
05-28 05:11:20.162  1715  1715 I Dialer  : VvmOmtpService - onCellServiceConnected
05-28 05:11:20.167  1715  1715 I Dialer  : VoicemailModule.provideVoicemailClient - providing VoicemailClientImpl
05-28 05:11:20.174   505   656 W DnsManager: updatePrivateDns(100, PrivateDnsConfig{true:/[]})
05-28 05:11:20.188  1790  1825 I ContactsProvider: Upgrading aggregation algorithm
05-28 05:11:20.197   505   547 I ActivityManager: Start proc 1924:com.android.quicksearchbox/u0a106 for broadcast {com.android.quicksearchbox/com.android.quicksearchbox.SearchWidgetProvider}
05-28 05:11:20.200  1790  1827 I ContactsFTS: Rebuild contact search index in 29ms, 0 contacts
05-28 05:11:20.201  1790  1827 I ContactsProvider: Upgrading aggregation algorithm
05-28 05:11:20.212   277   883 E Netd    : Error adding route ::/0 -> fe80::2 radio0 to table 1017: File exists
05-28 05:11:20.215   505   656 W BestClock: java.time.DateTimeException: Missing NTP fix
05-28 05:11:20.227  1790  1825 I ContactAggregator: Marked all visible contacts for aggregation: 0 raw contacts, 0 ms
05-28 05:11:20.227  1790  1825 I ContactsProvider: Aggregation algorithm upgraded for 0 raw contacts in 39ms
05-28 05:11:20.231   505   656 W BestClock: java.time.DateTimeException: Missing NTP fix
05-28 05:11:20.232   505   649 W BestClock: java.time.DateTimeException: Missing NTP fix
05-28 05:11:20.236  1790  1827 I ContactAggregator: Marked all visible contacts for aggregation: 0 raw contacts, 1 ms
05-28 05:11:20.236  1790  1827 I ContactsProvider: Aggregation algorithm upgraded for 0 raw contacts in 35ms
05-28 05:11:20.243   931   931 E libprocessgroup: set_timerslack_ns write failed: Operation not permitted
05-28 05:11:20.251   277  1922 W resolv  : Validating DnsTlsServer on netId 100
05-28 05:11:20.259  1924  1924 W .quicksearchbo: Unexpected CPU variant for X86 using defaults: x86_64
05-28 05:11:20.266   390   404 I adbd    : jdwp connection from 1924
05-28 05:11:20.268   277  1922 W resolv  : SSL_connect ssl error =5, mark 0xf0064: Connection refused
05-28 05:11:20.269   277  1922 W resolv  : Validation failed
05-28 05:11:20.278   505   551 E libprocessgroup: AddTidToCgroup failed to write '1945'; fd=63: Invalid argument
05-28 05:11:20.278   505   551 E libprocessgroup: Failed to add task into cgroup
05-28 05:11:20.278   505   551 W libprocessgroup: ExecuteForTask failed for aggregate profile: Invalid argument
05-28 05:11:20.505     0     0 I init    : processing action (sys.sysctl.tcp_def_init_rwnd=*) from (/system/etc/init/hw/init.rc:1006)
05-28 05:11:20.332   505   656 W BestClock: java.time.DateTimeException: Missing NTP fix
05-28 05:11:20.359   505   649 W BestClock: java.time.DateTimeException: Missing NTP fix
05-28 05:11:20.360  1924  1924 I .quicksearchbo: The ClassLoaderContext is a special shared library.
05-28 05:11:20.361   505   656 W BestClock: java.time.DateTimeException: Missing NTP fix
05-28 05:11:20.366   505   649 W BestClock: java.time.DateTimeException: Missing NTP fix
05-28 05:11:20.370  1029  1029 W ConnectivityManager.CallbackHandler: callback not found for CALLBACK_AVAILABLE message
05-28 05:11:20.372  1924  1924 I .quicksearchbo: The ClassLoaderContext is a special shared library.
05-28 05:11:20.378  1029  1029 W ConnectivityManager.CallbackHandler: callback not found for CALLBACK_PRECHECK message
05-28 05:11:20.378  1029  1029 W ConnectivityManager.CallbackHandler: callback not found for CALLBACK_PRECHECK message
05-28 05:11:20.379  1029  1029 W ConnectivityManager.CallbackHandler: callback not found for CALLBACK_CAP_CHANGED message
05-28 05:11:20.379  1029  1029 W ConnectivityManager.CallbackHandler: callback not found for CALLBACK_CAP_CHANGED message
05-28 05:11:20.390   505   656 W BestClock: java.time.DateTimeException: Missing NTP fix
05-28 05:11:20.390   505   656 W BestClock: java.time.DateTimeException: Missing NTP fix
05-28 05:11:20.391   505   648 W BestClock: java.time.DateTimeException: Missing NTP fix
05-28 05:11:20.404   971  1933 W UnsafeUtil: platform method missing - proto runtime falling back to safer methods: java.lang.NoSuchMethodException: sun.misc.Unsafe.copyMemory [class java.lang.Object, long, class java.lang.Object, long, long]
05-28 05:11:20.420   408   408 I perfetto: probes_producer.cc:329  Producer stop (id=1)
05-28 05:11:20.423   410   410 I perfetto: ng_service_impl.cc:1948 Tracing session 1 ended, total sessions:3
05-28 05:11:20.436   505   649 W BestClock: java.time.DateTimeException: Missing NTP fix
05-28 05:11:20.436   505   648 W BestClock: java.time.DateTimeException: Missing NTP fix
05-28 05:11:20.437   505   656 W BestClock: java.time.DateTimeException: Missing NTP fix
05-28 05:11:20.437   505   656 W BestClock: java.time.DateTimeException: Missing NTP fix
05-28 05:11:20.573  1790  1790 I ContactsUpgradeReceiver: Creating or opening contacts database
05-28 05:11:20.577   505   645 I PreBootBroadcaster: Pre-boot of {com.android.providers.media.module/com.android.providers.media.MediaUpgradeReceiver} for user 0
05-28 05:11:20.578  1715  1715 I Dialer  : VvmTaskReceiver - task received
05-28 05:11:20.578  1715  1715 I Dialer  : VvmTaskReceiver - scheduling new job
05-28 05:11:20.579  1715  1715 I Dialer  : TaskSchedulerJobService - scheduling job with 1 tasks
05-28 05:11:20.579  1715  1715 I Dialer  : TaskSchedulerJobService - running job instantly.
05-28 05:11:20.587  1715  1715 I Dialer  : TaskSchedulerJobService - job 0 scheduled
05-28 05:11:20.588  1715  1715 I Dialer  : TaskSchedulerJobService - starting 0
05-28 05:11:20.597   505   539 I DropBoxManagerService: add tag=system_app_strictmode isTagEnabled=true flags=0x2
05-28 05:11:20.614  1387  1387 I MediaUpgradeReceiver: ---> Start upgrade of media database external.db
05-28 05:11:20.625  1715  1715 I Dialer  : VvmTaskExecutor - onStartJob
05-28 05:11:20.625  1715  1715 I Dialer  : Task.createTask - create task:com.android.voicemail.impl.ActivationTask
05-28 05:11:20.625  1715  1962 I Dialer  : VvmTaskExecutor - executing task com.android.voicemail.impl.ActivationTask@a041928
05-28 05:11:20.635  1715  1962 I Dialer  : PreOMigrationHandler - migrating ComponentInfo{com.android.phone/com.android.services.telephony.TelephonyConnectionService}, ***, UserHandle{0}
05-28 05:11:20.636  1715  1962 I Dialer  : PreOMigrationHandler.migrateSettings - migrating settings
05-28 05:11:20.669   408   408 I perfetto: probes_producer.cc:329  Producer stop (id=2)
05-28 05:11:20.673   505   537 I GnssNetworkConnectivityHandler: updateNetworkState, state=CLOSED, connected=true, network=100, capabilities=[ Transports: CELLULAR Capabilities: MMS&SUPL&DUN&FOTA&IMS&CBS&INTERNET&NOT_RESTRICTED&TRUSTED&NOT_VPN&VALIDATED&NOT_ROAMING&FOREGROUND&NOT_CONGESTED&NOT_SUSPENDED LinkUpBandwidth>=15000Kbps LinkDnBandwidth>=30000Kbps Specifier: <TelephonyNetworkSpecifier [mSubId = 1]> AdministratorUids: [] RequestorUid: -1 RequestorPackageName: null], apn: epc.tmobile.com, availableNetworkCount: 1
05-28 05:11:20.673  1387  1387 I MediaUpgradeReceiver: <--- Finished upgrade of media database external.db in 59ms
05-28 05:11:20.673  1387  1387 I MediaUpgradeReceiver: ---> Start upgrade of media database internal.db
05-28 05:11:20.676   410   410 I perfetto: ng_service_impl.cc:1948 Tracing session 2 ended, total sessions:2
05-28 05:11:20.681   277  1967 W resolv  : Validating DnsTlsServer on netId 100
05-28 05:11:20.683   277  1967 W resolv  : SSL_connect ssl error =5, mark 0xf0064: Connection refused
05-28 05:11:20.684   277  1967 W resolv  : Validation failed
05-28 05:11:20.705  1691  1742 I MessagingAppDataModel: SyncMessagesAction: All messages now in sync
05-28 05:11:20.707   505   652 W system_server: Core platform API violation: Lsun/misc/Unsafe;->allocateInstance(Ljava/lang/Class;)Ljava/lang/Object; from /apex/com.android.wifi/javalib/service-wifi.jar using linking
05-28 05:11:20.709  1790  1810 I VoicemailNotifier: receivers for android.intent.action.PROVIDER_CHANGED :[]
05-28 05:11:20.711   505   652 W UnsafeUtil: platform method missing - proto runtime falling back to safer methods: java.lang.NoSuchMethodException: sun.misc.Unsafe.copyMemory [class java.lang.Object, long, class java.lang.Object, long, long]
05-28 05:11:20.713  1790  1810 I VoicemailNotifier: receivers for android.intent.action.PROVIDER_CHANGED :[]
05-28 05:11:20.714  1715  1962 I Dialer  : VvmActivationTask - VVM content provider configured - vvm_type_cvvm
05-28 05:11:20.714  1715  1962 I Dialer  : OmtpVvmCarrierCfgHlpr - OmtpEvent:CONFIG_ACTIVATING
05-28 05:11:20.716   505   652 W LastMileLogger: Failed to open free_buffer pseudo-file: /sys/kernel/debug/tracing/instances/wifi/free_buffer: open failed: ENOENT (No such file or directory)
05-28 05:11:20.717   505   652 W LastMileLogger: Failed to arm fail-safe.
05-28 05:11:20.718   505   652 I WifiClientModeImpl: Connecting with 02:15:b2:00:00:00 as the mac address
05-28 05:11:20.718   431   431 W wificond: Scan is not started. Ignore abort request
05-28 05:11:20.720   505   652 I SupplicantStaIfaceHal: addSupplicantStaNetwork via HIDL
05-28 05:11:20.720  1790  1810 I VoicemailNotifier: receivers for android.intent.action.PROVIDER_CHANGED :[]
05-28 05:11:20.768   698   698 I wpa_supplicant: wlan0: SME: Trying to authenticate with 02:15:b2:00:01:00 (SSID='AndroidWifi' freq=2447 MHz)
05-28 05:11:20.768  1387  1921 I MediaProvider: Changed schema version on internal from 0 to 1114, 0 items taking 327ms
05-28 05:11:20.949     0     0 I wlan0   : authenticate with 02:15:b2:00:01:00
05-28 05:11:20.951     0     0 I wlan0   : send auth to 02:15:b2:00:01:00 (try 1/3)
05-28 05:11:20.953     0     0 I wlan0   : authenticated
05-28 05:11:20.775   495   495 I hostapd : wlan1: STA 02:15:b2:00:00:00 IEEE 802.11: authenticated
05-28 05:11:20.775   495   495 I hostapd : wlan1: STA 02:15:b2:00:00:00 IEEE 802.11: authenticated
05-28 05:11:20.776   698   698 I wpa_supplicant: wlan0: Trying to associate with 02:15:b2:00:01:00 (SSID='AndroidWifi' freq=2447 MHz)
05-28 05:11:20.956     0     0 I wlan0   : associate with 02:15:b2:00:01:00 (try 1/3)
05-28 05:11:20.780   495   495 I hostapd : wlan1: STA 02:15:b2:00:00:00 IEEE 802.11: associated (aid 1)
05-28 05:11:20.780   495   495 I hostapd : wlan1: STA 02:15:b2:00:00:00 IEEE 802.11: associated (aid 1)
05-28 05:11:20.781   495   495 I hostapd : wlan1: AP-STA-CONNECTED 02:15:b2:00:00:00
05-28 05:11:20.960     0     0 I wlan0   : RX AssocResp from 02:15:b2:00:01:00 (capab=0x401 status=0 aid=1)
05-28 05:11:20.964     0     0 I wlan0   : associated
05-28 05:11:20.792   698   698 I wpa_supplicant: wlan0: Associated with 02:15:b2:00:01:00
05-28 05:11:20.792   698   698 I wpa_supplicant: wlan0: CTRL-EVENT-CONNECTED - Connection to 02:15:b2:00:01:00 completed [id=0 id_str=%7B%22configKey%22%3A%22%5C%22AndroidWifi%5C%22NONE%22%2C%22creatorUid%22%3A%221000%22%7D]
05-28 05:11:20.793   698   698 I wpa_supplicant: wlan0: CTRL-EVENT-SUBNET-STATUS-UPDATE status=0
05-28 05:11:20.823   505   814 I WifiService: updateInterfaceIpState uid=1073
05-28 05:11:20.828   505   547 I ActivityManager: Start proc 1970:com.android.localtransport/1000 for service {com.android.localtransport/com.android.localtransport.LocalTransportService}
05-28 05:11:20.839  1970  1970 W .localtranspor: Unexpected CPU variant for X86 using defaults: x86_64
05-28 05:11:20.852   390   404 I adbd    : jdwp connection from 1970
05-28 05:11:20.862   277   883 E Netd    : no such netId 101
05-28 05:11:20.862   505   656 E ConnectivityService: Exception adding interface: java.lang.IllegalStateException: android.os.ServiceSpecificException: Machine is not on the network (code 64)
05-28 05:11:20.862   277   883 E Netd    : no such netId 101
05-28 05:11:20.863  1387  1387 I MediaProvider: Changed schema version on internal from 0 to 1114, 0 items taking 72ms
05-28 05:11:20.872  1387  1387 I SQLiteConnectionPool: The connection pool for /data/user/0/com.android.providers.media.module/databases/internal.db has been closed but there are still 1 connections in use.  They will be closed as they are released back to the pool.
05-28 05:11:20.873  1387  1387 E MediaUpgradeReceiver: Error during upgrade of media db internal.db
05-28 05:11:20.873  1387  1387 E MediaUpgradeReceiver: java.lang.NullPointerException: Attempt to invoke interface method 'void com.android.providers.media.DatabaseHelper$OnLegacyMigrationListener.onStarted(android.content.ContentProviderClient, java.lang.String)' on a null object reference
05-28 05:11:20.873  1387  1387 E MediaUpgradeReceiver: 	at com.android.providers.media.DatabaseHelper.migrateFromLegacy(DatabaseHelper.java:841)
05-28 05:11:20.873  1387  1387 E MediaUpgradeReceiver: 	at com.android.providers.media.DatabaseHelper.onOpen(DatabaseHelper.java:375)
05-28 05:11:20.873  1387  1387 E MediaUpgradeReceiver: 	at android.database.sqlite.SQLiteOpenHelper.getDatabaseLocked(SQLiteOpenHelper.java:427)
05-28 05:11:20.873  1387  1387 E MediaUpgradeReceiver: 	at android.database.sqlite.SQLiteOpenHelper.getWritableDatabase(SQLiteOpenHelper.java:316)
05-28 05:11:20.873  1387  1387 E MediaUpgradeReceiver: 	at com.android.providers.media.DatabaseHelper.runWithTransaction(DatabaseHelper.java:551)
05-28 05:11:20.873  1387  1387 E MediaUpgradeReceiver: 	at com.android.providers.media.MediaUpgradeReceiver.onReceive(MediaUpgradeReceiver.java:72)
05-28 05:11:20.873  1387  1387 E MediaUpgradeReceiver: 	at android.app.ActivityThread.handleReceiver(ActivityThread.java:4032)
05-28 05:11:20.873  1387  1387 E MediaUpgradeReceiver: 	at android.app.ActivityThread.access$1400(ActivityThread.java:237)
05-28 05:11:20.873  1387  1387 E MediaUpgradeReceiver: 	at android.app.ActivityThread$H.handleMessage(ActivityThread.java:1924)
05-28 05:11:20.873  1387  1387 E MediaUpgradeReceiver: 	at android.os.Handler.dispatchMessage(Handler.java:106)
05-28 05:11:20.873  1387  1387 E MediaUpgradeReceiver: 	at android.os.Looper.loop(Looper.java:223)
05-28 05:11:20.873  1387  1387 E MediaUpgradeReceiver: 	at android.app.ActivityThread.main(ActivityThread.java:7656)
05-28 05:11:20.873  1387  1387 E MediaUpgradeReceiver: 	at java.lang.reflect.Method.invoke(Native Method)
05-28 05:11:20.873  1387  1387 E MediaUpgradeReceiver: 	at com.android.internal.os.RuntimeInit$MethodAndArgsCaller.run(RuntimeInit.java:592)
05-28 05:11:20.873  1387  1387 E MediaUpgradeReceiver: 	at com.android.internal.os.ZygoteInit.main(ZygoteInit.java:947)
05-28 05:11:20.874  1387  1387 I MediaUpgradeReceiver: <--- Finished upgrade of media database internal.db in 201ms
05-28 05:11:20.875   505   814 I PreBootBroadcaster: Pre-boot of {com.android.settings/com.android.settings.SettingsInitialize} for user 0
05-28 05:11:20.880   505   814 I ActivityManager: Posting BOOT_COMPLETED user #0
05-28 05:11:20.881   505   546 I SystemServerTimingAsync: ssm.UnlockedUser-0
05-28 05:11:20.881   505   546 I SystemServiceManager: Calling onUnlockedUser 0
05-28 05:11:20.881   505   546 I SystemServerTimingAsync: ssm.onUnlockedUser-0_com.android.server.security.FileIntegrityService
05-28 05:11:20.881   505   546 I SystemServerTimingAsync: ssm.onUnlockedUser-0_com.android.server.pm.Installer
05-28 05:11:20.881   505   546 I SystemServerTimingAsync: ssm.onUnlockedUser-0_com.android.server.os.DeviceIdentifiersPolicyService
05-28 05:11:20.881   505   546 I SystemServerTimingAsync: ssm.onUnlockedUser-0_com.android.server.uri.UriGrantsManagerService$Lifecycle
05-28 05:11:20.881   505   546 I SystemServerTimingAsync: ssm.onUnlockedUser-0_com.android.server.wm.ActivityTaskManagerService$Lifecycle
05-28 05:11:20.881   505   546 I SystemServerTimingAsync: ssm.onUnlockedUser-0_com.android.server.am.ActivityManagerService$Lifecycle
05-28 05:11:20.881   505   546 I SystemServerTimingAsync: ssm.onUnlockedUser-0_com.android.server.pm.DataLoaderManagerService
05-28 05:11:20.881   505   546 I SystemServerTimingAsync: ssm.onUnlockedUser-0_com.android.server.power.PowerManagerService
05-28 05:11:20.881   505   546 I SystemServerTimingAsync: ssm.onUnlockedUser-0_com.android.server.power.ThermalManagerService
05-28 05:11:20.881   505   546 I SystemServerTimingAsync: ssm.onUnlockedUser-0_com.android.server.recoverysystem.RecoverySystemService$Lifecycle
05-28 05:11:20.881   505   546 I SystemServerTimingAsync: ssm.onUnlockedUser-0_com.android.server.lights.LightsService
05-28 05:11:20.881   505   546 I SystemServerTimingAsync: ssm.onUnlockedUser-0_com.android.server.display.DisplayManagerService
05-28 05:11:20.881   505   546 I SystemServerTimingAsync: ssm.onUnlockedUser-0_com.android.server.pm.UserManagerService$LifeCycle
05-28 05:11:20.881   505   546 I SystemServerTimingAsync: ssm.onUnlockedUser-0_com.android.server.om.OverlayManagerService
05-28 05:11:20.881   505   546 I SystemServerTimingAsync: ssm.onUnlockedUser-0_com.android.server.SensorPrivacyService
05-28 05:11:20.881   505   546 I SystemServerTimingAsync: ssm.onUnlockedUser-0_com.android.server.SystemConfigService
05-28 05:11:20.881   505   546 I SystemServerTimingAsync: ssm.onUnlockedUser-0_com.android.server.BatteryService
05-28 05:11:20.881   505   546 I SystemServerTimingAsync: ssm.onUnlockedUser-0_com.android.server.usage.UsageStatsService
05-28 05:11:20.881   505   546 I SystemServerTimingAsync: ssm.onUnlockedUser-0_com.android.server.webkit.WebViewUpdateService
05-28 05:11:20.881   505   546 I SystemServerTimingAsync: ssm.onUnlockedUser-0_com.android.server.CachedDeviceStateService
05-28 05:11:20.881   505   546 I SystemServerTimingAsync: ssm.onUnlockedUser-0_com.android.server.BinderCallsStatsService$LifeCycle
05-28 05:11:20.881   505   546 I SystemServerTimingAsync: ssm.onUnlockedUser-0_com.android.server.LooperStatsService$Lifecycle
05-28 05:11:20.881   505   546 I SystemServerTimingAsync: ssm.onUnlockedUser-0_com.android.server.rollback.RollbackManagerService
05-28 05:11:20.881   505   546 I SystemServerTimingAsync: ssm.onUnlockedUser-0_com.android.server.os.BugreportManagerService
05-28 05:11:20.881   505   546 I SystemServerTimingAsync: ssm.onUnlockedUser-0_com.android.server.gpu.GpuService
05-28 05:11:20.881   505   546 I SystemServerTimingAsync: ssm.onUnlockedUser-0_com.android.server.security.KeyChainSystemService
05-28 05:11:20.882   505   546 I SystemServerTimingAsync: ssm.onUnlockedUser-0_com.android.server.telecom.TelecomLoaderService
05-28 05:11:20.882   505   546 I SystemServerTimingAsync: ssm.onUnlockedUser-0_com.android.server.accounts.AccountManagerService$Lifecycle
05-28 05:11:20.882   505   546 I SystemServerTimingAsync: ssm.onUnlockedUser-0_com.android.server.content.ContentService$Lifecycle
05-28 05:11:20.882   505   546 I SystemServerTimingAsync: ssm.onUnlockedUser-0_com.android.server.DropBoxManagerService
05-28 05:11:20.882   505   546 I SystemServerTimingAsync: ssm.onUnlockedUser-0_com.android.server.AlarmManagerService
05-28 05:11:20.882   505   546 I SystemServerTimingAsync: ssm.onUnlockedUser-0_com.android.server.BluetoothService
05-28 05:11:20.882   505   546 I SystemServerTimingAsync: ssm.onUnlockedUser-0_com.android.server.connectivity.IpConnectivityMetrics
05-28 05:11:20.882   505   546 I SystemServerTimingAsync: ssm.onUnlockedUser-0_com.android.server.net.watchlist.NetworkWatchlistService$Lifecycle
05-28 05:11:20.882   505   546 I SystemServerTimingAsync: ssm.onUnlockedUser-0_com.android.server.PinnerService
05-28 05:11:20.882   505   546 I SystemServerTimingAsync: ssm.onUnlockedUser-0_com.google.android.startop.iorap.IorapForwardingService
05-28 05:11:20.882   505   546 I SystemServerTimingAsync: ssm.onUnlockedUser-0_com.android.server.integrity.AppIntegrityManagerService
05-28 05:11:20.882   505   546 I SystemServerTimingAsync: ssm.onUnlockedUser-0_com.android.server.inputmethod.InputMethodManagerService$Lifecycle
05-28 05:11:20.882   505   546 I SystemServerTimingAsync: ssm.onUnlockedUser-0_com.android.server.accessibility.AccessibilityManagerService$Lifecycle
05-28 05:11:20.882   505   546 I SystemServerTimingAsync: ssm.onUnlockedUser-0_com.android.server.StorageManagerService$Lifecycle
05-28 05:11:20.882   505   546 I SystemServerTimingAsync: ssm.onUnlockedUser-0_com.android.server.usage.StorageStatsService$Lifecycle
05-28 05:11:20.882   505   546 I SystemServerTimingAsync: ssm.onUnlockedUser-0_com.android.server.UiModeManagerService
05-28 05:11:20.882   505   546 I SystemServerTimingAsync: ssm.onUnlockedUser-0_com.android.server.locksettings.LockSettingsService$Lifecycle
05-28 05:11:20.882   505   546 I SystemServerTimingAsync: ssm.onUnlockedUser-0_com.android.server.testharness.TestHarnessModeService
05-28 05:11:20.882   505   546 I SystemServerTimingAsync: ssm.onUnlockedUser-0_com.android.server.DeviceIdleController
05-28 05:11:20.882   505   546 I SystemServerTimingAsync: ssm.onUnlockedUser-0_com.android.server.devicepolicy.DevicePolicyManagerService$Lifecycle
05-28 05:11:20.882   505   546 I SystemServerTimingAsync: ssm.onUnlockedUser-0_com.android.server.textservices.TextServicesManagerService$Lifecycle
05-28 05:11:20.882   505   546 I SystemServerTimingAsync: ssm.onUnlockedUser-0_com.android.server.textclassifier.TextClassificationManagerService$Lifecycle
05-28 05:11:20.882   505   546 I SystemServerTimingAsync: ssm.onUnlockedUser-0_com.android.server.NetworkScoreService$Lifecycle
05-28 05:11:20.882   505   546 I SystemServerTimingAsync: ssm.onUnlockedUser-0_com.android.server.wifi.WifiService
05-28 05:11:20.882   505   546 I SystemServerTimingAsync: ssm.onUnlockedUser-0_com.android.server.wifi.scanner.WifiScanningService
05-28 05:11:20.882   505   546 I SystemServerTimingAsync: ssm.onUnlockedUser-0_com.android.server.wifi.p2p.WifiP2pService
05-28 05:11:20.882   505   546 I SystemServerTimingAsync: ssm.onUnlockedUser-0_com.android.server.notification.NotificationManagerService
05-28 05:11:20.882   505   546 I SystemServerTimingAsync: ssm.onUnlockedUser-0_com.android.server.storage.DeviceStorageMonitorService
05-28 05:11:20.882   505   546 I SystemServerTimingAsync: ssm.onUnlockedUser-0_com.android.server.location.LocationManagerService$Lifecycle
05-28 05:11:20.882   505   546 I SystemServerTimingAsync: ssm.onUnlockedUser-0_com.android.server.timedetector.TimeDetectorService$Lifecycle
05-28 05:11:20.882   505   546 I SystemServerTimingAsync: ssm.onUnlockedUser-0_com.android.server.timezonedetector.TimeZoneDetectorService$Lifecycle
05-28 05:11:20.882   505   546 I SystemServerTimingAsync: ssm.onUnlockedUser-0_com.android.server.search.SearchManagerService$Lifecycle
05-28 05:11:20.882   505   546 I SystemServerTimingAsync: ssm.onUnlockedUser-0_com.android.server.wallpaper.WallpaperManagerService$Lifecycle
05-28 05:11:20.882   505   546 I SystemServerTimingAsync: ssm.onUnlockedUser-0_com.android.server.audio.AudioService$Lifecycle
05-28 05:11:20.882   505   546 I SystemServerTimingAsync: ssm.onUnlockedUser-0_com.android.server.soundtrigger_middleware.SoundTriggerMiddlewareService$Lifecycle
05-28 05:11:20.882   505   546 I SystemServerTimingAsync: ssm.onUnlockedUser-0_com.android.server.DockObserver
05-28 05:11:20.882   505   546 I SystemServerTimingAsync: ssm.onUnlockedUser-0_com.android.server.midi.MidiService$Lifecycle
05-28 05:11:20.882   505   546 I SystemServerTimingAsync: ssm.onUnlockedUser-0_com.android.server.adb.AdbService$Lifecycle
05-28 05:11:20.882   505   546 I SystemServerTimingAsync: ssm.onUnlockedUser-0_com.android.server.usb.UsbService$Lifecycle
05-28 05:11:20.882   505   546 I SystemServerTimingAsync: ssm.onUnlockedUser-0_com.android.server.twilight.TwilightService
05-28 05:11:20.882   505   546 I SystemServerTimingAsync: ssm.onUnlockedUser-0_com.android.server.display.color.ColorDisplayService
05-28 05:11:20.882   505   546 I SystemServerTimingAsync: ssm.onUnlockedUser-0_com.android.server.job.JobSchedulerService
05-28 05:11:20.882   505   546 I SystemServerTimingAsync: ssm.onUnlockedUser-0_com.android.server.soundtrigger.SoundTriggerService
05-28 05:11:20.882   505   546 I SystemServerTimingAsync: ssm.onUnlockedUser-0_com.android.server.trust.TrustManagerService
05-28 05:11:20.882   505   546 I SystemServerTimingAsync: ssm.onUnlockedUser-0_com.android.server.backup.BackupManagerService$Lifecycle
05-28 05:11:20.882   505   546 I SystemServerTimingAsync: ssm.onUnlockedUser-0_com.android.server.appwidget.AppWidgetService
05-28 05:11:20.882   505   546 I SystemServerTimingAsync: ssm.onUnlockedUser-0_com.android.server.role.RoleManagerService
05-28 05:11:20.882   505   546 I SystemServerTimingAsync: ssm.onUnlockedUser-0_com.android.server.voiceinteraction.VoiceInteractionManagerService
05-28 05:11:20.882   505   546 I SystemServerTimingAsync: ssm.onUnlockedUser-0_com.android.server.GestureLauncherService
05-28 05:11:20.882   505   546 I SystemServerTimingAsync: ssm.onUnlockedUser-0_com.android.server.SensorNotificationService
05-28 05:11:20.882   505   546 I SystemServerTimingAsync: ssm.onUnlockedUser-0_com.android.server.emergency.EmergencyAffordanceService
05-28 05:11:20.882   505   546 I SystemServerTimingAsync: ssm.onUnlockedUser-0_com.android.server.dreams.DreamManagerService
05-28 05:11:20.882   505   546 I SystemServerTimingAsync: ssm.onUnlockedUser-0_com.android.server.print.PrintManagerService
05-28 05:11:20.882   505   546 I SystemServerTimingAsync: ssm.onUnlockedUser-0_com.android.server.blob.BlobStoreManagerService
05-28 05:11:20.882   505   546 I SystemServerTimingAsync: ssm.onUnlockedUser-0_com.android.server.companion.CompanionDeviceManagerService
05-28 05:11:20.882   505   546 I SystemServerTimingAsync: ssm.onUnlockedUser-0_com.android.server.restrictions.RestrictionsManagerService
05-28 05:11:20.882   505   546 I SystemServerTimingAsync: ssm.onUnlockedUser-0_com.android.server.media.MediaSessionService
05-28 05:11:20.882   505   546 I SystemServerTimingAsync: ssm.onUnlockedUser-0_com.android.server.media.MediaResourceMonitorService
05-28 05:11:20.882   505   546 I SystemServerTimingAsync: ssm.onUnlockedUser-0_com.android.server.biometrics.fingerprint.FingerprintService
05-28 05:11:20.882   505   546 I SystemServerTimingAsync: ssm.onUnlockedUser-0_com.android.server.biometrics.BiometricService
05-28 05:11:20.882   505   546 I SystemServerTimingAsync: ssm.onUnlockedUser-0_com.android.server.biometrics.AuthService
05-28 05:11:20.882   505   546 I SystemServerTimingAsync: ssm.onUnlockedUser-0_com.android.server.pm.ShortcutService$Lifecycle
05-28 05:11:20.882   505   546 I SystemServerTimingAsync: ssm.onUnlockedUser-0_com.android.server.pm.LauncherAppsService
05-28 05:11:20.882   505   546 I SystemServerTimingAsync: ssm.onUnlockedUser-0_com.android.server.pm.CrossProfileAppsService
05-28 05:11:20.882   505   546 I SystemServerTimingAsync: ssm.onUnlockedUser-0_com.android.server.people.PeopleService
05-28 05:11:20.882   505   546 I SystemServerTimingAsync: ssm.onUnlockedUser-0_com.android.server.media.projection.MediaProjectionManagerService
05-28 05:11:20.882   505   546 I SystemServerTimingAsync: ssm.onUnlockedUser-0_com.android.server.slice.SliceManagerService$Lifecycle
05-28 05:11:20.883   505   546 I SystemServerTimingAsync: ssm.onUnlockedUser-0_com.android.server.camera.CameraServiceProxy
05-28 05:11:20.883   505   546 I SystemServerTimingAsync: ssm.onUnlockedUser-0_com.android.server.stats.StatsCompanion$Lifecycle
05-28 05:11:20.883   505   546 I SystemServerTimingAsync: ssm.onUnlockedUser-0_com.android.server.stats.pull.StatsPullAtomService
05-28 05:11:20.883   505   546 I SystemServerTimingAsync: ssm.onUnlockedUser-0_com.android.server.incident.IncidentCompanionService
05-28 05:11:20.883   505   546 I SystemServerTimingAsync: ssm.onUnlockedUser-0_com.android.server.MmsServiceBroker
05-28 05:11:20.883   505   546 I SystemServerTimingAsync: ssm.onUnlockedUser-0_com.android.server.autofill.AutofillManagerService
05-28 05:11:20.883   505   546 I SystemServerTimingAsync: ssm.onUnlockedUser-0_com.android.server.clipboard.ClipboardService
05-28 05:11:20.883   505   546 I SystemServerTimingAsync: ssm.onUnlockedUser-0_com.android.server.appbinding.AppBindingService$Lifecycle
05-28 05:11:20.883   505   546 I SystemServerTimingAsync: ssm.onUnlockedUser-0_com.android.server.policy.PermissionPolicyService
05-28 05:11:20.883   505   546 I SystemServerTimingAsync: ssm.onUnlockedUser-0_com.android.server.pm.StagingManager$Lifecycle
05-28 05:11:20.883   505   546 W ActivityManager: UserLifecycleEvent 6 received without an active userJourneySession.
05-28 05:11:20.886   505   537 I AppWidgetServiceImpl: Processing of handleUserUnlocked u0 took 5 ms
05-28 05:11:20.887   495   495 I hostapd : wlan1: STA-OPMODE-SMPS-MODE-CHANGED 02:15:b2:00:00:00 off
05-28 05:11:20.899  1715  1715 I Dialer  : DialerExecutorModule.newThread - creating low priority thread
05-28 05:11:20.902  1715  1991 I Dialer  : VisualVoicemailUpdateTask.updateNotification - enter
05-28 05:11:20.903   505  1990 I RecoverySystem: No recovery log file
05-28 05:11:20.904   495   495 I hostapd : wlan1: STA-OPMODE-SMPS-MODE-CHANGED 02:15:b2:00:00:00 dynamic
05-28 05:11:20.905   277   384 E Netd    : no such netId 101
05-28 05:11:20.906   505   656 E ConnectivityService: Exception in networkAddRouteParcel for non-gateway: android.os.ServiceSpecificException: Machine is not on the network (code 64)
05-28 05:11:20.906   277   277 E Netd    : no such netId 101
05-28 05:11:20.907   505   656 E ConnectivityService: Exception in networkAddRouteParcel for gateway: android.os.ServiceSpecificException: Machine is not on the network (code 64)
05-28 05:11:20.909   505  1990 I BootReceiver: No existing last log timestamp file /data/system/log-files.xml; starting empty
05-28 05:11:20.910   505  1990 I DropBoxManagerService: add tag=SYSTEM_BOOT isTagEnabled=true flags=0x2
05-28 05:11:20.912   505  1990 I BootReceiver: Copying audit failures to DropBox
05-28 05:11:20.913   505  1990 I BootReceiver: Checking for fsck errors
05-28 05:11:20.913   505  1990 I BootReceiver: fs_stat, partition:vdc stat:0x13
05-28 05:11:20.921  1970  1970 I .localtranspor: The ClassLoaderContext is a special shared library.
05-28 05:11:20.936   505   505 I TransportClient: LocalTransportService#0: Notifying [TransportManager.registerTransport()] transport = IBackupTransport
05-28 05:11:20.941   505   652 W WifiScoreReport: Cannot start external scoring netId=101 currentNetId=101 sessionId=1017
05-28 05:11:20.948   200   203 E android.system.suspend@1.0-service: Error opening kernel wakelock stats for: wakeup32: Permission denied
05-28 05:11:20.944   200   200 W Binder:200_2: type=1400 audit(0.0:20): avc: denied { read } for name="wakeup32" dev="sysfs" ino=18830 scontext=u:r:system_suspend:s0 tcontext=u:object_r:sysfs:s0 tclass=dir permissive=0
05-28 05:11:20.963   200   203 E android.system.suspend@1.0-service: Error opening kernel wakelock stats for: wakeup33: Permission denied
05-28 05:11:20.966  1715  1991 I Dialer  : VisualVoicemailUpdateTask.updateNotification - no voicemails to notify about
05-28 05:11:20.973  1715  1991 I Dialer  : VisualVoicemailNotifier.cancelAllVoicemailNotifications - enter
05-28 05:11:20.974  1715  1991 I Dialer  : VoicemailNotificationJobService.scheduleJob - job canceled
05-28 05:11:20.974  1715  1715 I Dialer  : VisualVoicemailUpdateTask.scheduleTask - update successful
05-28 05:11:20.975   505   656 W DnsManager: updatePrivateDns(101, PrivateDnsConfig{true:/[]})
05-28 05:11:20.976   505   505 I Telecom : DefaultDialerCache: Refreshing default dialer for user 0: now com.android.dialer: DDC.oR@AGY
05-28 05:11:20.976   505   505 I Telecom : MissedCallNotifierImpl: reloadAfterBootComplete: user=0: TSBCR.oR@AGc
05-28 05:11:20.977   277  1997 W resolv  : Validating DnsTlsServer on netId 101
05-28 05:11:20.978   277  1997 W resolv  : Validation failed
05-28 05:11:20.979   505   505 I Telecom : MissedCallNotifierImpl: reloadAfterBootComplete: user=0: TSBCR.oR@AGc
05-28 05:11:20.991   505   547 I ActivityManager: Start proc 1999:com.android.calendar/u0a107 for broadcast {com.android.calendar/com.android.calendar.UpgradeReceiver}
05-28 05:11:20.994  1691  1691 I MessagingApp: Carrier config changed. Reloading MMS config.
05-28 05:11:21.006   505   537 E GnssLocationProvider: IGnssConfiguration setEsExtensionSec() failed.
05-28 05:11:21.006   505   537 E GnssConfiguration: Unable to set ES_EXTENSION_SEC: 0
05-28 05:11:21.007   505   505 I Telecom : PhoneAccountRegistrar: getSimCallManager: SimCallManager for subId 1 queried, returning: null: TSI.gSCMFU@AGg
05-28 05:11:21.018  1029  1029 I Telephony: Carrier-config changed, checking for phone account updates.
05-28 05:11:21.019  1999  1999 W ndroid.calenda: Unexpected CPU variant for X86 using defaults: x86_64
05-28 05:11:21.020  1691  1743 W MessagingApp: canonicalizeMccMnc: invalid mccmnc:null ,null
05-28 05:11:21.026   390   404 I adbd    : jdwp connection from 1999
05-28 05:11:21.031  1029  1029 I Telephony: isRttCurrentlySupported -- regular acct, hasVoiceAvailability: false
05-28 05:11:21.031  1029  1029 I Telephony:  isRttSupported: false
05-28 05:11:21.031  1029  1029 I Telephony:  isRoaming: false
05-28 05:11:21.031  1029  1029 I Telephony:  isOnWfc: false
05-28 05:11:21.045   277  2019 W resolv  : Validating DnsTlsServer on netId 101
05-28 05:11:20.948   200   200 W Binder:200_2: type=1400 audit(0.0:21): avc: denied { read } for name="wakeup33" dev="sysfs" ino=18893 scontext=u:r:system_suspend:s0 tcontext=u:object_r:sysfs:s0 tclass=dir permissive=0
05-28 05:11:21.048  1996  2022 I cmd     : oneway function results will be dropped but finished with status OK and parcel size 4
05-28 05:11:21.051  1691  1743 I MessagingApp: Carrier configs loaded: Bundle[{httpSocketTimeout=60000, aliasMinChars=2, smsToMmsTextThreshold=-1, enableSMSDeliveryReports=true, maxMessageTextSize=-1, supportMmsContentDisposition=true, enabledTransID=false, aliasEnabled=false, supportHttpCharsetHeader=false, allowAttachAudio=true, smsToMmsTextLengthThreshold=-1, recipientLimit=2147483647, uaProfTagName=x-wap-profile, aliasMaxChars=48, maxImageHeight=1944, enableMMSDeliveryReports=false, userAgent=, mmsCloseConnection=true, config_cellBroadcastAppLinks=true, maxSubjectLength=40, httpParams=, enableGroupMms=true, emailGatewayNumber=, maxMessageSize=1048576, naiSuffix=, enableMMSReadReports=false, maxImageWidth=2592, uaProfUrl=, enabledMMS=false, enabledNotifyWapMMSC=false, sendMultipartSmsAsSeparateMessages=false, enableMultipartSMS=true}] from resources+system for subId=1
05-28 05:11:21.057  1029  1029 I Telephony: reRegisterPstnPhoneAccount: subId: 1 - no change
05-28 05:11:21.066   277  2019 W resolv  : SSL_connect ssl error =5, mark 0xf0065: Connection refused
05-28 05:11:21.066   277  2019 W resolv  : Validation failed
05-28 05:11:21.067   505   652 E WifiVendorHal: stopRssiMonitoring(l.2100) failed {.code = ERROR_NOT_AVAILABLE, .description = }
05-28 05:11:21.085  1029  1029 I VvmSimStateTracker: android.telephony.action.CARRIER_CONFIG_CHANGED
05-28 05:11:21.086  1029  1029 I VvmSimStateTracker: Service connected on ComponentInfo{com.android.phone/com.android.services.telephony.TelephonyConnectionService}, ***, UserHandle{0}
05-28 05:11:21.091  1029  1029 I RemoteVvmTaskManager: Binding to ComponentInfo{com.android.dialer/com.android.voicemail.impl.OmtpService}
05-28 05:11:21.100  1715  1715 I Dialer  : VvmOmtpService - onCellServiceConnected
05-28 05:11:21.108  1999  1999 I ndroid.calenda: The ClassLoaderContext is a special shared library.
05-28 05:11:21.121  2023  2023 I abb     : StartCommandInProcess(73657474696e67730067657400676c6f settings.get.glo [truncated])
05-28 05:11:21.142  2023  2035 I abb     : oneway function results will be dropped but finished with status OK and parcel size 4
05-28 05:11:21.143  2023  2023 I abb     : StartCommandInProcess(7061636b61676500696e7374616c6c00 package.install. [truncated])
05-28 05:11:21.344     0     0 W audit   : audit_lost=1 audit_rate_limit=5 audit_backlog_limit=64
05-28 05:11:21.347     0     0 E audit   : rate limit exceeded
05-28 05:11:21.136   505   505 W Binder:505_9: type=1400 audit(0.0:22): avc: denied { getopt } for scontext=u:r:system_server:s0 tcontext=u:r:shell:s0 tclass=unix_stream_socket permissive=0
05-28 05:11:21.136   505   505 W Binder:505_9: type=1400 audit(0.0:23): avc: denied { getopt } for scontext=u:r:system_server:s0 tcontext=u:r:shell:s0 tclass=unix_stream_socket permissive=0
05-28 05:11:21.200   505  1787 I ActivityManager: Killing 1058:com.android.settings:CryptKeeper/1000 (adj 985): empty #17
05-28 05:11:21.205   280   280 I Zygote  : Process 1058 exited due to signal 9 (Killed)
05-28 05:11:21.210   505   547 I ActivityManager: Start proc 2045:com.android.camera2/u0a109 for broadcast {com.android.camera2/com.android.camera.SetActivitiesCameraReceiver}
05-28 05:11:21.217  2045  2045 W android.camera: Unexpected CPU variant for X86 using defaults: x86_64
05-28 05:11:21.220   390   404 I adbd    : jdwp connection from 2045
05-28 05:11:21.136   505   505 W Binder:505_9: type=1400 audit(0.0:24): avc: denied { getopt } for scontext=u:r:system_server:s0 tcontext=u:r:shell:s0 tclass=unix_stream_socket permissive=0
05-28 05:11:21.228   505   515 I system_server: Background concurrent copying GC freed 216325(11MB) AllocSpace objects, 75(2924KB) LOS objects, 49% free, 10194KB/19MB, paused 29us total 315.039ms
05-28 05:11:21.229   505   516 W JavaBinder: BinderProxy is being destroyed but the application did not call unlinkToDeath to unlink all of its death recipients beforehand.  Releasing leaked death recipient: com.android.server.AlarmManagerService$2
05-28 05:11:21.229   505   516 I BpBinder: onLastStrongRef automatically unlinking death recipients: <uncached descriptor>
05-28 05:11:21.229   505   516 W JavaBinder: BinderProxy is being destroyed but the application did not call unlinkToDeath to unlink all of its death recipients beforehand.  Releasing leaked death recipient: com.android.server.AlarmManagerService$2
05-28 05:11:21.229   505   516 W JavaBinder: BinderProxy is being destroyed but the application did not call unlinkToDeath to unlink all of its death recipients beforehand.  Releasing leaked death recipient: com.android.server.AlarmManagerService$2
05-28 05:11:21.229   505   516 I BpBinder: onLastStrongRef automatically unlinking death recipients: <uncached descriptor>
05-28 05:11:21.229   505   516 W JavaBinder: BinderProxy is being destroyed but the application did not call unlinkToDeath to unlink all of its death recipients beforehand.  Releasing leaked death recipient: com.android.server.AlarmManagerService$2
05-28 05:11:21.229   505   516 I BpBinder: onLastStrongRef automatically unlinking death recipients: <uncached descriptor>
05-28 05:11:21.229   505   516 W JavaBinder: BinderProxy is being destroyed but the application did not call unlinkToDeath to unlink all of its death recipients beforehand.  Releasing leaked death recipient: com.android.server.AlarmManagerService$2
05-28 05:11:21.229   505   516 I BpBinder: onLastStrongRef automatically unlinking death recipients: <uncached descriptor>
05-28 05:11:21.232   505   539 I DropBoxManagerService: add tag=system_server_strictmode isTagEnabled=true flags=0x2
05-28 05:11:21.242   505   605 W RuleEvaluation: Integrity rule files are not available.
05-28 05:11:21.242   505   562 I PackageManager: Integrity check passed for file:///data/app/vmdl610513583.tmp
05-28 05:11:21.246   505   548 I libprocessgroup: Successfully killed process cgroup uid 1000 pid 1058 in 45ms
05-28 05:11:21.249   505   562 I PackageManager: Permission ownership changed. Updating all permissions.
05-28 05:11:21.269   417   417 E installd: Couldn't opendir /data/app/vmdl610513583.tmp: No such file or directory
05-28 05:11:21.269   417   417 E installd: Failed to delete /data/app/vmdl610513583.tmp: No such file or directory
05-28 05:11:21.269   735  2066 E BackupHelper: Could not parse delayed permissions
05-28 05:11:21.269   735  2066 E BackupHelper: java.io.FileNotFoundException: /data/user_de/0/com.android.permissioncontroller/files/delayed_restore_permissions.xml: open failed: ENOENT (No such file or directory)
05-28 05:11:21.269   735  2066 E BackupHelper: 	at libcore.io.IoBridge.open(IoBridge.java:492)
05-28 05:11:21.269   735  2066 E BackupHelper: 	at java.io.FileInputStream.<init>(FileInputStream.java:160)
05-28 05:11:21.269   735  2066 E BackupHelper: 	at android.app.ContextImpl.openFileInput(ContextImpl.java:636)
05-28 05:11:21.269   735  2066 E BackupHelper: 	at com.android.permissioncontroller.permission.service.BackupHelper.restoreDelayedState(BackupHelper.java:338)
05-28 05:11:21.269   735  2066 E BackupHelper: 	at com.android.permissioncontroller.permission.service.PermissionControllerServiceImpl.onRestoreDelayedRuntimePermissionsBackup(PermissionControllerServiceImpl.java:413)
05-28 05:11:21.269   735  2066 E BackupHelper: 	at com.android.permissioncontroller.permission.service.PermissionControllerServiceImpl.lambda$onApplyStagedRuntimePermissionBackup$4(PermissionControllerServiceImpl.java:407)
05-28 05:11:21.269   735  2066 E BackupHelper: 	at com.android.permissioncontroller.permission.service.PermissionControllerServiceImpl.lambda$onApplyStagedRuntimePermissionBackup$4$PermissionControllerServiceImpl(Unknown Source:0)
05-28 05:11:21.269   735  2066 E BackupHelper: 	at com.android.permissioncontroller.permission.service.-$$Lambda$PermissionControllerServiceImpl$mE7NqZpMEJTKa_y63m6czFzewlg.run(Unknown Source:8)
05-28 05:11:21.269   735  2066 E BackupHelper: 	at android.os.AsyncTask$SerialExecutor$1.run(AsyncTask.java:305)
05-28 05:11:21.269   735  2066 E BackupHelper: 	at java.util.concurrent.ThreadPoolExecutor.runWorker(ThreadPoolExecutor.java:1167)
05-28 05:11:21.269   735  2066 E BackupHelper: 	at java.util.concurrent.ThreadPoolExecutor$Worker.run(ThreadPoolExecutor.java:641)
05-28 05:11:21.269   735  2066 E BackupHelper: 	at java.lang.Thread.run(Thread.java:923)
05-28 05:11:21.269   735  2066 E BackupHelper: Caused by: android.system.ErrnoException: open failed: ENOENT (No such file or directory)
05-28 05:11:21.269   735  2066 E BackupHelper: 	at libcore.io.Linux.open(Native Method)
05-28 05:11:21.269   735  2066 E BackupHelper: 	at libcore.io.ForwardingOs.open(ForwardingOs.java:166)
05-28 05:11:21.269   735  2066 E BackupHelper: 	at libcore.io.BlockGuardOs.open(BlockGuardOs.java:254)
05-28 05:11:21.269   735  2066 E BackupHelper: 	at libcore.io.ForwardingOs.open(ForwardingOs.java:166)
05-28 05:11:21.269   735  2066 E BackupHelper: 	at android.app.ActivityThread$AndroidOs.open(ActivityThread.java:7542)
05-28 05:11:21.269   735  2066 E BackupHelper: 	at libcore.io.IoBridge.open(IoBridge.java:478)
05-28 05:11:21.269   735  2066 E BackupHelper: 	... 11 more
05-28 05:11:21.274  2023  2064 I abb     : oneway function results will be dropped but finished with status OK and parcel size 4
05-28 05:11:21.280  1387  1387 I MediaProvider: Invalidating LocalCallingIdentity cache for package io.github.ylimit.droidbotapp. Reason: package android.intent.action.PACKAGE_ADDED
05-28 05:11:21.280   505   599 I InputReader: Reconfiguring input devices, changes=KEYBOARD_LAYOUTS | 
05-28 05:11:21.282   505   505 I Telecom : DefaultDialerCache: Refreshing default dialer for user 0: now com.android.dialer: DDC.oR@AHM
05-28 05:11:21.301   505   545 W VoiceInteractionManager: no available voice recognition services found for user 0
05-28 05:11:21.331  2075  2076 I cmd     : oneway function results will be dropped but finished with status OK and parcel size 4
05-28 05:11:21.341   505   537 I RoleManagerService: Granting default roles...
05-28 05:11:21.341   735   768 I PermissionControllerServiceImpl: Updating user sensitive for uid 10130
05-28 05:11:21.345   735   996 I RoleControllerServiceImpl: Adding package as fallback role holder, package: com.android.launcher3, role: android.app.role.HOME
05-28 05:11:21.367   505   547 I ActivityManager: Start proc 2080:io.github.ylimit.droidbotapp/u0a130 for service {io.github.ylimit.droidbotapp/io.github.privacystreams.accessibility.PSAccessibilityService}
05-28 05:11:21.367  2087  2089 I cmd     : oneway function results will be dropped but finished with status OK and parcel size 4
05-28 05:11:21.380  2080  2080 I mit.droidbotap: Late-enabling -Xcheck:jni
05-28 05:11:21.389  2045  2045 I android.camera: The ClassLoaderContext is a special shared library.
05-28 05:11:21.394  2080  2080 I mit.droidbotap: Unquickening 12 vdex files!
05-28 05:11:21.395  2080  2080 W mit.droidbotap: Unexpected CPU variant for X86 using defaults: x86_64
05-28 05:11:21.402  2045  2045 I android.camera: The ClassLoaderContext is a special shared library.
05-28 05:11:21.403   505   515 I system_server: Background concurrent copying GC freed 48505(2514KB) AllocSpace objects, 28(944KB) LOS objects, 49% free, 11MB/22MB, paused 35us total 134.358ms
05-28 05:11:21.426   505   652 W LastMileLogger: Failed to stop event tracing: /sys/kernel/debug/tracing/instances/wifi/tracing_on: open failed: ENOENT (No such file or directory)
05-28 05:11:21.427   710   710 W View    : requestLayout() improperly called by com.android.keyguard.AlphaOptimizedLinearLayout{f740f87 V.E...... ......ID 3,0-18,22 #7f0a04db app:id/wifi_group} during layout: running second layout pass
05-28 05:11:21.435   277   883 E Netd    : Error adding route ::/0 -> fe80::2 wlan0 to table 1015: File exists
05-28 05:11:21.443   277  2104 W resolv  : Validating DnsTlsServer on netId 101
05-28 05:11:21.448   390   404 I adbd    : jdwp connection from 2080
05-28 05:11:21.454   277  2104 W resolv  : SSL_connect ssl error =5, mark 0xf0065: Connection refused
05-28 05:11:21.455   277  2104 W resolv  : Validation failed
05-28 05:11:21.457   710   710 W View    : requestLayout() improperly called by com.android.keyguard.AlphaOptimizedLinearLayout{d3baadd V.E...... ......ID 3,0-18,22 #7f0a04db app:id/wifi_group} during layout: running second layout pass
05-28 05:11:21.457   710   710 W View    : requestLayout() improperly called by com.android.keyguard.AlphaOptimizedLinearLayout{1974220 V.E...... ......ID 3,0-18,22 #7f0a04db app:id/wifi_group} during layout: running second layout pass
05-28 05:11:21.470  1029  1066 I m.android.phon: JIT allocated 75KB for compiled code of boolean com.android.internal.telephony.ITelephony$Stub.onTransact(int, android.os.Parcel, android.os.Parcel, int)
05-28 05:11:21.471  1029  1066 I m.android.phon: Compiler allocated 4900KB to compile boolean com.android.internal.telephony.ITelephony$Stub.onTransact(int, android.os.Parcel, android.os.Parcel, int)
05-28 05:11:21.479  2045  2045 I CAM_Profiler: [ 34.863ms][ui] GUARD: FirstRunDetector getTimeOfFirstRun - STOP
05-28 05:11:21.479  2045  2045 I CAM_Profiler: [ 35.303ms][ui] GUARD: CameraApp onCreate() - [35.303ms] initializeTimeOfFirstRun
05-28 05:11:21.480  2045  2045 I CAM_Profiler: [ 35.724ms][ui] GUARD: CameraApp onCreate() - STOP
05-28 05:11:21.480  2045  2045 W CAM_Log : Tag SetActivitiesCameraReceiver is 8 chars longer than limit.
