05-28 05:11:41.578   505   652 E WifiHealthMonitor: 	at com.android.server.wifi.WifiHealthMonitor.postBootDetectionHandler(WifiHealthMonitor.java:468)
05-28 05:11:41.578   505   652 E WifiHealthMonitor: 	at com.android.server.wifi.WifiHealthMonitor.access$200(WifiHealthMonitor.java:70)
05-28 05:11:41.578   505   652 E WifiHealthMonitor: 	at com.android.server.wifi.WifiHealthMonitor$2.onAlarm(WifiHealthMonitor.java:163)
05-28 05:11:41.578   505   652 E WifiHealthMonitor: 	at android.app.AlarmManager$ListenerWrapper.run(AlarmManager.java:239)
05-28 05:11:41.578   505   652 E WifiHealthMonitor: 	at android.os.Handler.handleCallback(Handler.java:938)
05-28 05:11:41.578   505   652 E WifiHealthMonitor: 	at android.os.Handler.dispatchMessage(Handler.java:99)
05-28 05:11:41.578   505   652 E WifiHealthMonitor: 	at android.os.Looper.loop(Looper.java:223)
05-28 05:11:41.578   505   652 E WifiHealthMonitor: 	at android.os.HandlerThread.run(HandlerThread.java:67)
05-28 05:11:41.634  3632  3632 E libc    : Access denied finding property "persist.device_config.runtime_native_boot.profilebootclasspath"
05-28 05:11:41.634  3632  3632 E libc    : Access denied finding property "persist.device_config.runtime_native_boot.enable_apex_image"
05-28 05:11:41.634  3632  3632 I AndroidRuntime: Using default boot image
05-28 05:11:41.634  3632  3632 E libc    : Access denied finding property "persist.device_config.runtime_native_boot.disable_lock_profiling"
05-28 05:11:41.634  3632  3632 I AndroidRuntime: Leaving lock profiling enabled
05-28 05:11:41.634  3632  3632 E libc    : Access denied finding property "persist.device_config.runtime_native_boot.enable_generational_cc"
05-28 05:11:41.638  3632  3632 I app_process: Core platform API reporting enabled, enforcing=false
05-28 05:11:41.687  3632  3632 W app_process: Unexpected CPU variant for X86 using defaults: x86_64
05-28 05:11:41.688  3632  3632 I app_process: The ClassLoaderContext is a special shared library.
05-28 05:11:41.694  3632  3632 W app_process: JNI RegisterNativeMethods: attempt to register 0 native methods for android.media.AudioAttributes
05-28 05:11:41.927  2080  2080 E AccessibilityInteractionClient: 3 Disconnected nodes.
05-28 05:11:42.031  2659  2790 I System.out: 05:11:42.030 [DefaultDispatcher-worker-3] INFO io.ktor.client.HttpClient - REQUEST: https://pokeapi.co/api/v2/pokemon?limit=20&offset=0
05-28 05:11:42.031  2659  2790 I System.out: METHOD: HttpMethod(value=GET)
05-28 05:11:42.031  2659  2790 I System.out: COMMON HEADERS
05-28 05:11:42.031  2659  2790 I System.out: -> Accept: application/json
05-28 05:11:42.031  2659  2790 I System.out: -> Accept-Charset: UTF-8
05-28 05:11:42.031  2659  2790 I System.out: -> Content-Type: application/json
05-28 05:11:42.031  2659  2790 I System.out: CONTENT HEADERS
05-28 05:11:42.031  2659  2790 I System.out: -> Content-Length: 0
05-28 05:11:42.031  2659  2790 I System.out: BODY Content-Type: null
05-28 05:11:42.031  2659  2790 I System.out: BODY START
05-28 05:11:42.031  2659  2790 I System.out: 
05-28 05:11:42.031  2659  2790 I System.out: BODY END
05-28 05:11:42.190  2659  2803 I System.out: 05:11:42.185 [DefaultDispatcher-worker-12] INFO io.ktor.client.HttpClient - RESPONSE: 200 OK
05-28 05:11:42.190  2659  2803 I System.out: METHOD: HttpMethod(value=GET)
05-28 05:11:42.190  2659  2803 I System.out: FROM: https://pokeapi.co/api/v2/pokemon?limit=20&offset=0
05-28 05:11:42.190  2659  2803 I System.out: COMMON HEADERS
05-28 05:11:42.190  2659  2803 I System.out: -> access-control-allow-origin: *
05-28 05:11:42.190  2659  2803 I System.out: -> access-control-expose-headers: X-PokeAPI-Hash,X-PokeAPI-Deploy-Date
05-28 05:11:42.190  2659  2803 I System.out: -> alt-svc: h3=":443"; ma=86400
05-28 05:11:42.190  2659  2803 I System.out: -> cache-control: public, max-age=86400, s-maxage=86400
05-28 05:11:42.190  2659  2803 I System.out: -> cf-cache-status: HIT
05-28 05:11:42.190  2659  2803 I System.out: -> cf-ray: a02ac298c975b4c4-LAX
05-28 05:11:42.190  2659  2803 I System.out: -> connection: keep-alive
05-28 05:11:42.190  2659  2803 I System.out: -> content-type: application/json; charset=utf-8
05-28 05:11:42.190  2659  2803 I System.out: -> date: Thu, 28 May 2026 05:11:42 GMT
05-28 05:11:42.190  2659  2803 I System.out: -> etag: W/"588-iX6bV/yoloqGkIPBxJnQfrHsFIU"
05-28 05:11:42.190  2659  2803 I System.out: -> function-execution-id: 49e8b89prvdy
05-28 05:11:42.190  2659  2803 I System.out: -> nel: {"report_to":"cf-nel","success_fraction":0.0,"max_age":604800}
05-28 05:11:42.190  2659  2803 I System.out: -> report-to: {"group":"cf-nel","max_age":604800,"endpoints":[{"url":"https://a.nel.cloudflare.com/report/v4?s=AVRNHlQnD3%2BBA7Y5KFJpqrDmiO0f3Wz4jXTrOPnEE04BnpbHr7vl0P142UVuSAtiJ3wZFtCVkBUQto%2FrhkI%2BpyaPzPNTEd79mfY5%2FflGDP%2F3W5X7g1MCo8r0NwZP"}]}
05-28 05:11:42.190  2659  2803 I System.out: -> server: cloudflare
05-28 05:11:42.190  2659  2803 I System.out: -> strict-transport-security: max-age=31556926
05-28 05:11:42.190  2659  2803 I System.out: -> transfer-encoding: chunked
05-28 05:11:42.190  2659  2803 I System.out: -> vary: Accept-Encoding,cookie,need-authorization, x-fh-requested-host, accept-encoding
05-28 05:11:42.190  2659  2803 I System.out: -> x-android-received-millis: 1779945102173
05-28 05:11:42.190  2659  2803 I System.out: -> x-android-response-source: NETWORK 200
05-28 05:11:42.190  2659  2803 I System.out: -> x-android-selected-protocol: http/1.1
05-28 05:11:42.190  2659  2803 I System.out: -> x-android-sent-millis: 1779945102128
05-28 05:11:42.190  2659  2803 I System.out: -> x-cache: HIT
05-28 05:11:42.190  2659  2803 I System.out: -> x-cache-hits: 0
05-28 05:11:42.190  2659  2803 I System.out: -> x-cloud-trace-context: 4a39175d59133f277b6127eb43938307
05-28 05:11:42.190  2659  2803 I System.out: -> x-country-code: US
05-28 05:11:42.190  2659  2803 I System.out: -> x-orig-accept-language: en-US,en;q=0.9
05-28 05:11:42.190  2659  2803 I System.out: -> x-pokeapi-deploy-date: 1777952978
05-28 05:11:42.190  2659  2803 I System.out: -> x-pokeapi-hash: 6b77758c64144036a20e8bd384447b2f4da9af9c
05-28 05:11:42.190  2659  2803 I System.out: -> x-powered-by: Express
05-28 05:11:42.190  2659  2803 I System.out: -> x-served-by: cache-sjc10081-SJC
05-28 05:11:42.190  2659  2803 I System.out: -> x-timer: S1778182779.541804,VS0,VE1
05-28 05:11:42.190  2659  2803 I System.out: BODY Content-Type: application/json; charset=utf-8
05-28 05:11:42.190  2659  2803 I System.out: BODY START
05-28 05:11:42.190  2659  2803 I System.out: {"count":1350,"next":"https://pokeapi.co/api/v2/pokemon?offset=20&limit=20","previous":null,"results":[{"name":"bulbasaur","url":"https://pokeapi.co/api/v2/pokemon/1/"},{"name":"ivysaur","url":"https://pokeapi.co/api/v2/pokemon/2/"},{"name":"venusaur","url":"https://pokeapi.co/api/v2/pokemon/3/"},{"name":"charmander","url":"https://pokeapi.co/api/v2/pokemon/4/"},{"name":"charmeleon","url":"https://pokeapi.co/api/v2/pokemon/5/"},{"name":"charizard","url":"https://pokeapi.co/api/v2/pokemon/6/"},{"name":"squirtle","url":"https://pokeapi.co/api/v2/pokemon/7/"},{"name":"wartortle","url":"https://pokeapi.co/api/v2/pokemon/8/"},{"name":"blastoise","url":"https://pokeapi.co/api/v2/pokemon/9/"},{"name":"caterpie","url":"https://pokeapi.co/api/v2/pokemon/10/"},{"name":"metapod","url":"https://pokeapi.co/api/v2/pokemon/11/"},{"name":"butterfree","url":"https://pokeapi.co/api/v2/pokemon/12/"},{"name":"weedle","url":"https://pokeapi.co/api/v2/pokemon/13/"},{"name":"kakuna","url":"https://pokeapi.co/api/v2/pokemon/14/"},{"name":"beedrill","url":"https://pokeapi.co/api/v2/pokemon/15/"},{"name":"pidgey","url":"https://pokeapi.co/api/v2/pokemon/16/"},{"name":"pidgeotto","url":"https://pokeapi.co/api/v2/pokemon/17/"},{"name":"pidgeot","url":"https://pokeapi.co/api/v2/pokemon/18/"},{"name":"rattata","url":"https://pokeapi.co/api/v2/pokemon/19/"},{"name":"raticate","url":"https://pokeapi.co/api/v2/pokemon/20/"}]}
05-28 05:11:42.190  2659  2803 I System.out: BODY END
05-28 05:11:42.253   505  1787 I ActivityManager: Killing 1790:android.process.acore/u0a63 (adj 985): empty #17
05-28 05:11:42.283   280   280 I Zygote  : Process 1790 exited due to signal 9 (Killed)
05-28 05:11:42.296   505   548 I libprocessgroup: Successfully killed process cgroup uid 10063 pid 1790 in 42ms
05-28 05:11:43.444   158   158 I hwservicemanager: getTransport: Cannot find entry android.hardware.graphics.mapper@4.0::IMapper/default in either framework or device manifest.
05-28 05:11:43.444  3676  3676 I Gralloc4: mapper 4.x is not supported
05-28 05:11:43.500  3680  3682 I cmd     : oneway function results will be dropped but finished with status OK and parcel size 4
05-28 05:11:43.502  1387  1921 I MediaProvider: Begin Intent { act=android.intent.action.MEDIA_SCANNER_SCAN_FILE dat=file:///sdcard/screen_2026-05-28_051143.png flg=0x1400010 cmp=com.android.providers.media.module/com.android.providers.media.MediaService }
05-28 05:11:43.500  1387  1387 W com.android.providers.media.module: type=1400 audit(0.0:184): avc: denied { read } for comm=4173796E635461736B202331 name="primary" dev="tmpfs" ino=19238 scontext=u:r:mediaprovider_app:s0:c129,c256,c512,c768 tcontext=u:object_r:mnt_pass_through_file:s0 tclass=lnk_file permissive=0 app=com.android.providers.media.module
05-28 05:11:43.520  1387  1921 W ModernMediaScanner: Failed to visit /sdcard/screen_2026-05-28_051143.png: java.nio.file.AccessDeniedException: /sdcard/screen_2026-05-28_051143.png
05-28 05:11:43.521  1387  1921 I MediaProvider: Scanned internal due to REASON_DEMAND, found 0 items in 14ms, 0 inserts 0 updates 0 deletes
05-28 05:11:43.521  1387  1921 I MediaProvider: End Intent { act=android.intent.action.MEDIA_SCANNER_SCAN_FILE dat=file:///sdcard/screen_2026-05-28_051143.png flg=0x1400010 cmp=com.android.providers.media.module/com.android.providers.media.MediaService }
05-28 05:11:43.500  1387  1387 W com.android.providers.media.module: type=1400 audit(0.0:186): avc: denied { read } for comm=4173796E635461736B202331 name="primary" dev="tmpfs" ino=19238 scontext=u:r:mediaprovider_app:s0:c129,c256,c512,c768 tcontext=u:object_r:mnt_pass_through_file:s0 tclass=lnk_file permissive=0 app=com.android.providers.media.module
05-28 05:11:43.545  1387  2592 I MediaProvider: Deleted 1 items on external_primary due to com.android.shell
05-28 05:11:43.569  3691  3693 I cmd     : oneway function results will be dropped but finished with status OK and parcel size 4
05-28 05:11:43.693   158   158 I hwservicemanager: getTransport: Cannot find entry android.hardware.graphics.mapper@4.0::IMapper/default in either framework or device manifest.
05-28 05:11:43.693  3714  3714 I Gralloc4: mapper 4.x is not supported
05-28 05:11:43.761  1387  1921 I MediaProvider: Begin Intent { act=android.intent.action.MEDIA_SCANNER_SCAN_FILE dat=file:///sdcard/screen_2026-05-28_051143.png flg=0x1400010 cmp=com.android.providers.media.module/com.android.providers.media.MediaService }
05-28 05:11:43.764  1387  1921 W ModernMediaScanner: Failed to visit /sdcard/screen_2026-05-28_051143.png: java.nio.file.AccessDeniedException: /sdcard/screen_2026-05-28_051143.png
05-28 05:11:43.764  1387  1921 I MediaProvider: Scanned internal due to REASON_DEMAND, found 0 items in 1ms, 0 inserts 0 updates 0 deletes
05-28 05:11:43.765  1387  1921 I MediaProvider: End Intent { act=android.intent.action.MEDIA_SCANNER_SCAN_FILE dat=file:///sdcard/screen_2026-05-28_051143.png flg=0x1400010 cmp=com.android.providers.media.module/com.android.providers.media.MediaService }
05-28 05:11:43.783  1387  1537 I MediaProvider: Deleted 1 items on external_primary due to com.android.shell
05-28 05:11:43.808  3731  3733 I cmd     : oneway function results will be dropped but finished with status OK and parcel size 4
05-28 05:11:43.922   158   158 I hwservicemanager: getTransport: Cannot find entry android.hardware.graphics.mapper@4.0::IMapper/default in either framework or device manifest.
05-28 05:11:43.922  3753  3753 I Gralloc4: mapper 4.x is not supported
05-28 05:11:43.978  3757  3759 I cmd     : oneway function results will be dropped but finished with status OK and parcel size 4
05-28 05:11:43.978  1387  1921 I MediaProvider: Begin Intent { act=android.intent.action.MEDIA_SCANNER_SCAN_FILE dat=file:///sdcard/screen_2026-05-28_051143.png flg=0x1400010 cmp=com.android.providers.media.module/com.android.providers.media.MediaService }
05-28 05:11:43.979  1387  1921 W ModernMediaScanner: Failed to visit /sdcard/screen_2026-05-28_051143.png: java.nio.file.AccessDeniedException: /sdcard/screen_2026-05-28_051143.png
05-28 05:11:43.982  1387  1921 I MediaProvider: Scanned internal due to REASON_DEMAND, found 0 items in 3ms, 0 inserts 0 updates 0 deletes
05-28 05:11:43.983  1387  1921 I MediaProvider: End Intent { act=android.intent.action.MEDIA_SCANNER_SCAN_FILE dat=file:///sdcard/screen_2026-05-28_051143.png flg=0x1400010 cmp=com.android.providers.media.module/com.android.providers.media.MediaService }
05-28 05:11:44.000  1387  1548 I MediaProvider: Deleted 1 items on external_primary due to com.android.shell
05-28 05:11:44.026  3768  3770 I cmd     : oneway function results will be dropped but finished with status OK and parcel size 4
05-28 05:11:44.073  3783  3785 I cmd     : oneway function results will be dropped but finished with status OK and parcel size 4
05-28 05:11:44.122  3798  3800 I cmd     : oneway function results will be dropped but finished with status OK and parcel size 4
05-28 05:11:44.170  3813  3815 I cmd     : oneway function results will be dropped but finished with status OK and parcel size 4
05-28 05:11:44.246  3825  3825 E libc    : Access denied finding property "persist.device_config.runtime_native_boot.profilebootclasspath"
05-28 05:11:44.246  3825  3825 E libc    : Access denied finding property "persist.device_config.runtime_native_boot.enable_apex_image"
05-28 05:11:44.246  3825  3825 I AndroidRuntime: Using default boot image
05-28 05:11:44.246  3825  3825 E libc    : Access denied finding property "persist.device_config.runtime_native_boot.disable_lock_profiling"
05-28 05:11:44.246  3825  3825 I AndroidRuntime: Leaving lock profiling enabled
05-28 05:11:44.246  3825  3825 E libc    : Access denied finding property "persist.device_config.runtime_native_boot.enable_generational_cc"
05-28 05:11:44.247  3825  3825 I app_process: Core platform API reporting enabled, enforcing=false
05-28 05:11:44.283  3825  3825 W app_process: Unexpected CPU variant for X86 using defaults: x86_64
05-28 05:11:44.283  3825  3825 I app_process: The ClassLoaderContext is a special shared library.
05-28 05:11:44.290  3825  3825 W app_process: JNI RegisterNativeMethods: attempt to register 0 native methods for android.media.AudioAttributes
05-28 05:11:44.504  2659  2791 I System.out: 05:11:44.503 [DefaultDispatcher-worker-4] INFO io.ktor.client.HttpClient - REQUEST: https://pokeapi.co/api/v2/pokemon/bulbasaur
05-28 05:11:44.504  2659  2791 I System.out: METHOD: HttpMethod(value=GET)
05-28 05:11:44.504  2659  2791 I System.out: COMMON HEADERS
05-28 05:11:44.504  2659  2791 I System.out: -> Accept: application/json
05-28 05:11:44.504  2659  2791 I System.out: -> Accept-Charset: UTF-8
05-28 05:11:44.504  2659  2791 I System.out: -> Content-Type: application/json
05-28 05:11:44.504  2659  2791 I System.out: CONTENT HEADERS
05-28 05:11:44.504  2659  2791 I System.out: -> Content-Length: 0
05-28 05:11:44.504  2659  2791 I System.out: BODY Content-Type: null
05-28 05:11:44.504  2659  2791 I System.out: BODY START
05-28 05:11:44.504  2659  2791 I System.out: 
05-28 05:11:44.504  2659  2791 I System.out: BODY END
05-28 05:11:44.646  2659  2792 I System.out: 05:11:44.620 [DefaultDispatcher-worker-5] INFO io.ktor.client.HttpClient - RESPONSE: 200 OK
05-28 05:11:44.646  2659  2792 I System.out: METHOD: HttpMethod(value=GET)
05-28 05:11:44.646  2659  2792 I System.out: FROM: https://pokeapi.co/api/v2/pokemon/bulbasaur
05-28 05:11:44.646  2659  2792 I System.out: COMMON HEADERS
05-28 05:11:44.646  2659  2792 I System.out: -> access-control-allow-origin: *
05-28 05:11:44.646  2659  2792 I System.out: -> age: 72870
05-28 05:11:44.646  2659  2792 I System.out: -> alt-svc: h3=":443"; ma=86400
05-28 05:11:44.646  2659  2792 I System.out: -> cache-control: public, max-age=86400, s-maxage=86400
05-28 05:11:44.646  2659  2792 I System.out: -> cf-cache-status: HIT
05-28 05:11:44.646  2659  2792 I System.out: -> cf-ray: a02ac2a7ae0eb4c4-LAX
05-28 05:11:44.646  2659  2792 I System.out: -> connection: keep-alive
05-28 05:11:44.646  2659  2792 I System.out: -> content-type: application/json; charset=utf-8
05-28 05:11:44.646  2659  2792 I System.out: -> date: Thu, 28 May 2026 05:11:44 GMT
05-28 05:11:44.646  2659  2792 I System.out: -> etag: W/"41ad6-DjKZLuJ1Lydzi6DxM+a0Oor5Ru0"
05-28 05:11:44.646  2659  2792 I System.out: -> function-execution-id: 5uboljrzw6zv
05-28 05:11:44.646  2659  2792 I System.out: -> nel: {"report_to":"cf-nel","success_fraction":0.0,"max_age":604800}
05-28 05:11:44.646  2659  2792 I System.out: -> report-to: {"group":"cf-nel","max_age":604800,"endpoints":[{"url":"https://a.nel.cloudflare.com/report/v4?s=lAQRIYTO73g40XNRLXuE7lW45mE8c0S1PJSSpfYzMt4ni4NxJdstjoZgQWGs4R9yj8kKsRwTIgS7gS324yDuyqsipH9IQz73wdVzUq3v6hGd4ThwDEmWxhTAWwms"}]}
05-28 05:11:44.646  2659  2792 I System.out: -> server: cloudflare
05-28 05:11:44.646  2659  2792 I System.out: -> strict-transport-security: max-age=31556926
05-28 05:11:44.646  2659  2792 I System.out: -> transfer-encoding: chunked
05-28 05:11:44.646  2659  2792 I System.out: -> vary: Accept-Encoding,cookie,need-authorization, x-fh-requested-host, accept-encoding
05-28 05:11:44.646  2659  2792 I System.out: -> x-android-received-millis: 1779945104535
05-28 05:11:44.646  2659  2792 I System.out: -> x-android-response-source: NETWORK 200
05-28 05:11:44.646  2659  2792 I System.out: -> x-android-selected-protocol: http/1.1
05-28 05:11:44.646  2659  2792 I System.out: -> x-android-sent-millis: 1779945104507
05-28 05:11:44.646  2659  2792 I System.out: -> x-cache: HIT
05-28 05:11:44.646  2659  2792 I System.out: -> x-cache-hits: 0
05-28 05:11:44.646  2659  2792 I System.out: -> x-cloud-trace-context: 00f5ad558f679e15742eb2f25029bdf1;o=1
05-28 05:11:44.646  2659  2792 I System.out: -> x-country-code: US
05-28 05:11:44.646  2659  2792 I System.out: -> x-orig-accept-language: en-US,en;q=0.9
05-28 05:11:44.646  2659  2792 I System.out: -> x-powered-by: Express
05-28 05:11:44.646  2659  2792 I System.out: -> x-served-by: cache-bfi-krnt7300053-BFI
05-28 05:11:44.646  2659  2792 I System.out: -> x-timer: S1769795365.265593,VS0,VE1
05-28 05:11:44.646  2659  2792 I System.out: BODY Content-Type: application/json; charset=utf-8
05-28 05:11:44.646  2659  2792 I System.out: BODY START
05-28 05:11:44.651  2659  2792 I System.out: {"abilities":[{"ability":{"name":"overgrow","url":"https://pokeapi.co/api/v2/ability/65/"},"is_hidden":false,"slot":1},{"ability":{"name":"chlorophyll","url":"https://pokeapi.co/api/v2/ability/34/"},"is_hidden":true,"slot":3}],"base_experience":64,"cries":{"latest":"https://raw.githubusercontent.com/PokeAPI/cries/main/cries/pokemon/latest/1.ogg","legacy":"https://raw.githubusercontent.com/PokeAPI/cries/main/cries/pokemon/legacy/1.ogg"},"forms":[{"name":"bulbasaur","url":"https://pokeapi.co/api/v2/pokemon-form/1/"}],"game_indices":[{"game_index":153,"version":{"name":"red","url":"https://pokeapi.co/api/v2/version/1/"}},{"game_index":153,"version":{"name":"blue","url":"https://pokeapi.co/api/v2/version/2/"}},{"game_index":153,"version":{"name":"yellow","url":"https://pokeapi.co/api/v2/version/3/"}},{"game_index":1,"version":{"name":"gold","url":"https://pokeapi.co/api/v2/version/4/"}},{"game_index":1,"version":{"name":"silver","url":"https://pokeapi.co/api/v2/version/5/"}},{"game_index":1,"version":{"name":"crystal","url":"https://pokeapi.co/api/v2/version/6/"}},{"game_index":1,"version":{"name":"ruby","url":"https://pokeapi.co/api/v2/version/7/"}},{"game_index":1,"version":{"name":"sapphire","url":"https://pokeapi.co/api/v2/version/8/"}},{"game_index":1,"version":{"name":"emerald","url":"https://pokeapi.co/api/v2/version/9/"}},{"game_index":1,"version":{"name":"firered","url":"https://pokeapi.co/api/v2/version/10/"}},{"game_index":1,"version":{"name":"leafgreen","url":"https://pokeapi.co/api/v2/version/11/"}},{"game_index":1,"version":{"name":"diamond","url":"https://pokeapi.co/api/v2/version/12/"}},{"game_index":1,"version":{"name":"pearl","url":"https://pokeapi.co/api/v2/version/13/"}},{"game_index":1,"version":{"name":"platinum","url":"https://pokeapi.co/api/v2/version/14/"}},{"game_index":1,"version":{"name":"heartgold","url":"https://pokeapi.co/api/v2/version/15/"}},{"game_index":1,"version":{"name":"soulsilver","url":"https://pokeapi.co/api/v2/version/16/"}},{"game_index":1,"version":{"name":"black","url":"https://pokeapi.co/api/v2/version/17/"}},{"game_index":1,"version":{"name":"white","url":"https://pokeapi.co/api/v2/version/18/"}},{"game_index":1,"version":{"name":"black-2","url":"https://pokeapi.co/api/v2/version/21/"}},{"game_index":1,"version":{"name":"white-2","url":"https://pokeapi.co/api/v2/version/22/"}}],"height":7,"held_items":[],"id":1,"is_default":true,"location_area_encounters":"https://pokeapi.co/api/v2/pokemon/1/encounters","moves":[{"move":{"name":"razor-wind","url":"https://pokeapi.co/api/v2/move/13/"},"version_group_details":[{"level_learned_at":0,"move_learn_method":{"name":"egg","url":"https://pokeapi.co/api/v2/move-learn-method/2/"},"order":null,"version_group":{"name":"gold-silver","url":"https://pokeapi.co/api/v2/version-group/3/"}},{"level_learned_at":0,"move_learn_method":{"name":"egg","url":"https://pokeapi.co/api/v2/move-learn-method/2/"},"order":null,"version_group":{"name":"crystal","url":"https://pokeapi.co/api/v2/version-group/4/"}}]},{"move":{"name":"swords-dance","url":"https://pokeapi.co/api/v2/move/14/"},"version_group_details":[{"level_learned_at":0,"move_learn_method":{"name":"machine","url":"https://pokeapi.co/api/v2/move-learn-method/4/"},"order":null,"version_group":{"name":"red-blue","url":"https://pokeapi.co/api/v2/version-group/1/"}},{"level_learned_at":0,"move_learn_method":{"name":"machine","url":"https://pokeapi.co/api/v2/move-learn-method/4/"},"order":null,"version_group":{"name":"yellow","url":"https://pokeapi.co/api/v2/version-group/2/"}},{"level_learned_at":0,"move_learn_method":{"name":"tutor","url":"https://pokeapi.co/api/v2/move-learn-method/3/"},"order":null,"version_group":{"name":"emerald","url":"https://pokeapi.co/api/v2/version-group/6/"}},{"level_learned_at":0,"move_learn_method":{"name":"tutor","url":"https://pokeapi.co/api/v2/move-learn-method/3/"},"order":null,"version_group":{"name":"firered-leafgreen","url":"https://pokeapi.co/api/v2/version-group/7/"}},{"level_learned_at":0,"move_learn_method":{"name":"machin
05-28 05:11:44.651  2659  2792 I System.out: BODY END
05-28 05:11:46.015   158   158 I hwservicemanager: getTransport: Cannot find entry android.hardware.graphics.mapper@4.0::IMapper/default in either framework or device manifest.
05-28 05:11:46.015  3861  3861 I Gralloc4: mapper 4.x is not supported
05-28 05:11:46.068  1387  1921 I MediaProvider: Begin Intent { act=android.intent.action.MEDIA_SCANNER_SCAN_FILE dat=file:///sdcard/screen_2026-05-28_051146.png flg=0x1400010 cmp=com.android.providers.media.module/com.android.providers.media.MediaService }
05-28 05:11:46.068   505  3706 I ActivityManager: Killing 1999:com.android.calendar/u0a107 (adj 985): empty #17
05-28 05:11:46.069  3865  3867 I cmd     : oneway function results will be dropped but finished with status OK and parcel size 4
05-28 05:11:46.064  1387  1387 W com.android.providers.media.module: type=1400 audit(0.0:206): avc: denied { read } for comm=4173796E635461736B202331 name="primary" dev="tmpfs" ino=19238 scontext=u:r:mediaprovider_app:s0:c129,c256,c512,c768 tcontext=u:object_r:mnt_pass_through_file:s0 tclass=lnk_file permissive=0 app=com.android.providers.media.module
05-28 05:11:46.082  1387  1921 W ModernMediaScanner: Failed to visit /sdcard/screen_2026-05-28_051146.png: java.nio.file.AccessDeniedException: /sdcard/screen_2026-05-28_051146.png
05-28 05:11:46.082  1387  1921 I MediaProvider: Scanned internal due to REASON_DEMAND, found 0 items in 14ms, 0 inserts 0 updates 0 deletes
05-28 05:11:46.083  1387  1921 I MediaProvider: End Intent { act=android.intent.action.MEDIA_SCANNER_SCAN_FILE dat=file:///sdcard/screen_2026-05-28_051146.png flg=0x1400010 cmp=com.android.providers.media.module/com.android.providers.media.MediaService }
05-28 05:11:46.246     0     0 W audit   : audit_lost=132 audit_rate_limit=5 audit_backlog_limit=64
05-28 05:11:46.255     0     0 E audit   : rate limit exceeded
05-28 05:11:46.064  1387  1387 W com.android.providers.media.module: type=1400 audit(0.0:207): avc: denied { read } for comm=4173796E635461736B202331 name="primary" dev="tmpfs" ino=19238 scontext=u:r:mediaprovider_app:s0:c129,c256,c512,c768 tcontext=u:object_r:mnt_pass_through_file:s0 tclass=lnk_file permissive=0 app=com.android.providers.media.module
05-28 05:11:46.091   280   280 I Zygote  : Process 1999 exited due to signal 9 (Killed)
05-28 05:11:46.064  1387  1387 W com.android.providers.media.module: type=1400 audit(0.0:208): avc: denied { read } for comm=4173796E635461736B202331 name="primary" dev="tmpfs" ino=19238 scontext=u:r:mediaprovider_app:s0:c129,c256,c512,c768 tcontext=u:object_r:mnt_pass_through_file:s0 tclass=lnk_file permissive=0 app=com.android.providers.media.module
05-28 05:11:46.116   505   548 I libprocessgroup: Successfully killed process cgroup uid 10107 pid 1999 in 47ms
05-28 05:11:46.120  1387  2592 I MediaProvider: Deleted 1 items on external_primary due to com.android.shell
05-28 05:11:46.145  3876  3878 I cmd     : oneway function results will be dropped but finished with status OK and parcel size 4
05-28 05:11:46.278   158   158 I hwservicemanager: getTransport: Cannot find entry android.hardware.graphics.mapper@4.0::IMapper/default in either framework or device manifest.
05-28 05:11:46.278  3898  3898 I Gralloc4: mapper 4.x is not supported
05-28 05:11:46.330  3902  3904 I cmd     : oneway function results will be dropped but finished with status OK and parcel size 4
05-28 05:11:46.330  1387  1921 I MediaProvider: Begin Intent { act=android.intent.action.MEDIA_SCANNER_SCAN_FILE dat=file:///sdcard/screen_2026-05-28_051146.png flg=0x1400010 cmp=com.android.providers.media.module/com.android.providers.media.MediaService }
05-28 05:11:46.332  1387  1921 W ModernMediaScanner: Failed to visit /sdcard/screen_2026-05-28_051146.png: java.nio.file.AccessDeniedException: /sdcard/screen_2026-05-28_051146.png
05-28 05:11:46.335  1387  1921 I MediaProvider: Scanned internal due to REASON_DEMAND, found 0 items in 3ms, 0 inserts 0 updates 0 deletes
05-28 05:11:46.335  1387  1921 I MediaProvider: End Intent { act=android.intent.action.MEDIA_SCANNER_SCAN_FILE dat=file:///sdcard/screen_2026-05-28_051146.png flg=0x1400010 cmp=com.android.providers.media.module/com.android.providers.media.MediaService }
05-28 05:11:46.352  1387  1537 I MediaProvider: Deleted 1 items on external_primary due to com.android.shell
05-28 05:11:46.377  3913  3915 I cmd     : oneway function results will be dropped but finished with status OK and parcel size 4
05-28 05:11:46.499   158   158 I hwservicemanager: getTransport: Cannot find entry android.hardware.graphics.mapper@4.0::IMapper/default in either framework or device manifest.
05-28 05:11:46.499  3935  3935 I Gralloc4: mapper 4.x is not supported
05-28 05:11:46.549  3939  3941 I cmd     : oneway function results will be dropped but finished with status OK and parcel size 4
05-28 05:11:46.550  1387  1921 I MediaProvider: Begin Intent { act=android.intent.action.MEDIA_SCANNER_SCAN_FILE dat=file:///sdcard/screen_2026-05-28_051146.png flg=0x1400010 cmp=com.android.providers.media.module/com.android.providers.media.MediaService }
05-28 05:11:46.551  1387  1921 W ModernMediaScanner: Failed to visit /sdcard/screen_2026-05-28_051146.png: java.nio.file.AccessDeniedException: /sdcard/screen_2026-05-28_051146.png
05-28 05:11:46.551  1387  1921 I MediaProvider: Scanned internal due to REASON_DEMAND, found 0 items in 1ms, 0 inserts 0 updates 0 deletes
05-28 05:11:46.552  1387  1921 I MediaProvider: End Intent { act=android.intent.action.MEDIA_SCANNER_SCAN_FILE dat=file:///sdcard/screen_2026-05-28_051146.png flg=0x1400010 cmp=com.android.providers.media.module/com.android.providers.media.MediaService }
05-28 05:11:46.571  1387  1548 I MediaProvider: Deleted 1 items on external_primary due to com.android.shell
05-28 05:11:46.644  3965  3967 I cmd     : oneway function results will be dropped but finished with status OK and parcel size 4
05-28 05:11:46.692  3980  3982 I cmd     : oneway function results will be dropped but finished with status OK and parcel size 4
05-28 05:11:46.738  3995  3997 I cmd     : oneway function results will be dropped but finished with status OK and parcel size 4
05-28 05:11:46.811  4007  4007 E libc    : Access denied finding property "persist.device_config.runtime_native_boot.profilebootclasspath"
05-28 05:11:46.811  4007  4007 E libc    : Access denied finding property "persist.device_config.runtime_native_boot.enable_apex_image"
05-28 05:11:46.811  4007  4007 I AndroidRuntime: Using default boot image
05-28 05:11:46.811  4007  4007 E libc    : Access denied finding property "persist.device_config.runtime_native_boot.disable_lock_profiling"
05-28 05:11:46.811  4007  4007 I AndroidRuntime: Leaving lock profiling enabled
05-28 05:11:46.811  4007  4007 E libc    : Access denied finding property "persist.device_config.runtime_native_boot.enable_generational_cc"
05-28 05:11:46.812  4007  4007 I app_process: Core platform API reporting enabled, enforcing=false
05-28 05:11:46.847  4007  4007 W app_process: Unexpected CPU variant for X86 using defaults: x86_64
05-28 05:11:46.848  4007  4007 I app_process: The ClassLoaderContext is a special shared library.
05-28 05:11:46.854  4007  4007 W app_process: JNI RegisterNativeMethods: attempt to register 0 native methods for android.media.AudioAttributes
05-28 05:11:48.565   158   158 I hwservicemanager: getTransport: Cannot find entry android.hardware.graphics.mapper@4.0::IMapper/default in either framework or device manifest.
05-28 05:11:48.565  4040  4040 I Gralloc4: mapper 4.x is not supported
05-28 05:11:48.620  1387  1921 I MediaProvider: Begin Intent { act=android.intent.action.MEDIA_SCANNER_SCAN_FILE dat=file:///sdcard/screen_2026-05-28_051148.png flg=0x1400010 cmp=com.android.providers.media.module/com.android.providers.media.MediaService }
05-28 05:11:48.631  1387  1921 W ModernMediaScanner: Failed to visit /sdcard/screen_2026-05-28_051148.png: java.nio.file.AccessDeniedException: /sdcard/screen_2026-05-28_051148.png
05-28 05:11:48.632  1387  1921 I MediaProvider: Scanned internal due to REASON_DEMAND, found 0 items in 11ms, 0 inserts 0 updates 0 deletes
05-28 05:11:48.633  1387  1921 I MediaProvider: End Intent { act=android.intent.action.MEDIA_SCANNER_SCAN_FILE dat=file:///sdcard/screen_2026-05-28_051148.png flg=0x1400010 cmp=com.android.providers.media.module/com.android.providers.media.MediaService }
05-28 05:11:48.798     0     0 W audit   : audit_lost=149 audit_rate_limit=5 audit_backlog_limit=64
05-28 05:11:48.807     0     0 E audit   : rate limit exceeded
05-28 05:11:48.616  1387  1387 W com.android.providers.media.module: type=1400 audit(0.0:228): avc: denied { read } for comm=4173796E635461736B202331 name="primary" dev="tmpfs" ino=19238 scontext=u:r:mediaprovider_app:s0:c129,c256,c512,c768 tcontext=u:object_r:mnt_pass_through_file:s0 tclass=lnk_file permissive=0 app=com.android.providers.media.module
05-28 05:11:48.668  1387  2592 I MediaProvider: Deleted 1 items on external_primary due to com.android.shell
05-28 05:11:48.693  4055  4057 I cmd     : oneway function results will be dropped but finished with status OK and parcel size 4
05-28 05:11:48.812   158   158 I hwservicemanager: getTransport: Cannot find entry android.hardware.graphics.mapper@4.0::IMapper/default in either framework or device manifest.
05-28 05:11:48.812  4077  4077 I Gralloc4: mapper 4.x is not supported
05-28 05:11:48.868  4081  4083 I cmd     : oneway function results will be dropped but finished with status OK and parcel size 4
05-28 05:11:48.868  1387  1921 I MediaProvider: Begin Intent { act=android.intent.action.MEDIA_SCANNER_SCAN_FILE dat=file:///sdcard/screen_2026-05-28_051148.png flg=0x1400010 cmp=com.android.providers.media.module/com.android.providers.media.MediaService }
05-28 05:11:48.869  1387  1921 W ModernMediaScanner: Failed to visit /sdcard/screen_2026-05-28_051148.png: java.nio.file.AccessDeniedException: /sdcard/screen_2026-05-28_051148.png
05-28 05:11:48.872  1387  1921 I MediaProvider: Scanned internal due to REASON_DEMAND, found 0 items in 3ms, 0 inserts 0 updates 0 deletes
05-28 05:11:48.873  1387  1921 I MediaProvider: End Intent { act=android.intent.action.MEDIA_SCANNER_SCAN_FILE dat=file:///sdcard/screen_2026-05-28_051148.png flg=0x1400010 cmp=com.android.providers.media.module/com.android.providers.media.MediaService }
05-28 05:11:48.891  1387  1537 I MediaProvider: Deleted 1 items on external_primary due to com.android.shell
05-28 05:11:48.915  4092  4094 I cmd     : oneway function results will be dropped but finished with status OK and parcel size 4
05-28 05:11:49.039   158   158 I hwservicemanager: getTransport: Cannot find entry android.hardware.graphics.mapper@4.0::IMapper/default in either framework or device manifest.
05-28 05:11:49.039  4116  4116 I Gralloc4: mapper 4.x is not supported
05-28 05:11:49.093  4120  4122 I cmd     : oneway function results will be dropped but finished with status OK and parcel size 4
05-28 05:11:49.094  1387  1921 I MediaProvider: Begin Intent { act=android.intent.action.MEDIA_SCANNER_SCAN_FILE dat=file:///sdcard/screen_2026-05-28_051149.png flg=0x1400010 cmp=com.android.providers.media.module/com.android.providers.media.MediaService }
05-28 05:11:49.095  1387  1921 W ModernMediaScanner: Failed to visit /sdcard/screen_2026-05-28_051149.png: java.nio.file.AccessDeniedException: /sdcard/screen_2026-05-28_051149.png
05-28 05:11:49.095  1387  1921 I MediaProvider: Scanned internal due to REASON_DEMAND, found 0 items in 1ms, 0 inserts 0 updates 0 deletes
05-28 05:11:49.096  1387  1921 I MediaProvider: End Intent { act=android.intent.action.MEDIA_SCANNER_SCAN_FILE dat=file:///sdcard/screen_2026-05-28_051149.png flg=0x1400010 cmp=com.android.providers.media.module/com.android.providers.media.MediaService }
05-28 05:11:49.119  1387  1548 I MediaProvider: Deleted 1 items on external_primary due to com.android.shell
05-28 05:11:49.143  4131  4133 I cmd     : oneway function results will be dropped but finished with status OK and parcel size 4
05-28 05:11:49.190  4146  4148 I cmd     : oneway function results will be dropped but finished with status OK and parcel size 4
05-28 05:11:49.237  4161  4163 I cmd     : oneway function results will be dropped but finished with status OK and parcel size 4
05-28 05:11:49.285  4176  4178 I cmd     : oneway function results will be dropped but finished with status OK and parcel size 4
05-28 05:11:49.359  4188  4188 E libc    : Access denied finding property "persist.device_config.runtime_native_boot.profilebootclasspath"
05-28 05:11:49.359  4188  4188 E libc    : Access denied finding property "persist.device_config.runtime_native_boot.enable_apex_image"
05-28 05:11:49.359  4188  4188 I AndroidRuntime: Using default boot image
05-28 05:11:49.359  4188  4188 E libc    : Access denied finding property "persist.device_config.runtime_native_boot.disable_lock_profiling"
05-28 05:11:49.359  4188  4188 I AndroidRuntime: Leaving lock profiling enabled
05-28 05:11:49.359  4188  4188 E libc    : Access denied finding property "persist.device_config.runtime_native_boot.enable_generational_cc"
05-28 05:11:49.360  4188  4188 I app_process: Core platform API reporting enabled, enforcing=false
05-28 05:11:49.396  4188  4188 W app_process: Unexpected CPU variant for X86 using defaults: x86_64
05-28 05:11:49.398  4188  4188 I app_process: The ClassLoaderContext is a special shared library.
05-28 05:11:49.404  4188  4188 W app_process: JNI RegisterNativeMethods: attempt to register 0 native methods for android.media.AudioAttributes
05-28 05:11:49.617  2659  2794 I System.out: 05:11:49.616 [DefaultDispatcher-worker-7] INFO io.ktor.client.HttpClient - REQUEST: https://pokeapi.co/api/v2/pokemon/ivysaur
05-28 05:11:49.617  2659  2794 I System.out: METHOD: HttpMethod(value=GET)
05-28 05:11:49.617  2659  2794 I System.out: COMMON HEADERS
05-28 05:11:49.617  2659  2794 I System.out: -> Accept: application/json
05-28 05:11:49.617  2659  2794 I System.out: -> Accept-Charset: UTF-8
05-28 05:11:49.617  2659  2794 I System.out: -> Content-Type: application/json
05-28 05:11:49.617  2659  2794 I System.out: CONTENT HEADERS
05-28 05:11:49.617  2659  2794 I System.out: -> Content-Length: 0
05-28 05:11:49.617  2659  2794 I System.out: BODY Content-Type: null
05-28 05:11:49.617  2659  2794 I System.out: BODY START
05-28 05:11:49.618  2659  2794 I System.out: 
05-28 05:11:49.618  2659  2794 I System.out: BODY END
05-28 05:11:49.727  2659  2791 I System.out: 05:11:49.714 [DefaultDispatcher-worker-4] INFO io.ktor.client.HttpClient - RESPONSE: 200 OK
05-28 05:11:49.727  2659  2791 I System.out: METHOD: HttpMethod(value=GET)
05-28 05:11:49.727  2659  2791 I System.out: FROM: https://pokeapi.co/api/v2/pokemon/ivysaur
05-28 05:11:49.727  2659  2791 I System.out: COMMON HEADERS
05-28 05:11:49.727  2659  2791 I System.out: -> access-control-allow-origin: *
05-28 05:11:49.727  2659  2791 I System.out: -> age: 13101
05-28 05:11:49.727  2659  2791 I System.out: -> alt-svc: h3=":443"; ma=86400
05-28 05:11:49.727  2659  2791 I System.out: -> cache-control: public, max-age=86400, s-maxage=86400
05-28 05:11:49.727  2659  2791 I System.out: -> cf-cache-status: HIT
05-28 05:11:49.727  2659  2791 I System.out: -> cf-ray: a02ac2c7ace5b4c4-LAX
05-28 05:11:49.727  2659  2791 I System.out: -> connection: keep-alive
05-28 05:11:49.727  2659  2791 I System.out: -> content-type: application/json; charset=utf-8
05-28 05:11:49.727  2659  2791 I System.out: -> date: Thu, 28 May 2026 05:11:49 GMT
05-28 05:11:49.727  2659  2791 I System.out: -> etag: W/"3a208-UaeAV+hyIAKhsYxQ2HzouJGTqQg"
05-28 05:11:49.727  2659  2791 I System.out: -> function-execution-id: nec67fam86i0
05-28 05:11:49.727  2659  2791 I System.out: -> nel: {"report_to":"cf-nel","success_fraction":0.0,"max_age":604800}
05-28 05:11:49.727  2659  2791 I System.out: -> report-to: {"group":"cf-nel","max_age":604800,"endpoints":[{"url":"https://a.nel.cloudflare.com/report/v4?s=MQfVnRipdBaOi%2F205oTqhg71kMBNIxvaOi9gPrHv6p9h6f63znhLIhxWL2mOE1tVN31q9qIlyJxRlWaUtWJTYN7OXrG4PcqTRpgpH7FltBfZv%2FV1ANL7oMlTJbR%2F"}]}
05-28 05:11:49.727  2659  2791 I System.out: -> server: cloudflare
05-28 05:11:49.727  2659  2791 I System.out: -> strict-transport-security: max-age=31556926
05-28 05:11:49.727  2659  2791 I System.out: -> transfer-encoding: chunked
05-28 05:11:49.727  2659  2791 I System.out: -> vary: Accept-Encoding,cookie,need-authorization, x-fh-requested-host, accept-encoding
05-28 05:11:49.727  2659  2791 I System.out: -> x-android-received-millis: 1779945109654
05-28 05:11:49.727  2659  2791 I System.out: -> x-android-response-source: NETWORK 200
05-28 05:11:49.727  2659  2791 I System.out: -> x-android-selected-protocol: http/1.1
05-28 05:11:49.727  2659  2791 I System.out: -> x-android-sent-millis: 1779945109620
05-28 05:11:49.727  2659  2791 I System.out: -> x-cache: MISS
05-28 05:11:49.727  2659  2791 I System.out: -> x-cache-hits: 0
05-28 05:11:49.727  2659  2791 I System.out: -> x-cloud-trace-context: 26f30e6f697d37445b019bdbc9f15367
05-28 05:11:49.727  2659  2791 I System.out: -> x-country-code: US
05-28 05:11:49.727  2659  2791 I System.out: -> x-powered-by: Express
05-28 05:11:49.727  2659  2791 I System.out: -> x-served-by: cache-dfw-kdfw8210112-DFW
05-28 05:11:49.727  2659  2791 I System.out: -> x-timer: S1769785671.858082,VS0,VE639
05-28 05:11:49.727  2659  2791 I System.out: BODY Content-Type: application/json; charset=utf-8
05-28 05:11:49.727  2659  2791 I System.out: BODY START
05-28 05:11:49.729  2659  2791 I System.out: {"abilities":[{"ability":{"name":"overgrow","url":"https://pokeapi.co/api/v2/ability/65/"},"is_hidden":false,"slot":1},{"ability":{"name":"chlorophyll","url":"https://pokeapi.co/api/v2/ability/34/"},"is_hidden":true,"slot":3}],"base_experience":142,"cries":{"latest":"https://raw.githubusercontent.com/PokeAPI/cries/main/cries/pokemon/latest/2.ogg","legacy":"https://raw.githubusercontent.com/PokeAPI/cries/main/cries/pokemon/legacy/2.ogg"},"forms":[{"name":"ivysaur","url":"https://pokeapi.co/api/v2/pokemon-form/2/"}],"game_indices":[{"game_index":9,"version":{"name":"red","url":"https://pokeapi.co/api/v2/version/1/"}},{"game_index":9,"version":{"name":"blue","url":"https://pokeapi.co/api/v2/version/2/"}},{"game_index":9,"version":{"name":"yellow","url":"https://pokeapi.co/api/v2/version/3/"}},{"game_index":2,"version":{"name":"gold","url":"https://pokeapi.co/api/v2/version/4/"}},{"game_index":2,"version":{"name":"silver","url":"https://pokeapi.co/api/v2/version/5/"}},{"game_index":2,"version":{"name":"crystal","url":"https://pokeapi.co/api/v2/version/6/"}},{"game_index":2,"version":{"name":"ruby","url":"https://pokeapi.co/api/v2/version/7/"}},{"game_index":2,"version":{"name":"sapphire","url":"https://pokeapi.co/api/v2/version/8/"}},{"game_index":2,"version":{"name":"emerald","url":"https://pokeapi.co/api/v2/version/9/"}},{"game_index":2,"version":{"name":"firered","url":"https://pokeapi.co/api/v2/version/10/"}},{"game_index":2,"version":{"name":"leafgreen","url":"https://pokeapi.co/api/v2/version/11/"}},{"game_index":2,"version":{"name":"diamond","url":"https://pokeapi.co/api/v2/version/12/"}},{"game_index":2,"version":{"name":"pearl","url":"https://pokeapi.co/api/v2/version/13/"}},{"game_index":2,"version":{"name":"platinum","url":"https://pokeapi.co/api/v2/version/14/"}},{"game_index":2,"version":{"name":"heartgold","url":"https://pokeapi.co/api/v2/version/15/"}},{"game_index":2,"version":{"name":"soulsilver","url":"https://pokeapi.co/api/v2/version/16/"}},{"game_index":2,"version":{"name":"black","url":"https://pokeapi.co/api/v2/version/17/"}},{"game_index":2,"version":{"name":"white","url":"https://pokeapi.co/api/v2/version/18/"}},{"game_index":2,"version":{"name":"black-2","url":"https://pokeapi.co/api/v2/version/21/"}},{"game_index":2,"version":{"name":"white-2","url":"https://pokeapi.co/api/v2/version/22/"}}],"height":10,"held_items":[],"id":2,"is_default":true,"location_area_encounters":"https://pokeapi.co/api/v2/pokemon/2/encounters","moves":[{"move":{"name":"swords-dance","url":"https://pokeapi.co/api/v2/move/14/"},"version_group_details":[{"level_learned_at":0,"move_learn_method":{"name":"machine","url":"https://pokeapi.co/api/v2/move-learn-method/4/"},"order":null,"version_group":{"name":"red-blue","url":"https://pokeapi.co/api/v2/version-group/1/"}},{"level_learned_at":0,"move_learn_method":{"name":"machine","url":"https://pokeapi.co/api/v2/move-learn-method/4/"},"order":null,"version_group":{"name":"yellow","url":"https://pokeapi.co/api/v2/version-group/2/"}},{"level_learned_at":0,"move_learn_method":{"name":"tutor","url":"https://pokeapi.co/api/v2/move-learn-method/3/"},"order":null,"version_group":{"name":"emerald","url":"https://pokeapi.co/api/v2/version-group/6/"}},{"level_learned_at":0,"move_learn_method":{"name":"tutor","url":"https://pokeapi.co/api/v2/move-learn-method/3/"},"order":null,"version_group":{"name":"firered-leafgreen","url":"https://pokeapi.co/api/v2/version-group/7/"}},{"level_learned_at":0,"move_learn_method":{"name":"machine","url":"https://pokeapi.co/api/v2/move-learn-method/4/"},"order":null,"version_group":{"name":"diamond-pearl","url":"https://pokeapi.co/api/v2/version-group/8/"}},{"level_learned_at":0,"move_learn_method":{"name":"machine","url":"https://pokeapi.co/api/v2/move-learn-method/4/"},"order":null,"version_group":{"name":"platinum","url":"https://pokeapi.co/api/v2/version-group/9/"}},{"level_learned_at":0,"move_learn_method":{"name":"machine","url":"https://pokeapi.co/api/v2/move-learn-method/4/"},"order":null,"version_group":{"name"
05-28 05:11:49.729  2659  2791 I System.out: BODY END
05-28 05:11:51.112   158   158 I hwservicemanager: getTransport: Cannot find entry android.hardware.graphics.mapper@4.0::IMapper/default in either framework or device manifest.
05-28 05:11:51.113  4221  4221 I Gralloc4: mapper 4.x is not supported
05-28 05:11:51.159  4225  4227 I cmd     : oneway function results will be dropped but finished with status OK and parcel size 4
05-28 05:11:51.162  1387  1921 I MediaProvider: Begin Intent { act=android.intent.action.MEDIA_SCANNER_SCAN_FILE dat=file:///sdcard/screen_2026-05-28_051151.png flg=0x1400010 cmp=com.android.providers.media.module/com.android.providers.media.MediaService }
05-28 05:11:51.160  1387  1387 W com.android.providers.media.module: type=1400 audit(0.0:250): avc: denied { read } for comm=4173796E635461736B202331 name="primary" dev="tmpfs" ino=19238 scontext=u:r:mediaprovider_app:s0:c129,c256,c512,c768 tcontext=u:object_r:mnt_pass_through_file:s0 tclass=lnk_file permissive=0 app=com.android.providers.media.module
05-28 05:11:51.340     0     0 W audit   : audit_lost=166 audit_rate_limit=5 audit_backlog_limit=64
05-28 05:11:51.351     0     0 E audit   : rate limit exceeded
05-28 05:11:51.180  1387  1921 W ModernMediaScanner: Failed to visit /sdcard/screen_2026-05-28_051151.png: java.nio.file.AccessDeniedException: /sdcard/screen_2026-05-28_051151.png
05-28 05:11:51.182  1387  1921 I MediaProvider: Scanned internal due to REASON_DEMAND, found 0 items in 20ms, 0 inserts 0 updates 0 deletes
05-28 05:11:51.160  1387  1387 W com.android.providers.media.module: type=1400 audit(0.0:251): avc: denied { read } for comm=4173796E635461736B202331 name="primary" dev="tmpfs" ino=19238 scontext=u:r:mediaprovider_app:s0:c129,c256,c512,c768 tcontext=u:object_r:mnt_pass_through_file:s0 tclass=lnk_file permissive=0 app=com.android.providers.media.module
05-28 05:11:51.183  1387  1921 I MediaProvider: End Intent { act=android.intent.action.MEDIA_SCANNER_SCAN_FILE dat=file:///sdcard/screen_2026-05-28_051151.png flg=0x1400010 cmp=com.android.providers.media.module/com.android.providers.media.MediaService }
05-28 05:11:51.160  1387  1387 W com.android.providers.media.module: type=1400 audit(0.0:252): avc: denied { read } for comm=4173796E635461736B202331 name="primary" dev="tmpfs" ino=19238 scontext=u:r:mediaprovider_app:s0:c129,c256,c512,c768 tcontext=u:object_r:mnt_pass_through_file:s0 tclass=lnk_file permissive=0 app=com.android.providers.media.module
05-28 05:11:51.211  1387  2592 I MediaProvider: Deleted 1 items on external_primary due to com.android.shell
05-28 05:11:51.160  1387  1387 W com.android.providers.media.module: type=1400 audit(0.0:254): avc: denied { read } for comm=4173796E635461736B202331 name="primary" dev="tmpfs" ino=19238 scontext=u:r:mediaprovider_app:s0:c129,c256,c512,c768 tcontext=u:object_r:mnt_pass_through_file:s0 tclass=lnk_file permissive=0 app=com.android.providers.media.module
05-28 05:11:51.235  4236  4238 I cmd     : oneway function results will be dropped but finished with status OK and parcel size 4
05-28 05:11:51.357   158   158 I hwservicemanager: getTransport: Cannot find entry android.hardware.graphics.mapper@4.0::IMapper/default in either framework or device manifest.
05-28 05:11:51.357  4258  4258 I Gralloc4: mapper 4.x is not supported
05-28 05:11:51.407  1387  1921 I MediaProvider: Begin Intent { act=android.intent.action.MEDIA_SCANNER_SCAN_FILE dat=file:///sdcard/screen_2026-05-28_051151.png flg=0x1400010 cmp=com.android.providers.media.module/com.android.providers.media.MediaService }
05-28 05:11:51.408  1387  1921 W ModernMediaScanner: Failed to visit /sdcard/screen_2026-05-28_051151.png: java.nio.file.AccessDeniedException: /sdcard/screen_2026-05-28_051151.png
05-28 05:11:51.408  1387  1921 I MediaProvider: Scanned internal due to REASON_DEMAND, found 0 items in 1ms, 0 inserts 0 updates 0 deletes
05-28 05:11:51.409  1387  1921 I MediaProvider: End Intent { act=android.intent.action.MEDIA_SCANNER_SCAN_FILE dat=file:///sdcard/screen_2026-05-28_051151.png flg=0x1400010 cmp=com.android.providers.media.module/com.android.providers.media.MediaService }
05-28 05:11:51.468  1387  1537 I MediaProvider: Deleted 1 items on external_primary due to com.android.shell
05-28 05:11:51.494  4273  4275 I cmd     : oneway function results will be dropped but finished with status OK and parcel size 4
05-28 05:11:51.608   158   158 I hwservicemanager: getTransport: Cannot find entry android.hardware.graphics.mapper@4.0::IMapper/default in either framework or device manifest.
05-28 05:11:51.609  4295  4295 I Gralloc4: mapper 4.x is not supported
05-28 05:11:51.656  4299  4301 I cmd     : oneway function results will be dropped but finished with status OK and parcel size 4
05-28 05:11:51.658  1387  1921 I MediaProvider: Begin Intent { act=android.intent.action.MEDIA_SCANNER_SCAN_FILE dat=file:///sdcard/screen_2026-05-28_051151.png flg=0x1400010 cmp=com.android.providers.media.module/com.android.providers.media.MediaService }
05-28 05:11:51.659  1387  1921 W ModernMediaScanner: Failed to visit /sdcard/screen_2026-05-28_051151.png: java.nio.file.AccessDeniedException: /sdcard/screen_2026-05-28_051151.png
05-28 05:11:51.659  1387  1921 I MediaProvider: Scanned internal due to REASON_DEMAND, found 0 items in 1ms, 0 inserts 0 updates 0 deletes
