05-29 02:50:15.735  1430  1450 I VoicemailNotifier: receivers for android.intent.action.PROVIDER_CHANGED :[]
05-29 02:50:15.742  1430  1902 I ContactDirectoryManager: deleted 0 stale rows which don't have any relevant directory
05-29 02:50:15.743  1430  1902 I ContactDirectoryManager: Discovered 0 contact directories in 1ms
05-29 02:50:15.743  1430  1902 I ContactsProvider: Upgrading aggregation algorithm
05-29 02:50:15.746  1430  1902 I ContactAggregator: Marked all visible contacts for aggregation: 0 raw contacts, 0 ms
05-29 02:50:15.750  1430  1902 I ContactsProvider: Aggregation algorithm upgraded for 0 raw contacts in 7ms
05-29 02:50:15.756  1430  1902 I ContactsFTS: Rebuild contact search index in 3ms, 0 contacts
05-29 02:50:15.778   512   551 I chatty  : uid=1000(system) android.bg identical 1 line
05-29 02:50:15.797   512   551 W VoiceInteractionManager: no available voice interaction services found for user 0
05-29 02:50:15.823  1496  1929 I MediaProvider: Begin Intent { act=android.intent.action.MEDIA_MOUNTED dat=file:///storage/emulated/0 flg=0x5000010 cmp=com.android.providers.media.module/com.android.providers.media.MediaService (has extras) }
05-29 02:50:15.833  1496  1496 I MediaUpgradeReceiver: ---> Start upgrade of media database external.db
05-29 02:50:15.836  1496  1496 I MediaUpgradeReceiver: <--- Finished upgrade of media database external.db in 3ms
05-29 02:50:15.836  1496  1496 I MediaUpgradeReceiver: ---> Start upgrade of media database internal.db
05-29 02:50:15.843   512   551 I ActivityTaskManager: Displayed com.android.launcher3/.uioverrides.QuickstepLauncher: +667ms
05-29 02:50:15.855  1496  1929 I MediaProvider: Changed schema version on internal from 0 to 1114, 0 items taking 23ms
05-29 02:50:15.885  1657  1673 W MediaProvider: No column annotation provided; not creating views
05-29 02:50:15.889  1657  1673 W MediaProvider: No column annotation provided; not creating views
05-29 02:50:15.916  1496  1929 W ModernMediaScanner: Failed to visit /system/media: java.nio.file.NoSuchFileException: /system/media
05-29 02:50:15.927  1496  1496 I MediaProvider: Changed schema version on internal from 0 to 1114, 0 items taking 12ms
05-29 02:50:15.818   512   551 I chatty  : uid=1000(system) android.bg identical 1 line
05-29 02:50:15.933  1496  1929 I MediaProvider: Scanned internal due to REASON_MOUNTED, found 0 items in 23ms, 0 inserts 0 updates 0 deletes
05-29 02:50:15.934  1496  1496 I SQLiteConnectionPool: The connection pool for /data/user/0/com.android.providers.media.module/databases/internal.db has been closed but there are still 1 connections in use.  They will be closed as they are released back to the pool.
05-29 02:50:15.934  1496  1496 E MediaUpgradeReceiver: Error during upgrade of media db internal.db
05-29 02:50:15.934  1496  1496 E MediaUpgradeReceiver: java.lang.NullPointerException: Attempt to invoke interface method 'void com.android.providers.media.DatabaseHelper$OnLegacyMigrationListener.onStarted(android.content.ContentProviderClient, java.lang.String)' on a null object reference
05-29 02:50:15.934  1496  1496 E MediaUpgradeReceiver: 	at com.android.providers.media.DatabaseHelper.migrateFromLegacy(DatabaseHelper.java:841)
05-29 02:50:15.934  1496  1496 E MediaUpgradeReceiver: 	at com.android.providers.media.DatabaseHelper.onOpen(DatabaseHelper.java:375)
05-29 02:50:15.934  1496  1496 E MediaUpgradeReceiver: 	at android.database.sqlite.SQLiteOpenHelper.getDatabaseLocked(SQLiteOpenHelper.java:427)
05-29 02:50:15.934  1496  1496 E MediaUpgradeReceiver: 	at android.database.sqlite.SQLiteOpenHelper.getWritableDatabase(SQLiteOpenHelper.java:316)
05-29 02:50:15.934  1496  1496 E MediaUpgradeReceiver: 	at com.android.providers.media.DatabaseHelper.runWithTransaction(DatabaseHelper.java:551)
05-29 02:50:15.934  1496  1496 E MediaUpgradeReceiver: 	at com.android.providers.media.MediaUpgradeReceiver.onReceive(MediaUpgradeReceiver.java:72)
05-29 02:50:15.934  1496  1496 E MediaUpgradeReceiver: 	at android.app.ActivityThread.handleReceiver(ActivityThread.java:4032)
05-29 02:50:15.934  1496  1496 E MediaUpgradeReceiver: 	at android.app.ActivityThread.access$1400(ActivityThread.java:237)
05-29 02:50:15.934  1496  1496 E MediaUpgradeReceiver: 	at android.app.ActivityThread$H.handleMessage(ActivityThread.java:1924)
05-29 02:50:15.934  1496  1496 E MediaUpgradeReceiver: 	at android.os.Handler.dispatchMessage(Handler.java:106)
05-29 02:50:15.934  1496  1496 E MediaUpgradeReceiver: 	at android.os.Looper.loop(Looper.java:223)
05-29 02:50:15.934  1496  1496 E MediaUpgradeReceiver: 	at android.app.ActivityThread.main(ActivityThread.java:7656)
05-29 02:50:15.934  1496  1496 E MediaUpgradeReceiver: 	at java.lang.reflect.Method.invoke(Native Method)
05-29 02:50:15.934  1496  1496 E MediaUpgradeReceiver: 	at com.android.internal.os.RuntimeInit$MethodAndArgsCaller.run(RuntimeInit.java:592)
05-29 02:50:15.934  1496  1496 E MediaUpgradeReceiver: 	at com.android.internal.os.ZygoteInit.main(ZygoteInit.java:947)
05-29 02:50:15.934  1496  1496 I MediaUpgradeReceiver: <--- Finished upgrade of media database internal.db in 98ms
05-29 02:50:15.934   512  1790 I PreBootBroadcaster: Pre-boot of {com.android.settings/com.android.settings.SettingsInitialize} for user 0
05-29 02:50:15.942   512   552 I SystemServerTimingAsync: ssm.UnlockedUser-0
05-29 02:50:15.942   512   552 I SystemServiceManager: Calling onUnlockedUser 0
05-29 02:50:15.942   512   552 I SystemServerTimingAsync: ssm.onUnlockedUser-0_com.android.server.security.FileIntegrityService
05-29 02:50:15.942   512   552 I SystemServerTimingAsync: ssm.onUnlockedUser-0_com.android.server.pm.Installer
05-29 02:50:15.942   512   552 I SystemServerTimingAsync: ssm.onUnlockedUser-0_com.android.server.os.DeviceIdentifiersPolicyService
05-29 02:50:15.942   512   552 I SystemServerTimingAsync: ssm.onUnlockedUser-0_com.android.server.uri.UriGrantsManagerService$Lifecycle
05-29 02:50:15.942   512   552 I SystemServerTimingAsync: ssm.onUnlockedUser-0_com.android.server.wm.ActivityTaskManagerService$Lifecycle
05-29 02:50:15.942   512   552 I SystemServerTimingAsync: ssm.onUnlockedUser-0_com.android.server.am.ActivityManagerService$Lifecycle
05-29 02:50:15.942   512   552 I SystemServerTimingAsync: ssm.onUnlockedUser-0_com.android.server.pm.DataLoaderManagerService
05-29 02:50:15.942   512   552 I SystemServerTimingAsync: ssm.onUnlockedUser-0_com.android.server.power.PowerManagerService
05-29 02:50:15.942   512   552 I SystemServerTimingAsync: ssm.onUnlockedUser-0_com.android.server.power.ThermalManagerService
05-29 02:50:15.942   512   552 I SystemServerTimingAsync: ssm.onUnlockedUser-0_com.android.server.recoverysystem.RecoverySystemService$Lifecycle
05-29 02:50:15.942   512   552 I SystemServerTimingAsync: ssm.onUnlockedUser-0_com.android.server.lights.LightsService
05-29 02:50:15.942   512   552 I SystemServerTimingAsync: ssm.onUnlockedUser-0_com.android.server.display.DisplayManagerService
05-29 02:50:15.942   512   552 I SystemServerTimingAsync: ssm.onUnlockedUser-0_com.android.server.pm.UserManagerService$LifeCycle
05-29 02:50:15.942   512   552 I SystemServerTimingAsync: ssm.onUnlockedUser-0_com.android.server.om.OverlayManagerService
05-29 02:50:15.942   512   552 I SystemServerTimingAsync: ssm.onUnlockedUser-0_com.android.server.SensorPrivacyService
05-29 02:50:15.942   512   552 I SystemServerTimingAsync: ssm.onUnlockedUser-0_com.android.server.SystemConfigService
05-29 02:50:15.942   512   552 I SystemServerTimingAsync: ssm.onUnlockedUser-0_com.android.server.BatteryService
05-29 02:50:15.942   512   552 I SystemServerTimingAsync: ssm.onUnlockedUser-0_com.android.server.usage.UsageStatsService
05-29 02:50:15.942   512   552 I SystemServerTimingAsync: ssm.onUnlockedUser-0_com.android.server.webkit.WebViewUpdateService
05-29 02:50:15.942   512   552 I SystemServerTimingAsync: ssm.onUnlockedUser-0_com.android.server.CachedDeviceStateService
05-29 02:50:15.942   512   552 I SystemServerTimingAsync: ssm.onUnlockedUser-0_com.android.server.BinderCallsStatsService$LifeCycle
05-29 02:50:15.942   512   552 I SystemServerTimingAsync: ssm.onUnlockedUser-0_com.android.server.LooperStatsService$Lifecycle
05-29 02:50:15.942   512   552 I SystemServerTimingAsync: ssm.onUnlockedUser-0_com.android.server.rollback.RollbackManagerService
05-29 02:50:15.942   512   552 I SystemServerTimingAsync: ssm.onUnlockedUser-0_com.android.server.os.BugreportManagerService
05-29 02:50:15.942   512   552 I SystemServerTimingAsync: ssm.onUnlockedUser-0_com.android.server.gpu.GpuService
05-29 02:50:15.942   512   552 I SystemServerTimingAsync: ssm.onUnlockedUser-0_com.android.server.security.KeyChainSystemService
05-29 02:50:15.942   512   552 I SystemServerTimingAsync: ssm.onUnlockedUser-0_com.android.server.telecom.TelecomLoaderService
05-29 02:50:15.942   512   552 I SystemServerTimingAsync: ssm.onUnlockedUser-0_com.android.server.accounts.AccountManagerService$Lifecycle
05-29 02:50:15.942   512   552 I SystemServerTimingAsync: ssm.onUnlockedUser-0_com.android.server.content.ContentService$Lifecycle
05-29 02:50:15.942   512   552 I SystemServerTimingAsync: ssm.onUnlockedUser-0_com.android.server.DropBoxManagerService
05-29 02:50:15.942   512   552 I SystemServerTimingAsync: ssm.onUnlockedUser-0_com.android.server.AlarmManagerService
05-29 02:50:15.942   512   552 I SystemServerTimingAsync: ssm.onUnlockedUser-0_com.android.server.BluetoothService
05-29 02:50:15.942   512   552 I SystemServerTimingAsync: ssm.onUnlockedUser-0_com.android.server.connectivity.IpConnectivityMetrics
05-29 02:50:15.942   512   552 I SystemServerTimingAsync: ssm.onUnlockedUser-0_com.android.server.net.watchlist.NetworkWatchlistService$Lifecycle
05-29 02:50:15.942   512   552 I SystemServerTimingAsync: ssm.onUnlockedUser-0_com.android.server.PinnerService
05-29 02:50:15.942   512   552 I SystemServerTimingAsync: ssm.onUnlockedUser-0_com.google.android.startop.iorap.IorapForwardingService
05-29 02:50:15.942   512   552 I SystemServerTimingAsync: ssm.onUnlockedUser-0_com.android.server.integrity.AppIntegrityManagerService
05-29 02:50:15.942   512   552 I SystemServerTimingAsync: ssm.onUnlockedUser-0_com.android.server.inputmethod.InputMethodManagerService$Lifecycle
05-29 02:50:15.942   512   552 I SystemServerTimingAsync: ssm.onUnlockedUser-0_com.android.server.accessibility.AccessibilityManagerService$Lifecycle
05-29 02:50:15.942   512   552 I SystemServerTimingAsync: ssm.onUnlockedUser-0_com.android.server.StorageManagerService$Lifecycle
05-29 02:50:15.942   512   552 I SystemServerTimingAsync: ssm.onUnlockedUser-0_com.android.server.usage.StorageStatsService$Lifecycle
05-29 02:50:15.942   512   552 I SystemServerTimingAsync: ssm.onUnlockedUser-0_com.android.server.UiModeManagerService
05-29 02:50:15.942   512   552 I SystemServerTimingAsync: ssm.onUnlockedUser-0_com.android.server.locksettings.LockSettingsService$Lifecycle
05-29 02:50:15.942   512   552 I SystemServerTimingAsync: ssm.onUnlockedUser-0_com.android.server.testharness.TestHarnessModeService
05-29 02:50:15.942   512   552 I SystemServerTimingAsync: ssm.onUnlockedUser-0_com.android.server.DeviceIdleController
05-29 02:50:15.942   512   552 I SystemServerTimingAsync: ssm.onUnlockedUser-0_com.android.server.devicepolicy.DevicePolicyManagerService$Lifecycle
05-29 02:50:15.942   512   552 I SystemServerTimingAsync: ssm.onUnlockedUser-0_com.android.server.textservices.TextServicesManagerService$Lifecycle
05-29 02:50:15.942   512   552 I SystemServerTimingAsync: ssm.onUnlockedUser-0_com.android.server.textclassifier.TextClassificationManagerService$Lifecycle
05-29 02:50:15.942   512   552 I SystemServerTimingAsync: ssm.onUnlockedUser-0_com.android.server.NetworkScoreService$Lifecycle
05-29 02:50:15.942   512   552 I SystemServerTimingAsync: ssm.onUnlockedUser-0_com.android.server.wifi.WifiService
05-29 02:50:15.942   512   552 I SystemServerTimingAsync: ssm.onUnlockedUser-0_com.android.server.wifi.scanner.WifiScanningService
05-29 02:50:15.942   512   552 I SystemServerTimingAsync: ssm.onUnlockedUser-0_com.android.server.wifi.p2p.WifiP2pService
05-29 02:50:15.942   512   552 I SystemServerTimingAsync: ssm.onUnlockedUser-0_com.android.server.notification.NotificationManagerService
05-29 02:50:15.942   512   552 I SystemServerTimingAsync: ssm.onUnlockedUser-0_com.android.server.storage.DeviceStorageMonitorService
05-29 02:50:15.942   512   552 I SystemServerTimingAsync: ssm.onUnlockedUser-0_com.android.server.location.LocationManagerService$Lifecycle
05-29 02:50:15.942   512   552 I SystemServerTimingAsync: ssm.onUnlockedUser-0_com.android.server.timedetector.TimeDetectorService$Lifecycle
05-29 02:50:15.942   512   552 I SystemServerTimingAsync: ssm.onUnlockedUser-0_com.android.server.timezonedetector.TimeZoneDetectorService$Lifecycle
05-29 02:50:15.942   512   552 I SystemServerTimingAsync: ssm.onUnlockedUser-0_com.android.server.search.SearchManagerService$Lifecycle
05-29 02:50:15.942   512   552 I SystemServerTimingAsync: ssm.onUnlockedUser-0_com.android.server.wallpaper.WallpaperManagerService$Lifecycle
05-29 02:50:15.942   512   552 I SystemServerTimingAsync: ssm.onUnlockedUser-0_com.android.server.audio.AudioService$Lifecycle
05-29 02:50:15.942   512   552 I SystemServerTimingAsync: ssm.onUnlockedUser-0_com.android.server.soundtrigger_middleware.SoundTriggerMiddlewareService$Lifecycle
05-29 02:50:15.942   512   552 I SystemServerTimingAsync: ssm.onUnlockedUser-0_com.android.server.DockObserver
05-29 02:50:15.942   512   552 I SystemServerTimingAsync: ssm.onUnlockedUser-0_com.android.server.midi.MidiService$Lifecycle
05-29 02:50:15.942   512   552 I SystemServerTimingAsync: ssm.onUnlockedUser-0_com.android.server.adb.AdbService$Lifecycle
05-29 02:50:15.942   512   552 I SystemServerTimingAsync: ssm.onUnlockedUser-0_com.android.server.usb.UsbService$Lifecycle
05-29 02:50:15.942   512   552 I SystemServerTimingAsync: ssm.onUnlockedUser-0_com.android.server.twilight.TwilightService
05-29 02:50:15.942   512   552 I SystemServerTimingAsync: ssm.onUnlockedUser-0_com.android.server.display.color.ColorDisplayService
05-29 02:50:15.942   512   552 I SystemServerTimingAsync: ssm.onUnlockedUser-0_com.android.server.job.JobSchedulerService
05-29 02:50:15.942   512   552 I SystemServerTimingAsync: ssm.onUnlockedUser-0_com.android.server.soundtrigger.SoundTriggerService
05-29 02:50:15.942   512   552 I SystemServerTimingAsync: ssm.onUnlockedUser-0_com.android.server.trust.TrustManagerService
05-29 02:50:15.942   512   552 I SystemServerTimingAsync: ssm.onUnlockedUser-0_com.android.server.backup.BackupManagerService$Lifecycle
05-29 02:50:15.942   512   552 I SystemServerTimingAsync: ssm.onUnlockedUser-0_com.android.server.appwidget.AppWidgetService
05-29 02:50:15.942   512   552 I SystemServerTimingAsync: ssm.onUnlockedUser-0_com.android.server.role.RoleManagerService
05-29 02:50:15.942   512   552 I SystemServerTimingAsync: ssm.onUnlockedUser-0_com.android.server.voiceinteraction.VoiceInteractionManagerService
05-29 02:50:15.942   512   552 I SystemServerTimingAsync: ssm.onUnlockedUser-0_com.android.server.GestureLauncherService
05-29 02:50:15.942   512   552 I SystemServerTimingAsync: ssm.onUnlockedUser-0_com.android.server.SensorNotificationService
05-29 02:50:15.942   512   552 I SystemServerTimingAsync: ssm.onUnlockedUser-0_com.android.server.emergency.EmergencyAffordanceService
05-29 02:50:15.942   512   552 I SystemServerTimingAsync: ssm.onUnlockedUser-0_com.android.server.dreams.DreamManagerService
05-29 02:50:15.942   512   552 I SystemServerTimingAsync: ssm.onUnlockedUser-0_com.android.server.blob.BlobStoreManagerService
05-29 02:50:15.942   512   552 I SystemServerTimingAsync: ssm.onUnlockedUser-0_com.android.server.print.PrintManagerService
05-29 02:50:15.942   512   552 I SystemServerTimingAsync: ssm.onUnlockedUser-0_com.android.server.companion.CompanionDeviceManagerService
05-29 02:50:15.942   512   552 I SystemServerTimingAsync: ssm.onUnlockedUser-0_com.android.server.restrictions.RestrictionsManagerService
05-29 02:50:15.942   512   552 I SystemServerTimingAsync: ssm.onUnlockedUser-0_com.android.server.media.MediaSessionService
05-29 02:50:15.942   512   552 I SystemServerTimingAsync: ssm.onUnlockedUser-0_com.android.server.media.MediaResourceMonitorService
05-29 02:50:15.942   512   552 I SystemServerTimingAsync: ssm.onUnlockedUser-0_com.android.server.biometrics.fingerprint.FingerprintService
05-29 02:50:15.942   512   552 I SystemServerTimingAsync: ssm.onUnlockedUser-0_com.android.server.biometrics.BiometricService
05-29 02:50:15.942   512   552 I SystemServerTimingAsync: ssm.onUnlockedUser-0_com.android.server.biometrics.AuthService
05-29 02:50:15.942   512   552 I SystemServerTimingAsync: ssm.onUnlockedUser-0_com.android.server.pm.ShortcutService$Lifecycle
05-29 02:50:15.942   512   552 I SystemServerTimingAsync: ssm.onUnlockedUser-0_com.android.server.pm.LauncherAppsService
05-29 02:50:15.942   512   552 I SystemServerTimingAsync: ssm.onUnlockedUser-0_com.android.server.pm.CrossProfileAppsService
05-29 02:50:15.942   512   552 I SystemServerTimingAsync: ssm.onUnlockedUser-0_com.android.server.people.PeopleService
05-29 02:50:15.943   512   552 I SystemServerTimingAsync: ssm.onUnlockedUser-0_com.android.server.media.projection.MediaProjectionManagerService
05-29 02:50:15.943   512   552 I SystemServerTimingAsync: ssm.onUnlockedUser-0_com.android.server.slice.SliceManagerService$Lifecycle
05-29 02:50:15.943   512   552 I SystemServerTimingAsync: ssm.onUnlockedUser-0_com.android.server.camera.CameraServiceProxy
05-29 02:50:15.943   512   552 I SystemServerTimingAsync: ssm.onUnlockedUser-0_com.android.server.stats.StatsCompanion$Lifecycle
05-29 02:50:15.943   512   552 I SystemServerTimingAsync: ssm.onUnlockedUser-0_com.android.server.stats.pull.StatsPullAtomService
05-29 02:50:15.943   512   552 I SystemServerTimingAsync: ssm.onUnlockedUser-0_com.android.server.incident.IncidentCompanionService
05-29 02:50:15.943   512   552 I SystemServerTimingAsync: ssm.onUnlockedUser-0_com.android.server.MmsServiceBroker
05-29 02:50:15.943   512   552 I SystemServerTimingAsync: ssm.onUnlockedUser-0_com.android.server.autofill.AutofillManagerService
05-29 02:50:15.943   512   552 I SystemServerTimingAsync: ssm.onUnlockedUser-0_com.android.server.clipboard.ClipboardService
05-29 02:50:15.943   512   552 I SystemServerTimingAsync: ssm.onUnlockedUser-0_com.android.server.appbinding.AppBindingService$Lifecycle
05-29 02:50:15.943   512   552 I SystemServerTimingAsync: ssm.onUnlockedUser-0_com.android.server.policy.PermissionPolicyService
05-29 02:50:15.943   512   552 I SystemServerTimingAsync: ssm.onUnlockedUser-0_com.android.server.pm.StagingManager$Lifecycle
05-29 02:50:15.943   512   552 W ActivityManager: UserLifecycleEvent 6 received without an active userJourneySession.
05-29 02:50:15.943   512  1790 I ActivityManager: Posting BOOT_COMPLETED user #0
05-29 02:50:15.943   512   543 I AppWidgetServiceImpl: Processing of handleUserUnlocked u0 took 2 ms
05-29 02:50:15.949   512  1933 I RecoverySystem: No recovery log file
05-29 02:50:15.949   512  1933 I BootReceiver: No existing last log timestamp file /data/system/log-files.xml; starting empty
05-29 02:50:15.950   512  1933 I DropBoxManagerService: add tag=SYSTEM_BOOT isTagEnabled=true flags=0x2
05-29 02:50:15.951   512  1933 I BootReceiver: Copying audit failures to DropBox
05-29 02:50:15.951   512  1933 I BootReceiver: Checking for fsck errors
05-29 02:50:15.952   512  1933 I BootReceiver: fs_stat, partition:vdc stat:0x13
05-29 02:50:15.953  1404  1404 I Dialer  : DialerExecutorModule.newThread - creating low priority thread
05-29 02:50:15.953  1496  1929 W ModernMediaScanner: Failed to visit /oem/media: java.nio.file.NoSuchFileException: /oem/media
05-29 02:50:15.956  1404  1934 I Dialer  : VisualVoicemailUpdateTask.updateNotification - enter
05-29 02:50:15.959  1496  1929 I MediaProvider: Scanned internal due to REASON_MOUNTED, found 0 items in 9ms, 0 inserts 0 updates 0 deletes
05-29 02:50:15.975  1430  1935 I CallLogDatabaseHelper: Migrating from old tables...
05-29 02:50:15.976  1430  1935 I CallLogDatabaseHelper: Source tables don't exist.
05-29 02:50:15.983  1404  1934 I Dialer  : VisualVoicemailUpdateTask.updateNotification - no voicemails to notify about
05-29 02:50:15.983  1404  1934 I Dialer  : VisualVoicemailNotifier.cancelAllVoicemailNotifications - enter
05-29 02:50:15.983  1404  1934 I Dialer  : VoicemailNotificationJobService.scheduleJob - job canceled
05-29 02:50:15.983  1404  1404 I Dialer  : VisualVoicemailUpdateTask.scheduleTask - update successful
05-29 02:50:15.984   512   512 I Telecom : DefaultDialerCache: Refreshing default dialer for user 0: now com.android.dialer: DDC.oR@AFk
05-29 02:50:15.984   512   512 I Telecom : MissedCallNotifierImpl: reloadAfterBootComplete: user=0: TSBCR.oR@AFo
05-29 02:50:15.986   512   512 I Telecom : MissedCallNotifierImpl: reloadAfterBootComplete: user=0: TSBCR.oR@AFo
05-29 02:50:16.018   512   512 I Telecom : PhoneAccountRegistrar: getSimCallManager: SimCallManager for subId 1 queried, returning: null: TSI.gSCMFU@AF8
05-29 02:50:16.024  1937  1937 W ndroid.calenda: Unexpected CPU variant for X86 using defaults: x86_64
05-29 02:50:16.025   512   543 E GnssLocationProvider: IGnssConfiguration setEsExtensionSec() failed.
05-29 02:50:16.025   512   543 E GnssConfiguration: Unable to set ES_EXTENSION_SEC: 0
05-29 02:50:16.026   512   553 I ActivityManager: Start proc 1937:com.android.calendar/u0a106 for broadcast {com.android.calendar/com.android.calendar.UpgradeReceiver}
05-29 02:50:16.032  1035  1035 I Telephony: Carrier-config changed, checking for phone account updates.
05-29 02:50:16.034  1035  1035 I Telephony: isRttCurrentlySupported -- regular acct, hasVoiceAvailability: false
05-29 02:50:16.034  1035  1035 I Telephony:  isRttSupported: false
05-29 02:50:16.034  1035  1035 I Telephony:  isRoaming: false
05-29 02:50:16.034  1035  1035 I Telephony:  isOnWfc: false
05-29 02:50:16.040   405   417 I adbd    : jdwp connection from 1937
05-29 02:50:16.042  1035  1035 I Telephony: reRegisterPstnPhoneAccount: subId: 1 - no change
05-29 02:50:16.061  1035  1035 I VvmSimStateTracker: android.telephony.action.CARRIER_CONFIG_CHANGED
05-29 02:50:16.065  1035  1035 I VvmSimStateTracker: Service connected on ComponentInfo{com.android.phone/com.android.services.telephony.TelephonyConnectionService}, ***, UserHandle{0}
05-29 02:50:16.077  1035  1035 I RemoteVvmTaskManager: Binding to ComponentInfo{com.android.dialer/com.android.voicemail.impl.OmtpService}
05-29 02:50:16.089  1404  1404 I Dialer  : VvmOmtpService - onCellServiceConnected
05-29 02:50:16.092  1937  1937 I ndroid.calenda: The ClassLoaderContext is a special shared library.
05-29 02:50:16.140   512   659 W system_server: Core platform API violation: Lsun/misc/Unsafe;->allocateInstance(Ljava/lang/Class;)Ljava/lang/Object; from /apex/com.android.wifi/javalib/service-wifi.jar using linking
05-29 02:50:16.145  1961  1961 W .localtranspor: Unexpected CPU variant for X86 using defaults: x86_64
05-29 02:50:16.146   512   659 W UnsafeUtil: platform method missing - proto runtime falling back to safer methods: java.lang.NoSuchMethodException: sun.misc.Unsafe.copyMemory [class java.lang.Object, long, class java.lang.Object, long, long]
05-29 02:50:16.148   512   553 I ActivityManager: Start proc 1961:com.android.localtransport/1000 for service {com.android.localtransport/com.android.localtransport.LocalTransportService}
05-29 02:50:16.149   405   417 I adbd    : jdwp connection from 1961
05-29 02:50:16.154   512   659 W LastMileLogger: Failed to open free_buffer pseudo-file: /sys/kernel/debug/tracing/instances/wifi/free_buffer: open failed: ENOENT (No such file or directory)
05-29 02:50:16.154   512   659 W LastMileLogger: Failed to arm fail-safe.
05-29 02:50:16.156   512   659 I WifiClientModeImpl: Connecting with 02:15:b2:00:00:00 as the mac address
05-29 02:50:16.156   441   441 W wificond: Scan is not started. Ignore abort request
05-29 02:50:16.157   512   659 I SupplicantStaIfaceHal: addSupplicantStaNetwork via HIDL
05-29 02:50:16.184  1961  1961 I .localtranspor: The ClassLoaderContext is a special shared library.
05-29 02:50:16.189   706   706 I wpa_supplicant: wlan0: SME: Trying to authenticate with 02:15:b2:00:01:00 (SSID='AndroidWifi' freq=2447 MHz)
05-29 02:50:16.385     0     0 I wlan0   : authenticate with 02:15:b2:00:01:00
05-29 02:50:16.198   508   508 I hostapd : wlan1: STA 02:15:b2:00:00:00 IEEE 802.11: authenticated
05-29 02:50:16.388     0     0 I wlan0   : send auth to 02:15:b2:00:01:00 (try 1/3)
05-29 02:50:16.393     0     0 I wlan0   : authenticated
05-29 02:50:16.198   508   508 I hostapd : wlan1: STA 02:15:b2:00:00:00 IEEE 802.11: authenticated
05-29 02:50:16.200   706   706 I wpa_supplicant: wlan0: Trying to associate with 02:15:b2:00:01:00 (SSID='AndroidWifi' freq=2447 MHz)
05-29 02:50:16.206  1981  1981 W android.camera: Unexpected CPU variant for X86 using defaults: x86_64
05-29 02:50:16.206   512   553 W ActivityManager: Slow operation: 51ms so far, now at startProcess: returned from zygote!
05-29 02:50:16.206   512   553 W ActivityManager: Slow operation: 51ms so far, now at startProcess: done updating battery stats
05-29 02:50:16.206   512   553 W ActivityManager: Slow operation: 51ms so far, now at startProcess: building log message
05-29 02:50:16.206   512   553 I ActivityManager: Start proc 1981:com.android.camera2/u0a111 for broadcast {com.android.camera2/com.android.camera.SetActivitiesCameraReceiver}
05-29 02:50:16.206   512   553 W ActivityManager: Slow operation: 51ms so far, now at startProcess: starting to update pids map
05-29 02:50:16.206   512   553 W ActivityManager: Slow operation: 51ms so far, now at startProcess: done updating pids map
05-29 02:50:16.208   512   512 I TransportClient: LocalTransportService#0: Notifying [TransportManager.registerTransport()] transport = IBackupTransport
05-29 02:50:16.212   508   508 I hostapd : wlan1: STA 02:15:b2:00:00:00 IEEE 802.11: associated (aid 1)
05-29 02:50:16.212   508   508 I hostapd : wlan1: STA 02:15:b2:00:00:00 IEEE 802.11: associated (aid 1)
05-29 02:50:16.212   508   508 I hostapd : wlan1: AP-STA-CONNECTED 02:15:b2:00:00:00
05-29 02:50:16.400     0     0 I wlan0   : associate with 02:15:b2:00:01:00 (try 1/3)
05-29 02:50:16.408     0     0 I wlan0   : RX AssocResp from 02:15:b2:00:01:00 (capab=0x401 status=0 aid=1)
05-29 02:50:16.411     0     0 I wlan0   : associated
05-29 02:50:16.220   405   417 I adbd    : jdwp connection from 1981
05-29 02:50:16.220   706   706 I wpa_supplicant: wlan0: Associated with 02:15:b2:00:01:00
05-29 02:50:16.220   706   706 I wpa_supplicant: wlan0: CTRL-EVENT-CONNECTED - Connection to 02:15:b2:00:01:00 completed [id=0 id_str=%7B%22configKey%22%3A%22%5C%22AndroidWifi%5C%22NONE%22%2C%22creatorUid%22%3A%221000%22%7D]
05-29 02:50:16.221   706   706 I wpa_supplicant: wlan0: CTRL-EVENT-SUBNET-STATUS-UPDATE status=0
05-29 02:50:16.225   512  1790 I WifiService: updateInterfaceIpState uid=1073
05-29 02:50:16.233  1981  1981 I android.camera: The ClassLoaderContext is a special shared library.
05-29 02:50:16.236  1981  1981 I android.camera: The ClassLoaderContext is a special shared library.
05-29 02:50:16.249   508   508 I hostapd : wlan1: STA-OPMODE-SMPS-MODE-CHANGED 02:15:b2:00:00:00 off
05-29 02:50:16.250   279   835 E Netd    : no such netId 101
05-29 02:50:16.250   512   663 E ConnectivityService: Exception adding interface: java.lang.IllegalStateException: android.os.ServiceSpecificException: Machine is not on the network (code 64)
05-29 02:50:16.250   279   835 E Netd    : no such netId 101
05-29 02:50:16.261   508   508 I hostapd : wlan1: STA-OPMODE-SMPS-MODE-CHANGED 02:15:b2:00:00:00 dynamic
05-29 02:50:16.263  1981  1981 W CAM_Log : Tag SetActivitiesCameraReceiver is 8 chars longer than limit.
05-29 02:50:16.266   426   726 W ServiceManager: Permission failure: android.permission.SYSTEM_CAMERA from uid=10111 pid=1981
05-29 02:50:16.266  1981  1981 I CAM_SetActivitiesCamera: number of camera: 1
05-29 02:50:16.266  1981  1981 I CAM_SetActivitiesCamera: component state is 1
05-29 02:50:16.273   512   923 I ActivityManager: Killing 1054:com.android.settings:CryptKeeper/1000 (adj 985): empty #17
05-29 02:50:16.279   512   553 I ActivityManager: Start proc 2010:com.android.contacts/u0a98 for broadcast {com.android.contacts/com.android.contacts.interactions.OnBootOrUpgradeReceiver}
05-29 02:50:16.282   279   835 E Netd    : no such netId 101
05-29 02:50:16.282   512   663 E ConnectivityService: Exception in networkAddRouteParcel for non-gateway: android.os.ServiceSpecificException: Machine is not on the network (code 64)
05-29 02:50:16.282   512   663 E ConnectivityService: Exception in networkAddRouteParcel for gateway: android.os.ServiceSpecificException: Machine is not on the network (code 64)
05-29 02:50:16.282   279   835 E Netd    : no such netId 101
05-29 02:50:16.287   280  2015 I Zygote  : Process 1054 exited due to signal 9 (Killed)
05-29 02:50:16.288   512   659 W WifiScoreReport: Cannot start external scoring netId=101 currentNetId=101 sessionId=1017
05-29 02:50:16.289  2010  2010 W ndroid.contact: Unexpected CPU variant for X86 using defaults: x86_64
05-29 02:50:16.295   405   417 I adbd    : jdwp connection from 2010
05-29 02:50:16.303   202   205 E android.system.suspend@1.0-service: Error opening kernel wakelock stats for: wakeup32: Permission denied
05-29 02:50:16.307   202   205 E android.system.suspend@1.0-service: Error opening kernel wakelock stats for: wakeup33: Permission denied
05-29 02:50:16.300   202   202 W Binder:202_2: type=1400 audit(0.0:20): avc: denied { read } for name="wakeup32" dev="sysfs" ino=18830 scontext=u:r:system_suspend:s0 tcontext=u:object_r:sysfs:s0 tclass=dir permissive=0
05-29 02:50:16.324   512   554 I libprocessgroup: Successfully killed process cgroup uid 1000 pid 1054 in 44ms
05-29 02:50:16.329   512   557 E libprocessgroup: AddTidToCgroup failed to write '2030'; fd=63: Invalid argument
05-29 02:50:16.329   512   557 E libprocessgroup: Failed to add task into cgroup
05-29 02:50:16.329   512   557 W libprocessgroup: ExecuteForTask failed for aggregate profile: Invalid argument
05-29 02:50:16.329  2028  2028 I abb     : StartCommandInProcess(73657474696e67730067657400676c6f settings.get.glo [truncated])
05-29 02:50:16.337  2010  2010 I ndroid.contact: The ClassLoaderContext is a special shared library.
05-29 02:50:16.340  2028  2034 I abb     : oneway function results will be dropped but finished with status OK and parcel size 4
05-29 02:50:16.341  2028  2028 I abb     : StartCommandInProcess(7061636b61676500696e7374616c6c00 package.install. [truncated])
05-29 02:50:16.351   512   663 W DnsManager: updatePrivateDns(101, PrivateDnsConfig{true:/[]})
05-29 02:50:16.363  1035  1047 I m.android.phon: JIT allocated 75KB for compiled code of boolean com.android.internal.telephony.ITelephony$Stub.onTransact(int, android.os.Parcel, android.os.Parcel, int)
05-29 02:50:16.365  1035  1047 I m.android.phon: Compiler allocated 4900KB to compile boolean com.android.internal.telephony.ITelephony$Stub.onTransact(int, android.os.Parcel, android.os.Parcel, int)
05-29 02:50:16.371   279  2038 W resolv  : Validating DnsTlsServer on netId 101
05-29 02:50:16.371  1245  1245 I AlarmClock: AlarmInitReceiver android.intent.action.BOOT_COMPLETED
05-29 02:50:16.375   279  2038 W resolv  : Validation failed
05-29 02:50:16.573     0     0 W audit   : audit_lost=1 audit_rate_limit=5 audit_backlog_limit=64
05-29 02:50:16.574     0     0 E audit   : rate limit exceeded
05-29 02:50:16.304   202   202 W Binder:202_2: type=1400 audit(0.0:21): avc: denied { read } for name="wakeup33" dev="sysfs" ino=18893 scontext=u:r:system_suspend:s0 tcontext=u:object_r:sysfs:s0 tclass=dir permissive=0
05-29 02:50:16.382  1245  1275 I AlarmClock: Fixing alarm instances
05-29 02:50:16.336   512   512 W Binder:512_9: type=1400 audit(0.0:22): avc: denied { getopt } for scontext=u:r:system_server:s0 tcontext=u:r:shell:s0 tclass=unix_stream_socket permissive=0
05-29 02:50:16.387  1404  1404 I Dialer  : VvmOmtpService - onBoot
05-29 02:50:16.336   512   512 W Binder:512_9: type=1400 audit(0.0:23): avc: denied { getopt } for scontext=u:r:system_server:s0 tcontext=u:r:shell:s0 tclass=unix_stream_socket permissive=0
05-29 02:50:16.391   512  1131 I ActivityManager: Killing 1379:com.android.carrierconfig/u0a114 (adj 985): empty #17
05-29 02:50:16.400   279  2041 W resolv  : Validating DnsTlsServer on netId 101
05-29 02:50:16.417   512   659 E WifiVendorHal: stopRssiMonitoring(l.2100) failed {.code = ERROR_NOT_AVAILABLE, .description = }
05-29 02:50:16.336   512   512 W Binder:512_9: type=1400 audit(0.0:24): avc: denied { getopt } for scontext=u:r:system_server:s0 tcontext=u:r:shell:s0 tclass=unix_stream_socket permissive=0
05-29 02:50:16.421   280   280 I Zygote  : Process 1379 exited due to signal 9 (Killed)
05-29 02:50:16.616     0     0 I binder  : undelivered transaction 51269, process died.
05-29 02:50:16.430   279  2041 W resolv  : SSL_connect ssl error =5, mark 0xf0065: Connection refused
05-29 02:50:16.430   279  2041 W resolv  : Validation failed
05-29 02:50:16.440   512   554 I libprocessgroup: Successfully killed process cgroup uid 10114 pid 1379 in 43ms
05-29 02:50:16.441   512   553 I ActivityManager: Start proc 2043:com.android.dynsystem/1000 for broadcast {com.android.dynsystem/com.android.dynsystem.BootCompletedReceiver}
05-29 02:50:16.442  2043  2043 W droid.dynsyste: Unexpected CPU variant for X86 using defaults: x86_64
05-29 02:50:16.443   512   615 W RuleEvaluation: Integrity rule files are not available.
05-29 02:50:16.443   512   568 I PackageManager: Integrity check passed for file:///data/app/vmdl1248608744.tmp
05-29 02:50:16.449   405   417 I adbd    : jdwp connection from 2043
05-29 02:50:16.464   512   568 I PackageManager: Permission ownership changed. Updating all permissions.
05-29 02:50:16.469   512   614 E ReportEncoder: No watchlist hash
05-29 02:50:16.471   512   614 I WatchlistLoggingHandler: Milliseconds spent on tryAggregateRecords(): 8998
05-29 02:50:16.471   512   545 I DropBoxManagerService: add tag=system_server_strictmode isTagEnabled=true flags=0x2
05-29 02:50:16.481   512   545 I chatty  : uid=1000(system) android.io identical 8 lines
05-29 02:50:16.481   512   545 I DropBoxManagerService: add tag=system_server_strictmode isTagEnabled=true flags=0x2
05-29 02:50:16.525   740  2068 E BackupHelper: Could not parse delayed permissions
05-29 02:50:16.525   740  2068 E BackupHelper: java.io.FileNotFoundException: /data/user_de/0/com.android.permissioncontroller/files/delayed_restore_permissions.xml: open failed: ENOENT (No such file or directory)
05-29 02:50:16.525   740  2068 E BackupHelper: 	at libcore.io.IoBridge.open(IoBridge.java:492)
05-29 02:50:16.525   740  2068 E BackupHelper: 	at java.io.FileInputStream.<init>(FileInputStream.java:160)
05-29 02:50:16.525   740  2068 E BackupHelper: 	at android.app.ContextImpl.openFileInput(ContextImpl.java:636)
05-29 02:50:16.525   740  2068 E BackupHelper: 	at com.android.permissioncontroller.permission.service.BackupHelper.restoreDelayedState(BackupHelper.java:338)
05-29 02:50:16.525   740  2068 E BackupHelper: 	at com.android.permissioncontroller.permission.service.PermissionControllerServiceImpl.onRestoreDelayedRuntimePermissionsBackup(PermissionControllerServiceImpl.java:413)
05-29 02:50:16.525   740  2068 E BackupHelper: 	at com.android.permissioncontroller.permission.service.PermissionControllerServiceImpl.lambda$onApplyStagedRuntimePermissionBackup$4(PermissionControllerServiceImpl.java:407)
05-29 02:50:16.525   740  2068 E BackupHelper: 	at com.android.permissioncontroller.permission.service.PermissionControllerServiceImpl.lambda$onApplyStagedRuntimePermissionBackup$4$PermissionControllerServiceImpl(Unknown Source:0)
05-29 02:50:16.525   740  2068 E BackupHelper: 	at com.android.permissioncontroller.permission.service.-$$Lambda$PermissionControllerServiceImpl$mE7NqZpMEJTKa_y63m6czFzewlg.run(Unknown Source:8)
05-29 02:50:16.525   740  2068 E BackupHelper: 	at android.os.AsyncTask$SerialExecutor$1.run(AsyncTask.java:305)
05-29 02:50:16.525   740  2068 E BackupHelper: 	at java.util.concurrent.ThreadPoolExecutor.runWorker(ThreadPoolExecutor.java:1167)
05-29 02:50:16.525   740  2068 E BackupHelper: 	at java.util.concurrent.ThreadPoolExecutor$Worker.run(ThreadPoolExecutor.java:641)
05-29 02:50:16.525   740  2068 E BackupHelper: 	at java.lang.Thread.run(Thread.java:923)
05-29 02:50:16.525   740  2068 E BackupHelper: Caused by: android.system.ErrnoException: open failed: ENOENT (No such file or directory)
05-29 02:50:16.525   740  2068 E BackupHelper: 	at libcore.io.Linux.open(Native Method)
05-29 02:50:16.525   740  2068 E BackupHelper: 	at libcore.io.ForwardingOs.open(ForwardingOs.java:166)
05-29 02:50:16.525   740  2068 E BackupHelper: 	at libcore.io.BlockGuardOs.open(BlockGuardOs.java:254)
05-29 02:50:16.525   740  2068 E BackupHelper: 	at libcore.io.ForwardingOs.open(ForwardingOs.java:166)
05-29 02:50:16.525   740  2068 E BackupHelper: 	at android.app.ActivityThread$AndroidOs.open(ActivityThread.java:7542)
05-29 02:50:16.525   740  2068 E BackupHelper: 	at libcore.io.IoBridge.open(IoBridge.java:478)
05-29 02:50:16.525   740  2068 E BackupHelper: 	... 11 more
05-29 02:50:16.525   512   512 I Telecom : PhoneAccountRegistrar: getSimCallManager: SimCallManager for subId 1 queried, returning: null: TSI.gSCMFU@AGc
05-29 02:50:16.526   740   942 I RoleControllerServiceImpl: Adding package as fallback role holder, package: com.android.launcher3, role: android.app.role.HOME
05-29 02:50:16.528  2043  2043 I droid.dynsyste: The ClassLoaderContext is a special shared library.
05-29 02:50:16.528   432   585 E installd: Couldn't opendir /data/app/vmdl1248608744.tmp: No such file or directory
05-29 02:50:16.528   432   585 E installd: Failed to delete /data/app/vmdl1248608744.tmp: No such file or directory
05-29 02:50:16.529   512   523 W JavaBinder: BinderProxy is being destroyed but the application did not call unlinkToDeath to unlink all of its death recipients beforehand.  Releasing leaked death recipient: com.android.server.AlarmManagerService$2
05-29 02:50:16.529   512   523 I BpBinder: onLastStrongRef automatically unlinking death recipients: <uncached descriptor>
05-29 02:50:16.529   512   523 W JavaBinder: BinderProxy is being destroyed but the application did not call unlinkToDeath to unlink all of its death recipients beforehand.  Releasing leaked death recipient: com.android.server.AlarmManagerService$2
05-29 02:50:16.529   512   523 W JavaBinder: BinderProxy is being destroyed but the application did not call unlinkToDeath to unlink all of its death recipients beforehand.  Releasing leaked death recipient: com.android.server.AlarmManagerService$2
05-29 02:50:16.529   512   523 I BpBinder: onLastStrongRef automatically unlinking death recipients: <uncached descriptor>
05-29 02:50:16.529   512   523 W JavaBinder: BinderProxy is being destroyed but the application did not call unlinkToDeath to unlink all of its death recipients beforehand.  Releasing leaked death recipient: com.android.server.AlarmManagerService$2
05-29 02:50:16.529   512   523 I BpBinder: onLastStrongRef automatically unlinking death recipients: <uncached descriptor>
05-29 02:50:16.529   512   512 I Telecom : PhoneAccountRegistrar: getSimCallManager: SimCallManager for subId 1 queried, returning: null: TSI.gSCMFU@AGg
05-29 02:50:16.537   512  1790 I ActivityManager: Killing 1567:com.android.documentsui/u0a76 (adj 985): empty #17
05-29 02:50:16.537  2028  2033 I abb     : oneway function results will be dropped but finished with status OK and parcel size 4
05-29 02:50:16.542  1496  1496 I MediaProvider: Invalidating LocalCallingIdentity cache for package io.github.ylimit.droidbotapp. Reason: package android.intent.action.PACKAGE_ADDED
05-29 02:50:16.546   512   543 I RoleManagerService: Granting default roles...
05-29 02:50:16.546   740   760 I PermissionControllerServiceImpl: Updating user sensitive for uid 10130
05-29 02:50:16.549   512   606 I InputReader: Reconfiguring input devices, changes=KEYBOARD_LAYOUTS | 
05-29 02:50:16.562   512   512 I Telecom : DefaultDialerCache: Refreshing default dialer for user 0: now com.android.dialer: DDC.oR@AGs
05-29 02:50:16.571   512   553 I ActivityManager: Start proc 2079:com.android.gallery3d/u0a112 for broadcast {com.android.gallery3d/com.android.camera.DisableCameraReceiver}
05-29 02:50:16.577  2079  2079 W droid.gallery3: Unexpected CPU variant for X86 using defaults: x86_64
05-29 02:50:16.580   280   280 I Zygote  : Process 1567 exited due to signal 9 (Killed)
05-29 02:50:16.580   512   554 I libprocessgroup: Successfully killed process cgroup uid 10076 pid 1567 in 42ms
05-29 02:50:16.591   405   417 I adbd    : jdwp connection from 2079
05-29 02:50:16.607  2091  2102 I cmd     : oneway function results will be dropped but finished with status OK and parcel size 4
05-29 02:50:16.616   512   553 I ActivityManager: Start proc 2105:io.github.ylimit.droidbotapp/u0a130 for service {io.github.ylimit.droidbotapp/io.github.privacystreams.accessibility.PSAccessibilityService}
05-29 02:50:16.617   512   551 W VoiceInteractionManager: no available voice recognition services found for user 0
05-29 02:50:16.620  2105  2105 I mit.droidbotap: Late-enabling -Xcheck:jni
05-29 02:50:16.644  2105  2105 I mit.droidbotap: Unquickening 12 vdex files!
05-29 02:50:16.646  2105  2105 W mit.droidbotap: Unexpected CPU variant for X86 using defaults: x86_64
05-29 02:50:16.671   405   417 I adbd    : jdwp connection from 2105
05-29 02:50:16.683   202   205 E android.system.suspend@1.0-service: Error opening kernel wakelock stats for: wakeup32: Permission denied
05-29 02:50:16.686   202   205 E android.system.suspend@1.0-service: Error opening kernel wakelock stats for: wakeup33: Permission denied
05-29 02:50:16.713   512  1676 W system_server: Long monitor contention with owner NetworkPolicy (656) at void com.android.server.NetworkManagementService.setInterfaceQuota(java.lang.String, long)(NetworkManagementService.java:1219) waiters=0 in void com.android.server.NetworkManagementService.setUidCleartextNetworkPolicy(int, int) for 107ms
05-29 02:50:16.716  2079  2079 I droid.gallery3: The ClassLoaderContext is a special shared library.
05-29 02:50:16.725   725   725 W View    : requestLayout() improperly called by com.android.keyguard.AlphaOptimizedLinearLayout{19646fb V.E...... ......ID 3,0-21,22 #7f0a04db app:id/wifi_group} during layout: running second layout pass
05-29 02:50:16.725   725   725 W View    : requestLayout() improperly called by com.android.keyguard.AlphaOptimizedLinearLayout{1d73ad V.E...... ......ID 3,0-21,22 #7f0a04db app:id/wifi_group} during layout: running second layout pass
05-29 02:50:16.726   405   405 E adbd    : failed to connect to socket 'tcp:7336': Connection refused
05-29 02:50:16.726   725   725 W View    : requestLayout() improperly called by com.android.keyguard.AlphaOptimizedLinearLayout{c681260 V.E...... ......ID 3,0-21,22 #7f0a04db app:id/wifi_group} during layout: running second layout pass
05-29 02:50:16.739   512   543 I GnssNetworkConnectivityHandler: updateNetworkState, state=CLOSED, connected=true, network=101, capabilities=[ Transports: WIFI Capabilities: NOT_METERED&INTERNET&NOT_RESTRICTED&TRUSTED&NOT_VPN&VALIDATED&NOT_ROAMING&FOREGROUND&NOT_CONGESTED&NOT_SUSPENDED LinkUpBandwidth>=141000Kbps LinkDnBandwidth>=141000Kbps SignalStrength: -30 OwnerUid: 1000 AdministratorUids: [] SSID: "AndroidWifi" RequestorUid: -1 RequestorPackageName: null], apn: , availableNetworkCount: 2
05-29 02:50:16.740  2079  2079 I droid.gallery3: The ClassLoaderContext is a special shared library.
05-29 02:50:16.759   512   659 W LastMileLogger: Failed to stop event tracing: /sys/kernel/debug/tracing/instances/wifi/tracing_on: open failed: ENOENT (No such file or directory)
05-29 02:50:16.764   279   835 E Netd    : Error adding route ::/0 -> fe80::2 wlan0 to table 1015: File exists
05-29 02:50:16.773   279  2139 W resolv  : Validating DnsTlsServer on netId 101
05-29 02:50:16.781   405   405 E adbd    : failed to connect to socket 'tcp:7336': Connection refused
05-29 02:50:16.782   279  2139 W resolv  : SSL_connect ssl error =5, mark 0xf0065: Connection refused
05-29 02:50:16.782   279  2139 W resolv  : Validation failed
05-29 02:50:16.782   426   726 W ServiceManager: Permission failure: android.permission.SYSTEM_CAMERA from uid=10112 pid=2079
05-29 02:50:16.782   426   726 I chatty  : uid=1047(cameraserver) Binder:426_2 identical 2 lines
05-29 02:50:16.782   426   726 W ServiceManager: Permission failure: android.permission.SYSTEM_CAMERA from uid=10112 pid=2079
05-29 02:50:16.783  2079  2079 I G:DisableCameraReceiver: back camera found: 0
05-29 02:50:16.783   512  1676 I ActivityManager: Killing 1630:com.android.music/u0a110 (adj 985): empty #17
05-29 02:50:16.790  1353  1353 I SystemBroadcastReceiver: Boot has been completed
05-29 02:50:16.790  1353  1353 I SystemBroadcastReceiver: toggleAppIcon() : FLAG_SYSTEM = true
05-29 02:50:16.791   405   405 E adbd    : failed to connect to socket 'tcp:7336': Connection refused
05-29 02:50:16.795   280   280 I Zygote  : Process 1630 exited due to signal 9 (Killed)
05-29 02:50:16.798   405   405 E adbd    : failed to connect to socket 'tcp:7336': Connection refused
05-29 02:50:16.801   958  1807 E FrameEvents: updateAcquireFence: Did not find frame.
05-29 02:50:16.805   405   405 E adbd    : failed to connect to socket 'tcp:7336': Connection refused
05-29 02:50:16.813   405   405 E adbd    : failed to connect to socket 'tcp:7336': Connection refused
05-29 02:50:16.815   512   553 I ActivityManager: Start proc 2142:com.android.messaging/u0a103 for broadcast {com.android.messaging/com.android.messaging.receiver.BootAndPackageReplacedReceiver}
05-29 02:50:16.822   405   405 E adbd    : failed to connect to socket 'tcp:7336': Connection refused
05-29 02:50:16.832   405   405 E adbd    : failed to connect to socket 'tcp:7336': Connection refused
05-29 02:50:16.836   512   554 I libprocessgroup: Successfully killed process cgroup uid 10110 pid 1630 in 47ms
05-29 02:50:16.838   405   405 E adbd    : failed to connect to socket 'tcp:7336': Connection refused
05-29 02:50:16.842  2142  2142 W droid.messagin: Unexpected CPU variant for X86 using defaults: x86_64
05-29 02:50:16.848   405   405 E adbd    : failed to connect to socket 'tcp:7336': Connection refused
05-29 02:50:16.852  1278  1298 I receiver.modul: Waiting for a blocking GC ProfileSaver
05-29 02:50:16.861   405   405 E adbd    : failed to connect to socket 'tcp:7336': Connection refused
05-29 02:50:16.863   405   417 I adbd    : jdwp connection from 2142
05-29 02:50:16.866  1278  1298 I receiver.modul: WaitForGcToComplete blocked ProfileSaver on ClassLinker for 13.945ms
05-29 02:50:16.868   405   405 E adbd    : failed to connect to socket 'tcp:7336': Connection refused
05-29 02:50:16.876   405   405 I chatty  : uid=2000(shell) /apex/com.android.adbd/bin/adbd identical 1 line
05-29 02:50:16.882   405   405 E adbd    : failed to connect to socket 'tcp:7336': Connection refused
05-29 02:50:16.889   512   557 E libprocessgroup: AddTidToCgroup failed to write '2159'; fd=63: Invalid argument
05-29 02:50:16.889   512   557 E libprocessgroup: Failed to add task into cgroup
05-29 02:50:16.889   512   557 W libprocessgroup: ExecuteForTask failed for aggregate profile: Invalid argument
05-29 02:50:16.890   405   405 E adbd    : failed to connect to socket 'tcp:7336': Connection refused
05-29 02:50:16.949   405   405 I chatty  : uid=2000(shell) /apex/com.android.adbd/bin/adbd identical 4 lines
05-29 02:50:16.958   405   405 E adbd    : failed to connect to socket 'tcp:7336': Connection refused
05-29 02:50:16.959  2142  2142 I droid.messagin: The ClassLoaderContext is a special shared library.
05-29 02:50:16.964  2142  2142 I droid.messagin: The ClassLoaderContext is a special shared library.
05-29 02:50:16.965   405   405 E adbd    : failed to connect to socket 'tcp:7336': Connection refused
05-29 02:50:16.974   405   405 E adbd    : failed to connect to socket 'tcp:7336': Connection refused
05-29 02:50:16.978   405   405 E adbd    : failed to connect to socket 'tcp:7336': Connection refused
05-29 02:50:16.981  1302  1323 I oadcastreceive: Waiting for a blocking GC ProfileSaver
05-29 02:50:16.987   405   405 E adbd    : failed to connect to socket 'tcp:7336': Connection refused
05-29 02:50:16.993   405   405 E adbd    : failed to connect to socket 'tcp:7336': Connection refused
05-29 02:50:16.994  2142  2142 I TetheringManager: registerTetheringEventCallback:com.android.messaging
05-29 02:50:16.999   405   405 E adbd    : failed to connect to socket 'tcp:7336': Connection refused
05-29 02:50:17.004  1353  1353 I InputAttributes: InputType.TYPE_NULL is specified
05-29 02:50:17.006   317   317 I android.hardware.vibrator-service.example: Vibrator reporting capabilities
05-29 02:50:17.010  1302  1323 I oadcastreceive: WaitForGcToComplete blocked ProfileSaver on ClassLinker for 29.698ms
05-29 02:50:17.013   405   405 E adbd    : failed to connect to socket 'tcp:7336': Connection refused
05-29 02:50:17.024   405   405 I chatty  : uid=2000(shell) /apex/com.android.adbd/bin/adbd identical 2 lines
05-29 02:50:17.030   405   405 E adbd    : failed to connect to socket 'tcp:7336': Connection refused
05-29 02:50:17.031  2174  2177 I cmd     : oneway function results will be dropped but finished with status OK and parcel size 4
05-29 02:50:17.034  1353  1443 I LatinIME:LogUtils: Dictionary info: dictionary = UserHistoryDictionary.en_US ; version = 1780023012 ; date = 1780023017
