05-29 02:51:09.341  5304  5304 I dex2oat32: setting boot class path to /apex/com.android.art/javalib/core-oj.jar:/apex/com.android.art/javalib/core-libart.jar:/apex/com.android.art/javalib/core-icu4j.jar:/apex/com.android.art/javalib/okhttp.jar:/apex/com.android.art/javalib/bouncycastle.jar:/apex/com.android.art/javalib/apache-xml.jar:/system/framework/framework.jar:/system/framework/ext.jar:/system/framework/telephony-common.jar:/system/framework/voip-common.jar:/system/framework/ims-common.jar:/system/framework/framework-atb-backward-compatibility.jar
05-29 02:51:09.658   158   158 I hwservicemanager: getTransport: Cannot find entry android.hardware.graphics.mapper@4.0::IMapper/default in either framework or device manifest.
05-29 02:51:09.658  5318  5318 I Gralloc4: mapper 4.x is not supported
05-29 02:51:09.796  5322  5324 I cmd     : oneway function results will be dropped but finished with status OK and parcel size 4
05-29 02:51:09.908  1496  2463 I MediaProvider: Deleted 1 items on external_primary due to com.android.shell
05-29 02:51:09.940  5335  5337 I cmd     : oneway function results will be dropped but finished with status OK and parcel size 4
05-29 02:51:10.106   158   158 I hwservicemanager: getTransport: Cannot find entry android.hardware.graphics.mapper@4.0::IMapper/default in either framework or device manifest.
05-29 02:51:10.106  5357  5357 I Gralloc4: mapper 4.x is not supported
05-29 02:51:10.227  5361  5363 I cmd     : oneway function results will be dropped but finished with status OK and parcel size 4
05-29 02:51:10.325  1496  1626 I MediaProvider: Deleted 1 items on external_primary due to com.android.shell
05-29 02:51:10.349  5304  5304 W dex2oat32: Could not reserve sentinel fault page
05-29 02:51:10.362  5372  5373 I cmd     : oneway function results will be dropped but finished with status OK and parcel size 4
05-29 02:51:10.418  5304  5304 I dex2oat32: Large app, accepted running with swap.
05-29 02:51:10.589   158   158 I hwservicemanager: getTransport: Cannot find entry android.hardware.graphics.mapper@4.0::IMapper/default in either framework or device manifest.
05-29 02:51:10.590  5395  5395 I Gralloc4: mapper 4.x is not supported
05-29 02:51:10.718  5399  5401 I cmd     : oneway function results will be dropped but finished with status OK and parcel size 4
05-29 02:51:10.821  1496  2463 I MediaProvider: Deleted 1 items on external_primary due to com.android.shell
05-29 02:51:10.910  5425  5428 I cmd     : oneway function results will be dropped but finished with status OK and parcel size 4
05-29 02:51:11.197  5469  5469 E libc    : Access denied finding property "persist.device_config.runtime_native_boot.profilebootclasspath"
05-29 02:51:11.197  5469  5469 E libc    : Access denied finding property "persist.device_config.runtime_native_boot.enable_apex_image"
05-29 02:51:11.197  5469  5469 I AndroidRuntime: Using default boot image
05-29 02:51:11.197  5469  5469 E libc    : Access denied finding property "persist.device_config.runtime_native_boot.disable_lock_profiling"
05-29 02:51:11.197  5469  5469 I AndroidRuntime: Leaving lock profiling enabled
05-29 02:51:11.197  5469  5469 E libc    : Access denied finding property "persist.device_config.runtime_native_boot.enable_generational_cc"
05-29 02:51:11.200  5469  5469 I app_process: Core platform API reporting enabled, enforcing=false
05-29 02:51:11.196  5469  5469 W app_process: type=1400 audit(0.0:106): avc: denied { read } for name="u:object_r:device_config_runtime_native_boot_prop:s0" dev="tmpfs" ino=8335 scontext=u:r:shell:s0 tcontext=u:object_r:device_config_runtime_native_boot_prop:s0 tclass=file permissive=0
05-29 02:51:11.339  5304  5304 I dex2oat32: Explicit concurrent copying GC freed 73139(10MB) AllocSpace objects, 0(0B) LOS objects, 99% free, 8968B/1544KB, paused 59us total 16.738ms
05-29 02:51:11.344  5304  5304 I dex2oat32: Explicit concurrent copying GC freed 420(61KB) AllocSpace objects, 0(0B) LOS objects, 99% free, 11KB/1547KB, paused 5us total 713us
05-29 02:51:11.347  5469  5469 W app_process: Unexpected CPU variant for X86 using defaults: x86_64
05-29 02:51:11.349  5469  5469 I app_process: The ClassLoaderContext is a special shared library.
05-29 02:51:11.354  5304  5304 I dex2oat32: Explicit concurrent copying GC freed 1436(205KB) AllocSpace objects, 0(0B) LOS objects, 99% free, 13KB/1549KB, paused 4us total 739us
05-29 02:51:11.358  5304  5304 I dex2oat32: Explicit concurrent copying GC freed 880(125KB) AllocSpace objects, 0(0B) LOS objects, 98% free, 16KB/1552KB, paused 4us total 733us
05-29 02:51:11.360  5304  5304 I dex2oat32: Explicit concurrent copying GC freed 439(61KB) AllocSpace objects, 0(0B) LOS objects, 98% free, 18KB/1554KB, paused 4us total 680us
05-29 02:51:11.361  5469  5469 W app_process: JNI RegisterNativeMethods: attempt to register 0 native methods for android.media.AudioAttributes
05-29 02:51:11.363  5304  5304 I dex2oat32: Explicit concurrent copying GC freed 520(77KB) AllocSpace objects, 0(0B) LOS objects, 98% free, 21KB/1557KB, paused 4us total 666us
05-29 02:51:11.365  5304  5304 I dex2oat32: Explicit concurrent copying GC freed 258(29KB) AllocSpace objects, 0(0B) LOS objects, 98% free, 23KB/1559KB, paused 4us total 828us
05-29 02:51:11.366  5304  5304 I dex2oat32: Explicit concurrent copying GC freed 169(29KB) AllocSpace objects, 0(0B) LOS objects, 98% free, 26KB/1562KB, paused 4us total 721us
05-29 02:51:11.368  5304  5304 I dex2oat32: Explicit concurrent copying GC freed 232(29KB) AllocSpace objects, 0(0B) LOS objects, 98% free, 28KB/1564KB, paused 8us total 977us
05-29 02:51:11.370  5304  5304 I dex2oat32: Explicit concurrent copying GC freed 266(45KB) AllocSpace objects, 0(0B) LOS objects, 98% free, 31KB/1567KB, paused 4us total 724us
05-29 02:51:11.377  5304  5304 I dex2oat32: Explicit concurrent copying GC freed 856(141KB) AllocSpace objects, 0(0B) LOS objects, 97% free, 33KB/1569KB, paused 4us total 727us
05-29 02:51:11.383  5304  5304 I dex2oat32: Explicit concurrent copying GC freed 397(61KB) AllocSpace objects, 0(0B) LOS objects, 97% free, 36KB/1572KB, paused 4us total 731us
05-29 02:51:11.386  5304  5304 I dex2oat32: Explicit concurrent copying GC freed 742(125KB) AllocSpace objects, 0(0B) LOS objects, 97% free, 39KB/1575KB, paused 4us total 721us
05-29 02:51:11.389  5304  5304 I dex2oat32: Explicit concurrent copying GC freed 464(77KB) AllocSpace objects, 0(0B) LOS objects, 97% free, 41KB/1577KB, paused 4us total 770us
05-29 02:51:11.392  5304  5304 I dex2oat32: Explicit concurrent copying GC freed 183(29KB) AllocSpace objects, 0(0B) LOS objects, 97% free, 44KB/1580KB, paused 4us total 1.281ms
05-29 02:51:11.394  5304  5304 I dex2oat32: Explicit concurrent copying GC freed 659(141KB) AllocSpace objects, 0(0B) LOS objects, 97% free, 46KB/1582KB, paused 4us total 734us
05-29 02:51:11.396  5304  5304 I dex2oat32: Explicit concurrent copying GC freed 261(79KB) AllocSpace objects, 0(0B) LOS objects, 96% free, 49KB/1585KB, paused 4us total 725us
05-29 02:51:11.424  5304  5304 W dex2oat32: Accessing hidden method Landroid/graphics/Canvas;->drawPatch(Landroid/graphics/NinePatch;Landroid/graphics/Rect;Landroid/graphics/Paint;)V (greylist-max-o, linking, denied)
05-29 02:51:11.424  5304  5304 W dex2oat32: Accessing hidden method Landroid/graphics/Canvas;->drawPatch(Landroid/graphics/NinePatch;Landroid/graphics/RectF;Landroid/graphics/Paint;)V (greylist-max-o, linking, denied)
05-29 02:51:11.436  5304  5304 W dex2oat32: Accessing hidden method Landroid/graphics/Bitmap;->getHardwareBuffer()Landroid/hardware/HardwareBuffer; (blacklist, linking, denied)
05-29 02:51:11.514  5304  5304 W dex2oat32: Accessing hidden method Landroid/graphics/ImageDecoder;->createSource([B)Landroid/graphics/ImageDecoder$Source; (greylist-max-o, linking, denied)
05-29 02:51:11.521  5304  5304 W dex2oat32: Class androidx.compose.runtime.snapshots.SnapshotStateMap failed lock verification and will run slower.
05-29 02:51:11.521  5304  5304 W dex2oat32: Common causes for lock verification issues are non-optimized dex code
05-29 02:51:11.521  5304  5304 W dex2oat32: and incorrect proguard optimizations.
05-29 02:51:11.550  5304  5304 W dex2oat32: Class androidx.compose.runtime.snapshots.SnapshotStateList failed lock verification and will run slower.
05-29 02:51:11.569  5304  5304 I dex2oat32: Explicit concurrent copying GC freed 40782(6059KB) AllocSpace objects, 0(0B) LOS objects, 94% free, 88KB/1624KB, paused 6us total 5.499ms
05-29 02:51:11.668  5304  5304 I dex2oat32: Explicit concurrent copying GC freed 26380(3456KB) AllocSpace objects, 0(0B) LOS objects, 94% free, 96KB/1632KB, paused 6us total 2.374ms
05-29 02:51:11.677  5304  5304 I dex2oat32: dex2oat took 2.336s (2.304s cpu) (threads: 2) arena alloc=0B (0B) java alloc=96KB (98792B) native alloc=7505KB (7685936B) free=2120KB (2171792B) swap=16MB (16777216B)
05-29 02:51:11.701   512  5295 I system_server: The ClassLoaderContext is a special shared library.
05-29 02:51:11.724   512  5295 I chatty  : uid=1000(system) BackgroundDexOp identical 19 lines
05-29 02:51:11.725   512  5295 I system_server: The ClassLoaderContext is a special shared library.
05-29 02:51:11.726   512  5295 I BackgroundDexOptService: Pinning optimized code {android, io.github.ylimit.droidbotapp, com.mocoding.pokedex.android}
05-29 02:51:13.076   158   158 I hwservicemanager: getTransport: Cannot find entry android.hardware.graphics.mapper@4.0::IMapper/default in either framework or device manifest.
05-29 02:51:13.077  5517  5517 I Gralloc4: mapper 4.x is not supported
05-29 02:51:13.209  5521  5523 I cmd     : oneway function results will be dropped but finished with status OK and parcel size 4
05-29 02:51:13.305  1496  1625 I MediaProvider: Deleted 1 items on external_primary due to com.android.shell
05-29 02:51:13.480   158   158 I hwservicemanager: getTransport: Cannot find entry android.hardware.graphics.mapper@4.0::IMapper/default in either framework or device manifest.
05-29 02:51:13.480  5554  5554 I Gralloc4: mapper 4.x is not supported
05-29 02:51:13.601  5558  5560 I cmd     : oneway function results will be dropped but finished with status OK and parcel size 4
05-29 02:51:13.696  1496  2463 I MediaProvider: Deleted 1 items on external_primary due to com.android.shell
05-29 02:51:13.723  5569  5571 I cmd     : oneway function results will be dropped but finished with status OK and parcel size 4
05-29 02:51:13.876   158   158 I hwservicemanager: getTransport: Cannot find entry android.hardware.graphics.mapper@4.0::IMapper/default in either framework or device manifest.
05-29 02:51:13.876  5591  5591 I Gralloc4: mapper 4.x is not supported
05-29 02:51:14.001  5595  5597 I cmd     : oneway function results will be dropped but finished with status OK and parcel size 4
05-29 02:51:14.070  1496  1626 I MediaProvider: Deleted 1 items on external_primary due to com.android.shell
05-29 02:51:14.183  5638  5640 I cmd     : oneway function results will be dropped but finished with status OK and parcel size 4
05-29 02:51:14.324  5665  5665 E libc    : Access denied finding property "persist.device_config.runtime_native_boot.profilebootclasspath"
05-29 02:51:14.324  5665  5665 E libc    : Access denied finding property "persist.device_config.runtime_native_boot.enable_apex_image"
05-29 02:51:14.324  5665  5665 I AndroidRuntime: Using default boot image
05-29 02:51:14.324  5665  5665 E libc    : Access denied finding property "persist.device_config.runtime_native_boot.disable_lock_profiling"
05-29 02:51:14.324  5665  5665 I AndroidRuntime: Leaving lock profiling enabled
05-29 02:51:14.325  5665  5665 E libc    : Access denied finding property "persist.device_config.runtime_native_boot.enable_generational_cc"
05-29 02:51:14.328  5665  5665 I app_process: Core platform API reporting enabled, enforcing=false
05-29 02:51:14.320  5665  5665 W app_process: type=1400 audit(0.0:110): avc: denied { read } for name="u:object_r:device_config_runtime_native_boot_prop:s0" dev="tmpfs" ino=8335 scontext=u:r:shell:s0 tcontext=u:object_r:device_config_runtime_native_boot_prop:s0 tclass=file permissive=0
05-29 02:51:14.324  5665  5665 I chatty  : uid=2000(shell) main identical 2 lines
05-29 02:51:14.324  5665  5665 W app_process: type=1400 audit(0.0:113): avc: denied { read } for name="u:object_r:device_config_runtime_native_boot_prop:s0" dev="tmpfs" ino=8335 scontext=u:r:shell:s0 tcontext=u:object_r:device_config_runtime_native_boot_prop:s0 tclass=file permissive=0
05-29 02:51:14.446  5665  5665 W app_process: Unexpected CPU variant for X86 using defaults: x86_64
05-29 02:51:14.451  5665  5665 I app_process: The ClassLoaderContext is a special shared library.
05-29 02:51:14.468  5665  5665 W app_process: JNI RegisterNativeMethods: attempt to register 0 native methods for android.media.AudioAttributes
05-29 02:51:15.499  1496  1929 E SQLiteDatabase: Error inserting format=12289 owner_package_name=null parent=-1 volume_name=internal date_modified=1683216921 _display_name=product _data=/product is_download=0 relative_path=null
05-29 02:51:15.499  1496  1929 E SQLiteDatabase: android.database.sqlite.SQLiteDatabaseLockedException: database is locked (code 5 SQLITE_BUSY)
05-29 02:51:15.499  1496  1929 E SQLiteDatabase: 	at android.database.sqlite.SQLiteConnection.nativeExecuteForLastInsertedRowId(Native Method)
05-29 02:51:15.499  1496  1929 E SQLiteDatabase: 	at android.database.sqlite.SQLiteConnection.executeForLastInsertedRowId(SQLiteConnection.java:938)
05-29 02:51:15.499  1496  1929 E SQLiteDatabase: 	at android.database.sqlite.SQLiteSession.executeForLastInsertedRowId(SQLiteSession.java:790)
05-29 02:51:15.499  1496  1929 E SQLiteDatabase: 	at android.database.sqlite.SQLiteStatement.executeInsert(SQLiteStatement.java:88)
05-29 02:51:15.499  1496  1929 E SQLiteDatabase: 	at android.database.sqlite.SQLiteDatabase.insertWithOnConflict(SQLiteDatabase.java:1701)
05-29 02:51:15.499  1496  1929 E SQLiteDatabase: 	at android.database.sqlite.SQLiteDatabase.insert(SQLiteDatabase.java:1570)
05-29 02:51:15.499  1496  1929 E SQLiteDatabase: 	at com.android.providers.media.MediaProvider.insertDirectory(MediaProvider.java:2773)
05-29 02:51:15.499  1496  1929 E SQLiteDatabase: 	at com.android.providers.media.MediaProvider.getParent(MediaProvider.java:2794)
05-29 02:51:15.499  1496  1929 E SQLiteDatabase: 	at com.android.providers.media.MediaProvider.insertDirectory(MediaProvider.java:2763)
05-29 02:51:15.499  1496  1929 E SQLiteDatabase: 	at com.android.providers.media.MediaProvider.getParent(MediaProvider.java:2794)
05-29 02:51:15.499  1496  1929 E SQLiteDatabase: 	at com.android.providers.media.MediaProvider.insertDirectory(MediaProvider.java:2763)
05-29 02:51:15.499  1496  1929 E SQLiteDatabase: 	at com.android.providers.media.MediaProvider.getParent(MediaProvider.java:2794)
05-29 02:51:15.499  1496  1929 E SQLiteDatabase: 	at com.android.providers.media.MediaProvider.insertDirectory(MediaProvider.java:2763)
05-29 02:51:15.499  1496  1929 E SQLiteDatabase: 	at com.android.providers.media.MediaProvider.getParent(MediaProvider.java:2794)
05-29 02:51:15.499  1496  1929 E SQLiteDatabase: 	at com.android.providers.media.MediaProvider.lambda$insertAllowingUpsert$14(MediaProvider.java:3060)
05-29 02:51:15.499  1496  1929 E SQLiteDatabase: 	at com.android.providers.media.MediaProvider.lambda$insertAllowingUpsert$14$MediaProvider(Unknown Source:0)
05-29 02:51:15.499  1496  1929 E SQLiteDatabase: 	at com.android.providers.media.-$$Lambda$MediaProvider$FjHWs2-fjgG761OzVFzdTX4EWZg.apply(Unknown Source:13)
05-29 02:51:15.499  1496  1929 E SQLiteDatabase: 	at com.android.providers.media.DatabaseHelper.runWithTransaction(DatabaseHelper.java:555)
05-29 02:51:15.499  1496  1929 E SQLiteDatabase: 	at com.android.providers.media.MediaProvider.insertAllowingUpsert(MediaProvider.java:3056)
05-29 02:51:15.499  1496  1929 E SQLiteDatabase: 	at com.android.providers.media.MediaProvider.insertFile(MediaProvider.java:3038)
05-29 02:51:15.499  1496  1929 E SQLiteDatabase: 	at com.android.providers.media.MediaProvider.insertInternal(MediaProvider.java:3470)
05-29 02:51:15.499  1496  1929 E SQLiteDatabase: 	at com.android.providers.media.MediaProvider.insert(MediaProvider.java:3198)
05-29 02:51:15.499  1496  1929 E SQLiteDatabase: 	at android.content.ContentProviderOperation.applyInternal(ContentProviderOperation.java:375)
05-29 02:51:15.499  1496  1929 E SQLiteDatabase: 	at android.content.ContentProviderOperation.apply(ContentProviderOperation.java:347)
05-29 02:51:15.499  1496  1929 E SQLiteDatabase: 	at android.content.ContentProvider.applyBatch(ContentProvider.java:2422)
05-29 02:51:15.499  1496  1929 E SQLiteDatabase: 	at com.android.providers.media.MediaProvider.applyBatch(MediaProvider.java:3522)
05-29 02:51:15.499  1496  1929 E SQLiteDatabase: 	at android.content.ContentProvider.applyBatch(ContentProvider.java:2413)
05-29 02:51:15.499  1496  1929 E SQLiteDatabase: 	at android.content.ContentResolver.applyBatch(ContentResolver.java:2186)
05-29 02:51:15.499  1496  1929 E SQLiteDatabase: 	at com.android.providers.media.scan.ModernMediaScanner$Scan.applyPending(ModernMediaScanner.java:699)
05-29 02:51:15.499  1496  1929 E SQLiteDatabase: 	at com.android.providers.media.scan.ModernMediaScanner$Scan.maybeApplyPending(ModernMediaScanner.java:689)
05-29 02:51:15.499  1496  1929 E SQLiteDatabase: 	at com.android.providers.media.scan.ModernMediaScanner$Scan.visitFile(ModernMediaScanner.java:649)
05-29 02:51:15.499  1496  1929 E SQLiteDatabase: 	at com.android.providers.media.scan.ModernMediaScanner$Scan.visitFile(ModernMediaScanner.java:272)
05-29 02:51:15.499  1496  1929 E SQLiteDatabase: 	at java.nio.file.Files.walkFileTree(Files.java:2670)
05-29 02:51:15.499  1496  1929 E SQLiteDatabase: 	at java.nio.file.Files.walkFileTree(Files.java:2742)
05-29 02:51:15.499  1496  1929 E SQLiteDatabase: 	at com.android.providers.media.scan.ModernMediaScanner$Scan.walkFileTree(ModernMediaScanner.java:366)
05-29 02:51:15.499  1496  1929 E SQLiteDatabase: 	at com.android.providers.media.scan.ModernMediaScanner$Scan.run(ModernMediaScanner.java:329)
05-29 02:51:15.499  1496  1929 E SQLiteDatabase: 	at com.android.providers.media.scan.ModernMediaScanner.scanDirectory(ModernMediaScanner.java:226)
05-29 02:51:15.499  1496  1929 E SQLiteDatabase: 	at com.android.providers.media.MediaProvider.scanDirectory(MediaProvider.java:1111)
05-29 02:51:15.499  1496  1929 E SQLiteDatabase: 	at com.android.providers.media.MediaService.onScanVolume(MediaService.java:148)
05-29 02:51:15.499  1496  1929 E SQLiteDatabase: 	at com.android.providers.media.MediaService.onScanVolume(MediaService.java:117)
05-29 02:51:15.499  1496  1929 E SQLiteDatabase: 	at com.android.providers.media.MediaService.onScanVolume(MediaService.java:108)
05-29 02:51:15.499  1496  1929 E SQLiteDatabase: 	at com.android.providers.media.MediaService.onHandleWork(MediaService.java:71)
05-29 02:51:15.499  1496  1929 E SQLiteDatabase: 	at androidx.core.app.JobIntentService$CommandProcessor.doInBackground(JobIntentService.java:391)
05-29 02:51:15.499  1496  1929 E SQLiteDatabase: 	at androidx.core.app.JobIntentService$CommandProcessor.doInBackground(JobIntentService.java:382)
05-29 02:51:15.499  1496  1929 E SQLiteDatabase: 	at android.os.AsyncTask$3.call(AsyncTask.java:394)
05-29 02:51:15.499  1496  1929 E SQLiteDatabase: 	at java.util.concurrent.FutureTask.run(FutureTask.java:266)
05-29 02:51:15.499  1496  1929 E SQLiteDatabase: 	at java.util.concurrent.ThreadPoolExecutor.runWorker(ThreadPoolExecutor.java:1167)
05-29 02:51:15.499  1496  1929 E SQLiteDatabase: 	at java.util.concurrent.ThreadPoolExecutor$Worker.run(ThreadPoolExecutor.java:641)
05-29 02:51:15.499  1496  1929 E SQLiteDatabase: 	at java.lang.Thread.run(Thread.java:923)
05-29 02:51:15.812  1404  1852 I Dialer  : OmtpVvmCarrierCfgHlpr - OmtpEvent:CONFIG_STATUS_SMS_TIME_OUT
05-29 02:51:15.813  1404  1404 I Dialer  : RetryPolicy - discarding deferred status: configuration_state=4
05-29 02:51:15.815  1404  1404 I Dialer  : VvmTaskExecutor - no more tasks, stopping service if no task are added in 5000 millis
05-29 02:51:15.816  1404  1404 I Dialer  : VvmTaskReceiver - task received
05-29 02:51:15.816  1404  1404 I Dialer  : VvmTaskReceiver - TaskExecutor already running
05-29 02:51:15.816  1404  1404 I Dialer  : Task.createTask - create task:com.android.voicemail.impl.ActivationTask
05-29 02:51:15.817  1404  1404 I Dialer  : RetryPolicy - retry #1 for com.android.voicemail.impl.ActivationTask@bcff981 queued, executing in 5000
05-29 02:51:15.817  1404  1404 I Dialer  : VvmTaskExecutor - com.android.voicemail.impl.ActivationTask@bcff981 added
05-29 02:51:15.817  1404  1404 I Dialer  : VvmTaskExecutor - minimal wait time:5000
05-29 02:51:15.817  1404  1404 I Dialer  : VvmTaskExecutor - sleep for 5000 millis
05-29 02:51:16.173   158   158 I hwservicemanager: getTransport: Cannot find entry android.hardware.graphics.mapper@4.0::IMapper/default in either framework or device manifest.
05-29 02:51:16.173  5694  5694 I Gralloc4: mapper 4.x is not supported
05-29 02:51:16.305  5698  5700 I cmd     : oneway function results will be dropped but finished with status OK and parcel size 4
05-29 02:51:16.400  1496  1625 I MediaProvider: Deleted 1 items on external_primary due to com.android.shell
05-29 02:51:16.584   158   158 I hwservicemanager: getTransport: Cannot find entry android.hardware.graphics.mapper@4.0::IMapper/default in either framework or device manifest.
05-29 02:51:16.584  5731  5731 I Gralloc4: mapper 4.x is not supported
05-29 02:51:16.707  5735  5737 I cmd     : oneway function results will be dropped but finished with status OK and parcel size 4
05-29 02:51:16.798  1496  1626 I MediaProvider: Deleted 1 items on external_primary due to com.android.shell
05-29 02:51:16.976   158   158 I hwservicemanager: getTransport: Cannot find entry android.hardware.graphics.mapper@4.0::IMapper/default in either framework or device manifest.
05-29 02:51:16.976  5768  5768 I Gralloc4: mapper 4.x is not supported
05-29 02:51:17.098  5772  5774 I cmd     : oneway function results will be dropped but finished with status OK and parcel size 4
05-29 02:51:17.201  1496  2463 I MediaProvider: Deleted 1 items on external_primary due to com.android.shell
05-29 02:51:17.326  5795  5795 E libc    : Access denied finding property "persist.device_config.runtime_native_boot.profilebootclasspath"
05-29 02:51:17.326  5795  5795 E libc    : Access denied finding property "persist.device_config.runtime_native_boot.enable_apex_image"
05-29 02:51:17.326  5795  5795 I AndroidRuntime: Using default boot image
05-29 02:51:17.326  5795  5795 E libc    : Access denied finding property "persist.device_config.runtime_native_boot.disable_lock_profiling"
05-29 02:51:17.326  5795  5795 I AndroidRuntime: Leaving lock profiling enabled
05-29 02:51:17.327  5795  5795 E libc    : Access denied finding property "persist.device_config.runtime_native_boot.enable_generational_cc"
05-29 02:51:17.331  5795  5795 I app_process: Core platform API reporting enabled, enforcing=false
05-29 02:51:17.324  5795  5795 W app_process: type=1400 audit(0.0:114): avc: denied { read } for name="u:object_r:device_config_runtime_native_boot_prop:s0" dev="tmpfs" ino=8335 scontext=u:r:shell:s0 tcontext=u:object_r:device_config_runtime_native_boot_prop:s0 tclass=file permissive=0
05-29 02:51:17.451  5795  5795 W app_process: Unexpected CPU variant for X86 using defaults: x86_64
05-29 02:51:17.452  5795  5795 I app_process: The ClassLoaderContext is a special shared library.
05-29 02:51:17.469  5795  5795 W app_process: JNI RegisterNativeMethods: attempt to register 0 native methods for android.media.AudioAttributes
05-29 02:51:17.570   512   929 W InputReader: Device virtio_input_multi_touch_10 is associated with display ADISPLAY_ID_NONE.
05-29 02:51:17.570   512   929 W InputReader: Device virtio_input_multi_touch_7 is associated with display ADISPLAY_ID_NONE.
05-29 02:51:17.570   512   929 W InputReader: Device virtio_input_multi_touch_11 is associated with display ADISPLAY_ID_NONE.
05-29 02:51:17.570   512   929 W InputReader: Device virtio_input_multi_touch_5 is associated with display ADISPLAY_ID_NONE.
05-29 02:51:17.570   512   929 W InputReader: Device virtio_input_multi_touch_2 is associated with display ADISPLAY_ID_NONE.
05-29 02:51:17.570   512   929 W InputReader: Device virtio_input_multi_touch_8 is associated with display ADISPLAY_ID_NONE.
05-29 02:51:17.570   512   929 W InputReader: Device virtio_input_multi_touch_6 is associated with display ADISPLAY_ID_NONE.
05-29 02:51:17.570   512   929 W InputReader: Device virtio_input_multi_touch_3 is associated with display ADISPLAY_ID_NONE.
05-29 02:51:17.570   512   929 W InputReader: Device virtio_input_multi_touch_9 is associated with display ADISPLAY_ID_NONE.
05-29 02:51:17.570   512   929 W InputReader: Device virtio_input_multi_touch_4 is associated with display ADISPLAY_ID_NONE.
05-29 02:51:17.571   512   929 W InputReader: Device virtio_input_multi_touch_10 is associated with display ADISPLAY_ID_NONE.
05-29 02:51:17.571   512   929 W InputReader: Device virtio_input_multi_touch_7 is associated with display ADISPLAY_ID_NONE.
05-29 02:51:17.571   512   929 W InputReader: Device virtio_input_multi_touch_11 is associated with display ADISPLAY_ID_NONE.
05-29 02:51:17.571   512   929 W InputReader: Device virtio_input_multi_touch_5 is associated with display ADISPLAY_ID_NONE.
05-29 02:51:17.571   512   929 W InputReader: Device virtio_input_multi_touch_2 is associated with display ADISPLAY_ID_NONE.
05-29 02:51:17.571   512   929 W InputReader: Device virtio_input_multi_touch_8 is associated with display ADISPLAY_ID_NONE.
05-29 02:51:17.571   512   929 W InputReader: Device virtio_input_multi_touch_6 is associated with display ADISPLAY_ID_NONE.
05-29 02:51:17.571   512   929 W InputReader: Device virtio_input_multi_touch_3 is associated with display ADISPLAY_ID_NONE.
05-29 02:51:17.571   512   929 W InputReader: Device virtio_input_multi_touch_9 is associated with display ADISPLAY_ID_NONE.
05-29 02:51:17.571   512   929 W InputReader: Device virtio_input_multi_touch_4 is associated with display ADISPLAY_ID_NONE.
05-29 02:51:17.619   158   158 I hwservicemanager: getTransport: Cannot find entry android.hardware.configstore@1.0::ISurfaceFlingerConfigs/default in either framework or device manifest.
05-29 02:51:17.674   335   335 E Layer   : [Surface(name=Task=1)/@0xd0bfbb - animation-leash#0] No local sync point found
05-29 02:51:17.674   335   335 E Layer   : [Surface(name=Task=1)/@0xd0bfbb - animation-leash#0] No local sync point found
05-29 02:51:17.674   335   335 E Layer   : [Surface(name=Task=9)/@0x6edbdec - animation-leash#0] No local sync point found
05-29 02:51:17.674   335   335 E Layer   : [Surface(name=Task=9)/@0x6edbdec - animation-leash#0] No local sync point found
05-29 02:51:19.010   158   158 I hwservicemanager: getTransport: Cannot find entry android.hardware.graphics.mapper@4.0::IMapper/default in either framework or device manifest.
05-29 02:51:19.010  5833  5833 I Gralloc4: mapper 4.x is not supported
05-29 02:51:19.164  5837  5839 I cmd     : oneway function results will be dropped but finished with status OK and parcel size 4
05-29 02:51:19.173  1496  1929 E SQLiteDatabase: Error inserting format=12289 owner_package_name=null parent=-1 volume_name=internal date_modified=1683213674 _display_name=media _data=/product/media is_download=0 relative_path=null
05-29 02:51:19.173  1496  1929 E SQLiteDatabase: android.database.sqlite.SQLiteDatabaseLockedException: database is locked (code 5 SQLITE_BUSY)
05-29 02:51:19.173  1496  1929 E SQLiteDatabase: 	at android.database.sqlite.SQLiteConnection.nativeExecuteForLastInsertedRowId(Native Method)
05-29 02:51:19.173  1496  1929 E SQLiteDatabase: 	at android.database.sqlite.SQLiteConnection.executeForLastInsertedRowId(SQLiteConnection.java:938)
05-29 02:51:19.173  1496  1929 E SQLiteDatabase: 	at android.database.sqlite.SQLiteSession.executeForLastInsertedRowId(SQLiteSession.java:790)
05-29 02:51:19.173  1496  1929 E SQLiteDatabase: 	at android.database.sqlite.SQLiteStatement.executeInsert(SQLiteStatement.java:88)
05-29 02:51:19.173  1496  1929 E SQLiteDatabase: 	at android.database.sqlite.SQLiteDatabase.insertWithOnConflict(SQLiteDatabase.java:1701)
05-29 02:51:19.173  1496  1929 E SQLiteDatabase: 	at android.database.sqlite.SQLiteDatabase.insert(SQLiteDatabase.java:1570)
05-29 02:51:19.173  1496  1929 E SQLiteDatabase: 	at com.android.providers.media.MediaProvider.insertDirectory(MediaProvider.java:2773)
05-29 02:51:19.173  1496  1929 E SQLiteDatabase: 	at com.android.providers.media.MediaProvider.getParent(MediaProvider.java:2794)
05-29 02:51:19.173  1496  1929 E SQLiteDatabase: 	at com.android.providers.media.MediaProvider.insertDirectory(MediaProvider.java:2763)
05-29 02:51:19.173  1496  1929 E SQLiteDatabase: 	at com.android.providers.media.MediaProvider.getParent(MediaProvider.java:2794)
05-29 02:51:19.173  1496  1929 E SQLiteDatabase: 	at com.android.providers.media.MediaProvider.insertDirectory(MediaProvider.java:2763)
05-29 02:51:19.173  1496  1929 E SQLiteDatabase: 	at com.android.providers.media.MediaProvider.getParent(MediaProvider.java:2794)
05-29 02:51:19.173  1496  1929 E SQLiteDatabase: 	at com.android.providers.media.MediaProvider.lambda$insertAllowingUpsert$14(MediaProvider.java:3060)
05-29 02:51:19.173  1496  1929 E SQLiteDatabase: 	at com.android.providers.media.MediaProvider.lambda$insertAllowingUpsert$14$MediaProvider(Unknown Source:0)
05-29 02:51:19.173  1496  1929 E SQLiteDatabase: 	at com.android.providers.media.-$$Lambda$MediaProvider$FjHWs2-fjgG761OzVFzdTX4EWZg.apply(Unknown Source:13)
05-29 02:51:19.173  1496  1929 E SQLiteDatabase: 	at com.android.providers.media.DatabaseHelper.runWithTransaction(DatabaseHelper.java:555)
05-29 02:51:19.173  1496  1929 E SQLiteDatabase: 	at com.android.providers.media.MediaProvider.insertAllowingUpsert(MediaProvider.java:3056)
05-29 02:51:19.173  1496  1929 E SQLiteDatabase: 	at com.android.providers.media.MediaProvider.insertFile(MediaProvider.java:3038)
05-29 02:51:19.173  1496  1929 E SQLiteDatabase: 	at com.android.providers.media.MediaProvider.insertInternal(MediaProvider.java:3470)
05-29 02:51:19.173  1496  1929 E SQLiteDatabase: 	at com.android.providers.media.MediaProvider.insert(MediaProvider.java:3198)
05-29 02:51:19.173  1496  1929 E SQLiteDatabase: 	at android.content.ContentProviderOperation.applyInternal(ContentProviderOperation.java:375)
05-29 02:51:19.173  1496  1929 E SQLiteDatabase: 	at android.content.ContentProviderOperation.apply(ContentProviderOperation.java:347)
05-29 02:51:19.173  1496  1929 E SQLiteDatabase: 	at android.content.ContentProvider.applyBatch(ContentProvider.java:2422)
05-29 02:51:19.173  1496  1929 E SQLiteDatabase: 	at com.android.providers.media.MediaProvider.applyBatch(MediaProvider.java:3522)
05-29 02:51:19.173  1496  1929 E SQLiteDatabase: 	at android.content.ContentProvider.applyBatch(ContentProvider.java:2413)
05-29 02:51:19.173  1496  1929 E SQLiteDatabase: 	at android.content.ContentResolver.applyBatch(ContentResolver.java:2186)
05-29 02:51:19.173  1496  1929 E SQLiteDatabase: 	at com.android.providers.media.scan.ModernMediaScanner$Scan.applyPending(ModernMediaScanner.java:699)
05-29 02:51:19.173  1496  1929 E SQLiteDatabase: 	at com.android.providers.media.scan.ModernMediaScanner$Scan.maybeApplyPending(ModernMediaScanner.java:689)
05-29 02:51:19.173  1496  1929 E SQLiteDatabase: 	at com.android.providers.media.scan.ModernMediaScanner$Scan.visitFile(ModernMediaScanner.java:649)
05-29 02:51:19.173  1496  1929 E SQLiteDatabase: 	at com.android.providers.media.scan.ModernMediaScanner$Scan.visitFile(ModernMediaScanner.java:272)
05-29 02:51:19.173  1496  1929 E SQLiteDatabase: 	at java.nio.file.Files.walkFileTree(Files.java:2670)
05-29 02:51:19.173  1496  1929 E SQLiteDatabase: 	at java.nio.file.Files.walkFileTree(Files.java:2742)
05-29 02:51:19.173  1496  1929 E SQLiteDatabase: 	at com.android.providers.media.scan.ModernMediaScanner$Scan.walkFileTree(ModernMediaScanner.java:366)
05-29 02:51:19.173  1496  1929 E SQLiteDatabase: 	at com.android.providers.media.scan.ModernMediaScanner$Scan.run(ModernMediaScanner.java:329)
05-29 02:51:19.173  1496  1929 E SQLiteDatabase: 	at com.android.providers.media.scan.ModernMediaScanner.scanDirectory(ModernMediaScanner.java:226)
05-29 02:51:19.173  1496  1929 E SQLiteDatabase: 	at com.android.providers.media.MediaProvider.scanDirectory(MediaProvider.java:1111)
05-29 02:51:19.173  1496  1929 E SQLiteDatabase: 	at com.android.providers.media.MediaService.onScanVolume(MediaService.java:148)
05-29 02:51:19.173  1496  1929 E SQLiteDatabase: 	at com.android.providers.media.MediaService.onScanVolume(MediaService.java:117)
05-29 02:51:19.173  1496  1929 E SQLiteDatabase: 	at com.android.providers.media.MediaService.onScanVolume(MediaService.java:108)
05-29 02:51:19.173  1496  1929 E SQLiteDatabase: 	at com.android.providers.media.MediaService.onHandleWork(MediaService.java:71)
05-29 02:51:19.173  1496  1929 E SQLiteDatabase: 	at androidx.core.app.JobIntentService$CommandProcessor.doInBackground(JobIntentService.java:391)
05-29 02:51:19.173  1496  1929 E SQLiteDatabase: 	at androidx.core.app.JobIntentService$CommandProcessor.doInBackground(JobIntentService.java:382)
05-29 02:51:19.174  1496  1929 E SQLiteDatabase: 	at android.os.AsyncTask$3.call(AsyncTask.java:394)
05-29 02:51:19.174  1496  1929 E SQLiteDatabase: 	at java.util.concurrent.FutureTask.run(FutureTask.java:266)
05-29 02:51:19.174  1496  1929 E SQLiteDatabase: 	at java.util.concurrent.ThreadPoolExecutor.runWorker(ThreadPoolExecutor.java:1167)
05-29 02:51:19.174  1496  1929 E SQLiteDatabase: 	at java.util.concurrent.ThreadPoolExecutor$Worker.run(ThreadPoolExecutor.java:641)
05-29 02:51:19.174  1496  1929 E SQLiteDatabase: 	at java.lang.Thread.run(Thread.java:923)
05-29 02:51:19.219  1496  1625 I MediaProvider: Deleted 1 items on external_primary due to com.android.shell
05-29 02:51:19.409   158   158 I hwservicemanager: getTransport: Cannot find entry android.hardware.graphics.mapper@4.0::IMapper/default in either framework or device manifest.
05-29 02:51:19.409  5872  5872 I Gralloc4: mapper 4.x is not supported
05-29 02:51:19.561  5876  5878 I cmd     : oneway function results will be dropped but finished with status OK and parcel size 4
05-29 02:51:19.621  1496  1626 I MediaProvider: Deleted 1 items on external_primary due to com.android.shell
05-29 02:51:19.647  5887  5889 I cmd     : oneway function results will be dropped but finished with status OK and parcel size 4
05-29 02:51:19.798   158   158 I hwservicemanager: getTransport: Cannot find entry android.hardware.graphics.mapper@4.0::IMapper/default in either framework or device manifest.
05-29 02:51:19.798  5909  5909 I Gralloc4: mapper 4.x is not supported
05-29 02:51:19.949  5913  5915 I cmd     : oneway function results will be dropped but finished with status OK and parcel size 4
05-29 02:51:20.006  1496  2463 I MediaProvider: Deleted 1 items on external_primary due to com.android.shell
05-29 02:51:20.071   512   541 I ActivityTaskManager: START u0 {act=android.intent.action.MAIN cat=[android.intent.category.LAUNCHER] flg=0x10000000 cmp=com.mocoding.pokedex.android/.MainActivity} from uid 2000
05-29 02:51:20.080   425   425 I perfetto: ing_service_impl.cc:758 Configured tracing session 7, #sources:1, duration:5000 ms, #buffers:1, total buffer size:4096 KB, total sessions:1, uid:1071 session name: ""
05-29 02:51:20.081   418   418 I perfetto: probes_producer.cc:230  Ftrace setup (target_buf=7)
05-29 02:51:20.102  5936  5938 I cmd     : oneway function results will be dropped but finished with status OK and parcel size 4
05-29 02:51:20.111   512  1022 W ActivityTaskManager: Tried to set launchTime (0) < mLastActivityLaunchTime (36494)
05-29 02:51:20.112   512  1022 W InputReader: Device virtio_input_multi_touch_10 is associated with display ADISPLAY_ID_NONE.
05-29 02:51:20.112   512  1022 W InputReader: Device virtio_input_multi_touch_7 is associated with display ADISPLAY_ID_NONE.
05-29 02:51:20.112   512  1022 W InputReader: Device virtio_input_multi_touch_11 is associated with display ADISPLAY_ID_NONE.
05-29 02:51:20.112   512  1022 W InputReader: Device virtio_input_multi_touch_5 is associated with display ADISPLAY_ID_NONE.
05-29 02:51:20.112   512  1022 W InputReader: Device virtio_input_multi_touch_2 is associated with display ADISPLAY_ID_NONE.
05-29 02:51:20.112   512  1022 W InputReader: Device virtio_input_multi_touch_8 is associated with display ADISPLAY_ID_NONE.
05-29 02:51:20.112   512  1022 W InputReader: Device virtio_input_multi_touch_6 is associated with display ADISPLAY_ID_NONE.
05-29 02:51:20.112   512  1022 W InputReader: Device virtio_input_multi_touch_3 is associated with display ADISPLAY_ID_NONE.
05-29 02:51:20.112   512  1022 W InputReader: Device virtio_input_multi_touch_9 is associated with display ADISPLAY_ID_NONE.
05-29 02:51:20.112   512  1022 W InputReader: Device virtio_input_multi_touch_4 is associated with display ADISPLAY_ID_NONE.
05-29 02:51:20.113   512  1022 W InputReader: Device virtio_input_multi_touch_10 is associated with display ADISPLAY_ID_NONE.
05-29 02:51:20.113   512  1022 W InputReader: Device virtio_input_multi_touch_7 is associated with display ADISPLAY_ID_NONE.
05-29 02:51:20.113   512  1022 W InputReader: Device virtio_input_multi_touch_11 is associated with display ADISPLAY_ID_NONE.
05-29 02:51:20.113   512  1022 W InputReader: Device virtio_input_multi_touch_5 is associated with display ADISPLAY_ID_NONE.
05-29 02:51:20.113   512  1022 W InputReader: Device virtio_input_multi_touch_2 is associated with display ADISPLAY_ID_NONE.
05-29 02:51:20.113   512  1022 W InputReader: Device virtio_input_multi_touch_8 is associated with display ADISPLAY_ID_NONE.
05-29 02:51:20.113   512  1022 W InputReader: Device virtio_input_multi_touch_6 is associated with display ADISPLAY_ID_NONE.
05-29 02:51:20.113   512  1022 W InputReader: Device virtio_input_multi_touch_3 is associated with display ADISPLAY_ID_NONE.
05-29 02:51:20.113   512  1022 W InputReader: Device virtio_input_multi_touch_9 is associated with display ADISPLAY_ID_NONE.
05-29 02:51:20.113   512  1022 W InputReader: Device virtio_input_multi_touch_4 is associated with display ADISPLAY_ID_NONE.
05-29 02:51:20.170   418   418 I perfetto: ftrace_procfs.cc:176    enabled ftrace
05-29 02:51:20.365     0     0 W perfetto: enabled ftrace
05-29 02:51:20.355   512   551 I ActivityTaskManager: Displayed com.mocoding.pokedex.android/.MainActivity: +243ms
05-29 02:51:20.860  1404  1852 I Dialer  : VvmTaskExecutor - executing task com.android.voicemail.impl.ActivationTask@bcff981
05-29 02:51:20.861  1404  1852 I Dialer  : PreOMigrationHandler - ComponentInfo{com.android.phone/com.android.services.telephony.TelephonyConnectionService}, ***, UserHandle{0} already migrated
05-29 02:51:20.888  1430  2419 I VoicemailNotifier: receivers for android.intent.action.PROVIDER_CHANGED :[]
05-29 02:51:20.889  1404  1852 I Dialer  : VvmActivationTask - VVM content provider configured - vvm_type_cvvm
05-29 02:51:20.889  1404  1852 I Dialer  : OmtpVvmCarrierCfgHlpr - OmtpEvent:CONFIG_ACTIVATING
05-29 02:51:20.891  1430  2419 I VoicemailNotifier: receivers for android.intent.action.PROVIDER_CHANGED :[]
05-29 02:51:21.212   158   158 I hwservicemanager: getTransport: Cannot find entry android.hardware.graphics.mapper@4.0::IMapper/default in either framework or device manifest.
05-29 02:51:21.212  5972  5972 I Gralloc4: mapper 4.x is not supported
05-29 02:51:21.343  5976  5978 I cmd     : oneway function results will be dropped but finished with status OK and parcel size 4
05-29 02:51:21.439  1496  1626 I MediaProvider: Deleted 1 items on external_primary due to com.android.shell
05-29 02:51:21.633   158   158 I hwservicemanager: getTransport: Cannot find entry android.hardware.graphics.mapper@4.0::IMapper/default in either framework or device manifest.
05-29 02:51:21.633  6011  6011 I Gralloc4: mapper 4.x is not supported
05-29 02:51:21.764  6015  6017 I cmd     : oneway function results will be dropped but finished with status OK and parcel size 4
05-29 02:51:21.818  1496  1626 I MediaProvider: Deleted 1 items on external_primary due to com.android.shell
05-29 02:51:21.858   512  1494 E TaskPersister: File error accessing recents directory (directory doesn't exist?).
05-29 02:51:22.001   158   158 I hwservicemanager: getTransport: Cannot find entry android.hardware.graphics.mapper@4.0::IMapper/default in either framework or device manifest.
05-29 02:51:22.002  6049  6049 I Gralloc4: mapper 4.x is not supported
05-29 02:51:22.133  6053  6055 I cmd     : oneway function results will be dropped but finished with status OK and parcel size 4
05-29 02:51:22.190  1496  1626 I MediaProvider: Deleted 1 items on external_primary due to com.android.shell
05-29 02:51:22.222  6064  6066 I cmd     : oneway function results will be dropped but finished with status OK and parcel size 4
05-29 02:51:22.296  6094  6096 I cmd     : oneway function results will be dropped but finished with status OK and parcel size 4
05-29 02:51:22.330  6109  6111 I cmd     : oneway function results will be dropped but finished with status OK and parcel size 4
05-29 02:51:22.433  6121  6121 E libc    : Access denied finding property "persist.device_config.runtime_native_boot.profilebootclasspath"
05-29 02:51:22.433  6121  6121 E libc    : Access denied finding property "persist.device_config.runtime_native_boot.enable_apex_image"
05-29 02:51:22.433  6121  6121 I AndroidRuntime: Using default boot image
05-29 02:51:22.433  6121  6121 E libc    : Access denied finding property "persist.device_config.runtime_native_boot.disable_lock_profiling"
05-29 02:51:22.433  6121  6121 I AndroidRuntime: Leaving lock profiling enabled
05-29 02:51:22.434  6121  6121 E libc    : Access denied finding property "persist.device_config.runtime_native_boot.enable_generational_cc"
05-29 02:51:22.437  6121  6121 I app_process: Core platform API reporting enabled, enforcing=false
05-29 02:51:22.432  6121  6121 W app_process: type=1400 audit(0.0:118): avc: denied { read } for name="u:object_r:device_config_runtime_native_boot_prop:s0" dev="tmpfs" ino=8335 scontext=u:r:shell:s0 tcontext=u:object_r:device_config_runtime_native_boot_prop:s0 tclass=file permissive=0
05-29 02:51:22.580  6121  6121 W app_process: Unexpected CPU variant for X86 using defaults: x86_64
05-29 02:51:22.581  6121  6121 I app_process: The ClassLoaderContext is a special shared library.
05-29 02:51:22.598  6121  6121 W app_process: JNI RegisterNativeMethods: attempt to register 0 native methods for android.media.AudioAttributes
05-29 02:51:22.881  2105  2105 E AccessibilityInteractionClient: 2 Disconnected nodes.
05-29 02:51:22.898  1496  1929 E SQLiteDatabase: Error inserting format=12289 owner_package_name=null parent=-1 volume_name=internal date_modified=1683213674 _display_name=audio _data=/product/media/audio is_download=0 relative_path=null
05-29 02:51:22.898  1496  1929 E SQLiteDatabase: android.database.sqlite.SQLiteDatabaseLockedException: database is locked (code 5 SQLITE_BUSY)
05-29 02:51:22.898  1496  1929 E SQLiteDatabase: 	at android.database.sqlite.SQLiteConnection.nativeExecuteForLastInsertedRowId(Native Method)
05-29 02:51:22.898  1496  1929 E SQLiteDatabase: 	at android.database.sqlite.SQLiteConnection.executeForLastInsertedRowId(SQLiteConnection.java:938)
05-29 02:51:22.898  1496  1929 E SQLiteDatabase: 	at android.database.sqlite.SQLiteSession.executeForLastInsertedRowId(SQLiteSession.java:790)
05-29 02:51:22.898  1496  1929 E SQLiteDatabase: 	at android.database.sqlite.SQLiteStatement.executeInsert(SQLiteStatement.java:88)
05-29 02:51:22.898  1496  1929 E SQLiteDatabase: 	at android.database.sqlite.SQLiteDatabase.insertWithOnConflict(SQLiteDatabase.java:1701)
05-29 02:51:22.898  1496  1929 E SQLiteDatabase: 	at android.database.sqlite.SQLiteDatabase.insert(SQLiteDatabase.java:1570)
05-29 02:51:22.898  1496  1929 E SQLiteDatabase: 	at com.android.providers.media.MediaProvider.insertDirectory(MediaProvider.java:2773)
05-29 02:51:22.898  1496  1929 E SQLiteDatabase: 	at com.android.providers.media.MediaProvider.getParent(MediaProvider.java:2794)
05-29 02:51:22.898  1496  1929 E SQLiteDatabase: 	at com.android.providers.media.MediaProvider.insertDirectory(MediaProvider.java:2763)
05-29 02:51:22.898  1496  1929 E SQLiteDatabase: 	at com.android.providers.media.MediaProvider.getParent(MediaProvider.java:2794)
05-29 02:51:22.898  1496  1929 E SQLiteDatabase: 	at com.android.providers.media.MediaProvider.lambda$insertAllowingUpsert$14(MediaProvider.java:3060)
05-29 02:51:22.898  1496  1929 E SQLiteDatabase: 	at com.android.providers.media.MediaProvider.lambda$insertAllowingUpsert$14$MediaProvider(Unknown Source:0)
05-29 02:51:22.898  1496  1929 E SQLiteDatabase: 	at com.android.providers.media.-$$Lambda$MediaProvider$FjHWs2-fjgG761OzVFzdTX4EWZg.apply(Unknown Source:13)
05-29 02:51:22.898  1496  1929 E SQLiteDatabase: 	at com.android.providers.media.DatabaseHelper.runWithTransaction(DatabaseHelper.java:555)
05-29 02:51:22.898  1496  1929 E SQLiteDatabase: 	at com.android.providers.media.MediaProvider.insertAllowingUpsert(MediaProvider.java:3056)
05-29 02:51:22.898  1496  1929 E SQLiteDatabase: 	at com.android.providers.media.MediaProvider.insertFile(MediaProvider.java:3038)
05-29 02:51:22.898  1496  1929 E SQLiteDatabase: 	at com.android.providers.media.MediaProvider.insertInternal(MediaProvider.java:3470)
05-29 02:51:22.898  1496  1929 E SQLiteDatabase: 	at com.android.providers.media.MediaProvider.insert(MediaProvider.java:3198)
05-29 02:51:22.898  1496  1929 E SQLiteDatabase: 	at android.content.ContentProviderOperation.applyInternal(ContentProviderOperation.java:375)
05-29 02:51:22.898  1496  1929 E SQLiteDatabase: 	at android.content.ContentProviderOperation.apply(ContentProviderOperation.java:347)
05-29 02:51:22.898  1496  1929 E SQLiteDatabase: 	at android.content.ContentProvider.applyBatch(ContentProvider.java:2422)
05-29 02:51:22.898  1496  1929 E SQLiteDatabase: 	at com.android.providers.media.MediaProvider.applyBatch(MediaProvider.java:3522)
05-29 02:51:22.898  1496  1929 E SQLiteDatabase: 	at android.content.ContentProvider.applyBatch(ContentProvider.java:2413)
05-29 02:51:22.898  1496  1929 E SQLiteDatabase: 	at android.content.ContentResolver.applyBatch(ContentResolver.java:2186)
05-29 02:51:22.898  1496  1929 E SQLiteDatabase: 	at com.android.providers.media.scan.ModernMediaScanner$Scan.applyPending(ModernMediaScanner.java:699)
05-29 02:51:22.898  1496  1929 E SQLiteDatabase: 	at com.android.providers.media.scan.ModernMediaScanner$Scan.maybeApplyPending(ModernMediaScanner.java:689)
05-29 02:51:22.898  1496  1929 E SQLiteDatabase: 	at com.android.providers.media.scan.ModernMediaScanner$Scan.visitFile(ModernMediaScanner.java:649)
05-29 02:51:22.898  1496  1929 E SQLiteDatabase: 	at com.android.providers.media.scan.ModernMediaScanner$Scan.visitFile(ModernMediaScanner.java:272)
05-29 02:51:22.898  1496  1929 E SQLiteDatabase: 	at java.nio.file.Files.walkFileTree(Files.java:2670)
05-29 02:51:22.898  1496  1929 E SQLiteDatabase: 	at java.nio.file.Files.walkFileTree(Files.java:2742)
05-29 02:51:22.898  1496  1929 E SQLiteDatabase: 	at com.android.providers.media.scan.ModernMediaScanner$Scan.walkFileTree(ModernMediaScanner.java:366)
05-29 02:51:22.898  1496  1929 E SQLiteDatabase: 	at com.android.providers.media.scan.ModernMediaScanner$Scan.run(ModernMediaScanner.java:329)
05-29 02:51:22.898  1496  1929 E SQLiteDatabase: 	at com.android.providers.media.scan.ModernMediaScanner.scanDirectory(ModernMediaScanner.java:226)
05-29 02:51:22.898  1496  1929 E SQLiteDatabase: 	at com.android.providers.media.MediaProvider.scanDirectory(MediaProvider.java:1111)
05-29 02:51:22.898  1496  1929 E SQLiteDatabase: 	at com.android.providers.media.MediaService.onScanVolume(MediaService.java:148)
05-29 02:51:22.898  1496  1929 E SQLiteDatabase: 	at com.android.providers.media.MediaService.onScanVolume(MediaService.java:117)
05-29 02:51:22.898  1496  1929 E SQLiteDatabase: 	at com.android.providers.media.MediaService.onScanVolume(MediaService.java:108)
05-29 02:51:22.898  1496  1929 E SQLiteDatabase: 	at com.android.providers.media.MediaService.onHandleWork(MediaService.java:71)
05-29 02:51:22.898  1496  1929 E SQLiteDatabase: 	at androidx.core.app.JobIntentService$CommandProcessor.doInBackground(JobIntentService.java:391)
05-29 02:51:22.898  1496  1929 E SQLiteDatabase: 	at androidx.core.app.JobIntentService$CommandProcessor.doInBackground(JobIntentService.java:382)
05-29 02:51:22.898  1496  1929 E SQLiteDatabase: 	at android.os.AsyncTask$3.call(AsyncTask.java:394)
05-29 02:51:22.898  1496  1929 E SQLiteDatabase: 	at java.util.concurrent.FutureTask.run(FutureTask.java:266)
05-29 02:51:22.898  1496  1929 E SQLiteDatabase: 	at java.util.concurrent.ThreadPoolExecutor.runWorker(ThreadPoolExecutor.java:1167)
05-29 02:51:22.898  1496  1929 E SQLiteDatabase: 	at java.util.concurrent.ThreadPoolExecutor$Worker.run(ThreadPoolExecutor.java:641)
05-29 02:51:22.898  1496  1929 E SQLiteDatabase: 	at java.lang.Thread.run(Thread.java:923)
05-29 02:51:24.296   158   158 I hwservicemanager: getTransport: Cannot find entry android.hardware.graphics.mapper@4.0::IMapper/default in either framework or device manifest.
05-29 02:51:24.296  6155  6155 I Gralloc4: mapper 4.x is not supported
05-29 02:51:24.419  6159  6161 I cmd     : oneway function results will be dropped but finished with status OK and parcel size 4
05-29 02:51:24.517  1496  1625 I MediaProvider: Deleted 1 items on external_primary due to com.android.shell
