05-29 02:51:24.566  6172  6174 I cmd     : oneway function results will be dropped but finished with status OK and parcel size 4
05-29 02:51:24.715   158   158 I hwservicemanager: getTransport: Cannot find entry android.hardware.graphics.mapper@4.0::IMapper/default in either framework or device manifest.
05-29 02:51:24.715  6194  6194 I Gralloc4: mapper 4.x is not supported
05-29 02:51:24.835  6198  6200 I cmd     : oneway function results will be dropped but finished with status OK and parcel size 4
05-29 02:51:24.890  1496  2463 I MediaProvider: Deleted 1 items on external_primary due to com.android.shell
05-29 02:51:25.079   158   158 I hwservicemanager: getTransport: Cannot find entry android.hardware.graphics.mapper@4.0::IMapper/default in either framework or device manifest.
05-29 02:51:25.079  6231  6231 I Gralloc4: mapper 4.x is not supported
05-29 02:51:25.087   418   418 I perfetto: probes_producer.cc:329  Producer stop (id=7)
05-29 02:51:25.109   425   425 I perfetto: ng_service_impl.cc:1948 Tracing session 7 ended, total sessions:0
05-29 02:51:25.112   418   418 I perfetto: ftrace_procfs.cc:183    disabled ftrace
05-29 02:51:25.307     0     0 W perfetto: disabled ftrace
05-29 02:51:25.203  6235  6237 I cmd     : oneway function results will be dropped but finished with status OK and parcel size 4
05-29 02:51:25.297  1496  1625 I MediaProvider: Deleted 1 items on external_primary due to com.android.shell
05-29 02:51:25.335  6246  6248 I cmd     : oneway function results will be dropped but finished with status OK and parcel size 4
05-29 02:51:25.375  6261  6263 I cmd     : oneway function results will be dropped but finished with status OK and parcel size 4
05-29 02:51:25.410  6276  6278 I cmd     : oneway function results will be dropped but finished with status OK and parcel size 4
05-29 02:51:25.542  6303  6303 E libc    : Access denied finding property "persist.device_config.runtime_native_boot.profilebootclasspath"
05-29 02:51:25.542  6303  6303 E libc    : Access denied finding property "persist.device_config.runtime_native_boot.enable_apex_image"
05-29 02:51:25.542  6303  6303 I AndroidRuntime: Using default boot image
05-29 02:51:25.542  6303  6303 E libc    : Access denied finding property "persist.device_config.runtime_native_boot.disable_lock_profiling"
05-29 02:51:25.542  6303  6303 I AndroidRuntime: Leaving lock profiling enabled
05-29 02:51:25.542  6303  6303 E libc    : Access denied finding property "persist.device_config.runtime_native_boot.enable_generational_cc"
05-29 02:51:25.540  6303  6303 W app_process: type=1400 audit(0.0:122): avc: denied { read } for name="u:object_r:device_config_runtime_native_boot_prop:s0" dev="tmpfs" ino=8335 scontext=u:r:shell:s0 tcontext=u:object_r:device_config_runtime_native_boot_prop:s0 tclass=file permissive=0
05-29 02:51:25.545  6303  6303 I app_process: Core platform API reporting enabled, enforcing=false
05-29 02:51:25.540  6303  6303 W app_process: type=1400 audit(0.0:123): avc: denied { read } for name="u:object_r:device_config_runtime_native_boot_prop:s0" dev="tmpfs" ino=8335 scontext=u:r:shell:s0 tcontext=u:object_r:device_config_runtime_native_boot_prop:s0 tclass=file permissive=0
05-29 02:51:25.686  6303  6303 W app_process: Unexpected CPU variant for X86 using defaults: x86_64
05-29 02:51:25.687  6303  6303 I app_process: The ClassLoaderContext is a special shared library.
05-29 02:51:25.703  6303  6303 W app_process: JNI RegisterNativeMethods: attempt to register 0 native methods for android.media.AudioAttributes
05-29 02:51:25.761  2105  2105 E AccessibilityInteractionClient: 2 Disconnected nodes.
05-29 02:51:26.374  1496  1929 E SQLiteDatabase: Error inserting format=12289 owner_package_name=null parent=-1 volume_name=internal date_modified=1683213674 _display_name=ringtones _data=/product/media/audio/ringtones is_download=0 relative_path=null
05-29 02:51:26.374  1496  1929 E SQLiteDatabase: android.database.sqlite.SQLiteDatabaseLockedException: database is locked (code 5 SQLITE_BUSY)
05-29 02:51:26.374  1496  1929 E SQLiteDatabase: 	at android.database.sqlite.SQLiteConnection.nativeExecuteForLastInsertedRowId(Native Method)
05-29 02:51:26.374  1496  1929 E SQLiteDatabase: 	at android.database.sqlite.SQLiteConnection.executeForLastInsertedRowId(SQLiteConnection.java:938)
05-29 02:51:26.374  1496  1929 E SQLiteDatabase: 	at android.database.sqlite.SQLiteSession.executeForLastInsertedRowId(SQLiteSession.java:790)
05-29 02:51:26.374  1496  1929 E SQLiteDatabase: 	at android.database.sqlite.SQLiteStatement.executeInsert(SQLiteStatement.java:88)
05-29 02:51:26.374  1496  1929 E SQLiteDatabase: 	at android.database.sqlite.SQLiteDatabase.insertWithOnConflict(SQLiteDatabase.java:1701)
05-29 02:51:26.374  1496  1929 E SQLiteDatabase: 	at android.database.sqlite.SQLiteDatabase.insert(SQLiteDatabase.java:1570)
05-29 02:51:26.374  1496  1929 E SQLiteDatabase: 	at com.android.providers.media.MediaProvider.insertDirectory(MediaProvider.java:2773)
05-29 02:51:26.374  1496  1929 E SQLiteDatabase: 	at com.android.providers.media.MediaProvider.getParent(MediaProvider.java:2794)
05-29 02:51:26.374  1496  1929 E SQLiteDatabase: 	at com.android.providers.media.MediaProvider.lambda$insertAllowingUpsert$14(MediaProvider.java:3060)
05-29 02:51:26.374  1496  1929 E SQLiteDatabase: 	at com.android.providers.media.MediaProvider.lambda$insertAllowingUpsert$14$MediaProvider(Unknown Source:0)
05-29 02:51:26.374  1496  1929 E SQLiteDatabase: 	at com.android.providers.media.-$$Lambda$MediaProvider$FjHWs2-fjgG761OzVFzdTX4EWZg.apply(Unknown Source:13)
05-29 02:51:26.374  1496  1929 E SQLiteDatabase: 	at com.android.providers.media.DatabaseHelper.runWithTransaction(DatabaseHelper.java:555)
05-29 02:51:26.374  1496  1929 E SQLiteDatabase: 	at com.android.providers.media.MediaProvider.insertAllowingUpsert(MediaProvider.java:3056)
05-29 02:51:26.374  1496  1929 E SQLiteDatabase: 	at com.android.providers.media.MediaProvider.insertFile(MediaProvider.java:3038)
05-29 02:51:26.374  1496  1929 E SQLiteDatabase: 	at com.android.providers.media.MediaProvider.insertInternal(MediaProvider.java:3470)
05-29 02:51:26.374  1496  1929 E SQLiteDatabase: 	at com.android.providers.media.MediaProvider.insert(MediaProvider.java:3198)
05-29 02:51:26.374  1496  1929 E SQLiteDatabase: 	at android.content.ContentProviderOperation.applyInternal(ContentProviderOperation.java:375)
05-29 02:51:26.374  1496  1929 E SQLiteDatabase: 	at android.content.ContentProviderOperation.apply(ContentProviderOperation.java:347)
05-29 02:51:26.374  1496  1929 E SQLiteDatabase: 	at android.content.ContentProvider.applyBatch(ContentProvider.java:2422)
05-29 02:51:26.374  1496  1929 E SQLiteDatabase: 	at com.android.providers.media.MediaProvider.applyBatch(MediaProvider.java:3522)
05-29 02:51:26.374  1496  1929 E SQLiteDatabase: 	at android.content.ContentProvider.applyBatch(ContentProvider.java:2413)
05-29 02:51:26.374  1496  1929 E SQLiteDatabase: 	at android.content.ContentResolver.applyBatch(ContentResolver.java:2186)
05-29 02:51:26.374  1496  1929 E SQLiteDatabase: 	at com.android.providers.media.scan.ModernMediaScanner$Scan.applyPending(ModernMediaScanner.java:699)
05-29 02:51:26.374  1496  1929 E SQLiteDatabase: 	at com.android.providers.media.scan.ModernMediaScanner$Scan.maybeApplyPending(ModernMediaScanner.java:689)
05-29 02:51:26.374  1496  1929 E SQLiteDatabase: 	at com.android.providers.media.scan.ModernMediaScanner$Scan.visitFile(ModernMediaScanner.java:649)
05-29 02:51:26.374  1496  1929 E SQLiteDatabase: 	at com.android.providers.media.scan.ModernMediaScanner$Scan.visitFile(ModernMediaScanner.java:272)
05-29 02:51:26.374  1496  1929 E SQLiteDatabase: 	at java.nio.file.Files.walkFileTree(Files.java:2670)
05-29 02:51:26.374  1496  1929 E SQLiteDatabase: 	at java.nio.file.Files.walkFileTree(Files.java:2742)
05-29 02:51:26.374  1496  1929 E SQLiteDatabase: 	at com.android.providers.media.scan.ModernMediaScanner$Scan.walkFileTree(ModernMediaScanner.java:366)
05-29 02:51:26.374  1496  1929 E SQLiteDatabase: 	at com.android.providers.media.scan.ModernMediaScanner$Scan.run(ModernMediaScanner.java:329)
05-29 02:51:26.374  1496  1929 E SQLiteDatabase: 	at com.android.providers.media.scan.ModernMediaScanner.scanDirectory(ModernMediaScanner.java:226)
05-29 02:51:26.374  1496  1929 E SQLiteDatabase: 	at com.android.providers.media.MediaProvider.scanDirectory(MediaProvider.java:1111)
05-29 02:51:26.374  1496  1929 E SQLiteDatabase: 	at com.android.providers.media.MediaService.onScanVolume(MediaService.java:148)
05-29 02:51:26.374  1496  1929 E SQLiteDatabase: 	at com.android.providers.media.MediaService.onScanVolume(MediaService.java:117)
05-29 02:51:26.374  1496  1929 E SQLiteDatabase: 	at com.android.providers.media.MediaService.onScanVolume(MediaService.java:108)
05-29 02:51:26.374  1496  1929 E SQLiteDatabase: 	at com.android.providers.media.MediaService.onHandleWork(MediaService.java:71)
05-29 02:51:26.374  1496  1929 E SQLiteDatabase: 	at androidx.core.app.JobIntentService$CommandProcessor.doInBackground(JobIntentService.java:391)
05-29 02:51:26.374  1496  1929 E SQLiteDatabase: 	at androidx.core.app.JobIntentService$CommandProcessor.doInBackground(JobIntentService.java:382)
05-29 02:51:26.374  1496  1929 E SQLiteDatabase: 	at android.os.AsyncTask$3.call(AsyncTask.java:394)
05-29 02:51:26.374  1496  1929 E SQLiteDatabase: 	at java.util.concurrent.FutureTask.run(FutureTask.java:266)
05-29 02:51:26.374  1496  1929 E SQLiteDatabase: 	at java.util.concurrent.ThreadPoolExecutor.runWorker(ThreadPoolExecutor.java:1167)
05-29 02:51:26.374  1496  1929 E SQLiteDatabase: 	at java.util.concurrent.ThreadPoolExecutor$Worker.run(ThreadPoolExecutor.java:641)
05-29 02:51:26.374  1496  1929 E SQLiteDatabase: 	at java.lang.Thread.run(Thread.java:923)
05-29 02:51:27.420   158   158 I hwservicemanager: getTransport: Cannot find entry android.hardware.graphics.mapper@4.0::IMapper/default in either framework or device manifest.
05-29 02:51:27.421  6337  6337 I Gralloc4: mapper 4.x is not supported
05-29 02:51:27.607  1496  1626 I MediaProvider: Deleted 1 items on external_primary due to com.android.shell
05-29 02:51:27.803   158   158 I hwservicemanager: getTransport: Cannot find entry android.hardware.graphics.mapper@4.0::IMapper/default in either framework or device manifest.
05-29 02:51:27.803  6376  6376 I Gralloc4: mapper 4.x is not supported
05-29 02:51:27.941  6380  6382 I cmd     : oneway function results will be dropped but finished with status OK and parcel size 4
05-29 02:51:27.995  1496  2463 I MediaProvider: Deleted 1 items on external_primary due to com.android.shell
05-29 02:51:28.179   158   158 I hwservicemanager: getTransport: Cannot find entry android.hardware.graphics.mapper@4.0::IMapper/default in either framework or device manifest.
05-29 02:51:28.180  6413  6413 I Gralloc4: mapper 4.x is not supported
05-29 02:51:28.315  6417  6419 I cmd     : oneway function results will be dropped but finished with status OK and parcel size 4
05-29 02:51:28.370  1496  1625 I MediaProvider: Deleted 1 items on external_primary due to com.android.shell
05-29 02:51:28.400  6428  6430 I cmd     : oneway function results will be dropped but finished with status OK and parcel size 4
05-29 02:51:28.439  6443  6445 I cmd     : oneway function results will be dropped but finished with status OK and parcel size 4
05-29 02:51:28.472  6458  6460 I cmd     : oneway function results will be dropped but finished with status OK and parcel size 4
05-29 02:51:28.506  6473  6475 I cmd     : oneway function results will be dropped but finished with status OK and parcel size 4
05-29 02:51:28.601  6485  6485 E libc    : Access denied finding property "persist.device_config.runtime_native_boot.profilebootclasspath"
05-29 02:51:28.601  6485  6485 E libc    : Access denied finding property "persist.device_config.runtime_native_boot.enable_apex_image"
05-29 02:51:28.601  6485  6485 I AndroidRuntime: Using default boot image
05-29 02:51:28.601  6485  6485 E libc    : Access denied finding property "persist.device_config.runtime_native_boot.disable_lock_profiling"
05-29 02:51:28.601  6485  6485 I AndroidRuntime: Leaving lock profiling enabled
05-29 02:51:28.602  6485  6485 E libc    : Access denied finding property "persist.device_config.runtime_native_boot.enable_generational_cc"
05-29 02:51:28.605  6485  6485 I app_process: Core platform API reporting enabled, enforcing=false
05-29 02:51:28.600  6485  6485 W app_process: type=1400 audit(0.0:126): avc: denied { read } for name="u:object_r:device_config_runtime_native_boot_prop:s0" dev="tmpfs" ino=8335 scontext=u:r:shell:s0 tcontext=u:object_r:device_config_runtime_native_boot_prop:s0 tclass=file permissive=0
05-29 02:51:28.736  6485  6485 W app_process: Unexpected CPU variant for X86 using defaults: x86_64
05-29 02:51:28.738  6485  6485 I app_process: The ClassLoaderContext is a special shared library.
05-29 02:51:28.760  6485  6485 W app_process: JNI RegisterNativeMethods: attempt to register 0 native methods for android.media.AudioAttributes
05-29 02:51:28.930  2105  2105 E AccessibilityInteractionClient: 2 Disconnected nodes.
05-29 02:51:30.466   158   158 I hwservicemanager: getTransport: Cannot find entry android.hardware.graphics.mapper@4.0::IMapper/default in either framework or device manifest.
05-29 02:51:30.466  6518  6518 I Gralloc4: mapper 4.x is not supported
05-29 02:51:30.590  6522  6524 I cmd     : oneway function results will be dropped but finished with status OK and parcel size 4
05-29 02:51:30.686  1496  1626 I MediaProvider: Deleted 1 items on external_primary due to com.android.shell
05-29 02:51:30.716  6533  6535 I cmd     : oneway function results will be dropped but finished with status OK and parcel size 4
05-29 02:51:30.885   158   158 I hwservicemanager: getTransport: Cannot find entry android.hardware.graphics.mapper@4.0::IMapper/default in either framework or device manifest.
05-29 02:51:30.885  6557  6557 I Gralloc4: mapper 4.x is not supported
05-29 02:51:31.016  6561  6563 I cmd     : oneway function results will be dropped but finished with status OK and parcel size 4
05-29 02:51:31.113  1496  2463 I MediaProvider: Deleted 1 items on external_primary due to com.android.shell
05-29 02:51:31.287   158   158 I hwservicemanager: getTransport: Cannot find entry android.hardware.graphics.mapper@4.0::IMapper/default in either framework or device manifest.
05-29 02:51:31.287  6594  6594 I Gralloc4: mapper 4.x is not supported
05-29 02:51:31.409  6598  6600 I cmd     : oneway function results will be dropped but finished with status OK and parcel size 4
05-29 02:51:31.500  1496  1625 I MediaProvider: Deleted 1 items on external_primary due to com.android.shell
05-29 02:51:31.530  6609  6611 I cmd     : oneway function results will be dropped but finished with status OK and parcel size 4
05-29 02:51:31.571  6624  6626 I cmd     : oneway function results will be dropped but finished with status OK and parcel size 4
05-29 02:51:31.604  6639  6641 I cmd     : oneway function results will be dropped but finished with status OK and parcel size 4
05-29 02:51:31.764  6666  6666 W app_process: type=1400 audit(0.0:130): avc: denied { read } for name="u:object_r:device_config_runtime_native_boot_prop:s0" dev="tmpfs" ino=8335 scontext=u:r:shell:s0 tcontext=u:object_r:device_config_runtime_native_boot_prop:s0 tclass=file permissive=0
05-29 02:51:31.766  6666  6666 E libc    : Access denied finding property "persist.device_config.runtime_native_boot.profilebootclasspath"
05-29 02:51:31.766  6666  6666 E libc    : Access denied finding property "persist.device_config.runtime_native_boot.enable_apex_image"
05-29 02:51:31.766  6666  6666 I AndroidRuntime: Using default boot image
05-29 02:51:31.766  6666  6666 E libc    : Access denied finding property "persist.device_config.runtime_native_boot.disable_lock_profiling"
05-29 02:51:31.766  6666  6666 I AndroidRuntime: Leaving lock profiling enabled
05-29 02:51:31.766  6666  6666 E libc    : Access denied finding property "persist.device_config.runtime_native_boot.enable_generational_cc"
05-29 02:51:31.769  6666  6666 I app_process: Core platform API reporting enabled, enforcing=false
05-29 02:51:31.764  6666  6666 W app_process: type=1400 audit(0.0:131): avc: denied { read } for name="u:object_r:device_config_runtime_native_boot_prop:s0" dev="tmpfs" ino=8335 scontext=u:r:shell:s0 tcontext=u:object_r:device_config_runtime_native_boot_prop:s0 tclass=file permissive=0
05-29 02:51:31.893  6666  6666 W app_process: Unexpected CPU variant for X86 using defaults: x86_64
05-29 02:51:31.895  6666  6666 I app_process: The ClassLoaderContext is a special shared library.
05-29 02:51:31.915  6666  6666 W app_process: JNI RegisterNativeMethods: attempt to register 0 native methods for android.media.AudioAttributes
05-29 02:51:31.973  2105  2105 E AccessibilityInteractionClient: 2 Disconnected nodes.
05-29 02:51:32.400  2637  2653 W System  : A resource failed to call close. 
05-29 02:51:32.400  2637  2653 W System  : A resource failed to call dispose. 
05-29 02:51:32.401  2637  2653 W System  : A resource failed to call release. 
05-29 02:51:33.541  1496  1929 E SQLiteDatabase: Error inserting format=12289 owner_package_name=null parent=-1 volume_name=internal date_modified=1683216921 _display_name=product _data=/product is_download=0 relative_path=null
05-29 02:51:33.541  1496  1929 E SQLiteDatabase: android.database.sqlite.SQLiteDatabaseLockedException: database is locked (code 5 SQLITE_BUSY)
05-29 02:51:33.541  1496  1929 E SQLiteDatabase: 	at android.database.sqlite.SQLiteConnection.nativeExecuteForLastInsertedRowId(Native Method)
05-29 02:51:33.541  1496  1929 E SQLiteDatabase: 	at android.database.sqlite.SQLiteConnection.executeForLastInsertedRowId(SQLiteConnection.java:938)
05-29 02:51:33.541  1496  1929 E SQLiteDatabase: 	at android.database.sqlite.SQLiteSession.executeForLastInsertedRowId(SQLiteSession.java:790)
05-29 02:51:33.541  1496  1929 E SQLiteDatabase: 	at android.database.sqlite.SQLiteStatement.executeInsert(SQLiteStatement.java:88)
05-29 02:51:33.541  1496  1929 E SQLiteDatabase: 	at android.database.sqlite.SQLiteDatabase.insertWithOnConflict(SQLiteDatabase.java:1701)
05-29 02:51:33.541  1496  1929 E SQLiteDatabase: 	at android.database.sqlite.SQLiteDatabase.insert(SQLiteDatabase.java:1570)
05-29 02:51:33.541  1496  1929 E SQLiteDatabase: 	at com.android.providers.media.MediaProvider.insertDirectory(MediaProvider.java:2773)
05-29 02:51:33.541  1496  1929 E SQLiteDatabase: 	at com.android.providers.media.MediaProvider.getParent(MediaProvider.java:2794)
05-29 02:51:33.541  1496  1929 E SQLiteDatabase: 	at com.android.providers.media.MediaProvider.insertDirectory(MediaProvider.java:2763)
05-29 02:51:33.541  1496  1929 E SQLiteDatabase: 	at com.android.providers.media.MediaProvider.getParent(MediaProvider.java:2794)
05-29 02:51:33.541  1496  1929 E SQLiteDatabase: 	at com.android.providers.media.MediaProvider.insertDirectory(MediaProvider.java:2763)
05-29 02:51:33.541  1496  1929 E SQLiteDatabase: 	at com.android.providers.media.MediaProvider.getParent(MediaProvider.java:2794)
05-29 02:51:33.541  1496  1929 E SQLiteDatabase: 	at com.android.providers.media.MediaProvider.insertDirectory(MediaProvider.java:2763)
05-29 02:51:33.541  1496  1929 E SQLiteDatabase: 	at com.android.providers.media.MediaProvider.getParent(MediaProvider.java:2794)
05-29 02:51:33.541  1496  1929 E SQLiteDatabase: 	at com.android.providers.media.MediaProvider.lambda$insertAllowingUpsert$14(MediaProvider.java:3060)
05-29 02:51:33.541  1496  1929 E SQLiteDatabase: 	at com.android.providers.media.MediaProvider.lambda$insertAllowingUpsert$14$MediaProvider(Unknown Source:0)
05-29 02:51:33.541  1496  1929 E SQLiteDatabase: 	at com.android.providers.media.-$$Lambda$MediaProvider$FjHWs2-fjgG761OzVFzdTX4EWZg.apply(Unknown Source:13)
05-29 02:51:33.541  1496  1929 E SQLiteDatabase: 	at com.android.providers.media.DatabaseHelper.runWithTransaction(DatabaseHelper.java:555)
05-29 02:51:33.541  1496  1929 E SQLiteDatabase: 	at com.android.providers.media.MediaProvider.insertAllowingUpsert(MediaProvider.java:3056)
05-29 02:51:33.541  1496  1929 E SQLiteDatabase: 	at com.android.providers.media.MediaProvider.insertFile(MediaProvider.java:3038)
05-29 02:51:33.541  1496  1929 E SQLiteDatabase: 	at com.android.providers.media.MediaProvider.insertInternal(MediaProvider.java:3470)
05-29 02:51:33.541  1496  1929 E SQLiteDatabase: 	at com.android.providers.media.MediaProvider.insert(MediaProvider.java:3198)
05-29 02:51:33.541  1496  1929 E SQLiteDatabase: 	at android.content.ContentProviderOperation.applyInternal(ContentProviderOperation.java:375)
05-29 02:51:33.541  1496  1929 E SQLiteDatabase: 	at android.content.ContentProviderOperation.apply(ContentProviderOperation.java:347)
05-29 02:51:33.541  1496  1929 E SQLiteDatabase: 	at android.content.ContentProvider.applyBatch(ContentProvider.java:2422)
05-29 02:51:33.541  1496  1929 E SQLiteDatabase: 	at com.android.providers.media.MediaProvider.applyBatch(MediaProvider.java:3522)
05-29 02:51:33.541  1496  1929 E SQLiteDatabase: 	at android.content.ContentProvider.applyBatch(ContentProvider.java:2413)
05-29 02:51:33.541  1496  1929 E SQLiteDatabase: 	at android.content.ContentResolver.applyBatch(ContentResolver.java:2186)
05-29 02:51:33.541  1496  1929 E SQLiteDatabase: 	at com.android.providers.media.scan.ModernMediaScanner$Scan.applyPending(ModernMediaScanner.java:699)
05-29 02:51:33.541  1496  1929 E SQLiteDatabase: 	at com.android.providers.media.scan.ModernMediaScanner$Scan.maybeApplyPending(ModernMediaScanner.java:689)
05-29 02:51:33.541  1496  1929 E SQLiteDatabase: 	at com.android.providers.media.scan.ModernMediaScanner$Scan.visitFile(ModernMediaScanner.java:649)
05-29 02:51:33.541  1496  1929 E SQLiteDatabase: 	at com.android.providers.media.scan.ModernMediaScanner$Scan.visitFile(ModernMediaScanner.java:272)
05-29 02:51:33.541  1496  1929 E SQLiteDatabase: 	at java.nio.file.Files.walkFileTree(Files.java:2670)
05-29 02:51:33.541  1496  1929 E SQLiteDatabase: 	at java.nio.file.Files.walkFileTree(Files.java:2742)
05-29 02:51:33.541  1496  1929 E SQLiteDatabase: 	at com.android.providers.media.scan.ModernMediaScanner$Scan.walkFileTree(ModernMediaScanner.java:366)
05-29 02:51:33.541  1496  1929 E SQLiteDatabase: 	at com.android.providers.media.scan.ModernMediaScanner$Scan.run(ModernMediaScanner.java:329)
05-29 02:51:33.541  1496  1929 E SQLiteDatabase: 	at com.android.providers.media.scan.ModernMediaScanner.scanDirectory(ModernMediaScanner.java:226)
05-29 02:51:33.541  1496  1929 E SQLiteDatabase: 	at com.android.providers.media.MediaProvider.scanDirectory(MediaProvider.java:1111)
05-29 02:51:33.541  1496  1929 E SQLiteDatabase: 	at com.android.providers.media.MediaService.onScanVolume(MediaService.java:148)
05-29 02:51:33.541  1496  1929 E SQLiteDatabase: 	at com.android.providers.media.MediaService.onScanVolume(MediaService.java:117)
05-29 02:51:33.541  1496  1929 E SQLiteDatabase: 	at com.android.providers.media.MediaService.onScanVolume(MediaService.java:108)
05-29 02:51:33.541  1496  1929 E SQLiteDatabase: 	at com.android.providers.media.MediaService.onHandleWork(MediaService.java:71)
05-29 02:51:33.541  1496  1929 E SQLiteDatabase: 	at androidx.core.app.JobIntentService$CommandProcessor.doInBackground(JobIntentService.java:391)
05-29 02:51:33.541  1496  1929 E SQLiteDatabase: 	at androidx.core.app.JobIntentService$CommandProcessor.doInBackground(JobIntentService.java:382)
05-29 02:51:33.541  1496  1929 E SQLiteDatabase: 	at android.os.AsyncTask$3.call(AsyncTask.java:394)
05-29 02:51:33.541  1496  1929 E SQLiteDatabase: 	at java.util.concurrent.FutureTask.run(FutureTask.java:266)
05-29 02:51:33.541  1496  1929 E SQLiteDatabase: 	at java.util.concurrent.ThreadPoolExecutor.runWorker(ThreadPoolExecutor.java:1167)
05-29 02:51:33.541  1496  1929 E SQLiteDatabase: 	at java.util.concurrent.ThreadPoolExecutor$Worker.run(ThreadPoolExecutor.java:641)
05-29 02:51:33.541  1496  1929 E SQLiteDatabase: 	at java.lang.Thread.run(Thread.java:923)
05-29 02:51:33.610   158   158 I hwservicemanager: getTransport: Cannot find entry android.hardware.graphics.mapper@4.0::IMapper/default in either framework or device manifest.
05-29 02:51:33.611  6700  6700 I Gralloc4: mapper 4.x is not supported
05-29 02:51:33.748  6704  6706 I cmd     : oneway function results will be dropped but finished with status OK and parcel size 4
05-29 02:51:33.847  1496  1625 I MediaProvider: Deleted 1 items on external_primary due to com.android.shell
05-29 02:51:33.880  6715  6717 I cmd     : oneway function results will be dropped but finished with status OK and parcel size 4
05-29 02:51:34.053   158   158 I hwservicemanager: getTransport: Cannot find entry android.hardware.graphics.mapper@4.0::IMapper/default in either framework or device manifest.
05-29 02:51:34.054  6739  6739 I Gralloc4: mapper 4.x is not supported
05-29 02:51:34.186  6743  6745 I cmd     : oneway function results will be dropped but finished with status OK and parcel size 4
05-29 02:51:34.240  1496  1625 I MediaProvider: Deleted 1 items on external_primary due to com.android.shell
05-29 02:51:34.276  6754  6756 I cmd     : oneway function results will be dropped but finished with status OK and parcel size 4
05-29 02:51:34.426   158   158 I hwservicemanager: getTransport: Cannot find entry android.hardware.graphics.mapper@4.0::IMapper/default in either framework or device manifest.
05-29 02:51:34.426  6776  6776 I Gralloc4: mapper 4.x is not supported
05-29 02:51:34.650  1496  1626 I MediaProvider: Deleted 1 items on external_primary due to com.android.shell
05-29 02:51:34.692  6791  6792 I cmd     : oneway function results will be dropped but finished with status OK and parcel size 4
05-29 02:51:34.733  6806  6808 I cmd     : oneway function results will be dropped but finished with status OK and parcel size 4
05-29 02:51:34.895  6848  6848 E libc    : Access denied finding property "persist.device_config.runtime_native_boot.profilebootclasspath"
05-29 02:51:34.895  6848  6848 E libc    : Access denied finding property "persist.device_config.runtime_native_boot.enable_apex_image"
05-29 02:51:34.895  6848  6848 I AndroidRuntime: Using default boot image
05-29 02:51:34.895  6848  6848 E libc    : Access denied finding property "persist.device_config.runtime_native_boot.disable_lock_profiling"
05-29 02:51:34.896  6848  6848 I AndroidRuntime: Leaving lock profiling enabled
05-29 02:51:34.896  6848  6848 E libc    : Access denied finding property "persist.device_config.runtime_native_boot.enable_generational_cc"
05-29 02:51:34.900  6848  6848 I app_process: Core platform API reporting enabled, enforcing=false
05-29 02:51:34.892  6848  6848 W app_process: type=1400 audit(0.0:134): avc: denied { read } for name="u:object_r:device_config_runtime_native_boot_prop:s0" dev="tmpfs" ino=8335 scontext=u:r:shell:s0 tcontext=u:object_r:device_config_runtime_native_boot_prop:s0 tclass=file permissive=0
05-29 02:51:35.038  6848  6848 W app_process: Unexpected CPU variant for X86 using defaults: x86_64
05-29 02:51:35.040  6848  6848 I app_process: The ClassLoaderContext is a special shared library.
05-29 02:51:35.058  6848  6848 W app_process: JNI RegisterNativeMethods: attempt to register 0 native methods for android.media.AudioAttributes
05-29 02:51:36.776   158   158 I hwservicemanager: getTransport: Cannot find entry android.hardware.graphics.mapper@4.0::IMapper/default in either framework or device manifest.
05-29 02:51:36.776  6881  6881 I Gralloc4: mapper 4.x is not supported
05-29 02:51:36.905  6885  6887 I cmd     : oneway function results will be dropped but finished with status OK and parcel size 4
05-29 02:51:36.998  1496  2463 I MediaProvider: Deleted 1 items on external_primary due to com.android.shell
05-29 02:51:37.026  6896  6898 I cmd     : oneway function results will be dropped but finished with status OK and parcel size 4
05-29 02:51:37.149  1496  1929 E SQLiteDatabase: Error inserting format=12289 owner_package_name=null parent=-1 volume_name=internal date_modified=1683213674 _display_name=media _data=/product/media is_download=0 relative_path=null
05-29 02:51:37.149  1496  1929 E SQLiteDatabase: android.database.sqlite.SQLiteDatabaseLockedException: database is locked (code 5 SQLITE_BUSY)
05-29 02:51:37.149  1496  1929 E SQLiteDatabase: 	at android.database.sqlite.SQLiteConnection.nativeExecuteForLastInsertedRowId(Native Method)
05-29 02:51:37.149  1496  1929 E SQLiteDatabase: 	at android.database.sqlite.SQLiteConnection.executeForLastInsertedRowId(SQLiteConnection.java:938)
05-29 02:51:37.149  1496  1929 E SQLiteDatabase: 	at android.database.sqlite.SQLiteSession.executeForLastInsertedRowId(SQLiteSession.java:790)
05-29 02:51:37.149  1496  1929 E SQLiteDatabase: 	at android.database.sqlite.SQLiteStatement.executeInsert(SQLiteStatement.java:88)
05-29 02:51:37.149  1496  1929 E SQLiteDatabase: 	at android.database.sqlite.SQLiteDatabase.insertWithOnConflict(SQLiteDatabase.java:1701)
05-29 02:51:37.149  1496  1929 E SQLiteDatabase: 	at android.database.sqlite.SQLiteDatabase.insert(SQLiteDatabase.java:1570)
05-29 02:51:37.149  1496  1929 E SQLiteDatabase: 	at com.android.providers.media.MediaProvider.insertDirectory(MediaProvider.java:2773)
05-29 02:51:37.149  1496  1929 E SQLiteDatabase: 	at com.android.providers.media.MediaProvider.getParent(MediaProvider.java:2794)
05-29 02:51:37.149  1496  1929 E SQLiteDatabase: 	at com.android.providers.media.MediaProvider.insertDirectory(MediaProvider.java:2763)
05-29 02:51:37.149  1496  1929 E SQLiteDatabase: 	at com.android.providers.media.MediaProvider.getParent(MediaProvider.java:2794)
05-29 02:51:37.149  1496  1929 E SQLiteDatabase: 	at com.android.providers.media.MediaProvider.insertDirectory(MediaProvider.java:2763)
05-29 02:51:37.149  1496  1929 E SQLiteDatabase: 	at com.android.providers.media.MediaProvider.getParent(MediaProvider.java:2794)
05-29 02:51:37.149  1496  1929 E SQLiteDatabase: 	at com.android.providers.media.MediaProvider.lambda$insertAllowingUpsert$14(MediaProvider.java:3060)
05-29 02:51:37.149  1496  1929 E SQLiteDatabase: 	at com.android.providers.media.MediaProvider.lambda$insertAllowingUpsert$14$MediaProvider(Unknown Source:0)
05-29 02:51:37.149  1496  1929 E SQLiteDatabase: 	at com.android.providers.media.-$$Lambda$MediaProvider$FjHWs2-fjgG761OzVFzdTX4EWZg.apply(Unknown Source:13)
05-29 02:51:37.149  1496  1929 E SQLiteDatabase: 	at com.android.providers.media.DatabaseHelper.runWithTransaction(DatabaseHelper.java:555)
05-29 02:51:37.149  1496  1929 E SQLiteDatabase: 	at com.android.providers.media.MediaProvider.insertAllowingUpsert(MediaProvider.java:3056)
05-29 02:51:37.149  1496  1929 E SQLiteDatabase: 	at com.android.providers.media.MediaProvider.insertFile(MediaProvider.java:3038)
05-29 02:51:37.149  1496  1929 E SQLiteDatabase: 	at com.android.providers.media.MediaProvider.insertInternal(MediaProvider.java:3470)
05-29 02:51:37.149  1496  1929 E SQLiteDatabase: 	at com.android.providers.media.MediaProvider.insert(MediaProvider.java:3198)
05-29 02:51:37.149  1496  1929 E SQLiteDatabase: 	at android.content.ContentProviderOperation.applyInternal(ContentProviderOperation.java:375)
05-29 02:51:37.149  1496  1929 E SQLiteDatabase: 	at android.content.ContentProviderOperation.apply(ContentProviderOperation.java:347)
05-29 02:51:37.149  1496  1929 E SQLiteDatabase: 	at android.content.ContentProvider.applyBatch(ContentProvider.java:2422)
05-29 02:51:37.149  1496  1929 E SQLiteDatabase: 	at com.android.providers.media.MediaProvider.applyBatch(MediaProvider.java:3522)
05-29 02:51:37.149  1496  1929 E SQLiteDatabase: 	at android.content.ContentProvider.applyBatch(ContentProvider.java:2413)
05-29 02:51:37.149  1496  1929 E SQLiteDatabase: 	at android.content.ContentResolver.applyBatch(ContentResolver.java:2186)
05-29 02:51:37.149  1496  1929 E SQLiteDatabase: 	at com.android.providers.media.scan.ModernMediaScanner$Scan.applyPending(ModernMediaScanner.java:699)
05-29 02:51:37.149  1496  1929 E SQLiteDatabase: 	at com.android.providers.media.scan.ModernMediaScanner$Scan.maybeApplyPending(ModernMediaScanner.java:689)
05-29 02:51:37.149  1496  1929 E SQLiteDatabase: 	at com.android.providers.media.scan.ModernMediaScanner$Scan.visitFile(ModernMediaScanner.java:649)
05-29 02:51:37.149  1496  1929 E SQLiteDatabase: 	at com.android.providers.media.scan.ModernMediaScanner$Scan.visitFile(ModernMediaScanner.java:272)
05-29 02:51:37.149  1496  1929 E SQLiteDatabase: 	at java.nio.file.Files.walkFileTree(Files.java:2670)
05-29 02:51:37.149  1496  1929 E SQLiteDatabase: 	at java.nio.file.Files.walkFileTree(Files.java:2742)
05-29 02:51:37.149  1496  1929 E SQLiteDatabase: 	at com.android.providers.media.scan.ModernMediaScanner$Scan.walkFileTree(ModernMediaScanner.java:366)
05-29 02:51:37.149  1496  1929 E SQLiteDatabase: 	at com.android.providers.media.scan.ModernMediaScanner$Scan.run(ModernMediaScanner.java:329)
05-29 02:51:37.149  1496  1929 E SQLiteDatabase: 	at com.android.providers.media.scan.ModernMediaScanner.scanDirectory(ModernMediaScanner.java:226)
05-29 02:51:37.149  1496  1929 E SQLiteDatabase: 	at com.android.providers.media.MediaProvider.scanDirectory(MediaProvider.java:1111)
05-29 02:51:37.149  1496  1929 E SQLiteDatabase: 	at com.android.providers.media.MediaService.onScanVolume(MediaService.java:148)
05-29 02:51:37.149  1496  1929 E SQLiteDatabase: 	at com.android.providers.media.MediaService.onScanVolume(MediaService.java:117)
05-29 02:51:37.149  1496  1929 E SQLiteDatabase: 	at com.android.providers.media.MediaService.onScanVolume(MediaService.java:108)
05-29 02:51:37.149  1496  1929 E SQLiteDatabase: 	at com.android.providers.media.MediaService.onHandleWork(MediaService.java:71)
05-29 02:51:37.149  1496  1929 E SQLiteDatabase: 	at androidx.core.app.JobIntentService$CommandProcessor.doInBackground(JobIntentService.java:391)
05-29 02:51:37.149  1496  1929 E SQLiteDatabase: 	at androidx.core.app.JobIntentService$CommandProcessor.doInBackground(JobIntentService.java:382)
05-29 02:51:37.149  1496  1929 E SQLiteDatabase: 	at android.os.AsyncTask$3.call(AsyncTask.java:394)
05-29 02:51:37.149  1496  1929 E SQLiteDatabase: 	at java.util.concurrent.FutureTask.run(FutureTask.java:266)
05-29 02:51:37.149  1496  1929 E SQLiteDatabase: 	at java.util.concurrent.ThreadPoolExecutor.runWorker(ThreadPoolExecutor.java:1167)
05-29 02:51:37.149  1496  1929 E SQLiteDatabase: 	at java.util.concurrent.ThreadPoolExecutor$Worker.run(ThreadPoolExecutor.java:641)
05-29 02:51:37.149  1496  1929 E SQLiteDatabase: 	at java.lang.Thread.run(Thread.java:923)
05-29 02:51:37.199   158   158 I hwservicemanager: getTransport: Cannot find entry android.hardware.graphics.mapper@4.0::IMapper/default in either framework or device manifest.
05-29 02:51:37.199  6920  6920 I Gralloc4: mapper 4.x is not supported
05-29 02:51:37.328  6924  6926 I cmd     : oneway function results will be dropped but finished with status OK and parcel size 4
05-29 02:51:37.423  1496  1625 I MediaProvider: Deleted 1 items on external_primary due to com.android.shell
05-29 02:51:37.604   158   158 I hwservicemanager: getTransport: Cannot find entry android.hardware.graphics.mapper@4.0::IMapper/default in either framework or device manifest.
05-29 02:51:37.604  6957  6957 I Gralloc4: mapper 4.x is not supported
05-29 02:51:37.725  6961  6963 I cmd     : oneway function results will be dropped but finished with status OK and parcel size 4
05-29 02:51:37.817  1496  1626 I MediaProvider: Deleted 1 items on external_primary due to com.android.shell
05-29 02:51:37.844  6972  6974 I cmd     : oneway function results will be dropped but finished with status OK and parcel size 4
05-29 02:51:37.885  6987  6989 I cmd     : oneway function results will be dropped but finished with status OK and parcel size 4
05-29 02:51:37.918  7002  7004 I cmd     : oneway function results will be dropped but finished with status OK and parcel size 4
05-29 02:51:37.952  7017  7019 I cmd     : oneway function results will be dropped but finished with status OK and parcel size 4
05-29 02:51:38.052  7029  7029 E libc    : Access denied finding property "persist.device_config.runtime_native_boot.profilebootclasspath"
05-29 02:51:38.052  7029  7029 E libc    : Access denied finding property "persist.device_config.runtime_native_boot.enable_apex_image"
05-29 02:51:38.052  7029  7029 I AndroidRuntime: Using default boot image
05-29 02:51:38.052  7029  7029 E libc    : Access denied finding property "persist.device_config.runtime_native_boot.disable_lock_profiling"
05-29 02:51:38.052  7029  7029 I AndroidRuntime: Leaving lock profiling enabled
05-29 02:51:38.052  7029  7029 E libc    : Access denied finding property "persist.device_config.runtime_native_boot.enable_generational_cc"
05-29 02:51:38.048  7029  7029 W app_process: type=1400 audit(0.0:138): avc: denied { read } for name="u:object_r:device_config_runtime_native_boot_prop:s0" dev="tmpfs" ino=8335 scontext=u:r:shell:s0 tcontext=u:object_r:device_config_runtime_native_boot_prop:s0 tclass=file permissive=0
05-29 02:51:38.055  7029  7029 I app_process: Core platform API reporting enabled, enforcing=false
05-29 02:51:38.048  7029  7029 W app_process: type=1400 audit(0.0:139): avc: denied { read } for name="u:object_r:device_config_runtime_native_boot_prop:s0" dev="tmpfs" ino=8335 scontext=u:r:shell:s0 tcontext=u:object_r:device_config_runtime_native_boot_prop:s0 tclass=file permissive=0
05-29 02:51:38.183  7029  7029 W app_process: Unexpected CPU variant for X86 using defaults: x86_64
05-29 02:51:38.185  7029  7029 I app_process: The ClassLoaderContext is a special shared library.
05-29 02:51:38.204  7029  7029 W app_process: JNI RegisterNativeMethods: attempt to register 0 native methods for android.media.AudioAttributes
05-29 02:51:38.344  2105  2105 E AccessibilityInteractionClient: 3 Disconnected nodes.
05-29 02:51:39.913   158   158 I hwservicemanager: getTransport: Cannot find entry android.hardware.graphics.mapper@4.0::IMapper/default in either framework or device manifest.
05-29 02:51:39.913  7064  7064 I Gralloc4: mapper 4.x is not supported
05-29 02:51:40.045  7068  7070 I cmd     : oneway function results will be dropped but finished with status OK and parcel size 4
05-29 02:51:40.142  1496  2463 I MediaProvider: Deleted 1 items on external_primary due to com.android.shell
05-29 02:51:40.171  7079  7081 I cmd     : oneway function results will be dropped but finished with status OK and parcel size 4
05-29 02:51:40.347   158   158 I hwservicemanager: getTransport: Cannot find entry android.hardware.graphics.mapper@4.0::IMapper/default in either framework or device manifest.
05-29 02:51:40.347  7103  7103 I Gralloc4: mapper 4.x is not supported
05-29 02:51:40.476  7107  7109 I cmd     : oneway function results will be dropped but finished with status OK and parcel size 4
05-29 02:51:40.573  1496  1625 I MediaProvider: Deleted 1 items on external_primary due to com.android.shell
05-29 02:51:40.609  7118  7120 I cmd     : oneway function results will be dropped but finished with status OK and parcel size 4
05-29 02:51:40.760   158   158 I hwservicemanager: getTransport: Cannot find entry android.hardware.graphics.mapper@4.0::IMapper/default in either framework or device manifest.
05-29 02:51:40.760  7140  7140 I Gralloc4: mapper 4.x is not supported
05-29 02:51:40.841  1496  1929 E SQLiteDatabase: Error inserting format=12289 owner_package_name=null parent=-1 volume_name=internal date_modified=1683213674 _display_name=audio _data=/product/media/audio is_download=0 relative_path=null
05-29 02:51:40.841  1496  1929 E SQLiteDatabase: android.database.sqlite.SQLiteDatabaseLockedException: database is locked (code 5 SQLITE_BUSY)
05-29 02:51:40.841  1496  1929 E SQLiteDatabase: 	at android.database.sqlite.SQLiteConnection.nativeExecuteForLastInsertedRowId(Native Method)
05-29 02:51:40.841  1496  1929 E SQLiteDatabase: 	at android.database.sqlite.SQLiteConnection.executeForLastInsertedRowId(SQLiteConnection.java:938)
05-29 02:51:40.841  1496  1929 E SQLiteDatabase: 	at android.database.sqlite.SQLiteSession.executeForLastInsertedRowId(SQLiteSession.java:790)
05-29 02:51:40.841  1496  1929 E SQLiteDatabase: 	at android.database.sqlite.SQLiteStatement.executeInsert(SQLiteStatement.java:88)
05-29 02:51:40.841  1496  1929 E SQLiteDatabase: 	at android.database.sqlite.SQLiteDatabase.insertWithOnConflict(SQLiteDatabase.java:1701)
05-29 02:51:40.841  1496  1929 E SQLiteDatabase: 	at android.database.sqlite.SQLiteDatabase.insert(SQLiteDatabase.java:1570)
05-29 02:51:40.841  1496  1929 E SQLiteDatabase: 	at com.android.providers.media.MediaProvider.insertDirectory(MediaProvider.java:2773)
05-29 02:51:40.841  1496  1929 E SQLiteDatabase: 	at com.android.providers.media.MediaProvider.getParent(MediaProvider.java:2794)
05-29 02:51:40.841  1496  1929 E SQLiteDatabase: 	at com.android.providers.media.MediaProvider.insertDirectory(MediaProvider.java:2763)
05-29 02:51:40.841  1496  1929 E SQLiteDatabase: 	at com.android.providers.media.MediaProvider.getParent(MediaProvider.java:2794)
05-29 02:51:40.841  1496  1929 E SQLiteDatabase: 	at com.android.providers.media.MediaProvider.lambda$insertAllowingUpsert$14(MediaProvider.java:3060)
05-29 02:51:40.841  1496  1929 E SQLiteDatabase: 	at com.android.providers.media.MediaProvider.lambda$insertAllowingUpsert$14$MediaProvider(Unknown Source:0)
05-29 02:51:40.841  1496  1929 E SQLiteDatabase: 	at com.android.providers.media.-$$Lambda$MediaProvider$FjHWs2-fjgG761OzVFzdTX4EWZg.apply(Unknown Source:13)
05-29 02:51:40.841  1496  1929 E SQLiteDatabase: 	at com.android.providers.media.DatabaseHelper.runWithTransaction(DatabaseHelper.java:555)
05-29 02:51:40.841  1496  1929 E SQLiteDatabase: 	at com.android.providers.media.MediaProvider.insertAllowingUpsert(MediaProvider.java:3056)
05-29 02:51:40.841  1496  1929 E SQLiteDatabase: 	at com.android.providers.media.MediaProvider.insertFile(MediaProvider.java:3038)
05-29 02:51:40.841  1496  1929 E SQLiteDatabase: 	at com.android.providers.media.MediaProvider.insertInternal(MediaProvider.java:3470)
05-29 02:51:40.841  1496  1929 E SQLiteDatabase: 	at com.android.providers.media.MediaProvider.insert(MediaProvider.java:3198)
05-29 02:51:40.841  1496  1929 E SQLiteDatabase: 	at android.content.ContentProviderOperation.applyInternal(ContentProviderOperation.java:375)
05-29 02:51:40.841  1496  1929 E SQLiteDatabase: 	at android.content.ContentProviderOperation.apply(ContentProviderOperation.java:347)
05-29 02:51:40.841  1496  1929 E SQLiteDatabase: 	at android.content.ContentProvider.applyBatch(ContentProvider.java:2422)
05-29 02:51:40.841  1496  1929 E SQLiteDatabase: 	at com.android.providers.media.MediaProvider.applyBatch(MediaProvider.java:3522)
05-29 02:51:40.841  1496  1929 E SQLiteDatabase: 	at android.content.ContentProvider.applyBatch(ContentProvider.java:2413)
05-29 02:51:40.841  1496  1929 E SQLiteDatabase: 	at android.content.ContentResolver.applyBatch(ContentResolver.java:2186)
05-29 02:51:40.841  1496  1929 E SQLiteDatabase: 	at com.android.providers.media.scan.ModernMediaScanner$Scan.applyPending(ModernMediaScanner.java:699)
05-29 02:51:40.841  1496  1929 E SQLiteDatabase: 	at com.android.providers.media.scan.ModernMediaScanner$Scan.maybeApplyPending(ModernMediaScanner.java:689)
05-29 02:51:40.841  1496  1929 E SQLiteDatabase: 	at com.android.providers.media.scan.ModernMediaScanner$Scan.visitFile(ModernMediaScanner.java:649)
05-29 02:51:40.841  1496  1929 E SQLiteDatabase: 	at com.android.providers.media.scan.ModernMediaScanner$Scan.visitFile(ModernMediaScanner.java:272)
05-29 02:51:40.841  1496  1929 E SQLiteDatabase: 	at java.nio.file.Files.walkFileTree(Files.java:2670)
05-29 02:51:40.841  1496  1929 E SQLiteDatabase: 	at java.nio.file.Files.walkFileTree(Files.java:2742)
05-29 02:51:40.841  1496  1929 E SQLiteDatabase: 	at com.android.providers.media.scan.ModernMediaScanner$Scan.walkFileTree(ModernMediaScanner.java:366)
05-29 02:51:40.841  1496  1929 E SQLiteDatabase: 	at com.android.providers.media.scan.ModernMediaScanner$Scan.run(ModernMediaScanner.java:329)
05-29 02:51:40.841  1496  1929 E SQLiteDatabase: 	at com.android.providers.media.scan.ModernMediaScanner.scanDirectory(ModernMediaScanner.java:226)
05-29 02:51:40.841  1496  1929 E SQLiteDatabase: 	at com.android.providers.media.MediaProvider.scanDirectory(MediaProvider.java:1111)
05-29 02:51:40.841  1496  1929 E SQLiteDatabase: 	at com.android.providers.media.MediaService.onScanVolume(MediaService.java:148)
05-29 02:51:40.841  1496  1929 E SQLiteDatabase: 	at com.android.providers.media.MediaService.onScanVolume(MediaService.java:117)
05-29 02:51:40.841  1496  1929 E SQLiteDatabase: 	at com.android.providers.media.MediaService.onScanVolume(MediaService.java:108)
05-29 02:51:40.841  1496  1929 E SQLiteDatabase: 	at com.android.providers.media.MediaService.onHandleWork(MediaService.java:71)
05-29 02:51:40.841  1496  1929 E SQLiteDatabase: 	at androidx.core.app.JobIntentService$CommandProcessor.doInBackground(JobIntentService.java:391)
05-29 02:51:40.841  1496  1929 E SQLiteDatabase: 	at androidx.core.app.JobIntentService$CommandProcessor.doInBackground(JobIntentService.java:382)
05-29 02:51:40.841  1496  1929 E SQLiteDatabase: 	at android.os.AsyncTask$3.call(AsyncTask.java:394)
05-29 02:51:40.841  1496  1929 E SQLiteDatabase: 	at java.util.concurrent.FutureTask.run(FutureTask.java:266)
05-29 02:51:40.841  1496  1929 E SQLiteDatabase: 	at java.util.concurrent.ThreadPoolExecutor.runWorker(ThreadPoolExecutor.java:1167)
05-29 02:51:40.842  1496  1929 E SQLiteDatabase: 	at java.util.concurrent.ThreadPoolExecutor$Worker.run(ThreadPoolExecutor.java:641)
05-29 02:51:40.842  1496  1929 E SQLiteDatabase: 	at java.lang.Thread.run(Thread.java:923)
05-29 02:51:40.885  7144  7146 I cmd     : oneway function results will be dropped but finished with status OK and parcel size 4
05-29 02:51:40.975  1496  2463 I MediaProvider: Deleted 1 items on external_primary due to com.android.shell
05-29 02:51:41.047  7170  7172 I cmd     : oneway function results will be dropped but finished with status OK and parcel size 4
05-29 02:51:41.080  7185  7187 I cmd     : oneway function results will be dropped but finished with status OK and parcel size 4
05-29 02:51:41.212  7212  7212 E libc    : Access denied finding property "persist.device_config.runtime_native_boot.profilebootclasspath"
05-29 02:51:41.212  7212  7212 E libc    : Access denied finding property "persist.device_config.runtime_native_boot.enable_apex_image"
05-29 02:51:41.212  7212  7212 I AndroidRuntime: Using default boot image
05-29 02:51:41.212  7212  7212 E libc    : Access denied finding property "persist.device_config.runtime_native_boot.disable_lock_profiling"
05-29 02:51:41.212  7212  7212 I AndroidRuntime: Leaving lock profiling enabled
05-29 02:51:41.212  7212  7212 E libc    : Access denied finding property "persist.device_config.runtime_native_boot.enable_generational_cc"
05-29 02:51:41.208  7212  7212 W app_process: type=1400 audit(0.0:142): avc: denied { read } for name="u:object_r:device_config_runtime_native_boot_prop:s0" dev="tmpfs" ino=8335 scontext=u:r:shell:s0 tcontext=u:object_r:device_config_runtime_native_boot_prop:s0 tclass=file permissive=0
05-29 02:51:41.216  7212  7212 I app_process: Core platform API reporting enabled, enforcing=false
05-29 02:51:41.208  7212  7212 W app_process: type=1400 audit(0.0:143): avc: denied { read } for name="u:object_r:device_config_runtime_native_boot_prop:s0" dev="tmpfs" ino=8335 scontext=u:r:shell:s0 tcontext=u:object_r:device_config_runtime_native_boot_prop:s0 tclass=file permissive=0
05-29 02:51:41.347  7212  7212 W app_process: Unexpected CPU variant for X86 using defaults: x86_64
05-29 02:51:41.348  7212  7212 I app_process: The ClassLoaderContext is a special shared library.
05-29 02:51:41.365  7212  7212 W app_process: JNI RegisterNativeMethods: attempt to register 0 native methods for android.media.AudioAttributes
05-29 02:51:41.424  2105  2105 E AccessibilityInteractionClient: 3 Disconnected nodes.
05-29 02:51:43.065   158   158 I hwservicemanager: getTransport: Cannot find entry android.hardware.graphics.mapper@4.0::IMapper/default in either framework or device manifest.
05-29 02:51:43.065  7246  7246 I Gralloc4: mapper 4.x is not supported
05-29 02:51:43.198  7250  7252 I cmd     : oneway function results will be dropped but finished with status OK and parcel size 4
05-29 02:51:43.295  1496  1626 I MediaProvider: Deleted 1 items on external_primary due to com.android.shell
05-29 02:51:43.326  7261  7263 I cmd     : oneway function results will be dropped but finished with status OK and parcel size 4
05-29 02:51:43.499   158   158 I hwservicemanager: getTransport: Cannot find entry android.hardware.graphics.mapper@4.0::IMapper/default in either framework or device manifest.
05-29 02:51:43.499  7285  7285 I Gralloc4: mapper 4.x is not supported
05-29 02:51:43.627  7290  7292 I cmd     : oneway function results will be dropped but finished with status OK and parcel size 4
05-29 02:51:43.679  1496  1625 I MediaProvider: Deleted 1 items on external_primary due to com.android.shell
05-29 02:51:43.713  7301  7303 I cmd     : oneway function results will be dropped but finished with status OK and parcel size 4
05-29 02:51:43.866   158   158 I hwservicemanager: getTransport: Cannot find entry android.hardware.graphics.mapper@4.0::IMapper/default in either framework or device manifest.
05-29 02:51:43.866  7323  7323 I Gralloc4: mapper 4.x is not supported
05-29 02:51:44.012  7327  7329 I cmd     : oneway function results will be dropped but finished with status OK and parcel size 4
