05-29 02:50:24.194  1496  1929 E SQLiteDatabase: 	at com.android.providers.media.scan.ModernMediaScanner$Scan.applyPending(ModernMediaScanner.java:699)
05-29 02:50:24.194  1496  1929 E SQLiteDatabase: 	at com.android.providers.media.scan.ModernMediaScanner$Scan.maybeApplyPending(ModernMediaScanner.java:689)
05-29 02:50:24.194  1496  1929 E SQLiteDatabase: 	at com.android.providers.media.scan.ModernMediaScanner$Scan.visitFile(ModernMediaScanner.java:649)
05-29 02:50:24.194  1496  1929 E SQLiteDatabase: 	at com.android.providers.media.scan.ModernMediaScanner$Scan.visitFile(ModernMediaScanner.java:272)
05-29 02:50:24.194  1496  1929 E SQLiteDatabase: 	at java.nio.file.Files.walkFileTree(Files.java:2670)
05-29 02:50:24.194  1496  1929 E SQLiteDatabase: 	at java.nio.file.Files.walkFileTree(Files.java:2742)
05-29 02:50:24.194  1496  1929 E SQLiteDatabase: 	at com.android.providers.media.scan.ModernMediaScanner$Scan.walkFileTree(ModernMediaScanner.java:366)
05-29 02:50:24.194  1496  1929 E SQLiteDatabase: 	at com.android.providers.media.scan.ModernMediaScanner$Scan.run(ModernMediaScanner.java:329)
05-29 02:50:24.194  1496  1929 E SQLiteDatabase: 	at com.android.providers.media.scan.ModernMediaScanner.scanDirectory(ModernMediaScanner.java:226)
05-29 02:50:24.194  1496  1929 E SQLiteDatabase: 	at com.android.providers.media.MediaProvider.scanDirectory(MediaProvider.java:1111)
05-29 02:50:24.194  1496  1929 E SQLiteDatabase: 	at com.android.providers.media.MediaService.onScanVolume(MediaService.java:148)
05-29 02:50:24.194  1496  1929 E SQLiteDatabase: 	at com.android.providers.media.MediaService.onScanVolume(MediaService.java:117)
05-29 02:50:24.194  1496  1929 E SQLiteDatabase: 	at com.android.providers.media.MediaService.onScanVolume(MediaService.java:108)
05-29 02:50:24.194  1496  1929 E SQLiteDatabase: 	at com.android.providers.media.MediaService.onHandleWork(MediaService.java:71)
05-29 02:50:24.194  1496  1929 E SQLiteDatabase: 	at androidx.core.app.JobIntentService$CommandProcessor.doInBackground(JobIntentService.java:391)
05-29 02:50:24.194  1496  1929 E SQLiteDatabase: 	at androidx.core.app.JobIntentService$CommandProcessor.doInBackground(JobIntentService.java:382)
05-29 02:50:24.194  1496  1929 E SQLiteDatabase: 	at android.os.AsyncTask$3.call(AsyncTask.java:394)
05-29 02:50:24.194  1496  1929 E SQLiteDatabase: 	at java.util.concurrent.FutureTask.run(FutureTask.java:266)
05-29 02:50:24.194  1496  1929 E SQLiteDatabase: 	at java.util.concurrent.ThreadPoolExecutor.runWorker(ThreadPoolExecutor.java:1167)
05-29 02:50:24.194  1496  1929 E SQLiteDatabase: 	at java.util.concurrent.ThreadPoolExecutor$Worker.run(ThreadPoolExecutor.java:641)
05-29 02:50:24.194  1496  1929 E SQLiteDatabase: 	at java.lang.Thread.run(Thread.java:923)
05-29 02:50:25.052  2637  2637 W pokedex.androi: Class androidx.compose.runtime.snapshots.SnapshotStateList failed lock verification and will run slower.
05-29 02:50:25.052  2637  2637 W pokedex.androi: Common causes for lock verification issues are non-optimized dex code
05-29 02:50:25.052  2637  2637 W pokedex.androi: and incorrect proguard optimizations.
05-29 02:50:25.072  2637  2637 W pokedex.androi: Accessing hidden method Landroid/graphics/Canvas;->drawPatch(Landroid/graphics/NinePatch;Landroid/graphics/Rect;Landroid/graphics/Paint;)V (greylist-max-o, linking, denied)
05-29 02:50:25.072  2637  2637 W pokedex.androi: Accessing hidden method Landroid/graphics/Canvas;->drawPatch(Landroid/graphics/NinePatch;Landroid/graphics/RectF;Landroid/graphics/Paint;)V (greylist-max-o, linking, denied)
05-29 02:50:25.080   158   158 I hwservicemanager: getTransport: Cannot find entry android.hardware.graphics.mapper@4.0::IMapper/default in either framework or device manifest.
05-29 02:50:25.080  2676  2676 I Gralloc4: mapper 4.x is not supported
05-29 02:50:25.223  2680  2682 I cmd     : oneway function results will be dropped but finished with status OK and parcel size 4
05-29 02:50:25.349   158   158 I hwservicemanager: getTransport: Cannot find entry android.hardware.configstore@1.0::ISurfaceFlingerConfigs/default in either framework or device manifest.
05-29 02:50:25.361   158   158 I hwservicemanager: getTransport: Cannot find entry android.hardware.graphics.mapper@4.0::IMapper/default in either framework or device manifest.
05-29 02:50:25.361  2637  2661 I Gralloc4: mapper 4.x is not supported
05-29 02:50:25.462  1496  1625 I MediaProvider: Deleted 1 items on external_primary due to com.android.shell
05-29 02:50:25.621  2693  2694 I cmd     : oneway function results will be dropped but finished with status OK and parcel size 4
05-29 02:50:25.875   158   158 I hwservicemanager: getTransport: Cannot find entry android.hardware.graphics.mapper@4.0::IMapper/default in either framework or device manifest.
05-29 02:50:25.875  2715  2715 I Gralloc4: mapper 4.x is not supported
05-29 02:50:26.006  2719  2721 I cmd     : oneway function results will be dropped but finished with status OK and parcel size 4
05-29 02:50:26.019  2637  2661 I OpenGLRenderer: Davey! duration=1224ms; Flags=1, IntendedVsync=37211852699, Vsync=37261852697, OldestInputEvent=9223372036854775807, NewestInputEvent=0, HandleInputStart=37272771524, AnimationStart=37272773056, PerformTraversalsStart=37272817823, DrawStart=37840273703, SyncQueued=37901357195, SyncStart=37902030490, IssueDrawCommandsStart=37902288936, SwapBuffers=38351354757, FrameCompleted=38437054223, DequeueBufferDuration=125427, QueueBufferDuration=4771068, GpuCompleted=0, 
05-29 02:50:26.054   512   551 I ActivityTaskManager: Displayed com.mocoding.pokedex.android/.MainActivity: +2s201ms
05-29 02:50:26.131  2637  2637 I Choreographer: Skipped 75 frames!  The application may be doing too much work on its main thread.
05-29 02:50:26.144   335   408 W ServiceManager: Permission failure: android.permission.ACCESS_SURFACE_FLINGER from uid=10131 pid=2637
05-29 02:50:26.150  2637  2661 I OpenGLRenderer: Davey! duration=1275ms; Flags=0, IntendedVsync=37295186717, Vsync=38545186667, OldestInputEvent=9223372036854775807, NewestInputEvent=0, HandleInputStart=38551887286, AnimationStart=38551889299, PerformTraversalsStart=38555982776, DrawStart=38557910863, SyncQueued=38560844860, SyncStart=38561298526, IssueDrawCommandsStart=38562437646, SwapBuffers=38567699266, FrameCompleted=38570970757, DequeueBufferDuration=45338, QueueBufferDuration=292667, GpuCompleted=32651097298436096, 
05-29 02:50:26.182  1496  1626 I MediaProvider: Deleted 1 items on external_primary due to com.android.shell
05-29 02:50:26.266  2637  2651 I pokedex.androi: Background young concurrent copying GC freed 31198(3139KB) AllocSpace objects, 1(24KB) LOS objects, 81% free, 5644KB/29MB, paused 10.460ms total 218.152ms
05-29 02:50:26.278  2105  2105 E AccessibilityInteractionClient: 1 Disconnected nodes.
05-29 02:50:26.279   418   418 I perfetto: probes_producer.cc:329  Producer stop (id=5)
05-29 02:50:26.284   425   425 I perfetto: ng_service_impl.cc:1948 Tracing session 5 ended, total sessions:1
05-29 02:50:26.575   158   158 I hwservicemanager: getTransport: Cannot find entry android.hardware.graphics.mapper@4.0::IMapper/default in either framework or device manifest.
05-29 02:50:26.576  2801  2801 I Gralloc4: mapper 4.x is not supported
05-29 02:50:26.835  2808  2810 I cmd     : oneway function results will be dropped but finished with status OK and parcel size 4
05-29 02:50:26.878  2637  2731 W pokedex.androi: Accessing hidden method Landroid/graphics/ImageDecoder;->createSource([B)Landroid/graphics/ImageDecoder$Source; (greylist-max-o, linking, denied)
05-29 02:50:26.927  1496  1626 I MediaProvider: Deleted 1 items on external_primary due to com.android.shell
05-29 02:50:27.002   512  1494 E TaskPersister: File error accessing recents directory (directory doesn't exist?).
05-29 02:50:27.057  1657  1669 W d.process.medi: Suspending all threads took: 31.989ms
05-29 02:50:27.087   157   157 I servicemanager: Notifying apexservice they have clients: 0
05-29 02:50:27.284     0     0 I AidlLazyServiceRegistrar: Process has 0 (of 1 available) client(s) in use after notification android.apex.IApexService has clients: 0
05-29 02:50:27.289     0     0 I AidlLazyServiceRegistrar: Shutdown prevented by forcePersist override flag.
05-29 02:50:27.180  2855  2857 I cmd     : oneway function results will be dropped but finished with status OK and parcel size 4
05-29 02:50:27.234   512   522 I system_server: Background young concurrent copying GC freed 187054(8197KB) AllocSpace objects, 43(1068KB) LOS objects, 47% free, 10MB/19MB, paused 82us total 117.493ms
05-29 02:50:27.239  2874  2876 I cmd     : oneway function results will be dropped but finished with status OK and parcel size 4
05-29 02:50:27.344  2886  2886 E libc    : Access denied finding property "persist.device_config.runtime_native_boot.profilebootclasspath"
05-29 02:50:27.344  2886  2886 E libc    : Access denied finding property "persist.device_config.runtime_native_boot.enable_apex_image"
05-29 02:50:27.344  2886  2886 I AndroidRuntime: Using default boot image
05-29 02:50:27.344  2886  2886 E libc    : Access denied finding property "persist.device_config.runtime_native_boot.disable_lock_profiling"
05-29 02:50:27.344  2886  2886 I AndroidRuntime: Leaving lock profiling enabled
05-29 02:50:27.344  2886  2886 E libc    : Access denied finding property "persist.device_config.runtime_native_boot.enable_generational_cc"
05-29 02:50:27.340  2886  2886 W app_process: type=1400 audit(0.0:50): avc: denied { read } for name="u:object_r:device_config_runtime_native_boot_prop:s0" dev="tmpfs" ino=8335 scontext=u:r:shell:s0 tcontext=u:object_r:device_config_runtime_native_boot_prop:s0 tclass=file permissive=0
05-29 02:50:27.347  2886  2886 I app_process: Core platform API reporting enabled, enforcing=false
05-29 02:50:27.340  2886  2886 W app_process: type=1400 audit(0.0:51): avc: denied { read } for name="u:object_r:device_config_runtime_native_boot_prop:s0" dev="tmpfs" ino=8335 scontext=u:r:shell:s0 tcontext=u:object_r:device_config_runtime_native_boot_prop:s0 tclass=file permissive=0
05-29 02:50:27.463  2886  2886 W app_process: Unexpected CPU variant for X86 using defaults: x86_64
05-29 02:50:27.464  2886  2886 I app_process: The ClassLoaderContext is a special shared library.
05-29 02:50:27.475  2886  2886 W app_process: JNI RegisterNativeMethods: attempt to register 0 native methods for android.media.AudioAttributes
05-29 02:50:28.844   418   418 I perfetto: probes_producer.cc:329  Producer stop (id=6)
05-29 02:50:28.846   418   418 I perfetto: ftrace_procfs.cc:183    disabled ftrace
05-29 02:50:28.848   425   425 I perfetto: ng_service_impl.cc:1948 Tracing session 6 ended, total sessions:0
05-29 02:50:29.040     0     0 W perfetto: disabled ftrace
05-29 02:50:28.856   433  2632 I iorapd  : Perfetto TraceBuffer saved to file: /data/misc/iorapd/com.mocoding.pokedex.android/1/com.mocoding.pokedex.android.MainActivity/raw_traces/1780023028856017198.perfetto_trace.pb
05-29 02:50:29.173   158   158 I hwservicemanager: getTransport: Cannot find entry android.hardware.graphics.mapper@4.0::IMapper/default in either framework or device manifest.
05-29 02:50:29.173  2915  2915 I Gralloc4: mapper 4.x is not supported
05-29 02:50:29.301  2919  2921 I cmd     : oneway function results will be dropped but finished with status OK and parcel size 4
05-29 02:50:29.401  1496  2463 I MediaProvider: Deleted 1 items on external_primary due to com.android.shell
05-29 02:50:29.592   158   158 I hwservicemanager: getTransport: Cannot find entry android.hardware.graphics.mapper@4.0::IMapper/default in either framework or device manifest.
05-29 02:50:29.592  2952  2952 I Gralloc4: mapper 4.x is not supported
05-29 02:50:29.718  2956  2958 I cmd     : oneway function results will be dropped but finished with status OK and parcel size 4
05-29 02:50:29.776  1496  1626 I MediaProvider: Deleted 1 items on external_primary due to com.android.shell
05-29 02:50:29.816  2967  2968 I cmd     : oneway function results will be dropped but finished with status OK and parcel size 4
05-29 02:50:29.981   158   158 I hwservicemanager: getTransport: Cannot find entry android.hardware.graphics.mapper@4.0::IMapper/default in either framework or device manifest.
05-29 02:50:29.981  2991  2991 I Gralloc4: mapper 4.x is not supported
05-29 02:50:30.072   157   157 I BpBinder: onLastStrongRef automatically unlinking death recipients: <uncached descriptor>
05-29 02:50:30.262     0     0 I AidlLazyServiceRegistrar: Trying to shut down the service. No clients in use for any service in process.
05-29 02:50:30.267     0     0 I AidlLazyServiceRegistrar: Unregistered all clients and exiting
05-29 02:50:30.278     0     0 I init    : Service 'apexd' (pid 214) exited with status 0 oneshot service took 30.950001 seconds in background
05-29 02:50:30.280     0     0 I init    : Sending signal 9 to service 'apexd' (pid 214) process group...
05-29 02:50:30.283     0     0 I libprocessgroup: Successfully killed process cgroup uid 0 pid 214 in 0ms
05-29 02:50:30.159  1496  1625 I MediaProvider: Deleted 1 items on external_primary due to com.android.shell
05-29 02:50:30.191  3006  3008 I cmd     : oneway function results will be dropped but finished with status OK and parcel size 4
05-29 02:50:30.232  3021  3023 I cmd     : oneway function results will be dropped but finished with status OK and parcel size 4
05-29 02:50:30.264  3036  3038 I cmd     : oneway function results will be dropped but finished with status OK and parcel size 4
05-29 02:50:30.297  3051  3053 I cmd     : oneway function results will be dropped but finished with status OK and parcel size 4
05-29 02:50:30.398  3063  3063 E libc    : Access denied finding property "persist.device_config.runtime_native_boot.profilebootclasspath"
05-29 02:50:30.398  3063  3063 E libc    : Access denied finding property "persist.device_config.runtime_native_boot.enable_apex_image"
05-29 02:50:30.398  3063  3063 I AndroidRuntime: Using default boot image
05-29 02:50:30.398  3063  3063 E libc    : Access denied finding property "persist.device_config.runtime_native_boot.disable_lock_profiling"
05-29 02:50:30.398  3063  3063 I AndroidRuntime: Leaving lock profiling enabled
05-29 02:50:30.398  3063  3063 E libc    : Access denied finding property "persist.device_config.runtime_native_boot.enable_generational_cc"
05-29 02:50:30.396  3063  3063 W app_process: type=1400 audit(0.0:54): avc: denied { read } for name="u:object_r:device_config_runtime_native_boot_prop:s0" dev="tmpfs" ino=8335 scontext=u:r:shell:s0 tcontext=u:object_r:device_config_runtime_native_boot_prop:s0 tclass=file permissive=0
05-29 02:50:30.401  3063  3063 I app_process: Core platform API reporting enabled, enforcing=false
05-29 02:50:30.396  3063  3063 W app_process: type=1400 audit(0.0:55): avc: denied { read } for name="u:object_r:device_config_runtime_native_boot_prop:s0" dev="tmpfs" ino=8335 scontext=u:r:shell:s0 tcontext=u:object_r:device_config_runtime_native_boot_prop:s0 tclass=file permissive=0
05-29 02:50:30.522  3063  3063 W app_process: Unexpected CPU variant for X86 using defaults: x86_64
05-29 02:50:30.523  3063  3063 I app_process: The ClassLoaderContext is a special shared library.
05-29 02:50:30.539  3063  3063 W app_process: JNI RegisterNativeMethods: attempt to register 0 native methods for android.media.AudioAttributes
05-29 02:50:31.001   158   158 I hwservicemanager: getTransport: Cannot find entry android.hardware.configstore@1.0::ISurfaceFlingerConfigs/default in either framework or device manifest.
05-29 02:50:31.011   158   158 I hwservicemanager: getTransport: Cannot find entry android.hardware.graphics.mapper@4.0::IMapper/default in either framework or device manifest.
05-29 02:50:31.011  2105  2221 I Gralloc4: mapper 4.x is not supported
05-29 02:50:31.122   512   512 W NotificationHistory: Attempted to add notif for locked/gone/disabled user 0
05-29 02:50:31.612  1496  1929 E SQLiteDatabase: Error inserting format=12289 owner_package_name=null parent=-1 volume_name=internal date_modified=1683216921 _display_name=product _data=/product is_download=0 relative_path=null
05-29 02:50:31.612  1496  1929 E SQLiteDatabase: android.database.sqlite.SQLiteDatabaseLockedException: database is locked (code 5 SQLITE_BUSY)
05-29 02:50:31.612  1496  1929 E SQLiteDatabase: 	at android.database.sqlite.SQLiteConnection.nativeExecuteForLastInsertedRowId(Native Method)
05-29 02:50:31.612  1496  1929 E SQLiteDatabase: 	at android.database.sqlite.SQLiteConnection.executeForLastInsertedRowId(SQLiteConnection.java:938)
05-29 02:50:31.612  1496  1929 E SQLiteDatabase: 	at android.database.sqlite.SQLiteSession.executeForLastInsertedRowId(SQLiteSession.java:790)
05-29 02:50:31.612  1496  1929 E SQLiteDatabase: 	at android.database.sqlite.SQLiteStatement.executeInsert(SQLiteStatement.java:88)
05-29 02:50:31.612  1496  1929 E SQLiteDatabase: 	at android.database.sqlite.SQLiteDatabase.insertWithOnConflict(SQLiteDatabase.java:1701)
05-29 02:50:31.612  1496  1929 E SQLiteDatabase: 	at android.database.sqlite.SQLiteDatabase.insert(SQLiteDatabase.java:1570)
05-29 02:50:31.612  1496  1929 E SQLiteDatabase: 	at com.android.providers.media.MediaProvider.insertDirectory(MediaProvider.java:2773)
05-29 02:50:31.612  1496  1929 E SQLiteDatabase: 	at com.android.providers.media.MediaProvider.getParent(MediaProvider.java:2794)
05-29 02:50:31.612  1496  1929 E SQLiteDatabase: 	at com.android.providers.media.MediaProvider.insertDirectory(MediaProvider.java:2763)
05-29 02:50:31.612  1496  1929 E SQLiteDatabase: 	at com.android.providers.media.MediaProvider.getParent(MediaProvider.java:2794)
05-29 02:50:31.612  1496  1929 E SQLiteDatabase: 	at com.android.providers.media.MediaProvider.lambda$insertAllowingUpsert$14(MediaProvider.java:3060)
05-29 02:50:31.612  1496  1929 E SQLiteDatabase: 	at com.android.providers.media.MediaProvider.lambda$insertAllowingUpsert$14$MediaProvider(Unknown Source:0)
05-29 02:50:31.612  1496  1929 E SQLiteDatabase: 	at com.android.providers.media.-$$Lambda$MediaProvider$FjHWs2-fjgG761OzVFzdTX4EWZg.apply(Unknown Source:13)
05-29 02:50:31.612  1496  1929 E SQLiteDatabase: 	at com.android.providers.media.DatabaseHelper.runWithTransaction(DatabaseHelper.java:555)
05-29 02:50:31.612  1496  1929 E SQLiteDatabase: 	at com.android.providers.media.MediaProvider.insertAllowingUpsert(MediaProvider.java:3056)
05-29 02:50:31.612  1496  1929 E SQLiteDatabase: 	at com.android.providers.media.MediaProvider.insertFile(MediaProvider.java:3038)
05-29 02:50:31.612  1496  1929 E SQLiteDatabase: 	at com.android.providers.media.MediaProvider.insertInternal(MediaProvider.java:3470)
05-29 02:50:31.612  1496  1929 E SQLiteDatabase: 	at com.android.providers.media.MediaProvider.insert(MediaProvider.java:3198)
05-29 02:50:31.612  1496  1929 E SQLiteDatabase: 	at android.content.ContentProviderOperation.applyInternal(ContentProviderOperation.java:375)
05-29 02:50:31.612  1496  1929 E SQLiteDatabase: 	at android.content.ContentProviderOperation.apply(ContentProviderOperation.java:347)
05-29 02:50:31.612  1496  1929 E SQLiteDatabase: 	at android.content.ContentProvider.applyBatch(ContentProvider.java:2422)
05-29 02:50:31.612  1496  1929 E SQLiteDatabase: 	at com.android.providers.media.MediaProvider.applyBatch(MediaProvider.java:3522)
05-29 02:50:31.612  1496  1929 E SQLiteDatabase: 	at android.content.ContentProvider.applyBatch(ContentProvider.java:2413)
05-29 02:50:31.612  1496  1929 E SQLiteDatabase: 	at android.content.ContentResolver.applyBatch(ContentResolver.java:2186)
05-29 02:50:31.612  1496  1929 E SQLiteDatabase: 	at com.android.providers.media.scan.ModernMediaScanner$Scan.applyPending(ModernMediaScanner.java:699)
05-29 02:50:31.612  1496  1929 E SQLiteDatabase: 	at com.android.providers.media.scan.ModernMediaScanner$Scan.maybeApplyPending(ModernMediaScanner.java:689)
05-29 02:50:31.612  1496  1929 E SQLiteDatabase: 	at com.android.providers.media.scan.ModernMediaScanner$Scan.visitFile(ModernMediaScanner.java:649)
05-29 02:50:31.612  1496  1929 E SQLiteDatabase: 	at com.android.providers.media.scan.ModernMediaScanner$Scan.visitFile(ModernMediaScanner.java:272)
05-29 02:50:31.612  1496  1929 E SQLiteDatabase: 	at java.nio.file.Files.walkFileTree(Files.java:2670)
05-29 02:50:31.612  1496  1929 E SQLiteDatabase: 	at java.nio.file.Files.walkFileTree(Files.java:2742)
05-29 02:50:31.612  1496  1929 E SQLiteDatabase: 	at com.android.providers.media.scan.ModernMediaScanner$Scan.walkFileTree(ModernMediaScanner.java:366)
05-29 02:50:31.612  1496  1929 E SQLiteDatabase: 	at com.android.providers.media.scan.ModernMediaScanner$Scan.run(ModernMediaScanner.java:329)
05-29 02:50:31.612  1496  1929 E SQLiteDatabase: 	at com.android.providers.media.scan.ModernMediaScanner.scanDirectory(ModernMediaScanner.java:226)
05-29 02:50:31.612  1496  1929 E SQLiteDatabase: 	at com.android.providers.media.MediaProvider.scanDirectory(MediaProvider.java:1111)
05-29 02:50:31.612  1496  1929 E SQLiteDatabase: 	at com.android.providers.media.MediaService.onScanVolume(MediaService.java:148)
05-29 02:50:31.612  1496  1929 E SQLiteDatabase: 	at com.android.providers.media.MediaService.onScanVolume(MediaService.java:117)
05-29 02:50:31.612  1496  1929 E SQLiteDatabase: 	at com.android.providers.media.MediaService.onScanVolume(MediaService.java:108)
05-29 02:50:31.612  1496  1929 E SQLiteDatabase: 	at com.android.providers.media.MediaService.onHandleWork(MediaService.java:71)
05-29 02:50:31.612  1496  1929 E SQLiteDatabase: 	at androidx.core.app.JobIntentService$CommandProcessor.doInBackground(JobIntentService.java:391)
05-29 02:50:31.612  1496  1929 E SQLiteDatabase: 	at androidx.core.app.JobIntentService$CommandProcessor.doInBackground(JobIntentService.java:382)
05-29 02:50:31.612  1496  1929 E SQLiteDatabase: 	at android.os.AsyncTask$3.call(AsyncTask.java:394)
05-29 02:50:31.612  1496  1929 E SQLiteDatabase: 	at java.util.concurrent.FutureTask.run(FutureTask.java:266)
05-29 02:50:31.612  1496  1929 E SQLiteDatabase: 	at java.util.concurrent.ThreadPoolExecutor.runWorker(ThreadPoolExecutor.java:1167)
05-29 02:50:31.612  1496  1929 E SQLiteDatabase: 	at java.util.concurrent.ThreadPoolExecutor$Worker.run(ThreadPoolExecutor.java:641)
05-29 02:50:31.612  1496  1929 E SQLiteDatabase: 	at java.lang.Thread.run(Thread.java:923)
05-29 02:50:31.662  1035  1035 I Telephony: isRttCurrentlySupported -- regular acct, hasVoiceAvailability: false
05-29 02:50:31.662  1035  1035 I Telephony:  isRttSupported: false
05-29 02:50:31.662  1035  1035 I Telephony:  isRoaming: false
05-29 02:50:31.662  1035  1035 I Telephony:  isOnWfc: false
05-29 02:50:31.699   512   553 W ActivityManager: Slow operation: 51ms so far, now at startProcess: returned from zygote!
05-29 02:50:31.699   512   553 W ActivityManager: Slow operation: 51ms so far, now at startProcess: done updating battery stats
05-29 02:50:31.699   512   553 W ActivityManager: Slow operation: 51ms so far, now at startProcess: building log message
05-29 02:50:31.699   512   553 I ActivityManager: Start proc 3091:com.android.cellbroadcastreceiver.module/u0a122 for broadcast {com.android.cellbroadcastreceiver.module/com.android.cellbroadcastreceiver.CellBroadcastReceiver}
05-29 02:50:31.699   512   553 W ActivityManager: Slow operation: 51ms so far, now at startProcess: starting to update pids map
05-29 02:50:31.699   512   553 W ActivityManager: Slow operation: 51ms so far, now at startProcess: done updating pids map
05-29 02:50:31.711  3091  3091 W receiver.modul: Unexpected CPU variant for X86 using defaults: x86_64
05-29 02:50:31.716   405   417 I adbd    : jdwp connection from 3091
05-29 02:50:31.781   512   929 I ActivityManager: Killing 1937:com.android.calendar/u0a106 (adj 985): empty #17
05-29 02:50:31.798   280   280 I Zygote  : Process 1937 exited due to signal 9 (Killed)
05-29 02:50:31.830   512   554 I libprocessgroup: Successfully killed process cgroup uid 10106 pid 1937 in 44ms
05-29 02:50:32.369   158   158 I hwservicemanager: getTransport: Cannot find entry android.hardware.graphics.mapper@4.0::IMapper/default in either framework or device manifest.
05-29 02:50:32.369  3126  3126 I Gralloc4: mapper 4.x is not supported
05-29 02:50:32.505  3130  3132 I cmd     : oneway function results will be dropped but finished with status OK and parcel size 4
05-29 02:50:32.561  1496  2463 I MediaProvider: Deleted 1 items on external_primary due to com.android.shell
05-29 02:50:32.744   158   158 I hwservicemanager: getTransport: Cannot find entry android.hardware.graphics.mapper@4.0::IMapper/default in either framework or device manifest.
05-29 02:50:32.744  3163  3163 I Gralloc4: mapper 4.x is not supported
05-29 02:50:32.873  3167  3169 I cmd     : oneway function results will be dropped but finished with status OK and parcel size 4
05-29 02:50:32.932  1496  1626 I MediaProvider: Deleted 1 items on external_primary due to com.android.shell
05-29 02:50:32.964  3178  3180 I cmd     : oneway function results will be dropped but finished with status OK and parcel size 4
05-29 02:50:33.127   158   158 I hwservicemanager: getTransport: Cannot find entry android.hardware.graphics.mapper@4.0::IMapper/default in either framework or device manifest.
05-29 02:50:33.127  3202  3202 I Gralloc4: mapper 4.x is not supported
05-29 02:50:33.255  3206  3208 I cmd     : oneway function results will be dropped but finished with status OK and parcel size 4
05-29 02:50:33.310  1496  1625 I MediaProvider: Deleted 1 items on external_primary due to com.android.shell
05-29 02:50:33.342  3217  3219 I cmd     : oneway function results will be dropped but finished with status OK and parcel size 4
05-29 02:50:33.391  3232  3234 I cmd     : oneway function results will be dropped but finished with status OK and parcel size 4
05-29 02:50:33.426  3247  3248 I cmd     : oneway function results will be dropped but finished with status OK and parcel size 4
05-29 02:50:33.563  3274  3274 E libc    : Access denied finding property "persist.device_config.runtime_native_boot.profilebootclasspath"
05-29 02:50:33.563  3274  3274 E libc    : Access denied finding property "persist.device_config.runtime_native_boot.enable_apex_image"
05-29 02:50:33.563  3274  3274 I AndroidRuntime: Using default boot image
05-29 02:50:33.563  3274  3274 E libc    : Access denied finding property "persist.device_config.runtime_native_boot.disable_lock_profiling"
05-29 02:50:33.563  3274  3274 I AndroidRuntime: Leaving lock profiling enabled
05-29 02:50:33.563  3274  3274 E libc    : Access denied finding property "persist.device_config.runtime_native_boot.enable_generational_cc"
05-29 02:50:33.566  3274  3274 I app_process: Core platform API reporting enabled, enforcing=false
05-29 02:50:33.560  3274  3274 W app_process: type=1400 audit(0.0:58): avc: denied { read } for name="u:object_r:device_config_runtime_native_boot_prop:s0" dev="tmpfs" ino=8335 scontext=u:r:shell:s0 tcontext=u:object_r:device_config_runtime_native_boot_prop:s0 tclass=file permissive=0
05-29 02:50:33.691  3274  3274 W app_process: Unexpected CPU variant for X86 using defaults: x86_64
05-29 02:50:33.693  3274  3274 I app_process: The ClassLoaderContext is a special shared library.
05-29 02:50:33.697   280   280 I Zygote  : Process 1981 exited due to signal 9 (Killed)
05-29 02:50:33.708   512   554 I libprocessgroup: Successfully killed process cgroup uid 10111 pid 1981 in 45ms
05-29 02:50:33.711  3274  3274 W app_process: JNI RegisterNativeMethods: attempt to register 0 native methods for android.media.AudioAttributes
05-29 02:50:35.344  1496  1929 E SQLiteDatabase: Error inserting format=12289 owner_package_name=null parent=-1 volume_name=internal date_modified=1683213674 _display_name=media _data=/product/media is_download=0 relative_path=null
05-29 02:50:35.344  1496  1929 E SQLiteDatabase: android.database.sqlite.SQLiteDatabaseLockedException: database is locked (code 5 SQLITE_BUSY)
05-29 02:50:35.344  1496  1929 E SQLiteDatabase: 	at android.database.sqlite.SQLiteConnection.nativeExecuteForLastInsertedRowId(Native Method)
05-29 02:50:35.344  1496  1929 E SQLiteDatabase: 	at android.database.sqlite.SQLiteConnection.executeForLastInsertedRowId(SQLiteConnection.java:938)
05-29 02:50:35.344  1496  1929 E SQLiteDatabase: 	at android.database.sqlite.SQLiteSession.executeForLastInsertedRowId(SQLiteSession.java:790)
05-29 02:50:35.344  1496  1929 E SQLiteDatabase: 	at android.database.sqlite.SQLiteStatement.executeInsert(SQLiteStatement.java:88)
05-29 02:50:35.344  1496  1929 E SQLiteDatabase: 	at android.database.sqlite.SQLiteDatabase.insertWithOnConflict(SQLiteDatabase.java:1701)
05-29 02:50:35.344  1496  1929 E SQLiteDatabase: 	at android.database.sqlite.SQLiteDatabase.insert(SQLiteDatabase.java:1570)
05-29 02:50:35.344  1496  1929 E SQLiteDatabase: 	at com.android.providers.media.MediaProvider.insertDirectory(MediaProvider.java:2773)
05-29 02:50:35.344  1496  1929 E SQLiteDatabase: 	at com.android.providers.media.MediaProvider.getParent(MediaProvider.java:2794)
05-29 02:50:35.344  1496  1929 E SQLiteDatabase: 	at com.android.providers.media.MediaProvider.lambda$insertAllowingUpsert$14(MediaProvider.java:3060)
05-29 02:50:35.344  1496  1929 E SQLiteDatabase: 	at com.android.providers.media.MediaProvider.lambda$insertAllowingUpsert$14$MediaProvider(Unknown Source:0)
05-29 02:50:35.344  1496  1929 E SQLiteDatabase: 	at com.android.providers.media.-$$Lambda$MediaProvider$FjHWs2-fjgG761OzVFzdTX4EWZg.apply(Unknown Source:13)
05-29 02:50:35.344  1496  1929 E SQLiteDatabase: 	at com.android.providers.media.DatabaseHelper.runWithTransaction(DatabaseHelper.java:555)
05-29 02:50:35.344  1496  1929 E SQLiteDatabase: 	at com.android.providers.media.MediaProvider.insertAllowingUpsert(MediaProvider.java:3056)
05-29 02:50:35.344  1496  1929 E SQLiteDatabase: 	at com.android.providers.media.MediaProvider.insertFile(MediaProvider.java:3038)
05-29 02:50:35.344  1496  1929 E SQLiteDatabase: 	at com.android.providers.media.MediaProvider.insertInternal(MediaProvider.java:3470)
05-29 02:50:35.344  1496  1929 E SQLiteDatabase: 	at com.android.providers.media.MediaProvider.insert(MediaProvider.java:3198)
05-29 02:50:35.344  1496  1929 E SQLiteDatabase: 	at android.content.ContentProviderOperation.applyInternal(ContentProviderOperation.java:375)
05-29 02:50:35.344  1496  1929 E SQLiteDatabase: 	at android.content.ContentProviderOperation.apply(ContentProviderOperation.java:347)
05-29 02:50:35.344  1496  1929 E SQLiteDatabase: 	at android.content.ContentProvider.applyBatch(ContentProvider.java:2422)
05-29 02:50:35.344  1496  1929 E SQLiteDatabase: 	at com.android.providers.media.MediaProvider.applyBatch(MediaProvider.java:3522)
05-29 02:50:35.344  1496  1929 E SQLiteDatabase: 	at android.content.ContentProvider.applyBatch(ContentProvider.java:2413)
05-29 02:50:35.344  1496  1929 E SQLiteDatabase: 	at android.content.ContentResolver.applyBatch(ContentResolver.java:2186)
05-29 02:50:35.344  1496  1929 E SQLiteDatabase: 	at com.android.providers.media.scan.ModernMediaScanner$Scan.applyPending(ModernMediaScanner.java:699)
05-29 02:50:35.344  1496  1929 E SQLiteDatabase: 	at com.android.providers.media.scan.ModernMediaScanner$Scan.maybeApplyPending(ModernMediaScanner.java:689)
05-29 02:50:35.344  1496  1929 E SQLiteDatabase: 	at com.android.providers.media.scan.ModernMediaScanner$Scan.visitFile(ModernMediaScanner.java:649)
05-29 02:50:35.344  1496  1929 E SQLiteDatabase: 	at com.android.providers.media.scan.ModernMediaScanner$Scan.visitFile(ModernMediaScanner.java:272)
05-29 02:50:35.344  1496  1929 E SQLiteDatabase: 	at java.nio.file.Files.walkFileTree(Files.java:2670)
05-29 02:50:35.344  1496  1929 E SQLiteDatabase: 	at java.nio.file.Files.walkFileTree(Files.java:2742)
05-29 02:50:35.344  1496  1929 E SQLiteDatabase: 	at com.android.providers.media.scan.ModernMediaScanner$Scan.walkFileTree(ModernMediaScanner.java:366)
05-29 02:50:35.344  1496  1929 E SQLiteDatabase: 	at com.android.providers.media.scan.ModernMediaScanner$Scan.run(ModernMediaScanner.java:329)
05-29 02:50:35.344  1496  1929 E SQLiteDatabase: 	at com.android.providers.media.scan.ModernMediaScanner.scanDirectory(ModernMediaScanner.java:226)
05-29 02:50:35.344  1496  1929 E SQLiteDatabase: 	at com.android.providers.media.MediaProvider.scanDirectory(MediaProvider.java:1111)
05-29 02:50:35.344  1496  1929 E SQLiteDatabase: 	at com.android.providers.media.MediaService.onScanVolume(MediaService.java:148)
05-29 02:50:35.344  1496  1929 E SQLiteDatabase: 	at com.android.providers.media.MediaService.onScanVolume(MediaService.java:117)
05-29 02:50:35.344  1496  1929 E SQLiteDatabase: 	at com.android.providers.media.MediaService.onScanVolume(MediaService.java:108)
05-29 02:50:35.344  1496  1929 E SQLiteDatabase: 	at com.android.providers.media.MediaService.onHandleWork(MediaService.java:71)
05-29 02:50:35.344  1496  1929 E SQLiteDatabase: 	at androidx.core.app.JobIntentService$CommandProcessor.doInBackground(JobIntentService.java:391)
05-29 02:50:35.344  1496  1929 E SQLiteDatabase: 	at androidx.core.app.JobIntentService$CommandProcessor.doInBackground(JobIntentService.java:382)
05-29 02:50:35.344  1496  1929 E SQLiteDatabase: 	at android.os.AsyncTask$3.call(AsyncTask.java:394)
05-29 02:50:35.344  1496  1929 E SQLiteDatabase: 	at java.util.concurrent.FutureTask.run(FutureTask.java:266)
05-29 02:50:35.344  1496  1929 E SQLiteDatabase: 	at java.util.concurrent.ThreadPoolExecutor.runWorker(ThreadPoolExecutor.java:1167)
05-29 02:50:35.344  1496  1929 E SQLiteDatabase: 	at java.util.concurrent.ThreadPoolExecutor$Worker.run(ThreadPoolExecutor.java:641)
05-29 02:50:35.344  1496  1929 E SQLiteDatabase: 	at java.lang.Thread.run(Thread.java:923)
05-29 02:50:35.419   158   158 I hwservicemanager: getTransport: Cannot find entry android.hardware.graphics.mapper@4.0::IMapper/default in either framework or device manifest.
05-29 02:50:35.419  3305  3305 I Gralloc4: mapper 4.x is not supported
05-29 02:50:35.550  3309  3311 I cmd     : oneway function results will be dropped but finished with status OK and parcel size 4
05-29 02:50:35.559   512  1007 I ActivityManager: Killing 1302:com.android.cellbroadcastreceiver/u0a62 (adj 985): empty #17
05-29 02:50:35.625   280   280 I Zygote  : Process 1302 exited due to signal 9 (Killed)
05-29 02:50:35.635  1496  1625 I MediaProvider: Deleted 1 items on external_primary due to com.android.shell
05-29 02:50:35.647   512   554 I libprocessgroup: Successfully killed process cgroup uid 10062 pid 1302 in 85ms
05-29 02:50:35.830   158   158 I hwservicemanager: getTransport: Cannot find entry android.hardware.graphics.mapper@4.0::IMapper/default in either framework or device manifest.
05-29 02:50:35.830  3342  3342 I Gralloc4: mapper 4.x is not supported
05-29 02:50:35.969  3346  3348 I cmd     : oneway function results will be dropped but finished with status OK and parcel size 4
05-29 02:50:36.023  1496  2463 I MediaProvider: Deleted 1 items on external_primary due to com.android.shell
05-29 02:50:36.197   158   158 I hwservicemanager: getTransport: Cannot find entry android.hardware.graphics.mapper@4.0::IMapper/default in either framework or device manifest.
05-29 02:50:36.197  3379  3379 I Gralloc4: mapper 4.x is not supported
05-29 02:50:36.345  3385  3387 I cmd     : oneway function results will be dropped but finished with status OK and parcel size 4
05-29 02:50:36.439  1496  1625 I MediaProvider: Deleted 1 items on external_primary due to com.android.shell
05-29 02:50:36.471  3396  3398 I cmd     : oneway function results will be dropped but finished with status OK and parcel size 4
05-29 02:50:36.575  3441  3443 I cmd     : oneway function results will be dropped but finished with status OK and parcel size 4
05-29 02:50:36.673  3453  3453 E libc    : Access denied finding property "persist.device_config.runtime_native_boot.profilebootclasspath"
05-29 02:50:36.673  3453  3453 E libc    : Access denied finding property "persist.device_config.runtime_native_boot.enable_apex_image"
05-29 02:50:36.673  3453  3453 I AndroidRuntime: Using default boot image
05-29 02:50:36.673  3453  3453 E libc    : Access denied finding property "persist.device_config.runtime_native_boot.disable_lock_profiling"
05-29 02:50:36.673  3453  3453 I AndroidRuntime: Leaving lock profiling enabled
05-29 02:50:36.673  3453  3453 E libc    : Access denied finding property "persist.device_config.runtime_native_boot.enable_generational_cc"
05-29 02:50:36.676  3453  3453 I app_process: Core platform API reporting enabled, enforcing=false
05-29 02:50:36.672  3453  3453 W app_process: type=1400 audit(0.0:62): avc: denied { read } for name="u:object_r:device_config_runtime_native_boot_prop:s0" dev="tmpfs" ino=8335 scontext=u:r:shell:s0 tcontext=u:object_r:device_config_runtime_native_boot_prop:s0 tclass=file permissive=0
05-29 02:50:36.796  3453  3453 W app_process: Unexpected CPU variant for X86 using defaults: x86_64
05-29 02:50:36.798  3453  3453 I app_process: The ClassLoaderContext is a special shared library.
05-29 02:50:36.811  3453  3453 W app_process: JNI RegisterNativeMethods: attempt to register 0 native methods for android.media.AudioAttributes
05-29 02:50:37.053  2105  2105 E AccessibilityInteractionClient: 2 Disconnected nodes.
05-29 02:50:37.189   512   659 E WifiHealthMonitor:  Hit PackageManager exception
05-29 02:50:37.189   512   659 E WifiHealthMonitor: android.content.pm.PackageManager$NameNotFoundException: com.google.android.wifi
05-29 02:50:37.189   512   659 E WifiHealthMonitor: 	at android.app.ApplicationPackageManager.getPackageInfoAsUser(ApplicationPackageManager.java:206)
05-29 02:50:37.189   512   659 E WifiHealthMonitor: 	at android.app.ApplicationPackageManager.getPackageInfo(ApplicationPackageManager.java:178)
05-29 02:50:37.189   512   659 E WifiHealthMonitor: 	at com.android.server.wifi.WifiHealthMonitor.extractCurrentSoftwareBuildInfo(WifiHealthMonitor.java:545)
05-29 02:50:37.189   512   659 E WifiHealthMonitor: 	at com.android.server.wifi.WifiHealthMonitor.postBootSwBuildCheck(WifiHealthMonitor.java:477)
05-29 02:50:37.189   512   659 E WifiHealthMonitor: 	at com.android.server.wifi.WifiHealthMonitor.postBootDetectionHandler(WifiHealthMonitor.java:468)
05-29 02:50:37.189   512   659 E WifiHealthMonitor: 	at com.android.server.wifi.WifiHealthMonitor.access$200(WifiHealthMonitor.java:70)
05-29 02:50:37.189   512   659 E WifiHealthMonitor: 	at com.android.server.wifi.WifiHealthMonitor$2.onAlarm(WifiHealthMonitor.java:163)
05-29 02:50:37.189   512   659 E WifiHealthMonitor: 	at android.app.AlarmManager$ListenerWrapper.run(AlarmManager.java:239)
05-29 02:50:37.189   512   659 E WifiHealthMonitor: 	at android.os.Handler.handleCallback(Handler.java:938)
05-29 02:50:37.189   512   659 E WifiHealthMonitor: 	at android.os.Handler.dispatchMessage(Handler.java:99)
05-29 02:50:37.189   512   659 E WifiHealthMonitor: 	at android.os.Looper.loop(Looper.java:223)
05-29 02:50:37.189   512   659 E WifiHealthMonitor: 	at android.os.HandlerThread.run(HandlerThread.java:67)
05-29 02:50:38.513   158   158 I hwservicemanager: getTransport: Cannot find entry android.hardware.graphics.mapper@4.0::IMapper/default in either framework or device manifest.
05-29 02:50:38.513  3485  3485 I Gralloc4: mapper 4.x is not supported
05-29 02:50:38.648   512  1007 I ActivityManager: Killing 2010:com.android.contacts/u0a98 (adj 985): empty #17
05-29 02:50:38.650   512  1007 I ActivityManager: Killing 1961:com.android.localtransport/1000 (adj 985): empty #18
05-29 02:50:38.743  1496  1626 I MediaProvider: Deleted 1 items on external_primary due to com.android.shell
05-29 02:50:38.754   280   280 I Zygote  : Process 2010 exited due to signal 9 (Killed)
05-29 02:50:38.759   280   280 I Zygote  : Process 1961 exited due to signal 9 (Killed)
05-29 02:50:38.777   512   554 I libprocessgroup: Successfully killed process cgroup uid 10098 pid 2010 in 126ms
05-29 02:50:38.778  3500  3502 I cmd     : oneway function results will be dropped but finished with status OK and parcel size 4
05-29 02:50:38.778   512   554 I libprocessgroup: Successfully killed process cgroup uid 1000 pid 1961 in 0ms
05-29 02:50:38.970   158   158 I hwservicemanager: getTransport: Cannot find entry android.hardware.graphics.mapper@4.0::IMapper/default in either framework or device manifest.
05-29 02:50:38.970  3522  3522 I Gralloc4: mapper 4.x is not supported
05-29 02:50:39.105  3526  3528 I cmd     : oneway function results will be dropped but finished with status OK and parcel size 4
05-29 02:50:39.152  1496  1626 I MediaProvider: Deleted 1 items on external_primary due to com.android.shell
05-29 02:50:39.334   158   158 I hwservicemanager: getTransport: Cannot find entry android.hardware.graphics.mapper@4.0::IMapper/default in either framework or device manifest.
05-29 02:50:39.334  3559  3559 I Gralloc4: mapper 4.x is not supported
05-29 02:50:39.494  3565  3567 I cmd     : oneway function results will be dropped but finished with status OK and parcel size 4
05-29 02:50:39.575  1496  2463 I MediaProvider: Deleted 1 items on external_primary due to com.android.shell
05-29 02:50:39.645  3591  3593 I cmd     : oneway function results will be dropped but finished with status OK and parcel size 4
05-29 02:50:39.680  3606  3608 I cmd     : oneway function results will be dropped but finished with status OK and parcel size 4
05-29 02:50:39.713  3621  3623 I cmd     : oneway function results will be dropped but finished with status OK and parcel size 4
05-29 02:50:39.808  3633  3633 W app_process: type=1400 audit(0.0:66): avc: denied { read } for name="u:object_r:device_config_runtime_native_boot_prop:s0" dev="tmpfs" ino=8335 scontext=u:r:shell:s0 tcontext=u:object_r:device_config_runtime_native_boot_prop:s0 tclass=file permissive=0
05-29 02:50:39.809  3633  3633 E libc    : Access denied finding property "persist.device_config.runtime_native_boot.profilebootclasspath"
05-29 02:50:39.809  3633  3633 E libc    : Access denied finding property "persist.device_config.runtime_native_boot.enable_apex_image"
05-29 02:50:39.809  3633  3633 I AndroidRuntime: Using default boot image
05-29 02:50:39.809  3633  3633 E libc    : Access denied finding property "persist.device_config.runtime_native_boot.disable_lock_profiling"
05-29 02:50:39.809  3633  3633 I AndroidRuntime: Leaving lock profiling enabled
05-29 02:50:39.809  3633  3633 E libc    : Access denied finding property "persist.device_config.runtime_native_boot.enable_generational_cc"
05-29 02:50:39.812  3633  3633 I app_process: Core platform API reporting enabled, enforcing=false
05-29 02:50:39.808  3633  3633 W app_process: type=1400 audit(0.0:67): avc: denied { read } for name="u:object_r:device_config_runtime_native_boot_prop:s0" dev="tmpfs" ino=8335 scontext=u:r:shell:s0 tcontext=u:object_r:device_config_runtime_native_boot_prop:s0 tclass=file permissive=0
05-29 02:50:39.937  3633  3633 W app_process: Unexpected CPU variant for X86 using defaults: x86_64
05-29 02:50:39.938  3633  3633 I app_process: The ClassLoaderContext is a special shared library.
05-29 02:50:39.952  3633  3633 W app_process: JNI RegisterNativeMethods: attempt to register 0 native methods for android.media.AudioAttributes
05-29 02:50:40.203  2105  2105 E AccessibilityInteractionClient: 3 Disconnected nodes.
05-29 02:50:40.407  2637  2724 I System.out: 02:50:40.401 [DefaultDispatcher-worker-1] INFO io.ktor.client.HttpClient - REQUEST: https://pokeapi.co/api/v2/pokemon?limit=20&offset=0
05-29 02:50:40.407  2637  2724 I System.out: METHOD: HttpMethod(value=GET)
05-29 02:50:40.407  2637  2724 I System.out: COMMON HEADERS
05-29 02:50:40.407  2637  2724 I System.out: -> Accept: application/json
05-29 02:50:40.407  2637  2724 I System.out: -> Accept-Charset: UTF-8
05-29 02:50:40.407  2637  2724 I System.out: -> Content-Type: application/json
05-29 02:50:40.407  2637  2724 I System.out: CONTENT HEADERS
05-29 02:50:40.407  2637  2724 I System.out: -> Content-Length: 0
05-29 02:50:40.407  2637  2724 I System.out: BODY Content-Type: null
05-29 02:50:40.407  2637  2724 I System.out: BODY START
05-29 02:50:40.407  2637  2724 I System.out: 
05-29 02:50:40.407  2637  2724 I System.out: BODY END
05-29 02:50:40.587  2637  2729 I System.out: 02:50:40.586 [DefaultDispatcher-worker-6] INFO io.ktor.client.HttpClient - RESPONSE: 200 OK
05-29 02:50:40.587  2637  2729 I System.out: METHOD: HttpMethod(value=GET)
05-29 02:50:40.587  2637  2729 I System.out: FROM: https://pokeapi.co/api/v2/pokemon?limit=20&offset=0
05-29 02:50:40.587  2637  2729 I System.out: COMMON HEADERS
05-29 02:50:40.587  2637  2729 I System.out: -> access-control-allow-origin: *
05-29 02:50:40.587  2637  2729 I System.out: -> access-control-expose-headers: X-PokeAPI-Hash,X-PokeAPI-Deploy-Date
05-29 02:50:40.587  2637  2729 I System.out: -> age: 68250
05-29 02:50:40.587  2637  2729 I System.out: -> alt-svc: h3=":443"; ma=86400
05-29 02:50:40.587  2637  2729 I System.out: -> cache-control: public, max-age=86400, s-maxage=86400
05-29 02:50:40.587  2637  2729 I System.out: -> cf-cache-status: HIT
05-29 02:50:40.587  2637  2729 I System.out: -> cf-ray: a03231665a4234db-LAX
05-29 02:50:40.587  2637  2729 I System.out: -> connection: keep-alive
05-29 02:50:40.587  2637  2729 I System.out: -> content-type: application/json; charset=utf-8
05-29 02:50:40.587  2637  2729 I System.out: -> date: Fri, 29 May 2026 02:50:41 GMT
05-29 02:50:40.587  2637  2729 I System.out: -> etag: W/"588-iX6bV/yoloqGkIPBxJnQfrHsFIU"
05-29 02:50:40.587  2637  2729 I System.out: -> function-execution-id: 49e8b89prvdy
05-29 02:50:40.587  2637  2729 I System.out: -> nel: {"report_to":"cf-nel","success_fraction":0.0,"max_age":604800}
05-29 02:50:40.587  2637  2729 I System.out: -> report-to: {"group":"cf-nel","max_age":604800,"endpoints":[{"url":"https://a.nel.cloudflare.com/report/v4?s=UBJwz4oqPFxSRtjQQYEx%2FIx0BrXErrz8bGDes%2Bq39UhpngpgdlKohIRTgzzQtQFkKUPTUmDOEcq%2B%2BgjI3lzl%2F7cByP4MsK754KFfzOgq4j%2FqF59lRDLfu99bTbWB"}]}
05-29 02:50:40.587  2637  2729 I System.out: -> server: cloudflare
05-29 02:50:40.587  2637  2729 I System.out: -> strict-transport-security: max-age=31556926
05-29 02:50:40.587  2637  2729 I System.out: -> transfer-encoding: chunked
05-29 02:50:40.587  2637  2729 I System.out: -> vary: Accept-Encoding,cookie,need-authorization, x-fh-requested-host, accept-encoding
05-29 02:50:40.587  2637  2729 I System.out: -> x-android-received-millis: 1780023040580
05-29 02:50:40.587  2637  2729 I System.out: -> x-android-response-source: NETWORK 200
05-29 02:50:40.587  2637  2729 I System.out: -> x-android-selected-protocol: http/1.1
05-29 02:50:40.587  2637  2729 I System.out: -> x-android-sent-millis: 1780023040557
05-29 02:50:40.587  2637  2729 I System.out: -> x-cache: HIT
05-29 02:50:40.587  2637  2729 I System.out: -> x-cache-hits: 0
05-29 02:50:40.587  2637  2729 I System.out: -> x-cloud-trace-context: 4a39175d59133f277b6127eb43938307
05-29 02:50:40.587  2637  2729 I System.out: -> x-country-code: US
05-29 02:50:40.587  2637  2729 I System.out: -> x-orig-accept-language: en-US,en;q=0.9
05-29 02:50:40.587  2637  2729 I System.out: -> x-pokeapi-deploy-date: 1777952978
05-29 02:50:40.587  2637  2729 I System.out: -> x-pokeapi-hash: 6b77758c64144036a20e8bd384447b2f4da9af9c
05-29 02:50:40.587  2637  2729 I System.out: -> x-powered-by: Express
05-29 02:50:40.587  2637  2729 I System.out: -> x-served-by: cache-sjc10081-SJC
05-29 02:50:40.587  2637  2729 I System.out: -> x-timer: S1778182779.541804,VS0,VE1
05-29 02:50:40.587  2637  2729 I System.out: BODY Content-Type: application/json; charset=utf-8
05-29 02:50:40.587  2637  2729 I System.out: BODY START
05-29 02:50:40.587  2637  2729 I System.out: {"count":1350,"next":"https://pokeapi.co/api/v2/pokemon?offset=20&limit=20","previous":null,"results":[{"name":"bulbasaur","url":"https://pokeapi.co/api/v2/pokemon/1/"},{"name":"ivysaur","url":"https://pokeapi.co/api/v2/pokemon/2/"},{"name":"venusaur","url":"https://pokeapi.co/api/v2/pokemon/3/"},{"name":"charmander","url":"https://pokeapi.co/api/v2/pokemon/4/"},{"name":"charmeleon","url":"https://pokeapi.co/api/v2/pokemon/5/"},{"name":"charizard","url":"https://pokeapi.co/api/v2/pokemon/6/"},{"name":"squirtle","url":"https://pokeapi.co/api/v2/pokemon/7/"},{"name":"wartortle","url":"https://pokeapi.co/api/v2/pokemon/8/"},{"name":"blastoise","url":"https://pokeapi.co/api/v2/pokemon/9/"},{"name":"caterpie","url":"https://pokeapi.co/api/v2/pokemon/10/"},{"name":"metapod","url":"https://pokeapi.co/api/v2/pokemon/11/"},{"name":"butterfree","url":"https://pokeapi.co/api/v2/pokemon/12/"},{"name":"weedle","url":"https://pokeapi.co/api/v2/pokemon/13/"},{"name":"kakuna","url":"https://pokeapi.co/api/v2/pokemon/14/"},{"name":"beedrill","url":"https://pokeapi.co/api/v2/pokemon/15/"},{"name":"pidgey","url":"https://pokeapi.co/api/v2/pokemon/16/"},{"name":"pidgeotto","url":"https://pokeapi.co/api/v2/pokemon/17/"},{"name":"pidgeot","url":"https://pokeapi.co/api/v2/pokemon/18/"},{"name":"rattata","url":"https://pokeapi.co/api/v2/pokemon/19/"},{"name":"raticate","url":"https://pokeapi.co/api/v2/pokemon/20/"}]}
05-29 02:50:40.587  2637  2729 I System.out: BODY END
05-29 02:50:41.690   158   158 I hwservicemanager: getTransport: Cannot find entry android.hardware.graphics.mapper@4.0::IMapper/default in either framework or device manifest.
05-29 02:50:41.691  3678  3678 I Gralloc4: mapper 4.x is not supported
05-29 02:50:41.826  3682  3684 I cmd     : oneway function results will be dropped but finished with status OK and parcel size 4
05-29 02:50:41.884  1496  1625 I MediaProvider: Deleted 1 items on external_primary due to com.android.shell
05-29 02:50:41.918  3693  3695 I cmd     : oneway function results will be dropped but finished with status OK and parcel size 4
