05-29 02:15:57.433   159   159 I hwservicemanager: getTransport: Cannot find entry android.hardware.graphics.mapper@4.0::IMapper/default in either framework or device manifest.
05-29 02:15:57.434  3103  3103 I Gralloc4: mapper 4.x is not supported
05-29 02:15:57.535  1056  1056 I Telephony: isRttCurrentlySupported -- regular acct, hasVoiceAvailability: false
05-29 02:15:57.535  1056  1056 I Telephony:  isRttSupported: false
05-29 02:15:57.535  1056  1056 I Telephony:  isRoaming: false
05-29 02:15:57.535  1056  1056 I Telephony:  isOnWfc: false
05-29 02:15:57.536   506   548 I ActivityManager: Start proc 3111:com.android.cellbroadcastreceiver.module/u0a128 for broadcast {com.android.cellbroadcastreceiver.module/com.android.cellbroadcastreceiver.CellBroadcastReceiver}
05-29 02:15:57.538  3111  3111 W receiver.modul: Unexpected CPU variant for X86 using defaults: x86_64
05-29 02:15:57.541   391   398 I adbd    : jdwp connection from 3111
05-29 02:15:57.555  1392  1550 I MediaProvider: Deleted 1 items on external_primary due to com.android.shell
05-29 02:15:57.587   506  2067 I ActivityManager: Killing 1965:com.android.localtransport/1000 (adj 985): empty #17
05-29 02:15:57.590   281   281 I Zygote  : Process 1965 exited due to signal 9 (Killed)
05-29 02:15:57.608  3140  3142 I cmd     : oneway function results will be dropped but finished with status OK and parcel size 4
05-29 02:15:57.630   506   549 I libprocessgroup: Successfully killed process cgroup uid 1000 pid 1965 in 42ms
05-29 02:15:57.771   159   159 I hwservicemanager: getTransport: Cannot find entry android.hardware.graphics.mapper@4.0::IMapper/default in either framework or device manifest.
05-29 02:15:57.772  3162  3162 I Gralloc4: mapper 4.x is not supported
05-29 02:15:57.831  3166  3168 I cmd     : oneway function results will be dropped but finished with status OK and parcel size 4
05-29 02:15:57.862  1392  2463 I MediaProvider: Deleted 1 items on external_primary due to com.android.shell
05-29 02:15:57.895  3177  3179 I cmd     : oneway function results will be dropped but finished with status OK and parcel size 4
05-29 02:15:58.065   159   159 I hwservicemanager: getTransport: Cannot find entry android.hardware.graphics.mapper@4.0::IMapper/default in either framework or device manifest.
05-29 02:15:58.066  3201  3201 I Gralloc4: mapper 4.x is not supported
05-29 02:15:58.121  3205  3207 I cmd     : oneway function results will be dropped but finished with status OK and parcel size 4
05-29 02:15:58.150  1392  1551 I MediaProvider: Deleted 1 items on external_primary due to com.android.shell
05-29 02:15:58.181  3216  3218 I cmd     : oneway function results will be dropped but finished with status OK and parcel size 4
05-29 02:15:58.241  3231  3233 I cmd     : oneway function results will be dropped but finished with status OK and parcel size 4
05-29 02:15:58.306  3246  3248 I cmd     : oneway function results will be dropped but finished with status OK and parcel size 4
05-29 02:15:58.379  3261  3262 I cmd     : oneway function results will be dropped but finished with status OK and parcel size 4
05-29 02:15:58.475  3274  3274 E libc    : Access denied finding property "persist.device_config.runtime_native_boot.profilebootclasspath"
05-29 02:15:58.475  3274  3274 E libc    : Access denied finding property "persist.device_config.runtime_native_boot.enable_apex_image"
05-29 02:15:58.475  3274  3274 I AndroidRuntime: Using default boot image
05-29 02:15:58.475  3274  3274 E libc    : Access denied finding property "persist.device_config.runtime_native_boot.disable_lock_profiling"
05-29 02:15:58.475  3274  3274 I AndroidRuntime: Leaving lock profiling enabled
05-29 02:15:58.475  3274  3274 E libc    : Access denied finding property "persist.device_config.runtime_native_boot.enable_generational_cc"
05-29 02:15:58.476  3274  3274 I app_process: Core platform API reporting enabled, enforcing=false
05-29 02:15:58.472  3274  3274 W app_process: type=1400 audit(0.0:58): avc: denied { read } for name="u:object_r:device_config_runtime_native_boot_prop:s0" dev="tmpfs" ino=8297 scontext=u:r:shell:s0 tcontext=u:object_r:device_config_runtime_native_boot_prop:s0 tclass=file permissive=0
05-29 02:15:58.472  3274  3274 W app_process: type=1400 audit(0.0:60): avc: denied { read } for name="u:object_r:device_config_runtime_native_boot_prop:s0" dev="tmpfs" ino=8297 scontext=u:r:shell:s0 tcontext=u:object_r:device_config_runtime_native_boot_prop:s0 tclass=file permissive=0
05-29 02:15:58.534  3274  3274 W app_process: Unexpected CPU variant for X86 using defaults: x86_64
05-29 02:15:58.535  3274  3274 I app_process: The ClassLoaderContext is a special shared library.
05-29 02:15:58.542  3274  3274 W app_process: JNI RegisterNativeMethods: attempt to register 0 native methods for android.media.AudioAttributes
05-29 02:15:58.472  3274  3274 W app_process: type=1400 audit(0.0:61): avc: denied { read } for name="u:object_r:device_config_runtime_native_boot_prop:s0" dev="tmpfs" ino=8297 scontext=u:r:shell:s0 tcontext=u:object_r:device_config_runtime_native_boot_prop:s0 tclass=file permissive=0
05-29 02:16:00.069   506  1335 I ActivityManager: Killing 1986:com.android.calendar/u0a108 (adj 975): empty #17
05-29 02:16:00.094   281   281 I Zygote  : Process 1986 exited due to signal 9 (Killed)
05-29 02:16:00.112   506   549 I libprocessgroup: Successfully killed process cgroup uid 10108 pid 1986 in 42ms
05-29 02:16:00.288   159   159 I hwservicemanager: getTransport: Cannot find entry android.hardware.graphics.mapper@4.0::IMapper/default in either framework or device manifest.
05-29 02:16:00.289  3307  3307 I Gralloc4: mapper 4.x is not supported
05-29 02:16:00.345  3311  3313 I cmd     : oneway function results will be dropped but finished with status OK and parcel size 4
05-29 02:16:00.415  1392  1551 I MediaProvider: Deleted 1 items on external_primary due to com.android.shell
05-29 02:16:00.447  3322  3324 I cmd     : oneway function results will be dropped but finished with status OK and parcel size 4
05-29 02:16:00.603   159   159 I hwservicemanager: getTransport: Cannot find entry android.hardware.graphics.mapper@4.0::IMapper/default in either framework or device manifest.
05-29 02:16:00.604  3344  3344 I Gralloc4: mapper 4.x is not supported
05-29 02:16:00.660  3348  3350 I cmd     : oneway function results will be dropped but finished with status OK and parcel size 4
05-29 02:16:00.687  1392  1551 I MediaProvider: Deleted 1 items on external_primary due to com.android.shell
05-29 02:16:00.720  3359  3361 I cmd     : oneway function results will be dropped but finished with status OK and parcel size 4
05-29 02:16:00.863   159   159 I hwservicemanager: getTransport: Cannot find entry android.hardware.graphics.mapper@4.0::IMapper/default in either framework or device manifest.
05-29 02:16:00.863  3381  3381 I Gralloc4: mapper 4.x is not supported
05-29 02:16:00.921  3385  3387 I cmd     : oneway function results will be dropped but finished with status OK and parcel size 4
05-29 02:16:00.949  1392  1550 I MediaProvider: Deleted 1 items on external_primary due to com.android.shell
05-29 02:16:00.981  3396  3397 I cmd     : oneway function results will be dropped but finished with status OK and parcel size 4
05-29 02:16:01.121  3428  3430 I cmd     : oneway function results will be dropped but finished with status OK and parcel size 4
05-29 02:16:01.185  3443  3445 I cmd     : oneway function results will be dropped but finished with status OK and parcel size 4
05-29 02:16:01.280  1392  1920 E SQLiteDatabase: Error inserting format=12289 owner_package_name=null parent=-1 volume_name=internal date_modified=1683216921 _display_name=product _data=/product is_download=0 relative_path=null
05-29 02:16:01.280  1392  1920 E SQLiteDatabase: android.database.sqlite.SQLiteDatabaseLockedException: database is locked (code 5 SQLITE_BUSY)
05-29 02:16:01.280  1392  1920 E SQLiteDatabase: 	at android.database.sqlite.SQLiteConnection.nativeExecuteForLastInsertedRowId(Native Method)
05-29 02:16:01.280  1392  1920 E SQLiteDatabase: 	at android.database.sqlite.SQLiteConnection.executeForLastInsertedRowId(SQLiteConnection.java:938)
05-29 02:16:01.280  1392  1920 E SQLiteDatabase: 	at android.database.sqlite.SQLiteSession.executeForLastInsertedRowId(SQLiteSession.java:790)
05-29 02:16:01.280  1392  1920 E SQLiteDatabase: 	at android.database.sqlite.SQLiteStatement.executeInsert(SQLiteStatement.java:88)
05-29 02:16:01.280  1392  1920 E SQLiteDatabase: 	at android.database.sqlite.SQLiteDatabase.insertWithOnConflict(SQLiteDatabase.java:1701)
05-29 02:16:01.280  1392  1920 E SQLiteDatabase: 	at android.database.sqlite.SQLiteDatabase.insert(SQLiteDatabase.java:1570)
05-29 02:16:01.280  1392  1920 E SQLiteDatabase: 	at com.android.providers.media.MediaProvider.insertDirectory(MediaProvider.java:2773)
05-29 02:16:01.280  1392  1920 E SQLiteDatabase: 	at com.android.providers.media.MediaProvider.getParent(MediaProvider.java:2794)
05-29 02:16:01.280  1392  1920 E SQLiteDatabase: 	at com.android.providers.media.MediaProvider.insertDirectory(MediaProvider.java:2763)
05-29 02:16:01.280  1392  1920 E SQLiteDatabase: 	at com.android.providers.media.MediaProvider.getParent(MediaProvider.java:2794)
05-29 02:16:01.280  1392  1920 E SQLiteDatabase: 	at com.android.providers.media.MediaProvider.lambda$insertAllowingUpsert$14(MediaProvider.java:3060)
05-29 02:16:01.280  1392  1920 E SQLiteDatabase: 	at com.android.providers.media.MediaProvider.lambda$insertAllowingUpsert$14$MediaProvider(Unknown Source:0)
05-29 02:16:01.280  1392  1920 E SQLiteDatabase: 	at com.android.providers.media.-$$Lambda$MediaProvider$FjHWs2-fjgG761OzVFzdTX4EWZg.apply(Unknown Source:13)
05-29 02:16:01.280  1392  1920 E SQLiteDatabase: 	at com.android.providers.media.DatabaseHelper.runWithTransaction(DatabaseHelper.java:555)
05-29 02:16:01.280  1392  1920 E SQLiteDatabase: 	at com.android.providers.media.MediaProvider.insertAllowingUpsert(MediaProvider.java:3056)
05-29 02:16:01.280  1392  1920 E SQLiteDatabase: 	at com.android.providers.media.MediaProvider.insertFile(MediaProvider.java:3038)
05-29 02:16:01.280  1392  1920 E SQLiteDatabase: 	at com.android.providers.media.MediaProvider.insertInternal(MediaProvider.java:3470)
05-29 02:16:01.280  1392  1920 E SQLiteDatabase: 	at com.android.providers.media.MediaProvider.insert(MediaProvider.java:3198)
05-29 02:16:01.280  1392  1920 E SQLiteDatabase: 	at android.content.ContentProviderOperation.applyInternal(ContentProviderOperation.java:375)
05-29 02:16:01.280  1392  1920 E SQLiteDatabase: 	at android.content.ContentProviderOperation.apply(ContentProviderOperation.java:347)
05-29 02:16:01.280  1392  1920 E SQLiteDatabase: 	at android.content.ContentProvider.applyBatch(ContentProvider.java:2422)
05-29 02:16:01.280  1392  1920 E SQLiteDatabase: 	at com.android.providers.media.MediaProvider.applyBatch(MediaProvider.java:3522)
05-29 02:16:01.280  1392  1920 E SQLiteDatabase: 	at android.content.ContentProvider.applyBatch(ContentProvider.java:2413)
05-29 02:16:01.280  1392  1920 E SQLiteDatabase: 	at android.content.ContentResolver.applyBatch(ContentResolver.java:2186)
05-29 02:16:01.280  1392  1920 E SQLiteDatabase: 	at com.android.providers.media.scan.ModernMediaScanner$Scan.applyPending(ModernMediaScanner.java:699)
05-29 02:16:01.280  1392  1920 E SQLiteDatabase: 	at com.android.providers.media.scan.ModernMediaScanner$Scan.maybeApplyPending(ModernMediaScanner.java:689)
05-29 02:16:01.280  1392  1920 E SQLiteDatabase: 	at com.android.providers.media.scan.ModernMediaScanner$Scan.visitFile(ModernMediaScanner.java:649)
05-29 02:16:01.280  1392  1920 E SQLiteDatabase: 	at com.android.providers.media.scan.ModernMediaScanner$Scan.visitFile(ModernMediaScanner.java:272)
05-29 02:16:01.280  1392  1920 E SQLiteDatabase: 	at java.nio.file.Files.walkFileTree(Files.java:2670)
05-29 02:16:01.280  1392  1920 E SQLiteDatabase: 	at java.nio.file.Files.walkFileTree(Files.java:2742)
05-29 02:16:01.280  1392  1920 E SQLiteDatabase: 	at com.android.providers.media.scan.ModernMediaScanner$Scan.walkFileTree(ModernMediaScanner.java:366)
05-29 02:16:01.280  1392  1920 E SQLiteDatabase: 	at com.android.providers.media.scan.ModernMediaScanner$Scan.run(ModernMediaScanner.java:329)
05-29 02:16:01.280  1392  1920 E SQLiteDatabase: 	at com.android.providers.media.scan.ModernMediaScanner.scanDirectory(ModernMediaScanner.java:226)
05-29 02:16:01.280  1392  1920 E SQLiteDatabase: 	at com.android.providers.media.MediaProvider.scanDirectory(MediaProvider.java:1111)
05-29 02:16:01.280  1392  1920 E SQLiteDatabase: 	at com.android.providers.media.MediaService.onScanVolume(MediaService.java:148)
05-29 02:16:01.280  1392  1920 E SQLiteDatabase: 	at com.android.providers.media.MediaService.onScanVolume(MediaService.java:117)
05-29 02:16:01.280  1392  1920 E SQLiteDatabase: 	at com.android.providers.media.MediaService.onScanVolume(MediaService.java:108)
05-29 02:16:01.280  1392  1920 E SQLiteDatabase: 	at com.android.providers.media.MediaService.onHandleWork(MediaService.java:71)
05-29 02:16:01.280  1392  1920 E SQLiteDatabase: 	at androidx.core.app.JobIntentService$CommandProcessor.doInBackground(JobIntentService.java:391)
05-29 02:16:01.280  1392  1920 E SQLiteDatabase: 	at androidx.core.app.JobIntentService$CommandProcessor.doInBackground(JobIntentService.java:382)
05-29 02:16:01.280  1392  1920 E SQLiteDatabase: 	at android.os.AsyncTask$3.call(AsyncTask.java:394)
05-29 02:16:01.280  1392  1920 E SQLiteDatabase: 	at java.util.concurrent.FutureTask.run(FutureTask.java:266)
05-29 02:16:01.280  1392  1920 E SQLiteDatabase: 	at java.util.concurrent.ThreadPoolExecutor.runWorker(ThreadPoolExecutor.java:1167)
05-29 02:16:01.280  1392  1920 E SQLiteDatabase: 	at java.util.concurrent.ThreadPoolExecutor$Worker.run(ThreadPoolExecutor.java:641)
05-29 02:16:01.280  1392  1920 E SQLiteDatabase: 	at java.lang.Thread.run(Thread.java:923)
05-29 02:16:01.282  3455  3455 E libc    : Access denied finding property "persist.device_config.runtime_native_boot.profilebootclasspath"
05-29 02:16:01.282  3455  3455 E libc    : Access denied finding property "persist.device_config.runtime_native_boot.enable_apex_image"
05-29 02:16:01.282  3455  3455 I AndroidRuntime: Using default boot image
05-29 02:16:01.282  3455  3455 E libc    : Access denied finding property "persist.device_config.runtime_native_boot.disable_lock_profiling"
05-29 02:16:01.282  3455  3455 I AndroidRuntime: Leaving lock profiling enabled
05-29 02:16:01.282  3455  3455 E libc    : Access denied finding property "persist.device_config.runtime_native_boot.enable_generational_cc"
05-29 02:16:01.283  3455  3455 I app_process: Core platform API reporting enabled, enforcing=false
05-29 02:16:01.280  3455  3455 W app_process: type=1400 audit(0.0:62): avc: denied { read } for name="u:object_r:device_config_runtime_native_boot_prop:s0" dev="tmpfs" ino=8297 scontext=u:r:shell:s0 tcontext=u:object_r:device_config_runtime_native_boot_prop:s0 tclass=file permissive=0
05-29 02:16:01.335  3455  3455 W app_process: Unexpected CPU variant for X86 using defaults: x86_64
05-29 02:16:01.280  3455  3455 W app_process: type=1400 audit(0.0:64): avc: denied { read } for name="u:object_r:device_config_runtime_native_boot_prop:s0" dev="tmpfs" ino=8297 scontext=u:r:shell:s0 tcontext=u:object_r:device_config_runtime_native_boot_prop:s0 tclass=file permissive=0
05-29 02:16:01.336  3455  3455 I app_process: The ClassLoaderContext is a special shared library.
05-29 02:16:01.342  3455  3455 W app_process: JNI RegisterNativeMethods: attempt to register 0 native methods for android.media.AudioAttributes
05-29 02:16:01.280  3455  3455 W app_process: type=1400 audit(0.0:65): avc: denied { read } for name="u:object_r:device_config_runtime_native_boot_prop:s0" dev="tmpfs" ino=8297 scontext=u:r:shell:s0 tcontext=u:object_r:device_config_runtime_native_boot_prop:s0 tclass=file permissive=0
05-29 02:16:01.585  2085  2085 E AccessibilityInteractionClient: 2 Disconnected nodes.
05-29 02:16:02.585   506   654 E WifiHealthMonitor:  Hit PackageManager exception
05-29 02:16:02.585   506   654 E WifiHealthMonitor: android.content.pm.PackageManager$NameNotFoundException: com.google.android.wifi
05-29 02:16:02.585   506   654 E WifiHealthMonitor: 	at android.app.ApplicationPackageManager.getPackageInfoAsUser(ApplicationPackageManager.java:206)
05-29 02:16:02.585   506   654 E WifiHealthMonitor: 	at android.app.ApplicationPackageManager.getPackageInfo(ApplicationPackageManager.java:178)
05-29 02:16:02.585   506   654 E WifiHealthMonitor: 	at com.android.server.wifi.WifiHealthMonitor.extractCurrentSoftwareBuildInfo(WifiHealthMonitor.java:545)
05-29 02:16:02.585   506   654 E WifiHealthMonitor: 	at com.android.server.wifi.WifiHealthMonitor.postBootSwBuildCheck(WifiHealthMonitor.java:477)
05-29 02:16:02.585   506   654 E WifiHealthMonitor: 	at com.android.server.wifi.WifiHealthMonitor.postBootDetectionHandler(WifiHealthMonitor.java:468)
05-29 02:16:02.585   506   654 E WifiHealthMonitor: 	at com.android.server.wifi.WifiHealthMonitor.access$200(WifiHealthMonitor.java:70)
05-29 02:16:02.585   506   654 E WifiHealthMonitor: 	at com.android.server.wifi.WifiHealthMonitor$2.onAlarm(WifiHealthMonitor.java:163)
05-29 02:16:02.585   506   654 E WifiHealthMonitor: 	at android.app.AlarmManager$ListenerWrapper.run(AlarmManager.java:239)
05-29 02:16:02.585   506   654 E WifiHealthMonitor: 	at android.os.Handler.handleCallback(Handler.java:938)
05-29 02:16:02.585   506   654 E WifiHealthMonitor: 	at android.os.Handler.dispatchMessage(Handler.java:99)
05-29 02:16:02.585   506   654 E WifiHealthMonitor: 	at android.os.Looper.loop(Looper.java:223)
05-29 02:16:02.585   506   654 E WifiHealthMonitor: 	at android.os.HandlerThread.run(HandlerThread.java:67)
05-29 02:16:03.094   159   159 I hwservicemanager: getTransport: Cannot find entry android.hardware.graphics.mapper@4.0::IMapper/default in either framework or device manifest.
05-29 02:16:03.095  3485  3485 I Gralloc4: mapper 4.x is not supported
05-29 02:16:03.160   506  2067 I ActivityManager: Killing 2061:com.android.contacts/u0a98 (adj 985): empty #17
05-29 02:16:03.162   506  2067 I ActivityManager: Killing 2029:com.android.camera2/u0a109 (adj 985): empty #18
05-29 02:16:03.163   506  2067 I ActivityManager: Killing 1310:com.android.cellbroadcastreceiver/u0a65 (adj 995): empty #19
05-29 02:16:03.181   281   281 I Zygote  : Process 1310 exited due to signal 9 (Killed)
05-29 02:16:03.183   281   281 I Zygote  : Process 2061 exited due to signal 9 (Killed)
05-29 02:16:03.186   281   281 I Zygote  : Process 2029 exited due to signal 9 (Killed)
05-29 02:16:03.207   506   549 I libprocessgroup: Successfully killed process cgroup uid 10098 pid 2061 in 45ms
05-29 02:16:03.207   506   549 I libprocessgroup: Successfully killed process cgroup uid 10109 pid 2029 in 0ms
05-29 02:16:03.207   506   549 I libprocessgroup: Successfully killed process cgroup uid 10065 pid 1310 in 0ms
05-29 02:16:03.209  1392  2463 I MediaProvider: Deleted 1 items on external_primary due to com.android.shell
05-29 02:16:03.402   159   159 I hwservicemanager: getTransport: Cannot find entry android.hardware.graphics.mapper@4.0::IMapper/default in either framework or device manifest.
05-29 02:16:03.402  3524  3524 I Gralloc4: mapper 4.x is not supported
05-29 02:16:03.453  3528  3530 I cmd     : oneway function results will be dropped but finished with status OK and parcel size 4
05-29 02:16:03.482  1392  2463 I MediaProvider: Deleted 1 items on external_primary due to com.android.shell
05-29 02:16:03.519  3539  3541 I cmd     : oneway function results will be dropped but finished with status OK and parcel size 4
05-29 02:16:03.666   159   159 I hwservicemanager: getTransport: Cannot find entry android.hardware.graphics.mapper@4.0::IMapper/default in either framework or device manifest.
05-29 02:16:03.666  3561  3561 I Gralloc4: mapper 4.x is not supported
05-29 02:16:03.726  3565  3567 I cmd     : oneway function results will be dropped but finished with status OK and parcel size 4
05-29 02:16:03.754  1392  1550 I MediaProvider: Deleted 1 items on external_primary due to com.android.shell
05-29 02:16:03.785  3576  3578 I cmd     : oneway function results will be dropped but finished with status OK and parcel size 4
05-29 02:16:03.845  3591  3593 I cmd     : oneway function results will be dropped but finished with status OK and parcel size 4
05-29 02:16:03.919  3606  3608 I cmd     : oneway function results will be dropped but finished with status OK and parcel size 4
05-29 02:16:03.986  3621  3623 I cmd     : oneway function results will be dropped but finished with status OK and parcel size 4
05-29 02:16:04.098  3633  3633 E libc    : Access denied finding property "persist.device_config.runtime_native_boot.profilebootclasspath"
05-29 02:16:04.098  3633  3633 E libc    : Access denied finding property "persist.device_config.runtime_native_boot.enable_apex_image"
05-29 02:16:04.098  3633  3633 I AndroidRuntime: Using default boot image
05-29 02:16:04.098  3633  3633 E libc    : Access denied finding property "persist.device_config.runtime_native_boot.disable_lock_profiling"
05-29 02:16:04.098  3633  3633 I AndroidRuntime: Leaving lock profiling enabled
05-29 02:16:04.098  3633  3633 E libc    : Access denied finding property "persist.device_config.runtime_native_boot.enable_generational_cc"
05-29 02:16:04.100  3633  3633 I app_process: Core platform API reporting enabled, enforcing=false
05-29 02:16:04.096  3633  3633 W app_process: type=1400 audit(0.0:66): avc: denied { read } for name="u:object_r:device_config_runtime_native_boot_prop:s0" dev="tmpfs" ino=8297 scontext=u:r:shell:s0 tcontext=u:object_r:device_config_runtime_native_boot_prop:s0 tclass=file permissive=0
05-29 02:16:04.157  3633  3633 W app_process: Unexpected CPU variant for X86 using defaults: x86_64
05-29 02:16:04.159  3633  3633 I app_process: The ClassLoaderContext is a special shared library.
05-29 02:16:04.166  3633  3633 W app_process: JNI RegisterNativeMethods: attempt to register 0 native methods for android.media.AudioAttributes
05-29 02:16:04.405  2085  2085 E AccessibilityInteractionClient: 3 Disconnected nodes.
05-29 02:16:04.687  2636  2803 I System.out: 02:16:04.684 [DefaultDispatcher-worker-6] INFO io.ktor.client.HttpClient - REQUEST: https://pokeapi.co/api/v2/pokemon?limit=20&offset=0
05-29 02:16:04.687  2636  2803 I System.out: METHOD: HttpMethod(value=GET)
05-29 02:16:04.687  2636  2803 I System.out: COMMON HEADERS
05-29 02:16:04.687  2636  2803 I System.out: -> Accept: application/json
05-29 02:16:04.687  2636  2803 I System.out: -> Accept-Charset: UTF-8
05-29 02:16:04.687  2636  2803 I System.out: -> Content-Type: application/json
05-29 02:16:04.687  2636  2803 I System.out: CONTENT HEADERS
05-29 02:16:04.687  2636  2803 I System.out: -> Content-Length: 0
05-29 02:16:04.687  2636  2803 I System.out: BODY Content-Type: null
05-29 02:16:04.687  2636  2803 I System.out: BODY START
05-29 02:16:04.687  2636  2803 I System.out: 
05-29 02:16:04.687  2636  2803 I System.out: BODY END
05-29 02:16:04.834  2636  2806 I System.out: 02:16:04.830 [DefaultDispatcher-worker-7] INFO io.ktor.client.HttpClient - RESPONSE: 200 OK
05-29 02:16:04.834  2636  2806 I System.out: METHOD: HttpMethod(value=GET)
05-29 02:16:04.834  2636  2806 I System.out: FROM: https://pokeapi.co/api/v2/pokemon?limit=20&offset=0
05-29 02:16:04.834  2636  2806 I System.out: COMMON HEADERS
05-29 02:16:04.834  2636  2806 I System.out: -> access-control-allow-origin: *
05-29 02:16:04.834  2636  2806 I System.out: -> access-control-expose-headers: X-PokeAPI-Hash,X-PokeAPI-Deploy-Date
05-29 02:16:04.834  2636  2806 I System.out: -> age: 66175
05-29 02:16:04.834  2636  2806 I System.out: -> alt-svc: h3=":443"; ma=86400
05-29 02:16:04.834  2636  2806 I System.out: -> cache-control: public, max-age=86400, s-maxage=86400
05-29 02:16:04.834  2636  2806 I System.out: -> cf-cache-status: HIT
05-29 02:16:04.834  2636  2806 I System.out: -> cf-ray: a031febb1b2475a3-LAX
05-29 02:16:04.834  2636  2806 I System.out: -> connection: keep-alive
05-29 02:16:04.834  2636  2806 I System.out: -> content-type: application/json; charset=utf-8
05-29 02:16:04.834  2636  2806 I System.out: -> date: Fri, 29 May 2026 02:16:05 GMT
05-29 02:16:04.834  2636  2806 I System.out: -> etag: W/"588-iX6bV/yoloqGkIPBxJnQfrHsFIU"
05-29 02:16:04.834  2636  2806 I System.out: -> function-execution-id: 49e8b89prvdy
05-29 02:16:04.834  2636  2806 I System.out: -> nel: {"report_to":"cf-nel","success_fraction":0.0,"max_age":604800}
05-29 02:16:04.834  2636  2806 I System.out: -> report-to: {"group":"cf-nel","max_age":604800,"endpoints":[{"url":"https://a.nel.cloudflare.com/report/v4?s=1fo7xB8vSPYPzFqUv2LpE%2BwgY96l97F7%2Fs7L1WhOfH49k%2B3BdsskywD2mwNWpt3RHvQygud3lU8cRVQq9WdL8Cd3Qq149G544NlfZOc0u45p1eZCqpzbBs7xYCKr"}]}
05-29 02:16:04.834  2636  2806 I System.out: -> server: cloudflare
05-29 02:16:04.834  2636  2806 I System.out: -> strict-transport-security: max-age=31556926
05-29 02:16:04.834  2636  2806 I System.out: -> transfer-encoding: chunked
05-29 02:16:04.834  2636  2806 I System.out: -> vary: Accept-Encoding,cookie,need-authorization, x-fh-requested-host, accept-encoding
05-29 02:16:04.834  2636  2806 I System.out: -> x-android-received-millis: 1780020964807
05-29 02:16:04.834  2636  2806 I System.out: -> x-android-response-source: NETWORK 200
05-29 02:16:04.834  2636  2806 I System.out: -> x-android-selected-protocol: http/1.1
05-29 02:16:04.834  2636  2806 I System.out: -> x-android-sent-millis: 1780020964782
05-29 02:16:04.834  2636  2806 I System.out: -> x-cache: HIT
05-29 02:16:04.834  2636  2806 I System.out: -> x-cache-hits: 0
05-29 02:16:04.834  2636  2806 I System.out: -> x-cloud-trace-context: 4a39175d59133f277b6127eb43938307
05-29 02:16:04.834  2636  2806 I System.out: -> x-country-code: US
05-29 02:16:04.834  2636  2806 I System.out: -> x-orig-accept-language: en-US,en;q=0.9
05-29 02:16:04.834  2636  2806 I System.out: -> x-pokeapi-deploy-date: 1777952978
05-29 02:16:04.834  2636  2806 I System.out: -> x-pokeapi-hash: 6b77758c64144036a20e8bd384447b2f4da9af9c
05-29 02:16:04.834  2636  2806 I System.out: -> x-powered-by: Express
05-29 02:16:04.834  2636  2806 I System.out: -> x-served-by: cache-sjc10081-SJC
05-29 02:16:04.834  2636  2806 I System.out: -> x-timer: S1778182779.541804,VS0,VE1
05-29 02:16:04.834  2636  2806 I System.out: BODY Content-Type: application/json; charset=utf-8
05-29 02:16:04.834  2636  2806 I System.out: BODY START
05-29 02:16:04.834  2636  2806 I System.out: {"count":1350,"next":"https://pokeapi.co/api/v2/pokemon?offset=20&limit=20","previous":null,"results":[{"name":"bulbasaur","url":"https://pokeapi.co/api/v2/pokemon/1/"},{"name":"ivysaur","url":"https://pokeapi.co/api/v2/pokemon/2/"},{"name":"venusaur","url":"https://pokeapi.co/api/v2/pokemon/3/"},{"name":"charmander","url":"https://pokeapi.co/api/v2/pokemon/4/"},{"name":"charmeleon","url":"https://pokeapi.co/api/v2/pokemon/5/"},{"name":"charizard","url":"https://pokeapi.co/api/v2/pokemon/6/"},{"name":"squirtle","url":"https://pokeapi.co/api/v2/pokemon/7/"},{"name":"wartortle","url":"https://pokeapi.co/api/v2/pokemon/8/"},{"name":"blastoise","url":"https://pokeapi.co/api/v2/pokemon/9/"},{"name":"caterpie","url":"https://pokeapi.co/api/v2/pokemon/10/"},{"name":"metapod","url":"https://pokeapi.co/api/v2/pokemon/11/"},{"name":"butterfree","url":"https://pokeapi.co/api/v2/pokemon/12/"},{"name":"weedle","url":"https://pokeapi.co/api/v2/pokemon/13/"},{"name":"kakuna","url":"https://pokeapi.co/api/v2/pokemon/14/"},{"name":"beedrill","url":"https://pokeapi.co/api/v2/pokemon/15/"},{"name":"pidgey","url":"https://pokeapi.co/api/v2/pokemon/16/"},{"name":"pidgeotto","url":"https://pokeapi.co/api/v2/pokemon/17/"},{"name":"pidgeot","url":"https://pokeapi.co/api/v2/pokemon/18/"},{"name":"rattata","url":"https://pokeapi.co/api/v2/pokemon/19/"},{"name":"raticate","url":"https://pokeapi.co/api/v2/pokemon/20/"}]}
05-29 02:16:04.834  2636  2806 I System.out: BODY END
05-29 02:16:05.020  1392  1920 E SQLiteDatabase: Error inserting format=12289 owner_package_name=null parent=-1 volume_name=internal date_modified=1683213674 _display_name=media _data=/product/media is_download=0 relative_path=null
05-29 02:16:05.020  1392  1920 E SQLiteDatabase: android.database.sqlite.SQLiteDatabaseLockedException: database is locked (code 5 SQLITE_BUSY)
05-29 02:16:05.020  1392  1920 E SQLiteDatabase: 	at android.database.sqlite.SQLiteConnection.nativeExecuteForLastInsertedRowId(Native Method)
05-29 02:16:05.020  1392  1920 E SQLiteDatabase: 	at android.database.sqlite.SQLiteConnection.executeForLastInsertedRowId(SQLiteConnection.java:938)
05-29 02:16:05.020  1392  1920 E SQLiteDatabase: 	at android.database.sqlite.SQLiteSession.executeForLastInsertedRowId(SQLiteSession.java:790)
05-29 02:16:05.020  1392  1920 E SQLiteDatabase: 	at android.database.sqlite.SQLiteStatement.executeInsert(SQLiteStatement.java:88)
05-29 02:16:05.020  1392  1920 E SQLiteDatabase: 	at android.database.sqlite.SQLiteDatabase.insertWithOnConflict(SQLiteDatabase.java:1701)
05-29 02:16:05.020  1392  1920 E SQLiteDatabase: 	at android.database.sqlite.SQLiteDatabase.insert(SQLiteDatabase.java:1570)
05-29 02:16:05.020  1392  1920 E SQLiteDatabase: 	at com.android.providers.media.MediaProvider.insertDirectory(MediaProvider.java:2773)
05-29 02:16:05.020  1392  1920 E SQLiteDatabase: 	at com.android.providers.media.MediaProvider.getParent(MediaProvider.java:2794)
05-29 02:16:05.020  1392  1920 E SQLiteDatabase: 	at com.android.providers.media.MediaProvider.lambda$insertAllowingUpsert$14(MediaProvider.java:3060)
05-29 02:16:05.020  1392  1920 E SQLiteDatabase: 	at com.android.providers.media.MediaProvider.lambda$insertAllowingUpsert$14$MediaProvider(Unknown Source:0)
05-29 02:16:05.020  1392  1920 E SQLiteDatabase: 	at com.android.providers.media.-$$Lambda$MediaProvider$FjHWs2-fjgG761OzVFzdTX4EWZg.apply(Unknown Source:13)
05-29 02:16:05.020  1392  1920 E SQLiteDatabase: 	at com.android.providers.media.DatabaseHelper.runWithTransaction(DatabaseHelper.java:555)
05-29 02:16:05.020  1392  1920 E SQLiteDatabase: 	at com.android.providers.media.MediaProvider.insertAllowingUpsert(MediaProvider.java:3056)
05-29 02:16:05.020  1392  1920 E SQLiteDatabase: 	at com.android.providers.media.MediaProvider.insertFile(MediaProvider.java:3038)
05-29 02:16:05.020  1392  1920 E SQLiteDatabase: 	at com.android.providers.media.MediaProvider.insertInternal(MediaProvider.java:3470)
05-29 02:16:05.020  1392  1920 E SQLiteDatabase: 	at com.android.providers.media.MediaProvider.insert(MediaProvider.java:3198)
05-29 02:16:05.020  1392  1920 E SQLiteDatabase: 	at android.content.ContentProviderOperation.applyInternal(ContentProviderOperation.java:375)
05-29 02:16:05.020  1392  1920 E SQLiteDatabase: 	at android.content.ContentProviderOperation.apply(ContentProviderOperation.java:347)
05-29 02:16:05.020  1392  1920 E SQLiteDatabase: 	at android.content.ContentProvider.applyBatch(ContentProvider.java:2422)
05-29 02:16:05.020  1392  1920 E SQLiteDatabase: 	at com.android.providers.media.MediaProvider.applyBatch(MediaProvider.java:3522)
05-29 02:16:05.020  1392  1920 E SQLiteDatabase: 	at android.content.ContentProvider.applyBatch(ContentProvider.java:2413)
05-29 02:16:05.020  1392  1920 E SQLiteDatabase: 	at android.content.ContentResolver.applyBatch(ContentResolver.java:2186)
05-29 02:16:05.020  1392  1920 E SQLiteDatabase: 	at com.android.providers.media.scan.ModernMediaScanner$Scan.applyPending(ModernMediaScanner.java:699)
05-29 02:16:05.020  1392  1920 E SQLiteDatabase: 	at com.android.providers.media.scan.ModernMediaScanner$Scan.maybeApplyPending(ModernMediaScanner.java:689)
05-29 02:16:05.020  1392  1920 E SQLiteDatabase: 	at com.android.providers.media.scan.ModernMediaScanner$Scan.visitFile(ModernMediaScanner.java:649)
05-29 02:16:05.020  1392  1920 E SQLiteDatabase: 	at com.android.providers.media.scan.ModernMediaScanner$Scan.visitFile(ModernMediaScanner.java:272)
05-29 02:16:05.020  1392  1920 E SQLiteDatabase: 	at java.nio.file.Files.walkFileTree(Files.java:2670)
05-29 02:16:05.020  1392  1920 E SQLiteDatabase: 	at java.nio.file.Files.walkFileTree(Files.java:2742)
05-29 02:16:05.020  1392  1920 E SQLiteDatabase: 	at com.android.providers.media.scan.ModernMediaScanner$Scan.walkFileTree(ModernMediaScanner.java:366)
05-29 02:16:05.020  1392  1920 E SQLiteDatabase: 	at com.android.providers.media.scan.ModernMediaScanner$Scan.run(ModernMediaScanner.java:329)
05-29 02:16:05.020  1392  1920 E SQLiteDatabase: 	at com.android.providers.media.scan.ModernMediaScanner.scanDirectory(ModernMediaScanner.java:226)
05-29 02:16:05.020  1392  1920 E SQLiteDatabase: 	at com.android.providers.media.MediaProvider.scanDirectory(MediaProvider.java:1111)
05-29 02:16:05.020  1392  1920 E SQLiteDatabase: 	at com.android.providers.media.MediaService.onScanVolume(MediaService.java:148)
05-29 02:16:05.020  1392  1920 E SQLiteDatabase: 	at com.android.providers.media.MediaService.onScanVolume(MediaService.java:117)
05-29 02:16:05.020  1392  1920 E SQLiteDatabase: 	at com.android.providers.media.MediaService.onScanVolume(MediaService.java:108)
05-29 02:16:05.020  1392  1920 E SQLiteDatabase: 	at com.android.providers.media.MediaService.onHandleWork(MediaService.java:71)
05-29 02:16:05.020  1392  1920 E SQLiteDatabase: 	at androidx.core.app.JobIntentService$CommandProcessor.doInBackground(JobIntentService.java:391)
05-29 02:16:05.020  1392  1920 E SQLiteDatabase: 	at androidx.core.app.JobIntentService$CommandProcessor.doInBackground(JobIntentService.java:382)
05-29 02:16:05.020  1392  1920 E SQLiteDatabase: 	at android.os.AsyncTask$3.call(AsyncTask.java:394)
05-29 02:16:05.020  1392  1920 E SQLiteDatabase: 	at java.util.concurrent.FutureTask.run(FutureTask.java:266)
05-29 02:16:05.020  1392  1920 E SQLiteDatabase: 	at java.util.concurrent.ThreadPoolExecutor.runWorker(ThreadPoolExecutor.java:1167)
05-29 02:16:05.020  1392  1920 E SQLiteDatabase: 	at java.util.concurrent.ThreadPoolExecutor$Worker.run(ThreadPoolExecutor.java:641)
05-29 02:16:05.020  1392  1920 E SQLiteDatabase: 	at java.lang.Thread.run(Thread.java:923)
05-29 02:16:05.945   159   159 I hwservicemanager: getTransport: Cannot find entry android.hardware.graphics.mapper@4.0::IMapper/default in either framework or device manifest.
05-29 02:16:05.945  3680  3680 I Gralloc4: mapper 4.x is not supported
05-29 02:16:06.044  1392  1550 I MediaProvider: Deleted 1 items on external_primary due to com.android.shell
05-29 02:16:06.079  3695  3697 I cmd     : oneway function results will be dropped but finished with status OK and parcel size 4
05-29 02:16:06.231   159   159 I hwservicemanager: getTransport: Cannot find entry android.hardware.graphics.mapper@4.0::IMapper/default in either framework or device manifest.
05-29 02:16:06.231  3717  3717 I Gralloc4: mapper 4.x is not supported
05-29 02:16:06.339  1392  2463 I MediaProvider: Deleted 1 items on external_primary due to com.android.shell
05-29 02:16:06.372  3734  3736 I cmd     : oneway function results will be dropped but finished with status OK and parcel size 4
05-29 02:16:06.521   159   159 I hwservicemanager: getTransport: Cannot find entry android.hardware.graphics.mapper@4.0::IMapper/default in either framework or device manifest.
05-29 02:16:06.521  3756  3756 I Gralloc4: mapper 4.x is not supported
05-29 02:16:06.590  3760  3762 I cmd     : oneway function results will be dropped but finished with status OK and parcel size 4
05-29 02:16:06.619  1392  1551 I MediaProvider: Deleted 1 items on external_primary due to com.android.shell
05-29 02:16:06.652  3771  3773 I cmd     : oneway function results will be dropped but finished with status OK and parcel size 4
05-29 02:16:06.712  3786  3788 I cmd     : oneway function results will be dropped but finished with status OK and parcel size 4
05-29 02:16:06.773  3801  3803 I cmd     : oneway function results will be dropped but finished with status OK and parcel size 4
05-29 02:16:06.833  3816  3818 I cmd     : oneway function results will be dropped but finished with status OK and parcel size 4
05-29 02:16:06.925  3828  3828 E libc    : Access denied finding property "persist.device_config.runtime_native_boot.profilebootclasspath"
05-29 02:16:06.925  3828  3828 E libc    : Access denied finding property "persist.device_config.runtime_native_boot.enable_apex_image"
05-29 02:16:06.925  3828  3828 I AndroidRuntime: Using default boot image
05-29 02:16:06.925  3828  3828 E libc    : Access denied finding property "persist.device_config.runtime_native_boot.disable_lock_profiling"
05-29 02:16:06.925  3828  3828 I AndroidRuntime: Leaving lock profiling enabled
05-29 02:16:06.925  3828  3828 E libc    : Access denied finding property "persist.device_config.runtime_native_boot.enable_generational_cc"
05-29 02:16:06.926  3828  3828 I app_process: Core platform API reporting enabled, enforcing=false
05-29 02:16:06.924  3828  3828 W app_process: type=1400 audit(0.0:70): avc: denied { read } for name="u:object_r:device_config_runtime_native_boot_prop:s0" dev="tmpfs" ino=8297 scontext=u:r:shell:s0 tcontext=u:object_r:device_config_runtime_native_boot_prop:s0 tclass=file permissive=0
05-29 02:16:06.981  3828  3828 W app_process: Unexpected CPU variant for X86 using defaults: x86_64
05-29 02:16:06.982  3828  3828 I app_process: The ClassLoaderContext is a special shared library.
05-29 02:16:06.988  3828  3828 W app_process: JNI RegisterNativeMethods: attempt to register 0 native methods for android.media.AudioAttributes
05-29 02:16:06.924  3828  3828 W app_process: type=1400 audit(0.0:73): avc: denied { read } for name="u:object_r:device_config_runtime_native_boot_prop:s0" dev="tmpfs" ino=8297 scontext=u:r:shell:s0 tcontext=u:object_r:device_config_runtime_native_boot_prop:s0 tclass=file permissive=0
05-29 02:16:07.206  2636  2806 I System.out: 02:16:07.205 [DefaultDispatcher-worker-7] INFO io.ktor.client.HttpClient - REQUEST: https://pokeapi.co/api/v2/pokemon/bulbasaur
05-29 02:16:07.206  2636  2806 I System.out: METHOD: HttpMethod(value=GET)
05-29 02:16:07.206  2636  2806 I System.out: COMMON HEADERS
05-29 02:16:07.206  2636  2806 I System.out: -> Accept: application/json
05-29 02:16:07.206  2636  2806 I System.out: -> Accept-Charset: UTF-8
05-29 02:16:07.206  2636  2806 I System.out: -> Content-Type: application/json
05-29 02:16:07.206  2636  2806 I System.out: CONTENT HEADERS
05-29 02:16:07.206  2636  2806 I System.out: -> Content-Length: 0
05-29 02:16:07.206  2636  2806 I System.out: BODY Content-Type: null
05-29 02:16:07.206  2636  2806 I System.out: BODY START
05-29 02:16:07.206  2636  2806 I System.out: 
05-29 02:16:07.206  2636  2806 I System.out: BODY END
05-29 02:16:07.438  2636  2822 I System.out: 02:16:07.356 [DefaultDispatcher-worker-12] INFO io.ktor.client.HttpClient - RESPONSE: 200 OK
05-29 02:16:07.438  2636  2822 I System.out: METHOD: HttpMethod(value=GET)
05-29 02:16:07.438  2636  2822 I System.out: FROM: https://pokeapi.co/api/v2/pokemon/bulbasaur
05-29 02:16:07.438  2636  2822 I System.out: COMMON HEADERS
05-29 02:16:07.438  2636  2822 I System.out: -> access-control-allow-origin: *
05-29 02:16:07.438  2636  2822 I System.out: -> access-control-expose-headers: X-PokeAPI-Hash,X-PokeAPI-Deploy-Date
05-29 02:16:07.438  2636  2822 I System.out: -> age: 62313
05-29 02:16:07.438  2636  2822 I System.out: -> alt-svc: h3=":443"; ma=86400
05-29 02:16:07.438  2636  2822 I System.out: -> cache-control: public, max-age=86400, s-maxage=86400
05-29 02:16:07.438  2636  2822 I System.out: -> cf-cache-status: HIT
05-29 02:16:07.438  2636  2822 I System.out: -> cf-ray: a031feca4e4f75a3-LAX
05-29 02:16:07.438  2636  2822 I System.out: -> connection: keep-alive
05-29 02:16:07.438  2636  2822 I System.out: -> content-type: application/json; charset=utf-8
05-29 02:16:07.438  2636  2822 I System.out: -> date: Fri, 29 May 2026 02:16:08 GMT
05-29 02:16:07.438  2636  2822 I System.out: -> etag: W/"41ad6-DjKZLuJ1Lydzi6DxM+a0Oor5Ru0"
05-29 02:16:07.438  2636  2822 I System.out: -> function-execution-id: m6tm7atnyfcd
05-29 02:16:07.438  2636  2822 I System.out: -> nel: {"report_to":"cf-nel","success_fraction":0.0,"max_age":604800}
05-29 02:16:07.438  2636  2822 I System.out: -> report-to: {"group":"cf-nel","max_age":604800,"endpoints":[{"url":"https://a.nel.cloudflare.com/report/v4?s=9v6fCygGW0BEdlx9SUgf7KT5gWhfUxofkxx0rGAJsikRs1ebIHFr4bylrHFLdctWXLvmgbejrPjfwrIFb3qBwBWPGyhAl9JuCFyb9AU949x1IIPTyne3uKHjxVpJ"}]}
05-29 02:16:07.438  2636  2822 I System.out: -> server: cloudflare
05-29 02:16:07.438  2636  2822 I System.out: -> strict-transport-security: max-age=31556926
05-29 02:16:07.438  2636  2822 I System.out: -> transfer-encoding: chunked
05-29 02:16:07.438  2636  2822 I System.out: -> vary: Accept-Encoding,cookie,need-authorization, x-fh-requested-host, accept-encoding
05-29 02:16:07.438  2636  2822 I System.out: -> x-android-received-millis: 1780020967241
05-29 02:16:07.438  2636  2822 I System.out: -> x-android-response-source: NETWORK 200
05-29 02:16:07.438  2636  2822 I System.out: -> x-android-selected-protocol: http/1.1
05-29 02:16:07.438  2636  2822 I System.out: -> x-android-sent-millis: 1780020967208
05-29 02:16:07.438  2636  2822 I System.out: -> x-cache: HIT
05-29 02:16:07.438  2636  2822 I System.out: -> x-cache-hits: 0
05-29 02:16:07.438  2636  2822 I System.out: -> x-cloud-trace-context: c1fdf054490e4650c30750a5c163fa0e
05-29 02:16:07.438  2636  2822 I System.out: -> x-country-code: US
05-29 02:16:07.438  2636  2822 I System.out: -> x-orig-accept-language: en-US
05-29 02:16:07.438  2636  2822 I System.out: -> x-pokeapi-deploy-date: 1777467995
05-29 02:16:07.438  2636  2822 I System.out: -> x-pokeapi-hash: 6465e037c889ae5e3ebe23334ca76e03cd26bba1
05-29 02:16:07.438  2636  2822 I System.out: -> x-powered-by: Express
05-29 02:16:07.438  2636  2822 I System.out: -> x-served-by: cache-bfi-krnt7300060-BFI
05-29 02:16:07.438  2636  2822 I System.out: -> x-timer: S1777709167.134290,VS0,VE348
05-29 02:16:07.438  2636  2822 I System.out: BODY Content-Type: application/json; charset=utf-8
05-29 02:16:07.438  2636  2822 I System.out: BODY START
05-29 02:16:07.442  2636  2822 I System.out: {"abilities":[{"ability":{"name":"overgrow","url":"https://pokeapi.co/api/v2/ability/65/"},"is_hidden":false,"slot":1},{"ability":{"name":"chlorophyll","url":"https://pokeapi.co/api/v2/ability/34/"},"is_hidden":true,"slot":3}],"base_experience":64,"cries":{"latest":"https://raw.githubusercontent.com/PokeAPI/cries/main/cries/pokemon/latest/1.ogg","legacy":"https://raw.githubusercontent.com/PokeAPI/cries/main/cries/pokemon/legacy/1.ogg"},"forms":[{"name":"bulbasaur","url":"https://pokeapi.co/api/v2/pokemon-form/1/"}],"game_indices":[{"game_index":153,"version":{"name":"red","url":"https://pokeapi.co/api/v2/version/1/"}},{"game_index":153,"version":{"name":"blue","url":"https://pokeapi.co/api/v2/version/2/"}},{"game_index":153,"version":{"name":"yellow","url":"https://pokeapi.co/api/v2/version/3/"}},{"game_index":1,"version":{"name":"gold","url":"https://pokeapi.co/api/v2/version/4/"}},{"game_index":1,"version":{"name":"silver","url":"https://pokeapi.co/api/v2/version/5/"}},{"game_index":1,"version":{"name":"crystal","url":"https://pokeapi.co/api/v2/version/6/"}},{"game_index":1,"version":{"name":"ruby","url":"https://pokeapi.co/api/v2/version/7/"}},{"game_index":1,"version":{"name":"sapphire","url":"https://pokeapi.co/api/v2/version/8/"}},{"game_index":1,"version":{"name":"emerald","url":"https://pokeapi.co/api/v2/version/9/"}},{"game_index":1,"version":{"name":"firered","url":"https://pokeapi.co/api/v2/version/10/"}},{"game_index":1,"version":{"name":"leafgreen","url":"https://pokeapi.co/api/v2/version/11/"}},{"game_index":1,"version":{"name":"diamond","url":"https://pokeapi.co/api/v2/version/12/"}},{"game_index":1,"version":{"name":"pearl","url":"https://pokeapi.co/api/v2/version/13/"}},{"game_index":1,"version":{"name":"platinum","url":"https://pokeapi.co/api/v2/version/14/"}},{"game_index":1,"version":{"name":"heartgold","url":"https://pokeapi.co/api/v2/version/15/"}},{"game_index":1,"version":{"name":"soulsilver","url":"https://pokeapi.co/api/v2/version/16/"}},{"game_index":1,"version":{"name":"black","url":"https://pokeapi.co/api/v2/version/17/"}},{"game_index":1,"version":{"name":"white","url":"https://pokeapi.co/api/v2/version/18/"}},{"game_index":1,"version":{"name":"black-2","url":"https://pokeapi.co/api/v2/version/21/"}},{"game_index":1,"version":{"name":"white-2","url":"https://pokeapi.co/api/v2/version/22/"}}],"height":7,"held_items":[],"id":1,"is_default":true,"location_area_encounters":"https://pokeapi.co/api/v2/pokemon/1/encounters","moves":[{"move":{"name":"razor-wind","url":"https://pokeapi.co/api/v2/move/13/"},"version_group_details":[{"level_learned_at":0,"move_learn_method":{"name":"egg","url":"https://pokeapi.co/api/v2/move-learn-method/2/"},"order":null,"version_group":{"name":"gold-silver","url":"https://pokeapi.co/api/v2/version-group/3/"}},{"level_learned_at":0,"move_learn_method":{"name":"egg","url":"https://pokeapi.co/api/v2/move-learn-method/2/"},"order":null,"version_group":{"name":"crystal","url":"https://pokeapi.co/api/v2/version-group/4/"}}]},{"move":{"name":"swords-dance","url":"https://pokeapi.co/api/v2/move/14/"},"version_group_details":[{"level_learned_at":0,"move_learn_method":{"name":"machine","url":"https://pokeapi.co/api/v2/move-learn-method/4/"},"order":null,"version_group":{"name":"red-blue","url":"https://pokeapi.co/api/v2/version-group/1/"}},{"level_learned_at":0,"move_learn_method":{"name":"machine","url":"https://pokeapi.co/api/v2/move-learn-method/4/"},"order":null,"version_group":{"name":"yellow","url":"https://pokeapi.co/api/v2/version-group/2/"}},{"level_learned_at":0,"move_learn_method":{"name":"tutor","url":"https://pokeapi.co/api/v2/move-learn-method/3/"},"order":null,"version_group":{"name":"emerald","url":"https://pokeapi.co/api/v2/version-group/6/"}},{"level_learned_at":0,"move_learn_method":{"name":"tutor","url":"https://pokeapi.co/api/v2/move-learn-method/3/"},"order":null,"version_group":{"name":"firered-leafgreen","url":"https://pokeapi.co/api/v2/version-group/7/"}},{"level_learned_at":0,"move_learn_method":{"name":"machin
05-29 02:16:07.442  2636  2822 I System.out: BODY END
05-29 02:16:08.814   159   159 I hwservicemanager: getTransport: Cannot find entry android.hardware.graphics.mapper@4.0::IMapper/default in either framework or device manifest.
05-29 02:16:08.814  3865  3865 I Gralloc4: mapper 4.x is not supported
05-29 02:16:08.880  3869  3871 I cmd     : oneway function results will be dropped but finished with status OK and parcel size 4
05-29 02:16:08.908  1392  1551 I MediaProvider: Deleted 1 items on external_primary due to com.android.shell
05-29 02:16:08.940  3880  3882 I cmd     : oneway function results will be dropped but finished with status OK and parcel size 4
05-29 02:16:09.096   159   159 I hwservicemanager: getTransport: Cannot find entry android.hardware.graphics.mapper@4.0::IMapper/default in either framework or device manifest.
05-29 02:16:09.096  3902  3902 I Gralloc4: mapper 4.x is not supported
05-29 02:16:09.179  1392  2463 I MediaProvider: Deleted 1 items on external_primary due to com.android.shell
05-29 02:16:09.211  3917  3919 I cmd     : oneway function results will be dropped but finished with status OK and parcel size 4
05-29 02:16:09.357   159   159 I hwservicemanager: getTransport: Cannot find entry android.hardware.graphics.mapper@4.0::IMapper/default in either framework or device manifest.
05-29 02:16:09.357  3939  3939 I Gralloc4: mapper 4.x is not supported
05-29 02:16:09.416  3943  3945 I cmd     : oneway function results will be dropped but finished with status OK and parcel size 4
05-29 02:16:09.443  1392  1550 I MediaProvider: Deleted 1 items on external_primary due to com.android.shell
05-29 02:16:09.546  3971  3973 I cmd     : oneway function results will be dropped but finished with status OK and parcel size 4
05-29 02:16:09.758  4013  4013 E libc    : Access denied finding property "persist.device_config.runtime_native_boot.profilebootclasspath"
05-29 02:16:09.758  4013  4013 E libc    : Access denied finding property "persist.device_config.runtime_native_boot.enable_apex_image"
05-29 02:16:09.758  4013  4013 I AndroidRuntime: Using default boot image
05-29 02:16:09.758  4013  4013 E libc    : Access denied finding property "persist.device_config.runtime_native_boot.disable_lock_profiling"
05-29 02:16:09.758  4013  4013 I AndroidRuntime: Leaving lock profiling enabled
05-29 02:16:09.758  4013  4013 E libc    : Access denied finding property "persist.device_config.runtime_native_boot.enable_generational_cc"
05-29 02:16:09.759  4013  4013 I app_process: Core platform API reporting enabled, enforcing=false
05-29 02:16:09.756  4013  4013 W app_process: type=1400 audit(0.0:74): avc: denied { read } for name="u:object_r:device_config_runtime_native_boot_prop:s0" dev="tmpfs" ino=8297 scontext=u:r:shell:s0 tcontext=u:object_r:device_config_runtime_native_boot_prop:s0 tclass=file permissive=0
05-29 02:16:09.810  4013  4013 W app_process: Unexpected CPU variant for X86 using defaults: x86_64
05-29 02:16:09.811  4013  4013 I app_process: The ClassLoaderContext is a special shared library.
05-29 02:16:09.817  4013  4013 W app_process: JNI RegisterNativeMethods: attempt to register 0 native methods for android.media.AudioAttributes
05-29 02:16:09.756  4013  4013 W app_process: type=1400 audit(0.0:76): avc: denied { read } for name="u:object_r:device_config_runtime_native_boot_prop:s0" dev="tmpfs" ino=8297 scontext=u:r:shell:s0 tcontext=u:object_r:device_config_runtime_native_boot_prop:s0 tclass=file permissive=0
