05-29 02:16:26.431  1392  1920 E SQLiteDatabase: 	at android.database.sqlite.SQLiteDatabase.insertWithOnConflict(SQLiteDatabase.java:1701)
05-29 02:16:26.431  1392  1920 E SQLiteDatabase: 	at android.database.sqlite.SQLiteDatabase.insert(SQLiteDatabase.java:1570)
05-29 02:16:26.431  1392  1920 E SQLiteDatabase: 	at com.android.providers.media.MediaProvider.insertDirectory(MediaProvider.java:2773)
05-29 02:16:26.431  1392  1920 E SQLiteDatabase: 	at com.android.providers.media.MediaProvider.getParent(MediaProvider.java:2794)
05-29 02:16:26.431  1392  1920 E SQLiteDatabase: 	at com.android.providers.media.MediaProvider.insertDirectory(MediaProvider.java:2763)
05-29 02:16:26.431  1392  1920 E SQLiteDatabase: 	at com.android.providers.media.MediaProvider.getParent(MediaProvider.java:2794)
05-29 02:16:26.431  1392  1920 E SQLiteDatabase: 	at com.android.providers.media.MediaProvider.insertDirectory(MediaProvider.java:2763)
05-29 02:16:26.431  1392  1920 E SQLiteDatabase: 	at com.android.providers.media.MediaProvider.getParent(MediaProvider.java:2794)
05-29 02:16:26.431  1392  1920 E SQLiteDatabase: 	at com.android.providers.media.MediaProvider.insertDirectory(MediaProvider.java:2763)
05-29 02:16:26.431  1392  1920 E SQLiteDatabase: 	at com.android.providers.media.MediaProvider.getParent(MediaProvider.java:2794)
05-29 02:16:26.431  1392  1920 E SQLiteDatabase: 	at com.android.providers.media.MediaProvider.lambda$insertAllowingUpsert$14(MediaProvider.java:3060)
05-29 02:16:26.431  1392  1920 E SQLiteDatabase: 	at com.android.providers.media.MediaProvider.lambda$insertAllowingUpsert$14$MediaProvider(Unknown Source:0)
05-29 02:16:26.431  1392  1920 E SQLiteDatabase: 	at com.android.providers.media.-$$Lambda$MediaProvider$FjHWs2-fjgG761OzVFzdTX4EWZg.apply(Unknown Source:13)
05-29 02:16:26.431  1392  1920 E SQLiteDatabase: 	at com.android.providers.media.DatabaseHelper.runWithTransaction(DatabaseHelper.java:555)
05-29 02:16:26.431  1392  1920 E SQLiteDatabase: 	at com.android.providers.media.MediaProvider.insertAllowingUpsert(MediaProvider.java:3056)
05-29 02:16:26.431  1392  1920 E SQLiteDatabase: 	at com.android.providers.media.MediaProvider.insertFile(MediaProvider.java:3038)
05-29 02:16:26.431  1392  1920 E SQLiteDatabase: 	at com.android.providers.media.MediaProvider.insertInternal(MediaProvider.java:3470)
05-29 02:16:26.431  1392  1920 E SQLiteDatabase: 	at com.android.providers.media.MediaProvider.insert(MediaProvider.java:3198)
05-29 02:16:26.431  1392  1920 E SQLiteDatabase: 	at android.content.ContentProviderOperation.applyInternal(ContentProviderOperation.java:375)
05-29 02:16:26.431  1392  1920 E SQLiteDatabase: 	at android.content.ContentProviderOperation.apply(ContentProviderOperation.java:347)
05-29 02:16:26.431  1392  1920 E SQLiteDatabase: 	at android.content.ContentProvider.applyBatch(ContentProvider.java:2422)
05-29 02:16:26.431  1392  1920 E SQLiteDatabase: 	at com.android.providers.media.MediaProvider.applyBatch(MediaProvider.java:3522)
05-29 02:16:26.431  1392  1920 E SQLiteDatabase: 	at android.content.ContentProvider.applyBatch(ContentProvider.java:2413)
05-29 02:16:26.431  1392  1920 E SQLiteDatabase: 	at android.content.ContentResolver.applyBatch(ContentResolver.java:2186)
05-29 02:16:26.431  1392  1920 E SQLiteDatabase: 	at com.android.providers.media.scan.ModernMediaScanner$Scan.applyPending(ModernMediaScanner.java:699)
05-29 02:16:26.431  1392  1920 E SQLiteDatabase: 	at com.android.providers.media.scan.ModernMediaScanner$Scan.maybeApplyPending(ModernMediaScanner.java:689)
05-29 02:16:26.431  1392  1920 E SQLiteDatabase: 	at com.android.providers.media.scan.ModernMediaScanner$Scan.visitFile(ModernMediaScanner.java:649)
05-29 02:16:26.431  1392  1920 E SQLiteDatabase: 	at com.android.providers.media.scan.ModernMediaScanner$Scan.visitFile(ModernMediaScanner.java:272)
05-29 02:16:26.431  1392  1920 E SQLiteDatabase: 	at java.nio.file.Files.walkFileTree(Files.java:2670)
05-29 02:16:26.431  1392  1920 E SQLiteDatabase: 	at java.nio.file.Files.walkFileTree(Files.java:2742)
05-29 02:16:26.431  1392  1920 E SQLiteDatabase: 	at com.android.providers.media.scan.ModernMediaScanner$Scan.walkFileTree(ModernMediaScanner.java:366)
05-29 02:16:26.431  1392  1920 E SQLiteDatabase: 	at com.android.providers.media.scan.ModernMediaScanner$Scan.run(ModernMediaScanner.java:329)
05-29 02:16:26.431  1392  1920 E SQLiteDatabase: 	at com.android.providers.media.scan.ModernMediaScanner.scanDirectory(ModernMediaScanner.java:226)
05-29 02:16:26.431  1392  1920 E SQLiteDatabase: 	at com.android.providers.media.MediaProvider.scanDirectory(MediaProvider.java:1111)
05-29 02:16:26.431  1392  1920 E SQLiteDatabase: 	at com.android.providers.media.MediaService.onScanVolume(MediaService.java:148)
05-29 02:16:26.431  1392  1920 E SQLiteDatabase: 	at com.android.providers.media.MediaService.onScanVolume(MediaService.java:117)
05-29 02:16:26.431  1392  1920 E SQLiteDatabase: 	at com.android.providers.media.MediaService.onScanVolume(MediaService.java:108)
05-29 02:16:26.431  1392  1920 E SQLiteDatabase: 	at com.android.providers.media.MediaService.onHandleWork(MediaService.java:71)
05-29 02:16:26.431  1392  1920 E SQLiteDatabase: 	at androidx.core.app.JobIntentService$CommandProcessor.doInBackground(JobIntentService.java:391)
05-29 02:16:26.431  1392  1920 E SQLiteDatabase: 	at androidx.core.app.JobIntentService$CommandProcessor.doInBackground(JobIntentService.java:382)
05-29 02:16:26.431  1392  1920 E SQLiteDatabase: 	at android.os.AsyncTask$3.call(AsyncTask.java:394)
05-29 02:16:26.431  1392  1920 E SQLiteDatabase: 	at java.util.concurrent.FutureTask.run(FutureTask.java:266)
05-29 02:16:26.431  1392  1920 E SQLiteDatabase: 	at java.util.concurrent.ThreadPoolExecutor.runWorker(ThreadPoolExecutor.java:1167)
05-29 02:16:26.431  1392  1920 E SQLiteDatabase: 	at java.util.concurrent.ThreadPoolExecutor$Worker.run(ThreadPoolExecutor.java:641)
05-29 02:16:26.431  1392  1920 E SQLiteDatabase: 	at java.lang.Thread.run(Thread.java:923)
05-29 02:16:26.457  5057  5059 I cmd     : oneway function results will be dropped but finished with status OK and parcel size 4
05-29 02:16:26.518  5072  5074 I cmd     : oneway function results will be dropped but finished with status OK and parcel size 4
05-29 02:16:26.581  5087  5089 I cmd     : oneway function results will be dropped but finished with status OK and parcel size 4
05-29 02:16:26.678  5099  5099 E libc    : Access denied finding property "persist.device_config.runtime_native_boot.profilebootclasspath"
05-29 02:16:26.678  5099  5099 E libc    : Access denied finding property "persist.device_config.runtime_native_boot.enable_apex_image"
05-29 02:16:26.678  5099  5099 I AndroidRuntime: Using default boot image
05-29 02:16:26.678  5099  5099 E libc    : Access denied finding property "persist.device_config.runtime_native_boot.disable_lock_profiling"
05-29 02:16:26.678  5099  5099 I AndroidRuntime: Leaving lock profiling enabled
05-29 02:16:26.678  5099  5099 E libc    : Access denied finding property "persist.device_config.runtime_native_boot.enable_generational_cc"
05-29 02:16:26.679  5099  5099 I app_process: Core platform API reporting enabled, enforcing=false
05-29 02:16:26.676  5099  5099 W app_process: type=1400 audit(0.0:98): avc: denied { read } for name="u:object_r:device_config_runtime_native_boot_prop:s0" dev="tmpfs" ino=8297 scontext=u:r:shell:s0 tcontext=u:object_r:device_config_runtime_native_boot_prop:s0 tclass=file permissive=0
05-29 02:16:26.736  5099  5099 W app_process: Unexpected CPU variant for X86 using defaults: x86_64
05-29 02:16:26.736  5099  5099 I app_process: The ClassLoaderContext is a special shared library.
05-29 02:16:26.743  5099  5099 W app_process: JNI RegisterNativeMethods: attempt to register 0 native methods for android.media.AudioAttributes
05-29 02:16:26.676  5099  5099 W app_process: type=1400 audit(0.0:101): avc: denied { read } for name="u:object_r:device_config_runtime_native_boot_prop:s0" dev="tmpfs" ino=8297 scontext=u:r:shell:s0 tcontext=u:object_r:device_config_runtime_native_boot_prop:s0 tclass=file permissive=0
05-29 02:16:27.501     0     0 W healthd : battery l=100 v=5000 t=25.0 h=2 st=2 c=900000 fc=300000 cc=10 chg=a
05-29 02:16:28.496   159   159 I hwservicemanager: getTransport: Cannot find entry android.hardware.graphics.mapper@4.0::IMapper/default in either framework or device manifest.
05-29 02:16:28.496  5131  5131 I Gralloc4: mapper 4.x is not supported
05-29 02:16:28.550  5135  5137 I cmd     : oneway function results will be dropped but finished with status OK and parcel size 4
05-29 02:16:28.579  1392  1550 I MediaProvider: Deleted 1 items on external_primary due to com.android.shell
05-29 02:16:28.610  5146  5148 I cmd     : oneway function results will be dropped but finished with status OK and parcel size 4
05-29 02:16:28.765   159   159 I hwservicemanager: getTransport: Cannot find entry android.hardware.graphics.mapper@4.0::IMapper/default in either framework or device manifest.
05-29 02:16:28.765  5168  5168 I Gralloc4: mapper 4.x is not supported
05-29 02:16:28.769   476   476 E wifi_forwarder: qemu_pipe_open_ns:62: Could not connect to the 'pipe:qemud:wififorward' service: Invalid argument
05-29 02:16:28.769   476   476 E wifi_forwarder: RemoteConnection failed to initialize: RemoteConnection failed to open pipe
05-29 02:16:28.795   468   468 E netmgr  : qemu_pipe_open_ns:62: Could not connect to the 'pipe:qemud:network' service: Invalid argument
05-29 02:16:28.795   468   468 E netmgr  : Failed to open QEMU pipe 'qemud:network': Invalid argument
05-29 02:16:28.852  1392  2463 I MediaProvider: Deleted 1 items on external_primary due to com.android.shell
05-29 02:16:28.885  5183  5185 I cmd     : oneway function results will be dropped but finished with status OK and parcel size 4
05-29 02:16:29.031   159   159 I hwservicemanager: getTransport: Cannot find entry android.hardware.graphics.mapper@4.0::IMapper/default in either framework or device manifest.
05-29 02:16:29.031  5205  5205 I Gralloc4: mapper 4.x is not supported
05-29 02:16:29.075  5209  5211 I cmd     : oneway function results will be dropped but finished with status OK and parcel size 4
05-29 02:16:29.102  1392  1551 I MediaProvider: Deleted 1 items on external_primary due to com.android.shell
05-29 02:16:29.133  5220  5222 I cmd     : oneway function results will be dropped but finished with status OK and parcel size 4
05-29 02:16:29.205  5237  5238 I cmd     : oneway function results will be dropped but finished with status OK and parcel size 4
05-29 02:16:29.267  5253  5255 I cmd     : oneway function results will be dropped but finished with status OK and parcel size 4
05-29 02:16:29.329  5268  5270 I cmd     : oneway function results will be dropped but finished with status OK and parcel size 4
05-29 02:16:29.422  5280  5280 E libc    : Access denied finding property "persist.device_config.runtime_native_boot.profilebootclasspath"
05-29 02:16:29.422  5280  5280 E libc    : Access denied finding property "persist.device_config.runtime_native_boot.enable_apex_image"
05-29 02:16:29.422  5280  5280 I AndroidRuntime: Using default boot image
05-29 02:16:29.422  5280  5280 E libc    : Access denied finding property "persist.device_config.runtime_native_boot.disable_lock_profiling"
05-29 02:16:29.422  5280  5280 I AndroidRuntime: Leaving lock profiling enabled
05-29 02:16:29.422  5280  5280 E libc    : Access denied finding property "persist.device_config.runtime_native_boot.enable_generational_cc"
05-29 02:16:29.424  5280  5280 I app_process: Core platform API reporting enabled, enforcing=false
05-29 02:16:29.420  5280  5280 W app_process: type=1400 audit(0.0:102): avc: denied { read } for name="u:object_r:device_config_runtime_native_boot_prop:s0" dev="tmpfs" ino=8297 scontext=u:r:shell:s0 tcontext=u:object_r:device_config_runtime_native_boot_prop:s0 tclass=file permissive=0
05-29 02:16:29.479  5280  5280 W app_process: Unexpected CPU variant for X86 using defaults: x86_64
05-29 02:16:29.480  5280  5280 I app_process: The ClassLoaderContext is a special shared library.
05-29 02:16:29.420  5280  5280 W app_process: type=1400 audit(0.0:105): avc: denied { read } for name="u:object_r:device_config_runtime_native_boot_prop:s0" dev="tmpfs" ino=8297 scontext=u:r:shell:s0 tcontext=u:object_r:device_config_runtime_native_boot_prop:s0 tclass=file permissive=0
05-29 02:16:29.487  5280  5280 W app_process: JNI RegisterNativeMethods: attempt to register 0 native methods for android.media.AudioAttributes
05-29 02:16:29.952  1392  1920 E SQLiteDatabase: Error inserting format=12289 owner_package_name=null parent=-1 volume_name=internal date_modified=1683213674 _display_name=media _data=/product/media is_download=0 relative_path=null
05-29 02:16:29.952  1392  1920 E SQLiteDatabase: android.database.sqlite.SQLiteDatabaseLockedException: database is locked (code 5 SQLITE_BUSY)
05-29 02:16:29.952  1392  1920 E SQLiteDatabase: 	at android.database.sqlite.SQLiteConnection.nativeExecuteForLastInsertedRowId(Native Method)
05-29 02:16:29.952  1392  1920 E SQLiteDatabase: 	at android.database.sqlite.SQLiteConnection.executeForLastInsertedRowId(SQLiteConnection.java:938)
05-29 02:16:29.952  1392  1920 E SQLiteDatabase: 	at android.database.sqlite.SQLiteSession.executeForLastInsertedRowId(SQLiteSession.java:790)
05-29 02:16:29.952  1392  1920 E SQLiteDatabase: 	at android.database.sqlite.SQLiteStatement.executeInsert(SQLiteStatement.java:88)
05-29 02:16:29.952  1392  1920 E SQLiteDatabase: 	at android.database.sqlite.SQLiteDatabase.insertWithOnConflict(SQLiteDatabase.java:1701)
05-29 02:16:29.952  1392  1920 E SQLiteDatabase: 	at android.database.sqlite.SQLiteDatabase.insert(SQLiteDatabase.java:1570)
05-29 02:16:29.952  1392  1920 E SQLiteDatabase: 	at com.android.providers.media.MediaProvider.insertDirectory(MediaProvider.java:2773)
05-29 02:16:29.952  1392  1920 E SQLiteDatabase: 	at com.android.providers.media.MediaProvider.getParent(MediaProvider.java:2794)
05-29 02:16:29.952  1392  1920 E SQLiteDatabase: 	at com.android.providers.media.MediaProvider.insertDirectory(MediaProvider.java:2763)
05-29 02:16:29.952  1392  1920 E SQLiteDatabase: 	at com.android.providers.media.MediaProvider.getParent(MediaProvider.java:2794)
05-29 02:16:29.952  1392  1920 E SQLiteDatabase: 	at com.android.providers.media.MediaProvider.insertDirectory(MediaProvider.java:2763)
05-29 02:16:29.952  1392  1920 E SQLiteDatabase: 	at com.android.providers.media.MediaProvider.getParent(MediaProvider.java:2794)
05-29 02:16:29.952  1392  1920 E SQLiteDatabase: 	at com.android.providers.media.MediaProvider.lambda$insertAllowingUpsert$14(MediaProvider.java:3060)
05-29 02:16:29.952  1392  1920 E SQLiteDatabase: 	at com.android.providers.media.MediaProvider.lambda$insertAllowingUpsert$14$MediaProvider(Unknown Source:0)
05-29 02:16:29.952  1392  1920 E SQLiteDatabase: 	at com.android.providers.media.-$$Lambda$MediaProvider$FjHWs2-fjgG761OzVFzdTX4EWZg.apply(Unknown Source:13)
05-29 02:16:29.952  1392  1920 E SQLiteDatabase: 	at com.android.providers.media.DatabaseHelper.runWithTransaction(DatabaseHelper.java:555)
05-29 02:16:29.952  1392  1920 E SQLiteDatabase: 	at com.android.providers.media.MediaProvider.insertAllowingUpsert(MediaProvider.java:3056)
05-29 02:16:29.952  1392  1920 E SQLiteDatabase: 	at com.android.providers.media.MediaProvider.insertFile(MediaProvider.java:3038)
05-29 02:16:29.952  1392  1920 E SQLiteDatabase: 	at com.android.providers.media.MediaProvider.insertInternal(MediaProvider.java:3470)
05-29 02:16:29.952  1392  1920 E SQLiteDatabase: 	at com.android.providers.media.MediaProvider.insert(MediaProvider.java:3198)
05-29 02:16:29.952  1392  1920 E SQLiteDatabase: 	at android.content.ContentProviderOperation.applyInternal(ContentProviderOperation.java:375)
05-29 02:16:29.952  1392  1920 E SQLiteDatabase: 	at android.content.ContentProviderOperation.apply(ContentProviderOperation.java:347)
05-29 02:16:29.952  1392  1920 E SQLiteDatabase: 	at android.content.ContentProvider.applyBatch(ContentProvider.java:2422)
05-29 02:16:29.952  1392  1920 E SQLiteDatabase: 	at com.android.providers.media.MediaProvider.applyBatch(MediaProvider.java:3522)
05-29 02:16:29.952  1392  1920 E SQLiteDatabase: 	at android.content.ContentProvider.applyBatch(ContentProvider.java:2413)
05-29 02:16:29.952  1392  1920 E SQLiteDatabase: 	at android.content.ContentResolver.applyBatch(ContentResolver.java:2186)
05-29 02:16:29.952  1392  1920 E SQLiteDatabase: 	at com.android.providers.media.scan.ModernMediaScanner$Scan.applyPending(ModernMediaScanner.java:699)
05-29 02:16:29.952  1392  1920 E SQLiteDatabase: 	at com.android.providers.media.scan.ModernMediaScanner$Scan.maybeApplyPending(ModernMediaScanner.java:689)
05-29 02:16:29.952  1392  1920 E SQLiteDatabase: 	at com.android.providers.media.scan.ModernMediaScanner$Scan.visitFile(ModernMediaScanner.java:649)
05-29 02:16:29.952  1392  1920 E SQLiteDatabase: 	at com.android.providers.media.scan.ModernMediaScanner$Scan.visitFile(ModernMediaScanner.java:272)
05-29 02:16:29.952  1392  1920 E SQLiteDatabase: 	at java.nio.file.Files.walkFileTree(Files.java:2670)
05-29 02:16:29.952  1392  1920 E SQLiteDatabase: 	at java.nio.file.Files.walkFileTree(Files.java:2742)
05-29 02:16:29.952  1392  1920 E SQLiteDatabase: 	at com.android.providers.media.scan.ModernMediaScanner$Scan.walkFileTree(ModernMediaScanner.java:366)
05-29 02:16:29.952  1392  1920 E SQLiteDatabase: 	at com.android.providers.media.scan.ModernMediaScanner$Scan.run(ModernMediaScanner.java:329)
05-29 02:16:29.952  1392  1920 E SQLiteDatabase: 	at com.android.providers.media.scan.ModernMediaScanner.scanDirectory(ModernMediaScanner.java:226)
05-29 02:16:29.952  1392  1920 E SQLiteDatabase: 	at com.android.providers.media.MediaProvider.scanDirectory(MediaProvider.java:1111)
05-29 02:16:29.952  1392  1920 E SQLiteDatabase: 	at com.android.providers.media.MediaService.onScanVolume(MediaService.java:148)
05-29 02:16:29.952  1392  1920 E SQLiteDatabase: 	at com.android.providers.media.MediaService.onScanVolume(MediaService.java:117)
05-29 02:16:29.952  1392  1920 E SQLiteDatabase: 	at com.android.providers.media.MediaService.onScanVolume(MediaService.java:108)
05-29 02:16:29.952  1392  1920 E SQLiteDatabase: 	at com.android.providers.media.MediaService.onHandleWork(MediaService.java:71)
05-29 02:16:29.952  1392  1920 E SQLiteDatabase: 	at androidx.core.app.JobIntentService$CommandProcessor.doInBackground(JobIntentService.java:391)
05-29 02:16:29.952  1392  1920 E SQLiteDatabase: 	at androidx.core.app.JobIntentService$CommandProcessor.doInBackground(JobIntentService.java:382)
05-29 02:16:29.952  1392  1920 E SQLiteDatabase: 	at android.os.AsyncTask$3.call(AsyncTask.java:394)
05-29 02:16:29.952  1392  1920 E SQLiteDatabase: 	at java.util.concurrent.FutureTask.run(FutureTask.java:266)
05-29 02:16:29.952  1392  1920 E SQLiteDatabase: 	at java.util.concurrent.ThreadPoolExecutor.runWorker(ThreadPoolExecutor.java:1167)
05-29 02:16:29.952  1392  1920 E SQLiteDatabase: 	at java.util.concurrent.ThreadPoolExecutor$Worker.run(ThreadPoolExecutor.java:641)
05-29 02:16:29.952  1392  1920 E SQLiteDatabase: 	at java.lang.Thread.run(Thread.java:923)
05-29 02:16:31.238   159   159 I hwservicemanager: getTransport: Cannot find entry android.hardware.graphics.mapper@4.0::IMapper/default in either framework or device manifest.
05-29 02:16:31.238  5307  5307 I Gralloc4: mapper 4.x is not supported
05-29 02:16:31.292  5313  5315 I cmd     : oneway function results will be dropped but finished with status OK and parcel size 4
05-29 02:16:31.318  1392  1550 I MediaProvider: Deleted 1 items on external_primary due to com.android.shell
05-29 02:16:31.350  5324  5326 I cmd     : oneway function results will be dropped but finished with status OK and parcel size 4
05-29 02:16:31.513   159   159 I hwservicemanager: getTransport: Cannot find entry android.hardware.graphics.mapper@4.0::IMapper/default in either framework or device manifest.
05-29 02:16:31.513  5346  5346 I Gralloc4: mapper 4.x is not supported
05-29 02:16:31.602  1392  2463 I MediaProvider: Deleted 1 items on external_primary due to com.android.shell
05-29 02:16:31.634  5361  5363 I cmd     : oneway function results will be dropped but finished with status OK and parcel size 4
05-29 02:16:31.781   159   159 I hwservicemanager: getTransport: Cannot find entry android.hardware.graphics.mapper@4.0::IMapper/default in either framework or device manifest.
05-29 02:16:31.781  5383  5383 I Gralloc4: mapper 4.x is not supported
05-29 02:16:31.855  1392  1551 I MediaProvider: Deleted 1 items on external_primary due to com.android.shell
05-29 02:16:31.886  5398  5400 I cmd     : oneway function results will be dropped but finished with status OK and parcel size 4
05-29 02:16:31.946  5413  5415 I cmd     : oneway function results will be dropped but finished with status OK and parcel size 4
05-29 02:16:32.006  5428  5430 I cmd     : oneway function results will be dropped but finished with status OK and parcel size 4
05-29 02:16:32.067  5443  5445 I cmd     : oneway function results will be dropped but finished with status OK and parcel size 4
05-29 02:16:32.161  5455  5455 E libc    : Access denied finding property "persist.device_config.runtime_native_boot.profilebootclasspath"
05-29 02:16:32.161  5455  5455 E libc    : Access denied finding property "persist.device_config.runtime_native_boot.enable_apex_image"
05-29 02:16:32.161  5455  5455 I AndroidRuntime: Using default boot image
05-29 02:16:32.161  5455  5455 E libc    : Access denied finding property "persist.device_config.runtime_native_boot.disable_lock_profiling"
05-29 02:16:32.161  5455  5455 I AndroidRuntime: Leaving lock profiling enabled
05-29 02:16:32.161  5455  5455 E libc    : Access denied finding property "persist.device_config.runtime_native_boot.enable_generational_cc"
05-29 02:16:32.163  5455  5455 I app_process: Core platform API reporting enabled, enforcing=false
05-29 02:16:32.160  5455  5455 W app_process: type=1400 audit(0.0:106): avc: denied { read } for name="u:object_r:device_config_runtime_native_boot_prop:s0" dev="tmpfs" ino=8297 scontext=u:r:shell:s0 tcontext=u:object_r:device_config_runtime_native_boot_prop:s0 tclass=file permissive=0
05-29 02:16:32.219  5455  5455 W app_process: Unexpected CPU variant for X86 using defaults: x86_64
05-29 02:16:32.220  5455  5455 I app_process: The ClassLoaderContext is a special shared library.
05-29 02:16:32.227  5455  5455 W app_process: JNI RegisterNativeMethods: attempt to register 0 native methods for android.media.AudioAttributes
05-29 02:16:33.395  1392  1920 E SQLiteDatabase: Error inserting format=12289 owner_package_name=null parent=-1 volume_name=internal date_modified=1683213674 _display_name=audio _data=/product/media/audio is_download=0 relative_path=null
05-29 02:16:33.395  1392  1920 E SQLiteDatabase: android.database.sqlite.SQLiteDatabaseLockedException: database is locked (code 5 SQLITE_BUSY)
05-29 02:16:33.395  1392  1920 E SQLiteDatabase: 	at android.database.sqlite.SQLiteConnection.nativeExecuteForLastInsertedRowId(Native Method)
05-29 02:16:33.395  1392  1920 E SQLiteDatabase: 	at android.database.sqlite.SQLiteConnection.executeForLastInsertedRowId(SQLiteConnection.java:938)
05-29 02:16:33.395  1392  1920 E SQLiteDatabase: 	at android.database.sqlite.SQLiteSession.executeForLastInsertedRowId(SQLiteSession.java:790)
05-29 02:16:33.395  1392  1920 E SQLiteDatabase: 	at android.database.sqlite.SQLiteStatement.executeInsert(SQLiteStatement.java:88)
05-29 02:16:33.395  1392  1920 E SQLiteDatabase: 	at android.database.sqlite.SQLiteDatabase.insertWithOnConflict(SQLiteDatabase.java:1701)
05-29 02:16:33.395  1392  1920 E SQLiteDatabase: 	at android.database.sqlite.SQLiteDatabase.insert(SQLiteDatabase.java:1570)
05-29 02:16:33.395  1392  1920 E SQLiteDatabase: 	at com.android.providers.media.MediaProvider.insertDirectory(MediaProvider.java:2773)
05-29 02:16:33.395  1392  1920 E SQLiteDatabase: 	at com.android.providers.media.MediaProvider.getParent(MediaProvider.java:2794)
05-29 02:16:33.395  1392  1920 E SQLiteDatabase: 	at com.android.providers.media.MediaProvider.insertDirectory(MediaProvider.java:2763)
05-29 02:16:33.395  1392  1920 E SQLiteDatabase: 	at com.android.providers.media.MediaProvider.getParent(MediaProvider.java:2794)
05-29 02:16:33.395  1392  1920 E SQLiteDatabase: 	at com.android.providers.media.MediaProvider.lambda$insertAllowingUpsert$14(MediaProvider.java:3060)
05-29 02:16:33.395  1392  1920 E SQLiteDatabase: 	at com.android.providers.media.MediaProvider.lambda$insertAllowingUpsert$14$MediaProvider(Unknown Source:0)
05-29 02:16:33.395  1392  1920 E SQLiteDatabase: 	at com.android.providers.media.-$$Lambda$MediaProvider$FjHWs2-fjgG761OzVFzdTX4EWZg.apply(Unknown Source:13)
05-29 02:16:33.395  1392  1920 E SQLiteDatabase: 	at com.android.providers.media.DatabaseHelper.runWithTransaction(DatabaseHelper.java:555)
05-29 02:16:33.395  1392  1920 E SQLiteDatabase: 	at com.android.providers.media.MediaProvider.insertAllowingUpsert(MediaProvider.java:3056)
05-29 02:16:33.395  1392  1920 E SQLiteDatabase: 	at com.android.providers.media.MediaProvider.insertFile(MediaProvider.java:3038)
05-29 02:16:33.395  1392  1920 E SQLiteDatabase: 	at com.android.providers.media.MediaProvider.insertInternal(MediaProvider.java:3470)
05-29 02:16:33.395  1392  1920 E SQLiteDatabase: 	at com.android.providers.media.MediaProvider.insert(MediaProvider.java:3198)
05-29 02:16:33.395  1392  1920 E SQLiteDatabase: 	at android.content.ContentProviderOperation.applyInternal(ContentProviderOperation.java:375)
05-29 02:16:33.395  1392  1920 E SQLiteDatabase: 	at android.content.ContentProviderOperation.apply(ContentProviderOperation.java:347)
05-29 02:16:33.395  1392  1920 E SQLiteDatabase: 	at android.content.ContentProvider.applyBatch(ContentProvider.java:2422)
05-29 02:16:33.395  1392  1920 E SQLiteDatabase: 	at com.android.providers.media.MediaProvider.applyBatch(MediaProvider.java:3522)
05-29 02:16:33.395  1392  1920 E SQLiteDatabase: 	at android.content.ContentProvider.applyBatch(ContentProvider.java:2413)
05-29 02:16:33.395  1392  1920 E SQLiteDatabase: 	at android.content.ContentResolver.applyBatch(ContentResolver.java:2186)
05-29 02:16:33.395  1392  1920 E SQLiteDatabase: 	at com.android.providers.media.scan.ModernMediaScanner$Scan.applyPending(ModernMediaScanner.java:699)
05-29 02:16:33.395  1392  1920 E SQLiteDatabase: 	at com.android.providers.media.scan.ModernMediaScanner$Scan.maybeApplyPending(ModernMediaScanner.java:689)
05-29 02:16:33.395  1392  1920 E SQLiteDatabase: 	at com.android.providers.media.scan.ModernMediaScanner$Scan.visitFile(ModernMediaScanner.java:649)
05-29 02:16:33.395  1392  1920 E SQLiteDatabase: 	at com.android.providers.media.scan.ModernMediaScanner$Scan.visitFile(ModernMediaScanner.java:272)
05-29 02:16:33.395  1392  1920 E SQLiteDatabase: 	at java.nio.file.Files.walkFileTree(Files.java:2670)
05-29 02:16:33.395  1392  1920 E SQLiteDatabase: 	at java.nio.file.Files.walkFileTree(Files.java:2742)
05-29 02:16:33.395  1392  1920 E SQLiteDatabase: 	at com.android.providers.media.scan.ModernMediaScanner$Scan.walkFileTree(ModernMediaScanner.java:366)
05-29 02:16:33.395  1392  1920 E SQLiteDatabase: 	at com.android.providers.media.scan.ModernMediaScanner$Scan.run(ModernMediaScanner.java:329)
05-29 02:16:33.395  1392  1920 E SQLiteDatabase: 	at com.android.providers.media.scan.ModernMediaScanner.scanDirectory(ModernMediaScanner.java:226)
05-29 02:16:33.395  1392  1920 E SQLiteDatabase: 	at com.android.providers.media.MediaProvider.scanDirectory(MediaProvider.java:1111)
05-29 02:16:33.395  1392  1920 E SQLiteDatabase: 	at com.android.providers.media.MediaService.onScanVolume(MediaService.java:148)
05-29 02:16:33.395  1392  1920 E SQLiteDatabase: 	at com.android.providers.media.MediaService.onScanVolume(MediaService.java:117)
05-29 02:16:33.395  1392  1920 E SQLiteDatabase: 	at com.android.providers.media.MediaService.onScanVolume(MediaService.java:108)
05-29 02:16:33.395  1392  1920 E SQLiteDatabase: 	at com.android.providers.media.MediaService.onHandleWork(MediaService.java:71)
05-29 02:16:33.395  1392  1920 E SQLiteDatabase: 	at androidx.core.app.JobIntentService$CommandProcessor.doInBackground(JobIntentService.java:391)
05-29 02:16:33.395  1392  1920 E SQLiteDatabase: 	at androidx.core.app.JobIntentService$CommandProcessor.doInBackground(JobIntentService.java:382)
05-29 02:16:33.395  1392  1920 E SQLiteDatabase: 	at android.os.AsyncTask$3.call(AsyncTask.java:394)
05-29 02:16:33.395  1392  1920 E SQLiteDatabase: 	at java.util.concurrent.FutureTask.run(FutureTask.java:266)
05-29 02:16:33.395  1392  1920 E SQLiteDatabase: 	at java.util.concurrent.ThreadPoolExecutor.runWorker(ThreadPoolExecutor.java:1167)
05-29 02:16:33.395  1392  1920 E SQLiteDatabase: 	at java.util.concurrent.ThreadPoolExecutor$Worker.run(ThreadPoolExecutor.java:641)
05-29 02:16:33.395  1392  1920 E SQLiteDatabase: 	at java.lang.Thread.run(Thread.java:923)
05-29 02:16:33.975   159   159 I hwservicemanager: getTransport: Cannot find entry android.hardware.graphics.mapper@4.0::IMapper/default in either framework or device manifest.
05-29 02:16:33.975  5484  5484 I Gralloc4: mapper 4.x is not supported
05-29 02:16:34.053  1392  1550 I MediaProvider: Deleted 1 items on external_primary due to com.android.shell
05-29 02:16:34.086  5499  5501 I cmd     : oneway function results will be dropped but finished with status OK and parcel size 4
05-29 02:16:34.244   159   159 I hwservicemanager: getTransport: Cannot find entry android.hardware.graphics.mapper@4.0::IMapper/default in either framework or device manifest.
05-29 02:16:34.244  5521  5521 I Gralloc4: mapper 4.x is not supported
05-29 02:16:34.338  1392  2463 I MediaProvider: Deleted 1 items on external_primary due to com.android.shell
05-29 02:16:34.383  5538  5540 I cmd     : oneway function results will be dropped but finished with status OK and parcel size 4
05-29 02:16:34.527   159   159 I hwservicemanager: getTransport: Cannot find entry android.hardware.graphics.mapper@4.0::IMapper/default in either framework or device manifest.
05-29 02:16:34.527  5560  5560 I Gralloc4: mapper 4.x is not supported
05-29 02:16:34.609  1392  1551 I MediaProvider: Deleted 1 items on external_primary due to com.android.shell
05-29 02:16:34.640  5575  5577 I cmd     : oneway function results will be dropped but finished with status OK and parcel size 4
05-29 02:16:34.697  5590  5592 I cmd     : oneway function results will be dropped but finished with status OK and parcel size 4
05-29 02:16:34.758  5605  5607 I cmd     : oneway function results will be dropped but finished with status OK and parcel size 4
05-29 02:16:34.826  5620  5622 I cmd     : oneway function results will be dropped but finished with status OK and parcel size 4
05-29 02:16:34.924  5632  5632 E libc    : Access denied finding property "persist.device_config.runtime_native_boot.profilebootclasspath"
05-29 02:16:34.924  5632  5632 E libc    : Access denied finding property "persist.device_config.runtime_native_boot.enable_apex_image"
05-29 02:16:34.924  5632  5632 I AndroidRuntime: Using default boot image
05-29 02:16:34.924  5632  5632 E libc    : Access denied finding property "persist.device_config.runtime_native_boot.disable_lock_profiling"
05-29 02:16:34.924  5632  5632 I AndroidRuntime: Leaving lock profiling enabled
05-29 02:16:34.924  5632  5632 E libc    : Access denied finding property "persist.device_config.runtime_native_boot.enable_generational_cc"
05-29 02:16:34.926  5632  5632 I app_process: Core platform API reporting enabled, enforcing=false
05-29 02:16:34.920  5632  5632 W app_process: type=1400 audit(0.0:110): avc: denied { read } for name="u:object_r:device_config_runtime_native_boot_prop:s0" dev="tmpfs" ino=8297 scontext=u:r:shell:s0 tcontext=u:object_r:device_config_runtime_native_boot_prop:s0 tclass=file permissive=0
05-29 02:16:34.982  5632  5632 W app_process: Unexpected CPU variant for X86 using defaults: x86_64
05-29 02:16:34.983  5632  5632 I app_process: The ClassLoaderContext is a special shared library.
05-29 02:16:34.924  5632  5632 W app_process: type=1400 audit(0.0:113): avc: denied { read } for name="u:object_r:device_config_runtime_native_boot_prop:s0" dev="tmpfs" ino=8297 scontext=u:r:shell:s0 tcontext=u:object_r:device_config_runtime_native_boot_prop:s0 tclass=file permissive=0
05-29 02:16:34.990  5632  5632 W app_process: JNI RegisterNativeMethods: attempt to register 0 native methods for android.media.AudioAttributes
05-29 02:16:35.176   506  5645 I system_server: The ClassLoaderContext is a special shared library.
05-29 02:16:35.190   506  5645 I chatty  : uid=1000(system) BackgroundDexOp identical 11 lines
05-29 02:16:35.196   506  5645 I system_server: The ClassLoaderContext is a special shared library.
05-29 02:16:35.198   506  5645 I system_server: The ClassLoaderContext is a special shared library.
05-29 02:16:35.206   506  5645 I chatty  : uid=1000(system) BackgroundDexOp identical 1 line
05-29 02:16:35.207   506  5645 I system_server: The ClassLoaderContext is a special shared library.
05-29 02:16:35.210   506  5645 I system_server: The ClassLoaderContext is a special shared library.
05-29 02:16:35.215   506  5645 I chatty  : uid=1000(system) BackgroundDexOp identical 2 lines
05-29 02:16:35.216   506  5645 I system_server: The ClassLoaderContext is a special shared library.
05-29 02:16:35.271  5646  5646 W dex2oat32: Unexpected CPU variant for X86 using defaults: x86_64
05-29 02:16:35.272  5646  5646 I dex2oat32: /apex/com.android.art/bin/dex2oat32 --input-vdex-fd=-1 --output-vdex-fd=9 --updatable-bcp-packages-file=/system/etc/updatable-bcp-packages.txt --resolve-startup-const-strings=true --max-image-block-size=524288 --compiler-filter=verify --classpath-dir=/apex/com.android.os.statsd/javalib --class-loader-context=PCL[];PCL[/system/framework/com.android.location.provider.jar:/system/framework/services.jar:/system/framework/ethernet-service.jar:/apex/com.android.permission/javalib/service-permission.jar:/apex/com.android.wifi/javalib/service-wifi.jar:/apex/com.android.ipsec/javalib/android.net.ipsec.ike.jar] --generate-mini-debug-info --compact-dex-level=none --compilation-reason=boot
05-29 02:16:35.276  5646  5646 I dex2oat32: setting boot class path to /apex/com.android.art/javalib/core-oj.jar:/apex/com.android.art/javalib/core-libart.jar:/apex/com.android.art/javalib/core-icu4j.jar:/apex/com.android.art/javalib/okhttp.jar:/apex/com.android.art/javalib/bouncycastle.jar:/apex/com.android.art/javalib/apache-xml.jar:/system/framework/framework.jar:/system/framework/ext.jar:/system/framework/telephony-common.jar:/system/framework/voip-common.jar:/system/framework/ims-common.jar:/system/framework/framework-atb-backward-compatibility.jar
05-29 02:16:35.315  5646  5646 I dex2oat32: dex2oat took 45.650ms (37.697ms cpu) (threads: 2) arena alloc=0B (0B) java alloc=33KB (34600B) native alloc=1006KB (1030256B) free=1501KB (1537152B)
05-29 02:16:35.319   506  5645 I system_server: The ClassLoaderContext is a special shared library.
05-29 02:16:35.366   506  5645 I chatty  : uid=1000(system) BackgroundDexOp identical 43 lines
05-29 02:16:35.367   506  5645 I system_server: The ClassLoaderContext is a special shared library.
05-29 02:16:35.368   506  5645 I PackageDexOptimizer: Running dexopt (dexoptNeeded=1) on: /data/app/~~8IfNZGtkfbMH9d6ep05ImA==/io.github.ylimit.droidbotapp-eHXBf-gCX4ajvNVpHETeeA==/base.apk pkg=io.github.ylimit.droidbotapp isa=x86_64 dexoptFlags=boot_complete,debuggable,public,enable_hidden_api_checks targetFilter=verify oatDir=/data/app/~~8IfNZGtkfbMH9d6ep05ImA==/io.github.ylimit.droidbotapp-eHXBf-gCX4ajvNVpHETeeA==/oat classLoaderContext=PCL[]{}
05-29 02:16:35.379  5650  5650 W dex2oat32: Unexpected CPU variant for X86 using defaults: x86_64
05-29 02:16:35.379  5650  5650 I dex2oat32: /apex/com.android.art/bin/dex2oat32 --input-vdex-fd=-1 --output-vdex-fd=9 --updatable-bcp-packages-file=/system/etc/updatable-bcp-packages.txt --resolve-startup-const-strings=true --max-image-block-size=524288 --compiler-filter=verify --debuggable --classpath-dir=/data/app/~~8IfNZGtkfbMH9d6ep05ImA==/io.github.ylimit.droidbotapp-eHXBf-gCX4ajvNVpHETeeA== --class-loader-context=PCL[]{} --generate-mini-debug-info --compact-dex-level=none --compilation-reason=boot
05-29 02:16:35.381  5650  5650 I dex2oat32: setting boot class path to /apex/com.android.art/javalib/core-oj.jar:/apex/com.android.art/javalib/core-libart.jar:/apex/com.android.art/javalib/core-icu4j.jar:/apex/com.android.art/javalib/okhttp.jar:/apex/com.android.art/javalib/bouncycastle.jar:/apex/com.android.art/javalib/apache-xml.jar:/system/framework/framework.jar:/system/framework/ext.jar:/system/framework/telephony-common.jar:/system/framework/voip-common.jar:/system/framework/ims-common.jar:/system/framework/framework-atb-backward-compatibility.jar
05-29 02:16:35.532  5650  5654 W dex2oat32: Accessing hidden method Landroid/graphics/Bitmap;->getHardwareBuffer()Landroid/hardware/HardwareBuffer; (blacklist, linking, denied)
05-29 02:16:35.685  5650  5650 I dex2oat32: dex2oat took 306.677ms (418.289ms cpu) (threads: 2) arena alloc=0B (0B) java alloc=4976KB (5095464B) native alloc=3814KB (3906144B) free=1673KB (1714032B)
05-29 02:16:35.690   506  5645 I system_server: The ClassLoaderContext is a special shared library.
05-29 02:16:35.693   506  5645 I chatty  : uid=1000(system) BackgroundDexOp identical 3 lines
05-29 02:16:35.695   506  5645 I system_server: The ClassLoaderContext is a special shared library.
05-29 02:16:35.696   506  5645 I PackageDexOptimizer: Running dexopt (dexoptNeeded=1) on: /data/app/~~7VM7oMhDT1XH5FE_g09iTw==/com.mocoding.pokedex.android-tG_-OB6RDrco9ErizWtUNQ==/base.apk pkg=com.mocoding.pokedex.android isa=x86_64 dexoptFlags=boot_complete,debuggable,public,enable_hidden_api_checks targetFilter=verify oatDir=/data/app/~~7VM7oMhDT1XH5FE_g09iTw==/com.mocoding.pokedex.android-tG_-OB6RDrco9ErizWtUNQ==/oat classLoaderContext=PCL[]{}
05-29 02:16:35.707  5656  5656 W dex2oat32: Unexpected CPU variant for X86 using defaults: x86_64
05-29 02:16:35.707  5656  5656 I dex2oat32: /apex/com.android.art/bin/dex2oat32 --input-vdex-fd=-1 --output-vdex-fd=9 --updatable-bcp-packages-file=/system/etc/updatable-bcp-packages.txt --resolve-startup-const-strings=true --max-image-block-size=524288 --compiler-filter=verify --debuggable --classpath-dir=/data/app/~~7VM7oMhDT1XH5FE_g09iTw==/com.mocoding.pokedex.android-tG_-OB6RDrco9ErizWtUNQ== --class-loader-context=PCL[]{} --generate-mini-debug-info --compact-dex-level=none --compilation-reason=boot
05-29 02:16:35.708  5656  5656 I dex2oat32: setting boot class path to /apex/com.android.art/javalib/core-oj.jar:/apex/com.android.art/javalib/core-libart.jar:/apex/com.android.art/javalib/core-icu4j.jar:/apex/com.android.art/javalib/okhttp.jar:/apex/com.android.art/javalib/bouncycastle.jar:/apex/com.android.art/javalib/apache-xml.jar:/system/framework/framework.jar:/system/framework/ext.jar:/system/framework/telephony-common.jar:/system/framework/voip-common.jar:/system/framework/ims-common.jar:/system/framework/framework-atb-backward-compatibility.jar
05-29 02:16:36.580  5656  5656 I dex2oat32: Large app, accepted running with swap.
05-29 02:16:36.769   159   159 I hwservicemanager: getTransport: Cannot find entry android.hardware.graphics.mapper@4.0::IMapper/default in either framework or device manifest.
05-29 02:16:36.769  5673  5673 I Gralloc4: mapper 4.x is not supported
05-29 02:16:36.812  5677  5679 I cmd     : oneway function results will be dropped but finished with status OK and parcel size 4
05-29 02:16:36.846  1392  1550 I MediaProvider: Deleted 1 items on external_primary due to com.android.shell
05-29 02:16:36.892  5688  5690 I cmd     : oneway function results will be dropped but finished with status OK and parcel size 4
05-29 02:16:37.065   159   159 I hwservicemanager: getTransport: Cannot find entry android.hardware.graphics.mapper@4.0::IMapper/default in either framework or device manifest.
05-29 02:16:37.065  5710  5710 I Gralloc4: mapper 4.x is not supported
05-29 02:16:37.113  5714  5715 I cmd     : oneway function results will be dropped but finished with status OK and parcel size 4
05-29 02:16:37.180  1392  1920 E SQLiteDatabase: Error inserting format=12289 owner_package_name=null parent=-1 volume_name=internal date_modified=1683213674 _display_name=ringtones _data=/product/media/audio/ringtones is_download=0 relative_path=null
05-29 02:16:37.180  1392  1920 E SQLiteDatabase: android.database.sqlite.SQLiteDatabaseLockedException: database is locked (code 5 SQLITE_BUSY)
05-29 02:16:37.180  1392  1920 E SQLiteDatabase: 	at android.database.sqlite.SQLiteConnection.nativeExecuteForLastInsertedRowId(Native Method)
05-29 02:16:37.180  1392  1920 E SQLiteDatabase: 	at android.database.sqlite.SQLiteConnection.executeForLastInsertedRowId(SQLiteConnection.java:938)
05-29 02:16:37.180  1392  1920 E SQLiteDatabase: 	at android.database.sqlite.SQLiteSession.executeForLastInsertedRowId(SQLiteSession.java:790)
05-29 02:16:37.180  1392  1920 E SQLiteDatabase: 	at android.database.sqlite.SQLiteStatement.executeInsert(SQLiteStatement.java:88)
05-29 02:16:37.180  1392  1920 E SQLiteDatabase: 	at android.database.sqlite.SQLiteDatabase.insertWithOnConflict(SQLiteDatabase.java:1701)
05-29 02:16:37.180  1392  1920 E SQLiteDatabase: 	at android.database.sqlite.SQLiteDatabase.insert(SQLiteDatabase.java:1570)
05-29 02:16:37.180  1392  1920 E SQLiteDatabase: 	at com.android.providers.media.MediaProvider.insertDirectory(MediaProvider.java:2773)
05-29 02:16:37.180  1392  1920 E SQLiteDatabase: 	at com.android.providers.media.MediaProvider.getParent(MediaProvider.java:2794)
05-29 02:16:37.180  1392  1920 E SQLiteDatabase: 	at com.android.providers.media.MediaProvider.lambda$insertAllowingUpsert$14(MediaProvider.java:3060)
05-29 02:16:37.180  1392  1920 E SQLiteDatabase: 	at com.android.providers.media.MediaProvider.lambda$insertAllowingUpsert$14$MediaProvider(Unknown Source:0)
05-29 02:16:37.180  1392  1920 E SQLiteDatabase: 	at com.android.providers.media.-$$Lambda$MediaProvider$FjHWs2-fjgG761OzVFzdTX4EWZg.apply(Unknown Source:13)
05-29 02:16:37.180  1392  1920 E SQLiteDatabase: 	at com.android.providers.media.DatabaseHelper.runWithTransaction(DatabaseHelper.java:555)
05-29 02:16:37.180  1392  1920 E SQLiteDatabase: 	at com.android.providers.media.MediaProvider.insertAllowingUpsert(MediaProvider.java:3056)
05-29 02:16:37.180  1392  1920 E SQLiteDatabase: 	at com.android.providers.media.MediaProvider.insertFile(MediaProvider.java:3038)
05-29 02:16:37.180  1392  1920 E SQLiteDatabase: 	at com.android.providers.media.MediaProvider.insertInternal(MediaProvider.java:3470)
05-29 02:16:37.180  1392  1920 E SQLiteDatabase: 	at com.android.providers.media.MediaProvider.insert(MediaProvider.java:3198)
05-29 02:16:37.180  1392  1920 E SQLiteDatabase: 	at android.content.ContentProviderOperation.applyInternal(ContentProviderOperation.java:375)
05-29 02:16:37.180  1392  1920 E SQLiteDatabase: 	at android.content.ContentProviderOperation.apply(ContentProviderOperation.java:347)
05-29 02:16:37.180  1392  1920 E SQLiteDatabase: 	at android.content.ContentProvider.applyBatch(ContentProvider.java:2422)
05-29 02:16:37.180  1392  1920 E SQLiteDatabase: 	at com.android.providers.media.MediaProvider.applyBatch(MediaProvider.java:3522)
05-29 02:16:37.180  1392  1920 E SQLiteDatabase: 	at android.content.ContentProvider.applyBatch(ContentProvider.java:2413)
05-29 02:16:37.180  1392  1920 E SQLiteDatabase: 	at android.content.ContentResolver.applyBatch(ContentResolver.java:2186)
05-29 02:16:37.180  1392  1920 E SQLiteDatabase: 	at com.android.providers.media.scan.ModernMediaScanner$Scan.applyPending(ModernMediaScanner.java:699)
05-29 02:16:37.180  1392  1920 E SQLiteDatabase: 	at com.android.providers.media.scan.ModernMediaScanner$Scan.maybeApplyPending(ModernMediaScanner.java:689)
05-29 02:16:37.180  1392  1920 E SQLiteDatabase: 	at com.android.providers.media.scan.ModernMediaScanner$Scan.visitFile(ModernMediaScanner.java:649)
05-29 02:16:37.180  1392  1920 E SQLiteDatabase: 	at com.android.providers.media.scan.ModernMediaScanner$Scan.visitFile(ModernMediaScanner.java:272)
05-29 02:16:37.180  1392  1920 E SQLiteDatabase: 	at java.nio.file.Files.walkFileTree(Files.java:2670)
05-29 02:16:37.180  1392  1920 E SQLiteDatabase: 	at java.nio.file.Files.walkFileTree(Files.java:2742)
05-29 02:16:37.180  1392  1920 E SQLiteDatabase: 	at com.android.providers.media.scan.ModernMediaScanner$Scan.walkFileTree(ModernMediaScanner.java:366)
05-29 02:16:37.180  1392  1920 E SQLiteDatabase: 	at com.android.providers.media.scan.ModernMediaScanner$Scan.run(ModernMediaScanner.java:329)
05-29 02:16:37.180  1392  1920 E SQLiteDatabase: 	at com.android.providers.media.scan.ModernMediaScanner.scanDirectory(ModernMediaScanner.java:226)
05-29 02:16:37.180  1392  1920 E SQLiteDatabase: 	at com.android.providers.media.MediaProvider.scanDirectory(MediaProvider.java:1111)
05-29 02:16:37.180  1392  1920 E SQLiteDatabase: 	at com.android.providers.media.MediaService.onScanVolume(MediaService.java:148)
05-29 02:16:37.180  1392  1920 E SQLiteDatabase: 	at com.android.providers.media.MediaService.onScanVolume(MediaService.java:117)
05-29 02:16:37.180  1392  1920 E SQLiteDatabase: 	at com.android.providers.media.MediaService.onScanVolume(MediaService.java:108)
05-29 02:16:37.180  1392  1920 E SQLiteDatabase: 	at com.android.providers.media.MediaService.onHandleWork(MediaService.java:71)
05-29 02:16:37.180  1392  1920 E SQLiteDatabase: 	at androidx.core.app.JobIntentService$CommandProcessor.doInBackground(JobIntentService.java:391)
05-29 02:16:37.180  1392  1920 E SQLiteDatabase: 	at androidx.core.app.JobIntentService$CommandProcessor.doInBackground(JobIntentService.java:382)
05-29 02:16:37.180  1392  1920 E SQLiteDatabase: 	at android.os.AsyncTask$3.call(AsyncTask.java:394)
05-29 02:16:37.180  1392  1920 E SQLiteDatabase: 	at java.util.concurrent.FutureTask.run(FutureTask.java:266)
05-29 02:16:37.180  1392  1920 E SQLiteDatabase: 	at java.util.concurrent.ThreadPoolExecutor.runWorker(ThreadPoolExecutor.java:1167)
05-29 02:16:37.180  1392  1920 E SQLiteDatabase: 	at java.util.concurrent.ThreadPoolExecutor$Worker.run(ThreadPoolExecutor.java:641)
05-29 02:16:37.180  1392  1920 E SQLiteDatabase: 	at java.lang.Thread.run(Thread.java:923)
05-29 02:16:37.193  1392  2463 I MediaProvider: Deleted 1 items on external_primary due to com.android.shell
05-29 02:16:37.423   159   159 I hwservicemanager: getTransport: Cannot find entry android.hardware.graphics.mapper@4.0::IMapper/default in either framework or device manifest.
05-29 02:16:37.423  5747  5747 I Gralloc4: mapper 4.x is not supported
05-29 02:16:37.478  5751  5752 I cmd     : oneway function results will be dropped but finished with status OK and parcel size 4
05-29 02:16:37.553  1392  1551 I MediaProvider: Deleted 1 items on external_primary due to com.android.shell
05-29 02:16:37.599  5764  5765 I cmd     : oneway function results will be dropped but finished with status OK and parcel size 4
05-29 02:16:37.624  5656  5656 I dex2oat32: Explicit concurrent copying GC freed 73139(10MB) AllocSpace objects, 0(0B) LOS objects, 99% free, 8968B/1544KB, paused 31us total 22.748ms
05-29 02:16:37.634  5656  5656 I dex2oat32: Explicit concurrent copying GC freed 420(77KB) AllocSpace objects, 0(0B) LOS objects, 99% free, 11KB/1547KB, paused 14us total 2.054ms
05-29 02:16:37.647  5656  5656 I dex2oat32: Explicit concurrent copying GC freed 1436(205KB) AllocSpace objects, 0(0B) LOS objects, 99% free, 13KB/1549KB, paused 11us total 1.417ms
05-29 02:16:37.653  5656  5656 I dex2oat32: Explicit concurrent copying GC freed 880(125KB) AllocSpace objects, 0(0B) LOS objects, 98% free, 16KB/1552KB, paused 9us total 1.766ms
05-29 02:16:37.657  5656  5656 I dex2oat32: Explicit concurrent copying GC freed 439(61KB) AllocSpace objects, 0(0B) LOS objects, 98% free, 18KB/1554KB, paused 10us total 1.356ms
05-29 02:16:37.661  5656  5656 I dex2oat32: Explicit concurrent copying GC freed 520(77KB) AllocSpace objects, 0(0B) LOS objects, 98% free, 21KB/1557KB, paused 10us total 1.316ms
05-29 02:16:37.664  5656  5656 I dex2oat32: Explicit concurrent copying GC freed 258(29KB) AllocSpace objects, 0(0B) LOS objects, 98% free, 23KB/1559KB, paused 10us total 1.311ms
05-29 02:16:37.667  5656  5656 I dex2oat32: Explicit concurrent copying GC freed 169(29KB) AllocSpace objects, 0(0B) LOS objects, 98% free, 26KB/1562KB, paused 10us total 1.254ms
05-29 02:16:37.670  5656  5656 I dex2oat32: Explicit concurrent copying GC freed 232(29KB) AllocSpace objects, 0(0B) LOS objects, 98% free, 28KB/1564KB, paused 10us total 1.300ms
05-29 02:16:37.673  5656  5656 I dex2oat32: Explicit concurrent copying GC freed 266(45KB) AllocSpace objects, 0(0B) LOS objects, 98% free, 31KB/1567KB, paused 10us total 1.338ms
05-29 02:16:37.679  5656  5656 I dex2oat32: Explicit concurrent copying GC freed 856(125KB) AllocSpace objects, 0(0B) LOS objects, 97% free, 33KB/1569KB, paused 9us total 1.326ms
05-29 02:16:37.682  5656  5656 I dex2oat32: Explicit concurrent copying GC freed 397(61KB) AllocSpace objects, 0(0B) LOS objects, 97% free, 36KB/1572KB, paused 9us total 1.310ms
05-29 02:16:37.688  5656  5656 I dex2oat32: Explicit concurrent copying GC freed 742(109KB) AllocSpace objects, 0(0B) LOS objects, 97% free, 39KB/1575KB, paused 10us total 1.404ms
05-29 02:16:37.692  5656  5656 I dex2oat32: Explicit concurrent copying GC freed 464(61KB) AllocSpace objects, 0(0B) LOS objects, 97% free, 41KB/1577KB, paused 9us total 1.352ms
