05-29 02:16:11.611   159   159 I hwservicemanager: getTransport: Cannot find entry android.hardware.graphics.mapper@4.0::IMapper/default in either framework or device manifest.
05-29 02:16:11.611  4046  4046 I Gralloc4: mapper 4.x is not supported
05-29 02:16:11.682  4050  4052 I cmd     : oneway function results will be dropped but finished with status OK and parcel size 4
05-29 02:16:11.714  1392  1551 I MediaProvider: Deleted 1 items on external_primary due to com.android.shell
05-29 02:16:11.905   159   159 I hwservicemanager: getTransport: Cannot find entry android.hardware.graphics.mapper@4.0::IMapper/default in either framework or device manifest.
05-29 02:16:11.905  4083  4083 I Gralloc4: mapper 4.x is not supported
05-29 02:16:11.997  4087  4089 I cmd     : oneway function results will be dropped but finished with status OK and parcel size 4
05-29 02:16:12.035  1392  2463 I MediaProvider: Deleted 1 items on external_primary due to com.android.shell
05-29 02:16:12.077  4098  4100 I cmd     : oneway function results will be dropped but finished with status OK and parcel size 4
05-29 02:16:12.226   159   159 I hwservicemanager: getTransport: Cannot find entry android.hardware.graphics.mapper@4.0::IMapper/default in either framework or device manifest.
05-29 02:16:12.226  4120  4120 I Gralloc4: mapper 4.x is not supported
05-29 02:16:12.271  1392  1920 E SQLiteDatabase: Error inserting format=12289 owner_package_name=null parent=-1 volume_name=internal date_modified=1683216921 _display_name=product _data=/product is_download=0 relative_path=null
05-29 02:16:12.271  1392  1920 E SQLiteDatabase: android.database.sqlite.SQLiteDatabaseLockedException: database is locked (code 5 SQLITE_BUSY)
05-29 02:16:12.271  1392  1920 E SQLiteDatabase: 	at android.database.sqlite.SQLiteConnection.nativeExecuteForLastInsertedRowId(Native Method)
05-29 02:16:12.271  1392  1920 E SQLiteDatabase: 	at android.database.sqlite.SQLiteConnection.executeForLastInsertedRowId(SQLiteConnection.java:938)
05-29 02:16:12.271  1392  1920 E SQLiteDatabase: 	at android.database.sqlite.SQLiteSession.executeForLastInsertedRowId(SQLiteSession.java:790)
05-29 02:16:12.271  1392  1920 E SQLiteDatabase: 	at android.database.sqlite.SQLiteStatement.executeInsert(SQLiteStatement.java:88)
05-29 02:16:12.271  1392  1920 E SQLiteDatabase: 	at android.database.sqlite.SQLiteDatabase.insertWithOnConflict(SQLiteDatabase.java:1701)
05-29 02:16:12.271  1392  1920 E SQLiteDatabase: 	at android.database.sqlite.SQLiteDatabase.insert(SQLiteDatabase.java:1570)
05-29 02:16:12.271  1392  1920 E SQLiteDatabase: 	at com.android.providers.media.MediaProvider.insertDirectory(MediaProvider.java:2773)
05-29 02:16:12.271  1392  1920 E SQLiteDatabase: 	at com.android.providers.media.MediaProvider.getParent(MediaProvider.java:2794)
05-29 02:16:12.271  1392  1920 E SQLiteDatabase: 	at com.android.providers.media.MediaProvider.insertDirectory(MediaProvider.java:2763)
05-29 02:16:12.271  1392  1920 E SQLiteDatabase: 	at com.android.providers.media.MediaProvider.getParent(MediaProvider.java:2794)
05-29 02:16:12.271  1392  1920 E SQLiteDatabase: 	at com.android.providers.media.MediaProvider.insertDirectory(MediaProvider.java:2763)
05-29 02:16:12.271  1392  1920 E SQLiteDatabase: 	at com.android.providers.media.MediaProvider.getParent(MediaProvider.java:2794)
05-29 02:16:12.271  1392  1920 E SQLiteDatabase: 	at com.android.providers.media.MediaProvider.lambda$insertAllowingUpsert$14(MediaProvider.java:3060)
05-29 02:16:12.271  1392  1920 E SQLiteDatabase: 	at com.android.providers.media.MediaProvider.lambda$insertAllowingUpsert$14$MediaProvider(Unknown Source:0)
05-29 02:16:12.271  1392  1920 E SQLiteDatabase: 	at com.android.providers.media.-$$Lambda$MediaProvider$FjHWs2-fjgG761OzVFzdTX4EWZg.apply(Unknown Source:13)
05-29 02:16:12.271  1392  1920 E SQLiteDatabase: 	at com.android.providers.media.DatabaseHelper.runWithTransaction(DatabaseHelper.java:555)
05-29 02:16:12.271  1392  1920 E SQLiteDatabase: 	at com.android.providers.media.MediaProvider.insertAllowingUpsert(MediaProvider.java:3056)
05-29 02:16:12.271  1392  1920 E SQLiteDatabase: 	at com.android.providers.media.MediaProvider.insertFile(MediaProvider.java:3038)
05-29 02:16:12.271  1392  1920 E SQLiteDatabase: 	at com.android.providers.media.MediaProvider.insertInternal(MediaProvider.java:3470)
05-29 02:16:12.271  1392  1920 E SQLiteDatabase: 	at com.android.providers.media.MediaProvider.insert(MediaProvider.java:3198)
05-29 02:16:12.271  1392  1920 E SQLiteDatabase: 	at android.content.ContentProviderOperation.applyInternal(ContentProviderOperation.java:375)
05-29 02:16:12.271  1392  1920 E SQLiteDatabase: 	at android.content.ContentProviderOperation.apply(ContentProviderOperation.java:347)
05-29 02:16:12.271  1392  1920 E SQLiteDatabase: 	at android.content.ContentProvider.applyBatch(ContentProvider.java:2422)
05-29 02:16:12.271  1392  1920 E SQLiteDatabase: 	at com.android.providers.media.MediaProvider.applyBatch(MediaProvider.java:3522)
05-29 02:16:12.271  1392  1920 E SQLiteDatabase: 	at android.content.ContentProvider.applyBatch(ContentProvider.java:2413)
05-29 02:16:12.271  1392  1920 E SQLiteDatabase: 	at android.content.ContentResolver.applyBatch(ContentResolver.java:2186)
05-29 02:16:12.271  1392  1920 E SQLiteDatabase: 	at com.android.providers.media.scan.ModernMediaScanner$Scan.applyPending(ModernMediaScanner.java:699)
05-29 02:16:12.271  1392  1920 E SQLiteDatabase: 	at com.android.providers.media.scan.ModernMediaScanner$Scan.maybeApplyPending(ModernMediaScanner.java:689)
05-29 02:16:12.271  1392  1920 E SQLiteDatabase: 	at com.android.providers.media.scan.ModernMediaScanner$Scan.visitFile(ModernMediaScanner.java:649)
05-29 02:16:12.271  1392  1920 E SQLiteDatabase: 	at com.android.providers.media.scan.ModernMediaScanner$Scan.visitFile(ModernMediaScanner.java:272)
05-29 02:16:12.271  1392  1920 E SQLiteDatabase: 	at java.nio.file.Files.walkFileTree(Files.java:2670)
05-29 02:16:12.271  1392  1920 E SQLiteDatabase: 	at java.nio.file.Files.walkFileTree(Files.java:2742)
05-29 02:16:12.271  1392  1920 E SQLiteDatabase: 	at com.android.providers.media.scan.ModernMediaScanner$Scan.walkFileTree(ModernMediaScanner.java:366)
05-29 02:16:12.271  1392  1920 E SQLiteDatabase: 	at com.android.providers.media.scan.ModernMediaScanner$Scan.run(ModernMediaScanner.java:329)
05-29 02:16:12.271  1392  1920 E SQLiteDatabase: 	at com.android.providers.media.scan.ModernMediaScanner.scanDirectory(ModernMediaScanner.java:226)
05-29 02:16:12.271  1392  1920 E SQLiteDatabase: 	at com.android.providers.media.MediaProvider.scanDirectory(MediaProvider.java:1111)
05-29 02:16:12.271  1392  1920 E SQLiteDatabase: 	at com.android.providers.media.MediaService.onScanVolume(MediaService.java:148)
05-29 02:16:12.271  1392  1920 E SQLiteDatabase: 	at com.android.providers.media.MediaService.onScanVolume(MediaService.java:117)
05-29 02:16:12.271  1392  1920 E SQLiteDatabase: 	at com.android.providers.media.MediaService.onScanVolume(MediaService.java:108)
05-29 02:16:12.271  1392  1920 E SQLiteDatabase: 	at com.android.providers.media.MediaService.onHandleWork(MediaService.java:71)
05-29 02:16:12.271  1392  1920 E SQLiteDatabase: 	at androidx.core.app.JobIntentService$CommandProcessor.doInBackground(JobIntentService.java:391)
05-29 02:16:12.271  1392  1920 E SQLiteDatabase: 	at androidx.core.app.JobIntentService$CommandProcessor.doInBackground(JobIntentService.java:382)
05-29 02:16:12.271  1392  1920 E SQLiteDatabase: 	at android.os.AsyncTask$3.call(AsyncTask.java:394)
05-29 02:16:12.271  1392  1920 E SQLiteDatabase: 	at java.util.concurrent.FutureTask.run(FutureTask.java:266)
05-29 02:16:12.271  1392  1920 E SQLiteDatabase: 	at java.util.concurrent.ThreadPoolExecutor.runWorker(ThreadPoolExecutor.java:1167)
05-29 02:16:12.271  1392  1920 E SQLiteDatabase: 	at java.util.concurrent.ThreadPoolExecutor$Worker.run(ThreadPoolExecutor.java:641)
05-29 02:16:12.271  1392  1920 E SQLiteDatabase: 	at java.lang.Thread.run(Thread.java:923)
05-29 02:16:12.290  4124  4126 I cmd     : oneway function results will be dropped but finished with status OK and parcel size 4
05-29 02:16:12.320  1392  2463 I MediaProvider: Deleted 1 items on external_primary due to com.android.shell
05-29 02:16:12.351  4135  4137 I cmd     : oneway function results will be dropped but finished with status OK and parcel size 4
05-29 02:16:12.412  4150  4152 I cmd     : oneway function results will be dropped but finished with status OK and parcel size 4
05-29 02:16:12.471  4165  4167 I cmd     : oneway function results will be dropped but finished with status OK and parcel size 4
05-29 02:16:12.529  4180  4182 I cmd     : oneway function results will be dropped but finished with status OK and parcel size 4
05-29 02:16:12.640  4194  4194 E libc    : Access denied finding property "persist.device_config.runtime_native_boot.profilebootclasspath"
05-29 02:16:12.640  4194  4194 E libc    : Access denied finding property "persist.device_config.runtime_native_boot.enable_apex_image"
05-29 02:16:12.640  4194  4194 I AndroidRuntime: Using default boot image
05-29 02:16:12.640  4194  4194 E libc    : Access denied finding property "persist.device_config.runtime_native_boot.disable_lock_profiling"
05-29 02:16:12.640  4194  4194 I AndroidRuntime: Leaving lock profiling enabled
05-29 02:16:12.640  4194  4194 E libc    : Access denied finding property "persist.device_config.runtime_native_boot.enable_generational_cc"
05-29 02:16:12.642  4194  4194 I app_process: Core platform API reporting enabled, enforcing=false
05-29 02:16:12.640  4194  4194 W app_process: type=1400 audit(0.0:78): avc: denied { read } for name="u:object_r:device_config_runtime_native_boot_prop:s0" dev="tmpfs" ino=8297 scontext=u:r:shell:s0 tcontext=u:object_r:device_config_runtime_native_boot_prop:s0 tclass=file permissive=0
05-29 02:16:12.693  4194  4194 W app_process: Unexpected CPU variant for X86 using defaults: x86_64
05-29 02:16:12.693  4194  4194 I app_process: The ClassLoaderContext is a special shared library.
05-29 02:16:12.700  4194  4194 W app_process: JNI RegisterNativeMethods: attempt to register 0 native methods for android.media.AudioAttributes
05-29 02:16:12.640  4194  4194 W app_process: type=1400 audit(0.0:81): avc: denied { read } for name="u:object_r:device_config_runtime_native_boot_prop:s0" dev="tmpfs" ino=8297 scontext=u:r:shell:s0 tcontext=u:object_r:device_config_runtime_native_boot_prop:s0 tclass=file permissive=0
05-29 02:16:12.919  2636  2799 I System.out: 02:16:12.918 [DefaultDispatcher-worker-3] INFO io.ktor.client.HttpClient - REQUEST: https://pokeapi.co/api/v2/pokemon/ivysaur
05-29 02:16:12.919  2636  2799 I System.out: METHOD: HttpMethod(value=GET)
05-29 02:16:12.919  2636  2799 I System.out: COMMON HEADERS
05-29 02:16:12.919  2636  2799 I System.out: -> Accept: application/json
05-29 02:16:12.919  2636  2799 I System.out: -> Accept-Charset: UTF-8
05-29 02:16:12.919  2636  2799 I System.out: -> Content-Type: application/json
05-29 02:16:12.919  2636  2799 I System.out: CONTENT HEADERS
05-29 02:16:12.919  2636  2799 I System.out: -> Content-Length: 0
05-29 02:16:12.919  2636  2799 I System.out: BODY Content-Type: null
05-29 02:16:12.919  2636  2799 I System.out: BODY START
05-29 02:16:12.919  2636  2799 I System.out: 
05-29 02:16:12.919  2636  2799 I System.out: BODY END
05-29 02:16:13.049  2636  2797 I System.out: 02:16:13.038 [DefaultDispatcher-worker-1] INFO io.ktor.client.HttpClient - RESPONSE: 200 OK
05-29 02:16:13.049  2636  2797 I System.out: METHOD: HttpMethod(value=GET)
05-29 02:16:13.049  2636  2797 I System.out: FROM: https://pokeapi.co/api/v2/pokemon/ivysaur
05-29 02:16:13.049  2636  2797 I System.out: COMMON HEADERS
05-29 02:16:13.049  2636  2797 I System.out: -> access-control-allow-origin: *
05-29 02:16:13.049  2636  2797 I System.out: -> age: 56139
05-29 02:16:13.049  2636  2797 I System.out: -> alt-svc: h3=":443"; ma=86400
05-29 02:16:13.049  2636  2797 I System.out: -> cache-control: public, max-age=86400, s-maxage=86400
05-29 02:16:13.049  2636  2797 I System.out: -> cf-cache-status: HIT
05-29 02:16:13.049  2636  2797 I System.out: -> cf-ray: a031feedf8d575a3-LAX
05-29 02:16:13.050  2636  2797 I System.out: -> connection: keep-alive
05-29 02:16:13.050  2636  2797 I System.out: -> content-type: application/json; charset=utf-8
05-29 02:16:13.050  2636  2797 I System.out: -> date: Fri, 29 May 2026 02:16:13 GMT
05-29 02:16:13.050  2636  2797 I System.out: -> etag: W/"3a208-UaeAV+hyIAKhsYxQ2HzouJGTqQg"
05-29 02:16:13.050  2636  2797 I System.out: -> function-execution-id: nec67fam86i0
05-29 02:16:13.050  2636  2797 I System.out: -> nel: {"report_to":"cf-nel","success_fraction":0.0,"max_age":604800}
05-29 02:16:13.050  2636  2797 I System.out: -> report-to: {"group":"cf-nel","max_age":604800,"endpoints":[{"url":"https://a.nel.cloudflare.com/report/v4?s=u3S1zyivKzgaKmjaYVSbsh5Eew%2Fck8NlT9Lz7Ojhgutu7%2FDl%2BPR97FZLosB%2F0aiWS8r%2BQF5ydWcaK4zpr9pEUXfpnd10qe0NVAiwwq8ZzJjcU6JjtmHcRE4F%2B3Ig"}]}
05-29 02:16:13.050  2636  2797 I System.out: -> server: cloudflare
05-29 02:16:13.050  2636  2797 I System.out: -> strict-transport-security: max-age=31556926
05-29 02:16:13.050  2636  2797 I System.out: -> transfer-encoding: chunked
05-29 02:16:13.050  2636  2797 I System.out: -> vary: Accept-Encoding,cookie,need-authorization, x-fh-requested-host, accept-encoding
05-29 02:16:13.050  2636  2797 I System.out: -> x-android-received-millis: 1780020972945
05-29 02:16:13.050  2636  2797 I System.out: -> x-android-response-source: NETWORK 200
05-29 02:16:13.050  2636  2797 I System.out: -> x-android-selected-protocol: http/1.1
05-29 02:16:13.050  2636  2797 I System.out: -> x-android-sent-millis: 1780020972921
05-29 02:16:13.050  2636  2797 I System.out: -> x-cache: MISS
05-29 02:16:13.050  2636  2797 I System.out: -> x-cache-hits: 0
05-29 02:16:13.050  2636  2797 I System.out: -> x-cloud-trace-context: 26f30e6f697d37445b019bdbc9f15367
05-29 02:16:13.050  2636  2797 I System.out: -> x-country-code: US
05-29 02:16:13.050  2636  2797 I System.out: -> x-powered-by: Express
05-29 02:16:13.050  2636  2797 I System.out: -> x-served-by: cache-dfw-kdfw8210112-DFW
05-29 02:16:13.050  2636  2797 I System.out: -> x-timer: S1769785671.858082,VS0,VE639
05-29 02:16:13.050  2636  2797 I System.out: BODY Content-Type: application/json; charset=utf-8
05-29 02:16:13.050  2636  2797 I System.out: BODY START
05-29 02:16:13.051  2636  2797 I System.out: {"abilities":[{"ability":{"name":"overgrow","url":"https://pokeapi.co/api/v2/ability/65/"},"is_hidden":false,"slot":1},{"ability":{"name":"chlorophyll","url":"https://pokeapi.co/api/v2/ability/34/"},"is_hidden":true,"slot":3}],"base_experience":142,"cries":{"latest":"https://raw.githubusercontent.com/PokeAPI/cries/main/cries/pokemon/latest/2.ogg","legacy":"https://raw.githubusercontent.com/PokeAPI/cries/main/cries/pokemon/legacy/2.ogg"},"forms":[{"name":"ivysaur","url":"https://pokeapi.co/api/v2/pokemon-form/2/"}],"game_indices":[{"game_index":9,"version":{"name":"red","url":"https://pokeapi.co/api/v2/version/1/"}},{"game_index":9,"version":{"name":"blue","url":"https://pokeapi.co/api/v2/version/2/"}},{"game_index":9,"version":{"name":"yellow","url":"https://pokeapi.co/api/v2/version/3/"}},{"game_index":2,"version":{"name":"gold","url":"https://pokeapi.co/api/v2/version/4/"}},{"game_index":2,"version":{"name":"silver","url":"https://pokeapi.co/api/v2/version/5/"}},{"game_index":2,"version":{"name":"crystal","url":"https://pokeapi.co/api/v2/version/6/"}},{"game_index":2,"version":{"name":"ruby","url":"https://pokeapi.co/api/v2/version/7/"}},{"game_index":2,"version":{"name":"sapphire","url":"https://pokeapi.co/api/v2/version/8/"}},{"game_index":2,"version":{"name":"emerald","url":"https://pokeapi.co/api/v2/version/9/"}},{"game_index":2,"version":{"name":"firered","url":"https://pokeapi.co/api/v2/version/10/"}},{"game_index":2,"version":{"name":"leafgreen","url":"https://pokeapi.co/api/v2/version/11/"}},{"game_index":2,"version":{"name":"diamond","url":"https://pokeapi.co/api/v2/version/12/"}},{"game_index":2,"version":{"name":"pearl","url":"https://pokeapi.co/api/v2/version/13/"}},{"game_index":2,"version":{"name":"platinum","url":"https://pokeapi.co/api/v2/version/14/"}},{"game_index":2,"version":{"name":"heartgold","url":"https://pokeapi.co/api/v2/version/15/"}},{"game_index":2,"version":{"name":"soulsilver","url":"https://pokeapi.co/api/v2/version/16/"}},{"game_index":2,"version":{"name":"black","url":"https://pokeapi.co/api/v2/version/17/"}},{"game_index":2,"version":{"name":"white","url":"https://pokeapi.co/api/v2/version/18/"}},{"game_index":2,"version":{"name":"black-2","url":"https://pokeapi.co/api/v2/version/21/"}},{"game_index":2,"version":{"name":"white-2","url":"https://pokeapi.co/api/v2/version/22/"}}],"height":10,"held_items":[],"id":2,"is_default":true,"location_area_encounters":"https://pokeapi.co/api/v2/pokemon/2/encounters","moves":[{"move":{"name":"swords-dance","url":"https://pokeapi.co/api/v2/move/14/"},"version_group_details":[{"level_learned_at":0,"move_learn_method":{"name":"machine","url":"https://pokeapi.co/api/v2/move-learn-method/4/"},"order":null,"version_group":{"name":"red-blue","url":"https://pokeapi.co/api/v2/version-group/1/"}},{"level_learned_at":0,"move_learn_method":{"name":"machine","url":"https://pokeapi.co/api/v2/move-learn-method/4/"},"order":null,"version_group":{"name":"yellow","url":"https://pokeapi.co/api/v2/version-group/2/"}},{"level_learned_at":0,"move_learn_method":{"name":"tutor","url":"https://pokeapi.co/api/v2/move-learn-method/3/"},"order":null,"version_group":{"name":"emerald","url":"https://pokeapi.co/api/v2/version-group/6/"}},{"level_learned_at":0,"move_learn_method":{"name":"tutor","url":"https://pokeapi.co/api/v2/move-learn-method/3/"},"order":null,"version_group":{"name":"firered-leafgreen","url":"https://pokeapi.co/api/v2/version-group/7/"}},{"level_learned_at":0,"move_learn_method":{"name":"machine","url":"https://pokeapi.co/api/v2/move-learn-method/4/"},"order":null,"version_group":{"name":"diamond-pearl","url":"https://pokeapi.co/api/v2/version-group/8/"}},{"level_learned_at":0,"move_learn_method":{"name":"machine","url":"https://pokeapi.co/api/v2/move-learn-method/4/"},"order":null,"version_group":{"name":"platinum","url":"https://pokeapi.co/api/v2/version-group/9/"}},{"level_learned_at":0,"move_learn_method":{"name":"machine","url":"https://pokeapi.co/api/v2/move-learn-method/4/"},"order":null,"version_group":{"name"
05-29 02:16:13.051  2636  2797 I System.out: BODY END
05-29 02:16:14.469   159   159 I hwservicemanager: getTransport: Cannot find entry android.hardware.graphics.mapper@4.0::IMapper/default in either framework or device manifest.
05-29 02:16:14.469  4228  4228 I Gralloc4: mapper 4.x is not supported
05-29 02:16:14.538  4232  4234 I cmd     : oneway function results will be dropped but finished with status OK and parcel size 4
05-29 02:16:14.568  1392  2463 I MediaProvider: Deleted 1 items on external_primary due to com.android.shell
05-29 02:16:14.604  4243  4245 I cmd     : oneway function results will be dropped but finished with status OK and parcel size 4
05-29 02:16:14.782   159   159 I hwservicemanager: getTransport: Cannot find entry android.hardware.graphics.mapper@4.0::IMapper/default in either framework or device manifest.
05-29 02:16:14.783  4267  4267 I Gralloc4: mapper 4.x is not supported
05-29 02:16:14.847  4271  4273 I cmd     : oneway function results will be dropped but finished with status OK and parcel size 4
05-29 02:16:14.876  1392  2463 I MediaProvider: Deleted 1 items on external_primary due to com.android.shell
05-29 02:16:14.908  4282  4284 I cmd     : oneway function results will be dropped but finished with status OK and parcel size 4
05-29 02:16:15.063   159   159 I hwservicemanager: getTransport: Cannot find entry android.hardware.graphics.mapper@4.0::IMapper/default in either framework or device manifest.
05-29 02:16:15.063  4304  4304 I Gralloc4: mapper 4.x is not supported
05-29 02:16:15.130  4308  4310 I cmd     : oneway function results will be dropped but finished with status OK and parcel size 4
05-29 02:16:15.157  1392  1551 I MediaProvider: Deleted 1 items on external_primary due to com.android.shell
05-29 02:16:15.192  4319  4321 I cmd     : oneway function results will be dropped but finished with status OK and parcel size 4
05-29 02:16:15.257  4334  4336 I cmd     : oneway function results will be dropped but finished with status OK and parcel size 4
05-29 02:16:15.318  4349  4351 I cmd     : oneway function results will be dropped but finished with status OK and parcel size 4
05-29 02:16:15.486  4376  4376 E libc    : Access denied finding property "persist.device_config.runtime_native_boot.profilebootclasspath"
05-29 02:16:15.486  4376  4376 E libc    : Access denied finding property "persist.device_config.runtime_native_boot.enable_apex_image"
05-29 02:16:15.486  4376  4376 I AndroidRuntime: Using default boot image
05-29 02:16:15.486  4376  4376 E libc    : Access denied finding property "persist.device_config.runtime_native_boot.disable_lock_profiling"
05-29 02:16:15.486  4376  4376 I AndroidRuntime: Leaving lock profiling enabled
05-29 02:16:15.486  4376  4376 E libc    : Access denied finding property "persist.device_config.runtime_native_boot.enable_generational_cc"
05-29 02:16:15.488  4376  4376 I app_process: Core platform API reporting enabled, enforcing=false
05-29 02:16:15.484  4376  4376 W app_process: type=1400 audit(0.0:82): avc: denied { read } for name="u:object_r:device_config_runtime_native_boot_prop:s0" dev="tmpfs" ino=8297 scontext=u:r:shell:s0 tcontext=u:object_r:device_config_runtime_native_boot_prop:s0 tclass=file permissive=0
05-29 02:16:15.484  4376  4376 W app_process: type=1400 audit(0.0:84): avc: denied { read } for name="u:object_r:device_config_runtime_native_boot_prop:s0" dev="tmpfs" ino=8297 scontext=u:r:shell:s0 tcontext=u:object_r:device_config_runtime_native_boot_prop:s0 tclass=file permissive=0
05-29 02:16:15.541  4376  4376 W app_process: Unexpected CPU variant for X86 using defaults: x86_64
05-29 02:16:15.542  4376  4376 I app_process: The ClassLoaderContext is a special shared library.
05-29 02:16:15.550  4376  4376 W app_process: JNI RegisterNativeMethods: attempt to register 0 native methods for android.media.AudioAttributes
05-29 02:16:15.484  4376  4376 W app_process: type=1400 audit(0.0:85): avc: denied { read } for name="u:object_r:device_config_runtime_native_boot_prop:s0" dev="tmpfs" ino=8297 scontext=u:r:shell:s0 tcontext=u:object_r:device_config_runtime_native_boot_prop:s0 tclass=file permissive=0
05-29 02:16:15.980  1392  1920 E SQLiteDatabase: Error inserting format=12289 owner_package_name=null parent=-1 volume_name=internal date_modified=1683213674 _display_name=media _data=/product/media is_download=0 relative_path=null
05-29 02:16:15.980  1392  1920 E SQLiteDatabase: android.database.sqlite.SQLiteDatabaseLockedException: database is locked (code 5 SQLITE_BUSY)
05-29 02:16:15.980  1392  1920 E SQLiteDatabase: 	at android.database.sqlite.SQLiteConnection.nativeExecuteForLastInsertedRowId(Native Method)
05-29 02:16:15.980  1392  1920 E SQLiteDatabase: 	at android.database.sqlite.SQLiteConnection.executeForLastInsertedRowId(SQLiteConnection.java:938)
05-29 02:16:15.980  1392  1920 E SQLiteDatabase: 	at android.database.sqlite.SQLiteSession.executeForLastInsertedRowId(SQLiteSession.java:790)
05-29 02:16:15.980  1392  1920 E SQLiteDatabase: 	at android.database.sqlite.SQLiteStatement.executeInsert(SQLiteStatement.java:88)
05-29 02:16:15.980  1392  1920 E SQLiteDatabase: 	at android.database.sqlite.SQLiteDatabase.insertWithOnConflict(SQLiteDatabase.java:1701)
05-29 02:16:15.980  1392  1920 E SQLiteDatabase: 	at android.database.sqlite.SQLiteDatabase.insert(SQLiteDatabase.java:1570)
05-29 02:16:15.980  1392  1920 E SQLiteDatabase: 	at com.android.providers.media.MediaProvider.insertDirectory(MediaProvider.java:2773)
05-29 02:16:15.980  1392  1920 E SQLiteDatabase: 	at com.android.providers.media.MediaProvider.getParent(MediaProvider.java:2794)
05-29 02:16:15.980  1392  1920 E SQLiteDatabase: 	at com.android.providers.media.MediaProvider.insertDirectory(MediaProvider.java:2763)
05-29 02:16:15.980  1392  1920 E SQLiteDatabase: 	at com.android.providers.media.MediaProvider.getParent(MediaProvider.java:2794)
05-29 02:16:15.980  1392  1920 E SQLiteDatabase: 	at com.android.providers.media.MediaProvider.lambda$insertAllowingUpsert$14(MediaProvider.java:3060)
05-29 02:16:15.980  1392  1920 E SQLiteDatabase: 	at com.android.providers.media.MediaProvider.lambda$insertAllowingUpsert$14$MediaProvider(Unknown Source:0)
05-29 02:16:15.980  1392  1920 E SQLiteDatabase: 	at com.android.providers.media.-$$Lambda$MediaProvider$FjHWs2-fjgG761OzVFzdTX4EWZg.apply(Unknown Source:13)
05-29 02:16:15.980  1392  1920 E SQLiteDatabase: 	at com.android.providers.media.DatabaseHelper.runWithTransaction(DatabaseHelper.java:555)
05-29 02:16:15.980  1392  1920 E SQLiteDatabase: 	at com.android.providers.media.MediaProvider.insertAllowingUpsert(MediaProvider.java:3056)
05-29 02:16:15.980  1392  1920 E SQLiteDatabase: 	at com.android.providers.media.MediaProvider.insertFile(MediaProvider.java:3038)
05-29 02:16:15.980  1392  1920 E SQLiteDatabase: 	at com.android.providers.media.MediaProvider.insertInternal(MediaProvider.java:3470)
05-29 02:16:15.980  1392  1920 E SQLiteDatabase: 	at com.android.providers.media.MediaProvider.insert(MediaProvider.java:3198)
05-29 02:16:15.980  1392  1920 E SQLiteDatabase: 	at android.content.ContentProviderOperation.applyInternal(ContentProviderOperation.java:375)
05-29 02:16:15.980  1392  1920 E SQLiteDatabase: 	at android.content.ContentProviderOperation.apply(ContentProviderOperation.java:347)
05-29 02:16:15.980  1392  1920 E SQLiteDatabase: 	at android.content.ContentProvider.applyBatch(ContentProvider.java:2422)
05-29 02:16:15.980  1392  1920 E SQLiteDatabase: 	at com.android.providers.media.MediaProvider.applyBatch(MediaProvider.java:3522)
05-29 02:16:15.980  1392  1920 E SQLiteDatabase: 	at android.content.ContentProvider.applyBatch(ContentProvider.java:2413)
05-29 02:16:15.980  1392  1920 E SQLiteDatabase: 	at android.content.ContentResolver.applyBatch(ContentResolver.java:2186)
05-29 02:16:15.980  1392  1920 E SQLiteDatabase: 	at com.android.providers.media.scan.ModernMediaScanner$Scan.applyPending(ModernMediaScanner.java:699)
05-29 02:16:15.980  1392  1920 E SQLiteDatabase: 	at com.android.providers.media.scan.ModernMediaScanner$Scan.maybeApplyPending(ModernMediaScanner.java:689)
05-29 02:16:15.980  1392  1920 E SQLiteDatabase: 	at com.android.providers.media.scan.ModernMediaScanner$Scan.visitFile(ModernMediaScanner.java:649)
05-29 02:16:15.980  1392  1920 E SQLiteDatabase: 	at com.android.providers.media.scan.ModernMediaScanner$Scan.visitFile(ModernMediaScanner.java:272)
05-29 02:16:15.980  1392  1920 E SQLiteDatabase: 	at java.nio.file.Files.walkFileTree(Files.java:2670)
05-29 02:16:15.980  1392  1920 E SQLiteDatabase: 	at java.nio.file.Files.walkFileTree(Files.java:2742)
05-29 02:16:15.980  1392  1920 E SQLiteDatabase: 	at com.android.providers.media.scan.ModernMediaScanner$Scan.walkFileTree(ModernMediaScanner.java:366)
05-29 02:16:15.980  1392  1920 E SQLiteDatabase: 	at com.android.providers.media.scan.ModernMediaScanner$Scan.run(ModernMediaScanner.java:329)
05-29 02:16:15.980  1392  1920 E SQLiteDatabase: 	at com.android.providers.media.scan.ModernMediaScanner.scanDirectory(ModernMediaScanner.java:226)
05-29 02:16:15.980  1392  1920 E SQLiteDatabase: 	at com.android.providers.media.MediaProvider.scanDirectory(MediaProvider.java:1111)
05-29 02:16:15.980  1392  1920 E SQLiteDatabase: 	at com.android.providers.media.MediaService.onScanVolume(MediaService.java:148)
05-29 02:16:15.980  1392  1920 E SQLiteDatabase: 	at com.android.providers.media.MediaService.onScanVolume(MediaService.java:117)
05-29 02:16:15.980  1392  1920 E SQLiteDatabase: 	at com.android.providers.media.MediaService.onScanVolume(MediaService.java:108)
05-29 02:16:15.980  1392  1920 E SQLiteDatabase: 	at com.android.providers.media.MediaService.onHandleWork(MediaService.java:71)
05-29 02:16:15.980  1392  1920 E SQLiteDatabase: 	at androidx.core.app.JobIntentService$CommandProcessor.doInBackground(JobIntentService.java:391)
05-29 02:16:15.980  1392  1920 E SQLiteDatabase: 	at androidx.core.app.JobIntentService$CommandProcessor.doInBackground(JobIntentService.java:382)
05-29 02:16:15.980  1392  1920 E SQLiteDatabase: 	at android.os.AsyncTask$3.call(AsyncTask.java:394)
05-29 02:16:15.980  1392  1920 E SQLiteDatabase: 	at java.util.concurrent.FutureTask.run(FutureTask.java:266)
05-29 02:16:15.980  1392  1920 E SQLiteDatabase: 	at java.util.concurrent.ThreadPoolExecutor.runWorker(ThreadPoolExecutor.java:1167)
05-29 02:16:15.980  1392  1920 E SQLiteDatabase: 	at java.util.concurrent.ThreadPoolExecutor$Worker.run(ThreadPoolExecutor.java:641)
05-29 02:16:15.980  1392  1920 E SQLiteDatabase: 	at java.lang.Thread.run(Thread.java:923)
05-29 02:16:17.304   159   159 I hwservicemanager: getTransport: Cannot find entry android.hardware.graphics.mapper@4.0::IMapper/default in either framework or device manifest.
05-29 02:16:17.304  4409  4409 I Gralloc4: mapper 4.x is not supported
05-29 02:16:17.402  1392  1551 I MediaProvider: Deleted 1 items on external_primary due to com.android.shell
05-29 02:16:17.434  4424  4426 I cmd     : oneway function results will be dropped but finished with status OK and parcel size 4
05-29 02:16:17.582   159   159 I hwservicemanager: getTransport: Cannot find entry android.hardware.graphics.mapper@4.0::IMapper/default in either framework or device manifest.
05-29 02:16:17.582  4446  4446 I Gralloc4: mapper 4.x is not supported
05-29 02:16:17.653  4450  4452 I cmd     : oneway function results will be dropped but finished with status OK and parcel size 4
05-29 02:16:17.684  1392  2463 I MediaProvider: Deleted 1 items on external_primary due to com.android.shell
05-29 02:16:17.717  4461  4463 I cmd     : oneway function results will be dropped but finished with status OK and parcel size 4
05-29 02:16:17.895   159   159 I hwservicemanager: getTransport: Cannot find entry android.hardware.graphics.mapper@4.0::IMapper/default in either framework or device manifest.
05-29 02:16:17.895  4485  4485 I Gralloc4: mapper 4.x is not supported
05-29 02:16:17.993  1392  1551 I MediaProvider: Deleted 1 items on external_primary due to com.android.shell
05-29 02:16:18.023  4500  4502 I cmd     : oneway function results will be dropped but finished with status OK and parcel size 4
05-29 02:16:18.083  4515  4517 I cmd     : oneway function results will be dropped but finished with status OK and parcel size 4
05-29 02:16:18.142  4530  4532 I cmd     : oneway function results will be dropped but finished with status OK and parcel size 4
05-29 02:16:18.201  4545  4547 I cmd     : oneway function results will be dropped but finished with status OK and parcel size 4
05-29 02:16:18.294  4557  4557 E libc    : Access denied finding property "persist.device_config.runtime_native_boot.profilebootclasspath"
05-29 02:16:18.294  4557  4557 E libc    : Access denied finding property "persist.device_config.runtime_native_boot.enable_apex_image"
05-29 02:16:18.294  4557  4557 I AndroidRuntime: Using default boot image
05-29 02:16:18.294  4557  4557 E libc    : Access denied finding property "persist.device_config.runtime_native_boot.disable_lock_profiling"
05-29 02:16:18.294  4557  4557 I AndroidRuntime: Leaving lock profiling enabled
05-29 02:16:18.294  4557  4557 E libc    : Access denied finding property "persist.device_config.runtime_native_boot.enable_generational_cc"
05-29 02:16:18.295  4557  4557 I app_process: Core platform API reporting enabled, enforcing=false
05-29 02:16:18.292  4557  4557 W app_process: type=1400 audit(0.0:86): avc: denied { read } for name="u:object_r:device_config_runtime_native_boot_prop:s0" dev="tmpfs" ino=8297 scontext=u:r:shell:s0 tcontext=u:object_r:device_config_runtime_native_boot_prop:s0 tclass=file permissive=0
05-29 02:16:18.292  4557  4557 W app_process: type=1400 audit(0.0:88): avc: denied { read } for name="u:object_r:device_config_runtime_native_boot_prop:s0" dev="tmpfs" ino=8297 scontext=u:r:shell:s0 tcontext=u:object_r:device_config_runtime_native_boot_prop:s0 tclass=file permissive=0
05-29 02:16:18.346  4557  4557 W app_process: Unexpected CPU variant for X86 using defaults: x86_64
05-29 02:16:18.347  4557  4557 I app_process: The ClassLoaderContext is a special shared library.
05-29 02:16:18.353  4557  4557 W app_process: JNI RegisterNativeMethods: attempt to register 0 native methods for android.media.AudioAttributes
05-29 02:16:18.292  4557  4557 W app_process: type=1400 audit(0.0:89): avc: denied { read } for name="u:object_r:device_config_runtime_native_boot_prop:s0" dev="tmpfs" ino=8297 scontext=u:r:shell:s0 tcontext=u:object_r:device_config_runtime_native_boot_prop:s0 tclass=file permissive=0
05-29 02:16:18.390  2085  2085 E AccessibilityInteractionClient: 3 Disconnected nodes.
05-29 02:16:19.466  1392  1920 E SQLiteDatabase: Error inserting format=12289 owner_package_name=null parent=-1 volume_name=internal date_modified=1683213674 _display_name=audio _data=/product/media/audio is_download=0 relative_path=null
05-29 02:16:19.466  1392  1920 E SQLiteDatabase: android.database.sqlite.SQLiteDatabaseLockedException: database is locked (code 5 SQLITE_BUSY)
05-29 02:16:19.466  1392  1920 E SQLiteDatabase: 	at android.database.sqlite.SQLiteConnection.nativeExecuteForLastInsertedRowId(Native Method)
05-29 02:16:19.466  1392  1920 E SQLiteDatabase: 	at android.database.sqlite.SQLiteConnection.executeForLastInsertedRowId(SQLiteConnection.java:938)
05-29 02:16:19.466  1392  1920 E SQLiteDatabase: 	at android.database.sqlite.SQLiteSession.executeForLastInsertedRowId(SQLiteSession.java:790)
05-29 02:16:19.466  1392  1920 E SQLiteDatabase: 	at android.database.sqlite.SQLiteStatement.executeInsert(SQLiteStatement.java:88)
05-29 02:16:19.466  1392  1920 E SQLiteDatabase: 	at android.database.sqlite.SQLiteDatabase.insertWithOnConflict(SQLiteDatabase.java:1701)
05-29 02:16:19.466  1392  1920 E SQLiteDatabase: 	at android.database.sqlite.SQLiteDatabase.insert(SQLiteDatabase.java:1570)
05-29 02:16:19.466  1392  1920 E SQLiteDatabase: 	at com.android.providers.media.MediaProvider.insertDirectory(MediaProvider.java:2773)
05-29 02:16:19.466  1392  1920 E SQLiteDatabase: 	at com.android.providers.media.MediaProvider.getParent(MediaProvider.java:2794)
05-29 02:16:19.466  1392  1920 E SQLiteDatabase: 	at com.android.providers.media.MediaProvider.lambda$insertAllowingUpsert$14(MediaProvider.java:3060)
05-29 02:16:19.466  1392  1920 E SQLiteDatabase: 	at com.android.providers.media.MediaProvider.lambda$insertAllowingUpsert$14$MediaProvider(Unknown Source:0)
05-29 02:16:19.466  1392  1920 E SQLiteDatabase: 	at com.android.providers.media.-$$Lambda$MediaProvider$FjHWs2-fjgG761OzVFzdTX4EWZg.apply(Unknown Source:13)
05-29 02:16:19.466  1392  1920 E SQLiteDatabase: 	at com.android.providers.media.DatabaseHelper.runWithTransaction(DatabaseHelper.java:555)
05-29 02:16:19.466  1392  1920 E SQLiteDatabase: 	at com.android.providers.media.MediaProvider.insertAllowingUpsert(MediaProvider.java:3056)
05-29 02:16:19.466  1392  1920 E SQLiteDatabase: 	at com.android.providers.media.MediaProvider.insertFile(MediaProvider.java:3038)
05-29 02:16:19.466  1392  1920 E SQLiteDatabase: 	at com.android.providers.media.MediaProvider.insertInternal(MediaProvider.java:3470)
05-29 02:16:19.466  1392  1920 E SQLiteDatabase: 	at com.android.providers.media.MediaProvider.insert(MediaProvider.java:3198)
05-29 02:16:19.466  1392  1920 E SQLiteDatabase: 	at android.content.ContentProviderOperation.applyInternal(ContentProviderOperation.java:375)
05-29 02:16:19.466  1392  1920 E SQLiteDatabase: 	at android.content.ContentProviderOperation.apply(ContentProviderOperation.java:347)
05-29 02:16:19.466  1392  1920 E SQLiteDatabase: 	at android.content.ContentProvider.applyBatch(ContentProvider.java:2422)
05-29 02:16:19.466  1392  1920 E SQLiteDatabase: 	at com.android.providers.media.MediaProvider.applyBatch(MediaProvider.java:3522)
05-29 02:16:19.466  1392  1920 E SQLiteDatabase: 	at android.content.ContentProvider.applyBatch(ContentProvider.java:2413)
05-29 02:16:19.466  1392  1920 E SQLiteDatabase: 	at android.content.ContentResolver.applyBatch(ContentResolver.java:2186)
05-29 02:16:19.466  1392  1920 E SQLiteDatabase: 	at com.android.providers.media.scan.ModernMediaScanner$Scan.applyPending(ModernMediaScanner.java:699)
05-29 02:16:19.466  1392  1920 E SQLiteDatabase: 	at com.android.providers.media.scan.ModernMediaScanner$Scan.maybeApplyPending(ModernMediaScanner.java:689)
05-29 02:16:19.466  1392  1920 E SQLiteDatabase: 	at com.android.providers.media.scan.ModernMediaScanner$Scan.visitFile(ModernMediaScanner.java:649)
05-29 02:16:19.466  1392  1920 E SQLiteDatabase: 	at com.android.providers.media.scan.ModernMediaScanner$Scan.visitFile(ModernMediaScanner.java:272)
05-29 02:16:19.466  1392  1920 E SQLiteDatabase: 	at java.nio.file.Files.walkFileTree(Files.java:2670)
05-29 02:16:19.466  1392  1920 E SQLiteDatabase: 	at java.nio.file.Files.walkFileTree(Files.java:2742)
05-29 02:16:19.466  1392  1920 E SQLiteDatabase: 	at com.android.providers.media.scan.ModernMediaScanner$Scan.walkFileTree(ModernMediaScanner.java:366)
05-29 02:16:19.466  1392  1920 E SQLiteDatabase: 	at com.android.providers.media.scan.ModernMediaScanner$Scan.run(ModernMediaScanner.java:329)
05-29 02:16:19.466  1392  1920 E SQLiteDatabase: 	at com.android.providers.media.scan.ModernMediaScanner.scanDirectory(ModernMediaScanner.java:226)
05-29 02:16:19.466  1392  1920 E SQLiteDatabase: 	at com.android.providers.media.MediaProvider.scanDirectory(MediaProvider.java:1111)
05-29 02:16:19.466  1392  1920 E SQLiteDatabase: 	at com.android.providers.media.MediaService.onScanVolume(MediaService.java:148)
05-29 02:16:19.466  1392  1920 E SQLiteDatabase: 	at com.android.providers.media.MediaService.onScanVolume(MediaService.java:117)
05-29 02:16:19.466  1392  1920 E SQLiteDatabase: 	at com.android.providers.media.MediaService.onScanVolume(MediaService.java:108)
05-29 02:16:19.466  1392  1920 E SQLiteDatabase: 	at com.android.providers.media.MediaService.onHandleWork(MediaService.java:71)
05-29 02:16:19.466  1392  1920 E SQLiteDatabase: 	at androidx.core.app.JobIntentService$CommandProcessor.doInBackground(JobIntentService.java:391)
05-29 02:16:19.466  1392  1920 E SQLiteDatabase: 	at androidx.core.app.JobIntentService$CommandProcessor.doInBackground(JobIntentService.java:382)
05-29 02:16:19.466  1392  1920 E SQLiteDatabase: 	at android.os.AsyncTask$3.call(AsyncTask.java:394)
05-29 02:16:19.466  1392  1920 E SQLiteDatabase: 	at java.util.concurrent.FutureTask.run(FutureTask.java:266)
05-29 02:16:19.466  1392  1920 E SQLiteDatabase: 	at java.util.concurrent.ThreadPoolExecutor.runWorker(ThreadPoolExecutor.java:1167)
05-29 02:16:19.466  1392  1920 E SQLiteDatabase: 	at java.util.concurrent.ThreadPoolExecutor$Worker.run(ThreadPoolExecutor.java:641)
05-29 02:16:19.466  1392  1920 E SQLiteDatabase: 	at java.lang.Thread.run(Thread.java:923)
05-29 02:16:20.096   159   159 I hwservicemanager: getTransport: Cannot find entry android.hardware.graphics.mapper@4.0::IMapper/default in either framework or device manifest.
05-29 02:16:20.097  4591  4591 I Gralloc4: mapper 4.x is not supported
05-29 02:16:20.190  1392  2463 I MediaProvider: Deleted 1 items on external_primary due to com.android.shell
05-29 02:16:20.222  4606  4608 I cmd     : oneway function results will be dropped but finished with status OK and parcel size 4
05-29 02:16:20.383   159   159 I hwservicemanager: getTransport: Cannot find entry android.hardware.graphics.mapper@4.0::IMapper/default in either framework or device manifest.
05-29 02:16:20.384  4628  4628 I Gralloc4: mapper 4.x is not supported
05-29 02:16:20.480  1392  2463 I MediaProvider: Deleted 1 items on external_primary due to com.android.shell
05-29 02:16:20.515  4643  4645 I cmd     : oneway function results will be dropped but finished with status OK and parcel size 4
05-29 02:16:20.665   159   159 I hwservicemanager: getTransport: Cannot find entry android.hardware.graphics.mapper@4.0::IMapper/default in either framework or device manifest.
05-29 02:16:20.665  4665  4665 I Gralloc4: mapper 4.x is not supported
05-29 02:16:20.731  4669  4671 I cmd     : oneway function results will be dropped but finished with status OK and parcel size 4
05-29 02:16:20.757  1392  2463 I MediaProvider: Deleted 1 items on external_primary due to com.android.shell
05-29 02:16:20.789  4680  4682 I cmd     : oneway function results will be dropped but finished with status OK and parcel size 4
05-29 02:16:20.933  4712  4714 I cmd     : oneway function results will be dropped but finished with status OK and parcel size 4
05-29 02:16:20.991  4727  4729 I cmd     : oneway function results will be dropped but finished with status OK and parcel size 4
05-29 02:16:21.087  4739  4739 E libc    : Access denied finding property "persist.device_config.runtime_native_boot.profilebootclasspath"
05-29 02:16:21.087  4739  4739 E libc    : Access denied finding property "persist.device_config.runtime_native_boot.enable_apex_image"
05-29 02:16:21.087  4739  4739 I AndroidRuntime: Using default boot image
05-29 02:16:21.087  4739  4739 E libc    : Access denied finding property "persist.device_config.runtime_native_boot.disable_lock_profiling"
05-29 02:16:21.087  4739  4739 I AndroidRuntime: Leaving lock profiling enabled
05-29 02:16:21.087  4739  4739 E libc    : Access denied finding property "persist.device_config.runtime_native_boot.enable_generational_cc"
05-29 02:16:21.088  4739  4739 I app_process: Core platform API reporting enabled, enforcing=false
05-29 02:16:21.084  4739  4739 W app_process: type=1400 audit(0.0:90): avc: denied { read } for name="u:object_r:device_config_runtime_native_boot_prop:s0" dev="tmpfs" ino=8297 scontext=u:r:shell:s0 tcontext=u:object_r:device_config_runtime_native_boot_prop:s0 tclass=file permissive=0
05-29 02:16:21.138  4739  4739 W app_process: Unexpected CPU variant for X86 using defaults: x86_64
05-29 02:16:21.139  4739  4739 I app_process: The ClassLoaderContext is a special shared library.
05-29 02:16:21.084  4739  4739 W app_process: type=1400 audit(0.0:92): avc: denied { read } for name="u:object_r:device_config_runtime_native_boot_prop:s0" dev="tmpfs" ino=8297 scontext=u:r:shell:s0 tcontext=u:object_r:device_config_runtime_native_boot_prop:s0 tclass=file permissive=0
05-29 02:16:21.146  4739  4739 W app_process: JNI RegisterNativeMethods: attempt to register 0 native methods for android.media.AudioAttributes
05-29 02:16:21.084  4739  4739 W app_process: type=1400 audit(0.0:93): avc: denied { read } for name="u:object_r:device_config_runtime_native_boot_prop:s0" dev="tmpfs" ino=8297 scontext=u:r:shell:s0 tcontext=u:object_r:device_config_runtime_native_boot_prop:s0 tclass=file permissive=0
05-29 02:16:21.278  2085  2085 E AccessibilityInteractionClient: 3 Disconnected nodes.
05-29 02:16:22.903   159   159 I hwservicemanager: getTransport: Cannot find entry android.hardware.graphics.mapper@4.0::IMapper/default in either framework or device manifest.
05-29 02:16:22.904  4770  4770 I Gralloc4: mapper 4.x is not supported
05-29 02:16:22.976  4776  4778 I cmd     : oneway function results will be dropped but finished with status OK and parcel size 4
05-29 02:16:23.002  1392  1550 I MediaProvider: Deleted 1 items on external_primary due to com.android.shell
05-29 02:16:23.033  4787  4789 I cmd     : oneway function results will be dropped but finished with status OK and parcel size 4
05-29 02:16:23.199   159   159 I hwservicemanager: getTransport: Cannot find entry android.hardware.graphics.mapper@4.0::IMapper/default in either framework or device manifest.
05-29 02:16:23.199  4809  4809 I Gralloc4: mapper 4.x is not supported
05-29 02:16:23.323  1392  1551 I MediaProvider: Deleted 1 items on external_primary due to com.android.shell
05-29 02:16:23.357  4824  4826 I cmd     : oneway function results will be dropped but finished with status OK and parcel size 4
05-29 02:16:23.517   159   159 I hwservicemanager: getTransport: Cannot find entry android.hardware.graphics.mapper@4.0::IMapper/default in either framework or device manifest.
05-29 02:16:23.517  4846  4846 I Gralloc4: mapper 4.x is not supported
05-29 02:16:23.574  4850  4852 I cmd     : oneway function results will be dropped but finished with status OK and parcel size 4
05-29 02:16:23.600  1392  2463 I MediaProvider: Deleted 1 items on external_primary due to com.android.shell
05-29 02:16:23.632  4861  4863 I cmd     : oneway function results will be dropped but finished with status OK and parcel size 4
05-29 02:16:23.694  4876  4878 I cmd     : oneway function results will be dropped but finished with status OK and parcel size 4
05-29 02:16:23.753  4891  4893 I cmd     : oneway function results will be dropped but finished with status OK and parcel size 4
05-29 02:16:23.812  4906  4908 I cmd     : oneway function results will be dropped but finished with status OK and parcel size 4
05-29 02:16:23.908  4918  4918 E libc    : Access denied finding property "persist.device_config.runtime_native_boot.profilebootclasspath"
05-29 02:16:23.909  4918  4918 E libc    : Access denied finding property "persist.device_config.runtime_native_boot.enable_apex_image"
05-29 02:16:23.909  4918  4918 I AndroidRuntime: Using default boot image
05-29 02:16:23.909  4918  4918 E libc    : Access denied finding property "persist.device_config.runtime_native_boot.disable_lock_profiling"
05-29 02:16:23.909  4918  4918 I AndroidRuntime: Leaving lock profiling enabled
05-29 02:16:23.909  4918  4918 E libc    : Access denied finding property "persist.device_config.runtime_native_boot.enable_generational_cc"
05-29 02:16:23.910  4918  4918 I app_process: Core platform API reporting enabled, enforcing=false
05-29 02:16:23.908  4918  4918 W app_process: type=1400 audit(0.0:94): avc: denied { read } for name="u:object_r:device_config_runtime_native_boot_prop:s0" dev="tmpfs" ino=8297 scontext=u:r:shell:s0 tcontext=u:object_r:device_config_runtime_native_boot_prop:s0 tclass=file permissive=0
05-29 02:16:23.960  4918  4918 W app_process: Unexpected CPU variant for X86 using defaults: x86_64
05-29 02:16:23.961  4918  4918 I app_process: The ClassLoaderContext is a special shared library.
05-29 02:16:23.908  4918  4918 W app_process: type=1400 audit(0.0:96): avc: denied { read } for name="u:object_r:device_config_runtime_native_boot_prop:s0" dev="tmpfs" ino=8297 scontext=u:r:shell:s0 tcontext=u:object_r:device_config_runtime_native_boot_prop:s0 tclass=file permissive=0
05-29 02:16:23.968  4918  4918 W app_process: JNI RegisterNativeMethods: attempt to register 0 native methods for android.media.AudioAttributes
05-29 02:16:23.908  4918  4918 W app_process: type=1400 audit(0.0:97): avc: denied { read } for name="u:object_r:device_config_runtime_native_boot_prop:s0" dev="tmpfs" ino=8297 scontext=u:r:shell:s0 tcontext=u:object_r:device_config_runtime_native_boot_prop:s0 tclass=file permissive=0
05-29 02:16:25.721   159   159 I hwservicemanager: getTransport: Cannot find entry android.hardware.graphics.mapper@4.0::IMapper/default in either framework or device manifest.
05-29 02:16:25.721  4951  4951 I Gralloc4: mapper 4.x is not supported
05-29 02:16:25.809  1392  1550 I MediaProvider: Deleted 1 items on external_primary due to com.android.shell
05-29 02:16:25.842  4966  4968 I cmd     : oneway function results will be dropped but finished with status OK and parcel size 4
05-29 02:16:25.986   159   159 I hwservicemanager: getTransport: Cannot find entry android.hardware.graphics.mapper@4.0::IMapper/default in either framework or device manifest.
05-29 02:16:25.986  4988  4988 I Gralloc4: mapper 4.x is not supported
05-29 02:16:26.088  1392  1551 I MediaProvider: Deleted 1 items on external_primary due to com.android.shell
05-29 02:16:26.124  5005  5007 I cmd     : oneway function results will be dropped but finished with status OK and parcel size 4
05-29 02:16:26.271   159   159 I hwservicemanager: getTransport: Cannot find entry android.hardware.graphics.mapper@4.0::IMapper/default in either framework or device manifest.
05-29 02:16:26.271  5027  5027 I Gralloc4: mapper 4.x is not supported
05-29 02:16:26.332  5031  5033 I cmd     : oneway function results will be dropped but finished with status OK and parcel size 4
05-29 02:16:26.359  1392  1551 I MediaProvider: Deleted 1 items on external_primary due to com.android.shell
05-29 02:16:26.395  5042  5044 I cmd     : oneway function results will be dropped but finished with status OK and parcel size 4
05-29 02:16:26.431  1392  1920 E SQLiteDatabase: Error inserting format=12289 owner_package_name=null parent=-1 volume_name=internal date_modified=1683216921 _display_name=product _data=/product is_download=0 relative_path=null
05-29 02:16:26.431  1392  1920 E SQLiteDatabase: android.database.sqlite.SQLiteDatabaseLockedException: database is locked (code 5 SQLITE_BUSY)
05-29 02:16:26.431  1392  1920 E SQLiteDatabase: 	at android.database.sqlite.SQLiteConnection.nativeExecuteForLastInsertedRowId(Native Method)
05-29 02:16:26.431  1392  1920 E SQLiteDatabase: 	at android.database.sqlite.SQLiteConnection.executeForLastInsertedRowId(SQLiteConnection.java:938)
05-29 02:16:26.431  1392  1920 E SQLiteDatabase: 	at android.database.sqlite.SQLiteSession.executeForLastInsertedRowId(SQLiteSession.java:790)
05-29 02:16:26.431  1392  1920 E SQLiteDatabase: 	at android.database.sqlite.SQLiteStatement.executeInsert(SQLiteStatement.java:88)
