--------- beginning of main
05-29 02:15:40.049   506   602 I InputReader: Reconfiguring input devices, changes=KEYBOARD_LAYOUTS | 
05-29 02:15:40.049   506   601 I InputDispatcher: Dropping KEY event because there is no focused window or focused application in display 0.
05-29 02:15:40.050   506   651 W BestClock: java.time.DateTimeException: Missing NTP fix
--------- beginning of system
05-29 02:15:40.050   506   999 W InputManager: Input event injection from pid 1388 failed.
05-29 02:15:40.053   506   651 W BestClock: java.time.DateTimeException: Missing NTP fix
05-29 02:15:40.055   506   540 W WindowManager: Failed looking up window session=Session{c7e52dd 506:1000} callers=com.android.server.wm.WindowManagerService.windowForClientLocked:5425 com.android.server.wm.WindowManagerService.removeWindow:1892 com.android.server.wm.Session.remove:193 
05-29 02:15:40.069  1663  1663 W oid.documentsu: Unexpected CPU variant for X86 using defaults: x86_64
05-29 02:15:40.075   506   548 I ActivityManager: Start proc 1683:com.android.provision/u0a116 for top-activity {com.android.provision/com.android.provision.DefaultActivity}
05-29 02:15:40.080   506   506 I Telecom : PhoneAccountRegistrar: getSimCallManager: SimCallManager for subId 1 queried, returning: null: TSI.gSCMFU@AC4
05-29 02:15:40.082   506   651 W BestClock: java.time.DateTimeException: Missing NTP fix
05-29 02:15:40.085   506   546 W BestClock: java.time.DateTimeException: Missing NTP fix
05-29 02:15:40.087   391   398 I adbd    : jdwp connection from 1663
05-29 02:15:40.091  1663  1663 I oid.documentsu: The ClassLoaderContext is a special shared library.
05-29 02:15:40.094  1639  1639 I Dialer  : DialerExecutorModule.newThread - creating low priority thread
05-29 02:15:40.097  1639  1639 I Dialer  : CallLogConfigImpl.schedulePollingJob - scheduling
05-29 02:15:40.099  1683  1683 W droid.provisio: Unexpected CPU variant for X86 using defaults: x86_64
05-29 02:15:40.101   506   546 W BestClock: java.time.DateTimeException: Missing NTP fix
05-29 02:15:40.102   391   398 I adbd    : jdwp connection from 1683
05-29 02:15:40.103   281   281 I Zygote  : Process 1495 exited due to signal 9 (Killed)
05-29 02:15:40.104   506   549 I libprocessgroup: Successfully killed process cgroup uid 10117 pid 1495 in 108ms
05-29 02:15:40.105   506   548 I ActivityManager: Start proc 1713:android.process.acore/u0a63 for content provider {com.android.providers.blockednumber/com.android.providers.blockednumber.BlockedNumberProvider}
05-29 02:15:40.106   506  1701 W InputReader: Device virtio_input_multi_touch_10 is associated with display ADISPLAY_ID_NONE.
05-29 02:15:40.106   506  1701 W InputReader: Device virtio_input_multi_touch_7 is associated with display ADISPLAY_ID_NONE.
05-29 02:15:40.106   506  1701 W InputReader: Device virtio_input_multi_touch_11 is associated with display ADISPLAY_ID_NONE.
05-29 02:15:40.106   506  1701 W InputReader: Device virtio_input_multi_touch_5 is associated with display ADISPLAY_ID_NONE.
05-29 02:15:40.106   506  1701 W InputReader: Device virtio_input_multi_touch_2 is associated with display ADISPLAY_ID_NONE.
05-29 02:15:40.106   506  1701 W InputReader: Device virtio_input_multi_touch_6 is associated with display ADISPLAY_ID_NONE.
05-29 02:15:40.106   506  1701 W InputReader: Device virtio_input_multi_touch_3 is associated with display ADISPLAY_ID_NONE.
05-29 02:15:40.106   506  1701 W InputReader: Device virtio_input_multi_touch_8 is associated with display ADISPLAY_ID_NONE.
05-29 02:15:40.106   506  1701 W InputReader: Device virtio_input_multi_touch_9 is associated with display ADISPLAY_ID_NONE.
05-29 02:15:40.106   506  1701 W InputReader: Device virtio_input_multi_touch_4 is associated with display ADISPLAY_ID_NONE.
05-29 02:15:40.106   506  1701 W InputReader: Device virtio_input_multi_touch_10 is associated with display ADISPLAY_ID_NONE.
05-29 02:15:40.106   506  1701 W InputReader: Device virtio_input_multi_touch_7 is associated with display ADISPLAY_ID_NONE.
05-29 02:15:40.106   506  1701 W InputReader: Device virtio_input_multi_touch_11 is associated with display ADISPLAY_ID_NONE.
05-29 02:15:40.106   506  1701 W InputReader: Device virtio_input_multi_touch_5 is associated with display ADISPLAY_ID_NONE.
05-29 02:15:40.106   506  1701 W InputReader: Device virtio_input_multi_touch_2 is associated with display ADISPLAY_ID_NONE.
05-29 02:15:40.106   506  1701 W InputReader: Device virtio_input_multi_touch_6 is associated with display ADISPLAY_ID_NONE.
05-29 02:15:40.106   506  1701 W InputReader: Device virtio_input_multi_touch_3 is associated with display ADISPLAY_ID_NONE.
05-29 02:15:40.106   506  1701 W InputReader: Device virtio_input_multi_touch_8 is associated with display ADISPLAY_ID_NONE.
05-29 02:15:40.106   506  1701 W InputReader: Device virtio_input_multi_touch_9 is associated with display ADISPLAY_ID_NONE.
05-29 02:15:40.106   506  1701 W InputReader: Device virtio_input_multi_touch_4 is associated with display ADISPLAY_ID_NONE.
05-29 02:15:40.107  1639  1639 I Dialer  : DialerApplication.initializeAnnotatedCallLog - framework not enabled
05-29 02:15:40.108   506   651 W BestClock: java.time.DateTimeException: Missing NTP fix
05-29 02:15:40.118  1056  1056 I Telephony: Carrier-config changed, checking for phone account updates.
05-29 02:15:40.119   506   546 W BestClock: java.time.DateTimeException: Missing NTP fix
05-29 02:15:40.126  1683  1683 I droid.provisio: The ClassLoaderContext is a special shared library.
05-29 02:15:40.128  1056  1056 I Telephony: isRttCurrentlySupported -- regular acct, hasVoiceAvailability: false
05-29 02:15:40.128  1056  1056 I Telephony:  isRttSupported: false
05-29 02:15:40.128  1056  1056 I Telephony:  isRoaming: false
05-29 02:15:40.128  1056  1056 I Telephony:  isOnWfc: false
05-29 02:15:40.134  1713  1713 W d.process.acor: Unexpected CPU variant for X86 using defaults: x86_64
05-29 02:15:40.136   391   398 I adbd    : jdwp connection from 1713
05-29 02:15:40.138  1639  1639 I Dialer  : NotificationChannelManager.initChannels - doing an expensive initialization of all notification channels
05-29 02:15:40.138  1639  1639 I Dialer  : NotificationChannelManager.initChannels - desired channel IDs: {phone_ongoing_call, phone_incoming_call, phone_voicemail, phone_missed_call, phone_default}
05-29 02:15:40.138  1639  1639 I Dialer  : NotificationChannelManager.initChannels - existing channel IDs: {}
05-29 02:15:40.148   506  1701 I Telecom : PhoneAccountRegistrar: getSimCallManager: SimCallManager for subId 1 queried, returning: null: TSI.gDOPA@ADA
05-29 02:15:40.154  1713  1713 I d.process.acor: The ClassLoaderContext is a special shared library.
05-29 02:15:40.155  1639  1639 I Dialer  : LegacyVoicemailNotificationReceiver.onReceive - received legacy voicemail notification
05-29 02:15:40.155  1639  1639 I Dialer  : LegacyVoicemailNotificationReceiver.onReceive - isRefresh: false
05-29 02:15:40.159  1639  1639 I Dialer  : LegacyVoicemailNotificationReceiver.onReceive - clearing notification
05-29 02:15:40.159  1639  1639 I Dialer  : LegacyVoicemailNotifier.cancelNotification - enter
05-29 02:15:40.160  1663  1663 E ContextImpl: Tried to access visual service LayoutInflater from a non-visual Context:com.android.documentsui.DocumentsApplication@88592f4 Visual services, such as WindowManager, WallpaperService or LayoutInflater should be accessed from Activity or other visual Context. Use an Activity or a Context created with Context#createWindowContext(int, Bundle), which are adjusted to the configuration and visual bounds of an area on screen.
05-29 02:15:40.160  1663  1663 E ContextImpl: java.lang.IllegalAccessException: Tried to access visual service LayoutInflater from a non-visual Context:com.android.documentsui.DocumentsApplication@88592f4
05-29 02:15:40.160  1663  1663 E ContextImpl: 	at android.app.ContextImpl.getSystemService(ContextImpl.java:1914)
05-29 02:15:40.160  1663  1663 E ContextImpl: 	at android.content.ContextWrapper.getSystemService(ContextWrapper.java:803)
05-29 02:15:40.160  1663  1663 E ContextImpl: 	at android.view.LayoutInflater.from(LayoutInflater.java:282)
05-29 02:15:40.160  1663  1663 E ContextImpl: 	at com.android.documentsui.DragShadowBuilder.<init>(DragShadowBuilder.java:49)
05-29 02:15:40.160  1663  1663 E ContextImpl: 	at com.android.documentsui.DragAndDropManager$RuntimeDragAndDropManager.<init>(DragAndDropManager.java:195)
05-29 02:15:40.160  1663  1663 E ContextImpl: 	at com.android.documentsui.DragAndDropManager$RuntimeDragAndDropManager.<init>(DragAndDropManager.java:166)
05-29 02:15:40.160  1663  1663 E ContextImpl: 	at com.android.documentsui.DragAndDropManager.create(DragAndDropManager.java:163)
05-29 02:15:40.160  1663  1663 E ContextImpl: 	at com.android.documentsui.DocumentsApplication.onCreate(DocumentsApplication.java:145)
05-29 02:15:40.160  1663  1663 E ContextImpl: 	at android.app.Instrumentation.callApplicationOnCreate(Instrumentation.java:1192)
05-29 02:15:40.160  1663  1663 E ContextImpl: 	at android.app.ActivityThread.handleBindApplication(ActivityThread.java:6712)
05-29 02:15:40.160  1663  1663 E ContextImpl: 	at android.app.ActivityThread.access$1300(ActivityThread.java:237)
05-29 02:15:40.160  1663  1663 E ContextImpl: 	at android.app.ActivityThread$H.handleMessage(ActivityThread.java:1913)
05-29 02:15:40.160  1663  1663 E ContextImpl: 	at android.os.Handler.dispatchMessage(Handler.java:106)
05-29 02:15:40.160  1663  1663 E ContextImpl: 	at android.os.Looper.loop(Looper.java:223)
05-29 02:15:40.160  1663  1663 E ContextImpl: 	at android.app.ActivityThread.main(ActivityThread.java:7656)
05-29 02:15:40.160  1663  1663 E ContextImpl: 	at java.lang.reflect.Method.invoke(Native Method)
05-29 02:15:40.160  1663  1663 E ContextImpl: 	at com.android.internal.os.RuntimeInit$MethodAndArgsCaller.run(RuntimeInit.java:592)
05-29 02:15:40.160  1663  1663 E ContextImpl: 	at com.android.internal.os.ZygoteInit.main(ZygoteInit.java:947)
05-29 02:15:40.165  1663  1663 E ViewConfiguration: Tried to access UI constants from a non-visual Context:com.android.documentsui.DocumentsApplication@88592f4UI constants, such as display metrics or window metrics, must be accessed from Activity or other visual Context. Use an Activity or a Context created with Context#createWindowContext(int, Bundle), which are adjusted to the configuration and visual bounds of an area on screen
05-29 02:15:40.165  1663  1663 E ViewConfiguration: java.lang.IllegalArgumentException: Tried to access UI constants from a non-visual Context:com.android.documentsui.DocumentsApplication@88592f4
05-29 02:15:40.165  1663  1663 E ViewConfiguration: 	at android.view.ViewConfiguration.get(ViewConfiguration.java:510)
05-29 02:15:40.165  1663  1663 E ViewConfiguration: 	at android.view.View.<init>(View.java:5317)
05-29 02:15:40.165  1663  1663 E ViewConfiguration: 	at android.view.View.<init>(View.java:5467)
05-29 02:15:40.165  1663  1663 E ViewConfiguration: 	at android.view.ViewGroup.<init>(ViewGroup.java:697)
05-29 02:15:40.165  1663  1663 E ViewConfiguration: 	at android.widget.LinearLayout.<init>(LinearLayout.java:254)
05-29 02:15:40.165  1663  1663 E ViewConfiguration: 	at android.widget.LinearLayout.<init>(LinearLayout.java:250)
05-29 02:15:40.165  1663  1663 E ViewConfiguration: 	at android.widget.LinearLayout.<init>(LinearLayout.java:246)
05-29 02:15:40.165  1663  1663 E ViewConfiguration: 	at java.lang.reflect.Constructor.newInstance0(Native Method)
05-29 02:15:40.165  1663  1663 E ViewConfiguration: 	at java.lang.reflect.Constructor.newInstance(Constructor.java:343)
05-29 02:15:40.165  1663  1663 E ViewConfiguration: 	at android.view.LayoutInflater.createView(LayoutInflater.java:852)
05-29 02:15:40.165  1663  1663 E ViewConfiguration: 	at android.view.LayoutInflater.createView(LayoutInflater.java:774)
05-29 02:15:40.165  1663  1663 E ViewConfiguration: 	at com.android.internal.policy.PhoneLayoutInflater.onCreateView(PhoneLayoutInflater.java:58)
05-29 02:15:40.165  1663  1663 E ViewConfiguration: 	at android.view.LayoutInflater.onCreateView(LayoutInflater.java:928)
05-29 02:15:40.165  1663  1663 E ViewConfiguration: 	at android.view.LayoutInflater.onCreateView(LayoutInflater.java:948)
05-29 02:15:40.165  1663  1663 E ViewConfiguration: 	at android.view.LayoutInflater.createViewFromTag(LayoutInflater.java:1002)
05-29 02:15:40.165  1663  1663 E ViewConfiguration: 	at android.view.LayoutInflater.createViewFromTag(LayoutInflater.java:959)
05-29 02:15:40.165  1663  1663 E ViewConfiguration: 	at android.view.LayoutInflater.inflate(LayoutInflater.java:657)
05-29 02:15:40.165  1663  1663 E ViewConfiguration: 	at android.view.LayoutInflater.inflate(LayoutInflater.java:532)
05-29 02:15:40.165  1663  1663 E ViewConfiguration: 	at android.view.LayoutInflater.inflate(LayoutInflater.java:479)
05-29 02:15:40.165  1663  1663 E ViewConfiguration: 	at com.android.documentsui.DragShadowBuilder.<init>(DragShadowBuilder.java:49)
05-29 02:15:40.165  1663  1663 E ViewConfiguration: 	at com.android.documentsui.DragAndDropManager$RuntimeDragAndDropManager.<init>(DragAndDropManager.java:195)
05-29 02:15:40.165  1663  1663 E ViewConfiguration: 	at com.android.documentsui.DragAndDropManager$RuntimeDragAndDropManager.<init>(DragAndDropManager.java:166)
05-29 02:15:40.165  1663  1663 E ViewConfiguration: 	at com.android.documentsui.DragAndDropManager.create(DragAndDropManager.java:163)
05-29 02:15:40.165  1663  1663 E ViewConfiguration: 	at com.android.documentsui.DocumentsApplication.onCreate(DocumentsApplication.java:145)
05-29 02:15:40.165  1663  1663 E ViewConfiguration: 	at android.app.Instrumentation.callApplicationOnCreate(Instrumentation.java:1192)
05-29 02:15:40.165  1663  1663 E ViewConfiguration: 	at android.app.ActivityThread.handleBindApplication(ActivityThread.java:6712)
05-29 02:15:40.165  1663  1663 E ViewConfiguration: 	at android.app.ActivityThread.access$1300(ActivityThread.java:237)
05-29 02:15:40.165  1663  1663 E ViewConfiguration: 	at android.app.ActivityThread$H.handleMessage(ActivityThread.java:1913)
05-29 02:15:40.165  1663  1663 E ViewConfiguration: 	at android.os.Handler.dispatchMessage(Handler.java:106)
05-29 02:15:40.165  1663  1663 E ViewConfiguration: 	at android.os.Looper.loop(Looper.java:223)
05-29 02:15:40.165  1663  1663 E ViewConfiguration: 	at android.app.ActivityThread.main(ActivityThread.java:7656)
05-29 02:15:40.165  1663  1663 E ViewConfiguration: 	at java.lang.reflect.Method.invoke(Native Method)
05-29 02:15:40.165  1663  1663 E ViewConfiguration: 	at com.android.internal.os.RuntimeInit$MethodAndArgsCaller.run(RuntimeInit.java:592)
05-29 02:15:40.165  1663  1663 E ViewConfiguration: 	at com.android.internal.os.ZygoteInit.main(ZygoteInit.java:947)
05-29 02:15:40.165  1663  1663 E ContextImpl: Tried to access visual service WindowManager from a non-visual Context:com.android.documentsui.DocumentsApplication@88592f4 Visual services, such as WindowManager, WallpaperService or LayoutInflater should be accessed from Activity or other visual Context. Use an Activity or a Context created with Context#createWindowContext(int, Bundle), which are adjusted to the configuration and visual bounds of an area on screen.
05-29 02:15:40.165  1663  1663 E ContextImpl: java.lang.IllegalAccessException: Tried to access visual service WindowManager from a non-visual Context:com.android.documentsui.DocumentsApplication@88592f4
05-29 02:15:40.165  1663  1663 E ContextImpl: 	at android.app.ContextImpl.getSystemService(ContextImpl.java:1914)
05-29 02:15:40.165  1663  1663 E ContextImpl: 	at android.content.ContextWrapper.getSystemService(ContextWrapper.java:803)
05-29 02:15:40.165  1663  1663 E ContextImpl: 	at android.content.Context.getSystemService(Context.java:3705)
05-29 02:15:40.165  1663  1663 E ContextImpl: 	at android.view.ViewConfiguration.<init>(ViewConfiguration.java:422)
05-29 02:15:40.165  1663  1663 E ContextImpl: 	at android.view.ViewConfiguration.get(ViewConfiguration.java:520)
05-29 02:15:40.165  1663  1663 E ContextImpl: 	at android.view.View.<init>(View.java:5317)
05-29 02:15:40.165  1663  1663 E ContextImpl: 	at android.view.View.<init>(View.java:5467)
05-29 02:15:40.165  1663  1663 E ContextImpl: 	at android.view.ViewGroup.<init>(ViewGroup.java:697)
05-29 02:15:40.165  1663  1663 E ContextImpl: 	at android.widget.LinearLayout.<init>(LinearLayout.java:254)
05-29 02:15:40.165  1663  1663 E ContextImpl: 	at android.widget.LinearLayout.<init>(LinearLayout.java:250)
05-29 02:15:40.165  1663  1663 E ContextImpl: 	at android.widget.LinearLayout.<init>(LinearLayout.java:246)
05-29 02:15:40.165  1663  1663 E ContextImpl: 	at java.lang.reflect.Constructor.newInstance0(Native Method)
05-29 02:15:40.165  1663  1663 E ContextImpl: 	at java.lang.reflect.Constructor.newInstance(Constructor.java:343)
05-29 02:15:40.165  1663  1663 E ContextImpl: 	at android.view.LayoutInflater.createView(LayoutInflater.java:852)
05-29 02:15:40.165  1663  1663 E ContextImpl: 	at android.view.LayoutInflater.createView(LayoutInflater.java:774)
05-29 02:15:40.165  1663  1663 E ContextImpl: 	at com.android.internal.policy.PhoneLayoutInflater.onCreateView(PhoneLayoutInflater.java:58)
05-29 02:15:40.165  1663  1663 E ContextImpl: 	at android.view.LayoutInflater.onCreateView(LayoutInflater.java:928)
05-29 02:15:40.165  1663  1663 E ContextImpl: 	at android.view.LayoutInflater.onCreateView(LayoutInflater.java:948)
05-29 02:15:40.165  1663  1663 E ContextImpl: 	at android.view.LayoutInflater.createViewFromTag(LayoutInflater.java:1002)
05-29 02:15:40.165  1663  1663 E ContextImpl: 	at android.view.LayoutInflater.createViewFromTag(LayoutInflater.java:959)
05-29 02:15:40.165  1663  1663 E ContextImpl: 	at android.view.LayoutInflater.inflate(LayoutInflater.java:657)
05-29 02:15:40.165  1663  1663 E ContextImpl: 	at android.view.LayoutInflater.inflate(LayoutInflater.java:532)
05-29 02:15:40.165  1663  1663 E ContextImpl: 	at android.view.LayoutInflater.inflate(LayoutInflater.java:479)
05-29 02:15:40.165  1663  1663 E ContextImpl: 	at com.android.documentsui.DragShadowBuilder.<init>(DragShadowBuilder.java:49)
05-29 02:15:40.165  1663  1663 E ContextImpl: 	at com.android.documentsui.DragAndDropManager$RuntimeDragAndDropManager.<init>(DragAndDropManager.java:195)
05-29 02:15:40.165  1663  1663 E ContextImpl: 	at com.android.documentsui.DragAndDropManager$RuntimeDragAndDropManager.<init>(DragAndDropManager.java:166)
05-29 02:15:40.165  1663  1663 E ContextImpl: 	at com.android.documentsui.DragAndDropManager.create(DragAndDropManager.java:163)
05-29 02:15:40.165  1663  1663 E ContextImpl: 	at com.android.documentsui.DocumentsApplication.onCreate(DocumentsApplication.java:145)
05-29 02:15:40.165  1663  1663 E ContextImpl: 	at android.app.Instrumentation.callApplicationOnCreate(Instrumentation.java:1192)
05-29 02:15:40.165  1663  1663 E ContextImpl: 	at android.app.ActivityThread.handleBindApplication(ActivityThread.java:6712)
05-29 02:15:40.165  1663  1663 E ContextImpl: 	at android.app.ActivityThread.access$1300(ActivityThread.java:237)
05-29 02:15:40.165  1663  1663 E ContextImpl: 	at android.app.ActivityThread$H.handleMessage(ActivityThread.java:1913)
05-29 02:15:40.165  1663  1663 E ContextImpl: 	at android.os.Handler.dispatchMessage(Handler.java:106)
05-29 02:15:40.165  1663  1663 E ContextImpl: 	at android.os.Looper.loop(Looper.java:223)
05-29 02:15:40.165  1663  1663 E ContextImpl: 	at android.app.ActivityThread.main(ActivityThread.java:7656)
05-29 02:15:40.165  1663  1663 E ContextImpl: 	at java.lang.reflect.Method.invoke(Native Method)
05-29 02:15:40.165  1663  1663 E ContextImpl: 	at com.android.internal.os.RuntimeInit$MethodAndArgsCaller.run(RuntimeInit.java:592)
05-29 02:15:40.165  1663  1663 E ContextImpl: 	at com.android.internal.os.ZygoteInit.main(ZygoteInit.java:947)
05-29 02:15:40.168  1056  1056 I Telephony: reRegisterPstnPhoneAccount: subId: 1 - no change
05-29 02:15:40.168  1663  1663 E ViewConfiguration: Tried to access UI constants from a non-visual Context:com.android.documentsui.DocumentsApplication@88592f4UI constants, such as display metrics or window metrics, must be accessed from Activity or other visual Context. Use an Activity or a Context created with Context#createWindowContext(int, Bundle), which are adjusted to the configuration and visual bounds of an area on screen
05-29 02:15:40.168  1663  1663 E ViewConfiguration: java.lang.IllegalArgumentException: Tried to access UI constants from a non-visual Context:com.android.documentsui.DocumentsApplication@88592f4
05-29 02:15:40.168  1663  1663 E ViewConfiguration: 	at android.view.ViewConfiguration.get(ViewConfiguration.java:510)
05-29 02:15:40.168  1663  1663 E ViewConfiguration: 	at android.view.View.<init>(View.java:5317)
05-29 02:15:40.168  1663  1663 E ViewConfiguration: 	at android.view.View.<init>(View.java:5467)
05-29 02:15:40.168  1663  1663 E ViewConfiguration: 	at android.view.ViewGroup.<init>(ViewGroup.java:697)
05-29 02:15:40.168  1663  1663 E ViewConfiguration: 	at android.widget.LinearLayout.<init>(LinearLayout.java:254)
05-29 02:15:40.168  1663  1663 E ViewConfiguration: 	at android.widget.LinearLayout.<init>(LinearLayout.java:250)
05-29 02:15:40.168  1663  1663 E ViewConfiguration: 	at android.widget.LinearLayout.<init>(LinearLayout.java:246)
05-29 02:15:40.168  1663  1663 E ViewConfiguration: 	at java.lang.reflect.Constructor.newInstance0(Native Method)
05-29 02:15:40.168  1663  1663 E ViewConfiguration: 	at java.lang.reflect.Constructor.newInstance(Constructor.java:343)
05-29 02:15:40.168  1663  1663 E ViewConfiguration: 	at android.view.LayoutInflater.createView(LayoutInflater.java:852)
05-29 02:15:40.168  1663  1663 E ViewConfiguration: 	at android.view.LayoutInflater.createView(LayoutInflater.java:774)
05-29 02:15:40.168  1663  1663 E ViewConfiguration: 	at com.android.internal.policy.PhoneLayoutInflater.onCreateView(PhoneLayoutInflater.java:58)
05-29 02:15:40.168  1663  1663 E ViewConfiguration: 	at android.view.LayoutInflater.onCreateView(LayoutInflater.java:928)
05-29 02:15:40.168  1663  1663 E ViewConfiguration: 	at android.view.LayoutInflater.onCreateView(LayoutInflater.java:948)
05-29 02:15:40.168  1663  1663 E ViewConfiguration: 	at android.view.LayoutInflater.createViewFromTag(LayoutInflater.java:1002)
05-29 02:15:40.168  1663  1663 E ViewConfiguration: 	at android.view.LayoutInflater.createViewFromTag(LayoutInflater.java:959)
05-29 02:15:40.168  1663  1663 E ViewConfiguration: 	at android.view.LayoutInflater.rInflate(LayoutInflater.java:1121)
05-29 02:15:40.168  1663  1663 E ViewConfiguration: 	at android.view.LayoutInflater.rInflateChildren(LayoutInflater.java:1082)
05-29 02:15:40.168  1663  1663 E ViewConfiguration: 	at android.view.LayoutInflater.inflate(LayoutInflater.java:680)
05-29 02:15:40.168  1663  1663 E ViewConfiguration: 	at android.view.LayoutInflater.inflate(LayoutInflater.java:532)
05-29 02:15:40.168  1663  1663 E ViewConfiguration: 	at android.view.LayoutInflater.inflate(LayoutInflater.java:479)
05-29 02:15:40.168  1663  1663 E ViewConfiguration: 	at com.android.documentsui.DragShadowBuilder.<init>(DragShadowBuilder.java:49)
05-29 02:15:40.168  1663  1663 E ViewConfiguration: 	at com.android.documentsui.DragAndDropManager$RuntimeDragAndDropManager.<init>(DragAndDropManager.java:195)
05-29 02:15:40.168  1663  1663 E ViewConfiguration: 	at com.android.documentsui.DragAndDropManager$RuntimeDragAndDropManager.<init>(DragAndDropManager.java:166)
05-29 02:15:40.168  1663  1663 E ViewConfiguration: 	at com.android.documentsui.DragAndDropManager.create(DragAndDropManager.java:163)
05-29 02:15:40.168  1663  1663 E ViewConfiguration: 	at com.android.documentsui.DocumentsApplication.onCreate(DocumentsApplication.java:145)
05-29 02:15:40.168  1663  1663 E ViewConfiguration: 	at android.app.Instrumentation.callApplicationOnCreate(Instrumentation.java:1192)
05-29 02:15:40.168  1663  1663 E ViewConfiguration: 	at android.app.ActivityThread.handleBindApplication(ActivityThread.java:6712)
05-29 02:15:40.168  1663  1663 E ViewConfiguration: 	at android.app.ActivityThread.access$1300(ActivityThread.java:237)
05-29 02:15:40.168  1663  1663 E ViewConfiguration: 	at android.app.ActivityThread$H.handleMessage(ActivityThread.java:1913)
05-29 02:15:40.168  1663  1663 E ViewConfiguration: 	at android.os.Handler.dispatchMessage(Handler.java:106)
05-29 02:15:40.168  1663  1663 E ViewConfiguration: 	at android.os.Looper.loop(Looper.java:223)
05-29 02:15:40.168  1663  1663 E ViewConfiguration: 	at android.app.ActivityThread.main(ActivityThread.java:7656)
05-29 02:15:40.168  1663  1663 E ViewConfiguration: 	at java.lang.reflect.Method.invoke(Native Method)
05-29 02:15:40.168  1663  1663 E ViewConfiguration: 	at com.android.internal.os.RuntimeInit$MethodAndArgsCaller.run(RuntimeInit.java:592)
05-29 02:15:40.168  1663  1663 E ViewConfiguration: 	at com.android.internal.os.ZygoteInit.main(ZygoteInit.java:947)
05-29 02:15:40.169  1663  1663 E ViewConfiguration: Tried to access UI constants from a non-visual Context:com.android.documentsui.DocumentsApplication@88592f4UI constants, such as display metrics or window metrics, must be accessed from Activity or other visual Context. Use an Activity or a Context created with Context#createWindowContext(int, Bundle), which are adjusted to the configuration and visual bounds of an area on screen
05-29 02:15:40.169  1663  1663 E ViewConfiguration: java.lang.IllegalArgumentException: Tried to access UI constants from a non-visual Context:com.android.documentsui.DocumentsApplication@88592f4
05-29 02:15:40.169  1663  1663 E ViewConfiguration: 	at android.view.ViewConfiguration.get(ViewConfiguration.java:510)
05-29 02:15:40.169  1663  1663 E ViewConfiguration: 	at android.view.View.<init>(View.java:5317)
05-29 02:15:40.169  1663  1663 E ViewConfiguration: 	at android.view.View.<init>(View.java:5467)
05-29 02:15:40.169  1663  1663 E ViewConfiguration: 	at android.widget.ImageView.<init>(ImageView.java:195)
05-29 02:15:40.169  1663  1663 E ViewConfiguration: 	at android.widget.ImageView.<init>(ImageView.java:190)
05-29 02:15:40.169  1663  1663 E ViewConfiguration: 	at android.widget.ImageView.<init>(ImageView.java:186)
05-29 02:15:40.169  1663  1663 E ViewConfiguration: 	at com.android.documentsui.DropBadgeView.<init>(DropBadgeView.java:40)
05-29 02:15:40.169  1663  1663 E ViewConfiguration: 	at java.lang.reflect.Constructor.newInstance0(Native Method)
05-29 02:15:40.169  1663  1663 E ViewConfiguration: 	at java.lang.reflect.Constructor.newInstance(Constructor.java:343)
05-29 02:15:40.169  1663  1663 E ViewConfiguration: 	at android.view.LayoutInflater.createView(LayoutInflater.java:852)
05-29 02:15:40.169  1663  1663 E ViewConfiguration: 	at android.view.LayoutInflater.createViewFromTag(LayoutInflater.java:1004)
05-29 02:15:40.169  1663  1663 E ViewConfiguration: 	at android.view.LayoutInflater.parseInclude(LayoutInflater.java:1231)
05-29 02:15:40.169  1663  1663 E ViewConfiguration: 	at android.view.LayoutInflater.rInflate(LayoutInflater.java:1117)
05-29 02:15:40.169  1663  1663 E ViewConfiguration: 	at android.view.LayoutInflater.rInflateChildren(LayoutInflater.java:1082)
05-29 02:15:40.169  1663  1663 E ViewConfiguration: 	at android.view.LayoutInflater.rInflate(LayoutInflater.java:1124)
05-29 02:15:40.169  1663  1663 E ViewConfiguration: 	at android.view.LayoutInflater.rInflateChildren(LayoutInflater.java:1082)
05-29 02:15:40.169  1663  1663 E ViewConfiguration: 	at android.view.LayoutInflater.inflate(LayoutInflater.java:680)
05-29 02:15:40.169  1663  1663 E ViewConfiguration: 	at android.view.LayoutInflater.inflate(LayoutInflater.java:532)
05-29 02:15:40.169  1663  1663 E ViewConfiguration: 	at android.view.LayoutInflater.inflate(LayoutInflater.java:479)
05-29 02:15:40.169  1663  1663 E ViewConfiguration: 	at com.android.documentsui.DragShadowBuilder.<init>(DragShadowBuilder.java:49)
05-29 02:15:40.169  1663  1663 E ViewConfiguration: 	at com.android.documentsui.DragAndDropManager$RuntimeDragAndDropManager.<init>(DragAndDropManager.java:195)
05-29 02:15:40.169  1663  1663 E ViewConfiguration: 	at com.android.documentsui.DragAndDropManager$RuntimeDragAndDropManager.<init>(DragAndDropManager.java:166)
05-29 02:15:40.169  1663  1663 E ViewConfiguration: 	at com.android.documentsui.DragAndDropManager.create(DragAndDropManager.java:163)
05-29 02:15:40.169  1663  1663 E ViewConfiguration: 	at com.android.documentsui.DocumentsApplication.onCreate(DocumentsApplication.java:145)
05-29 02:15:40.169  1663  1663 E ViewConfiguration: 	at android.app.Instrumentation.callApplicationOnCreate(Instrumentation.java:1192)
05-29 02:15:40.169  1663  1663 E ViewConfiguration: 	at android.app.ActivityThread.handleBindApplication(ActivityThread.java:6712)
05-29 02:15:40.169  1663  1663 E ViewConfiguration: 	at android.app.ActivityThread.access$1300(ActivityThread.java:237)
05-29 02:15:40.169  1663  1663 E ViewConfiguration: 	at android.app.ActivityThread$H.handleMessage(ActivityThread.java:1913)
05-29 02:15:40.169  1663  1663 E ViewConfiguration: 	at android.os.Handler.dispatchMessage(Handler.java:106)
05-29 02:15:40.169  1663  1663 E ViewConfiguration: 	at android.os.Looper.loop(Looper.java:223)
05-29 02:15:40.169  1663  1663 E ViewConfiguration: 	at android.app.ActivityThread.main(ActivityThread.java:7656)
05-29 02:15:40.169  1663  1663 E ViewConfiguration: 	at java.lang.reflect.Method.invoke(Native Method)
05-29 02:15:40.169  1663  1663 E ViewConfiguration: 	at com.android.internal.os.RuntimeInit$MethodAndArgsCaller.run(RuntimeInit.java:592)
05-29 02:15:40.169  1663  1663 E ViewConfiguration: 	at com.android.internal.os.ZygoteInit.main(ZygoteInit.java:947)
05-29 02:15:40.171   506  1136 I ActivityTaskManager: START u0 {act=android.intent.action.MAIN cat=[android.intent.category.HOME] flg=0x10000100 cmp=com.android.launcher3/.uioverrides.QuickstepLauncher} from uid 0
05-29 02:15:40.173   506   546 W BestClock: java.time.DateTimeException: Missing NTP fix
05-29 02:15:40.181   506  1136 W InputReader: Device virtio_input_multi_touch_10 is associated with display ADISPLAY_ID_NONE.
05-29 02:15:40.181   506  1136 W InputReader: Device virtio_input_multi_touch_7 is associated with display ADISPLAY_ID_NONE.
05-29 02:15:40.181   506  1136 W InputReader: Device virtio_input_multi_touch_11 is associated with display ADISPLAY_ID_NONE.
05-29 02:15:40.181   506  1136 W InputReader: Device virtio_input_multi_touch_5 is associated with display ADISPLAY_ID_NONE.
05-29 02:15:40.181   506  1136 W InputReader: Device virtio_input_multi_touch_2 is associated with display ADISPLAY_ID_NONE.
05-29 02:15:40.181   506  1136 W InputReader: Device virtio_input_multi_touch_6 is associated with display ADISPLAY_ID_NONE.
05-29 02:15:40.181   506  1136 W InputReader: Device virtio_input_multi_touch_3 is associated with display ADISPLAY_ID_NONE.
05-29 02:15:40.181   506  1136 W InputReader: Device virtio_input_multi_touch_8 is associated with display ADISPLAY_ID_NONE.
05-29 02:15:40.181   506  1136 W InputReader: Device virtio_input_multi_touch_9 is associated with display ADISPLAY_ID_NONE.
05-29 02:15:40.181   506  1136 W InputReader: Device virtio_input_multi_touch_4 is associated with display ADISPLAY_ID_NONE.
05-29 02:15:40.181   506  1136 W InputReader: Device virtio_input_multi_touch_10 is associated with display ADISPLAY_ID_NONE.
05-29 02:15:40.181   506  1136 W InputReader: Device virtio_input_multi_touch_7 is associated with display ADISPLAY_ID_NONE.
05-29 02:15:40.181   506  1136 W InputReader: Device virtio_input_multi_touch_11 is associated with display ADISPLAY_ID_NONE.
05-29 02:15:40.181   506  1136 W InputReader: Device virtio_input_multi_touch_5 is associated with display ADISPLAY_ID_NONE.
05-29 02:15:40.181   506  1136 W InputReader: Device virtio_input_multi_touch_2 is associated with display ADISPLAY_ID_NONE.
05-29 02:15:40.181   506  1136 W InputReader: Device virtio_input_multi_touch_6 is associated with display ADISPLAY_ID_NONE.
05-29 02:15:40.181   506  1136 W InputReader: Device virtio_input_multi_touch_3 is associated with display ADISPLAY_ID_NONE.
05-29 02:15:40.181   506  1136 W InputReader: Device virtio_input_multi_touch_8 is associated with display ADISPLAY_ID_NONE.
05-29 02:15:40.181   506  1136 W InputReader: Device virtio_input_multi_touch_9 is associated with display ADISPLAY_ID_NONE.
05-29 02:15:40.181   506  1136 W InputReader: Device virtio_input_multi_touch_4 is associated with display ADISPLAY_ID_NONE.
05-29 02:15:40.181   506   651 W BestClock: java.time.DateTimeException: Missing NTP fix
05-29 02:15:40.185   739  1022 W Role    : com.android.sdksetup not qualified for android.app.role.HOME due to missing RequiredComponent{mIntentFilterData=IntentFilterData{mAction='android.intent.action.MAIN', mCategories='[android.intent.category.HOME]', mDataScheme='null', mDataType='null'}, mPermission='null'}
05-29 02:15:40.185   739  1022 I RoleControllerServiceImpl: Removing package that no longer qualifies for the role, package: com.android.sdksetup, role: android.app.role.HOME
05-29 02:15:40.190   506   651 W BestClock: java.time.DateTimeException: Missing NTP fix
05-29 02:15:40.191   506   651 W BestClock: java.time.DateTimeException: Missing NTP fix
05-29 02:15:40.192   942   942 E ContextImpl: Tried to access visual service WallpaperManager from a non-visual Context:android.app.Application@b6e5cbd Visual services, such as WindowManager, WallpaperService or LayoutInflater should be accessed from Activity or other visual Context. Use an Activity or a Context created with Context#createWindowContext(int, Bundle), which are adjusted to the configuration and visual bounds of an area on screen.
05-29 02:15:40.192   942   942 E ContextImpl: java.lang.IllegalAccessException: Tried to access visual service WallpaperManager from a non-visual Context:android.app.Application@b6e5cbd
05-29 02:15:40.192   942   942 E ContextImpl: 	at android.app.ContextImpl.getSystemService(ContextImpl.java:1914)
05-29 02:15:40.192   942   942 E ContextImpl: 	at android.content.ContextWrapper.getSystemService(ContextWrapper.java:803)
05-29 02:15:40.192   942   942 E ContextImpl: 	at android.content.Context.getSystemService(Context.java:3705)
05-29 02:15:40.192   942   942 E ContextImpl: 	at com.android.launcher3.uioverrides.WallpaperColorInfo.<init>(WallpaperColorInfo.java:55)
05-29 02:15:40.192   942   942 E ContextImpl: 	at com.android.launcher3.uioverrides.WallpaperColorInfo.lambda$tLetMNUhFw-gX6-W-n47DqKz3p0(Unknown Source:2)
05-29 02:15:40.192   942   942 E ContextImpl: 	at com.android.launcher3.uioverrides.-$$Lambda$WallpaperColorInfo$tLetMNUhFw-gX6-W-n47DqKz3p0.get(Unknown Source:0)
05-29 02:15:40.192   942   942 E ContextImpl: 	at com.android.launcher3.util.MainThreadInitializedObject.lambda$get$0$MainThreadInitializedObject(MainThreadInitializedObject.java:50)
05-29 02:15:40.192   942   942 E ContextImpl: 	at com.android.launcher3.util.-$$Lambda$MainThreadInitializedObject$31I13NSyZWlVLw9-SvduyHO4fhM.get(Unknown Source:4)
05-29 02:15:40.192   942   942 E ContextImpl: 	at com.android.launcher3.util.TraceHelper.whitelistIpcs(TraceHelper.java:84)
05-29 02:15:40.192   942   942 E ContextImpl: 	at com.android.launcher3.util.MainThreadInitializedObject.get(MainThreadInitializedObject.java:49)
05-29 02:15:40.192   942   942 E ContextImpl: 	at com.android.launcher3.BaseDraggingActivity.onCreate(BaseDraggingActivity.java:90)
05-29 02:15:40.192   942   942 E ContextImpl: 	at com.android.launcher3.Launcher.onCreate(Launcher.java:365)
05-29 02:15:40.192   942   942 E ContextImpl: 	at com.android.launcher3.BaseQuickstepLauncher.onCreate(BaseQuickstepLauncher.java:83)
05-29 02:15:40.192   942   942 E ContextImpl: 	at com.android.launcher3.uioverrides.QuickstepLauncher.onCreate(QuickstepLauncher.java:98)
05-29 02:15:40.192   942   942 E ContextImpl: 	at android.app.Activity.performCreate(Activity.java:7994)
05-29 02:15:40.192   942   942 E ContextImpl: 	at android.app.Activity.performCreate(Activity.java:7978)
05-29 02:15:40.192   942   942 E ContextImpl: 	at android.app.Instrumentation.callActivityOnCreate(Instrumentation.java:1309)
05-29 02:15:40.192   942   942 E ContextImpl: 	at android.app.ActivityThread.performLaunchActivity(ActivityThread.java:3422)
05-29 02:15:40.192   942   942 E ContextImpl: 	at android.app.ActivityThread.handleLaunchActivity(ActivityThread.java:3601)
05-29 02:15:40.192   942   942 E ContextImpl: 	at android.app.servertransaction.LaunchActivityItem.execute(LaunchActivityItem.java:85)
05-29 02:15:40.192   942   942 E ContextImpl: 	at android.app.servertransaction.TransactionExecutor.executeCallbacks(TransactionExecutor.java:135)
05-29 02:15:40.192   942   942 E ContextImpl: 	at android.app.servertransaction.TransactionExecutor.execute(TransactionExecutor.java:95)
05-29 02:15:40.192   942   942 E ContextImpl: 	at android.app.ActivityThread$H.handleMessage(ActivityThread.java:2066)
05-29 02:15:40.192   942   942 E ContextImpl: 	at android.os.Handler.dispatchMessage(Handler.java:106)
05-29 02:15:40.192   942   942 E ContextImpl: 	at android.os.Looper.loop(Looper.java:223)
05-29 02:15:40.192   942   942 E ContextImpl: 	at android.app.ActivityThread.main(ActivityThread.java:7656)
05-29 02:15:40.192   942   942 E ContextImpl: 	at java.lang.reflect.Method.invoke(Native Method)
05-29 02:15:40.192   942   942 E ContextImpl: 	at com.android.internal.os.RuntimeInit$MethodAndArgsCaller.run(RuntimeInit.java:592)
05-29 02:15:40.192   942   942 E ContextImpl: 	at com.android.internal.os.ZygoteInit.main(ZygoteInit.java:947)
05-29 02:15:40.194  1639  1639 I Dialer  : LegacyVoicemailNotificationReceiver.onReceive - received legacy voicemail notification
05-29 02:15:40.194  1639  1639 I Dialer  : LegacyVoicemailNotificationReceiver.onReceive - isRefresh: true
05-29 02:15:40.194  1639  1639 I Dialer  : LegacyVoicemailNotificationReceiver.onReceive - clearing notification
05-29 02:15:40.194  1639  1639 I Dialer  : LegacyVoicemailNotifier.cancelNotification - enter
05-29 02:15:40.196   506   651 W BestClock: java.time.DateTimeException: Missing NTP fix
05-29 02:15:40.203   739  1022 I RoleControllerServiceImpl: Adding package as default/fallback role holder, package: com.android.launcher3, role: android.app.role.HOME
05-29 02:15:40.204   506   534 I Telecom : PhoneAccountRegistrar: setUserSelectedOutgoingPhoneAccount: ComponentInfo{com.android.phone/com.android.services.telephony.TelephonyConnectionService}, ***, UserHandle{0}: TSI.sUSOPA@ADQ
05-29 02:15:40.206  1713  1713 I d.process.acor: The ClassLoaderContext is a special shared library.
05-29 02:15:40.210  1663  1663 E ViewConfiguration: Tried to access UI constants from a non-visual Context:com.android.documentsui.DocumentsApplication@88592f4UI constants, such as display metrics or window metrics, must be accessed from Activity or other visual Context. Use an Activity or a Context created with Context#createWindowContext(int, Bundle), which are adjusted to the configuration and visual bounds of an area on screen
05-29 02:15:40.210  1663  1663 E ViewConfiguration: java.lang.IllegalArgumentException: Tried to access UI constants from a non-visual Context:com.android.documentsui.DocumentsApplication@88592f4
05-29 02:15:40.210  1663  1663 E ViewConfiguration: 	at android.view.ViewConfiguration.get(ViewConfiguration.java:510)
05-29 02:15:40.210  1663  1663 E ViewConfiguration: 	at android.view.View.<init>(View.java:5317)
05-29 02:15:40.210  1663  1663 E ViewConfiguration: 	at android.view.View.<init>(View.java:5467)
05-29 02:15:40.210  1663  1663 E ViewConfiguration: 	at android.widget.TextView.<init>(TextView.java:996)
05-29 02:15:40.210  1663  1663 E ViewConfiguration: 	at android.widget.TextView.<init>(TextView.java:990)
05-29 02:15:40.210  1663  1663 E ViewConfiguration: 	at android.widget.TextView.<init>(TextView.java:986)
05-29 02:15:40.210  1663  1663 E ViewConfiguration: 	at java.lang.reflect.Constructor.newInstance0(Native Method)
05-29 02:15:40.210  1663  1663 E ViewConfiguration: 	at java.lang.reflect.Constructor.newInstance(Constructor.java:343)
05-29 02:15:40.210  1663  1663 E ViewConfiguration: 	at android.view.LayoutInflater.createView(LayoutInflater.java:852)
05-29 02:15:40.210  1663  1663 E ViewConfiguration: 	at android.view.LayoutInflater.createView(LayoutInflater.java:774)
05-29 02:15:40.210  1663  1663 E ViewConfiguration: 	at com.android.internal.policy.PhoneLayoutInflater.onCreateView(PhoneLayoutInflater.java:58)
05-29 02:15:40.210  1663  1663 E ViewConfiguration: 	at android.view.LayoutInflater.onCreateView(LayoutInflater.java:928)
05-29 02:15:40.210  1663  1663 E ViewConfiguration: 	at android.view.LayoutInflater.onCreateView(LayoutInflater.java:948)
05-29 02:15:40.210  1663  1663 E ViewConfiguration: 	at android.view.LayoutInflater.createViewFromTag(LayoutInflater.java:1002)
05-29 02:15:40.210  1663  1663 E ViewConfiguration: 	at android.view.LayoutInflater.createViewFromTag(LayoutInflater.java:959)
05-29 02:15:40.210  1663  1663 E ViewConfiguration: 	at android.view.LayoutInflater.rInflate(LayoutInflater.java:1121)
05-29 02:15:40.210  1663  1663 E ViewConfiguration: 	at android.view.LayoutInflater.rInflateChildren(LayoutInflater.java:1082)
05-29 02:15:40.210  1663  1663 E ViewConfiguration: 	at android.view.LayoutInflater.rInflate(LayoutInflater.java:1124)
05-29 02:15:40.210  1663  1663 E ViewConfiguration: 	at android.view.LayoutInflater.rInflateChildren(LayoutInflater.java:1082)
05-29 02:15:40.210  1663  1663 E ViewConfiguration: 	at android.view.LayoutInflater.inflate(LayoutInflater.java:680)
05-29 02:15:40.210  1663  1663 E ViewConfiguration: 	at android.view.LayoutInflater.inflate(LayoutInflater.java:532)
05-29 02:15:40.210  1663  1663 E ViewConfiguration: 	at android.view.LayoutInflater.inflate(LayoutInflater.java:479)
05-29 02:15:40.210  1663  1663 E ViewConfiguration: 	at com.android.documentsui.DragShadowBuilder.<init>(DragShadowBuilder.java:49)
05-29 02:15:40.210  1663  1663 E ViewConfiguration: 	at com.android.documentsui.DragAndDropManager$RuntimeDragAndDropManager.<init>(DragAndDropManager.java:195)
05-29 02:15:40.210  1663  1663 E ViewConfiguration: 	at com.android.documentsui.DragAndDropManager$RuntimeDragAndDropManager.<init>(DragAndDropManager.java:166)
05-29 02:15:40.210  1663  1663 E ViewConfiguration: 	at com.android.documentsui.DragAndDropManager.create(DragAndDropManager.java:163)
05-29 02:15:40.210  1663  1663 E ViewConfiguration: 	at com.android.documentsui.DocumentsApplication.onCreate(DocumentsApplication.java:145)
05-29 02:15:40.210  1663  1663 E ViewConfiguration: 	at android.app.Instrumentation.callApplicationOnCreate(Instrumentation.java:1192)
05-29 02:15:40.210  1663  1663 E ViewConfiguration: 	at android.app.ActivityThread.handleBindApplication(ActivityThread.java:6712)
05-29 02:15:40.210  1663  1663 E ViewConfiguration: 	at android.app.ActivityThread.access$1300(ActivityThread.java:237)
05-29 02:15:40.210  1663  1663 E ViewConfiguration: 	at android.app.ActivityThread$H.handleMessage(ActivityThread.java:1913)
05-29 02:15:40.210  1663  1663 E ViewConfiguration: 	at android.os.Handler.dispatchMessage(Handler.java:106)
05-29 02:15:40.210  1663  1663 E ViewConfiguration: 	at android.os.Looper.loop(Looper.java:223)
05-29 02:15:40.210  1663  1663 E ViewConfiguration: 	at android.app.ActivityThread.main(ActivityThread.java:7656)
05-29 02:15:40.210  1663  1663 E ViewConfiguration: 	at java.lang.reflect.Method.invoke(Native Method)
05-29 02:15:40.210  1663  1663 E ViewConfiguration: 	at com.android.internal.os.RuntimeInit$MethodAndArgsCaller.run(RuntimeInit.java:592)
05-29 02:15:40.210  1663  1663 E ViewConfiguration: 	at com.android.internal.os.ZygoteInit.main(ZygoteInit.java:947)
05-29 02:15:40.215   506   536 E GnssLocationProvider: IGnssConfiguration setEsExtensionSec() failed.
05-29 02:15:40.215   506   536 E GnssConfiguration: Unable to set ES_EXTENSION_SEC: 0
05-29 02:15:40.221   506   538 I DropBoxManagerService: add tag=system_app_strictmode isTagEnabled=true flags=0x2
05-29 02:15:40.231   506   536 E GnssLocationProvider: IGnssConfiguration setEsExtensionSec() failed.
05-29 02:15:40.231   506   536 E GnssConfiguration: Unable to set ES_EXTENSION_SEC: 0
05-29 02:15:40.237  1663  1663 W PreBootReceiver: Can't get valid overlay info
05-29 02:15:40.237   506  1524 I PreBootBroadcaster: Pre-boot of {com.android.managedprovisioning/com.android.managedprovisioning.ota.PreBootListener} for user 0
05-29 02:15:40.245   506   538 I DropBoxManagerService: add tag=system_app_strictmode isTagEnabled=true flags=0x2
05-29 02:15:40.256   169   266 I vold    : Bind mounting //data/media/0/Android/data on /mnt/user/0/emulated/0/Android/data
05-29 02:15:40.257   169   266 I vold    : Bind mounted //data/media/0/Android/data on /mnt/user/0/emulated/0/Android/data
05-29 02:15:40.257   169   266 I vold    : Bind mounting //data/media/0/Android/obb on /mnt/user/0/emulated/0/Android/obb
05-29 02:15:40.260   169   266 I vold    : Bind mounted //data/media/0/Android/obb on /mnt/user/0/emulated/0/Android/obb
05-29 02:15:40.260   169   266 I vold    : Configuring read_ahead of /mnt/user/0/emulated fuse filesystem to 256kb
05-29 02:15:40.264   169   266 I vold    : Writing 256 to /sys/class/bdi/0:39/read_ahead_kb
05-29 02:15:40.264   169   266 I vold    : Configuring max_ratio of /mnt/user/0/emulated fuse filesystem to 40
05-29 02:15:40.264   169   266 I vold    : Writing 40 to /sys/class/bdi/0:39/max_ratio
05-29 02:15:40.264   506   609 I StorageManagerService: Mounted volume VolumeInfo{emulated;0}:
05-29 02:15:40.264   506   609 I StorageManagerService:     type=EMULATED diskId=null partGuid= mountFlags=PRIMARY|VISIBLE 
05-29 02:15:40.264   506   609 I StorageManagerService:     mountUserId=0 state=MOUNTED 
05-29 02:15:40.264   506   609 I StorageManagerService:     fsType=null fsUuid=null fsLabel=null 
05-29 02:15:40.264   506   609 I StorageManagerService:     path=/storage/emulated internalPath=/data/media 
05-29 02:15:40.268  1713  1713 I d.process.acor: The ClassLoaderContext is a special shared library.
05-29 02:15:40.269  1713  1713 I ContactsPerf: VoicemailContentProvider.onCreate start
05-29 02:15:40.287   506   538 I DropBoxManagerService: add tag=system_app_strictmode isTagEnabled=true flags=0x2
05-29 02:15:40.287  1713  1713 I ContactsPerf: VoicemailContentProvider.onCreate finish
05-29 02:15:40.294   159   159 I hwservicemanager: getTransport: Cannot find entry android.hardware.configstore@1.0::ISurfaceFlingerConfigs/default in either framework or device manifest.
05-29 02:15:40.297   506   538 I DropBoxManagerService: add tag=system_app_strictmode isTagEnabled=true flags=0x2
05-29 02:15:40.310   159   159 I hwservicemanager: getTransport: Cannot find entry android.hardware.graphics.mapper@4.0::IMapper/default in either framework or device manifest.
05-29 02:15:40.310   942  1749 I Gralloc4: mapper 4.x is not supported
05-29 02:15:40.318   159   159 I hwservicemanager: getTransport: Cannot find entry android.hardware.graphics.allocator@4.0::IAllocator/default in either framework or device manifest.
05-29 02:15:40.318   942  1749 W Gralloc4: allocator 3.x is not supported
05-29 02:15:40.339  1757  1757 W externalstorag: Unexpected CPU variant for X86 using defaults: x86_64
05-29 02:15:40.344   391   398 I adbd    : jdwp connection from 1757
05-29 02:15:40.376   506   516 I system_server: Background young concurrent copying GC freed 134786(7606KB) AllocSpace objects, 95(4312KB) LOS objects, 51% free, 10MB/21MB, paused 30us total 134.614ms
05-29 02:15:40.302   506   538 I chatty  : uid=1000(system) android.io identical 1 line
05-29 02:15:40.303   506   538 I DropBoxManagerService: add tag=system_app_strictmode isTagEnabled=true flags=0x2
05-29 02:15:40.410   506   548 W ActivityManager: Slow operation: 130ms so far, now at startProcess: done updating battery stats
05-29 02:15:40.410   506   548 W ActivityManager: Slow operation: 130ms so far, now at startProcess: building log message
05-29 02:15:40.410   506   548 I ActivityManager: Start proc 1757:com.android.externalstorage/u0a68 for content provider {com.android.externalstorage/com.android.externalstorage.ExternalStorageProvider}
05-29 02:15:40.410   506   548 W ActivityManager: Slow operation: 130ms so far, now at startProcess: starting to update pids map
05-29 02:15:40.410   506   548 W ActivityManager: Slow operation: 130ms so far, now at startProcess: done updating pids map
05-29 02:15:40.415  1757  1757 I externalstorag: The ClassLoaderContext is a special shared library.
05-29 02:15:40.423   506   538 I DropBoxManagerService: add tag=system_app_strictmode isTagEnabled=true flags=0x2
05-29 02:15:40.435  1713  1713 I ContactsDatabaseHelper: updateUseStrictPhoneNumberComparison: US
05-29 02:15:40.441  1713  1756 I ContactsDatabaseHelper: Bootstrapping database contacts2.db version: 1400
05-29 02:15:40.469  1713  1756 I ContactsProviderV1: Bootstrapping database legacy support
05-29 02:15:40.480  1713  1756 I CallLogDatabaseHelper: Migrating from old tables...
05-29 02:15:40.480  1713  1756 I CallLogDatabaseHelper: Source tables don't exist.
05-29 02:15:40.482   506   546 I system_server: Using smaps_rollup for pss collection
05-29 02:15:40.498  1713  1760 I CallLogDatabaseHelper: Migrating from old tables...
05-29 02:15:40.498  1713  1760 I CallLogDatabaseHelper: Source tables don't exist.
05-29 02:15:40.539  1056  1228 I chatty  : uid=1001(radio) Binder:1056_3 identical 5 lines
05-29 02:15:40.540   701  1193 I HeadsetPhoneState: stopListenForPhoneState(), no listener indicates nothing is listening
05-29 02:15:40.540   701  1193 W HeadsetPhoneState: startListenForPhoneState, no event to listen
05-29 02:15:40.541   506   651 W BestClock: java.time.DateTimeException: Missing NTP fix
05-29 02:15:40.542   506   651 W BestClock: java.time.DateTimeException: Missing NTP fix
