--------- beginning of main
05-29 02:15:14.477  1411  1411 I Dialer  : LegacyVoicemailNotificationReceiver.onReceive - received legacy voicemail notification
05-29 02:15:14.477  1411  1411 I Dialer  : LegacyVoicemailNotificationReceiver.onReceive - isRefresh: true
05-29 02:15:14.477  1411  1411 I Dialer  : LegacyVoicemailNotificationReceiver.onReceive - clearing notification
05-29 02:15:14.477  1411  1411 I Dialer  : LegacyVoicemailNotifier.cancelNotification - enter
05-29 02:15:14.490  1708  1747 W MessagingApp: Rebuilt databases: reseting related state
05-29 02:15:14.494  1684  1684 I d.process.medi: The ClassLoaderContext is a special shared library.
05-29 02:15:14.502  1684  1684 I DownloadManager: Upgrading downloads database from version 0 to version 114, which will destroy all old data
05-29 02:15:14.512  1708  1750 I MessagingAppDataModel: Fixup: Send failed - 0 Download failed - 0
05-29 02:15:14.519  1684  1724 W MediaProvider: No column annotation provided; not creating views
05-29 02:15:14.520  1049  1049 I RemoteVvmTaskManager: Binding to ComponentInfo{com.android.dialer/com.android.voicemail.impl.OmtpService}
05-29 02:15:14.521  1049  1049 I Telephony: handleVideoCapabilitesChanged. Video capability - false
05-29 02:15:14.521  1049  1049 I PhoneGlobals: Dismissing depersonal panel
05-29 02:15:14.521  1049  1049 E PhoneInterfaceManager: [PhoneIntfMgr] setPreferredNetworkType: CommandException: com.android.internal.telephony.CommandException: MODE_NOT_SUPPORTED
--------- beginning of system
05-29 02:15:14.527   510  1704 I ActivityTaskManager: START u0 {act=android.intent.action.MAIN cat=[android.intent.category.HOME] flg=0x10000100 cmp=com.android.provision/.DefaultActivity} from uid 0
05-29 02:15:14.530   510   599 W InputDispatcher: Still no focused window. Will drop the event in 4106ms
05-29 02:15:14.532  1049  1049 I VvmSimStateTracker: android.intent.action.SIM_STATE_CHANGED
05-29 02:15:14.532  1049  1049 I Telephony: handleVideoCapabilitesChanged. Video capability - false
05-29 02:15:14.532  1049  1049 I Telephony: handleVideoCapabilitesChanged. Video capability - false
05-29 02:15:14.533  1684  1724 W MediaProvider: No column annotation provided; not creating views
05-29 02:15:14.534  1049  1049 I Telephony: isRttCurrentlySupported -- regular acct, hasVoiceAvailability: false
05-29 02:15:14.534  1049  1049 I Telephony:  isRttSupported: false
05-29 02:15:14.534  1049  1049 I Telephony:  isRoaming: false
05-29 02:15:14.534  1049  1049 I Telephony:  isOnWfc: false
05-29 02:15:14.537   510   566 I ActivityManager: Killing 1594:com.android.sdksetup/u0a118 (adj 0): change com.android.sdksetup
05-29 02:15:14.541   510   599 W InputDispatcher: Still no focused window. Will drop the event in 4095ms
05-29 02:15:14.542   510   599 I InputDispatcher: Dropping KEY event because there is no focused window or focused application in display 0.
05-29 02:15:14.542   510  1159 W InputManager: Input event injection from pid 1383 failed.
05-29 02:15:14.544   510   540 I RoleManagerService: Granting default roles...
05-29 02:15:14.551   510   599 I InputDispatcher: Dropping KEY event because there is no focused window or focused application in display 0.
05-29 02:15:14.551   510  1060 W InputManager: Input event injection from pid 1383 failed.
05-29 02:15:14.554   510   510 W AppWidgetServiceImpl: Failed to read state: java.io.FileNotFoundException: /data/system/users/0/appwidgets.xml: open failed: ENOENT (No such file or directory)
05-29 02:15:14.554   510   510 I Telecom : DefaultDialerCache: Refreshing default dialer for user 0: now com.android.dialer: DDC.oR@AEY
05-29 02:15:14.559   510   600 I InputReader: Reconfiguring input devices, changes=KEYBOARD_LAYOUTS | 
05-29 02:15:14.560   510   544 W WindowManager: Failed looking up window session=Session{7ce6fbf 510:1000} callers=com.android.server.wm.WindowManagerService.windowForClientLocked:5425 com.android.server.wm.WindowManagerService.removeWindow:1892 com.android.server.wm.Session.remove:193 
05-29 02:15:14.562   510   550 I ActivityManager: Start proc 1758:com.android.provision/u0a115 for top-activity {com.android.provision/com.android.provision.DefaultActivity}
05-29 02:15:14.566   740   760 I PermissionControllerServiceImpl: Updating user sensitive for uid 10118
05-29 02:15:14.575   280   280 I Zygote  : Process 1594 exited due to signal 9 (Killed)
05-29 02:15:14.576  1571  1603 I ProvidersCache: Provider returned no roots. Possibly naughty: com.android.externalstorage.documents
05-29 02:15:14.582   510   551 I libprocessgroup: Successfully killed process cgroup uid 10118 pid 1594 in 44ms
05-29 02:15:14.585   740  1010 W Role    : com.android.sdksetup not qualified for android.app.role.HOME due to missing RequiredComponent{mIntentFilterData=IntentFilterData{mAction='android.intent.action.MAIN', mCategories='[android.intent.category.HOME]', mDataScheme='null', mDataType='null'}, mPermission='null'}
05-29 02:15:14.585   740  1010 I RoleControllerServiceImpl: Removing package that no longer qualifies for the role, package: com.android.sdksetup, role: android.app.role.HOME
05-29 02:15:14.586   740  1010 I RoleControllerServiceImpl: Adding package as default/fallback role holder, package: com.android.provision, role: android.app.role.HOME
05-29 02:15:14.590   510  1060 I Telecom : PhoneAccountRegistrar: Modify account: [ComponentInfo{com.android.phone/com.android.services.telephony.TelephonyConnectionService}, ***, UserHandle{0}]: TSI.rPA@AEc
05-29 02:15:14.590   510  1060 I Telecom : CallsManager: handlePhoneAccountChanged: phoneAccount=[[X] PhoneAccount: ComponentInfo{com.android.phone/com.android.services.telephony.TelephonyConnectionService}, ***, UserHandle{0} Capabilities: CallProvider MultiUser PlaceEmerg SimSub  Audio Routes: BESW Schemes: tel voicemail  Extras: Bundle[{android.telecom.extra.SUPPORTS_VIDEO_CALLING_FALLBACK=true}] GroupId: ***]: TSI.rPA@AEc
05-29 02:15:14.591  1411  1411 I Dialer  : VvmOmtpService - onCellServiceConnected
05-29 02:15:14.592  1411  1411 I Dialer  : VoicemailModule.provideVoicemailClient - providing VoicemailClientImpl
05-29 02:15:14.600   510   550 I ActivityManager: Start proc 1766:com.android.managedprovisioning/u0a73 for broadcast {com.android.managedprovisioning/com.android.managedprovisioning.ota.PreBootListener}
05-29 02:15:14.602   510   818 W StorageManagerService: Reporting emulated;0 unmounted due to system locked
05-29 02:15:14.602   510   510 I Telecom : PhoneAccountRegistrar: getSimCallManager: SimCallManager for subId 1 queried, returning: null: TSI.gSCMFU@AEg
05-29 02:15:14.603   510  1159 W StorageManagerService: Reporting emulated;0 unmounted due to system locked
05-29 02:15:14.619  1766  1766 W gedprovisionin: Unexpected CPU variant for X86 using defaults: x86_64
05-29 02:15:14.619  1758  1758 W droid.provisio: Unexpected CPU variant for X86 using defaults: x86_64
05-29 02:15:14.619   412   412 I perfetto: ing_service_impl.cc:758 Configured tracing session 4, #sources:1, duration:5000 ms, #buffers:1, total buffer size:4096 KB, total sessions:4, uid:1071 session name: ""
05-29 02:15:14.620   406   406 I perfetto: probes_producer.cc:230  Ftrace setup (target_buf=4)
05-29 02:15:14.624   381   391 I adbd    : jdwp connection from 1758
05-29 02:15:14.625   381   391 I adbd    : jdwp connection from 1766
05-29 02:15:14.627   510  1745 W InputReader: Device virtio_input_multi_touch_10 is associated with display ADISPLAY_ID_NONE.
05-29 02:15:14.627   510  1745 W InputReader: Device virtio_input_multi_touch_7 is associated with display ADISPLAY_ID_NONE.
05-29 02:15:14.627   510  1745 W InputReader: Device virtio_input_multi_touch_11 is associated with display ADISPLAY_ID_NONE.
05-29 02:15:14.627   510  1745 W InputReader: Device virtio_input_multi_touch_5 is associated with display ADISPLAY_ID_NONE.
05-29 02:15:14.627   510  1745 W InputReader: Device virtio_input_multi_touch_2 is associated with display ADISPLAY_ID_NONE.
05-29 02:15:14.627   510  1745 W InputReader: Device virtio_input_multi_touch_6 is associated with display ADISPLAY_ID_NONE.
05-29 02:15:14.627   510  1745 W InputReader: Device virtio_input_multi_touch_3 is associated with display ADISPLAY_ID_NONE.
05-29 02:15:14.627   510  1745 W InputReader: Device virtio_input_multi_touch_8 is associated with display ADISPLAY_ID_NONE.
05-29 02:15:14.627   510  1745 W InputReader: Device virtio_input_multi_touch_9 is associated with display ADISPLAY_ID_NONE.
05-29 02:15:14.627   510  1745 W InputReader: Device virtio_input_multi_touch_4 is associated with display ADISPLAY_ID_NONE.
05-29 02:15:14.627   510  1745 W InputReader: Device virtio_input_multi_touch_10 is associated with display ADISPLAY_ID_NONE.
05-29 02:15:14.627   510  1745 W InputReader: Device virtio_input_multi_touch_7 is associated with display ADISPLAY_ID_NONE.
05-29 02:15:14.627   510  1745 W InputReader: Device virtio_input_multi_touch_11 is associated with display ADISPLAY_ID_NONE.
05-29 02:15:14.627   510  1745 W InputReader: Device virtio_input_multi_touch_5 is associated with display ADISPLAY_ID_NONE.
05-29 02:15:14.627   510  1745 W InputReader: Device virtio_input_multi_touch_2 is associated with display ADISPLAY_ID_NONE.
05-29 02:15:14.627   510  1745 W InputReader: Device virtio_input_multi_touch_6 is associated with display ADISPLAY_ID_NONE.
05-29 02:15:14.627   510  1745 W InputReader: Device virtio_input_multi_touch_3 is associated with display ADISPLAY_ID_NONE.
05-29 02:15:14.627   510  1745 W InputReader: Device virtio_input_multi_touch_8 is associated with display ADISPLAY_ID_NONE.
05-29 02:15:14.627   510  1745 W InputReader: Device virtio_input_multi_touch_9 is associated with display ADISPLAY_ID_NONE.
05-29 02:15:14.627   510  1745 W InputReader: Device virtio_input_multi_touch_4 is associated with display ADISPLAY_ID_NONE.
05-29 02:15:14.636   510   655 W DnsManager: updatePrivateDns(100, PrivateDnsConfig{true:/[]})
05-29 02:15:14.640   169   173 I vold    : Bind mounting //data/media/0/Android/data on /mnt/user/0/emulated/0/Android/data
05-29 02:15:14.642   169   173 I vold    : Bind mounted //data/media/0/Android/data on /mnt/user/0/emulated/0/Android/data
05-29 02:15:14.642   169   173 I vold    : Bind mounting //data/media/0/Android/obb on /mnt/user/0/emulated/0/Android/obb
05-29 02:15:14.644  1758  1758 I droid.provisio: The ClassLoaderContext is a special shared library.
05-29 02:15:14.645   169   173 I vold    : Bind mounted //data/media/0/Android/obb on /mnt/user/0/emulated/0/Android/obb
05-29 02:15:14.645   169   173 I vold    : Configuring read_ahead of /mnt/user/0/emulated fuse filesystem to 256kb
05-29 02:15:14.646   169   173 I vold    : Writing 256 to /sys/class/bdi/0:43/read_ahead_kb
05-29 02:15:14.646   169   173 I vold    : Configuring max_ratio of /mnt/user/0/emulated fuse filesystem to 40
05-29 02:15:14.646   169   173 I vold    : Writing 40 to /sys/class/bdi/0:43/max_ratio
05-29 02:15:14.647   510   607 I StorageManagerService: Mounted volume VolumeInfo{emulated;0}:
05-29 02:15:14.647   510   607 I StorageManagerService:     type=EMULATED diskId=null partGuid= mountFlags=PRIMARY|VISIBLE 
05-29 02:15:14.647   510   607 I StorageManagerService:     mountUserId=0 state=CHECKING 
05-29 02:15:14.647   510   607 I StorageManagerService:     fsType=null fsUuid=null fsLabel=null 
05-29 02:15:14.647   510   607 I StorageManagerService:     path=/storage/emulated internalPath=/data/media 
05-29 02:15:14.647   510   607 I StorageSessionController: Notifying volume state changed for session with id: emulated;0
05-29 02:15:14.649   279  1801 W resolv  : Validating DnsTlsServer on netId 100
05-29 02:15:14.654  1486  1592 I ExternalStorageServiceImpl: Ignoring volume state for vol:external_primary. State: checking
05-29 02:15:14.660  1708  1748 I MessagingAppDataModel: SyncMessagesAction: Starting batch for messages from -1 to 1780020914233 (message update limit = 80, message scan limit = 4000)
05-29 02:15:14.668  1766  1766 I gedprovisionin: The ClassLoaderContext is a special shared library.
05-29 02:15:14.670   279  1801 W resolv  : Validation failed
05-29 02:15:14.680   510   607 I StorageSessionController: Notifying volume state changed for session with id: emulated;0
05-29 02:15:14.684   158   158 I servicemanager: Notifying apexservice they have clients: 1
05-29 02:15:14.684   158   158 I servicemanager: Notifying apexservice they have clients: 0
05-29 02:15:14.693   163   163 I hwservicemanager: Notifying android.hardware.gnss@2.0::IGnss/default they have clients: 1
05-29 02:15:14.693   947   947 I android.hardware.gnss@2.0-service.ranchu: Process has 1 (of 1 available) client(s) in use after notification android.hardware.gnss@2.0::IGnss has clients: 1
05-29 02:15:14.695   510   583 I ActivityTaskManager: START u0 {act=android.intent.action.MAIN cat=[android.intent.category.HOME] flg=0x10000100 cmp=com.android.launcher3/.uioverrides.QuickstepLauncher} from uid 0
05-29 02:15:14.697   510   583 W InputReader: Device virtio_input_multi_touch_10 is associated with display ADISPLAY_ID_NONE.
05-29 02:15:14.697   510   583 W InputReader: Device virtio_input_multi_touch_7 is associated with display ADISPLAY_ID_NONE.
05-29 02:15:14.697   510   583 W InputReader: Device virtio_input_multi_touch_11 is associated with display ADISPLAY_ID_NONE.
05-29 02:15:14.697   510   583 W InputReader: Device virtio_input_multi_touch_5 is associated with display ADISPLAY_ID_NONE.
05-29 02:15:14.697   510   583 W InputReader: Device virtio_input_multi_touch_2 is associated with display ADISPLAY_ID_NONE.
05-29 02:15:14.697   510   583 W InputReader: Device virtio_input_multi_touch_6 is associated with display ADISPLAY_ID_NONE.
05-29 02:15:14.697   510   583 W InputReader: Device virtio_input_multi_touch_3 is associated with display ADISPLAY_ID_NONE.
05-29 02:15:14.697   510   583 W InputReader: Device virtio_input_multi_touch_8 is associated with display ADISPLAY_ID_NONE.
05-29 02:15:14.697   510   583 W InputReader: Device virtio_input_multi_touch_9 is associated with display ADISPLAY_ID_NONE.
05-29 02:15:14.697   510   583 W InputReader: Device virtio_input_multi_touch_4 is associated with display ADISPLAY_ID_NONE.
05-29 02:15:14.697   510   583 W InputReader: Device virtio_input_multi_touch_10 is associated with display ADISPLAY_ID_NONE.
05-29 02:15:14.697   510   583 W InputReader: Device virtio_input_multi_touch_7 is associated with display ADISPLAY_ID_NONE.
05-29 02:15:14.697   510   583 W InputReader: Device virtio_input_multi_touch_11 is associated with display ADISPLAY_ID_NONE.
05-29 02:15:14.697   510   583 W InputReader: Device virtio_input_multi_touch_5 is associated with display ADISPLAY_ID_NONE.
05-29 02:15:14.697   510   583 W InputReader: Device virtio_input_multi_touch_2 is associated with display ADISPLAY_ID_NONE.
05-29 02:15:14.697   510   583 W InputReader: Device virtio_input_multi_touch_6 is associated with display ADISPLAY_ID_NONE.
05-29 02:15:14.697   510   583 W InputReader: Device virtio_input_multi_touch_3 is associated with display ADISPLAY_ID_NONE.
05-29 02:15:14.697   510   583 W InputReader: Device virtio_input_multi_touch_8 is associated with display ADISPLAY_ID_NONE.
05-29 02:15:14.697   510   583 W InputReader: Device virtio_input_multi_touch_9 is associated with display ADISPLAY_ID_NONE.
05-29 02:15:14.697   510   583 W InputReader: Device virtio_input_multi_touch_4 is associated with display ADISPLAY_ID_NONE.
05-29 02:15:14.700  1766  1766 I CarUiInstaller: CarUiInstaller started for com.android.managedprovisioning
05-29 02:15:14.701   166   166 I qemu-props: tell the host boot completed
--------- beginning of kernel
05-29 02:15:14.872     0     0 I AidlLazyServiceRegistrar: Process has 1 (of 1 available) client(s) in use after notification android.apex.IApexService has clients: 1
05-29 02:15:14.900     0     0 I AidlLazyServiceRegistrar: Process has 0 (of 1 available) client(s) in use after notification android.apex.IApexService has clients: 0
05-29 02:15:14.706   279   923 E Netd    : Error adding route ::/0 -> fe80::2 radio0 to table 1017: File exists
05-29 02:15:14.709   925   925 E ContextImpl: Tried to access visual service WallpaperManager from a non-visual Context:android.app.Application@ecf6988 Visual services, such as WindowManager, WallpaperService or LayoutInflater should be accessed from Activity or other visual Context. Use an Activity or a Context created with Context#createWindowContext(int, Bundle), which are adjusted to the configuration and visual bounds of an area on screen.
05-29 02:15:14.709   925   925 E ContextImpl: java.lang.IllegalAccessException: Tried to access visual service WallpaperManager from a non-visual Context:android.app.Application@ecf6988
05-29 02:15:14.709   925   925 E ContextImpl: 	at android.app.ContextImpl.getSystemService(ContextImpl.java:1914)
05-29 02:15:14.709   925   925 E ContextImpl: 	at android.content.ContextWrapper.getSystemService(ContextWrapper.java:803)
05-29 02:15:14.709   925   925 E ContextImpl: 	at android.content.Context.getSystemService(Context.java:3705)
05-29 02:15:14.709   925   925 E ContextImpl: 	at com.android.launcher3.uioverrides.WallpaperColorInfo.<init>(WallpaperColorInfo.java:55)
05-29 02:15:14.709   925   925 E ContextImpl: 	at com.android.launcher3.uioverrides.WallpaperColorInfo.lambda$tLetMNUhFw-gX6-W-n47DqKz3p0(Unknown Source:2)
05-29 02:15:14.709   925   925 E ContextImpl: 	at com.android.launcher3.uioverrides.-$$Lambda$WallpaperColorInfo$tLetMNUhFw-gX6-W-n47DqKz3p0.get(Unknown Source:0)
05-29 02:15:14.709   925   925 E ContextImpl: 	at com.android.launcher3.util.MainThreadInitializedObject.lambda$get$0$MainThreadInitializedObject(MainThreadInitializedObject.java:50)
05-29 02:15:14.709   925   925 E ContextImpl: 	at com.android.launcher3.util.-$$Lambda$MainThreadInitializedObject$31I13NSyZWlVLw9-SvduyHO4fhM.get(Unknown Source:4)
05-29 02:15:14.709   925   925 E ContextImpl: 	at com.android.launcher3.util.TraceHelper.whitelistIpcs(TraceHelper.java:84)
05-29 02:15:14.709   925   925 E ContextImpl: 	at com.android.launcher3.util.MainThreadInitializedObject.get(MainThreadInitializedObject.java:49)
05-29 02:15:14.709   925   925 E ContextImpl: 	at com.android.launcher3.BaseDraggingActivity.onCreate(BaseDraggingActivity.java:90)
05-29 02:15:14.709   925   925 E ContextImpl: 	at com.android.launcher3.Launcher.onCreate(Launcher.java:365)
05-29 02:15:14.709   925   925 E ContextImpl: 	at com.android.launcher3.BaseQuickstepLauncher.onCreate(BaseQuickstepLauncher.java:83)
05-29 02:15:14.709   925   925 E ContextImpl: 	at com.android.launcher3.uioverrides.QuickstepLauncher.onCreate(QuickstepLauncher.java:98)
05-29 02:15:14.709   925   925 E ContextImpl: 	at android.app.Activity.performCreate(Activity.java:7994)
05-29 02:15:14.709   925   925 E ContextImpl: 	at android.app.Activity.performCreate(Activity.java:7978)
05-29 02:15:14.709   925   925 E ContextImpl: 	at android.app.Instrumentation.callActivityOnCreate(Instrumentation.java:1309)
05-29 02:15:14.709   925   925 E ContextImpl: 	at android.app.ActivityThread.performLaunchActivity(ActivityThread.java:3422)
05-29 02:15:14.709   925   925 E ContextImpl: 	at android.app.ActivityThread.handleLaunchActivity(ActivityThread.java:3601)
05-29 02:15:14.709   925   925 E ContextImpl: 	at android.app.servertransaction.LaunchActivityItem.execute(LaunchActivityItem.java:85)
05-29 02:15:14.709   925   925 E ContextImpl: 	at android.app.servertransaction.TransactionExecutor.executeCallbacks(TransactionExecutor.java:135)
05-29 02:15:14.709   925   925 E ContextImpl: 	at android.app.servertransaction.TransactionExecutor.execute(TransactionExecutor.java:95)
05-29 02:15:14.709   925   925 E ContextImpl: 	at android.app.ActivityThread$H.handleMessage(ActivityThread.java:2066)
05-29 02:15:14.709   925   925 E ContextImpl: 	at android.os.Handler.dispatchMessage(Handler.java:106)
05-29 02:15:14.709   925   925 E ContextImpl: 	at android.os.Looper.loop(Looper.java:223)
05-29 02:15:14.709   925   925 E ContextImpl: 	at android.app.ActivityThread.main(ActivityThread.java:7656)
05-29 02:15:14.709   925   925 E ContextImpl: 	at java.lang.reflect.Method.invoke(Native Method)
05-29 02:15:14.709   925   925 E ContextImpl: 	at com.android.internal.os.RuntimeInit$MethodAndArgsCaller.run(RuntimeInit.java:592)
05-29 02:15:14.709   925   925 E ContextImpl: 	at com.android.internal.os.ZygoteInit.main(ZygoteInit.java:947)
05-29 02:15:14.712  1571  1603 I ProvidersCache: Provider returned no roots. Possibly naughty: com.android.providers.media.documents
05-29 02:15:14.724  1571  1604 I ProvidersCache: Provider returned no roots. Possibly naughty: com.android.providers.media.documents
05-29 02:15:14.726   279  1819 W resolv  : Validating DnsTlsServer on netId 100
05-29 02:15:14.730   510   655 W BestClock: java.time.DateTimeException: Missing NTP fix
05-29 02:15:14.742   510   542 I DropBoxManagerService: add tag=system_app_strictmode isTagEnabled=true flags=0x2
05-29 02:15:14.927     0     0 I AidlLazyServiceRegistrar: Shutdown prevented by forcePersist override flag.
05-29 02:15:14.744   279  1819 W resolv  : SSL_connect ssl error =5, mark 0xf0064: Connection refused
05-29 02:15:14.744   279  1819 W resolv  : Validation failed
05-29 02:15:14.747   510   655 W BestClock: java.time.DateTimeException: Missing NTP fix
05-29 02:15:14.749   510   648 W BestClock: java.time.DateTimeException: Missing NTP fix
05-29 02:15:14.751  1449  1449 I ContactsDatabaseHelper: updateUseStrictPhoneNumberComparison: US
05-29 02:15:14.754   510   818 I PreBootBroadcaster: Pre-boot of {com.android.providers.calendar/com.android.providers.calendar.CalendarUpgradeReceiver} for user 0
05-29 02:15:14.764  1411  1411 I Dialer  : VvmTaskReceiver - task received
05-29 02:15:14.764  1411  1411 I Dialer  : VvmTaskReceiver - scheduling new job
05-29 02:15:14.765  1411  1411 I Dialer  : TaskSchedulerJobService - scheduling job with 1 tasks
05-29 02:15:14.765  1411  1411 I Dialer  : TaskSchedulerJobService - running job instantly.
05-29 02:15:14.768  1411  1411 I Dialer  : TaskSchedulerJobService - job 0 scheduled
05-29 02:15:14.777  1411  1411 I Dialer  : TaskSchedulerJobService - starting 0
05-29 02:15:14.784   510   540 W Looper  : Slow dispatch took 120ms android.fg h=android.os.Handler c=<recycled PooledLambda@ae02b59> m=0
05-29 02:15:14.786   510   510 I Telecom : PhoneAccountRegistrar: getSimCallManager: SimCallManager for subId 1 queried, returning: null: TSI.gSCMFU@AEk
05-29 02:15:14.786   510   510 W StorageManagerService: Reporting emulated;0 unmounted due to system locked
05-29 02:15:14.787   510   510 I chatty  : uid=1000(system) Binder:510_3 identical 1 line
05-29 02:15:14.787   510   510 W StorageManagerService: Reporting emulated;0 unmounted due to system locked
05-29 02:15:14.790   510   818 W StorageManagerService: Reporting emulated;0 unmounted due to system locked
05-29 02:15:14.991     0     0 I init    : processing action (sys.sysctl.tcp_def_init_rwnd=*) from (/system/etc/init/hw/init.rc:1006)
05-29 02:15:14.796   510   537 W StorageManagerService: Reporting emulated;0 unmounted due to system locked
05-29 02:15:14.800   510   550 I ActivityManager: Start proc 1831:com.android.providers.calendar/u0a67 for broadcast {com.android.providers.calendar/com.android.providers.calendar.CalendarUpgradeReceiver}
05-29 02:15:14.800   510   510 W StorageManagerService: Reporting emulated;0 unmounted due to system locked
05-29 02:15:14.801   510   537 W StorageManagerService: Reporting emulated;0 unmounted due to system locked
05-29 02:15:14.802   510  1704 W StorageManagerService: Reporting emulated;0 unmounted due to system locked
05-29 02:15:14.808  1411  1411 I Dialer  : VvmTaskExecutor - onStartJob
05-29 02:15:14.808  1411  1411 I Dialer  : Task.createTask - create task:com.android.voicemail.impl.ActivationTask
05-29 02:15:14.808  1411  1829 I Dialer  : VvmTaskExecutor - executing task com.android.voicemail.impl.ActivationTask@94177cc
05-29 02:15:14.809   510   655 W BestClock: java.time.DateTimeException: Missing NTP fix
05-29 02:15:14.809  1411  1829 I Dialer  : PreOMigrationHandler - migrating ComponentInfo{com.android.phone/com.android.services.telephony.TelephonyConnectionService}, ***, UserHandle{0}
05-29 02:15:14.809  1411  1829 I Dialer  : PreOMigrationHandler.migrateSettings - migrating settings
05-29 02:15:14.814   163   163 I hwservicemanager: getTransport: Cannot find entry android.hardware.configstore@1.0::ISurfaceFlingerConfigs/default in either framework or device manifest.
05-29 02:15:14.821  1831  1831 W viders.calenda: Unexpected CPU variant for X86 using defaults: x86_64
05-29 02:15:14.832   510   648 W BestClock: java.time.DateTimeException: Missing NTP fix
05-29 02:15:14.832   510   655 W BestClock: java.time.DateTimeException: Missing NTP fix
05-29 02:15:14.832  1449  1826 I ContactsDatabaseHelper: Bootstrapping database contacts2.db version: 1400
05-29 02:15:14.835  1049  1049 W ConnectivityManager.CallbackHandler: callback not found for CALLBACK_AVAILABLE message
05-29 02:15:14.837  1049  1049 W ConnectivityManager.CallbackHandler: callback not found for CALLBACK_PRECHECK message
05-29 02:15:14.837  1049  1049 W ConnectivityManager.CallbackHandler: callback not found for CALLBACK_PRECHECK message
05-29 02:15:14.837  1049  1049 W ConnectivityManager.CallbackHandler: callback not found for CALLBACK_CAP_CHANGED message
05-29 02:15:14.837  1049  1049 W ConnectivityManager.CallbackHandler: callback not found for CALLBACK_CAP_CHANGED message
05-29 02:15:14.840   381   391 I adbd    : jdwp connection from 1831
05-29 02:15:14.847   510   655 W BestClock: java.time.DateTimeException: Missing NTP fix
05-29 02:15:14.847   510   655 W BestClock: java.time.DateTimeException: Missing NTP fix
05-29 02:15:14.851   510   647 W BestClock: java.time.DateTimeException: Missing NTP fix
05-29 02:15:14.873   163   163 I hwservicemanager: getTransport: Cannot find entry android.hardware.graphics.mapper@4.0::IMapper/default in either framework or device manifest.
05-29 02:15:14.874   925  1814 I Gralloc4: mapper 4.x is not supported
05-29 02:15:14.882   510   647 W BestClock: java.time.DateTimeException: Missing NTP fix
05-29 02:15:14.883   510   655 W BestClock: java.time.DateTimeException: Missing NTP fix
05-29 02:15:14.886  1837  1863 I cmd     : oneway function results will be dropped but finished with status OK and parcel size 4
05-29 02:15:14.886   163   163 I hwservicemanager: getTransport: Cannot find entry android.hardware.graphics.allocator@4.0::IAllocator/default in either framework or device manifest.
05-29 02:15:14.886   925  1814 W Gralloc4: allocator 3.x is not supported
05-29 02:15:14.886  1449  1449 I ContactsPerf: VoicemailContentProvider.onCreate start
05-29 02:15:14.917   510   537 E ActivityManager: Sending non-protected broadcast com.android.systemui.demo from system 716:com.android.systemui/u0a121 pkg com.android.systemui
05-29 02:15:14.917   510   537 E ActivityManager: java.lang.Throwable
05-29 02:15:14.917   510   537 E ActivityManager: 	at com.android.server.am.ActivityManagerService.checkBroadcastFromSystem(ActivityManagerService.java:15912)
05-29 02:15:14.917   510   537 E ActivityManager: 	at com.android.server.am.ActivityManagerService.broadcastIntentLocked(ActivityManagerService.java:16493)
05-29 02:15:14.917   510   537 E ActivityManager: 	at com.android.server.am.ActivityManagerService.broadcastIntentLocked(ActivityManagerService.java:15929)
05-29 02:15:14.917   510   537 E ActivityManager: 	at com.android.server.am.ActivityManagerService.broadcastIntentWithFeature(ActivityManagerService.java:16743)
05-29 02:15:14.917   510   537 E ActivityManager: 	at android.app.IActivityManager$Stub.onTransact(IActivityManager.java:2267)
05-29 02:15:14.917   510   537 E ActivityManager: 	at com.android.server.am.ActivityManagerService.onTransact(ActivityManagerService.java:2883)
05-29 02:15:14.917   510   537 E ActivityManager: 	at android.os.Binder.execTransactInternal(Binder.java:1154)
05-29 02:15:14.917   510   537 E ActivityManager: 	at android.os.Binder.execTransact(Binder.java:1123)
05-29 02:15:14.918   510   537 E ActivityManager: Sending non-protected broadcast com.android.systemui.demo from system 716:com.android.systemui/u0a121 pkg com.android.systemui
05-29 02:15:14.918   510   537 E ActivityManager: java.lang.Throwable
05-29 02:15:14.918   510   537 E ActivityManager: 	at com.android.server.am.ActivityManagerService.checkBroadcastFromSystem(ActivityManagerService.java:15912)
05-29 02:15:14.918   510   537 E ActivityManager: 	at com.android.server.am.ActivityManagerService.broadcastIntentLocked(ActivityManagerService.java:16587)
05-29 02:15:14.918   510   537 E ActivityManager: 	at com.android.server.am.ActivityManagerService.broadcastIntentLocked(ActivityManagerService.java:15929)
05-29 02:15:14.918   510   537 E ActivityManager: 	at com.android.server.am.ActivityManagerService.broadcastIntentWithFeature(ActivityManagerService.java:16743)
05-29 02:15:14.918   510   537 E ActivityManager: 	at android.app.IActivityManager$Stub.onTransact(IActivityManager.java:2267)
05-29 02:15:14.918   510   537 E ActivityManager: 	at com.android.server.am.ActivityManagerService.onTransact(ActivityManagerService.java:2883)
05-29 02:15:14.918   510   537 E ActivityManager: 	at android.os.Binder.execTransactInternal(Binder.java:1154)
05-29 02:15:14.918   510   537 E ActivityManager: 	at android.os.Binder.execTransact(Binder.java:1123)
05-29 02:15:14.920  1449  1449 I ContactsPerf: VoicemailContentProvider.onCreate finish
05-29 02:15:14.973  1831  1831 I viders.calenda: The ClassLoaderContext is a special shared library.
05-29 02:15:14.975  1449  1826 I ContactsProviderV1: Bootstrapping database legacy support
05-29 02:15:14.989   959  1840 W UnsafeUtil: platform method missing - proto runtime falling back to safer methods: java.lang.NoSuchMethodException: sun.misc.Unsafe.copyMemory [class java.lang.Object, long, class java.lang.Object, long, long]
05-29 02:15:15.145   510   542 I DropBoxManagerService: add tag=system_app_strictmode isTagEnabled=true flags=0x2
05-29 02:15:15.164  1831  1831 I CalendarDatabaseHelper: Bootstrapping database
05-29 02:15:15.169  1449  1865 I CallLogDatabaseHelper: Migrating from old tables...
05-29 02:15:15.169  1449  1865 I CallLogDatabaseHelper: Source tables don't exist.
05-29 02:15:15.176  1449  1845 I VoicemailNotifier: receivers for android.intent.action.PROVIDER_CHANGED :[]
05-29 02:15:15.180  1449  1845 I VoicemailNotifier: receivers for android.intent.action.PROVIDER_CHANGED :[]
05-29 02:15:15.181  1411  1829 I Dialer  : VvmActivationTask - VVM content provider configured - vvm_type_cvvm
05-29 02:15:15.181  1411  1829 I Dialer  : OmtpVvmCarrierCfgHlpr - OmtpEvent:CONFIG_ACTIVATING
05-29 02:15:15.185  1831  1831 I CalendarProvider2: Created com.android.providers.calendar.CalendarAlarmManager@891a507(com.android.providers.calendar.CalendarProvider2@b59634)
05-29 02:15:15.187  1449  1845 I VoicemailNotifier: receivers for android.intent.action.PROVIDER_CHANGED :[]
05-29 02:15:15.193  1831  1831 I CalendarUpgradeReceiver: Creating or opening calendar database
05-29 02:15:15.193   510   537 I PreBootBroadcaster: Pre-boot of {com.android.providers.contacts/com.android.providers.contacts.ContactsUpgradeReceiver} for user 0
05-29 02:15:15.202  1878  1881 I cmd     : oneway function results will be dropped but finished with status OK and parcel size 4
05-29 02:15:15.206  1875  1875 I migrate_legacy_obb_data: No legacy obb data to migrate.
05-29 02:15:15.208   510   607 I StorageSessionController: Notifying volume state changed for session with id: emulated;0
05-29 02:15:15.224   279  1888 W resolv  : Validating DnsTlsServer on netId 100
05-29 02:15:15.225   279  1888 W resolv  : SSL_connect ssl error =5, mark 0xf0064: Connection refused
05-29 02:15:15.225   279  1888 W resolv  : Validation failed
05-29 02:15:15.232  1449  1449 I ContactsUpgradeReceiver: Creating or opening contacts database
05-29 02:15:15.279   510   520 I system_server: Background concurrent copying GC freed 115347(6573KB) AllocSpace objects, 47(2072KB) LOS objects, 49% free, 8461KB/16MB, paused 55us total 359.186ms
05-29 02:15:15.303  1889  1891 I cmd     : oneway function results will be dropped but finished with status OK and parcel size 4
05-29 02:15:15.407   925  1814 E FrameEvents: updateAcquireFence: Did not find frame.
05-29 02:15:15.428  1449  1449 I ContactsDatabaseHelper: Bootstrapping database contacts2.db version: 1400
05-29 02:15:15.436  1449  1826 I ContactLocale: AddressBook Labels [[en_US]]: […, A, B, C, D, E, F, G, H, I, J, K, L, M, N, O, P, Q, R, S, T, U, V, W, X, Y, Z, Α, Β, Γ, Δ, Ε, Ζ, Η, Θ, Ι, Κ, Λ, Μ, Ν, Ξ, Ο, Π, Ρ, Σ, Τ, Υ, Φ, Χ, Ψ, Ω, …, А, Б, В, Г, Д, Ђ, Е, Є, Ж, З, И, І, Й, Ј, К, Л, Љ, М, Н, Њ, О, П, Р, С, Т, Ћ, У, Ф, Х, Ц, Ч, Џ, Ш, Щ, Ю, Я, …, א, ב, ג, ד, ה, ו, ז, ח, ט, י, כ, ל, מ, נ, ס, ע, פ, צ, ק, ר, ש, ת, …, ا, ب, ت, ث, ج, ح, خ, د, ذ, ر, ز, س, ش, ص, ض, ط, ظ, ع, غ, ف, ق, ك, ل, م, ن, ه, و, ي, …, ก, ข, ฃ, ค, ฅ, ฆ, ง, จ, ฉ, ช, ซ, ฌ, ญ, ฎ, ฏ, ฐ, ฑ, ฒ, ณ, ด, ต, ถ, ท, ธ, น, บ, ป, ผ, ฝ, พ, ฟ, ภ, ม, ย, ร, ฤ, ล, ฦ, ว, ศ, ษ, ส, ห, ฬ, อ, ฮ, …, ㄱ, ㄴ, ㄷ, ㄹ, ㅁ, ㅂ, ㅅ, ㅇ, ㅈ, ㅊ, ㅋ, ㅌ, ㅍ, ㅎ, …, あ, か, さ, た, な, は, ま, や, ら, わ, #, …]
05-29 02:15:15.440   925  1814 E FrameEvents: updateAcquireFence: Did not find frame.
05-29 02:15:15.448  1449  1449 I ContactsProviderV1: Bootstrapping database legacy support
05-29 02:15:15.456   510   510 W Looper  : Slow dispatch took 239ms main h=com.android.server.job.JobSchedulerService$JobHandler c=null m=1
05-29 02:15:15.456   510   510 W Looper  : Slow delivery took 233ms main h=com.android.providers.settings.SettingsProvider$SettingsRegistry$MyHandler c=null m=1
05-29 02:15:15.457   510   510 W Looper  : Drained
05-29 02:15:15.484   510   540 I GnssNetworkConnectivityHandler: updateNetworkState, state=CLOSED, connected=true, network=100, capabilities=[ Transports: CELLULAR Capabilities: MMS&SUPL&DUN&FOTA&IMS&CBS&INTERNET&NOT_RESTRICTED&TRUSTED&NOT_VPN&VALIDATED&NOT_ROAMING&FOREGROUND&NOT_CONGESTED&NOT_SUSPENDED LinkUpBandwidth>=15000Kbps LinkDnBandwidth>=30000Kbps Specifier: <TelephonyNetworkSpecifier [mSubId = 1]> AdministratorUids: [] RequestorUid: -1 RequestorPackageName: null], apn: epc.tmobile.com, availableNetworkCount: 1
05-29 02:15:15.484   510   540 W Looper  : Slow dispatch took 267ms android.fg h=android.net.ConnectivityManager$CallbackHandler c=null m=524290
05-29 02:15:15.484   510   540 W Looper  : Slow delivery took 268ms android.fg h=android.net.ConnectivityManager$CallbackHandler c=null m=524294
05-29 02:15:15.493  1449  1449 I ContactsProvider: Locale has changed from null to [en_US]
05-29 02:15:15.493  1449  1449 I ContactsDatabaseHelper: Switching to locale [en_US] (ICU v66.1.0.0)
05-29 02:15:15.495   510   548 I UsageStatsService: Starting migration to system CE for user 0
05-29 02:15:15.495   510   548 I UsageStatsService: Finished migration to system CE for user 0
05-29 02:15:15.501   510   548 I UsageStatsDatabase: Upgrading from version 0 to 5
05-29 02:15:15.501   510   548 I UsageStatsDatabase: Deleting all usage stats files
05-29 02:15:15.513  1899  1902 I cmd     : oneway function results will be dropped but finished with status OK and parcel size 4
05-29 02:15:15.532   925   925 W System  : ClassLoader referenced unknown path: 
05-29 02:15:15.540   510   548 I UsageStatsService: User[0] Rollover scheduled @ 2026-05-30 02:15:15(1780107315495)
05-29 02:15:15.549  1449  1449 I ContactsDatabaseHelper: Locale change completed in 56ms
05-29 02:15:15.550  1449  1449 I ContactsDatabaseHelper: Switching to locale [en_US] (ICU v66.1.0.0)
05-29 02:15:15.554  1449  1826 I ContactDirectoryManager: deleted 0 stale rows which don't have any relevant directory
05-29 02:15:15.554  1449  1826 I ContactDirectoryManager: Discovered 0 contact directories in 38ms
05-29 02:15:15.562  1449  1449 I ContactsDatabaseHelper: Locale change completed in 13ms
05-29 02:15:15.573   510   548 I UsageStatsService: User[0] Flushing usage stats to disk
05-29 02:15:15.581   925   952 W DefaultLayoutParser: No preference or single system activity found for Intent { act=android.intent.action.MAIN cat=[android.intent.category.APP_BROWSER] }
05-29 02:15:15.587   925   952 W DefaultLayoutParser: No preference or single system activity found for Intent { act=android.intent.action.MAIN cat=[android.intent.category.APP_EMAIL] }
05-29 02:15:15.587   925   952 W DefaultLayoutParser: No preference or single system activity found for Intent { act=android.intent.action.VIEW dat=mailto: }
05-29 02:15:15.592   510   540 W Looper  : Drained
05-29 02:15:15.593   510  1745 W InputReader: Device virtio_input_multi_touch_10 is associated with display ADISPLAY_ID_NONE.
05-29 02:15:15.593   510  1745 W InputReader: Device virtio_input_multi_touch_7 is associated with display ADISPLAY_ID_NONE.
05-29 02:15:15.593   510  1745 W InputReader: Device virtio_input_multi_touch_11 is associated with display ADISPLAY_ID_NONE.
05-29 02:15:15.593   510  1745 W InputReader: Device virtio_input_multi_touch_5 is associated with display ADISPLAY_ID_NONE.
05-29 02:15:15.593   510  1745 W InputReader: Device virtio_input_multi_touch_2 is associated with display ADISPLAY_ID_NONE.
05-29 02:15:15.593   510  1745 W InputReader: Device virtio_input_multi_touch_6 is associated with display ADISPLAY_ID_NONE.
05-29 02:15:15.593   510  1745 W InputReader: Device virtio_input_multi_touch_3 is associated with display ADISPLAY_ID_NONE.
05-29 02:15:15.593   510  1745 W InputReader: Device virtio_input_multi_touch_8 is associated with display ADISPLAY_ID_NONE.
05-29 02:15:15.593   510  1745 W InputReader: Device virtio_input_multi_touch_9 is associated with display ADISPLAY_ID_NONE.
05-29 02:15:15.593   510  1745 W InputReader: Device virtio_input_multi_touch_4 is associated with display ADISPLAY_ID_NONE.
05-29 02:15:15.597   510   583 I PreBootBroadcaster: Pre-boot of {com.android.providers.media.module/com.android.providers.media.MediaUpgradeReceiver} for user 0
05-29 02:15:15.611  1708  1748 I MessagingAppDataModel: SyncMessagesAction: All messages now in sync
05-29 02:15:15.619  1449  1826 I ContactsProvider: Upgrading aggregation algorithm
05-29 02:15:15.623  1449  1826 I ContactAggregator: Marked all visible contacts for aggregation: 0 raw contacts, 0 ms
05-29 02:15:15.639  1449  1826 I ContactsProvider: Aggregation algorithm upgraded for 0 raw contacts in 21ms
05-29 02:15:15.648   925   952 W DefaultLayoutParser: No preference or single system activity found for Intent { act=android.intent.action.MAIN cat=[android.intent.category.APP_MARKET] }
05-29 02:15:15.648   925   952 W DefaultLayoutParser: No preference or single system activity found for Intent { act=android.intent.action.VIEW dat=market://details?id=com.android.launcher }
05-29 02:15:15.653   925   925 W UnsafeUtil: platform method missing - proto runtime falling back to safer methods: java.lang.NoSuchMethodException: sun.misc.Unsafe.copyMemory [class java.lang.Object, long, class java.lang.Object, long, long]
05-29 02:15:15.669   332  1390 W ServiceManager: Permission failure: android.permission.ACCESS_SURFACE_FLINGER from uid=10116 pid=925
05-29 02:15:15.689  1449  1826 I ContactsFTS: Rebuild contact search index in 49ms, 0 contacts
05-29 02:15:15.722   510   550 I ActivityManager: Start proc 1911:com.android.printspooler/u0a88 for service {com.android.printspooler/com.android.printspooler.model.PrintSpoolerService}
05-29 02:15:15.729  1911  1911 W id.printspoole: Unexpected CPU variant for X86 using defaults: x86_64
05-29 02:15:15.733   381   391 I adbd    : jdwp connection from 1911
05-29 02:15:15.751  1911  1911 I id.printspoole: The ClassLoaderContext is a special shared library.
05-29 02:15:15.773   406   406 I perfetto: probes_producer.cc:329  Producer stop (id=1)
05-29 02:15:15.777   412   412 I perfetto: ng_service_impl.cc:1948 Tracing session 1 ended, total sessions:3
05-29 02:15:15.778  1486  1933 I MediaProvider: Begin Intent { act=android.intent.action.MEDIA_MOUNTED dat=file:///storage/emulated/0 flg=0x5000010 cmp=com.android.providers.media.module/com.android.providers.media.MediaService (has extras) }
05-29 02:15:15.850   510   550 I ActivityManager: Start proc 1939:com.android.quicksearchbox/u0a101 for broadcast {com.android.quicksearchbox/com.android.quicksearchbox.SearchWidgetProvider}
05-29 02:15:15.882  1939  1939 W .quicksearchbo: Unexpected CPU variant for X86 using defaults: x86_64
05-29 02:15:15.893   381   391 I adbd    : jdwp connection from 1939
05-29 02:15:15.907   510   554 E libprocessgroup: AddTidToCgroup failed to write '1957'; fd=63: Invalid argument
05-29 02:15:15.907   510   554 E libprocessgroup: Failed to add task into cgroup
05-29 02:15:15.907   510   554 W libprocessgroup: ExecuteForTask failed for aggregate profile: Invalid argument
05-29 02:15:15.911  1939  1939 I .quicksearchbo: The ClassLoaderContext is a special shared library.
05-29 02:15:15.912  1939  1939 I .quicksearchbo: The ClassLoaderContext is a special shared library.
05-29 02:15:15.968  1486  1486 I MediaUpgradeReceiver: ---> Start upgrade of media database external.db
05-29 02:15:15.972  1486  1486 I MediaUpgradeReceiver: <--- Finished upgrade of media database external.db in 4ms
05-29 02:15:15.972  1486  1486 I MediaUpgradeReceiver: ---> Start upgrade of media database internal.db
05-29 02:15:16.004   406   406 I perfetto: probes_producer.cc:329  Producer stop (id=2)
05-29 02:15:16.008   412   412 I perfetto: ng_service_impl.cc:1948 Tracing session 2 ended, total sessions:2
05-29 02:15:16.134   510   548 I chatty  : uid=1000(system) android.bg identical 1 line
05-29 02:15:16.149  1486  1933 I MediaProvider: Changed schema version on internal from 0 to 1114, 0 items taking 333ms
05-29 02:15:16.179   510   548 W VoiceInteractionManager: no available voice interaction services found for user 0
05-29 02:15:16.374  1486  1486 I MediaProvider: Changed schema version on internal from 0 to 1114, 0 items taking 64ms
05-29 02:15:16.385   510   651 W system_server: Core platform API violation: Lsun/misc/Unsafe;->allocateInstance(Ljava/lang/Class;)Ljava/lang/Object; from /apex/com.android.wifi/javalib/service-wifi.jar using linking
05-29 02:15:16.385   510   651 W UnsafeUtil: platform method missing - proto runtime falling back to safer methods: java.lang.NoSuchMethodException: sun.misc.Unsafe.copyMemory [class java.lang.Object, long, class java.lang.Object, long, long]
05-29 02:15:16.387   510   651 W LastMileLogger: Failed to open free_buffer pseudo-file: /sys/kernel/debug/tracing/instances/wifi/free_buffer: open failed: ENOENT (No such file or directory)
05-29 02:15:16.387   510   651 W LastMileLogger: Failed to arm fail-safe.
05-29 02:15:16.387   510   651 I WifiClientModeImpl: Connecting with 02:15:b2:00:00:00 as the mac address
05-29 02:15:16.388   436   436 W wificond: Scan is not started. Ignore abort request
05-29 02:15:16.388   510   651 I SupplicantStaIfaceHal: addSupplicantStaNetwork via HIDL
05-29 02:15:16.408   925   925 I Choreographer: Skipped 36 frames!  The application may be doing too much work on its main thread.
05-29 02:15:16.414   696   696 I wpa_supplicant: wlan0: SME: Trying to authenticate with 02:15:b2:00:01:00 (SSID='AndroidWifi' freq=2447 MHz)
05-29 02:15:16.602     0     0 I wlan0   : authenticate with 02:15:b2:00:01:00
05-29 02:15:16.604     0     0 I wlan0   : send auth to 02:15:b2:00:01:00 (try 1/3)
05-29 02:15:16.419  1486  1486 I SQLiteConnectionPool: The connection pool for /data/user/0/com.android.providers.media.module/databases/internal.db has been closed but there are still 1 connections in use.  They will be closed as they are released back to the pool.
05-29 02:15:16.419  1486  1486 E MediaUpgradeReceiver: Error during upgrade of media db internal.db
05-29 02:15:16.419  1486  1486 E MediaUpgradeReceiver: java.lang.NullPointerException: Attempt to invoke interface method 'void com.android.providers.media.DatabaseHelper$OnLegacyMigrationListener.onStarted(android.content.ContentProviderClient, java.lang.String)' on a null object reference
05-29 02:15:16.419  1486  1486 E MediaUpgradeReceiver: 	at com.android.providers.media.DatabaseHelper.migrateFromLegacy(DatabaseHelper.java:841)
05-29 02:15:16.419  1486  1486 E MediaUpgradeReceiver: 	at com.android.providers.media.DatabaseHelper.onOpen(DatabaseHelper.java:375)
05-29 02:15:16.419  1486  1486 E MediaUpgradeReceiver: 	at android.database.sqlite.SQLiteOpenHelper.getDatabaseLocked(SQLiteOpenHelper.java:427)
05-29 02:15:16.419  1486  1486 E MediaUpgradeReceiver: 	at android.database.sqlite.SQLiteOpenHelper.getWritableDatabase(SQLiteOpenHelper.java:316)
05-29 02:15:16.419  1486  1486 E MediaUpgradeReceiver: 	at com.android.providers.media.DatabaseHelper.runWithTransaction(DatabaseHelper.java:551)
05-29 02:15:16.419  1486  1486 E MediaUpgradeReceiver: 	at com.android.providers.media.MediaUpgradeReceiver.onReceive(MediaUpgradeReceiver.java:72)
05-29 02:15:16.419  1486  1486 E MediaUpgradeReceiver: 	at android.app.ActivityThread.handleReceiver(ActivityThread.java:4032)
05-29 02:15:16.419  1486  1486 E MediaUpgradeReceiver: 	at android.app.ActivityThread.access$1400(ActivityThread.java:237)
05-29 02:15:16.419  1486  1486 E MediaUpgradeReceiver: 	at android.app.ActivityThread$H.handleMessage(ActivityThread.java:1924)
05-29 02:15:16.419  1486  1486 E MediaUpgradeReceiver: 	at android.os.Handler.dispatchMessage(Handler.java:106)
05-29 02:15:16.419  1486  1486 E MediaUpgradeReceiver: 	at android.os.Looper.loop(Looper.java:223)
05-29 02:15:16.419  1486  1486 E MediaUpgradeReceiver: 	at android.app.ActivityThread.main(ActivityThread.java:7656)
05-29 02:15:16.419  1486  1486 E MediaUpgradeReceiver: 	at java.lang.reflect.Method.invoke(Native Method)
05-29 02:15:16.419  1486  1486 E MediaUpgradeReceiver: 	at com.android.internal.os.RuntimeInit$MethodAndArgsCaller.run(RuntimeInit.java:592)
05-29 02:15:16.419  1486  1486 E MediaUpgradeReceiver: 	at com.android.internal.os.ZygoteInit.main(ZygoteInit.java:947)
05-29 02:15:16.419   477   477 I hostapd : wlan1: STA 02:15:b2:00:00:00 IEEE 802.11: authenticated
05-29 02:15:16.419   477   477 I hostapd : wlan1: STA 02:15:b2:00:00:00 IEEE 802.11: authenticated
05-29 02:15:16.420  1486  1486 I MediaUpgradeReceiver: <--- Finished upgrade of media database internal.db in 448ms
05-29 02:15:16.607     0     0 I wlan0   : authenticated
05-29 02:15:16.420   696   696 I wpa_supplicant: wlan0: Trying to associate with 02:15:b2:00:01:00 (SSID='AndroidWifi' freq=2447 MHz)
05-29 02:15:16.420   510  1745 I PreBootBroadcaster: Pre-boot of {com.android.settings/com.android.settings.SettingsInitialize} for user 0
05-29 02:15:16.430   925   925 E libprocessgroup: set_timerslack_ns write failed: Operation not permitted
05-29 02:15:16.618     0     0 I wlan0   : associate with 02:15:b2:00:01:00 (try 1/3)
05-29 02:15:16.438   477   477 I hostapd : wlan1: STA 02:15:b2:00:00:00 IEEE 802.11: associated (aid 1)
05-29 02:15:16.438   477   477 I hostapd : wlan1: STA 02:15:b2:00:00:00 IEEE 802.11: associated (aid 1)
05-29 02:15:16.438   477   477 I hostapd : wlan1: AP-STA-CONNECTED 02:15:b2:00:00:00
05-29 02:15:16.454   510  1804 I ActivityManager: Posting BOOT_COMPLETED user #0
05-29 02:15:16.454   510   549 I SystemServerTimingAsync: ssm.UnlockedUser-0
05-29 02:15:16.454   510   549 I SystemServiceManager: Calling onUnlockedUser 0
05-29 02:15:16.454   510   549 I SystemServerTimingAsync: ssm.onUnlockedUser-0_com.android.server.security.FileIntegrityService
05-29 02:15:16.454   510   549 I SystemServerTimingAsync: ssm.onUnlockedUser-0_com.android.server.pm.Installer
05-29 02:15:16.454   510   549 I SystemServerTimingAsync: ssm.onUnlockedUser-0_com.android.server.os.DeviceIdentifiersPolicyService
05-29 02:15:16.631     0     0 I wlan0   : RX AssocResp from 02:15:b2:00:01:00 (capab=0x401 status=0 aid=1)
05-29 02:15:16.640     0     0 I wlan0   : associated
05-29 02:15:16.454   510   549 I SystemServerTimingAsync: ssm.onUnlockedUser-0_com.android.server.uri.UriGrantsManagerService$Lifecycle
05-29 02:15:16.454   510   549 I SystemServerTimingAsync: ssm.onUnlockedUser-0_com.android.server.wm.ActivityTaskManagerService$Lifecycle
05-29 02:15:16.454   510   549 I SystemServerTimingAsync: ssm.onUnlockedUser-0_com.android.server.am.ActivityManagerService$Lifecycle
05-29 02:15:16.457   510   549 I SystemServerTimingAsync: ssm.onUnlockedUser-0_com.android.server.pm.DataLoaderManagerService
05-29 02:15:16.457   510   549 I SystemServerTimingAsync: ssm.onUnlockedUser-0_com.android.server.power.PowerManagerService
05-29 02:15:16.457   510   549 I SystemServerTimingAsync: ssm.onUnlockedUser-0_com.android.server.power.ThermalManagerService
05-29 02:15:16.457   510   549 I SystemServerTimingAsync: ssm.onUnlockedUser-0_com.android.server.recoverysystem.RecoverySystemService$Lifecycle
05-29 02:15:16.457   510   549 I SystemServerTimingAsync: ssm.onUnlockedUser-0_com.android.server.lights.LightsService
05-29 02:15:16.457   510   549 I SystemServerTimingAsync: ssm.onUnlockedUser-0_com.android.server.display.DisplayManagerService
05-29 02:15:16.457   510   549 I SystemServerTimingAsync: ssm.onUnlockedUser-0_com.android.server.pm.UserManagerService$LifeCycle
05-29 02:15:16.457   510   549 I SystemServerTimingAsync: ssm.onUnlockedUser-0_com.android.server.om.OverlayManagerService
05-29 02:15:16.457   510   549 I SystemServerTimingAsync: ssm.onUnlockedUser-0_com.android.server.SensorPrivacyService
05-29 02:15:16.457   510   549 I SystemServerTimingAsync: ssm.onUnlockedUser-0_com.android.server.SystemConfigService
05-29 02:15:16.457   510   549 I SystemServerTimingAsync: ssm.onUnlockedUser-0_com.android.server.BatteryService
05-29 02:15:16.457   510   549 I SystemServerTimingAsync: ssm.onUnlockedUser-0_com.android.server.usage.UsageStatsService
