05-29 02:15:56.108  1486  1933 I MediaProvider: Begin Intent { act=android.intent.action.MEDIA_SCANNER_SCAN_FILE dat=file:///sdcard/screen_2026-05-29_021556.png flg=0x1400010 cmp=com.android.providers.media.module/com.android.providers.media.MediaService }
05-29 02:15:56.109  1486  1933 W ModernMediaScanner: Failed to visit /sdcard/screen_2026-05-29_021556.png: java.nio.file.AccessDeniedException: /sdcard/screen_2026-05-29_021556.png
05-29 02:15:56.109  1486  1933 I MediaProvider: Scanned internal due to REASON_DEMAND, found 0 items in 1ms, 0 inserts 0 updates 0 deletes
05-29 02:15:56.110  1486  1933 I MediaProvider: End Intent { act=android.intent.action.MEDIA_SCANNER_SCAN_FILE dat=file:///sdcard/screen_2026-05-29_021556.png flg=0x1400010 cmp=com.android.providers.media.module/com.android.providers.media.MediaService }
05-29 02:15:56.133  1486  1638 I MediaProvider: Deleted 1 items on external_primary due to com.android.shell
05-29 02:15:56.160  4842  4844 I cmd     : oneway function results will be dropped but finished with status OK and parcel size 4
05-29 02:15:56.282   163   163 I hwservicemanager: getTransport: Cannot find entry android.hardware.graphics.mapper@4.0::IMapper/default in either framework or device manifest.
05-29 02:15:56.282  4864  4864 I Gralloc4: mapper 4.x is not supported
05-29 02:15:56.319  4868  4870 I cmd     : oneway function results will be dropped but finished with status OK and parcel size 4
05-29 02:15:56.320  1486  1933 I MediaProvider: Begin Intent { act=android.intent.action.MEDIA_SCANNER_SCAN_FILE dat=file:///sdcard/screen_2026-05-29_021557.png flg=0x1400010 cmp=com.android.providers.media.module/com.android.providers.media.MediaService }
05-29 02:15:56.321  1486  1933 W ModernMediaScanner: Failed to visit /sdcard/screen_2026-05-29_021557.png: java.nio.file.AccessDeniedException: /sdcard/screen_2026-05-29_021557.png
05-29 02:15:56.322  1486  1933 I MediaProvider: Scanned internal due to REASON_DEMAND, found 0 items in 1ms, 0 inserts 0 updates 0 deletes
05-29 02:15:56.322  1486  1933 I MediaProvider: End Intent { act=android.intent.action.MEDIA_SCANNER_SCAN_FILE dat=file:///sdcard/screen_2026-05-29_021557.png flg=0x1400010 cmp=com.android.providers.media.module/com.android.providers.media.MediaService }
05-29 02:15:56.344  1486  1638 I MediaProvider: Deleted 1 items on external_primary due to com.android.shell
05-29 02:15:56.370  4879  4881 I cmd     : oneway function results will be dropped but finished with status OK and parcel size 4
05-29 02:15:56.418  4894  4896 I cmd     : oneway function results will be dropped but finished with status OK and parcel size 4
05-29 02:15:56.467  4909  4911 I cmd     : oneway function results will be dropped but finished with status OK and parcel size 4
05-29 02:15:56.521  4924  4926 I cmd     : oneway function results will be dropped but finished with status OK and parcel size 4
05-29 02:15:56.601  4936  4936 E libc    : Access denied finding property "persist.device_config.runtime_native_boot.profilebootclasspath"
05-29 02:15:56.601  4936  4936 E libc    : Access denied finding property "persist.device_config.runtime_native_boot.enable_apex_image"
05-29 02:15:56.601  4936  4936 I AndroidRuntime: Using default boot image
05-29 02:15:56.601  4936  4936 E libc    : Access denied finding property "persist.device_config.runtime_native_boot.disable_lock_profiling"
05-29 02:15:56.601  4936  4936 I AndroidRuntime: Leaving lock profiling enabled
05-29 02:15:56.601  4936  4936 E libc    : Access denied finding property "persist.device_config.runtime_native_boot.enable_generational_cc"
05-29 02:15:56.602  4936  4936 I app_process: Core platform API reporting enabled, enforcing=false
05-29 02:15:56.641  4936  4936 W app_process: Unexpected CPU variant for X86 using defaults: x86_64
05-29 02:15:56.642  4936  4936 I app_process: The ClassLoaderContext is a special shared library.
05-29 02:15:56.648  4936  4936 W app_process: JNI RegisterNativeMethods: attempt to register 0 native methods for android.media.AudioAttributes
05-29 02:15:58.369   163   163 I hwservicemanager: getTransport: Cannot find entry android.hardware.graphics.mapper@4.0::IMapper/default in either framework or device manifest.
05-29 02:15:58.369  4969  4969 I Gralloc4: mapper 4.x is not supported
05-29 02:15:58.416  4973  4975 I cmd     : oneway function results will be dropped but finished with status OK and parcel size 4
05-29 02:15:58.416  1486  1933 I MediaProvider: Begin Intent { act=android.intent.action.MEDIA_SCANNER_SCAN_FILE dat=file:///sdcard/screen_2026-05-29_021559.png flg=0x1400010 cmp=com.android.providers.media.module/com.android.providers.media.MediaService }
05-29 02:15:58.412  1486  1486 W com.android.providers.media.module: type=1400 audit(0.0:338): avc: denied { read } for comm=4173796E635461736B202331 name="primary" dev="tmpfs" ino=27787 scontext=u:r:mediaprovider_app:s0:c122,c256,c512,c768 tcontext=u:object_r:mnt_pass_through_file:s0 tclass=lnk_file permissive=0 app=com.android.providers.media.module
05-29 02:15:58.607     0     0 W audit   : audit_lost=229 audit_rate_limit=5 audit_backlog_limit=64
05-29 02:15:58.615     0     0 E audit   : rate limit exceeded
05-29 02:15:58.416  1486  1486 W com.android.providers.media.module: type=1400 audit(0.0:339): avc: denied { read } for comm=4173796E635461736B202331 name="primary" dev="tmpfs" ino=27787 scontext=u:r:mediaprovider_app:s0:c122,c256,c512,c768 tcontext=u:object_r:mnt_pass_through_file:s0 tclass=lnk_file permissive=0 app=com.android.providers.media.module
05-29 02:15:58.436  1486  1933 W ModernMediaScanner: Failed to visit /sdcard/screen_2026-05-29_021559.png: java.nio.file.AccessDeniedException: /sdcard/screen_2026-05-29_021559.png
05-29 02:15:58.437  1486  1933 I MediaProvider: Scanned internal due to REASON_DEMAND, found 0 items in 17ms, 0 inserts 0 updates 0 deletes
05-29 02:15:58.437  1486  1933 I MediaProvider: End Intent { act=android.intent.action.MEDIA_SCANNER_SCAN_FILE dat=file:///sdcard/screen_2026-05-29_021559.png flg=0x1400010 cmp=com.android.providers.media.module/com.android.providers.media.MediaService }
05-29 02:15:58.416  1486  1486 W com.android.providers.media.module: type=1400 audit(0.0:340): avc: denied { read } for comm=4173796E635461736B202331 name="primary" dev="tmpfs" ino=27787 scontext=u:r:mediaprovider_app:s0:c122,c256,c512,c768 tcontext=u:object_r:mnt_pass_through_file:s0 tclass=lnk_file permissive=0 app=com.android.providers.media.module
05-29 02:15:58.478  1486  2502 I MediaProvider: Deleted 1 items on external_primary due to com.android.shell
05-29 02:15:58.504  4984  4986 I cmd     : oneway function results will be dropped but finished with status OK and parcel size 4
05-29 02:15:58.623   163   163 I hwservicemanager: getTransport: Cannot find entry android.hardware.graphics.mapper@4.0::IMapper/default in either framework or device manifest.
05-29 02:15:58.623  5006  5006 I Gralloc4: mapper 4.x is not supported
05-29 02:15:58.669  5010  5012 I cmd     : oneway function results will be dropped but finished with status OK and parcel size 4
05-29 02:15:58.669  1486  1933 I MediaProvider: Begin Intent { act=android.intent.action.MEDIA_SCANNER_SCAN_FILE dat=file:///sdcard/screen_2026-05-29_021559.png flg=0x1400010 cmp=com.android.providers.media.module/com.android.providers.media.MediaService }
05-29 02:15:58.670  1486  1933 W ModernMediaScanner: Failed to visit /sdcard/screen_2026-05-29_021559.png: java.nio.file.AccessDeniedException: /sdcard/screen_2026-05-29_021559.png
05-29 02:15:58.671  1486  1933 I MediaProvider: Scanned internal due to REASON_DEMAND, found 0 items in 1ms, 0 inserts 0 updates 0 deletes
05-29 02:15:58.672  1486  1933 I MediaProvider: End Intent { act=android.intent.action.MEDIA_SCANNER_SCAN_FILE dat=file:///sdcard/screen_2026-05-29_021559.png flg=0x1400010 cmp=com.android.providers.media.module/com.android.providers.media.MediaService }
05-29 02:15:58.731  1486  1619 I MediaProvider: Deleted 1 items on external_primary due to com.android.shell
05-29 02:15:58.756  5021  5023 I cmd     : oneway function results will be dropped but finished with status OK and parcel size 4
05-29 02:15:58.886   163   163 I hwservicemanager: getTransport: Cannot find entry android.hardware.graphics.mapper@4.0::IMapper/default in either framework or device manifest.
05-29 02:15:58.886  5043  5043 I Gralloc4: mapper 4.x is not supported
05-29 02:15:58.936  5047  5049 I cmd     : oneway function results will be dropped but finished with status OK and parcel size 4
05-29 02:15:58.937  1486  1933 I MediaProvider: Begin Intent { act=android.intent.action.MEDIA_SCANNER_SCAN_FILE dat=file:///sdcard/screen_2026-05-29_021559.png flg=0x1400010 cmp=com.android.providers.media.module/com.android.providers.media.MediaService }
05-29 02:15:58.939  1486  1933 W ModernMediaScanner: Failed to visit /sdcard/screen_2026-05-29_021559.png: java.nio.file.AccessDeniedException: /sdcard/screen_2026-05-29_021559.png
05-29 02:15:58.939  1486  1933 I MediaProvider: Scanned internal due to REASON_DEMAND, found 0 items in 2ms, 0 inserts 0 updates 0 deletes
05-29 02:15:58.940  1486  1933 I MediaProvider: End Intent { act=android.intent.action.MEDIA_SCANNER_SCAN_FILE dat=file:///sdcard/screen_2026-05-29_021559.png flg=0x1400010 cmp=com.android.providers.media.module/com.android.providers.media.MediaService }
05-29 02:15:59.003  1486  1638 I MediaProvider: Deleted 1 items on external_primary due to com.android.shell
05-29 02:15:59.031  5058  5060 I cmd     : oneway function results will be dropped but finished with status OK and parcel size 4
05-29 02:15:59.101  5075  5077 I cmd     : oneway function results will be dropped but finished with status OK and parcel size 4
05-29 02:15:59.204  5105  5107 I cmd     : oneway function results will be dropped but finished with status OK and parcel size 4
05-29 02:15:59.285  5117  5117 E libc    : Access denied finding property "persist.device_config.runtime_native_boot.profilebootclasspath"
05-29 02:15:59.285  5117  5117 E libc    : Access denied finding property "persist.device_config.runtime_native_boot.enable_apex_image"
05-29 02:15:59.285  5117  5117 I AndroidRuntime: Using default boot image
05-29 02:15:59.285  5117  5117 E libc    : Access denied finding property "persist.device_config.runtime_native_boot.disable_lock_profiling"
05-29 02:15:59.285  5117  5117 I AndroidRuntime: Leaving lock profiling enabled
05-29 02:15:59.285  5117  5117 E libc    : Access denied finding property "persist.device_config.runtime_native_boot.enable_generational_cc"
05-29 02:15:59.286  5117  5117 I app_process: Core platform API reporting enabled, enforcing=false
05-29 02:15:59.326  5117  5117 W app_process: Unexpected CPU variant for X86 using defaults: x86_64
05-29 02:15:59.327  5117  5117 I app_process: The ClassLoaderContext is a special shared library.
05-29 02:15:59.333  5117  5117 W app_process: JNI RegisterNativeMethods: attempt to register 0 native methods for android.media.AudioAttributes
05-29 02:16:01.053   163   163 I hwservicemanager: getTransport: Cannot find entry android.hardware.graphics.mapper@4.0::IMapper/default in either framework or device manifest.
05-29 02:16:01.053  5149  5149 I Gralloc4: mapper 4.x is not supported
05-29 02:16:01.091  1486  1933 I MediaProvider: Begin Intent { act=android.intent.action.MEDIA_SCANNER_SCAN_FILE dat=file:///sdcard/screen_2026-05-29_021601.png flg=0x1400010 cmp=com.android.providers.media.module/com.android.providers.media.MediaService }
05-29 02:16:01.088  1486  1486 W com.android.providers.media.module: type=1400 audit(0.0:360): avc: denied { read } for comm=4173796E635461736B202331 name="primary" dev="tmpfs" ino=27787 scontext=u:r:mediaprovider_app:s0:c122,c256,c512,c768 tcontext=u:object_r:mnt_pass_through_file:s0 tclass=lnk_file permissive=0 app=com.android.providers.media.module
05-29 02:16:01.287     0     0 W audit   : audit_lost=246 audit_rate_limit=5 audit_backlog_limit=64
05-29 02:16:01.290     0     0 E audit   : rate limit exceeded
05-29 02:16:01.112  1486  1933 W ModernMediaScanner: Failed to visit /sdcard/screen_2026-05-29_021601.png: java.nio.file.AccessDeniedException: /sdcard/screen_2026-05-29_021601.png
05-29 02:16:01.113  1486  1933 I MediaProvider: Scanned internal due to REASON_DEMAND, found 0 items in 14ms, 0 inserts 0 updates 0 deletes
05-29 02:16:01.114  1486  1933 I MediaProvider: End Intent { act=android.intent.action.MEDIA_SCANNER_SCAN_FILE dat=file:///sdcard/screen_2026-05-29_021601.png flg=0x1400010 cmp=com.android.providers.media.module/com.android.providers.media.MediaService }
05-29 02:16:01.088  1486  1486 W com.android.providers.media.module: type=1400 audit(0.0:361): avc: denied { read } for comm=4173796E635461736B202331 name="primary" dev="tmpfs" ino=27787 scontext=u:r:mediaprovider_app:s0:c122,c256,c512,c768 tcontext=u:object_r:mnt_pass_through_file:s0 tclass=lnk_file permissive=0 app=com.android.providers.media.module
05-29 02:16:01.096  1486  1486 I chatty  : uid=10122(com.android.providers.media.module) identical 2 lines
05-29 02:16:01.096  1486  1486 W com.android.providers.media.module: type=1400 audit(0.0:364): avc: denied { read } for comm=4173796E635461736B202331 name="primary" dev="tmpfs" ino=27787 scontext=u:r:mediaprovider_app:s0:c122,c256,c512,c768 tcontext=u:object_r:mnt_pass_through_file:s0 tclass=lnk_file permissive=0 app=com.android.providers.media.module
05-29 02:16:01.154  1486  2502 I MediaProvider: Deleted 1 items on external_primary due to com.android.shell
05-29 02:16:01.183  5166  5168 I cmd     : oneway function results will be dropped but finished with status OK and parcel size 4
05-29 02:16:01.321   163   163 I hwservicemanager: getTransport: Cannot find entry android.hardware.graphics.mapper@4.0::IMapper/default in either framework or device manifest.
05-29 02:16:01.321  5188  5188 I Gralloc4: mapper 4.x is not supported
05-29 02:16:01.357  1486  1933 I MediaProvider: Begin Intent { act=android.intent.action.MEDIA_SCANNER_SCAN_FILE dat=file:///sdcard/screen_2026-05-29_021602.png flg=0x1400010 cmp=com.android.providers.media.module/com.android.providers.media.MediaService }
05-29 02:16:01.358  1486  1933 W ModernMediaScanner: Failed to visit /sdcard/screen_2026-05-29_021602.png: java.nio.file.AccessDeniedException: /sdcard/screen_2026-05-29_021602.png
05-29 02:16:01.359  1486  1933 I MediaProvider: Scanned internal due to REASON_DEMAND, found 0 items in 1ms, 0 inserts 0 updates 0 deletes
05-29 02:16:01.359  1486  1933 I MediaProvider: End Intent { act=android.intent.action.MEDIA_SCANNER_SCAN_FILE dat=file:///sdcard/screen_2026-05-29_021602.png flg=0x1400010 cmp=com.android.providers.media.module/com.android.providers.media.MediaService }
05-29 02:16:01.381  1486  1619 I MediaProvider: Deleted 1 items on external_primary due to com.android.shell
05-29 02:16:01.408  5203  5205 I cmd     : oneway function results will be dropped but finished with status OK and parcel size 4
05-29 02:16:01.528   163   163 I hwservicemanager: getTransport: Cannot find entry android.hardware.graphics.mapper@4.0::IMapper/default in either framework or device manifest.
05-29 02:16:01.529  5225  5225 I Gralloc4: mapper 4.x is not supported
05-29 02:16:01.565  5229  5231 I cmd     : oneway function results will be dropped but finished with status OK and parcel size 4
05-29 02:16:01.565  1486  1933 I MediaProvider: Begin Intent { act=android.intent.action.MEDIA_SCANNER_SCAN_FILE dat=file:///sdcard/screen_2026-05-29_021602.png flg=0x1400010 cmp=com.android.providers.media.module/com.android.providers.media.MediaService }
05-29 02:16:01.566  1486  1933 W ModernMediaScanner: Failed to visit /sdcard/screen_2026-05-29_021602.png: java.nio.file.AccessDeniedException: /sdcard/screen_2026-05-29_021602.png
05-29 02:16:01.571  1486  1933 I MediaProvider: Scanned internal due to REASON_DEMAND, found 0 items in 5ms, 0 inserts 0 updates 0 deletes
05-29 02:16:01.571  1486  1933 I MediaProvider: End Intent { act=android.intent.action.MEDIA_SCANNER_SCAN_FILE dat=file:///sdcard/screen_2026-05-29_021602.png flg=0x1400010 cmp=com.android.providers.media.module/com.android.providers.media.MediaService }
05-29 02:16:01.587  1486  1638 I MediaProvider: Deleted 1 items on external_primary due to com.android.shell
05-29 02:16:01.611  5240  5242 I cmd     : oneway function results will be dropped but finished with status OK and parcel size 4
05-29 02:16:01.661  5255  5257 I cmd     : oneway function results will be dropped but finished with status OK and parcel size 4
05-29 02:16:01.709  5270  5272 I cmd     : oneway function results will be dropped but finished with status OK and parcel size 4
05-29 02:16:01.758  5285  5287 I cmd     : oneway function results will be dropped but finished with status OK and parcel size 4
05-29 02:16:01.840  5297  5297 E libc    : Access denied finding property "persist.device_config.runtime_native_boot.profilebootclasspath"
05-29 02:16:01.840  5297  5297 E libc    : Access denied finding property "persist.device_config.runtime_native_boot.enable_apex_image"
05-29 02:16:01.840  5297  5297 I AndroidRuntime: Using default boot image
05-29 02:16:01.840  5297  5297 E libc    : Access denied finding property "persist.device_config.runtime_native_boot.disable_lock_profiling"
05-29 02:16:01.840  5297  5297 I AndroidRuntime: Leaving lock profiling enabled
05-29 02:16:01.840  5297  5297 E libc    : Access denied finding property "persist.device_config.runtime_native_boot.enable_generational_cc"
05-29 02:16:01.841  5297  5297 I app_process: Core platform API reporting enabled, enforcing=false
05-29 02:16:01.882  5297  5297 W app_process: Unexpected CPU variant for X86 using defaults: x86_64
05-29 02:16:01.883  5297  5297 I app_process: The ClassLoaderContext is a special shared library.
05-29 02:16:01.890  5297  5297 W app_process: JNI RegisterNativeMethods: attempt to register 0 native methods for android.media.AudioAttributes
05-29 02:16:02.497     0     0 W healthd : battery l=100 v=5000 t=25.0 h=2 st=2 c=900000 fc=300000 cc=10 chg=a
05-29 02:16:03.522   448   448 E netmgr  : qemu_pipe_open_ns:62: Could not connect to the 'pipe:qemud:network' service: Invalid argument
05-29 02:16:03.522   448   448 E netmgr  : Failed to open QEMU pipe 'qemud:network': Invalid argument
05-29 02:16:03.587   450   450 E wifi_forwarder: qemu_pipe_open_ns:62: Could not connect to the 'pipe:qemud:wififorward' service: Invalid argument
05-29 02:16:03.587   450   450 E wifi_forwarder: RemoteConnection failed to initialize: RemoteConnection failed to open pipe
05-29 02:16:03.616   163   163 I hwservicemanager: getTransport: Cannot find entry android.hardware.graphics.mapper@4.0::IMapper/default in either framework or device manifest.
05-29 02:16:03.616  5326  5326 I Gralloc4: mapper 4.x is not supported
05-29 02:16:03.654  1486  1933 I MediaProvider: Begin Intent { act=android.intent.action.MEDIA_SCANNER_SCAN_FILE dat=file:///sdcard/screen_2026-05-29_021604.png flg=0x1400010 cmp=com.android.providers.media.module/com.android.providers.media.MediaService }
05-29 02:16:03.648  1486  1486 W com.android.providers.media.module: type=1400 audit(0.0:382): avc: denied { read } for comm=4173796E635461736B202331 name="primary" dev="tmpfs" ino=27787 scontext=u:r:mediaprovider_app:s0:c122,c256,c512,c768 tcontext=u:object_r:mnt_pass_through_file:s0 tclass=lnk_file permissive=0 app=com.android.providers.media.module
05-29 02:16:03.674  1486  1933 W ModernMediaScanner: Failed to visit /sdcard/screen_2026-05-29_021604.png: java.nio.file.AccessDeniedException: /sdcard/screen_2026-05-29_021604.png
05-29 02:16:03.675  1486  1933 I MediaProvider: Scanned internal due to REASON_DEMAND, found 0 items in 20ms, 0 inserts 0 updates 0 deletes
05-29 02:16:03.676  1486  1933 I MediaProvider: End Intent { act=android.intent.action.MEDIA_SCANNER_SCAN_FILE dat=file:///sdcard/screen_2026-05-29_021604.png flg=0x1400010 cmp=com.android.providers.media.module/com.android.providers.media.MediaService }
05-29 02:16:03.648  1486  1486 W com.android.providers.media.module: type=1400 audit(0.0:384): avc: denied { read } for comm=4173796E635461736B202331 name="primary" dev="tmpfs" ino=27787 scontext=u:r:mediaprovider_app:s0:c122,c256,c512,c768 tcontext=u:object_r:mnt_pass_through_file:s0 tclass=lnk_file permissive=0 app=com.android.providers.media.module
05-29 02:16:03.652  1486  1486 I chatty  : uid=10122(com.android.providers.media.module) identical 1 line
05-29 02:16:03.652  1486  1486 W com.android.providers.media.module: type=1400 audit(0.0:386): avc: denied { read } for comm=4173796E635461736B202331 name="primary" dev="tmpfs" ino=27787 scontext=u:r:mediaprovider_app:s0:c122,c256,c512,c768 tcontext=u:object_r:mnt_pass_through_file:s0 tclass=lnk_file permissive=0 app=com.android.providers.media.module
05-29 02:16:03.712  1486  2502 I MediaProvider: Deleted 1 items on external_primary due to com.android.shell
05-29 02:16:03.739  5341  5343 I cmd     : oneway function results will be dropped but finished with status OK and parcel size 4
05-29 02:16:03.873   163   163 I hwservicemanager: getTransport: Cannot find entry android.hardware.graphics.mapper@4.0::IMapper/default in either framework or device manifest.
05-29 02:16:03.873  5363  5363 I Gralloc4: mapper 4.x is not supported
05-29 02:16:03.910  5367  5369 I cmd     : oneway function results will be dropped but finished with status OK and parcel size 4
05-29 02:16:03.910  1486  1933 I MediaProvider: Begin Intent { act=android.intent.action.MEDIA_SCANNER_SCAN_FILE dat=file:///sdcard/screen_2026-05-29_021604.png flg=0x1400010 cmp=com.android.providers.media.module/com.android.providers.media.MediaService }
05-29 02:16:03.912  1486  1933 W ModernMediaScanner: Failed to visit /sdcard/screen_2026-05-29_021604.png: java.nio.file.AccessDeniedException: /sdcard/screen_2026-05-29_021604.png
05-29 02:16:03.912  1486  1933 I MediaProvider: Scanned internal due to REASON_DEMAND, found 0 items in 1ms, 0 inserts 0 updates 0 deletes
05-29 02:16:03.913  1486  1933 I MediaProvider: End Intent { act=android.intent.action.MEDIA_SCANNER_SCAN_FILE dat=file:///sdcard/screen_2026-05-29_021604.png flg=0x1400010 cmp=com.android.providers.media.module/com.android.providers.media.MediaService }
05-29 02:16:03.937  1486  1619 I MediaProvider: Deleted 1 items on external_primary due to com.android.shell
05-29 02:16:03.965  5378  5380 I cmd     : oneway function results will be dropped but finished with status OK and parcel size 4
05-29 02:16:04.087   163   163 I hwservicemanager: getTransport: Cannot find entry android.hardware.graphics.mapper@4.0::IMapper/default in either framework or device manifest.
05-29 02:16:04.088  5400  5400 I Gralloc4: mapper 4.x is not supported
05-29 02:16:04.125  1486  1933 I MediaProvider: Begin Intent { act=android.intent.action.MEDIA_SCANNER_SCAN_FILE dat=file:///sdcard/screen_2026-05-29_021604.png flg=0x1400010 cmp=com.android.providers.media.module/com.android.providers.media.MediaService }
05-29 02:16:04.130  1486  1933 W ModernMediaScanner: Failed to visit /sdcard/screen_2026-05-29_021604.png: java.nio.file.AccessDeniedException: /sdcard/screen_2026-05-29_021604.png
05-29 02:16:04.131  1486  1933 I MediaProvider: Scanned internal due to REASON_DEMAND, found 0 items in 1ms, 0 inserts 0 updates 0 deletes
05-29 02:16:04.132  1486  1933 I MediaProvider: End Intent { act=android.intent.action.MEDIA_SCANNER_SCAN_FILE dat=file:///sdcard/screen_2026-05-29_021604.png flg=0x1400010 cmp=com.android.providers.media.module/com.android.providers.media.MediaService }
05-29 02:16:04.147  1486  1638 I MediaProvider: Deleted 1 items on external_primary due to com.android.shell
05-29 02:16:04.176  5415  5417 I cmd     : oneway function results will be dropped but finished with status OK and parcel size 4
05-29 02:16:04.236  5432  5434 I cmd     : oneway function results will be dropped but finished with status OK and parcel size 4
05-29 02:16:04.287  5447  5449 I cmd     : oneway function results will be dropped but finished with status OK and parcel size 4
05-29 02:16:04.341  5462  5464 I cmd     : oneway function results will be dropped but finished with status OK and parcel size 4
05-29 02:16:04.422  5474  5474 E libc    : Access denied finding property "persist.device_config.runtime_native_boot.profilebootclasspath"
05-29 02:16:04.422  5474  5474 E libc    : Access denied finding property "persist.device_config.runtime_native_boot.enable_apex_image"
05-29 02:16:04.422  5474  5474 I AndroidRuntime: Using default boot image
05-29 02:16:04.422  5474  5474 E libc    : Access denied finding property "persist.device_config.runtime_native_boot.disable_lock_profiling"
05-29 02:16:04.422  5474  5474 I AndroidRuntime: Leaving lock profiling enabled
05-29 02:16:04.422  5474  5474 E libc    : Access denied finding property "persist.device_config.runtime_native_boot.enable_generational_cc"
05-29 02:16:04.424  5474  5474 I app_process: Core platform API reporting enabled, enforcing=false
05-29 02:16:04.463  5474  5474 W app_process: Unexpected CPU variant for X86 using defaults: x86_64
05-29 02:16:04.464  5474  5474 I app_process: The ClassLoaderContext is a special shared library.
05-29 02:16:04.471  5474  5474 W app_process: JNI RegisterNativeMethods: attempt to register 0 native methods for android.media.AudioAttributes
05-29 02:16:06.197   163   163 I hwservicemanager: getTransport: Cannot find entry android.hardware.graphics.mapper@4.0::IMapper/default in either framework or device manifest.
05-29 02:16:06.198  5501  5501 I Gralloc4: mapper 4.x is not supported
05-29 02:16:06.234  5505  5507 I cmd     : oneway function results will be dropped but finished with status OK and parcel size 4
05-29 02:16:06.235  1486  1933 I MediaProvider: Begin Intent { act=android.intent.action.MEDIA_SCANNER_SCAN_FILE dat=file:///sdcard/screen_2026-05-29_021606.png flg=0x1400010 cmp=com.android.providers.media.module/com.android.providers.media.MediaService }
05-29 02:16:06.232  1486  1486 W com.android.providers.media.module: type=1400 audit(0.0:404): avc: denied { read } for comm=4173796E635461736B202331 name="primary" dev="tmpfs" ino=27787 scontext=u:r:mediaprovider_app:s0:c122,c256,c512,c768 tcontext=u:object_r:mnt_pass_through_file:s0 tclass=lnk_file permissive=0 app=com.android.providers.media.module
05-29 02:16:06.255  1486  1933 W ModernMediaScanner: Failed to visit /sdcard/screen_2026-05-29_021606.png: java.nio.file.AccessDeniedException: /sdcard/screen_2026-05-29_021606.png
05-29 02:16:06.256  1486  1933 I MediaProvider: Scanned internal due to REASON_DEMAND, found 0 items in 20ms, 0 inserts 0 updates 0 deletes
05-29 02:16:06.257  1486  1933 I MediaProvider: End Intent { act=android.intent.action.MEDIA_SCANNER_SCAN_FILE dat=file:///sdcard/screen_2026-05-29_021606.png flg=0x1400010 cmp=com.android.providers.media.module/com.android.providers.media.MediaService }
05-29 02:16:06.232  1486  1486 W com.android.providers.media.module: type=1400 audit(0.0:406): avc: denied { read } for comm=4173796E635461736B202331 name="primary" dev="tmpfs" ino=27787 scontext=u:r:mediaprovider_app:s0:c122,c256,c512,c768 tcontext=u:object_r:mnt_pass_through_file:s0 tclass=lnk_file permissive=0 app=com.android.providers.media.module
05-29 02:16:06.296  1486  2502 I MediaProvider: Deleted 1 items on external_primary due to com.android.shell
05-29 02:16:06.453   163   163 I hwservicemanager: getTransport: Cannot find entry android.hardware.graphics.mapper@4.0::IMapper/default in either framework or device manifest.
05-29 02:16:06.453  5540  5540 I Gralloc4: mapper 4.x is not supported
05-29 02:16:06.490  5544  5546 I cmd     : oneway function results will be dropped but finished with status OK and parcel size 4
05-29 02:16:06.490  1486  1933 I MediaProvider: Begin Intent { act=android.intent.action.MEDIA_SCANNER_SCAN_FILE dat=file:///sdcard/screen_2026-05-29_021607.png flg=0x1400010 cmp=com.android.providers.media.module/com.android.providers.media.MediaService }
05-29 02:16:06.491  1486  1933 W ModernMediaScanner: Failed to visit /sdcard/screen_2026-05-29_021607.png: java.nio.file.AccessDeniedException: /sdcard/screen_2026-05-29_021607.png
05-29 02:16:06.492  1486  1933 I MediaProvider: Scanned internal due to REASON_DEMAND, found 0 items in 0ms, 0 inserts 0 updates 0 deletes
05-29 02:16:06.492  1486  1933 I MediaProvider: End Intent { act=android.intent.action.MEDIA_SCANNER_SCAN_FILE dat=file:///sdcard/screen_2026-05-29_021607.png flg=0x1400010 cmp=com.android.providers.media.module/com.android.providers.media.MediaService }
05-29 02:16:06.515  1486  1619 I MediaProvider: Deleted 1 items on external_primary due to com.android.shell
05-29 02:16:06.541  5555  5557 I cmd     : oneway function results will be dropped but finished with status OK and parcel size 4
05-29 02:16:06.663   163   163 I hwservicemanager: getTransport: Cannot find entry android.hardware.graphics.mapper@4.0::IMapper/default in either framework or device manifest.
05-29 02:16:06.663  5577  5577 I Gralloc4: mapper 4.x is not supported
05-29 02:16:06.700  5581  5583 I cmd     : oneway function results will be dropped but finished with status OK and parcel size 4
05-29 02:16:06.700  1486  1933 I MediaProvider: Begin Intent { act=android.intent.action.MEDIA_SCANNER_SCAN_FILE dat=file:///sdcard/screen_2026-05-29_021607.png flg=0x1400010 cmp=com.android.providers.media.module/com.android.providers.media.MediaService }
05-29 02:16:06.701  1486  1933 W ModernMediaScanner: Failed to visit /sdcard/screen_2026-05-29_021607.png: java.nio.file.AccessDeniedException: /sdcard/screen_2026-05-29_021607.png
05-29 02:16:06.703  1486  1933 I MediaProvider: Scanned internal due to REASON_DEMAND, found 0 items in 1ms, 0 inserts 0 updates 0 deletes
05-29 02:16:06.704  1486  1933 I MediaProvider: End Intent { act=android.intent.action.MEDIA_SCANNER_SCAN_FILE dat=file:///sdcard/screen_2026-05-29_021607.png flg=0x1400010 cmp=com.android.providers.media.module/com.android.providers.media.MediaService }
05-29 02:16:06.724  1486  1638 I MediaProvider: Deleted 1 items on external_primary due to com.android.shell
05-29 02:16:06.752  5592  5594 I cmd     : oneway function results will be dropped but finished with status OK and parcel size 4
05-29 02:16:06.803  5607  5609 I cmd     : oneway function results will be dropped but finished with status OK and parcel size 4
05-29 02:16:06.859  5622  5624 I cmd     : oneway function results will be dropped but finished with status OK and parcel size 4
05-29 02:16:06.917  5637  5639 I cmd     : oneway function results will be dropped but finished with status OK and parcel size 4
05-29 02:16:06.999  5649  5649 E libc    : Access denied finding property "persist.device_config.runtime_native_boot.profilebootclasspath"
05-29 02:16:06.999  5649  5649 E libc    : Access denied finding property "persist.device_config.runtime_native_boot.enable_apex_image"
05-29 02:16:06.999  5649  5649 I AndroidRuntime: Using default boot image
05-29 02:16:06.999  5649  5649 E libc    : Access denied finding property "persist.device_config.runtime_native_boot.disable_lock_profiling"
05-29 02:16:06.999  5649  5649 I AndroidRuntime: Leaving lock profiling enabled
05-29 02:16:06.999  5649  5649 E libc    : Access denied finding property "persist.device_config.runtime_native_boot.enable_generational_cc"
05-29 02:16:07.001  5649  5649 I app_process: Core platform API reporting enabled, enforcing=false
05-29 02:16:07.040  5649  5649 W app_process: Unexpected CPU variant for X86 using defaults: x86_64
05-29 02:16:07.041  5649  5649 I app_process: The ClassLoaderContext is a special shared library.
05-29 02:16:07.048  5649  5649 W app_process: JNI RegisterNativeMethods: attempt to register 0 native methods for android.media.AudioAttributes
05-29 02:16:08.763   163   163 I hwservicemanager: getTransport: Cannot find entry android.hardware.graphics.mapper@4.0::IMapper/default in either framework or device manifest.
05-29 02:16:08.763  5678  5678 I Gralloc4: mapper 4.x is not supported
05-29 02:16:08.801  1486  1933 I MediaProvider: Begin Intent { act=android.intent.action.MEDIA_SCANNER_SCAN_FILE dat=file:///sdcard/screen_2026-05-29_021609.png flg=0x1400010 cmp=com.android.providers.media.module/com.android.providers.media.MediaService }
05-29 02:16:08.804  5682  5684 I cmd     : oneway function results will be dropped but finished with status OK and parcel size 4
05-29 02:16:08.796  1486  1486 W com.android.providers.media.module: type=1400 audit(0.0:426): avc: denied { read } for comm=4173796E635461736B202331 name="primary" dev="tmpfs" ino=27787 scontext=u:r:mediaprovider_app:s0:c122,c256,c512,c768 tcontext=u:object_r:mnt_pass_through_file:s0 tclass=lnk_file permissive=0 app=com.android.providers.media.module
05-29 02:16:08.804  1486  1486 I chatty  : uid=10122(com.android.providers.media.module) identical 2 lines
05-29 02:16:08.804  1486  1486 W com.android.providers.media.module: type=1400 audit(0.0:430): avc: denied { read } for comm=4173796E635461736B202331 name="primary" dev="tmpfs" ino=27787 scontext=u:r:mediaprovider_app:s0:c122,c256,c512,c768 tcontext=u:object_r:mnt_pass_through_file:s0 tclass=lnk_file permissive=0 app=com.android.providers.media.module
05-29 02:16:08.894  1486  2502 I MediaProvider: Deleted 1 items on external_primary due to com.android.shell
05-29 02:16:08.920  5693  5695 I cmd     : oneway function results will be dropped but finished with status OK and parcel size 4
05-29 02:16:09.049   163   163 I hwservicemanager: getTransport: Cannot find entry android.hardware.graphics.mapper@4.0::IMapper/default in either framework or device manifest.
05-29 02:16:09.049  5715  5715 I Gralloc4: mapper 4.x is not supported
05-29 02:16:09.086  5719  5721 I cmd     : oneway function results will be dropped but finished with status OK and parcel size 4
05-29 02:16:09.087  1486  1933 I MediaProvider: Begin Intent { act=android.intent.action.MEDIA_SCANNER_SCAN_FILE dat=file:///sdcard/screen_2026-05-29_021609.png flg=0x1400010 cmp=com.android.providers.media.module/com.android.providers.media.MediaService }
05-29 02:16:09.088  1486  1933 W ModernMediaScanner: Failed to visit /sdcard/screen_2026-05-29_021609.png: java.nio.file.AccessDeniedException: /sdcard/screen_2026-05-29_021609.png
05-29 02:16:09.088  1486  1933 I MediaProvider: Scanned internal due to REASON_DEMAND, found 0 items in 1ms, 0 inserts 0 updates 0 deletes
05-29 02:16:09.089  1486  1933 I MediaProvider: End Intent { act=android.intent.action.MEDIA_SCANNER_SCAN_FILE dat=file:///sdcard/screen_2026-05-29_021609.png flg=0x1400010 cmp=com.android.providers.media.module/com.android.providers.media.MediaService }
05-29 02:16:09.111  1486  1619 I MediaProvider: Deleted 1 items on external_primary due to com.android.shell
05-29 02:16:09.141  5730  5732 I cmd     : oneway function results will be dropped but finished with status OK and parcel size 4
05-29 02:16:09.264   163   163 I hwservicemanager: getTransport: Cannot find entry android.hardware.graphics.mapper@4.0::IMapper/default in either framework or device manifest.
05-29 02:16:09.264  5752  5752 I Gralloc4: mapper 4.x is not supported
05-29 02:16:09.300  1486  1933 I MediaProvider: Begin Intent { act=android.intent.action.MEDIA_SCANNER_SCAN_FILE dat=file:///sdcard/screen_2026-05-29_021610.png flg=0x1400010 cmp=com.android.providers.media.module/com.android.providers.media.MediaService }
05-29 02:16:09.300  1486  1933 W ModernMediaScanner: Failed to visit /sdcard/screen_2026-05-29_021610.png: java.nio.file.AccessDeniedException: /sdcard/screen_2026-05-29_021610.png
05-29 02:16:09.301  1486  1933 I MediaProvider: Scanned internal due to REASON_DEMAND, found 0 items in 0ms, 0 inserts 0 updates 0 deletes
05-29 02:16:09.301  1486  1933 I MediaProvider: End Intent { act=android.intent.action.MEDIA_SCANNER_SCAN_FILE dat=file:///sdcard/screen_2026-05-29_021610.png flg=0x1400010 cmp=com.android.providers.media.module/com.android.providers.media.MediaService }
05-29 02:16:09.323  1486  1619 I MediaProvider: Deleted 1 items on external_primary due to com.android.shell
05-29 02:16:09.360  5769  5771 I cmd     : oneway function results will be dropped but finished with status OK and parcel size 4
05-29 02:16:09.433  5779  5779 E libc    : Access denied finding property "persist.device_config.runtime_native_boot.profilebootclasspath"
05-29 02:16:09.433  5779  5779 E libc    : Access denied finding property "persist.device_config.runtime_native_boot.enable_apex_image"
05-29 02:16:09.433  5779  5779 I AndroidRuntime: Using default boot image
05-29 02:16:09.433  5779  5779 E libc    : Access denied finding property "persist.device_config.runtime_native_boot.disable_lock_profiling"
05-29 02:16:09.433  5779  5779 I AndroidRuntime: Leaving lock profiling enabled
05-29 02:16:09.433  5779  5779 E libc    : Access denied finding property "persist.device_config.runtime_native_boot.enable_generational_cc"
05-29 02:16:09.435  5779  5779 I app_process: Core platform API reporting enabled, enforcing=false
05-29 02:16:09.475  5779  5779 W app_process: Unexpected CPU variant for X86 using defaults: x86_64
05-29 02:16:09.477  5779  5779 I app_process: The ClassLoaderContext is a special shared library.
05-29 02:16:09.483  5779  5779 W app_process: JNI RegisterNativeMethods: attempt to register 0 native methods for android.media.AudioAttributes
05-29 02:16:09.541   510   583 W InputReader: Device virtio_input_multi_touch_10 is associated with display ADISPLAY_ID_NONE.
05-29 02:16:09.541   510   583 W InputReader: Device virtio_input_multi_touch_7 is associated with display ADISPLAY_ID_NONE.
05-29 02:16:09.541   510   583 W InputReader: Device virtio_input_multi_touch_11 is associated with display ADISPLAY_ID_NONE.
05-29 02:16:09.541   510   583 W InputReader: Device virtio_input_multi_touch_5 is associated with display ADISPLAY_ID_NONE.
05-29 02:16:09.541   510   583 W InputReader: Device virtio_input_multi_touch_2 is associated with display ADISPLAY_ID_NONE.
05-29 02:16:09.541   510   583 W InputReader: Device virtio_input_multi_touch_6 is associated with display ADISPLAY_ID_NONE.
05-29 02:16:09.541   510   583 W InputReader: Device virtio_input_multi_touch_3 is associated with display ADISPLAY_ID_NONE.
05-29 02:16:09.541   510   583 W InputReader: Device virtio_input_multi_touch_8 is associated with display ADISPLAY_ID_NONE.
05-29 02:16:09.541   510   583 W InputReader: Device virtio_input_multi_touch_9 is associated with display ADISPLAY_ID_NONE.
05-29 02:16:09.541   510   583 W InputReader: Device virtio_input_multi_touch_4 is associated with display ADISPLAY_ID_NONE.
05-29 02:16:09.541   510   583 W InputReader: Device virtio_input_multi_touch_10 is associated with display ADISPLAY_ID_NONE.
05-29 02:16:09.541   510   583 W InputReader: Device virtio_input_multi_touch_7 is associated with display ADISPLAY_ID_NONE.
05-29 02:16:09.541   510   583 W InputReader: Device virtio_input_multi_touch_11 is associated with display ADISPLAY_ID_NONE.
05-29 02:16:09.541   510   583 W InputReader: Device virtio_input_multi_touch_5 is associated with display ADISPLAY_ID_NONE.
05-29 02:16:09.541   510   583 W InputReader: Device virtio_input_multi_touch_2 is associated with display ADISPLAY_ID_NONE.
05-29 02:16:09.541   510   583 W InputReader: Device virtio_input_multi_touch_6 is associated with display ADISPLAY_ID_NONE.
05-29 02:16:09.541   510   583 W InputReader: Device virtio_input_multi_touch_3 is associated with display ADISPLAY_ID_NONE.
05-29 02:16:09.541   510   583 W InputReader: Device virtio_input_multi_touch_8 is associated with display ADISPLAY_ID_NONE.
05-29 02:16:09.541   510   583 W InputReader: Device virtio_input_multi_touch_9 is associated with display ADISPLAY_ID_NONE.
05-29 02:16:09.541   510   583 W InputReader: Device virtio_input_multi_touch_4 is associated with display ADISPLAY_ID_NONE.
05-29 02:16:09.568   163   163 I hwservicemanager: getTransport: Cannot find entry android.hardware.configstore@1.0::ISurfaceFlingerConfigs/default in either framework or device manifest.
05-29 02:16:09.599   510  5794 I system_server: The ClassLoaderContext is a special shared library.
05-29 02:16:09.603   510  5794 I chatty  : uid=1000(system) BackgroundDexOp identical 1 line
05-29 02:16:09.604   510  5794 I system_server: The ClassLoaderContext is a special shared library.
05-29 02:16:09.604   332   332 E Layer   : [Surface(name=Task=1)/@0x334a7fd - animation-leash#0] No local sync point found
05-29 02:16:09.604   332   332 I chatty  : uid=1000(system) /system/bin/surfaceflinger identical 1 line
05-29 02:16:09.604   332   332 E Layer   : [Surface(name=Task=1)/@0x334a7fd - animation-leash#0] No local sync point found
05-29 02:16:09.604   332   332 E Layer   : [Surface(name=Task=9)/@0x9c1066 - animation-leash#0] No local sync point found
05-29 02:16:09.604   332   332 I chatty  : uid=1000(system) /system/bin/surfaceflinger identical 1 line
05-29 02:16:09.604   332   332 E Layer   : [Surface(name=Task=9)/@0x9c1066 - animation-leash#0] No local sync point found
05-29 02:16:09.674   510  5794 I system_server: The ClassLoaderContext is a special shared library.
05-29 02:16:09.684   510  5794 I chatty  : uid=1000(system) BackgroundDexOp identical 2 lines
05-29 02:16:09.685   510  5794 I system_server: The ClassLoaderContext is a special shared library.
05-29 02:16:09.751   510  5794 I system_server: The ClassLoaderContext is a special shared library.
05-29 02:16:09.794   510  5794 I chatty  : uid=1000(system) BackgroundDexOp identical 9 lines
05-29 02:16:09.805   510  5794 I system_server: The ClassLoaderContext is a special shared library.
05-29 02:16:09.821   332   332 E Layer   : [Surface(name=Task=1)/@0x334a7fd - animation-leash#0] No local sync point found
05-29 02:16:09.821   332   332 E Layer   : [Surface(name=Task=9)/@0x9c1066 - animation-leash#0] No local sync point found
05-29 02:16:09.831   510  5794 I system_server: The ClassLoaderContext is a special shared library.
05-29 02:16:09.837   510  5794 I system_server: The ClassLoaderContext is a special shared library.
05-29 02:16:09.968   163   163 I hwservicemanager: getTransport: Cannot find entry android.hardware.graphics.allocator@4.0::IAllocator/default in either framework or device manifest.
05-29 02:16:09.968   510  2164 W Gralloc4: allocator 3.x is not supported
05-29 02:16:09.988   332   332 E Layer   : [Surface(name=Task=1)/@0x334a7fd - animation-leash#0] No local sync point found
05-29 02:16:09.988   332   332 E Layer   : [Surface(name=Task=9)/@0x9c1066 - animation-leash#0] No local sync point found
05-29 02:16:10.004   332   332 E Layer   : [Surface(name=Task=1)/@0x334a7fd - animation-leash#0] No local sync point found
05-29 02:16:10.004   332   332 E Layer   : [Surface(name=Task=9)/@0x9c1066 - animation-leash#0] No local sync point found
05-29 02:16:10.076  5803  5803 W dex2oat32: Unexpected CPU variant for X86 using defaults: x86_64
05-29 02:16:10.077  5803  5803 I dex2oat32: /apex/com.android.art/bin/dex2oat32 --input-vdex-fd=-1 --output-vdex-fd=9 --updatable-bcp-packages-file=/system/etc/updatable-bcp-packages.txt --resolve-startup-const-strings=true --max-image-block-size=524288 --compiler-filter=verify --classpath-dir=/apex/com.android.os.statsd/javalib --class-loader-context=PCL[];PCL[/system/framework/com.android.location.provider.jar:/system/framework/services.jar:/system/framework/ethernet-service.jar:/apex/com.android.permission/javalib/service-permission.jar:/apex/com.android.wifi/javalib/service-wifi.jar:/apex/com.android.ipsec/javalib/android.net.ipsec.ike.jar] --generate-mini-debug-info --compact-dex-level=none --compilation-reason=boot
05-29 02:16:10.080  5803  5803 I dex2oat32: setting boot class path to /apex/com.android.art/javalib/core-oj.jar:/apex/com.android.art/javalib/core-libart.jar:/apex/com.android.art/javalib/core-icu4j.jar:/apex/com.android.art/javalib/okhttp.jar:/apex/com.android.art/javalib/bouncycastle.jar:/apex/com.android.art/javalib/apache-xml.jar:/system/framework/framework.jar:/system/framework/ext.jar:/system/framework/telephony-common.jar:/system/framework/voip-common.jar:/system/framework/ims-common.jar:/system/framework/framework-atb-backward-compatibility.jar
05-29 02:16:10.109  5803  5803 I dex2oat32: dex2oat took 35.204ms (29.116ms cpu) (threads: 2) arena alloc=0B (0B) java alloc=33KB (34600B) native alloc=1005KB (1030128B) free=1492KB (1528320B)
05-29 02:16:10.113   510  5794 I system_server: The ClassLoaderContext is a special shared library.
05-29 02:16:10.145   510  5794 I chatty  : uid=1000(system) BackgroundDexOp identical 43 lines
05-29 02:16:10.146   510  5794 I system_server: The ClassLoaderContext is a special shared library.
05-29 02:16:10.147   510  5794 I PackageDexOptimizer: Running dexopt (dexoptNeeded=1) on: /data/app/~~B7qxwrdCWtjnW_p_FlglvQ==/io.github.ylimit.droidbotapp-XgiYVRo878S_zZ7mFvGjqA==/base.apk pkg=io.github.ylimit.droidbotapp isa=x86_64 dexoptFlags=boot_complete,debuggable,public,enable_hidden_api_checks targetFilter=verify oatDir=/data/app/~~B7qxwrdCWtjnW_p_FlglvQ==/io.github.ylimit.droidbotapp-XgiYVRo878S_zZ7mFvGjqA==/oat classLoaderContext=PCL[]{}
05-29 02:16:10.155  5811  5811 W dex2oat32: Unexpected CPU variant for X86 using defaults: x86_64
05-29 02:16:10.156  5811  5811 I dex2oat32: /apex/com.android.art/bin/dex2oat32 --input-vdex-fd=-1 --output-vdex-fd=9 --updatable-bcp-packages-file=/system/etc/updatable-bcp-packages.txt --resolve-startup-const-strings=true --max-image-block-size=524288 --compiler-filter=verify --debuggable --classpath-dir=/data/app/~~B7qxwrdCWtjnW_p_FlglvQ==/io.github.ylimit.droidbotapp-XgiYVRo878S_zZ7mFvGjqA== --class-loader-context=PCL[]{} --generate-mini-debug-info --compact-dex-level=none --compilation-reason=boot
05-29 02:16:10.157  5811  5811 I dex2oat32: setting boot class path to /apex/com.android.art/javalib/core-oj.jar:/apex/com.android.art/javalib/core-libart.jar:/apex/com.android.art/javalib/core-icu4j.jar:/apex/com.android.art/javalib/okhttp.jar:/apex/com.android.art/javalib/bouncycastle.jar:/apex/com.android.art/javalib/apache-xml.jar:/system/framework/framework.jar:/system/framework/ext.jar:/system/framework/telephony-common.jar:/system/framework/voip-common.jar:/system/framework/ims-common.jar:/system/framework/framework-atb-backward-compatibility.jar
05-29 02:16:10.234  5811  5811 W dex2oat32: Could not reserve sentinel fault page
05-29 02:16:10.282  5811  5811 W dex2oat32: Accessing hidden method Landroid/graphics/Bitmap;->getHardwareBuffer()Landroid/hardware/HardwareBuffer; (blacklist, linking, denied)
05-29 02:16:10.444  5811  5811 I dex2oat32: dex2oat took 289.209ms (426.311ms cpu) (threads: 2) arena alloc=0B (0B) java alloc=4960KB (5079080B) native alloc=3815KB (3907104B) free=1672KB (1713072B)
05-29 02:16:10.449   510  5794 I system_server: The ClassLoaderContext is a special shared library.
05-29 02:16:10.451   510  5794 I chatty  : uid=1000(system) BackgroundDexOp identical 3 lines
05-29 02:16:10.453   510  5794 I system_server: The ClassLoaderContext is a special shared library.
05-29 02:16:10.453   510  5794 I PackageDexOptimizer: Running dexopt (dexoptNeeded=1) on: /data/app/~~wt8AahBqscTC7JwyRqC7VQ==/com.mocoding.pokedex.android-8dZqLroyKumA513r4jXllA==/base.apk pkg=com.mocoding.pokedex.android isa=x86_64 dexoptFlags=boot_complete,debuggable,public,enable_hidden_api_checks targetFilter=verify oatDir=/data/app/~~wt8AahBqscTC7JwyRqC7VQ==/com.mocoding.pokedex.android-8dZqLroyKumA513r4jXllA==/oat classLoaderContext=PCL[]{}
05-29 02:16:10.461  5817  5817 W dex2oat32: Unexpected CPU variant for X86 using defaults: x86_64
05-29 02:16:10.462  5817  5817 I dex2oat32: /apex/com.android.art/bin/dex2oat32 --input-vdex-fd=-1 --output-vdex-fd=9 --updatable-bcp-packages-file=/system/etc/updatable-bcp-packages.txt --resolve-startup-const-strings=true --max-image-block-size=524288 --compiler-filter=verify --debuggable --classpath-dir=/data/app/~~wt8AahBqscTC7JwyRqC7VQ==/com.mocoding.pokedex.android-8dZqLroyKumA513r4jXllA== --class-loader-context=PCL[]{} --generate-mini-debug-info --compact-dex-level=none --compilation-reason=boot
05-29 02:16:10.463  5817  5817 I dex2oat32: setting boot class path to /apex/com.android.art/javalib/core-oj.jar:/apex/com.android.art/javalib/core-libart.jar:/apex/com.android.art/javalib/core-icu4j.jar:/apex/com.android.art/javalib/okhttp.jar:/apex/com.android.art/javalib/bouncycastle.jar:/apex/com.android.art/javalib/apache-xml.jar:/system/framework/framework.jar:/system/framework/ext.jar:/system/framework/telephony-common.jar:/system/framework/voip-common.jar:/system/framework/ims-common.jar:/system/framework/framework-atb-backward-compatibility.jar
05-29 02:16:11.094   163   163 I hwservicemanager: getTransport: Cannot find entry android.hardware.graphics.mapper@4.0::IMapper/default in either framework or device manifest.
05-29 02:16:11.095  5831  5831 I Gralloc4: mapper 4.x is not supported
05-29 02:16:11.171  1486  1933 I MediaProvider: Begin Intent { act=android.intent.action.MEDIA_SCANNER_SCAN_FILE dat=file:///sdcard/screen_2026-05-29_021611.png flg=0x1400010 cmp=com.android.providers.media.module/com.android.providers.media.MediaService }
05-29 02:16:11.168  1486  1486 W com.android.providers.media.module: type=1400 audit(0.0:448): avc: denied { read } for comm=4173796E635461736B202331 name="primary" dev="tmpfs" ino=27787 scontext=u:r:mediaprovider_app:s0:c122,c256,c512,c768 tcontext=u:object_r:mnt_pass_through_file:s0 tclass=lnk_file permissive=0 app=com.android.providers.media.module
05-29 02:16:11.369     0     0 W audit   : audit_lost=314 audit_rate_limit=5 audit_backlog_limit=64
05-29 02:16:11.386     0     0 E audit   : rate limit exceeded
05-29 02:16:11.176  1486  1486 I chatty  : uid=10122(com.android.providers.media.module) identical 3 lines
