05-29 02:15:18.133   510   542 I chatty  : uid=1000(system) android.io identical 2 lines
05-29 02:15:18.135   510   542 I DropBoxManagerService: add tag=system_server_strictmode isTagEnabled=true flags=0x2
05-29 02:15:18.135   510  1745 I ActivityManager: Killing 1611:com.android.keychain/1000 (adj 985): empty #17
05-29 02:15:18.137   510   542 I DropBoxManagerService: add tag=system_server_strictmode isTagEnabled=true flags=0x2
05-29 02:15:18.141   280   280 I Zygote  : Process 1611 exited due to signal 9 (Killed)
05-29 02:15:18.146   510   542 I chatty  : uid=1000(system) android.io identical 4 lines
05-29 02:15:18.151   510   542 I DropBoxManagerService: add tag=system_server_strictmode isTagEnabled=true flags=0x2
05-29 02:15:18.161   510   550 I ActivityManager: Start proc 2376:com.android.shell/2000 for broadcast {com.android.shell/com.android.shell.HeapDumpReceiver}
05-29 02:15:18.163  2376  2376 W m.android.shel: Unexpected CPU variant for X86 using defaults: x86_64
05-29 02:15:18.173   381   391 I adbd    : jdwp connection from 2376
05-29 02:15:18.178   510   551 I libprocessgroup: Successfully killed process cgroup uid 1000 pid 1611 in 41ms
05-29 02:15:18.187  2376  2376 I m.android.shel: The ClassLoaderContext is a special shared library.
05-29 02:15:18.301   510  1745 I ActivityManager: Killing 1911:com.android.printspooler/u0a88 (adj 985): empty #17
05-29 02:15:18.304  1049  1049 I m.android.phon: The ClassLoaderContext is a special shared library.
05-29 02:15:18.311  1049  1049 W nsconfig: com.android.phone: New config does not match the previously set config.
05-29 02:15:18.321   510   550 I ActivityManager: Start proc 2396:com.android.traceur/u0a92 for broadcast {com.android.traceur/com.android.traceur.Receiver}
05-29 02:15:18.326  2396  2396 W android.traceu: Unexpected CPU variant for X86 using defaults: x86_64
05-29 02:15:18.337   381   391 I adbd    : jdwp connection from 2396
05-29 02:15:18.337   280   280 I Zygote  : Process 1911 exited due to signal 9 (Killed)
05-29 02:15:18.347   510   551 I libprocessgroup: Successfully killed process cgroup uid 10088 pid 1911 in 44ms
05-29 02:15:18.359   510   554 E libprocessgroup: AddTidToCgroup failed to write '2414'; fd=63: Invalid argument
05-29 02:15:18.359   510   554 E libprocessgroup: Failed to add task into cgroup
05-29 02:15:18.359   510   554 W libprocessgroup: ExecuteForTask failed for aggregate profile: Invalid argument
05-29 02:15:18.369  2396  2396 I android.traceu: The ClassLoaderContext is a special shared library.
05-29 02:15:18.384   510   538 I ActivityManager: Finished processing BOOT_COMPLETED for u0
05-29 02:15:18.385  1411  1411 I Dialer  : VvmTaskReceiver - task received
05-29 02:15:18.385  1411  1411 I Dialer  : VvmTaskReceiver - TaskExecutor already running
05-29 02:15:18.385  1411  1411 I Dialer  : Task.createTask - create task:com.android.voicemail.impl.ActivationTask
05-29 02:15:18.385  1411  1411 I Dialer  : TaskQueue.add - duplicated task added
05-29 02:15:18.385  1411  1411 I Dialer  : VvmTaskExecutor - com.android.voicemail.impl.ActivationTask@202c8a6 added
05-29 02:15:18.386   510   538 I ActivityManager: Killing 1939:com.android.quicksearchbox/u0a101 (adj 985): empty #17
05-29 02:15:18.392   280   280 I Zygote  : Process 1939 exited due to signal 9 (Killed)
05-29 02:15:18.393   406   406 I perfetto: probes_producer.cc:329  Producer stop (id=3)
05-29 02:15:18.397   412   412 I perfetto: ng_service_impl.cc:1948 Tracing session 3 ended, total sessions:1
05-29 02:15:18.413   510  1804 W BroadcastQueue: Background execution not allowed: receiving Intent { act=android.intent.action.PACKAGE_ADDED dat=package:io.github.ylimit.droidbotapp flg=0x4000010 (has extras) } to com.android.packageinstaller/.PackageInstalledReceiver
05-29 02:15:18.413   510   549 W BroadcastQueue: Background execution not allowed: receiving Intent { act=android.intent.action.PACKAGE_ADDED dat=package:io.github.ylimit.droidbotapp flg=0x4000010 (has extras) } to com.android.gallery3d/.app.PackagesMonitor
05-29 02:15:18.418  1548  1548 W ContextImpl: Calling a method in the system process without a qualified user: android.app.ContextImpl.startService:1669 android.content.ContextWrapper.startService:720 android.content.ContextWrapper.startService:720 com.android.emulator.multidisplay.MultiDisplayServiceReceiver.onReceive:33 android.app.ActivityThread.handleReceiver:4032 
05-29 02:15:18.419  2283  2286 I cmd     : oneway function results will be dropped but finished with status OK and parcel size 4
05-29 02:15:18.433  1548  2419 I android_emulator_multidisplay_JNI: multidisplay pipe connected!!!
05-29 02:15:18.433  1548  2419 E MultiDisplayService: invalid parameters for add/modify display
05-29 02:15:18.436   510   551 I libprocessgroup: Successfully killed process cgroup uid 10101 pid 1939 in 45ms
05-29 02:15:18.461   510   542 I DropBoxManagerService: add tag=system_app_strictmode isTagEnabled=true flags=0x2
05-29 02:15:18.744     0     0 W audit   : audit_lost=7 audit_rate_limit=5 audit_backlog_limit=64
05-29 02:15:18.746     0     0 E audit   : rate limit exceeded
05-29 02:15:18.556  2428  2428 E libc    : Access denied finding property "persist.device_config.runtime_native_boot.profilebootclasspath"
05-29 02:15:18.552  2428  2428 W app_process: type=1400 audit(0.0:35): avc: denied { read } for name="u:object_r:device_config_runtime_native_boot_prop:s0" dev="tmpfs" ino=180 scontext=u:r:shell:s0 tcontext=u:object_r:device_config_runtime_native_boot_prop:s0 tclass=file permissive=0
05-29 02:15:18.568  2428  2428 E libc    : Access denied finding property "persist.device_config.runtime_native_boot.enable_apex_image"
05-29 02:15:18.568  2428  2428 I AndroidRuntime: Using default boot image
05-29 02:15:18.568  2428  2428 E libc    : Access denied finding property "persist.device_config.runtime_native_boot.disable_lock_profiling"
05-29 02:15:18.568  2428  2428 I AndroidRuntime: Leaving lock profiling enabled
05-29 02:15:18.568  2428  2428 E libc    : Access denied finding property "persist.device_config.runtime_native_boot.enable_generational_cc"
05-29 02:15:18.569  2428  2428 I app_process: Core platform API reporting enabled, enforcing=false
05-29 02:15:18.609  2428  2428 W app_process: Unexpected CPU variant for X86 using defaults: x86_64
05-29 02:15:18.609  2428  2428 I app_process: The ClassLoaderContext is a special shared library.
05-29 02:15:18.616  2428  2428 W app_process: JNI RegisterNativeMethods: attempt to register 0 native methods for android.media.AudioAttributes
05-29 02:15:19.053  2449  2451 I cmd     : oneway function results will be dropped but finished with status OK and parcel size 4
05-29 02:15:19.058  1976  1976 I abb     : StartCommandInProcess(73657474696e67730067657400676c6f settings.get.glo [truncated])
05-29 02:15:19.059  1976  2011 I abb     : oneway function results will be dropped but finished with status OK and parcel size 4
05-29 02:15:19.060  1976  1976 I abb     : StartCommandInProcess(7061636b61676500696e7374616c6c00 package.install. [truncated])
05-29 02:15:19.056   510   510 W Binder:510_E: type=1400 audit(0.0:39): avc: denied { getopt } for scontext=u:r:system_server:s0 tcontext=u:r:shell:s0 tclass=unix_stream_socket permissive=0
05-29 02:15:19.079  2458  2460 I cmd     : oneway function results will be dropped but finished with status OK and parcel size 4
05-29 02:15:19.056   510   510 W Binder:510_E: type=1400 audit(0.0:40): avc: denied { getopt } for scontext=u:r:system_server:s0 tcontext=u:r:shell:s0 tclass=unix_stream_socket permissive=0
05-29 02:15:19.204   510   606 W RuleEvaluation: Integrity rule files are not available.
05-29 02:15:19.205   510   566 I PackageManager: Integrity check passed for file:///data/app/vmdl1088569004.tmp
05-29 02:15:19.208   510   566 I PackageManager: Permission ownership changed. Updating all permissions.
05-29 02:15:19.226   510   566 I AppsFilter: interaction: PackageSetting{9cad236 io.github.ylimit.droidbotapp/10130} -> PackageSetting{32c2537 com.mocoding.pokedex.android/10131} BLOCKED
05-29 02:15:19.056   510   510 I chatty  : uid=1000(system) Binder:510_3 identical 1 line
05-29 02:15:19.136   510   510 W Binder:510_E: type=1400 audit(0.0:42): avc: denied { getopt } for scontext=u:r:system_server:s0 tcontext=u:r:shell:s0 tclass=unix_stream_socket permissive=0
05-29 02:15:19.227   423  1389 E installd: Couldn't opendir /data/app/vmdl1088569004.tmp: No such file or directory
05-29 02:15:19.227   423  1389 E installd: Failed to delete /data/app/vmdl1088569004.tmp: No such file or directory
05-29 02:15:19.228  1976  2011 I abb     : oneway function results will be dropped but finished with status OK and parcel size 4
05-29 02:15:19.224   510   510 W Binder:510_E: type=1400 audit(0.0:43): avc: denied { getopt } for scontext=u:r:system_server:s0 tcontext=u:r:shell:s0 tclass=unix_stream_socket permissive=0
05-29 02:15:19.235  1486  1486 I MediaProvider: Invalidating LocalCallingIdentity cache for package com.mocoding.pokedex.android. Reason: package android.intent.action.PACKAGE_ADDED
05-29 02:15:19.236   510   540 I RoleManagerService: Granting default roles...
05-29 02:15:19.239   510   600 I InputReader: Reconfiguring input devices, changes=KEYBOARD_LAYOUTS | 
05-29 02:15:19.239   510   510 I Telecom : DefaultDialerCache: Refreshing default dialer for user 0: now com.android.dialer: DDC.oR@AG0
05-29 02:15:19.242   510   759 W BroadcastQueue: Background execution not allowed: receiving Intent { act=android.intent.action.PACKAGE_ADDED dat=package:com.mocoding.pokedex.android flg=0x4000010 (has extras) } to com.android.packageinstaller/.PackageInstalledReceiver
05-29 02:15:19.242   510   549 W BroadcastQueue: Background execution not allowed: receiving Intent { act=android.intent.action.PACKAGE_ADDED dat=package:com.mocoding.pokedex.android flg=0x4000010 (has extras) } to com.android.gallery3d/.app.PackagesMonitor
05-29 02:15:19.252   740  2462 I PermissionControllerServiceImpl: Updating user sensitive for uid 10131
05-29 02:15:19.273   510   548 W VoiceInteractionManager: no available voice recognition services found for user 0
05-29 02:15:19.620   406   406 I perfetto: probes_producer.cc:329  Producer stop (id=4)
05-29 02:15:19.621   406   406 I perfetto: ftrace_procfs.cc:183    disabled ftrace
05-29 02:15:19.808     0     0 W perfetto: disabled ftrace
05-29 02:15:19.623   412   412 I perfetto: ng_service_impl.cc:1948 Tracing session 4 ended, total sessions:0
05-29 02:15:19.904   510   566 I AppsFilter: interaction: PackageSetting{32c2537 com.mocoding.pokedex.android/10131} -> PackageSetting{3009bb8 com.android.camera2/10110} BLOCKED
05-29 02:15:19.904   510   566 I AppsFilter: interaction: PackageSetting{9cad236 io.github.ylimit.droidbotapp/10130} -> PackageSetting{3009bb8 com.android.camera2/10110} BLOCKED
05-29 02:15:19.904   510   566 I AppsFilter: interaction: PackageSetting{32c2537 com.mocoding.pokedex.android/10131} -> PackageSetting{f048d91 com.android.calendar/10107} BLOCKED
05-29 02:15:19.904   510   566 I AppsFilter: interaction: PackageSetting{9cad236 io.github.ylimit.droidbotapp/10130} -> PackageSetting{f048d91 com.android.calendar/10107} BLOCKED
05-29 02:15:19.904   510   566 I AppsFilter: interaction: PackageSetting{32c2537 com.mocoding.pokedex.android/10131} -> PackageSetting{738a4f6 com.android.gallery3d/10112} BLOCKED
05-29 02:15:19.904   510   566 I AppsFilter: interaction: PackageSetting{9cad236 io.github.ylimit.droidbotapp/10130} -> PackageSetting{738a4f6 com.android.gallery3d/10112} BLOCKED
05-29 02:15:19.904   510   566 I AppsFilter: interaction: PackageSetting{32c2537 com.mocoding.pokedex.android/10131} -> PackageSetting{1a560f7 com.android.inputmethod.latin/10104} BLOCKED
05-29 02:15:19.904   510   566 I AppsFilter: interaction: PackageSetting{9cad236 io.github.ylimit.droidbotapp/10130} -> PackageSetting{1a560f7 com.android.inputmethod.latin/10104} BLOCKED
05-29 02:15:19.904   510   566 I AppsFilter: interaction: PackageSetting{32c2537 com.mocoding.pokedex.android/10131} -> PackageSetting{cffbb64 com.android.cellbroadcastreceiver.module/10127} BLOCKED
05-29 02:15:19.904   510   566 I AppsFilter: interaction: PackageSetting{9cad236 io.github.ylimit.droidbotapp/10130} -> PackageSetting{cffbb64 com.android.cellbroadcastreceiver.module/10127} BLOCKED
05-29 02:15:19.910   510   600 I InputReader: Reconfiguring input devices, changes=KEYBOARD_LAYOUTS | 
05-29 02:15:19.910   510   600 I chatty  : uid=1000(system) InputReader identical 1 line
05-29 02:15:19.910   510   600 I InputReader: Reconfiguring input devices, changes=KEYBOARD_LAYOUTS | 
05-29 02:15:19.913   740  2462 I PermissionControllerServiceImpl: Updating user sensitive for uid 10102
05-29 02:15:19.913   510   510 I Telecom : DefaultDialerCache: Refreshing default dialer for user 0: now com.android.dialer: DDC.oR@AHA
05-29 02:15:19.913   510   600 I InputReader: Reconfiguring input devices, changes=KEYBOARD_LAYOUTS | 
05-29 02:15:19.915   740  2462 I PermissionControllerServiceImpl: Updating user sensitive for uid 10110
05-29 02:15:19.916   510   510 I Telecom : DefaultDialerCache: Refreshing default dialer for user 0: now com.android.dialer: DDC.oR@AHE
05-29 02:15:19.921   510   600 I InputReader: Reconfiguring input devices, changes=KEYBOARD_LAYOUTS | 
05-29 02:15:19.922   510   600 I InputReader: Reconfiguring input devices, changes=KEYBOARD_LAYOUTS | 
05-29 02:15:19.926   510   510 I Telecom : DefaultDialerCache: Refreshing default dialer for user 0: now com.android.dialer: DDC.oR@AHI
05-29 02:15:19.930   510   600 I InputReader: Reconfiguring input devices, changes=KEYBOARD_LAYOUTS | 
05-29 02:15:19.930   510   510 I Telecom : DefaultDialerCache: Refreshing default dialer for user 0: now com.android.dialer: DDC.oR@AHM
05-29 02:15:19.932   510   600 I InputReader: Reconfiguring input devices, changes=KEYBOARD_LAYOUTS | 
05-29 02:15:19.937   510   600 I InputReader: Reconfiguring input devices, changes=KEYBOARD_LAYOUTS | 
05-29 02:15:19.944   510   600 I InputReader: Reconfiguring input devices, changes=KEYBOARD_LAYOUTS | 
05-29 02:15:19.949   510   600 I InputReader: Reconfiguring input devices, changes=KEYBOARD_LAYOUTS | 
05-29 02:15:19.951   510   600 I InputReader: Reconfiguring input devices, changes=KEYBOARD_LAYOUTS | 
05-29 02:15:19.952   510   510 I Telecom : DefaultDialerCache: Refreshing default dialer for user 0: now com.android.dialer: DDC.oR@AHQ
05-29 02:15:19.953   510   510 I Telecom : DefaultDialerCache: Refreshing default dialer for user 0: now com.android.dialer: DDC.oR@AHU
05-29 02:15:19.954   510   510 I Telecom : DefaultDialerCache: Refreshing default dialer for user 0: now com.android.dialer: DDC.oR@AHY
05-29 02:15:19.954   510   510 I Telecom : DefaultDialerCache: Refreshing default dialer for user 0: now com.android.dialer: DDC.oR@AHc
05-29 02:15:19.957   510   510 I Telecom : DefaultDialerCache: Refreshing default dialer for user 0: now com.android.dialer: DDC.oR@AHg
05-29 02:15:19.958   510   510 I Telecom : DefaultDialerCache: Refreshing default dialer for user 0: now com.android.dialer: DDC.oR@AHk
05-29 02:15:19.960   510   548 W VoiceInteractionManager: no available voice interaction services found for user 0
05-29 02:15:19.961   510   510 I Telecom : DefaultDialerCache: Refreshing default dialer for user 0: now com.android.dialer: DDC.oR@AHo
05-29 02:15:19.967   740   757 I PermissionControllerServiceImpl: Updating user sensitive for uid 1001
05-29 02:15:19.975   510   510 I Telecom : DefaultDialerCache: Refreshing default dialer for user 0: now com.android.dialer: DDC.oR@AHs
05-29 02:15:19.978   740   757 I PermissionControllerServiceImpl: Updating user sensitive for uid 10115
05-29 02:15:19.986   510   548 W VoiceInteractionManager: no available voice interaction services found for user 0
05-29 02:15:20.000   740   757 I PermissionControllerServiceImpl: Updating user sensitive for uid 10107
05-29 02:15:20.007   740   757 I PermissionControllerServiceImpl: Updating user sensitive for uid 10112
05-29 02:15:20.011   740   757 I PermissionControllerServiceImpl: Updating user sensitive for uid 10104
05-29 02:15:20.013   740   757 I PermissionControllerServiceImpl: Updating user sensitive for uid 10127
05-29 02:15:20.016   740   757 I PermissionControllerServiceImpl: Updating user sensitive for uid 1000
05-29 02:15:20.020   740   757 I PermissionControllerServiceImpl: Updating user sensitive for uid 10121
05-29 02:15:20.020   740   757 I PermissionControllerServiceImpl: Updating user sensitive for uid 10123
05-29 02:15:20.030  1049  1049 I chatty  : uid=1001(radio) com.android.phone identical 1 line
05-29 02:15:20.040   740   757 I PermissionControllerServiceImpl: Updating user sensitive for uid 10092
05-29 02:15:20.057   740   757 I PermissionControllerServiceImpl: Updating user sensitive for user 0
05-29 02:15:20.061   740   796 I UserPackageInfos: updating UserPackageInfosLiveData for user 0
05-29 02:15:20.061   740   790 I LancherPackagesLiveData: updating LauncherPackageLiveData
05-29 02:15:20.109   510   548 E system_server: No package ID 7f found for ID 0x7f080271.
05-29 02:15:20.109   510   548 E system_server: No package ID 7f found for ID 0x7f1212ec.
05-29 02:15:20.109   510   548 E system_server: No package ID 7f found for ID 0x7f080270.
05-29 02:15:20.110   510   548 E system_server: No package ID 7f found for ID 0x7f120592.
05-29 02:15:20.111   510   548 E system_server: No package ID 7f found for ID 0x7f08026f.
05-29 02:15:20.111   510   548 E system_server: No package ID 7f found for ID 0x7f120c2b.
05-29 02:15:20.292  1486  1933 W MediaProvider: Failed operation Intent { act=android.intent.action.MEDIA_MOUNTED dat=file:///storage/emulated/0 flg=0x5000010 cmp=com.android.providers.media.module/com.android.providers.media.MediaService (has extras) }
05-29 02:15:20.292  1486  1933 W MediaProvider: android.database.sqlite.SQLiteDatabaseLockedException: database is locked (code 5 SQLITE_BUSY)
05-29 02:15:20.292  1486  1933 W MediaProvider: 	at android.database.sqlite.SQLiteConnection.nativeExecute(Native Method)
05-29 02:15:20.292  1486  1933 W MediaProvider: 	at android.database.sqlite.SQLiteConnection.execute(SQLiteConnection.java:707)
05-29 02:15:20.292  1486  1933 W MediaProvider: 	at android.database.sqlite.SQLiteSession.beginTransactionUnchecked(SQLiteSession.java:325)
05-29 02:15:20.292  1486  1933 W MediaProvider: 	at android.database.sqlite.SQLiteSession.beginTransaction(SQLiteSession.java:300)
05-29 02:15:20.292  1486  1933 W MediaProvider: 	at android.database.sqlite.SQLiteDatabase.beginTransaction(SQLiteDatabase.java:571)
05-29 02:15:20.292  1486  1933 W MediaProvider: 	at android.database.sqlite.SQLiteDatabase.beginTransaction(SQLiteDatabase.java:481)
05-29 02:15:20.292  1486  1933 W MediaProvider: 	at com.android.providers.media.DatabaseHelper.migrateFromLegacy(DatabaseHelper.java:839)
05-29 02:15:20.292  1486  1933 W MediaProvider: 	at com.android.providers.media.DatabaseHelper.onOpen(DatabaseHelper.java:375)
05-29 02:15:20.292  1486  1933 W MediaProvider: 	at android.database.sqlite.SQLiteOpenHelper.getDatabaseLocked(SQLiteOpenHelper.java:427)
05-29 02:15:20.292  1486  1933 W MediaProvider: 	at android.database.sqlite.SQLiteOpenHelper.getWritableDatabase(SQLiteOpenHelper.java:316)
05-29 02:15:20.292  1486  1933 W MediaProvider: 	at com.android.providers.media.DatabaseHelper.runWithoutTransaction(DatabaseHelper.java:576)
05-29 02:15:20.292  1486  1933 W MediaProvider: 	at com.android.providers.media.MediaProvider.callInternal(MediaProvider.java:4526)
05-29 02:15:20.292  1486  1933 W MediaProvider: 	at com.android.providers.media.MediaProvider.call(MediaProvider.java:4432)
05-29 02:15:20.292  1486  1933 W MediaProvider: 	at android.content.ContentProvider.call(ContentProvider.java:2448)
05-29 02:15:20.292  1486  1933 W MediaProvider: 	at android.content.ContentResolver.call(ContentResolver.java:2395)
05-29 02:15:20.292  1486  1933 W MediaProvider: 	at android.provider.MediaStore.getGeneration(MediaStore.java:3860)
05-29 02:15:20.292  1486  1933 W MediaProvider: 	at com.android.providers.media.scan.ModernMediaScanner$Scan.<init>(ModernMediaScanner.java:316)
05-29 02:15:20.292  1486  1933 W MediaProvider: 	at com.android.providers.media.scan.ModernMediaScanner.scanDirectory(ModernMediaScanner.java:225)
05-29 02:15:20.292  1486  1933 W MediaProvider: 	at com.android.providers.media.MediaProvider.scanDirectory(MediaProvider.java:1111)
05-29 02:15:20.292  1486  1933 W MediaProvider: 	at com.android.providers.media.MediaService.onScanVolume(MediaService.java:148)
05-29 02:15:20.292  1486  1933 W MediaProvider: 	at com.android.providers.media.MediaService.onScanVolume(MediaService.java:117)
05-29 02:15:20.292  1486  1933 W MediaProvider: 	at com.android.providers.media.MediaService.onScanVolume(MediaService.java:108)
05-29 02:15:20.292  1486  1933 W MediaProvider: 	at com.android.providers.media.MediaService.onHandleWork(MediaService.java:71)
05-29 02:15:20.292  1486  1933 W MediaProvider: 	at androidx.core.app.JobIntentService$CommandProcessor.doInBackground(JobIntentService.java:391)
05-29 02:15:20.292  1486  1933 W MediaProvider: 	at androidx.core.app.JobIntentService$CommandProcessor.doInBackground(JobIntentService.java:382)
05-29 02:15:20.292  1486  1933 W MediaProvider: 	at android.os.AsyncTask$3.call(AsyncTask.java:394)
05-29 02:15:20.292  1486  1933 W MediaProvider: 	at java.util.concurrent.FutureTask.run(FutureTask.java:266)
05-29 02:15:20.292  1486  1933 W MediaProvider: 	at java.util.concurrent.ThreadPoolExecutor.runWorker(ThreadPoolExecutor.java:1167)
05-29 02:15:20.292  1486  1933 W MediaProvider: 	at java.util.concurrent.ThreadPoolExecutor$Worker.run(ThreadPoolExecutor.java:641)
05-29 02:15:20.292  1486  1933 W MediaProvider: 	at java.lang.Thread.run(Thread.java:923)
05-29 02:15:20.292  1486  1933 I MediaProvider: End Intent { act=android.intent.action.MEDIA_MOUNTED dat=file:///storage/emulated/0 flg=0x5000010 cmp=com.android.providers.media.module/com.android.providers.media.MediaService (has extras) }
05-29 02:15:20.292  1486  1933 I MediaProvider: Begin Intent { act=android.intent.action.MEDIA_MOUNTED dat=file:///storage/emulated/0 flg=0x5000010 cmp=com.android.providers.media.module/com.android.providers.media.MediaService (has extras) }
05-29 02:15:20.297  1486  1933 W ModernMediaScanner: Failed to visit /system/media: java.nio.file.NoSuchFileException: /system/media
05-29 02:15:20.144   510   548 I chatty  : uid=1000(system) android.bg identical 9 lines
05-29 02:15:20.147   510   548 W VoiceInteractionManager: no available voice interaction services found for user 0
05-29 02:15:20.299  1486  1933 I MediaProvider: Scanned internal due to REASON_MOUNTED, found 0 items in 5ms, 0 inserts 0 updates 0 deletes
05-29 02:15:20.300  1486  1933 W ModernMediaScanner: Failed to visit /oem/media: java.nio.file.NoSuchFileException: /oem/media
05-29 02:15:20.300  1486  1933 I MediaProvider: Scanned internal due to REASON_MOUNTED, found 0 items in 1ms, 0 inserts 0 updates 0 deletes
05-29 02:15:21.097  2476  2478 I cmd     : oneway function results will be dropped but finished with status OK and parcel size 4
05-29 02:15:21.390   163   163 I hwservicemanager: getTransport: Cannot find entry android.hardware.graphics.mapper@4.0::IMapper/default in either framework or device manifest.
05-29 02:15:21.390  2494  2494 I Gralloc4: mapper 4.x is not supported
05-29 02:15:21.469  2499  2501 I cmd     : oneway function results will be dropped but finished with status OK and parcel size 4
05-29 02:15:21.494  1486  1638 I MediaProvider: Deleted 1 items on external_primary due to com.android.shell
05-29 02:15:21.523  2511  2513 I cmd     : oneway function results will be dropped but finished with status OK and parcel size 4
05-29 02:15:21.563   510  2232 I ActivityManager: Force stopping com.mocoding.pokedex.android appid=10131 user=0: from pid 2523
05-29 02:15:21.564  2523  2525 I cmd     : oneway function results will be dropped but finished with status OK and parcel size 4
05-29 02:15:21.613  2526  2526 E libc    : Access denied finding property "persist.device_config.runtime_native_boot.profilebootclasspath"
05-29 02:15:21.614  2526  2526 E libc    : Access denied finding property "persist.device_config.runtime_native_boot.enable_apex_image"
05-29 02:15:21.614  2526  2526 I AndroidRuntime: Using default boot image
05-29 02:15:21.614  2526  2526 E libc    : Access denied finding property "persist.device_config.runtime_native_boot.disable_lock_profiling"
05-29 02:15:21.614  2526  2526 I AndroidRuntime: Leaving lock profiling enabled
05-29 02:15:21.614  2526  2526 E libc    : Access denied finding property "persist.device_config.runtime_native_boot.enable_generational_cc"
05-29 02:15:21.615  2526  2526 I app_process: Core platform API reporting enabled, enforcing=false
05-29 02:15:21.608  2526  2526 W app_process: type=1400 audit(0.0:46): avc: denied { read } for name="u:object_r:device_config_runtime_native_boot_prop:s0" dev="tmpfs" ino=180 scontext=u:r:shell:s0 tcontext=u:object_r:device_config_runtime_native_boot_prop:s0 tclass=file permissive=0
05-29 02:15:21.655  2526  2526 W app_process: Unexpected CPU variant for X86 using defaults: x86_64
05-29 02:15:21.656  2526  2526 I app_process: The ClassLoaderContext is a special shared library.
05-29 02:15:21.663  2526  2526 W app_process: JNI RegisterNativeMethods: attempt to register 0 native methods for android.media.AudioAttributes
05-29 02:15:21.672   510   541 I ActivityTaskManager: START u0 {act=android.intent.action.MAIN cat=[android.intent.category.HOME] flg=0x10000100 cmp=com.android.launcher3/.uioverrides.QuickstepLauncher (has extras)} from uid 0
05-29 02:15:21.673   412   412 I perfetto: ing_service_impl.cc:758 Configured tracing session 5, #sources:1, duration:5000 ms, #buffers:1, total buffer size:4096 KB, total sessions:1, uid:1071 session name: ""
05-29 02:15:21.674   406   406 I perfetto: probes_producer.cc:230  Ftrace setup (target_buf=5)
05-29 02:15:21.688   406   406 I perfetto: ftrace_procfs.cc:176    enabled ftrace
05-29 02:15:21.875     0     0 W perfetto: enabled ftrace
05-29 02:15:22.956  2291  2316 I timeinitialize: Waiting for a blocking GC ProfileSaver
05-29 02:15:23.199   163   163 I hwservicemanager: getTransport: Cannot find entry android.hardware.graphics.mapper@4.0::IMapper/default in either framework or device manifest.
05-29 02:15:23.199  2565  2565 I Gralloc4: mapper 4.x is not supported
05-29 02:15:23.298  1486  2502 I MediaProvider: Deleted 1 items on external_primary due to com.android.shell
05-29 02:15:23.327  2580  2582 I cmd     : oneway function results will be dropped but finished with status OK and parcel size 4
05-29 02:15:23.459   163   163 I hwservicemanager: getTransport: Cannot find entry android.hardware.graphics.mapper@4.0::IMapper/default in either framework or device manifest.
05-29 02:15:23.459  2602  2602 I Gralloc4: mapper 4.x is not supported
05-29 02:15:23.559  1486  2502 I MediaProvider: Deleted 1 items on external_primary due to com.android.shell
05-29 02:15:23.586  2617  2619 I cmd     : oneway function results will be dropped but finished with status OK and parcel size 4
05-29 02:15:23.663   697   697 I AvrcpBrowsablePlayerConnector: Successfully connected to 0 browsable players.
05-29 02:15:23.663   697   697 I AvrcpMediaPlayerList: init: Browsable Player list size is 0
05-29 02:15:23.722   163   163 I hwservicemanager: getTransport: Cannot find entry android.hardware.graphics.mapper@4.0::IMapper/default in either framework or device manifest.
05-29 02:15:23.722  2639  2639 I Gralloc4: mapper 4.x is not supported
05-29 02:15:23.827  1486  1638 I MediaProvider: Deleted 1 items on external_primary due to com.android.shell
05-29 02:15:23.855  2656  2658 I cmd     : oneway function results will be dropped but finished with status OK and parcel size 4
05-29 02:15:23.896   510   538 I ActivityTaskManager: START u0 {act=android.intent.action.MAIN cat=[android.intent.category.LAUNCHER] flg=0x10000000 cmp=com.mocoding.pokedex.android/.MainActivity} from uid 2000
05-29 02:15:23.897   412   412 I perfetto: ing_service_impl.cc:758 Configured tracing session 6, #sources:1, duration:5000 ms, #buffers:1, total buffer size:4096 KB, total sessions:2, uid:1071 session name: ""
05-29 02:15:23.897   406   406 I perfetto: probes_producer.cc:230  Ftrace setup (target_buf=6)
05-29 02:15:23.912  2668  2670 I cmd     : oneway function results will be dropped but finished with status OK and parcel size 4
05-29 02:15:23.932   510   550 I ActivityManager: Start proc 2676:com.mocoding.pokedex.android/u0a131 for pre-top-activity {com.mocoding.pokedex.android/com.mocoding.pokedex.android.MainActivity}
05-29 02:15:23.934  2676  2676 I pokedex.androi: Late-enabling -Xcheck:jni
05-29 02:15:23.944  2676  2676 I pokedex.androi: Unquickening 12 vdex files!
05-29 02:15:23.945  2676  2676 W pokedex.androi: Unexpected CPU variant for X86 using defaults: x86_64
05-29 02:15:23.947   381   391 I adbd    : jdwp connection from 2676
05-29 02:15:23.951   510   538 W InputReader: Device virtio_input_multi_touch_10 is associated with display ADISPLAY_ID_NONE.
05-29 02:15:23.951   510   538 W InputReader: Device virtio_input_multi_touch_7 is associated with display ADISPLAY_ID_NONE.
05-29 02:15:23.951   510   538 W InputReader: Device virtio_input_multi_touch_11 is associated with display ADISPLAY_ID_NONE.
05-29 02:15:23.951   510   538 W InputReader: Device virtio_input_multi_touch_5 is associated with display ADISPLAY_ID_NONE.
05-29 02:15:23.951   510   538 W InputReader: Device virtio_input_multi_touch_2 is associated with display ADISPLAY_ID_NONE.
05-29 02:15:23.951   510   538 W InputReader: Device virtio_input_multi_touch_6 is associated with display ADISPLAY_ID_NONE.
05-29 02:15:23.951   510   538 W InputReader: Device virtio_input_multi_touch_3 is associated with display ADISPLAY_ID_NONE.
05-29 02:15:23.951   510   538 W InputReader: Device virtio_input_multi_touch_8 is associated with display ADISPLAY_ID_NONE.
05-29 02:15:23.951   510   538 W InputReader: Device virtio_input_multi_touch_9 is associated with display ADISPLAY_ID_NONE.
05-29 02:15:23.951   510   538 W InputReader: Device virtio_input_multi_touch_4 is associated with display ADISPLAY_ID_NONE.
05-29 02:15:23.952   510   538 W InputReader: Device virtio_input_multi_touch_10 is associated with display ADISPLAY_ID_NONE.
05-29 02:15:23.952   510   538 W InputReader: Device virtio_input_multi_touch_7 is associated with display ADISPLAY_ID_NONE.
05-29 02:15:23.952   510   538 W InputReader: Device virtio_input_multi_touch_11 is associated with display ADISPLAY_ID_NONE.
05-29 02:15:23.952   510   538 W InputReader: Device virtio_input_multi_touch_5 is associated with display ADISPLAY_ID_NONE.
05-29 02:15:23.952   510   538 W InputReader: Device virtio_input_multi_touch_2 is associated with display ADISPLAY_ID_NONE.
05-29 02:15:23.952   510   538 W InputReader: Device virtio_input_multi_touch_6 is associated with display ADISPLAY_ID_NONE.
05-29 02:15:23.952   510   538 W InputReader: Device virtio_input_multi_touch_3 is associated with display ADISPLAY_ID_NONE.
05-29 02:15:23.952   510   538 W InputReader: Device virtio_input_multi_touch_8 is associated with display ADISPLAY_ID_NONE.
05-29 02:15:23.952   510   538 W InputReader: Device virtio_input_multi_touch_9 is associated with display ADISPLAY_ID_NONE.
05-29 02:15:23.952   510   538 W InputReader: Device virtio_input_multi_touch_4 is associated with display ADISPLAY_ID_NONE.
05-29 02:15:24.127  1486  1933 W MediaProvider: Failed operation Intent { act=android.intent.action.MEDIA_MOUNTED dat=file:///storage/emulated/0 flg=0x5000010 cmp=com.android.providers.media.module/com.android.providers.media.MediaService (has extras) }
05-29 02:15:24.127  1486  1933 W MediaProvider: android.database.sqlite.SQLiteDatabaseLockedException: database is locked (code 5 SQLITE_BUSY)
05-29 02:15:24.127  1486  1933 W MediaProvider: 	at android.database.sqlite.SQLiteConnection.nativeExecute(Native Method)
05-29 02:15:24.127  1486  1933 W MediaProvider: 	at android.database.sqlite.SQLiteConnection.execute(SQLiteConnection.java:707)
05-29 02:15:24.127  1486  1933 W MediaProvider: 	at android.database.sqlite.SQLiteSession.beginTransactionUnchecked(SQLiteSession.java:325)
05-29 02:15:24.127  1486  1933 W MediaProvider: 	at android.database.sqlite.SQLiteSession.beginTransaction(SQLiteSession.java:300)
05-29 02:15:24.127  1486  1933 W MediaProvider: 	at android.database.sqlite.SQLiteDatabase.beginTransaction(SQLiteDatabase.java:571)
05-29 02:15:24.127  1486  1933 W MediaProvider: 	at android.database.sqlite.SQLiteDatabase.beginTransaction(SQLiteDatabase.java:481)
05-29 02:15:24.127  1486  1933 W MediaProvider: 	at com.android.providers.media.DatabaseHelper.beginTransactionInternal(DatabaseHelper.java:483)
05-29 02:15:24.127  1486  1933 W MediaProvider: 	at com.android.providers.media.DatabaseHelper.beginTransaction(DatabaseHelper.java:469)
05-29 02:15:24.127  1486  1933 W MediaProvider: 	at com.android.providers.media.MediaProvider.applyBatch(MediaProvider.java:3508)
05-29 02:15:24.127  1486  1933 W MediaProvider: 	at android.content.ContentProvider.applyBatch(ContentProvider.java:2413)
05-29 02:15:24.127  1486  1933 W MediaProvider: 	at android.content.ContentResolver.applyBatch(ContentResolver.java:2186)
05-29 02:15:24.127  1486  1933 W MediaProvider: 	at com.android.providers.media.scan.ModernMediaScanner$Scan.applyPending(ModernMediaScanner.java:699)
05-29 02:15:24.127  1486  1933 W MediaProvider: 	at com.android.providers.media.scan.ModernMediaScanner$Scan.maybeApplyPending(ModernMediaScanner.java:689)
05-29 02:15:24.127  1486  1933 W MediaProvider: 	at com.android.providers.media.scan.ModernMediaScanner$Scan.visitFile(ModernMediaScanner.java:649)
05-29 02:15:24.127  1486  1933 W MediaProvider: 	at com.android.providers.media.scan.ModernMediaScanner$Scan.visitFile(ModernMediaScanner.java:272)
05-29 02:15:24.127  1486  1933 W MediaProvider: 	at java.nio.file.Files.walkFileTree(Files.java:2670)
05-29 02:15:24.127  1486  1933 W MediaProvider: 	at java.nio.file.Files.walkFileTree(Files.java:2742)
05-29 02:15:24.127  1486  1933 W MediaProvider: 	at com.android.providers.media.scan.ModernMediaScanner$Scan.walkFileTree(ModernMediaScanner.java:366)
05-29 02:15:24.127  1486  1933 W MediaProvider: 	at com.android.providers.media.scan.ModernMediaScanner$Scan.run(ModernMediaScanner.java:329)
05-29 02:15:24.127  1486  1933 W MediaProvider: 	at com.android.providers.media.scan.ModernMediaScanner.scanDirectory(ModernMediaScanner.java:226)
05-29 02:15:24.127  1486  1933 W MediaProvider: 	at com.android.providers.media.MediaProvider.scanDirectory(MediaProvider.java:1111)
05-29 02:15:24.127  1486  1933 W MediaProvider: 	at com.android.providers.media.MediaService.onScanVolume(MediaService.java:148)
05-29 02:15:24.127  1486  1933 W MediaProvider: 	at com.android.providers.media.MediaService.onScanVolume(MediaService.java:117)
05-29 02:15:24.127  1486  1933 W MediaProvider: 	at com.android.providers.media.MediaService.onScanVolume(MediaService.java:108)
05-29 02:15:24.127  1486  1933 W MediaProvider: 	at com.android.providers.media.MediaService.onHandleWork(MediaService.java:71)
05-29 02:15:24.127  1486  1933 W MediaProvider: 	at androidx.core.app.JobIntentService$CommandProcessor.doInBackground(JobIntentService.java:391)
05-29 02:15:24.127  1486  1933 W MediaProvider: 	at androidx.core.app.JobIntentService$CommandProcessor.doInBackground(JobIntentService.java:382)
05-29 02:15:24.127  1486  1933 W MediaProvider: 	at android.os.AsyncTask$3.call(AsyncTask.java:394)
05-29 02:15:24.127  1486  1933 W MediaProvider: 	at java.util.concurrent.FutureTask.run(FutureTask.java:266)
05-29 02:15:24.127  1486  1933 W MediaProvider: 	at java.util.concurrent.ThreadPoolExecutor.runWorker(ThreadPoolExecutor.java:1167)
05-29 02:15:24.127  1486  1933 W MediaProvider: 	at java.util.concurrent.ThreadPoolExecutor$Worker.run(ThreadPoolExecutor.java:641)
05-29 02:15:24.127  1486  1933 W MediaProvider: 	at java.lang.Thread.run(Thread.java:923)
05-29 02:15:24.127  1486  1933 I MediaProvider: End Intent { act=android.intent.action.MEDIA_MOUNTED dat=file:///storage/emulated/0 flg=0x5000010 cmp=com.android.providers.media.module/com.android.providers.media.MediaService (has extras) }
05-29 02:15:24.128  1486  1933 I MediaProvider: Begin Intent { act=android.intent.action.MEDIA_SCANNER_SCAN_FILE dat=file:///sdcard/screen_2026-05-29_021522.png flg=0x1400010 cmp=com.android.providers.media.module/com.android.providers.media.MediaService }
05-29 02:15:24.137  1486  1933 W ModernMediaScanner: Failed to visit /sdcard/screen_2026-05-29_021522.png: java.nio.file.AccessDeniedException: /sdcard/screen_2026-05-29_021522.png
05-29 02:15:24.137  1486  1933 I MediaProvider: Scanned internal due to REASON_DEMAND, found 0 items in 1ms, 0 inserts 0 updates 0 deletes
05-29 02:15:24.138  1486  1933 I MediaProvider: End Intent { act=android.intent.action.MEDIA_SCANNER_SCAN_FILE dat=file:///sdcard/screen_2026-05-29_021522.png flg=0x1400010 cmp=com.android.providers.media.module/com.android.providers.media.MediaService }
05-29 02:15:24.139  1486  1933 I MediaProvider: Begin Intent { act=android.intent.action.MEDIA_SCANNER_SCAN_FILE dat=file:///sdcard/screen_2026-05-29_021523.png flg=0x1400010 cmp=com.android.providers.media.module/com.android.providers.media.MediaService }
05-29 02:15:24.327     0     0 W audit   : audit_lost=12 audit_rate_limit=5 audit_backlog_limit=64
05-29 02:15:24.329     0     0 E audit   : rate limit exceeded
05-29 02:15:24.143  1486  1933 W ModernMediaScanner: Failed to visit /sdcard/screen_2026-05-29_021523.png: java.nio.file.AccessDeniedException: /sdcard/screen_2026-05-29_021523.png
05-29 02:15:24.144  1486  1933 I MediaProvider: Scanned internal due to REASON_DEMAND, found 0 items in 1ms, 0 inserts 0 updates 0 deletes
05-29 02:15:24.144  1486  1933 I MediaProvider: End Intent { act=android.intent.action.MEDIA_SCANNER_SCAN_FILE dat=file:///sdcard/screen_2026-05-29_021523.png flg=0x1400010 cmp=com.android.providers.media.module/com.android.providers.media.MediaService }
05-29 02:15:24.124  1486  1486 W com.android.providers.media.module: type=1400 audit(0.0:50): avc: denied { read } for comm=4173796E635461736B202331 name="primary" dev="tmpfs" ino=27787 scontext=u:r:mediaprovider_app:s0:c122,c256,c512,c768 tcontext=u:object_r:mnt_pass_through_file:s0 tclass=lnk_file permissive=0 app=com.android.providers.media.module
05-29 02:15:24.152  1486  1933 I MediaProvider: Begin Intent { act=android.intent.action.MEDIA_SCANNER_SCAN_FILE dat=file:///sdcard/screen_2026-05-29_021524.png flg=0x1400010 cmp=com.android.providers.media.module/com.android.providers.media.MediaService }
05-29 02:15:24.153  1486  1933 W ModernMediaScanner: Failed to visit /sdcard/screen_2026-05-29_021524.png: java.nio.file.AccessDeniedException: /sdcard/screen_2026-05-29_021524.png
05-29 02:15:24.153  1486  1933 I MediaProvider: Scanned internal due to REASON_DEMAND, found 0 items in 1ms, 0 inserts 0 updates 0 deletes
05-29 02:15:24.154  1486  1933 I MediaProvider: End Intent { act=android.intent.action.MEDIA_SCANNER_SCAN_FILE dat=file:///sdcard/screen_2026-05-29_021524.png flg=0x1400010 cmp=com.android.providers.media.module/com.android.providers.media.MediaService }
05-29 02:15:24.155  1486  1933 I MediaProvider: Begin Intent { act=android.intent.action.MEDIA_SCANNER_SCAN_FILE dat=file:///sdcard/screen_2026-05-29_021524.png flg=0x1400010 cmp=com.android.providers.media.module/com.android.providers.media.MediaService }
05-29 02:15:24.155  1486  1933 W ModernMediaScanner: Failed to visit /sdcard/screen_2026-05-29_021524.png: java.nio.file.AccessDeniedException: /sdcard/screen_2026-05-29_021524.png
05-29 02:15:24.155  1486  1933 I MediaProvider: Scanned internal due to REASON_DEMAND, found 0 items in 1ms, 0 inserts 0 updates 0 deletes
05-29 02:15:24.156  1486  1933 I MediaProvider: End Intent { act=android.intent.action.MEDIA_SCANNER_SCAN_FILE dat=file:///sdcard/screen_2026-05-29_021524.png flg=0x1400010 cmp=com.android.providers.media.module/com.android.providers.media.MediaService }
05-29 02:15:24.132  1486  1486 W com.android.providers.media.module: type=1400 audit(0.0:51): avc: denied { read } for comm=4173796E635461736B202331 name="primary" dev="tmpfs" ino=27787 scontext=u:r:mediaprovider_app:s0:c122,c256,c512,c768 tcontext=u:object_r:mnt_pass_through_file:s0 tclass=lnk_file permissive=0 app=com.android.providers.media.module
05-29 02:15:24.684   158   158 I servicemanager: Notifying apexservice they have clients: 1
05-29 02:15:24.684   158   158 I servicemanager: Notifying apexservice they have clients: 0
05-29 02:15:24.872     0     0 I AidlLazyServiceRegistrar: Process has 1 (of 1 available) client(s) in use after notification android.apex.IApexService has clients: 1
05-29 02:15:24.876     0     0 I AidlLazyServiceRegistrar: Process has 0 (of 1 available) client(s) in use after notification android.apex.IApexService has clients: 0
05-29 02:15:24.879     0     0 I AidlLazyServiceRegistrar: Shutdown prevented by forcePersist override flag.
05-29 02:15:25.085   163   163 I hwservicemanager: getTransport: Cannot find entry android.hardware.graphics.mapper@4.0::IMapper/default in either framework or device manifest.
05-29 02:15:25.087  2717  2717 I Gralloc4: mapper 4.x is not supported
05-29 02:15:25.130  1486  1933 I MediaProvider: Begin Intent { act=android.intent.action.MEDIA_SCANNER_SCAN_FILE dat=file:///sdcard/screen_2026-05-29_021525.png flg=0x1400010 cmp=com.android.providers.media.module/com.android.providers.media.MediaService }
05-29 02:15:25.130  1486  1933 W ModernMediaScanner: Failed to visit /sdcard/screen_2026-05-29_021525.png: java.nio.file.AccessDeniedException: /sdcard/screen_2026-05-29_021525.png
05-29 02:15:25.131  1486  1933 I MediaProvider: Scanned internal due to REASON_DEMAND, found 0 items in 0ms, 0 inserts 0 updates 0 deletes
05-29 02:15:25.133  1486  1933 I MediaProvider: End Intent { act=android.intent.action.MEDIA_SCANNER_SCAN_FILE dat=file:///sdcard/screen_2026-05-29_021525.png flg=0x1400010 cmp=com.android.providers.media.module/com.android.providers.media.MediaService }
05-29 02:15:25.190  1486  1619 I MediaProvider: Deleted 1 items on external_primary due to com.android.shell
05-29 02:15:25.207  2676  2676 W pokedex.androi: Class androidx.compose.runtime.snapshots.SnapshotStateList failed lock verification and will run slower.
05-29 02:15:25.207  2676  2676 W pokedex.androi: Common causes for lock verification issues are non-optimized dex code
05-29 02:15:25.207  2676  2676 W pokedex.androi: and incorrect proguard optimizations.
05-29 02:15:25.230  2676  2676 W pokedex.androi: Accessing hidden method Landroid/graphics/Canvas;->drawPatch(Landroid/graphics/NinePatch;Landroid/graphics/Rect;Landroid/graphics/Paint;)V (greylist-max-o, linking, denied)
05-29 02:15:25.230  2676  2676 W pokedex.androi: Accessing hidden method Landroid/graphics/Canvas;->drawPatch(Landroid/graphics/NinePatch;Landroid/graphics/RectF;Landroid/graphics/Paint;)V (greylist-max-o, linking, denied)
05-29 02:15:25.413   163   163 I hwservicemanager: getTransport: Cannot find entry android.hardware.configstore@1.0::ISurfaceFlingerConfigs/default in either framework or device manifest.
05-29 02:15:25.427   163   163 I hwservicemanager: getTransport: Cannot find entry android.hardware.graphics.mapper@4.0::IMapper/default in either framework or device manifest.
05-29 02:15:25.429  2676  2700 I Gralloc4: mapper 4.x is not supported
05-29 02:15:25.429   163   163 I hwservicemanager: getTransport: Cannot find entry android.hardware.graphics.mapper@4.0::IMapper/default in either framework or device manifest.
05-29 02:15:25.430  2754  2754 I Gralloc4: mapper 4.x is not supported
05-29 02:15:25.471  2759  2761 I cmd     : oneway function results will be dropped but finished with status OK and parcel size 4
05-29 02:15:25.472  1486  1933 I MediaProvider: Begin Intent { act=android.intent.action.MEDIA_SCANNER_SCAN_FILE dat=file:///sdcard/screen_2026-05-29_021526.png flg=0x1400010 cmp=com.android.providers.media.module/com.android.providers.media.MediaService }
05-29 02:15:25.660     0     0 W audit   : audit_lost=36 audit_rate_limit=5 audit_backlog_limit=64
05-29 02:15:25.682     0     0 E audit   : rate limit exceeded
05-29 02:15:25.496  1486  1933 W ModernMediaScanner: Failed to visit /sdcard/screen_2026-05-29_021526.png: java.nio.file.AccessDeniedException: /sdcard/screen_2026-05-29_021526.png
05-29 02:15:25.497  1486  1933 I MediaProvider: Scanned internal due to REASON_DEMAND, found 0 items in 25ms, 0 inserts 0 updates 0 deletes
05-29 02:15:25.498  1486  1933 I MediaProvider: End Intent { act=android.intent.action.MEDIA_SCANNER_SCAN_FILE dat=file:///sdcard/screen_2026-05-29_021526.png flg=0x1400010 cmp=com.android.providers.media.module/com.android.providers.media.MediaService }
05-29 02:15:25.468  1486  1486 W com.android.providers.media.module: type=1400 audit(0.0:80): avc: denied { read } for comm=4173796E635461736B202331 name="primary" dev="tmpfs" ino=27787 scontext=u:r:mediaprovider_app:s0:c122,c256,c512,c768 tcontext=u:object_r:mnt_pass_through_file:s0 tclass=lnk_file permissive=0 app=com.android.providers.media.module
05-29 02:15:25.574  1486  2502 I MediaProvider: Deleted 1 items on external_primary due to com.android.shell
05-29 02:15:25.875   163   163 I hwservicemanager: getTransport: Cannot find entry android.hardware.graphics.mapper@4.0::IMapper/default in either framework or device manifest.
05-29 02:15:25.875  2794  2794 I Gralloc4: mapper 4.x is not supported
05-29 02:15:26.118  2676  2700 I OpenGLRenderer: Davey! duration=1330ms; Flags=1, IntendedVsync=35213401984, Vsync=35296735314, OldestInputEvent=9223372036854775807, NewestInputEvent=0, HandleInputStart=35309627266, AnimationStart=35309629509, PerformTraversalsStart=35309688526, DrawStart=35878298746, SyncQueued=35892657663, SyncStart=35893213277, IssueDrawCommandsStart=35893275689, SwapBuffers=36460227732, FrameCompleted=36544170444, DequeueBufferDuration=81551, QueueBufferDuration=385532, GpuCompleted=0, 
05-29 02:15:26.135   510   548 I ActivityTaskManager: Displayed com.mocoding.pokedex.android/.MainActivity: +2s234ms
05-29 02:15:26.148  1486  1933 I MediaProvider: Begin Intent { act=android.intent.action.MEDIA_SCANNER_SCAN_FILE dat=file:///sdcard/screen_2026-05-29_021526.png flg=0x1400010 cmp=com.android.providers.media.module/com.android.providers.media.MediaService }
05-29 02:15:26.157  1486  1933 W ModernMediaScanner: Failed to visit /sdcard/screen_2026-05-29_021526.png: java.nio.file.AccessDeniedException: /sdcard/screen_2026-05-29_021526.png
05-29 02:15:26.176  2676  2676 I Choreographer: Skipped 75 frames!  The application may be doing too much work on its main thread.
05-29 02:15:26.191  1486  1933 I MediaProvider: Scanned internal due to REASON_DEMAND, found 0 items in 43ms, 0 inserts 0 updates 0 deletes
05-29 02:15:26.195  2676  2700 I OpenGLRenderer: Davey! duration=1274ms; Flags=0, IntendedVsync=35346735671, Vsync=36596735621, OldestInputEvent=9223372036854775807, NewestInputEvent=0, HandleInputStart=36602091695, AnimationStart=36602094539, PerformTraversalsStart=36608069248, DrawStart=36609279371, SyncQueued=36611535012, SyncStart=36611677848, IssueDrawCommandsStart=36611749744, SwapBuffers=36614579310, FrameCompleted=36621037886, DequeueBufferDuration=35943, QueueBufferDuration=163502, GpuCompleted=0, 
05-29 02:15:26.228  1486  1933 I MediaProvider: End Intent { act=android.intent.action.MEDIA_SCANNER_SCAN_FILE dat=file:///sdcard/screen_2026-05-29_021526.png flg=0x1400010 cmp=com.android.providers.media.module/com.android.providers.media.MediaService }
05-29 02:15:26.237   332  1390 W ServiceManager: Permission failure: android.permission.ACCESS_SURFACE_FLINGER from uid=10131 pid=2676
05-29 02:15:26.344  1486  2502 I MediaProvider: Deleted 1 items on external_primary due to com.android.shell
05-29 02:15:26.369  2103  2103 E AccessibilityInteractionClient: 1 Disconnected nodes.
05-29 02:15:26.579  2876  2878 I cmd     : oneway function results will be dropped but finished with status OK and parcel size 4
05-29 02:15:26.675   406   406 I perfetto: probes_producer.cc:329  Producer stop (id=5)
05-29 02:15:26.676   412   412 I perfetto: ng_service_impl.cc:1948 Tracing session 5 ended, total sessions:1
05-29 02:15:26.678  2676  2806 W pokedex.androi: Accessing hidden method Landroid/graphics/ImageDecoder;->createSource([B)Landroid/graphics/ImageDecoder$Source; (greylist-max-o, linking, denied)
05-29 02:15:26.752  2891  2892 I cmd     : oneway function results will be dropped but finished with status OK and parcel size 4
05-29 02:15:26.967   510  1480 E TaskPersister: File error accessing recents directory (directory doesn't exist?).
05-29 02:15:27.101  2913  2916 I cmd     : oneway function results will be dropped but finished with status OK and parcel size 4
05-29 02:15:27.196  2929  2929 W app_process: type=1400 audit(0.0:92): avc: denied { read } for name="u:object_r:device_config_runtime_native_boot_prop:s0" dev="tmpfs" ino=180 scontext=u:r:shell:s0 tcontext=u:object_r:device_config_runtime_native_boot_prop:s0 tclass=file permissive=0
05-29 02:15:27.205  2929  2929 E libc    : Access denied finding property "persist.device_config.runtime_native_boot.profilebootclasspath"
05-29 02:15:27.205  2929  2929 E libc    : Access denied finding property "persist.device_config.runtime_native_boot.enable_apex_image"
05-29 02:15:27.205  2929  2929 I AndroidRuntime: Using default boot image
05-29 02:15:27.205  2929  2929 E libc    : Access denied finding property "persist.device_config.runtime_native_boot.disable_lock_profiling"
05-29 02:15:27.205  2929  2929 I AndroidRuntime: Leaving lock profiling enabled
