05-29 02:15:16.457   510   549 I SystemServerTimingAsync: ssm.onUnlockedUser-0_com.android.server.webkit.WebViewUpdateService
05-29 02:15:16.457   510   549 I SystemServerTimingAsync: ssm.onUnlockedUser-0_com.android.server.CachedDeviceStateService
05-29 02:15:16.457   510   549 I SystemServerTimingAsync: ssm.onUnlockedUser-0_com.android.server.BinderCallsStatsService$LifeCycle
05-29 02:15:16.457   510   549 I SystemServerTimingAsync: ssm.onUnlockedUser-0_com.android.server.LooperStatsService$Lifecycle
05-29 02:15:16.457   510   549 I SystemServerTimingAsync: ssm.onUnlockedUser-0_com.android.server.rollback.RollbackManagerService
05-29 02:15:16.457   510   549 I SystemServerTimingAsync: ssm.onUnlockedUser-0_com.android.server.os.BugreportManagerService
05-29 02:15:16.457   510   549 I SystemServerTimingAsync: ssm.onUnlockedUser-0_com.android.server.gpu.GpuService
05-29 02:15:16.457   510   549 I SystemServerTimingAsync: ssm.onUnlockedUser-0_com.android.server.security.KeyChainSystemService
05-29 02:15:16.457   510   549 I SystemServerTimingAsync: ssm.onUnlockedUser-0_com.android.server.telecom.TelecomLoaderService
05-29 02:15:16.457   510   549 I SystemServerTimingAsync: ssm.onUnlockedUser-0_com.android.server.accounts.AccountManagerService$Lifecycle
05-29 02:15:16.457   510   549 I SystemServerTimingAsync: ssm.onUnlockedUser-0_com.android.server.content.ContentService$Lifecycle
05-29 02:15:16.457   510   549 I SystemServerTimingAsync: ssm.onUnlockedUser-0_com.android.server.DropBoxManagerService
05-29 02:15:16.457   510   549 I SystemServerTimingAsync: ssm.onUnlockedUser-0_com.android.server.AlarmManagerService
05-29 02:15:16.457   510   549 I SystemServerTimingAsync: ssm.onUnlockedUser-0_com.android.server.BluetoothService
05-29 02:15:16.457   510   549 I SystemServerTimingAsync: ssm.onUnlockedUser-0_com.android.server.connectivity.IpConnectivityMetrics
05-29 02:15:16.457   510   549 I SystemServerTimingAsync: ssm.onUnlockedUser-0_com.android.server.net.watchlist.NetworkWatchlistService$Lifecycle
05-29 02:15:16.457   510   549 I SystemServerTimingAsync: ssm.onUnlockedUser-0_com.android.server.PinnerService
05-29 02:15:16.457   510   549 I SystemServerTimingAsync: ssm.onUnlockedUser-0_com.google.android.startop.iorap.IorapForwardingService
05-29 02:15:16.457   510   549 I SystemServerTimingAsync: ssm.onUnlockedUser-0_com.android.server.integrity.AppIntegrityManagerService
05-29 02:15:16.457   510   549 I SystemServerTimingAsync: ssm.onUnlockedUser-0_com.android.server.inputmethod.InputMethodManagerService$Lifecycle
05-29 02:15:16.457   510   549 I SystemServerTimingAsync: ssm.onUnlockedUser-0_com.android.server.accessibility.AccessibilityManagerService$Lifecycle
05-29 02:15:16.457   510   549 I SystemServerTimingAsync: ssm.onUnlockedUser-0_com.android.server.StorageManagerService$Lifecycle
05-29 02:15:16.457   510   549 I SystemServerTimingAsync: ssm.onUnlockedUser-0_com.android.server.usage.StorageStatsService$Lifecycle
05-29 02:15:16.457   510   549 I SystemServerTimingAsync: ssm.onUnlockedUser-0_com.android.server.UiModeManagerService
05-29 02:15:16.457   510   549 I SystemServerTimingAsync: ssm.onUnlockedUser-0_com.android.server.locksettings.LockSettingsService$Lifecycle
05-29 02:15:16.457   510   549 I SystemServerTimingAsync: ssm.onUnlockedUser-0_com.android.server.testharness.TestHarnessModeService
05-29 02:15:16.457   510   549 I SystemServerTimingAsync: ssm.onUnlockedUser-0_com.android.server.DeviceIdleController
05-29 02:15:16.457   510   549 I SystemServerTimingAsync: ssm.onUnlockedUser-0_com.android.server.devicepolicy.DevicePolicyManagerService$Lifecycle
05-29 02:15:16.457   510   549 I SystemServerTimingAsync: ssm.onUnlockedUser-0_com.android.server.textservices.TextServicesManagerService$Lifecycle
05-29 02:15:16.457   510   549 I SystemServerTimingAsync: ssm.onUnlockedUser-0_com.android.server.textclassifier.TextClassificationManagerService$Lifecycle
05-29 02:15:16.457   510   549 I SystemServerTimingAsync: ssm.onUnlockedUser-0_com.android.server.NetworkScoreService$Lifecycle
05-29 02:15:16.457   510   549 I SystemServerTimingAsync: ssm.onUnlockedUser-0_com.android.server.wifi.WifiService
05-29 02:15:16.457   510   549 I SystemServerTimingAsync: ssm.onUnlockedUser-0_com.android.server.wifi.scanner.WifiScanningService
05-29 02:15:16.457   510   549 I SystemServerTimingAsync: ssm.onUnlockedUser-0_com.android.server.wifi.p2p.WifiP2pService
05-29 02:15:16.457   510   549 I SystemServerTimingAsync: ssm.onUnlockedUser-0_com.android.server.notification.NotificationManagerService
05-29 02:15:16.457   510   549 I SystemServerTimingAsync: ssm.onUnlockedUser-0_com.android.server.storage.DeviceStorageMonitorService
05-29 02:15:16.457   510   549 I SystemServerTimingAsync: ssm.onUnlockedUser-0_com.android.server.location.LocationManagerService$Lifecycle
05-29 02:15:16.457   510   549 I SystemServerTimingAsync: ssm.onUnlockedUser-0_com.android.server.timedetector.TimeDetectorService$Lifecycle
05-29 02:15:16.457   510   549 I SystemServerTimingAsync: ssm.onUnlockedUser-0_com.android.server.timezonedetector.TimeZoneDetectorService$Lifecycle
05-29 02:15:16.457   510   549 I SystemServerTimingAsync: ssm.onUnlockedUser-0_com.android.server.search.SearchManagerService$Lifecycle
05-29 02:15:16.457   510   549 I SystemServerTimingAsync: ssm.onUnlockedUser-0_com.android.server.wallpaper.WallpaperManagerService$Lifecycle
05-29 02:15:16.457   510   549 I SystemServerTimingAsync: ssm.onUnlockedUser-0_com.android.server.audio.AudioService$Lifecycle
05-29 02:15:16.457   510   549 I SystemServerTimingAsync: ssm.onUnlockedUser-0_com.android.server.soundtrigger_middleware.SoundTriggerMiddlewareService$Lifecycle
05-29 02:15:16.457   510   549 I SystemServerTimingAsync: ssm.onUnlockedUser-0_com.android.server.DockObserver
05-29 02:15:16.457   510   549 I SystemServerTimingAsync: ssm.onUnlockedUser-0_com.android.server.midi.MidiService$Lifecycle
05-29 02:15:16.457   510   549 I SystemServerTimingAsync: ssm.onUnlockedUser-0_com.android.server.adb.AdbService$Lifecycle
05-29 02:15:16.457   510   549 I SystemServerTimingAsync: ssm.onUnlockedUser-0_com.android.server.usb.UsbService$Lifecycle
05-29 02:15:16.457   510   549 I SystemServerTimingAsync: ssm.onUnlockedUser-0_com.android.server.twilight.TwilightService
05-29 02:15:16.457   510   549 I SystemServerTimingAsync: ssm.onUnlockedUser-0_com.android.server.display.color.ColorDisplayService
05-29 02:15:16.457   510   549 I SystemServerTimingAsync: ssm.onUnlockedUser-0_com.android.server.job.JobSchedulerService
05-29 02:15:16.457   510   549 I SystemServerTimingAsync: ssm.onUnlockedUser-0_com.android.server.soundtrigger.SoundTriggerService
05-29 02:15:16.457   510   549 I SystemServerTimingAsync: ssm.onUnlockedUser-0_com.android.server.trust.TrustManagerService
05-29 02:15:16.457   510   549 I SystemServerTimingAsync: ssm.onUnlockedUser-0_com.android.server.backup.BackupManagerService$Lifecycle
05-29 02:15:16.457   510   549 I SystemServerTimingAsync: ssm.onUnlockedUser-0_com.android.server.appwidget.AppWidgetService
05-29 02:15:16.457   510   549 I SystemServerTimingAsync: ssm.onUnlockedUser-0_com.android.server.role.RoleManagerService
05-29 02:15:16.457   510   549 I SystemServerTimingAsync: ssm.onUnlockedUser-0_com.android.server.voiceinteraction.VoiceInteractionManagerService
05-29 02:15:16.457   510   549 I SystemServerTimingAsync: ssm.onUnlockedUser-0_com.android.server.GestureLauncherService
05-29 02:15:16.457   510   549 I SystemServerTimingAsync: ssm.onUnlockedUser-0_com.android.server.SensorNotificationService
05-29 02:15:16.457   510   549 I SystemServerTimingAsync: ssm.onUnlockedUser-0_com.android.server.emergency.EmergencyAffordanceService
05-29 02:15:16.457   510   549 I SystemServerTimingAsync: ssm.onUnlockedUser-0_com.android.server.dreams.DreamManagerService
05-29 02:15:16.457   510   549 I SystemServerTimingAsync: ssm.onUnlockedUser-0_com.android.server.print.PrintManagerService
05-29 02:15:16.457   510   549 I SystemServerTimingAsync: ssm.onUnlockedUser-0_com.android.server.companion.CompanionDeviceManagerService
05-29 02:15:16.457   510   549 I SystemServerTimingAsync: ssm.onUnlockedUser-0_com.android.server.restrictions.RestrictionsManagerService
05-29 02:15:16.457   510   549 I SystemServerTimingAsync: ssm.onUnlockedUser-0_com.android.server.media.MediaSessionService
05-29 02:15:16.457   510   549 I SystemServerTimingAsync: ssm.onUnlockedUser-0_com.android.server.media.MediaResourceMonitorService
05-29 02:15:16.457   510   549 I SystemServerTimingAsync: ssm.onUnlockedUser-0_com.android.server.biometrics.fingerprint.FingerprintService
05-29 02:15:16.457   510   549 I SystemServerTimingAsync: ssm.onUnlockedUser-0_com.android.server.blob.BlobStoreManagerService
05-29 02:15:16.458   510   549 I SystemServerTimingAsync: ssm.onUnlockedUser-0_com.android.server.biometrics.BiometricService
05-29 02:15:16.458   510   549 I SystemServerTimingAsync: ssm.onUnlockedUser-0_com.android.server.biometrics.AuthService
05-29 02:15:16.458   510   549 I SystemServerTimingAsync: ssm.onUnlockedUser-0_com.android.server.pm.ShortcutService$Lifecycle
05-29 02:15:16.458   510   549 I SystemServerTimingAsync: ssm.onUnlockedUser-0_com.android.server.pm.LauncherAppsService
05-29 02:15:16.458   510   549 I SystemServerTimingAsync: ssm.onUnlockedUser-0_com.android.server.pm.CrossProfileAppsService
05-29 02:15:16.458   510   549 I SystemServerTimingAsync: ssm.onUnlockedUser-0_com.android.server.people.PeopleService
05-29 02:15:16.458   510   549 I SystemServerTimingAsync: ssm.onUnlockedUser-0_com.android.server.media.projection.MediaProjectionManagerService
05-29 02:15:16.458   510   549 I SystemServerTimingAsync: ssm.onUnlockedUser-0_com.android.server.slice.SliceManagerService$Lifecycle
05-29 02:15:16.458   510   549 I SystemServerTimingAsync: ssm.onUnlockedUser-0_com.android.server.camera.CameraServiceProxy
05-29 02:15:16.458   510   549 I SystemServerTimingAsync: ssm.onUnlockedUser-0_com.android.server.stats.StatsCompanion$Lifecycle
05-29 02:15:16.458   510   549 I SystemServerTimingAsync: ssm.onUnlockedUser-0_com.android.server.stats.pull.StatsPullAtomService
05-29 02:15:16.458   510   549 I SystemServerTimingAsync: ssm.onUnlockedUser-0_com.android.server.incident.IncidentCompanionService
05-29 02:15:16.458   510   549 I SystemServerTimingAsync: ssm.onUnlockedUser-0_com.android.server.MmsServiceBroker
05-29 02:15:16.458   510   549 I SystemServerTimingAsync: ssm.onUnlockedUser-0_com.android.server.autofill.AutofillManagerService
05-29 02:15:16.458   510   549 I SystemServerTimingAsync: ssm.onUnlockedUser-0_com.android.server.clipboard.ClipboardService
05-29 02:15:16.458   510   549 I SystemServerTimingAsync: ssm.onUnlockedUser-0_com.android.server.appbinding.AppBindingService$Lifecycle
05-29 02:15:16.458   510   549 I SystemServerTimingAsync: ssm.onUnlockedUser-0_com.android.server.policy.PermissionPolicyService
05-29 02:15:16.458   510   549 I SystemServerTimingAsync: ssm.onUnlockedUser-0_com.android.server.pm.StagingManager$Lifecycle
05-29 02:15:16.458   510   549 W ActivityManager: UserLifecycleEvent 6 received without an active userJourneySession.
05-29 02:15:16.459   510   540 I AppWidgetServiceImpl: Processing of handleUserUnlocked u0 took 5 ms
05-29 02:15:16.464   510  1745 I WifiService: updateInterfaceIpState uid=1073
05-29 02:15:16.466   696   696 I wpa_supplicant: wlan0: Associated with 02:15:b2:00:01:00
05-29 02:15:16.466   696   696 I wpa_supplicant: wlan0: CTRL-EVENT-CONNECTED - Connection to 02:15:b2:00:01:00 completed [id=0 id_str=%7B%22configKey%22%3A%22%5C%22AndroidWifi%5C%22NONE%22%2C%22creatorUid%22%3A%221000%22%7D]
05-29 02:15:16.467   696   696 I wpa_supplicant: wlan0: CTRL-EVENT-SUBNET-STATUS-UPDATE status=0
05-29 02:15:16.469   510  1966 I RecoverySystem: No recovery log file
05-29 02:15:16.469   510  1966 I BootReceiver: No existing last log timestamp file /data/system/log-files.xml; starting empty
05-29 02:15:16.469   510  1966 I DropBoxManagerService: add tag=SYSTEM_BOOT isTagEnabled=true flags=0x2
05-29 02:15:16.475   510  1966 I BootReceiver: Copying audit failures to DropBox
05-29 02:15:16.475   510  1966 I BootReceiver: Checking for fsck errors
05-29 02:15:16.475   510  1966 I BootReceiver: fs_stat, partition:vdc stat:0x13
05-29 02:15:16.476  1411  1411 I Dialer  : DialerExecutorModule.newThread - creating low priority thread
05-29 02:15:16.477   510   542 I DropBoxManagerService: add tag=system_server_strictmode isTagEnabled=true flags=0x2
05-29 02:15:16.480  1411  1968 I Dialer  : VisualVoicemailUpdateTask.updateNotification - enter
05-29 02:15:16.502   279   279 E Netd    : no such netId 101
05-29 02:15:16.503   510   655 E ConnectivityService: Exception adding interface: java.lang.IllegalStateException: android.os.ServiceSpecificException: Machine is not on the network (code 64)
05-29 02:15:16.503   279   279 E Netd    : no such netId 101
05-29 02:15:16.508  1449  1970 I CallLogDatabaseHelper: Migrating from old tables...
05-29 02:15:16.508  1449  1970 I CallLogDatabaseHelper: Source tables don't exist.
05-29 02:15:16.521   477   477 I hostapd : wlan1: STA-OPMODE-SMPS-MODE-CHANGED 02:15:b2:00:00:00 off
05-29 02:15:16.535   477   477 I hostapd : wlan1: STA-OPMODE-SMPS-MODE-CHANGED 02:15:b2:00:00:00 dynamic
05-29 02:15:16.538   510   548 I ActivityTaskManager: Displayed com.android.launcher3/.uioverrides.QuickstepLauncher: +954ms
05-29 02:15:16.543  1973  1975 I cmd     : oneway function results will be dropped but finished with status OK and parcel size 4
05-29 02:15:16.544  1411  1968 I Dialer  : VisualVoicemailUpdateTask.updateNotification - no voicemails to notify about
05-29 02:15:16.544  1411  1968 I Dialer  : VisualVoicemailNotifier.cancelAllVoicemailNotifications - enter
05-29 02:15:16.548   279   923 E Netd    : no such netId 101
05-29 02:15:16.548   510   655 E ConnectivityService: Exception in networkAddRouteParcel for non-gateway: android.os.ServiceSpecificException: Machine is not on the network (code 64)
05-29 02:15:16.548   510   655 E ConnectivityService: Exception in networkAddRouteParcel for gateway: android.os.ServiceSpecificException: Machine is not on the network (code 64)
05-29 02:15:16.548   279   923 E Netd    : no such netId 101
05-29 02:15:16.552  1411  1968 I Dialer  : VoicemailNotificationJobService.scheduleJob - job canceled
05-29 02:15:16.554  1411  1411 I Dialer  : VisualVoicemailUpdateTask.scheduleTask - update successful
05-29 02:15:16.555   510   510 I Telecom : DefaultDialerCache: Refreshing default dialer for user 0: now com.android.dialer: DDC.oR@AFk
05-29 02:15:16.555   510   510 I Telecom : MissedCallNotifierImpl: reloadAfterBootComplete: user=0: TSBCR.oR@AFo
05-29 02:15:16.563   510   510 I Telecom : MissedCallNotifierImpl: reloadAfterBootComplete: user=0: TSBCR.oR@AFo
05-29 02:15:16.573  1708  1708 I MessagingApp: Carrier config changed. Reloading MMS config.
05-29 02:15:16.581  1708  1749 W MessagingApp: canonicalizeMccMnc: invalid mccmnc:null ,null
05-29 02:15:16.587   510   510 I Telecom : PhoneAccountRegistrar: getSimCallManager: SimCallManager for subId 1 queried, returning: null: TSI.gSCMFU@AFs
05-29 02:15:16.589   510   540 E GnssLocationProvider: IGnssConfiguration setEsExtensionSec() failed.
05-29 02:15:16.589   510   540 E GnssConfiguration: Unable to set ES_EXTENSION_SEC: 0
05-29 02:15:16.590   510   550 I ActivityManager: Start proc 1979:com.android.calendar/u0a107 for broadcast {com.android.calendar/com.android.calendar.UpgradeReceiver}
05-29 02:15:16.590  1708  1749 I MessagingApp: Carrier configs loaded: Bundle[{httpSocketTimeout=60000, aliasMinChars=2, smsToMmsTextThreshold=-1, enableSMSDeliveryReports=true, maxMessageTextSize=-1, supportMmsContentDisposition=true, enabledTransID=false, aliasEnabled=false, supportHttpCharsetHeader=false, allowAttachAudio=true, smsToMmsTextLengthThreshold=-1, recipientLimit=2147483647, uaProfTagName=x-wap-profile, aliasMaxChars=48, maxImageHeight=1944, enableMMSDeliveryReports=false, userAgent=, mmsCloseConnection=true, config_cellBroadcastAppLinks=true, maxSubjectLength=40, httpParams=, enableGroupMms=true, emailGatewayNumber=, maxMessageSize=1048576, naiSuffix=, enableMMSReadReports=false, maxImageWidth=2592, uaProfUrl=, enabledMMS=false, enabledNotifyWapMMSC=false, sendMultipartSmsAsSeparateMessages=false, enableMultipartSMS=true}] from resources+system for subId=1
05-29 02:15:16.597   510   655 W DnsManager: updatePrivateDns(101, PrivateDnsConfig{true:/[]})
05-29 02:15:16.600  1979  1979 W ndroid.calenda: Unexpected CPU variant for X86 using defaults: x86_64
05-29 02:15:16.602   510   651 W WifiScoreReport: Cannot start external scoring netId=101 currentNetId=101 sessionId=1017
05-29 02:15:16.607   381   391 I adbd    : jdwp connection from 1979
05-29 02:15:16.607  1049  1049 I Telephony: Carrier-config changed, checking for phone account updates.
05-29 02:15:16.611   279  1986 W resolv  : Validating DnsTlsServer on netId 101
05-29 02:15:16.611   279  1986 W resolv  : Validation failed
05-29 02:15:16.611  1049  1049 I Telephony: isRttCurrentlySupported -- regular acct, hasVoiceAvailability: false
05-29 02:15:16.611  1049  1049 I Telephony:  isRttSupported: false
05-29 02:15:16.611  1049  1049 I Telephony:  isRoaming: false
05-29 02:15:16.611  1049  1049 I Telephony:  isOnWfc: false
05-29 02:15:16.618  1976  1976 I abb     : StartCommandInProcess(73657474696e67730067657400676c6f settings.get.glo [truncated])
05-29 02:15:16.619   202   205 E android.system.suspend@1.0-service: Error opening kernel wakelock stats for: wakeup32: Permission denied
05-29 02:15:16.624   202   205 E android.system.suspend@1.0-service: Error opening kernel wakelock stats for: wakeup33: Permission denied
05-29 02:15:16.632  2001  2001 W .localtranspor: Unexpected CPU variant for X86 using defaults: x86_64
05-29 02:15:16.616   202   202 W Binder:202_2: type=1400 audit(0.0:20): avc: denied { read } for name="wakeup32" dev="sysfs" ino=18830 scontext=u:r:system_suspend:s0 tcontext=u:object_r:sysfs:s0 tclass=dir permissive=0
05-29 02:15:16.642  1976  2011 I abb     : oneway function results will be dropped but finished with status OK and parcel size 4
05-29 02:15:16.643  1976  1976 I abb     : StartCommandInProcess(7061636b61676500696e7374616c6c00 package.install. [truncated])
05-29 02:15:16.643   381   391 I adbd    : jdwp connection from 2001
05-29 02:15:16.616   202   202 W Binder:202_2: type=1400 audit(0.0:21): avc: denied { read } for name="wakeup33" dev="sysfs" ino=18893 scontext=u:r:system_suspend:s0 tcontext=u:object_r:sysfs:s0 tclass=dir permissive=0
05-29 02:15:16.650   510   550 I ActivityManager: Start proc 2001:com.android.localtransport/1000 for service {com.android.localtransport/com.android.localtransport.LocalTransportService}
05-29 02:15:16.664   279  2024 W resolv  : Validating DnsTlsServer on netId 101
05-29 02:15:16.636   510   510 W Binder:510_B: type=1400 audit(0.0:22): avc: denied { getopt } for scontext=u:r:system_server:s0 tcontext=u:r:shell:s0 tclass=unix_stream_socket permissive=0
05-29 02:15:16.670  1049  1049 I Telephony: reRegisterPstnPhoneAccount: subId: 1 - no change
05-29 02:15:16.871     0     0 W audit   : audit_lost=1 audit_rate_limit=5 audit_backlog_limit=64
05-29 02:15:16.873     0     0 E audit   : rate limit exceeded
05-29 02:15:16.636   510   510 W Binder:510_B: type=1400 audit(0.0:23): avc: denied { getopt } for scontext=u:r:system_server:s0 tcontext=u:r:shell:s0 tclass=unix_stream_socket permissive=0
05-29 02:15:16.695   510   651 E WifiVendorHal: stopRssiMonitoring(l.2100) failed {.code = ERROR_NOT_AVAILABLE, .description = }
05-29 02:15:16.697  1979  1979 I ndroid.calenda: The ClassLoaderContext is a special shared library.
05-29 02:15:16.636   510   510 W Binder:510_B: type=1400 audit(0.0:24): avc: denied { getopt } for scontext=u:r:system_server:s0 tcontext=u:r:shell:s0 tclass=unix_stream_socket permissive=0
05-29 02:15:16.699  2001  2001 I .localtranspor: The ClassLoaderContext is a special shared library.
05-29 02:15:16.700   279  2024 W resolv  : SSL_connect ssl error =5, mark 0xf0065: Connection refused
05-29 02:15:16.700   279  2024 W resolv  : Validation failed
05-29 02:15:16.729   510   510 I TransportClient: LocalTransportService#0: Notifying [TransportManager.registerTransport()] transport = IBackupTransport
05-29 02:15:16.750   510   521 W JavaBinder: BinderProxy is being destroyed but the application did not call unlinkToDeath to unlink all of its death recipients beforehand.  Releasing leaked death recipient: com.android.server.AlarmManagerService$2
05-29 02:15:16.750   510   521 I BpBinder: onLastStrongRef automatically unlinking death recipients: <uncached descriptor>
05-29 02:15:16.750   510   521 W JavaBinder: BinderProxy is being destroyed but the application did not call unlinkToDeath to unlink all of its death recipients beforehand.  Releasing leaked death recipient: com.android.server.AlarmManagerService$2
05-29 02:15:16.750   510   521 W JavaBinder: BinderProxy is being destroyed but the application did not call unlinkToDeath to unlink all of its death recipients beforehand.  Releasing leaked death recipient: com.android.server.AlarmManagerService$2
05-29 02:15:16.750   510   521 I BpBinder: onLastStrongRef automatically unlinking death recipients: <uncached descriptor>
05-29 02:15:16.750   510   521 W JavaBinder: BinderProxy is being destroyed but the application did not call unlinkToDeath to unlink all of its death recipients beforehand.  Releasing leaked death recipient: com.android.server.AlarmManagerService$2
05-29 02:15:16.750   510   521 I BpBinder: onLastStrongRef automatically unlinking death recipients: <uncached descriptor>
05-29 02:15:16.766  1049  1049 I VvmSimStateTracker: android.telephony.action.CARRIER_CONFIG_CHANGED
05-29 02:15:16.767  1049  1049 I VvmSimStateTracker: Service connected on ComponentInfo{com.android.phone/com.android.services.telephony.TelephonyConnectionService}, ***, UserHandle{0}
05-29 02:15:16.779   510   550 I ActivityManager: Start proc 2042:com.android.camera2/u0a110 for broadcast {com.android.camera2/com.android.camera.SetActivitiesCameraReceiver}
05-29 02:15:16.801  2042  2042 W android.camera: Unexpected CPU variant for X86 using defaults: x86_64
05-29 02:15:16.805   381   391 I adbd    : jdwp connection from 2042
05-29 02:15:16.812  1049  1049 I RemoteVvmTaskManager: Binding to ComponentInfo{com.android.dialer/com.android.voicemail.impl.OmtpService}
05-29 02:15:16.814   510   606 W RuleEvaluation: Integrity rule files are not available.
05-29 02:15:16.816   510   566 I PackageManager: Integrity check passed for file:///data/app/vmdl1011604685.tmp
05-29 02:15:16.823  1411  1411 I Dialer  : VvmOmtpService - onCellServiceConnected
05-29 02:15:16.839   510   541 W InputReader: Device virtio_input_multi_touch_10 is associated with display ADISPLAY_ID_NONE.
05-29 02:15:16.840   510   541 W InputReader: Device virtio_input_multi_touch_7 is associated with display ADISPLAY_ID_NONE.
05-29 02:15:16.840   510   541 W InputReader: Device virtio_input_multi_touch_11 is associated with display ADISPLAY_ID_NONE.
05-29 02:15:16.840   510   541 W InputReader: Device virtio_input_multi_touch_5 is associated with display ADISPLAY_ID_NONE.
05-29 02:15:16.840   510   541 W InputReader: Device virtio_input_multi_touch_2 is associated with display ADISPLAY_ID_NONE.
05-29 02:15:16.840   510   541 W InputReader: Device virtio_input_multi_touch_6 is associated with display ADISPLAY_ID_NONE.
05-29 02:15:16.840   510   541 W InputReader: Device virtio_input_multi_touch_3 is associated with display ADISPLAY_ID_NONE.
05-29 02:15:16.840   510   541 W InputReader: Device virtio_input_multi_touch_8 is associated with display ADISPLAY_ID_NONE.
05-29 02:15:16.840   510   541 W InputReader: Device virtio_input_multi_touch_9 is associated with display ADISPLAY_ID_NONE.
05-29 02:15:16.840   510   541 W InputReader: Device virtio_input_multi_touch_4 is associated with display ADISPLAY_ID_NONE.
05-29 02:15:16.845   510   566 I PackageManager: Permission ownership changed. Updating all permissions.
05-29 02:15:16.889   740  2066 E BackupHelper: Could not parse delayed permissions
05-29 02:15:16.889   740  2066 E BackupHelper: java.io.FileNotFoundException: /data/user_de/0/com.android.permissioncontroller/files/delayed_restore_permissions.xml: open failed: ENOENT (No such file or directory)
05-29 02:15:16.889   740  2066 E BackupHelper: 	at libcore.io.IoBridge.open(IoBridge.java:492)
05-29 02:15:16.889   740  2066 E BackupHelper: 	at java.io.FileInputStream.<init>(FileInputStream.java:160)
05-29 02:15:16.889   740  2066 E BackupHelper: 	at android.app.ContextImpl.openFileInput(ContextImpl.java:636)
05-29 02:15:16.889   740  2066 E BackupHelper: 	at com.android.permissioncontroller.permission.service.BackupHelper.restoreDelayedState(BackupHelper.java:338)
05-29 02:15:16.889   740  2066 E BackupHelper: 	at com.android.permissioncontroller.permission.service.PermissionControllerServiceImpl.onRestoreDelayedRuntimePermissionsBackup(PermissionControllerServiceImpl.java:413)
05-29 02:15:16.889   740  2066 E BackupHelper: 	at com.android.permissioncontroller.permission.service.PermissionControllerServiceImpl.lambda$onApplyStagedRuntimePermissionBackup$4(PermissionControllerServiceImpl.java:407)
05-29 02:15:16.889   740  2066 E BackupHelper: 	at com.android.permissioncontroller.permission.service.PermissionControllerServiceImpl.lambda$onApplyStagedRuntimePermissionBackup$4$PermissionControllerServiceImpl(Unknown Source:0)
05-29 02:15:16.889   740  2066 E BackupHelper: 	at com.android.permissioncontroller.permission.service.-$$Lambda$PermissionControllerServiceImpl$mE7NqZpMEJTKa_y63m6czFzewlg.run(Unknown Source:8)
05-29 02:15:16.889   740  2066 E BackupHelper: 	at android.os.AsyncTask$SerialExecutor$1.run(AsyncTask.java:305)
05-29 02:15:16.889   740  2066 E BackupHelper: 	at java.util.concurrent.ThreadPoolExecutor.runWorker(ThreadPoolExecutor.java:1167)
05-29 02:15:16.889   740  2066 E BackupHelper: 	at java.util.concurrent.ThreadPoolExecutor$Worker.run(ThreadPoolExecutor.java:641)
05-29 02:15:16.889   740  2066 E BackupHelper: 	at java.lang.Thread.run(Thread.java:923)
05-29 02:15:16.889   740  2066 E BackupHelper: Caused by: android.system.ErrnoException: open failed: ENOENT (No such file or directory)
05-29 02:15:16.889   740  2066 E BackupHelper: 	at libcore.io.Linux.open(Native Method)
05-29 02:15:16.889   740  2066 E BackupHelper: 	at libcore.io.ForwardingOs.open(ForwardingOs.java:166)
05-29 02:15:16.889   740  2066 E BackupHelper: 	at libcore.io.BlockGuardOs.open(BlockGuardOs.java:254)
05-29 02:15:16.889   740  2066 E BackupHelper: 	at libcore.io.ForwardingOs.open(ForwardingOs.java:166)
05-29 02:15:16.889   740  2066 E BackupHelper: 	at android.app.ActivityThread$AndroidOs.open(ActivityThread.java:7542)
05-29 02:15:16.889   740  2066 E BackupHelper: 	at libcore.io.IoBridge.open(IoBridge.java:478)
05-29 02:15:16.889   740  2066 E BackupHelper: 	... 11 more
05-29 02:15:16.890   423  1389 E installd: Couldn't opendir /data/app/vmdl1011604685.tmp: No such file or directory
05-29 02:15:16.890   423  1389 E installd: Failed to delete /data/app/vmdl1011604685.tmp: No such file or directory
05-29 02:15:16.895  1976  2039 I abb     : oneway function results will be dropped but finished with status OK and parcel size 4
05-29 02:15:16.899  1486  1486 I MediaProvider: Invalidating LocalCallingIdentity cache for package io.github.ylimit.droidbotapp. Reason: package android.intent.action.PACKAGE_ADDED
05-29 02:15:16.901   510   600 I InputReader: Reconfiguring input devices, changes=KEYBOARD_LAYOUTS | 
05-29 02:15:16.904  2042  2042 I android.camera: The ClassLoaderContext is a special shared library.
05-29 02:15:16.907   510   510 I Telecom : DefaultDialerCache: Refreshing default dialer for user 0: now com.android.dialer: DDC.oR@AGY
05-29 02:15:16.916  2042  2042 I android.camera: The ClassLoaderContext is a special shared library.
05-29 02:15:16.934  2070  2071 I cmd     : oneway function results will be dropped but finished with status OK and parcel size 4
05-29 02:15:16.935   510  1060 I ActivityManager: Killing 1066:com.android.settings:CryptKeeper/1000 (adj 975): empty #17
05-29 02:15:16.941   280   280 I Zygote  : Process 1066 exited due to signal 9 (Killed)
05-29 02:15:16.945  1049  1075 I m.android.phon: JIT allocated 75KB for compiled code of boolean com.android.internal.telephony.ITelephony$Stub.onTransact(int, android.os.Parcel, android.os.Parcel, int)
05-29 02:15:16.945  1049  1075 I m.android.phon: Compiler allocated 4900KB to compile boolean com.android.internal.telephony.ITelephony$Stub.onTransact(int, android.os.Parcel, android.os.Parcel, int)
05-29 02:15:16.948  2042  2042 W CAM_Log : Tag SetActivitiesCameraReceiver is 8 chars longer than limit.
05-29 02:15:16.948   417   417 W ServiceManager: Permission failure: android.permission.SYSTEM_CAMERA from uid=10110 pid=2042
05-29 02:15:16.948  2042  2042 I CAM_SetActivitiesCamera: number of camera: 1
05-29 02:15:16.948  2042  2042 I CAM_SetActivitiesCamera: component state is 1
05-29 02:15:16.952   510   818 I ActivityManager: Killing 1236:com.android.deskclock/u0a108 (adj 985): empty #17
05-29 02:15:16.958   280   280 I Zygote  : Process 1236 exited due to signal 9 (Killed)
05-29 02:15:16.958   510   550 I ActivityManager: Start proc 2080:com.android.contacts/u0a98 for broadcast {com.android.contacts/com.android.contacts.interactions.OnBootOrUpgradeReceiver}
05-29 02:15:16.965  2080  2080 W ndroid.contact: Unexpected CPU variant for X86 using defaults: x86_64
05-29 02:15:16.969   510   540 W Looper  : Slow dispatch took 106ms android.fg h=android.os.Handler c=com.android.server.-$$Lambda$NetworkManagementService$YKgmK-4MuJjN-VLuMBhmJy1eWj4@96716cb m=0
05-29 02:15:16.970   510   540 I RoleManagerService: Granting default roles...
05-29 02:15:16.971   381   391 I adbd    : jdwp connection from 2080
05-29 02:15:16.971   740   886 I PermissionControllerServiceImpl: Updating user sensitive for uid 10130
05-29 02:15:16.974   740  1010 I RoleControllerServiceImpl: Adding package as fallback role holder, package: com.android.launcher3, role: android.app.role.HOME
05-29 02:15:16.978   510   551 I libprocessgroup: Successfully killed process cgroup uid 1000 pid 1066 in 43ms
05-29 02:15:16.988  2086  2098 I cmd     : oneway function results will be dropped but finished with status OK and parcel size 4
05-29 02:15:16.988   510   551 I libprocessgroup: Successfully killed process cgroup uid 10108 pid 1236 in 0ms
05-29 02:15:17.005   202   205 E android.system.suspend@1.0-service: Error opening kernel wakelock stats for: wakeup32: Permission denied
05-29 02:15:17.009   202   205 E android.system.suspend@1.0-service: Error opening kernel wakelock stats for: wakeup33: Permission denied
05-29 02:15:17.015   510   550 I ActivityManager: Start proc 2103:io.github.ylimit.droidbotapp/u0a130 for service {io.github.ylimit.droidbotapp/io.github.privacystreams.accessibility.PSAccessibilityService}
05-29 02:15:17.019   510   510 I Telecom : PhoneAccountRegistrar: getSimCallManager: SimCallManager for subId 1 queried, returning: null: TSI.gSCMFU@AGk
05-29 02:15:17.023  2103  2103 I mit.droidbotap: Late-enabling -Xcheck:jni
05-29 02:15:17.034  2103  2103 I mit.droidbotap: Unquickening 12 vdex files!
05-29 02:15:17.047   510   548 W VoiceInteractionManager: no available voice recognition services found for user 0
05-29 02:15:17.064   510   651 W LastMileLogger: Failed to stop event tracing: /sys/kernel/debug/tracing/instances/wifi/tracing_on: open failed: ENOENT (No such file or directory)
05-29 02:15:17.067  2103  2103 W mit.droidbotap: Unexpected CPU variant for X86 using defaults: x86_64
05-29 02:15:17.067  2110  2112 I cmd     : oneway function results will be dropped but finished with status OK and parcel size 4
05-29 02:15:17.072   510   510 I Telecom : PhoneAccountRegistrar: getSimCallManager: SimCallManager for subId 1 queried, returning: null: TSI.gSCMFU@AGo
05-29 02:15:17.076  1288  1308 I oadcastreceive: Waiting for a blocking GC ProfileSaver
05-29 02:15:17.087   381   391 I adbd    : jdwp connection from 2103
05-29 02:15:17.091   279  2113 W resolv  : Validating DnsTlsServer on netId 101
05-29 02:15:17.093   279  2113 W resolv  : SSL_connect ssl error =5, mark 0xf0065: Connection refused
05-29 02:15:17.093   279  2113 W resolv  : Validation failed
05-29 02:15:17.150   510   540 I GnssNetworkConnectivityHandler: updateNetworkState, state=CLOSED, connected=true, network=101, capabilities=[ Transports: WIFI Capabilities: NOT_METERED&INTERNET&NOT_RESTRICTED&TRUSTED&NOT_VPN&VALIDATED&NOT_ROAMING&FOREGROUND&NOT_CONGESTED&NOT_SUSPENDED LinkUpBandwidth>=141000Kbps LinkDnBandwidth>=141000Kbps SignalStrength: -30 OwnerUid: 1000 AdministratorUids: [] SSID: "AndroidWifi" RequestorUid: -1 RequestorPackageName: null], apn: , availableNetworkCount: 2
05-29 02:15:17.150   510   540 W Looper  : Slow dispatch took 131ms android.fg h=android.net.ConnectivityManager$CallbackHandler c=null m=524290
05-29 02:15:17.150  1288  1308 I oadcastreceive: WaitForGcToComplete blocked ProfileSaver on RunEmptyCheckpoint for 74.246ms
05-29 02:15:17.200  2080  2080 I ndroid.contact: The ClassLoaderContext is a special shared library.
05-29 02:15:17.205   716   716 W View    : requestLayout() improperly called by com.android.keyguard.AlphaOptimizedLinearLayout{64f6d74 V.E...... ......ID 3,0-18,22 #7f0a04db app:id/wifi_group} during layout: running second layout pass
05-29 02:15:17.206   510   520 I system_server: Background concurrent copying GC freed 54149(2766KB) AllocSpace objects, 19(572KB) LOS objects, 49% free, 12MB/25MB, paused 51us total 315.949ms
05-29 02:15:17.211   510   521 W JavaBinder: BinderProxy is being destroyed but the application did not call unlinkToDeath to unlink all of its death recipients beforehand.  Releasing leaked death recipient: com.android.server.AlarmManagerService$2
05-29 02:15:17.211   510   521 I BpBinder: onLastStrongRef automatically unlinking death recipients: <uncached descriptor>
05-29 02:15:17.222   716   716 W View    : requestLayout() improperly called by com.android.keyguard.AlphaOptimizedLinearLayout{f42fe5e V.E...... ......ID 3,0-18,22 #7f0a04db app:id/wifi_group} during layout: running second layout pass
05-29 02:15:17.222   716   716 W View    : requestLayout() improperly called by com.android.keyguard.AlphaOptimizedLinearLayout{b49a35b V.E...... ......ID 3,0-18,22 #7f0a04db app:id/wifi_group} during layout: running second layout pass
05-29 02:15:17.247   510  2078 I ActivityManager: Killing 1391:com.android.carrierconfig/u0a113 (adj 985): empty #17
05-29 02:15:17.253   280   280 I Zygote  : Process 1391 exited due to signal 9 (Killed)
05-29 02:15:17.254   510   550 I ActivityManager: Start proc 2133:com.android.deskclock/u0a108 for broadcast {com.android.deskclock/com.android.deskclock.AlarmInitReceiver}
05-29 02:15:17.263   925  1814 E FrameEvents: updateAcquireFence: Did not find frame.
05-29 02:15:17.275  2133  2133 W droid.deskcloc: Unexpected CPU variant for X86 using defaults: x86_64
05-29 02:15:17.298   510   551 I libprocessgroup: Successfully killed process cgroup uid 10113 pid 1391 in 48ms
05-29 02:15:17.327   381   391 I adbd    : jdwp connection from 2133
05-29 02:15:17.345  2133  2133 I droid.deskcloc: The ClassLoaderContext is a special shared library.
05-29 02:15:17.349  2133  2133 I droid.deskcloc: The ClassLoaderContext is a special shared library.
05-29 02:15:17.402  2133  2133 I AlarmClock: AlarmInitReceiver android.intent.action.BOOT_COMPLETED
05-29 02:15:17.419  2133  2160 I AlarmClock: Fixing alarm instances
05-29 02:15:17.434  2159  2162 I cmd     : oneway function results will be dropped but finished with status OK and parcel size 4
05-29 02:15:17.442  1411  1411 I Dialer  : VvmOmtpService - onBoot
05-29 02:15:17.443   510  1677 I ActivityManager: Killing 1571:com.android.documentsui/u0a76 (adj 985): empty #17
05-29 02:15:17.448   381   381 E adbd    : failed to connect to socket 'tcp:7336': Connection refused
05-29 02:15:17.451   280   280 I Zygote  : Process 1571 exited due to signal 9 (Killed)
05-29 02:15:17.459   381   381 E adbd    : failed to connect to socket 'tcp:7336': Connection refused
05-29 02:15:17.462   510   550 I ActivityManager: Start proc 2166:com.android.dynsystem/1000 for broadcast {com.android.dynsystem/com.android.dynsystem.BootCompletedReceiver}
05-29 02:15:17.468   381   381 E adbd    : failed to connect to socket 'tcp:7336': Connection refused
05-29 02:15:17.472  2166  2166 W droid.dynsyste: Unexpected CPU variant for X86 using defaults: x86_64
05-29 02:15:17.476   381   391 I adbd    : jdwp connection from 2166
05-29 02:15:17.478   381   381 E adbd    : failed to connect to socket 'tcp:7336': Connection refused
05-29 02:15:17.487   381   381 E adbd    : failed to connect to socket 'tcp:7336': Connection refused
05-29 02:15:17.490   510   551 I libprocessgroup: Successfully killed process cgroup uid 10076 pid 1571 in 44ms
05-29 02:15:17.496   381   381 E adbd    : failed to connect to socket 'tcp:7336': Connection refused
05-29 02:15:17.524   279   923 E Netd    : Error adding route ::/0 -> fe80::2 wlan0 to table 1014: File exists
05-29 02:15:17.576  2166  2166 I droid.dynsyste: The ClassLoaderContext is a special shared library.
05-29 02:15:17.583   510  2164 I ActivityManager: Killing 1670:com.android.music/u0a111 (adj 985): empty #17
05-29 02:15:17.589  2195  2201 I cmd     : oneway function results will be dropped but finished with status OK and parcel size 4
05-29 02:15:17.594   510   550 I ActivityManager: Start proc 2204:com.android.gallery3d/u0a112 for broadcast {com.android.gallery3d/com.android.camera.DisableCameraReceiver}
05-29 02:15:17.598  2204  2204 W droid.gallery3: Unexpected CPU variant for X86 using defaults: x86_64
05-29 02:15:17.599   280  2206 I Zygote  : Process 1670 exited due to signal 9 (Killed)
05-29 02:15:17.599  1324  1324 I InputAttributes: InputType.TYPE_NULL is specified
05-29 02:15:17.600   324   324 I android.hardware.vibrator-service.example: Vibrator reporting capabilities
05-29 02:15:17.617   381   391 I adbd    : jdwp connection from 2204
05-29 02:15:17.631   510   551 I libprocessgroup: Successfully killed process cgroup uid 10111 pid 1670 in 44ms
05-29 02:15:17.640  2213  2224 I cmd     : oneway function results will be dropped but finished with status OK and parcel size 4
05-29 02:15:17.641  1324  1386 I LatinIME:LogUtils: Dictionary info: dictionary = UserHistoryDictionary.en_US ; version = 1780020912 ; date = 1780020917
05-29 02:15:17.661  2204  2204 I droid.gallery3: The ClassLoaderContext is a special shared library.
05-29 02:15:17.663   510  1804 I ActivityManager: Killing 1766:com.android.managedprovisioning/u0a73 (adj 975): empty #17
05-29 02:15:17.663  2204  2204 I droid.gallery3: The ClassLoaderContext is a special shared library.
05-29 02:15:17.667   280   280 I Zygote  : Process 1766 exited due to signal 9 (Killed)
05-29 02:15:17.679   417   932 W ServiceManager: Permission failure: android.permission.SYSTEM_CAMERA from uid=10112 pid=2204
05-29 02:15:17.681   417   932 I chatty  : uid=1047(cameraserver) Binder:417_3 identical 2 lines
05-29 02:15:17.681   417   932 W ServiceManager: Permission failure: android.permission.SYSTEM_CAMERA from uid=10112 pid=2204
05-29 02:15:17.681  2204  2204 I G:DisableCameraReceiver: back camera found: 0
05-29 02:15:17.683  1324  1324 I SystemBroadcastReceiver: Boot has been completed
05-29 02:15:17.683  1324  1324 I SystemBroadcastReceiver: toggleAppIcon() : FLAG_SYSTEM = true
05-29 02:15:17.684  1324  1324 I SystemBroadcastReceiver: Killing my process: pid=1324
05-29 02:15:17.684  1324  1324 I Process : Sending signal. PID: 1324 SIG: 9
05-29 02:15:17.687   510  1704 W ActivityTaskManager: Current config: {1.0 310mcc260mnc [en_US] ldltr sw320dp w320dp h616dp 160dpi nrml long port finger qwerty/v/v -nav/h winConfig={ mBounds=Rect(0, 0 - 320, 640) mAppBounds=Rect(0, 0 - 320, 640) mWindowingMode=fullscreen mDisplayWindowingMode=fullscreen mActivityType=undefined mAlwaysOnTop=undefined mRotation=ROTATION_0} s.8} unchanged for IME proc io.github.ylimit.droidbotapp
05-29 02:15:17.688   510  1704 W ActivityTaskManager: Current config: {1.0 310mcc260mnc [en_US] ldltr sw320dp w320dp h616dp 160dpi nrml long port finger qwerty/v/v -nav/h winConfig={ mBounds=Rect(0, 0 - 320, 640) mAppBounds=Rect(0, 0 - 320, 640) mWindowingMode=fullscreen mDisplayWindowingMode=fullscreen mActivityType=undefined mAlwaysOnTop=undefined mRotation=ROTATION_0} s.8} unchanged for IME proc io.github.ylimit.droidbotapp
05-29 02:15:17.693   510  1745 I ActivityManager: Process com.android.inputmethod.latin (pid 1324) has died: fg  RCVR
05-29 02:15:17.693   280   280 I Zygote  : Process 1324 exited due to signal 9 (Killed)
05-29 02:15:17.696   510   543 W ActivityManager: setHasOverlayUi called on unknown pid: 1324
05-29 02:15:17.701   510   550 I ActivityManager: Start proc 2233:com.android.managedprovisioning/u0a73 for broadcast {com.android.managedprovisioning/com.android.managedprovisioning.BootReminder}
05-29 02:15:17.705  2233  2233 W gedprovisionin: Unexpected CPU variant for X86 using defaults: x86_64
05-29 02:15:17.706   510   551 I libprocessgroup: Successfully killed process cgroup uid 10073 pid 1766 in 43ms
05-29 02:15:17.707   510   551 I libprocessgroup: Successfully killed process cgroup uid 10104 pid 1324 in 0ms
05-29 02:15:17.716   381   391 I adbd    : jdwp connection from 2233
05-29 02:15:17.771  2233  2233 I gedprovisionin: The ClassLoaderContext is a special shared library.
05-29 02:15:17.775  2233  2233 I CarUiInstaller: CarUiInstaller started for com.android.managedprovisioning
05-29 02:15:17.807   510   550 I ActivityManager: Start proc 2261:com.android.nfc/1027 for broadcast {com.android.nfc/com.android.nfc.NfcBootCompletedReceiver}
05-29 02:15:17.815  2261  2261 W com.android.nf: Unexpected CPU variant for X86 using defaults: x86_64
05-29 02:15:17.820   381   391 I adbd    : jdwp connection from 2261
05-29 02:15:17.829  2260  2281 I cmd     : oneway function results will be dropped but finished with status OK and parcel size 4
05-29 02:15:17.833   510  1677 I ActivityManager: Killing 1831:com.android.providers.calendar/u0a67 (adj 975): empty #17
05-29 02:15:17.838  2261  2261 I com.android.nf: The ClassLoaderContext is a special shared library.
05-29 02:15:17.851   280   280 I Zygote  : Process 1831 exited due to signal 9 (Killed)
05-29 02:15:17.861   510   566 I ActivityManager: Killing 2261:com.android.nfc/1027 (adj 0): change com.android.nfc
05-29 02:15:17.864   510   600 I InputReader: Reconfiguring input devices, changes=KEYBOARD_LAYOUTS | 
05-29 02:15:17.866   740   886 I PermissionControllerServiceImpl: Updating user sensitive for uid 1027
05-29 02:15:17.867   510   510 I Telecom : DefaultDialerCache: Refreshing default dialer for user 0: now com.android.dialer: DDC.oR@AGw
05-29 02:15:17.875   510   551 I libprocessgroup: Successfully killed process cgroup uid 10067 pid 1831 in 42ms
05-29 02:15:17.879   510   550 I ActivityManager: Start proc 2291:com.android.onetimeinitializer/u0a96 for broadcast {com.android.onetimeinitializer/com.android.onetimeinitializer.OneTimeInitializerReceiver}
05-29 02:15:17.880   280   280 I Zygote  : Process 2261 exited due to signal 9 (Killed)
05-29 02:15:17.881   510   651 I PasspointManager: No app ops listener found for com.android.nfc
05-29 02:15:17.893   510   548 W VoiceInteractionManager: no available voice interaction services found for user 0
05-29 02:15:17.894  2291  2291 W timeinitialize: Unexpected CPU variant for X86 using defaults: x86_64
05-29 02:15:17.897   381   391 I adbd    : jdwp connection from 2291
05-29 02:15:17.911  2291  2291 I timeinitialize: The ClassLoaderContext is a special shared library.
05-29 02:15:17.914   510   540 I RoleManagerService: Granting default roles...
05-29 02:15:17.920   510   551 I libprocessgroup: Successfully killed process cgroup uid 1027 pid 2261 in 44ms
05-29 02:15:17.944  2291  2318 I OneTimeInitializer: Updating to version 1.
05-29 02:15:17.945  2291  2318 E ActivityThread: Failed to find provider info for com.android.launcher2.settings
05-29 02:15:17.951   510  1287 I ActivityManager: Killing 1758:com.android.provision/u0a115 (adj 985): empty #17
05-29 02:15:17.954   510   550 I ActivityManager: Start proc 2320:com.android.packageinstaller/u0a70 for broadcast {com.android.packageinstaller/com.android.packageinstaller.TemporaryFileManager}
05-29 02:15:17.955   280   280 I Zygote  : Process 1758 exited due to signal 9 (Killed)
05-29 02:15:17.959  2320  2320 W ackageinstalle: Unexpected CPU variant for X86 using defaults: x86_64
05-29 02:15:17.967   381   391 I adbd    : jdwp connection from 2320
05-29 02:15:17.979  2320  2320 I ackageinstalle: The ClassLoaderContext is a special shared library.
05-29 02:15:17.987   510  1287 I ActivityManager: Killing 1647:com.android.externalstorage/u0a68 (adj 985): empty #17
05-29 02:15:17.994   510   551 I libprocessgroup: Successfully killed process cgroup uid 10115 pid 1758 in 43ms
05-29 02:15:17.997  2315  2315 E libc    : Access denied finding property "persist.device_config.runtime_native_boot.profilebootclasspath"
05-29 02:15:17.997  2315  2315 E libc    : Access denied finding property "persist.device_config.runtime_native_boot.enable_apex_image"
05-29 02:15:17.997  2315  2315 I AndroidRuntime: Using default boot image
05-29 02:15:17.998  2315  2315 E libc    : Access denied finding property "persist.device_config.runtime_native_boot.disable_lock_profiling"
05-29 02:15:17.998  2315  2315 I AndroidRuntime: Leaving lock profiling enabled
05-29 02:15:17.999  2315  2315 E libc    : Access denied finding property "persist.device_config.runtime_native_boot.enable_generational_cc"
05-29 02:15:18.000  2315  2315 I app_process: Core platform API reporting enabled, enforcing=false
05-29 02:15:18.004   280   280 I Zygote  : Process 1647 exited due to signal 9 (Killed)
05-29 02:15:18.006   740   740 I AutoRevokePermissions: Parsed teamfood setting value: null
05-29 02:15:18.006   740   740 I AutoRevokePermissions: Parsed teamfood setting value: null
05-29 02:15:18.007   740   740 I AutoRevokePermissions: scheduleAutoRevokePermissions with frequency 1296000000ms and threshold 7776000000ms
05-29 02:15:18.007   740   740 I AutoRevokePermissions: user 0 is a profile owner. Running Auto Revoke.
05-29 02:15:18.007   740   740 I AutoRevokePermissions: Parsed teamfood setting value: null
05-29 02:15:18.010   740   740 I AutoRevokePermissions: onStartJob
05-29 02:15:18.010   740   740 I AutoRevokePermissions: Skipping auto revoke first run when scheduled by system
05-29 02:15:17.984  2315  2315 W app_process: type=1400 audit(0.0:31): avc: denied { read } for name="u:object_r:device_config_runtime_native_boot_prop:s0" dev="tmpfs" ino=180 scontext=u:r:shell:s0 tcontext=u:object_r:device_config_runtime_native_boot_prop:s0 tclass=file permissive=0
05-29 02:15:17.992  2315  2315 W app_process: type=1400 audit(0.0:32): avc: denied { read } for name="u:object_r:device_config_runtime_native_boot_prop:s0" dev="tmpfs" ino=180 scontext=u:r:shell:s0 tcontext=u:object_r:device_config_runtime_native_boot_prop:s0 tclass=file permissive=0
05-29 02:15:18.041   510   551 I libprocessgroup: Successfully killed process cgroup uid 10068 pid 1647 in 46ms
05-29 02:15:18.042  1049  1049 I VvmSimStateTracker: android.intent.action.BOOT_COMPLETED
05-29 02:15:18.048   510   550 I ActivityManager: Start proc 2341:com.android.providers.calendar/u0a67 for broadcast {com.android.providers.calendar/com.android.providers.calendar.CalendarReceiver}
05-29 02:15:18.049  2315  2315 W app_process: Unexpected CPU variant for X86 using defaults: x86_64
05-29 02:15:18.049  2315  2315 I app_process: The ClassLoaderContext is a special shared library.
05-29 02:15:17.992  2315  2315 W app_process: type=1400 audit(0.0:33): avc: denied { read } for name="u:object_r:device_config_runtime_native_boot_prop:s0" dev="tmpfs" ino=180 scontext=u:r:shell:s0 tcontext=u:object_r:device_config_runtime_native_boot_prop:s0 tclass=file permissive=0
05-29 02:15:18.056  2315  2315 W app_process: JNI RegisterNativeMethods: attempt to register 0 native methods for android.media.AudioAttributes
05-29 02:15:17.996  2315  2315 W app_process: type=1400 audit(0.0:34): avc: denied { read } for name="u:object_r:device_config_runtime_native_boot_prop:s0" dev="tmpfs" ino=180 scontext=u:r:shell:s0 tcontext=u:object_r:device_config_runtime_native_boot_prop:s0 tclass=file permissive=0
05-29 02:15:18.247     0     0 I init    : Sending signal 9 to service 'idmap2d' (pid 420) process group...
05-29 02:15:18.064  2341  2341 W viders.calenda: Unexpected CPU variant for X86 using defaults: x86_64
05-29 02:15:18.254     0     0 I libprocessgroup: Successfully killed process cgroup uid 1000 pid 420 in 5ms
05-29 02:15:18.258     0     0 I init    : Control message: Processed ctl.stop for 'idmap2d' from pid: 510 (system_server)
05-29 02:15:18.066   510  1745 W OverlayManager: service 'idmap' died
05-29 02:15:18.066   381   391 I adbd    : jdwp connection from 2341
05-29 02:15:18.270     0     0 I init    : Service 'idmap2d' (pid 420) received signal 9
05-29 02:15:18.102  2341  2341 I viders.calenda: The ClassLoaderContext is a special shared library.
05-29 02:15:18.122   510   604 E ReportEncoder: No watchlist hash
05-29 02:15:18.122   510   604 I WatchlistLoggingHandler: Milliseconds spent on tryAggregateRecords(): 9871
05-29 02:15:18.122   510   542 I DropBoxManagerService: add tag=system_server_strictmode isTagEnabled=true flags=0x2
05-29 02:15:18.128  2341  2341 I CalendarProvider2: Created com.android.providers.calendar.CalendarAlarmManager@891a507(com.android.providers.calendar.CalendarProvider2@b59634)
