--------- beginning of main
05-28 05:12:50.470  8454  8456 I cmd     : oneway function results will be dropped but finished with status OK and parcel size 4
05-28 05:12:50.542  8466  8466 E libc    : Access denied finding property "persist.device_config.runtime_native_boot.profilebootclasspath"
05-28 05:12:50.542  8466  8466 E libc    : Access denied finding property "persist.device_config.runtime_native_boot.enable_apex_image"
05-28 05:12:50.542  8466  8466 I AndroidRuntime: Using default boot image
05-28 05:12:50.542  8466  8466 E libc    : Access denied finding property "persist.device_config.runtime_native_boot.disable_lock_profiling"
05-28 05:12:50.542  8466  8466 I AndroidRuntime: Leaving lock profiling enabled
05-28 05:12:50.543  8466  8466 E libc    : Access denied finding property "persist.device_config.runtime_native_boot.enable_generational_cc"
05-28 05:12:50.544  8466  8466 I app_process: Core platform API reporting enabled, enforcing=false
05-28 05:12:50.587  8466  8466 W app_process: Unexpected CPU variant for X86 using defaults: x86_64
05-28 05:12:50.588  8466  8466 I app_process: The ClassLoaderContext is a special shared library.
05-28 05:12:50.594  8466  8466 W app_process: JNI RegisterNativeMethods: attempt to register 0 native methods for android.media.AudioAttributes
05-28 05:12:50.936  8482  8485 I cmd     : oneway function results will be dropped but finished with status OK and parcel size 4
--------- beginning of system
05-28 05:12:50.950   505   547 I ActivityManager: Start proc 8489:com.android.inputmethod.latin/u0a105 for service {com.android.inputmethod.latin/com.android.inputmethod.latin.LatinIME}
05-28 05:12:50.954  8489  8489 W putmethod.lati: Unexpected CPU variant for X86 using defaults: x86_64
05-28 05:12:50.955   390   404 I adbd    : jdwp connection from 8489
05-28 05:12:50.970  8489  8489 I putmethod.lati: The ClassLoaderContext is a special shared library.
05-28 05:12:50.983  8489  8489 I LatinIME: Hardware accelerated drawing: true
05-28 05:12:50.992   505   546 I ActivityManager: Force stopping com.mocoding.pokedex.android appid=10131 user=-1: deletePackageX
05-28 05:12:50.992   505   546 I ActivityManager: Killing 2659:com.mocoding.pokedex.android/u0a131 (adj 0): stop com.mocoding.pokedex.android due to deletePackageX
05-28 05:12:50.996   505   546 W ActivityTaskManager: Force removing ActivityRecord{3ab33e4 u0 com.mocoding.pokedex.android/.MainActivity t10 f}}: app died, no saved state
05-28 05:12:50.997   505   598 W InputDispatcher: Window Window{f8890b0 u0 com.mocoding.pokedex.android/com.mocoding.pokedex.android.MainActivity} already unregistered input channel
05-28 05:12:51.003   505   598 I chatty  : uid=1000(system) InputDispatcher identical 6 lines
05-28 05:12:51.003   505   598 W InputDispatcher: Window Window{f8890b0 u0 com.mocoding.pokedex.android/com.mocoding.pokedex.android.MainActivity} already unregistered input channel
05-28 05:12:51.003   505   546 W InputReader: Device virtio_input_multi_touch_10 is associated with display ADISPLAY_ID_NONE.
05-28 05:12:51.003   505   546 W InputReader: Device virtio_input_multi_touch_7 is associated with display ADISPLAY_ID_NONE.
05-28 05:12:51.003   505   546 W InputReader: Device virtio_input_multi_touch_4 is associated with display ADISPLAY_ID_NONE.
05-28 05:12:51.003   505   546 W InputReader: Device virtio_input_multi_touch_9 is associated with display ADISPLAY_ID_NONE.
05-28 05:12:51.003   505   546 W InputReader: Device virtio_input_multi_touch_11 is associated with display ADISPLAY_ID_NONE.
05-28 05:12:51.003   505   546 W InputReader: Device virtio_input_multi_touch_5 is associated with display ADISPLAY_ID_NONE.
05-28 05:12:51.003   505   546 W InputReader: Device virtio_input_multi_touch_6 is associated with display ADISPLAY_ID_NONE.
05-28 05:12:51.003   505   546 W InputReader: Device virtio_input_multi_touch_3 is associated with display ADISPLAY_ID_NONE.
05-28 05:12:51.003   505   546 W InputReader: Device virtio_input_multi_touch_2 is associated with display ADISPLAY_ID_NONE.
05-28 05:12:51.003   505   546 W InputReader: Device virtio_input_multi_touch_8 is associated with display ADISPLAY_ID_NONE.
05-28 05:12:51.003   505   598 W InputDispatcher: Window Window{f8890b0 u0 com.mocoding.pokedex.android/com.mocoding.pokedex.android.MainActivity} already unregistered input channel
05-28 05:12:51.004   505   546 W InputReader: Device virtio_input_multi_touch_10 is associated with display ADISPLAY_ID_NONE.
05-28 05:12:51.004   505   546 W InputReader: Device virtio_input_multi_touch_7 is associated with display ADISPLAY_ID_NONE.
05-28 05:12:51.004   505   546 W InputReader: Device virtio_input_multi_touch_4 is associated with display ADISPLAY_ID_NONE.
05-28 05:12:51.004   505   546 W InputReader: Device virtio_input_multi_touch_9 is associated with display ADISPLAY_ID_NONE.
05-28 05:12:51.004   505   546 W InputReader: Device virtio_input_multi_touch_11 is associated with display ADISPLAY_ID_NONE.
05-28 05:12:51.004   505   598 W InputDispatcher: Window Window{f8890b0 u0 com.mocoding.pokedex.android/com.mocoding.pokedex.android.MainActivity} already unregistered input channel
05-28 05:12:51.004   505   598 W InputDispatcher: Window Window{f8890b0 u0 com.mocoding.pokedex.android/com.mocoding.pokedex.android.MainActivity} already unregistered input channel
05-28 05:12:51.004   505   546 W InputReader: Device virtio_input_multi_touch_5 is associated with display ADISPLAY_ID_NONE.
05-28 05:12:51.004   505   546 W InputReader: Device virtio_input_multi_touch_6 is associated with display ADISPLAY_ID_NONE.
05-28 05:12:51.004   505   546 W InputReader: Device virtio_input_multi_touch_3 is associated with display ADISPLAY_ID_NONE.
05-28 05:12:51.004   505   546 W InputReader: Device virtio_input_multi_touch_2 is associated with display ADISPLAY_ID_NONE.
05-28 05:12:51.004   505   546 W InputReader: Device virtio_input_multi_touch_8 is associated with display ADISPLAY_ID_NONE.
05-28 05:12:51.004   505   598 W InputDispatcher: Window Window{f8890b0 u0 com.mocoding.pokedex.android/com.mocoding.pokedex.android.MainActivity} already unregistered input channel
05-28 05:12:51.009   505   562 I PackageManager: Removing permission com.mocoding.pokedex.android.DYNAMIC_RECEIVER_NOT_EXPORTED_PERMISSION that used to be declared by com.mocoding.pokedex.android
05-28 05:12:51.005   505   598 I chatty  : uid=1000(system) InputDispatcher identical 7 lines
05-28 05:12:51.005   505   598 W InputDispatcher: Window Window{f8890b0 u0 com.mocoding.pokedex.android/com.mocoding.pokedex.android.MainActivity} already unregistered input channel
05-28 05:12:51.013  8517  8520 I cmd     : oneway function results will be dropped but finished with status OK and parcel size 4
05-28 05:12:51.016   505   562 W PackageManager: Removing dangling permission: com.mocoding.pokedex.android.DYNAMIC_RECEIVER_NOT_EXPORTED_PERMISSION from package com.mocoding.pokedex.android
05-28 05:12:51.016   505   562 I PackageManager: Permission ownership changed. Updating all permissions.
05-28 05:12:51.020   505   618 W WindowManager: Cannot find window which accessibility connection is added to
05-28 05:12:51.022   280   280 I Zygote  : Process 2659 exited due to signal 9 (Killed)
--------- beginning of kernel
05-28 05:12:51.196     0     0 I binder  : undelivered transaction 96559, process died.
05-28 05:12:51.203     0     0 I binder  : release 8514:8514 transaction 96532 out, still active
05-28 05:12:51.028   505   598 I InputDispatcher: Dropping event because there is no touched foreground window in display 0 or gesture monitor to receive it.
05-28 05:12:51.029   505   813 W InputManager: Input event injection from pid 8466 failed.
05-28 05:12:51.031   505   813 I chatty  : uid=1000(system) Binder:505_7 identical 7 lines
05-28 05:12:51.032   505   813 W InputManager: Input event injection from pid 8466 failed.
05-28 05:12:51.032   505   535 W InputManager: Input event injection from pid 8466 failed.
05-28 05:12:51.207     0     0 I binder  : undelivered TRANSACTION_COMPLETE
05-28 05:12:51.033   505   598 I chatty  : uid=1000(system) InputDispatcher identical 11 lines
05-28 05:12:51.034   505   598 I InputDispatcher: Dropping event because there is no touched foreground window in display 0 or gesture monitor to receive it.
05-28 05:12:51.033   505   535 I chatty  : uid=1000(system) Binder:505_2 identical 1 line
05-28 05:12:51.033   505   535 W InputManager: Input event injection from pid 8466 failed.
05-28 05:12:51.035   505  2113 W InputManager: Input event injection from pid 8466 failed.
05-28 05:12:51.035   505   598 I InputDispatcher: Dropping event because there is no touched foreground window in display 0 or gesture monitor to receive it.
05-28 05:12:51.036   505   598 I InputDispatcher: Dropping event because there is no touched foreground window in display 0 or gesture monitor to receive it.
05-28 05:12:51.037   505   548 I libprocessgroup: Successfully killed process cgroup uid 10131 pid 2659 in 41ms
05-28 05:12:51.042   505   598 I InputDispatcher: Dropping event because there is no touched foreground window in display 0 or gesture monitor to receive it.
05-28 05:12:51.035   505  2113 I chatty  : uid=1000(system) Binder:505_F identical 1 line
05-28 05:12:51.036   505  2113 W InputManager: Input event injection from pid 8466 failed.
05-28 05:12:51.043   505   540 W ActivityManager: setHasOverlayUi called on unknown pid: 2659
05-28 05:12:51.055   505  2113 W InputManager: Input event injection from pid 8466 failed.
05-28 05:12:51.055   505   598 I InputDispatcher: Dropping event because there is no touched foreground window in display 0 or gesture monitor to receive it.
05-28 05:12:51.056   505   813 W InputManager: Input event injection from pid 8466 failed.
05-28 05:12:51.058   505   813 W InputManager: Input event injection from pid 8466 failed.
05-28 05:12:51.059   505   535 W InputManager: Input event injection from pid 8466 failed.
05-28 05:12:51.059   505   598 I chatty  : uid=1000(system) InputDispatcher identical 2 lines
05-28 05:12:51.059   505   598 I InputDispatcher: Dropping event because there is no touched foreground window in display 0 or gesture monitor to receive it.
05-28 05:12:51.060  8489  8489 W InputAttributes: No editor info for this field. Bug?
05-28 05:12:51.060   505   598 I InputDispatcher: Dropping event because there is no touched foreground window in display 0 or gesture monitor to receive it.
05-28 05:12:51.066   505   598 I chatty  : uid=1000(system) InputDispatcher identical 8 lines
05-28 05:12:51.067   505   598 I InputDispatcher: Dropping event because there is no touched foreground window in display 0 or gesture monitor to receive it.
05-28 05:12:51.067   315   315 I android.hardware.vibrator-service.example: Vibrator reporting capabilities
05-28 05:12:51.067   505   598 I InputDispatcher: Dropping event because there is no touched foreground window in display 0 or gesture monitor to receive it.
05-28 05:12:51.068   505   535 I chatty  : uid=1000(system) Binder:505_2 identical 18 lines
05-28 05:12:51.068   505   535 W InputManager: Input event injection from pid 8466 failed.
05-28 05:12:51.068   505   813 W InputManager: Input event injection from pid 8466 failed.
05-28 05:12:51.069   505   813 I chatty  : uid=1000(system) Binder:505_7 identical 5 lines
05-28 05:12:51.069   505   813 W InputManager: Input event injection from pid 8466 failed.
05-28 05:12:51.069   505   535 W InputManager: Input event injection from pid 8466 failed.
05-28 05:12:51.069   505   598 I chatty  : uid=1000(system) InputDispatcher identical 15 lines
05-28 05:12:51.069   505   598 I InputDispatcher: Dropping event because there is no touched foreground window in display 0 or gesture monitor to receive it.
05-28 05:12:51.070  8489  8526 I LatinIME:LogUtils: Dictionary info: dictionary = UserHistoryDictionary.en_US ; version = 1779945076 ; date = 1779945081
05-28 05:12:51.070   505   598 I InputDispatcher: Dropping event because there is no touched foreground window in display 0 or gesture monitor to receive it.
05-28 05:12:51.069   505   535 W InputManager: Input event injection from pid 8466 failed.
05-28 05:12:51.070   505   813 W InputManager: Input event injection from pid 8466 failed.
05-28 05:12:51.070   505   598 I InputDispatcher: Dropping event because there is no touched foreground window in display 0 or gesture monitor to receive it.
05-28 05:12:51.070  8489  8526 I LatinIME:LogUtils: Dictionary info: dictionary = userunigram.en_US ; version = 1779945171 ; date = ?
05-28 05:12:51.070   505   598 I InputDispatcher: Dropping event because there is no touched foreground window in display 0 or gesture monitor to receive it.
05-28 05:12:51.070   422   422 I keystore: clear_uid 10131
05-28 05:12:51.070   505   598 I InputDispatcher: Dropping event because there is no touched foreground window in display 0 or gesture monitor to receive it.
05-28 05:12:51.071   505   813 I chatty  : uid=1000(system) Binder:505_7 identical 6 lines
05-28 05:12:51.071   505   813 W InputManager: Input event injection from pid 8466 failed.
05-28 05:12:51.071   505  3706 W InputManager: Input event injection from pid 8466 failed.
05-28 05:12:51.072   505  3706 I chatty  : uid=1000(system) Binder:505_11 identical 1 line
05-28 05:12:51.073   505  3706 W InputManager: Input event injection from pid 8466 failed.
05-28 05:12:51.073   505   535 W InputManager: Input event injection from pid 8466 failed.
05-28 05:12:51.073   505   535 I chatty  : uid=1000(system) Binder:505_2 identical 5 lines
05-28 05:12:51.074   505   535 W InputManager: Input event injection from pid 8466 failed.
05-28 05:12:51.074   505   535 W InputManager: Input event injection from pid 8466 failed.
05-28 05:12:51.074   505   598 I chatty  : uid=1000(system) InputDispatcher identical 20 lines
05-28 05:12:51.074   505   598 I InputDispatcher: Dropping event because there is no touched foreground window in display 0 or gesture monitor to receive it.
05-28 05:12:51.074   505   562 E PermissionMonitor: unknown permission type: -1for uid: 10131
05-28 05:12:51.075   505   598 I InputDispatcher: Dropping event because there is no touched foreground window in display 0 or gesture monitor to receive it.
05-28 05:12:51.074   505   535 I chatty  : uid=1000(system) Binder:505_2 identical 5 lines
05-28 05:12:51.075   505   535 W InputManager: Input event injection from pid 8466 failed.
05-28 05:12:51.075   505  3706 W InputManager: Input event injection from pid 8466 failed.
05-28 05:12:51.077   505  3706 I chatty  : uid=1000(system) Binder:505_11 identical 3 lines
05-28 05:12:51.080   505  3706 W InputManager: Input event injection from pid 8466 failed.
05-28 05:12:51.081   505   535 W InputManager: Input event injection from pid 8466 failed.
05-28 05:12:51.082   505   535 I chatty  : uid=1000(system) Binder:505_2 identical 4 lines
05-28 05:12:51.082   505   535 W InputManager: Input event injection from pid 8466 failed.
05-28 05:12:51.083   505  3706 W InputManager: Input event injection from pid 8466 failed.
05-28 05:12:51.088   505  3706 I chatty  : uid=1000(system) Binder:505_11 identical 18 lines
05-28 05:12:51.088   505  3706 W InputManager: Input event injection from pid 8466 failed.
05-28 05:12:51.092   505   812 W InputManager: Input event injection from pid 8466 failed.
05-28 05:12:51.094   505  1370 E TaskPersister: File error accessing recents directory (directory doesn't exist?).
05-28 05:12:51.099   505   812 W InputManager: Input event injection from pid 8466 failed.
05-28 05:12:51.099   505   535 W InputManager: Input event injection from pid 8466 failed.
05-28 05:12:51.093   505   598 I chatty  : uid=1000(system) InputDispatcher identical 32 lines
05-28 05:12:51.099   505   598 I InputDispatcher: Dropping event because there is no touched foreground window in display 0 or gesture monitor to receive it.
05-28 05:12:51.103   505   535 W ActivityTaskManager: Current config: {1.0 310mcc260mnc [en_US] ldltr sw320dp w320dp h616dp 160dpi nrml long port finger qwerty/v/v -nav/h winConfig={ mBounds=Rect(0, 0 - 320, 640) mAppBounds=Rect(0, 0 - 320, 640) mWindowingMode=fullscreen mDisplayWindowingMode=fullscreen mActivityType=undefined mAlwaysOnTop=undefined mRotation=ROTATION_0} s.8} unchanged for IME proc com.android.inputmethod.latin
05-28 05:12:51.131   505   562 I system_server: Explicit concurrent copying GC freed 98996(4547KB) AllocSpace objects, 45(1720KB) LOS objects, 49% free, 9422KB/18MB, paused 86us total 55.826ms
05-28 05:12:51.137  8489  8526 I LatinIME:LogUtils: Dictionary info: dictionary = main:en ; version = 54 ; date = 1414726273
05-28 05:12:51.103   505   535 W ActivityTaskManager: Current config: {1.0 310mcc260mnc [en_US] ldltr sw320dp w320dp h616dp 160dpi nrml long port finger qwerty/v/v -nav/h winConfig={ mBounds=Rect(0, 0 - 320, 640) mAppBounds=Rect(0, 0 - 320, 640) mWindowingMode=fullscreen mDisplayWindowingMode=fullscreen mActivityType=undefined mAlwaysOnTop=undefined mRotation=ROTATION_0} s.8} unchanged for IME proc com.android.inputmethod.latin
05-28 05:12:51.140   505   562 I ActivityManager: Force stopping com.mocoding.pokedex.android appid=10131 user=0: pkg removed
05-28 05:12:51.318     0     0 E binder  : invalid inc weak node for 96533
05-28 05:12:51.319     0     0 I binder  : 505:1713 IncRefs 0 refcount change on invalid ref 589 ret -22
05-28 05:12:51.326     0     0 E binder  : invalid inc weak node for 96535
05-28 05:12:51.328     0     0 I binder  : 505:1713 IncRefs 0 refcount change on invalid ref 590 ret -22
05-28 05:12:51.330     0     0 I binder  : 505:1713 transaction failed 29189/-22, size 104-0 line 2692
05-28 05:12:51.155   505   546 W BroadcastQueue: Background execution not allowed: receiving Intent { act=android.intent.action.PACKAGE_REMOVED dat=package:com.mocoding.pokedex.android flg=0x4000010 (has extras) } to com.android.gallery3d/.app.PackagesMonitor
05-28 05:12:51.155   505   546 W BroadcastQueue: Background execution not allowed: receiving Intent { act=android.intent.action.PACKAGE_REMOVED dat=package:com.mocoding.pokedex.android flg=0x4000010 (has extras) } to com.android.musicfx/.Compatibility$Receiver
05-28 05:12:51.156  1387  1387 I MediaProvider: Invalidating LocalCallingIdentity cache for package com.mocoding.pokedex.android. Reason: package android.intent.action.PACKAGE_REMOVED
05-28 05:12:51.156   505   599 I InputReader: Reconfiguring input devices, changes=KEYBOARD_LAYOUTS | 
05-28 05:12:51.157   505   537 I RoleManagerService: Granting default roles...
05-28 05:12:51.164   505  1370 E TaskPersister: File error accessing recents directory (directory doesn't exist?).
05-28 05:12:51.165   505   505 W WifiService: Couldn't get PackageInfo for package:com.mocoding.pokedex.android
05-28 05:12:51.165   505   505 I ConditionProviders: Disallowing condition provider com.mocoding.pokedex.android
05-28 05:12:51.169   505   592 I RollbackManager: broadcast=ACTION_PACKAGE_FULLY_REMOVED pkg=com.mocoding.pokedex.android
05-28 05:12:51.170  8489  8526 I LatinIME:LogUtils: Dictionary info: dictionary = main:en ; version = 54 ; date = 1414726273
05-28 05:12:51.173   505   505 W WifiService: Couldn't get PackageInfo for package:com.mocoding.pokedex.android
05-28 05:12:51.176   505   547 I ActivityManager: Start proc 8536:com.android.keychain/1000 for service {com.android.keychain/com.android.keychain.KeyChainService}
05-28 05:12:51.179  8536  8536 W ndroid.keychai: Unexpected CPU variant for X86 using defaults: x86_64
05-28 05:12:51.183   505   539 I DropBoxManagerService: add tag=system_app_strictmode isTagEnabled=true flags=0x2
05-28 05:12:51.362     0     0 I binder  : 505:1713 transaction failed 29189/0, size 4-0 line 2624
05-28 05:12:51.188   505   652 I PasspointManager: No app ops listener found for com.mocoding.pokedex.android
05-28 05:12:51.193   505   652 I PasspointManager: No app ops listener found for com.mocoding.pokedex.android
05-28 05:12:51.199   390   404 I adbd    : jdwp connection from 8536
05-28 05:12:51.377     0     0 I binder  : send failed reply for transaction 96532, target dead
05-28 05:12:51.204   505   547 I ActivityManager: Start proc 8555:com.android.documentsui/u0a76 for broadcast {com.android.documentsui/com.android.documentsui.PackageReceiver}
05-28 05:12:51.206  8555  8555 W oid.documentsu: Unexpected CPU variant for X86 using defaults: x86_64
05-28 05:12:51.207   390   404 I adbd    : jdwp connection from 8555
05-28 05:12:51.268  8536  8536 I ndroid.keychai: The ClassLoaderContext is a special shared library.
05-28 05:12:51.269  8555  8555 I oid.documentsu: The ClassLoaderContext is a special shared library.
05-28 05:12:51.282  8536  8574 W KeyChain: Creating new DB.
05-28 05:12:51.299  8555  8555 E ContextImpl: Tried to access visual service LayoutInflater from a non-visual Context:com.android.documentsui.DocumentsApplication@42676e0 Visual services, such as WindowManager, WallpaperService or LayoutInflater should be accessed from Activity or other visual Context. Use an Activity or a Context created with Context#createWindowContext(int, Bundle), which are adjusted to the configuration and visual bounds of an area on screen.
05-28 05:12:51.299  8555  8555 E ContextImpl: java.lang.IllegalAccessException: Tried to access visual service LayoutInflater from a non-visual Context:com.android.documentsui.DocumentsApplication@42676e0
05-28 05:12:51.299  8555  8555 E ContextImpl: 	at android.app.ContextImpl.getSystemService(ContextImpl.java:1914)
05-28 05:12:51.299  8555  8555 E ContextImpl: 	at android.content.ContextWrapper.getSystemService(ContextWrapper.java:803)
05-28 05:12:51.299  8555  8555 E ContextImpl: 	at android.view.LayoutInflater.from(LayoutInflater.java:282)
05-28 05:12:51.299  8555  8555 E ContextImpl: 	at com.android.documentsui.DragShadowBuilder.<init>(DragShadowBuilder.java:49)
05-28 05:12:51.299  8555  8555 E ContextImpl: 	at com.android.documentsui.DragAndDropManager$RuntimeDragAndDropManager.<init>(DragAndDropManager.java:195)
05-28 05:12:51.299  8555  8555 E ContextImpl: 	at com.android.documentsui.DragAndDropManager$RuntimeDragAndDropManager.<init>(DragAndDropManager.java:166)
05-28 05:12:51.299  8555  8555 E ContextImpl: 	at com.android.documentsui.DragAndDropManager.create(DragAndDropManager.java:163)
05-28 05:12:51.299  8555  8555 E ContextImpl: 	at com.android.documentsui.DocumentsApplication.onCreate(DocumentsApplication.java:145)
05-28 05:12:51.299  8555  8555 E ContextImpl: 	at android.app.Instrumentation.callApplicationOnCreate(Instrumentation.java:1192)
05-28 05:12:51.299  8555  8555 E ContextImpl: 	at android.app.ActivityThread.handleBindApplication(ActivityThread.java:6712)
05-28 05:12:51.299  8555  8555 E ContextImpl: 	at android.app.ActivityThread.access$1300(ActivityThread.java:237)
05-28 05:12:51.299  8555  8555 E ContextImpl: 	at android.app.ActivityThread$H.handleMessage(ActivityThread.java:1913)
05-28 05:12:51.299  8555  8555 E ContextImpl: 	at android.os.Handler.dispatchMessage(Handler.java:106)
05-28 05:12:51.299  8555  8555 E ContextImpl: 	at android.os.Looper.loop(Looper.java:223)
05-28 05:12:51.299  8555  8555 E ContextImpl: 	at android.app.ActivityThread.main(ActivityThread.java:7656)
05-28 05:12:51.299  8555  8555 E ContextImpl: 	at java.lang.reflect.Method.invoke(Native Method)
05-28 05:12:51.299  8555  8555 E ContextImpl: 	at com.android.internal.os.RuntimeInit$MethodAndArgsCaller.run(RuntimeInit.java:592)
05-28 05:12:51.299  8555  8555 E ContextImpl: 	at com.android.internal.os.ZygoteInit.main(ZygoteInit.java:947)
05-28 05:12:51.300  8555  8555 E ViewConfiguration: Tried to access UI constants from a non-visual Context:com.android.documentsui.DocumentsApplication@42676e0UI constants, such as display metrics or window metrics, must be accessed from Activity or other visual Context. Use an Activity or a Context created with Context#createWindowContext(int, Bundle), which are adjusted to the configuration and visual bounds of an area on screen
05-28 05:12:51.300  8555  8555 E ViewConfiguration: java.lang.IllegalArgumentException: Tried to access UI constants from a non-visual Context:com.android.documentsui.DocumentsApplication@42676e0
05-28 05:12:51.300  8555  8555 E ViewConfiguration: 	at android.view.ViewConfiguration.get(ViewConfiguration.java:510)
05-28 05:12:51.300  8555  8555 E ViewConfiguration: 	at android.view.View.<init>(View.java:5317)
05-28 05:12:51.300  8555  8555 E ViewConfiguration: 	at android.view.View.<init>(View.java:5467)
05-28 05:12:51.300  8555  8555 E ViewConfiguration: 	at android.view.ViewGroup.<init>(ViewGroup.java:697)
05-28 05:12:51.300  8555  8555 E ViewConfiguration: 	at android.widget.LinearLayout.<init>(LinearLayout.java:254)
05-28 05:12:51.300  8555  8555 E ViewConfiguration: 	at android.widget.LinearLayout.<init>(LinearLayout.java:250)
05-28 05:12:51.300  8555  8555 E ViewConfiguration: 	at android.widget.LinearLayout.<init>(LinearLayout.java:246)
05-28 05:12:51.300  8555  8555 E ViewConfiguration: 	at java.lang.reflect.Constructor.newInstance0(Native Method)
05-28 05:12:51.300  8555  8555 E ViewConfiguration: 	at java.lang.reflect.Constructor.newInstance(Constructor.java:343)
05-28 05:12:51.300  8555  8555 E ViewConfiguration: 	at android.view.LayoutInflater.createView(LayoutInflater.java:852)
05-28 05:12:51.300  8555  8555 E ViewConfiguration: 	at android.view.LayoutInflater.createView(LayoutInflater.java:774)
05-28 05:12:51.300  8555  8555 E ViewConfiguration: 	at com.android.internal.policy.PhoneLayoutInflater.onCreateView(PhoneLayoutInflater.java:58)
05-28 05:12:51.300  8555  8555 E ViewConfiguration: 	at android.view.LayoutInflater.onCreateView(LayoutInflater.java:928)
05-28 05:12:51.300  8555  8555 E ViewConfiguration: 	at android.view.LayoutInflater.onCreateView(LayoutInflater.java:948)
05-28 05:12:51.300  8555  8555 E ViewConfiguration: 	at android.view.LayoutInflater.createViewFromTag(LayoutInflater.java:1002)
05-28 05:12:51.300  8555  8555 E ViewConfiguration: 	at android.view.LayoutInflater.createViewFromTag(LayoutInflater.java:959)
05-28 05:12:51.300  8555  8555 E ViewConfiguration: 	at android.view.LayoutInflater.inflate(LayoutInflater.java:657)
05-28 05:12:51.300  8555  8555 E ViewConfiguration: 	at android.view.LayoutInflater.inflate(LayoutInflater.java:532)
05-28 05:12:51.300  8555  8555 E ViewConfiguration: 	at android.view.LayoutInflater.inflate(LayoutInflater.java:479)
05-28 05:12:51.300  8555  8555 E ViewConfiguration: 	at com.android.documentsui.DragShadowBuilder.<init>(DragShadowBuilder.java:49)
05-28 05:12:51.300  8555  8555 E ViewConfiguration: 	at com.android.documentsui.DragAndDropManager$RuntimeDragAndDropManager.<init>(DragAndDropManager.java:195)
05-28 05:12:51.300  8555  8555 E ViewConfiguration: 	at com.android.documentsui.DragAndDropManager$RuntimeDragAndDropManager.<init>(DragAndDropManager.java:166)
05-28 05:12:51.300  8555  8555 E ViewConfiguration: 	at com.android.documentsui.DragAndDropManager.create(DragAndDropManager.java:163)
05-28 05:12:51.300  8555  8555 E ViewConfiguration: 	at com.android.documentsui.DocumentsApplication.onCreate(DocumentsApplication.java:145)
05-28 05:12:51.300  8555  8555 E ViewConfiguration: 	at android.app.Instrumentation.callApplicationOnCreate(Instrumentation.java:1192)
05-28 05:12:51.300  8555  8555 E ViewConfiguration: 	at android.app.ActivityThread.handleBindApplication(ActivityThread.java:6712)
05-28 05:12:51.300  8555  8555 E ViewConfiguration: 	at android.app.ActivityThread.access$1300(ActivityThread.java:237)
05-28 05:12:51.300  8555  8555 E ViewConfiguration: 	at android.app.ActivityThread$H.handleMessage(ActivityThread.java:1913)
05-28 05:12:51.300  8555  8555 E ViewConfiguration: 	at android.os.Handler.dispatchMessage(Handler.java:106)
05-28 05:12:51.300  8555  8555 E ViewConfiguration: 	at android.os.Looper.loop(Looper.java:223)
05-28 05:12:51.300  8555  8555 E ViewConfiguration: 	at android.app.ActivityThread.main(ActivityThread.java:7656)
05-28 05:12:51.300  8555  8555 E ViewConfiguration: 	at java.lang.reflect.Method.invoke(Native Method)
05-28 05:12:51.300  8555  8555 E ViewConfiguration: 	at com.android.internal.os.RuntimeInit$MethodAndArgsCaller.run(RuntimeInit.java:592)
05-28 05:12:51.300  8555  8555 E ViewConfiguration: 	at com.android.internal.os.ZygoteInit.main(ZygoteInit.java:947)
05-28 05:12:51.300  8555  8555 E ContextImpl: Tried to access visual service WindowManager from a non-visual Context:com.android.documentsui.DocumentsApplication@42676e0 Visual services, such as WindowManager, WallpaperService or LayoutInflater should be accessed from Activity or other visual Context. Use an Activity or a Context created with Context#createWindowContext(int, Bundle), which are adjusted to the configuration and visual bounds of an area on screen.
05-28 05:12:51.300  8555  8555 E ContextImpl: java.lang.IllegalAccessException: Tried to access visual service WindowManager from a non-visual Context:com.android.documentsui.DocumentsApplication@42676e0
05-28 05:12:51.300  8555  8555 E ContextImpl: 	at android.app.ContextImpl.getSystemService(ContextImpl.java:1914)
05-28 05:12:51.300  8555  8555 E ContextImpl: 	at android.content.ContextWrapper.getSystemService(ContextWrapper.java:803)
05-28 05:12:51.300  8555  8555 E ContextImpl: 	at android.content.Context.getSystemService(Context.java:3705)
05-28 05:12:51.300  8555  8555 E ContextImpl: 	at android.view.ViewConfiguration.<init>(ViewConfiguration.java:422)
05-28 05:12:51.300  8555  8555 E ContextImpl: 	at android.view.ViewConfiguration.get(ViewConfiguration.java:520)
05-28 05:12:51.300  8555  8555 E ContextImpl: 	at android.view.View.<init>(View.java:5317)
05-28 05:12:51.300  8555  8555 E ContextImpl: 	at android.view.View.<init>(View.java:5467)
05-28 05:12:51.300  8555  8555 E ContextImpl: 	at android.view.ViewGroup.<init>(ViewGroup.java:697)
05-28 05:12:51.300  8555  8555 E ContextImpl: 	at android.widget.LinearLayout.<init>(LinearLayout.java:254)
05-28 05:12:51.300  8555  8555 E ContextImpl: 	at android.widget.LinearLayout.<init>(LinearLayout.java:250)
05-28 05:12:51.300  8555  8555 E ContextImpl: 	at android.widget.LinearLayout.<init>(LinearLayout.java:246)
05-28 05:12:51.300  8555  8555 E ContextImpl: 	at java.lang.reflect.Constructor.newInstance0(Native Method)
05-28 05:12:51.300  8555  8555 E ContextImpl: 	at java.lang.reflect.Constructor.newInstance(Constructor.java:343)
05-28 05:12:51.300  8555  8555 E ContextImpl: 	at android.view.LayoutInflater.createView(LayoutInflater.java:852)
05-28 05:12:51.300  8555  8555 E ContextImpl: 	at android.view.LayoutInflater.createView(LayoutInflater.java:774)
05-28 05:12:51.300  8555  8555 E ContextImpl: 	at com.android.internal.policy.PhoneLayoutInflater.onCreateView(PhoneLayoutInflater.java:58)
05-28 05:12:51.300  8555  8555 E ContextImpl: 	at android.view.LayoutInflater.onCreateView(LayoutInflater.java:928)
05-28 05:12:51.300  8555  8555 E ContextImpl: 	at android.view.LayoutInflater.onCreateView(LayoutInflater.java:948)
05-28 05:12:51.300  8555  8555 E ContextImpl: 	at android.view.LayoutInflater.createViewFromTag(LayoutInflater.java:1002)
05-28 05:12:51.300  8555  8555 E ContextImpl: 	at android.view.LayoutInflater.createViewFromTag(LayoutInflater.java:959)
05-28 05:12:51.300  8555  8555 E ContextImpl: 	at android.view.LayoutInflater.inflate(LayoutInflater.java:657)
05-28 05:12:51.300  8555  8555 E ContextImpl: 	at android.view.LayoutInflater.inflate(LayoutInflater.java:532)
05-28 05:12:51.300  8555  8555 E ContextImpl: 	at android.view.LayoutInflater.inflate(LayoutInflater.java:479)
05-28 05:12:51.300  8555  8555 E ContextImpl: 	at com.android.documentsui.DragShadowBuilder.<init>(DragShadowBuilder.java:49)
05-28 05:12:51.300  8555  8555 E ContextImpl: 	at com.android.documentsui.DragAndDropManager$RuntimeDragAndDropManager.<init>(DragAndDropManager.java:195)
05-28 05:12:51.300  8555  8555 E ContextImpl: 	at com.android.documentsui.DragAndDropManager$RuntimeDragAndDropManager.<init>(DragAndDropManager.java:166)
05-28 05:12:51.300  8555  8555 E ContextImpl: 	at com.android.documentsui.DragAndDropManager.create(DragAndDropManager.java:163)
05-28 05:12:51.300  8555  8555 E ContextImpl: 	at com.android.documentsui.DocumentsApplication.onCreate(DocumentsApplication.java:145)
05-28 05:12:51.300  8555  8555 E ContextImpl: 	at android.app.Instrumentation.callApplicationOnCreate(Instrumentation.java:1192)
05-28 05:12:51.300  8555  8555 E ContextImpl: 	at android.app.ActivityThread.handleBindApplication(ActivityThread.java:6712)
05-28 05:12:51.300  8555  8555 E ContextImpl: 	at android.app.ActivityThread.access$1300(ActivityThread.java:237)
05-28 05:12:51.300  8555  8555 E ContextImpl: 	at android.app.ActivityThread$H.handleMessage(ActivityThread.java:1913)
05-28 05:12:51.300  8555  8555 E ContextImpl: 	at android.os.Handler.dispatchMessage(Handler.java:106)
05-28 05:12:51.300  8555  8555 E ContextImpl: 	at android.os.Looper.loop(Looper.java:223)
05-28 05:12:51.300  8555  8555 E ContextImpl: 	at android.app.ActivityThread.main(ActivityThread.java:7656)
05-28 05:12:51.300  8555  8555 E ContextImpl: 	at java.lang.reflect.Method.invoke(Native Method)
05-28 05:12:51.300  8555  8555 E ContextImpl: 	at com.android.internal.os.RuntimeInit$MethodAndArgsCaller.run(RuntimeInit.java:592)
05-28 05:12:51.300  8555  8555 E ContextImpl: 	at com.android.internal.os.ZygoteInit.main(ZygoteInit.java:947)
05-28 05:12:51.304   505   547 I ActivityManager: Start proc 8579:com.android.externalstorage/u0a68 for content provider {com.android.externalstorage/com.android.externalstorage.ExternalStorageProvider}
05-28 05:12:51.305  8555  8555 E ViewConfiguration: Tried to access UI constants from a non-visual Context:com.android.documentsui.DocumentsApplication@42676e0UI constants, such as display metrics or window metrics, must be accessed from Activity or other visual Context. Use an Activity or a Context created with Context#createWindowContext(int, Bundle), which are adjusted to the configuration and visual bounds of an area on screen
05-28 05:12:51.305  8555  8555 E ViewConfiguration: java.lang.IllegalArgumentException: Tried to access UI constants from a non-visual Context:com.android.documentsui.DocumentsApplication@42676e0
05-28 05:12:51.305  8555  8555 E ViewConfiguration: 	at android.view.ViewConfiguration.get(ViewConfiguration.java:510)
05-28 05:12:51.305  8555  8555 E ViewConfiguration: 	at android.view.View.<init>(View.java:5317)
05-28 05:12:51.305  8555  8555 E ViewConfiguration: 	at android.view.View.<init>(View.java:5467)
05-28 05:12:51.305  8555  8555 E ViewConfiguration: 	at android.view.ViewGroup.<init>(ViewGroup.java:697)
05-28 05:12:51.305  8555  8555 E ViewConfiguration: 	at android.widget.LinearLayout.<init>(LinearLayout.java:254)
05-28 05:12:51.305  8555  8555 E ViewConfiguration: 	at android.widget.LinearLayout.<init>(LinearLayout.java:250)
05-28 05:12:51.305  8555  8555 E ViewConfiguration: 	at android.widget.LinearLayout.<init>(LinearLayout.java:246)
05-28 05:12:51.305  8555  8555 E ViewConfiguration: 	at java.lang.reflect.Constructor.newInstance0(Native Method)
05-28 05:12:51.305  8555  8555 E ViewConfiguration: 	at java.lang.reflect.Constructor.newInstance(Constructor.java:343)
05-28 05:12:51.305  8555  8555 E ViewConfiguration: 	at android.view.LayoutInflater.createView(LayoutInflater.java:852)
05-28 05:12:51.305  8555  8555 E ViewConfiguration: 	at android.view.LayoutInflater.createView(LayoutInflater.java:774)
05-28 05:12:51.305  8555  8555 E ViewConfiguration: 	at com.android.internal.policy.PhoneLayoutInflater.onCreateView(PhoneLayoutInflater.java:58)
05-28 05:12:51.305  8555  8555 E ViewConfiguration: 	at android.view.LayoutInflater.onCreateView(LayoutInflater.java:928)
05-28 05:12:51.305  8555  8555 E ViewConfiguration: 	at android.view.LayoutInflater.onCreateView(LayoutInflater.java:948)
05-28 05:12:51.305  8555  8555 E ViewConfiguration: 	at android.view.LayoutInflater.createViewFromTag(LayoutInflater.java:1002)
05-28 05:12:51.305  8555  8555 E ViewConfiguration: 	at android.view.LayoutInflater.createViewFromTag(LayoutInflater.java:959)
05-28 05:12:51.305  8555  8555 E ViewConfiguration: 	at android.view.LayoutInflater.rInflate(LayoutInflater.java:1121)
05-28 05:12:51.305  8555  8555 E ViewConfiguration: 	at android.view.LayoutInflater.rInflateChildren(LayoutInflater.java:1082)
05-28 05:12:51.305  8555  8555 E ViewConfiguration: 	at android.view.LayoutInflater.inflate(LayoutInflater.java:680)
05-28 05:12:51.305  8555  8555 E ViewConfiguration: 	at android.view.LayoutInflater.inflate(LayoutInflater.java:532)
05-28 05:12:51.305  8555  8555 E ViewConfiguration: 	at android.view.LayoutInflater.inflate(LayoutInflater.java:479)
05-28 05:12:51.305  8555  8555 E ViewConfiguration: 	at com.android.documentsui.DragShadowBuilder.<init>(DragShadowBuilder.java:49)
05-28 05:12:51.305  8555  8555 E ViewConfiguration: 	at com.android.documentsui.DragAndDropManager$RuntimeDragAndDropManager.<init>(DragAndDropManager.java:195)
05-28 05:12:51.305  8555  8555 E ViewConfiguration: 	at com.android.documentsui.DragAndDropManager$RuntimeDragAndDropManager.<init>(DragAndDropManager.java:166)
05-28 05:12:51.305  8555  8555 E ViewConfiguration: 	at com.android.documentsui.DragAndDropManager.create(DragAndDropManager.java:163)
05-28 05:12:51.305  8555  8555 E ViewConfiguration: 	at com.android.documentsui.DocumentsApplication.onCreate(DocumentsApplication.java:145)
05-28 05:12:51.305  8555  8555 E ViewConfiguration: 	at android.app.Instrumentation.callApplicationOnCreate(Instrumentation.java:1192)
05-28 05:12:51.305  8555  8555 E ViewConfiguration: 	at android.app.ActivityThread.handleBindApplication(ActivityThread.java:6712)
05-28 05:12:51.305  8555  8555 E ViewConfiguration: 	at android.app.ActivityThread.access$1300(ActivityThread.java:237)
05-28 05:12:51.305  8555  8555 E ViewConfiguration: 	at android.app.ActivityThread$H.handleMessage(ActivityThread.java:1913)
05-28 05:12:51.305  8555  8555 E ViewConfiguration: 	at android.os.Handler.dispatchMessage(Handler.java:106)
05-28 05:12:51.305  8555  8555 E ViewConfiguration: 	at android.os.Looper.loop(Looper.java:223)
05-28 05:12:51.305  8555  8555 E ViewConfiguration: 	at android.app.ActivityThread.main(ActivityThread.java:7656)
05-28 05:12:51.305  8555  8555 E ViewConfiguration: 	at java.lang.reflect.Method.invoke(Native Method)
05-28 05:12:51.305  8555  8555 E ViewConfiguration: 	at com.android.internal.os.RuntimeInit$MethodAndArgsCaller.run(RuntimeInit.java:592)
05-28 05:12:51.305  8555  8555 E ViewConfiguration: 	at com.android.internal.os.ZygoteInit.main(ZygoteInit.java:947)
05-28 05:12:51.306  8555  8555 E ViewConfiguration: Tried to access UI constants from a non-visual Context:com.android.documentsui.DocumentsApplication@42676e0UI constants, such as display metrics or window metrics, must be accessed from Activity or other visual Context. Use an Activity or a Context created with Context#createWindowContext(int, Bundle), which are adjusted to the configuration and visual bounds of an area on screen
05-28 05:12:51.306  8555  8555 E ViewConfiguration: java.lang.IllegalArgumentException: Tried to access UI constants from a non-visual Context:com.android.documentsui.DocumentsApplication@42676e0
05-28 05:12:51.306  8555  8555 E ViewConfiguration: 	at android.view.ViewConfiguration.get(ViewConfiguration.java:510)
05-28 05:12:51.306  8555  8555 E ViewConfiguration: 	at android.view.View.<init>(View.java:5317)
05-28 05:12:51.306  8555  8555 E ViewConfiguration: 	at android.view.View.<init>(View.java:5467)
05-28 05:12:51.306  8555  8555 E ViewConfiguration: 	at android.widget.ImageView.<init>(ImageView.java:195)
05-28 05:12:51.306  8555  8555 E ViewConfiguration: 	at android.widget.ImageView.<init>(ImageView.java:190)
05-28 05:12:51.306  8555  8555 E ViewConfiguration: 	at android.widget.ImageView.<init>(ImageView.java:186)
05-28 05:12:51.306  8555  8555 E ViewConfiguration: 	at com.android.documentsui.DropBadgeView.<init>(DropBadgeView.java:40)
05-28 05:12:51.306  8555  8555 E ViewConfiguration: 	at java.lang.reflect.Constructor.newInstance0(Native Method)
05-28 05:12:51.306  8555  8555 E ViewConfiguration: 	at java.lang.reflect.Constructor.newInstance(Constructor.java:343)
05-28 05:12:51.306  8555  8555 E ViewConfiguration: 	at android.view.LayoutInflater.createView(LayoutInflater.java:852)
05-28 05:12:51.306  8555  8555 E ViewConfiguration: 	at android.view.LayoutInflater.createViewFromTag(LayoutInflater.java:1004)
05-28 05:12:51.306  8555  8555 E ViewConfiguration: 	at android.view.LayoutInflater.parseInclude(LayoutInflater.java:1231)
05-28 05:12:51.306  8555  8555 E ViewConfiguration: 	at android.view.LayoutInflater.rInflate(LayoutInflater.java:1117)
05-28 05:12:51.306  8555  8555 E ViewConfiguration: 	at android.view.LayoutInflater.rInflateChildren(LayoutInflater.java:1082)
05-28 05:12:51.306  8555  8555 E ViewConfiguration: 	at android.view.LayoutInflater.rInflate(LayoutInflater.java:1124)
05-28 05:12:51.306  8555  8555 E ViewConfiguration: 	at android.view.LayoutInflater.rInflateChildren(LayoutInflater.java:1082)
05-28 05:12:51.306  8555  8555 E ViewConfiguration: 	at android.view.LayoutInflater.inflate(LayoutInflater.java:680)
05-28 05:12:51.306  8555  8555 E ViewConfiguration: 	at android.view.LayoutInflater.inflate(LayoutInflater.java:532)
05-28 05:12:51.306  8555  8555 E ViewConfiguration: 	at android.view.LayoutInflater.inflate(LayoutInflater.java:479)
05-28 05:12:51.306  8555  8555 E ViewConfiguration: 	at com.android.documentsui.DragShadowBuilder.<init>(DragShadowBuilder.java:49)
05-28 05:12:51.306  8555  8555 E ViewConfiguration: 	at com.android.documentsui.DragAndDropManager$RuntimeDragAndDropManager.<init>(DragAndDropManager.java:195)
05-28 05:12:51.306  8555  8555 E ViewConfiguration: 	at com.android.documentsui.DragAndDropManager$RuntimeDragAndDropManager.<init>(DragAndDropManager.java:166)
05-28 05:12:51.306  8555  8555 E ViewConfiguration: 	at com.android.documentsui.DragAndDropManager.create(DragAndDropManager.java:163)
05-28 05:12:51.306  8555  8555 E ViewConfiguration: 	at com.android.documentsui.DocumentsApplication.onCreate(DocumentsApplication.java:145)
05-28 05:12:51.306  8555  8555 E ViewConfiguration: 	at android.app.Instrumentation.callApplicationOnCreate(Instrumentation.java:1192)
05-28 05:12:51.306  8555  8555 E ViewConfiguration: 	at android.app.ActivityThread.handleBindApplication(ActivityThread.java:6712)
05-28 05:12:51.306  8555  8555 E ViewConfiguration: 	at android.app.ActivityThread.access$1300(ActivityThread.java:237)
05-28 05:12:51.306  8555  8555 E ViewConfiguration: 	at android.app.ActivityThread$H.handleMessage(ActivityThread.java:1913)
05-28 05:12:51.306  8555  8555 E ViewConfiguration: 	at android.os.Handler.dispatchMessage(Handler.java:106)
05-28 05:12:51.306  8555  8555 E ViewConfiguration: 	at android.os.Looper.loop(Looper.java:223)
05-28 05:12:51.306  8555  8555 E ViewConfiguration: 	at android.app.ActivityThread.main(ActivityThread.java:7656)
05-28 05:12:51.306  8555  8555 E ViewConfiguration: 	at java.lang.reflect.Method.invoke(Native Method)
05-28 05:12:51.306  8555  8555 E ViewConfiguration: 	at com.android.internal.os.RuntimeInit$MethodAndArgsCaller.run(RuntimeInit.java:592)
05-28 05:12:51.306  8555  8555 E ViewConfiguration: 	at com.android.internal.os.ZygoteInit.main(ZygoteInit.java:947)
05-28 05:12:51.306  8579  8579 W externalstorag: Unexpected CPU variant for X86 using defaults: x86_64
05-28 05:12:51.308  8555  8555 E ViewConfiguration: Tried to access UI constants from a non-visual Context:com.android.documentsui.DocumentsApplication@42676e0UI constants, such as display metrics or window metrics, must be accessed from Activity or other visual Context. Use an Activity or a Context created with Context#createWindowContext(int, Bundle), which are adjusted to the configuration and visual bounds of an area on screen
05-28 05:12:51.308  8555  8555 E ViewConfiguration: java.lang.IllegalArgumentException: Tried to access UI constants from a non-visual Context:com.android.documentsui.DocumentsApplication@42676e0
05-28 05:12:51.308  8555  8555 E ViewConfiguration: 	at android.view.ViewConfiguration.get(ViewConfiguration.java:510)
05-28 05:12:51.308  8555  8555 E ViewConfiguration: 	at android.view.View.<init>(View.java:5317)
05-28 05:12:51.308  8555  8555 E ViewConfiguration: 	at android.view.View.<init>(View.java:5467)
05-28 05:12:51.308  8555  8555 E ViewConfiguration: 	at android.widget.TextView.<init>(TextView.java:996)
05-28 05:12:51.308  8555  8555 E ViewConfiguration: 	at android.widget.TextView.<init>(TextView.java:990)
05-28 05:12:51.308  8555  8555 E ViewConfiguration: 	at android.widget.TextView.<init>(TextView.java:986)
05-28 05:12:51.308  8555  8555 E ViewConfiguration: 	at java.lang.reflect.Constructor.newInstance0(Native Method)
05-28 05:12:51.308  8555  8555 E ViewConfiguration: 	at java.lang.reflect.Constructor.newInstance(Constructor.java:343)
05-28 05:12:51.308  8555  8555 E ViewConfiguration: 	at android.view.LayoutInflater.createView(LayoutInflater.java:852)
05-28 05:12:51.308  8555  8555 E ViewConfiguration: 	at android.view.LayoutInflater.createView(LayoutInflater.java:774)
05-28 05:12:51.308  8555  8555 E ViewConfiguration: 	at com.android.internal.policy.PhoneLayoutInflater.onCreateView(PhoneLayoutInflater.java:58)
05-28 05:12:51.308  8555  8555 E ViewConfiguration: 	at android.view.LayoutInflater.onCreateView(LayoutInflater.java:928)
05-28 05:12:51.308  8555  8555 E ViewConfiguration: 	at android.view.LayoutInflater.onCreateView(LayoutInflater.java:948)
05-28 05:12:51.308  8555  8555 E ViewConfiguration: 	at android.view.LayoutInflater.createViewFromTag(LayoutInflater.java:1002)
05-28 05:12:51.308  8555  8555 E ViewConfiguration: 	at android.view.LayoutInflater.createViewFromTag(LayoutInflater.java:959)
05-28 05:12:51.308  8555  8555 E ViewConfiguration: 	at android.view.LayoutInflater.rInflate(LayoutInflater.java:1121)
05-28 05:12:51.308  8555  8555 E ViewConfiguration: 	at android.view.LayoutInflater.rInflateChildren(LayoutInflater.java:1082)
05-28 05:12:51.308  8555  8555 E ViewConfiguration: 	at android.view.LayoutInflater.rInflate(LayoutInflater.java:1124)
05-28 05:12:51.308  8555  8555 E ViewConfiguration: 	at android.view.LayoutInflater.rInflateChildren(LayoutInflater.java:1082)
05-28 05:12:51.308  8555  8555 E ViewConfiguration: 	at android.view.LayoutInflater.inflate(LayoutInflater.java:680)
05-28 05:12:51.308  8555  8555 E ViewConfiguration: 	at android.view.LayoutInflater.inflate(LayoutInflater.java:532)
05-28 05:12:51.308  8555  8555 E ViewConfiguration: 	at android.view.LayoutInflater.inflate(LayoutInflater.java:479)
05-28 05:12:51.308  8555  8555 E ViewConfiguration: 	at com.android.documentsui.DragShadowBuilder.<init>(DragShadowBuilder.java:49)
05-28 05:12:51.308  8555  8555 E ViewConfiguration: 	at com.android.documentsui.DragAndDropManager$RuntimeDragAndDropManager.<init>(DragAndDropManager.java:195)
05-28 05:12:51.308  8555  8555 E ViewConfiguration: 	at com.android.documentsui.DragAndDropManager$RuntimeDragAndDropManager.<init>(DragAndDropManager.java:166)
05-28 05:12:51.308  8555  8555 E ViewConfiguration: 	at com.android.documentsui.DragAndDropManager.create(DragAndDropManager.java:163)
05-28 05:12:51.308  8555  8555 E ViewConfiguration: 	at com.android.documentsui.DocumentsApplication.onCreate(DocumentsApplication.java:145)
05-28 05:12:51.308  8555  8555 E ViewConfiguration: 	at android.app.Instrumentation.callApplicationOnCreate(Instrumentation.java:1192)
05-28 05:12:51.308  8555  8555 E ViewConfiguration: 	at android.app.ActivityThread.handleBindApplication(ActivityThread.java:6712)
05-28 05:12:51.308  8555  8555 E ViewConfiguration: 	at android.app.ActivityThread.access$1300(ActivityThread.java:237)
05-28 05:12:51.308  8555  8555 E ViewConfiguration: 	at android.app.ActivityThread$H.handleMessage(ActivityThread.java:1913)
05-28 05:12:51.308  8555  8555 E ViewConfiguration: 	at android.os.Handler.dispatchMessage(Handler.java:106)
05-28 05:12:51.308  8555  8555 E ViewConfiguration: 	at android.os.Looper.loop(Looper.java:223)
05-28 05:12:51.308  8555  8555 E ViewConfiguration: 	at android.app.ActivityThread.main(ActivityThread.java:7656)
05-28 05:12:51.308  8555  8555 E ViewConfiguration: 	at java.lang.reflect.Method.invoke(Native Method)
05-28 05:12:51.308  8555  8555 E ViewConfiguration: 	at com.android.internal.os.RuntimeInit$MethodAndArgsCaller.run(RuntimeInit.java:592)
05-28 05:12:51.308  8555  8555 E ViewConfiguration: 	at com.android.internal.os.ZygoteInit.main(ZygoteInit.java:947)
05-28 05:12:51.311   390   404 I adbd    : jdwp connection from 8579
05-28 05:12:51.324   505  3706 I ActivityManager: Killing 2111:com.android.contacts/u0a98 (adj 985): empty #17
05-28 05:12:51.331   280   280 I Zygote  : Process 2111 exited due to signal 9 (Killed)
05-28 05:12:51.333  1387  1921 I MediaProvider: Begin Intent { act=android.intent.action.PACKAGE_FULLY_REMOVED dat=package:com.mocoding.pokedex.android flg=0x5000010 cmp=com.android.providers.media.module/com.android.providers.media.MediaService (has extras) }
05-28 05:12:51.334  1387  1921 I MediaProvider: End Intent { act=android.intent.action.PACKAGE_FULLY_REMOVED dat=package:com.mocoding.pokedex.android flg=0x5000010 cmp=com.android.providers.media.module/com.android.providers.media.MediaService (has extras) }
05-28 05:12:51.369   505   548 I libprocessgroup: Successfully killed process cgroup uid 10098 pid 2111 in 43ms
05-28 05:12:51.377  8579  8579 I externalstorag: The ClassLoaderContext is a special shared library.
05-28 05:12:52.203     0     0 I init    : Untracked pid 8514 received signal 1
05-28 05:12:52.316   390   390 W adbd    : timeout expired while flushing socket, closing
