05-28 05:13:45.223  1387  1921 W ModernMediaScanner: Failed to visit /sdcard/screen_2026-05-28_051345.png: java.nio.file.AccessDeniedException: /sdcard/screen_2026-05-28_051345.png
05-28 05:13:45.224  1387  1921 I MediaProvider: Scanned internal due to REASON_DEMAND, found 0 items in 20ms, 0 inserts 0 updates 0 deletes
05-28 05:13:45.224  1387  1921 I MediaProvider: End Intent { act=android.intent.action.MEDIA_SCANNER_SCAN_FILE dat=file:///sdcard/screen_2026-05-28_051345.png flg=0x1400010 cmp=com.android.providers.media.module/com.android.providers.media.MediaService }
05-28 05:13:45.200  1387  1387 W com.android.providers.media.module: type=1400 audit(0.0:1216): avc: denied { read } for comm=4173796E635461736B202331 name="primary" dev="tmpfs" ino=19238 scontext=u:r:mediaprovider_app:s0:c129,c256,c512,c768 tcontext=u:object_r:mnt_pass_through_file:s0 tclass=lnk_file permissive=0 app=com.android.providers.media.module
05-28 05:13:45.204  1387  1387 I chatty  : uid=10129(com.android.providers.media.module) identical 2 lines
05-28 05:13:45.204  1387  1387 W com.android.providers.media.module: type=1400 audit(0.0:1219): avc: denied { read } for comm=4173796E635461736B202331 name="primary" dev="tmpfs" ino=19238 scontext=u:r:mediaprovider_app:s0:c129,c256,c512,c768 tcontext=u:object_r:mnt_pass_through_file:s0 tclass=lnk_file permissive=0 app=com.android.providers.media.module
05-28 05:13:45.259  1387  1537 I MediaProvider: Deleted 1 items on external_primary due to com.android.shell
05-28 05:13:45.418   158   158 I hwservicemanager: getTransport: Cannot find entry android.hardware.graphics.mapper@4.0::IMapper/default in either framework or device manifest.
05-28 05:13:45.418 12239 12239 I Gralloc4: mapper 4.x is not supported
05-28 05:13:45.421  8555  8555 I ProvidersCache: Updating roots due to change on user 0at content://com.android.providers.media.documents/root
05-28 05:13:45.483 12243 12245 I cmd     : oneway function results will be dropped but finished with status OK and parcel size 4
05-28 05:13:45.484  1387  1921 I MediaProvider: Begin Intent { act=android.intent.action.MEDIA_SCANNER_SCAN_FILE dat=file:///sdcard/screen_2026-05-28_051345.png flg=0x1400010 cmp=com.android.providers.media.module/com.android.providers.media.MediaService }
05-28 05:13:45.485  1387  1921 W ModernMediaScanner: Failed to visit /sdcard/screen_2026-05-28_051345.png: java.nio.file.AccessDeniedException: /sdcard/screen_2026-05-28_051345.png
05-28 05:13:45.486  1387  1921 I MediaProvider: Scanned internal due to REASON_DEMAND, found 0 items in 1ms, 0 inserts 0 updates 0 deletes
05-28 05:13:45.486  1387  1921 I MediaProvider: End Intent { act=android.intent.action.MEDIA_SCANNER_SCAN_FILE dat=file:///sdcard/screen_2026-05-28_051345.png flg=0x1400010 cmp=com.android.providers.media.module/com.android.providers.media.MediaService }
05-28 05:13:45.504  1387  1548 I MediaProvider: Deleted 1 items on external_primary due to com.android.shell
05-28 05:13:45.536  8555  8555 I ProvidersCache: Updating roots due to change on user 0at content://com.android.providers.media.documents/root
05-28 05:13:45.551 12254 12256 I cmd     : oneway function results will be dropped but finished with status OK and parcel size 4
05-28 05:13:45.663   158   158 I hwservicemanager: getTransport: Cannot find entry android.hardware.graphics.mapper@4.0::IMapper/default in either framework or device manifest.
05-28 05:13:45.663 12276 12276 I Gralloc4: mapper 4.x is not supported
05-28 05:13:45.672  8555  8555 I ProvidersCache: Updating roots due to change on user 0at content://com.android.providers.media.documents/root
05-28 05:13:45.726  8555  8555 I ProvidersCache: Updating roots due to change on user 0at content://com.android.providers.media.documents/root
05-28 05:13:45.730  1387  1921 I MediaProvider: Begin Intent { act=android.intent.action.MEDIA_SCANNER_SCAN_FILE dat=file:///sdcard/screen_2026-05-28_051345.png flg=0x1400010 cmp=com.android.providers.media.module/com.android.providers.media.MediaService }
05-28 05:13:45.731  1387  1921 W ModernMediaScanner: Failed to visit /sdcard/screen_2026-05-28_051345.png: java.nio.file.AccessDeniedException: /sdcard/screen_2026-05-28_051345.png
05-28 05:13:45.732  1387  1921 I MediaProvider: Scanned internal due to REASON_DEMAND, found 0 items in 1ms, 0 inserts 0 updates 0 deletes
05-28 05:13:45.732  1387  1921 I MediaProvider: End Intent { act=android.intent.action.MEDIA_SCANNER_SCAN_FILE dat=file:///sdcard/screen_2026-05-28_051345.png flg=0x1400010 cmp=com.android.providers.media.module/com.android.providers.media.MediaService }
05-28 05:13:45.751  1387  2592 I MediaProvider: Deleted 1 items on external_primary due to com.android.shell
05-28 05:13:45.808   505   812 I ActivityTaskManager: START u0 {act=android.intent.action.MAIN cat=[android.intent.category.LAUNCHER] flg=0x10000000 cmp=com.mocoding.pokedex.android/.MainActivity} from uid 2000
05-28 05:13:45.810   410   410 I perfetto: ing_service_impl.cc:758 Configured tracing session 9, #sources:1, duration:5000 ms, #buffers:1, total buffer size:4096 KB, total sessions:1, uid:1071 session name: ""
05-28 05:13:45.811   408   408 I perfetto: probes_producer.cc:230  Ftrace setup (target_buf=9)
05-28 05:13:45.815   505   534 W ActivityTaskManager: Tried to set launchTime (0) < mLastActivityLaunchTime (129192)
05-28 05:13:45.815   505   534 W InputReader: Device virtio_input_multi_touch_10 is associated with display ADISPLAY_ID_NONE.
05-28 05:13:45.815   505   534 W InputReader: Device virtio_input_multi_touch_7 is associated with display ADISPLAY_ID_NONE.
05-28 05:13:45.815   505   534 W InputReader: Device virtio_input_multi_touch_4 is associated with display ADISPLAY_ID_NONE.
05-28 05:13:45.815   505   534 W InputReader: Device virtio_input_multi_touch_9 is associated with display ADISPLAY_ID_NONE.
05-28 05:13:45.815   505   534 W InputReader: Device virtio_input_multi_touch_11 is associated with display ADISPLAY_ID_NONE.
05-28 05:13:45.815   505   534 W InputReader: Device virtio_input_multi_touch_5 is associated with display ADISPLAY_ID_NONE.
05-28 05:13:45.815   505   534 W InputReader: Device virtio_input_multi_touch_6 is associated with display ADISPLAY_ID_NONE.
05-28 05:13:45.815   505   534 W InputReader: Device virtio_input_multi_touch_3 is associated with display ADISPLAY_ID_NONE.
05-28 05:13:45.815   505   534 W InputReader: Device virtio_input_multi_touch_2 is associated with display ADISPLAY_ID_NONE.
05-28 05:13:45.815   505   534 W InputReader: Device virtio_input_multi_touch_8 is associated with display ADISPLAY_ID_NONE.
05-28 05:13:45.815   505   534 W InputReader: Device virtio_input_multi_touch_10 is associated with display ADISPLAY_ID_NONE.
05-28 05:13:45.815   505   534 W InputReader: Device virtio_input_multi_touch_7 is associated with display ADISPLAY_ID_NONE.
05-28 05:13:45.815   505   534 W InputReader: Device virtio_input_multi_touch_4 is associated with display ADISPLAY_ID_NONE.
05-28 05:13:45.815   505   534 W InputReader: Device virtio_input_multi_touch_9 is associated with display ADISPLAY_ID_NONE.
05-28 05:13:45.815   505   534 W InputReader: Device virtio_input_multi_touch_11 is associated with display ADISPLAY_ID_NONE.
05-28 05:13:45.815 12303 12305 I cmd     : oneway function results will be dropped but finished with status OK and parcel size 4
05-28 05:13:45.815   505   534 W InputReader: Device virtio_input_multi_touch_5 is associated with display ADISPLAY_ID_NONE.
05-28 05:13:45.816   505   534 W InputReader: Device virtio_input_multi_touch_6 is associated with display ADISPLAY_ID_NONE.
05-28 05:13:45.816   505   534 W InputReader: Device virtio_input_multi_touch_3 is associated with display ADISPLAY_ID_NONE.
05-28 05:13:45.816   505   534 W InputReader: Device virtio_input_multi_touch_2 is associated with display ADISPLAY_ID_NONE.
05-28 05:13:45.816   505   534 W InputReader: Device virtio_input_multi_touch_8 is associated with display ADISPLAY_ID_NONE.
05-28 05:13:45.836   408   408 I perfetto: ftrace_procfs.cc:176    enabled ftrace
05-28 05:13:46.012     0     0 W perfetto: enabled ftrace
05-28 05:13:45.861  8555  8555 I ProvidersCache: Updating roots due to change on user 0at content://com.android.providers.media.documents/root
05-28 05:13:45.959  8555  8555 I ProvidersCache: Updating roots due to change on user 0at content://com.android.providers.media.documents/root
05-28 05:13:45.997   505   545 I ActivityTaskManager: Displayed com.mocoding.pokedex.android/.MainActivity: +188ms
05-28 05:13:46.902   158   158 I hwservicemanager: getTransport: Cannot find entry android.hardware.graphics.mapper@4.0::IMapper/default in either framework or device manifest.
05-28 05:13:46.903 12339 12339 I Gralloc4: mapper 4.x is not supported
05-28 05:13:46.946 12343 12345 I cmd     : oneway function results will be dropped but finished with status OK and parcel size 4
05-28 05:13:46.947  1387  1921 I MediaProvider: Begin Intent { act=android.intent.action.MEDIA_SCANNER_SCAN_FILE dat=file:///sdcard/screen_2026-05-28_051346.png flg=0x1400010 cmp=com.android.providers.media.module/com.android.providers.media.MediaService }
05-28 05:13:46.944  1387  1387 W com.android.providers.media.module: type=1400 audit(0.0:1233): avc: denied { read } for comm=4173796E635461736B202331 name="primary" dev="tmpfs" ino=19238 scontext=u:r:mediaprovider_app:s0:c129,c256,c512,c768 tcontext=u:object_r:mnt_pass_through_file:s0 tclass=lnk_file permissive=0 app=com.android.providers.media.module
05-28 05:13:47.126     0     0 W audit   : audit_lost=909 audit_rate_limit=5 audit_backlog_limit=64
05-28 05:13:47.135     0     0 E audit   : rate limit exceeded
05-28 05:13:46.965  1387  1921 W ModernMediaScanner: Failed to visit /sdcard/screen_2026-05-28_051346.png: java.nio.file.AccessDeniedException: /sdcard/screen_2026-05-28_051346.png
05-28 05:13:46.966  1387  1921 I MediaProvider: Scanned internal due to REASON_DEMAND, found 0 items in 19ms, 0 inserts 0 updates 0 deletes
05-28 05:13:46.966  1387  1921 I MediaProvider: End Intent { act=android.intent.action.MEDIA_SCANNER_SCAN_FILE dat=file:///sdcard/screen_2026-05-28_051346.png flg=0x1400010 cmp=com.android.providers.media.module/com.android.providers.media.MediaService }
05-28 05:13:46.944  1387  1387 W com.android.providers.media.module: type=1400 audit(0.0:1234): avc: denied { read } for comm=4173796E635461736B202331 name="primary" dev="tmpfs" ino=19238 scontext=u:r:mediaprovider_app:s0:c129,c256,c512,c768 tcontext=u:object_r:mnt_pass_through_file:s0 tclass=lnk_file permissive=0 app=com.android.providers.media.module
05-28 05:13:47.003  1387  1537 I MediaProvider: Deleted 1 items on external_primary due to com.android.shell
05-28 05:13:47.140   158   158 I hwservicemanager: getTransport: Cannot find entry android.hardware.graphics.mapper@4.0::IMapper/default in either framework or device manifest.
05-28 05:13:47.140 12376 12376 I Gralloc4: mapper 4.x is not supported
05-28 05:13:47.186  1387  1921 I MediaProvider: Begin Intent { act=android.intent.action.MEDIA_SCANNER_SCAN_FILE dat=file:///sdcard/screen_2026-05-28_051347.png flg=0x1400010 cmp=com.android.providers.media.module/com.android.providers.media.MediaService }
05-28 05:13:47.186  1387  1921 W ModernMediaScanner: Failed to visit /sdcard/screen_2026-05-28_051347.png: java.nio.file.AccessDeniedException: /sdcard/screen_2026-05-28_051347.png
05-28 05:13:47.187  1387  1921 I MediaProvider: Scanned internal due to REASON_DEMAND, found 0 items in 0ms, 0 inserts 0 updates 0 deletes
05-28 05:13:47.187  1387  1921 I MediaProvider: End Intent { act=android.intent.action.MEDIA_SCANNER_SCAN_FILE dat=file:///sdcard/screen_2026-05-28_051347.png flg=0x1400010 cmp=com.android.providers.media.module/com.android.providers.media.MediaService }
05-28 05:13:47.246  1387  1548 I MediaProvider: Deleted 1 items on external_primary due to com.android.shell
05-28 05:13:47.270 12391 12393 I cmd     : oneway function results will be dropped but finished with status OK and parcel size 4
05-28 05:13:47.390   158   158 I hwservicemanager: getTransport: Cannot find entry android.hardware.graphics.mapper@4.0::IMapper/default in either framework or device manifest.
05-28 05:13:47.391 12415 12415 I Gralloc4: mapper 4.x is not supported
05-28 05:13:47.433  1387  1921 I MediaProvider: Begin Intent { act=android.intent.action.MEDIA_SCANNER_SCAN_FILE dat=file:///sdcard/screen_2026-05-28_051347.png flg=0x1400010 cmp=com.android.providers.media.module/com.android.providers.media.MediaService }
05-28 05:13:47.433  1387  1921 W ModernMediaScanner: Failed to visit /sdcard/screen_2026-05-28_051347.png: java.nio.file.AccessDeniedException: /sdcard/screen_2026-05-28_051347.png
05-28 05:13:47.434  1387  1921 I MediaProvider: Scanned internal due to REASON_DEMAND, found 0 items in 1ms, 0 inserts 0 updates 0 deletes
05-28 05:13:47.436  1387  1921 I MediaProvider: End Intent { act=android.intent.action.MEDIA_SCANNER_SCAN_FILE dat=file:///sdcard/screen_2026-05-28_051347.png flg=0x1400010 cmp=com.android.providers.media.module/com.android.providers.media.MediaService }
05-28 05:13:47.495  1387  2592 I MediaProvider: Deleted 1 items on external_primary due to com.android.shell
05-28 05:13:47.563 12445 12447 I cmd     : oneway function results will be dropped but finished with status OK and parcel size 4
05-28 05:13:47.607 12460 12462 I cmd     : oneway function results will be dropped but finished with status OK and parcel size 4
05-28 05:13:47.653 12475 12477 I cmd     : oneway function results will be dropped but finished with status OK and parcel size 4
05-28 05:13:47.726 12487 12487 E libc    : Access denied finding property "persist.device_config.runtime_native_boot.profilebootclasspath"
05-28 05:13:47.726 12487 12487 E libc    : Access denied finding property "persist.device_config.runtime_native_boot.enable_apex_image"
05-28 05:13:47.726 12487 12487 I AndroidRuntime: Using default boot image
05-28 05:13:47.726 12487 12487 E libc    : Access denied finding property "persist.device_config.runtime_native_boot.disable_lock_profiling"
05-28 05:13:47.726 12487 12487 I AndroidRuntime: Leaving lock profiling enabled
05-28 05:13:47.726 12487 12487 E libc    : Access denied finding property "persist.device_config.runtime_native_boot.enable_generational_cc"
05-28 05:13:47.728 12487 12487 I app_process: Core platform API reporting enabled, enforcing=false
05-28 05:13:47.762 12487 12487 W app_process: Unexpected CPU variant for X86 using defaults: x86_64
05-28 05:13:47.763 12487 12487 I app_process: The ClassLoaderContext is a special shared library.
05-28 05:13:47.769 12487 12487 W app_process: JNI RegisterNativeMethods: attempt to register 0 native methods for android.media.AudioAttributes
05-28 05:13:47.907   505  1370 E TaskPersister: File error accessing recents directory (directory doesn't exist?).
05-28 05:13:47.943  8555  8555 I ProvidersCache: Updating roots due to change on user 0at content://com.android.providers.media.documents/root
05-28 05:13:48.032  2080  2080 E AccessibilityInteractionClient: 2 Disconnected nodes.
05-28 05:13:48.080  8555  8555 I ProvidersCache: Updating roots due to change on user 0at content://com.android.providers.media.documents/root
05-28 05:13:48.409  8555  8555 I chatty  : uid=10076(com.android.documentsui) identical 3 lines
05-28 05:13:48.442  8555  8555 I ProvidersCache: Updating roots due to change on user 0at content://com.android.providers.media.documents/root
05-28 05:13:49.471   158   158 I hwservicemanager: getTransport: Cannot find entry android.hardware.graphics.mapper@4.0::IMapper/default in either framework or device manifest.
05-28 05:13:49.472 12521 12521 I Gralloc4: mapper 4.x is not supported
05-28 05:13:49.505 12525 12527 I cmd     : oneway function results will be dropped but finished with status OK and parcel size 4
05-28 05:13:49.505  1387  1921 I MediaProvider: Begin Intent { act=android.intent.action.MEDIA_SCANNER_SCAN_FILE dat=file:///sdcard/screen_2026-05-28_051349.png flg=0x1400010 cmp=com.android.providers.media.module/com.android.providers.media.MediaService }
05-28 05:13:49.504  1387  1387 W com.android.providers.media.module: type=1400 audit(0.0:1255): avc: denied { read } for comm=4173796E635461736B202331 name="primary" dev="tmpfs" ino=19238 scontext=u:r:mediaprovider_app:s0:c129,c256,c512,c768 tcontext=u:object_r:mnt_pass_through_file:s0 tclass=lnk_file permissive=0 app=com.android.providers.media.module
05-28 05:13:49.684     0     0 W audit   : audit_lost=926 audit_rate_limit=5 audit_backlog_limit=64
05-28 05:13:49.694     0     0 E audit   : rate limit exceeded
05-28 05:13:49.524  1387  1921 W ModernMediaScanner: Failed to visit /sdcard/screen_2026-05-28_051349.png: java.nio.file.AccessDeniedException: /sdcard/screen_2026-05-28_051349.png
05-28 05:13:49.524  1387  1921 I MediaProvider: Scanned internal due to REASON_DEMAND, found 0 items in 18ms, 0 inserts 0 updates 0 deletes
05-28 05:13:49.525  1387  1921 I MediaProvider: End Intent { act=android.intent.action.MEDIA_SCANNER_SCAN_FILE dat=file:///sdcard/screen_2026-05-28_051349.png flg=0x1400010 cmp=com.android.providers.media.module/com.android.providers.media.MediaService }
05-28 05:13:49.504  1387  1387 W com.android.providers.media.module: type=1400 audit(0.0:1256): avc: denied { read } for comm=4173796E635461736B202331 name="primary" dev="tmpfs" ino=19238 scontext=u:r:mediaprovider_app:s0:c129,c256,c512,c768 tcontext=u:object_r:mnt_pass_through_file:s0 tclass=lnk_file permissive=0 app=com.android.providers.media.module
05-28 05:13:49.562  1387  1537 I MediaProvider: Deleted 1 items on external_primary due to com.android.shell
05-28 05:13:49.584 12536 12538 I cmd     : oneway function results will be dropped but finished with status OK and parcel size 4
05-28 05:13:49.702   158   158 I hwservicemanager: getTransport: Cannot find entry android.hardware.graphics.mapper@4.0::IMapper/default in either framework or device manifest.
05-28 05:13:49.702 12558 12558 I Gralloc4: mapper 4.x is not supported
05-28 05:13:49.737  1387  1921 I MediaProvider: Begin Intent { act=android.intent.action.MEDIA_SCANNER_SCAN_FILE dat=file:///sdcard/screen_2026-05-28_051349.png flg=0x1400010 cmp=com.android.providers.media.module/com.android.providers.media.MediaService }
05-28 05:13:49.738  1387  1921 W ModernMediaScanner: Failed to visit /sdcard/screen_2026-05-28_051349.png: java.nio.file.AccessDeniedException: /sdcard/screen_2026-05-28_051349.png
05-28 05:13:49.738  1387  1921 I MediaProvider: Scanned internal due to REASON_DEMAND, found 0 items in 1ms, 0 inserts 0 updates 0 deletes
05-28 05:13:49.739  1387  1921 I MediaProvider: End Intent { act=android.intent.action.MEDIA_SCANNER_SCAN_FILE dat=file:///sdcard/screen_2026-05-28_051349.png flg=0x1400010 cmp=com.android.providers.media.module/com.android.providers.media.MediaService }
05-28 05:13:49.757  1387  1548 I MediaProvider: Deleted 1 items on external_primary due to com.android.shell
05-28 05:13:49.888   158   158 I hwservicemanager: getTransport: Cannot find entry android.hardware.graphics.mapper@4.0::IMapper/default in either framework or device manifest.
05-28 05:13:49.888 12595 12595 I Gralloc4: mapper 4.x is not supported
05-28 05:13:49.923  1387  1921 I MediaProvider: Begin Intent { act=android.intent.action.MEDIA_SCANNER_SCAN_FILE dat=file:///sdcard/screen_2026-05-28_051349.png flg=0x1400010 cmp=com.android.providers.media.module/com.android.providers.media.MediaService }
05-28 05:13:49.924  1387  1921 W ModernMediaScanner: Failed to visit /sdcard/screen_2026-05-28_051349.png: java.nio.file.AccessDeniedException: /sdcard/screen_2026-05-28_051349.png
05-28 05:13:49.924  1387  1921 I MediaProvider: Scanned internal due to REASON_DEMAND, found 0 items in 1ms, 0 inserts 0 updates 0 deletes
05-28 05:13:49.925  1387  1921 I MediaProvider: End Intent { act=android.intent.action.MEDIA_SCANNER_SCAN_FILE dat=file:///sdcard/screen_2026-05-28_051349.png flg=0x1400010 cmp=com.android.providers.media.module/com.android.providers.media.MediaService }
05-28 05:13:49.942  1387  1537 I MediaProvider: Deleted 1 items on external_primary due to com.android.shell
05-28 05:13:49.968 12610 12612 I cmd     : oneway function results will be dropped but finished with status OK and parcel size 4
05-28 05:13:50.013 12625 12627 I cmd     : oneway function results will be dropped but finished with status OK and parcel size 4
05-28 05:13:50.058 12640 12642 I cmd     : oneway function results will be dropped but finished with status OK and parcel size 4
05-28 05:13:50.102 12655 12657 I cmd     : oneway function results will be dropped but finished with status OK and parcel size 4
05-28 05:13:50.174 12667 12667 E libc    : Access denied finding property "persist.device_config.runtime_native_boot.profilebootclasspath"
05-28 05:13:50.174 12667 12667 E libc    : Access denied finding property "persist.device_config.runtime_native_boot.enable_apex_image"
05-28 05:13:50.174 12667 12667 I AndroidRuntime: Using default boot image
05-28 05:13:50.174 12667 12667 E libc    : Access denied finding property "persist.device_config.runtime_native_boot.disable_lock_profiling"
05-28 05:13:50.174 12667 12667 I AndroidRuntime: Leaving lock profiling enabled
05-28 05:13:50.174 12667 12667 E libc    : Access denied finding property "persist.device_config.runtime_native_boot.enable_generational_cc"
05-28 05:13:50.176 12667 12667 I app_process: Core platform API reporting enabled, enforcing=false
05-28 05:13:50.211 12667 12667 W app_process: Unexpected CPU variant for X86 using defaults: x86_64
05-28 05:13:50.211 12667 12667 I app_process: The ClassLoaderContext is a special shared library.
05-28 05:13:50.218 12667 12667 W app_process: JNI RegisterNativeMethods: attempt to register 0 native methods for android.media.AudioAttributes
05-28 05:13:50.233  2080  2080 E AccessibilityInteractionClient: 2 Disconnected nodes.
05-28 05:13:50.449  8555  8555 I ProvidersCache: Updating roots due to change on user 0at content://com.android.providers.media.documents/root
05-28 05:13:50.709  8555  8555 I chatty  : uid=10076(com.android.documentsui) identical 2 lines
05-28 05:13:50.765  8555  8555 I ProvidersCache: Updating roots due to change on user 0at content://com.android.providers.media.documents/root
05-28 05:13:50.815   408   408 I perfetto: probes_producer.cc:329  Producer stop (id=9)
05-28 05:13:50.816   410   410 I perfetto: ng_service_impl.cc:1948 Tracing session 9 ended, total sessions:0
05-28 05:13:50.994     0     0 W perfetto: disabled ftrace
05-28 05:13:50.817   408   408 I perfetto: ftrace_procfs.cc:183    disabled ftrace
05-28 05:13:50.892  8555  8555 I ProvidersCache: Updating roots due to change on user 0at content://com.android.providers.media.documents/root
05-28 05:13:50.937  8555  8555 I ProvidersCache: Updating roots due to change on user 0at content://com.android.providers.media.documents/root
05-28 05:13:51.950   158   158 I hwservicemanager: getTransport: Cannot find entry android.hardware.graphics.mapper@4.0::IMapper/default in either framework or device manifest.
05-28 05:13:51.950 12701 12701 I Gralloc4: mapper 4.x is not supported
05-28 05:13:51.992  1387  1921 I MediaProvider: Begin Intent { act=android.intent.action.MEDIA_SCANNER_SCAN_FILE dat=file:///sdcard/screen_2026-05-28_051351.png flg=0x1400010 cmp=com.android.providers.media.module/com.android.providers.media.MediaService }
05-28 05:13:51.988  1387  1387 W com.android.providers.media.module: type=1400 audit(0.0:1277): avc: denied { read } for comm=4173796E635461736B202331 name="primary" dev="tmpfs" ino=19238 scontext=u:r:mediaprovider_app:s0:c129,c256,c512,c768 tcontext=u:object_r:mnt_pass_through_file:s0 tclass=lnk_file permissive=0 app=com.android.providers.media.module
05-28 05:13:52.171     0     0 W audit   : audit_lost=943 audit_rate_limit=5 audit_backlog_limit=64
05-28 05:13:52.173     0     0 E audit   : rate limit exceeded
05-28 05:13:52.003  1387  1921 W ModernMediaScanner: Failed to visit /sdcard/screen_2026-05-28_051351.png: java.nio.file.AccessDeniedException: /sdcard/screen_2026-05-28_051351.png
05-28 05:13:52.004  1387  1921 I MediaProvider: Scanned internal due to REASON_DEMAND, found 0 items in 11ms, 0 inserts 0 updates 0 deletes
05-28 05:13:52.004  1387  1921 I MediaProvider: End Intent { act=android.intent.action.MEDIA_SCANNER_SCAN_FILE dat=file:///sdcard/screen_2026-05-28_051351.png flg=0x1400010 cmp=com.android.providers.media.module/com.android.providers.media.MediaService }
05-28 05:13:51.988  1387  1387 W com.android.providers.media.module: type=1400 audit(0.0:1278): avc: denied { read } for comm=4173796E635461736B202331 name="primary" dev="tmpfs" ino=19238 scontext=u:r:mediaprovider_app:s0:c129,c256,c512,c768 tcontext=u:object_r:mnt_pass_through_file:s0 tclass=lnk_file permissive=0 app=com.android.providers.media.module
05-28 05:13:52.044  1387  2592 I MediaProvider: Deleted 1 items on external_primary due to com.android.shell
05-28 05:13:52.068 12716 12718 I cmd     : oneway function results will be dropped but finished with status OK and parcel size 4
05-28 05:13:52.181   158   158 I hwservicemanager: getTransport: Cannot find entry android.hardware.graphics.mapper@4.0::IMapper/default in either framework or device manifest.
05-28 05:13:52.181 12738 12738 I Gralloc4: mapper 4.x is not supported
05-28 05:13:52.224 12742 12744 I cmd     : oneway function results will be dropped but finished with status OK and parcel size 4
05-28 05:13:52.228  1387  1921 I MediaProvider: Begin Intent { act=android.intent.action.MEDIA_SCANNER_SCAN_FILE dat=file:///sdcard/screen_2026-05-28_051352.png flg=0x1400010 cmp=com.android.providers.media.module/com.android.providers.media.MediaService }
05-28 05:13:52.228  1387  1921 W ModernMediaScanner: Failed to visit /sdcard/screen_2026-05-28_051352.png: java.nio.file.AccessDeniedException: /sdcard/screen_2026-05-28_051352.png
05-28 05:13:52.228  1387  1921 I MediaProvider: Scanned internal due to REASON_DEMAND, found 0 items in 0ms, 0 inserts 0 updates 0 deletes
05-28 05:13:52.229  1387  1921 I MediaProvider: End Intent { act=android.intent.action.MEDIA_SCANNER_SCAN_FILE dat=file:///sdcard/screen_2026-05-28_051352.png flg=0x1400010 cmp=com.android.providers.media.module/com.android.providers.media.MediaService }
05-28 05:13:52.244  1387  1548 I MediaProvider: Deleted 1 items on external_primary due to com.android.shell
05-28 05:13:52.268 12753 12755 I cmd     : oneway function results will be dropped but finished with status OK and parcel size 4
05-28 05:13:52.379   158   158 I hwservicemanager: getTransport: Cannot find entry android.hardware.graphics.mapper@4.0::IMapper/default in either framework or device manifest.
05-28 05:13:52.379 12775 12775 I Gralloc4: mapper 4.x is not supported
05-28 05:13:52.423 12779 12781 I cmd     : oneway function results will be dropped but finished with status OK and parcel size 4
05-28 05:13:52.424  1387  1921 I MediaProvider: Begin Intent { act=android.intent.action.MEDIA_SCANNER_SCAN_FILE dat=file:///sdcard/screen_2026-05-28_051352.png flg=0x1400010 cmp=com.android.providers.media.module/com.android.providers.media.MediaService }
05-28 05:13:52.425  1387  1921 W ModernMediaScanner: Failed to visit /sdcard/screen_2026-05-28_051352.png: java.nio.file.AccessDeniedException: /sdcard/screen_2026-05-28_051352.png
05-28 05:13:52.426  1387  1921 I MediaProvider: Scanned internal due to REASON_DEMAND, found 0 items in 2ms, 0 inserts 0 updates 0 deletes
05-28 05:13:52.426  1387  1921 I MediaProvider: End Intent { act=android.intent.action.MEDIA_SCANNER_SCAN_FILE dat=file:///sdcard/screen_2026-05-28_051352.png flg=0x1400010 cmp=com.android.providers.media.module/com.android.providers.media.MediaService }
05-28 05:13:52.465  1387  1537 I MediaProvider: Deleted 1 items on external_primary due to com.android.shell
05-28 05:13:52.534 12807 12809 I cmd     : oneway function results will be dropped but finished with status OK and parcel size 4
05-28 05:13:52.578 12822 12824 I cmd     : oneway function results will be dropped but finished with status OK and parcel size 4
05-28 05:13:52.622 12837 12839 I cmd     : oneway function results will be dropped but finished with status OK and parcel size 4
05-28 05:13:52.692 12849 12849 E libc    : Access denied finding property "persist.device_config.runtime_native_boot.profilebootclasspath"
05-28 05:13:52.692 12849 12849 E libc    : Access denied finding property "persist.device_config.runtime_native_boot.enable_apex_image"
05-28 05:13:52.692 12849 12849 I AndroidRuntime: Using default boot image
05-28 05:13:52.692 12849 12849 E libc    : Access denied finding property "persist.device_config.runtime_native_boot.disable_lock_profiling"
05-28 05:13:52.692 12849 12849 I AndroidRuntime: Leaving lock profiling enabled
05-28 05:13:52.692 12849 12849 E libc    : Access denied finding property "persist.device_config.runtime_native_boot.enable_generational_cc"
05-28 05:13:52.693 12849 12849 I app_process: Core platform API reporting enabled, enforcing=false
05-28 05:13:52.728 12849 12849 W app_process: Unexpected CPU variant for X86 using defaults: x86_64
05-28 05:13:52.729 12849 12849 I app_process: The ClassLoaderContext is a special shared library.
05-28 05:13:52.735 12849 12849 W app_process: JNI RegisterNativeMethods: attempt to register 0 native methods for android.media.AudioAttributes
05-28 05:13:52.854  2080  2080 E AccessibilityInteractionClient: 2 Disconnected nodes.
05-28 05:13:52.943  8555  8555 I ProvidersCache: Updating roots due to change on user 0at content://com.android.providers.media.documents/root
05-28 05:13:53.027  8555  8555 I ProvidersCache: Updating roots due to change on user 0at content://com.android.providers.media.documents/root
05-28 05:13:53.422  8555  8555 I chatty  : uid=10076(com.android.documentsui) identical 3 lines
05-28 05:13:53.520  8555  8555 I ProvidersCache: Updating roots due to change on user 0at content://com.android.providers.media.documents/root
05-28 05:13:54.442   158   158 I hwservicemanager: getTransport: Cannot find entry android.hardware.graphics.mapper@4.0::IMapper/default in either framework or device manifest.
05-28 05:13:54.442 12880 12880 I Gralloc4: mapper 4.x is not supported
05-28 05:13:54.478  1387  1921 I MediaProvider: Begin Intent { act=android.intent.action.MEDIA_SCANNER_SCAN_FILE dat=file:///sdcard/screen_2026-05-28_051354.png flg=0x1400010 cmp=com.android.providers.media.module/com.android.providers.media.MediaService }
05-28 05:13:54.656     0     0 W audit   : audit_lost=960 audit_rate_limit=5 audit_backlog_limit=64
05-28 05:13:54.659     0     0 E audit   : rate limit exceeded
05-28 05:13:54.493  1387  1921 W ModernMediaScanner: Failed to visit /sdcard/screen_2026-05-28_051354.png: java.nio.file.AccessDeniedException: /sdcard/screen_2026-05-28_051354.png
05-28 05:13:54.498  1387  1921 I MediaProvider: Scanned internal due to REASON_DEMAND, found 0 items in 20ms, 0 inserts 0 updates 0 deletes
05-28 05:13:54.499  1387  1921 I MediaProvider: End Intent { act=android.intent.action.MEDIA_SCANNER_SCAN_FILE dat=file:///sdcard/screen_2026-05-28_051354.png flg=0x1400010 cmp=com.android.providers.media.module/com.android.providers.media.MediaService }
05-28 05:13:54.476  1387  1387 W com.android.providers.media.module: type=1400 audit(0.0:1299): avc: denied { read } for comm=4173796E635461736B202331 name="primary" dev="tmpfs" ino=19238 scontext=u:r:mediaprovider_app:s0:c129,c256,c512,c768 tcontext=u:object_r:mnt_pass_through_file:s0 tclass=lnk_file permissive=0 app=com.android.providers.media.module
05-28 05:13:54.554  1387  1537 I MediaProvider: Deleted 1 items on external_primary due to com.android.shell
05-28 05:13:54.577 12897 12899 I cmd     : oneway function results will be dropped but finished with status OK and parcel size 4
05-28 05:13:54.694   158   158 I hwservicemanager: getTransport: Cannot find entry android.hardware.graphics.mapper@4.0::IMapper/default in either framework or device manifest.
05-28 05:13:54.694 12919 12919 I Gralloc4: mapper 4.x is not supported
05-28 05:13:54.730 12923 12925 I cmd     : oneway function results will be dropped but finished with status OK and parcel size 4
05-28 05:13:54.730  1387  1921 I MediaProvider: Begin Intent { act=android.intent.action.MEDIA_SCANNER_SCAN_FILE dat=file:///sdcard/screen_2026-05-28_051354.png flg=0x1400010 cmp=com.android.providers.media.module/com.android.providers.media.MediaService }
05-28 05:13:54.731  1387  1921 W ModernMediaScanner: Failed to visit /sdcard/screen_2026-05-28_051354.png: java.nio.file.AccessDeniedException: /sdcard/screen_2026-05-28_051354.png
05-28 05:13:54.731  1387  1921 I MediaProvider: Scanned internal due to REASON_DEMAND, found 0 items in 1ms, 0 inserts 0 updates 0 deletes
05-28 05:13:54.732  1387  1921 I MediaProvider: End Intent { act=android.intent.action.MEDIA_SCANNER_SCAN_FILE dat=file:///sdcard/screen_2026-05-28_051354.png flg=0x1400010 cmp=com.android.providers.media.module/com.android.providers.media.MediaService }
05-28 05:13:54.756  1387  1548 I MediaProvider: Deleted 1 items on external_primary due to com.android.shell
05-28 05:13:54.778 12935 12937 I cmd     : oneway function results will be dropped but finished with status OK and parcel size 4
05-28 05:13:54.886   158   158 I hwservicemanager: getTransport: Cannot find entry android.hardware.graphics.mapper@4.0::IMapper/default in either framework or device manifest.
05-28 05:13:54.886 12957 12957 I Gralloc4: mapper 4.x is not supported
05-28 05:13:54.923  1387  1921 I MediaProvider: Begin Intent { act=android.intent.action.MEDIA_SCANNER_SCAN_FILE dat=file:///sdcard/screen_2026-05-28_051354.png flg=0x1400010 cmp=com.android.providers.media.module/com.android.providers.media.MediaService }
05-28 05:13:54.923  1387  1921 W ModernMediaScanner: Failed to visit /sdcard/screen_2026-05-28_051354.png: java.nio.file.AccessDeniedException: /sdcard/screen_2026-05-28_051354.png
05-28 05:13:54.924  1387  1921 I MediaProvider: Scanned internal due to REASON_DEMAND, found 0 items in 1ms, 0 inserts 0 updates 0 deletes
05-28 05:13:54.924  1387  1921 I MediaProvider: End Intent { act=android.intent.action.MEDIA_SCANNER_SCAN_FILE dat=file:///sdcard/screen_2026-05-28_051354.png flg=0x1400010 cmp=com.android.providers.media.module/com.android.providers.media.MediaService }
05-28 05:13:54.944  1387  2592 I MediaProvider: Deleted 1 items on external_primary due to com.android.shell
05-28 05:13:54.967 12972 12974 I cmd     : oneway function results will be dropped but finished with status OK and parcel size 4
05-28 05:13:55.014 12987 12989 I cmd     : oneway function results will be dropped but finished with status OK and parcel size 4
05-28 05:13:55.059 13002 13004 I cmd     : oneway function results will be dropped but finished with status OK and parcel size 4
05-28 05:13:55.173 13029 13029 E libc    : Access denied finding property "persist.device_config.runtime_native_boot.profilebootclasspath"
05-28 05:13:55.173 13029 13029 E libc    : Access denied finding property "persist.device_config.runtime_native_boot.enable_apex_image"
05-28 05:13:55.173  8555  8555 I ProvidersCache: Updating roots due to change on user 0at content://com.android.providers.media.documents/root
05-28 05:13:55.173 13029 13029 I AndroidRuntime: Using default boot image
05-28 05:13:55.173 13029 13029 E libc    : Access denied finding property "persist.device_config.runtime_native_boot.disable_lock_profiling"
05-28 05:13:55.173 13029 13029 I AndroidRuntime: Leaving lock profiling enabled
05-28 05:13:55.174 13029 13029 E libc    : Access denied finding property "persist.device_config.runtime_native_boot.enable_generational_cc"
05-28 05:13:55.176 13029 13029 I app_process: Core platform API reporting enabled, enforcing=false
05-28 05:13:55.213 13029 13029 W app_process: Unexpected CPU variant for X86 using defaults: x86_64
05-28 05:13:55.214 13029 13029 I app_process: The ClassLoaderContext is a special shared library.
05-28 05:13:55.219 13029 13029 W app_process: JNI RegisterNativeMethods: attempt to register 0 native methods for android.media.AudioAttributes
05-28 05:13:55.234  2080  2080 E AccessibilityInteractionClient: 2 Disconnected nodes.
05-28 05:13:55.276  8555  8555 I ProvidersCache: Updating roots due to change on user 0at content://com.android.providers.media.documents/root
05-28 05:13:55.545  8555  8555 I ProvidersCache: Updating roots due to change on user 0at content://com.android.providers.media.documents/root
05-28 05:13:55.699  8555  8555 I chatty  : uid=10076(com.android.documentsui) identical 1 line
05-28 05:13:55.793  8555  8555 I ProvidersCache: Updating roots due to change on user 0at content://com.android.providers.media.documents/root
05-28 05:13:56.923   158   158 I hwservicemanager: getTransport: Cannot find entry android.hardware.graphics.mapper@4.0::IMapper/default in either framework or device manifest.
05-28 05:13:56.923 13063 13063 I Gralloc4: mapper 4.x is not supported
05-28 05:13:56.943  8555  8555 I ProvidersCache: Updating roots due to change on user 0at content://com.android.providers.media.documents/root
05-28 05:13:56.969 13067 13069 I cmd     : oneway function results will be dropped but finished with status OK and parcel size 4
05-28 05:13:57.148     0     0 W audit   : audit_lost=977 audit_rate_limit=5 audit_backlog_limit=64
05-28 05:13:57.150     0     0 E audit   : rate limit exceeded
05-28 05:13:56.969  1387  1921 I MediaProvider: Begin Intent { act=android.intent.action.MEDIA_SCANNER_SCAN_FILE dat=file:///sdcard/screen_2026-05-28_051356.png flg=0x1400010 cmp=com.android.providers.media.module/com.android.providers.media.MediaService }
05-28 05:13:56.974  1387  1921 W ModernMediaScanner: Failed to visit /sdcard/screen_2026-05-28_051356.png: java.nio.file.AccessDeniedException: /sdcard/screen_2026-05-28_051356.png
05-28 05:13:56.974  1387  1921 I MediaProvider: Scanned internal due to REASON_DEMAND, found 0 items in 4ms, 0 inserts 0 updates 0 deletes
05-28 05:13:56.975  1387  1921 I MediaProvider: End Intent { act=android.intent.action.MEDIA_SCANNER_SCAN_FILE dat=file:///sdcard/screen_2026-05-28_051356.png flg=0x1400010 cmp=com.android.providers.media.module/com.android.providers.media.MediaService }
05-28 05:13:56.968  1387  1387 W com.android.providers.media.module: type=1400 audit(0.0:1321): avc: denied { read } for comm=4173796E635461736B202331 name="primary" dev="tmpfs" ino=19238 scontext=u:r:mediaprovider_app:s0:c129,c256,c512,c768 tcontext=u:object_r:mnt_pass_through_file:s0 tclass=lnk_file permissive=0 app=com.android.providers.media.module
05-28 05:13:56.997  1387  1537 I MediaProvider: Deleted 1 items on external_primary due to com.android.shell
05-28 05:13:56.968  1387  1387 W com.android.providers.media.module: type=1400 audit(0.0:1323): avc: denied { read } for comm=4173796E635461736B202331 name="primary" dev="tmpfs" ino=19238 scontext=u:r:mediaprovider_app:s0:c129,c256,c512,c768 tcontext=u:object_r:mnt_pass_through_file:s0 tclass=lnk_file permissive=0 app=com.android.providers.media.module
05-28 05:13:57.042  8555  8555 I ProvidersCache: Updating roots due to change on user 0at content://com.android.providers.media.documents/root
05-28 05:13:57.057 13078 13080 I cmd     : oneway function results will be dropped but finished with status OK and parcel size 4
05-28 05:13:57.171   158   158 I hwservicemanager: getTransport: Cannot find entry android.hardware.graphics.mapper@4.0::IMapper/default in either framework or device manifest.
05-28 05:13:57.171 13100 13100 I Gralloc4: mapper 4.x is not supported
05-28 05:13:57.214 13104 13106 I cmd     : oneway function results will be dropped but finished with status OK and parcel size 4
05-28 05:13:57.214  1387  1921 I MediaProvider: Begin Intent { act=android.intent.action.MEDIA_SCANNER_SCAN_FILE dat=file:///sdcard/screen_2026-05-28_051357.png flg=0x1400010 cmp=com.android.providers.media.module/com.android.providers.media.MediaService }
05-28 05:13:57.215  1387  1921 W ModernMediaScanner: Failed to visit /sdcard/screen_2026-05-28_051357.png: java.nio.file.AccessDeniedException: /sdcard/screen_2026-05-28_051357.png
05-28 05:13:57.215  1387  1921 I MediaProvider: Scanned internal due to REASON_DEMAND, found 0 items in 0ms, 0 inserts 0 updates 0 deletes
05-28 05:13:57.216  1387  1921 I MediaProvider: End Intent { act=android.intent.action.MEDIA_SCANNER_SCAN_FILE dat=file:///sdcard/screen_2026-05-28_051357.png flg=0x1400010 cmp=com.android.providers.media.module/com.android.providers.media.MediaService }
05-28 05:13:57.237  1387  1548 I MediaProvider: Deleted 1 items on external_primary due to com.android.shell
05-28 05:13:57.261 13115 13117 I cmd     : oneway function results will be dropped but finished with status OK and parcel size 4
05-28 05:13:57.289  8555  8555 I ProvidersCache: Updating roots due to change on user 0at content://com.android.providers.media.documents/root
05-28 05:13:57.370   158   158 I hwservicemanager: getTransport: Cannot find entry android.hardware.graphics.mapper@4.0::IMapper/default in either framework or device manifest.
05-28 05:13:57.370 13137 13137 I Gralloc4: mapper 4.x is not supported
05-28 05:13:57.414  1387  1921 I MediaProvider: Begin Intent { act=android.intent.action.MEDIA_SCANNER_SCAN_FILE dat=file:///sdcard/screen_2026-05-28_051357.png flg=0x1400010 cmp=com.android.providers.media.module/com.android.providers.media.MediaService }
05-28 05:13:57.414  1387  1921 W ModernMediaScanner: Failed to visit /sdcard/screen_2026-05-28_051357.png: java.nio.file.AccessDeniedException: /sdcard/screen_2026-05-28_051357.png
05-28 05:13:57.415  1387  1921 I MediaProvider: Scanned internal due to REASON_DEMAND, found 0 items in 1ms, 0 inserts 0 updates 0 deletes
05-28 05:13:57.415  1387  1921 I MediaProvider: End Intent { act=android.intent.action.MEDIA_SCANNER_SCAN_FILE dat=file:///sdcard/screen_2026-05-28_051357.png flg=0x1400010 cmp=com.android.providers.media.module/com.android.providers.media.MediaService }
05-28 05:13:57.475  1387  2592 I MediaProvider: Deleted 1 items on external_primary due to com.android.shell
05-28 05:13:57.499 13152 13154 I cmd     : oneway function results will be dropped but finished with status OK and parcel size 4
05-28 05:13:57.536  8555  8555 I ProvidersCache: Updating roots due to change on user 0at content://com.android.providers.media.documents/root
05-28 05:13:57.550 13167 13169 I cmd     : oneway function results will be dropped but finished with status OK and parcel size 4
05-28 05:13:57.595 13182 13184 I cmd     : oneway function results will be dropped but finished with status OK and parcel size 4
05-28 05:13:57.658 13199 13201 I cmd     : oneway function results will be dropped but finished with status OK and parcel size 4
05-28 05:13:57.728 13211 13211 E libc    : Access denied finding property "persist.device_config.runtime_native_boot.profilebootclasspath"
05-28 05:13:57.728 13211 13211 E libc    : Access denied finding property "persist.device_config.runtime_native_boot.enable_apex_image"
05-28 05:13:57.728 13211 13211 I AndroidRuntime: Using default boot image
05-28 05:13:57.728 13211 13211 E libc    : Access denied finding property "persist.device_config.runtime_native_boot.disable_lock_profiling"
05-28 05:13:57.728 13211 13211 I AndroidRuntime: Leaving lock profiling enabled
05-28 05:13:57.728 13211 13211 E libc    : Access denied finding property "persist.device_config.runtime_native_boot.enable_generational_cc"
05-28 05:13:57.730 13211 13211 I app_process: Core platform API reporting enabled, enforcing=false
05-28 05:13:57.764 13211 13211 W app_process: Unexpected CPU variant for X86 using defaults: x86_64
05-28 05:13:57.765 13211 13211 I app_process: The ClassLoaderContext is a special shared library.
05-28 05:13:57.771 13211 13211 W app_process: JNI RegisterNativeMethods: attempt to register 0 native methods for android.media.AudioAttributes
05-28 05:13:59.473   158   158 I hwservicemanager: getTransport: Cannot find entry android.hardware.graphics.mapper@4.0::IMapper/default in either framework or device manifest.
05-28 05:13:59.473 13242 13242 I Gralloc4: mapper 4.x is not supported
05-28 05:13:59.507 13246 13248 I cmd     : oneway function results will be dropped but finished with status OK and parcel size 4
05-28 05:13:59.508  1387  1921 I MediaProvider: Begin Intent { act=android.intent.action.MEDIA_SCANNER_SCAN_FILE dat=file:///sdcard/screen_2026-05-28_051359.png flg=0x1400010 cmp=com.android.providers.media.module/com.android.providers.media.MediaService }
05-28 05:13:59.514  8555  8555 I ProvidersCache: Updating roots due to change on user 0at content://com.android.providers.media.documents/root
05-28 05:13:59.686     0     0 W audit   : audit_lost=994 audit_rate_limit=5 audit_backlog_limit=64
05-28 05:13:59.694     0     0 E audit   : rate limit exceeded
05-28 05:13:59.518  1387  1921 W ModernMediaScanner: Failed to visit /sdcard/screen_2026-05-28_051359.png: java.nio.file.AccessDeniedException: /sdcard/screen_2026-05-28_051359.png
05-28 05:13:59.522  1387  1921 I MediaProvider: Scanned internal due to REASON_DEMAND, found 0 items in 14ms, 0 inserts 0 updates 0 deletes
05-28 05:13:59.523  1387  1921 I MediaProvider: End Intent { act=android.intent.action.MEDIA_SCANNER_SCAN_FILE dat=file:///sdcard/screen_2026-05-28_051359.png flg=0x1400010 cmp=com.android.providers.media.module/com.android.providers.media.MediaService }
05-28 05:13:59.504  1387  1387 W com.android.providers.media.module: type=1400 audit(0.0:1343): avc: denied { read } for comm=4173796E635461736B202331 name="primary" dev="tmpfs" ino=19238 scontext=u:r:mediaprovider_app:s0:c129,c256,c512,c768 tcontext=u:object_r:mnt_pass_through_file:s0 tclass=lnk_file permissive=0 app=com.android.providers.media.module
05-28 05:13:59.578  1387  1537 I MediaProvider: Deleted 1 items on external_primary due to com.android.shell
05-28 05:13:59.605  8555  8555 I ProvidersCache: Updating roots due to change on user 0at content://com.android.providers.media.documents/root
05-28 05:13:59.620 13258 13260 I cmd     : oneway function results will be dropped but finished with status OK and parcel size 4
05-28 05:13:59.743   158   158 I hwservicemanager: getTransport: Cannot find entry android.hardware.graphics.mapper@4.0::IMapper/default in either framework or device manifest.
05-28 05:13:59.743 13282 13282 I Gralloc4: mapper 4.x is not supported
05-28 05:13:59.778 13286 13288 I cmd     : oneway function results will be dropped but finished with status OK and parcel size 4
05-28 05:13:59.778  1387  1921 I MediaProvider: Begin Intent { act=android.intent.action.MEDIA_SCANNER_SCAN_FILE dat=file:///sdcard/screen_2026-05-28_051359.png flg=0x1400010 cmp=com.android.providers.media.module/com.android.providers.media.MediaService }
05-28 05:13:59.779  1387  1921 W ModernMediaScanner: Failed to visit /sdcard/screen_2026-05-28_051359.png: java.nio.file.AccessDeniedException: /sdcard/screen_2026-05-28_051359.png
05-28 05:13:59.779  1387  1921 I MediaProvider: Scanned internal due to REASON_DEMAND, found 0 items in 1ms, 0 inserts 0 updates 0 deletes
05-28 05:13:59.779  1387  1921 I MediaProvider: End Intent { act=android.intent.action.MEDIA_SCANNER_SCAN_FILE dat=file:///sdcard/screen_2026-05-28_051359.png flg=0x1400010 cmp=com.android.providers.media.module/com.android.providers.media.MediaService }
05-28 05:13:59.796  8555  8555 I ProvidersCache: Updating roots due to change on user 0at content://com.android.providers.media.documents/root
05-28 05:13:59.801  1387  1548 I MediaProvider: Deleted 1 items on external_primary due to com.android.shell
05-28 05:13:59.933   158   158 I hwservicemanager: getTransport: Cannot find entry android.hardware.graphics.mapper@4.0::IMapper/default in either framework or device manifest.
05-28 05:13:59.933 13319 13319 I Gralloc4: mapper 4.x is not supported
05-28 05:13:59.969 13323 13325 I cmd     : oneway function results will be dropped but finished with status OK and parcel size 4
05-28 05:13:59.969  1387  1921 I MediaProvider: Begin Intent { act=android.intent.action.MEDIA_SCANNER_SCAN_FILE dat=file:///sdcard/screen_2026-05-28_051359.png flg=0x1400010 cmp=com.android.providers.media.module/com.android.providers.media.MediaService }
05-28 05:13:59.970  1387  1921 W ModernMediaScanner: Failed to visit /sdcard/screen_2026-05-28_051359.png: java.nio.file.AccessDeniedException: /sdcard/screen_2026-05-28_051359.png
05-28 05:13:59.971  1387  1921 I MediaProvider: Scanned internal due to REASON_DEMAND, found 0 items in 0ms, 0 inserts 0 updates 0 deletes
05-28 05:13:59.971  1387  1921 I MediaProvider: End Intent { act=android.intent.action.MEDIA_SCANNER_SCAN_FILE dat=file:///sdcard/screen_2026-05-28_051359.png flg=0x1400010 cmp=com.android.providers.media.module/com.android.providers.media.MediaService }
05-28 05:13:59.976  8555  8555 I ProvidersCache: Updating roots due to change on user 0at content://com.android.providers.media.documents/root
05-28 05:13:59.993  1387  2592 I MediaProvider: Deleted 1 items on external_primary due to com.android.shell
05-28 05:14:00.022 13335 13337 I cmd     : oneway function results will be dropped but finished with status OK and parcel size 4
05-28 05:14:00.071 13350 13352 I cmd     : oneway function results will be dropped but finished with status OK and parcel size 4
05-28 05:14:00.120 13366 13368 I cmd     : oneway function results will be dropped but finished with status OK and parcel size 4
05-28 05:14:00.164 13381 13383 I cmd     : oneway function results will be dropped but finished with status OK and parcel size 4
05-28 05:14:00.236 13393 13393 E libc    : Access denied finding property "persist.device_config.runtime_native_boot.profilebootclasspath"
05-28 05:14:00.236 13393 13393 E libc    : Access denied finding property "persist.device_config.runtime_native_boot.enable_apex_image"
