05-28 05:14:00.236 13393 13393 I AndroidRuntime: Using default boot image
05-28 05:14:00.236 13393 13393 E libc    : Access denied finding property "persist.device_config.runtime_native_boot.disable_lock_profiling"
05-28 05:14:00.236 13393 13393 I AndroidRuntime: Leaving lock profiling enabled
05-28 05:14:00.236 13393 13393 E libc    : Access denied finding property "persist.device_config.runtime_native_boot.enable_generational_cc"
05-28 05:14:00.238 13393 13393 I app_process: Core platform API reporting enabled, enforcing=false
05-28 05:14:00.275 13393 13393 W app_process: Unexpected CPU variant for X86 using defaults: x86_64
05-28 05:14:00.276 13393 13393 I app_process: The ClassLoaderContext is a special shared library.
05-28 05:14:00.282 13393 13393 W app_process: JNI RegisterNativeMethods: attempt to register 0 native methods for android.media.AudioAttributes
05-28 05:14:00.393  2080  2080 E AccessibilityInteractionClient: 3 Disconnected nodes.
05-28 05:14:01.986  8555  8555 I ProvidersCache: Updating roots due to change on user 0at content://com.android.providers.media.documents/root
05-28 05:14:02.002   158   158 I hwservicemanager: getTransport: Cannot find entry android.hardware.graphics.mapper@4.0::IMapper/default in either framework or device manifest.
05-28 05:14:02.002 13428 13428 I Gralloc4: mapper 4.x is not supported
05-28 05:14:02.038 13432 13434 I cmd     : oneway function results will be dropped but finished with status OK and parcel size 4
05-28 05:14:02.038  1387  1921 I MediaProvider: Begin Intent { act=android.intent.action.MEDIA_SCANNER_SCAN_FILE dat=file:///sdcard/screen_2026-05-28_051402.png flg=0x1400010 cmp=com.android.providers.media.module/com.android.providers.media.MediaService }
05-28 05:14:02.036  1387  1387 W com.android.providers.media.module: type=1400 audit(0.0:1365): avc: denied { read } for comm=4173796E635461736B202331 name="primary" dev="tmpfs" ino=19238 scontext=u:r:mediaprovider_app:s0:c129,c256,c512,c768 tcontext=u:object_r:mnt_pass_through_file:s0 tclass=lnk_file permissive=0 app=com.android.providers.media.module
05-28 05:14:02.217     0     0 W audit   : audit_lost=1011 audit_rate_limit=5 audit_backlog_limit=64
05-28 05:14:02.218     0     0 E audit   : rate limit exceeded
05-28 05:14:02.050  1387  1921 W ModernMediaScanner: Failed to visit /sdcard/screen_2026-05-28_051402.png: java.nio.file.AccessDeniedException: /sdcard/screen_2026-05-28_051402.png
05-28 05:14:02.050  1387  1921 I MediaProvider: Scanned internal due to REASON_DEMAND, found 0 items in 12ms, 0 inserts 0 updates 0 deletes
05-28 05:14:02.050  1387  1921 I MediaProvider: End Intent { act=android.intent.action.MEDIA_SCANNER_SCAN_FILE dat=file:///sdcard/screen_2026-05-28_051402.png flg=0x1400010 cmp=com.android.providers.media.module/com.android.providers.media.MediaService }
05-28 05:14:02.036  1387  1387 W com.android.providers.media.module: type=1400 audit(0.0:1366): avc: denied { read } for comm=4173796E635461736B202331 name="primary" dev="tmpfs" ino=19238 scontext=u:r:mediaprovider_app:s0:c129,c256,c512,c768 tcontext=u:object_r:mnt_pass_through_file:s0 tclass=lnk_file permissive=0 app=com.android.providers.media.module
05-28 05:14:02.086  8555  8555 I ProvidersCache: Updating roots due to change on user 0at content://com.android.providers.media.documents/root
05-28 05:14:02.132  1387  1537 I MediaProvider: Deleted 1 items on external_primary due to com.android.shell
05-28 05:14:02.156 13444 13446 I cmd     : oneway function results will be dropped but finished with status OK and parcel size 4
05-28 05:14:02.271   158   158 I hwservicemanager: getTransport: Cannot find entry android.hardware.graphics.mapper@4.0::IMapper/default in either framework or device manifest.
05-28 05:14:02.271 13466 13466 I Gralloc4: mapper 4.x is not supported
05-28 05:14:02.286  8555  8555 I ProvidersCache: Updating roots due to change on user 0at content://com.android.providers.media.documents/root
05-28 05:14:02.308  1387  1921 I MediaProvider: Begin Intent { act=android.intent.action.MEDIA_SCANNER_SCAN_FILE dat=file:///sdcard/screen_2026-05-28_051402.png flg=0x1400010 cmp=com.android.providers.media.module/com.android.providers.media.MediaService }
05-28 05:14:02.308  1387  1921 W ModernMediaScanner: Failed to visit /sdcard/screen_2026-05-28_051402.png: java.nio.file.AccessDeniedException: /sdcard/screen_2026-05-28_051402.png
05-28 05:14:02.309  1387  1921 I MediaProvider: Scanned internal due to REASON_DEMAND, found 0 items in 1ms, 0 inserts 0 updates 0 deletes
05-28 05:14:02.309  1387  1921 I MediaProvider: End Intent { act=android.intent.action.MEDIA_SCANNER_SCAN_FILE dat=file:///sdcard/screen_2026-05-28_051402.png flg=0x1400010 cmp=com.android.providers.media.module/com.android.providers.media.MediaService }
05-28 05:14:02.369  1387  2592 I MediaProvider: Deleted 1 items on external_primary due to com.android.shell
05-28 05:14:02.392 13481 13483 I cmd     : oneway function results will be dropped but finished with status OK and parcel size 4
05-28 05:14:02.501   158   158 I hwservicemanager: getTransport: Cannot find entry android.hardware.graphics.mapper@4.0::IMapper/default in either framework or device manifest.
05-28 05:14:02.501 13503 13503 I Gralloc4: mapper 4.x is not supported
05-28 05:14:02.505  8555  8555 I ProvidersCache: Updating roots due to change on user 0at content://com.android.providers.media.documents/root
05-28 05:14:02.536  1387  1921 I MediaProvider: Begin Intent { act=android.intent.action.MEDIA_SCANNER_SCAN_FILE dat=file:///sdcard/screen_2026-05-28_051402.png flg=0x1400010 cmp=com.android.providers.media.module/com.android.providers.media.MediaService }
05-28 05:14:02.536  1387  1921 W ModernMediaScanner: Failed to visit /sdcard/screen_2026-05-28_051402.png: java.nio.file.AccessDeniedException: /sdcard/screen_2026-05-28_051402.png
05-28 05:14:02.537  1387  1921 I MediaProvider: Scanned internal due to REASON_DEMAND, found 0 items in 1ms, 0 inserts 0 updates 0 deletes
05-28 05:14:02.538  1387  1921 I MediaProvider: End Intent { act=android.intent.action.MEDIA_SCANNER_SCAN_FILE dat=file:///sdcard/screen_2026-05-28_051402.png flg=0x1400010 cmp=com.android.providers.media.module/com.android.providers.media.MediaService }
05-28 05:14:02.598  1387  1548 I MediaProvider: Deleted 1 items on external_primary due to com.android.shell
05-28 05:14:02.621 13518 13520 I cmd     : oneway function results will be dropped but finished with status OK and parcel size 4
05-28 05:14:02.673 13533 13535 I cmd     : oneway function results will be dropped but finished with status OK and parcel size 4
05-28 05:14:02.788 13565 13567 I cmd     : oneway function results will be dropped but finished with status OK and parcel size 4
05-28 05:14:02.860 13577 13577 E libc    : Access denied finding property "persist.device_config.runtime_native_boot.profilebootclasspath"
05-28 05:14:02.860 13577 13577 E libc    : Access denied finding property "persist.device_config.runtime_native_boot.enable_apex_image"
05-28 05:14:02.860 13577 13577 I AndroidRuntime: Using default boot image
05-28 05:14:02.860 13577 13577 E libc    : Access denied finding property "persist.device_config.runtime_native_boot.disable_lock_profiling"
05-28 05:14:02.860 13577 13577 I AndroidRuntime: Leaving lock profiling enabled
05-28 05:14:02.860 13577 13577 E libc    : Access denied finding property "persist.device_config.runtime_native_boot.enable_generational_cc"
05-28 05:14:02.861 13577 13577 I app_process: Core platform API reporting enabled, enforcing=false
05-28 05:14:02.896 13577 13577 W app_process: Unexpected CPU variant for X86 using defaults: x86_64
05-28 05:14:02.897 13577 13577 I app_process: The ClassLoaderContext is a special shared library.
05-28 05:14:02.902 13577 13577 W app_process: JNI RegisterNativeMethods: attempt to register 0 native methods for android.media.AudioAttributes
05-28 05:14:02.917  2080  2080 E AccessibilityInteractionClient: 3 Disconnected nodes.
05-28 05:14:04.476  8555  8555 I ProvidersCache: Updating roots due to change on user 0at content://com.android.providers.media.documents/root
05-28 05:14:04.596  8555  8555 I ProvidersCache: Updating roots due to change on user 0at content://com.android.providers.media.documents/root
05-28 05:14:04.620   158   158 I hwservicemanager: getTransport: Cannot find entry android.hardware.graphics.mapper@4.0::IMapper/default in either framework or device manifest.
05-28 05:14:04.620 13609 13609 I Gralloc4: mapper 4.x is not supported
05-28 05:14:04.663 13613 13615 I cmd     : oneway function results will be dropped but finished with status OK and parcel size 4
05-28 05:14:04.663  1387  1921 I MediaProvider: Begin Intent { act=android.intent.action.MEDIA_SCANNER_SCAN_FILE dat=file:///sdcard/screen_2026-05-28_051404.png flg=0x1400010 cmp=com.android.providers.media.module/com.android.providers.media.MediaService }
05-28 05:14:04.660  1387  1387 W com.android.providers.media.module: type=1400 audit(0.0:1387): avc: denied { read } for comm=4173796E635461736B202331 name="primary" dev="tmpfs" ino=19238 scontext=u:r:mediaprovider_app:s0:c129,c256,c512,c768 tcontext=u:object_r:mnt_pass_through_file:s0 tclass=lnk_file permissive=0 app=com.android.providers.media.module
05-28 05:14:04.842     0     0 W audit   : audit_lost=1028 audit_rate_limit=5 audit_backlog_limit=64
05-28 05:14:04.851     0     0 E audit   : rate limit exceeded
05-28 05:14:04.682  1387  1921 W ModernMediaScanner: Failed to visit /sdcard/screen_2026-05-28_051404.png: java.nio.file.AccessDeniedException: /sdcard/screen_2026-05-28_051404.png
05-28 05:14:04.682  1387  1921 I MediaProvider: Scanned internal due to REASON_DEMAND, found 0 items in 18ms, 0 inserts 0 updates 0 deletes
05-28 05:14:04.682  1387  1921 I MediaProvider: End Intent { act=android.intent.action.MEDIA_SCANNER_SCAN_FILE dat=file:///sdcard/screen_2026-05-28_051404.png flg=0x1400010 cmp=com.android.providers.media.module/com.android.providers.media.MediaService }
05-28 05:14:04.660  1387  1387 W com.android.providers.media.module: type=1400 audit(0.0:1388): avc: denied { read } for comm=4173796E635461736B202331 name="primary" dev="tmpfs" ino=19238 scontext=u:r:mediaprovider_app:s0:c129,c256,c512,c768 tcontext=u:object_r:mnt_pass_through_file:s0 tclass=lnk_file permissive=0 app=com.android.providers.media.module
05-28 05:14:04.722  1387  1537 I MediaProvider: Deleted 1 items on external_primary due to com.android.shell
05-28 05:14:04.746 13624 13626 I cmd     : oneway function results will be dropped but finished with status OK and parcel size 4
05-28 05:14:04.798  8555  8555 I ProvidersCache: Updating roots due to change on user 0at content://com.android.providers.media.documents/root
05-28 05:14:04.862   158   158 I hwservicemanager: getTransport: Cannot find entry android.hardware.graphics.mapper@4.0::IMapper/default in either framework or device manifest.
05-28 05:14:04.862 13648 13648 I Gralloc4: mapper 4.x is not supported
05-28 05:14:04.906 13652 13654 I cmd     : oneway function results will be dropped but finished with status OK and parcel size 4
05-28 05:14:04.906  1387  1921 I MediaProvider: Begin Intent { act=android.intent.action.MEDIA_SCANNER_SCAN_FILE dat=file:///sdcard/screen_2026-05-28_051404.png flg=0x1400010 cmp=com.android.providers.media.module/com.android.providers.media.MediaService }
05-28 05:14:04.907  1387  1921 W ModernMediaScanner: Failed to visit /sdcard/screen_2026-05-28_051404.png: java.nio.file.AccessDeniedException: /sdcard/screen_2026-05-28_051404.png
05-28 05:14:04.907  1387  1921 I MediaProvider: Scanned internal due to REASON_DEMAND, found 0 items in 1ms, 0 inserts 0 updates 0 deletes
05-28 05:14:04.908  1387  1921 I MediaProvider: End Intent { act=android.intent.action.MEDIA_SCANNER_SCAN_FILE dat=file:///sdcard/screen_2026-05-28_051404.png flg=0x1400010 cmp=com.android.providers.media.module/com.android.providers.media.MediaService }
05-28 05:14:04.927  1387  2592 I MediaProvider: Deleted 1 items on external_primary due to com.android.shell
05-28 05:14:04.951 13663 13665 I cmd     : oneway function results will be dropped but finished with status OK and parcel size 4
05-28 05:14:04.985  8555  8555 I ProvidersCache: Updating roots due to change on user 0at content://com.android.providers.media.documents/root
05-28 05:14:05.062   158   158 I hwservicemanager: getTransport: Cannot find entry android.hardware.graphics.mapper@4.0::IMapper/default in either framework or device manifest.
05-28 05:14:05.062 13685 13685 I Gralloc4: mapper 4.x is not supported
05-28 05:14:05.104 13689 13691 I cmd     : oneway function results will be dropped but finished with status OK and parcel size 4
05-28 05:14:05.105  1387  1921 I MediaProvider: Begin Intent { act=android.intent.action.MEDIA_SCANNER_SCAN_FILE dat=file:///sdcard/screen_2026-05-28_051405.png flg=0x1400010 cmp=com.android.providers.media.module/com.android.providers.media.MediaService }
05-28 05:14:05.105  1387  1921 W ModernMediaScanner: Failed to visit /sdcard/screen_2026-05-28_051405.png: java.nio.file.AccessDeniedException: /sdcard/screen_2026-05-28_051405.png
05-28 05:14:05.106  1387  1921 I MediaProvider: Scanned internal due to REASON_DEMAND, found 0 items in 1ms, 0 inserts 0 updates 0 deletes
05-28 05:14:05.107  1387  1921 I MediaProvider: End Intent { act=android.intent.action.MEDIA_SCANNER_SCAN_FILE dat=file:///sdcard/screen_2026-05-28_051405.png flg=0x1400010 cmp=com.android.providers.media.module/com.android.providers.media.MediaService }
05-28 05:14:05.128  1387  1548 I MediaProvider: Deleted 1 items on external_primary due to com.android.shell
05-28 05:14:05.151 13700 13702 I cmd     : oneway function results will be dropped but finished with status OK and parcel size 4
05-28 05:14:05.195 13715 13717 I cmd     : oneway function results will be dropped but finished with status OK and parcel size 4
05-28 05:14:05.241 13730 13732 I cmd     : oneway function results will be dropped but finished with status OK and parcel size 4
05-28 05:14:05.354 13757 13757 E libc    : Access denied finding property "persist.device_config.runtime_native_boot.profilebootclasspath"
05-28 05:14:05.354 13757 13757 E libc    : Access denied finding property "persist.device_config.runtime_native_boot.enable_apex_image"
05-28 05:14:05.354 13757 13757 I AndroidRuntime: Using default boot image
05-28 05:14:05.354 13757 13757 E libc    : Access denied finding property "persist.device_config.runtime_native_boot.disable_lock_profiling"
05-28 05:14:05.354 13757 13757 I AndroidRuntime: Leaving lock profiling enabled
05-28 05:14:05.355 13757 13757 E libc    : Access denied finding property "persist.device_config.runtime_native_boot.enable_generational_cc"
05-28 05:14:05.356 13757 13757 I app_process: Core platform API reporting enabled, enforcing=false
05-28 05:14:05.390 13757 13757 W app_process: Unexpected CPU variant for X86 using defaults: x86_64
05-28 05:14:05.391 13757 13757 I app_process: The ClassLoaderContext is a special shared library.
05-28 05:14:05.397 13757 13757 W app_process: JNI RegisterNativeMethods: attempt to register 0 native methods for android.media.AudioAttributes
05-28 05:14:06.962  8555  8555 I ProvidersCache: Updating roots due to change on user 0at content://com.android.providers.media.documents/root
05-28 05:14:07.442     0     0 W healthd : battery l=100 v=5000 t=25.0 h=2 st=2 c=900000 fc=300000 cc=10 chg=a
05-28 05:14:07.209  8555  8555 I chatty  : uid=10076(com.android.documentsui) identical 2 lines
05-28 05:14:07.264  8555  8555 I ProvidersCache: Updating roots due to change on user 0at content://com.android.providers.media.documents/root
05-28 05:14:07.409  8555  8555 I ProvidersCache: Updating roots due to change on user 0at content://com.android.providers.media.documents/root
05-28 05:14:07.410   158   158 I hwservicemanager: getTransport: Cannot find entry android.hardware.graphics.mapper@4.0::IMapper/default in either framework or device manifest.
05-28 05:14:07.410 13786 13786 I Gralloc4: mapper 4.x is not supported
05-28 05:14:07.453 13791 13793 I cmd     : oneway function results will be dropped but finished with status OK and parcel size 4
05-28 05:14:07.453  1387  1921 I MediaProvider: Begin Intent { act=android.intent.action.MEDIA_SCANNER_SCAN_FILE dat=file:///sdcard/screen_2026-05-28_051407.png flg=0x1400010 cmp=com.android.providers.media.module/com.android.providers.media.MediaService }
05-28 05:14:07.457  1387  1921 W ModernMediaScanner: Failed to visit /sdcard/screen_2026-05-28_051407.png: java.nio.file.AccessDeniedException: /sdcard/screen_2026-05-28_051407.png
05-28 05:14:07.632     0     0 W audit   : audit_lost=1045 audit_rate_limit=5 audit_backlog_limit=64
05-28 05:14:07.634     0     0 E audit   : rate limit exceeded
05-28 05:14:07.458  1387  1921 I MediaProvider: Scanned internal due to REASON_DEMAND, found 0 items in 5ms, 0 inserts 0 updates 0 deletes
05-28 05:14:07.462  1387  1921 I MediaProvider: End Intent { act=android.intent.action.MEDIA_SCANNER_SCAN_FILE dat=file:///sdcard/screen_2026-05-28_051407.png flg=0x1400010 cmp=com.android.providers.media.module/com.android.providers.media.MediaService }
05-28 05:14:07.452  1387  1387 W com.android.providers.media.module: type=1400 audit(0.0:1409): avc: denied { read } for comm=4173796E635461736B202331 name="primary" dev="tmpfs" ino=19238 scontext=u:r:mediaprovider_app:s0:c129,c256,c512,c768 tcontext=u:object_r:mnt_pass_through_file:s0 tclass=lnk_file permissive=0 app=com.android.providers.media.module
05-28 05:14:07.510  1387  1537 I MediaProvider: Deleted 1 items on external_primary due to com.android.shell
05-28 05:14:07.517  8555  8555 I ProvidersCache: Updating roots due to change on user 0at content://com.android.providers.media.documents/root
05-28 05:14:07.534 13802 13804 I cmd     : oneway function results will be dropped but finished with status OK and parcel size 4
05-28 05:14:07.657   158   158 I hwservicemanager: getTransport: Cannot find entry android.hardware.graphics.mapper@4.0::IMapper/default in either framework or device manifest.
05-28 05:14:07.657 13824 13824 I Gralloc4: mapper 4.x is not supported
05-28 05:14:07.700 13828 13830 I cmd     : oneway function results will be dropped but finished with status OK and parcel size 4
05-28 05:14:07.701  1387  1921 I MediaProvider: Begin Intent { act=android.intent.action.MEDIA_SCANNER_SCAN_FILE dat=file:///sdcard/screen_2026-05-28_051407.png flg=0x1400010 cmp=com.android.providers.media.module/com.android.providers.media.MediaService }
05-28 05:14:07.702  1387  1921 W ModernMediaScanner: Failed to visit /sdcard/screen_2026-05-28_051407.png: java.nio.file.AccessDeniedException: /sdcard/screen_2026-05-28_051407.png
05-28 05:14:07.704  1387  1921 I MediaProvider: Scanned internal due to REASON_DEMAND, found 0 items in 3ms, 0 inserts 0 updates 0 deletes
05-28 05:14:07.705  1387  1921 I MediaProvider: End Intent { act=android.intent.action.MEDIA_SCANNER_SCAN_FILE dat=file:///sdcard/screen_2026-05-28_051407.png flg=0x1400010 cmp=com.android.providers.media.module/com.android.providers.media.MediaService }
05-28 05:14:07.721  1387  2592 I MediaProvider: Deleted 1 items on external_primary due to com.android.shell
05-28 05:14:07.859   158   158 I hwservicemanager: getTransport: Cannot find entry android.hardware.graphics.mapper@4.0::IMapper/default in either framework or device manifest.
05-28 05:14:07.859 13861 13861 I Gralloc4: mapper 4.x is not supported
05-28 05:14:07.903  1387  1921 I MediaProvider: Begin Intent { act=android.intent.action.MEDIA_SCANNER_SCAN_FILE dat=file:///sdcard/screen_2026-05-28_051407.png flg=0x1400010 cmp=com.android.providers.media.module/com.android.providers.media.MediaService }
05-28 05:14:07.903  1387  1921 W ModernMediaScanner: Failed to visit /sdcard/screen_2026-05-28_051407.png: java.nio.file.AccessDeniedException: /sdcard/screen_2026-05-28_051407.png
05-28 05:14:07.904  1387  1921 I MediaProvider: Scanned internal due to REASON_DEMAND, found 0 items in 1ms, 0 inserts 0 updates 0 deletes
05-28 05:14:07.906  1387  1921 I MediaProvider: End Intent { act=android.intent.action.MEDIA_SCANNER_SCAN_FILE dat=file:///sdcard/screen_2026-05-28_051407.png flg=0x1400010 cmp=com.android.providers.media.module/com.android.providers.media.MediaService }
05-28 05:14:07.964  1387  1548 I MediaProvider: Deleted 1 items on external_primary due to com.android.shell
05-28 05:14:07.989 13878 13880 I cmd     : oneway function results will be dropped but finished with status OK and parcel size 4
05-28 05:14:08.033 13893 13895 I cmd     : oneway function results will be dropped but finished with status OK and parcel size 4
05-28 05:14:08.079 13908 13910 I cmd     : oneway function results will be dropped but finished with status OK and parcel size 4
05-28 05:14:08.122 13923 13925 I cmd     : oneway function results will be dropped but finished with status OK and parcel size 4
05-28 05:14:08.193 13935 13935 E libc    : Access denied finding property "persist.device_config.runtime_native_boot.profilebootclasspath"
05-28 05:14:08.193 13935 13935 E libc    : Access denied finding property "persist.device_config.runtime_native_boot.enable_apex_image"
05-28 05:14:08.193 13935 13935 I AndroidRuntime: Using default boot image
05-28 05:14:08.193 13935 13935 E libc    : Access denied finding property "persist.device_config.runtime_native_boot.disable_lock_profiling"
05-28 05:14:08.193 13935 13935 I AndroidRuntime: Leaving lock profiling enabled
05-28 05:14:08.193 13935 13935 E libc    : Access denied finding property "persist.device_config.runtime_native_boot.enable_generational_cc"
05-28 05:14:08.194 13935 13935 I app_process: Core platform API reporting enabled, enforcing=false
05-28 05:14:08.228 13935 13935 W app_process: Unexpected CPU variant for X86 using defaults: x86_64
05-28 05:14:08.229 13935 13935 I app_process: The ClassLoaderContext is a special shared library.
05-28 05:14:08.235 13935 13935 W app_process: JNI RegisterNativeMethods: attempt to register 0 native methods for android.media.AudioAttributes
05-28 05:14:08.660   474   474 E wifi_forwarder: qemu_pipe_open_ns:62: Could not connect to the 'pipe:qemud:wififorward' service: Invalid argument
05-28 05:14:08.660   474   474 E wifi_forwarder: RemoteConnection failed to initialize: RemoteConnection failed to open pipe
05-28 05:14:08.660   466   466 E netmgr  : qemu_pipe_open_ns:62: Could not connect to the 'pipe:qemud:network' service: Invalid argument
05-28 05:14:08.660   466   466 E netmgr  : Failed to open QEMU pipe 'qemud:network': Invalid argument
05-28 05:14:09.476  8555  8555 I ProvidersCache: Updating roots due to change on user 0at content://com.android.providers.media.documents/root
05-28 05:14:09.966  8555  8555 I chatty  : uid=10076(com.android.documentsui) identical 4 lines
05-28 05:14:10.026  8555  8555 I ProvidersCache: Updating roots due to change on user 0at content://com.android.providers.media.documents/root
05-28 05:14:10.244   158   158 I hwservicemanager: getTransport: Cannot find entry android.hardware.graphics.mapper@4.0::IMapper/default in either framework or device manifest.
05-28 05:14:10.244 13964 13964 I Gralloc4: mapper 4.x is not supported
05-28 05:14:10.289 13968 13970 I cmd     : oneway function results will be dropped but finished with status OK and parcel size 4
05-28 05:14:10.289  1387  1921 I MediaProvider: Begin Intent { act=android.intent.action.MEDIA_SCANNER_SCAN_FILE dat=file:///sdcard/screen_2026-05-28_051410.png flg=0x1400010 cmp=com.android.providers.media.module/com.android.providers.media.MediaService }
05-28 05:14:10.288  1387  1387 W com.android.providers.media.module: type=1400 audit(0.0:1431): avc: denied { read } for comm=4173796E635461736B202331 name="primary" dev="tmpfs" ino=19238 scontext=u:r:mediaprovider_app:s0:c129,c256,c512,c768 tcontext=u:object_r:mnt_pass_through_file:s0 tclass=lnk_file permissive=0 app=com.android.providers.media.module
05-28 05:14:10.468     0     0 W audit   : audit_lost=1062 audit_rate_limit=5 audit_backlog_limit=64
05-28 05:14:10.476     0     0 E audit   : rate limit exceeded
05-28 05:14:10.288  1387  1387 W com.android.providers.media.module: type=1400 audit(0.0:1432): avc: denied { read } for comm=4173796E635461736B202331 name="primary" dev="tmpfs" ino=19238 scontext=u:r:mediaprovider_app:s0:c129,c256,c512,c768 tcontext=u:object_r:mnt_pass_through_file:s0 tclass=lnk_file permissive=0 app=com.android.providers.media.module
05-28 05:14:10.306  1387  1921 W ModernMediaScanner: Failed to visit /sdcard/screen_2026-05-28_051410.png: java.nio.file.AccessDeniedException: /sdcard/screen_2026-05-28_051410.png
05-28 05:14:10.306  1387  1921 I MediaProvider: Scanned internal due to REASON_DEMAND, found 0 items in 17ms, 0 inserts 0 updates 0 deletes
05-28 05:14:10.306  1387  1921 I MediaProvider: End Intent { act=android.intent.action.MEDIA_SCANNER_SCAN_FILE dat=file:///sdcard/screen_2026-05-28_051410.png flg=0x1400010 cmp=com.android.providers.media.module/com.android.providers.media.MediaService }
05-28 05:14:10.288  1387  1387 W com.android.providers.media.module: type=1400 audit(0.0:1433): avc: denied { read } for comm=4173796E635461736B202331 name="primary" dev="tmpfs" ino=19238 scontext=u:r:mediaprovider_app:s0:c129,c256,c512,c768 tcontext=u:object_r:mnt_pass_through_file:s0 tclass=lnk_file permissive=0 app=com.android.providers.media.module
05-28 05:14:10.342  1387  1548 I MediaProvider: Deleted 1 items on external_primary due to com.android.shell
05-28 05:14:10.367 13979 13981 I cmd     : oneway function results will be dropped but finished with status OK and parcel size 4
05-28 05:14:10.476   158   158 I hwservicemanager: getTransport: Cannot find entry android.hardware.graphics.mapper@4.0::IMapper/default in either framework or device manifest.
05-28 05:14:10.476 14001 14001 I Gralloc4: mapper 4.x is not supported
05-28 05:14:10.518 14005 14007 I cmd     : oneway function results will be dropped but finished with status OK and parcel size 4
05-28 05:14:10.519  1387  1921 I MediaProvider: Begin Intent { act=android.intent.action.MEDIA_SCANNER_SCAN_FILE dat=file:///sdcard/screen_2026-05-28_051410.png flg=0x1400010 cmp=com.android.providers.media.module/com.android.providers.media.MediaService }
05-28 05:14:10.520  1387  1921 W ModernMediaScanner: Failed to visit /sdcard/screen_2026-05-28_051410.png: java.nio.file.AccessDeniedException: /sdcard/screen_2026-05-28_051410.png
05-28 05:14:10.521  1387  1921 I MediaProvider: Scanned internal due to REASON_DEMAND, found 0 items in 2ms, 0 inserts 0 updates 0 deletes
05-28 05:14:10.521  1387  1921 I MediaProvider: End Intent { act=android.intent.action.MEDIA_SCANNER_SCAN_FILE dat=file:///sdcard/screen_2026-05-28_051410.png flg=0x1400010 cmp=com.android.providers.media.module/com.android.providers.media.MediaService }
05-28 05:14:10.579  1387  2592 I MediaProvider: Deleted 1 items on external_primary due to com.android.shell
05-28 05:14:10.603 14016 14018 I cmd     : oneway function results will be dropped but finished with status OK and parcel size 4
05-28 05:14:10.711   158   158 I hwservicemanager: getTransport: Cannot find entry android.hardware.graphics.mapper@4.0::IMapper/default in either framework or device manifest.
05-28 05:14:10.711 14038 14038 I Gralloc4: mapper 4.x is not supported
05-28 05:14:10.755  1387  1921 I MediaProvider: Begin Intent { act=android.intent.action.MEDIA_SCANNER_SCAN_FILE dat=file:///sdcard/screen_2026-05-28_051410.png flg=0x1400010 cmp=com.android.providers.media.module/com.android.providers.media.MediaService }
05-28 05:14:10.757  1387  1921 W ModernMediaScanner: Failed to visit /sdcard/screen_2026-05-28_051410.png: java.nio.file.AccessDeniedException: /sdcard/screen_2026-05-28_051410.png
05-28 05:14:10.758  1387  1921 I MediaProvider: Scanned internal due to REASON_DEMAND, found 0 items in 2ms, 0 inserts 0 updates 0 deletes
05-28 05:14:10.758  1387  1921 I MediaProvider: End Intent { act=android.intent.action.MEDIA_SCANNER_SCAN_FILE dat=file:///sdcard/screen_2026-05-28_051410.png flg=0x1400010 cmp=com.android.providers.media.module/com.android.providers.media.MediaService }
05-28 05:14:10.775  1387  1537 I MediaProvider: Deleted 1 items on external_primary due to com.android.shell
05-28 05:14:10.799 14053 14055 I cmd     : oneway function results will be dropped but finished with status OK and parcel size 4
05-28 05:14:10.844 14068 14070 I cmd     : oneway function results will be dropped but finished with status OK and parcel size 4
05-28 05:14:10.949 14100 14102 I cmd     : oneway function results will be dropped but finished with status OK and parcel size 4
05-28 05:14:11.020 14112 14112 E libc    : Access denied finding property "persist.device_config.runtime_native_boot.profilebootclasspath"
05-28 05:14:11.020 14112 14112 E libc    : Access denied finding property "persist.device_config.runtime_native_boot.enable_apex_image"
05-28 05:14:11.020 14112 14112 I AndroidRuntime: Using default boot image
05-28 05:14:11.020 14112 14112 E libc    : Access denied finding property "persist.device_config.runtime_native_boot.disable_lock_profiling"
05-28 05:14:11.020 14112 14112 I AndroidRuntime: Leaving lock profiling enabled
05-28 05:14:11.020 14112 14112 E libc    : Access denied finding property "persist.device_config.runtime_native_boot.enable_generational_cc"
05-28 05:14:11.021 14112 14112 I app_process: Core platform API reporting enabled, enforcing=false
05-28 05:14:11.056 14112 14112 W app_process: Unexpected CPU variant for X86 using defaults: x86_64
05-28 05:14:11.057 14112 14112 I app_process: The ClassLoaderContext is a special shared library.
05-28 05:14:11.063 14112 14112 W app_process: JNI RegisterNativeMethods: attempt to register 0 native methods for android.media.AudioAttributes
05-28 05:14:12.042  8555  8555 I ProvidersCache: Updating roots due to change on user 0at content://com.android.providers.media.documents/root
05-28 05:14:12.506  8555  8555 I chatty  : uid=10076(com.android.documentsui) identical 4 lines
05-28 05:14:12.638  8555  8555 I ProvidersCache: Updating roots due to change on user 0at content://com.android.providers.media.documents/root
05-28 05:14:13.073   158   158 I hwservicemanager: getTransport: Cannot find entry android.hardware.graphics.mapper@4.0::IMapper/default in either framework or device manifest.
05-28 05:14:13.073 14142 14142 I Gralloc4: mapper 4.x is not supported
05-28 05:14:13.120  1387  1921 I MediaProvider: Begin Intent { act=android.intent.action.MEDIA_SCANNER_SCAN_FILE dat=file:///sdcard/screen_2026-05-28_051413.png flg=0x1400010 cmp=com.android.providers.media.module/com.android.providers.media.MediaService }
05-28 05:14:13.121 14146 14148 I cmd     : oneway function results will be dropped but finished with status OK and parcel size 4
05-28 05:14:13.116  1387  1387 W com.android.providers.media.module: type=1400 audit(0.0:1453): avc: denied { read } for comm=4173796E635461736B202331 name="primary" dev="tmpfs" ino=19238 scontext=u:r:mediaprovider_app:s0:c129,c256,c512,c768 tcontext=u:object_r:mnt_pass_through_file:s0 tclass=lnk_file permissive=0 app=com.android.providers.media.module
05-28 05:14:13.299     0     0 W audit   : audit_lost=1079 audit_rate_limit=5 audit_backlog_limit=64
05-28 05:14:13.302     0     0 E audit   : rate limit exceeded
05-28 05:14:13.135  1387  1921 W ModernMediaScanner: Failed to visit /sdcard/screen_2026-05-28_051413.png: java.nio.file.AccessDeniedException: /sdcard/screen_2026-05-28_051413.png
05-28 05:14:13.135  1387  1921 I MediaProvider: Scanned internal due to REASON_DEMAND, found 0 items in 14ms, 0 inserts 0 updates 0 deletes
05-28 05:14:13.136  1387  1921 I MediaProvider: End Intent { act=android.intent.action.MEDIA_SCANNER_SCAN_FILE dat=file:///sdcard/screen_2026-05-28_051413.png flg=0x1400010 cmp=com.android.providers.media.module/com.android.providers.media.MediaService }
05-28 05:14:13.116  1387  1387 W com.android.providers.media.module: type=1400 audit(0.0:1454): avc: denied { read } for comm=4173796E635461736B202331 name="primary" dev="tmpfs" ino=19238 scontext=u:r:mediaprovider_app:s0:c129,c256,c512,c768 tcontext=u:object_r:mnt_pass_through_file:s0 tclass=lnk_file permissive=0 app=com.android.providers.media.module
05-28 05:14:13.180  1387  1548 I MediaProvider: Deleted 1 items on external_primary due to com.android.shell
05-28 05:14:13.204 14157 14159 I cmd     : oneway function results will be dropped but finished with status OK and parcel size 4
05-28 05:14:13.313   158   158 I hwservicemanager: getTransport: Cannot find entry android.hardware.graphics.mapper@4.0::IMapper/default in either framework or device manifest.
05-28 05:14:13.313 14179 14179 I Gralloc4: mapper 4.x is not supported
05-28 05:14:13.355 14183 14185 I cmd     : oneway function results will be dropped but finished with status OK and parcel size 4
05-28 05:14:13.356  1387  1921 I MediaProvider: Begin Intent { act=android.intent.action.MEDIA_SCANNER_SCAN_FILE dat=file:///sdcard/screen_2026-05-28_051413.png flg=0x1400010 cmp=com.android.providers.media.module/com.android.providers.media.MediaService }
05-28 05:14:13.356  1387  1921 W ModernMediaScanner: Failed to visit /sdcard/screen_2026-05-28_051413.png: java.nio.file.AccessDeniedException: /sdcard/screen_2026-05-28_051413.png
05-28 05:14:13.357  1387  1921 I MediaProvider: Scanned internal due to REASON_DEMAND, found 0 items in 1ms, 0 inserts 0 updates 0 deletes
05-28 05:14:13.358  1387  1921 I MediaProvider: End Intent { act=android.intent.action.MEDIA_SCANNER_SCAN_FILE dat=file:///sdcard/screen_2026-05-28_051413.png flg=0x1400010 cmp=com.android.providers.media.module/com.android.providers.media.MediaService }
05-28 05:14:13.416  1387  2592 I MediaProvider: Deleted 1 items on external_primary due to com.android.shell
05-28 05:14:13.440 14194 14196 I cmd     : oneway function results will be dropped but finished with status OK and parcel size 4
05-28 05:14:13.549   158   158 I hwservicemanager: getTransport: Cannot find entry android.hardware.graphics.mapper@4.0::IMapper/default in either framework or device manifest.
05-28 05:14:13.549 14216 14216 I Gralloc4: mapper 4.x is not supported
05-28 05:14:13.592 14220 14222 I cmd     : oneway function results will be dropped but finished with status OK and parcel size 4
05-28 05:14:13.592  1387  1921 I MediaProvider: Begin Intent { act=android.intent.action.MEDIA_SCANNER_SCAN_FILE dat=file:///sdcard/screen_2026-05-28_051413.png flg=0x1400010 cmp=com.android.providers.media.module/com.android.providers.media.MediaService }
05-28 05:14:13.593  1387  1921 W ModernMediaScanner: Failed to visit /sdcard/screen_2026-05-28_051413.png: java.nio.file.AccessDeniedException: /sdcard/screen_2026-05-28_051413.png
05-28 05:14:13.593  1387  1921 I MediaProvider: Scanned internal due to REASON_DEMAND, found 0 items in 1ms, 0 inserts 0 updates 0 deletes
05-28 05:14:13.594  1387  1921 I MediaProvider: End Intent { act=android.intent.action.MEDIA_SCANNER_SCAN_FILE dat=file:///sdcard/screen_2026-05-28_051413.png flg=0x1400010 cmp=com.android.providers.media.module/com.android.providers.media.MediaService }
05-28 05:14:13.653  1387  1537 I MediaProvider: Deleted 1 items on external_primary due to com.android.shell
05-28 05:14:13.722 14246 14248 I cmd     : oneway function results will be dropped but finished with status OK and parcel size 4
05-28 05:14:13.771 14261 14263 I cmd     : oneway function results will be dropped but finished with status OK and parcel size 4
05-28 05:14:13.817 14276 14278 I cmd     : oneway function results will be dropped but finished with status OK and parcel size 4
05-28 05:14:13.890 14288 14288 E libc    : Access denied finding property "persist.device_config.runtime_native_boot.profilebootclasspath"
05-28 05:14:13.890 14288 14288 E libc    : Access denied finding property "persist.device_config.runtime_native_boot.enable_apex_image"
05-28 05:14:13.890 14288 14288 I AndroidRuntime: Using default boot image
05-28 05:14:13.890 14288 14288 E libc    : Access denied finding property "persist.device_config.runtime_native_boot.disable_lock_profiling"
05-28 05:14:13.890 14288 14288 I AndroidRuntime: Leaving lock profiling enabled
05-28 05:14:13.890 14288 14288 E libc    : Access denied finding property "persist.device_config.runtime_native_boot.enable_generational_cc"
05-28 05:14:13.891 14288 14288 I app_process: Core platform API reporting enabled, enforcing=false
05-28 05:14:13.926 14288 14288 W app_process: Unexpected CPU variant for X86 using defaults: x86_64
05-28 05:14:13.927 14288 14288 I app_process: The ClassLoaderContext is a special shared library.
05-28 05:14:13.933 14288 14288 W app_process: JNI RegisterNativeMethods: attempt to register 0 native methods for android.media.AudioAttributes
05-28 05:14:14.646  8555  8555 I ProvidersCache: Updating roots due to change on user 0at content://com.android.providers.media.documents/root
05-28 05:14:15.102  8555  8555 I chatty  : uid=10076(com.android.documentsui) identical 4 lines
05-28 05:14:15.146  8555  8555 I ProvidersCache: Updating roots due to change on user 0at content://com.android.providers.media.documents/root
05-28 05:14:15.937   158   158 I hwservicemanager: getTransport: Cannot find entry android.hardware.graphics.mapper@4.0::IMapper/default in either framework or device manifest.
05-28 05:14:15.937 14317 14317 I Gralloc4: mapper 4.x is not supported
05-28 05:14:15.980 14321 14323 I cmd     : oneway function results will be dropped but finished with status OK and parcel size 4
05-28 05:14:15.980  1387  1921 I MediaProvider: Begin Intent { act=android.intent.action.MEDIA_SCANNER_SCAN_FILE dat=file:///sdcard/screen_2026-05-28_051415.png flg=0x1400010 cmp=com.android.providers.media.module/com.android.providers.media.MediaService }
05-28 05:14:15.984  1387  1921 W ModernMediaScanner: Failed to visit /sdcard/screen_2026-05-28_051415.png: java.nio.file.AccessDeniedException: /sdcard/screen_2026-05-28_051415.png
05-28 05:14:15.984  1387  1921 I MediaProvider: Scanned internal due to REASON_DEMAND, found 0 items in 4ms, 0 inserts 0 updates 0 deletes
05-28 05:14:15.985  1387  1921 I MediaProvider: End Intent { act=android.intent.action.MEDIA_SCANNER_SCAN_FILE dat=file:///sdcard/screen_2026-05-28_051415.png flg=0x1400010 cmp=com.android.providers.media.module/com.android.providers.media.MediaService }
05-28 05:14:16.159     0     0 W audit   : audit_lost=1096 audit_rate_limit=5 audit_backlog_limit=64
05-28 05:14:16.161     0     0 E audit   : rate limit exceeded
05-28 05:14:15.976  1387  1387 W com.android.providers.media.module: type=1400 audit(0.0:1475): avc: denied { read } for comm=4173796E635461736B202331 name="primary" dev="tmpfs" ino=19238 scontext=u:r:mediaprovider_app:s0:c129,c256,c512,c768 tcontext=u:object_r:mnt_pass_through_file:s0 tclass=lnk_file permissive=0 app=com.android.providers.media.module
05-28 05:14:16.056  1387  1548 I MediaProvider: Deleted 1 items on external_primary due to com.android.shell
05-28 05:14:16.080 14334 14336 I cmd     : oneway function results will be dropped but finished with status OK and parcel size 4
05-28 05:14:16.188   158   158 I hwservicemanager: getTransport: Cannot find entry android.hardware.graphics.mapper@4.0::IMapper/default in either framework or device manifest.
05-28 05:14:16.189 14356 14356 I Gralloc4: mapper 4.x is not supported
05-28 05:14:16.234  1387  1921 I MediaProvider: Begin Intent { act=android.intent.action.MEDIA_SCANNER_SCAN_FILE dat=file:///sdcard/screen_2026-05-28_051416.png flg=0x1400010 cmp=com.android.providers.media.module/com.android.providers.media.MediaService }
05-28 05:14:16.235  1387  1921 W ModernMediaScanner: Failed to visit /sdcard/screen_2026-05-28_051416.png: java.nio.file.AccessDeniedException: /sdcard/screen_2026-05-28_051416.png
05-28 05:14:16.237  1387  1921 I MediaProvider: Scanned internal due to REASON_DEMAND, found 0 items in 3ms, 0 inserts 0 updates 0 deletes
05-28 05:14:16.238  1387  1921 I MediaProvider: End Intent { act=android.intent.action.MEDIA_SCANNER_SCAN_FILE dat=file:///sdcard/screen_2026-05-28_051416.png flg=0x1400010 cmp=com.android.providers.media.module/com.android.providers.media.MediaService }
05-28 05:14:16.254  1387  2592 I MediaProvider: Deleted 1 items on external_primary due to com.android.shell
05-28 05:14:16.278 14371 14373 I cmd     : oneway function results will be dropped but finished with status OK and parcel size 4
05-28 05:14:16.391   158   158 I hwservicemanager: getTransport: Cannot find entry android.hardware.graphics.mapper@4.0::IMapper/default in either framework or device manifest.
05-28 05:14:16.392 14393 14393 I Gralloc4: mapper 4.x is not supported
05-28 05:14:16.437 14397 14399 I cmd     : oneway function results will be dropped but finished with status OK and parcel size 4
05-28 05:14:16.437  1387  1921 I MediaProvider: Begin Intent { act=android.intent.action.MEDIA_SCANNER_SCAN_FILE dat=file:///sdcard/screen_2026-05-28_051416.png flg=0x1400010 cmp=com.android.providers.media.module/com.android.providers.media.MediaService }
05-28 05:14:16.438  1387  1921 W ModernMediaScanner: Failed to visit /sdcard/screen_2026-05-28_051416.png: java.nio.file.AccessDeniedException: /sdcard/screen_2026-05-28_051416.png
05-28 05:14:16.439  1387  1921 I MediaProvider: Scanned internal due to REASON_DEMAND, found 0 items in 1ms, 0 inserts 0 updates 0 deletes
05-28 05:14:16.439  1387  1921 I MediaProvider: End Intent { act=android.intent.action.MEDIA_SCANNER_SCAN_FILE dat=file:///sdcard/screen_2026-05-28_051416.png flg=0x1400010 cmp=com.android.providers.media.module/com.android.providers.media.MediaService }
05-28 05:14:16.459  1387  1548 I MediaProvider: Deleted 1 items on external_primary due to com.android.shell
05-28 05:14:16.572 14438 14440 I cmd     : oneway function results will be dropped but finished with status OK and parcel size 4
05-28 05:14:16.619 14453 14455 I cmd     : oneway function results will be dropped but finished with status OK and parcel size 4
05-28 05:14:16.690 14465 14465 E libc    : Access denied finding property "persist.device_config.runtime_native_boot.profilebootclasspath"
05-28 05:14:16.690 14465 14465 E libc    : Access denied finding property "persist.device_config.runtime_native_boot.enable_apex_image"
05-28 05:14:16.690 14465 14465 I AndroidRuntime: Using default boot image
05-28 05:14:16.690 14465 14465 E libc    : Access denied finding property "persist.device_config.runtime_native_boot.disable_lock_profiling"
05-28 05:14:16.690 14465 14465 I AndroidRuntime: Leaving lock profiling enabled
05-28 05:14:16.690 14465 14465 E libc    : Access denied finding property "persist.device_config.runtime_native_boot.enable_generational_cc"
05-28 05:14:16.691 14465 14465 I app_process: Core platform API reporting enabled, enforcing=false
05-28 05:14:16.727 14465 14465 W app_process: Unexpected CPU variant for X86 using defaults: x86_64
05-28 05:14:16.727 14465 14465 I app_process: The ClassLoaderContext is a special shared library.
05-28 05:14:16.733 14465 14465 W app_process: JNI RegisterNativeMethods: attempt to register 0 native methods for android.media.AudioAttributes
05-28 05:14:16.851  2080  2080 E AccessibilityInteractionClient: 3 Disconnected nodes.
05-28 05:14:17.442  8555  8555 I ProvidersCache: Updating roots due to change on user 0at content://com.android.providers.media.documents/root
05-28 05:14:17.742  8555  8555 I chatty  : uid=10076(com.android.documentsui) identical 3 lines
05-28 05:14:17.976  8555  8555 I ProvidersCache: Updating roots due to change on user 0at content://com.android.providers.media.documents/root
05-28 05:14:18.744   158   158 I hwservicemanager: getTransport: Cannot find entry android.hardware.graphics.mapper@4.0::IMapper/default in either framework or device manifest.
05-28 05:14:18.744 14498 14498 I Gralloc4: mapper 4.x is not supported
05-28 05:14:18.779 14502 14504 I cmd     : oneway function results will be dropped but finished with status OK and parcel size 4
05-28 05:14:18.779  1387  1921 I MediaProvider: Begin Intent { act=android.intent.action.MEDIA_SCANNER_SCAN_FILE dat=file:///sdcard/screen_2026-05-28_051418.png flg=0x1400010 cmp=com.android.providers.media.module/com.android.providers.media.MediaService }
05-28 05:14:18.776  1387  1387 W com.android.providers.media.module: type=1400 audit(0.0:1497): avc: denied { read } for comm=4173796E635461736B202331 name="primary" dev="tmpfs" ino=19238 scontext=u:r:mediaprovider_app:s0:c129,c256,c512,c768 tcontext=u:object_r:mnt_pass_through_file:s0 tclass=lnk_file permissive=0 app=com.android.providers.media.module
05-28 05:14:18.958     0     0 W audit   : audit_lost=1113 audit_rate_limit=5 audit_backlog_limit=64
05-28 05:14:18.967     0     0 E audit   : rate limit exceeded
05-28 05:14:18.776  1387  1387 W com.android.providers.media.module: type=1400 audit(0.0:1498): avc: denied { read } for comm=4173796E635461736B202331 name="primary" dev="tmpfs" ino=19238 scontext=u:r:mediaprovider_app:s0:c129,c256,c512,c768 tcontext=u:object_r:mnt_pass_through_file:s0 tclass=lnk_file permissive=0 app=com.android.providers.media.module
05-28 05:14:18.798  1387  1921 W ModernMediaScanner: Failed to visit /sdcard/screen_2026-05-28_051418.png: java.nio.file.AccessDeniedException: /sdcard/screen_2026-05-28_051418.png
05-28 05:14:18.798  1387  1921 I MediaProvider: Scanned internal due to REASON_DEMAND, found 0 items in 19ms, 0 inserts 0 updates 0 deletes
05-28 05:14:18.798  1387  1921 I MediaProvider: End Intent { act=android.intent.action.MEDIA_SCANNER_SCAN_FILE dat=file:///sdcard/screen_2026-05-28_051418.png flg=0x1400010 cmp=com.android.providers.media.module/com.android.providers.media.MediaService }
05-28 05:14:18.776  1387  1387 W com.android.providers.media.module: type=1400 audit(0.0:1499): avc: denied { read } for comm=4173796E635461736B202331 name="primary" dev="tmpfs" ino=19238 scontext=u:r:mediaprovider_app:s0:c129,c256,c512,c768 tcontext=u:object_r:mnt_pass_through_file:s0 tclass=lnk_file permissive=0 app=com.android.providers.media.module
05-28 05:14:18.866  1387  1548 I MediaProvider: Deleted 1 items on external_primary due to com.android.shell
05-28 05:14:19.002   158   158 I hwservicemanager: getTransport: Cannot find entry android.hardware.graphics.mapper@4.0::IMapper/default in either framework or device manifest.
05-28 05:14:19.002 14535 14535 I Gralloc4: mapper 4.x is not supported
05-28 05:14:19.036 14539 14541 I cmd     : oneway function results will be dropped but finished with status OK and parcel size 4
05-28 05:14:19.037  1387  1921 I MediaProvider: Begin Intent { act=android.intent.action.MEDIA_SCANNER_SCAN_FILE dat=file:///sdcard/screen_2026-05-28_051419.png flg=0x1400010 cmp=com.android.providers.media.module/com.android.providers.media.MediaService }
05-28 05:14:19.038  1387  1921 W ModernMediaScanner: Failed to visit /sdcard/screen_2026-05-28_051419.png: java.nio.file.AccessDeniedException: /sdcard/screen_2026-05-28_051419.png
05-28 05:14:19.039  1387  1921 I MediaProvider: Scanned internal due to REASON_DEMAND, found 0 items in 1ms, 0 inserts 0 updates 0 deletes
05-28 05:14:19.039  1387  1921 I MediaProvider: End Intent { act=android.intent.action.MEDIA_SCANNER_SCAN_FILE dat=file:///sdcard/screen_2026-05-28_051419.png flg=0x1400010 cmp=com.android.providers.media.module/com.android.providers.media.MediaService }
05-28 05:14:19.060  1387  2592 I MediaProvider: Deleted 1 items on external_primary due to com.android.shell
05-28 05:14:19.082 14550 14552 I cmd     : oneway function results will be dropped but finished with status OK and parcel size 4
05-28 05:14:19.208   158   158 I hwservicemanager: getTransport: Cannot find entry android.hardware.graphics.mapper@4.0::IMapper/default in either framework or device manifest.
05-28 05:14:19.209 14574 14574 I Gralloc4: mapper 4.x is not supported
05-28 05:14:19.245 14579 14581 I cmd     : oneway function results will be dropped but finished with status OK and parcel size 4
05-28 05:14:19.246  1387  1921 I MediaProvider: Begin Intent { act=android.intent.action.MEDIA_SCANNER_SCAN_FILE dat=file:///sdcard/screen_2026-05-28_051419.png flg=0x1400010 cmp=com.android.providers.media.module/com.android.providers.media.MediaService }
05-28 05:14:19.246  1387  1921 W ModernMediaScanner: Failed to visit /sdcard/screen_2026-05-28_051419.png: java.nio.file.AccessDeniedException: /sdcard/screen_2026-05-28_051419.png
05-28 05:14:19.247  1387  1921 I MediaProvider: Scanned internal due to REASON_DEMAND, found 0 items in 1ms, 0 inserts 0 updates 0 deletes
05-28 05:14:19.250  1387  1921 I MediaProvider: End Intent { act=android.intent.action.MEDIA_SCANNER_SCAN_FILE dat=file:///sdcard/screen_2026-05-28_051419.png flg=0x1400010 cmp=com.android.providers.media.module/com.android.providers.media.MediaService }
05-28 05:14:19.266  1387  2592 I MediaProvider: Deleted 1 items on external_primary due to com.android.shell
05-28 05:14:19.291 14590 14592 I cmd     : oneway function results will be dropped but finished with status OK and parcel size 4
05-28 05:14:19.497 14647 14647 E libc    : Access denied finding property "persist.device_config.runtime_native_boot.profilebootclasspath"
05-28 05:14:19.497 14647 14647 E libc    : Access denied finding property "persist.device_config.runtime_native_boot.enable_apex_image"
05-28 05:14:19.497 14647 14647 I AndroidRuntime: Using default boot image
05-28 05:14:19.497 14647 14647 E libc    : Access denied finding property "persist.device_config.runtime_native_boot.disable_lock_profiling"
05-28 05:14:19.497 14647 14647 I AndroidRuntime: Leaving lock profiling enabled
05-28 05:14:19.497 14647 14647 E libc    : Access denied finding property "persist.device_config.runtime_native_boot.enable_generational_cc"
05-28 05:14:19.498 14647 14647 I app_process: Core platform API reporting enabled, enforcing=false
