05-28 05:13:16.543  8964  9133 I System.out: {"abilities":[{"ability":{"name":"overgrow","url":"https://pokeapi.co/api/v2/ability/65/"},"is_hidden":false,"slot":1},{"ability":{"name":"chlorophyll","url":"https://pokeapi.co/api/v2/ability/34/"},"is_hidden":true,"slot":3}],"base_experience":64,"cries":{"latest":"https://raw.githubusercontent.com/PokeAPI/cries/main/cries/pokemon/latest/1.ogg","legacy":"https://raw.githubusercontent.com/PokeAPI/cries/main/cries/pokemon/legacy/1.ogg"},"forms":[{"name":"bulbasaur","url":"https://pokeapi.co/api/v2/pokemon-form/1/"}],"game_indices":[{"game_index":153,"version":{"name":"red","url":"https://pokeapi.co/api/v2/version/1/"}},{"game_index":153,"version":{"name":"blue","url":"https://pokeapi.co/api/v2/version/2/"}},{"game_index":153,"version":{"name":"yellow","url":"https://pokeapi.co/api/v2/version/3/"}},{"game_index":1,"version":{"name":"gold","url":"https://pokeapi.co/api/v2/version/4/"}},{"game_index":1,"version":{"name":"silver","url":"https://pokeapi.co/api/v2/version/5/"}},{"game_index":1,"version":{"name":"crystal","url":"https://pokeapi.co/api/v2/version/6/"}},{"game_index":1,"version":{"name":"ruby","url":"https://pokeapi.co/api/v2/version/7/"}},{"game_index":1,"version":{"name":"sapphire","url":"https://pokeapi.co/api/v2/version/8/"}},{"game_index":1,"version":{"name":"emerald","url":"https://pokeapi.co/api/v2/version/9/"}},{"game_index":1,"version":{"name":"firered","url":"https://pokeapi.co/api/v2/version/10/"}},{"game_index":1,"version":{"name":"leafgreen","url":"https://pokeapi.co/api/v2/version/11/"}},{"game_index":1,"version":{"name":"diamond","url":"https://pokeapi.co/api/v2/version/12/"}},{"game_index":1,"version":{"name":"pearl","url":"https://pokeapi.co/api/v2/version/13/"}},{"game_index":1,"version":{"name":"platinum","url":"https://pokeapi.co/api/v2/version/14/"}},{"game_index":1,"version":{"name":"heartgold","url":"https://pokeapi.co/api/v2/version/15/"}},{"game_index":1,"version":{"name":"soulsilver","url":"https://pokeapi.co/api/v2/version/16/"}},{"game_index":1,"version":{"name":"black","url":"https://pokeapi.co/api/v2/version/17/"}},{"game_index":1,"version":{"name":"white","url":"https://pokeapi.co/api/v2/version/18/"}},{"game_index":1,"version":{"name":"black-2","url":"https://pokeapi.co/api/v2/version/21/"}},{"game_index":1,"version":{"name":"white-2","url":"https://pokeapi.co/api/v2/version/22/"}}],"height":7,"held_items":[],"id":1,"is_default":true,"location_area_encounters":"https://pokeapi.co/api/v2/pokemon/1/encounters","moves":[{"move":{"name":"razor-wind","url":"https://pokeapi.co/api/v2/move/13/"},"version_group_details":[{"level_learned_at":0,"move_learn_method":{"name":"egg","url":"https://pokeapi.co/api/v2/move-learn-method/2/"},"order":null,"version_group":{"name":"gold-silver","url":"https://pokeapi.co/api/v2/version-group/3/"}},{"level_learned_at":0,"move_learn_method":{"name":"egg","url":"https://pokeapi.co/api/v2/move-learn-method/2/"},"order":null,"version_group":{"name":"crystal","url":"https://pokeapi.co/api/v2/version-group/4/"}}]},{"move":{"name":"swords-dance","url":"https://pokeapi.co/api/v2/move/14/"},"version_group_details":[{"level_learned_at":0,"move_learn_method":{"name":"machine","url":"https://pokeapi.co/api/v2/move-learn-method/4/"},"order":null,"version_group":{"name":"red-blue","url":"https://pokeapi.co/api/v2/version-group/1/"}},{"level_learned_at":0,"move_learn_method":{"name":"machine","url":"https://pokeapi.co/api/v2/move-learn-method/4/"},"order":null,"version_group":{"name":"yellow","url":"https://pokeapi.co/api/v2/version-group/2/"}},{"level_learned_at":0,"move_learn_method":{"name":"tutor","url":"https://pokeapi.co/api/v2/move-learn-method/3/"},"order":null,"version_group":{"name":"emerald","url":"https://pokeapi.co/api/v2/version-group/6/"}},{"level_learned_at":0,"move_learn_method":{"name":"tutor","url":"https://pokeapi.co/api/v2/move-learn-method/3/"},"order":null,"version_group":{"name":"firered-leafgreen","url":"https://pokeapi.co/api/v2/version-group/7/"}},{"level_learned_at":0,"move_learn_method":{"name":"machin
05-28 05:13:16.546  8964  9133 I System.out: BODY END
05-28 05:13:16.651  8964  8979 I pokedex.androi: Background concurrent copying GC freed 22264(872KB) AllocSpace objects, 41(6064KB) LOS objects, 49% free, 12MB/25MB, paused 417us total 175.512ms
05-28 05:13:17.402  8555  8555 I ProvidersCache: Updating roots due to change on user 0at content://com.android.providers.media.documents/root
05-28 05:13:17.576  8555  8555 I ProvidersCache: Updating roots due to change on user 0at content://com.android.providers.media.documents/root
05-28 05:13:17.763   158   158 I hwservicemanager: getTransport: Cannot find entry android.hardware.graphics.mapper@4.0::IMapper/default in either framework or device manifest.
05-28 05:13:17.763 10269 10269 I Gralloc4: mapper 4.x is not supported
05-28 05:13:17.809  8555  8555 I ProvidersCache: Updating roots due to change on user 0at content://com.android.providers.media.documents/root
05-28 05:13:17.811 10273 10275 I cmd     : oneway function results will be dropped but finished with status OK and parcel size 4
05-28 05:13:17.812  1387  1921 I MediaProvider: Begin Intent { act=android.intent.action.MEDIA_SCANNER_SCAN_FILE dat=file:///sdcard/screen_2026-05-28_051317.png flg=0x1400010 cmp=com.android.providers.media.module/com.android.providers.media.MediaService }
05-28 05:13:17.808  1387  1387 W com.android.providers.media.module: type=1400 audit(0.0:973): avc: denied { read } for comm=4173796E635461736B202331 name="primary" dev="tmpfs" ino=19238 scontext=u:r:mediaprovider_app:s0:c129,c256,c512,c768 tcontext=u:object_r:mnt_pass_through_file:s0 tclass=lnk_file permissive=0 app=com.android.providers.media.module
05-28 05:13:17.991     0     0 W audit   : audit_lost=709 audit_rate_limit=5 audit_backlog_limit=64
05-28 05:13:17.998     0     0 E audit   : rate limit exceeded
05-28 05:13:17.828  1387  1921 W ModernMediaScanner: Failed to visit /sdcard/screen_2026-05-28_051317.png: java.nio.file.AccessDeniedException: /sdcard/screen_2026-05-28_051317.png
05-28 05:13:17.828  1387  1921 I MediaProvider: Scanned internal due to REASON_DEMAND, found 0 items in 16ms, 0 inserts 0 updates 0 deletes
05-28 05:13:17.829  1387  1921 I MediaProvider: End Intent { act=android.intent.action.MEDIA_SCANNER_SCAN_FILE dat=file:///sdcard/screen_2026-05-28_051317.png flg=0x1400010 cmp=com.android.providers.media.module/com.android.providers.media.MediaService }
05-28 05:13:17.808  1387  1387 W com.android.providers.media.module: type=1400 audit(0.0:974): avc: denied { read } for comm=4173796E635461736B202331 name="primary" dev="tmpfs" ino=19238 scontext=u:r:mediaprovider_app:s0:c129,c256,c512,c768 tcontext=u:object_r:mnt_pass_through_file:s0 tclass=lnk_file permissive=0 app=com.android.providers.media.module
05-28 05:13:17.857  1387  2592 I MediaProvider: Deleted 1 items on external_primary due to com.android.shell
05-28 05:13:17.808  1387  1387 W com.android.providers.media.module: type=1400 audit(0.0:977): avc: denied { read } for comm=4173796E635461736B202331 name="primary" dev="tmpfs" ino=19238 scontext=u:r:mediaprovider_app:s0:c129,c256,c512,c768 tcontext=u:object_r:mnt_pass_through_file:s0 tclass=lnk_file permissive=0 app=com.android.providers.media.module
05-28 05:13:17.883 10284 10286 I cmd     : oneway function results will be dropped but finished with status OK and parcel size 4
05-28 05:13:18.008   158   158 I hwservicemanager: getTransport: Cannot find entry android.hardware.graphics.mapper@4.0::IMapper/default in either framework or device manifest.
05-28 05:13:18.009 10306 10306 I Gralloc4: mapper 4.x is not supported
05-28 05:13:18.054 10310 10312 I cmd     : oneway function results will be dropped but finished with status OK and parcel size 4
05-28 05:13:18.055  1387  1921 I MediaProvider: Begin Intent { act=android.intent.action.MEDIA_SCANNER_SCAN_FILE dat=file:///sdcard/screen_2026-05-28_051318.png flg=0x1400010 cmp=com.android.providers.media.module/com.android.providers.media.MediaService }
05-28 05:13:18.056  1387  1921 W ModernMediaScanner: Failed to visit /sdcard/screen_2026-05-28_051318.png: java.nio.file.AccessDeniedException: /sdcard/screen_2026-05-28_051318.png
05-28 05:13:18.058  1387  1921 I MediaProvider: Scanned internal due to REASON_DEMAND, found 0 items in 1ms, 0 inserts 0 updates 0 deletes
05-28 05:13:18.058  1387  1921 I MediaProvider: End Intent { act=android.intent.action.MEDIA_SCANNER_SCAN_FILE dat=file:///sdcard/screen_2026-05-28_051318.png flg=0x1400010 cmp=com.android.providers.media.module/com.android.providers.media.MediaService }
05-28 05:13:18.073  8555  8555 I ProvidersCache: Updating roots due to change on user 0at content://com.android.providers.media.documents/root
05-28 05:13:18.076  1387  1548 I MediaProvider: Deleted 1 items on external_primary due to com.android.shell
05-28 05:13:18.218   158   158 I hwservicemanager: getTransport: Cannot find entry android.hardware.graphics.mapper@4.0::IMapper/default in either framework or device manifest.
05-28 05:13:18.218 10343 10343 I Gralloc4: mapper 4.x is not supported
05-28 05:13:18.269  1387  1921 I MediaProvider: Begin Intent { act=android.intent.action.MEDIA_SCANNER_SCAN_FILE dat=file:///sdcard/screen_2026-05-28_051318.png flg=0x1400010 cmp=com.android.providers.media.module/com.android.providers.media.MediaService }
05-28 05:13:18.270  1387  1921 W ModernMediaScanner: Failed to visit /sdcard/screen_2026-05-28_051318.png: java.nio.file.AccessDeniedException: /sdcard/screen_2026-05-28_051318.png
05-28 05:13:18.270  1387  1921 I MediaProvider: Scanned internal due to REASON_DEMAND, found 0 items in 1ms, 0 inserts 0 updates 0 deletes
05-28 05:13:18.271  1387  1921 I MediaProvider: End Intent { act=android.intent.action.MEDIA_SCANNER_SCAN_FILE dat=file:///sdcard/screen_2026-05-28_051318.png flg=0x1400010 cmp=com.android.providers.media.module/com.android.providers.media.MediaService }
05-28 05:13:18.291  1387  1548 I MediaProvider: Deleted 1 items on external_primary due to com.android.shell
05-28 05:13:18.315 10358 10360 I cmd     : oneway function results will be dropped but finished with status OK and parcel size 4
05-28 05:13:18.406 10388 10390 I cmd     : oneway function results will be dropped but finished with status OK and parcel size 4
05-28 05:13:18.534 10415 10415 E libc    : Access denied finding property "persist.device_config.runtime_native_boot.profilebootclasspath"
05-28 05:13:18.534 10415 10415 E libc    : Access denied finding property "persist.device_config.runtime_native_boot.enable_apex_image"
05-28 05:13:18.534 10415 10415 I AndroidRuntime: Using default boot image
05-28 05:13:18.534 10415 10415 E libc    : Access denied finding property "persist.device_config.runtime_native_boot.disable_lock_profiling"
05-28 05:13:18.534 10415 10415 I AndroidRuntime: Leaving lock profiling enabled
05-28 05:13:18.535 10415 10415 E libc    : Access denied finding property "persist.device_config.runtime_native_boot.enable_generational_cc"
05-28 05:13:18.536 10415 10415 I app_process: Core platform API reporting enabled, enforcing=false
05-28 05:13:18.577 10415 10415 W app_process: Unexpected CPU variant for X86 using defaults: x86_64
05-28 05:13:18.578 10415 10415 I app_process: The ClassLoaderContext is a special shared library.
05-28 05:13:18.584 10415 10415 W app_process: JNI RegisterNativeMethods: attempt to register 0 native methods for android.media.AudioAttributes
05-28 05:13:20.076  8555  8555 I ProvidersCache: Updating roots due to change on user 0at content://com.android.providers.media.documents/root
05-28 05:13:20.185  8555  8555 I ProvidersCache: Updating roots due to change on user 0at content://com.android.providers.media.documents/root
05-28 05:13:20.288   158   158 I hwservicemanager: getTransport: Cannot find entry android.hardware.graphics.mapper@4.0::IMapper/default in either framework or device manifest.
05-28 05:13:20.288 10449 10449 I Gralloc4: mapper 4.x is not supported
05-28 05:13:20.344  1387  1921 I MediaProvider: Begin Intent { act=android.intent.action.MEDIA_SCANNER_SCAN_FILE dat=file:///sdcard/screen_2026-05-28_051320.png flg=0x1400010 cmp=com.android.providers.media.module/com.android.providers.media.MediaService }
05-28 05:13:20.340  1387  1387 W com.android.providers.media.module: type=1400 audit(0.0:995): avc: denied { read } for comm=4173796E635461736B202331 name="primary" dev="tmpfs" ino=19238 scontext=u:r:mediaprovider_app:s0:c129,c256,c512,c768 tcontext=u:object_r:mnt_pass_through_file:s0 tclass=lnk_file permissive=0 app=com.android.providers.media.module
05-28 05:13:20.524     0     0 W audit   : audit_lost=726 audit_rate_limit=5 audit_backlog_limit=64
05-28 05:13:20.533     0     0 E audit   : rate limit exceeded
05-28 05:13:20.365  1387  1921 W ModernMediaScanner: Failed to visit /sdcard/screen_2026-05-28_051320.png: java.nio.file.AccessDeniedException: /sdcard/screen_2026-05-28_051320.png
05-28 05:13:20.365  1387  1921 I MediaProvider: Scanned internal due to REASON_DEMAND, found 0 items in 20ms, 0 inserts 0 updates 0 deletes
05-28 05:13:20.366  1387  1921 I MediaProvider: End Intent { act=android.intent.action.MEDIA_SCANNER_SCAN_FILE dat=file:///sdcard/screen_2026-05-28_051320.png flg=0x1400010 cmp=com.android.providers.media.module/com.android.providers.media.MediaService }
05-28 05:13:20.340  1387  1387 W com.android.providers.media.module: type=1400 audit(0.0:996): avc: denied { read } for comm=4173796E635461736B202331 name="primary" dev="tmpfs" ino=19238 scontext=u:r:mediaprovider_app:s0:c129,c256,c512,c768 tcontext=u:object_r:mnt_pass_through_file:s0 tclass=lnk_file permissive=0 app=com.android.providers.media.module
05-28 05:13:20.344  1387  1387 I chatty  : uid=10129(com.android.providers.media.module) identical 2 lines
05-28 05:13:20.344  1387  1387 W com.android.providers.media.module: type=1400 audit(0.0:999): avc: denied { read } for comm=4173796E635461736B202331 name="primary" dev="tmpfs" ino=19238 scontext=u:r:mediaprovider_app:s0:c129,c256,c512,c768 tcontext=u:object_r:mnt_pass_through_file:s0 tclass=lnk_file permissive=0 app=com.android.providers.media.module
05-28 05:13:20.404  8555  8555 I ProvidersCache: Updating roots due to change on user 0at content://com.android.providers.media.documents/root
05-28 05:13:20.404  1387  2592 I MediaProvider: Deleted 1 items on external_primary due to com.android.shell
05-28 05:13:20.433 10465 10467 I cmd     : oneway function results will be dropped but finished with status OK and parcel size 4
05-28 05:13:20.547   158   158 I hwservicemanager: getTransport: Cannot find entry android.hardware.graphics.mapper@4.0::IMapper/default in either framework or device manifest.
05-28 05:13:20.547 10487 10487 I Gralloc4: mapper 4.x is not supported
05-28 05:13:20.607  8555  8555 I ProvidersCache: Updating roots due to change on user 0at content://com.android.providers.media.documents/root
05-28 05:13:20.613  1387  1921 I MediaProvider: Begin Intent { act=android.intent.action.MEDIA_SCANNER_SCAN_FILE dat=file:///sdcard/screen_2026-05-28_051320.png flg=0x1400010 cmp=com.android.providers.media.module/com.android.providers.media.MediaService }
05-28 05:13:20.613  1387  1921 W ModernMediaScanner: Failed to visit /sdcard/screen_2026-05-28_051320.png: java.nio.file.AccessDeniedException: /sdcard/screen_2026-05-28_051320.png
05-28 05:13:20.619  1387  1921 I MediaProvider: Scanned internal due to REASON_DEMAND, found 0 items in 5ms, 0 inserts 0 updates 0 deletes
05-28 05:13:20.620  1387  1921 I MediaProvider: End Intent { act=android.intent.action.MEDIA_SCANNER_SCAN_FILE dat=file:///sdcard/screen_2026-05-28_051320.png flg=0x1400010 cmp=com.android.providers.media.module/com.android.providers.media.MediaService }
05-28 05:13:20.637  1387  1537 I MediaProvider: Deleted 1 items on external_primary due to com.android.shell
05-28 05:13:20.661 10504 10506 I cmd     : oneway function results will be dropped but finished with status OK and parcel size 4
05-28 05:13:20.776   158   158 I hwservicemanager: getTransport: Cannot find entry android.hardware.graphics.mapper@4.0::IMapper/default in either framework or device manifest.
05-28 05:13:20.776 10526 10526 I Gralloc4: mapper 4.x is not supported
05-28 05:13:20.831  1387  1921 I MediaProvider: Begin Intent { act=android.intent.action.MEDIA_SCANNER_SCAN_FILE dat=file:///sdcard/screen_2026-05-28_051320.png flg=0x1400010 cmp=com.android.providers.media.module/com.android.providers.media.MediaService }
05-28 05:13:20.832  1387  1921 W ModernMediaScanner: Failed to visit /sdcard/screen_2026-05-28_051320.png: java.nio.file.AccessDeniedException: /sdcard/screen_2026-05-28_051320.png
05-28 05:13:20.833  1387  1921 I MediaProvider: Scanned internal due to REASON_DEMAND, found 0 items in 1ms, 0 inserts 0 updates 0 deletes
05-28 05:13:20.834  1387  1921 I MediaProvider: End Intent { act=android.intent.action.MEDIA_SCANNER_SCAN_FILE dat=file:///sdcard/screen_2026-05-28_051320.png flg=0x1400010 cmp=com.android.providers.media.module/com.android.providers.media.MediaService }
05-28 05:13:20.852  1387  1548 I MediaProvider: Deleted 1 items on external_primary due to com.android.shell
05-28 05:13:20.876 10541 10543 I cmd     : oneway function results will be dropped but finished with status OK and parcel size 4
05-28 05:13:20.920 10556 10558 I cmd     : oneway function results will be dropped but finished with status OK and parcel size 4
05-28 05:13:20.964 10571 10573 I cmd     : oneway function results will be dropped but finished with status OK and parcel size 4
05-28 05:13:21.008 10586 10588 I cmd     : oneway function results will be dropped but finished with status OK and parcel size 4
05-28 05:13:21.079 10598 10598 E libc    : Access denied finding property "persist.device_config.runtime_native_boot.profilebootclasspath"
05-28 05:13:21.079 10598 10598 E libc    : Access denied finding property "persist.device_config.runtime_native_boot.enable_apex_image"
05-28 05:13:21.079 10598 10598 I AndroidRuntime: Using default boot image
05-28 05:13:21.079 10598 10598 E libc    : Access denied finding property "persist.device_config.runtime_native_boot.disable_lock_profiling"
05-28 05:13:21.079 10598 10598 I AndroidRuntime: Leaving lock profiling enabled
05-28 05:13:21.079 10598 10598 E libc    : Access denied finding property "persist.device_config.runtime_native_boot.enable_generational_cc"
05-28 05:13:21.080 10598 10598 I app_process: Core platform API reporting enabled, enforcing=false
05-28 05:13:21.115 10598 10598 W app_process: Unexpected CPU variant for X86 using defaults: x86_64
05-28 05:13:21.116 10598 10598 I app_process: The ClassLoaderContext is a special shared library.
05-28 05:13:21.121 10598 10598 W app_process: JNI RegisterNativeMethods: attempt to register 0 native methods for android.media.AudioAttributes
05-28 05:13:21.334  8964  9134 I System.out: 05:13:21.334 [DefaultDispatcher-worker-10] INFO io.ktor.client.HttpClient - REQUEST: https://pokeapi.co/api/v2/pokemon/ivysaur
05-28 05:13:21.334  8964  9134 I System.out: METHOD: HttpMethod(value=GET)
05-28 05:13:21.334  8964  9134 I System.out: COMMON HEADERS
05-28 05:13:21.334  8964  9134 I System.out: -> Accept: application/json
05-28 05:13:21.334  8964  9134 I System.out: -> Accept-Charset: UTF-8
05-28 05:13:21.334  8964  9134 I System.out: -> Content-Type: application/json
05-28 05:13:21.334  8964  9134 I System.out: CONTENT HEADERS
05-28 05:13:21.334  8964  9134 I System.out: -> Content-Length: 0
05-28 05:13:21.334  8964  9134 I System.out: BODY Content-Type: null
05-28 05:13:21.334  8964  9134 I System.out: BODY START
05-28 05:13:21.334  8964  9134 I System.out: 
05-28 05:13:21.334  8964  9134 I System.out: BODY END
05-28 05:13:21.503  8964  9134 I System.out: 05:13:21.488 [DefaultDispatcher-worker-10] INFO io.ktor.client.HttpClient - RESPONSE: 200 OK
05-28 05:13:21.503  8964  9134 I System.out: METHOD: HttpMethod(value=GET)
05-28 05:13:21.503  8964  9134 I System.out: FROM: https://pokeapi.co/api/v2/pokemon/ivysaur
05-28 05:13:21.503  8964  9134 I System.out: COMMON HEADERS
05-28 05:13:21.503  8964  9134 I System.out: -> access-control-allow-origin: *
05-28 05:13:21.503  8964  9134 I System.out: -> age: 13193
05-28 05:13:21.503  8964  9134 I System.out: -> alt-svc: h3=":443"; ma=86400
05-28 05:13:21.503  8964  9134 I System.out: -> cache-control: public, max-age=86400, s-maxage=86400
05-28 05:13:21.503  8964  9134 I System.out: -> cf-cache-status: HIT
05-28 05:13:21.503  8964  9134 I System.out: -> cf-ray: a02ac504db43b4c4-LAX
05-28 05:13:21.503  8964  9134 I System.out: -> connection: keep-alive
05-28 05:13:21.503  8964  9134 I System.out: -> content-type: application/json; charset=utf-8
05-28 05:13:21.503  8964  9134 I System.out: -> date: Thu, 28 May 2026 05:13:21 GMT
05-28 05:13:21.503  8964  9134 I System.out: -> etag: W/"3a208-UaeAV+hyIAKhsYxQ2HzouJGTqQg"
05-28 05:13:21.503  8964  9134 I System.out: -> function-execution-id: nec67fam86i0
05-28 05:13:21.503  8964  9134 I System.out: -> nel: {"report_to":"cf-nel","success_fraction":0.0,"max_age":604800}
05-28 05:13:21.503  8964  9134 I System.out: -> report-to: {"group":"cf-nel","max_age":604800,"endpoints":[{"url":"https://a.nel.cloudflare.com/report/v4?s=LDfAPRlfA4MjTvaGSr4INI4qgkiOwptTlDDjGRm2WrKG%2FHMvk4zLViIyatWaDT91yBgMq3B5UD6apFQeteQLLepCSS%2Fw4J%2BtMuUZOlaQE39bmRrh0gUg3QhwQ9K6"}]}
05-28 05:13:21.503  8964  9134 I System.out: -> server: cloudflare
05-28 05:13:21.503  8964  9134 I System.out: -> strict-transport-security: max-age=31556926
05-28 05:13:21.503  8964  9134 I System.out: -> transfer-encoding: chunked
05-28 05:13:21.503  8964  9134 I System.out: -> vary: Accept-Encoding,cookie,need-authorization, x-fh-requested-host, accept-encoding
05-28 05:13:21.503  8964  9134 I System.out: -> x-android-received-millis: 1779945201367
05-28 05:13:21.503  8964  9134 I System.out: -> x-android-response-source: NETWORK 200
05-28 05:13:21.503  8964  9134 I System.out: -> x-android-selected-protocol: http/1.1
05-28 05:13:21.503  8964  9134 I System.out: -> x-android-sent-millis: 1779945201337
05-28 05:13:21.503  8964  9134 I System.out: -> x-cache: MISS
05-28 05:13:21.503  8964  9134 I System.out: -> x-cache-hits: 0
05-28 05:13:21.503  8964  9134 I System.out: -> x-cloud-trace-context: 26f30e6f697d37445b019bdbc9f15367
05-28 05:13:21.503  8964  9134 I System.out: -> x-country-code: US
05-28 05:13:21.503  8964  9134 I System.out: -> x-powered-by: Express
05-28 05:13:21.503  8964  9134 I System.out: -> x-served-by: cache-dfw-kdfw8210112-DFW
05-28 05:13:21.503  8964  9134 I System.out: -> x-timer: S1769785671.858082,VS0,VE639
05-28 05:13:21.503  8964  9134 I System.out: BODY Content-Type: application/json; charset=utf-8
05-28 05:13:21.503  8964  9134 I System.out: BODY START
05-28 05:13:21.504  8964  9134 I System.out: {"abilities":[{"ability":{"name":"overgrow","url":"https://pokeapi.co/api/v2/ability/65/"},"is_hidden":false,"slot":1},{"ability":{"name":"chlorophyll","url":"https://pokeapi.co/api/v2/ability/34/"},"is_hidden":true,"slot":3}],"base_experience":142,"cries":{"latest":"https://raw.githubusercontent.com/PokeAPI/cries/main/cries/pokemon/latest/2.ogg","legacy":"https://raw.githubusercontent.com/PokeAPI/cries/main/cries/pokemon/legacy/2.ogg"},"forms":[{"name":"ivysaur","url":"https://pokeapi.co/api/v2/pokemon-form/2/"}],"game_indices":[{"game_index":9,"version":{"name":"red","url":"https://pokeapi.co/api/v2/version/1/"}},{"game_index":9,"version":{"name":"blue","url":"https://pokeapi.co/api/v2/version/2/"}},{"game_index":9,"version":{"name":"yellow","url":"https://pokeapi.co/api/v2/version/3/"}},{"game_index":2,"version":{"name":"gold","url":"https://pokeapi.co/api/v2/version/4/"}},{"game_index":2,"version":{"name":"silver","url":"https://pokeapi.co/api/v2/version/5/"}},{"game_index":2,"version":{"name":"crystal","url":"https://pokeapi.co/api/v2/version/6/"}},{"game_index":2,"version":{"name":"ruby","url":"https://pokeapi.co/api/v2/version/7/"}},{"game_index":2,"version":{"name":"sapphire","url":"https://pokeapi.co/api/v2/version/8/"}},{"game_index":2,"version":{"name":"emerald","url":"https://pokeapi.co/api/v2/version/9/"}},{"game_index":2,"version":{"name":"firered","url":"https://pokeapi.co/api/v2/version/10/"}},{"game_index":2,"version":{"name":"leafgreen","url":"https://pokeapi.co/api/v2/version/11/"}},{"game_index":2,"version":{"name":"diamond","url":"https://pokeapi.co/api/v2/version/12/"}},{"game_index":2,"version":{"name":"pearl","url":"https://pokeapi.co/api/v2/version/13/"}},{"game_index":2,"version":{"name":"platinum","url":"https://pokeapi.co/api/v2/version/14/"}},{"game_index":2,"version":{"name":"heartgold","url":"https://pokeapi.co/api/v2/version/15/"}},{"game_index":2,"version":{"name":"soulsilver","url":"https://pokeapi.co/api/v2/version/16/"}},{"game_index":2,"version":{"name":"black","url":"https://pokeapi.co/api/v2/version/17/"}},{"game_index":2,"version":{"name":"white","url":"https://pokeapi.co/api/v2/version/18/"}},{"game_index":2,"version":{"name":"black-2","url":"https://pokeapi.co/api/v2/version/21/"}},{"game_index":2,"version":{"name":"white-2","url":"https://pokeapi.co/api/v2/version/22/"}}],"height":10,"held_items":[],"id":2,"is_default":true,"location_area_encounters":"https://pokeapi.co/api/v2/pokemon/2/encounters","moves":[{"move":{"name":"swords-dance","url":"https://pokeapi.co/api/v2/move/14/"},"version_group_details":[{"level_learned_at":0,"move_learn_method":{"name":"machine","url":"https://pokeapi.co/api/v2/move-learn-method/4/"},"order":null,"version_group":{"name":"red-blue","url":"https://pokeapi.co/api/v2/version-group/1/"}},{"level_learned_at":0,"move_learn_method":{"name":"machine","url":"https://pokeapi.co/api/v2/move-learn-method/4/"},"order":null,"version_group":{"name":"yellow","url":"https://pokeapi.co/api/v2/version-group/2/"}},{"level_learned_at":0,"move_learn_method":{"name":"tutor","url":"https://pokeapi.co/api/v2/move-learn-method/3/"},"order":null,"version_group":{"name":"emerald","url":"https://pokeapi.co/api/v2/version-group/6/"}},{"level_learned_at":0,"move_learn_method":{"name":"tutor","url":"https://pokeapi.co/api/v2/move-learn-method/3/"},"order":null,"version_group":{"name":"firered-leafgreen","url":"https://pokeapi.co/api/v2/version-group/7/"}},{"level_learned_at":0,"move_learn_method":{"name":"machine","url":"https://pokeapi.co/api/v2/move-learn-method/4/"},"order":null,"version_group":{"name":"diamond-pearl","url":"https://pokeapi.co/api/v2/version-group/8/"}},{"level_learned_at":0,"move_learn_method":{"name":"machine","url":"https://pokeapi.co/api/v2/move-learn-method/4/"},"order":null,"version_group":{"name":"platinum","url":"https://pokeapi.co/api/v2/version-group/9/"}},{"level_learned_at":0,"move_learn_method":{"name":"machine","url":"https://pokeapi.co/api/v2/move-learn-method/4/"},"order":null,"version_group":{"name"
05-28 05:13:21.504  8964  9134 I System.out: BODY END
05-28 05:13:22.606  8555  8555 I ProvidersCache: Updating roots due to change on user 0at content://com.android.providers.media.documents/root
05-28 05:13:22.733  8555  8555 I ProvidersCache: Updating roots due to change on user 0at content://com.android.providers.media.documents/root
05-28 05:13:22.831   158   158 I hwservicemanager: getTransport: Cannot find entry android.hardware.graphics.mapper@4.0::IMapper/default in either framework or device manifest.
05-28 05:13:22.831 10634 10634 I Gralloc4: mapper 4.x is not supported
05-28 05:13:22.876 10638 10640 I cmd     : oneway function results will be dropped but finished with status OK and parcel size 4
05-28 05:13:22.876  1387  1921 I MediaProvider: Begin Intent { act=android.intent.action.MEDIA_SCANNER_SCAN_FILE dat=file:///sdcard/screen_2026-05-28_051322.png flg=0x1400010 cmp=com.android.providers.media.module/com.android.providers.media.MediaService }
05-28 05:13:22.872  1387  1387 W com.android.providers.media.module: type=1400 audit(0.0:1017): avc: denied { read } for comm=4173796E635461736B202331 name="primary" dev="tmpfs" ino=19238 scontext=u:r:mediaprovider_app:s0:c129,c256,c512,c768 tcontext=u:object_r:mnt_pass_through_file:s0 tclass=lnk_file permissive=0 app=com.android.providers.media.module
05-28 05:13:23.056     0     0 W audit   : audit_lost=743 audit_rate_limit=5 audit_backlog_limit=64
05-28 05:13:23.064     0     0 E audit   : rate limit exceeded
05-28 05:13:22.895  1387  1921 W ModernMediaScanner: Failed to visit /sdcard/screen_2026-05-28_051322.png: java.nio.file.AccessDeniedException: /sdcard/screen_2026-05-28_051322.png
05-28 05:13:22.895  1387  1921 I MediaProvider: Scanned internal due to REASON_DEMAND, found 0 items in 18ms, 0 inserts 0 updates 0 deletes
05-28 05:13:22.896  1387  1921 I MediaProvider: End Intent { act=android.intent.action.MEDIA_SCANNER_SCAN_FILE dat=file:///sdcard/screen_2026-05-28_051322.png flg=0x1400010 cmp=com.android.providers.media.module/com.android.providers.media.MediaService }
05-28 05:13:22.872  1387  1387 W com.android.providers.media.module: type=1400 audit(0.0:1018): avc: denied { read } for comm=4173796E635461736B202331 name="primary" dev="tmpfs" ino=19238 scontext=u:r:mediaprovider_app:s0:c129,c256,c512,c768 tcontext=u:object_r:mnt_pass_through_file:s0 tclass=lnk_file permissive=0 app=com.android.providers.media.module
05-28 05:13:22.918  1387  2592 I MediaProvider: Deleted 1 items on external_primary due to com.android.shell
05-28 05:13:22.872  1387  1387 W com.android.providers.media.module: type=1400 audit(0.0:1021): avc: denied { read } for comm=4173796E635461736B202331 name="primary" dev="tmpfs" ino=19238 scontext=u:r:mediaprovider_app:s0:c129,c256,c512,c768 tcontext=u:object_r:mnt_pass_through_file:s0 tclass=lnk_file permissive=0 app=com.android.providers.media.module
05-28 05:13:22.941  8555  8555 I ProvidersCache: Updating roots due to change on user 0at content://com.android.providers.media.documents/root
05-28 05:13:22.956 10649 10651 I cmd     : oneway function results will be dropped but finished with status OK and parcel size 4
05-28 05:13:23.078   158   158 I hwservicemanager: getTransport: Cannot find entry android.hardware.graphics.mapper@4.0::IMapper/default in either framework or device manifest.
05-28 05:13:23.079 10671 10671 I Gralloc4: mapper 4.x is not supported
05-28 05:13:23.124  1387  1921 I MediaProvider: Begin Intent { act=android.intent.action.MEDIA_SCANNER_SCAN_FILE dat=file:///sdcard/screen_2026-05-28_051323.png flg=0x1400010 cmp=com.android.providers.media.module/com.android.providers.media.MediaService }
05-28 05:13:23.128  1387  1921 W ModernMediaScanner: Failed to visit /sdcard/screen_2026-05-28_051323.png: java.nio.file.AccessDeniedException: /sdcard/screen_2026-05-28_051323.png
05-28 05:13:23.129  1387  1921 I MediaProvider: Scanned internal due to REASON_DEMAND, found 0 items in 4ms, 0 inserts 0 updates 0 deletes
05-28 05:13:23.130  1387  1921 I MediaProvider: End Intent { act=android.intent.action.MEDIA_SCANNER_SCAN_FILE dat=file:///sdcard/screen_2026-05-28_051323.png flg=0x1400010 cmp=com.android.providers.media.module/com.android.providers.media.MediaService }
05-28 05:13:23.144  1387  1537 I MediaProvider: Deleted 1 items on external_primary due to com.android.shell
05-28 05:13:23.165  8555  8555 I ProvidersCache: Updating roots due to change on user 0at content://com.android.providers.media.documents/root
05-28 05:13:23.297   158   158 I hwservicemanager: getTransport: Cannot find entry android.hardware.graphics.mapper@4.0::IMapper/default in either framework or device manifest.
05-28 05:13:23.297 10708 10708 I Gralloc4: mapper 4.x is not supported
05-28 05:13:23.342 10712 10714 I cmd     : oneway function results will be dropped but finished with status OK and parcel size 4
05-28 05:13:23.343  1387  1921 I MediaProvider: Begin Intent { act=android.intent.action.MEDIA_SCANNER_SCAN_FILE dat=file:///sdcard/screen_2026-05-28_051323.png flg=0x1400010 cmp=com.android.providers.media.module/com.android.providers.media.MediaService }
05-28 05:13:23.344  1387  1921 W ModernMediaScanner: Failed to visit /sdcard/screen_2026-05-28_051323.png: java.nio.file.AccessDeniedException: /sdcard/screen_2026-05-28_051323.png
05-28 05:13:23.344  1387  1921 I MediaProvider: Scanned internal due to REASON_DEMAND, found 0 items in 1ms, 0 inserts 0 updates 0 deletes
05-28 05:13:23.344  1387  1921 I MediaProvider: End Intent { act=android.intent.action.MEDIA_SCANNER_SCAN_FILE dat=file:///sdcard/screen_2026-05-28_051323.png flg=0x1400010 cmp=com.android.providers.media.module/com.android.providers.media.MediaService }
05-28 05:13:23.363  1387  1548 I MediaProvider: Deleted 1 items on external_primary due to com.android.shell
05-28 05:13:23.387 10723 10725 I cmd     : oneway function results will be dropped but finished with status OK and parcel size 4
05-28 05:13:23.432 10738 10740 I cmd     : oneway function results will be dropped but finished with status OK and parcel size 4
05-28 05:13:23.477 10753 10755 I cmd     : oneway function results will be dropped but finished with status OK and parcel size 4
05-28 05:13:23.522 10768 10770 I cmd     : oneway function results will be dropped but finished with status OK and parcel size 4
05-28 05:13:23.593 10780 10780 E libc    : Access denied finding property "persist.device_config.runtime_native_boot.profilebootclasspath"
05-28 05:13:23.593 10780 10780 E libc    : Access denied finding property "persist.device_config.runtime_native_boot.enable_apex_image"
05-28 05:13:23.593 10780 10780 I AndroidRuntime: Using default boot image
05-28 05:13:23.593 10780 10780 E libc    : Access denied finding property "persist.device_config.runtime_native_boot.disable_lock_profiling"
05-28 05:13:23.593 10780 10780 I AndroidRuntime: Leaving lock profiling enabled
05-28 05:13:23.593 10780 10780 E libc    : Access denied finding property "persist.device_config.runtime_native_boot.enable_generational_cc"
05-28 05:13:23.594 10780 10780 I app_process: Core platform API reporting enabled, enforcing=false
05-28 05:13:23.628 10780 10780 W app_process: Unexpected CPU variant for X86 using defaults: x86_64
05-28 05:13:23.629 10780 10780 I app_process: The ClassLoaderContext is a special shared library.
05-28 05:13:23.635 10780 10780 W app_process: JNI RegisterNativeMethods: attempt to register 0 native methods for android.media.AudioAttributes
05-28 05:13:25.227  8555  8555 I ProvidersCache: Updating roots due to change on user 0at content://com.android.providers.media.documents/root
05-28 05:13:25.339   158   158 I hwservicemanager: getTransport: Cannot find entry android.hardware.graphics.mapper@4.0::IMapper/default in either framework or device manifest.
05-28 05:13:25.339 10813 10813 I Gralloc4: mapper 4.x is not supported
05-28 05:13:25.342  8555  8555 I ProvidersCache: Updating roots due to change on user 0at content://com.android.providers.media.documents/root
05-28 05:13:25.397 10818 10820 I cmd     : oneway function results will be dropped but finished with status OK and parcel size 4
05-28 05:13:25.397  1387  1921 I MediaProvider: Begin Intent { act=android.intent.action.MEDIA_SCANNER_SCAN_FILE dat=file:///sdcard/screen_2026-05-28_051325.png flg=0x1400010 cmp=com.android.providers.media.module/com.android.providers.media.MediaService }
05-28 05:13:25.392  1387  1387 W com.android.providers.media.module: type=1400 audit(0.0:1039): avc: denied { read } for comm=4173796E635461736B202331 name="primary" dev="tmpfs" ino=19238 scontext=u:r:mediaprovider_app:s0:c129,c256,c512,c768 tcontext=u:object_r:mnt_pass_through_file:s0 tclass=lnk_file permissive=0 app=com.android.providers.media.module
05-28 05:13:25.575     0     0 W audit   : audit_lost=760 audit_rate_limit=5 audit_backlog_limit=64
05-28 05:13:25.584     0     0 E audit   : rate limit exceeded
05-28 05:13:25.413  1387  1921 W ModernMediaScanner: Failed to visit /sdcard/screen_2026-05-28_051325.png: java.nio.file.AccessDeniedException: /sdcard/screen_2026-05-28_051325.png
05-28 05:13:25.392  1387  1387 W com.android.providers.media.module: type=1400 audit(0.0:1040): avc: denied { read } for comm=4173796E635461736B202331 name="primary" dev="tmpfs" ino=19238 scontext=u:r:mediaprovider_app:s0:c129,c256,c512,c768 tcontext=u:object_r:mnt_pass_through_file:s0 tclass=lnk_file permissive=0 app=com.android.providers.media.module
05-28 05:13:25.417  1387  1921 I MediaProvider: Scanned internal due to REASON_DEMAND, found 0 items in 20ms, 0 inserts 0 updates 0 deletes
05-28 05:13:25.417  1387  1921 I MediaProvider: End Intent { act=android.intent.action.MEDIA_SCANNER_SCAN_FILE dat=file:///sdcard/screen_2026-05-28_051325.png flg=0x1400010 cmp=com.android.providers.media.module/com.android.providers.media.MediaService }
05-28 05:13:25.396  1387  1387 W com.android.providers.media.module: type=1400 audit(0.0:1041): avc: denied { read } for comm=4173796E635461736B202331 name="primary" dev="tmpfs" ino=19238 scontext=u:r:mediaprovider_app:s0:c129,c256,c512,c768 tcontext=u:object_r:mnt_pass_through_file:s0 tclass=lnk_file permissive=0 app=com.android.providers.media.module
05-28 05:13:25.443  1387  2592 I MediaProvider: Deleted 1 items on external_primary due to com.android.shell
05-28 05:13:25.468 10829 10831 I cmd     : oneway function results will be dropped but finished with status OK and parcel size 4
05-28 05:13:25.497  8555  8555 I ProvidersCache: Updating roots due to change on user 0at content://com.android.providers.media.documents/root
05-28 05:13:25.579   158   158 I hwservicemanager: getTransport: Cannot find entry android.hardware.graphics.mapper@4.0::IMapper/default in either framework or device manifest.
05-28 05:13:25.579 10851 10851 I Gralloc4: mapper 4.x is not supported
05-28 05:13:25.617  8555  8555 I ProvidersCache: Updating roots due to change on user 0at content://com.android.providers.media.documents/root
05-28 05:13:25.630  1387  1921 I MediaProvider: Begin Intent { act=android.intent.action.MEDIA_SCANNER_SCAN_FILE dat=file:///sdcard/screen_2026-05-28_051325.png flg=0x1400010 cmp=com.android.providers.media.module/com.android.providers.media.MediaService }
05-28 05:13:25.631  1387  1921 W ModernMediaScanner: Failed to visit /sdcard/screen_2026-05-28_051325.png: java.nio.file.AccessDeniedException: /sdcard/screen_2026-05-28_051325.png
05-28 05:13:25.631  1387  1921 I MediaProvider: Scanned internal due to REASON_DEMAND, found 0 items in 0ms, 0 inserts 0 updates 0 deletes
05-28 05:13:25.631  1387  1921 I MediaProvider: End Intent { act=android.intent.action.MEDIA_SCANNER_SCAN_FILE dat=file:///sdcard/screen_2026-05-28_051325.png flg=0x1400010 cmp=com.android.providers.media.module/com.android.providers.media.MediaService }
05-28 05:13:25.651  1387  1537 I MediaProvider: Deleted 1 items on external_primary due to com.android.shell
05-28 05:13:25.674 10866 10868 I cmd     : oneway function results will be dropped but finished with status OK and parcel size 4
05-28 05:13:25.798   158   158 I hwservicemanager: getTransport: Cannot find entry android.hardware.graphics.mapper@4.0::IMapper/default in either framework or device manifest.
05-28 05:13:25.798 10888 10888 I Gralloc4: mapper 4.x is not supported
05-28 05:13:25.827  8555  8555 I ProvidersCache: Updating roots due to change on user 0at content://com.android.providers.media.documents/root
05-28 05:13:25.848 10894 10896 I cmd     : oneway function results will be dropped but finished with status OK and parcel size 4
05-28 05:13:25.848  1387  1921 I MediaProvider: Begin Intent { act=android.intent.action.MEDIA_SCANNER_SCAN_FILE dat=file:///sdcard/screen_2026-05-28_051325.png flg=0x1400010 cmp=com.android.providers.media.module/com.android.providers.media.MediaService }
05-28 05:13:25.849  1387  1921 W ModernMediaScanner: Failed to visit /sdcard/screen_2026-05-28_051325.png: java.nio.file.AccessDeniedException: /sdcard/screen_2026-05-28_051325.png
05-28 05:13:25.849  1387  1921 I MediaProvider: Scanned internal due to REASON_DEMAND, found 0 items in 1ms, 0 inserts 0 updates 0 deletes
05-28 05:13:25.850  1387  1921 I MediaProvider: End Intent { act=android.intent.action.MEDIA_SCANNER_SCAN_FILE dat=file:///sdcard/screen_2026-05-28_051325.png flg=0x1400010 cmp=com.android.providers.media.module/com.android.providers.media.MediaService }
05-28 05:13:25.869  1387  1548 I MediaProvider: Deleted 1 items on external_primary due to com.android.shell
05-28 05:13:25.892 10905 10907 I cmd     : oneway function results will be dropped but finished with status OK and parcel size 4
05-28 05:13:25.937 10920 10922 I cmd     : oneway function results will be dropped but finished with status OK and parcel size 4
05-28 05:13:25.958  1715  1962 I Dialer  : OmtpVvmCarrierCfgHlpr - OmtpEvent:CONFIG_STATUS_SMS_TIME_OUT
05-28 05:13:25.958  1715  1715 I Dialer  : RetryPolicy - discarding deferred status: configuration_state=4
05-28 05:13:25.959  1715  1715 I Dialer  : VvmTaskExecutor - no more tasks, stopping service if no task are added in 5000 millis
05-28 05:13:25.960  1715  1715 I Dialer  : VvmTaskReceiver - task received
05-28 05:13:25.960  1715  1715 I Dialer  : VvmTaskReceiver - TaskExecutor already running
05-28 05:13:25.960  1715  1715 I Dialer  : Task.createTask - create task:com.android.voicemail.impl.ActivationTask
05-28 05:13:25.960  1715  1715 I Dialer  : RetryPolicy - retry #2 for com.android.voicemail.impl.ActivationTask@84eb19c queued, executing in 5000
05-28 05:13:25.960  1715  1715 I Dialer  : VvmTaskExecutor - com.android.voicemail.impl.ActivationTask@84eb19c added
05-28 05:13:25.960  1715  1715 I Dialer  : VvmTaskExecutor - minimal wait time:5000
05-28 05:13:25.960  1715  1715 I Dialer  : VvmTaskExecutor - sleep for 5000 millis
05-28 05:13:25.983 10935 10937 I cmd     : oneway function results will be dropped but finished with status OK and parcel size 4
05-28 05:13:26.028 10950 10952 I cmd     : oneway function results will be dropped but finished with status OK and parcel size 4
05-28 05:13:26.097 10962 10962 E libc    : Access denied finding property "persist.device_config.runtime_native_boot.profilebootclasspath"
05-28 05:13:26.097 10962 10962 E libc    : Access denied finding property "persist.device_config.runtime_native_boot.enable_apex_image"
05-28 05:13:26.097 10962 10962 I AndroidRuntime: Using default boot image
05-28 05:13:26.097 10962 10962 E libc    : Access denied finding property "persist.device_config.runtime_native_boot.disable_lock_profiling"
05-28 05:13:26.097 10962 10962 I AndroidRuntime: Leaving lock profiling enabled
05-28 05:13:26.098 10962 10962 E libc    : Access denied finding property "persist.device_config.runtime_native_boot.enable_generational_cc"
05-28 05:13:26.099 10962 10962 I app_process: Core platform API reporting enabled, enforcing=false
05-28 05:13:26.133 10962 10962 W app_process: Unexpected CPU variant for X86 using defaults: x86_64
05-28 05:13:26.134 10962 10962 I app_process: The ClassLoaderContext is a special shared library.
05-28 05:13:26.141 10962 10962 W app_process: JNI RegisterNativeMethods: attempt to register 0 native methods for android.media.AudioAttributes
05-28 05:13:26.167  2080  2080 E AccessibilityInteractionClient: 3 Disconnected nodes.
05-28 05:13:27.801  8555  8555 I ProvidersCache: Updating roots due to change on user 0at content://com.android.providers.media.documents/root
05-28 05:13:27.844   158   158 I hwservicemanager: getTransport: Cannot find entry android.hardware.graphics.mapper@4.0::IMapper/default in either framework or device manifest.
05-28 05:13:27.844 10994 10994 I Gralloc4: mapper 4.x is not supported
05-28 05:13:27.888 11000 11002 I cmd     : oneway function results will be dropped but finished with status OK and parcel size 4
05-28 05:13:27.888  1387  1921 I MediaProvider: Begin Intent { act=android.intent.action.MEDIA_SCANNER_SCAN_FILE dat=file:///sdcard/screen_2026-05-28_051327.png flg=0x1400010 cmp=com.android.providers.media.module/com.android.providers.media.MediaService }
05-28 05:13:27.884  1387  1387 W com.android.providers.media.module: type=1400 audit(0.0:1061): avc: denied { read } for comm=4173796E635461736B202331 name="primary" dev="tmpfs" ino=19238 scontext=u:r:mediaprovider_app:s0:c129,c256,c512,c768 tcontext=u:object_r:mnt_pass_through_file:s0 tclass=lnk_file permissive=0 app=com.android.providers.media.module
05-28 05:13:28.068     0     0 W audit   : audit_lost=777 audit_rate_limit=5 audit_backlog_limit=64
05-28 05:13:28.076     0     0 E audit   : rate limit exceeded
05-28 05:13:27.884  1387  1387 W com.android.providers.media.module: type=1400 audit(0.0:1062): avc: denied { read } for comm=4173796E635461736B202331 name="primary" dev="tmpfs" ino=19238 scontext=u:r:mediaprovider_app:s0:c129,c256,c512,c768 tcontext=u:object_r:mnt_pass_through_file:s0 tclass=lnk_file permissive=0 app=com.android.providers.media.module
05-28 05:13:27.908  1387  1921 W ModernMediaScanner: Failed to visit /sdcard/screen_2026-05-28_051327.png: java.nio.file.AccessDeniedException: /sdcard/screen_2026-05-28_051327.png
05-28 05:13:27.908  1387  1921 I MediaProvider: Scanned internal due to REASON_DEMAND, found 0 items in 19ms, 0 inserts 0 updates 0 deletes
05-28 05:13:27.909  1387  1921 I MediaProvider: End Intent { act=android.intent.action.MEDIA_SCANNER_SCAN_FILE dat=file:///sdcard/screen_2026-05-28_051327.png flg=0x1400010 cmp=com.android.providers.media.module/com.android.providers.media.MediaService }
05-28 05:13:27.912  8555  8555 I ProvidersCache: Updating roots due to change on user 0at content://com.android.providers.media.documents/root
05-28 05:13:27.884  1387  1387 W com.android.providers.media.module: type=1400 audit(0.0:1063): avc: denied { read } for comm=4173796E635461736B202331 name="primary" dev="tmpfs" ino=19238 scontext=u:r:mediaprovider_app:s0:c129,c256,c512,c768 tcontext=u:object_r:mnt_pass_through_file:s0 tclass=lnk_file permissive=0 app=com.android.providers.media.module
05-28 05:13:27.888  1387  1387 I chatty  : uid=10129(com.android.providers.media.module) identical 1 line
05-28 05:13:27.888  1387  1387 W com.android.providers.media.module: type=1400 audit(0.0:1065): avc: denied { read } for comm=4173796E635461736B202331 name="primary" dev="tmpfs" ino=19238 scontext=u:r:mediaprovider_app:s0:c129,c256,c512,c768 tcontext=u:object_r:mnt_pass_through_file:s0 tclass=lnk_file permissive=0 app=com.android.providers.media.module
05-28 05:13:27.935  1387  2592 I MediaProvider: Deleted 1 items on external_primary due to com.android.shell
05-28 05:13:27.960 11011 11013 I cmd     : oneway function results will be dropped but finished with status OK and parcel size 4
05-28 05:13:28.049  8555  8555 I ProvidersCache: Updating roots due to change on user 0at content://com.android.providers.media.documents/root
05-28 05:13:28.069   158   158 I hwservicemanager: getTransport: Cannot find entry android.hardware.graphics.mapper@4.0::IMapper/default in either framework or device manifest.
05-28 05:13:28.069 11033 11033 I Gralloc4: mapper 4.x is not supported
05-28 05:13:28.114 11037 11039 I cmd     : oneway function results will be dropped but finished with status OK and parcel size 4
05-28 05:13:28.115  1387  1921 I MediaProvider: Begin Intent { act=android.intent.action.MEDIA_SCANNER_SCAN_FILE dat=file:///sdcard/screen_2026-05-28_051328.png flg=0x1400010 cmp=com.android.providers.media.module/com.android.providers.media.MediaService }
05-28 05:13:28.115  1387  1921 W ModernMediaScanner: Failed to visit /sdcard/screen_2026-05-28_051328.png: java.nio.file.AccessDeniedException: /sdcard/screen_2026-05-28_051328.png
05-28 05:13:28.116  1387  1921 I MediaProvider: Scanned internal due to REASON_DEMAND, found 0 items in 0ms, 0 inserts 0 updates 0 deletes
05-28 05:13:28.116  1387  1921 I MediaProvider: End Intent { act=android.intent.action.MEDIA_SCANNER_SCAN_FILE dat=file:///sdcard/screen_2026-05-28_051328.png flg=0x1400010 cmp=com.android.providers.media.module/com.android.providers.media.MediaService }
05-28 05:13:28.117  8555  8555 I ProvidersCache: Updating roots due to change on user 0at content://com.android.providers.media.documents/root
05-28 05:13:28.138  1387  1537 I MediaProvider: Deleted 1 items on external_primary due to com.android.shell
05-28 05:13:28.162 11048 11050 I cmd     : oneway function results will be dropped but finished with status OK and parcel size 4
05-28 05:13:28.256  8555  8555 I ProvidersCache: Updating roots due to change on user 0at content://com.android.providers.media.documents/root
05-28 05:13:28.270   158   158 I hwservicemanager: getTransport: Cannot find entry android.hardware.graphics.mapper@4.0::IMapper/default in either framework or device manifest.
05-28 05:13:28.270 11070 11070 I Gralloc4: mapper 4.x is not supported
05-28 05:13:28.312 11074 11076 I cmd     : oneway function results will be dropped but finished with status OK and parcel size 4
05-28 05:13:28.312  1387  1921 I MediaProvider: Begin Intent { act=android.intent.action.MEDIA_SCANNER_SCAN_FILE dat=file:///sdcard/screen_2026-05-28_051328.png flg=0x1400010 cmp=com.android.providers.media.module/com.android.providers.media.MediaService }
05-28 05:13:28.313  1387  1921 W ModernMediaScanner: Failed to visit /sdcard/screen_2026-05-28_051328.png: java.nio.file.AccessDeniedException: /sdcard/screen_2026-05-28_051328.png
05-28 05:13:28.313  1387  1921 I MediaProvider: Scanned internal due to REASON_DEMAND, found 0 items in 1ms, 0 inserts 0 updates 0 deletes
05-28 05:13:28.314  1387  1921 I MediaProvider: End Intent { act=android.intent.action.MEDIA_SCANNER_SCAN_FILE dat=file:///sdcard/screen_2026-05-28_051328.png flg=0x1400010 cmp=com.android.providers.media.module/com.android.providers.media.MediaService }
05-28 05:13:28.326  8555  8555 I ProvidersCache: Updating roots due to change on user 0at content://com.android.providers.media.documents/root
