05-28 05:12:55.101  3616  3618 I cmd     : oneway function results will be dropped but finished with status OK and parcel size 4
05-28 05:12:55.157  3631  3633 I cmd     : oneway function results will be dropped but finished with status OK and parcel size 4
05-28 05:12:55.244  3643  3643 E libc    : Access denied finding property "persist.device_config.runtime_native_boot.profilebootclasspath"
05-28 05:12:55.244  3643  3643 E libc    : Access denied finding property "persist.device_config.runtime_native_boot.enable_apex_image"
05-28 05:12:55.244  3643  3643 I AndroidRuntime: Using default boot image
05-28 05:12:55.244  3643  3643 E libc    : Access denied finding property "persist.device_config.runtime_native_boot.disable_lock_profiling"
05-28 05:12:55.244  3643  3643 I AndroidRuntime: Leaving lock profiling enabled
05-28 05:12:55.244  3643  3643 E libc    : Access denied finding property "persist.device_config.runtime_native_boot.enable_generational_cc"
05-28 05:12:55.245  3643  3643 I app_process: Core platform API reporting enabled, enforcing=false
05-28 05:12:55.284  3643  3643 W app_process: Unexpected CPU variant for X86 using defaults: x86_64
05-28 05:12:55.285  3643  3643 I app_process: The ClassLoaderContext is a special shared library.
05-28 05:12:55.292  3643  3643 W app_process: JNI RegisterNativeMethods: attempt to register 0 native methods for android.media.AudioAttributes
05-28 05:12:55.600  2083  2083 E AccessibilityInteractionClient: 3 Disconnected nodes.
05-28 05:12:55.760  2665  2812 I System.out: 05:12:55.756 [DefaultDispatcher-worker-7] INFO io.ktor.client.HttpClient - REQUEST: https://pokeapi.co/api/v2/pokemon?limit=20&offset=0
05-28 05:12:55.761  2665  2812 I System.out: METHOD: HttpMethod(value=GET)
05-28 05:12:55.761  2665  2812 I System.out: COMMON HEADERS
05-28 05:12:55.761  2665  2812 I System.out: -> Accept: application/json
05-28 05:12:55.761  2665  2812 I System.out: -> Accept-Charset: UTF-8
05-28 05:12:55.761  2665  2812 I System.out: -> Content-Type: application/json
05-28 05:12:55.761  2665  2812 I System.out: CONTENT HEADERS
05-28 05:12:55.761  2665  2812 I System.out: -> Content-Length: 0
05-28 05:12:55.761  2665  2812 I System.out: BODY Content-Type: null
05-28 05:12:55.761  2665  2812 I System.out: BODY START
05-28 05:12:55.761  2665  2812 I System.out: 
05-28 05:12:55.761  2665  2812 I System.out: BODY END
05-28 05:12:55.796   507  2243 I ActivityManager: Killing 2051:com.android.camera2/u0a109 (adj 985): empty #17
05-28 05:12:55.796   507  2243 I ActivityManager: Killing 2012:com.android.calendar/u0a108 (adj 985): empty #18
05-28 05:12:55.821   282   282 I Zygote  : Process 2051 exited due to signal 9 (Killed)
05-28 05:12:55.821   282   282 I Zygote  : Process 2012 exited due to signal 9 (Killed)
05-28 05:12:55.842   507   548 I libprocessgroup: Successfully killed process cgroup uid 10109 pid 2051 in 44ms
05-28 05:12:55.848   507   548 I libprocessgroup: Successfully killed process cgroup uid 10108 pid 2012 in 0ms
05-28 05:12:55.886  2665  2818 I System.out: 05:12:55.884 [DefaultDispatcher-worker-9] INFO io.ktor.client.HttpClient - RESPONSE: 200 OK
05-28 05:12:55.886  2665  2818 I System.out: METHOD: HttpMethod(value=GET)
05-28 05:12:55.886  2665  2818 I System.out: FROM: https://pokeapi.co/api/v2/pokemon?limit=20&offset=0
05-28 05:12:55.886  2665  2818 I System.out: COMMON HEADERS
05-28 05:12:55.886  2665  2818 I System.out: -> access-control-allow-origin: *
05-28 05:12:55.886  2665  2818 I System.out: -> age: 19793
05-28 05:12:55.886  2665  2818 I System.out: -> alt-svc: h3=":443"; ma=86400
05-28 05:12:55.886  2665  2818 I System.out: -> cache-control: public, max-age=86400, s-maxage=86400
05-28 05:12:55.886  2665  2818 I System.out: -> cf-cache-status: HIT
05-28 05:12:55.886  2665  2818 I System.out: -> cf-ray: a02ac4681a9ac9bc-IAD
05-28 05:12:55.886  2665  2818 I System.out: -> connection: keep-alive
05-28 05:12:55.886  2665  2818 I System.out: -> content-type: application/json; charset=utf-8
05-28 05:12:55.886  2665  2818 I System.out: -> date: Thu, 28 May 2026 05:12:56 GMT
05-28 05:12:55.886  2665  2818 I System.out: -> etag: W/"588-iX6bV/yoloqGkIPBxJnQfrHsFIU"
05-28 05:12:55.886  2665  2818 I System.out: -> nel: {"report_to":"cf-nel","success_fraction":0.0,"max_age":604800}
05-28 05:12:55.886  2665  2818 I System.out: -> report-to: {"group":"cf-nel","max_age":604800,"endpoints":[{"url":"https://a.nel.cloudflare.com/report/v4?s=PzJ6%2BhBW17CXRF6dA217sc6XJdTFErFM%2FcPRUvpgCPekyh0%2FZXUbXn6CjkwmUdIEAM%2Fde2Wqsbd3b7Zxyo1mMl3GM0C8Nabf36TZF4nqsCA9EJZSFpSn%2FSU1Vclj"}]}
05-28 05:12:55.886  2665  2818 I System.out: -> server: cloudflare
05-28 05:12:55.886  2665  2818 I System.out: -> strict-transport-security: max-age=31556926
05-28 05:12:55.886  2665  2818 I System.out: -> traceparent: 00-725b152a74a155d9ffac17f89004f2f8-460d03d4aa448110-00
05-28 05:12:55.886  2665  2818 I System.out: -> transfer-encoding: chunked
05-28 05:12:55.886  2665  2818 I System.out: -> vary: Accept-Encoding,cookie,need-authorization, x-fh-requested-host, accept-encoding
05-28 05:12:55.886  2665  2818 I System.out: -> x-android-received-millis: 1779945175876
05-28 05:12:55.886  2665  2818 I System.out: -> x-android-response-source: NETWORK 200
05-28 05:12:55.886  2665  2818 I System.out: -> x-android-selected-protocol: http/1.1
05-28 05:12:55.886  2665  2818 I System.out: -> x-android-sent-millis: 1779945175868
05-28 05:12:55.886  2665  2818 I System.out: -> x-cache: HIT
05-28 05:12:55.886  2665  2818 I System.out: -> x-cache-hits: 0
05-28 05:12:55.886  2665  2818 I System.out: -> x-cloud-trace-context: 725b152a74a155d9ffac17f89004f2f8/5047694969276760336
05-28 05:12:55.886  2665  2818 I System.out: -> x-country-code: US
05-28 05:12:55.886  2665  2818 I System.out: -> x-orig-accept-language: en-US,en;q=0.9
05-28 05:12:55.886  2665  2818 I System.out: -> x-powered-by: Express
05-28 05:12:55.886  2665  2818 I System.out: -> x-served-by: cache-chi-klot8100137-CHI
05-28 05:12:55.886  2665  2818 I System.out: -> x-timer: S1765556373.142040,VS0,VE2
05-28 05:12:55.886  2665  2818 I System.out: BODY Content-Type: application/json; charset=utf-8
05-28 05:12:55.886  2665  2818 I System.out: BODY START
05-28 05:12:55.886  2665  2818 I System.out: {"count":1350,"next":"https://pokeapi.co/api/v2/pokemon?offset=20&limit=20","previous":null,"results":[{"name":"bulbasaur","url":"https://pokeapi.co/api/v2/pokemon/1/"},{"name":"ivysaur","url":"https://pokeapi.co/api/v2/pokemon/2/"},{"name":"venusaur","url":"https://pokeapi.co/api/v2/pokemon/3/"},{"name":"charmander","url":"https://pokeapi.co/api/v2/pokemon/4/"},{"name":"charmeleon","url":"https://pokeapi.co/api/v2/pokemon/5/"},{"name":"charizard","url":"https://pokeapi.co/api/v2/pokemon/6/"},{"name":"squirtle","url":"https://pokeapi.co/api/v2/pokemon/7/"},{"name":"wartortle","url":"https://pokeapi.co/api/v2/pokemon/8/"},{"name":"blastoise","url":"https://pokeapi.co/api/v2/pokemon/9/"},{"name":"caterpie","url":"https://pokeapi.co/api/v2/pokemon/10/"},{"name":"metapod","url":"https://pokeapi.co/api/v2/pokemon/11/"},{"name":"butterfree","url":"https://pokeapi.co/api/v2/pokemon/12/"},{"name":"weedle","url":"https://pokeapi.co/api/v2/pokemon/13/"},{"name":"kakuna","url":"https://pokeapi.co/api/v2/pokemon/14/"},{"name":"beedrill","url":"https://pokeapi.co/api/v2/pokemon/15/"},{"name":"pidgey","url":"https://pokeapi.co/api/v2/pokemon/16/"},{"name":"pidgeotto","url":"https://pokeapi.co/api/v2/pokemon/17/"},{"name":"pidgeot","url":"https://pokeapi.co/api/v2/pokemon/18/"},{"name":"rattata","url":"https://pokeapi.co/api/v2/pokemon/19/"},{"name":"raticate","url":"https://pokeapi.co/api/v2/pokemon/20/"}]}
05-28 05:12:55.886  2665  2818 I System.out: BODY END
05-28 05:12:57.033   158   158 I hwservicemanager: getTransport: Cannot find entry android.hardware.graphics.mapper@4.0::IMapper/default in either framework or device manifest.
05-28 05:12:57.033  3688  3688 I Gralloc4: mapper 4.x is not supported
05-28 05:12:57.092  1395  1954 I MediaProvider: Begin Intent { act=android.intent.action.MEDIA_SCANNER_SCAN_FILE dat=file:///sdcard/screen_2026-05-28_051257.png flg=0x1400010 cmp=com.android.providers.media.module/com.android.providers.media.MediaService }
05-28 05:12:57.088  1395  1395 W com.android.providers.media.module: type=1400 audit(0.0:184): avc: denied { read } for comm=4173796E635461736B202331 name="primary" dev="tmpfs" ino=27675 scontext=u:r:mediaprovider_app:s0:c128,c256,c512,c768 tcontext=u:object_r:mnt_pass_through_file:s0 tclass=lnk_file permissive=0 app=com.android.providers.media.module
05-28 05:12:57.314     0     0 W audit   : audit_lost=110 audit_rate_limit=5 audit_backlog_limit=64
05-28 05:12:57.324     0     0 E audit   : rate limit exceeded
05-28 05:12:57.088  1395  1395 W com.android.providers.media.module: type=1400 audit(0.0:185): avc: denied { read } for comm=4173796E635461736B202331 name="primary" dev="tmpfs" ino=27675 scontext=u:r:mediaprovider_app:s0:c128,c256,c512,c768 tcontext=u:object_r:mnt_pass_through_file:s0 tclass=lnk_file permissive=0 app=com.android.providers.media.module
05-28 05:12:57.115  1395  1954 W ModernMediaScanner: Failed to visit /sdcard/screen_2026-05-28_051257.png: java.nio.file.AccessDeniedException: /sdcard/screen_2026-05-28_051257.png
05-28 05:12:57.116  1395  1954 I MediaProvider: Scanned internal due to REASON_DEMAND, found 0 items in 23ms, 0 inserts 0 updates 0 deletes
05-28 05:12:57.116  1395  1954 I MediaProvider: End Intent { act=android.intent.action.MEDIA_SCANNER_SCAN_FILE dat=file:///sdcard/screen_2026-05-28_051257.png flg=0x1400010 cmp=com.android.providers.media.module/com.android.providers.media.MediaService }
05-28 05:12:57.088  1395  1395 W com.android.providers.media.module: type=1400 audit(0.0:186): avc: denied { read } for comm=4173796E635461736B202331 name="primary" dev="tmpfs" ino=27675 scontext=u:r:mediaprovider_app:s0:c128,c256,c512,c768 tcontext=u:object_r:mnt_pass_through_file:s0 tclass=lnk_file permissive=0 app=com.android.providers.media.module
05-28 05:12:57.151  1395  2597 I MediaProvider: Deleted 1 items on external_primary due to com.android.shell
05-28 05:12:57.179  3703  3705 I cmd     : oneway function results will be dropped but finished with status OK and parcel size 4
05-28 05:12:57.313   158   158 I hwservicemanager: getTransport: Cannot find entry android.hardware.graphics.mapper@4.0::IMapper/default in either framework or device manifest.
05-28 05:12:57.314  3725  3725 I Gralloc4: mapper 4.x is not supported
05-28 05:12:57.373  1395  1954 I MediaProvider: Begin Intent { act=android.intent.action.MEDIA_SCANNER_SCAN_FILE dat=file:///sdcard/screen_2026-05-28_051257.png flg=0x1400010 cmp=com.android.providers.media.module/com.android.providers.media.MediaService }
05-28 05:12:57.374  1395  1954 W ModernMediaScanner: Failed to visit /sdcard/screen_2026-05-28_051257.png: java.nio.file.AccessDeniedException: /sdcard/screen_2026-05-28_051257.png
05-28 05:12:57.374  1395  1954 I MediaProvider: Scanned internal due to REASON_DEMAND, found 0 items in 1ms, 0 inserts 0 updates 0 deletes
05-28 05:12:57.375  1395  1954 I MediaProvider: End Intent { act=android.intent.action.MEDIA_SCANNER_SCAN_FILE dat=file:///sdcard/screen_2026-05-28_051257.png flg=0x1400010 cmp=com.android.providers.media.module/com.android.providers.media.MediaService }
05-28 05:12:57.395  1395  1571 I MediaProvider: Deleted 1 items on external_primary due to com.android.shell
05-28 05:12:57.423  3740  3742 I cmd     : oneway function results will be dropped but finished with status OK and parcel size 4
05-28 05:12:57.553   158   158 I hwservicemanager: getTransport: Cannot find entry android.hardware.graphics.mapper@4.0::IMapper/default in either framework or device manifest.
05-28 05:12:57.553  3762  3762 I Gralloc4: mapper 4.x is not supported
05-28 05:12:57.612  1395  1954 I MediaProvider: Begin Intent { act=android.intent.action.MEDIA_SCANNER_SCAN_FILE dat=file:///sdcard/screen_2026-05-28_051257.png flg=0x1400010 cmp=com.android.providers.media.module/com.android.providers.media.MediaService }
05-28 05:12:57.613  1395  1954 W ModernMediaScanner: Failed to visit /sdcard/screen_2026-05-28_051257.png: java.nio.file.AccessDeniedException: /sdcard/screen_2026-05-28_051257.png
05-28 05:12:57.614  1395  1954 I MediaProvider: Scanned internal due to REASON_DEMAND, found 0 items in 1ms, 0 inserts 0 updates 0 deletes
05-28 05:12:57.614  1395  1954 I MediaProvider: End Intent { act=android.intent.action.MEDIA_SCANNER_SCAN_FILE dat=file:///sdcard/screen_2026-05-28_051257.png flg=0x1400010 cmp=com.android.providers.media.module/com.android.providers.media.MediaService }
05-28 05:12:57.634  1395  1586 I MediaProvider: Deleted 1 items on external_primary due to com.android.shell
05-28 05:12:57.663  3777  3779 I cmd     : oneway function results will be dropped but finished with status OK and parcel size 4
05-28 05:12:57.717  3792  3794 I cmd     : oneway function results will be dropped but finished with status OK and parcel size 4
05-28 05:12:57.772  3807  3809 I cmd     : oneway function results will be dropped but finished with status OK and parcel size 4
05-28 05:12:57.827  3822  3824 I cmd     : oneway function results will be dropped but finished with status OK and parcel size 4
05-28 05:12:57.918  3834  3834 E libc    : Access denied finding property "persist.device_config.runtime_native_boot.profilebootclasspath"
05-28 05:12:57.918  3834  3834 E libc    : Access denied finding property "persist.device_config.runtime_native_boot.enable_apex_image"
05-28 05:12:57.918  3834  3834 I AndroidRuntime: Using default boot image
05-28 05:12:57.918  3834  3834 E libc    : Access denied finding property "persist.device_config.runtime_native_boot.disable_lock_profiling"
05-28 05:12:57.918  3834  3834 I AndroidRuntime: Leaving lock profiling enabled
05-28 05:12:57.918  3834  3834 E libc    : Access denied finding property "persist.device_config.runtime_native_boot.enable_generational_cc"
05-28 05:12:57.919  3834  3834 I app_process: Core platform API reporting enabled, enforcing=false
05-28 05:12:57.963  3834  3834 W app_process: Unexpected CPU variant for X86 using defaults: x86_64
05-28 05:12:57.964  3834  3834 I app_process: The ClassLoaderContext is a special shared library.
05-28 05:12:57.971  3834  3834 W app_process: JNI RegisterNativeMethods: attempt to register 0 native methods for android.media.AudioAttributes
05-28 05:12:58.184  2665  2808 I System.out: 05:12:58.183 [DefaultDispatcher-worker-4] INFO io.ktor.client.HttpClient - REQUEST: https://pokeapi.co/api/v2/pokemon/bulbasaur
05-28 05:12:58.184  2665  2808 I System.out: METHOD: HttpMethod(value=GET)
05-28 05:12:58.184  2665  2808 I System.out: COMMON HEADERS
05-28 05:12:58.184  2665  2808 I System.out: -> Accept: application/json
05-28 05:12:58.184  2665  2808 I System.out: -> Accept-Charset: UTF-8
05-28 05:12:58.184  2665  2808 I System.out: -> Content-Type: application/json
05-28 05:12:58.184  2665  2808 I System.out: CONTENT HEADERS
05-28 05:12:58.184  2665  2808 I System.out: -> Content-Length: 0
05-28 05:12:58.184  2665  2808 I System.out: BODY Content-Type: null
05-28 05:12:58.184  2665  2808 I System.out: BODY START
05-28 05:12:58.184  2665  2808 I System.out: 
05-28 05:12:58.184  2665  2808 I System.out: BODY END
05-28 05:12:58.339  2665  2813 I System.out: 05:12:58.317 [DefaultDispatcher-worker-8] INFO io.ktor.client.HttpClient - RESPONSE: 200 OK
05-28 05:12:58.339  2665  2813 I System.out: METHOD: HttpMethod(value=GET)
05-28 05:12:58.339  2665  2813 I System.out: FROM: https://pokeapi.co/api/v2/pokemon/bulbasaur
05-28 05:12:58.339  2665  2813 I System.out: COMMON HEADERS
05-28 05:12:58.339  2665  2813 I System.out: -> access-control-allow-origin: *
05-28 05:12:58.339  2665  2813 I System.out: -> age: 13940
05-28 05:12:58.339  2665  2813 I System.out: -> alt-svc: h3=":443"; ma=86400
05-28 05:12:58.339  2665  2813 I System.out: -> cache-control: public, max-age=86400, s-maxage=86400
05-28 05:12:58.339  2665  2813 I System.out: -> cf-cache-status: HIT
05-28 05:12:58.339  2665  2813 I System.out: -> cf-ray: a02ac476988bc9bc-IAD
05-28 05:12:58.339  2665  2813 I System.out: -> connection: keep-alive
05-28 05:12:58.339  2665  2813 I System.out: -> content-type: application/json; charset=utf-8
05-28 05:12:58.339  2665  2813 I System.out: -> date: Thu, 28 May 2026 05:12:58 GMT
05-28 05:12:58.339  2665  2813 I System.out: -> etag: W/"41ad6-DjKZLuJ1Lydzi6DxM+a0Oor5Ru0"
05-28 05:12:58.339  2665  2813 I System.out: -> function-execution-id: wr6d1ch7jsq2
05-28 05:12:58.339  2665  2813 I System.out: -> nel: {"report_to":"cf-nel","success_fraction":0.0,"max_age":604800}
05-28 05:12:58.339  2665  2813 I System.out: -> report-to: {"group":"cf-nel","max_age":604800,"endpoints":[{"url":"https://a.nel.cloudflare.com/report/v4?s=DY2UpRQ8FJYFdjY5ErKJ8VwUg0iukxluIQD20hhE%2B6Zzfep6eH3GvJeqKcgb6fsLqPQbw7C8E49njV0y%2B6Kh%2Bi9pk8x7mXmDbZmIEiLc5QVe7koupZU%2FIkHff5VP"}]}
05-28 05:12:58.339  2665  2813 I System.out: -> server: cloudflare
05-28 05:12:58.339  2665  2813 I System.out: -> strict-transport-security: max-age=31556926
05-28 05:12:58.339  2665  2813 I System.out: -> transfer-encoding: chunked
05-28 05:12:58.339  2665  2813 I System.out: -> vary: Accept-Encoding,cookie,need-authorization, x-fh-requested-host, accept-encoding
05-28 05:12:58.339  2665  2813 I System.out: -> x-android-received-millis: 1779945178198
05-28 05:12:58.339  2665  2813 I System.out: -> x-android-response-source: NETWORK 200
05-28 05:12:58.340  2665  2813 I System.out: -> x-android-selected-protocol: http/1.1
05-28 05:12:58.340  2665  2813 I System.out: -> x-android-sent-millis: 1779945178186
05-28 05:12:58.340  2665  2813 I System.out: -> x-cache: HIT
05-28 05:12:58.340  2665  2813 I System.out: -> x-cache-hits: 0
05-28 05:12:58.340  2665  2813 I System.out: -> x-cloud-trace-context: 22492c0ab99698506adf29bcff0a07d7;o=1
05-28 05:12:58.340  2665  2813 I System.out: -> x-country-code: US
05-28 05:12:58.340  2665  2813 I System.out: -> x-orig-accept-language: en-US
05-28 05:12:58.340  2665  2813 I System.out: -> x-powered-by: Express
05-28 05:12:58.340  2665  2813 I System.out: -> x-served-by: cache-lga21944-LGA
05-28 05:12:58.340  2665  2813 I System.out: -> x-timer: S1769897377.904751,VS0,VE1
05-28 05:12:58.340  2665  2813 I System.out: BODY Content-Type: application/json; charset=utf-8
05-28 05:12:58.340  2665  2813 I System.out: BODY START
05-28 05:12:58.345  2665  2813 I System.out: {"abilities":[{"ability":{"name":"overgrow","url":"https://pokeapi.co/api/v2/ability/65/"},"is_hidden":false,"slot":1},{"ability":{"name":"chlorophyll","url":"https://pokeapi.co/api/v2/ability/34/"},"is_hidden":true,"slot":3}],"base_experience":64,"cries":{"latest":"https://raw.githubusercontent.com/PokeAPI/cries/main/cries/pokemon/latest/1.ogg","legacy":"https://raw.githubusercontent.com/PokeAPI/cries/main/cries/pokemon/legacy/1.ogg"},"forms":[{"name":"bulbasaur","url":"https://pokeapi.co/api/v2/pokemon-form/1/"}],"game_indices":[{"game_index":153,"version":{"name":"red","url":"https://pokeapi.co/api/v2/version/1/"}},{"game_index":153,"version":{"name":"blue","url":"https://pokeapi.co/api/v2/version/2/"}},{"game_index":153,"version":{"name":"yellow","url":"https://pokeapi.co/api/v2/version/3/"}},{"game_index":1,"version":{"name":"gold","url":"https://pokeapi.co/api/v2/version/4/"}},{"game_index":1,"version":{"name":"silver","url":"https://pokeapi.co/api/v2/version/5/"}},{"game_index":1,"version":{"name":"crystal","url":"https://pokeapi.co/api/v2/version/6/"}},{"game_index":1,"version":{"name":"ruby","url":"https://pokeapi.co/api/v2/version/7/"}},{"game_index":1,"version":{"name":"sapphire","url":"https://pokeapi.co/api/v2/version/8/"}},{"game_index":1,"version":{"name":"emerald","url":"https://pokeapi.co/api/v2/version/9/"}},{"game_index":1,"version":{"name":"firered","url":"https://pokeapi.co/api/v2/version/10/"}},{"game_index":1,"version":{"name":"leafgreen","url":"https://pokeapi.co/api/v2/version/11/"}},{"game_index":1,"version":{"name":"diamond","url":"https://pokeapi.co/api/v2/version/12/"}},{"game_index":1,"version":{"name":"pearl","url":"https://pokeapi.co/api/v2/version/13/"}},{"game_index":1,"version":{"name":"platinum","url":"https://pokeapi.co/api/v2/version/14/"}},{"game_index":1,"version":{"name":"heartgold","url":"https://pokeapi.co/api/v2/version/15/"}},{"game_index":1,"version":{"name":"soulsilver","url":"https://pokeapi.co/api/v2/version/16/"}},{"game_index":1,"version":{"name":"black","url":"https://pokeapi.co/api/v2/version/17/"}},{"game_index":1,"version":{"name":"white","url":"https://pokeapi.co/api/v2/version/18/"}},{"game_index":1,"version":{"name":"black-2","url":"https://pokeapi.co/api/v2/version/21/"}},{"game_index":1,"version":{"name":"white-2","url":"https://pokeapi.co/api/v2/version/22/"}}],"height":7,"held_items":[],"id":1,"is_default":true,"location_area_encounters":"https://pokeapi.co/api/v2/pokemon/1/encounters","moves":[{"move":{"name":"razor-wind","url":"https://pokeapi.co/api/v2/move/13/"},"version_group_details":[{"level_learned_at":0,"move_learn_method":{"name":"egg","url":"https://pokeapi.co/api/v2/move-learn-method/2/"},"order":null,"version_group":{"name":"gold-silver","url":"https://pokeapi.co/api/v2/version-group/3/"}},{"level_learned_at":0,"move_learn_method":{"name":"egg","url":"https://pokeapi.co/api/v2/move-learn-method/2/"},"order":null,"version_group":{"name":"crystal","url":"https://pokeapi.co/api/v2/version-group/4/"}}]},{"move":{"name":"swords-dance","url":"https://pokeapi.co/api/v2/move/14/"},"version_group_details":[{"level_learned_at":0,"move_learn_method":{"name":"machine","url":"https://pokeapi.co/api/v2/move-learn-method/4/"},"order":null,"version_group":{"name":"red-blue","url":"https://pokeapi.co/api/v2/version-group/1/"}},{"level_learned_at":0,"move_learn_method":{"name":"machine","url":"https://pokeapi.co/api/v2/move-learn-method/4/"},"order":null,"version_group":{"name":"yellow","url":"https://pokeapi.co/api/v2/version-group/2/"}},{"level_learned_at":0,"move_learn_method":{"name":"tutor","url":"https://pokeapi.co/api/v2/move-learn-method/3/"},"order":null,"version_group":{"name":"emerald","url":"https://pokeapi.co/api/v2/version-group/6/"}},{"level_learned_at":0,"move_learn_method":{"name":"tutor","url":"https://pokeapi.co/api/v2/move-learn-method/3/"},"order":null,"version_group":{"name":"firered-leafgreen","url":"https://pokeapi.co/api/v2/version-group/7/"}},{"level_learned_at":0,"move_learn_method":{"name":"machin
05-28 05:12:58.345  2665  2813 I System.out: BODY END
05-28 05:12:58.496  2665  2680 I pokedex.androi: Background concurrent copying GC freed 26872(1159KB) AllocSpace objects, 36(5948KB) LOS objects, 49% free, 11MB/23MB, paused 76us total 159.148ms
05-28 05:12:59.725   158   158 I hwservicemanager: getTransport: Cannot find entry android.hardware.graphics.mapper@4.0::IMapper/default in either framework or device manifest.
05-28 05:12:59.725  3870  3870 I Gralloc4: mapper 4.x is not supported
05-28 05:12:59.778  3874  3876 I cmd     : oneway function results will be dropped but finished with status OK and parcel size 4
05-28 05:12:59.779  1395  1954 I MediaProvider: Begin Intent { act=android.intent.action.MEDIA_SCANNER_SCAN_FILE dat=file:///sdcard/screen_2026-05-28_051300.png flg=0x1400010 cmp=com.android.providers.media.module/com.android.providers.media.MediaService }
05-28 05:12:59.776  1395  1395 W com.android.providers.media.module: type=1400 audit(0.0:206): avc: denied { read } for comm=4173796E635461736B202331 name="primary" dev="tmpfs" ino=27675 scontext=u:r:mediaprovider_app:s0:c128,c256,c512,c768 tcontext=u:object_r:mnt_pass_through_file:s0 tclass=lnk_file permissive=0 app=com.android.providers.media.module
05-28 05:13:00.001     0     0 W audit   : audit_lost=127 audit_rate_limit=5 audit_backlog_limit=64
05-28 05:13:00.011     0     0 E audit   : rate limit exceeded
05-28 05:12:59.776  1395  1395 W com.android.providers.media.module: type=1400 audit(0.0:207): avc: denied { read } for comm=4173796E635461736B202331 name="primary" dev="tmpfs" ino=27675 scontext=u:r:mediaprovider_app:s0:c128,c256,c512,c768 tcontext=u:object_r:mnt_pass_through_file:s0 tclass=lnk_file permissive=0 app=com.android.providers.media.module
05-28 05:12:59.796  1395  1954 W ModernMediaScanner: Failed to visit /sdcard/screen_2026-05-28_051300.png: java.nio.file.AccessDeniedException: /sdcard/screen_2026-05-28_051300.png
05-28 05:12:59.797  1395  1954 I MediaProvider: Scanned internal due to REASON_DEMAND, found 0 items in 18ms, 0 inserts 0 updates 0 deletes
05-28 05:12:59.798  1395  1954 I MediaProvider: End Intent { act=android.intent.action.MEDIA_SCANNER_SCAN_FILE dat=file:///sdcard/screen_2026-05-28_051300.png flg=0x1400010 cmp=com.android.providers.media.module/com.android.providers.media.MediaService }
05-28 05:12:59.776  1395  1395 W com.android.providers.media.module: type=1400 audit(0.0:208): avc: denied { read } for comm=4173796E635461736B202331 name="primary" dev="tmpfs" ino=27675 scontext=u:r:mediaprovider_app:s0:c128,c256,c512,c768 tcontext=u:object_r:mnt_pass_through_file:s0 tclass=lnk_file permissive=0 app=com.android.providers.media.module
05-28 05:12:59.825  1395  2597 I MediaProvider: Deleted 1 items on external_primary due to com.android.shell
05-28 05:12:59.852  3885  3887 I cmd     : oneway function results will be dropped but finished with status OK and parcel size 4
05-28 05:13:00.022   158   158 I hwservicemanager: getTransport: Cannot find entry android.hardware.graphics.mapper@4.0::IMapper/default in either framework or device manifest.
05-28 05:13:00.022  3907  3907 I Gralloc4: mapper 4.x is not supported
05-28 05:13:00.086  3914  3916 I cmd     : oneway function results will be dropped but finished with status OK and parcel size 4
05-28 05:13:00.087  1395  1954 I MediaProvider: Begin Intent { act=android.intent.action.MEDIA_SCANNER_SCAN_FILE dat=file:///sdcard/screen_2026-05-28_051300.png flg=0x1400010 cmp=com.android.providers.media.module/com.android.providers.media.MediaService }
05-28 05:13:00.089  1395  1954 W ModernMediaScanner: Failed to visit /sdcard/screen_2026-05-28_051300.png: java.nio.file.AccessDeniedException: /sdcard/screen_2026-05-28_051300.png
05-28 05:13:00.089  1395  1954 I MediaProvider: Scanned internal due to REASON_DEMAND, found 0 items in 1ms, 0 inserts 0 updates 0 deletes
05-28 05:13:00.090  1395  1954 I MediaProvider: End Intent { act=android.intent.action.MEDIA_SCANNER_SCAN_FILE dat=file:///sdcard/screen_2026-05-28_051300.png flg=0x1400010 cmp=com.android.providers.media.module/com.android.providers.media.MediaService }
05-28 05:13:00.114  1395  1571 I MediaProvider: Deleted 1 items on external_primary due to com.android.shell
05-28 05:13:00.145  3926  3928 I cmd     : oneway function results will be dropped but finished with status OK and parcel size 4
05-28 05:13:00.272   158   158 I hwservicemanager: getTransport: Cannot find entry android.hardware.graphics.mapper@4.0::IMapper/default in either framework or device manifest.
05-28 05:13:00.272  3948  3948 I Gralloc4: mapper 4.x is not supported
05-28 05:13:00.327  3952  3954 I cmd     : oneway function results will be dropped but finished with status OK and parcel size 4
05-28 05:13:00.328  1395  1954 I MediaProvider: Begin Intent { act=android.intent.action.MEDIA_SCANNER_SCAN_FILE dat=file:///sdcard/screen_2026-05-28_051300.png flg=0x1400010 cmp=com.android.providers.media.module/com.android.providers.media.MediaService }
05-28 05:13:00.329  1395  1954 W ModernMediaScanner: Failed to visit /sdcard/screen_2026-05-28_051300.png: java.nio.file.AccessDeniedException: /sdcard/screen_2026-05-28_051300.png
05-28 05:13:00.330  1395  1954 I MediaProvider: Scanned internal due to REASON_DEMAND, found 0 items in 2ms, 0 inserts 0 updates 0 deletes
05-28 05:13:00.331  1395  1954 I MediaProvider: End Intent { act=android.intent.action.MEDIA_SCANNER_SCAN_FILE dat=file:///sdcard/screen_2026-05-28_051300.png flg=0x1400010 cmp=com.android.providers.media.module/com.android.providers.media.MediaService }
05-28 05:13:00.353  1395  1586 I MediaProvider: Deleted 1 items on external_primary due to com.android.shell
05-28 05:13:00.380  3963  3965 I cmd     : oneway function results will be dropped but finished with status OK and parcel size 4
05-28 05:13:00.483  3993  3995 I cmd     : oneway function results will be dropped but finished with status OK and parcel size 4
05-28 05:13:00.535  4008  4010 I cmd     : oneway function results will be dropped but finished with status OK and parcel size 4
05-28 05:13:00.618  4020  4020 E libc    : Access denied finding property "persist.device_config.runtime_native_boot.profilebootclasspath"
05-28 05:13:00.618  4020  4020 E libc    : Access denied finding property "persist.device_config.runtime_native_boot.enable_apex_image"
05-28 05:13:00.618  4020  4020 I AndroidRuntime: Using default boot image
05-28 05:13:00.618  4020  4020 E libc    : Access denied finding property "persist.device_config.runtime_native_boot.disable_lock_profiling"
05-28 05:13:00.618  4020  4020 I AndroidRuntime: Leaving lock profiling enabled
05-28 05:13:00.618  4020  4020 E libc    : Access denied finding property "persist.device_config.runtime_native_boot.enable_generational_cc"
05-28 05:13:00.620  4020  4020 I app_process: Core platform API reporting enabled, enforcing=false
05-28 05:13:00.661  4020  4020 W app_process: Unexpected CPU variant for X86 using defaults: x86_64
05-28 05:13:00.661  4020  4020 I app_process: The ClassLoaderContext is a special shared library.
05-28 05:13:00.668  4020  4020 W app_process: JNI RegisterNativeMethods: attempt to register 0 native methods for android.media.AudioAttributes
05-28 05:13:02.388   158   158 I hwservicemanager: getTransport: Cannot find entry android.hardware.graphics.mapper@4.0::IMapper/default in either framework or device manifest.
05-28 05:13:02.388  4053  4053 I Gralloc4: mapper 4.x is not supported
05-28 05:13:02.445  1395  1954 I MediaProvider: Begin Intent { act=android.intent.action.MEDIA_SCANNER_SCAN_FILE dat=file:///sdcard/screen_2026-05-28_051302.png flg=0x1400010 cmp=com.android.providers.media.module/com.android.providers.media.MediaService }
05-28 05:13:02.679     0     0 W audit   : audit_lost=144 audit_rate_limit=5 audit_backlog_limit=64
05-28 05:13:02.682     0     0 E audit   : rate limit exceeded
05-28 05:13:02.464  1395  1954 W ModernMediaScanner: Failed to visit /sdcard/screen_2026-05-28_051302.png: java.nio.file.AccessDeniedException: /sdcard/screen_2026-05-28_051302.png
05-28 05:13:02.465  1395  1954 I MediaProvider: Scanned internal due to REASON_DEMAND, found 0 items in 9ms, 0 inserts 0 updates 0 deletes
05-28 05:13:02.466  1395  1954 I MediaProvider: End Intent { act=android.intent.action.MEDIA_SCANNER_SCAN_FILE dat=file:///sdcard/screen_2026-05-28_051302.png flg=0x1400010 cmp=com.android.providers.media.module/com.android.providers.media.MediaService }
05-28 05:13:02.444  1395  1395 W com.android.providers.media.module: type=1400 audit(0.0:228): avc: denied { read } for comm=4173796E635461736B202331 name="primary" dev="tmpfs" ino=27675 scontext=u:r:mediaprovider_app:s0:c128,c256,c512,c768 tcontext=u:object_r:mnt_pass_through_file:s0 tclass=lnk_file permissive=0 app=com.android.providers.media.module
05-28 05:13:02.452  1395  1395 I chatty  : uid=10128(com.android.providers.media.module) identical 3 lines
05-28 05:13:02.452  1395  1395 W com.android.providers.media.module: type=1400 audit(0.0:232): avc: denied { read } for comm=4173796E635461736B202331 name="primary" dev="tmpfs" ino=27675 scontext=u:r:mediaprovider_app:s0:c128,c256,c512,c768 tcontext=u:object_r:mnt_pass_through_file:s0 tclass=lnk_file permissive=0 app=com.android.providers.media.module
05-28 05:13:02.505  1395  1586 I MediaProvider: Deleted 1 items on external_primary due to com.android.shell
05-28 05:13:02.533  4068  4070 I cmd     : oneway function results will be dropped but finished with status OK and parcel size 4
05-28 05:13:02.661   158   158 I hwservicemanager: getTransport: Cannot find entry android.hardware.graphics.mapper@4.0::IMapper/default in either framework or device manifest.
05-28 05:13:02.662  4090  4090 I Gralloc4: mapper 4.x is not supported
05-28 05:13:02.721  1395  1954 I MediaProvider: Begin Intent { act=android.intent.action.MEDIA_SCANNER_SCAN_FILE dat=file:///sdcard/screen_2026-05-28_051303.png flg=0x1400010 cmp=com.android.providers.media.module/com.android.providers.media.MediaService }
05-28 05:13:02.723  1395  1954 W ModernMediaScanner: Failed to visit /sdcard/screen_2026-05-28_051303.png: java.nio.file.AccessDeniedException: /sdcard/screen_2026-05-28_051303.png
05-28 05:13:02.725  1395  1954 I MediaProvider: Scanned internal due to REASON_DEMAND, found 0 items in 2ms, 0 inserts 0 updates 0 deletes
05-28 05:13:02.725  1395  1954 I MediaProvider: End Intent { act=android.intent.action.MEDIA_SCANNER_SCAN_FILE dat=file:///sdcard/screen_2026-05-28_051303.png flg=0x1400010 cmp=com.android.providers.media.module/com.android.providers.media.MediaService }
05-28 05:13:02.746  1395  1571 I MediaProvider: Deleted 1 items on external_primary due to com.android.shell
05-28 05:13:02.775  4105  4107 I cmd     : oneway function results will be dropped but finished with status OK and parcel size 4
05-28 05:13:02.912   158   158 I hwservicemanager: getTransport: Cannot find entry android.hardware.graphics.mapper@4.0::IMapper/default in either framework or device manifest.
05-28 05:13:02.913  4127  4127 I Gralloc4: mapper 4.x is not supported
05-28 05:13:02.971  1395  1954 I MediaProvider: Begin Intent { act=android.intent.action.MEDIA_SCANNER_SCAN_FILE dat=file:///sdcard/screen_2026-05-28_051303.png flg=0x1400010 cmp=com.android.providers.media.module/com.android.providers.media.MediaService }
05-28 05:13:02.971  1395  1954 W ModernMediaScanner: Failed to visit /sdcard/screen_2026-05-28_051303.png: java.nio.file.AccessDeniedException: /sdcard/screen_2026-05-28_051303.png
05-28 05:13:02.973  1395  1954 I MediaProvider: Scanned internal due to REASON_DEMAND, found 0 items in 1ms, 0 inserts 0 updates 0 deletes
05-28 05:13:02.974  1395  1954 I MediaProvider: End Intent { act=android.intent.action.MEDIA_SCANNER_SCAN_FILE dat=file:///sdcard/screen_2026-05-28_051303.png flg=0x1400010 cmp=com.android.providers.media.module/com.android.providers.media.MediaService }
05-28 05:13:02.995  1395  1586 I MediaProvider: Deleted 1 items on external_primary due to com.android.shell
05-28 05:13:03.024  4142  4144 I cmd     : oneway function results will be dropped but finished with status OK and parcel size 4
05-28 05:13:03.079  4157  4159 I cmd     : oneway function results will be dropped but finished with status OK and parcel size 4
05-28 05:13:03.138  4174  4176 I cmd     : oneway function results will be dropped but finished with status OK and parcel size 4
05-28 05:13:03.193  4189  4191 I cmd     : oneway function results will be dropped but finished with status OK and parcel size 4
05-28 05:13:03.278  4201  4201 E libc    : Access denied finding property "persist.device_config.runtime_native_boot.profilebootclasspath"
05-28 05:13:03.278  4201  4201 E libc    : Access denied finding property "persist.device_config.runtime_native_boot.enable_apex_image"
05-28 05:13:03.278  4201  4201 I AndroidRuntime: Using default boot image
05-28 05:13:03.278  4201  4201 E libc    : Access denied finding property "persist.device_config.runtime_native_boot.disable_lock_profiling"
05-28 05:13:03.278  4201  4201 I AndroidRuntime: Leaving lock profiling enabled
05-28 05:13:03.278  4201  4201 E libc    : Access denied finding property "persist.device_config.runtime_native_boot.enable_generational_cc"
05-28 05:13:03.279  4201  4201 I app_process: Core platform API reporting enabled, enforcing=false
05-28 05:13:03.321  4201  4201 W app_process: Unexpected CPU variant for X86 using defaults: x86_64
05-28 05:13:03.322  4201  4201 I app_process: The ClassLoaderContext is a special shared library.
05-28 05:13:03.328  4201  4201 W app_process: JNI RegisterNativeMethods: attempt to register 0 native methods for android.media.AudioAttributes
05-28 05:13:03.550  2665  2813 I System.out: 05:13:03.549 [DefaultDispatcher-worker-8] INFO io.ktor.client.HttpClient - REQUEST: https://pokeapi.co/api/v2/pokemon/ivysaur
05-28 05:13:03.550  2665  2813 I System.out: METHOD: HttpMethod(value=GET)
05-28 05:13:03.550  2665  2813 I System.out: COMMON HEADERS
05-28 05:13:03.550  2665  2813 I System.out: -> Accept: application/json
05-28 05:13:03.550  2665  2813 I System.out: -> Accept-Charset: UTF-8
05-28 05:13:03.550  2665  2813 I System.out: -> Content-Type: application/json
05-28 05:13:03.550  2665  2813 I System.out: CONTENT HEADERS
05-28 05:13:03.550  2665  2813 I System.out: -> Content-Length: 0
05-28 05:13:03.550  2665  2813 I System.out: BODY Content-Type: null
05-28 05:13:03.550  2665  2813 I System.out: BODY START
05-28 05:13:03.550  2665  2813 I System.out: 
05-28 05:13:03.550  2665  2813 I System.out: BODY END
05-28 05:13:03.661  2665  2826 I System.out: 05:13:03.640 [DefaultDispatcher-worker-11] INFO io.ktor.client.HttpClient - RESPONSE: 200 OK
05-28 05:13:03.661  2665  2826 I System.out: METHOD: HttpMethod(value=GET)
05-28 05:13:03.661  2665  2826 I System.out: FROM: https://pokeapi.co/api/v2/pokemon/ivysaur
05-28 05:13:03.661  2665  2826 I System.out: COMMON HEADERS
05-28 05:13:03.661  2665  2826 I System.out: -> access-control-allow-origin: *
05-28 05:13:03.661  2665  2826 I System.out: -> age: 80632
05-28 05:13:03.661  2665  2826 I System.out: -> alt-svc: h3=":443"; ma=86400
05-28 05:13:03.661  2665  2826 I System.out: -> cache-control: public, max-age=86400, s-maxage=86400
05-28 05:13:03.661  2665  2826 I System.out: -> cf-cache-status: HIT
05-28 05:13:03.661  2665  2826 I System.out: -> cf-ray: a02ac4982994c9bc-IAD
05-28 05:13:03.661  2665  2826 I System.out: -> connection: keep-alive
05-28 05:13:03.661  2665  2826 I System.out: -> content-type: application/json; charset=utf-8
05-28 05:13:03.661  2665  2826 I System.out: -> date: Thu, 28 May 2026 05:13:04 GMT
05-28 05:13:03.661  2665  2826 I System.out: -> etag: W/"3a208-UaeAV+hyIAKhsYxQ2HzouJGTqQg"
05-28 05:13:03.661  2665  2826 I System.out: -> function-execution-id: gnq8jn5ej7we
05-28 05:13:03.661  2665  2826 I System.out: -> nel: {"report_to":"cf-nel","success_fraction":0.0,"max_age":604800}
05-28 05:13:03.661  2665  2826 I System.out: -> report-to: {"group":"cf-nel","max_age":604800,"endpoints":[{"url":"https://a.nel.cloudflare.com/report/v4?s=w0ZUdZGaBWwcL090%2B1o8uTWjUHZ4ja6JHgobe%2BmFRBT3%2FIAvZcEZBJqHS%2BiqUUjxeCMuCPg%2BJ4CZM0bD8mHWNlW%2BcwkvDpPaKpyuMQ8tThp1%2FvhItk3jDxCZyLJ%2F"}]}
05-28 05:13:03.661  2665  2826 I System.out: -> server: cloudflare
05-28 05:13:03.661  2665  2826 I System.out: -> strict-transport-security: max-age=31556926
05-28 05:13:03.661  2665  2826 I System.out: -> transfer-encoding: chunked
05-28 05:13:03.661  2665  2826 I System.out: -> vary: Accept-Encoding,cookie,need-authorization, x-fh-requested-host, accept-encoding
05-28 05:13:03.661  2665  2826 I System.out: -> x-android-received-millis: 1779945183563
05-28 05:13:03.661  2665  2826 I System.out: -> x-android-response-source: NETWORK 200
05-28 05:13:03.661  2665  2826 I System.out: -> x-android-selected-protocol: http/1.1
05-28 05:13:03.661  2665  2826 I System.out: -> x-android-sent-millis: 1779945183552
05-28 05:13:03.661  2665  2826 I System.out: -> x-cache: HIT
05-28 05:13:03.661  2665  2826 I System.out: -> x-cache-hits: 0
05-28 05:13:03.661  2665  2826 I System.out: -> x-cloud-trace-context: 7caf5a02d49e4cabe76f7a6477938c93
05-28 05:13:03.661  2665  2826 I System.out: -> x-country-code: US
05-28 05:13:03.661  2665  2826 I System.out: -> x-orig-accept-language: en-US,en;q=0.9
05-28 05:13:03.661  2665  2826 I System.out: -> x-powered-by: Express
05-28 05:13:03.661  2665  2826 I System.out: -> x-served-by: cache-lga21945-LGA
05-28 05:13:03.661  2665  2826 I System.out: -> x-timer: S1769781181.428638,VS0,VE2
05-28 05:13:03.661  2665  2826 I System.out: BODY Content-Type: application/json; charset=utf-8
05-28 05:13:03.661  2665  2826 I System.out: BODY START
05-28 05:13:03.663  2665  2826 I System.out: {"abilities":[{"ability":{"name":"overgrow","url":"https://pokeapi.co/api/v2/ability/65/"},"is_hidden":false,"slot":1},{"ability":{"name":"chlorophyll","url":"https://pokeapi.co/api/v2/ability/34/"},"is_hidden":true,"slot":3}],"base_experience":142,"cries":{"latest":"https://raw.githubusercontent.com/PokeAPI/cries/main/cries/pokemon/latest/2.ogg","legacy":"https://raw.githubusercontent.com/PokeAPI/cries/main/cries/pokemon/legacy/2.ogg"},"forms":[{"name":"ivysaur","url":"https://pokeapi.co/api/v2/pokemon-form/2/"}],"game_indices":[{"game_index":9,"version":{"name":"red","url":"https://pokeapi.co/api/v2/version/1/"}},{"game_index":9,"version":{"name":"blue","url":"https://pokeapi.co/api/v2/version/2/"}},{"game_index":9,"version":{"name":"yellow","url":"https://pokeapi.co/api/v2/version/3/"}},{"game_index":2,"version":{"name":"gold","url":"https://pokeapi.co/api/v2/version/4/"}},{"game_index":2,"version":{"name":"silver","url":"https://pokeapi.co/api/v2/version/5/"}},{"game_index":2,"version":{"name":"crystal","url":"https://pokeapi.co/api/v2/version/6/"}},{"game_index":2,"version":{"name":"ruby","url":"https://pokeapi.co/api/v2/version/7/"}},{"game_index":2,"version":{"name":"sapphire","url":"https://pokeapi.co/api/v2/version/8/"}},{"game_index":2,"version":{"name":"emerald","url":"https://pokeapi.co/api/v2/version/9/"}},{"game_index":2,"version":{"name":"firered","url":"https://pokeapi.co/api/v2/version/10/"}},{"game_index":2,"version":{"name":"leafgreen","url":"https://pokeapi.co/api/v2/version/11/"}},{"game_index":2,"version":{"name":"diamond","url":"https://pokeapi.co/api/v2/version/12/"}},{"game_index":2,"version":{"name":"pearl","url":"https://pokeapi.co/api/v2/version/13/"}},{"game_index":2,"version":{"name":"platinum","url":"https://pokeapi.co/api/v2/version/14/"}},{"game_index":2,"version":{"name":"heartgold","url":"https://pokeapi.co/api/v2/version/15/"}},{"game_index":2,"version":{"name":"soulsilver","url":"https://pokeapi.co/api/v2/version/16/"}},{"game_index":2,"version":{"name":"black","url":"https://pokeapi.co/api/v2/version/17/"}},{"game_index":2,"version":{"name":"white","url":"https://pokeapi.co/api/v2/version/18/"}},{"game_index":2,"version":{"name":"black-2","url":"https://pokeapi.co/api/v2/version/21/"}},{"game_index":2,"version":{"name":"white-2","url":"https://pokeapi.co/api/v2/version/22/"}}],"height":10,"held_items":[],"id":2,"is_default":true,"location_area_encounters":"https://pokeapi.co/api/v2/pokemon/2/encounters","moves":[{"move":{"name":"swords-dance","url":"https://pokeapi.co/api/v2/move/14/"},"version_group_details":[{"level_learned_at":0,"move_learn_method":{"name":"machine","url":"https://pokeapi.co/api/v2/move-learn-method/4/"},"order":null,"version_group":{"name":"red-blue","url":"https://pokeapi.co/api/v2/version-group/1/"}},{"level_learned_at":0,"move_learn_method":{"name":"machine","url":"https://pokeapi.co/api/v2/move-learn-method/4/"},"order":null,"version_group":{"name":"yellow","url":"https://pokeapi.co/api/v2/version-group/2/"}},{"level_learned_at":0,"move_learn_method":{"name":"tutor","url":"https://pokeapi.co/api/v2/move-learn-method/3/"},"order":null,"version_group":{"name":"emerald","url":"https://pokeapi.co/api/v2/version-group/6/"}},{"level_learned_at":0,"move_learn_method":{"name":"tutor","url":"https://pokeapi.co/api/v2/move-learn-method/3/"},"order":null,"version_group":{"name":"firered-leafgreen","url":"https://pokeapi.co/api/v2/version-group/7/"}},{"level_learned_at":0,"move_learn_method":{"name":"machine","url":"https://pokeapi.co/api/v2/move-learn-method/4/"},"order":null,"version_group":{"name":"diamond-pearl","url":"https://pokeapi.co/api/v2/version-group/8/"}},{"level_learned_at":0,"move_learn_method":{"name":"machine","url":"https://pokeapi.co/api/v2/move-learn-method/4/"},"order":null,"version_group":{"name":"platinum","url":"https://pokeapi.co/api/v2/version-group/9/"}},{"level_learned_at":0,"move_learn_method":{"name":"machine","url":"https://pokeapi.co/api/v2/move-learn-method/4/"},"order":null,"version_group":{"name"
05-28 05:13:03.663  2665  2826 I System.out: BODY END
05-28 05:13:05.055   158   158 I hwservicemanager: getTransport: Cannot find entry android.hardware.graphics.mapper@4.0::IMapper/default in either framework or device manifest.
05-28 05:13:05.055  4232  4232 I Gralloc4: mapper 4.x is not supported
05-28 05:13:05.104  1395  1954 I MediaProvider: Begin Intent { act=android.intent.action.MEDIA_SCANNER_SCAN_FILE dat=file:///sdcard/screen_2026-05-28_051305.png flg=0x1400010 cmp=com.android.providers.media.module/com.android.providers.media.MediaService }
05-28 05:13:05.106  4236  4238 I cmd     : oneway function results will be dropped but finished with status OK and parcel size 4
05-28 05:13:05.100  1395  1395 W com.android.providers.media.module: type=1400 audit(0.0:250): avc: denied { read } for comm=4173796E635461736B202331 name="primary" dev="tmpfs" ino=27675 scontext=u:r:mediaprovider_app:s0:c128,c256,c512,c768 tcontext=u:object_r:mnt_pass_through_file:s0 tclass=lnk_file permissive=0 app=com.android.providers.media.module
05-28 05:13:05.326     0     0 W audit   : audit_lost=161 audit_rate_limit=5 audit_backlog_limit=64
05-28 05:13:05.329     0     0 E audit   : rate limit exceeded
05-28 05:13:05.116  1395  1954 W ModernMediaScanner: Failed to visit /sdcard/screen_2026-05-28_051305.png: java.nio.file.AccessDeniedException: /sdcard/screen_2026-05-28_051305.png
05-28 05:13:05.116  1395  1954 I MediaProvider: Scanned internal due to REASON_DEMAND, found 0 items in 12ms, 0 inserts 0 updates 0 deletes
05-28 05:13:05.117  1395  1954 I MediaProvider: End Intent { act=android.intent.action.MEDIA_SCANNER_SCAN_FILE dat=file:///sdcard/screen_2026-05-28_051305.png flg=0x1400010 cmp=com.android.providers.media.module/com.android.providers.media.MediaService }
05-28 05:13:05.100  1395  1395 W com.android.providers.media.module: type=1400 audit(0.0:251): avc: denied { read } for comm=4173796E635461736B202331 name="primary" dev="tmpfs" ino=27675 scontext=u:r:mediaprovider_app:s0:c128,c256,c512,c768 tcontext=u:object_r:mnt_pass_through_file:s0 tclass=lnk_file permissive=0 app=com.android.providers.media.module
05-28 05:13:05.202  1395  2597 I MediaProvider: Deleted 1 items on external_primary due to com.android.shell
05-28 05:13:05.229  4249  4251 I cmd     : oneway function results will be dropped but finished with status OK and parcel size 4
05-28 05:13:05.368   158   158 I hwservicemanager: getTransport: Cannot find entry android.hardware.graphics.mapper@4.0::IMapper/default in either framework or device manifest.
05-28 05:13:05.368  4271  4271 I Gralloc4: mapper 4.x is not supported
05-28 05:13:05.418  4275  4277 I cmd     : oneway function results will be dropped but finished with status OK and parcel size 4
05-28 05:13:05.418  1395  1954 I MediaProvider: Begin Intent { act=android.intent.action.MEDIA_SCANNER_SCAN_FILE dat=file:///sdcard/screen_2026-05-28_051305.png flg=0x1400010 cmp=com.android.providers.media.module/com.android.providers.media.MediaService }
05-28 05:13:05.421  1395  1954 W ModernMediaScanner: Failed to visit /sdcard/screen_2026-05-28_051305.png: java.nio.file.AccessDeniedException: /sdcard/screen_2026-05-28_051305.png
05-28 05:13:05.422  1395  1954 I MediaProvider: Scanned internal due to REASON_DEMAND, found 0 items in 3ms, 0 inserts 0 updates 0 deletes
05-28 05:13:05.423  1395  1954 I MediaProvider: End Intent { act=android.intent.action.MEDIA_SCANNER_SCAN_FILE dat=file:///sdcard/screen_2026-05-28_051305.png flg=0x1400010 cmp=com.android.providers.media.module/com.android.providers.media.MediaService }
05-28 05:13:05.440  1395  2597 I MediaProvider: Deleted 1 items on external_primary due to com.android.shell
05-28 05:13:05.466  4286  4288 I cmd     : oneway function results will be dropped but finished with status OK and parcel size 4
05-28 05:13:05.598   158   158 I hwservicemanager: getTransport: Cannot find entry android.hardware.graphics.mapper@4.0::IMapper/default in either framework or device manifest.
05-28 05:13:05.598  4308  4308 I Gralloc4: mapper 4.x is not supported
05-28 05:13:05.648  1395  1954 I MediaProvider: Begin Intent { act=android.intent.action.MEDIA_SCANNER_SCAN_FILE dat=file:///sdcard/screen_2026-05-28_051306.png flg=0x1400010 cmp=com.android.providers.media.module/com.android.providers.media.MediaService }
05-28 05:13:05.649  1395  1954 W ModernMediaScanner: Failed to visit /sdcard/screen_2026-05-28_051306.png: java.nio.file.AccessDeniedException: /sdcard/screen_2026-05-28_051306.png
05-28 05:13:05.652  1395  1954 I MediaProvider: Scanned internal due to REASON_DEMAND, found 0 items in 3ms, 0 inserts 0 updates 0 deletes
05-28 05:13:05.652  1395  1954 I MediaProvider: End Intent { act=android.intent.action.MEDIA_SCANNER_SCAN_FILE dat=file:///sdcard/screen_2026-05-28_051306.png flg=0x1400010 cmp=com.android.providers.media.module/com.android.providers.media.MediaService }
05-28 05:13:05.671  1395  1586 I MediaProvider: Deleted 1 items on external_primary due to com.android.shell
05-28 05:13:05.699  4323  4325 I cmd     : oneway function results will be dropped but finished with status OK and parcel size 4
05-28 05:13:05.751  4338  4340 I cmd     : oneway function results will be dropped but finished with status OK and parcel size 4
05-28 05:13:05.804  4353  4355 I cmd     : oneway function results will be dropped but finished with status OK and parcel size 4
05-28 05:13:05.856  4368  4370 I cmd     : oneway function results will be dropped but finished with status OK and parcel size 4
