05-28 05:13:05.938  4380  4380 E libc    : Access denied finding property "persist.device_config.runtime_native_boot.profilebootclasspath"
05-28 05:13:05.938  4380  4380 E libc    : Access denied finding property "persist.device_config.runtime_native_boot.enable_apex_image"
05-28 05:13:05.938  4380  4380 I AndroidRuntime: Using default boot image
05-28 05:13:05.938  4380  4380 E libc    : Access denied finding property "persist.device_config.runtime_native_boot.disable_lock_profiling"
05-28 05:13:05.938  4380  4380 I AndroidRuntime: Leaving lock profiling enabled
05-28 05:13:05.938  4380  4380 E libc    : Access denied finding property "persist.device_config.runtime_native_boot.enable_generational_cc"
05-28 05:13:05.939  4380  4380 I app_process: Core platform API reporting enabled, enforcing=false
05-28 05:13:05.980  4380  4380 W app_process: Unexpected CPU variant for X86 using defaults: x86_64
05-28 05:13:05.981  4380  4380 I app_process: The ClassLoaderContext is a special shared library.
05-28 05:13:05.987  4380  4380 W app_process: JNI RegisterNativeMethods: attempt to register 0 native methods for android.media.AudioAttributes
05-28 05:13:07.702   158   158 I hwservicemanager: getTransport: Cannot find entry android.hardware.graphics.mapper@4.0::IMapper/default in either framework or device manifest.
05-28 05:13:07.702  4413  4413 I Gralloc4: mapper 4.x is not supported
05-28 05:13:07.761  1395  1954 I MediaProvider: Begin Intent { act=android.intent.action.MEDIA_SCANNER_SCAN_FILE dat=file:///sdcard/screen_2026-05-28_051308.png flg=0x1400010 cmp=com.android.providers.media.module/com.android.providers.media.MediaService }
05-28 05:13:07.756  1395  1395 W com.android.providers.media.module: type=1400 audit(0.0:272): avc: denied { read } for comm=4173796E635461736B202331 name="primary" dev="tmpfs" ino=27675 scontext=u:r:mediaprovider_app:s0:c128,c256,c512,c768 tcontext=u:object_r:mnt_pass_through_file:s0 tclass=lnk_file permissive=0 app=com.android.providers.media.module
05-28 05:13:07.984     0     0 W audit   : audit_lost=178 audit_rate_limit=5 audit_backlog_limit=64
05-28 05:13:07.996     0     0 E audit   : rate limit exceeded
05-28 05:13:07.756  1395  1395 W com.android.providers.media.module: type=1400 audit(0.0:273): avc: denied { read } for comm=4173796E635461736B202331 name="primary" dev="tmpfs" ino=27675 scontext=u:r:mediaprovider_app:s0:c128,c256,c512,c768 tcontext=u:object_r:mnt_pass_through_file:s0 tclass=lnk_file permissive=0 app=com.android.providers.media.module
05-28 05:13:07.787  1395  1954 W ModernMediaScanner: Failed to visit /sdcard/screen_2026-05-28_051308.png: java.nio.file.AccessDeniedException: /sdcard/screen_2026-05-28_051308.png
05-28 05:13:07.788  1395  1954 I MediaProvider: Scanned internal due to REASON_DEMAND, found 0 items in 26ms, 0 inserts 0 updates 0 deletes
05-28 05:13:07.789  1395  1954 I MediaProvider: End Intent { act=android.intent.action.MEDIA_SCANNER_SCAN_FILE dat=file:///sdcard/screen_2026-05-28_051308.png flg=0x1400010 cmp=com.android.providers.media.module/com.android.providers.media.MediaService }
05-28 05:13:07.760  1395  1395 W com.android.providers.media.module: type=1400 audit(0.0:274): avc: denied { read } for comm=4173796E635461736B202331 name="primary" dev="tmpfs" ino=27675 scontext=u:r:mediaprovider_app:s0:c128,c256,c512,c768 tcontext=u:object_r:mnt_pass_through_file:s0 tclass=lnk_file permissive=0 app=com.android.providers.media.module
05-28 05:13:07.822  1395  1571 I MediaProvider: Deleted 1 items on external_primary due to com.android.shell
05-28 05:13:07.849  4428  4430 I cmd     : oneway function results will be dropped but finished with status OK and parcel size 4
05-28 05:13:07.979   158   158 I hwservicemanager: getTransport: Cannot find entry android.hardware.graphics.mapper@4.0::IMapper/default in either framework or device manifest.
05-28 05:13:07.979  4450  4450 I Gralloc4: mapper 4.x is not supported
05-28 05:13:08.039  4454  4456 I cmd     : oneway function results will be dropped but finished with status OK and parcel size 4
05-28 05:13:08.040  1395  1954 I MediaProvider: Begin Intent { act=android.intent.action.MEDIA_SCANNER_SCAN_FILE dat=file:///sdcard/screen_2026-05-28_051308.png flg=0x1400010 cmp=com.android.providers.media.module/com.android.providers.media.MediaService }
05-28 05:13:08.040  1395  1954 W ModernMediaScanner: Failed to visit /sdcard/screen_2026-05-28_051308.png: java.nio.file.AccessDeniedException: /sdcard/screen_2026-05-28_051308.png
05-28 05:13:08.041  1395  1954 I MediaProvider: Scanned internal due to REASON_DEMAND, found 0 items in 1ms, 0 inserts 0 updates 0 deletes
05-28 05:13:08.041  1395  1954 I MediaProvider: End Intent { act=android.intent.action.MEDIA_SCANNER_SCAN_FILE dat=file:///sdcard/screen_2026-05-28_051308.png flg=0x1400010 cmp=com.android.providers.media.module/com.android.providers.media.MediaService }
05-28 05:13:08.066  1395  2597 I MediaProvider: Deleted 1 items on external_primary due to com.android.shell
05-28 05:13:08.094  4465  4467 I cmd     : oneway function results will be dropped but finished with status OK and parcel size 4
05-28 05:13:08.226   158   158 I hwservicemanager: getTransport: Cannot find entry android.hardware.graphics.mapper@4.0::IMapper/default in either framework or device manifest.
05-28 05:13:08.226  4487  4487 I Gralloc4: mapper 4.x is not supported
05-28 05:13:08.294  4493  4495 I cmd     : oneway function results will be dropped but finished with status OK and parcel size 4
05-28 05:13:08.295  1395  1954 I MediaProvider: Begin Intent { act=android.intent.action.MEDIA_SCANNER_SCAN_FILE dat=file:///sdcard/screen_2026-05-28_051308.png flg=0x1400010 cmp=com.android.providers.media.module/com.android.providers.media.MediaService }
05-28 05:13:08.296  1395  1954 W ModernMediaScanner: Failed to visit /sdcard/screen_2026-05-28_051308.png: java.nio.file.AccessDeniedException: /sdcard/screen_2026-05-28_051308.png
05-28 05:13:08.296  1395  1954 I MediaProvider: Scanned internal due to REASON_DEMAND, found 0 items in 1ms, 0 inserts 0 updates 0 deletes
05-28 05:13:08.297  1395  1954 I MediaProvider: End Intent { act=android.intent.action.MEDIA_SCANNER_SCAN_FILE dat=file:///sdcard/screen_2026-05-28_051308.png flg=0x1400010 cmp=com.android.providers.media.module/com.android.providers.media.MediaService }
05-28 05:13:08.318  1395  1586 I MediaProvider: Deleted 1 items on external_primary due to com.android.shell
05-28 05:13:08.346  4504  4506 I cmd     : oneway function results will be dropped but finished with status OK and parcel size 4
05-28 05:13:08.400  4519  4521 I cmd     : oneway function results will be dropped but finished with status OK and parcel size 4
05-28 05:13:08.457  4534  4536 I cmd     : oneway function results will be dropped but finished with status OK and parcel size 4
05-28 05:13:08.509  4549  4551 I cmd     : oneway function results will be dropped but finished with status OK and parcel size 4
05-28 05:13:08.590  4561  4561 E libc    : Access denied finding property "persist.device_config.runtime_native_boot.profilebootclasspath"
05-28 05:13:08.590  4561  4561 E libc    : Access denied finding property "persist.device_config.runtime_native_boot.enable_apex_image"
05-28 05:13:08.590  4561  4561 I AndroidRuntime: Using default boot image
05-28 05:13:08.590  4561  4561 E libc    : Access denied finding property "persist.device_config.runtime_native_boot.disable_lock_profiling"
05-28 05:13:08.590  4561  4561 I AndroidRuntime: Leaving lock profiling enabled
05-28 05:13:08.590  4561  4561 E libc    : Access denied finding property "persist.device_config.runtime_native_boot.enable_generational_cc"
05-28 05:13:08.592  4561  4561 I app_process: Core platform API reporting enabled, enforcing=false
05-28 05:13:08.632  4561  4561 W app_process: Unexpected CPU variant for X86 using defaults: x86_64
05-28 05:13:08.633  4561  4561 I app_process: The ClassLoaderContext is a special shared library.
05-28 05:13:08.639  4561  4561 W app_process: JNI RegisterNativeMethods: attempt to register 0 native methods for android.media.AudioAttributes
05-28 05:13:08.663  2083  2083 E AccessibilityInteractionClient: 3 Disconnected nodes.
05-28 05:13:10.370   158   158 I hwservicemanager: getTransport: Cannot find entry android.hardware.graphics.mapper@4.0::IMapper/default in either framework or device manifest.
05-28 05:13:10.370  4595  4595 I Gralloc4: mapper 4.x is not supported
05-28 05:13:10.416  4599  4601 I cmd     : oneway function results will be dropped but finished with status OK and parcel size 4
05-28 05:13:10.417  1395  1954 I MediaProvider: Begin Intent { act=android.intent.action.MEDIA_SCANNER_SCAN_FILE dat=file:///sdcard/screen_2026-05-28_051310.png flg=0x1400010 cmp=com.android.providers.media.module/com.android.providers.media.MediaService }
05-28 05:13:10.412  1395  1395 W com.android.providers.media.module: type=1400 audit(0.0:294): avc: denied { read } for comm=4173796E635461736B202331 name="primary" dev="tmpfs" ino=27675 scontext=u:r:mediaprovider_app:s0:c128,c256,c512,c768 tcontext=u:object_r:mnt_pass_through_file:s0 tclass=lnk_file permissive=0 app=com.android.providers.media.module
05-28 05:13:10.643     0     0 W audit   : audit_lost=195 audit_rate_limit=5 audit_backlog_limit=64
05-28 05:13:10.650     0     0 E audit   : rate limit exceeded
05-28 05:13:10.412  1395  1395 W com.android.providers.media.module: type=1400 audit(0.0:295): avc: denied { read } for comm=4173796E635461736B202331 name="primary" dev="tmpfs" ino=27675 scontext=u:r:mediaprovider_app:s0:c128,c256,c512,c768 tcontext=u:object_r:mnt_pass_through_file:s0 tclass=lnk_file permissive=0 app=com.android.providers.media.module
05-28 05:13:10.437  1395  1954 W ModernMediaScanner: Failed to visit /sdcard/screen_2026-05-28_051310.png: java.nio.file.AccessDeniedException: /sdcard/screen_2026-05-28_051310.png
05-28 05:13:10.438  1395  1954 I MediaProvider: Scanned internal due to REASON_DEMAND, found 0 items in 17ms, 0 inserts 0 updates 0 deletes
05-28 05:13:10.439  1395  1954 I MediaProvider: End Intent { act=android.intent.action.MEDIA_SCANNER_SCAN_FILE dat=file:///sdcard/screen_2026-05-28_051310.png flg=0x1400010 cmp=com.android.providers.media.module/com.android.providers.media.MediaService }
05-28 05:13:10.416  1395  1395 W com.android.providers.media.module: type=1400 audit(0.0:296): avc: denied { read } for comm=4173796E635461736B202331 name="primary" dev="tmpfs" ino=27675 scontext=u:r:mediaprovider_app:s0:c128,c256,c512,c768 tcontext=u:object_r:mnt_pass_through_file:s0 tclass=lnk_file permissive=0 app=com.android.providers.media.module
05-28 05:13:10.464  1395  1586 I MediaProvider: Deleted 1 items on external_primary due to com.android.shell
05-28 05:13:10.493  4610  4612 I cmd     : oneway function results will be dropped but finished with status OK and parcel size 4
05-28 05:13:10.622   158   158 I hwservicemanager: getTransport: Cannot find entry android.hardware.graphics.mapper@4.0::IMapper/default in either framework or device manifest.
05-28 05:13:10.622  4632  4632 I Gralloc4: mapper 4.x is not supported
05-28 05:13:10.670  4636  4638 I cmd     : oneway function results will be dropped but finished with status OK and parcel size 4
05-28 05:13:10.670  1395  1954 I MediaProvider: Begin Intent { act=android.intent.action.MEDIA_SCANNER_SCAN_FILE dat=file:///sdcard/screen_2026-05-28_051311.png flg=0x1400010 cmp=com.android.providers.media.module/com.android.providers.media.MediaService }
05-28 05:13:10.671  1395  1954 W ModernMediaScanner: Failed to visit /sdcard/screen_2026-05-28_051311.png: java.nio.file.AccessDeniedException: /sdcard/screen_2026-05-28_051311.png
05-28 05:13:10.673  1395  1954 I MediaProvider: Scanned internal due to REASON_DEMAND, found 0 items in 3ms, 0 inserts 0 updates 0 deletes
05-28 05:13:10.674  1395  1954 I MediaProvider: End Intent { act=android.intent.action.MEDIA_SCANNER_SCAN_FILE dat=file:///sdcard/screen_2026-05-28_051311.png flg=0x1400010 cmp=com.android.providers.media.module/com.android.providers.media.MediaService }
05-28 05:13:10.738  1395  2597 I MediaProvider: Deleted 1 items on external_primary due to com.android.shell
05-28 05:13:10.768  4648  4650 I cmd     : oneway function results will be dropped but finished with status OK and parcel size 4
05-28 05:13:10.904   158   158 I hwservicemanager: getTransport: Cannot find entry android.hardware.graphics.mapper@4.0::IMapper/default in either framework or device manifest.
05-28 05:13:10.904  4670  4670 I Gralloc4: mapper 4.x is not supported
05-28 05:13:10.951  1395  1954 I MediaProvider: Begin Intent { act=android.intent.action.MEDIA_SCANNER_SCAN_FILE dat=file:///sdcard/screen_2026-05-28_051311.png flg=0x1400010 cmp=com.android.providers.media.module/com.android.providers.media.MediaService }
05-28 05:13:10.951  1395  1954 W ModernMediaScanner: Failed to visit /sdcard/screen_2026-05-28_051311.png: java.nio.file.AccessDeniedException: /sdcard/screen_2026-05-28_051311.png
05-28 05:13:10.952  1395  1954 I MediaProvider: Scanned internal due to REASON_DEMAND, found 0 items in 0ms, 0 inserts 0 updates 0 deletes
05-28 05:13:10.952  1395  1954 I MediaProvider: End Intent { act=android.intent.action.MEDIA_SCANNER_SCAN_FILE dat=file:///sdcard/screen_2026-05-28_051311.png flg=0x1400010 cmp=com.android.providers.media.module/com.android.providers.media.MediaService }
05-28 05:13:11.016  1395  1571 I MediaProvider: Deleted 1 items on external_primary due to com.android.shell
05-28 05:13:11.046  4685  4687 I cmd     : oneway function results will be dropped but finished with status OK and parcel size 4
05-28 05:13:11.102  4700  4702 I cmd     : oneway function results will be dropped but finished with status OK and parcel size 4
05-28 05:13:11.157  4715  4717 I cmd     : oneway function results will be dropped but finished with status OK and parcel size 4
05-28 05:13:11.212  4730  4732 I cmd     : oneway function results will be dropped but finished with status OK and parcel size 4
05-28 05:13:11.299  4742  4742 E libc    : Access denied finding property "persist.device_config.runtime_native_boot.profilebootclasspath"
05-28 05:13:11.299  4742  4742 E libc    : Access denied finding property "persist.device_config.runtime_native_boot.enable_apex_image"
05-28 05:13:11.299  4742  4742 I AndroidRuntime: Using default boot image
05-28 05:13:11.299  4742  4742 E libc    : Access denied finding property "persist.device_config.runtime_native_boot.disable_lock_profiling"
05-28 05:13:11.299  4742  4742 I AndroidRuntime: Leaving lock profiling enabled
05-28 05:13:11.299  4742  4742 E libc    : Access denied finding property "persist.device_config.runtime_native_boot.enable_generational_cc"
05-28 05:13:11.300  4742  4742 I app_process: Core platform API reporting enabled, enforcing=false
05-28 05:13:11.344  4742  4742 W app_process: Unexpected CPU variant for X86 using defaults: x86_64
05-28 05:13:11.345  4742  4742 I app_process: The ClassLoaderContext is a special shared library.
05-28 05:13:11.358  4742  4742 W app_process: JNI RegisterNativeMethods: attempt to register 0 native methods for android.media.AudioAttributes
05-28 05:13:11.482  2083  2083 E AccessibilityInteractionClient: 3 Disconnected nodes.
05-28 05:13:13.090   158   158 I hwservicemanager: getTransport: Cannot find entry android.hardware.graphics.mapper@4.0::IMapper/default in either framework or device manifest.
05-28 05:13:13.090  4775  4775 I Gralloc4: mapper 4.x is not supported
05-28 05:13:13.127  4779  4781 I cmd     : oneway function results will be dropped but finished with status OK and parcel size 4
05-28 05:13:13.128  1395  1954 I MediaProvider: Begin Intent { act=android.intent.action.MEDIA_SCANNER_SCAN_FILE dat=file:///sdcard/screen_2026-05-28_051313.png flg=0x1400010 cmp=com.android.providers.media.module/com.android.providers.media.MediaService }
05-28 05:13:13.124  1395  1395 W com.android.providers.media.module: type=1400 audit(0.0:316): avc: denied { read } for comm=4173796E635461736B202331 name="primary" dev="tmpfs" ino=27675 scontext=u:r:mediaprovider_app:s0:c128,c256,c512,c768 tcontext=u:object_r:mnt_pass_through_file:s0 tclass=lnk_file permissive=0 app=com.android.providers.media.module
05-28 05:13:13.353     0     0 W audit   : audit_lost=212 audit_rate_limit=5 audit_backlog_limit=64
05-28 05:13:13.360     0     0 E audit   : rate limit exceeded
05-28 05:13:13.128  1395  1395 W com.android.providers.media.module: type=1400 audit(0.0:317): avc: denied { read } for comm=4173796E635461736B202331 name="primary" dev="tmpfs" ino=27675 scontext=u:r:mediaprovider_app:s0:c128,c256,c512,c768 tcontext=u:object_r:mnt_pass_through_file:s0 tclass=lnk_file permissive=0 app=com.android.providers.media.module
05-28 05:13:13.148  1395  1954 W ModernMediaScanner: Failed to visit /sdcard/screen_2026-05-28_051313.png: java.nio.file.AccessDeniedException: /sdcard/screen_2026-05-28_051313.png
05-28 05:13:13.149  1395  1954 I MediaProvider: Scanned internal due to REASON_DEMAND, found 0 items in 17ms, 0 inserts 0 updates 0 deletes
05-28 05:13:13.149  1395  1954 I MediaProvider: End Intent { act=android.intent.action.MEDIA_SCANNER_SCAN_FILE dat=file:///sdcard/screen_2026-05-28_051313.png flg=0x1400010 cmp=com.android.providers.media.module/com.android.providers.media.MediaService }
05-28 05:13:13.128  1395  1395 W com.android.providers.media.module: type=1400 audit(0.0:318): avc: denied { read } for comm=4173796E635461736B202331 name="primary" dev="tmpfs" ino=27675 scontext=u:r:mediaprovider_app:s0:c128,c256,c512,c768 tcontext=u:object_r:mnt_pass_through_file:s0 tclass=lnk_file permissive=0 app=com.android.providers.media.module
05-28 05:13:13.187  1395  1586 I MediaProvider: Deleted 1 items on external_primary due to com.android.shell
05-28 05:13:13.214  4790  4792 I cmd     : oneway function results will be dropped but finished with status OK and parcel size 4
05-28 05:13:13.350   158   158 I hwservicemanager: getTransport: Cannot find entry android.hardware.graphics.mapper@4.0::IMapper/default in either framework or device manifest.
05-28 05:13:13.351  4812  4812 I Gralloc4: mapper 4.x is not supported
05-28 05:13:13.391  4816  4818 I cmd     : oneway function results will be dropped but finished with status OK and parcel size 4
05-28 05:13:13.392  1395  1954 I MediaProvider: Begin Intent { act=android.intent.action.MEDIA_SCANNER_SCAN_FILE dat=file:///sdcard/screen_2026-05-28_051313.png flg=0x1400010 cmp=com.android.providers.media.module/com.android.providers.media.MediaService }
05-28 05:13:13.399  1395  1954 W ModernMediaScanner: Failed to visit /sdcard/screen_2026-05-28_051313.png: java.nio.file.AccessDeniedException: /sdcard/screen_2026-05-28_051313.png
05-28 05:13:13.400  1395  1954 I MediaProvider: Scanned internal due to REASON_DEMAND, found 0 items in 7ms, 0 inserts 0 updates 0 deletes
05-28 05:13:13.400  1395  1954 I MediaProvider: End Intent { act=android.intent.action.MEDIA_SCANNER_SCAN_FILE dat=file:///sdcard/screen_2026-05-28_051313.png flg=0x1400010 cmp=com.android.providers.media.module/com.android.providers.media.MediaService }
05-28 05:13:13.458  1395  2597 I MediaProvider: Deleted 1 items on external_primary due to com.android.shell
05-28 05:13:13.485  4829  4831 I cmd     : oneway function results will be dropped but finished with status OK and parcel size 4
05-28 05:13:13.618   158   158 I hwservicemanager: getTransport: Cannot find entry android.hardware.graphics.mapper@4.0::IMapper/default in either framework or device manifest.
05-28 05:13:13.618  4851  4851 I Gralloc4: mapper 4.x is not supported
05-28 05:13:13.656  4855  4857 I cmd     : oneway function results will be dropped but finished with status OK and parcel size 4
05-28 05:13:13.656  1395  1954 I MediaProvider: Begin Intent { act=android.intent.action.MEDIA_SCANNER_SCAN_FILE dat=file:///sdcard/screen_2026-05-28_051314.png flg=0x1400010 cmp=com.android.providers.media.module/com.android.providers.media.MediaService }
05-28 05:13:13.657  1395  1954 W ModernMediaScanner: Failed to visit /sdcard/screen_2026-05-28_051314.png: java.nio.file.AccessDeniedException: /sdcard/screen_2026-05-28_051314.png
05-28 05:13:13.658  1395  1954 I MediaProvider: Scanned internal due to REASON_DEMAND, found 0 items in 1ms, 0 inserts 0 updates 0 deletes
05-28 05:13:13.659  1395  1954 I MediaProvider: End Intent { act=android.intent.action.MEDIA_SCANNER_SCAN_FILE dat=file:///sdcard/screen_2026-05-28_051314.png flg=0x1400010 cmp=com.android.providers.media.module/com.android.providers.media.MediaService }
05-28 05:13:13.679  1395  2597 I MediaProvider: Deleted 1 items on external_primary due to com.android.shell
05-28 05:13:13.709  4866  4868 I cmd     : oneway function results will be dropped but finished with status OK and parcel size 4
05-28 05:13:13.764  4881  4883 I cmd     : oneway function results will be dropped but finished with status OK and parcel size 4
05-28 05:13:13.821  4896  4898 I cmd     : oneway function results will be dropped but finished with status OK and parcel size 4
05-28 05:13:13.876  4911  4913 I cmd     : oneway function results will be dropped but finished with status OK and parcel size 4
05-28 05:13:13.962  4923  4923 E libc    : Access denied finding property "persist.device_config.runtime_native_boot.profilebootclasspath"
05-28 05:13:13.962  4923  4923 E libc    : Access denied finding property "persist.device_config.runtime_native_boot.enable_apex_image"
05-28 05:13:13.962  4923  4923 I AndroidRuntime: Using default boot image
05-28 05:13:13.962  4923  4923 E libc    : Access denied finding property "persist.device_config.runtime_native_boot.disable_lock_profiling"
05-28 05:13:13.962  4923  4923 I AndroidRuntime: Leaving lock profiling enabled
05-28 05:13:13.962  4923  4923 E libc    : Access denied finding property "persist.device_config.runtime_native_boot.enable_generational_cc"
05-28 05:13:13.964  4923  4923 I app_process: Core platform API reporting enabled, enforcing=false
05-28 05:13:14.005  4923  4923 W app_process: Unexpected CPU variant for X86 using defaults: x86_64
05-28 05:13:14.006  4923  4923 I app_process: The ClassLoaderContext is a special shared library.
05-28 05:13:14.013  4923  4923 W app_process: JNI RegisterNativeMethods: attempt to register 0 native methods for android.media.AudioAttributes
05-28 05:13:15.740   158   158 I hwservicemanager: getTransport: Cannot find entry android.hardware.graphics.mapper@4.0::IMapper/default in either framework or device manifest.
05-28 05:13:15.740  4957  4957 I Gralloc4: mapper 4.x is not supported
05-28 05:13:15.786  4961  4963 I cmd     : oneway function results will be dropped but finished with status OK and parcel size 4
05-28 05:13:15.786  1395  1954 I MediaProvider: Begin Intent { act=android.intent.action.MEDIA_SCANNER_SCAN_FILE dat=file:///sdcard/screen_2026-05-28_051316.png flg=0x1400010 cmp=com.android.providers.media.module/com.android.providers.media.MediaService }
05-28 05:13:15.784  1395  1395 W com.android.providers.media.module: type=1400 audit(0.0:338): avc: denied { read } for comm=4173796E635461736B202331 name="primary" dev="tmpfs" ino=27675 scontext=u:r:mediaprovider_app:s0:c128,c256,c512,c768 tcontext=u:object_r:mnt_pass_through_file:s0 tclass=lnk_file permissive=0 app=com.android.providers.media.module
05-28 05:13:16.009     0     0 W audit   : audit_lost=229 audit_rate_limit=5 audit_backlog_limit=64
05-28 05:13:16.020     0     0 E audit   : rate limit exceeded
05-28 05:13:15.784  1395  1395 W com.android.providers.media.module: type=1400 audit(0.0:339): avc: denied { read } for comm=4173796E635461736B202331 name="primary" dev="tmpfs" ino=27675 scontext=u:r:mediaprovider_app:s0:c128,c256,c512,c768 tcontext=u:object_r:mnt_pass_through_file:s0 tclass=lnk_file permissive=0 app=com.android.providers.media.module
05-28 05:13:15.806  1395  1954 W ModernMediaScanner: Failed to visit /sdcard/screen_2026-05-28_051316.png: java.nio.file.AccessDeniedException: /sdcard/screen_2026-05-28_051316.png
05-28 05:13:15.807  1395  1954 I MediaProvider: Scanned internal due to REASON_DEMAND, found 0 items in 20ms, 0 inserts 0 updates 0 deletes
05-28 05:13:15.807  1395  1954 I MediaProvider: End Intent { act=android.intent.action.MEDIA_SCANNER_SCAN_FILE dat=file:///sdcard/screen_2026-05-28_051316.png flg=0x1400010 cmp=com.android.providers.media.module/com.android.providers.media.MediaService }
05-28 05:13:15.784  1395  1395 W com.android.providers.media.module: type=1400 audit(0.0:340): avc: denied { read } for comm=4173796E635461736B202331 name="primary" dev="tmpfs" ino=27675 scontext=u:r:mediaprovider_app:s0:c128,c256,c512,c768 tcontext=u:object_r:mnt_pass_through_file:s0 tclass=lnk_file permissive=0 app=com.android.providers.media.module
05-28 05:13:15.850  1395  1586 I MediaProvider: Deleted 1 items on external_primary due to com.android.shell
05-28 05:13:15.880  4972  4974 I cmd     : oneway function results will be dropped but finished with status OK and parcel size 4
05-28 05:13:16.015   158   158 I hwservicemanager: getTransport: Cannot find entry android.hardware.graphics.mapper@4.0::IMapper/default in either framework or device manifest.
05-28 05:13:16.015  4994  4994 I Gralloc4: mapper 4.x is not supported
05-28 05:13:16.063  4998  5000 I cmd     : oneway function results will be dropped but finished with status OK and parcel size 4
05-28 05:13:16.064  1395  1954 I MediaProvider: Begin Intent { act=android.intent.action.MEDIA_SCANNER_SCAN_FILE dat=file:///sdcard/screen_2026-05-28_051316.png flg=0x1400010 cmp=com.android.providers.media.module/com.android.providers.media.MediaService }
05-28 05:13:16.066  1395  1954 W ModernMediaScanner: Failed to visit /sdcard/screen_2026-05-28_051316.png: java.nio.file.AccessDeniedException: /sdcard/screen_2026-05-28_051316.png
05-28 05:13:16.066  1395  1954 I MediaProvider: Scanned internal due to REASON_DEMAND, found 0 items in 1ms, 0 inserts 0 updates 0 deletes
05-28 05:13:16.068  1395  1954 I MediaProvider: End Intent { act=android.intent.action.MEDIA_SCANNER_SCAN_FILE dat=file:///sdcard/screen_2026-05-28_051316.png flg=0x1400010 cmp=com.android.providers.media.module/com.android.providers.media.MediaService }
05-28 05:13:16.131  1395  1571 I MediaProvider: Deleted 1 items on external_primary due to com.android.shell
05-28 05:13:16.162  5009  5011 I cmd     : oneway function results will be dropped but finished with status OK and parcel size 4
05-28 05:13:16.296   158   158 I hwservicemanager: getTransport: Cannot find entry android.hardware.graphics.mapper@4.0::IMapper/default in either framework or device manifest.
05-28 05:13:16.296  5031  5031 I Gralloc4: mapper 4.x is not supported
05-28 05:13:16.343  5035  5037 I cmd     : oneway function results will be dropped but finished with status OK and parcel size 4
05-28 05:13:16.344  1395  1954 I MediaProvider: Begin Intent { act=android.intent.action.MEDIA_SCANNER_SCAN_FILE dat=file:///sdcard/screen_2026-05-28_051316.png flg=0x1400010 cmp=com.android.providers.media.module/com.android.providers.media.MediaService }
05-28 05:13:16.345  1395  1954 W ModernMediaScanner: Failed to visit /sdcard/screen_2026-05-28_051316.png: java.nio.file.AccessDeniedException: /sdcard/screen_2026-05-28_051316.png
05-28 05:13:16.347  1395  1954 I MediaProvider: Scanned internal due to REASON_DEMAND, found 0 items in 3ms, 0 inserts 0 updates 0 deletes
05-28 05:13:16.348  1395  1954 I MediaProvider: End Intent { act=android.intent.action.MEDIA_SCANNER_SCAN_FILE dat=file:///sdcard/screen_2026-05-28_051316.png flg=0x1400010 cmp=com.android.providers.media.module/com.android.providers.media.MediaService }
05-28 05:13:16.369  1395  2597 I MediaProvider: Deleted 1 items on external_primary due to com.android.shell
05-28 05:13:16.398  5046  5048 I cmd     : oneway function results will be dropped but finished with status OK and parcel size 4
05-28 05:13:16.452  5061  5063 I cmd     : oneway function results will be dropped but finished with status OK and parcel size 4
05-28 05:13:16.526  5078  5080 I cmd     : oneway function results will be dropped but finished with status OK and parcel size 4
05-28 05:13:16.581  5093  5095 I cmd     : oneway function results will be dropped but finished with status OK and parcel size 4
05-28 05:13:16.666  5105  5105 E libc    : Access denied finding property "persist.device_config.runtime_native_boot.profilebootclasspath"
05-28 05:13:16.666  5105  5105 E libc    : Access denied finding property "persist.device_config.runtime_native_boot.enable_apex_image"
05-28 05:13:16.666  5105  5105 I AndroidRuntime: Using default boot image
05-28 05:13:16.666  5105  5105 E libc    : Access denied finding property "persist.device_config.runtime_native_boot.disable_lock_profiling"
05-28 05:13:16.666  5105  5105 I AndroidRuntime: Leaving lock profiling enabled
05-28 05:13:16.666  5105  5105 E libc    : Access denied finding property "persist.device_config.runtime_native_boot.enable_generational_cc"
05-28 05:13:16.668  5105  5105 I app_process: Core platform API reporting enabled, enforcing=false
05-28 05:13:16.708  5105  5105 W app_process: Unexpected CPU variant for X86 using defaults: x86_64
05-28 05:13:16.709  5105  5105 I app_process: The ClassLoaderContext is a special shared library.
05-28 05:13:16.715  5105  5105 W app_process: JNI RegisterNativeMethods: attempt to register 0 native methods for android.media.AudioAttributes
05-28 05:13:18.443   158   158 I hwservicemanager: getTransport: Cannot find entry android.hardware.graphics.mapper@4.0::IMapper/default in either framework or device manifest.
05-28 05:13:18.443  5135  5135 I Gralloc4: mapper 4.x is not supported
05-28 05:13:18.479  5139  5141 I cmd     : oneway function results will be dropped but finished with status OK and parcel size 4
05-28 05:13:18.480  1395  1954 I MediaProvider: Begin Intent { act=android.intent.action.MEDIA_SCANNER_SCAN_FILE dat=file:///sdcard/screen_2026-05-28_051318.png flg=0x1400010 cmp=com.android.providers.media.module/com.android.providers.media.MediaService }
05-28 05:13:18.476  1395  1395 W com.android.providers.media.module: type=1400 audit(0.0:360): avc: denied { read } for comm=4173796E635461736B202331 name="primary" dev="tmpfs" ino=27675 scontext=u:r:mediaprovider_app:s0:c128,c256,c512,c768 tcontext=u:object_r:mnt_pass_through_file:s0 tclass=lnk_file permissive=0 app=com.android.providers.media.module
05-28 05:13:18.702     0     0 W audit   : audit_lost=246 audit_rate_limit=5 audit_backlog_limit=64
05-28 05:13:18.711     0     0 E audit   : rate limit exceeded
05-28 05:13:18.497  1395  1954 W ModernMediaScanner: Failed to visit /sdcard/screen_2026-05-28_051318.png: java.nio.file.AccessDeniedException: /sdcard/screen_2026-05-28_051318.png
05-28 05:13:18.498  1395  1954 I MediaProvider: Scanned internal due to REASON_DEMAND, found 0 items in 18ms, 0 inserts 0 updates 0 deletes
05-28 05:13:18.499  1395  1954 I MediaProvider: End Intent { act=android.intent.action.MEDIA_SCANNER_SCAN_FILE dat=file:///sdcard/screen_2026-05-28_051318.png flg=0x1400010 cmp=com.android.providers.media.module/com.android.providers.media.MediaService }
05-28 05:13:18.476  1395  1395 W com.android.providers.media.module: type=1400 audit(0.0:361): avc: denied { read } for comm=4173796E635461736B202331 name="primary" dev="tmpfs" ino=27675 scontext=u:r:mediaprovider_app:s0:c128,c256,c512,c768 tcontext=u:object_r:mnt_pass_through_file:s0 tclass=lnk_file permissive=0 app=com.android.providers.media.module
05-28 05:13:18.566  1395  1586 I MediaProvider: Deleted 1 items on external_primary due to com.android.shell
05-28 05:13:18.595  5152  5154 I cmd     : oneway function results will be dropped but finished with status OK and parcel size 4
05-28 05:13:18.728   158   158 I hwservicemanager: getTransport: Cannot find entry android.hardware.graphics.mapper@4.0::IMapper/default in either framework or device manifest.
05-28 05:13:18.728  5174  5174 I Gralloc4: mapper 4.x is not supported
05-28 05:13:18.765  1395  1954 I MediaProvider: Begin Intent { act=android.intent.action.MEDIA_SCANNER_SCAN_FILE dat=file:///sdcard/screen_2026-05-28_051319.png flg=0x1400010 cmp=com.android.providers.media.module/com.android.providers.media.MediaService }
05-28 05:13:18.766  1395  1954 W ModernMediaScanner: Failed to visit /sdcard/screen_2026-05-28_051319.png: java.nio.file.AccessDeniedException: /sdcard/screen_2026-05-28_051319.png
05-28 05:13:18.767  1395  1954 I MediaProvider: Scanned internal due to REASON_DEMAND, found 0 items in 0ms, 0 inserts 0 updates 0 deletes
05-28 05:13:18.767  1395  1954 I MediaProvider: End Intent { act=android.intent.action.MEDIA_SCANNER_SCAN_FILE dat=file:///sdcard/screen_2026-05-28_051319.png flg=0x1400010 cmp=com.android.providers.media.module/com.android.providers.media.MediaService }
05-28 05:13:18.788  1395  1571 I MediaProvider: Deleted 1 items on external_primary due to com.android.shell
05-28 05:13:18.815  5189  5191 I cmd     : oneway function results will be dropped but finished with status OK and parcel size 4
05-28 05:13:18.943   158   158 I hwservicemanager: getTransport: Cannot find entry android.hardware.graphics.mapper@4.0::IMapper/default in either framework or device manifest.
05-28 05:13:18.944  5211  5211 I Gralloc4: mapper 4.x is not supported
05-28 05:13:18.982  5215  5217 I cmd     : oneway function results will be dropped but finished with status OK and parcel size 4
05-28 05:13:18.983  1395  1954 I MediaProvider: Begin Intent { act=android.intent.action.MEDIA_SCANNER_SCAN_FILE dat=file:///sdcard/screen_2026-05-28_051319.png flg=0x1400010 cmp=com.android.providers.media.module/com.android.providers.media.MediaService }
05-28 05:13:18.986  1395  1954 W ModernMediaScanner: Failed to visit /sdcard/screen_2026-05-28_051319.png: java.nio.file.AccessDeniedException: /sdcard/screen_2026-05-28_051319.png
05-28 05:13:18.988  1395  1954 I MediaProvider: Scanned internal due to REASON_DEMAND, found 0 items in 4ms, 0 inserts 0 updates 0 deletes
05-28 05:13:18.990  1395  1954 I MediaProvider: End Intent { act=android.intent.action.MEDIA_SCANNER_SCAN_FILE dat=file:///sdcard/screen_2026-05-28_051319.png flg=0x1400010 cmp=com.android.providers.media.module/com.android.providers.media.MediaService }
05-28 05:13:19.007  1395  1571 I MediaProvider: Deleted 1 items on external_primary due to com.android.shell
05-28 05:13:19.034  5226  5228 I cmd     : oneway function results will be dropped but finished with status OK and parcel size 4
05-28 05:13:19.088  5241  5243 I cmd     : oneway function results will be dropped but finished with status OK and parcel size 4
05-28 05:13:19.142  5256  5258 I cmd     : oneway function results will be dropped but finished with status OK and parcel size 4
05-28 05:13:19.195  5271  5273 I cmd     : oneway function results will be dropped but finished with status OK and parcel size 4
05-28 05:13:19.279  5283  5283 E libc    : Access denied finding property "persist.device_config.runtime_native_boot.profilebootclasspath"
05-28 05:13:19.279  5283  5283 E libc    : Access denied finding property "persist.device_config.runtime_native_boot.enable_apex_image"
05-28 05:13:19.279  5283  5283 I AndroidRuntime: Using default boot image
05-28 05:13:19.279  5283  5283 E libc    : Access denied finding property "persist.device_config.runtime_native_boot.disable_lock_profiling"
05-28 05:13:19.279  5283  5283 I AndroidRuntime: Leaving lock profiling enabled
05-28 05:13:19.279  5283  5283 E libc    : Access denied finding property "persist.device_config.runtime_native_boot.enable_generational_cc"
05-28 05:13:19.281  5283  5283 I app_process: Core platform API reporting enabled, enforcing=false
05-28 05:13:19.320  5283  5283 W app_process: Unexpected CPU variant for X86 using defaults: x86_64
05-28 05:13:19.321  5283  5283 I app_process: The ClassLoaderContext is a special shared library.
05-28 05:13:19.328  5283  5283 W app_process: JNI RegisterNativeMethods: attempt to register 0 native methods for android.media.AudioAttributes
05-28 05:13:19.670     0     0 W healthd : battery l=100 v=5000 t=25.0 h=2 st=2 c=900000 fc=300000 cc=10 chg=a
05-28 05:13:20.832   483   483 E wifi_forwarder: qemu_pipe_open_ns:62: Could not connect to the 'pipe:qemud:wififorward' service: Invalid argument
05-28 05:13:20.832   483   483 E wifi_forwarder: RemoteConnection failed to initialize: RemoteConnection failed to open pipe
05-28 05:13:20.842   475   475 E netmgr  : qemu_pipe_open_ns:62: Could not connect to the 'pipe:qemud:network' service: Invalid argument
05-28 05:13:20.842   475   475 E netmgr  : Failed to open QEMU pipe 'qemud:network': Invalid argument
05-28 05:13:21.045   158   158 I hwservicemanager: getTransport: Cannot find entry android.hardware.graphics.mapper@4.0::IMapper/default in either framework or device manifest.
05-28 05:13:21.045  5312  5312 I Gralloc4: mapper 4.x is not supported
05-28 05:13:21.079  5316  5318 I cmd     : oneway function results will be dropped but finished with status OK and parcel size 4
05-28 05:13:21.080  1395  1954 I MediaProvider: Begin Intent { act=android.intent.action.MEDIA_SCANNER_SCAN_FILE dat=file:///sdcard/screen_2026-05-28_051321.png flg=0x1400010 cmp=com.android.providers.media.module/com.android.providers.media.MediaService }
05-28 05:13:21.076  1395  1395 W com.android.providers.media.module: type=1400 audit(0.0:382): avc: denied { read } for comm=4173796E635461736B202331 name="primary" dev="tmpfs" ino=27675 scontext=u:r:mediaprovider_app:s0:c128,c256,c512,c768 tcontext=u:object_r:mnt_pass_through_file:s0 tclass=lnk_file permissive=0 app=com.android.providers.media.module
05-28 05:13:21.309     0     0 W audit   : audit_lost=263 audit_rate_limit=5 audit_backlog_limit=64
05-28 05:13:21.318     0     0 E audit   : rate limit exceeded
05-28 05:13:21.084  1395  1395 W com.android.providers.media.module: type=1400 audit(0.0:383): avc: denied { read } for comm=4173796E635461736B202331 name="primary" dev="tmpfs" ino=27675 scontext=u:r:mediaprovider_app:s0:c128,c256,c512,c768 tcontext=u:object_r:mnt_pass_through_file:s0 tclass=lnk_file permissive=0 app=com.android.providers.media.module
05-28 05:13:21.104  1395  1954 W ModernMediaScanner: Failed to visit /sdcard/screen_2026-05-28_051321.png: java.nio.file.AccessDeniedException: /sdcard/screen_2026-05-28_051321.png
05-28 05:13:21.104  1395  1954 I MediaProvider: Scanned internal due to REASON_DEMAND, found 0 items in 17ms, 0 inserts 0 updates 0 deletes
05-28 05:13:21.105  1395  1954 I MediaProvider: End Intent { act=android.intent.action.MEDIA_SCANNER_SCAN_FILE dat=file:///sdcard/screen_2026-05-28_051321.png flg=0x1400010 cmp=com.android.providers.media.module/com.android.providers.media.MediaService }
05-28 05:13:21.084  1395  1395 W com.android.providers.media.module: type=1400 audit(0.0:384): avc: denied { read } for comm=4173796E635461736B202331 name="primary" dev="tmpfs" ino=27675 scontext=u:r:mediaprovider_app:s0:c128,c256,c512,c768 tcontext=u:object_r:mnt_pass_through_file:s0 tclass=lnk_file permissive=0 app=com.android.providers.media.module
05-28 05:13:21.164  1395  1586 I MediaProvider: Deleted 1 items on external_primary due to com.android.shell
05-28 05:13:21.188  5327  5329 I cmd     : oneway function results will be dropped but finished with status OK and parcel size 4
05-28 05:13:21.316   158   158 I hwservicemanager: getTransport: Cannot find entry android.hardware.graphics.mapper@4.0::IMapper/default in either framework or device manifest.
05-28 05:13:21.316  5349  5349 I Gralloc4: mapper 4.x is not supported
05-28 05:13:21.354  5354  5356 I cmd     : oneway function results will be dropped but finished with status OK and parcel size 4
05-28 05:13:21.355  1395  1954 I MediaProvider: Begin Intent { act=android.intent.action.MEDIA_SCANNER_SCAN_FILE dat=file:///sdcard/screen_2026-05-28_051321.png flg=0x1400010 cmp=com.android.providers.media.module/com.android.providers.media.MediaService }
05-28 05:13:21.355  1395  1954 W ModernMediaScanner: Failed to visit /sdcard/screen_2026-05-28_051321.png: java.nio.file.AccessDeniedException: /sdcard/screen_2026-05-28_051321.png
05-28 05:13:21.356  1395  1954 I MediaProvider: Scanned internal due to REASON_DEMAND, found 0 items in 1ms, 0 inserts 0 updates 0 deletes
05-28 05:13:21.357  1395  1954 I MediaProvider: End Intent { act=android.intent.action.MEDIA_SCANNER_SCAN_FILE dat=file:///sdcard/screen_2026-05-28_051321.png flg=0x1400010 cmp=com.android.providers.media.module/com.android.providers.media.MediaService }
05-28 05:13:21.379  1395  2597 I MediaProvider: Deleted 1 items on external_primary due to com.android.shell
05-28 05:13:21.405  5365  5367 I cmd     : oneway function results will be dropped but finished with status OK and parcel size 4
05-28 05:13:21.519   158   158 I hwservicemanager: getTransport: Cannot find entry android.hardware.graphics.mapper@4.0::IMapper/default in either framework or device manifest.
05-28 05:13:21.520  5387  5387 I Gralloc4: mapper 4.x is not supported
05-28 05:13:21.556  1395  1954 I MediaProvider: Begin Intent { act=android.intent.action.MEDIA_SCANNER_SCAN_FILE dat=file:///sdcard/screen_2026-05-28_051321.png flg=0x1400010 cmp=com.android.providers.media.module/com.android.providers.media.MediaService }
05-28 05:13:21.557  1395  1954 W ModernMediaScanner: Failed to visit /sdcard/screen_2026-05-28_051321.png: java.nio.file.AccessDeniedException: /sdcard/screen_2026-05-28_051321.png
05-28 05:13:21.557  1395  1954 I MediaProvider: Scanned internal due to REASON_DEMAND, found 0 items in 1ms, 0 inserts 0 updates 0 deletes
05-28 05:13:21.558  1395  1954 I MediaProvider: End Intent { act=android.intent.action.MEDIA_SCANNER_SCAN_FILE dat=file:///sdcard/screen_2026-05-28_051321.png flg=0x1400010 cmp=com.android.providers.media.module/com.android.providers.media.MediaService }
05-28 05:13:21.579  1395  1571 I MediaProvider: Deleted 1 items on external_primary due to com.android.shell
05-28 05:13:21.603  5402  5404 I cmd     : oneway function results will be dropped but finished with status OK and parcel size 4
05-28 05:13:21.712  5434  5436 I cmd     : oneway function results will be dropped but finished with status OK and parcel size 4
05-28 05:13:21.760  5449  5451 I cmd     : oneway function results will be dropped but finished with status OK and parcel size 4
05-28 05:13:21.835  5461  5461 E libc    : Access denied finding property "persist.device_config.runtime_native_boot.profilebootclasspath"
05-28 05:13:21.835  5461  5461 E libc    : Access denied finding property "persist.device_config.runtime_native_boot.enable_apex_image"
05-28 05:13:21.835  5461  5461 I AndroidRuntime: Using default boot image
05-28 05:13:21.835  5461  5461 E libc    : Access denied finding property "persist.device_config.runtime_native_boot.disable_lock_profiling"
05-28 05:13:21.835  5461  5461 I AndroidRuntime: Leaving lock profiling enabled
05-28 05:13:21.835  5461  5461 E libc    : Access denied finding property "persist.device_config.runtime_native_boot.enable_generational_cc"
05-28 05:13:21.837  5461  5461 I app_process: Core platform API reporting enabled, enforcing=false
05-28 05:13:21.876  5461  5461 W app_process: Unexpected CPU variant for X86 using defaults: x86_64
05-28 05:13:21.876  5461  5461 I app_process: The ClassLoaderContext is a special shared library.
05-28 05:13:21.882  5461  5461 W app_process: JNI RegisterNativeMethods: attempt to register 0 native methods for android.media.AudioAttributes
05-28 05:13:23.597   158   158 I hwservicemanager: getTransport: Cannot find entry android.hardware.graphics.mapper@4.0::IMapper/default in either framework or device manifest.
05-28 05:13:23.597  5488  5488 I Gralloc4: mapper 4.x is not supported
05-28 05:13:23.632  5492  5494 I cmd     : oneway function results will be dropped but finished with status OK and parcel size 4
05-28 05:13:23.632  1395  1954 I MediaProvider: Begin Intent { act=android.intent.action.MEDIA_SCANNER_SCAN_FILE dat=file:///sdcard/screen_2026-05-28_051324.png flg=0x1400010 cmp=com.android.providers.media.module/com.android.providers.media.MediaService }
05-28 05:13:23.628  1395  1395 W com.android.providers.media.module: type=1400 audit(0.0:404): avc: denied { read } for comm=4173796E635461736B202331 name="primary" dev="tmpfs" ino=27675 scontext=u:r:mediaprovider_app:s0:c128,c256,c512,c768 tcontext=u:object_r:mnt_pass_through_file:s0 tclass=lnk_file permissive=0 app=com.android.providers.media.module
05-28 05:13:23.649  1395  1954 W ModernMediaScanner: Failed to visit /sdcard/screen_2026-05-28_051324.png: java.nio.file.AccessDeniedException: /sdcard/screen_2026-05-28_051324.png
05-28 05:13:23.650  1395  1954 I MediaProvider: Scanned internal due to REASON_DEMAND, found 0 items in 17ms, 0 inserts 0 updates 0 deletes
05-28 05:13:23.650  1395  1954 I MediaProvider: End Intent { act=android.intent.action.MEDIA_SCANNER_SCAN_FILE dat=file:///sdcard/screen_2026-05-28_051324.png flg=0x1400010 cmp=com.android.providers.media.module/com.android.providers.media.MediaService }
05-28 05:13:23.628  1395  1395 W com.android.providers.media.module: type=1400 audit(0.0:406): avc: denied { read } for comm=4173796E635461736B202331 name="primary" dev="tmpfs" ino=27675 scontext=u:r:mediaprovider_app:s0:c128,c256,c512,c768 tcontext=u:object_r:mnt_pass_through_file:s0 tclass=lnk_file permissive=0 app=com.android.providers.media.module
05-28 05:13:23.714  1395  1586 I MediaProvider: Deleted 1 items on external_primary due to com.android.shell
05-28 05:13:23.739  5505  5507 I cmd     : oneway function results will be dropped but finished with status OK and parcel size 4
05-28 05:13:23.863   158   158 I hwservicemanager: getTransport: Cannot find entry android.hardware.graphics.mapper@4.0::IMapper/default in either framework or device manifest.
05-28 05:13:23.863  5527  5527 I Gralloc4: mapper 4.x is not supported
05-28 05:13:23.898  1395  1954 I MediaProvider: Begin Intent { act=android.intent.action.MEDIA_SCANNER_SCAN_FILE dat=file:///sdcard/screen_2026-05-28_051324.png flg=0x1400010 cmp=com.android.providers.media.module/com.android.providers.media.MediaService }
05-28 05:13:23.901  1395  1954 W ModernMediaScanner: Failed to visit /sdcard/screen_2026-05-28_051324.png: java.nio.file.AccessDeniedException: /sdcard/screen_2026-05-28_051324.png
05-28 05:13:23.901  1395  1954 I MediaProvider: Scanned internal due to REASON_DEMAND, found 0 items in 3ms, 0 inserts 0 updates 0 deletes
05-28 05:13:23.902  1395  1954 I MediaProvider: End Intent { act=android.intent.action.MEDIA_SCANNER_SCAN_FILE dat=file:///sdcard/screen_2026-05-28_051324.png flg=0x1400010 cmp=com.android.providers.media.module/com.android.providers.media.MediaService }
05-28 05:13:23.959  1395  2597 I MediaProvider: Deleted 1 items on external_primary due to com.android.shell
05-28 05:13:23.983  5542  5544 I cmd     : oneway function results will be dropped but finished with status OK and parcel size 4
05-28 05:13:24.099   158   158 I hwservicemanager: getTransport: Cannot find entry android.hardware.graphics.mapper@4.0::IMapper/default in either framework or device manifest.
05-28 05:13:24.099  5564  5564 I Gralloc4: mapper 4.x is not supported
05-28 05:13:24.134  5568  5570 I cmd     : oneway function results will be dropped but finished with status OK and parcel size 4
05-28 05:13:24.135  1395  1954 I MediaProvider: Begin Intent { act=android.intent.action.MEDIA_SCANNER_SCAN_FILE dat=file:///sdcard/screen_2026-05-28_051324.png flg=0x1400010 cmp=com.android.providers.media.module/com.android.providers.media.MediaService }
05-28 05:13:24.136  1395  1954 W ModernMediaScanner: Failed to visit /sdcard/screen_2026-05-28_051324.png: java.nio.file.AccessDeniedException: /sdcard/screen_2026-05-28_051324.png
05-28 05:13:24.136  1395  1954 I MediaProvider: Scanned internal due to REASON_DEMAND, found 0 items in 1ms, 0 inserts 0 updates 0 deletes
05-28 05:13:24.137  1395  1954 I MediaProvider: End Intent { act=android.intent.action.MEDIA_SCANNER_SCAN_FILE dat=file:///sdcard/screen_2026-05-28_051324.png flg=0x1400010 cmp=com.android.providers.media.module/com.android.providers.media.MediaService }
05-28 05:13:24.158  1395  1571 I MediaProvider: Deleted 1 items on external_primary due to com.android.shell
05-28 05:13:24.230  5594  5596 I cmd     : oneway function results will be dropped but finished with status OK and parcel size 4
05-28 05:13:24.278  5609  5611 I cmd     : oneway function results will be dropped but finished with status OK and parcel size 4
05-28 05:13:24.401  5636  5636 E libc    : Access denied finding property "persist.device_config.runtime_native_boot.profilebootclasspath"
05-28 05:13:24.401  5636  5636 E libc    : Access denied finding property "persist.device_config.runtime_native_boot.enable_apex_image"
05-28 05:13:24.401  5636  5636 I AndroidRuntime: Using default boot image
05-28 05:13:24.401  5636  5636 E libc    : Access denied finding property "persist.device_config.runtime_native_boot.disable_lock_profiling"
05-28 05:13:24.401  5636  5636 I AndroidRuntime: Leaving lock profiling enabled
05-28 05:13:24.401  5636  5636 E libc    : Access denied finding property "persist.device_config.runtime_native_boot.enable_generational_cc"
05-28 05:13:24.402  5636  5636 I app_process: Core platform API reporting enabled, enforcing=false
05-28 05:13:24.440  5636  5636 W app_process: Unexpected CPU variant for X86 using defaults: x86_64
05-28 05:13:24.441  5636  5636 I app_process: The ClassLoaderContext is a special shared library.
05-28 05:13:24.448  5636  5636 W app_process: JNI RegisterNativeMethods: attempt to register 0 native methods for android.media.AudioAttributes
05-28 05:13:26.162   158   158 I hwservicemanager: getTransport: Cannot find entry android.hardware.graphics.mapper@4.0::IMapper/default in either framework or device manifest.
