05-28 05:13:55.239  7685  7687 I cmd     : oneway function results will be dropped but finished with status OK and parcel size 4
05-28 05:13:55.343  7715  7717 I cmd     : oneway function results will be dropped but finished with status OK and parcel size 4
05-28 05:13:55.395  7730  7732 I cmd     : oneway function results will be dropped but finished with status OK and parcel size 4
05-28 05:13:55.476  7742  7742 E libc    : Access denied finding property "persist.device_config.runtime_native_boot.profilebootclasspath"
05-28 05:13:55.476  7742  7742 E libc    : Access denied finding property "persist.device_config.runtime_native_boot.enable_apex_image"
05-28 05:13:55.476  7742  7742 I AndroidRuntime: Using default boot image
05-28 05:13:55.476  7742  7742 E libc    : Access denied finding property "persist.device_config.runtime_native_boot.disable_lock_profiling"
05-28 05:13:55.476  7742  7742 I AndroidRuntime: Leaving lock profiling enabled
05-28 05:13:55.476  7742  7742 E libc    : Access denied finding property "persist.device_config.runtime_native_boot.enable_generational_cc"
05-28 05:13:55.478  7742  7742 I app_process: Core platform API reporting enabled, enforcing=false
05-28 05:13:55.516  7742  7742 W app_process: Unexpected CPU variant for X86 using defaults: x86_64
05-28 05:13:55.517  7742  7742 I app_process: The ClassLoaderContext is a special shared library.
05-28 05:13:55.523  7742  7742 W app_process: JNI RegisterNativeMethods: attempt to register 0 native methods for android.media.AudioAttributes
05-28 05:13:57.552   158   158 I hwservicemanager: getTransport: Cannot find entry android.hardware.graphics.mapper@4.0::IMapper/default in either framework or device manifest.
05-28 05:13:57.552  7771  7771 I Gralloc4: mapper 4.x is not supported
05-28 05:13:57.597  7775  7777 I cmd     : oneway function results will be dropped but finished with status OK and parcel size 4
05-28 05:13:57.598  1395  1954 I MediaProvider: Begin Intent { act=android.intent.action.MEDIA_SCANNER_SCAN_FILE dat=file:///sdcard/screen_2026-05-28_051357.png flg=0x1400010 cmp=com.android.providers.media.module/com.android.providers.media.MediaService }
05-28 05:13:57.596  1395  1395 W com.android.providers.media.module: type=1400 audit(0.0:686): avc: denied { read } for comm=4173796E635461736B202331 name="primary" dev="tmpfs" ino=27675 scontext=u:r:mediaprovider_app:s0:c128,c256,c512,c768 tcontext=u:object_r:mnt_pass_through_file:s0 tclass=lnk_file permissive=0 app=com.android.providers.media.module
05-28 05:13:57.821     0     0 W audit   : audit_lost=497 audit_rate_limit=5 audit_backlog_limit=64
05-28 05:13:57.834     0     0 E audit   : rate limit exceeded
05-28 05:13:57.596  1395  1395 W com.android.providers.media.module: type=1400 audit(0.0:687): avc: denied { read } for comm=4173796E635461736B202331 name="primary" dev="tmpfs" ino=27675 scontext=u:r:mediaprovider_app:s0:c128,c256,c512,c768 tcontext=u:object_r:mnt_pass_through_file:s0 tclass=lnk_file permissive=0 app=com.android.providers.media.module
05-28 05:13:57.618  1395  1954 W ModernMediaScanner: Failed to visit /sdcard/screen_2026-05-28_051357.png: java.nio.file.AccessDeniedException: /sdcard/screen_2026-05-28_051357.png
05-28 05:13:57.618  1395  1954 I MediaProvider: Scanned internal due to REASON_DEMAND, found 0 items in 19ms, 0 inserts 0 updates 0 deletes
05-28 05:13:57.619  1395  1954 I MediaProvider: End Intent { act=android.intent.action.MEDIA_SCANNER_SCAN_FILE dat=file:///sdcard/screen_2026-05-28_051357.png flg=0x1400010 cmp=com.android.providers.media.module/com.android.providers.media.MediaService }
05-28 05:13:57.596  1395  1395 W com.android.providers.media.module: type=1400 audit(0.0:688): avc: denied { read } for comm=4173796E635461736B202331 name="primary" dev="tmpfs" ino=27675 scontext=u:r:mediaprovider_app:s0:c128,c256,c512,c768 tcontext=u:object_r:mnt_pass_through_file:s0 tclass=lnk_file permissive=0 app=com.android.providers.media.module
05-28 05:13:57.640  1395  1586 I MediaProvider: Deleted 1 items on external_primary due to com.android.shell
05-28 05:13:57.596  1395  1395 W com.android.providers.media.module: type=1400 audit(0.0:690): avc: denied { read } for comm=4173796E635461736B202331 name="primary" dev="tmpfs" ino=27675 scontext=u:r:mediaprovider_app:s0:c128,c256,c512,c768 tcontext=u:object_r:mnt_pass_through_file:s0 tclass=lnk_file permissive=0 app=com.android.providers.media.module
05-28 05:13:57.670  7786  7788 I cmd     : oneway function results will be dropped but finished with status OK and parcel size 4
05-28 05:13:57.815   158   158 I hwservicemanager: getTransport: Cannot find entry android.hardware.graphics.mapper@4.0::IMapper/default in either framework or device manifest.
05-28 05:13:57.815  7810  7810 I Gralloc4: mapper 4.x is not supported
05-28 05:13:57.862  1395  1954 I MediaProvider: Begin Intent { act=android.intent.action.MEDIA_SCANNER_SCAN_FILE dat=file:///sdcard/screen_2026-05-28_051358.png flg=0x1400010 cmp=com.android.providers.media.module/com.android.providers.media.MediaService }
05-28 05:13:57.863  1395  1954 W ModernMediaScanner: Failed to visit /sdcard/screen_2026-05-28_051358.png: java.nio.file.AccessDeniedException: /sdcard/screen_2026-05-28_051358.png
05-28 05:13:57.865  1395  1954 I MediaProvider: Scanned internal due to REASON_DEMAND, found 0 items in 3ms, 0 inserts 0 updates 0 deletes
05-28 05:13:57.866  1395  1954 I MediaProvider: End Intent { act=android.intent.action.MEDIA_SCANNER_SCAN_FILE dat=file:///sdcard/screen_2026-05-28_051358.png flg=0x1400010 cmp=com.android.providers.media.module/com.android.providers.media.MediaService }
05-28 05:13:57.885  1395  2597 I MediaProvider: Deleted 1 items on external_primary due to com.android.shell
05-28 05:13:57.915  7825  7827 I cmd     : oneway function results will be dropped but finished with status OK and parcel size 4
05-28 05:13:58.040   158   158 I hwservicemanager: getTransport: Cannot find entry android.hardware.graphics.mapper@4.0::IMapper/default in either framework or device manifest.
05-28 05:13:58.040  7847  7847 I Gralloc4: mapper 4.x is not supported
05-28 05:13:58.087  7851  7853 I cmd     : oneway function results will be dropped but finished with status OK and parcel size 4
05-28 05:13:58.087  1395  1954 I MediaProvider: Begin Intent { act=android.intent.action.MEDIA_SCANNER_SCAN_FILE dat=file:///sdcard/screen_2026-05-28_051358.png flg=0x1400010 cmp=com.android.providers.media.module/com.android.providers.media.MediaService }
05-28 05:13:58.088  1395  1954 W ModernMediaScanner: Failed to visit /sdcard/screen_2026-05-28_051358.png: java.nio.file.AccessDeniedException: /sdcard/screen_2026-05-28_051358.png
05-28 05:13:58.088  1395  1954 I MediaProvider: Scanned internal due to REASON_DEMAND, found 0 items in 1ms, 0 inserts 0 updates 0 deletes
05-28 05:13:58.089  1395  1954 I MediaProvider: End Intent { act=android.intent.action.MEDIA_SCANNER_SCAN_FILE dat=file:///sdcard/screen_2026-05-28_051358.png flg=0x1400010 cmp=com.android.providers.media.module/com.android.providers.media.MediaService }
05-28 05:13:58.151  1395  1586 I MediaProvider: Deleted 1 items on external_primary due to com.android.shell
05-28 05:13:58.178  7862  7864 I cmd     : oneway function results will be dropped but finished with status OK and parcel size 4
05-28 05:13:58.230  7877  7879 I cmd     : oneway function results will be dropped but finished with status OK and parcel size 4
05-28 05:13:58.281  7892  7894 I cmd     : oneway function results will be dropped but finished with status OK and parcel size 4
05-28 05:13:58.333  7907  7909 I cmd     : oneway function results will be dropped but finished with status OK and parcel size 4
05-28 05:13:58.414  7919  7919 E libc    : Access denied finding property "persist.device_config.runtime_native_boot.profilebootclasspath"
05-28 05:13:58.414  7919  7919 E libc    : Access denied finding property "persist.device_config.runtime_native_boot.enable_apex_image"
05-28 05:13:58.414  7919  7919 I AndroidRuntime: Using default boot image
05-28 05:13:58.414  7919  7919 E libc    : Access denied finding property "persist.device_config.runtime_native_boot.disable_lock_profiling"
05-28 05:13:58.414  7919  7919 I AndroidRuntime: Leaving lock profiling enabled
05-28 05:13:58.414  7919  7919 E libc    : Access denied finding property "persist.device_config.runtime_native_boot.enable_generational_cc"
05-28 05:13:58.415  7919  7919 I app_process: Core platform API reporting enabled, enforcing=false
05-28 05:13:58.455  7919  7919 W app_process: Unexpected CPU variant for X86 using defaults: x86_64
05-28 05:13:58.455  7919  7919 I app_process: The ClassLoaderContext is a special shared library.
05-28 05:13:58.462  7919  7919 W app_process: JNI RegisterNativeMethods: attempt to register 0 native methods for android.media.AudioAttributes
05-28 05:14:00.486   158   158 I hwservicemanager: getTransport: Cannot find entry android.hardware.graphics.mapper@4.0::IMapper/default in either framework or device manifest.
05-28 05:14:00.486  7950  7950 I Gralloc4: mapper 4.x is not supported
05-28 05:14:00.532  7954  7956 I cmd     : oneway function results will be dropped but finished with status OK and parcel size 4
05-28 05:14:00.533  1395  1954 I MediaProvider: Begin Intent { act=android.intent.action.MEDIA_SCANNER_SCAN_FILE dat=file:///sdcard/screen_2026-05-28_051400.png flg=0x1400010 cmp=com.android.providers.media.module/com.android.providers.media.MediaService }
05-28 05:14:00.545  1395  1954 W ModernMediaScanner: Failed to visit /sdcard/screen_2026-05-28_051400.png: java.nio.file.AccessDeniedException: /sdcard/screen_2026-05-28_051400.png
05-28 05:14:00.528  1395  1395 W com.android.providers.media.module: type=1400 audit(0.0:708): avc: denied { read } for comm=4173796E635461736B202331 name="primary" dev="tmpfs" ino=27675 scontext=u:r:mediaprovider_app:s0:c128,c256,c512,c768 tcontext=u:object_r:mnt_pass_through_file:s0 tclass=lnk_file permissive=0 app=com.android.providers.media.module
05-28 05:14:00.759     0     0 W audit   : audit_lost=514 audit_rate_limit=5 audit_backlog_limit=64
05-28 05:14:00.765     0     0 E audit   : rate limit exceeded
05-28 05:14:00.546  1395  1954 I MediaProvider: Scanned internal due to REASON_DEMAND, found 0 items in 9ms, 0 inserts 0 updates 0 deletes
05-28 05:14:00.547  1395  1954 I MediaProvider: End Intent { act=android.intent.action.MEDIA_SCANNER_SCAN_FILE dat=file:///sdcard/screen_2026-05-28_051400.png flg=0x1400010 cmp=com.android.providers.media.module/com.android.providers.media.MediaService }
05-28 05:14:00.528  1395  1395 W com.android.providers.media.module: type=1400 audit(0.0:709): avc: denied { read } for comm=4173796E635461736B202331 name="primary" dev="tmpfs" ino=27675 scontext=u:r:mediaprovider_app:s0:c128,c256,c512,c768 tcontext=u:object_r:mnt_pass_through_file:s0 tclass=lnk_file permissive=0 app=com.android.providers.media.module
05-28 05:14:00.532  1395  1395 I chatty  : uid=10128(com.android.providers.media.module) identical 2 lines
05-28 05:14:00.532  1395  1395 W com.android.providers.media.module: type=1400 audit(0.0:712): avc: denied { read } for comm=4173796E635461736B202331 name="primary" dev="tmpfs" ino=27675 scontext=u:r:mediaprovider_app:s0:c128,c256,c512,c768 tcontext=u:object_r:mnt_pass_through_file:s0 tclass=lnk_file permissive=0 app=com.android.providers.media.module
05-28 05:14:00.594  1395  1571 I MediaProvider: Deleted 1 items on external_primary due to com.android.shell
05-28 05:14:00.626  7966  7968 I cmd     : oneway function results will be dropped but finished with status OK and parcel size 4
05-28 05:14:00.756   158   158 I hwservicemanager: getTransport: Cannot find entry android.hardware.graphics.mapper@4.0::IMapper/default in either framework or device manifest.
05-28 05:14:00.756  7988  7988 I Gralloc4: mapper 4.x is not supported
05-28 05:14:00.803  7992  7994 I cmd     : oneway function results will be dropped but finished with status OK and parcel size 4
05-28 05:14:00.803  1395  1954 I MediaProvider: Begin Intent { act=android.intent.action.MEDIA_SCANNER_SCAN_FILE dat=file:///sdcard/screen_2026-05-28_051401.png flg=0x1400010 cmp=com.android.providers.media.module/com.android.providers.media.MediaService }
05-28 05:14:00.805  1395  1954 W ModernMediaScanner: Failed to visit /sdcard/screen_2026-05-28_051401.png: java.nio.file.AccessDeniedException: /sdcard/screen_2026-05-28_051401.png
05-28 05:14:00.805  1395  1954 I MediaProvider: Scanned internal due to REASON_DEMAND, found 0 items in 1ms, 0 inserts 0 updates 0 deletes
05-28 05:14:00.806  1395  1954 I MediaProvider: End Intent { act=android.intent.action.MEDIA_SCANNER_SCAN_FILE dat=file:///sdcard/screen_2026-05-28_051401.png flg=0x1400010 cmp=com.android.providers.media.module/com.android.providers.media.MediaService }
05-28 05:14:00.830  1395  2597 I MediaProvider: Deleted 1 items on external_primary due to com.android.shell
05-28 05:14:00.868  8005  8007 I cmd     : oneway function results will be dropped but finished with status OK and parcel size 4
05-28 05:14:00.995   158   158 I hwservicemanager: getTransport: Cannot find entry android.hardware.graphics.mapper@4.0::IMapper/default in either framework or device manifest.
05-28 05:14:00.995  8027  8027 I Gralloc4: mapper 4.x is not supported
05-28 05:14:01.040  8031  8033 I cmd     : oneway function results will be dropped but finished with status OK and parcel size 4
05-28 05:14:01.041  1395  1954 I MediaProvider: Begin Intent { act=android.intent.action.MEDIA_SCANNER_SCAN_FILE dat=file:///sdcard/screen_2026-05-28_051401.png flg=0x1400010 cmp=com.android.providers.media.module/com.android.providers.media.MediaService }
05-28 05:14:01.041  1395  1954 W ModernMediaScanner: Failed to visit /sdcard/screen_2026-05-28_051401.png: java.nio.file.AccessDeniedException: /sdcard/screen_2026-05-28_051401.png
05-28 05:14:01.045  1395  1954 I MediaProvider: Scanned internal due to REASON_DEMAND, found 0 items in 4ms, 0 inserts 0 updates 0 deletes
05-28 05:14:01.045  1395  1954 I MediaProvider: End Intent { act=android.intent.action.MEDIA_SCANNER_SCAN_FILE dat=file:///sdcard/screen_2026-05-28_051401.png flg=0x1400010 cmp=com.android.providers.media.module/com.android.providers.media.MediaService }
05-28 05:14:01.106  1395  2597 I MediaProvider: Deleted 1 items on external_primary due to com.android.shell
05-28 05:14:01.131  8042  8044 I cmd     : oneway function results will be dropped but finished with status OK and parcel size 4
05-28 05:14:01.182  8057  8059 I cmd     : oneway function results will be dropped but finished with status OK and parcel size 4
05-28 05:14:01.233  8072  8074 I cmd     : oneway function results will be dropped but finished with status OK and parcel size 4
05-28 05:14:01.283  8087  8089 I cmd     : oneway function results will be dropped but finished with status OK and parcel size 4
05-28 05:14:01.366  8099  8099 E libc    : Access denied finding property "persist.device_config.runtime_native_boot.profilebootclasspath"
05-28 05:14:01.366  8099  8099 E libc    : Access denied finding property "persist.device_config.runtime_native_boot.enable_apex_image"
05-28 05:14:01.366  8099  8099 I AndroidRuntime: Using default boot image
05-28 05:14:01.366  8099  8099 E libc    : Access denied finding property "persist.device_config.runtime_native_boot.disable_lock_profiling"
05-28 05:14:01.366  8099  8099 I AndroidRuntime: Leaving lock profiling enabled
05-28 05:14:01.367  8099  8099 E libc    : Access denied finding property "persist.device_config.runtime_native_boot.enable_generational_cc"
05-28 05:14:01.368  8099  8099 I app_process: Core platform API reporting enabled, enforcing=false
05-28 05:14:01.407  8099  8099 W app_process: Unexpected CPU variant for X86 using defaults: x86_64
05-28 05:14:01.408  8099  8099 I app_process: The ClassLoaderContext is a special shared library.
05-28 05:14:01.414  8099  8099 W app_process: JNI RegisterNativeMethods: attempt to register 0 native methods for android.media.AudioAttributes
05-28 05:14:01.538  2083  2083 E AccessibilityInteractionClient: 3 Disconnected nodes.
05-28 05:14:03.442   158   158 I hwservicemanager: getTransport: Cannot find entry android.hardware.graphics.mapper@4.0::IMapper/default in either framework or device manifest.
05-28 05:14:03.442  8132  8132 I Gralloc4: mapper 4.x is not supported
05-28 05:14:03.479  1395  1954 I MediaProvider: Begin Intent { act=android.intent.action.MEDIA_SCANNER_SCAN_FILE dat=file:///sdcard/screen_2026-05-28_051403.png flg=0x1400010 cmp=com.android.providers.media.module/com.android.providers.media.MediaService }
05-28 05:14:03.476  1395  1395 W com.android.providers.media.module: type=1400 audit(0.0:730): avc: denied { read } for comm=4173796E635461736B202331 name="primary" dev="tmpfs" ino=27675 scontext=u:r:mediaprovider_app:s0:c128,c256,c512,c768 tcontext=u:object_r:mnt_pass_through_file:s0 tclass=lnk_file permissive=0 app=com.android.providers.media.module
05-28 05:14:03.712     0     0 W audit   : audit_lost=531 audit_rate_limit=5 audit_backlog_limit=64
05-28 05:14:03.722     0     0 E audit   : rate limit exceeded
05-28 05:14:03.484  1395  1395 I chatty  : uid=10128(com.android.providers.media.module) identical 1 line
05-28 05:14:03.488  1395  1395 W com.android.providers.media.module: type=1400 audit(0.0:732): avc: denied { read } for comm=4173796E635461736B202331 name="primary" dev="tmpfs" ino=27675 scontext=u:r:mediaprovider_app:s0:c128,c256,c512,c768 tcontext=u:object_r:mnt_pass_through_file:s0 tclass=lnk_file permissive=0 app=com.android.providers.media.module
05-28 05:14:03.511  1395  1954 W ModernMediaScanner: Failed to visit /sdcard/screen_2026-05-28_051403.png: java.nio.file.AccessDeniedException: /sdcard/screen_2026-05-28_051403.png
05-28 05:14:03.512  1395  1954 I MediaProvider: Scanned internal due to REASON_DEMAND, found 0 items in 22ms, 0 inserts 0 updates 0 deletes
05-28 05:14:03.513  1395  1954 I MediaProvider: End Intent { act=android.intent.action.MEDIA_SCANNER_SCAN_FILE dat=file:///sdcard/screen_2026-05-28_051403.png flg=0x1400010 cmp=com.android.providers.media.module/com.android.providers.media.MediaService }
05-28 05:14:03.488  1395  1395 W com.android.providers.media.module: type=1400 audit(0.0:733): avc: denied { read } for comm=4173796E635461736B202331 name="primary" dev="tmpfs" ino=27675 scontext=u:r:mediaprovider_app:s0:c128,c256,c512,c768 tcontext=u:object_r:mnt_pass_through_file:s0 tclass=lnk_file permissive=0 app=com.android.providers.media.module
05-28 05:14:03.544  1395  1571 I MediaProvider: Deleted 1 items on external_primary due to com.android.shell
05-28 05:14:03.571  8147  8149 I cmd     : oneway function results will be dropped but finished with status OK and parcel size 4
05-28 05:14:03.708   158   158 I hwservicemanager: getTransport: Cannot find entry android.hardware.graphics.mapper@4.0::IMapper/default in either framework or device manifest.
05-28 05:14:03.708  8169  8169 I Gralloc4: mapper 4.x is not supported
05-28 05:14:03.747  1395  1954 I MediaProvider: Begin Intent { act=android.intent.action.MEDIA_SCANNER_SCAN_FILE dat=file:///sdcard/screen_2026-05-28_051404.png flg=0x1400010 cmp=com.android.providers.media.module/com.android.providers.media.MediaService }
05-28 05:14:03.748  1395  1954 W ModernMediaScanner: Failed to visit /sdcard/screen_2026-05-28_051404.png: java.nio.file.AccessDeniedException: /sdcard/screen_2026-05-28_051404.png
05-28 05:14:03.749  1395  1954 I MediaProvider: Scanned internal due to REASON_DEMAND, found 0 items in 1ms, 0 inserts 0 updates 0 deletes
05-28 05:14:03.752  1395  1954 I MediaProvider: End Intent { act=android.intent.action.MEDIA_SCANNER_SCAN_FILE dat=file:///sdcard/screen_2026-05-28_051404.png flg=0x1400010 cmp=com.android.providers.media.module/com.android.providers.media.MediaService }
05-28 05:14:03.772  1395  1571 I MediaProvider: Deleted 1 items on external_primary due to com.android.shell
05-28 05:14:03.800  8184  8186 I cmd     : oneway function results will be dropped but finished with status OK and parcel size 4
