05-28 05:13:26.162  5665  5665 I Gralloc4: mapper 4.x is not supported
05-28 05:13:26.421     0     0 W audit   : audit_lost=297 audit_rate_limit=5 audit_backlog_limit=64
05-28 05:13:26.423     0     0 E audit   : rate limit exceeded
05-28 05:13:26.199  1395  1954 I MediaProvider: Begin Intent { act=android.intent.action.MEDIA_SCANNER_SCAN_FILE dat=file:///sdcard/screen_2026-05-28_051326.png flg=0x1400010 cmp=com.android.providers.media.module/com.android.providers.media.MediaService }
05-28 05:13:26.208  1395  1954 W ModernMediaScanner: Failed to visit /sdcard/screen_2026-05-28_051326.png: java.nio.file.AccessDeniedException: /sdcard/screen_2026-05-28_051326.png
05-28 05:13:26.208  1395  1954 I MediaProvider: Scanned internal due to REASON_DEMAND, found 0 items in 9ms, 0 inserts 0 updates 0 deletes
05-28 05:13:26.209  1395  1954 I MediaProvider: End Intent { act=android.intent.action.MEDIA_SCANNER_SCAN_FILE dat=file:///sdcard/screen_2026-05-28_051326.png flg=0x1400010 cmp=com.android.providers.media.module/com.android.providers.media.MediaService }
05-28 05:13:26.196  1395  1395 W com.android.providers.media.module: type=1400 audit(0.0:426): avc: denied { read } for comm=4173796E635461736B202331 name="primary" dev="tmpfs" ino=27675 scontext=u:r:mediaprovider_app:s0:c128,c256,c512,c768 tcontext=u:object_r:mnt_pass_through_file:s0 tclass=lnk_file permissive=0 app=com.android.providers.media.module
05-28 05:13:26.272  1395  1586 I MediaProvider: Deleted 1 items on external_primary due to com.android.shell
05-28 05:13:26.297  5680  5682 I cmd     : oneway function results will be dropped but finished with status OK and parcel size 4
05-28 05:13:26.420   158   158 I hwservicemanager: getTransport: Cannot find entry android.hardware.graphics.mapper@4.0::IMapper/default in either framework or device manifest.
05-28 05:13:26.420  5702  5702 I Gralloc4: mapper 4.x is not supported
05-28 05:13:26.456  1395  1954 I MediaProvider: Begin Intent { act=android.intent.action.MEDIA_SCANNER_SCAN_FILE dat=file:///sdcard/screen_2026-05-28_051326.png flg=0x1400010 cmp=com.android.providers.media.module/com.android.providers.media.MediaService }
05-28 05:13:26.456  1395  1954 W ModernMediaScanner: Failed to visit /sdcard/screen_2026-05-28_051326.png: java.nio.file.AccessDeniedException: /sdcard/screen_2026-05-28_051326.png
05-28 05:13:26.459  1395  1954 I MediaProvider: Scanned internal due to REASON_DEMAND, found 0 items in 3ms, 0 inserts 0 updates 0 deletes
05-28 05:13:26.460  1395  1954 I MediaProvider: End Intent { act=android.intent.action.MEDIA_SCANNER_SCAN_FILE dat=file:///sdcard/screen_2026-05-28_051326.png flg=0x1400010 cmp=com.android.providers.media.module/com.android.providers.media.MediaService }
05-28 05:13:26.518  1395  2597 I MediaProvider: Deleted 1 items on external_primary due to com.android.shell
05-28 05:13:26.542  5717  5719 I cmd     : oneway function results will be dropped but finished with status OK and parcel size 4
05-28 05:13:26.669   158   158 I hwservicemanager: getTransport: Cannot find entry android.hardware.graphics.mapper@4.0::IMapper/default in either framework or device manifest.
05-28 05:13:26.669  5739  5739 I Gralloc4: mapper 4.x is not supported
05-28 05:13:26.706  5744  5746 I cmd     : oneway function results will be dropped but finished with status OK and parcel size 4
05-28 05:13:26.706  1395  1954 I MediaProvider: Begin Intent { act=android.intent.action.MEDIA_SCANNER_SCAN_FILE dat=file:///sdcard/screen_2026-05-28_051327.png flg=0x1400010 cmp=com.android.providers.media.module/com.android.providers.media.MediaService }
05-28 05:13:26.707  1395  1954 W ModernMediaScanner: Failed to visit /sdcard/screen_2026-05-28_051327.png: java.nio.file.AccessDeniedException: /sdcard/screen_2026-05-28_051327.png
05-28 05:13:26.708  1395  1954 I MediaProvider: Scanned internal due to REASON_DEMAND, found 0 items in 1ms, 0 inserts 0 updates 0 deletes
05-28 05:13:26.708  1395  1954 I MediaProvider: End Intent { act=android.intent.action.MEDIA_SCANNER_SCAN_FILE dat=file:///sdcard/screen_2026-05-28_051327.png flg=0x1400010 cmp=com.android.providers.media.module/com.android.providers.media.MediaService }
05-28 05:13:26.730  1395  1571 I MediaProvider: Deleted 1 items on external_primary due to com.android.shell
05-28 05:13:26.757  5755  5757 I cmd     : oneway function results will be dropped but finished with status OK and parcel size 4
05-28 05:13:26.847  5767  5767 E libc    : Access denied finding property "persist.device_config.runtime_native_boot.profilebootclasspath"
05-28 05:13:26.847  5767  5767 E libc    : Access denied finding property "persist.device_config.runtime_native_boot.enable_apex_image"
05-28 05:13:26.847  5767  5767 I AndroidRuntime: Using default boot image
05-28 05:13:26.847  5767  5767 E libc    : Access denied finding property "persist.device_config.runtime_native_boot.disable_lock_profiling"
05-28 05:13:26.847  5767  5767 I AndroidRuntime: Leaving lock profiling enabled
05-28 05:13:26.847  5767  5767 E libc    : Access denied finding property "persist.device_config.runtime_native_boot.enable_generational_cc"
05-28 05:13:26.848  5767  5767 I app_process: Core platform API reporting enabled, enforcing=false
05-28 05:13:26.890   507  5769 I system_server: The ClassLoaderContext is a special shared library.
05-28 05:13:26.891   507  5769 I chatty  : uid=1000(system) BackgroundDexOp identical 1 line
05-28 05:13:26.891   507  5769 I system_server: The ClassLoaderContext is a special shared library.
05-28 05:13:26.892  5767  5767 W app_process: Unexpected CPU variant for X86 using defaults: x86_64
05-28 05:13:26.892   507  5769 I system_server: The ClassLoaderContext is a special shared library.
05-28 05:13:26.892  5767  5767 I app_process: The ClassLoaderContext is a special shared library.
05-28 05:13:26.894   507  5769 I system_server: The ClassLoaderContext is a special shared library.
05-28 05:13:26.898   507  5769 I chatty  : uid=1000(system) BackgroundDexOp identical 6 lines
05-28 05:13:26.899   507  5769 I system_server: The ClassLoaderContext is a special shared library.
05-28 05:13:26.899  5767  5767 W app_process: JNI RegisterNativeMethods: attempt to register 0 native methods for android.media.AudioAttributes
05-28 05:13:26.900   507  5769 I system_server: The ClassLoaderContext is a special shared library.
05-28 05:13:26.903   507  5769 I system_server: The ClassLoaderContext is a special shared library.
05-28 05:13:26.907   507  5769 I chatty  : uid=1000(system) BackgroundDexOp identical 3 lines
05-28 05:13:26.908   507  5769 I system_server: The ClassLoaderContext is a special shared library.
05-28 05:13:26.911   507  5769 I system_server: The ClassLoaderContext is a special shared library.
05-28 05:13:26.912   507  5769 I system_server: The ClassLoaderContext is a special shared library.
05-28 05:13:26.957   507  3673 W InputReader: Device virtio_input_multi_touch_10 is associated with display ADISPLAY_ID_NONE.
05-28 05:13:26.957   507  3673 W InputReader: Device virtio_input_multi_touch_7 is associated with display ADISPLAY_ID_NONE.
05-28 05:13:26.957   507  3673 W InputReader: Device virtio_input_multi_touch_4 is associated with display ADISPLAY_ID_NONE.
05-28 05:13:26.957   507  3673 W InputReader: Device virtio_input_multi_touch_5 is associated with display ADISPLAY_ID_NONE.
05-28 05:13:26.957   507  3673 W InputReader: Device virtio_input_multi_touch_2 is associated with display ADISPLAY_ID_NONE.
05-28 05:13:26.957   507  3673 W InputReader: Device virtio_input_multi_touch_6 is associated with display ADISPLAY_ID_NONE.
05-28 05:13:26.957   507  3673 W InputReader: Device virtio_input_multi_touch_3 is associated with display ADISPLAY_ID_NONE.
05-28 05:13:26.957   507  3673 W InputReader: Device virtio_input_multi_touch_8 is associated with display ADISPLAY_ID_NONE.
05-28 05:13:26.957   507  3673 W InputReader: Device virtio_input_multi_touch_9 is associated with display ADISPLAY_ID_NONE.
05-28 05:13:26.957   507  3673 W InputReader: Device virtio_input_multi_touch_11 is associated with display ADISPLAY_ID_NONE.
05-28 05:13:26.958   507  3673 W InputReader: Device virtio_input_multi_touch_10 is associated with display ADISPLAY_ID_NONE.
05-28 05:13:26.958   507  3673 W InputReader: Device virtio_input_multi_touch_7 is associated with display ADISPLAY_ID_NONE.
05-28 05:13:26.958   507  3673 W InputReader: Device virtio_input_multi_touch_4 is associated with display ADISPLAY_ID_NONE.
05-28 05:13:26.958   507  3673 W InputReader: Device virtio_input_multi_touch_5 is associated with display ADISPLAY_ID_NONE.
05-28 05:13:26.958   507  3673 W InputReader: Device virtio_input_multi_touch_2 is associated with display ADISPLAY_ID_NONE.
05-28 05:13:26.958   507  3673 W InputReader: Device virtio_input_multi_touch_6 is associated with display ADISPLAY_ID_NONE.
05-28 05:13:26.958   507  3673 W InputReader: Device virtio_input_multi_touch_3 is associated with display ADISPLAY_ID_NONE.
05-28 05:13:26.958   507  3673 W InputReader: Device virtio_input_multi_touch_8 is associated with display ADISPLAY_ID_NONE.
05-28 05:13:26.958   507  3673 W InputReader: Device virtio_input_multi_touch_9 is associated with display ADISPLAY_ID_NONE.
05-28 05:13:26.958   507  3673 W InputReader: Device virtio_input_multi_touch_11 is associated with display ADISPLAY_ID_NONE.
05-28 05:13:26.993   158   158 I hwservicemanager: getTransport: Cannot find entry android.hardware.configstore@1.0::ISurfaceFlingerConfigs/default in either framework or device manifest.
05-28 05:13:27.128   334   334 E Layer   : [Surface(name=Task=1)/@0x4cdbac3 - animation-leash#0] No local sync point found
05-28 05:13:27.128   334   334 E Layer   : [Surface(name=Task=9)/@0x83139d4 - animation-leash#0] No local sync point found
05-28 05:13:27.142   334   334 E Layer   : [Surface(name=Task=1)/@0x4cdbac3 - animation-leash#0] No local sync point found
05-28 05:13:27.142   334   334 E Layer   : [Surface(name=Task=1)/@0x4cdbac3 - animation-leash#0] No local sync point found
05-28 05:13:27.142   334   334 E Layer   : [Surface(name=Task=9)/@0x83139d4 - animation-leash#0] No local sync point found
05-28 05:13:27.142   334   334 E Layer   : [Surface(name=Task=9)/@0x83139d4 - animation-leash#0] No local sync point found
05-28 05:13:27.252  5781  5781 W dex2oat32: Unexpected CPU variant for X86 using defaults: x86_64
05-28 05:13:27.254  5781  5781 I dex2oat32: /apex/com.android.art/bin/dex2oat32 --input-vdex-fd=-1 --output-vdex-fd=9 --updatable-bcp-packages-file=/system/etc/updatable-bcp-packages.txt --resolve-startup-const-strings=true --max-image-block-size=524288 --compiler-filter=verify --classpath-dir=/apex/com.android.os.statsd/javalib --class-loader-context=PCL[];PCL[/system/framework/com.android.location.provider.jar:/system/framework/services.jar:/system/framework/ethernet-service.jar:/apex/com.android.permission/javalib/service-permission.jar:/apex/com.android.wifi/javalib/service-wifi.jar:/apex/com.android.ipsec/javalib/android.net.ipsec.ike.jar] --generate-mini-debug-info --compact-dex-level=none --compilation-reason=boot
05-28 05:13:27.257  5781  5781 I dex2oat32: setting boot class path to /apex/com.android.art/javalib/core-oj.jar:/apex/com.android.art/javalib/core-libart.jar:/apex/com.android.art/javalib/core-icu4j.jar:/apex/com.android.art/javalib/okhttp.jar:/apex/com.android.art/javalib/bouncycastle.jar:/apex/com.android.art/javalib/apache-xml.jar:/system/framework/framework.jar:/system/framework/ext.jar:/system/framework/telephony-common.jar:/system/framework/voip-common.jar:/system/framework/ims-common.jar:/system/framework/framework-atb-backward-compatibility.jar
05-28 05:13:27.259   334   334 E Layer   : [Surface(name=Task=1)/@0x4cdbac3 - animation-leash#0] No local sync point found
05-28 05:13:27.259   334   334 E Layer   : [Surface(name=Task=9)/@0x83139d4 - animation-leash#0] No local sync point found
05-28 05:13:27.386   158   158 I hwservicemanager: getTransport: Cannot find entry android.hardware.graphics.allocator@4.0::IAllocator/default in either framework or device manifest.
05-28 05:13:27.386   507  3673 W Gralloc4: allocator 3.x is not supported
05-28 05:13:27.392   334   334 E Layer   : [Surface(name=Task=1)/@0x4cdbac3 - animation-leash#0] No local sync point found
05-28 05:13:27.392   334   334 E Layer   : [Surface(name=Task=9)/@0x83139d4 - animation-leash#0] No local sync point found
05-28 05:13:27.409   334   334 E Layer   : [Surface(name=Task=1)/@0x4cdbac3 - animation-leash#0] No local sync point found
05-28 05:13:27.409   334   334 E Layer   : [Surface(name=Task=9)/@0x83139d4 - animation-leash#0] No local sync point found
05-28 05:13:27.456  5781  5781 I dex2oat32: dex2oat took 205.711ms (36.946ms cpu) (threads: 2) arena alloc=0B (0B) java alloc=33KB (34600B) native alloc=1006KB (1030256B) free=1501KB (1537152B)
05-28 05:13:27.464   507  5769 I system_server: The ClassLoaderContext is a special shared library.
05-28 05:13:27.499   507  5769 I chatty  : uid=1000(system) BackgroundDexOp identical 43 lines
05-28 05:13:27.500   507  5769 I system_server: The ClassLoaderContext is a special shared library.
05-28 05:13:27.500   507  5769 I PackageDexOptimizer: Running dexopt (dexoptNeeded=1) on: /data/app/~~OxM8fJJEuvFUPjvRmQ1Jog==/io.github.ylimit.droidbotapp-mKf9E0-fSDjrm1Pw00pmkQ==/base.apk pkg=io.github.ylimit.droidbotapp isa=x86_64 dexoptFlags=boot_complete,debuggable,public,enable_hidden_api_checks targetFilter=verify oatDir=/data/app/~~OxM8fJJEuvFUPjvRmQ1Jog==/io.github.ylimit.droidbotapp-mKf9E0-fSDjrm1Pw00pmkQ==/oat classLoaderContext=PCL[]{}
05-28 05:13:27.509  5798  5798 W dex2oat32: Unexpected CPU variant for X86 using defaults: x86_64
05-28 05:13:27.509  5798  5798 I dex2oat32: /apex/com.android.art/bin/dex2oat32 --input-vdex-fd=-1 --output-vdex-fd=9 --updatable-bcp-packages-file=/system/etc/updatable-bcp-packages.txt --resolve-startup-const-strings=true --max-image-block-size=524288 --compiler-filter=verify --debuggable --classpath-dir=/data/app/~~OxM8fJJEuvFUPjvRmQ1Jog==/io.github.ylimit.droidbotapp-mKf9E0-fSDjrm1Pw00pmkQ== --class-loader-context=PCL[]{} --generate-mini-debug-info --compact-dex-level=none --compilation-reason=boot
05-28 05:13:27.510  5798  5798 I dex2oat32: setting boot class path to /apex/com.android.art/javalib/core-oj.jar:/apex/com.android.art/javalib/core-libart.jar:/apex/com.android.art/javalib/core-icu4j.jar:/apex/com.android.art/javalib/okhttp.jar:/apex/com.android.art/javalib/bouncycastle.jar:/apex/com.android.art/javalib/apache-xml.jar:/system/framework/framework.jar:/system/framework/ext.jar:/system/framework/telephony-common.jar:/system/framework/voip-common.jar:/system/framework/ims-common.jar:/system/framework/framework-atb-backward-compatibility.jar
05-28 05:13:27.638  5798  5800 W dex2oat32: Accessing hidden method Landroid/graphics/Bitmap;->getHardwareBuffer()Landroid/hardware/HardwareBuffer; (blacklist, linking, denied)
05-28 05:13:27.782  5798  5798 I dex2oat32: dex2oat took 273.770ms (422.071ms cpu) (threads: 2) arena alloc=0B (0B) java alloc=4960KB (5079080B) native alloc=3815KB (3907520B) free=1675KB (1715344B)
05-28 05:13:27.787   507  5769 I system_server: The ClassLoaderContext is a special shared library.
05-28 05:13:27.790   507  5769 I chatty  : uid=1000(system) BackgroundDexOp identical 3 lines
05-28 05:13:27.792   507  5769 I system_server: The ClassLoaderContext is a special shared library.
05-28 05:13:27.792   507  5769 I PackageDexOptimizer: Running dexopt (dexoptNeeded=1) on: /data/app/~~_QDUVfZH9ItDufbxs_D9pQ==/com.mocoding.pokedex.android-_dJ_k4eRCS3gdVO1HOX2Ww==/base.apk pkg=com.mocoding.pokedex.android isa=x86_64 dexoptFlags=boot_complete,debuggable,public,enable_hidden_api_checks targetFilter=verify oatDir=/data/app/~~_QDUVfZH9ItDufbxs_D9pQ==/com.mocoding.pokedex.android-_dJ_k4eRCS3gdVO1HOX2Ww==/oat classLoaderContext=PCL[]{}
05-28 05:13:27.801  5802  5802 W dex2oat32: Unexpected CPU variant for X86 using defaults: x86_64
05-28 05:13:27.801  5802  5802 I dex2oat32: /apex/com.android.art/bin/dex2oat32 --input-vdex-fd=-1 --output-vdex-fd=9 --updatable-bcp-packages-file=/system/etc/updatable-bcp-packages.txt --resolve-startup-const-strings=true --max-image-block-size=524288 --compiler-filter=verify --debuggable --classpath-dir=/data/app/~~_QDUVfZH9ItDufbxs_D9pQ==/com.mocoding.pokedex.android-_dJ_k4eRCS3gdVO1HOX2Ww== --class-loader-context=PCL[]{} --generate-mini-debug-info --compact-dex-level=none --compilation-reason=boot
05-28 05:13:27.802  5802  5802 I dex2oat32: setting boot class path to /apex/com.android.art/javalib/core-oj.jar:/apex/com.android.art/javalib/core-libart.jar:/apex/com.android.art/javalib/core-icu4j.jar:/apex/com.android.art/javalib/okhttp.jar:/apex/com.android.art/javalib/bouncycastle.jar:/apex/com.android.art/javalib/apache-xml.jar:/system/framework/framework.jar:/system/framework/ext.jar:/system/framework/telephony-common.jar:/system/framework/voip-common.jar:/system/framework/ims-common.jar:/system/framework/framework-atb-backward-compatibility.jar
05-28 05:13:28.481   158   158 I hwservicemanager: getTransport: Cannot find entry android.hardware.graphics.mapper@4.0::IMapper/default in either framework or device manifest.
05-28 05:13:28.481  5818  5818 I Gralloc4: mapper 4.x is not supported
05-28 05:13:28.552  5822  5824 I cmd     : oneway function results will be dropped but finished with status OK and parcel size 4
05-28 05:13:28.557  1395  1954 I MediaProvider: Begin Intent { act=android.intent.action.MEDIA_SCANNER_SCAN_FILE dat=file:///sdcard/screen_2026-05-28_051328.png flg=0x1400010 cmp=com.android.providers.media.module/com.android.providers.media.MediaService }
05-28 05:13:28.780     0     0 W audit   : audit_lost=314 audit_rate_limit=5 audit_backlog_limit=64
05-28 05:13:28.790     0     0 E audit   : rate limit exceeded
05-28 05:13:28.571  1395  1954 W ModernMediaScanner: Failed to visit /sdcard/screen_2026-05-28_051328.png: java.nio.file.AccessDeniedException: /sdcard/screen_2026-05-28_051328.png
05-28 05:13:28.573  1395  1954 I MediaProvider: Scanned internal due to REASON_DEMAND, found 0 items in 15ms, 0 inserts 0 updates 0 deletes
05-28 05:13:28.575  1395  1954 I MediaProvider: End Intent { act=android.intent.action.MEDIA_SCANNER_SCAN_FILE dat=file:///sdcard/screen_2026-05-28_051328.png flg=0x1400010 cmp=com.android.providers.media.module/com.android.providers.media.MediaService }
05-28 05:13:28.552  1395  1395 W com.android.providers.media.module: type=1400 audit(0.0:448): avc: denied { read } for comm=4173796E635461736B202331 name="primary" dev="tmpfs" ino=27675 scontext=u:r:mediaprovider_app:s0:c128,c256,c512,c768 tcontext=u:object_r:mnt_pass_through_file:s0 tclass=lnk_file permissive=0 app=com.android.providers.media.module
05-28 05:13:28.593  1395  1586 I MediaProvider: Deleted 1 items on external_primary due to com.android.shell
05-28 05:13:28.552  1395  1395 W com.android.providers.media.module: type=1400 audit(0.0:449): avc: denied { read } for comm=4173796E635461736B202331 name="primary" dev="tmpfs" ino=27675 scontext=u:r:mediaprovider_app:s0:c128,c256,c512,c768 tcontext=u:object_r:mnt_pass_through_file:s0 tclass=lnk_file permissive=0 app=com.android.providers.media.module
05-28 05:13:28.556  1395  1395 I chatty  : uid=10128(com.android.providers.media.module) identical 2 lines
05-28 05:13:28.556  1395  1395 W com.android.providers.media.module: type=1400 audit(0.0:452): avc: denied { read } for comm=4173796E635461736B202331 name="primary" dev="tmpfs" ino=27675 scontext=u:r:mediaprovider_app:s0:c128,c256,c512,c768 tcontext=u:object_r:mnt_pass_through_file:s0 tclass=lnk_file permissive=0 app=com.android.providers.media.module
05-28 05:13:28.642  5833  5834 I cmd     : oneway function results will be dropped but finished with status OK and parcel size 4
05-28 05:13:28.718  5802  5802 W dex2oat32: Could not reserve sentinel fault page
05-28 05:13:28.746  5802  5802 I dex2oat32: Large app, accepted running with swap.
05-28 05:13:28.778   158   158 I hwservicemanager: getTransport: Cannot find entry android.hardware.graphics.mapper@4.0::IMapper/default in either framework or device manifest.
05-28 05:13:28.778  5855  5855 I Gralloc4: mapper 4.x is not supported
05-28 05:13:28.853  1395  1954 I MediaProvider: Begin Intent { act=android.intent.action.MEDIA_SCANNER_SCAN_FILE dat=file:///sdcard/screen_2026-05-28_051329.png flg=0x1400010 cmp=com.android.providers.media.module/com.android.providers.media.MediaService }
05-28 05:13:28.854  5860  5862 I cmd     : oneway function results will be dropped but finished with status OK and parcel size 4
05-28 05:13:28.858  1395  1954 W ModernMediaScanner: Failed to visit /sdcard/screen_2026-05-28_051329.png: java.nio.file.AccessDeniedException: /sdcard/screen_2026-05-28_051329.png
05-28 05:13:28.858  1395  1954 I MediaProvider: Scanned internal due to REASON_DEMAND, found 0 items in 4ms, 0 inserts 0 updates 0 deletes
05-28 05:13:28.859  1395  1954 I MediaProvider: End Intent { act=android.intent.action.MEDIA_SCANNER_SCAN_FILE dat=file:///sdcard/screen_2026-05-28_051329.png flg=0x1400010 cmp=com.android.providers.media.module/com.android.providers.media.MediaService }
05-28 05:13:28.893  1395  2597 I MediaProvider: Deleted 1 items on external_primary due to com.android.shell
05-28 05:13:29.030   507   539 I DropBoxManagerService: add tag=system_server_strictmode isTagEnabled=true flags=0x2
05-28 05:13:29.126   158   158 I hwservicemanager: getTransport: Cannot find entry android.hardware.graphics.mapper@4.0::IMapper/default in either framework or device manifest.
05-28 05:13:29.126  5895  5895 I Gralloc4: mapper 4.x is not supported
05-28 05:13:29.209  5899  5900 I cmd     : oneway function results will be dropped but finished with status OK and parcel size 4
05-28 05:13:29.209  1395  1954 I MediaProvider: Begin Intent { act=android.intent.action.MEDIA_SCANNER_SCAN_FILE dat=file:///sdcard/screen_2026-05-28_051329.png flg=0x1400010 cmp=com.android.providers.media.module/com.android.providers.media.MediaService }
05-28 05:13:29.210  1395  1954 W ModernMediaScanner: Failed to visit /sdcard/screen_2026-05-28_051329.png: java.nio.file.AccessDeniedException: /sdcard/screen_2026-05-28_051329.png
05-28 05:13:29.210  1395  1954 I MediaProvider: Scanned internal due to REASON_DEMAND, found 0 items in 1ms, 0 inserts 0 updates 0 deletes
05-28 05:13:29.211  1395  1954 I MediaProvider: End Intent { act=android.intent.action.MEDIA_SCANNER_SCAN_FILE dat=file:///sdcard/screen_2026-05-28_051329.png flg=0x1400010 cmp=com.android.providers.media.module/com.android.providers.media.MediaService }
05-28 05:13:29.237  1395  1571 I MediaProvider: Deleted 1 items on external_primary due to com.android.shell
05-28 05:13:29.274  5910  5911 I cmd     : oneway function results will be dropped but finished with status OK and parcel size 4
05-28 05:13:29.343   507  3673 I ActivityTaskManager: START u0 {act=android.intent.action.MAIN cat=[android.intent.category.LAUNCHER] flg=0x10000000 cmp=com.mocoding.pokedex.android/.MainActivity} from uid 2000
05-28 05:13:29.347   507  1124 W ActivityTaskManager: Tried to set launchTime (0) < mLastActivityLaunchTime (34786)
05-28 05:13:29.347   507  1124 W InputReader: Device virtio_input_multi_touch_10 is associated with display ADISPLAY_ID_NONE.
05-28 05:13:29.347   507  1124 W InputReader: Device virtio_input_multi_touch_7 is associated with display ADISPLAY_ID_NONE.
05-28 05:13:29.347   507  1124 W InputReader: Device virtio_input_multi_touch_4 is associated with display ADISPLAY_ID_NONE.
05-28 05:13:29.347   507  1124 W InputReader: Device virtio_input_multi_touch_5 is associated with display ADISPLAY_ID_NONE.
05-28 05:13:29.347   507  1124 W InputReader: Device virtio_input_multi_touch_2 is associated with display ADISPLAY_ID_NONE.
05-28 05:13:29.347   507  1124 W InputReader: Device virtio_input_multi_touch_6 is associated with display ADISPLAY_ID_NONE.
05-28 05:13:29.347   507  1124 W InputReader: Device virtio_input_multi_touch_3 is associated with display ADISPLAY_ID_NONE.
05-28 05:13:29.347   507  1124 W InputReader: Device virtio_input_multi_touch_8 is associated with display ADISPLAY_ID_NONE.
05-28 05:13:29.347   507  1124 W InputReader: Device virtio_input_multi_touch_9 is associated with display ADISPLAY_ID_NONE.
05-28 05:13:29.347   507  1124 W InputReader: Device virtio_input_multi_touch_11 is associated with display ADISPLAY_ID_NONE.
05-28 05:13:29.347   507  1124 W InputReader: Device virtio_input_multi_touch_10 is associated with display ADISPLAY_ID_NONE.
05-28 05:13:29.347   507  1124 W InputReader: Device virtio_input_multi_touch_7 is associated with display ADISPLAY_ID_NONE.
05-28 05:13:29.347   507  1124 W InputReader: Device virtio_input_multi_touch_4 is associated with display ADISPLAY_ID_NONE.
05-28 05:13:29.347   507  1124 W InputReader: Device virtio_input_multi_touch_5 is associated with display ADISPLAY_ID_NONE.
05-28 05:13:29.347   507  1124 W InputReader: Device virtio_input_multi_touch_2 is associated with display ADISPLAY_ID_NONE.
05-28 05:13:29.347   507  1124 W InputReader: Device virtio_input_multi_touch_6 is associated with display ADISPLAY_ID_NONE.
05-28 05:13:29.347   507  1124 W InputReader: Device virtio_input_multi_touch_3 is associated with display ADISPLAY_ID_NONE.
05-28 05:13:29.347   507  1124 W InputReader: Device virtio_input_multi_touch_8 is associated with display ADISPLAY_ID_NONE.
05-28 05:13:29.347   507  1124 W InputReader: Device virtio_input_multi_touch_9 is associated with display ADISPLAY_ID_NONE.
05-28 05:13:29.347   507  1124 W InputReader: Device virtio_input_multi_touch_11 is associated with display ADISPLAY_ID_NONE.
05-28 05:13:29.348  5923  5925 I cmd     : oneway function results will be dropped but finished with status OK and parcel size 4
05-28 05:13:29.537   507   545 I ActivityTaskManager: Displayed com.mocoding.pokedex.android/.MainActivity: +171ms
05-28 05:13:29.896  5802  5802 I dex2oat32: Explicit concurrent copying GC freed 73142(10MB) AllocSpace objects, 0(0B) LOS objects, 99% free, 8968B/1544KB, paused 17us total 19.547ms
05-28 05:13:29.900  5802  5802 I dex2oat32: Explicit concurrent copying GC freed 420(77KB) AllocSpace objects, 0(0B) LOS objects, 99% free, 11KB/1547KB, paused 7us total 1.158ms
05-28 05:13:29.910  5802  5802 I dex2oat32: Explicit concurrent copying GC freed 1436(205KB) AllocSpace objects, 0(0B) LOS objects, 99% free, 13KB/1549KB, paused 7us total 1.541ms
05-28 05:13:29.916  5802  5802 I dex2oat32: Explicit concurrent copying GC freed 880(125KB) AllocSpace objects, 0(0B) LOS objects, 98% free, 16KB/1552KB, paused 43us total 1.503ms
05-28 05:13:29.920  5802  5802 I dex2oat32: Explicit concurrent copying GC freed 439(61KB) AllocSpace objects, 0(0B) LOS objects, 98% free, 18KB/1554KB, paused 9us total 1.502ms
05-28 05:13:29.927  5802  5802 I dex2oat32: Explicit concurrent copying GC freed 521(77KB) AllocSpace objects, 0(0B) LOS objects, 98% free, 21KB/1557KB, paused 7us total 1.581ms
05-28 05:13:29.931  5802  5802 I dex2oat32: Explicit concurrent copying GC freed 258(45KB) AllocSpace objects, 0(0B) LOS objects, 98% free, 23KB/1559KB, paused 9us total 1.703ms
05-28 05:13:29.934  5802  5802 I dex2oat32: Explicit concurrent copying GC freed 169(29KB) AllocSpace objects, 0(0B) LOS objects, 98% free, 26KB/1562KB, paused 9us total 1.820ms
05-28 05:13:29.937  5802  5802 I dex2oat32: Explicit concurrent copying GC freed 232(29KB) AllocSpace objects, 0(0B) LOS objects, 98% free, 28KB/1564KB, paused 9us total 1.487ms
05-28 05:13:29.940  5802  5802 I dex2oat32: Explicit concurrent copying GC freed 266(45KB) AllocSpace objects, 0(0B) LOS objects, 98% free, 31KB/1567KB, paused 7us total 1.155ms
05-28 05:13:29.945  5802  5802 I dex2oat32: Explicit concurrent copying GC freed 866(125KB) AllocSpace objects, 0(0B) LOS objects, 97% free, 33KB/1569KB, paused 7us total 1.194ms
05-28 05:13:29.948  5802  5802 I dex2oat32: Explicit concurrent copying GC freed 410(77KB) AllocSpace objects, 0(0B) LOS objects, 97% free, 36KB/1572KB, paused 6us total 1.177ms
05-28 05:13:29.954  5802  5802 I dex2oat32: Explicit concurrent copying GC freed 742(109KB) AllocSpace objects, 0(0B) LOS objects, 97% free, 39KB/1575KB, paused 6us total 1.246ms
05-28 05:13:29.957  5802  5802 I dex2oat32: Explicit concurrent copying GC freed 464(61KB) AllocSpace objects, 0(0B) LOS objects, 97% free, 41KB/1577KB, paused 9us total 1.221ms
05-28 05:13:29.960  5802  5802 I dex2oat32: Explicit concurrent copying GC freed 183(29KB) AllocSpace objects, 0(0B) LOS objects, 97% free, 44KB/1580KB, paused 7us total 1.186ms
05-28 05:13:29.964  5802  5802 I dex2oat32: Explicit concurrent copying GC freed 659(141KB) AllocSpace objects, 0(0B) LOS objects, 97% free, 46KB/1582KB, paused 7us total 1.213ms
05-28 05:13:29.967  5802  5802 I dex2oat32: Explicit concurrent copying GC freed 261(63KB) AllocSpace objects, 0(0B) LOS objects, 96% free, 49KB/1585KB, paused 6us total 1.187ms
05-28 05:13:30.012  5802  5959 W dex2oat32: Accessing hidden method Landroid/graphics/Canvas;->drawPatch(Landroid/graphics/NinePatch;Landroid/graphics/Rect;Landroid/graphics/Paint;)V (greylist-max-o, linking, denied)
05-28 05:13:30.012  5802  5959 W dex2oat32: Accessing hidden method Landroid/graphics/Canvas;->drawPatch(Landroid/graphics/NinePatch;Landroid/graphics/RectF;Landroid/graphics/Paint;)V (greylist-max-o, linking, denied)
05-28 05:13:30.031  5802  5959 W dex2oat32: Accessing hidden method Landroid/graphics/Bitmap;->getHardwareBuffer()Landroid/hardware/HardwareBuffer; (blacklist, linking, denied)
05-28 05:13:30.153  5802  5802 W dex2oat32: Accessing hidden method Landroid/graphics/ImageDecoder;->createSource([B)Landroid/graphics/ImageDecoder$Source; (greylist-max-o, linking, denied)
05-28 05:13:30.166  5802  5959 W dex2oat32: Class androidx.compose.runtime.snapshots.SnapshotStateMap failed lock verification and will run slower.
05-28 05:13:30.166  5802  5959 W dex2oat32: Common causes for lock verification issues are non-optimized dex code
05-28 05:13:30.166  5802  5959 W dex2oat32: and incorrect proguard optimizations.
05-28 05:13:30.218  5802  5802 W dex2oat32: Class androidx.compose.runtime.snapshots.SnapshotStateList failed lock verification and will run slower.
05-28 05:13:30.251  5802  5802 I dex2oat32: Explicit concurrent copying GC freed 40770(6043KB) AllocSpace objects, 0(0B) LOS objects, 94% free, 88KB/1624KB, paused 9us total 9.211ms
05-28 05:13:30.457  5802  5802 I dex2oat32: Explicit concurrent copying GC freed 26374(3456KB) AllocSpace objects, 0(0B) LOS objects, 94% free, 96KB/1632KB, paused 9us total 4.675ms
05-28 05:13:30.467  5802  5802 I dex2oat32: dex2oat took 2.667s (3.148s cpu) (threads: 2) arena alloc=0B (0B) java alloc=96KB (98792B) native alloc=7505KB (7685200B) free=1957KB (2004848B) swap=16MB (16777216B)
05-28 05:13:30.473   158   158 I hwservicemanager: getTransport: Cannot find entry android.hardware.graphics.mapper@4.0::IMapper/default in either framework or device manifest.
05-28 05:13:30.474  5973  5973 I Gralloc4: mapper 4.x is not supported
05-28 05:13:30.482   507  5769 I system_server: The ClassLoaderContext is a special shared library.
05-28 05:13:30.485   507  5769 I system_server: The ClassLoaderContext is a special shared library.
05-28 05:13:30.486   507  5769 I system_server: The ClassLoaderContext is a special shared library.
05-28 05:13:30.501   507  5769 I chatty  : uid=1000(system) BackgroundDexOp identical 17 lines
05-28 05:13:30.502   507  5769 I system_server: The ClassLoaderContext is a special shared library.
05-28 05:13:30.502   507  5769 I BackgroundDexOptService: Pinning optimized code {android, io.github.ylimit.droidbotapp, com.mocoding.pokedex.android}
05-28 05:13:30.520  1395  1954 I MediaProvider: Begin Intent { act=android.intent.action.MEDIA_SCANNER_SCAN_FILE dat=file:///sdcard/screen_2026-05-28_051330.png flg=0x1400010 cmp=com.android.providers.media.module/com.android.providers.media.MediaService }
05-28 05:13:30.516  1395  1395 W com.android.providers.media.module: type=1400 audit(0.0:466): avc: denied { read } for comm=4173796E635461736B202331 name="primary" dev="tmpfs" ino=27675 scontext=u:r:mediaprovider_app:s0:c128,c256,c512,c768 tcontext=u:object_r:mnt_pass_through_file:s0 tclass=lnk_file permissive=0 app=com.android.providers.media.module
05-28 05:13:30.743     0     0 W audit   : audit_lost=327 audit_rate_limit=5 audit_backlog_limit=64
05-28 05:13:30.753     0     0 E audit   : rate limit exceeded
05-28 05:13:30.516  1395  1395 W com.android.providers.media.module: type=1400 audit(0.0:467): avc: denied { read } for comm=4173796E635461736B202331 name="primary" dev="tmpfs" ino=27675 scontext=u:r:mediaprovider_app:s0:c128,c256,c512,c768 tcontext=u:object_r:mnt_pass_through_file:s0 tclass=lnk_file permissive=0 app=com.android.providers.media.module
05-28 05:13:30.540  1395  1954 W ModernMediaScanner: Failed to visit /sdcard/screen_2026-05-28_051330.png: java.nio.file.AccessDeniedException: /sdcard/screen_2026-05-28_051330.png
05-28 05:13:30.541  1395  1954 I MediaProvider: Scanned internal due to REASON_DEMAND, found 0 items in 20ms, 0 inserts 0 updates 0 deletes
05-28 05:13:30.541  1395  1954 I MediaProvider: End Intent { act=android.intent.action.MEDIA_SCANNER_SCAN_FILE dat=file:///sdcard/screen_2026-05-28_051330.png flg=0x1400010 cmp=com.android.providers.media.module/com.android.providers.media.MediaService }
05-28 05:13:30.516  1395  1395 W com.android.providers.media.module: type=1400 audit(0.0:468): avc: denied { read } for comm=4173796E635461736B202331 name="primary" dev="tmpfs" ino=27675 scontext=u:r:mediaprovider_app:s0:c128,c256,c512,c768 tcontext=u:object_r:mnt_pass_through_file:s0 tclass=lnk_file permissive=0 app=com.android.providers.media.module
05-28 05:13:30.577  1395  1586 I MediaProvider: Deleted 1 items on external_primary due to com.android.shell
05-28 05:13:30.607  5989  5991 I cmd     : oneway function results will be dropped but finished with status OK and parcel size 4
05-28 05:13:30.725   158   158 I hwservicemanager: getTransport: Cannot find entry android.hardware.graphics.mapper@4.0::IMapper/default in either framework or device manifest.
05-28 05:13:30.726  6011  6011 I Gralloc4: mapper 4.x is not supported
05-28 05:13:30.768  6015  6017 I cmd     : oneway function results will be dropped but finished with status OK and parcel size 4
05-28 05:13:30.769  1395  1954 I MediaProvider: Begin Intent { act=android.intent.action.MEDIA_SCANNER_SCAN_FILE dat=file:///sdcard/screen_2026-05-28_051331.png flg=0x1400010 cmp=com.android.providers.media.module/com.android.providers.media.MediaService }
05-28 05:13:30.770  1395  1954 W ModernMediaScanner: Failed to visit /sdcard/screen_2026-05-28_051331.png: java.nio.file.AccessDeniedException: /sdcard/screen_2026-05-28_051331.png
05-28 05:13:30.772  1395  1954 I MediaProvider: Scanned internal due to REASON_DEMAND, found 0 items in 3ms, 0 inserts 0 updates 0 deletes
05-28 05:13:30.773  1395  1954 I MediaProvider: End Intent { act=android.intent.action.MEDIA_SCANNER_SCAN_FILE dat=file:///sdcard/screen_2026-05-28_051331.png flg=0x1400010 cmp=com.android.providers.media.module/com.android.providers.media.MediaService }
05-28 05:13:30.831  1395  2597 I MediaProvider: Deleted 1 items on external_primary due to com.android.shell
05-28 05:13:30.998   158   158 I hwservicemanager: getTransport: Cannot find entry android.hardware.graphics.mapper@4.0::IMapper/default in either framework or device manifest.
05-28 05:13:30.999  6050  6050 I Gralloc4: mapper 4.x is not supported
05-28 05:13:31.042  6054  6056 I cmd     : oneway function results will be dropped but finished with status OK and parcel size 4
05-28 05:13:31.042  1395  1954 I MediaProvider: Begin Intent { act=android.intent.action.MEDIA_SCANNER_SCAN_FILE dat=file:///sdcard/screen_2026-05-28_051331.png flg=0x1400010 cmp=com.android.providers.media.module/com.android.providers.media.MediaService }
05-28 05:13:31.044  1395  1954 W ModernMediaScanner: Failed to visit /sdcard/screen_2026-05-28_051331.png: java.nio.file.AccessDeniedException: /sdcard/screen_2026-05-28_051331.png
05-28 05:13:31.046  1395  1954 I MediaProvider: Scanned internal due to REASON_DEMAND, found 0 items in 2ms, 0 inserts 0 updates 0 deletes
05-28 05:13:31.046  1395  1954 I MediaProvider: End Intent { act=android.intent.action.MEDIA_SCANNER_SCAN_FILE dat=file:///sdcard/screen_2026-05-28_051331.png flg=0x1400010 cmp=com.android.providers.media.module/com.android.providers.media.MediaService }
05-28 05:13:31.105  1395  1571 I MediaProvider: Deleted 1 items on external_primary due to com.android.shell
05-28 05:13:31.132  6065  6067 I cmd     : oneway function results will be dropped but finished with status OK and parcel size 4
05-28 05:13:31.181  6080  6082 I cmd     : oneway function results will be dropped but finished with status OK and parcel size 4
05-28 05:13:31.228  6095  6097 I cmd     : oneway function results will be dropped but finished with status OK and parcel size 4
05-28 05:13:31.275  6110  6112 I cmd     : oneway function results will be dropped but finished with status OK and parcel size 4
05-28 05:13:31.283   507  1391 E TaskPersister: File error accessing recents directory (directory doesn't exist?).
05-28 05:13:31.355  6122  6122 E libc    : Access denied finding property "persist.device_config.runtime_native_boot.profilebootclasspath"
05-28 05:13:31.355  6122  6122 E libc    : Access denied finding property "persist.device_config.runtime_native_boot.enable_apex_image"
05-28 05:13:31.355  6122  6122 I AndroidRuntime: Using default boot image
05-28 05:13:31.355  6122  6122 E libc    : Access denied finding property "persist.device_config.runtime_native_boot.disable_lock_profiling"
05-28 05:13:31.355  6122  6122 I AndroidRuntime: Leaving lock profiling enabled
05-28 05:13:31.355  6122  6122 E libc    : Access denied finding property "persist.device_config.runtime_native_boot.enable_generational_cc"
05-28 05:13:31.356  6122  6122 I app_process: Core platform API reporting enabled, enforcing=false
05-28 05:13:31.395  6122  6122 W app_process: Unexpected CPU variant for X86 using defaults: x86_64
05-28 05:13:31.396  6122  6122 I app_process: The ClassLoaderContext is a special shared library.
05-28 05:13:31.402  6122  6122 W app_process: JNI RegisterNativeMethods: attempt to register 0 native methods for android.media.AudioAttributes
05-28 05:13:31.679  2083  2083 E AccessibilityInteractionClient: 2 Disconnected nodes.
05-28 05:13:33.115   158   158 I hwservicemanager: getTransport: Cannot find entry android.hardware.graphics.mapper@4.0::IMapper/default in either framework or device manifest.
05-28 05:13:33.115  6156  6156 I Gralloc4: mapper 4.x is not supported
05-28 05:13:33.153  1395  1954 I MediaProvider: Begin Intent { act=android.intent.action.MEDIA_SCANNER_SCAN_FILE dat=file:///sdcard/screen_2026-05-28_051333.png flg=0x1400010 cmp=com.android.providers.media.module/com.android.providers.media.MediaService }
05-28 05:13:33.383     0     0 W audit   : audit_lost=344 audit_rate_limit=5 audit_backlog_limit=64
05-28 05:13:33.387     0     0 E audit   : rate limit exceeded
05-28 05:13:33.148  1395  1395 W com.android.providers.media.module: type=1400 audit(0.0:488): avc: denied { read } for comm=4173796E635461736B202331 name="primary" dev="tmpfs" ino=27675 scontext=u:r:mediaprovider_app:s0:c128,c256,c512,c768 tcontext=u:object_r:mnt_pass_through_file:s0 tclass=lnk_file permissive=0 app=com.android.providers.media.module
05-28 05:13:33.167  1395  1954 W ModernMediaScanner: Failed to visit /sdcard/screen_2026-05-28_051333.png: java.nio.file.AccessDeniedException: /sdcard/screen_2026-05-28_051333.png
05-28 05:13:33.168  1395  1954 I MediaProvider: Scanned internal due to REASON_DEMAND, found 0 items in 6ms, 0 inserts 0 updates 0 deletes
05-28 05:13:33.168  1395  1954 I MediaProvider: End Intent { act=android.intent.action.MEDIA_SCANNER_SCAN_FILE dat=file:///sdcard/screen_2026-05-28_051333.png flg=0x1400010 cmp=com.android.providers.media.module/com.android.providers.media.MediaService }
05-28 05:13:33.148  1395  1395 W com.android.providers.media.module: type=1400 audit(0.0:489): avc: denied { read } for comm=4173796E635461736B202331 name="primary" dev="tmpfs" ino=27675 scontext=u:r:mediaprovider_app:s0:c128,c256,c512,c768 tcontext=u:object_r:mnt_pass_through_file:s0 tclass=lnk_file permissive=0 app=com.android.providers.media.module
05-28 05:13:33.152  1395  1395 I chatty  : uid=10128(com.android.providers.media.module) identical 2 lines
05-28 05:13:33.152  1395  1395 W com.android.providers.media.module: type=1400 audit(0.0:492): avc: denied { read } for comm=4173796E635461736B202331 name="primary" dev="tmpfs" ino=27675 scontext=u:r:mediaprovider_app:s0:c128,c256,c512,c768 tcontext=u:object_r:mnt_pass_through_file:s0 tclass=lnk_file permissive=0 app=com.android.providers.media.module
05-28 05:13:33.224  1395  1586 I MediaProvider: Deleted 1 items on external_primary due to com.android.shell
05-28 05:13:33.249  6171  6173 I cmd     : oneway function results will be dropped but finished with status OK and parcel size 4
05-28 05:13:33.371   158   158 I hwservicemanager: getTransport: Cannot find entry android.hardware.graphics.mapper@4.0::IMapper/default in either framework or device manifest.
05-28 05:13:33.371  6193  6193 I Gralloc4: mapper 4.x is not supported
05-28 05:13:33.406  6197  6199 I cmd     : oneway function results will be dropped but finished with status OK and parcel size 4
05-28 05:13:33.406  1395  1954 I MediaProvider: Begin Intent { act=android.intent.action.MEDIA_SCANNER_SCAN_FILE dat=file:///sdcard/screen_2026-05-28_051333.png flg=0x1400010 cmp=com.android.providers.media.module/com.android.providers.media.MediaService }
05-28 05:13:33.407  1395  1954 W ModernMediaScanner: Failed to visit /sdcard/screen_2026-05-28_051333.png: java.nio.file.AccessDeniedException: /sdcard/screen_2026-05-28_051333.png
05-28 05:13:33.407  1395  1954 I MediaProvider: Scanned internal due to REASON_DEMAND, found 0 items in 1ms, 0 inserts 0 updates 0 deletes
05-28 05:13:33.409  1395  1954 I MediaProvider: End Intent { act=android.intent.action.MEDIA_SCANNER_SCAN_FILE dat=file:///sdcard/screen_2026-05-28_051333.png flg=0x1400010 cmp=com.android.providers.media.module/com.android.providers.media.MediaService }
05-28 05:13:33.430  1395  1586 I MediaProvider: Deleted 1 items on external_primary due to com.android.shell
05-28 05:13:33.455  6208  6210 I cmd     : oneway function results will be dropped but finished with status OK and parcel size 4
05-28 05:13:33.574   158   158 I hwservicemanager: getTransport: Cannot find entry android.hardware.graphics.mapper@4.0::IMapper/default in either framework or device manifest.
05-28 05:13:33.574  6230  6230 I Gralloc4: mapper 4.x is not supported
05-28 05:13:33.612  1395  1954 I MediaProvider: Begin Intent { act=android.intent.action.MEDIA_SCANNER_SCAN_FILE dat=file:///sdcard/screen_2026-05-28_051334.png flg=0x1400010 cmp=com.android.providers.media.module/com.android.providers.media.MediaService }
05-28 05:13:33.613  1395  1954 W ModernMediaScanner: Failed to visit /sdcard/screen_2026-05-28_051334.png: java.nio.file.AccessDeniedException: /sdcard/screen_2026-05-28_051334.png
05-28 05:13:33.616  1395  1954 I MediaProvider: Scanned internal due to REASON_DEMAND, found 0 items in 4ms, 0 inserts 0 updates 0 deletes
05-28 05:13:33.616  1395  1954 I MediaProvider: End Intent { act=android.intent.action.MEDIA_SCANNER_SCAN_FILE dat=file:///sdcard/screen_2026-05-28_051334.png flg=0x1400010 cmp=com.android.providers.media.module/com.android.providers.media.MediaService }
05-28 05:13:33.635  1395  1571 I MediaProvider: Deleted 1 items on external_primary due to com.android.shell
05-28 05:13:33.661  6245  6247 I cmd     : oneway function results will be dropped but finished with status OK and parcel size 4
05-28 05:13:33.709  6260  6262 I cmd     : oneway function results will be dropped but finished with status OK and parcel size 4
05-28 05:13:33.805  6290  6292 I cmd     : oneway function results will be dropped but finished with status OK and parcel size 4
05-28 05:13:33.881  6302  6302 E libc    : Access denied finding property "persist.device_config.runtime_native_boot.profilebootclasspath"
05-28 05:13:33.881  6302  6302 E libc    : Access denied finding property "persist.device_config.runtime_native_boot.enable_apex_image"
05-28 05:13:33.881  6302  6302 I AndroidRuntime: Using default boot image
05-28 05:13:33.881  6302  6302 E libc    : Access denied finding property "persist.device_config.runtime_native_boot.disable_lock_profiling"
05-28 05:13:33.881  6302  6302 I AndroidRuntime: Leaving lock profiling enabled
05-28 05:13:33.882  6302  6302 E libc    : Access denied finding property "persist.device_config.runtime_native_boot.enable_generational_cc"
05-28 05:13:33.883  6302  6302 I app_process: Core platform API reporting enabled, enforcing=false
05-28 05:13:33.886  1697  1964 I Dialer  : OmtpVvmCarrierCfgHlpr - OmtpEvent:CONFIG_STATUS_SMS_TIME_OUT
05-28 05:13:33.886  1697  1697 I Dialer  : RetryPolicy - discarding deferred status: configuration_state=4
05-28 05:13:33.887  1697  1697 I Dialer  : VvmTaskExecutor - no more tasks, stopping service if no task are added in 5000 millis
05-28 05:13:33.887  1697  1697 I Dialer  : VvmTaskReceiver - task received
05-28 05:13:33.887  1697  1697 I Dialer  : VvmTaskReceiver - TaskExecutor already running
05-28 05:13:33.887  1697  1697 I Dialer  : Task.createTask - create task:com.android.voicemail.impl.ActivationTask
05-28 05:13:33.888  1697  1697 I Dialer  : RetryPolicy - retry #1 for com.android.voicemail.impl.ActivationTask@dbce69b queued, executing in 5000
05-28 05:13:33.888  1697  1697 I Dialer  : VvmTaskExecutor - com.android.voicemail.impl.ActivationTask@dbce69b added
05-28 05:13:33.888  1697  1697 I Dialer  : VvmTaskExecutor - minimal wait time:5000
05-28 05:13:33.888  1697  1697 I Dialer  : VvmTaskExecutor - sleep for 5000 millis
05-28 05:13:33.921  6302  6302 W app_process: Unexpected CPU variant for X86 using defaults: x86_64
05-28 05:13:33.922  6302  6302 I app_process: The ClassLoaderContext is a special shared library.
05-28 05:13:33.928  6302  6302 W app_process: JNI RegisterNativeMethods: attempt to register 0 native methods for android.media.AudioAttributes
05-28 05:13:33.950  2083  2083 E AccessibilityInteractionClient: 2 Disconnected nodes.
05-28 05:13:35.646   158   158 I hwservicemanager: getTransport: Cannot find entry android.hardware.graphics.mapper@4.0::IMapper/default in either framework or device manifest.
05-28 05:13:35.646  6336  6336 I Gralloc4: mapper 4.x is not supported
05-28 05:13:35.688  1395  1395 W com.android.providers.media.module: type=1400 audit(0.0:510): avc: denied { read } for comm=4173796E635461736B202331 name="primary" dev="tmpfs" ino=27675 scontext=u:r:mediaprovider_app:s0:c128,c256,c512,c768 tcontext=u:object_r:mnt_pass_through_file:s0 tclass=lnk_file permissive=0 app=com.android.providers.media.module
05-28 05:13:35.690  1395  1954 I MediaProvider: Begin Intent { act=android.intent.action.MEDIA_SCANNER_SCAN_FILE dat=file:///sdcard/screen_2026-05-28_051336.png flg=0x1400010 cmp=com.android.providers.media.module/com.android.providers.media.MediaService }
05-28 05:13:35.912     0     0 W audit   : audit_lost=361 audit_rate_limit=5 audit_backlog_limit=64
05-28 05:13:35.922     0     0 E audit   : rate limit exceeded
05-28 05:13:35.688  1395  1395 W com.android.providers.media.module: type=1400 audit(0.0:511): avc: denied { read } for comm=4173796E635461736B202331 name="primary" dev="tmpfs" ino=27675 scontext=u:r:mediaprovider_app:s0:c128,c256,c512,c768 tcontext=u:object_r:mnt_pass_through_file:s0 tclass=lnk_file permissive=0 app=com.android.providers.media.module
05-28 05:13:35.709  1395  1954 W ModernMediaScanner: Failed to visit /sdcard/screen_2026-05-28_051336.png: java.nio.file.AccessDeniedException: /sdcard/screen_2026-05-28_051336.png
05-28 05:13:35.709  1395  1954 I MediaProvider: Scanned internal due to REASON_DEMAND, found 0 items in 19ms, 0 inserts 0 updates 0 deletes
05-28 05:13:35.710  1395  1954 I MediaProvider: End Intent { act=android.intent.action.MEDIA_SCANNER_SCAN_FILE dat=file:///sdcard/screen_2026-05-28_051336.png flg=0x1400010 cmp=com.android.providers.media.module/com.android.providers.media.MediaService }
05-28 05:13:35.688  1395  1395 W com.android.providers.media.module: type=1400 audit(0.0:512): avc: denied { read } for comm=4173796E635461736B202331 name="primary" dev="tmpfs" ino=27675 scontext=u:r:mediaprovider_app:s0:c128,c256,c512,c768 tcontext=u:object_r:mnt_pass_through_file:s0 tclass=lnk_file permissive=0 app=com.android.providers.media.module
05-28 05:13:35.745  1395  2597 I MediaProvider: Deleted 1 items on external_primary due to com.android.shell
05-28 05:13:35.771  6351  6353 I cmd     : oneway function results will be dropped but finished with status OK and parcel size 4
05-28 05:13:35.890   158   158 I hwservicemanager: getTransport: Cannot find entry android.hardware.graphics.mapper@4.0::IMapper/default in either framework or device manifest.
05-28 05:13:35.890  6373  6373 I Gralloc4: mapper 4.x is not supported
05-28 05:13:35.935  1395  1954 I MediaProvider: Begin Intent { act=android.intent.action.MEDIA_SCANNER_SCAN_FILE dat=file:///sdcard/screen_2026-05-28_051336.png flg=0x1400010 cmp=com.android.providers.media.module/com.android.providers.media.MediaService }
05-28 05:13:35.936  1395  1954 W ModernMediaScanner: Failed to visit /sdcard/screen_2026-05-28_051336.png: java.nio.file.AccessDeniedException: /sdcard/screen_2026-05-28_051336.png
05-28 05:13:35.936  1395  1954 I MediaProvider: Scanned internal due to REASON_DEMAND, found 0 items in 1ms, 0 inserts 0 updates 0 deletes
