05-29 03:35:43.059   158   158 I hwservicemanager: getTransport: Cannot find entry android.hardware.graphics.mapper@4.0::IMapper/default in either framework or device manifest.
05-29 03:35:43.059 12284 12284 I Gralloc4: mapper 4.x is not supported
05-29 03:35:43.095 12288 12290 I cmd     : oneway function results will be dropped but finished with status OK and parcel size 4
05-29 03:35:43.096  1445  1952 I MediaProvider: Begin Intent { act=android.intent.action.MEDIA_SCANNER_SCAN_FILE dat=file:///sdcard/screen_2026-05-29_033543.png flg=0x1400010 cmp=com.android.providers.media.module/com.android.providers.media.MediaService }
05-29 03:35:43.097  1445  1952 W ModernMediaScanner: Failed to visit /sdcard/screen_2026-05-29_033543.png: java.nio.file.AccessDeniedException: /sdcard/screen_2026-05-29_033543.png
05-29 03:35:43.097  1445  1952 I MediaProvider: Scanned internal due to REASON_DEMAND, found 0 items in 1ms, 0 inserts 0 updates 0 deletes
05-29 03:35:43.098  1445  1952 I MediaProvider: End Intent { act=android.intent.action.MEDIA_SCANNER_SCAN_FILE dat=file:///sdcard/screen_2026-05-29_033543.png flg=0x1400010 cmp=com.android.providers.media.module/com.android.providers.media.MediaService }
05-29 03:35:43.116  1445  1682 I MediaProvider: Deleted 1 items on external_primary due to com.android.shell
05-29 03:35:43.140 12299 12301 I cmd     : oneway function results will be dropped but finished with status OK and parcel size 4
05-29 03:35:43.260   158   158 I hwservicemanager: getTransport: Cannot find entry android.hardware.graphics.mapper@4.0::IMapper/default in either framework or device manifest.
05-29 03:35:43.260 12321 12321 I Gralloc4: mapper 4.x is not supported
05-29 03:35:43.299  1445  1952 I MediaProvider: Begin Intent { act=android.intent.action.MEDIA_SCANNER_SCAN_FILE dat=file:///sdcard/screen_2026-05-29_033543.png flg=0x1400010 cmp=com.android.providers.media.module/com.android.providers.media.MediaService }
05-29 03:35:43.300  1445  1952 W ModernMediaScanner: Failed to visit /sdcard/screen_2026-05-29_033543.png: java.nio.file.AccessDeniedException: /sdcard/screen_2026-05-29_033543.png
05-29 03:35:43.303  1445  1952 I MediaProvider: Scanned internal due to REASON_DEMAND, found 0 items in 3ms, 0 inserts 0 updates 0 deletes
05-29 03:35:43.303  1445  1952 I MediaProvider: End Intent { act=android.intent.action.MEDIA_SCANNER_SCAN_FILE dat=file:///sdcard/screen_2026-05-29_033543.png flg=0x1400010 cmp=com.android.providers.media.module/com.android.providers.media.MediaService }
05-29 03:35:43.320  1445  1682 I MediaProvider: Deleted 1 items on external_primary due to com.android.shell
05-29 03:35:43.345 12336 12338 I cmd     : oneway function results will be dropped but finished with status OK and parcel size 4
05-29 03:35:43.440 12366 12368 I cmd     : oneway function results will be dropped but finished with status OK and parcel size 4
05-29 03:35:43.484  8360  8360 I ProvidersCache: Updating roots due to change on user 0at content://com.android.providers.media.documents/root
05-29 03:35:43.594 12393 12393 E libc    : Access denied finding property "persist.device_config.runtime_native_boot.profilebootclasspath"
05-29 03:35:43.594 12393 12393 E libc    : Access denied finding property "persist.device_config.runtime_native_boot.enable_apex_image"
05-29 03:35:43.594 12393 12393 I AndroidRuntime: Using default boot image
05-29 03:35:43.594 12393 12393 E libc    : Access denied finding property "persist.device_config.runtime_native_boot.disable_lock_profiling"
05-29 03:35:43.594 12393 12393 I AndroidRuntime: Leaving lock profiling enabled
05-29 03:35:43.594 12393 12393 E libc    : Access denied finding property "persist.device_config.runtime_native_boot.enable_generational_cc"
05-29 03:35:43.596 12393 12393 I app_process: Core platform API reporting enabled, enforcing=false
05-29 03:35:43.634 12393 12393 W app_process: Unexpected CPU variant for X86 using defaults: x86_64
05-29 03:35:43.635 12393 12393 I app_process: The ClassLoaderContext is a special shared library.
05-29 03:35:43.642 12393 12393 W app_process: JNI RegisterNativeMethods: attempt to register 0 native methods for android.media.AudioAttributes
05-29 03:35:43.644  8360  8360 I ProvidersCache: Updating roots due to change on user 0at content://com.android.providers.media.documents/root
05-29 03:35:43.670  2183  2183 E AccessibilityInteractionClient: 2 Disconnected nodes.
05-29 03:35:43.782  8360  8360 I ProvidersCache: Updating roots due to change on user 0at content://com.android.providers.media.documents/root
05-29 03:35:43.855  8360  8360 I ProvidersCache: Updating roots due to change on user 0at content://com.android.providers.media.documents/root
05-29 03:35:43.974  8360  8360 I ProvidersCache: Updating roots due to change on user 0at content://com.android.providers.media.documents/root
05-29 03:35:44.024   406   406 I perfetto: probes_producer.cc:329  Producer stop (id=8)
05-29 03:35:44.025   406   406 I perfetto: ftrace_procfs.cc:183    disabled ftrace
05-29 03:35:44.026   411   411 I perfetto: ng_service_impl.cc:1948 Tracing session 8 ended, total sessions:0
05-29 03:35:44.238     0     0 W perfetto: disabled ftrace
05-29 03:35:44.052  8360  8360 I ProvidersCache: Updating roots due to change on user 0at content://com.android.providers.media.documents/root
05-29 03:35:45.355   158   158 I hwservicemanager: getTransport: Cannot find entry android.hardware.graphics.mapper@4.0::IMapper/default in either framework or device manifest.
05-29 03:35:45.355 12427 12427 I Gralloc4: mapper 4.x is not supported
05-29 03:35:45.401 12431 12433 I cmd     : oneway function results will be dropped but finished with status OK and parcel size 4
05-29 03:35:45.402  1445  1952 I MediaProvider: Begin Intent { act=android.intent.action.MEDIA_SCANNER_SCAN_FILE dat=file:///sdcard/screen_2026-05-29_033546.png flg=0x1400010 cmp=com.android.providers.media.module/com.android.providers.media.MediaService }
05-29 03:35:45.400  1445  1445 W com.android.providers.media.module: type=1400 audit(0.0:1237): avc: denied { read } for comm=4173796E635461736B202331 name="primary" dev="tmpfs" ino=20393 scontext=u:r:mediaprovider_app:s0:c122,c256,c512,c768 tcontext=u:object_r:mnt_pass_through_file:s0 tclass=lnk_file permissive=0 app=com.android.providers.media.module
05-29 03:35:45.616     0     0 W audit   : audit_lost=903 audit_rate_limit=5 audit_backlog_limit=64
05-29 03:35:45.626     0     0 E audit   : rate limit exceeded
05-29 03:35:45.400  1445  1445 W com.android.providers.media.module: type=1400 audit(0.0:1238): avc: denied { read } for comm=4173796E635461736B202331 name="primary" dev="tmpfs" ino=20393 scontext=u:r:mediaprovider_app:s0:c122,c256,c512,c768 tcontext=u:object_r:mnt_pass_through_file:s0 tclass=lnk_file permissive=0 app=com.android.providers.media.module
05-29 03:35:45.421  1445  1952 W ModernMediaScanner: Failed to visit /sdcard/screen_2026-05-29_033546.png: java.nio.file.AccessDeniedException: /sdcard/screen_2026-05-29_033546.png
05-29 03:35:45.422  1445  1952 I MediaProvider: Scanned internal due to REASON_DEMAND, found 0 items in 20ms, 0 inserts 0 updates 0 deletes
05-29 03:35:45.423  1445  1952 I MediaProvider: End Intent { act=android.intent.action.MEDIA_SCANNER_SCAN_FILE dat=file:///sdcard/screen_2026-05-29_033546.png flg=0x1400010 cmp=com.android.providers.media.module/com.android.providers.media.MediaService }
05-29 03:35:45.400  1445  1445 W com.android.providers.media.module: type=1400 audit(0.0:1239): avc: denied { read } for comm=4173796E635461736B202331 name="primary" dev="tmpfs" ino=20393 scontext=u:r:mediaprovider_app:s0:c122,c256,c512,c768 tcontext=u:object_r:mnt_pass_through_file:s0 tclass=lnk_file permissive=0 app=com.android.providers.media.module
05-29 03:35:45.447  1445  1683 I MediaProvider: Deleted 1 items on external_primary due to com.android.shell
05-29 03:35:45.400  1445  1445 W com.android.providers.media.module: type=1400 audit(0.0:1241): avc: denied { read } for comm=4173796E635461736B202331 name="primary" dev="tmpfs" ino=20393 scontext=u:r:mediaprovider_app:s0:c122,c256,c512,c768 tcontext=u:object_r:mnt_pass_through_file:s0 tclass=lnk_file permissive=0 app=com.android.providers.media.module
05-29 03:35:45.598   158   158 I hwservicemanager: getTransport: Cannot find entry android.hardware.graphics.mapper@4.0::IMapper/default in either framework or device manifest.
05-29 03:35:45.598 12464 12464 I Gralloc4: mapper 4.x is not supported
05-29 03:35:45.651  1445  1952 I MediaProvider: Begin Intent { act=android.intent.action.MEDIA_SCANNER_SCAN_FILE dat=file:///sdcard/screen_2026-05-29_033546.png flg=0x1400010 cmp=com.android.providers.media.module/com.android.providers.media.MediaService }
05-29 03:35:45.651  1445  1952 W ModernMediaScanner: Failed to visit /sdcard/screen_2026-05-29_033546.png: java.nio.file.AccessDeniedException: /sdcard/screen_2026-05-29_033546.png
05-29 03:35:45.661  1445  1952 I MediaProvider: Scanned internal due to REASON_DEMAND, found 0 items in 10ms, 0 inserts 0 updates 0 deletes
05-29 03:35:45.665  1445  1952 I MediaProvider: End Intent { act=android.intent.action.MEDIA_SCANNER_SCAN_FILE dat=file:///sdcard/screen_2026-05-29_033546.png flg=0x1400010 cmp=com.android.providers.media.module/com.android.providers.media.MediaService }
05-29 03:35:45.716  1445  2916 I MediaProvider: Deleted 1 items on external_primary due to com.android.shell
05-29 03:35:45.744 12481 12483 I cmd     : oneway function results will be dropped but finished with status OK and parcel size 4
05-29 03:35:45.869   158   158 I hwservicemanager: getTransport: Cannot find entry android.hardware.graphics.mapper@4.0::IMapper/default in either framework or device manifest.
05-29 03:35:45.869 12503 12503 I Gralloc4: mapper 4.x is not supported
05-29 03:35:45.914 12507 12509 I cmd     : oneway function results will be dropped but finished with status OK and parcel size 4
05-29 03:35:45.915  1445  1952 I MediaProvider: Begin Intent { act=android.intent.action.MEDIA_SCANNER_SCAN_FILE dat=file:///sdcard/screen_2026-05-29_033546.png flg=0x1400010 cmp=com.android.providers.media.module/com.android.providers.media.MediaService }
05-29 03:35:45.915  1445  1952 W ModernMediaScanner: Failed to visit /sdcard/screen_2026-05-29_033546.png: java.nio.file.AccessDeniedException: /sdcard/screen_2026-05-29_033546.png
05-29 03:35:45.918  1445  1952 I MediaProvider: Scanned internal due to REASON_DEMAND, found 0 items in 3ms, 0 inserts 0 updates 0 deletes
05-29 03:35:45.919  1445  1952 I MediaProvider: End Intent { act=android.intent.action.MEDIA_SCANNER_SCAN_FILE dat=file:///sdcard/screen_2026-05-29_033546.png flg=0x1400010 cmp=com.android.providers.media.module/com.android.providers.media.MediaService }
05-29 03:35:45.981  1445  1682 I MediaProvider: Deleted 1 items on external_primary due to com.android.shell
05-29 03:35:46.008 12518 12520 I cmd     : oneway function results will be dropped but finished with status OK and parcel size 4
05-29 03:35:46.068  8360  8360 I ProvidersCache: Updating roots due to change on user 0at content://com.android.providers.media.documents/root
05-29 03:35:46.086 12533 12535 I cmd     : oneway function results will be dropped but finished with status OK and parcel size 4
05-29 03:35:46.136 12548 12550 I cmd     : oneway function results will be dropped but finished with status OK and parcel size 4
05-29 03:35:46.142  8360  8360 I ProvidersCache: Updating roots due to change on user 0at content://com.android.providers.media.documents/root
05-29 03:35:46.189 12563 12565 I cmd     : oneway function results will be dropped but finished with status OK and parcel size 4
05-29 03:35:46.267 12575 12575 E libc    : Access denied finding property "persist.device_config.runtime_native_boot.profilebootclasspath"
05-29 03:35:46.267 12575 12575 E libc    : Access denied finding property "persist.device_config.runtime_native_boot.enable_apex_image"
05-29 03:35:46.267 12575 12575 I AndroidRuntime: Using default boot image
05-29 03:35:46.267 12575 12575 E libc    : Access denied finding property "persist.device_config.runtime_native_boot.disable_lock_profiling"
05-29 03:35:46.267 12575 12575 I AndroidRuntime: Leaving lock profiling enabled
05-29 03:35:46.267 12575 12575 E libc    : Access denied finding property "persist.device_config.runtime_native_boot.enable_generational_cc"
05-29 03:35:46.268 12575 12575 I app_process: Core platform API reporting enabled, enforcing=false
05-29 03:35:46.303 12575 12575 W app_process: Unexpected CPU variant for X86 using defaults: x86_64
05-29 03:35:46.304 12575 12575 I app_process: The ClassLoaderContext is a special shared library.
05-29 03:35:46.310 12575 12575 W app_process: JNI RegisterNativeMethods: attempt to register 0 native methods for android.media.AudioAttributes
05-29 03:35:46.332  8360  8360 I ProvidersCache: Updating roots due to change on user 0at content://com.android.providers.media.documents/root
05-29 03:35:46.402  8360  8360 I ProvidersCache: Updating roots due to change on user 0at content://com.android.providers.media.documents/root
05-29 03:35:46.434  2183  2183 E AccessibilityInteractionClient: 2 Disconnected nodes.
05-29 03:35:46.585  8360  8360 I ProvidersCache: Updating roots due to change on user 0at content://com.android.providers.media.documents/root
05-29 03:35:46.682  8360  8360 I ProvidersCache: Updating roots due to change on user 0at content://com.android.providers.media.documents/root
05-29 03:35:48.019   158   158 I hwservicemanager: getTransport: Cannot find entry android.hardware.graphics.mapper@4.0::IMapper/default in either framework or device manifest.
05-29 03:35:48.020 12608 12608 I Gralloc4: mapper 4.x is not supported
05-29 03:35:48.058 12612 12614 I cmd     : oneway function results will be dropped but finished with status OK and parcel size 4
05-29 03:35:48.059  1445  1952 I MediaProvider: Begin Intent { act=android.intent.action.MEDIA_SCANNER_SCAN_FILE dat=file:///sdcard/screen_2026-05-29_033548.png flg=0x1400010 cmp=com.android.providers.media.module/com.android.providers.media.MediaService }
05-29 03:35:48.056  1445  1445 W com.android.providers.media.module: type=1400 audit(0.0:1259): avc: denied { read } for comm=4173796E635461736B202331 name="primary" dev="tmpfs" ino=20393 scontext=u:r:mediaprovider_app:s0:c122,c256,c512,c768 tcontext=u:object_r:mnt_pass_through_file:s0 tclass=lnk_file permissive=0 app=com.android.providers.media.module
05-29 03:35:48.274     0     0 W audit   : audit_lost=920 audit_rate_limit=5 audit_backlog_limit=64
05-29 03:35:48.286     0     0 E audit   : rate limit exceeded
05-29 03:35:48.056  1445  1445 W com.android.providers.media.module: type=1400 audit(0.0:1260): avc: denied { read } for comm=4173796E635461736B202331 name="primary" dev="tmpfs" ino=20393 scontext=u:r:mediaprovider_app:s0:c122,c256,c512,c768 tcontext=u:object_r:mnt_pass_through_file:s0 tclass=lnk_file permissive=0 app=com.android.providers.media.module
05-29 03:35:48.081  1445  1952 W ModernMediaScanner: Failed to visit /sdcard/screen_2026-05-29_033548.png: java.nio.file.AccessDeniedException: /sdcard/screen_2026-05-29_033548.png
05-29 03:35:48.082  1445  1952 I MediaProvider: Scanned internal due to REASON_DEMAND, found 0 items in 21ms, 0 inserts 0 updates 0 deletes
05-29 03:35:48.082  1445  1952 I MediaProvider: End Intent { act=android.intent.action.MEDIA_SCANNER_SCAN_FILE dat=file:///sdcard/screen_2026-05-29_033548.png flg=0x1400010 cmp=com.android.providers.media.module/com.android.providers.media.MediaService }
05-29 03:35:48.060  1445  1445 W com.android.providers.media.module: type=1400 audit(0.0:1261): avc: denied { read } for comm=4173796E635461736B202331 name="primary" dev="tmpfs" ino=20393 scontext=u:r:mediaprovider_app:s0:c122,c256,c512,c768 tcontext=u:object_r:mnt_pass_through_file:s0 tclass=lnk_file permissive=0 app=com.android.providers.media.module
05-29 03:35:48.163  1445  1683 I MediaProvider: Deleted 1 items on external_primary due to com.android.shell
05-29 03:35:48.188 12623 12625 I cmd     : oneway function results will be dropped but finished with status OK and parcel size 4
05-29 03:35:48.319   158   158 I hwservicemanager: getTransport: Cannot find entry android.hardware.graphics.mapper@4.0::IMapper/default in either framework or device manifest.
05-29 03:35:48.320 12645 12645 I Gralloc4: mapper 4.x is not supported
05-29 03:35:48.358 12649 12651 I cmd     : oneway function results will be dropped but finished with status OK and parcel size 4
05-29 03:35:48.358  1445  1952 I MediaProvider: Begin Intent { act=android.intent.action.MEDIA_SCANNER_SCAN_FILE dat=file:///sdcard/screen_2026-05-29_033549.png flg=0x1400010 cmp=com.android.providers.media.module/com.android.providers.media.MediaService }
05-29 03:35:48.359  1445  1952 W ModernMediaScanner: Failed to visit /sdcard/screen_2026-05-29_033549.png: java.nio.file.AccessDeniedException: /sdcard/screen_2026-05-29_033549.png
05-29 03:35:48.360  1445  1952 I MediaProvider: Scanned internal due to REASON_DEMAND, found 0 items in 1ms, 0 inserts 0 updates 0 deletes
05-29 03:35:48.360  1445  1952 I MediaProvider: End Intent { act=android.intent.action.MEDIA_SCANNER_SCAN_FILE dat=file:///sdcard/screen_2026-05-29_033549.png flg=0x1400010 cmp=com.android.providers.media.module/com.android.providers.media.MediaService }
05-29 03:35:48.381  1445  2916 I MediaProvider: Deleted 1 items on external_primary due to com.android.shell
05-29 03:35:48.475  8360  8360 I ProvidersCache: Updating roots due to change on user 0at content://com.android.providers.media.documents/root
05-29 03:35:48.534   158   158 I hwservicemanager: getTransport: Cannot find entry android.hardware.graphics.mapper@4.0::IMapper/default in either framework or device manifest.
05-29 03:35:48.535 12682 12682 I Gralloc4: mapper 4.x is not supported
05-29 03:35:48.572 12686 12688 I cmd     : oneway function results will be dropped but finished with status OK and parcel size 4
05-29 03:35:48.573  1445  1952 I MediaProvider: Begin Intent { act=android.intent.action.MEDIA_SCANNER_SCAN_FILE dat=file:///sdcard/screen_2026-05-29_033549.png flg=0x1400010 cmp=com.android.providers.media.module/com.android.providers.media.MediaService }
05-29 03:35:48.575  1445  1952 W ModernMediaScanner: Failed to visit /sdcard/screen_2026-05-29_033549.png: java.nio.file.AccessDeniedException: /sdcard/screen_2026-05-29_033549.png
05-29 03:35:48.575  1445  1952 I MediaProvider: Scanned internal due to REASON_DEMAND, found 0 items in 0ms, 0 inserts 0 updates 0 deletes
05-29 03:35:48.576  1445  1952 I MediaProvider: End Intent { act=android.intent.action.MEDIA_SCANNER_SCAN_FILE dat=file:///sdcard/screen_2026-05-29_033549.png flg=0x1400010 cmp=com.android.providers.media.module/com.android.providers.media.MediaService }
05-29 03:35:48.595  1445  1682 I MediaProvider: Deleted 1 items on external_primary due to com.android.shell
05-29 03:35:48.629  8360  8360 I ProvidersCache: Updating roots due to change on user 0at content://com.android.providers.media.documents/root
05-29 03:35:48.691 12712 12714 I cmd     : oneway function results will be dropped but finished with status OK and parcel size 4
05-29 03:35:48.712  8360  8360 I ProvidersCache: Updating roots due to change on user 0at content://com.android.providers.media.documents/root
05-29 03:35:48.753 12729 12731 I cmd     : oneway function results will be dropped but finished with status OK and parcel size 4
05-29 03:35:48.803 12744 12746 I cmd     : oneway function results will be dropped but finished with status OK and parcel size 4
05-29 03:35:48.876  8360  8360 I ProvidersCache: Updating roots due to change on user 0at content://com.android.providers.media.documents/root
05-29 03:35:48.879 12756 12756 E libc    : Access denied finding property "persist.device_config.runtime_native_boot.profilebootclasspath"
05-29 03:35:48.879 12756 12756 E libc    : Access denied finding property "persist.device_config.runtime_native_boot.enable_apex_image"
05-29 03:35:48.879 12756 12756 I AndroidRuntime: Using default boot image
05-29 03:35:48.879 12756 12756 E libc    : Access denied finding property "persist.device_config.runtime_native_boot.disable_lock_profiling"
05-29 03:35:48.879 12756 12756 I AndroidRuntime: Leaving lock profiling enabled
05-29 03:35:48.879 12756 12756 E libc    : Access denied finding property "persist.device_config.runtime_native_boot.enable_generational_cc"
05-29 03:35:48.881 12756 12756 I app_process: Core platform API reporting enabled, enforcing=false
05-29 03:35:48.923 12756 12756 W app_process: Unexpected CPU variant for X86 using defaults: x86_64
05-29 03:35:48.924 12756 12756 I app_process: The ClassLoaderContext is a special shared library.
05-29 03:35:48.931 12756 12756 W app_process: JNI RegisterNativeMethods: attempt to register 0 native methods for android.media.AudioAttributes
05-29 03:35:48.953  2183  2183 E AccessibilityInteractionClient: 2 Disconnected nodes.
05-29 03:35:48.963  8360  8360 I ProvidersCache: Updating roots due to change on user 0at content://com.android.providers.media.documents/root
05-29 03:35:50.122  8360  8360 I ProvidersCache: Updating roots due to change on user 0at content://com.android.providers.media.documents/root
05-29 03:35:50.282  8360  8360 I chatty  : uid=10076(com.android.documentsui) identical 1 line
05-29 03:35:50.529  8360  8360 I ProvidersCache: Updating roots due to change on user 0at content://com.android.providers.media.documents/root
05-29 03:35:50.653   158   158 I hwservicemanager: getTransport: Cannot find entry android.hardware.graphics.mapper@4.0::IMapper/default in either framework or device manifest.
05-29 03:35:50.653 12788 12788 I Gralloc4: mapper 4.x is not supported
05-29 03:35:50.697 12792 12794 I cmd     : oneway function results will be dropped but finished with status OK and parcel size 4
05-29 03:35:50.697  1445  1952 I MediaProvider: Begin Intent { act=android.intent.action.MEDIA_SCANNER_SCAN_FILE dat=file:///sdcard/screen_2026-05-29_033551.png flg=0x1400010 cmp=com.android.providers.media.module/com.android.providers.media.MediaService }
05-29 03:35:50.696  1445  1445 W com.android.providers.media.module: type=1400 audit(0.0:1281): avc: denied { read } for comm=4173796E635461736B202331 name="primary" dev="tmpfs" ino=20393 scontext=u:r:mediaprovider_app:s0:c122,c256,c512,c768 tcontext=u:object_r:mnt_pass_through_file:s0 tclass=lnk_file permissive=0 app=com.android.providers.media.module
05-29 03:35:50.923     0     0 W audit   : audit_lost=937 audit_rate_limit=5 audit_backlog_limit=64
05-29 03:35:50.934     0     0 E audit   : rate limit exceeded
05-29 03:35:50.696  1445  1445 I chatty  : uid=10122(com.android.providers.media.module) identical 1 line
05-29 03:35:50.696  1445  1445 W com.android.providers.media.module: type=1400 audit(0.0:1283): avc: denied { read } for comm=4173796E635461736B202331 name="primary" dev="tmpfs" ino=20393 scontext=u:r:mediaprovider_app:s0:c122,c256,c512,c768 tcontext=u:object_r:mnt_pass_through_file:s0 tclass=lnk_file permissive=0 app=com.android.providers.media.module
05-29 03:35:50.732  1445  1952 W ModernMediaScanner: Failed to visit /sdcard/screen_2026-05-29_033551.png: java.nio.file.AccessDeniedException: /sdcard/screen_2026-05-29_033551.png
05-29 03:35:50.733  1445  1952 I MediaProvider: Scanned internal due to REASON_DEMAND, found 0 items in 35ms, 0 inserts 0 updates 0 deletes
05-29 03:35:50.733  1445  1952 I MediaProvider: End Intent { act=android.intent.action.MEDIA_SCANNER_SCAN_FILE dat=file:///sdcard/screen_2026-05-29_033551.png flg=0x1400010 cmp=com.android.providers.media.module/com.android.providers.media.MediaService }
05-29 03:35:50.704  1445  1445 W com.android.providers.media.module: type=1400 audit(0.0:1284): avc: denied { read } for comm=4173796E635461736B202331 name="primary" dev="tmpfs" ino=20393 scontext=u:r:mediaprovider_app:s0:c122,c256,c512,c768 tcontext=u:object_r:mnt_pass_through_file:s0 tclass=lnk_file permissive=0 app=com.android.providers.media.module
05-29 03:35:50.708  1445  1445 W com.android.providers.media.module: type=1400 audit(0.0:1285): avc: denied { read } for comm=4173796E635461736B202331 name="primary" dev="tmpfs" ino=20393 scontext=u:r:mediaprovider_app:s0:c122,c256,c512,c768 tcontext=u:object_r:mnt_pass_through_file:s0 tclass=lnk_file permissive=0 app=com.android.providers.media.module
05-29 03:35:50.762  1445  1683 I MediaProvider: Deleted 1 items on external_primary due to com.android.shell
05-29 03:35:50.808  8360  8360 I ProvidersCache: Updating roots due to change on user 0at content://com.android.providers.media.documents/root
05-29 03:35:50.825 12805 12807 I cmd     : oneway function results will be dropped but finished with status OK and parcel size 4
05-29 03:35:50.944   158   158 I hwservicemanager: getTransport: Cannot find entry android.hardware.graphics.mapper@4.0::IMapper/default in either framework or device manifest.
05-29 03:35:50.944 12827 12827 I Gralloc4: mapper 4.x is not supported
05-29 03:35:50.989 12832 12834 I cmd     : oneway function results will be dropped but finished with status OK and parcel size 4
05-29 03:35:50.990  1445  1952 I MediaProvider: Begin Intent { act=android.intent.action.MEDIA_SCANNER_SCAN_FILE dat=file:///sdcard/screen_2026-05-29_033551.png flg=0x1400010 cmp=com.android.providers.media.module/com.android.providers.media.MediaService }
05-29 03:35:50.991  1445  1952 W ModernMediaScanner: Failed to visit /sdcard/screen_2026-05-29_033551.png: java.nio.file.AccessDeniedException: /sdcard/screen_2026-05-29_033551.png
05-29 03:35:50.994  1445  1952 I MediaProvider: Scanned internal due to REASON_DEMAND, found 0 items in 1ms, 0 inserts 0 updates 0 deletes
05-29 03:35:50.994  1445  1952 I MediaProvider: End Intent { act=android.intent.action.MEDIA_SCANNER_SCAN_FILE dat=file:///sdcard/screen_2026-05-29_033551.png flg=0x1400010 cmp=com.android.providers.media.module/com.android.providers.media.MediaService }
05-29 03:35:51.053  1445  2916 I MediaProvider: Deleted 1 items on external_primary due to com.android.shell
05-29 03:35:51.080 12843 12845 I cmd     : oneway function results will be dropped but finished with status OK and parcel size 4
05-29 03:35:51.197   158   158 I hwservicemanager: getTransport: Cannot find entry android.hardware.graphics.mapper@4.0::IMapper/default in either framework or device manifest.
05-29 03:35:51.197 12865 12865 I Gralloc4: mapper 4.x is not supported
05-29 03:35:51.241 12869 12871 I cmd     : oneway function results will be dropped but finished with status OK and parcel size 4
05-29 03:35:51.241  1445  1952 I MediaProvider: Begin Intent { act=android.intent.action.MEDIA_SCANNER_SCAN_FILE dat=file:///sdcard/screen_2026-05-29_033551.png flg=0x1400010 cmp=com.android.providers.media.module/com.android.providers.media.MediaService }
05-29 03:35:51.242  1445  1952 W ModernMediaScanner: Failed to visit /sdcard/screen_2026-05-29_033551.png: java.nio.file.AccessDeniedException: /sdcard/screen_2026-05-29_033551.png
05-29 03:35:51.243  1445  1952 I MediaProvider: Scanned internal due to REASON_DEMAND, found 0 items in 1ms, 0 inserts 0 updates 0 deletes
05-29 03:35:51.243  1445  1952 I MediaProvider: End Intent { act=android.intent.action.MEDIA_SCANNER_SCAN_FILE dat=file:///sdcard/screen_2026-05-29_033551.png flg=0x1400010 cmp=com.android.providers.media.module/com.android.providers.media.MediaService }
05-29 03:35:51.304  1445  1682 I MediaProvider: Deleted 1 items on external_primary due to com.android.shell
05-29 03:35:51.330 12880 12882 I cmd     : oneway function results will be dropped but finished with status OK and parcel size 4
05-29 03:35:51.379 12895 12897 I cmd     : oneway function results will be dropped but finished with status OK and parcel size 4
05-29 03:35:51.428 12910 12912 I cmd     : oneway function results will be dropped but finished with status OK and parcel size 4
05-29 03:35:51.477 12925 12927 I cmd     : oneway function results will be dropped but finished with status OK and parcel size 4
05-29 03:35:51.553 12937 12937 E libc    : Access denied finding property "persist.device_config.runtime_native_boot.profilebootclasspath"
05-29 03:35:51.553 12937 12937 E libc    : Access denied finding property "persist.device_config.runtime_native_boot.enable_apex_image"
05-29 03:35:51.553 12937 12937 I AndroidRuntime: Using default boot image
05-29 03:35:51.553 12937 12937 E libc    : Access denied finding property "persist.device_config.runtime_native_boot.disable_lock_profiling"
05-29 03:35:51.553 12937 12937 I AndroidRuntime: Leaving lock profiling enabled
05-29 03:35:51.553 12937 12937 E libc    : Access denied finding property "persist.device_config.runtime_native_boot.enable_generational_cc"
05-29 03:35:51.554 12937 12937 I app_process: Core platform API reporting enabled, enforcing=false
05-29 03:35:51.589 12937 12937 W app_process: Unexpected CPU variant for X86 using defaults: x86_64
05-29 03:35:51.590 12937 12937 I app_process: The ClassLoaderContext is a special shared library.
05-29 03:35:51.596 12937 12937 W app_process: JNI RegisterNativeMethods: attempt to register 0 native methods for android.media.AudioAttributes
05-29 03:35:52.812  8360  8360 I ProvidersCache: Updating roots due to change on user 0at content://com.android.providers.media.documents/root
05-29 03:35:52.952  8360  8360 I chatty  : uid=10076(com.android.documentsui) identical 1 line
05-29 03:35:53.129  8360  8360 I ProvidersCache: Updating roots due to change on user 0at content://com.android.providers.media.documents/root
05-29 03:35:53.318   158   158 I hwservicemanager: getTransport: Cannot find entry android.hardware.graphics.mapper@4.0::IMapper/default in either framework or device manifest.
05-29 03:35:53.318 12970 12970 I Gralloc4: mapper 4.x is not supported
05-29 03:35:53.354 12974 12976 I cmd     : oneway function results will be dropped but finished with status OK and parcel size 4
05-29 03:35:53.355  1445  1952 I MediaProvider: Begin Intent { act=android.intent.action.MEDIA_SCANNER_SCAN_FILE dat=file:///sdcard/screen_2026-05-29_033554.png flg=0x1400010 cmp=com.android.providers.media.module/com.android.providers.media.MediaService }
05-29 03:35:53.363  8360  8360 I ProvidersCache: Updating roots due to change on user 0at content://com.android.providers.media.documents/root
05-29 03:35:53.352  1445  1445 W com.android.providers.media.module: type=1400 audit(0.0:1303): avc: denied { read } for comm=4173796E635461736B202331 name="primary" dev="tmpfs" ino=20393 scontext=u:r:mediaprovider_app:s0:c122,c256,c512,c768 tcontext=u:object_r:mnt_pass_through_file:s0 tclass=lnk_file permissive=0 app=com.android.providers.media.module
05-29 03:35:53.569     0     0 W audit   : audit_lost=954 audit_rate_limit=5 audit_backlog_limit=64
05-29 03:35:53.579     0     0 E audit   : rate limit exceeded
05-29 03:35:53.374  1445  1952 W ModernMediaScanner: Failed to visit /sdcard/screen_2026-05-29_033554.png: java.nio.file.AccessDeniedException: /sdcard/screen_2026-05-29_033554.png
05-29 03:35:53.375  1445  1952 I MediaProvider: Scanned internal due to REASON_DEMAND, found 0 items in 20ms, 0 inserts 0 updates 0 deletes
05-29 03:35:53.375  1445  1952 I MediaProvider: End Intent { act=android.intent.action.MEDIA_SCANNER_SCAN_FILE dat=file:///sdcard/screen_2026-05-29_033554.png flg=0x1400010 cmp=com.android.providers.media.module/com.android.providers.media.MediaService }
05-29 03:35:53.352  1445  1445 W com.android.providers.media.module: type=1400 audit(0.0:1304): avc: denied { read } for comm=4173796E635461736B202331 name="primary" dev="tmpfs" ino=20393 scontext=u:r:mediaprovider_app:s0:c122,c256,c512,c768 tcontext=u:object_r:mnt_pass_through_file:s0 tclass=lnk_file permissive=0 app=com.android.providers.media.module
05-29 03:35:53.409  1445  1683 I MediaProvider: Deleted 1 items on external_primary due to com.android.shell
05-29 03:35:53.352  1445  1445 W com.android.providers.media.module: type=1400 audit(0.0:1307): avc: denied { read } for comm=4173796E635461736B202331 name="primary" dev="tmpfs" ino=20393 scontext=u:r:mediaprovider_app:s0:c122,c256,c512,c768 tcontext=u:object_r:mnt_pass_through_file:s0 tclass=lnk_file permissive=0 app=com.android.providers.media.module
05-29 03:35:53.554   158   158 I hwservicemanager: getTransport: Cannot find entry android.hardware.graphics.mapper@4.0::IMapper/default in either framework or device manifest.
05-29 03:35:53.555 13007 13007 I Gralloc4: mapper 4.x is not supported
05-29 03:35:53.591  1445  1952 I MediaProvider: Begin Intent { act=android.intent.action.MEDIA_SCANNER_SCAN_FILE dat=file:///sdcard/screen_2026-05-29_033554.png flg=0x1400010 cmp=com.android.providers.media.module/com.android.providers.media.MediaService }
05-29 03:35:53.592  1445  1952 W ModernMediaScanner: Failed to visit /sdcard/screen_2026-05-29_033554.png: java.nio.file.AccessDeniedException: /sdcard/screen_2026-05-29_033554.png
05-29 03:35:53.592  1445  1952 I MediaProvider: Scanned internal due to REASON_DEMAND, found 0 items in 1ms, 0 inserts 0 updates 0 deletes
05-29 03:35:53.593  1445  1952 I MediaProvider: End Intent { act=android.intent.action.MEDIA_SCANNER_SCAN_FILE dat=file:///sdcard/screen_2026-05-29_033554.png flg=0x1400010 cmp=com.android.providers.media.module/com.android.providers.media.MediaService }
05-29 03:35:53.612  1445  2916 I MediaProvider: Deleted 1 items on external_primary due to com.android.shell
05-29 03:35:53.636 13022 13024 I cmd     : oneway function results will be dropped but finished with status OK and parcel size 4
05-29 03:35:53.754   158   158 I hwservicemanager: getTransport: Cannot find entry android.hardware.graphics.mapper@4.0::IMapper/default in either framework or device manifest.
05-29 03:35:53.754 13044 13044 I Gralloc4: mapper 4.x is not supported
05-29 03:35:53.790  1445  1952 I MediaProvider: Begin Intent { act=android.intent.action.MEDIA_SCANNER_SCAN_FILE dat=file:///sdcard/screen_2026-05-29_033554.png flg=0x1400010 cmp=com.android.providers.media.module/com.android.providers.media.MediaService }
05-29 03:35:53.791  1445  1952 W ModernMediaScanner: Failed to visit /sdcard/screen_2026-05-29_033554.png: java.nio.file.AccessDeniedException: /sdcard/screen_2026-05-29_033554.png
05-29 03:35:53.791  1445  1952 I MediaProvider: Scanned internal due to REASON_DEMAND, found 0 items in 0ms, 0 inserts 0 updates 0 deletes
05-29 03:35:53.792  1445  1952 I MediaProvider: End Intent { act=android.intent.action.MEDIA_SCANNER_SCAN_FILE dat=file:///sdcard/screen_2026-05-29_033554.png flg=0x1400010 cmp=com.android.providers.media.module/com.android.providers.media.MediaService }
05-29 03:35:53.811  1445  1682 I MediaProvider: Deleted 1 items on external_primary due to com.android.shell
05-29 03:35:53.835 13059 13061 I cmd     : oneway function results will be dropped but finished with status OK and parcel size 4
05-29 03:35:53.901 13076 13078 I cmd     : oneway function results will be dropped but finished with status OK and parcel size 4
05-29 03:35:53.950 13091 13093 I cmd     : oneway function results will be dropped but finished with status OK and parcel size 4
05-29 03:35:53.997 13106 13108 I cmd     : oneway function results will be dropped but finished with status OK and parcel size 4
05-29 03:35:54.072 13118 13118 E libc    : Access denied finding property "persist.device_config.runtime_native_boot.profilebootclasspath"
05-29 03:35:54.072 13118 13118 E libc    : Access denied finding property "persist.device_config.runtime_native_boot.enable_apex_image"
05-29 03:35:54.072 13118 13118 I AndroidRuntime: Using default boot image
05-29 03:35:54.072 13118 13118 E libc    : Access denied finding property "persist.device_config.runtime_native_boot.disable_lock_profiling"
05-29 03:35:54.072 13118 13118 I AndroidRuntime: Leaving lock profiling enabled
05-29 03:35:54.072 13118 13118 E libc    : Access denied finding property "persist.device_config.runtime_native_boot.enable_generational_cc"
05-29 03:35:54.073 13118 13118 I app_process: Core platform API reporting enabled, enforcing=false
05-29 03:35:54.109 13118 13118 W app_process: Unexpected CPU variant for X86 using defaults: x86_64
05-29 03:35:54.110 13118 13118 I app_process: The ClassLoaderContext is a special shared library.
05-29 03:35:54.115 13118 13118 W app_process: JNI RegisterNativeMethods: attempt to register 0 native methods for android.media.AudioAttributes
05-29 03:35:54.230  2183  2183 E AccessibilityInteractionClient: 3 Disconnected nodes.
05-29 03:35:55.379  8360  8360 I ProvidersCache: Updating roots due to change on user 0at content://com.android.providers.media.documents/root
05-29 03:35:55.462  8360  8360 I chatty  : uid=10076(com.android.documentsui) identical 1 line
05-29 03:35:55.759  8360  8360 I ProvidersCache: Updating roots due to change on user 0at content://com.android.providers.media.documents/root
05-29 03:35:55.835   158   158 I hwservicemanager: getTransport: Cannot find entry android.hardware.graphics.mapper@4.0::IMapper/default in either framework or device manifest.
05-29 03:35:55.835 13151 13151 I Gralloc4: mapper 4.x is not supported
05-29 03:35:55.871 13155 13157 I cmd     : oneway function results will be dropped but finished with status OK and parcel size 4
05-29 03:35:55.871  1445  1952 I MediaProvider: Begin Intent { act=android.intent.action.MEDIA_SCANNER_SCAN_FILE dat=file:///sdcard/screen_2026-05-29_033556.png flg=0x1400010 cmp=com.android.providers.media.module/com.android.providers.media.MediaService }
05-29 03:35:55.868  1445  1445 W com.android.providers.media.module: type=1400 audit(0.0:1325): avc: denied { read } for comm=4173796E635461736B202331 name="primary" dev="tmpfs" ino=20393 scontext=u:r:mediaprovider_app:s0:c122,c256,c512,c768 tcontext=u:object_r:mnt_pass_through_file:s0 tclass=lnk_file permissive=0 app=com.android.providers.media.module
05-29 03:35:55.880  1445  1445 I chatty  : uid=10122(com.android.providers.media.module) identical 2 lines
05-29 03:35:55.880  1445  1445 W com.android.providers.media.module: type=1400 audit(0.0:1329): avc: denied { read } for comm=4173796E635461736B202331 name="primary" dev="tmpfs" ino=20393 scontext=u:r:mediaprovider_app:s0:c122,c256,c512,c768 tcontext=u:object_r:mnt_pass_through_file:s0 tclass=lnk_file permissive=0 app=com.android.providers.media.module
05-29 03:35:55.969  1445  1683 I MediaProvider: Deleted 1 items on external_primary due to com.android.shell
05-29 03:35:55.994 13168 13170 I cmd     : oneway function results will be dropped but finished with status OK and parcel size 4
05-29 03:35:56.020  8360  8360 I ProvidersCache: Updating roots due to change on user 0at content://com.android.providers.media.documents/root
05-29 03:35:56.117   158   158 I hwservicemanager: getTransport: Cannot find entry android.hardware.graphics.mapper@4.0::IMapper/default in either framework or device manifest.
05-29 03:35:56.117 13190 13190 I Gralloc4: mapper 4.x is not supported
05-29 03:35:56.154 13194 13196 I cmd     : oneway function results will be dropped but finished with status OK and parcel size 4
05-29 03:35:56.154  1445  1952 I MediaProvider: Begin Intent { act=android.intent.action.MEDIA_SCANNER_SCAN_FILE dat=file:///sdcard/screen_2026-05-29_033556.png flg=0x1400010 cmp=com.android.providers.media.module/com.android.providers.media.MediaService }
05-29 03:35:56.155  1445  1952 W ModernMediaScanner: Failed to visit /sdcard/screen_2026-05-29_033556.png: java.nio.file.AccessDeniedException: /sdcard/screen_2026-05-29_033556.png
05-29 03:35:56.156  1445  1952 I MediaProvider: Scanned internal due to REASON_DEMAND, found 0 items in 1ms, 0 inserts 0 updates 0 deletes
05-29 03:35:56.157  1445  1952 I MediaProvider: End Intent { act=android.intent.action.MEDIA_SCANNER_SCAN_FILE dat=file:///sdcard/screen_2026-05-29_033556.png flg=0x1400010 cmp=com.android.providers.media.module/com.android.providers.media.MediaService }
05-29 03:35:56.216  1445  1683 I MediaProvider: Deleted 1 items on external_primary due to com.android.shell
05-29 03:35:56.241 13205 13207 I cmd     : oneway function results will be dropped but finished with status OK and parcel size 4
05-29 03:35:56.361   158   158 I hwservicemanager: getTransport: Cannot find entry android.hardware.graphics.mapper@4.0::IMapper/default in either framework or device manifest.
05-29 03:35:56.362 13227 13227 I Gralloc4: mapper 4.x is not supported
05-29 03:35:56.399 13231 13233 I cmd     : oneway function results will be dropped but finished with status OK and parcel size 4
05-29 03:35:56.400  1445  1952 I MediaProvider: Begin Intent { act=android.intent.action.MEDIA_SCANNER_SCAN_FILE dat=file:///sdcard/screen_2026-05-29_033557.png flg=0x1400010 cmp=com.android.providers.media.module/com.android.providers.media.MediaService }
05-29 03:35:56.401  1445  1952 W ModernMediaScanner: Failed to visit /sdcard/screen_2026-05-29_033557.png: java.nio.file.AccessDeniedException: /sdcard/screen_2026-05-29_033557.png
05-29 03:35:56.401  1445  1952 I MediaProvider: Scanned internal due to REASON_DEMAND, found 0 items in 1ms, 0 inserts 0 updates 0 deletes
05-29 03:35:56.402  1445  1952 I MediaProvider: End Intent { act=android.intent.action.MEDIA_SCANNER_SCAN_FILE dat=file:///sdcard/screen_2026-05-29_033557.png flg=0x1400010 cmp=com.android.providers.media.module/com.android.providers.media.MediaService }
05-29 03:35:56.465  1445  1683 I MediaProvider: Deleted 1 items on external_primary due to com.android.shell
05-29 03:35:56.489 13242 13244 I cmd     : oneway function results will be dropped but finished with status OK and parcel size 4
05-29 03:35:56.537 13257 13259 I cmd     : oneway function results will be dropped but finished with status OK and parcel size 4
05-29 03:35:56.585 13272 13274 I cmd     : oneway function results will be dropped but finished with status OK and parcel size 4
05-29 03:35:56.634 13287 13289 I cmd     : oneway function results will be dropped but finished with status OK and parcel size 4
05-29 03:35:56.709 13299 13299 E libc    : Access denied finding property "persist.device_config.runtime_native_boot.profilebootclasspath"
05-29 03:35:56.709 13299 13299 E libc    : Access denied finding property "persist.device_config.runtime_native_boot.enable_apex_image"
05-29 03:35:56.709 13299 13299 I AndroidRuntime: Using default boot image
05-29 03:35:56.709 13299 13299 E libc    : Access denied finding property "persist.device_config.runtime_native_boot.disable_lock_profiling"
05-29 03:35:56.709 13299 13299 I AndroidRuntime: Leaving lock profiling enabled
05-29 03:35:56.709 13299 13299 E libc    : Access denied finding property "persist.device_config.runtime_native_boot.enable_generational_cc"
05-29 03:35:56.711 13299 13299 I app_process: Core platform API reporting enabled, enforcing=false
05-29 03:35:56.746 13299 13299 W app_process: Unexpected CPU variant for X86 using defaults: x86_64
05-29 03:35:56.747 13299 13299 I app_process: The ClassLoaderContext is a special shared library.
05-29 03:35:56.753 13299 13299 W app_process: JNI RegisterNativeMethods: attempt to register 0 native methods for android.media.AudioAttributes
05-29 03:35:56.770  2183  2183 E AccessibilityInteractionClient: 3 Disconnected nodes.
05-29 03:35:58.022  8360  8360 I ProvidersCache: Updating roots due to change on user 0at content://com.android.providers.media.documents/root
05-29 03:35:58.172  8360  8360 I chatty  : uid=10076(com.android.documentsui) identical 1 line
05-29 03:35:58.424  8360  8360 I ProvidersCache: Updating roots due to change on user 0at content://com.android.providers.media.documents/root
05-29 03:35:58.469   158   158 I hwservicemanager: getTransport: Cannot find entry android.hardware.graphics.mapper@4.0::IMapper/default in either framework or device manifest.
05-29 03:35:58.469 13334 13334 I Gralloc4: mapper 4.x is not supported
05-29 03:35:58.513 13338 13340 I cmd     : oneway function results will be dropped but finished with status OK and parcel size 4
05-29 03:35:58.514  1445  1952 I MediaProvider: Begin Intent { act=android.intent.action.MEDIA_SCANNER_SCAN_FILE dat=file:///sdcard/screen_2026-05-29_033559.png flg=0x1400010 cmp=com.android.providers.media.module/com.android.providers.media.MediaService }
05-29 03:35:58.512  1445  1445 W com.android.providers.media.module: type=1400 audit(0.0:1347): avc: denied { read } for comm=4173796E635461736B202331 name="primary" dev="tmpfs" ino=20393 scontext=u:r:mediaprovider_app:s0:c122,c256,c512,c768 tcontext=u:object_r:mnt_pass_through_file:s0 tclass=lnk_file permissive=0 app=com.android.providers.media.module
05-29 03:35:58.729     0     0 W audit   : audit_lost=988 audit_rate_limit=5 audit_backlog_limit=64
05-29 03:35:58.737     0     0 E audit   : rate limit exceeded
05-29 03:35:58.525  1445  1952 W ModernMediaScanner: Failed to visit /sdcard/screen_2026-05-29_033559.png: java.nio.file.AccessDeniedException: /sdcard/screen_2026-05-29_033559.png
05-29 03:35:58.525  1445  1952 I MediaProvider: Scanned internal due to REASON_DEMAND, found 0 items in 11ms, 0 inserts 0 updates 0 deletes
05-29 03:35:58.526  1445  1952 I MediaProvider: End Intent { act=android.intent.action.MEDIA_SCANNER_SCAN_FILE dat=file:///sdcard/screen_2026-05-29_033559.png flg=0x1400010 cmp=com.android.providers.media.module/com.android.providers.media.MediaService }
05-29 03:35:58.512  1445  1445 W com.android.providers.media.module: type=1400 audit(0.0:1348): avc: denied { read } for comm=4173796E635461736B202331 name="primary" dev="tmpfs" ino=20393 scontext=u:r:mediaprovider_app:s0:c122,c256,c512,c768 tcontext=u:object_r:mnt_pass_through_file:s0 tclass=lnk_file permissive=0 app=com.android.providers.media.module
05-29 03:35:58.557  1445  2916 I MediaProvider: Deleted 1 items on external_primary due to com.android.shell
05-29 03:35:58.512  1445  1445 W com.android.providers.media.module: type=1400 audit(0.0:1351): avc: denied { read } for comm=4173796E635461736B202331 name="primary" dev="tmpfs" ino=20393 scontext=u:r:mediaprovider_app:s0:c122,c256,c512,c768 tcontext=u:object_r:mnt_pass_through_file:s0 tclass=lnk_file permissive=0 app=com.android.providers.media.module
05-29 03:35:58.572  8360  8360 I ProvidersCache: Updating roots due to change on user 0at content://com.android.providers.media.documents/root
05-29 03:35:58.637  8360  8360 I ProvidersCache: Updating roots due to change on user 0at content://com.android.providers.media.documents/root
05-29 03:35:58.711   158   158 I hwservicemanager: getTransport: Cannot find entry android.hardware.graphics.mapper@4.0::IMapper/default in either framework or device manifest.
05-29 03:35:58.711 13371 13371 I Gralloc4: mapper 4.x is not supported
05-29 03:35:58.754 13375 13377 I cmd     : oneway function results will be dropped but finished with status OK and parcel size 4
05-29 03:35:58.755  1445  1952 I MediaProvider: Begin Intent { act=android.intent.action.MEDIA_SCANNER_SCAN_FILE dat=file:///sdcard/screen_2026-05-29_033559.png flg=0x1400010 cmp=com.android.providers.media.module/com.android.providers.media.MediaService }
05-29 03:35:58.756  1445  1952 W ModernMediaScanner: Failed to visit /sdcard/screen_2026-05-29_033559.png: java.nio.file.AccessDeniedException: /sdcard/screen_2026-05-29_033559.png
05-29 03:35:58.756  1445  1952 I MediaProvider: Scanned internal due to REASON_DEMAND, found 0 items in 0ms, 0 inserts 0 updates 0 deletes
05-29 03:35:58.756  1445  1952 I MediaProvider: End Intent { act=android.intent.action.MEDIA_SCANNER_SCAN_FILE dat=file:///sdcard/screen_2026-05-29_033559.png flg=0x1400010 cmp=com.android.providers.media.module/com.android.providers.media.MediaService }
05-29 03:35:58.778  1445  1682 I MediaProvider: Deleted 1 items on external_primary due to com.android.shell
05-29 03:35:58.804 13386 13388 I cmd     : oneway function results will be dropped but finished with status OK and parcel size 4
05-29 03:35:58.924   158   158 I hwservicemanager: getTransport: Cannot find entry android.hardware.graphics.mapper@4.0::IMapper/default in either framework or device manifest.
05-29 03:35:58.924 13408 13408 I Gralloc4: mapper 4.x is not supported
05-29 03:35:58.971 13412 13414 I cmd     : oneway function results will be dropped but finished with status OK and parcel size 4
05-29 03:35:58.972  1445  1952 I MediaProvider: Begin Intent { act=android.intent.action.MEDIA_SCANNER_SCAN_FILE dat=file:///sdcard/screen_2026-05-29_033559.png flg=0x1400010 cmp=com.android.providers.media.module/com.android.providers.media.MediaService }
05-29 03:35:58.973  1445  1952 W ModernMediaScanner: Failed to visit /sdcard/screen_2026-05-29_033559.png: java.nio.file.AccessDeniedException: /sdcard/screen_2026-05-29_033559.png
05-29 03:35:58.976  1445  1952 I MediaProvider: Scanned internal due to REASON_DEMAND, found 0 items in 3ms, 0 inserts 0 updates 0 deletes
05-29 03:35:58.977  1445  1952 I MediaProvider: End Intent { act=android.intent.action.MEDIA_SCANNER_SCAN_FILE dat=file:///sdcard/screen_2026-05-29_033559.png flg=0x1400010 cmp=com.android.providers.media.module/com.android.providers.media.MediaService }
05-29 03:35:59.004  1445  1683 I MediaProvider: Deleted 1 items on external_primary due to com.android.shell
05-29 03:35:59.039 13425 13427 I cmd     : oneway function results will be dropped but finished with status OK and parcel size 4
05-29 03:35:59.088 13440 13442 I cmd     : oneway function results will be dropped but finished with status OK and parcel size 4
05-29 03:35:59.136 13455 13457 I cmd     : oneway function results will be dropped but finished with status OK and parcel size 4
05-29 03:35:59.184 13470 13472 I cmd     : oneway function results will be dropped but finished with status OK and parcel size 4
05-29 03:35:59.258 13482 13482 E libc    : Access denied finding property "persist.device_config.runtime_native_boot.profilebootclasspath"
