05-29 03:35:59.258 13482 13482 E libc    : Access denied finding property "persist.device_config.runtime_native_boot.enable_apex_image"
05-29 03:35:59.258 13482 13482 I AndroidRuntime: Using default boot image
05-29 03:35:59.258 13482 13482 E libc    : Access denied finding property "persist.device_config.runtime_native_boot.disable_lock_profiling"
05-29 03:35:59.258 13482 13482 I AndroidRuntime: Leaving lock profiling enabled
05-29 03:35:59.258 13482 13482 E libc    : Access denied finding property "persist.device_config.runtime_native_boot.enable_generational_cc"
05-29 03:35:59.260 13482 13482 I app_process: Core platform API reporting enabled, enforcing=false
05-29 03:35:59.295 13482 13482 W app_process: Unexpected CPU variant for X86 using defaults: x86_64
05-29 03:35:59.296 13482 13482 I app_process: The ClassLoaderContext is a special shared library.
05-29 03:35:59.303 13482 13482 W app_process: JNI RegisterNativeMethods: attempt to register 0 native methods for android.media.AudioAttributes
05-29 03:35:59.814     0     0 W healthd : battery l=100 v=5000 t=25.0 h=2 st=2 c=900000 fc=300000 cc=10 chg=a
05-29 03:36:00.662  8360  8360 I ProvidersCache: Updating roots due to change on user 0at content://com.android.providers.media.documents/root
05-29 03:36:00.779  8360  8360 I chatty  : uid=10076(com.android.documentsui) identical 1 line
05-29 03:36:00.945  8360  8360 I ProvidersCache: Updating roots due to change on user 0at content://com.android.providers.media.documents/root
05-29 03:36:01.042   469   469 E netmgr  : qemu_pipe_open_ns:62: Could not connect to the 'pipe:qemud:network' service: Invalid argument
05-29 03:36:01.042   469   469 E netmgr  : Failed to open QEMU pipe 'qemud:network': Invalid argument
05-29 03:36:01.095  8360  8360 I ProvidersCache: Updating roots due to change on user 0at content://com.android.providers.media.documents/root
05-29 03:36:01.102   484   484 E wifi_forwarder: qemu_pipe_open_ns:62: Could not connect to the 'pipe:qemud:wififorward' service: Invalid argument
05-29 03:36:01.102   484   484 E wifi_forwarder: RemoteConnection failed to initialize: RemoteConnection failed to open pipe
05-29 03:36:01.314   158   158 I hwservicemanager: getTransport: Cannot find entry android.hardware.graphics.mapper@4.0::IMapper/default in either framework or device manifest.
05-29 03:36:01.314 13513 13513 I Gralloc4: mapper 4.x is not supported
05-29 03:36:01.345  8360  8360 I ProvidersCache: Updating roots due to change on user 0at content://com.android.providers.media.documents/root
05-29 03:36:01.356  1445  1445 W com.android.providers.media.module: type=1400 audit(0.0:1369): avc: denied { read } for comm=4173796E635461736B202331 name="primary" dev="tmpfs" ino=20393 scontext=u:r:mediaprovider_app:s0:c122,c256,c512,c768 tcontext=u:object_r:mnt_pass_through_file:s0 tclass=lnk_file permissive=0 app=com.android.providers.media.module
05-29 03:36:01.358  1445  1952 I MediaProvider: Begin Intent { act=android.intent.action.MEDIA_SCANNER_SCAN_FILE dat=file:///sdcard/screen_2026-05-29_033602.png flg=0x1400010 cmp=com.android.providers.media.module/com.android.providers.media.MediaService }
05-29 03:36:01.367 13517 13519 I cmd     : oneway function results will be dropped but finished with status OK and parcel size 4
05-29 03:36:01.572     0     0 W audit   : audit_lost=1005 audit_rate_limit=5 audit_backlog_limit=64
05-29 03:36:01.581     0     0 E audit   : rate limit exceeded
05-29 03:36:01.377  1445  1952 W ModernMediaScanner: Failed to visit /sdcard/screen_2026-05-29_033602.png: java.nio.file.AccessDeniedException: /sdcard/screen_2026-05-29_033602.png
05-29 03:36:01.378  1445  1952 I MediaProvider: Scanned internal due to REASON_DEMAND, found 0 items in 20ms, 0 inserts 0 updates 0 deletes
05-29 03:36:01.378  1445  1952 I MediaProvider: End Intent { act=android.intent.action.MEDIA_SCANNER_SCAN_FILE dat=file:///sdcard/screen_2026-05-29_033602.png flg=0x1400010 cmp=com.android.providers.media.module/com.android.providers.media.MediaService }
05-29 03:36:01.356  1445  1445 W com.android.providers.media.module: type=1400 audit(0.0:1370): avc: denied { read } for comm=4173796E635461736B202331 name="primary" dev="tmpfs" ino=20393 scontext=u:r:mediaprovider_app:s0:c122,c256,c512,c768 tcontext=u:object_r:mnt_pass_through_file:s0 tclass=lnk_file permissive=0 app=com.android.providers.media.module
05-29 03:36:01.419  1445  2916 I MediaProvider: Deleted 1 items on external_primary due to com.android.shell
05-29 03:36:01.444 13528 13530 I cmd     : oneway function results will be dropped but finished with status OK and parcel size 4
05-29 03:36:01.581   158   158 I hwservicemanager: getTransport: Cannot find entry android.hardware.graphics.mapper@4.0::IMapper/default in either framework or device manifest.
05-29 03:36:01.581 13550 13550 I Gralloc4: mapper 4.x is not supported
05-29 03:36:01.623 13554 13556 I cmd     : oneway function results will be dropped but finished with status OK and parcel size 4
05-29 03:36:01.623  1445  1952 I MediaProvider: Begin Intent { act=android.intent.action.MEDIA_SCANNER_SCAN_FILE dat=file:///sdcard/screen_2026-05-29_033602.png flg=0x1400010 cmp=com.android.providers.media.module/com.android.providers.media.MediaService }
05-29 03:36:01.624  1445  1952 W ModernMediaScanner: Failed to visit /sdcard/screen_2026-05-29_033602.png: java.nio.file.AccessDeniedException: /sdcard/screen_2026-05-29_033602.png
05-29 03:36:01.627  1445  1952 I MediaProvider: Scanned internal due to REASON_DEMAND, found 0 items in 3ms, 0 inserts 0 updates 0 deletes
05-29 03:36:01.627  1445  1952 I MediaProvider: End Intent { act=android.intent.action.MEDIA_SCANNER_SCAN_FILE dat=file:///sdcard/screen_2026-05-29_033602.png flg=0x1400010 cmp=com.android.providers.media.module/com.android.providers.media.MediaService }
05-29 03:36:01.686  1445  1682 I MediaProvider: Deleted 1 items on external_primary due to com.android.shell
05-29 03:36:01.711 13565 13567 I cmd     : oneway function results will be dropped but finished with status OK and parcel size 4
05-29 03:36:01.825   158   158 I hwservicemanager: getTransport: Cannot find entry android.hardware.graphics.mapper@4.0::IMapper/default in either framework or device manifest.
05-29 03:36:01.825 13587 13587 I Gralloc4: mapper 4.x is not supported
05-29 03:36:01.870 13591 13593 I cmd     : oneway function results will be dropped but finished with status OK and parcel size 4
05-29 03:36:01.870  1445  1952 I MediaProvider: Begin Intent { act=android.intent.action.MEDIA_SCANNER_SCAN_FILE dat=file:///sdcard/screen_2026-05-29_033602.png flg=0x1400010 cmp=com.android.providers.media.module/com.android.providers.media.MediaService }
05-29 03:36:01.871  1445  1952 W ModernMediaScanner: Failed to visit /sdcard/screen_2026-05-29_033602.png: java.nio.file.AccessDeniedException: /sdcard/screen_2026-05-29_033602.png
05-29 03:36:01.871  1445  1952 I MediaProvider: Scanned internal due to REASON_DEMAND, found 0 items in 1ms, 0 inserts 0 updates 0 deletes
05-29 03:36:01.872  1445  1952 I MediaProvider: End Intent { act=android.intent.action.MEDIA_SCANNER_SCAN_FILE dat=file:///sdcard/screen_2026-05-29_033602.png flg=0x1400010 cmp=com.android.providers.media.module/com.android.providers.media.MediaService }
05-29 03:36:01.892  1445  1683 I MediaProvider: Deleted 1 items on external_primary due to com.android.shell
05-29 03:36:02.012 13632 13634 I cmd     : oneway function results will be dropped but finished with status OK and parcel size 4
05-29 03:36:02.059 13647 13649 I cmd     : oneway function results will be dropped but finished with status OK and parcel size 4
05-29 03:36:02.153 13661 13661 E libc    : Access denied finding property "persist.device_config.runtime_native_boot.profilebootclasspath"
05-29 03:36:02.153 13661 13661 E libc    : Access denied finding property "persist.device_config.runtime_native_boot.enable_apex_image"
05-29 03:36:02.153 13661 13661 I AndroidRuntime: Using default boot image
05-29 03:36:02.153 13661 13661 E libc    : Access denied finding property "persist.device_config.runtime_native_boot.disable_lock_profiling"
05-29 03:36:02.153 13661 13661 I AndroidRuntime: Leaving lock profiling enabled
05-29 03:36:02.153 13661 13661 E libc    : Access denied finding property "persist.device_config.runtime_native_boot.enable_generational_cc"
05-29 03:36:02.155 13661 13661 I app_process: Core platform API reporting enabled, enforcing=false
05-29 03:36:02.190 13661 13661 W app_process: Unexpected CPU variant for X86 using defaults: x86_64
05-29 03:36:02.190 13661 13661 I app_process: The ClassLoaderContext is a special shared library.
05-29 03:36:02.196 13661 13661 W app_process: JNI RegisterNativeMethods: attempt to register 0 native methods for android.media.AudioAttributes
05-29 03:36:03.329  8360  8360 I ProvidersCache: Updating roots due to change on user 0at content://com.android.providers.media.documents/root
05-29 03:36:03.629  8360  8360 I chatty  : uid=10076(com.android.documentsui) identical 3 lines
05-29 03:36:03.829  8360  8360 I ProvidersCache: Updating roots due to change on user 0at content://com.android.providers.media.documents/root
05-29 03:36:04.216   158   158 I hwservicemanager: getTransport: Cannot find entry android.hardware.graphics.mapper@4.0::IMapper/default in either framework or device manifest.
05-29 03:36:04.216 13691 13691 I Gralloc4: mapper 4.x is not supported
05-29 03:36:04.261 13695 13697 I cmd     : oneway function results will be dropped but finished with status OK and parcel size 4
05-29 03:36:04.261  1445  1952 I MediaProvider: Begin Intent { act=android.intent.action.MEDIA_SCANNER_SCAN_FILE dat=file:///sdcard/screen_2026-05-29_033604.png flg=0x1400010 cmp=com.android.providers.media.module/com.android.providers.media.MediaService }
05-29 03:36:04.260  1445  1445 W com.android.providers.media.module: type=1400 audit(0.0:1391): avc: denied { read } for comm=4173796E635461736B202331 name="primary" dev="tmpfs" ino=20393 scontext=u:r:mediaprovider_app:s0:c122,c256,c512,c768 tcontext=u:object_r:mnt_pass_through_file:s0 tclass=lnk_file permissive=0 app=com.android.providers.media.module
05-29 03:36:04.475     0     0 W audit   : audit_lost=1022 audit_rate_limit=5 audit_backlog_limit=64
05-29 03:36:04.478     0     0 E audit   : rate limit exceeded
05-29 03:36:04.273  1445  1952 W ModernMediaScanner: Failed to visit /sdcard/screen_2026-05-29_033604.png: java.nio.file.AccessDeniedException: /sdcard/screen_2026-05-29_033604.png
05-29 03:36:04.274  1445  1952 I MediaProvider: Scanned internal due to REASON_DEMAND, found 0 items in 12ms, 0 inserts 0 updates 0 deletes
05-29 03:36:04.274  1445  1952 I MediaProvider: End Intent { act=android.intent.action.MEDIA_SCANNER_SCAN_FILE dat=file:///sdcard/screen_2026-05-29_033604.png flg=0x1400010 cmp=com.android.providers.media.module/com.android.providers.media.MediaService }
05-29 03:36:04.260  1445  1445 W com.android.providers.media.module: type=1400 audit(0.0:1392): avc: denied { read } for comm=4173796E635461736B202331 name="primary" dev="tmpfs" ino=20393 scontext=u:r:mediaprovider_app:s0:c122,c256,c512,c768 tcontext=u:object_r:mnt_pass_through_file:s0 tclass=lnk_file permissive=0 app=com.android.providers.media.module
05-29 03:36:04.322  1445  2916 I MediaProvider: Deleted 1 items on external_primary due to com.android.shell
05-29 03:36:04.349 13706 13708 I cmd     : oneway function results will be dropped but finished with status OK and parcel size 4
05-29 03:36:04.465   158   158 I hwservicemanager: getTransport: Cannot find entry android.hardware.graphics.mapper@4.0::IMapper/default in either framework or device manifest.
05-29 03:36:04.465 13728 13728 I Gralloc4: mapper 4.x is not supported
05-29 03:36:04.509 13732 13734 I cmd     : oneway function results will be dropped but finished with status OK and parcel size 4
05-29 03:36:04.510  1445  1952 I MediaProvider: Begin Intent { act=android.intent.action.MEDIA_SCANNER_SCAN_FILE dat=file:///sdcard/screen_2026-05-29_033605.png flg=0x1400010 cmp=com.android.providers.media.module/com.android.providers.media.MediaService }
05-29 03:36:04.511  1445  1952 W ModernMediaScanner: Failed to visit /sdcard/screen_2026-05-29_033605.png: java.nio.file.AccessDeniedException: /sdcard/screen_2026-05-29_033605.png
05-29 03:36:04.512  1445  1952 I MediaProvider: Scanned internal due to REASON_DEMAND, found 0 items in 2ms, 0 inserts 0 updates 0 deletes
05-29 03:36:04.513  1445  1952 I MediaProvider: End Intent { act=android.intent.action.MEDIA_SCANNER_SCAN_FILE dat=file:///sdcard/screen_2026-05-29_033605.png flg=0x1400010 cmp=com.android.providers.media.module/com.android.providers.media.MediaService }
05-29 03:36:04.576  1445  1682 I MediaProvider: Deleted 1 items on external_primary due to com.android.shell
05-29 03:36:04.723   158   158 I hwservicemanager: getTransport: Cannot find entry android.hardware.graphics.mapper@4.0::IMapper/default in either framework or device manifest.
05-29 03:36:04.724 13765 13765 I Gralloc4: mapper 4.x is not supported
05-29 03:36:04.771  1445  1952 I MediaProvider: Begin Intent { act=android.intent.action.MEDIA_SCANNER_SCAN_FILE dat=file:///sdcard/screen_2026-05-29_033605.png flg=0x1400010 cmp=com.android.providers.media.module/com.android.providers.media.MediaService }
05-29 03:36:04.772  1445  1952 W ModernMediaScanner: Failed to visit /sdcard/screen_2026-05-29_033605.png: java.nio.file.AccessDeniedException: /sdcard/screen_2026-05-29_033605.png
05-29 03:36:04.773  1445  1952 I MediaProvider: Scanned internal due to REASON_DEMAND, found 0 items in 2ms, 0 inserts 0 updates 0 deletes
05-29 03:36:04.773  1445  1952 I MediaProvider: End Intent { act=android.intent.action.MEDIA_SCANNER_SCAN_FILE dat=file:///sdcard/screen_2026-05-29_033605.png flg=0x1400010 cmp=com.android.providers.media.module/com.android.providers.media.MediaService }
05-29 03:36:04.793  1445  1683 I MediaProvider: Deleted 1 items on external_primary due to com.android.shell
05-29 03:36:04.819 13780 13782 I cmd     : oneway function results will be dropped but finished with status OK and parcel size 4
05-29 03:36:04.868 13795 13797 I cmd     : oneway function results will be dropped but finished with status OK and parcel size 4
05-29 03:36:04.917 13810 13812 I cmd     : oneway function results will be dropped but finished with status OK and parcel size 4
05-29 03:36:04.971 13825 13827 I cmd     : oneway function results will be dropped but finished with status OK and parcel size 4
05-29 03:36:05.052 13837 13837 E libc    : Access denied finding property "persist.device_config.runtime_native_boot.profilebootclasspath"
05-29 03:36:05.052 13837 13837 E libc    : Access denied finding property "persist.device_config.runtime_native_boot.enable_apex_image"
05-29 03:36:05.052 13837 13837 I AndroidRuntime: Using default boot image
05-29 03:36:05.052 13837 13837 E libc    : Access denied finding property "persist.device_config.runtime_native_boot.disable_lock_profiling"
05-29 03:36:05.052 13837 13837 I AndroidRuntime: Leaving lock profiling enabled
05-29 03:36:05.052 13837 13837 E libc    : Access denied finding property "persist.device_config.runtime_native_boot.enable_generational_cc"
05-29 03:36:05.053 13837 13837 I app_process: Core platform API reporting enabled, enforcing=false
05-29 03:36:05.090 13837 13837 W app_process: Unexpected CPU variant for X86 using defaults: x86_64
05-29 03:36:05.091 13837 13837 I app_process: The ClassLoaderContext is a special shared library.
05-29 03:36:05.097 13837 13837 W app_process: JNI RegisterNativeMethods: attempt to register 0 native methods for android.media.AudioAttributes
05-29 03:36:05.846  8360  8360 I ProvidersCache: Updating roots due to change on user 0at content://com.android.providers.media.documents/root
05-29 03:36:06.252  8360  8360 I chatty  : uid=10076(com.android.documentsui) identical 3 lines
05-29 03:36:06.482  8360  8360 I ProvidersCache: Updating roots due to change on user 0at content://com.android.providers.media.documents/root
05-29 03:36:07.116   158   158 I hwservicemanager: getTransport: Cannot find entry android.hardware.graphics.mapper@4.0::IMapper/default in either framework or device manifest.
05-29 03:36:07.116 13866 13866 I Gralloc4: mapper 4.x is not supported
05-29 03:36:07.161  1445  1952 I MediaProvider: Begin Intent { act=android.intent.action.MEDIA_SCANNER_SCAN_FILE dat=file:///sdcard/screen_2026-05-29_033607.png flg=0x1400010 cmp=com.android.providers.media.module/com.android.providers.media.MediaService }
05-29 03:36:07.375     0     0 W audit   : audit_lost=1039 audit_rate_limit=5 audit_backlog_limit=64
05-29 03:36:07.377     0     0 E audit   : rate limit exceeded
05-29 03:36:07.166  1445  1952 W ModernMediaScanner: Failed to visit /sdcard/screen_2026-05-29_033607.png: java.nio.file.AccessDeniedException: /sdcard/screen_2026-05-29_033607.png
05-29 03:36:07.167  1445  1952 I MediaProvider: Scanned internal due to REASON_DEMAND, found 0 items in 6ms, 0 inserts 0 updates 0 deletes
05-29 03:36:07.167  1445  1952 I MediaProvider: End Intent { act=android.intent.action.MEDIA_SCANNER_SCAN_FILE dat=file:///sdcard/screen_2026-05-29_033607.png flg=0x1400010 cmp=com.android.providers.media.module/com.android.providers.media.MediaService }
05-29 03:36:07.160  1445  1445 W com.android.providers.media.module: type=1400 audit(0.0:1413): avc: denied { read } for comm=4173796E635461736B202331 name="primary" dev="tmpfs" ino=20393 scontext=u:r:mediaprovider_app:s0:c122,c256,c512,c768 tcontext=u:object_r:mnt_pass_through_file:s0 tclass=lnk_file permissive=0 app=com.android.providers.media.module
05-29 03:36:07.220  1445  2916 I MediaProvider: Deleted 1 items on external_primary due to com.android.shell
05-29 03:36:07.248 13883 13885 I cmd     : oneway function results will be dropped but finished with status OK and parcel size 4
05-29 03:36:07.366   158   158 I hwservicemanager: getTransport: Cannot find entry android.hardware.graphics.mapper@4.0::IMapper/default in either framework or device manifest.
05-29 03:36:07.366 13905 13905 I Gralloc4: mapper 4.x is not supported
05-29 03:36:07.411 13909 13911 I cmd     : oneway function results will be dropped but finished with status OK and parcel size 4
05-29 03:36:07.412  1445  1952 I MediaProvider: Begin Intent { act=android.intent.action.MEDIA_SCANNER_SCAN_FILE dat=file:///sdcard/screen_2026-05-29_033608.png flg=0x1400010 cmp=com.android.providers.media.module/com.android.providers.media.MediaService }
05-29 03:36:07.413  1445  1952 W ModernMediaScanner: Failed to visit /sdcard/screen_2026-05-29_033608.png: java.nio.file.AccessDeniedException: /sdcard/screen_2026-05-29_033608.png
05-29 03:36:07.414  1445  1952 I MediaProvider: Scanned internal due to REASON_DEMAND, found 0 items in 1ms, 0 inserts 0 updates 0 deletes
05-29 03:36:07.415  1445  1952 I MediaProvider: End Intent { act=android.intent.action.MEDIA_SCANNER_SCAN_FILE dat=file:///sdcard/screen_2026-05-29_033608.png flg=0x1400010 cmp=com.android.providers.media.module/com.android.providers.media.MediaService }
05-29 03:36:07.477  1445  1682 I MediaProvider: Deleted 1 items on external_primary due to com.android.shell
05-29 03:36:07.504 13921 13923 I cmd     : oneway function results will be dropped but finished with status OK and parcel size 4
05-29 03:36:07.630   158   158 I hwservicemanager: getTransport: Cannot find entry android.hardware.graphics.mapper@4.0::IMapper/default in either framework or device manifest.
05-29 03:36:07.630 13943 13943 I Gralloc4: mapper 4.x is not supported
05-29 03:36:07.676 13947 13949 I cmd     : oneway function results will be dropped but finished with status OK and parcel size 4
05-29 03:36:07.676  1445  1952 I MediaProvider: Begin Intent { act=android.intent.action.MEDIA_SCANNER_SCAN_FILE dat=file:///sdcard/screen_2026-05-29_033608.png flg=0x1400010 cmp=com.android.providers.media.module/com.android.providers.media.MediaService }
05-29 03:36:07.677  1445  1952 W ModernMediaScanner: Failed to visit /sdcard/screen_2026-05-29_033608.png: java.nio.file.AccessDeniedException: /sdcard/screen_2026-05-29_033608.png
05-29 03:36:07.678  1445  1952 I MediaProvider: Scanned internal due to REASON_DEMAND, found 0 items in 1ms, 0 inserts 0 updates 0 deletes
05-29 03:36:07.678  1445  1952 I MediaProvider: End Intent { act=android.intent.action.MEDIA_SCANNER_SCAN_FILE dat=file:///sdcard/screen_2026-05-29_033608.png flg=0x1400010 cmp=com.android.providers.media.module/com.android.providers.media.MediaService }
05-29 03:36:07.697  1445  1683 I MediaProvider: Deleted 1 items on external_primary due to com.android.shell
05-29 03:36:07.723 13958 13960 I cmd     : oneway function results will be dropped but finished with status OK and parcel size 4
05-29 03:36:07.770 13973 13975 I cmd     : oneway function results will be dropped but finished with status OK and parcel size 4
05-29 03:36:07.820 13988 13990 I cmd     : oneway function results will be dropped but finished with status OK and parcel size 4
05-29 03:36:07.870 14003 14005 I cmd     : oneway function results will be dropped but finished with status OK and parcel size 4
05-29 03:36:07.946 14015 14015 E libc    : Access denied finding property "persist.device_config.runtime_native_boot.profilebootclasspath"
05-29 03:36:07.946 14015 14015 E libc    : Access denied finding property "persist.device_config.runtime_native_boot.enable_apex_image"
05-29 03:36:07.946 14015 14015 I AndroidRuntime: Using default boot image
05-29 03:36:07.946 14015 14015 E libc    : Access denied finding property "persist.device_config.runtime_native_boot.disable_lock_profiling"
05-29 03:36:07.946 14015 14015 I AndroidRuntime: Leaving lock profiling enabled
05-29 03:36:07.946 14015 14015 E libc    : Access denied finding property "persist.device_config.runtime_native_boot.enable_generational_cc"
05-29 03:36:07.947 14015 14015 I app_process: Core platform API reporting enabled, enforcing=false
05-29 03:36:07.983 14015 14015 W app_process: Unexpected CPU variant for X86 using defaults: x86_64
05-29 03:36:07.983 14015 14015 I app_process: The ClassLoaderContext is a special shared library.
05-29 03:36:07.989 14015 14015 W app_process: JNI RegisterNativeMethods: attempt to register 0 native methods for android.media.AudioAttributes
05-29 03:36:08.502  8360  8360 I ProvidersCache: Updating roots due to change on user 0at content://com.android.providers.media.documents/root
05-29 03:36:08.812  8360  8360 I chatty  : uid=10076(com.android.documentsui) identical 3 lines
05-29 03:36:09.012  8360  8360 I ProvidersCache: Updating roots due to change on user 0at content://com.android.providers.media.documents/root
05-29 03:36:09.996   158   158 I hwservicemanager: getTransport: Cannot find entry android.hardware.graphics.mapper@4.0::IMapper/default in either framework or device manifest.
05-29 03:36:09.996 14044 14044 I Gralloc4: mapper 4.x is not supported
05-29 03:36:10.039 14048 14050 I cmd     : oneway function results will be dropped but finished with status OK and parcel size 4
05-29 03:36:10.040  1445  1952 I MediaProvider: Begin Intent { act=android.intent.action.MEDIA_SCANNER_SCAN_FILE dat=file:///sdcard/screen_2026-05-29_033610.png flg=0x1400010 cmp=com.android.providers.media.module/com.android.providers.media.MediaService }
05-29 03:36:10.040  1445  1445 W com.android.providers.media.module: type=1400 audit(0.0:1435): avc: denied { read } for comm=4173796E635461736B202331 name="primary" dev="tmpfs" ino=20393 scontext=u:r:mediaprovider_app:s0:c122,c256,c512,c768 tcontext=u:object_r:mnt_pass_through_file:s0 tclass=lnk_file permissive=0 app=com.android.providers.media.module
05-29 03:36:10.254     0     0 W audit   : audit_lost=1056 audit_rate_limit=5 audit_backlog_limit=64
05-29 03:36:10.263     0     0 E audit   : rate limit exceeded
05-29 03:36:10.059  1445  1952 W ModernMediaScanner: Failed to visit /sdcard/screen_2026-05-29_033610.png: java.nio.file.AccessDeniedException: /sdcard/screen_2026-05-29_033610.png
05-29 03:36:10.059  1445  1952 I MediaProvider: Scanned internal due to REASON_DEMAND, found 0 items in 18ms, 0 inserts 0 updates 0 deletes
05-29 03:36:10.060  1445  1952 I MediaProvider: End Intent { act=android.intent.action.MEDIA_SCANNER_SCAN_FILE dat=file:///sdcard/screen_2026-05-29_033610.png flg=0x1400010 cmp=com.android.providers.media.module/com.android.providers.media.MediaService }
05-29 03:36:10.040  1445  1445 W com.android.providers.media.module: type=1400 audit(0.0:1436): avc: denied { read } for comm=4173796E635461736B202331 name="primary" dev="tmpfs" ino=20393 scontext=u:r:mediaprovider_app:s0:c122,c256,c512,c768 tcontext=u:object_r:mnt_pass_through_file:s0 tclass=lnk_file permissive=0 app=com.android.providers.media.module
05-29 03:36:10.119  1445  2916 I MediaProvider: Deleted 1 items on external_primary due to com.android.shell
05-29 03:36:10.145 14059 14061 I cmd     : oneway function results will be dropped but finished with status OK and parcel size 4
05-29 03:36:10.260   158   158 I hwservicemanager: getTransport: Cannot find entry android.hardware.graphics.mapper@4.0::IMapper/default in either framework or device manifest.
05-29 03:36:10.261 14081 14081 I Gralloc4: mapper 4.x is not supported
05-29 03:36:10.318  1445  1952 I MediaProvider: Begin Intent { act=android.intent.action.MEDIA_SCANNER_SCAN_FILE dat=file:///sdcard/screen_2026-05-29_033610.png flg=0x1400010 cmp=com.android.providers.media.module/com.android.providers.media.MediaService }
05-29 03:36:10.319  1445  1952 W ModernMediaScanner: Failed to visit /sdcard/screen_2026-05-29_033610.png: java.nio.file.AccessDeniedException: /sdcard/screen_2026-05-29_033610.png
05-29 03:36:10.319  1445  1952 I MediaProvider: Scanned internal due to REASON_DEMAND, found 0 items in 1ms, 0 inserts 0 updates 0 deletes
05-29 03:36:10.322  1445  1952 I MediaProvider: End Intent { act=android.intent.action.MEDIA_SCANNER_SCAN_FILE dat=file:///sdcard/screen_2026-05-29_033610.png flg=0x1400010 cmp=com.android.providers.media.module/com.android.providers.media.MediaService }
05-29 03:36:10.340  1445  1682 I MediaProvider: Deleted 1 items on external_primary due to com.android.shell
05-29 03:36:10.366 14098 14100 I cmd     : oneway function results will be dropped but finished with status OK and parcel size 4
05-29 03:36:10.488   158   158 I hwservicemanager: getTransport: Cannot find entry android.hardware.graphics.mapper@4.0::IMapper/default in either framework or device manifest.
05-29 03:36:10.488 14120 14120 I Gralloc4: mapper 4.x is not supported
05-29 03:36:10.534 14124 14126 I cmd     : oneway function results will be dropped but finished with status OK and parcel size 4
05-29 03:36:10.535  1445  1952 I MediaProvider: Begin Intent { act=android.intent.action.MEDIA_SCANNER_SCAN_FILE dat=file:///sdcard/screen_2026-05-29_033611.png flg=0x1400010 cmp=com.android.providers.media.module/com.android.providers.media.MediaService }
05-29 03:36:10.536  1445  1952 W ModernMediaScanner: Failed to visit /sdcard/screen_2026-05-29_033611.png: java.nio.file.AccessDeniedException: /sdcard/screen_2026-05-29_033611.png
05-29 03:36:10.537  1445  1952 I MediaProvider: Scanned internal due to REASON_DEMAND, found 0 items in 1ms, 0 inserts 0 updates 0 deletes
05-29 03:36:10.537  1445  1952 I MediaProvider: End Intent { act=android.intent.action.MEDIA_SCANNER_SCAN_FILE dat=file:///sdcard/screen_2026-05-29_033611.png flg=0x1400010 cmp=com.android.providers.media.module/com.android.providers.media.MediaService }
05-29 03:36:10.557  1445  1683 I MediaProvider: Deleted 1 items on external_primary due to com.android.shell
05-29 03:36:10.585 14135 14137 I cmd     : oneway function results will be dropped but finished with status OK and parcel size 4
05-29 03:36:10.641 14150 14152 I cmd     : oneway function results will be dropped but finished with status OK and parcel size 4
05-29 03:36:10.692 14165 14167 I cmd     : oneway function results will be dropped but finished with status OK and parcel size 4
05-29 03:36:10.741 14180 14182 I cmd     : oneway function results will be dropped but finished with status OK and parcel size 4
05-29 03:36:10.814 14192 14192 E libc    : Access denied finding property "persist.device_config.runtime_native_boot.profilebootclasspath"
05-29 03:36:10.814 14192 14192 E libc    : Access denied finding property "persist.device_config.runtime_native_boot.enable_apex_image"
05-29 03:36:10.814 14192 14192 I AndroidRuntime: Using default boot image
05-29 03:36:10.814 14192 14192 E libc    : Access denied finding property "persist.device_config.runtime_native_boot.disable_lock_profiling"
05-29 03:36:10.814 14192 14192 I AndroidRuntime: Leaving lock profiling enabled
05-29 03:36:10.814 14192 14192 E libc    : Access denied finding property "persist.device_config.runtime_native_boot.enable_generational_cc"
05-29 03:36:10.815 14192 14192 I app_process: Core platform API reporting enabled, enforcing=false
05-29 03:36:10.851 14192 14192 W app_process: Unexpected CPU variant for X86 using defaults: x86_64
05-29 03:36:10.853 14192 14192 I app_process: The ClassLoaderContext is a special shared library.
05-29 03:36:10.859 14192 14192 W app_process: JNI RegisterNativeMethods: attempt to register 0 native methods for android.media.AudioAttributes
05-29 03:36:10.993  2183  2183 E AccessibilityInteractionClient: 3 Disconnected nodes.
05-29 03:36:11.352  8360  8360 I ProvidersCache: Updating roots due to change on user 0at content://com.android.providers.media.documents/root
05-29 03:36:11.462  8360  8360 I ProvidersCache: Updating roots due to change on user 0at content://com.android.providers.media.documents/root
05-29 03:36:11.720  8360  8360 I chatty  : uid=10076(com.android.documentsui) identical 2 lines
05-29 03:36:11.895  8360  8360 I ProvidersCache: Updating roots due to change on user 0at content://com.android.providers.media.documents/root
05-29 03:36:12.868   158   158 I hwservicemanager: getTransport: Cannot find entry android.hardware.graphics.mapper@4.0::IMapper/default in either framework or device manifest.
05-29 03:36:12.869 14225 14225 I Gralloc4: mapper 4.x is not supported
05-29 03:36:12.903 14229 14231 I cmd     : oneway function results will be dropped but finished with status OK and parcel size 4
05-29 03:36:12.904  1445  1952 I MediaProvider: Begin Intent { act=android.intent.action.MEDIA_SCANNER_SCAN_FILE dat=file:///sdcard/screen_2026-05-29_033613.png flg=0x1400010 cmp=com.android.providers.media.module/com.android.providers.media.MediaService }
05-29 03:36:13.119     0     0 W audit   : audit_lost=1073 audit_rate_limit=5 audit_backlog_limit=64
05-29 03:36:13.121     0     0 E audit   : rate limit exceeded
05-29 03:36:12.904  1445  1445 W com.android.providers.media.module: type=1400 audit(0.0:1457): avc: denied { read } for comm=4173796E635461736B202331 name="primary" dev="tmpfs" ino=20393 scontext=u:r:mediaprovider_app:s0:c122,c256,c512,c768 tcontext=u:object_r:mnt_pass_through_file:s0 tclass=lnk_file permissive=0 app=com.android.providers.media.module
05-29 03:36:12.920  1445  1952 W ModernMediaScanner: Failed to visit /sdcard/screen_2026-05-29_033613.png: java.nio.file.AccessDeniedException: /sdcard/screen_2026-05-29_033613.png
05-29 03:36:12.920  1445  1952 I MediaProvider: Scanned internal due to REASON_DEMAND, found 0 items in 16ms, 0 inserts 0 updates 0 deletes
05-29 03:36:12.904  1445  1445 W com.android.providers.media.module: type=1400 audit(0.0:1458): avc: denied { read } for comm=4173796E635461736B202331 name="primary" dev="tmpfs" ino=20393 scontext=u:r:mediaprovider_app:s0:c122,c256,c512,c768 tcontext=u:object_r:mnt_pass_through_file:s0 tclass=lnk_file permissive=0 app=com.android.providers.media.module
05-29 03:36:12.926  1445  1952 I MediaProvider: End Intent { act=android.intent.action.MEDIA_SCANNER_SCAN_FILE dat=file:///sdcard/screen_2026-05-29_033613.png flg=0x1400010 cmp=com.android.providers.media.module/com.android.providers.media.MediaService }
05-29 03:36:12.904  1445  1445 W com.android.providers.media.module: type=1400 audit(0.0:1459): avc: denied { read } for comm=4173796E635461736B202331 name="primary" dev="tmpfs" ino=20393 scontext=u:r:mediaprovider_app:s0:c122,c256,c512,c768 tcontext=u:object_r:mnt_pass_through_file:s0 tclass=lnk_file permissive=0 app=com.android.providers.media.module
05-29 03:36:12.949  1445  2916 I MediaProvider: Deleted 1 items on external_primary due to com.android.shell
05-29 03:36:12.904  1445  1445 W com.android.providers.media.module: type=1400 audit(0.0:1461): avc: denied { read } for comm=4173796E635461736B202331 name="primary" dev="tmpfs" ino=20393 scontext=u:r:mediaprovider_app:s0:c122,c256,c512,c768 tcontext=u:object_r:mnt_pass_through_file:s0 tclass=lnk_file permissive=0 app=com.android.providers.media.module
05-29 03:36:12.974 14242 14244 I cmd     : oneway function results will be dropped but finished with status OK and parcel size 4
05-29 03:36:13.098   158   158 I hwservicemanager: getTransport: Cannot find entry android.hardware.graphics.mapper@4.0::IMapper/default in either framework or device manifest.
05-29 03:36:13.098 14264 14264 I Gralloc4: mapper 4.x is not supported
05-29 03:36:13.134 14268 14270 I cmd     : oneway function results will be dropped but finished with status OK and parcel size 4
05-29 03:36:13.135  1445  1952 I MediaProvider: Begin Intent { act=android.intent.action.MEDIA_SCANNER_SCAN_FILE dat=file:///sdcard/screen_2026-05-29_033613.png flg=0x1400010 cmp=com.android.providers.media.module/com.android.providers.media.MediaService }
05-29 03:36:13.136  1445  1952 W ModernMediaScanner: Failed to visit /sdcard/screen_2026-05-29_033613.png: java.nio.file.AccessDeniedException: /sdcard/screen_2026-05-29_033613.png
05-29 03:36:13.137  1445  1952 I MediaProvider: Scanned internal due to REASON_DEMAND, found 0 items in 1ms, 0 inserts 0 updates 0 deletes
05-29 03:36:13.137  1445  1952 I MediaProvider: End Intent { act=android.intent.action.MEDIA_SCANNER_SCAN_FILE dat=file:///sdcard/screen_2026-05-29_033613.png flg=0x1400010 cmp=com.android.providers.media.module/com.android.providers.media.MediaService }
05-29 03:36:13.156  1445  1682 I MediaProvider: Deleted 1 items on external_primary due to com.android.shell
05-29 03:36:13.181 14279 14281 I cmd     : oneway function results will be dropped but finished with status OK and parcel size 4
05-29 03:36:13.302   158   158 I hwservicemanager: getTransport: Cannot find entry android.hardware.graphics.mapper@4.0::IMapper/default in either framework or device manifest.
05-29 03:36:13.302 14301 14301 I Gralloc4: mapper 4.x is not supported
05-29 03:36:13.340 14305 14307 I cmd     : oneway function results will be dropped but finished with status OK and parcel size 4
05-29 03:36:13.341  1445  1952 I MediaProvider: Begin Intent { act=android.intent.action.MEDIA_SCANNER_SCAN_FILE dat=file:///sdcard/screen_2026-05-29_033613.png flg=0x1400010 cmp=com.android.providers.media.module/com.android.providers.media.MediaService }
05-29 03:36:13.342  1445  1952 W ModernMediaScanner: Failed to visit /sdcard/screen_2026-05-29_033613.png: java.nio.file.AccessDeniedException: /sdcard/screen_2026-05-29_033613.png
05-29 03:36:13.344  1445  1952 I MediaProvider: Scanned internal due to REASON_DEMAND, found 0 items in 3ms, 0 inserts 0 updates 0 deletes
05-29 03:36:13.345  1445  1952 I MediaProvider: End Intent { act=android.intent.action.MEDIA_SCANNER_SCAN_FILE dat=file:///sdcard/screen_2026-05-29_033613.png flg=0x1400010 cmp=com.android.providers.media.module/com.android.providers.media.MediaService }
05-29 03:36:13.366  1445  1683 I MediaProvider: Deleted 1 items on external_primary due to com.android.shell
05-29 03:36:13.442 14333 14335 I cmd     : oneway function results will be dropped but finished with status OK and parcel size 4
05-29 03:36:13.489 14348 14350 I cmd     : oneway function results will be dropped but finished with status OK and parcel size 4
05-29 03:36:13.539 14363 14365 I cmd     : oneway function results will be dropped but finished with status OK and parcel size 4
05-29 03:36:13.614 14375 14375 E libc    : Access denied finding property "persist.device_config.runtime_native_boot.profilebootclasspath"
05-29 03:36:13.614 14375 14375 E libc    : Access denied finding property "persist.device_config.runtime_native_boot.enable_apex_image"
05-29 03:36:13.614 14375 14375 I AndroidRuntime: Using default boot image
05-29 03:36:13.614 14375 14375 E libc    : Access denied finding property "persist.device_config.runtime_native_boot.disable_lock_profiling"
05-29 03:36:13.614 14375 14375 I AndroidRuntime: Leaving lock profiling enabled
05-29 03:36:13.614 14375 14375 E libc    : Access denied finding property "persist.device_config.runtime_native_boot.enable_generational_cc"
05-29 03:36:13.615 14375 14375 I app_process: Core platform API reporting enabled, enforcing=false
05-29 03:36:13.651 14375 14375 W app_process: Unexpected CPU variant for X86 using defaults: x86_64
05-29 03:36:13.652 14375 14375 I app_process: The ClassLoaderContext is a special shared library.
05-29 03:36:13.658 14375 14375 W app_process: JNI RegisterNativeMethods: attempt to register 0 native methods for android.media.AudioAttributes
05-29 03:36:14.252  8360  8360 I ProvidersCache: Updating roots due to change on user 0at content://com.android.providers.media.documents/root
05-29 03:36:14.582  8360  8360 I chatty  : uid=10076(com.android.documentsui) identical 2 lines
05-29 03:36:14.812  8360  8360 I ProvidersCache: Updating roots due to change on user 0at content://com.android.providers.media.documents/root
05-29 03:36:15.367   158   158 I hwservicemanager: getTransport: Cannot find entry android.hardware.graphics.mapper@4.0::IMapper/default in either framework or device manifest.
05-29 03:36:15.367 14406 14406 I Gralloc4: mapper 4.x is not supported
05-29 03:36:15.415  1445  1952 I MediaProvider: Begin Intent { act=android.intent.action.MEDIA_SCANNER_SCAN_FILE dat=file:///sdcard/screen_2026-05-29_033616.png flg=0x1400010 cmp=com.android.providers.media.module/com.android.providers.media.MediaService }
05-29 03:36:15.629     0     0 W audit   : audit_lost=1090 audit_rate_limit=5 audit_backlog_limit=64
05-29 03:36:15.647     0     0 E audit   : rate limit exceeded
05-29 03:36:15.412  1445  1445 W com.android.providers.media.module: type=1400 audit(0.0:1479): avc: denied { read } for comm=4173796E635461736B202331 name="primary" dev="tmpfs" ino=20393 scontext=u:r:mediaprovider_app:s0:c122,c256,c512,c768 tcontext=u:object_r:mnt_pass_through_file:s0 tclass=lnk_file permissive=0 app=com.android.providers.media.module
05-29 03:36:15.441  1445  1952 W ModernMediaScanner: Failed to visit /sdcard/screen_2026-05-29_033616.png: java.nio.file.AccessDeniedException: /sdcard/screen_2026-05-29_033616.png
05-29 03:36:15.441  1445  1952 I MediaProvider: Scanned internal due to REASON_DEMAND, found 0 items in 26ms, 0 inserts 0 updates 0 deletes
05-29 03:36:15.442  1445  1952 I MediaProvider: End Intent { act=android.intent.action.MEDIA_SCANNER_SCAN_FILE dat=file:///sdcard/screen_2026-05-29_033616.png flg=0x1400010 cmp=com.android.providers.media.module/com.android.providers.media.MediaService }
05-29 03:36:15.412  1445  1445 W com.android.providers.media.module: type=1400 audit(0.0:1480): avc: denied { read } for comm=4173796E635461736B202331 name="primary" dev="tmpfs" ino=20393 scontext=u:r:mediaprovider_app:s0:c122,c256,c512,c768 tcontext=u:object_r:mnt_pass_through_file:s0 tclass=lnk_file permissive=0 app=com.android.providers.media.module
05-29 03:36:15.485  1445  2916 I MediaProvider: Deleted 1 items on external_primary due to com.android.shell
05-29 03:36:15.510 14423 14425 I cmd     : oneway function results will be dropped but finished with status OK and parcel size 4
05-29 03:36:15.626   158   158 I hwservicemanager: getTransport: Cannot find entry android.hardware.graphics.mapper@4.0::IMapper/default in either framework or device manifest.
05-29 03:36:15.626 14445 14445 I Gralloc4: mapper 4.x is not supported
05-29 03:36:15.672 14449 14451 I cmd     : oneway function results will be dropped but finished with status OK and parcel size 4
05-29 03:36:15.673  1445  1952 I MediaProvider: Begin Intent { act=android.intent.action.MEDIA_SCANNER_SCAN_FILE dat=file:///sdcard/screen_2026-05-29_033616.png flg=0x1400010 cmp=com.android.providers.media.module/com.android.providers.media.MediaService }
05-29 03:36:15.674  1445  1952 W ModernMediaScanner: Failed to visit /sdcard/screen_2026-05-29_033616.png: java.nio.file.AccessDeniedException: /sdcard/screen_2026-05-29_033616.png
05-29 03:36:15.674  1445  1952 I MediaProvider: Scanned internal due to REASON_DEMAND, found 0 items in 1ms, 0 inserts 0 updates 0 deletes
05-29 03:36:15.675  1445  1952 I MediaProvider: End Intent { act=android.intent.action.MEDIA_SCANNER_SCAN_FILE dat=file:///sdcard/screen_2026-05-29_033616.png flg=0x1400010 cmp=com.android.providers.media.module/com.android.providers.media.MediaService }
05-29 03:36:15.694  1445  1682 I MediaProvider: Deleted 1 items on external_primary due to com.android.shell
05-29 03:36:15.721 14460 14462 I cmd     : oneway function results will be dropped but finished with status OK and parcel size 4
05-29 03:36:15.847   158   158 I hwservicemanager: getTransport: Cannot find entry android.hardware.graphics.mapper@4.0::IMapper/default in either framework or device manifest.
05-29 03:36:15.847 14482 14482 I Gralloc4: mapper 4.x is not supported
05-29 03:36:15.893 14486 14488 I cmd     : oneway function results will be dropped but finished with status OK and parcel size 4
05-29 03:36:15.894  1445  1952 I MediaProvider: Begin Intent { act=android.intent.action.MEDIA_SCANNER_SCAN_FILE dat=file:///sdcard/screen_2026-05-29_033616.png flg=0x1400010 cmp=com.android.providers.media.module/com.android.providers.media.MediaService }
05-29 03:36:15.894  1445  1952 W ModernMediaScanner: Failed to visit /sdcard/screen_2026-05-29_033616.png: java.nio.file.AccessDeniedException: /sdcard/screen_2026-05-29_033616.png
05-29 03:36:15.895  1445  1952 I MediaProvider: Scanned internal due to REASON_DEMAND, found 0 items in 1ms, 0 inserts 0 updates 0 deletes
05-29 03:36:15.895  1445  1952 I MediaProvider: End Intent { act=android.intent.action.MEDIA_SCANNER_SCAN_FILE dat=file:///sdcard/screen_2026-05-29_033616.png flg=0x1400010 cmp=com.android.providers.media.module/com.android.providers.media.MediaService }
05-29 03:36:15.958  1445  1683 I MediaProvider: Deleted 1 items on external_primary due to com.android.shell
05-29 03:36:15.984 14497 14499 I cmd     : oneway function results will be dropped but finished with status OK and parcel size 4
05-29 03:36:16.032 14512 14514 I cmd     : oneway function results will be dropped but finished with status OK and parcel size 4
05-29 03:36:16.081 14527 14529 I cmd     : oneway function results will be dropped but finished with status OK and parcel size 4
05-29 03:36:16.129 14542 14544 I cmd     : oneway function results will be dropped but finished with status OK and parcel size 4
05-29 03:36:16.202 14554 14554 E libc    : Access denied finding property "persist.device_config.runtime_native_boot.profilebootclasspath"
05-29 03:36:16.202 14554 14554 E libc    : Access denied finding property "persist.device_config.runtime_native_boot.enable_apex_image"
05-29 03:36:16.202 14554 14554 I AndroidRuntime: Using default boot image
05-29 03:36:16.202 14554 14554 E libc    : Access denied finding property "persist.device_config.runtime_native_boot.disable_lock_profiling"
05-29 03:36:16.202 14554 14554 I AndroidRuntime: Leaving lock profiling enabled
05-29 03:36:16.202 14554 14554 E libc    : Access denied finding property "persist.device_config.runtime_native_boot.enable_generational_cc"
05-29 03:36:16.204 14554 14554 I app_process: Core platform API reporting enabled, enforcing=false
05-29 03:36:16.240 14554 14554 W app_process: Unexpected CPU variant for X86 using defaults: x86_64
05-29 03:36:16.241 14554 14554 I app_process: The ClassLoaderContext is a special shared library.
05-29 03:36:16.248 14554 14554 W app_process: JNI RegisterNativeMethods: attempt to register 0 native methods for android.media.AudioAttributes
