05-29 03:35:14.011  8779  8952 I System.out: {"abilities":[{"ability":{"name":"overgrow","url":"https://pokeapi.co/api/v2/ability/65/"},"is_hidden":false,"slot":1},{"ability":{"name":"chlorophyll","url":"https://pokeapi.co/api/v2/ability/34/"},"is_hidden":true,"slot":3}],"base_experience":142,"cries":{"latest":"https://raw.githubusercontent.com/PokeAPI/cries/main/cries/pokemon/latest/2.ogg","legacy":"https://raw.githubusercontent.com/PokeAPI/cries/main/cries/pokemon/legacy/2.ogg"},"forms":[{"name":"ivysaur","url":"https://pokeapi.co/api/v2/pokemon-form/2/"}],"game_indices":[{"game_index":9,"version":{"name":"red","url":"https://pokeapi.co/api/v2/version/1/"}},{"game_index":9,"version":{"name":"blue","url":"https://pokeapi.co/api/v2/version/2/"}},{"game_index":9,"version":{"name":"yellow","url":"https://pokeapi.co/api/v2/version/3/"}},{"game_index":2,"version":{"name":"gold","url":"https://pokeapi.co/api/v2/version/4/"}},{"game_index":2,"version":{"name":"silver","url":"https://pokeapi.co/api/v2/version/5/"}},{"game_index":2,"version":{"name":"crystal","url":"https://pokeapi.co/api/v2/version/6/"}},{"game_index":2,"version":{"name":"ruby","url":"https://pokeapi.co/api/v2/version/7/"}},{"game_index":2,"version":{"name":"sapphire","url":"https://pokeapi.co/api/v2/version/8/"}},{"game_index":2,"version":{"name":"emerald","url":"https://pokeapi.co/api/v2/version/9/"}},{"game_index":2,"version":{"name":"firered","url":"https://pokeapi.co/api/v2/version/10/"}},{"game_index":2,"version":{"name":"leafgreen","url":"https://pokeapi.co/api/v2/version/11/"}},{"game_index":2,"version":{"name":"diamond","url":"https://pokeapi.co/api/v2/version/12/"}},{"game_index":2,"version":{"name":"pearl","url":"https://pokeapi.co/api/v2/version/13/"}},{"game_index":2,"version":{"name":"platinum","url":"https://pokeapi.co/api/v2/version/14/"}},{"game_index":2,"version":{"name":"heartgold","url":"https://pokeapi.co/api/v2/version/15/"}},{"game_index":2,"version":{"name":"soulsilver","url":"https://pokeapi.co/api/v2/version/16/"}},{"game_index":2,"version":{"name":"black","url":"https://pokeapi.co/api/v2/version/17/"}},{"game_index":2,"version":{"name":"white","url":"https://pokeapi.co/api/v2/version/18/"}},{"game_index":2,"version":{"name":"black-2","url":"https://pokeapi.co/api/v2/version/21/"}},{"game_index":2,"version":{"name":"white-2","url":"https://pokeapi.co/api/v2/version/22/"}}],"height":10,"held_items":[],"id":2,"is_default":true,"location_area_encounters":"https://pokeapi.co/api/v2/pokemon/2/encounters","moves":[{"move":{"name":"swords-dance","url":"https://pokeapi.co/api/v2/move/14/"},"version_group_details":[{"level_learned_at":0,"move_learn_method":{"name":"machine","url":"https://pokeapi.co/api/v2/move-learn-method/4/"},"order":null,"version_group":{"name":"red-blue","url":"https://pokeapi.co/api/v2/version-group/1/"}},{"level_learned_at":0,"move_learn_method":{"name":"machine","url":"https://pokeapi.co/api/v2/move-learn-method/4/"},"order":null,"version_group":{"name":"yellow","url":"https://pokeapi.co/api/v2/version-group/2/"}},{"level_learned_at":0,"move_learn_method":{"name":"tutor","url":"https://pokeapi.co/api/v2/move-learn-method/3/"},"order":null,"version_group":{"name":"emerald","url":"https://pokeapi.co/api/v2/version-group/6/"}},{"level_learned_at":0,"move_learn_method":{"name":"tutor","url":"https://pokeapi.co/api/v2/move-learn-method/3/"},"order":null,"version_group":{"name":"firered-leafgreen","url":"https://pokeapi.co/api/v2/version-group/7/"}},{"level_learned_at":0,"move_learn_method":{"name":"machine","url":"https://pokeapi.co/api/v2/move-learn-method/4/"},"order":null,"version_group":{"name":"diamond-pearl","url":"https://pokeapi.co/api/v2/version-group/8/"}},{"level_learned_at":0,"move_learn_method":{"name":"machine","url":"https://pokeapi.co/api/v2/move-learn-method/4/"},"order":null,"version_group":{"name":"platinum","url":"https://pokeapi.co/api/v2/version-group/9/"}},{"level_learned_at":0,"move_learn_method":{"name":"machine","url":"https://pokeapi.co/api/v2/move-learn-method/4/"},"order":null,"version_group":{"name"
05-29 03:35:14.011  8779  8952 I System.out: BODY END
05-29 03:35:15.079  8360  8360 I ProvidersCache: Updating roots due to change on user 0at content://com.android.providers.media.documents/root
05-29 03:35:15.212  8360  8360 I ProvidersCache: Updating roots due to change on user 0at content://com.android.providers.media.documents/root
05-29 03:35:15.398   158   158 I hwservicemanager: getTransport: Cannot find entry android.hardware.graphics.mapper@4.0::IMapper/default in either framework or device manifest.
05-29 03:35:15.398 10356 10356 I Gralloc4: mapper 4.x is not supported
05-29 03:35:15.445 10360 10362 I cmd     : oneway function results will be dropped but finished with status OK and parcel size 4
05-29 03:35:15.445  8360  8360 I ProvidersCache: Updating roots due to change on user 0at content://com.android.providers.media.documents/root
05-29 03:35:15.446  1445  1952 I MediaProvider: Begin Intent { act=android.intent.action.MEDIA_SCANNER_SCAN_FILE dat=file:///sdcard/screen_2026-05-29_033516.png flg=0x1400010 cmp=com.android.providers.media.module/com.android.providers.media.MediaService }
05-29 03:35:15.444  1445  1445 W com.android.providers.media.module: type=1400 audit(0.0:977): avc: denied { read } for comm=4173796E635461736B202331 name="primary" dev="tmpfs" ino=20393 scontext=u:r:mediaprovider_app:s0:c122,c256,c512,c768 tcontext=u:object_r:mnt_pass_through_file:s0 tclass=lnk_file permissive=0 app=com.android.providers.media.module
05-29 03:35:15.667     0     0 W audit   : audit_lost=703 audit_rate_limit=5 audit_backlog_limit=64
05-29 03:35:15.673     0     0 E audit   : rate limit exceeded
05-29 03:35:15.444  1445  1445 W com.android.providers.media.module: type=1400 audit(0.0:978): avc: denied { read } for comm=4173796E635461736B202331 name="primary" dev="tmpfs" ino=20393 scontext=u:r:mediaprovider_app:s0:c122,c256,c512,c768 tcontext=u:object_r:mnt_pass_through_file:s0 tclass=lnk_file permissive=0 app=com.android.providers.media.module
05-29 03:35:15.465  1445  1952 W ModernMediaScanner: Failed to visit /sdcard/screen_2026-05-29_033516.png: java.nio.file.AccessDeniedException: /sdcard/screen_2026-05-29_033516.png
05-29 03:35:15.466  1445  1952 I MediaProvider: Scanned internal due to REASON_DEMAND, found 0 items in 13ms, 0 inserts 0 updates 0 deletes
05-29 03:35:15.466  1445  1952 I MediaProvider: End Intent { act=android.intent.action.MEDIA_SCANNER_SCAN_FILE dat=file:///sdcard/screen_2026-05-29_033516.png flg=0x1400010 cmp=com.android.providers.media.module/com.android.providers.media.MediaService }
05-29 03:35:15.452  1445  1445 W com.android.providers.media.module: type=1400 audit(0.0:979): avc: denied { read } for comm=4173796E635461736B202331 name="primary" dev="tmpfs" ino=20393 scontext=u:r:mediaprovider_app:s0:c122,c256,c512,c768 tcontext=u:object_r:mnt_pass_through_file:s0 tclass=lnk_file permissive=0 app=com.android.providers.media.module
05-29 03:35:15.544  1445  1682 I MediaProvider: Deleted 1 items on external_primary due to com.android.shell
05-29 03:35:15.695   158   158 I hwservicemanager: getTransport: Cannot find entry android.hardware.graphics.mapper@4.0::IMapper/default in either framework or device manifest.
05-29 03:35:15.695 10393 10393 I Gralloc4: mapper 4.x is not supported
05-29 03:35:15.704  8360  8360 I ProvidersCache: Updating roots due to change on user 0at content://com.android.providers.media.documents/root
05-29 03:35:15.745  1445  1952 I MediaProvider: Begin Intent { act=android.intent.action.MEDIA_SCANNER_SCAN_FILE dat=file:///sdcard/screen_2026-05-29_033516.png flg=0x1400010 cmp=com.android.providers.media.module/com.android.providers.media.MediaService }
05-29 03:35:15.747  1445  1952 W ModernMediaScanner: Failed to visit /sdcard/screen_2026-05-29_033516.png: java.nio.file.AccessDeniedException: /sdcard/screen_2026-05-29_033516.png
05-29 03:35:15.747  1445  1952 I MediaProvider: Scanned internal due to REASON_DEMAND, found 0 items in 1ms, 0 inserts 0 updates 0 deletes
05-29 03:35:15.748  1445  1952 I MediaProvider: End Intent { act=android.intent.action.MEDIA_SCANNER_SCAN_FILE dat=file:///sdcard/screen_2026-05-29_033516.png flg=0x1400010 cmp=com.android.providers.media.module/com.android.providers.media.MediaService }
05-29 03:35:15.782  1445  1683 I MediaProvider: Deleted 1 items on external_primary due to com.android.shell
05-29 03:35:15.807 10410 10412 I cmd     : oneway function results will be dropped but finished with status OK and parcel size 4
05-29 03:35:15.928   158   158 I hwservicemanager: getTransport: Cannot find entry android.hardware.graphics.mapper@4.0::IMapper/default in either framework or device manifest.
05-29 03:35:15.929 10432 10432 I Gralloc4: mapper 4.x is not supported
05-29 03:35:15.977  1445  1952 I MediaProvider: Begin Intent { act=android.intent.action.MEDIA_SCANNER_SCAN_FILE dat=file:///sdcard/screen_2026-05-29_033516.png flg=0x1400010 cmp=com.android.providers.media.module/com.android.providers.media.MediaService }
05-29 03:35:15.978  1445  1952 W ModernMediaScanner: Failed to visit /sdcard/screen_2026-05-29_033516.png: java.nio.file.AccessDeniedException: /sdcard/screen_2026-05-29_033516.png
05-29 03:35:15.979  1445  1952 I MediaProvider: Scanned internal due to REASON_DEMAND, found 0 items in 1ms, 0 inserts 0 updates 0 deletes
05-29 03:35:15.979  1445  1952 I MediaProvider: End Intent { act=android.intent.action.MEDIA_SCANNER_SCAN_FILE dat=file:///sdcard/screen_2026-05-29_033516.png flg=0x1400010 cmp=com.android.providers.media.module/com.android.providers.media.MediaService }
05-29 03:35:16.000  1445  2916 I MediaProvider: Deleted 1 items on external_primary due to com.android.shell
05-29 03:35:16.025 10447 10449 I cmd     : oneway function results will be dropped but finished with status OK and parcel size 4
05-29 03:35:16.072 10462 10464 I cmd     : oneway function results will be dropped but finished with status OK and parcel size 4
05-29 03:35:16.120 10477 10479 I cmd     : oneway function results will be dropped but finished with status OK and parcel size 4
05-29 03:35:16.169 10492 10494 I cmd     : oneway function results will be dropped but finished with status OK and parcel size 4
05-29 03:35:16.244 10504 10504 E libc    : Access denied finding property "persist.device_config.runtime_native_boot.profilebootclasspath"
05-29 03:35:16.244 10504 10504 E libc    : Access denied finding property "persist.device_config.runtime_native_boot.enable_apex_image"
05-29 03:35:16.244 10504 10504 I AndroidRuntime: Using default boot image
05-29 03:35:16.244 10504 10504 E libc    : Access denied finding property "persist.device_config.runtime_native_boot.disable_lock_profiling"
05-29 03:35:16.244 10504 10504 I AndroidRuntime: Leaving lock profiling enabled
05-29 03:35:16.245 10504 10504 E libc    : Access denied finding property "persist.device_config.runtime_native_boot.enable_generational_cc"
05-29 03:35:16.246 10504 10504 I app_process: Core platform API reporting enabled, enforcing=false
05-29 03:35:16.282 10504 10504 W app_process: Unexpected CPU variant for X86 using defaults: x86_64
05-29 03:35:16.283 10504 10504 I app_process: The ClassLoaderContext is a special shared library.
05-29 03:35:16.289 10504 10504 W app_process: JNI RegisterNativeMethods: attempt to register 0 native methods for android.media.AudioAttributes
05-29 03:35:17.696  8360  8360 I ProvidersCache: Updating roots due to change on user 0at content://com.android.providers.media.documents/root
05-29 03:35:17.840  8360  8360 I ProvidersCache: Updating roots due to change on user 0at content://com.android.providers.media.documents/root
05-29 03:35:17.882  1425  1894 I Dialer  : OmtpVvmCarrierCfgHlpr - OmtpEvent:CONFIG_STATUS_SMS_TIME_OUT
05-29 03:35:17.882  1425  1425 I Dialer  : RetryPolicy - discarding deferred status: configuration_state=4
05-29 03:35:17.883  1425  1425 I Dialer  : VvmTaskExecutor - no more tasks, stopping service if no task are added in 5000 millis
05-29 03:35:17.884  1425  1425 I Dialer  : VvmTaskReceiver - task received
05-29 03:35:17.884  1425  1425 I Dialer  : VvmTaskReceiver - TaskExecutor already running
05-29 03:35:17.884  1425  1425 I Dialer  : Task.createTask - create task:com.android.voicemail.impl.ActivationTask
05-29 03:35:17.884  1425  1425 I Dialer  : RetryPolicy - retry #2 for com.android.voicemail.impl.ActivationTask@9baec1c queued, executing in 5000
05-29 03:35:17.884  1425  1425 I Dialer  : VvmTaskExecutor - com.android.voicemail.impl.ActivationTask@9baec1c added
05-29 03:35:17.884  1425  1425 I Dialer  : VvmTaskExecutor - minimal wait time:5000
05-29 03:35:17.884  1425  1425 I Dialer  : VvmTaskExecutor - sleep for 5000 millis
05-29 03:35:17.992  8360  8360 I ProvidersCache: Updating roots due to change on user 0at content://com.android.providers.media.documents/root
05-29 03:35:18.004   158   158 I hwservicemanager: getTransport: Cannot find entry android.hardware.graphics.mapper@4.0::IMapper/default in either framework or device manifest.
05-29 03:35:18.004 10537 10537 I Gralloc4: mapper 4.x is not supported
05-29 03:35:18.061  1445  1952 I MediaProvider: Begin Intent { act=android.intent.action.MEDIA_SCANNER_SCAN_FILE dat=file:///sdcard/screen_2026-05-29_033518.png flg=0x1400010 cmp=com.android.providers.media.module/com.android.providers.media.MediaService }
05-29 03:35:18.060  1445  1445 W com.android.providers.media.module: type=1400 audit(0.0:999): avc: denied { read } for comm=4173796E635461736B202331 name="primary" dev="tmpfs" ino=20393 scontext=u:r:mediaprovider_app:s0:c122,c256,c512,c768 tcontext=u:object_r:mnt_pass_through_file:s0 tclass=lnk_file permissive=0 app=com.android.providers.media.module
05-29 03:35:18.072  8360  8360 I ProvidersCache: Updating roots due to change on user 0at content://com.android.providers.media.documents/root
05-29 03:35:18.276     0     0 W audit   : audit_lost=720 audit_rate_limit=5 audit_backlog_limit=64
05-29 03:35:18.285     0     0 E audit   : rate limit exceeded
05-29 03:35:18.060  1445  1445 W com.android.providers.media.module: type=1400 audit(0.0:1000): avc: denied { read } for comm=4173796E635461736B202331 name="primary" dev="tmpfs" ino=20393 scontext=u:r:mediaprovider_app:s0:c122,c256,c512,c768 tcontext=u:object_r:mnt_pass_through_file:s0 tclass=lnk_file permissive=0 app=com.android.providers.media.module
05-29 03:35:18.082  1445  1952 W ModernMediaScanner: Failed to visit /sdcard/screen_2026-05-29_033518.png: java.nio.file.AccessDeniedException: /sdcard/screen_2026-05-29_033518.png
05-29 03:35:18.082  1445  1952 I MediaProvider: Scanned internal due to REASON_DEMAND, found 0 items in 20ms, 0 inserts 0 updates 0 deletes
05-29 03:35:18.083  1445  1952 I MediaProvider: End Intent { act=android.intent.action.MEDIA_SCANNER_SCAN_FILE dat=file:///sdcard/screen_2026-05-29_033518.png flg=0x1400010 cmp=com.android.providers.media.module/com.android.providers.media.MediaService }
05-29 03:35:18.060  1445  1445 W com.android.providers.media.module: type=1400 audit(0.0:1001): avc: denied { read } for comm=4173796E635461736B202331 name="primary" dev="tmpfs" ino=20393 scontext=u:r:mediaprovider_app:s0:c122,c256,c512,c768 tcontext=u:object_r:mnt_pass_through_file:s0 tclass=lnk_file permissive=0 app=com.android.providers.media.module
05-29 03:35:18.118  1445  1683 I MediaProvider: Deleted 1 items on external_primary due to com.android.shell
05-29 03:35:18.143 10553 10555 I cmd     : oneway function results will be dropped but finished with status OK and parcel size 4
05-29 03:35:18.258   158   158 I hwservicemanager: getTransport: Cannot find entry android.hardware.graphics.mapper@4.0::IMapper/default in either framework or device manifest.
05-29 03:35:18.258 10575 10575 I Gralloc4: mapper 4.x is not supported
05-29 03:35:18.296  8360  8360 I ProvidersCache: Updating roots due to change on user 0at content://com.android.providers.media.documents/root
05-29 03:35:18.313 10579 10581 I cmd     : oneway function results will be dropped but finished with status OK and parcel size 4
05-29 03:35:18.314  1445  1952 I MediaProvider: Begin Intent { act=android.intent.action.MEDIA_SCANNER_SCAN_FILE dat=file:///sdcard/screen_2026-05-29_033518.png flg=0x1400010 cmp=com.android.providers.media.module/com.android.providers.media.MediaService }
05-29 03:35:18.316  1445  1952 W ModernMediaScanner: Failed to visit /sdcard/screen_2026-05-29_033518.png: java.nio.file.AccessDeniedException: /sdcard/screen_2026-05-29_033518.png
05-29 03:35:18.316  1445  1952 I MediaProvider: Scanned internal due to REASON_DEMAND, found 0 items in 1ms, 0 inserts 0 updates 0 deletes
05-29 03:35:18.317  1445  1952 I MediaProvider: End Intent { act=android.intent.action.MEDIA_SCANNER_SCAN_FILE dat=file:///sdcard/screen_2026-05-29_033518.png flg=0x1400010 cmp=com.android.providers.media.module/com.android.providers.media.MediaService }
05-29 03:35:18.336  1445  1682 I MediaProvider: Deleted 1 items on external_primary due to com.android.shell
05-29 03:35:18.363 10590 10592 I cmd     : oneway function results will be dropped but finished with status OK and parcel size 4
05-29 03:35:18.492   158   158 I hwservicemanager: getTransport: Cannot find entry android.hardware.graphics.mapper@4.0::IMapper/default in either framework or device manifest.
05-29 03:35:18.492 10612 10612 I Gralloc4: mapper 4.x is not supported
05-29 03:35:18.547 10616 10618 I cmd     : oneway function results will be dropped but finished with status OK and parcel size 4
05-29 03:35:18.548  1445  1952 I MediaProvider: Begin Intent { act=android.intent.action.MEDIA_SCANNER_SCAN_FILE dat=file:///sdcard/screen_2026-05-29_033519.png flg=0x1400010 cmp=com.android.providers.media.module/com.android.providers.media.MediaService }
05-29 03:35:18.548  1445  1952 W ModernMediaScanner: Failed to visit /sdcard/screen_2026-05-29_033519.png: java.nio.file.AccessDeniedException: /sdcard/screen_2026-05-29_033519.png
05-29 03:35:18.551  1445  1952 I MediaProvider: Scanned internal due to REASON_DEMAND, found 0 items in 3ms, 0 inserts 0 updates 0 deletes
05-29 03:35:18.551  1445  1952 I MediaProvider: End Intent { act=android.intent.action.MEDIA_SCANNER_SCAN_FILE dat=file:///sdcard/screen_2026-05-29_033519.png flg=0x1400010 cmp=com.android.providers.media.module/com.android.providers.media.MediaService }
05-29 03:35:18.570  1445  2916 I MediaProvider: Deleted 1 items on external_primary due to com.android.shell
05-29 03:35:18.595 10627 10629 I cmd     : oneway function results will be dropped but finished with status OK and parcel size 4
05-29 03:35:18.643 10642 10644 I cmd     : oneway function results will be dropped but finished with status OK and parcel size 4
05-29 03:35:18.691 10657 10659 I cmd     : oneway function results will be dropped but finished with status OK and parcel size 4
05-29 03:35:18.740 10672 10674 I cmd     : oneway function results will be dropped but finished with status OK and parcel size 4
05-29 03:35:18.815 10684 10684 E libc    : Access denied finding property "persist.device_config.runtime_native_boot.profilebootclasspath"
05-29 03:35:18.815 10684 10684 E libc    : Access denied finding property "persist.device_config.runtime_native_boot.enable_apex_image"
05-29 03:35:18.815 10684 10684 I AndroidRuntime: Using default boot image
05-29 03:35:18.815 10684 10684 E libc    : Access denied finding property "persist.device_config.runtime_native_boot.disable_lock_profiling"
05-29 03:35:18.815 10684 10684 I AndroidRuntime: Leaving lock profiling enabled
05-29 03:35:18.815 10684 10684 E libc    : Access denied finding property "persist.device_config.runtime_native_boot.enable_generational_cc"
05-29 03:35:18.817 10684 10684 I app_process: Core platform API reporting enabled, enforcing=false
05-29 03:35:18.869 10684 10684 W app_process: Unexpected CPU variant for X86 using defaults: x86_64
05-29 03:35:18.870 10684 10684 I app_process: The ClassLoaderContext is a special shared library.
05-29 03:35:18.877 10684 10684 W app_process: JNI RegisterNativeMethods: attempt to register 0 native methods for android.media.AudioAttributes
05-29 03:35:18.907  2183  2183 E AccessibilityInteractionClient: 3 Disconnected nodes.
05-29 03:35:20.279  8360  8360 I ProvidersCache: Updating roots due to change on user 0at content://com.android.providers.media.documents/root
05-29 03:35:20.392  8360  8360 I chatty  : uid=10076(com.android.documentsui) identical 1 line
05-29 03:35:20.568  8360  8360 I ProvidersCache: Updating roots due to change on user 0at content://com.android.providers.media.documents/root
05-29 03:35:20.601   158   158 I hwservicemanager: getTransport: Cannot find entry android.hardware.graphics.mapper@4.0::IMapper/default in either framework or device manifest.
05-29 03:35:20.601 10718 10718 I Gralloc4: mapper 4.x is not supported
05-29 03:35:20.640  8360  8360 I ProvidersCache: Updating roots due to change on user 0at content://com.android.providers.media.documents/root
05-29 03:35:20.646  1445  1952 I MediaProvider: Begin Intent { act=android.intent.action.MEDIA_SCANNER_SCAN_FILE dat=file:///sdcard/screen_2026-05-29_033521.png flg=0x1400010 cmp=com.android.providers.media.module/com.android.providers.media.MediaService }
05-29 03:35:20.644  1445  1445 W com.android.providers.media.module: type=1400 audit(0.0:1021): avc: denied { read } for comm=4173796E635461736B202331 name="primary" dev="tmpfs" ino=20393 scontext=u:r:mediaprovider_app:s0:c122,c256,c512,c768 tcontext=u:object_r:mnt_pass_through_file:s0 tclass=lnk_file permissive=0 app=com.android.providers.media.module
05-29 03:35:20.861     0     0 W audit   : audit_lost=737 audit_rate_limit=5 audit_backlog_limit=64
05-29 03:35:20.870     0     0 E audit   : rate limit exceeded
05-29 03:35:20.665  1445  1952 W ModernMediaScanner: Failed to visit /sdcard/screen_2026-05-29_033521.png: java.nio.file.AccessDeniedException: /sdcard/screen_2026-05-29_033521.png
05-29 03:35:20.666  1445  1952 I MediaProvider: Scanned internal due to REASON_DEMAND, found 0 items in 18ms, 0 inserts 0 updates 0 deletes
05-29 03:35:20.666  1445  1952 I MediaProvider: End Intent { act=android.intent.action.MEDIA_SCANNER_SCAN_FILE dat=file:///sdcard/screen_2026-05-29_033521.png flg=0x1400010 cmp=com.android.providers.media.module/com.android.providers.media.MediaService }
05-29 03:35:20.644  1445  1445 W com.android.providers.media.module: type=1400 audit(0.0:1022): avc: denied { read } for comm=4173796E635461736B202331 name="primary" dev="tmpfs" ino=20393 scontext=u:r:mediaprovider_app:s0:c122,c256,c512,c768 tcontext=u:object_r:mnt_pass_through_file:s0 tclass=lnk_file permissive=0 app=com.android.providers.media.module
05-29 03:35:20.727  1445  1683 I MediaProvider: Deleted 1 items on external_primary due to com.android.shell
05-29 03:35:20.754 10733 10735 I cmd     : oneway function results will be dropped but finished with status OK and parcel size 4
05-29 03:35:20.872   158   158 I hwservicemanager: getTransport: Cannot find entry android.hardware.graphics.mapper@4.0::IMapper/default in either framework or device manifest.
05-29 03:35:20.872 10755 10755 I Gralloc4: mapper 4.x is not supported
05-29 03:35:20.889  8360  8360 I ProvidersCache: Updating roots due to change on user 0at content://com.android.providers.media.documents/root
05-29 03:35:20.935 10761 10763 I cmd     : oneway function results will be dropped but finished with status OK and parcel size 4
05-29 03:35:20.935  1445  1952 I MediaProvider: Begin Intent { act=android.intent.action.MEDIA_SCANNER_SCAN_FILE dat=file:///sdcard/screen_2026-05-29_033521.png flg=0x1400010 cmp=com.android.providers.media.module/com.android.providers.media.MediaService }
05-29 03:35:20.938  1445  1952 W ModernMediaScanner: Failed to visit /sdcard/screen_2026-05-29_033521.png: java.nio.file.AccessDeniedException: /sdcard/screen_2026-05-29_033521.png
05-29 03:35:20.939  1445  1952 I MediaProvider: Scanned internal due to REASON_DEMAND, found 0 items in 2ms, 0 inserts 0 updates 0 deletes
05-29 03:35:20.939  1445  1952 I MediaProvider: End Intent { act=android.intent.action.MEDIA_SCANNER_SCAN_FILE dat=file:///sdcard/screen_2026-05-29_033521.png flg=0x1400010 cmp=com.android.providers.media.module/com.android.providers.media.MediaService }
05-29 03:35:20.999  1445  1683 I MediaProvider: Deleted 1 items on external_primary due to com.android.shell
05-29 03:35:21.024 10772 10774 I cmd     : oneway function results will be dropped but finished with status OK and parcel size 4
05-29 03:35:21.142   158   158 I hwservicemanager: getTransport: Cannot find entry android.hardware.graphics.mapper@4.0::IMapper/default in either framework or device manifest.
05-29 03:35:21.142 10794 10794 I Gralloc4: mapper 4.x is not supported
05-29 03:35:21.187  1445  1952 I MediaProvider: Begin Intent { act=android.intent.action.MEDIA_SCANNER_SCAN_FILE dat=file:///sdcard/screen_2026-05-29_033521.png flg=0x1400010 cmp=com.android.providers.media.module/com.android.providers.media.MediaService }
05-29 03:35:21.188  1445  1952 W ModernMediaScanner: Failed to visit /sdcard/screen_2026-05-29_033521.png: java.nio.file.AccessDeniedException: /sdcard/screen_2026-05-29_033521.png
05-29 03:35:21.189  1445  1952 I MediaProvider: Scanned internal due to REASON_DEMAND, found 0 items in 1ms, 0 inserts 0 updates 0 deletes
05-29 03:35:21.192  1445  1952 I MediaProvider: End Intent { act=android.intent.action.MEDIA_SCANNER_SCAN_FILE dat=file:///sdcard/screen_2026-05-29_033521.png flg=0x1400010 cmp=com.android.providers.media.module/com.android.providers.media.MediaService }
05-29 03:35:21.212  1445  2916 I MediaProvider: Deleted 1 items on external_primary due to com.android.shell
05-29 03:35:21.239 10809 10811 I cmd     : oneway function results will be dropped but finished with status OK and parcel size 4
05-29 03:35:21.288 10824 10826 I cmd     : oneway function results will be dropped but finished with status OK and parcel size 4
05-29 03:35:21.385 10854 10856 I cmd     : oneway function results will be dropped but finished with status OK and parcel size 4
05-29 03:35:21.460 10866 10866 E libc    : Access denied finding property "persist.device_config.runtime_native_boot.profilebootclasspath"
05-29 03:35:21.460 10866 10866 E libc    : Access denied finding property "persist.device_config.runtime_native_boot.enable_apex_image"
05-29 03:35:21.460 10866 10866 I AndroidRuntime: Using default boot image
05-29 03:35:21.460 10866 10866 E libc    : Access denied finding property "persist.device_config.runtime_native_boot.disable_lock_profiling"
05-29 03:35:21.460 10866 10866 I AndroidRuntime: Leaving lock profiling enabled
05-29 03:35:21.460 10866 10866 E libc    : Access denied finding property "persist.device_config.runtime_native_boot.enable_generational_cc"
05-29 03:35:21.462 10866 10866 I app_process: Core platform API reporting enabled, enforcing=false
05-29 03:35:21.498 10866 10866 W app_process: Unexpected CPU variant for X86 using defaults: x86_64
05-29 03:35:21.499 10866 10866 I app_process: The ClassLoaderContext is a special shared library.
05-29 03:35:21.505 10866 10866 W app_process: JNI RegisterNativeMethods: attempt to register 0 native methods for android.media.AudioAttributes
05-29 03:35:21.633  2183  2183 E AccessibilityInteractionClient: 3 Disconnected nodes.
05-29 03:35:22.862  8360  8360 I ProvidersCache: Updating roots due to change on user 0at content://com.android.providers.media.documents/root
05-29 03:35:22.925  1425  1894 I Dialer  : VvmTaskExecutor - executing task com.android.voicemail.impl.ActivationTask@9baec1c
05-29 03:35:22.925  1425  1894 I Dialer  : PreOMigrationHandler - ComponentInfo{com.android.phone/com.android.services.telephony.TelephonyConnectionService}, ***, UserHandle{0} already migrated
05-29 03:35:22.936  6665  6786 I VoicemailNotifier: receivers for android.intent.action.PROVIDER_CHANGED :[]
05-29 03:35:22.937  1425  1894 I Dialer  : VvmActivationTask - VVM content provider configured - vvm_type_cvvm
05-29 03:35:22.938  1425  1894 I Dialer  : OmtpVvmCarrierCfgHlpr - OmtpEvent:CONFIG_ACTIVATING
05-29 03:35:22.940  6665  6786 I VoicemailNotifier: receivers for android.intent.action.PROVIDER_CHANGED :[]
05-29 03:35:22.992  8360  8360 I ProvidersCache: Updating roots due to change on user 0at content://com.android.providers.media.documents/root
05-29 03:35:23.095  8360  8360 I chatty  : uid=10076(com.android.documentsui) identical 1 line
05-29 03:35:23.221  8360  8360 I ProvidersCache: Updating roots due to change on user 0at content://com.android.providers.media.documents/root
05-29 03:35:23.229   158   158 I hwservicemanager: getTransport: Cannot find entry android.hardware.graphics.mapper@4.0::IMapper/default in either framework or device manifest.
05-29 03:35:23.229 10900 10900 I Gralloc4: mapper 4.x is not supported
05-29 03:35:23.267 10904 10906 I cmd     : oneway function results will be dropped but finished with status OK and parcel size 4
05-29 03:35:23.268  1445  1952 I MediaProvider: Begin Intent { act=android.intent.action.MEDIA_SCANNER_SCAN_FILE dat=file:///sdcard/screen_2026-05-29_033523.png flg=0x1400010 cmp=com.android.providers.media.module/com.android.providers.media.MediaService }
05-29 03:35:23.268  1445  1445 W com.android.providers.media.module: type=1400 audit(0.0:1043): avc: denied { read } for comm=4173796E635461736B202331 name="primary" dev="tmpfs" ino=20393 scontext=u:r:mediaprovider_app:s0:c122,c256,c512,c768 tcontext=u:object_r:mnt_pass_through_file:s0 tclass=lnk_file permissive=0 app=com.android.providers.media.module
05-29 03:35:23.483     0     0 W audit   : audit_lost=754 audit_rate_limit=5 audit_backlog_limit=64
05-29 03:35:23.495     0     0 E audit   : rate limit exceeded
05-29 03:35:23.293  1445  1952 W ModernMediaScanner: Failed to visit /sdcard/screen_2026-05-29_033523.png: java.nio.file.AccessDeniedException: /sdcard/screen_2026-05-29_033523.png
05-29 03:35:23.293  1445  1952 I MediaProvider: Scanned internal due to REASON_DEMAND, found 0 items in 24ms, 0 inserts 0 updates 0 deletes
05-29 03:35:23.294  1445  1952 I MediaProvider: End Intent { act=android.intent.action.MEDIA_SCANNER_SCAN_FILE dat=file:///sdcard/screen_2026-05-29_033523.png flg=0x1400010 cmp=com.android.providers.media.module/com.android.providers.media.MediaService }
05-29 03:35:23.268  1445  1445 W com.android.providers.media.module: type=1400 audit(0.0:1044): avc: denied { read } for comm=4173796E635461736B202331 name="primary" dev="tmpfs" ino=20393 scontext=u:r:mediaprovider_app:s0:c122,c256,c512,c768 tcontext=u:object_r:mnt_pass_through_file:s0 tclass=lnk_file permissive=0 app=com.android.providers.media.module
05-29 03:35:23.331  1445  1682 I MediaProvider: Deleted 1 items on external_primary due to com.android.shell
05-29 03:35:23.358 10915 10917 I cmd     : oneway function results will be dropped but finished with status OK and parcel size 4
05-29 03:35:23.441  8360  8360 I ProvidersCache: Updating roots due to change on user 0at content://com.android.providers.media.documents/root
05-29 03:35:23.493   158   158 I hwservicemanager: getTransport: Cannot find entry android.hardware.graphics.mapper@4.0::IMapper/default in either framework or device manifest.
05-29 03:35:23.493 10937 10937 I Gralloc4: mapper 4.x is not supported
05-29 03:35:23.530 10941 10943 I cmd     : oneway function results will be dropped but finished with status OK and parcel size 4
05-29 03:35:23.531  1445  1952 I MediaProvider: Begin Intent { act=android.intent.action.MEDIA_SCANNER_SCAN_FILE dat=file:///sdcard/screen_2026-05-29_033524.png flg=0x1400010 cmp=com.android.providers.media.module/com.android.providers.media.MediaService }
05-29 03:35:23.531  1445  1952 W ModernMediaScanner: Failed to visit /sdcard/screen_2026-05-29_033524.png: java.nio.file.AccessDeniedException: /sdcard/screen_2026-05-29_033524.png
05-29 03:35:23.532  1445  1952 I MediaProvider: Scanned internal due to REASON_DEMAND, found 0 items in 0ms, 0 inserts 0 updates 0 deletes
05-29 03:35:23.533  1445  1952 I MediaProvider: End Intent { act=android.intent.action.MEDIA_SCANNER_SCAN_FILE dat=file:///sdcard/screen_2026-05-29_033524.png flg=0x1400010 cmp=com.android.providers.media.module/com.android.providers.media.MediaService }
05-29 03:35:23.554  1445  1682 I MediaProvider: Deleted 1 items on external_primary due to com.android.shell
05-29 03:35:23.581 10952 10954 I cmd     : oneway function results will be dropped but finished with status OK and parcel size 4
05-29 03:35:23.701   158   158 I hwservicemanager: getTransport: Cannot find entry android.hardware.graphics.mapper@4.0::IMapper/default in either framework or device manifest.
05-29 03:35:23.701 10974 10974 I Gralloc4: mapper 4.x is not supported
05-29 03:35:23.739 10978 10980 I cmd     : oneway function results will be dropped but finished with status OK and parcel size 4
05-29 03:35:23.740  1445  1952 I MediaProvider: Begin Intent { act=android.intent.action.MEDIA_SCANNER_SCAN_FILE dat=file:///sdcard/screen_2026-05-29_033524.png flg=0x1400010 cmp=com.android.providers.media.module/com.android.providers.media.MediaService }
05-29 03:35:23.741  1445  1952 W ModernMediaScanner: Failed to visit /sdcard/screen_2026-05-29_033524.png: java.nio.file.AccessDeniedException: /sdcard/screen_2026-05-29_033524.png
05-29 03:35:23.741  1445  1952 I MediaProvider: Scanned internal due to REASON_DEMAND, found 0 items in 2ms, 0 inserts 0 updates 0 deletes
05-29 03:35:23.742  1445  1952 I MediaProvider: End Intent { act=android.intent.action.MEDIA_SCANNER_SCAN_FILE dat=file:///sdcard/screen_2026-05-29_033524.png flg=0x1400010 cmp=com.android.providers.media.module/com.android.providers.media.MediaService }
05-29 03:35:23.762  1445  2916 I MediaProvider: Deleted 1 items on external_primary due to com.android.shell
05-29 03:35:23.787 10989 10991 I cmd     : oneway function results will be dropped but finished with status OK and parcel size 4
05-29 03:35:23.836 11004 11006 I cmd     : oneway function results will be dropped but finished with status OK and parcel size 4
05-29 03:35:23.888 11019 11021 I cmd     : oneway function results will be dropped but finished with status OK and parcel size 4
05-29 03:35:23.938 11034 11036 I cmd     : oneway function results will be dropped but finished with status OK and parcel size 4
05-29 03:35:24.019 11046 11046 E libc    : Access denied finding property "persist.device_config.runtime_native_boot.profilebootclasspath"
05-29 03:35:24.019 11046 11046 E libc    : Access denied finding property "persist.device_config.runtime_native_boot.enable_apex_image"
05-29 03:35:24.019 11046 11046 I AndroidRuntime: Using default boot image
05-29 03:35:24.019 11046 11046 E libc    : Access denied finding property "persist.device_config.runtime_native_boot.disable_lock_profiling"
05-29 03:35:24.019 11046 11046 I AndroidRuntime: Leaving lock profiling enabled
05-29 03:35:24.019 11046 11046 E libc    : Access denied finding property "persist.device_config.runtime_native_boot.enable_generational_cc"
05-29 03:35:24.020 11046 11046 I app_process: Core platform API reporting enabled, enforcing=false
05-29 03:35:24.056 11046 11046 W app_process: Unexpected CPU variant for X86 using defaults: x86_64
05-29 03:35:24.057 11046 11046 I app_process: The ClassLoaderContext is a special shared library.
05-29 03:35:24.063 11046 11046 W app_process: JNI RegisterNativeMethods: attempt to register 0 native methods for android.media.AudioAttributes
05-29 03:35:25.412  8360  8360 I ProvidersCache: Updating roots due to change on user 0at content://com.android.providers.media.documents/root
05-29 03:35:25.562  8360  8360 I chatty  : uid=10076(com.android.documentsui) identical 1 line
05-29 03:35:25.733  8360  8360 I ProvidersCache: Updating roots due to change on user 0at content://com.android.providers.media.documents/root
05-29 03:35:25.781   158   158 I hwservicemanager: getTransport: Cannot find entry android.hardware.graphics.mapper@4.0::IMapper/default in either framework or device manifest.
05-29 03:35:25.781 11079 11079 I Gralloc4: mapper 4.x is not supported
05-29 03:35:25.824  8360  8360 I ProvidersCache: Updating roots due to change on user 0at content://com.android.providers.media.documents/root
05-29 03:35:25.826  1445  1952 I MediaProvider: Begin Intent { act=android.intent.action.MEDIA_SCANNER_SCAN_FILE dat=file:///sdcard/screen_2026-05-29_033526.png flg=0x1400010 cmp=com.android.providers.media.module/com.android.providers.media.MediaService }
05-29 03:35:25.830 11083 11085 I cmd     : oneway function results will be dropped but finished with status OK and parcel size 4
05-29 03:35:25.824  1445  1445 W com.android.providers.media.module: type=1400 audit(0.0:1065): avc: denied { read } for comm=4173796E635461736B202331 name="primary" dev="tmpfs" ino=20393 scontext=u:r:mediaprovider_app:s0:c122,c256,c512,c768 tcontext=u:object_r:mnt_pass_through_file:s0 tclass=lnk_file permissive=0 app=com.android.providers.media.module
05-29 03:35:26.041     0     0 W audit   : audit_lost=771 audit_rate_limit=5 audit_backlog_limit=64
05-29 03:35:26.043     0     0 E audit   : rate limit exceeded
05-29 03:35:25.838  1445  1952 W ModernMediaScanner: Failed to visit /sdcard/screen_2026-05-29_033526.png: java.nio.file.AccessDeniedException: /sdcard/screen_2026-05-29_033526.png
05-29 03:35:25.839  1445  1952 I MediaProvider: Scanned internal due to REASON_DEMAND, found 0 items in 12ms, 0 inserts 0 updates 0 deletes
05-29 03:35:25.840  1445  1952 I MediaProvider: End Intent { act=android.intent.action.MEDIA_SCANNER_SCAN_FILE dat=file:///sdcard/screen_2026-05-29_033526.png flg=0x1400010 cmp=com.android.providers.media.module/com.android.providers.media.MediaService }
05-29 03:35:25.824  1445  1445 W com.android.providers.media.module: type=1400 audit(0.0:1066): avc: denied { read } for comm=4173796E635461736B202331 name="primary" dev="tmpfs" ino=20393 scontext=u:r:mediaprovider_app:s0:c122,c256,c512,c768 tcontext=u:object_r:mnt_pass_through_file:s0 tclass=lnk_file permissive=0 app=com.android.providers.media.module
05-29 03:35:25.879  1445  1683 I MediaProvider: Deleted 1 items on external_primary due to com.android.shell
05-29 03:35:25.904 11094 11096 I cmd     : oneway function results will be dropped but finished with status OK and parcel size 4
05-29 03:35:25.968  8360  8360 I ProvidersCache: Updating roots due to change on user 0at content://com.android.providers.media.documents/root
05-29 03:35:26.025   158   158 I hwservicemanager: getTransport: Cannot find entry android.hardware.graphics.mapper@4.0::IMapper/default in either framework or device manifest.
05-29 03:35:26.026 11117 11117 I Gralloc4: mapper 4.x is not supported
05-29 03:35:26.043  8360  8360 I ProvidersCache: Updating roots due to change on user 0at content://com.android.providers.media.documents/root
05-29 03:35:26.094 11123 11125 I cmd     : oneway function results will be dropped but finished with status OK and parcel size 4
05-29 03:35:26.095  1445  1952 I MediaProvider: Begin Intent { act=android.intent.action.MEDIA_SCANNER_SCAN_FILE dat=file:///sdcard/screen_2026-05-29_033526.png flg=0x1400010 cmp=com.android.providers.media.module/com.android.providers.media.MediaService }
05-29 03:35:26.098  1445  1952 W ModernMediaScanner: Failed to visit /sdcard/screen_2026-05-29_033526.png: java.nio.file.AccessDeniedException: /sdcard/screen_2026-05-29_033526.png
05-29 03:35:26.098  1445  1952 I MediaProvider: Scanned internal due to REASON_DEMAND, found 0 items in 3ms, 0 inserts 0 updates 0 deletes
05-29 03:35:26.099  1445  1952 I MediaProvider: End Intent { act=android.intent.action.MEDIA_SCANNER_SCAN_FILE dat=file:///sdcard/screen_2026-05-29_033526.png flg=0x1400010 cmp=com.android.providers.media.module/com.android.providers.media.MediaService }
05-29 03:35:26.115  1445  1682 I MediaProvider: Deleted 1 items on external_primary due to com.android.shell
05-29 03:35:26.140 11134 11136 I cmd     : oneway function results will be dropped but finished with status OK and parcel size 4
05-29 03:35:26.258   158   158 I hwservicemanager: getTransport: Cannot find entry android.hardware.graphics.mapper@4.0::IMapper/default in either framework or device manifest.
05-29 03:35:26.258 11156 11156 I Gralloc4: mapper 4.x is not supported
05-29 03:35:26.303 11160 11162 I cmd     : oneway function results will be dropped but finished with status OK and parcel size 4
05-29 03:35:26.304  1445  1952 I MediaProvider: Begin Intent { act=android.intent.action.MEDIA_SCANNER_SCAN_FILE dat=file:///sdcard/screen_2026-05-29_033526.png flg=0x1400010 cmp=com.android.providers.media.module/com.android.providers.media.MediaService }
05-29 03:35:26.305  1445  1952 W ModernMediaScanner: Failed to visit /sdcard/screen_2026-05-29_033526.png: java.nio.file.AccessDeniedException: /sdcard/screen_2026-05-29_033526.png
05-29 03:35:26.306  1445  1952 I MediaProvider: Scanned internal due to REASON_DEMAND, found 0 items in 1ms, 0 inserts 0 updates 0 deletes
05-29 03:35:26.309  1445  1952 I MediaProvider: End Intent { act=android.intent.action.MEDIA_SCANNER_SCAN_FILE dat=file:///sdcard/screen_2026-05-29_033526.png flg=0x1400010 cmp=com.android.providers.media.module/com.android.providers.media.MediaService }
05-29 03:35:26.367  1445  2916 I MediaProvider: Deleted 1 items on external_primary due to com.android.shell
05-29 03:35:26.394 11171 11173 I cmd     : oneway function results will be dropped but finished with status OK and parcel size 4
05-29 03:35:26.442 11186 11188 I cmd     : oneway function results will be dropped but finished with status OK and parcel size 4
05-29 03:35:26.489 11201 11203 I cmd     : oneway function results will be dropped but finished with status OK and parcel size 4
05-29 03:35:26.538 11216 11218 I cmd     : oneway function results will be dropped but finished with status OK and parcel size 4
05-29 03:35:26.613 11228 11228 E libc    : Access denied finding property "persist.device_config.runtime_native_boot.profilebootclasspath"
05-29 03:35:26.613 11228 11228 E libc    : Access denied finding property "persist.device_config.runtime_native_boot.enable_apex_image"
05-29 03:35:26.613 11228 11228 I AndroidRuntime: Using default boot image
05-29 03:35:26.613 11228 11228 E libc    : Access denied finding property "persist.device_config.runtime_native_boot.disable_lock_profiling"
05-29 03:35:26.613 11228 11228 I AndroidRuntime: Leaving lock profiling enabled
05-29 03:35:26.614 11228 11228 E libc    : Access denied finding property "persist.device_config.runtime_native_boot.enable_generational_cc"
05-29 03:35:26.615 11228 11228 I app_process: Core platform API reporting enabled, enforcing=false
05-29 03:35:26.651 11228 11228 W app_process: Unexpected CPU variant for X86 using defaults: x86_64
05-29 03:35:26.652 11228 11228 I app_process: The ClassLoaderContext is a special shared library.
05-29 03:35:26.659 11228 11228 W app_process: JNI RegisterNativeMethods: attempt to register 0 native methods for android.media.AudioAttributes
05-29 03:35:28.029  8360  8360 I ProvidersCache: Updating roots due to change on user 0at content://com.android.providers.media.documents/root
05-29 03:35:28.161  8360  8360 I chatty  : uid=10076(com.android.documentsui) identical 1 line
05-29 03:35:28.279  8360  8360 I ProvidersCache: Updating roots due to change on user 0at content://com.android.providers.media.documents/root
05-29 03:35:28.376  8360  8360 I ProvidersCache: Updating roots due to change on user 0at content://com.android.providers.media.documents/root
05-29 03:35:28.377   158   158 I hwservicemanager: getTransport: Cannot find entry android.hardware.graphics.mapper@4.0::IMapper/default in either framework or device manifest.
05-29 03:35:28.378 11260 11260 I Gralloc4: mapper 4.x is not supported
05-29 03:35:28.418  1445  1952 I MediaProvider: Begin Intent { act=android.intent.action.MEDIA_SCANNER_SCAN_FILE dat=file:///sdcard/screen_2026-05-29_033529.png flg=0x1400010 cmp=com.android.providers.media.module/com.android.providers.media.MediaService }
05-29 03:35:28.416  1445  1445 W com.android.providers.media.module: type=1400 audit(0.0:1087): avc: denied { read } for comm=4173796E635461736B202331 name="primary" dev="tmpfs" ino=20393 scontext=u:r:mediaprovider_app:s0:c122,c256,c512,c768 tcontext=u:object_r:mnt_pass_through_file:s0 tclass=lnk_file permissive=0 app=com.android.providers.media.module
05-29 03:35:28.633     0     0 W audit   : audit_lost=788 audit_rate_limit=5 audit_backlog_limit=64
05-29 03:35:28.645     0     0 E audit   : rate limit exceeded
05-29 03:35:28.442  1445  1952 W ModernMediaScanner: Failed to visit /sdcard/screen_2026-05-29_033529.png: java.nio.file.AccessDeniedException: /sdcard/screen_2026-05-29_033529.png
05-29 03:35:28.443  1445  1952 I MediaProvider: Scanned internal due to REASON_DEMAND, found 0 items in 24ms, 0 inserts 0 updates 0 deletes
05-29 03:35:28.444  1445  1952 I MediaProvider: End Intent { act=android.intent.action.MEDIA_SCANNER_SCAN_FILE dat=file:///sdcard/screen_2026-05-29_033529.png flg=0x1400010 cmp=com.android.providers.media.module/com.android.providers.media.MediaService }
05-29 03:35:28.416  1445  1445 W com.android.providers.media.module: type=1400 audit(0.0:1088): avc: denied { read } for comm=4173796E635461736B202331 name="primary" dev="tmpfs" ino=20393 scontext=u:r:mediaprovider_app:s0:c122,c256,c512,c768 tcontext=u:object_r:mnt_pass_through_file:s0 tclass=lnk_file permissive=0 app=com.android.providers.media.module
05-29 03:35:28.484  1445  1683 I MediaProvider: Deleted 1 items on external_primary due to com.android.shell
05-29 03:35:28.520  8360  8360 I ProvidersCache: Updating roots due to change on user 0at content://com.android.providers.media.documents/root
05-29 03:35:28.536 11275 11277 I cmd     : oneway function results will be dropped but finished with status OK and parcel size 4
05-29 03:35:28.614  8360  8360 I ProvidersCache: Updating roots due to change on user 0at content://com.android.providers.media.documents/root
05-29 03:35:28.659   158   158 I hwservicemanager: getTransport: Cannot find entry android.hardware.graphics.mapper@4.0::IMapper/default in either framework or device manifest.
05-29 03:35:28.660 11297 11297 I Gralloc4: mapper 4.x is not supported
05-29 03:35:28.699  1445  1952 I MediaProvider: Begin Intent { act=android.intent.action.MEDIA_SCANNER_SCAN_FILE dat=file:///sdcard/screen_2026-05-29_033529.png flg=0x1400010 cmp=com.android.providers.media.module/com.android.providers.media.MediaService }
05-29 03:35:28.700  1445  1952 W ModernMediaScanner: Failed to visit /sdcard/screen_2026-05-29_033529.png: java.nio.file.AccessDeniedException: /sdcard/screen_2026-05-29_033529.png
05-29 03:35:28.701  1445  1952 I MediaProvider: Scanned internal due to REASON_DEMAND, found 0 items in 1ms, 0 inserts 0 updates 0 deletes
05-29 03:35:28.702  1445  1952 I MediaProvider: End Intent { act=android.intent.action.MEDIA_SCANNER_SCAN_FILE dat=file:///sdcard/screen_2026-05-29_033529.png flg=0x1400010 cmp=com.android.providers.media.module/com.android.providers.media.MediaService }
05-29 03:35:28.722  1445  1682 I MediaProvider: Deleted 1 items on external_primary due to com.android.shell
05-29 03:35:28.867   158   158 I hwservicemanager: getTransport: Cannot find entry android.hardware.graphics.mapper@4.0::IMapper/default in either framework or device manifest.
05-29 03:35:28.867 11334 11334 I Gralloc4: mapper 4.x is not supported
05-29 03:35:28.906 11338 11340 I cmd     : oneway function results will be dropped but finished with status OK and parcel size 4
05-29 03:35:28.906  1445  1952 I MediaProvider: Begin Intent { act=android.intent.action.MEDIA_SCANNER_SCAN_FILE dat=file:///sdcard/screen_2026-05-29_033529.png flg=0x1400010 cmp=com.android.providers.media.module/com.android.providers.media.MediaService }
05-29 03:35:28.907  1445  1952 W ModernMediaScanner: Failed to visit /sdcard/screen_2026-05-29_033529.png: java.nio.file.AccessDeniedException: /sdcard/screen_2026-05-29_033529.png
05-29 03:35:28.908  1445  1952 I MediaProvider: Scanned internal due to REASON_DEMAND, found 0 items in 1ms, 0 inserts 0 updates 0 deletes
05-29 03:35:28.909  1445  1952 I MediaProvider: End Intent { act=android.intent.action.MEDIA_SCANNER_SCAN_FILE dat=file:///sdcard/screen_2026-05-29_033529.png flg=0x1400010 cmp=com.android.providers.media.module/com.android.providers.media.MediaService }
05-29 03:35:28.930  1445  2916 I MediaProvider: Deleted 1 items on external_primary due to com.android.shell
05-29 03:35:28.955 11349 11351 I cmd     : oneway function results will be dropped but finished with status OK and parcel size 4
05-29 03:35:29.005 11364 11366 I cmd     : oneway function results will be dropped but finished with status OK and parcel size 4
05-29 03:35:29.055 11379 11381 I cmd     : oneway function results will be dropped but finished with status OK and parcel size 4
05-29 03:35:29.102 11394 11396 I cmd     : oneway function results will be dropped but finished with status OK and parcel size 4
05-29 03:35:29.180 11406 11406 E libc    : Access denied finding property "persist.device_config.runtime_native_boot.profilebootclasspath"
05-29 03:35:29.180 11406 11406 E libc    : Access denied finding property "persist.device_config.runtime_native_boot.enable_apex_image"
05-29 03:35:29.180 11406 11406 I AndroidRuntime: Using default boot image
05-29 03:35:29.180 11406 11406 E libc    : Access denied finding property "persist.device_config.runtime_native_boot.disable_lock_profiling"
05-29 03:35:29.180 11406 11406 I AndroidRuntime: Leaving lock profiling enabled
05-29 03:35:29.180 11406 11406 E libc    : Access denied finding property "persist.device_config.runtime_native_boot.enable_generational_cc"
05-29 03:35:29.181 11406 11406 I app_process: Core platform API reporting enabled, enforcing=false
