05-29 03:35:03.269  9584  9584 E libc    : Access denied finding property "persist.device_config.runtime_native_boot.enable_apex_image"
05-29 03:35:03.269  9584  9584 I AndroidRuntime: Using default boot image
05-29 03:35:03.269  9584  9584 E libc    : Access denied finding property "persist.device_config.runtime_native_boot.disable_lock_profiling"
05-29 03:35:03.269  9584  9584 I AndroidRuntime: Leaving lock profiling enabled
05-29 03:35:03.269  9584  9584 E libc    : Access denied finding property "persist.device_config.runtime_native_boot.enable_generational_cc"
05-29 03:35:03.271  9584  9584 I app_process: Core platform API reporting enabled, enforcing=false
05-29 03:35:03.319  9584  9584 W app_process: Unexpected CPU variant for X86 using defaults: x86_64
05-29 03:35:03.320  9584  9584 I app_process: The ClassLoaderContext is a special shared library.
05-29 03:35:03.330  9584  9584 W app_process: JNI RegisterNativeMethods: attempt to register 0 native methods for android.media.AudioAttributes
05-29 03:35:03.564  2183  2183 E AccessibilityInteractionClient: 2 Disconnected nodes.
05-29 03:35:03.932  8360  8360 I ProvidersCache: Updating roots due to change on user 0at content://com.android.providers.media.documents/root
05-29 03:35:04.513  8360  8360 I chatty  : uid=10076(com.android.documentsui) identical 2 lines
05-29 03:35:04.696  8360  8360 I ProvidersCache: Updating roots due to change on user 0at content://com.android.providers.media.documents/root
05-29 03:35:05.070   158   158 I hwservicemanager: getTransport: Cannot find entry android.hardware.graphics.mapper@4.0::IMapper/default in either framework or device manifest.
05-29 03:35:05.070  9617  9617 I Gralloc4: mapper 4.x is not supported
05-29 03:35:05.115   507  1547 I ActivityManager: Killing 1769:com.android.messaging/u0a102 (adj 985): empty #17
05-29 03:35:05.116  9621  9623 I cmd     : oneway function results will be dropped but finished with status OK and parcel size 4
05-29 03:35:05.119  1445  1952 I MediaProvider: Begin Intent { act=android.intent.action.MEDIA_SCANNER_SCAN_FILE dat=file:///sdcard/screen_2026-05-29_033505.png flg=0x1400010 cmp=com.android.providers.media.module/com.android.providers.media.MediaService }
05-29 03:35:05.129   280   280 I Zygote  : Process 1769 exited due to signal 9 (Killed)
05-29 03:35:05.116  1445  1445 W com.android.providers.media.module: type=1400 audit(0.0:889): avc: denied { read } for comm=4173796E635461736B202331 name="primary" dev="tmpfs" ino=20393 scontext=u:r:mediaprovider_app:s0:c122,c256,c512,c768 tcontext=u:object_r:mnt_pass_through_file:s0 tclass=lnk_file permissive=0 app=com.android.providers.media.module
05-29 03:35:05.342     0     0 W audit   : audit_lost=635 audit_rate_limit=5 audit_backlog_limit=64
05-29 03:35:05.345     0     0 E audit   : rate limit exceeded
05-29 03:35:05.116  1445  1445 W com.android.providers.media.module: type=1400 audit(0.0:890): avc: denied { read } for comm=4173796E635461736B202331 name="primary" dev="tmpfs" ino=20393 scontext=u:r:mediaprovider_app:s0:c122,c256,c512,c768 tcontext=u:object_r:mnt_pass_through_file:s0 tclass=lnk_file permissive=0 app=com.android.providers.media.module
05-29 03:35:05.139  1445  1952 W ModernMediaScanner: Failed to visit /sdcard/screen_2026-05-29_033505.png: java.nio.file.AccessDeniedException: /sdcard/screen_2026-05-29_033505.png
05-29 03:35:05.139  1445  1952 I MediaProvider: Scanned internal due to REASON_DEMAND, found 0 items in 12ms, 0 inserts 0 updates 0 deletes
05-29 03:35:05.140  1445  1952 I MediaProvider: End Intent { act=android.intent.action.MEDIA_SCANNER_SCAN_FILE dat=file:///sdcard/screen_2026-05-29_033505.png flg=0x1400010 cmp=com.android.providers.media.module/com.android.providers.media.MediaService }
05-29 03:35:05.128  1445  1445 W com.android.providers.media.module: type=1400 audit(0.0:891): avc: denied { read } for comm=4173796E635461736B202331 name="primary" dev="tmpfs" ino=20393 scontext=u:r:mediaprovider_app:s0:c122,c256,c512,c768 tcontext=u:object_r:mnt_pass_through_file:s0 tclass=lnk_file permissive=0 app=com.android.providers.media.module
05-29 03:35:05.152   507   548 I libprocessgroup: Successfully killed process cgroup uid 10102 pid 1769 in 36ms
05-29 03:35:05.128  1445  1445 W com.android.providers.media.module: type=1400 audit(0.0:892): avc: denied { read } for comm=4173796E635461736B202331 name="primary" dev="tmpfs" ino=20393 scontext=u:r:mediaprovider_app:s0:c122,c256,c512,c768 tcontext=u:object_r:mnt_pass_through_file:s0 tclass=lnk_file permissive=0 app=com.android.providers.media.module
05-29 03:35:05.173  1445  1683 I MediaProvider: Deleted 1 items on external_primary due to com.android.shell
05-29 03:35:05.199  9632  9634 I cmd     : oneway function results will be dropped but finished with status OK and parcel size 4
05-29 03:35:05.323   158   158 I hwservicemanager: getTransport: Cannot find entry android.hardware.graphics.mapper@4.0::IMapper/default in either framework or device manifest.
05-29 03:35:05.323  9654  9654 I Gralloc4: mapper 4.x is not supported
05-29 03:35:05.370  9658  9660 I cmd     : oneway function results will be dropped but finished with status OK and parcel size 4
05-29 03:35:05.370  1445  1952 I MediaProvider: Begin Intent { act=android.intent.action.MEDIA_SCANNER_SCAN_FILE dat=file:///sdcard/screen_2026-05-29_033506.png flg=0x1400010 cmp=com.android.providers.media.module/com.android.providers.media.MediaService }
05-29 03:35:05.372  1445  1952 W ModernMediaScanner: Failed to visit /sdcard/screen_2026-05-29_033506.png: java.nio.file.AccessDeniedException: /sdcard/screen_2026-05-29_033506.png
05-29 03:35:05.372  1445  1952 I MediaProvider: Scanned internal due to REASON_DEMAND, found 0 items in 1ms, 0 inserts 0 updates 0 deletes
05-29 03:35:05.384  1445  1952 I MediaProvider: End Intent { act=android.intent.action.MEDIA_SCANNER_SCAN_FILE dat=file:///sdcard/screen_2026-05-29_033506.png flg=0x1400010 cmp=com.android.providers.media.module/com.android.providers.media.MediaService }
05-29 03:35:05.403  1445  2916 I MediaProvider: Deleted 1 items on external_primary due to com.android.shell
05-29 03:35:05.550   158   158 I hwservicemanager: getTransport: Cannot find entry android.hardware.graphics.mapper@4.0::IMapper/default in either framework or device manifest.
05-29 03:35:05.550  9693  9693 I Gralloc4: mapper 4.x is not supported
05-29 03:35:05.597  9697  9699 I cmd     : oneway function results will be dropped but finished with status OK and parcel size 4
05-29 03:35:05.598  1445  1952 I MediaProvider: Begin Intent { act=android.intent.action.MEDIA_SCANNER_SCAN_FILE dat=file:///sdcard/screen_2026-05-29_033506.png flg=0x1400010 cmp=com.android.providers.media.module/com.android.providers.media.MediaService }
05-29 03:35:05.600  1445  1952 W ModernMediaScanner: Failed to visit /sdcard/screen_2026-05-29_033506.png: java.nio.file.AccessDeniedException: /sdcard/screen_2026-05-29_033506.png
05-29 03:35:05.601  1445  1952 I MediaProvider: Scanned internal due to REASON_DEMAND, found 0 items in 2ms, 0 inserts 0 updates 0 deletes
05-29 03:35:05.601  1445  1952 I MediaProvider: End Intent { act=android.intent.action.MEDIA_SCANNER_SCAN_FILE dat=file:///sdcard/screen_2026-05-29_033506.png flg=0x1400010 cmp=com.android.providers.media.module/com.android.providers.media.MediaService }
05-29 03:35:05.661  1445  1682 I MediaProvider: Deleted 1 items on external_primary due to com.android.shell
05-29 03:35:05.686  9708  9710 I cmd     : oneway function results will be dropped but finished with status OK and parcel size 4
05-29 03:35:05.735  9723  9725 I cmd     : oneway function results will be dropped but finished with status OK and parcel size 4
05-29 03:35:05.784  9738  9740 I cmd     : oneway function results will be dropped but finished with status OK and parcel size 4
05-29 03:35:05.833  9753  9755 I cmd     : oneway function results will be dropped but finished with status OK and parcel size 4
05-29 03:35:05.911  9765  9765 E libc    : Access denied finding property "persist.device_config.runtime_native_boot.profilebootclasspath"
05-29 03:35:05.911  9765  9765 E libc    : Access denied finding property "persist.device_config.runtime_native_boot.enable_apex_image"
05-29 03:35:05.911  9765  9765 I AndroidRuntime: Using default boot image
05-29 03:35:05.911  9765  9765 E libc    : Access denied finding property "persist.device_config.runtime_native_boot.disable_lock_profiling"
05-29 03:35:05.911  9765  9765 I AndroidRuntime: Leaving lock profiling enabled
05-29 03:35:05.911  9765  9765 E libc    : Access denied finding property "persist.device_config.runtime_native_boot.enable_generational_cc"
05-29 03:35:05.913  9765  9765 I app_process: Core platform API reporting enabled, enforcing=false
05-29 03:35:05.949  9765  9765 W app_process: Unexpected CPU variant for X86 using defaults: x86_64
05-29 03:35:05.950  9765  9765 I app_process: The ClassLoaderContext is a special shared library.
05-29 03:35:05.956  9765  9765 W app_process: JNI RegisterNativeMethods: attempt to register 0 native methods for android.media.AudioAttributes
05-29 03:35:06.272  2183  2183 E AccessibilityInteractionClient: 3 Disconnected nodes.
05-29 03:35:06.479  8779  8947 I System.out: 03:35:06.472 [DefaultDispatcher-worker-1] INFO io.ktor.client.HttpClient - REQUEST: https://pokeapi.co/api/v2/pokemon?limit=20&offset=0
05-29 03:35:06.479  8779  8947 I System.out: METHOD: HttpMethod(value=GET)
05-29 03:35:06.479  8779  8947 I System.out: COMMON HEADERS
05-29 03:35:06.479  8779  8947 I System.out: -> Accept: application/json
05-29 03:35:06.479  8779  8947 I System.out: -> Accept-Charset: UTF-8
05-29 03:35:06.479  8779  8947 I System.out: -> Content-Type: application/json
05-29 03:35:06.479  8779  8947 I System.out: CONTENT HEADERS
05-29 03:35:06.485  8779  8947 I System.out: -> Content-Length: 0
05-29 03:35:06.485  8779  8947 I System.out: BODY Content-Type: null
05-29 03:35:06.485  8779  8947 I System.out: BODY START
05-29 03:35:06.485  8779  8947 I System.out: 
05-29 03:35:06.487  8779  8947 I System.out: BODY END
05-29 03:35:06.559  8779  8950 I System.out: 03:35:06.555 [DefaultDispatcher-worker-4] INFO io.ktor.client.HttpClient - RESPONSE: 200 OK
05-29 03:35:06.559  8779  8950 I System.out: METHOD: HttpMethod(value=GET)
05-29 03:35:06.559  8779  8950 I System.out: FROM: https://pokeapi.co/api/v2/pokemon?limit=20&offset=0
05-29 03:35:06.559  8779  8950 I System.out: COMMON HEADERS
05-29 03:35:06.559  8779  8950 I System.out: -> access-control-allow-origin: *
05-29 03:35:06.559  8779  8950 I System.out: -> age: 13865
05-29 03:35:06.559  8779  8950 I System.out: -> alt-svc: h3=":443"; ma=86400
05-29 03:35:06.559  8779  8950 I System.out: -> cache-control: public, max-age=86400, s-maxage=86400
05-29 03:35:06.559  8779  8950 I System.out: -> cf-cache-status: HIT
05-29 03:35:06.559  8779  8950 I System.out: -> cf-ray: a032727e6d880586-IAD
05-29 03:35:06.559  8779  8950 I System.out: -> connection: keep-alive
05-29 03:35:06.559  8779  8950 I System.out: -> content-type: application/json; charset=utf-8
05-29 03:35:06.559  8779  8950 I System.out: -> date: Fri, 29 May 2026 03:35:07 GMT
05-29 03:35:06.559  8779  8950 I System.out: -> etag: W/"588-iX6bV/yoloqGkIPBxJnQfrHsFIU"
05-29 03:35:06.559  8779  8950 I System.out: -> nel: {"report_to":"cf-nel","success_fraction":0.0,"max_age":604800}
05-29 03:35:06.559  8779  8950 I System.out: -> report-to: {"group":"cf-nel","max_age":604800,"endpoints":[{"url":"https://a.nel.cloudflare.com/report/v4?s=i0HNNfIRyDvBRhDXK%2F3Q%2FXoQFpTJsHuEyxFQt9a8antt86mZvOGL1bzvv4xbiKHnLAUCFY6luTf86RWtzNfJ1EV5YdwwTOIhIORpfL31L5iE5MtfagxEN9mLqOvl"}]}
05-29 03:35:06.559  8779  8950 I System.out: -> server: cloudflare
05-29 03:35:06.559  8779  8950 I System.out: -> strict-transport-security: max-age=31556926
05-29 03:35:06.559  8779  8950 I System.out: -> traceparent: 00-725b152a74a155d9ffac17f89004f2f8-460d03d4aa448110-00
05-29 03:35:06.559  8779  8950 I System.out: -> transfer-encoding: chunked
05-29 03:35:06.559  8779  8950 I System.out: -> vary: Accept-Encoding,cookie,need-authorization, x-fh-requested-host, accept-encoding
05-29 03:35:06.559  8779  8950 I System.out: -> x-android-received-millis: 1780025706545
05-29 03:35:06.559  8779  8950 I System.out: -> x-android-response-source: NETWORK 200
05-29 03:35:06.559  8779  8950 I System.out: -> x-android-selected-protocol: http/1.1
05-29 03:35:06.559  8779  8950 I System.out: -> x-android-sent-millis: 1780025706534
05-29 03:35:06.559  8779  8950 I System.out: -> x-cache: HIT
05-29 03:35:06.559  8779  8950 I System.out: -> x-cache-hits: 0
05-29 03:35:06.559  8779  8950 I System.out: -> x-cloud-trace-context: 725b152a74a155d9ffac17f89004f2f8/5047694969276760336
05-29 03:35:06.559  8779  8950 I System.out: -> x-country-code: US
05-29 03:35:06.559  8779  8950 I System.out: -> x-orig-accept-language: en-US,en;q=0.9
05-29 03:35:06.559  8779  8950 I System.out: -> x-powered-by: Express
05-29 03:35:06.559  8779  8950 I System.out: -> x-served-by: cache-chi-klot8100137-CHI
05-29 03:35:06.559  8779  8950 I System.out: -> x-timer: S1765556373.142040,VS0,VE2
05-29 03:35:06.559  8779  8950 I System.out: BODY Content-Type: application/json; charset=utf-8
05-29 03:35:06.559  8779  8950 I System.out: BODY START
05-29 03:35:06.559  8779  8950 I System.out: {"count":1350,"next":"https://pokeapi.co/api/v2/pokemon?offset=20&limit=20","previous":null,"results":[{"name":"bulbasaur","url":"https://pokeapi.co/api/v2/pokemon/1/"},{"name":"ivysaur","url":"https://pokeapi.co/api/v2/pokemon/2/"},{"name":"venusaur","url":"https://pokeapi.co/api/v2/pokemon/3/"},{"name":"charmander","url":"https://pokeapi.co/api/v2/pokemon/4/"},{"name":"charmeleon","url":"https://pokeapi.co/api/v2/pokemon/5/"},{"name":"charizard","url":"https://pokeapi.co/api/v2/pokemon/6/"},{"name":"squirtle","url":"https://pokeapi.co/api/v2/pokemon/7/"},{"name":"wartortle","url":"https://pokeapi.co/api/v2/pokemon/8/"},{"name":"blastoise","url":"https://pokeapi.co/api/v2/pokemon/9/"},{"name":"caterpie","url":"https://pokeapi.co/api/v2/pokemon/10/"},{"name":"metapod","url":"https://pokeapi.co/api/v2/pokemon/11/"},{"name":"butterfree","url":"https://pokeapi.co/api/v2/pokemon/12/"},{"name":"weedle","url":"https://pokeapi.co/api/v2/pokemon/13/"},{"name":"kakuna","url":"https://pokeapi.co/api/v2/pokemon/14/"},{"name":"beedrill","url":"https://pokeapi.co/api/v2/pokemon/15/"},{"name":"pidgey","url":"https://pokeapi.co/api/v2/pokemon/16/"},{"name":"pidgeotto","url":"https://pokeapi.co/api/v2/pokemon/17/"},{"name":"pidgeot","url":"https://pokeapi.co/api/v2/pokemon/18/"},{"name":"rattata","url":"https://pokeapi.co/api/v2/pokemon/19/"},{"name":"raticate","url":"https://pokeapi.co/api/v2/pokemon/20/"}]}
05-29 03:35:06.559  8779  8950 I System.out: BODY END
05-29 03:35:07.229  8360  8360 I ProvidersCache: Updating roots due to change on user 0at content://com.android.providers.media.documents/root
05-29 03:35:07.329  8360  8360 I chatty  : uid=10076(com.android.documentsui) identical 1 line
05-29 03:35:07.562  8360  8360 I ProvidersCache: Updating roots due to change on user 0at content://com.android.providers.media.documents/root
05-29 03:35:07.689   158   158 I hwservicemanager: getTransport: Cannot find entry android.hardware.graphics.mapper@4.0::IMapper/default in either framework or device manifest.
05-29 03:35:07.689  9809  9809 I Gralloc4: mapper 4.x is not supported
05-29 03:35:07.744  9813  9815 I cmd     : oneway function results will be dropped but finished with status OK and parcel size 4
05-29 03:35:07.744  1445  1952 I MediaProvider: Begin Intent { act=android.intent.action.MEDIA_SCANNER_SCAN_FILE dat=file:///sdcard/screen_2026-05-29_033508.png flg=0x1400010 cmp=com.android.providers.media.module/com.android.providers.media.MediaService }
05-29 03:35:07.744  1445  1445 W com.android.providers.media.module: type=1400 audit(0.0:911): avc: denied { read } for comm=4173796E635461736B202331 name="primary" dev="tmpfs" ino=20393 scontext=u:r:mediaprovider_app:s0:c122,c256,c512,c768 tcontext=u:object_r:mnt_pass_through_file:s0 tclass=lnk_file permissive=0 app=com.android.providers.media.module
05-29 03:35:07.799  1445  1683 I MediaProvider: Deleted 1 items on external_primary due to com.android.shell
05-29 03:35:07.802  8360  8360 I ProvidersCache: Updating roots due to change on user 0at content://com.android.providers.media.documents/root
05-29 03:35:07.828  9824  9826 I cmd     : oneway function results will be dropped but finished with status OK and parcel size 4
05-29 03:35:07.952   158   158 I hwservicemanager: getTransport: Cannot find entry android.hardware.graphics.mapper@4.0::IMapper/default in either framework or device manifest.
05-29 03:35:07.952  9846  9846 I Gralloc4: mapper 4.x is not supported
05-29 03:35:08.007  1445  1952 I MediaProvider: Begin Intent { act=android.intent.action.MEDIA_SCANNER_SCAN_FILE dat=file:///sdcard/screen_2026-05-29_033508.png flg=0x1400010 cmp=com.android.providers.media.module/com.android.providers.media.MediaService }
05-29 03:35:08.008  1445  1952 W ModernMediaScanner: Failed to visit /sdcard/screen_2026-05-29_033508.png: java.nio.file.AccessDeniedException: /sdcard/screen_2026-05-29_033508.png
05-29 03:35:08.009  1445  1952 I MediaProvider: Scanned internal due to REASON_DEMAND, found 0 items in 1ms, 0 inserts 0 updates 0 deletes
05-29 03:35:08.011  1445  1952 I MediaProvider: End Intent { act=android.intent.action.MEDIA_SCANNER_SCAN_FILE dat=file:///sdcard/screen_2026-05-29_033508.png flg=0x1400010 cmp=com.android.providers.media.module/com.android.providers.media.MediaService }
05-29 03:35:08.030  1445  2916 I MediaProvider: Deleted 1 items on external_primary due to com.android.shell
05-29 03:35:08.176   158   158 I hwservicemanager: getTransport: Cannot find entry android.hardware.graphics.mapper@4.0::IMapper/default in either framework or device manifest.
05-29 03:35:08.176  9883  9883 I Gralloc4: mapper 4.x is not supported
05-29 03:35:08.230  9887  9889 I cmd     : oneway function results will be dropped but finished with status OK and parcel size 4
05-29 03:35:08.230  1445  1952 I MediaProvider: Begin Intent { act=android.intent.action.MEDIA_SCANNER_SCAN_FILE dat=file:///sdcard/screen_2026-05-29_033508.png flg=0x1400010 cmp=com.android.providers.media.module/com.android.providers.media.MediaService }
05-29 03:35:08.232  1445  1952 W ModernMediaScanner: Failed to visit /sdcard/screen_2026-05-29_033508.png: java.nio.file.AccessDeniedException: /sdcard/screen_2026-05-29_033508.png
05-29 03:35:08.232  1445  1952 I MediaProvider: Scanned internal due to REASON_DEMAND, found 0 items in 2ms, 0 inserts 0 updates 0 deletes
05-29 03:35:08.233  1445  1952 I MediaProvider: End Intent { act=android.intent.action.MEDIA_SCANNER_SCAN_FILE dat=file:///sdcard/screen_2026-05-29_033508.png flg=0x1400010 cmp=com.android.providers.media.module/com.android.providers.media.MediaService }
05-29 03:35:08.254  1445  1682 I MediaProvider: Deleted 1 items on external_primary due to com.android.shell
05-29 03:35:08.278  9899  9901 I cmd     : oneway function results will be dropped but finished with status OK and parcel size 4
05-29 03:35:08.326  9914  9916 I cmd     : oneway function results will be dropped but finished with status OK and parcel size 4
05-29 03:35:08.376  9929  9931 I cmd     : oneway function results will be dropped but finished with status OK and parcel size 4
05-29 03:35:08.425  9944  9946 I cmd     : oneway function results will be dropped but finished with status OK and parcel size 4
05-29 03:35:08.502  9956  9956 E libc    : Access denied finding property "persist.device_config.runtime_native_boot.profilebootclasspath"
05-29 03:35:08.502  9956  9956 E libc    : Access denied finding property "persist.device_config.runtime_native_boot.enable_apex_image"
05-29 03:35:08.502  9956  9956 I AndroidRuntime: Using default boot image
05-29 03:35:08.502  9956  9956 E libc    : Access denied finding property "persist.device_config.runtime_native_boot.disable_lock_profiling"
05-29 03:35:08.502  9956  9956 I AndroidRuntime: Leaving lock profiling enabled
05-29 03:35:08.502  9956  9956 E libc    : Access denied finding property "persist.device_config.runtime_native_boot.enable_generational_cc"
05-29 03:35:08.503  9956  9956 I app_process: Core platform API reporting enabled, enforcing=false
05-29 03:35:08.552  9956  9956 W app_process: Unexpected CPU variant for X86 using defaults: x86_64
05-29 03:35:08.552  9956  9956 I app_process: The ClassLoaderContext is a special shared library.
05-29 03:35:08.559  9956  9956 W app_process: JNI RegisterNativeMethods: attempt to register 0 native methods for android.media.AudioAttributes
05-29 03:35:08.772  8779  8969 I System.out: 03:35:08.771 [DefaultDispatcher-worker-10] INFO io.ktor.client.HttpClient - REQUEST: https://pokeapi.co/api/v2/pokemon/bulbasaur
05-29 03:35:08.772  8779  8969 I System.out: METHOD: HttpMethod(value=GET)
05-29 03:35:08.772  8779  8969 I System.out: COMMON HEADERS
05-29 03:35:08.772  8779  8969 I System.out: -> Accept: application/json
05-29 03:35:08.772  8779  8969 I System.out: -> Accept-Charset: UTF-8
05-29 03:35:08.772  8779  8969 I System.out: -> Content-Type: application/json
05-29 03:35:08.772  8779  8969 I System.out: CONTENT HEADERS
05-29 03:35:08.772  8779  8969 I System.out: -> Content-Length: 0
05-29 03:35:08.772  8779  8969 I System.out: BODY Content-Type: null
05-29 03:35:08.772  8779  8969 I System.out: BODY START
05-29 03:35:08.772  8779  8969 I System.out: 
05-29 03:35:08.772  8779  8969 I System.out: BODY END
05-29 03:35:08.974  8779  8955 I System.out: 03:35:08.930 [DefaultDispatcher-worker-7] INFO io.ktor.client.HttpClient - RESPONSE: 200 OK
05-29 03:35:08.974  8779  8955 I System.out: METHOD: HttpMethod(value=GET)
05-29 03:35:08.974  8779  8955 I System.out: FROM: https://pokeapi.co/api/v2/pokemon/bulbasaur
05-29 03:35:08.974  8779  8955 I System.out: COMMON HEADERS
05-29 03:35:08.974  8779  8955 I System.out: -> access-control-allow-origin: *
05-29 03:35:08.974  8779  8955 I System.out: -> age: 8070
05-29 03:35:08.974  8779  8955 I System.out: -> alt-svc: h3=":443"; ma=86400
05-29 03:35:08.974  8779  8955 I System.out: -> cache-control: public, max-age=86400, s-maxage=86400
05-29 03:35:08.974  8779  8955 I System.out: -> cf-cache-status: HIT
05-29 03:35:08.974  8779  8955 I System.out: -> cf-ray: a032728c6e4f0586-IAD
05-29 03:35:08.974  8779  8955 I System.out: -> connection: keep-alive
05-29 03:35:08.974  8779  8955 I System.out: -> content-type: application/json; charset=utf-8
05-29 03:35:08.974  8779  8955 I System.out: -> date: Fri, 29 May 2026 03:35:09 GMT
05-29 03:35:08.974  8779  8955 I System.out: -> etag: W/"41ad6-DjKZLuJ1Lydzi6DxM+a0Oor5Ru0"
05-29 03:35:08.974  8779  8955 I System.out: -> function-execution-id: wr6d1ch7jsq2
05-29 03:35:08.974  8779  8955 I System.out: -> nel: {"report_to":"cf-nel","success_fraction":0.0,"max_age":604800}
05-29 03:35:08.974  8779  8955 I System.out: -> report-to: {"group":"cf-nel","max_age":604800,"endpoints":[{"url":"https://a.nel.cloudflare.com/report/v4?s=CAH6OISxQ6gcuh7TQNIeGeYM5FTjAg5i8AwzOlpHgmuPmz8HD9VnUc69RgnqP7Hi2ZUmTOE4cIFB%2B%2FeXfcb0mG4rKSxD2Se%2BoULkAY8tOe6%2Fy9I0uAsoALOCky5%2F"}]}
05-29 03:35:08.974  8779  8955 I System.out: -> server: cloudflare
05-29 03:35:08.974  8779  8955 I System.out: -> strict-transport-security: max-age=31556926
05-29 03:35:08.974  8779  8955 I System.out: -> transfer-encoding: chunked
05-29 03:35:08.974  8779  8955 I System.out: -> vary: Accept-Encoding,cookie,need-authorization, x-fh-requested-host, accept-encoding
05-29 03:35:08.974  8779  8955 I System.out: -> x-android-received-millis: 1780025708797
05-29 03:35:08.974  8779  8955 I System.out: -> x-android-response-source: NETWORK 200
05-29 03:35:08.974  8779  8955 I System.out: -> x-android-selected-protocol: http/1.1
05-29 03:35:08.974  8779  8955 I System.out: -> x-android-sent-millis: 1780025708775
05-29 03:35:08.974  8779  8955 I System.out: -> x-cache: HIT
05-29 03:35:08.974  8779  8955 I System.out: -> x-cache-hits: 0
05-29 03:35:08.974  8779  8955 I System.out: -> x-cloud-trace-context: 22492c0ab99698506adf29bcff0a07d7;o=1
05-29 03:35:08.974  8779  8955 I System.out: -> x-country-code: US
05-29 03:35:08.974  8779  8955 I System.out: -> x-orig-accept-language: en-US
05-29 03:35:08.974  8779  8955 I System.out: -> x-powered-by: Express
05-29 03:35:08.974  8779  8955 I System.out: -> x-served-by: cache-lga21944-LGA
05-29 03:35:08.974  8779  8955 I System.out: -> x-timer: S1769897377.904751,VS0,VE1
05-29 03:35:08.974  8779  8955 I System.out: BODY Content-Type: application/json; charset=utf-8
05-29 03:35:08.974  8779  8955 I System.out: BODY START
05-29 03:35:08.978  8779  8955 I System.out: {"abilities":[{"ability":{"name":"overgrow","url":"https://pokeapi.co/api/v2/ability/65/"},"is_hidden":false,"slot":1},{"ability":{"name":"chlorophyll","url":"https://pokeapi.co/api/v2/ability/34/"},"is_hidden":true,"slot":3}],"base_experience":64,"cries":{"latest":"https://raw.githubusercontent.com/PokeAPI/cries/main/cries/pokemon/latest/1.ogg","legacy":"https://raw.githubusercontent.com/PokeAPI/cries/main/cries/pokemon/legacy/1.ogg"},"forms":[{"name":"bulbasaur","url":"https://pokeapi.co/api/v2/pokemon-form/1/"}],"game_indices":[{"game_index":153,"version":{"name":"red","url":"https://pokeapi.co/api/v2/version/1/"}},{"game_index":153,"version":{"name":"blue","url":"https://pokeapi.co/api/v2/version/2/"}},{"game_index":153,"version":{"name":"yellow","url":"https://pokeapi.co/api/v2/version/3/"}},{"game_index":1,"version":{"name":"gold","url":"https://pokeapi.co/api/v2/version/4/"}},{"game_index":1,"version":{"name":"silver","url":"https://pokeapi.co/api/v2/version/5/"}},{"game_index":1,"version":{"name":"crystal","url":"https://pokeapi.co/api/v2/version/6/"}},{"game_index":1,"version":{"name":"ruby","url":"https://pokeapi.co/api/v2/version/7/"}},{"game_index":1,"version":{"name":"sapphire","url":"https://pokeapi.co/api/v2/version/8/"}},{"game_index":1,"version":{"name":"emerald","url":"https://pokeapi.co/api/v2/version/9/"}},{"game_index":1,"version":{"name":"firered","url":"https://pokeapi.co/api/v2/version/10/"}},{"game_index":1,"version":{"name":"leafgreen","url":"https://pokeapi.co/api/v2/version/11/"}},{"game_index":1,"version":{"name":"diamond","url":"https://pokeapi.co/api/v2/version/12/"}},{"game_index":1,"version":{"name":"pearl","url":"https://pokeapi.co/api/v2/version/13/"}},{"game_index":1,"version":{"name":"platinum","url":"https://pokeapi.co/api/v2/version/14/"}},{"game_index":1,"version":{"name":"heartgold","url":"https://pokeapi.co/api/v2/version/15/"}},{"game_index":1,"version":{"name":"soulsilver","url":"https://pokeapi.co/api/v2/version/16/"}},{"game_index":1,"version":{"name":"black","url":"https://pokeapi.co/api/v2/version/17/"}},{"game_index":1,"version":{"name":"white","url":"https://pokeapi.co/api/v2/version/18/"}},{"game_index":1,"version":{"name":"black-2","url":"https://pokeapi.co/api/v2/version/21/"}},{"game_index":1,"version":{"name":"white-2","url":"https://pokeapi.co/api/v2/version/22/"}}],"height":7,"held_items":[],"id":1,"is_default":true,"location_area_encounters":"https://pokeapi.co/api/v2/pokemon/1/encounters","moves":[{"move":{"name":"razor-wind","url":"https://pokeapi.co/api/v2/move/13/"},"version_group_details":[{"level_learned_at":0,"move_learn_method":{"name":"egg","url":"https://pokeapi.co/api/v2/move-learn-method/2/"},"order":null,"version_group":{"name":"gold-silver","url":"https://pokeapi.co/api/v2/version-group/3/"}},{"level_learned_at":0,"move_learn_method":{"name":"egg","url":"https://pokeapi.co/api/v2/move-learn-method/2/"},"order":null,"version_group":{"name":"crystal","url":"https://pokeapi.co/api/v2/version-group/4/"}}]},{"move":{"name":"swords-dance","url":"https://pokeapi.co/api/v2/move/14/"},"version_group_details":[{"level_learned_at":0,"move_learn_method":{"name":"machine","url":"https://pokeapi.co/api/v2/move-learn-method/4/"},"order":null,"version_group":{"name":"red-blue","url":"https://pokeapi.co/api/v2/version-group/1/"}},{"level_learned_at":0,"move_learn_method":{"name":"machine","url":"https://pokeapi.co/api/v2/move-learn-method/4/"},"order":null,"version_group":{"name":"yellow","url":"https://pokeapi.co/api/v2/version-group/2/"}},{"level_learned_at":0,"move_learn_method":{"name":"tutor","url":"https://pokeapi.co/api/v2/move-learn-method/3/"},"order":null,"version_group":{"name":"emerald","url":"https://pokeapi.co/api/v2/version-group/6/"}},{"level_learned_at":0,"move_learn_method":{"name":"tutor","url":"https://pokeapi.co/api/v2/move-learn-method/3/"},"order":null,"version_group":{"name":"firered-leafgreen","url":"https://pokeapi.co/api/v2/version-group/7/"}},{"level_learned_at":0,"move_learn_method":{"name":"machin
05-29 03:35:08.978  8779  8955 I System.out: BODY END
05-29 03:35:09.109  8779  8794 I pokedex.androi: Background concurrent copying GC freed 23100(1010KB) AllocSpace objects, 38(6476KB) LOS objects, 49% free, 11MB/22MB, paused 17us total 141.770ms
05-29 03:35:09.879  8360  8360 I ProvidersCache: Updating roots due to change on user 0at content://com.android.providers.media.documents/root
05-29 03:35:10.162  8360  8360 I ProvidersCache: Updating roots due to change on user 0at content://com.android.providers.media.documents/root
05-29 03:35:10.267   158   158 I hwservicemanager: getTransport: Cannot find entry android.hardware.graphics.mapper@4.0::IMapper/default in either framework or device manifest.
05-29 03:35:10.268  9993  9993 I Gralloc4: mapper 4.x is not supported
05-29 03:35:10.317  9997  9999 I cmd     : oneway function results will be dropped but finished with status OK and parcel size 4
05-29 03:35:10.317  1445  1952 I MediaProvider: Begin Intent { act=android.intent.action.MEDIA_SCANNER_SCAN_FILE dat=file:///sdcard/screen_2026-05-29_033510.png flg=0x1400010 cmp=com.android.providers.media.module/com.android.providers.media.MediaService }
05-29 03:35:10.316  1445  1445 W com.android.providers.media.module: type=1400 audit(0.0:933): avc: denied { read } for comm=4173796E635461736B202331 name="primary" dev="tmpfs" ino=20393 scontext=u:r:mediaprovider_app:s0:c122,c256,c512,c768 tcontext=u:object_r:mnt_pass_through_file:s0 tclass=lnk_file permissive=0 app=com.android.providers.media.module
05-29 03:35:10.533     0     0 W audit   : audit_lost=669 audit_rate_limit=5 audit_backlog_limit=64
05-29 03:35:10.544     0     0 E audit   : rate limit exceeded
05-29 03:35:10.316  1445  1445 W com.android.providers.media.module: type=1400 audit(0.0:934): avc: denied { read } for comm=4173796E635461736B202331 name="primary" dev="tmpfs" ino=20393 scontext=u:r:mediaprovider_app:s0:c122,c256,c512,c768 tcontext=u:object_r:mnt_pass_through_file:s0 tclass=lnk_file permissive=0 app=com.android.providers.media.module
05-29 03:35:10.338  1445  1952 W ModernMediaScanner: Failed to visit /sdcard/screen_2026-05-29_033510.png: java.nio.file.AccessDeniedException: /sdcard/screen_2026-05-29_033510.png
05-29 03:35:10.339  1445  1952 I MediaProvider: Scanned internal due to REASON_DEMAND, found 0 items in 19ms, 0 inserts 0 updates 0 deletes
05-29 03:35:10.340  1445  1952 I MediaProvider: End Intent { act=android.intent.action.MEDIA_SCANNER_SCAN_FILE dat=file:///sdcard/screen_2026-05-29_033510.png flg=0x1400010 cmp=com.android.providers.media.module/com.android.providers.media.MediaService }
05-29 03:35:10.316  1445  1445 W com.android.providers.media.module: type=1400 audit(0.0:935): avc: denied { read } for comm=4173796E635461736B202331 name="primary" dev="tmpfs" ino=20393 scontext=u:r:mediaprovider_app:s0:c122,c256,c512,c768 tcontext=u:object_r:mnt_pass_through_file:s0 tclass=lnk_file permissive=0 app=com.android.providers.media.module
05-29 03:35:10.356  1445  1682 I MediaProvider: Deleted 1 items on external_primary due to com.android.shell
05-29 03:35:10.316  1445  1445 W com.android.providers.media.module: type=1400 audit(0.0:936): avc: denied { read } for comm=4173796E635461736B202331 name="primary" dev="tmpfs" ino=20393 scontext=u:r:mediaprovider_app:s0:c122,c256,c512,c768 tcontext=u:object_r:mnt_pass_through_file:s0 tclass=lnk_file permissive=0 app=com.android.providers.media.module
05-29 03:35:10.371  8360  8360 I ProvidersCache: Updating roots due to change on user 0at content://com.android.providers.media.documents/root
05-29 03:35:10.388 10008 10010 I cmd     : oneway function results will be dropped but finished with status OK and parcel size 4
05-29 03:35:10.446  8360  8360 I ProvidersCache: Updating roots due to change on user 0at content://com.android.providers.media.documents/root
05-29 03:35:10.529   158   158 I hwservicemanager: getTransport: Cannot find entry android.hardware.graphics.mapper@4.0::IMapper/default in either framework or device manifest.
05-29 03:35:10.529 10030 10030 I Gralloc4: mapper 4.x is not supported
05-29 03:35:10.581  1445  1952 I MediaProvider: Begin Intent { act=android.intent.action.MEDIA_SCANNER_SCAN_FILE dat=file:///sdcard/screen_2026-05-29_033511.png flg=0x1400010 cmp=com.android.providers.media.module/com.android.providers.media.MediaService }
05-29 03:35:10.582  1445  1952 W ModernMediaScanner: Failed to visit /sdcard/screen_2026-05-29_033511.png: java.nio.file.AccessDeniedException: /sdcard/screen_2026-05-29_033511.png
05-29 03:35:10.584  1445  1952 I MediaProvider: Scanned internal due to REASON_DEMAND, found 0 items in 2ms, 0 inserts 0 updates 0 deletes
05-29 03:35:10.585  1445  1952 I MediaProvider: End Intent { act=android.intent.action.MEDIA_SCANNER_SCAN_FILE dat=file:///sdcard/screen_2026-05-29_033511.png flg=0x1400010 cmp=com.android.providers.media.module/com.android.providers.media.MediaService }
05-29 03:35:10.607  1445  1683 I MediaProvider: Deleted 1 items on external_primary due to com.android.shell
05-29 03:35:10.655 10047 10049 I cmd     : oneway function results will be dropped but finished with status OK and parcel size 4
05-29 03:35:10.775   158   158 I hwservicemanager: getTransport: Cannot find entry android.hardware.graphics.mapper@4.0::IMapper/default in either framework or device manifest.
05-29 03:35:10.775 10069 10069 I Gralloc4: mapper 4.x is not supported
05-29 03:35:10.826 10073 10075 I cmd     : oneway function results will be dropped but finished with status OK and parcel size 4
05-29 03:35:10.826  1445  1952 I MediaProvider: Begin Intent { act=android.intent.action.MEDIA_SCANNER_SCAN_FILE dat=file:///sdcard/screen_2026-05-29_033511.png flg=0x1400010 cmp=com.android.providers.media.module/com.android.providers.media.MediaService }
05-29 03:35:10.827  1445  1952 W ModernMediaScanner: Failed to visit /sdcard/screen_2026-05-29_033511.png: java.nio.file.AccessDeniedException: /sdcard/screen_2026-05-29_033511.png
05-29 03:35:10.828  1445  1952 I MediaProvider: Scanned internal due to REASON_DEMAND, found 0 items in 1ms, 0 inserts 0 updates 0 deletes
05-29 03:35:10.828  1445  1952 I MediaProvider: End Intent { act=android.intent.action.MEDIA_SCANNER_SCAN_FILE dat=file:///sdcard/screen_2026-05-29_033511.png flg=0x1400010 cmp=com.android.providers.media.module/com.android.providers.media.MediaService }
05-29 03:35:10.847  1445  2916 I MediaProvider: Deleted 1 items on external_primary due to com.android.shell
05-29 03:35:10.871 10084 10086 I cmd     : oneway function results will be dropped but finished with status OK and parcel size 4
05-29 03:35:10.919 10099 10101 I cmd     : oneway function results will be dropped but finished with status OK and parcel size 4
05-29 03:35:10.969 10115 10117 I cmd     : oneway function results will be dropped but finished with status OK and parcel size 4
05-29 03:35:11.018 10130 10132 I cmd     : oneway function results will be dropped but finished with status OK and parcel size 4
05-29 03:35:11.097 10142 10142 E libc    : Access denied finding property "persist.device_config.runtime_native_boot.profilebootclasspath"
05-29 03:35:11.097 10142 10142 E libc    : Access denied finding property "persist.device_config.runtime_native_boot.enable_apex_image"
05-29 03:35:11.097 10142 10142 I AndroidRuntime: Using default boot image
05-29 03:35:11.097 10142 10142 E libc    : Access denied finding property "persist.device_config.runtime_native_boot.disable_lock_profiling"
05-29 03:35:11.097 10142 10142 I AndroidRuntime: Leaving lock profiling enabled
05-29 03:35:11.097 10142 10142 E libc    : Access denied finding property "persist.device_config.runtime_native_boot.enable_generational_cc"
05-29 03:35:11.098 10142 10142 I app_process: Core platform API reporting enabled, enforcing=false
05-29 03:35:11.134 10142 10142 W app_process: Unexpected CPU variant for X86 using defaults: x86_64
05-29 03:35:11.135 10142 10142 I app_process: The ClassLoaderContext is a special shared library.
05-29 03:35:11.141 10142 10142 W app_process: JNI RegisterNativeMethods: attempt to register 0 native methods for android.media.AudioAttributes
05-29 03:35:12.432  8360  8360 I ProvidersCache: Updating roots due to change on user 0at content://com.android.providers.media.documents/root
05-29 03:35:12.696  8360  8360 I chatty  : uid=10076(com.android.documentsui) identical 2 lines
05-29 03:35:12.832  8360  8360 I ProvidersCache: Updating roots due to change on user 0at content://com.android.providers.media.documents/root
05-29 03:35:12.858   158   158 I hwservicemanager: getTransport: Cannot find entry android.hardware.graphics.mapper@4.0::IMapper/default in either framework or device manifest.
05-29 03:35:12.858 10176 10176 I Gralloc4: mapper 4.x is not supported
05-29 03:35:12.912 10180 10182 I cmd     : oneway function results will be dropped but finished with status OK and parcel size 4
05-29 03:35:12.913  1445  1952 I MediaProvider: Begin Intent { act=android.intent.action.MEDIA_SCANNER_SCAN_FILE dat=file:///sdcard/screen_2026-05-29_033513.png flg=0x1400010 cmp=com.android.providers.media.module/com.android.providers.media.MediaService }
05-29 03:35:13.127     0     0 W audit   : audit_lost=686 audit_rate_limit=5 audit_backlog_limit=64
05-29 03:35:13.129     0     0 E audit   : rate limit exceeded
05-29 03:35:12.917  1445  1952 W ModernMediaScanner: Failed to visit /sdcard/screen_2026-05-29_033513.png: java.nio.file.AccessDeniedException: /sdcard/screen_2026-05-29_033513.png
05-29 03:35:12.917  1445  1952 I MediaProvider: Scanned internal due to REASON_DEMAND, found 0 items in 5ms, 0 inserts 0 updates 0 deletes
05-29 03:35:12.918  1445  1952 I MediaProvider: End Intent { act=android.intent.action.MEDIA_SCANNER_SCAN_FILE dat=file:///sdcard/screen_2026-05-29_033513.png flg=0x1400010 cmp=com.android.providers.media.module/com.android.providers.media.MediaService }
05-29 03:35:12.912  1445  1445 W com.android.providers.media.module: type=1400 audit(0.0:955): avc: denied { read } for comm=4173796E635461736B202331 name="primary" dev="tmpfs" ino=20393 scontext=u:r:mediaprovider_app:s0:c122,c256,c512,c768 tcontext=u:object_r:mnt_pass_through_file:s0 tclass=lnk_file permissive=0 app=com.android.providers.media.module
05-29 03:35:12.948  1445  1682 I MediaProvider: Deleted 1 items on external_primary due to com.android.shell
05-29 03:35:12.912  1445  1445 W com.android.providers.media.module: type=1400 audit(0.0:958): avc: denied { read } for comm=4173796E635461736B202331 name="primary" dev="tmpfs" ino=20393 scontext=u:r:mediaprovider_app:s0:c122,c256,c512,c768 tcontext=u:object_r:mnt_pass_through_file:s0 tclass=lnk_file permissive=0 app=com.android.providers.media.module
05-29 03:35:12.974 10191 10193 I cmd     : oneway function results will be dropped but finished with status OK and parcel size 4
05-29 03:35:13.049  8360  8360 I ProvidersCache: Updating roots due to change on user 0at content://com.android.providers.media.documents/root
05-29 03:35:13.096   158   158 I hwservicemanager: getTransport: Cannot find entry android.hardware.graphics.mapper@4.0::IMapper/default in either framework or device manifest.
05-29 03:35:13.096 10213 10213 I Gralloc4: mapper 4.x is not supported
05-29 03:35:13.151 10217 10219 I cmd     : oneway function results will be dropped but finished with status OK and parcel size 4
05-29 03:35:13.151  1445  1952 I MediaProvider: Begin Intent { act=android.intent.action.MEDIA_SCANNER_SCAN_FILE dat=file:///sdcard/screen_2026-05-29_033513.png flg=0x1400010 cmp=com.android.providers.media.module/com.android.providers.media.MediaService }
05-29 03:35:13.151  1445  1952 W ModernMediaScanner: Failed to visit /sdcard/screen_2026-05-29_033513.png: java.nio.file.AccessDeniedException: /sdcard/screen_2026-05-29_033513.png
05-29 03:35:13.152  1445  1952 I MediaProvider: Scanned internal due to REASON_DEMAND, found 0 items in 2ms, 0 inserts 0 updates 0 deletes
05-29 03:35:13.156  1445  1952 I MediaProvider: End Intent { act=android.intent.action.MEDIA_SCANNER_SCAN_FILE dat=file:///sdcard/screen_2026-05-29_033513.png flg=0x1400010 cmp=com.android.providers.media.module/com.android.providers.media.MediaService }
05-29 03:35:13.178  1445  1683 I MediaProvider: Deleted 1 items on external_primary due to com.android.shell
05-29 03:35:13.203 10229 10231 I cmd     : oneway function results will be dropped but finished with status OK and parcel size 4
05-29 03:35:13.320   158   158 I hwservicemanager: getTransport: Cannot find entry android.hardware.graphics.mapper@4.0::IMapper/default in either framework or device manifest.
05-29 03:35:13.321 10251 10251 I Gralloc4: mapper 4.x is not supported
05-29 03:35:13.375 10255 10257 I cmd     : oneway function results will be dropped but finished with status OK and parcel size 4
05-29 03:35:13.375  1445  1952 I MediaProvider: Begin Intent { act=android.intent.action.MEDIA_SCANNER_SCAN_FILE dat=file:///sdcard/screen_2026-05-29_033514.png flg=0x1400010 cmp=com.android.providers.media.module/com.android.providers.media.MediaService }
05-29 03:35:13.377  1445  1952 W ModernMediaScanner: Failed to visit /sdcard/screen_2026-05-29_033514.png: java.nio.file.AccessDeniedException: /sdcard/screen_2026-05-29_033514.png
05-29 03:35:13.379  1445  1952 I MediaProvider: Scanned internal due to REASON_DEMAND, found 0 items in 2ms, 0 inserts 0 updates 0 deletes
05-29 03:35:13.379  1445  1952 I MediaProvider: End Intent { act=android.intent.action.MEDIA_SCANNER_SCAN_FILE dat=file:///sdcard/screen_2026-05-29_033514.png flg=0x1400010 cmp=com.android.providers.media.module/com.android.providers.media.MediaService }
05-29 03:35:13.398  1445  2916 I MediaProvider: Deleted 1 items on external_primary due to com.android.shell
05-29 03:35:13.424 10266 10268 I cmd     : oneway function results will be dropped but finished with status OK and parcel size 4
05-29 03:35:13.470 10281 10283 I cmd     : oneway function results will be dropped but finished with status OK and parcel size 4
05-29 03:35:13.518 10296 10298 I cmd     : oneway function results will be dropped but finished with status OK and parcel size 4
05-29 03:35:13.566 10311 10313 I cmd     : oneway function results will be dropped but finished with status OK and parcel size 4
05-29 03:35:13.640 10323 10323 E libc    : Access denied finding property "persist.device_config.runtime_native_boot.profilebootclasspath"
05-29 03:35:13.640 10323 10323 E libc    : Access denied finding property "persist.device_config.runtime_native_boot.enable_apex_image"
05-29 03:35:13.640 10323 10323 I AndroidRuntime: Using default boot image
05-29 03:35:13.640 10323 10323 E libc    : Access denied finding property "persist.device_config.runtime_native_boot.disable_lock_profiling"
05-29 03:35:13.640 10323 10323 I AndroidRuntime: Leaving lock profiling enabled
05-29 03:35:13.640 10323 10323 E libc    : Access denied finding property "persist.device_config.runtime_native_boot.enable_generational_cc"
05-29 03:35:13.642 10323 10323 I app_process: Core platform API reporting enabled, enforcing=false
05-29 03:35:13.676 10323 10323 W app_process: Unexpected CPU variant for X86 using defaults: x86_64
05-29 03:35:13.677 10323 10323 I app_process: The ClassLoaderContext is a special shared library.
05-29 03:35:13.683 10323 10323 W app_process: JNI RegisterNativeMethods: attempt to register 0 native methods for android.media.AudioAttributes
05-29 03:35:13.903  8779  8971 I System.out: 03:35:13.903 [DefaultDispatcher-worker-12] INFO io.ktor.client.HttpClient - REQUEST: https://pokeapi.co/api/v2/pokemon/ivysaur
05-29 03:35:13.903  8779  8971 I System.out: METHOD: HttpMethod(value=GET)
05-29 03:35:13.904  8779  8971 I System.out: COMMON HEADERS
05-29 03:35:13.904  8779  8971 I System.out: -> Accept: application/json
05-29 03:35:13.904  8779  8971 I System.out: -> Accept-Charset: UTF-8
05-29 03:35:13.904  8779  8971 I System.out: -> Content-Type: application/json
05-29 03:35:13.904  8779  8971 I System.out: CONTENT HEADERS
05-29 03:35:13.904  8779  8971 I System.out: -> Content-Length: 0
05-29 03:35:13.904  8779  8971 I System.out: BODY Content-Type: null
05-29 03:35:13.904  8779  8971 I System.out: BODY START
05-29 03:35:13.904  8779  8971 I System.out: 
05-29 03:35:13.904  8779  8971 I System.out: BODY END
05-29 03:35:14.010  8779  8952 I System.out: 03:35:13.999 [DefaultDispatcher-worker-5] INFO io.ktor.client.HttpClient - RESPONSE: 200 OK
05-29 03:35:14.010  8779  8952 I System.out: METHOD: HttpMethod(value=GET)
05-29 03:35:14.010  8779  8952 I System.out: FROM: https://pokeapi.co/api/v2/pokemon/ivysaur
05-29 03:35:14.010  8779  8952 I System.out: COMMON HEADERS
05-29 03:35:14.010  8779  8952 I System.out: -> access-control-allow-origin: *
05-29 03:35:14.010  8779  8952 I System.out: -> age: 74655
05-29 03:35:14.010  8779  8952 I System.out: -> alt-svc: h3=":443"; ma=86400
05-29 03:35:14.010  8779  8952 I System.out: -> cache-control: public, max-age=86400, s-maxage=86400
05-29 03:35:14.010  8779  8952 I System.out: -> cf-cache-status: HIT
05-29 03:35:14.010  8779  8952 I System.out: -> cf-ray: a03272ac7b970586-IAD
05-29 03:35:14.010  8779  8952 I System.out: -> connection: keep-alive
05-29 03:35:14.010  8779  8952 I System.out: -> content-type: application/json; charset=utf-8
05-29 03:35:14.010  8779  8952 I System.out: -> date: Fri, 29 May 2026 03:35:14 GMT
05-29 03:35:14.010  8779  8952 I System.out: -> etag: W/"3a208-UaeAV+hyIAKhsYxQ2HzouJGTqQg"
05-29 03:35:14.010  8779  8952 I System.out: -> function-execution-id: gnq8jn5ej7we
05-29 03:35:14.010  8779  8952 I System.out: -> nel: {"report_to":"cf-nel","success_fraction":0.0,"max_age":604800}
05-29 03:35:14.010  8779  8952 I System.out: -> report-to: {"group":"cf-nel","max_age":604800,"endpoints":[{"url":"https://a.nel.cloudflare.com/report/v4?s=vpaTbwwq3GF1SDlrwrIJsaMhujKRGNT2prc6R7rx9Gu8hi03zZ%2F%2FUGUx8WHdXjdSLPUtwL4MNlxUrZHSzuBc3lfv%2BAOMHUfExEpx5WmF6I5tr6tBb3TCq854pz8l"}]}
05-29 03:35:14.010  8779  8952 I System.out: -> server: cloudflare
05-29 03:35:14.010  8779  8952 I System.out: -> strict-transport-security: max-age=31556926
05-29 03:35:14.010  8779  8952 I System.out: -> transfer-encoding: chunked
05-29 03:35:14.010  8779  8952 I System.out: -> vary: Accept-Encoding,cookie,need-authorization, x-fh-requested-host, accept-encoding
05-29 03:35:14.010  8779  8952 I System.out: -> x-android-received-millis: 1780025713918
05-29 03:35:14.010  8779  8952 I System.out: -> x-android-response-source: NETWORK 200
05-29 03:35:14.010  8779  8952 I System.out: -> x-android-selected-protocol: http/1.1
05-29 03:35:14.010  8779  8952 I System.out: -> x-android-sent-millis: 1780025713905
05-29 03:35:14.010  8779  8952 I System.out: -> x-cache: HIT
05-29 03:35:14.010  8779  8952 I System.out: -> x-cache-hits: 0
05-29 03:35:14.010  8779  8952 I System.out: -> x-cloud-trace-context: 7caf5a02d49e4cabe76f7a6477938c93
05-29 03:35:14.010  8779  8952 I System.out: -> x-country-code: US
05-29 03:35:14.010  8779  8952 I System.out: -> x-orig-accept-language: en-US,en;q=0.9
05-29 03:35:14.010  8779  8952 I System.out: -> x-powered-by: Express
05-29 03:35:14.010  8779  8952 I System.out: -> x-served-by: cache-lga21945-LGA
05-29 03:35:14.010  8779  8952 I System.out: -> x-timer: S1769781181.428638,VS0,VE2
05-29 03:35:14.010  8779  8952 I System.out: BODY Content-Type: application/json; charset=utf-8
05-29 03:35:14.010  8779  8952 I System.out: BODY START
