05-29 02:52:17.222  1496  1929 E SQLiteDatabase: 	at com.android.providers.media.MediaProvider.getParent(MediaProvider.java:2794)
05-29 02:52:17.222  1496  1929 E SQLiteDatabase: 	at com.android.providers.media.MediaProvider.lambda$insertAllowingUpsert$14(MediaProvider.java:3060)
05-29 02:52:17.222  1496  1929 E SQLiteDatabase: 	at com.android.providers.media.MediaProvider.lambda$insertAllowingUpsert$14$MediaProvider(Unknown Source:0)
05-29 02:52:17.222  1496  1929 E SQLiteDatabase: 	at com.android.providers.media.-$$Lambda$MediaProvider$FjHWs2-fjgG761OzVFzdTX4EWZg.apply(Unknown Source:13)
05-29 02:52:17.222  1496  1929 E SQLiteDatabase: 	at com.android.providers.media.DatabaseHelper.runWithTransaction(DatabaseHelper.java:555)
05-29 02:52:17.222  1496  1929 E SQLiteDatabase: 	at com.android.providers.media.MediaProvider.insertAllowingUpsert(MediaProvider.java:3056)
05-29 02:52:17.222  1496  1929 E SQLiteDatabase: 	at com.android.providers.media.MediaProvider.insertFile(MediaProvider.java:3038)
05-29 02:52:17.222  1496  1929 E SQLiteDatabase: 	at com.android.providers.media.MediaProvider.insertInternal(MediaProvider.java:3470)
05-29 02:52:17.222  1496  1929 E SQLiteDatabase: 	at com.android.providers.media.MediaProvider.insert(MediaProvider.java:3198)
05-29 02:52:17.222  1496  1929 E SQLiteDatabase: 	at android.content.ContentProviderOperation.applyInternal(ContentProviderOperation.java:375)
05-29 02:52:17.222  1496  1929 E SQLiteDatabase: 	at android.content.ContentProviderOperation.apply(ContentProviderOperation.java:347)
05-29 02:52:17.222  1496  1929 E SQLiteDatabase: 	at android.content.ContentProvider.applyBatch(ContentProvider.java:2422)
05-29 02:52:17.222  1496  1929 E SQLiteDatabase: 	at com.android.providers.media.MediaProvider.applyBatch(MediaProvider.java:3522)
05-29 02:52:17.222  1496  1929 E SQLiteDatabase: 	at android.content.ContentProvider.applyBatch(ContentProvider.java:2413)
05-29 02:52:17.222  1496  1929 E SQLiteDatabase: 	at android.content.ContentResolver.applyBatch(ContentResolver.java:2186)
05-29 02:52:17.222  1496  1929 E SQLiteDatabase: 	at com.android.providers.media.scan.ModernMediaScanner$Scan.applyPending(ModernMediaScanner.java:699)
05-29 02:52:17.222  1496  1929 E SQLiteDatabase: 	at com.android.providers.media.scan.ModernMediaScanner$Scan.maybeApplyPending(ModernMediaScanner.java:689)
05-29 02:52:17.222  1496  1929 E SQLiteDatabase: 	at com.android.providers.media.scan.ModernMediaScanner$Scan.visitFile(ModernMediaScanner.java:649)
05-29 02:52:17.222  1496  1929 E SQLiteDatabase: 	at com.android.providers.media.scan.ModernMediaScanner$Scan.visitFile(ModernMediaScanner.java:272)
05-29 02:52:17.222  1496  1929 E SQLiteDatabase: 	at java.nio.file.Files.walkFileTree(Files.java:2670)
05-29 02:52:17.222  1496  1929 E SQLiteDatabase: 	at java.nio.file.Files.walkFileTree(Files.java:2742)
05-29 02:52:17.222  1496  1929 E SQLiteDatabase: 	at com.android.providers.media.scan.ModernMediaScanner$Scan.walkFileTree(ModernMediaScanner.java:366)
05-29 02:52:17.222  1496  1929 E SQLiteDatabase: 	at com.android.providers.media.scan.ModernMediaScanner$Scan.run(ModernMediaScanner.java:329)
05-29 02:52:17.222  1496  1929 E SQLiteDatabase: 	at com.android.providers.media.scan.ModernMediaScanner.scanDirectory(ModernMediaScanner.java:226)
05-29 02:52:17.222  1496  1929 E SQLiteDatabase: 	at com.android.providers.media.MediaProvider.scanDirectory(MediaProvider.java:1111)
05-29 02:52:17.222  1496  1929 E SQLiteDatabase: 	at com.android.providers.media.MediaService.onScanVolume(MediaService.java:148)
05-29 02:52:17.222  1496  1929 E SQLiteDatabase: 	at com.android.providers.media.MediaService.onScanVolume(MediaService.java:117)
05-29 02:52:17.222  1496  1929 E SQLiteDatabase: 	at com.android.providers.media.MediaService.onScanVolume(MediaService.java:108)
05-29 02:52:17.222  1496  1929 E SQLiteDatabase: 	at com.android.providers.media.MediaService.onHandleWork(MediaService.java:71)
05-29 02:52:17.222  1496  1929 E SQLiteDatabase: 	at androidx.core.app.JobIntentService$CommandProcessor.doInBackground(JobIntentService.java:391)
05-29 02:52:17.222  1496  1929 E SQLiteDatabase: 	at androidx.core.app.JobIntentService$CommandProcessor.doInBackground(JobIntentService.java:382)
05-29 02:52:17.222  1496  1929 E SQLiteDatabase: 	at android.os.AsyncTask$3.call(AsyncTask.java:394)
05-29 02:52:17.222  1496  1929 E SQLiteDatabase: 	at java.util.concurrent.FutureTask.run(FutureTask.java:266)
05-29 02:52:17.222  1496  1929 E SQLiteDatabase: 	at java.util.concurrent.ThreadPoolExecutor.runWorker(ThreadPoolExecutor.java:1167)
05-29 02:52:17.222  1496  1929 E SQLiteDatabase: 	at java.util.concurrent.ThreadPoolExecutor$Worker.run(ThreadPoolExecutor.java:641)
05-29 02:52:17.222  1496  1929 E SQLiteDatabase: 	at java.lang.Thread.run(Thread.java:923)
05-29 02:52:17.245  7458  7458 I ProvidersCache: Updating roots due to change on user 0at content://com.android.providers.media.documents/root
05-29 02:52:17.299  9248  9248 E libc    : Access denied finding property "persist.device_config.runtime_native_boot.profilebootclasspath"
05-29 02:52:17.299  9248  9248 E libc    : Access denied finding property "persist.device_config.runtime_native_boot.enable_apex_image"
05-29 02:52:17.299  9248  9248 I AndroidRuntime: Using default boot image
05-29 02:52:17.299  9248  9248 E libc    : Access denied finding property "persist.device_config.runtime_native_boot.disable_lock_profiling"
05-29 02:52:17.299  9248  9248 I AndroidRuntime: Leaving lock profiling enabled
05-29 02:52:17.299  9248  9248 E libc    : Access denied finding property "persist.device_config.runtime_native_boot.enable_generational_cc"
05-29 02:52:17.303  9248  9248 I app_process: Core platform API reporting enabled, enforcing=false
05-29 02:52:17.296  9248  9248 W app_process: type=1400 audit(0.0:193): avc: denied { read } for name="u:object_r:device_config_runtime_native_boot_prop:s0" dev="tmpfs" ino=8335 scontext=u:r:shell:s0 tcontext=u:object_r:device_config_runtime_native_boot_prop:s0 tclass=file permissive=0
05-29 02:52:17.413  7458  7458 I ProvidersCache: Updating roots due to change on user 0at content://com.android.providers.media.documents/root
05-29 02:52:17.429  9248  9248 W app_process: Unexpected CPU variant for X86 using defaults: x86_64
05-29 02:52:17.431  9248  9248 I app_process: The ClassLoaderContext is a special shared library.
05-29 02:52:17.446  9248  9248 W app_process: JNI RegisterNativeMethods: attempt to register 0 native methods for android.media.AudioAttributes
05-29 02:52:17.612  7458  7458 I ProvidersCache: Updating roots due to change on user 0at content://com.android.providers.media.documents/root
05-29 02:52:17.849  7882  7894 I pokedex.androi: Background concurrent copying GC freed 262281(11MB) AllocSpace objects, 36(8476KB) LOS objects, 49% free, 9979KB/19MB, paused 13us total 122.340ms
05-29 02:52:19.166   158   158 I hwservicemanager: getTransport: Cannot find entry android.hardware.graphics.mapper@4.0::IMapper/default in either framework or device manifest.
05-29 02:52:19.166  9281  9281 I Gralloc4: mapper 4.x is not supported
05-29 02:52:19.308  9285  9287 I cmd     : oneway function results will be dropped but finished with status OK and parcel size 4
05-29 02:52:19.367  1496  1626 I MediaProvider: Deleted 1 items on external_primary due to com.android.shell
05-29 02:52:19.559   158   158 I hwservicemanager: getTransport: Cannot find entry android.hardware.graphics.mapper@4.0::IMapper/default in either framework or device manifest.
05-29 02:52:19.559  9318  9318 I Gralloc4: mapper 4.x is not supported
05-29 02:52:19.703  9322  9324 I cmd     : oneway function results will be dropped but finished with status OK and parcel size 4
05-29 02:52:19.756  7458  7458 I ProvidersCache: Updating roots due to change on user 0at content://com.android.providers.media.documents/root
05-29 02:52:19.763  1496  2463 I MediaProvider: Deleted 1 items on external_primary due to com.android.shell
05-29 02:52:19.809  9333  9334 I cmd     : oneway function results will be dropped but finished with status OK and parcel size 4
05-29 02:52:19.866  1496  1510 I FuseDaemon: Background concurrent copying GC freed 277547(18MB) AllocSpace objects, 186(3836KB) LOS objects, 49% free, 3686KB/7373KB, paused 76us total 102.359ms
05-29 02:52:19.947  7458  7458 I ProvidersCache: Updating roots due to change on user 0at content://com.android.providers.media.documents/root
05-29 02:52:20.012   158   158 I hwservicemanager: getTransport: Cannot find entry android.hardware.graphics.mapper@4.0::IMapper/default in either framework or device manifest.
05-29 02:52:20.013  9355  9355 I Gralloc4: mapper 4.x is not supported
05-29 02:52:20.270  1496  1625 I MediaProvider: Deleted 1 items on external_primary due to com.android.shell
05-29 02:52:20.343  7458  7458 I ProvidersCache: Updating roots due to change on user 0at content://com.android.providers.media.documents/root
05-29 02:52:20.398  9402  9404 I cmd     : oneway function results will be dropped but finished with status OK and parcel size 4
05-29 02:52:20.434  9417  9419 I cmd     : oneway function results will be dropped but finished with status OK and parcel size 4
05-29 02:52:20.532  9429  9429 E libc    : Access denied finding property "persist.device_config.runtime_native_boot.profilebootclasspath"
05-29 02:52:20.532  9429  9429 E libc    : Access denied finding property "persist.device_config.runtime_native_boot.enable_apex_image"
05-29 02:52:20.532  9429  9429 I AndroidRuntime: Using default boot image
05-29 02:52:20.532  9429  9429 E libc    : Access denied finding property "persist.device_config.runtime_native_boot.disable_lock_profiling"
05-29 02:52:20.532  9429  9429 I AndroidRuntime: Leaving lock profiling enabled
05-29 02:52:20.532  9429  9429 E libc    : Access denied finding property "persist.device_config.runtime_native_boot.enable_generational_cc"
05-29 02:52:20.535  9429  9429 I app_process: Core platform API reporting enabled, enforcing=false
05-29 02:52:20.528  9429  9429 W app_process: type=1400 audit(0.0:197): avc: denied { read } for name="u:object_r:device_config_runtime_native_boot_prop:s0" dev="tmpfs" ino=8335 scontext=u:r:shell:s0 tcontext=u:object_r:device_config_runtime_native_boot_prop:s0 tclass=file permissive=0
05-29 02:52:20.669  9429  9429 W app_process: Unexpected CPU variant for X86 using defaults: x86_64
05-29 02:52:20.670  9429  9429 I app_process: The ClassLoaderContext is a special shared library.
05-29 02:52:20.686  9429  9429 W app_process: JNI RegisterNativeMethods: attempt to register 0 native methods for android.media.AudioAttributes
05-29 02:52:20.742  1496  1929 E SQLiteDatabase: Error inserting format=12289 owner_package_name=null parent=-1 volume_name=internal date_modified=1683213674 _display_name=ringtones _data=/product/media/audio/ringtones is_download=0 relative_path=null
05-29 02:52:20.742  1496  1929 E SQLiteDatabase: android.database.sqlite.SQLiteDatabaseLockedException: database is locked (code 5 SQLITE_BUSY)
05-29 02:52:20.742  1496  1929 E SQLiteDatabase: 	at android.database.sqlite.SQLiteConnection.nativeExecuteForLastInsertedRowId(Native Method)
05-29 02:52:20.742  1496  1929 E SQLiteDatabase: 	at android.database.sqlite.SQLiteConnection.executeForLastInsertedRowId(SQLiteConnection.java:938)
05-29 02:52:20.742  1496  1929 E SQLiteDatabase: 	at android.database.sqlite.SQLiteSession.executeForLastInsertedRowId(SQLiteSession.java:790)
05-29 02:52:20.742  1496  1929 E SQLiteDatabase: 	at android.database.sqlite.SQLiteStatement.executeInsert(SQLiteStatement.java:88)
05-29 02:52:20.742  1496  1929 E SQLiteDatabase: 	at android.database.sqlite.SQLiteDatabase.insertWithOnConflict(SQLiteDatabase.java:1701)
05-29 02:52:20.742  1496  1929 E SQLiteDatabase: 	at android.database.sqlite.SQLiteDatabase.insert(SQLiteDatabase.java:1570)
05-29 02:52:20.742  1496  1929 E SQLiteDatabase: 	at com.android.providers.media.MediaProvider.insertDirectory(MediaProvider.java:2773)
05-29 02:52:20.742  1496  1929 E SQLiteDatabase: 	at com.android.providers.media.MediaProvider.getParent(MediaProvider.java:2794)
05-29 02:52:20.742  1496  1929 E SQLiteDatabase: 	at com.android.providers.media.MediaProvider.lambda$insertAllowingUpsert$14(MediaProvider.java:3060)
05-29 02:52:20.742  1496  1929 E SQLiteDatabase: 	at com.android.providers.media.MediaProvider.lambda$insertAllowingUpsert$14$MediaProvider(Unknown Source:0)
05-29 02:52:20.742  1496  1929 E SQLiteDatabase: 	at com.android.providers.media.-$$Lambda$MediaProvider$FjHWs2-fjgG761OzVFzdTX4EWZg.apply(Unknown Source:13)
05-29 02:52:20.742  1496  1929 E SQLiteDatabase: 	at com.android.providers.media.DatabaseHelper.runWithTransaction(DatabaseHelper.java:555)
05-29 02:52:20.742  1496  1929 E SQLiteDatabase: 	at com.android.providers.media.MediaProvider.insertAllowingUpsert(MediaProvider.java:3056)
05-29 02:52:20.742  1496  1929 E SQLiteDatabase: 	at com.android.providers.media.MediaProvider.insertFile(MediaProvider.java:3038)
05-29 02:52:20.742  1496  1929 E SQLiteDatabase: 	at com.android.providers.media.MediaProvider.insertInternal(MediaProvider.java:3470)
05-29 02:52:20.742  1496  1929 E SQLiteDatabase: 	at com.android.providers.media.MediaProvider.insert(MediaProvider.java:3198)
05-29 02:52:20.742  1496  1929 E SQLiteDatabase: 	at android.content.ContentProviderOperation.applyInternal(ContentProviderOperation.java:375)
05-29 02:52:20.742  1496  1929 E SQLiteDatabase: 	at android.content.ContentProviderOperation.apply(ContentProviderOperation.java:347)
05-29 02:52:20.742  1496  1929 E SQLiteDatabase: 	at android.content.ContentProvider.applyBatch(ContentProvider.java:2422)
05-29 02:52:20.742  1496  1929 E SQLiteDatabase: 	at com.android.providers.media.MediaProvider.applyBatch(MediaProvider.java:3522)
05-29 02:52:20.742  1496  1929 E SQLiteDatabase: 	at android.content.ContentProvider.applyBatch(ContentProvider.java:2413)
05-29 02:52:20.742  1496  1929 E SQLiteDatabase: 	at android.content.ContentResolver.applyBatch(ContentResolver.java:2186)
05-29 02:52:20.742  1496  1929 E SQLiteDatabase: 	at com.android.providers.media.scan.ModernMediaScanner$Scan.applyPending(ModernMediaScanner.java:699)
05-29 02:52:20.742  1496  1929 E SQLiteDatabase: 	at com.android.providers.media.scan.ModernMediaScanner$Scan.maybeApplyPending(ModernMediaScanner.java:689)
05-29 02:52:20.742  1496  1929 E SQLiteDatabase: 	at com.android.providers.media.scan.ModernMediaScanner$Scan.visitFile(ModernMediaScanner.java:649)
05-29 02:52:20.742  1496  1929 E SQLiteDatabase: 	at com.android.providers.media.scan.ModernMediaScanner$Scan.visitFile(ModernMediaScanner.java:272)
05-29 02:52:20.742  1496  1929 E SQLiteDatabase: 	at java.nio.file.Files.walkFileTree(Files.java:2670)
05-29 02:52:20.742  1496  1929 E SQLiteDatabase: 	at java.nio.file.Files.walkFileTree(Files.java:2742)
05-29 02:52:20.742  1496  1929 E SQLiteDatabase: 	at com.android.providers.media.scan.ModernMediaScanner$Scan.walkFileTree(ModernMediaScanner.java:366)
05-29 02:52:20.742  1496  1929 E SQLiteDatabase: 	at com.android.providers.media.scan.ModernMediaScanner$Scan.run(ModernMediaScanner.java:329)
05-29 02:52:20.742  1496  1929 E SQLiteDatabase: 	at com.android.providers.media.scan.ModernMediaScanner.scanDirectory(ModernMediaScanner.java:226)
05-29 02:52:20.742  1496  1929 E SQLiteDatabase: 	at com.android.providers.media.MediaProvider.scanDirectory(MediaProvider.java:1111)
05-29 02:52:20.742  1496  1929 E SQLiteDatabase: 	at com.android.providers.media.MediaService.onScanVolume(MediaService.java:148)
05-29 02:52:20.742  1496  1929 E SQLiteDatabase: 	at com.android.providers.media.MediaService.onScanVolume(MediaService.java:117)
05-29 02:52:20.742  1496  1929 E SQLiteDatabase: 	at com.android.providers.media.MediaService.onScanVolume(MediaService.java:108)
05-29 02:52:20.742  1496  1929 E SQLiteDatabase: 	at com.android.providers.media.MediaService.onHandleWork(MediaService.java:71)
05-29 02:52:20.742  1496  1929 E SQLiteDatabase: 	at androidx.core.app.JobIntentService$CommandProcessor.doInBackground(JobIntentService.java:391)
05-29 02:52:20.742  1496  1929 E SQLiteDatabase: 	at androidx.core.app.JobIntentService$CommandProcessor.doInBackground(JobIntentService.java:382)
05-29 02:52:20.742  1496  1929 E SQLiteDatabase: 	at android.os.AsyncTask$3.call(AsyncTask.java:394)
05-29 02:52:20.742  1496  1929 E SQLiteDatabase: 	at java.util.concurrent.FutureTask.run(FutureTask.java:266)
05-29 02:52:20.742  1496  1929 E SQLiteDatabase: 	at java.util.concurrent.ThreadPoolExecutor.runWorker(ThreadPoolExecutor.java:1167)
05-29 02:52:20.742  1496  1929 E SQLiteDatabase: 	at java.util.concurrent.ThreadPoolExecutor$Worker.run(ThreadPoolExecutor.java:641)
05-29 02:52:20.742  1496  1929 E SQLiteDatabase: 	at java.lang.Thread.run(Thread.java:923)
05-29 02:52:20.773  7458  7458 I ProvidersCache: Updating roots due to change on user 0at content://com.android.providers.media.documents/root
05-29 02:52:20.911  7882  7986 I System.out: 02:52:20.907 [DefaultDispatcher-worker-12] INFO io.ktor.client.HttpClient - REQUEST: https://pokeapi.co/api/v2/pokemon/ivysaur
05-29 02:52:20.911  7882  7986 I System.out: METHOD: HttpMethod(value=GET)
05-29 02:52:20.911  7882  7986 I System.out: COMMON HEADERS
05-29 02:52:20.911  7882  7986 I System.out: -> Accept: application/json
05-29 02:52:20.911  7882  7986 I System.out: -> Accept-Charset: UTF-8
05-29 02:52:20.911  7882  7986 I System.out: -> Content-Type: application/json
05-29 02:52:20.911  7882  7986 I System.out: CONTENT HEADERS
05-29 02:52:20.911  7882  7986 I System.out: -> Content-Length: 0
05-29 02:52:20.911  7882  7986 I System.out: BODY Content-Type: null
05-29 02:52:20.911  7882  7986 I System.out: BODY START
05-29 02:52:20.911  7882  7986 I System.out: 
05-29 02:52:20.911  7882  7986 I System.out: BODY END
05-29 02:52:20.973  1404  1852 I Dialer  : OmtpVvmCarrierCfgHlpr - OmtpEvent:CONFIG_STATUS_SMS_TIME_OUT
05-29 02:52:20.974  1404  1404 I Dialer  : RetryPolicy - discarding deferred status: configuration_state=4
05-29 02:52:20.978  1404  1404 I Dialer  : VvmTaskExecutor - no more tasks, stopping service if no task are added in 5000 millis
05-29 02:52:20.981  1404  1404 I Dialer  : VvmTaskReceiver - task received
05-29 02:52:20.981  1404  1404 I Dialer  : VvmTaskReceiver - TaskExecutor already running
05-29 02:52:20.981  1404  1404 I Dialer  : Task.createTask - create task:com.android.voicemail.impl.ActivationTask
05-29 02:52:20.981  1404  1404 I Dialer  : RetryPolicy - retry #2 for com.android.voicemail.impl.ActivationTask@18652b2 queued, executing in 5000
05-29 02:52:20.981  1404  1404 I Dialer  : VvmTaskExecutor - com.android.voicemail.impl.ActivationTask@18652b2 added
05-29 02:52:20.981  1404  1404 I Dialer  : VvmTaskExecutor - minimal wait time:5000
05-29 02:52:20.981  1404  1404 I Dialer  : VvmTaskExecutor - sleep for 5000 millis
05-29 02:52:21.186  7882  7969 I System.out: 02:52:21.101 [DefaultDispatcher-worker-3] INFO io.ktor.client.HttpClient - RESPONSE: 200 OK
05-29 02:52:21.186  7882  7969 I System.out: METHOD: HttpMethod(value=GET)
05-29 02:52:21.186  7882  7969 I System.out: FROM: https://pokeapi.co/api/v2/pokemon/ivysaur
05-29 02:52:21.186  7882  7969 I System.out: COMMON HEADERS
05-29 02:52:21.186  7882  7969 I System.out: -> access-control-allow-origin: *
05-29 02:52:21.186  7882  7969 I System.out: -> age: 58306
05-29 02:52:21.186  7882  7969 I System.out: -> alt-svc: h3=":443"; ma=86400
05-29 02:52:21.186  7882  7969 I System.out: -> cache-control: public, max-age=86400, s-maxage=86400
05-29 02:52:21.186  7882  7969 I System.out: -> cf-cache-status: HIT
05-29 02:52:21.186  7882  7969 I System.out: -> cf-ray: a03233d9ae7934db-LAX
05-29 02:52:21.186  7882  7969 I System.out: -> connection: keep-alive
05-29 02:52:21.186  7882  7969 I System.out: -> content-type: application/json; charset=utf-8
05-29 02:52:21.186  7882  7969 I System.out: -> date: Fri, 29 May 2026 02:52:21 GMT
05-29 02:52:21.186  7882  7969 I System.out: -> etag: W/"3a208-UaeAV+hyIAKhsYxQ2HzouJGTqQg"
05-29 02:52:21.186  7882  7969 I System.out: -> function-execution-id: nec67fam86i0
05-29 02:52:21.186  7882  7969 I System.out: -> nel: {"report_to":"cf-nel","success_fraction":0.0,"max_age":604800}
05-29 02:52:21.186  7882  7969 I System.out: -> report-to: {"group":"cf-nel","max_age":604800,"endpoints":[{"url":"https://a.nel.cloudflare.com/report/v4?s=qdcTq65%2BBFMLdvNjXpGFPU7vDcePtGahM3RdlatVGlB4RucavFYRfrWu9swmPFH5INc8yWaJn6uVf9EhrBJ7pIW1r1sJcvq%2B0qTghI%2BeO2M9y00VzlRlhy20wPaI"}]}
05-29 02:52:21.186  7882  7969 I System.out: -> server: cloudflare
05-29 02:52:21.186  7882  7969 I System.out: -> strict-transport-security: max-age=31556926
05-29 02:52:21.186  7882  7969 I System.out: -> transfer-encoding: chunked
05-29 02:52:21.186  7882  7969 I System.out: -> vary: Accept-Encoding,cookie,need-authorization, x-fh-requested-host, accept-encoding
05-29 02:52:21.186  7882  7969 I System.out: -> x-android-received-millis: 1780023140945
05-29 02:52:21.186  7882  7969 I System.out: -> x-android-response-source: NETWORK 200
05-29 02:52:21.186  7882  7969 I System.out: -> x-android-selected-protocol: http/1.1
05-29 02:52:21.186  7882  7969 I System.out: -> x-android-sent-millis: 1780023140915
05-29 02:52:21.186  7882  7969 I System.out: -> x-cache: MISS
05-29 02:52:21.186  7882  7969 I System.out: -> x-cache-hits: 0
05-29 02:52:21.186  7882  7969 I System.out: -> x-cloud-trace-context: 26f30e6f697d37445b019bdbc9f15367
05-29 02:52:21.186  7882  7969 I System.out: -> x-country-code: US
05-29 02:52:21.186  7882  7969 I System.out: -> x-powered-by: Express
05-29 02:52:21.186  7882  7969 I System.out: -> x-served-by: cache-dfw-kdfw8210112-DFW
05-29 02:52:21.186  7882  7969 I System.out: -> x-timer: S1769785671.858082,VS0,VE639
05-29 02:52:21.187  7882  7969 I System.out: BODY Content-Type: application/json; charset=utf-8
05-29 02:52:21.187  7882  7969 I System.out: BODY START
05-29 02:52:21.187  7882  7969 I System.out: {"abilities":[{"ability":{"name":"overgrow","url":"https://pokeapi.co/api/v2/ability/65/"},"is_hidden":false,"slot":1},{"ability":{"name":"chlorophyll","url":"https://pokeapi.co/api/v2/ability/34/"},"is_hidden":true,"slot":3}],"base_experience":142,"cries":{"latest":"https://raw.githubusercontent.com/PokeAPI/cries/main/cries/pokemon/latest/2.ogg","legacy":"https://raw.githubusercontent.com/PokeAPI/cries/main/cries/pokemon/legacy/2.ogg"},"forms":[{"name":"ivysaur","url":"https://pokeapi.co/api/v2/pokemon-form/2/"}],"game_indices":[{"game_index":9,"version":{"name":"red","url":"https://pokeapi.co/api/v2/version/1/"}},{"game_index":9,"version":{"name":"blue","url":"https://pokeapi.co/api/v2/version/2/"}},{"game_index":9,"version":{"name":"yellow","url":"https://pokeapi.co/api/v2/version/3/"}},{"game_index":2,"version":{"name":"gold","url":"https://pokeapi.co/api/v2/version/4/"}},{"game_index":2,"version":{"name":"silver","url":"https://pokeapi.co/api/v2/version/5/"}},{"game_index":2,"version":{"name":"crystal","url":"https://pokeapi.co/api/v2/version/6/"}},{"game_index":2,"version":{"name":"ruby","url":"https://pokeapi.co/api/v2/version/7/"}},{"game_index":2,"version":{"name":"sapphire","url":"https://pokeapi.co/api/v2/version/8/"}},{"game_index":2,"version":{"name":"emerald","url":"https://pokeapi.co/api/v2/version/9/"}},{"game_index":2,"version":{"name":"firered","url":"https://pokeapi.co/api/v2/version/10/"}},{"game_index":2,"version":{"name":"leafgreen","url":"https://pokeapi.co/api/v2/version/11/"}},{"game_index":2,"version":{"name":"diamond","url":"https://pokeapi.co/api/v2/version/12/"}},{"game_index":2,"version":{"name":"pearl","url":"https://pokeapi.co/api/v2/version/13/"}},{"game_index":2,"version":{"name":"platinum","url":"https://pokeapi.co/api/v2/version/14/"}},{"game_index":2,"version":{"name":"heartgold","url":"https://pokeapi.co/api/v2/version/15/"}},{"game_index":2,"version":{"name":"soulsilver","url":"https://pokeapi.co/api/v2/version/16/"}},{"game_index":2,"version":{"name":"black","url":"https://pokeapi.co/api/v2/version/17/"}},{"game_index":2,"version":{"name":"white","url":"https://pokeapi.co/api/v2/version/18/"}},{"game_index":2,"version":{"name":"black-2","url":"https://pokeapi.co/api/v2/version/21/"}},{"game_index":2,"version":{"name":"white-2","url":"https://pokeapi.co/api/v2/version/22/"}}],"height":10,"held_items":[],"id":2,"is_default":true,"location_area_encounters":"https://pokeapi.co/api/v2/pokemon/2/encounters","moves":[{"move":{"name":"swords-dance","url":"https://pokeapi.co/api/v2/move/14/"},"version_group_details":[{"level_learned_at":0,"move_learn_method":{"name":"machine","url":"https://pokeapi.co/api/v2/move-learn-method/4/"},"order":null,"version_group":{"name":"red-blue","url":"https://pokeapi.co/api/v2/version-group/1/"}},{"level_learned_at":0,"move_learn_method":{"name":"machine","url":"https://pokeapi.co/api/v2/move-learn-method/4/"},"order":null,"version_group":{"name":"yellow","url":"https://pokeapi.co/api/v2/version-group/2/"}},{"level_learned_at":0,"move_learn_method":{"name":"tutor","url":"https://pokeapi.co/api/v2/move-learn-method/3/"},"order":null,"version_group":{"name":"emerald","url":"https://pokeapi.co/api/v2/version-group/6/"}},{"level_learned_at":0,"move_learn_method":{"name":"tutor","url":"https://pokeapi.co/api/v2/move-learn-method/3/"},"order":null,"version_group":{"name":"firered-leafgreen","url":"https://pokeapi.co/api/v2/version-group/7/"}},{"level_learned_at":0,"move_learn_method":{"name":"machine","url":"https://pokeapi.co/api/v2/move-learn-method/4/"},"order":null,"version_group":{"name":"diamond-pearl","url":"https://pokeapi.co/api/v2/version-group/8/"}},{"level_learned_at":0,"move_learn_method":{"name":"machine","url":"https://pokeapi.co/api/v2/move-learn-method/4/"},"order":null,"version_group":{"name":"platinum","url":"https://pokeapi.co/api/v2/version-group/9/"}},{"level_learned_at":0,"move_learn_method":{"name":"machine","url":"https://pokeapi.co/api/v2/move-learn-method/4/"},"order":null,"version_group":{"name"
05-29 02:52:21.187  7882  7969 I System.out: BODY END
05-29 02:52:22.380   158   158 I hwservicemanager: getTransport: Cannot find entry android.hardware.graphics.mapper@4.0::IMapper/default in either framework or device manifest.
05-29 02:52:22.380  9465  9465 I Gralloc4: mapper 4.x is not supported
05-29 02:52:22.522  9469  9471 I cmd     : oneway function results will be dropped but finished with status OK and parcel size 4
05-29 02:52:22.618  1496  1626 I MediaProvider: Deleted 1 items on external_primary due to com.android.shell
05-29 02:52:22.650  9480  9482 I cmd     : oneway function results will be dropped but finished with status OK and parcel size 4
05-29 02:52:22.804   158   158 I hwservicemanager: getTransport: Cannot find entry android.hardware.graphics.mapper@4.0::IMapper/default in either framework or device manifest.
05-29 02:52:22.805  9502  9502 I Gralloc4: mapper 4.x is not supported
05-29 02:52:22.907  7458  7458 I ProvidersCache: Updating roots due to change on user 0at content://com.android.providers.media.documents/root
05-29 02:52:22.948  9506  9508 I cmd     : oneway function results will be dropped but finished with status OK and parcel size 4
05-29 02:52:23.038  1496  2463 I MediaProvider: Deleted 1 items on external_primary due to com.android.shell
05-29 02:52:23.068  9517  9519 I cmd     : oneway function results will be dropped but finished with status OK and parcel size 4
05-29 02:52:23.097  7458  7458 I ProvidersCache: Updating roots due to change on user 0at content://com.android.providers.media.documents/root
05-29 02:52:23.208   158   158 I hwservicemanager: getTransport: Cannot find entry android.hardware.graphics.mapper@4.0::IMapper/default in either framework or device manifest.
05-29 02:52:23.208  9539  9539 I Gralloc4: mapper 4.x is not supported
05-29 02:52:23.359  9545  9547 I cmd     : oneway function results will be dropped but finished with status OK and parcel size 4
05-29 02:52:23.403  1496  1625 I MediaProvider: Deleted 1 items on external_primary due to com.android.shell
05-29 02:52:23.470  7458  7458 I ProvidersCache: Updating roots due to change on user 0at content://com.android.providers.media.documents/root
05-29 02:52:23.518  9586  9588 I cmd     : oneway function results will be dropped but finished with status OK and parcel size 4
05-29 02:52:23.551  9601  9603 I cmd     : oneway function results will be dropped but finished with status OK and parcel size 4
05-29 02:52:23.651  9613  9613 E libc    : Access denied finding property "persist.device_config.runtime_native_boot.profilebootclasspath"
05-29 02:52:23.651  9613  9613 E libc    : Access denied finding property "persist.device_config.runtime_native_boot.enable_apex_image"
05-29 02:52:23.651  9613  9613 I AndroidRuntime: Using default boot image
05-29 02:52:23.651  9613  9613 E libc    : Access denied finding property "persist.device_config.runtime_native_boot.disable_lock_profiling"
05-29 02:52:23.651  9613  9613 I AndroidRuntime: Leaving lock profiling enabled
05-29 02:52:23.651  9613  9613 E libc    : Access denied finding property "persist.device_config.runtime_native_boot.enable_generational_cc"
05-29 02:52:23.648  9613  9613 W app_process: type=1400 audit(0.0:201): avc: denied { read } for name="u:object_r:device_config_runtime_native_boot_prop:s0" dev="tmpfs" ino=8335 scontext=u:r:shell:s0 tcontext=u:object_r:device_config_runtime_native_boot_prop:s0 tclass=file permissive=0
05-29 02:52:23.654  9613  9613 I app_process: Core platform API reporting enabled, enforcing=false
05-29 02:52:23.648  9613  9613 W app_process: type=1400 audit(0.0:202): avc: denied { read } for name="u:object_r:device_config_runtime_native_boot_prop:s0" dev="tmpfs" ino=8335 scontext=u:r:shell:s0 tcontext=u:object_r:device_config_runtime_native_boot_prop:s0 tclass=file permissive=0
05-29 02:52:23.780  9613  9613 W app_process: Unexpected CPU variant for X86 using defaults: x86_64
05-29 02:52:23.782  9613  9613 I app_process: The ClassLoaderContext is a special shared library.
05-29 02:52:23.798  9613  9613 W app_process: JNI RegisterNativeMethods: attempt to register 0 native methods for android.media.AudioAttributes
05-29 02:52:23.837  7458  7458 I ProvidersCache: Updating roots due to change on user 0at content://com.android.providers.media.documents/root
05-29 02:52:25.512   158   158 I hwservicemanager: getTransport: Cannot find entry android.hardware.graphics.mapper@4.0::IMapper/default in either framework or device manifest.
05-29 02:52:25.512  9646  9646 I Gralloc4: mapper 4.x is not supported
05-29 02:52:25.654  9650  9652 I cmd     : oneway function results will be dropped but finished with status OK and parcel size 4
05-29 02:52:25.714  1496  1626 I MediaProvider: Deleted 1 items on external_primary due to com.android.shell
05-29 02:52:25.745  9661  9663 I cmd     : oneway function results will be dropped but finished with status OK and parcel size 4
05-29 02:52:25.893   158   158 I hwservicemanager: getTransport: Cannot find entry android.hardware.graphics.mapper@4.0::IMapper/default in either framework or device manifest.
05-29 02:52:25.893  9683  9683 I Gralloc4: mapper 4.x is not supported
05-29 02:52:26.023  1404  1852 I Dialer  : VvmTaskExecutor - executing task com.android.voicemail.impl.ActivationTask@18652b2
05-29 02:52:26.025  1404  1852 I Dialer  : PreOMigrationHandler - ComponentInfo{com.android.phone/com.android.services.telephony.TelephonyConnectionService}, ***, UserHandle{0} already migrated
05-29 02:52:26.037  9687  9689 I cmd     : oneway function results will be dropped but finished with status OK and parcel size 4
05-29 02:52:26.076  1430  2419 I VoicemailNotifier: receivers for android.intent.action.PROVIDER_CHANGED :[]
05-29 02:52:26.078  1404  1852 I Dialer  : VvmActivationTask - VVM content provider configured - vvm_type_cvvm
05-29 02:52:26.078  1404  1852 I Dialer  : OmtpVvmCarrierCfgHlpr - OmtpEvent:CONFIG_ACTIVATING
05-29 02:52:26.080  1430  2419 I VoicemailNotifier: receivers for android.intent.action.PROVIDER_CHANGED :[]
05-29 02:52:26.095  1496  1626 I MediaProvider: Deleted 1 items on external_primary due to com.android.shell
05-29 02:52:26.103  7458  7458 I ProvidersCache: Updating roots due to change on user 0at content://com.android.providers.media.documents/root
05-29 02:52:26.128  9698  9700 I cmd     : oneway function results will be dropped but finished with status OK and parcel size 4
05-29 02:52:26.267   158   158 I hwservicemanager: getTransport: Cannot find entry android.hardware.graphics.mapper@4.0::IMapper/default in either framework or device manifest.
05-29 02:52:26.267  9720  9720 I Gralloc4: mapper 4.x is not supported
05-29 02:52:26.315  7458  7458 I ProvidersCache: Updating roots due to change on user 0at content://com.android.providers.media.documents/root
05-29 02:52:26.466  1496  2463 I MediaProvider: Deleted 1 items on external_primary due to com.android.shell
05-29 02:52:26.497  9738  9740 I cmd     : oneway function results will be dropped but finished with status OK and parcel size 4
05-29 02:52:26.537  9753  9755 I cmd     : oneway function results will be dropped but finished with status OK and parcel size 4
05-29 02:52:26.571  9768  9770 I cmd     : oneway function results will be dropped but finished with status OK and parcel size 4
05-29 02:52:26.707  9795  9795 E libc    : Access denied finding property "persist.device_config.runtime_native_boot.profilebootclasspath"
05-29 02:52:26.707  9795  9795 E libc    : Access denied finding property "persist.device_config.runtime_native_boot.enable_apex_image"
05-29 02:52:26.707  9795  9795 I AndroidRuntime: Using default boot image
05-29 02:52:26.707  9795  9795 E libc    : Access denied finding property "persist.device_config.runtime_native_boot.disable_lock_profiling"
05-29 02:52:26.707  9795  9795 I AndroidRuntime: Leaving lock profiling enabled
05-29 02:52:26.708  9795  9795 E libc    : Access denied finding property "persist.device_config.runtime_native_boot.enable_generational_cc"
05-29 02:52:26.711  9795  9795 I app_process: Core platform API reporting enabled, enforcing=false
05-29 02:52:26.704  9795  9795 W app_process: type=1400 audit(0.0:205): avc: denied { read } for name="u:object_r:device_config_runtime_native_boot_prop:s0" dev="tmpfs" ino=8335 scontext=u:r:shell:s0 tcontext=u:object_r:device_config_runtime_native_boot_prop:s0 tclass=file permissive=0
05-29 02:52:26.721  7458  7458 I ProvidersCache: Updating roots due to change on user 0at content://com.android.providers.media.documents/root
05-29 02:52:26.704  9795  9795 W app_process: type=1400 audit(0.0:206): avc: denied { read } for name="u:object_r:device_config_runtime_native_boot_prop:s0" dev="tmpfs" ino=8335 scontext=u:r:shell:s0 tcontext=u:object_r:device_config_runtime_native_boot_prop:s0 tclass=file permissive=0
05-29 02:52:26.836  9795  9795 W app_process: Unexpected CPU variant for X86 using defaults: x86_64
05-29 02:52:26.837  9795  9795 I app_process: The ClassLoaderContext is a special shared library.
05-29 02:52:26.854  9795  9795 W app_process: JNI RegisterNativeMethods: attempt to register 0 native methods for android.media.AudioAttributes
05-29 02:52:26.881  7458  7458 I ProvidersCache: Updating roots due to change on user 0at content://com.android.providers.media.documents/root
05-29 02:52:26.918  2105  2105 E AccessibilityInteractionClient: 3 Disconnected nodes.
05-29 02:52:27.100  7458  7458 I ProvidersCache: Updating roots due to change on user 0at content://com.android.providers.media.documents/root
05-29 02:52:27.289  7882  7894 I pokedex.androi: Background young concurrent copying GC freed 62573(2513KB) AllocSpace objects, 19(6188KB) LOS objects, 41% free, 11MB/19MB, paused 52us total 133.840ms
05-29 02:52:27.936  1496  1929 E SQLiteDatabase: Error inserting format=12289 owner_package_name=null parent=-1 volume_name=internal date_modified=1683216921 _display_name=product _data=/product is_download=0 relative_path=null
05-29 02:52:27.936  1496  1929 E SQLiteDatabase: android.database.sqlite.SQLiteDatabaseLockedException: database is locked (code 5 SQLITE_BUSY)
05-29 02:52:27.936  1496  1929 E SQLiteDatabase: 	at android.database.sqlite.SQLiteConnection.nativeExecuteForLastInsertedRowId(Native Method)
05-29 02:52:27.936  1496  1929 E SQLiteDatabase: 	at android.database.sqlite.SQLiteConnection.executeForLastInsertedRowId(SQLiteConnection.java:938)
05-29 02:52:27.936  1496  1929 E SQLiteDatabase: 	at android.database.sqlite.SQLiteSession.executeForLastInsertedRowId(SQLiteSession.java:790)
05-29 02:52:27.936  1496  1929 E SQLiteDatabase: 	at android.database.sqlite.SQLiteStatement.executeInsert(SQLiteStatement.java:88)
05-29 02:52:27.936  1496  1929 E SQLiteDatabase: 	at android.database.sqlite.SQLiteDatabase.insertWithOnConflict(SQLiteDatabase.java:1701)
05-29 02:52:27.936  1496  1929 E SQLiteDatabase: 	at android.database.sqlite.SQLiteDatabase.insert(SQLiteDatabase.java:1570)
05-29 02:52:27.936  1496  1929 E SQLiteDatabase: 	at com.android.providers.media.MediaProvider.insertDirectory(MediaProvider.java:2773)
05-29 02:52:27.936  1496  1929 E SQLiteDatabase: 	at com.android.providers.media.MediaProvider.getParent(MediaProvider.java:2794)
05-29 02:52:27.936  1496  1929 E SQLiteDatabase: 	at com.android.providers.media.MediaProvider.insertDirectory(MediaProvider.java:2763)
05-29 02:52:27.936  1496  1929 E SQLiteDatabase: 	at com.android.providers.media.MediaProvider.getParent(MediaProvider.java:2794)
05-29 02:52:27.936  1496  1929 E SQLiteDatabase: 	at com.android.providers.media.MediaProvider.insertDirectory(MediaProvider.java:2763)
05-29 02:52:27.936  1496  1929 E SQLiteDatabase: 	at com.android.providers.media.MediaProvider.getParent(MediaProvider.java:2794)
05-29 02:52:27.936  1496  1929 E SQLiteDatabase: 	at com.android.providers.media.MediaProvider.insertDirectory(MediaProvider.java:2763)
05-29 02:52:27.936  1496  1929 E SQLiteDatabase: 	at com.android.providers.media.MediaProvider.getParent(MediaProvider.java:2794)
05-29 02:52:27.936  1496  1929 E SQLiteDatabase: 	at com.android.providers.media.MediaProvider.lambda$insertAllowingUpsert$14(MediaProvider.java:3060)
05-29 02:52:27.936  1496  1929 E SQLiteDatabase: 	at com.android.providers.media.MediaProvider.lambda$insertAllowingUpsert$14$MediaProvider(Unknown Source:0)
05-29 02:52:27.936  1496  1929 E SQLiteDatabase: 	at com.android.providers.media.-$$Lambda$MediaProvider$FjHWs2-fjgG761OzVFzdTX4EWZg.apply(Unknown Source:13)
05-29 02:52:27.936  1496  1929 E SQLiteDatabase: 	at com.android.providers.media.DatabaseHelper.runWithTransaction(DatabaseHelper.java:555)
05-29 02:52:27.936  1496  1929 E SQLiteDatabase: 	at com.android.providers.media.MediaProvider.insertAllowingUpsert(MediaProvider.java:3056)
05-29 02:52:27.936  1496  1929 E SQLiteDatabase: 	at com.android.providers.media.MediaProvider.insertFile(MediaProvider.java:3038)
05-29 02:52:27.936  1496  1929 E SQLiteDatabase: 	at com.android.providers.media.MediaProvider.insertInternal(MediaProvider.java:3470)
05-29 02:52:27.936  1496  1929 E SQLiteDatabase: 	at com.android.providers.media.MediaProvider.insert(MediaProvider.java:3198)
05-29 02:52:27.936  1496  1929 E SQLiteDatabase: 	at android.content.ContentProviderOperation.applyInternal(ContentProviderOperation.java:375)
05-29 02:52:27.936  1496  1929 E SQLiteDatabase: 	at android.content.ContentProviderOperation.apply(ContentProviderOperation.java:347)
05-29 02:52:27.936  1496  1929 E SQLiteDatabase: 	at android.content.ContentProvider.applyBatch(ContentProvider.java:2422)
05-29 02:52:27.936  1496  1929 E SQLiteDatabase: 	at com.android.providers.media.MediaProvider.applyBatch(MediaProvider.java:3522)
05-29 02:52:27.936  1496  1929 E SQLiteDatabase: 	at android.content.ContentProvider.applyBatch(ContentProvider.java:2413)
05-29 02:52:27.936  1496  1929 E SQLiteDatabase: 	at android.content.ContentResolver.applyBatch(ContentResolver.java:2186)
05-29 02:52:27.936  1496  1929 E SQLiteDatabase: 	at com.android.providers.media.scan.ModernMediaScanner$Scan.applyPending(ModernMediaScanner.java:699)
05-29 02:52:27.936  1496  1929 E SQLiteDatabase: 	at com.android.providers.media.scan.ModernMediaScanner$Scan.maybeApplyPending(ModernMediaScanner.java:689)
05-29 02:52:27.936  1496  1929 E SQLiteDatabase: 	at com.android.providers.media.scan.ModernMediaScanner$Scan.visitFile(ModernMediaScanner.java:649)
05-29 02:52:27.936  1496  1929 E SQLiteDatabase: 	at com.android.providers.media.scan.ModernMediaScanner$Scan.visitFile(ModernMediaScanner.java:272)
05-29 02:52:27.936  1496  1929 E SQLiteDatabase: 	at java.nio.file.Files.walkFileTree(Files.java:2670)
05-29 02:52:27.936  1496  1929 E SQLiteDatabase: 	at java.nio.file.Files.walkFileTree(Files.java:2742)
05-29 02:52:27.936  1496  1929 E SQLiteDatabase: 	at com.android.providers.media.scan.ModernMediaScanner$Scan.walkFileTree(ModernMediaScanner.java:366)
05-29 02:52:27.936  1496  1929 E SQLiteDatabase: 	at com.android.providers.media.scan.ModernMediaScanner$Scan.run(ModernMediaScanner.java:329)
05-29 02:52:27.936  1496  1929 E SQLiteDatabase: 	at com.android.providers.media.scan.ModernMediaScanner.scanDirectory(ModernMediaScanner.java:226)
05-29 02:52:27.936  1496  1929 E SQLiteDatabase: 	at com.android.providers.media.MediaProvider.scanDirectory(MediaProvider.java:1111)
05-29 02:52:27.936  1496  1929 E SQLiteDatabase: 	at com.android.providers.media.MediaService.onScanVolume(MediaService.java:148)
05-29 02:52:27.936  1496  1929 E SQLiteDatabase: 	at com.android.providers.media.MediaService.onScanVolume(MediaService.java:117)
05-29 02:52:27.936  1496  1929 E SQLiteDatabase: 	at com.android.providers.media.MediaService.onScanVolume(MediaService.java:108)
05-29 02:52:27.936  1496  1929 E SQLiteDatabase: 	at com.android.providers.media.MediaService.onHandleWork(MediaService.java:71)
05-29 02:52:27.936  1496  1929 E SQLiteDatabase: 	at androidx.core.app.JobIntentService$CommandProcessor.doInBackground(JobIntentService.java:391)
05-29 02:52:27.936  1496  1929 E SQLiteDatabase: 	at androidx.core.app.JobIntentService$CommandProcessor.doInBackground(JobIntentService.java:382)
05-29 02:52:27.936  1496  1929 E SQLiteDatabase: 	at android.os.AsyncTask$3.call(AsyncTask.java:394)
05-29 02:52:27.936  1496  1929 E SQLiteDatabase: 	at java.util.concurrent.FutureTask.run(FutureTask.java:266)
05-29 02:52:27.936  1496  1929 E SQLiteDatabase: 	at java.util.concurrent.ThreadPoolExecutor.runWorker(ThreadPoolExecutor.java:1167)
05-29 02:52:27.936  1496  1929 E SQLiteDatabase: 	at java.util.concurrent.ThreadPoolExecutor$Worker.run(ThreadPoolExecutor.java:641)
05-29 02:52:27.936  1496  1929 E SQLiteDatabase: 	at java.lang.Thread.run(Thread.java:923)
05-29 02:52:28.561   158   158 I hwservicemanager: getTransport: Cannot find entry android.hardware.graphics.mapper@4.0::IMapper/default in either framework or device manifest.
05-29 02:52:28.561  9829  9829 I Gralloc4: mapper 4.x is not supported
05-29 02:52:28.700  9833  9835 I cmd     : oneway function results will be dropped but finished with status OK and parcel size 4
05-29 02:52:28.753  1496  1626 I MediaProvider: Deleted 1 items on external_primary due to com.android.shell
05-29 02:52:28.784  9844  9846 I cmd     : oneway function results will be dropped but finished with status OK and parcel size 4
05-29 02:52:28.931   158   158 I hwservicemanager: getTransport: Cannot find entry android.hardware.graphics.mapper@4.0::IMapper/default in either framework or device manifest.
05-29 02:52:28.931  9866  9866 I Gralloc4: mapper 4.x is not supported
05-29 02:52:29.125  1496  1625 I MediaProvider: Deleted 1 items on external_primary due to com.android.shell
05-29 02:52:29.203  7458  7458 I ProvidersCache: Updating roots due to change on user 0at content://com.android.providers.media.documents/root
05-29 02:52:29.308   158   158 I hwservicemanager: getTransport: Cannot find entry android.hardware.graphics.mapper@4.0::IMapper/default in either framework or device manifest.
05-29 02:52:29.308  9903  9903 I Gralloc4: mapper 4.x is not supported
05-29 02:52:29.415  7458  7458 I ProvidersCache: Updating roots due to change on user 0at content://com.android.providers.media.documents/root
05-29 02:52:29.439  9907  9909 I cmd     : oneway function results will be dropped but finished with status OK and parcel size 4
05-29 02:52:29.486  1496  1625 I MediaProvider: Deleted 1 items on external_primary due to com.android.shell
05-29 02:52:29.625  9950  9952 I cmd     : oneway function results will be dropped but finished with status OK and parcel size 4
05-29 02:52:29.756  9977  9977 E libc    : Access denied finding property "persist.device_config.runtime_native_boot.profilebootclasspath"
05-29 02:52:29.756  9977  9977 E libc    : Access denied finding property "persist.device_config.runtime_native_boot.enable_apex_image"
05-29 02:52:29.756  9977  9977 I AndroidRuntime: Using default boot image
05-29 02:52:29.756  9977  9977 E libc    : Access denied finding property "persist.device_config.runtime_native_boot.disable_lock_profiling"
05-29 02:52:29.756  9977  9977 I AndroidRuntime: Leaving lock profiling enabled
05-29 02:52:29.756  9977  9977 E libc    : Access denied finding property "persist.device_config.runtime_native_boot.enable_generational_cc"
05-29 02:52:29.761  9977  9977 I app_process: Core platform API reporting enabled, enforcing=false
05-29 02:52:29.752  9977  9977 W app_process: type=1400 audit(0.0:209): avc: denied { read } for name="u:object_r:device_config_runtime_native_boot_prop:s0" dev="tmpfs" ino=8335 scontext=u:r:shell:s0 tcontext=u:object_r:device_config_runtime_native_boot_prop:s0 tclass=file permissive=0
05-29 02:52:29.817  7458  7458 I ProvidersCache: Updating roots due to change on user 0at content://com.android.providers.media.documents/root
05-29 02:52:29.892  9977  9977 W app_process: Unexpected CPU variant for X86 using defaults: x86_64
05-29 02:52:29.893  9977  9977 I app_process: The ClassLoaderContext is a special shared library.
05-29 02:52:29.909  9977  9977 W app_process: JNI RegisterNativeMethods: attempt to register 0 native methods for android.media.AudioAttributes
05-29 02:52:30.034  7458  7458 I ProvidersCache: Updating roots due to change on user 0at content://com.android.providers.media.documents/root
05-29 02:52:30.080  2105  2105 E AccessibilityInteractionClient: 3 Disconnected nodes.
05-29 02:52:30.307  7458  7458 I ProvidersCache: Updating roots due to change on user 0at content://com.android.providers.media.documents/root
05-29 02:52:31.491  1496  1929 E SQLiteDatabase: Error inserting format=12289 owner_package_name=null parent=-1 volume_name=internal date_modified=1683213674 _display_name=media _data=/product/media is_download=0 relative_path=null
05-29 02:52:31.491  1496  1929 E SQLiteDatabase: android.database.sqlite.SQLiteDatabaseLockedException: database is locked (code 5 SQLITE_BUSY)
05-29 02:52:31.491  1496  1929 E SQLiteDatabase: 	at android.database.sqlite.SQLiteConnection.nativeExecuteForLastInsertedRowId(Native Method)
05-29 02:52:31.491  1496  1929 E SQLiteDatabase: 	at android.database.sqlite.SQLiteConnection.executeForLastInsertedRowId(SQLiteConnection.java:938)
05-29 02:52:31.491  1496  1929 E SQLiteDatabase: 	at android.database.sqlite.SQLiteSession.executeForLastInsertedRowId(SQLiteSession.java:790)
05-29 02:52:31.491  1496  1929 E SQLiteDatabase: 	at android.database.sqlite.SQLiteStatement.executeInsert(SQLiteStatement.java:88)
05-29 02:52:31.491  1496  1929 E SQLiteDatabase: 	at android.database.sqlite.SQLiteDatabase.insertWithOnConflict(SQLiteDatabase.java:1701)
05-29 02:52:31.491  1496  1929 E SQLiteDatabase: 	at android.database.sqlite.SQLiteDatabase.insert(SQLiteDatabase.java:1570)
05-29 02:52:31.491  1496  1929 E SQLiteDatabase: 	at com.android.providers.media.MediaProvider.insertDirectory(MediaProvider.java:2773)
05-29 02:52:31.491  1496  1929 E SQLiteDatabase: 	at com.android.providers.media.MediaProvider.getParent(MediaProvider.java:2794)
05-29 02:52:31.491  1496  1929 E SQLiteDatabase: 	at com.android.providers.media.MediaProvider.insertDirectory(MediaProvider.java:2763)
05-29 02:52:31.491  1496  1929 E SQLiteDatabase: 	at com.android.providers.media.MediaProvider.getParent(MediaProvider.java:2794)
05-29 02:52:31.491  1496  1929 E SQLiteDatabase: 	at com.android.providers.media.MediaProvider.insertDirectory(MediaProvider.java:2763)
05-29 02:52:31.491  1496  1929 E SQLiteDatabase: 	at com.android.providers.media.MediaProvider.getParent(MediaProvider.java:2794)
05-29 02:52:31.491  1496  1929 E SQLiteDatabase: 	at com.android.providers.media.MediaProvider.lambda$insertAllowingUpsert$14(MediaProvider.java:3060)
05-29 02:52:31.491  1496  1929 E SQLiteDatabase: 	at com.android.providers.media.MediaProvider.lambda$insertAllowingUpsert$14$MediaProvider(Unknown Source:0)
05-29 02:52:31.491  1496  1929 E SQLiteDatabase: 	at com.android.providers.media.-$$Lambda$MediaProvider$FjHWs2-fjgG761OzVFzdTX4EWZg.apply(Unknown Source:13)
05-29 02:52:31.491  1496  1929 E SQLiteDatabase: 	at com.android.providers.media.DatabaseHelper.runWithTransaction(DatabaseHelper.java:555)
05-29 02:52:31.491  1496  1929 E SQLiteDatabase: 	at com.android.providers.media.MediaProvider.insertAllowingUpsert(MediaProvider.java:3056)
05-29 02:52:31.491  1496  1929 E SQLiteDatabase: 	at com.android.providers.media.MediaProvider.insertFile(MediaProvider.java:3038)
05-29 02:52:31.491  1496  1929 E SQLiteDatabase: 	at com.android.providers.media.MediaProvider.insertInternal(MediaProvider.java:3470)
05-29 02:52:31.491  1496  1929 E SQLiteDatabase: 	at com.android.providers.media.MediaProvider.insert(MediaProvider.java:3198)
05-29 02:52:31.491  1496  1929 E SQLiteDatabase: 	at android.content.ContentProviderOperation.applyInternal(ContentProviderOperation.java:375)
