05-29 02:52:31.491  1496  1929 E SQLiteDatabase: 	at android.content.ContentProviderOperation.apply(ContentProviderOperation.java:347)
05-29 02:52:31.491  1496  1929 E SQLiteDatabase: 	at android.content.ContentProvider.applyBatch(ContentProvider.java:2422)
05-29 02:52:31.491  1496  1929 E SQLiteDatabase: 	at com.android.providers.media.MediaProvider.applyBatch(MediaProvider.java:3522)
05-29 02:52:31.491  1496  1929 E SQLiteDatabase: 	at android.content.ContentProvider.applyBatch(ContentProvider.java:2413)
05-29 02:52:31.491  1496  1929 E SQLiteDatabase: 	at android.content.ContentResolver.applyBatch(ContentResolver.java:2186)
05-29 02:52:31.491  1496  1929 E SQLiteDatabase: 	at com.android.providers.media.scan.ModernMediaScanner$Scan.applyPending(ModernMediaScanner.java:699)
05-29 02:52:31.491  1496  1929 E SQLiteDatabase: 	at com.android.providers.media.scan.ModernMediaScanner$Scan.maybeApplyPending(ModernMediaScanner.java:689)
05-29 02:52:31.491  1496  1929 E SQLiteDatabase: 	at com.android.providers.media.scan.ModernMediaScanner$Scan.visitFile(ModernMediaScanner.java:649)
05-29 02:52:31.491  1496  1929 E SQLiteDatabase: 	at com.android.providers.media.scan.ModernMediaScanner$Scan.visitFile(ModernMediaScanner.java:272)
05-29 02:52:31.491  1496  1929 E SQLiteDatabase: 	at java.nio.file.Files.walkFileTree(Files.java:2670)
05-29 02:52:31.491  1496  1929 E SQLiteDatabase: 	at java.nio.file.Files.walkFileTree(Files.java:2742)
05-29 02:52:31.491  1496  1929 E SQLiteDatabase: 	at com.android.providers.media.scan.ModernMediaScanner$Scan.walkFileTree(ModernMediaScanner.java:366)
05-29 02:52:31.491  1496  1929 E SQLiteDatabase: 	at com.android.providers.media.scan.ModernMediaScanner$Scan.run(ModernMediaScanner.java:329)
05-29 02:52:31.491  1496  1929 E SQLiteDatabase: 	at com.android.providers.media.scan.ModernMediaScanner.scanDirectory(ModernMediaScanner.java:226)
05-29 02:52:31.491  1496  1929 E SQLiteDatabase: 	at com.android.providers.media.MediaProvider.scanDirectory(MediaProvider.java:1111)
05-29 02:52:31.491  1496  1929 E SQLiteDatabase: 	at com.android.providers.media.MediaService.onScanVolume(MediaService.java:148)
05-29 02:52:31.491  1496  1929 E SQLiteDatabase: 	at com.android.providers.media.MediaService.onScanVolume(MediaService.java:117)
05-29 02:52:31.491  1496  1929 E SQLiteDatabase: 	at com.android.providers.media.MediaService.onScanVolume(MediaService.java:108)
05-29 02:52:31.491  1496  1929 E SQLiteDatabase: 	at com.android.providers.media.MediaService.onHandleWork(MediaService.java:71)
05-29 02:52:31.491  1496  1929 E SQLiteDatabase: 	at androidx.core.app.JobIntentService$CommandProcessor.doInBackground(JobIntentService.java:391)
05-29 02:52:31.491  1496  1929 E SQLiteDatabase: 	at androidx.core.app.JobIntentService$CommandProcessor.doInBackground(JobIntentService.java:382)
05-29 02:52:31.491  1496  1929 E SQLiteDatabase: 	at android.os.AsyncTask$3.call(AsyncTask.java:394)
05-29 02:52:31.491  1496  1929 E SQLiteDatabase: 	at java.util.concurrent.FutureTask.run(FutureTask.java:266)
05-29 02:52:31.491  1496  1929 E SQLiteDatabase: 	at java.util.concurrent.ThreadPoolExecutor.runWorker(ThreadPoolExecutor.java:1167)
05-29 02:52:31.491  1496  1929 E SQLiteDatabase: 	at java.util.concurrent.ThreadPoolExecutor$Worker.run(ThreadPoolExecutor.java:641)
05-29 02:52:31.491  1496  1929 E SQLiteDatabase: 	at java.lang.Thread.run(Thread.java:923)
05-29 02:52:31.622   158   158 I hwservicemanager: getTransport: Cannot find entry android.hardware.graphics.mapper@4.0::IMapper/default in either framework or device manifest.
05-29 02:52:31.622 10010 10010 I Gralloc4: mapper 4.x is not supported
05-29 02:52:31.755 10014 10016 I cmd     : oneway function results will be dropped but finished with status OK and parcel size 4
05-29 02:52:31.850  1496  1625 I MediaProvider: Deleted 1 items on external_primary due to com.android.shell
05-29 02:52:32.029   158   158 I hwservicemanager: getTransport: Cannot find entry android.hardware.graphics.mapper@4.0::IMapper/default in either framework or device manifest.
05-29 02:52:32.029 10047 10047 I Gralloc4: mapper 4.x is not supported
05-29 02:52:32.159 10051 10053 I cmd     : oneway function results will be dropped but finished with status OK and parcel size 4
05-29 02:52:32.252  1496  2463 I MediaProvider: Deleted 1 items on external_primary due to com.android.shell
05-29 02:52:32.410  7458  7458 I ProvidersCache: Updating roots due to change on user 0at content://com.android.providers.media.documents/root
05-29 02:52:32.432   158   158 I hwservicemanager: getTransport: Cannot find entry android.hardware.graphics.mapper@4.0::IMapper/default in either framework or device manifest.
05-29 02:52:32.432 10084 10084 I Gralloc4: mapper 4.x is not supported
05-29 02:52:32.550 10088 10090 I cmd     : oneway function results will be dropped but finished with status OK and parcel size 4
05-29 02:52:32.636  1496  1626 I MediaProvider: Deleted 1 items on external_primary due to com.android.shell
05-29 02:52:32.665  7458  7458 I ProvidersCache: Updating roots due to change on user 0at content://com.android.providers.media.documents/root
05-29 02:52:32.679 10101 10103 I cmd     : oneway function results will be dropped but finished with status OK and parcel size 4
05-29 02:52:32.718 10116 10118 I cmd     : oneway function results will be dropped but finished with status OK and parcel size 4
05-29 02:52:32.752 10131 10133 I cmd     : oneway function results will be dropped but finished with status OK and parcel size 4
05-29 02:52:32.786 10146 10148 I cmd     : oneway function results will be dropped but finished with status OK and parcel size 4
05-29 02:52:32.884 10158 10158 E libc    : Access denied finding property "persist.device_config.runtime_native_boot.profilebootclasspath"
05-29 02:52:32.884 10158 10158 E libc    : Access denied finding property "persist.device_config.runtime_native_boot.enable_apex_image"
05-29 02:52:32.884 10158 10158 I AndroidRuntime: Using default boot image
05-29 02:52:32.884 10158 10158 E libc    : Access denied finding property "persist.device_config.runtime_native_boot.disable_lock_profiling"
05-29 02:52:32.884 10158 10158 I AndroidRuntime: Leaving lock profiling enabled
05-29 02:52:32.884 10158 10158 E libc    : Access denied finding property "persist.device_config.runtime_native_boot.enable_generational_cc"
05-29 02:52:32.887 10158 10158 I app_process: Core platform API reporting enabled, enforcing=false
05-29 02:52:32.880 10158 10158 W app_process: type=1400 audit(0.0:213): avc: denied { read } for name="u:object_r:device_config_runtime_native_boot_prop:s0" dev="tmpfs" ino=8335 scontext=u:r:shell:s0 tcontext=u:object_r:device_config_runtime_native_boot_prop:s0 tclass=file permissive=0
05-29 02:52:33.013 10158 10158 W app_process: Unexpected CPU variant for X86 using defaults: x86_64
05-29 02:52:33.014 10158 10158 I app_process: The ClassLoaderContext is a special shared library.
05-29 02:52:33.031 10158 10158 W app_process: JNI RegisterNativeMethods: attempt to register 0 native methods for android.media.AudioAttributes
05-29 02:52:33.080  7458  7458 I ProvidersCache: Updating roots due to change on user 0at content://com.android.providers.media.documents/root
05-29 02:52:33.243  7458  7458 I ProvidersCache: Updating roots due to change on user 0at content://com.android.providers.media.documents/root
05-29 02:52:33.442  7458  7458 I ProvidersCache: Updating roots due to change on user 0at content://com.android.providers.media.documents/root
05-29 02:52:34.740   158   158 I hwservicemanager: getTransport: Cannot find entry android.hardware.graphics.mapper@4.0::IMapper/default in either framework or device manifest.
05-29 02:52:34.740 10192 10192 I Gralloc4: mapper 4.x is not supported
05-29 02:52:34.874 10196 10198 I cmd     : oneway function results will be dropped but finished with status OK and parcel size 4
05-29 02:52:34.932  1496  1625 I MediaProvider: Deleted 1 items on external_primary due to com.android.shell
05-29 02:52:34.963 10207 10209 I cmd     : oneway function results will be dropped but finished with status OK and parcel size 4
05-29 02:52:35.106  1496  1929 E SQLiteDatabase: Error inserting format=12289 owner_package_name=null parent=-1 volume_name=internal date_modified=1683213674 _display_name=audio _data=/product/media/audio is_download=0 relative_path=null
05-29 02:52:35.106  1496  1929 E SQLiteDatabase: android.database.sqlite.SQLiteDatabaseLockedException: database is locked (code 5 SQLITE_BUSY)
05-29 02:52:35.106  1496  1929 E SQLiteDatabase: 	at android.database.sqlite.SQLiteConnection.nativeExecuteForLastInsertedRowId(Native Method)
05-29 02:52:35.106  1496  1929 E SQLiteDatabase: 	at android.database.sqlite.SQLiteConnection.executeForLastInsertedRowId(SQLiteConnection.java:938)
05-29 02:52:35.106  1496  1929 E SQLiteDatabase: 	at android.database.sqlite.SQLiteSession.executeForLastInsertedRowId(SQLiteSession.java:790)
05-29 02:52:35.106  1496  1929 E SQLiteDatabase: 	at android.database.sqlite.SQLiteStatement.executeInsert(SQLiteStatement.java:88)
05-29 02:52:35.106  1496  1929 E SQLiteDatabase: 	at android.database.sqlite.SQLiteDatabase.insertWithOnConflict(SQLiteDatabase.java:1701)
05-29 02:52:35.106  1496  1929 E SQLiteDatabase: 	at android.database.sqlite.SQLiteDatabase.insert(SQLiteDatabase.java:1570)
05-29 02:52:35.106  1496  1929 E SQLiteDatabase: 	at com.android.providers.media.MediaProvider.insertDirectory(MediaProvider.java:2773)
05-29 02:52:35.106  1496  1929 E SQLiteDatabase: 	at com.android.providers.media.MediaProvider.getParent(MediaProvider.java:2794)
05-29 02:52:35.106  1496  1929 E SQLiteDatabase: 	at com.android.providers.media.MediaProvider.insertDirectory(MediaProvider.java:2763)
05-29 02:52:35.106  1496  1929 E SQLiteDatabase: 	at com.android.providers.media.MediaProvider.getParent(MediaProvider.java:2794)
05-29 02:52:35.106  1496  1929 E SQLiteDatabase: 	at com.android.providers.media.MediaProvider.lambda$insertAllowingUpsert$14(MediaProvider.java:3060)
05-29 02:52:35.106  1496  1929 E SQLiteDatabase: 	at com.android.providers.media.MediaProvider.lambda$insertAllowingUpsert$14$MediaProvider(Unknown Source:0)
05-29 02:52:35.106  1496  1929 E SQLiteDatabase: 	at com.android.providers.media.-$$Lambda$MediaProvider$FjHWs2-fjgG761OzVFzdTX4EWZg.apply(Unknown Source:13)
05-29 02:52:35.106  1496  1929 E SQLiteDatabase: 	at com.android.providers.media.DatabaseHelper.runWithTransaction(DatabaseHelper.java:555)
05-29 02:52:35.106  1496  1929 E SQLiteDatabase: 	at com.android.providers.media.MediaProvider.insertAllowingUpsert(MediaProvider.java:3056)
05-29 02:52:35.106  1496  1929 E SQLiteDatabase: 	at com.android.providers.media.MediaProvider.insertFile(MediaProvider.java:3038)
05-29 02:52:35.106  1496  1929 E SQLiteDatabase: 	at com.android.providers.media.MediaProvider.insertInternal(MediaProvider.java:3470)
05-29 02:52:35.106  1496  1929 E SQLiteDatabase: 	at com.android.providers.media.MediaProvider.insert(MediaProvider.java:3198)
05-29 02:52:35.106  1496  1929 E SQLiteDatabase: 	at android.content.ContentProviderOperation.applyInternal(ContentProviderOperation.java:375)
05-29 02:52:35.106  1496  1929 E SQLiteDatabase: 	at android.content.ContentProviderOperation.apply(ContentProviderOperation.java:347)
05-29 02:52:35.106  1496  1929 E SQLiteDatabase: 	at android.content.ContentProvider.applyBatch(ContentProvider.java:2422)
05-29 02:52:35.106  1496  1929 E SQLiteDatabase: 	at com.android.providers.media.MediaProvider.applyBatch(MediaProvider.java:3522)
05-29 02:52:35.106  1496  1929 E SQLiteDatabase: 	at android.content.ContentProvider.applyBatch(ContentProvider.java:2413)
05-29 02:52:35.106  1496  1929 E SQLiteDatabase: 	at android.content.ContentResolver.applyBatch(ContentResolver.java:2186)
05-29 02:52:35.106  1496  1929 E SQLiteDatabase: 	at com.android.providers.media.scan.ModernMediaScanner$Scan.applyPending(ModernMediaScanner.java:699)
05-29 02:52:35.106  1496  1929 E SQLiteDatabase: 	at com.android.providers.media.scan.ModernMediaScanner$Scan.maybeApplyPending(ModernMediaScanner.java:689)
05-29 02:52:35.106  1496  1929 E SQLiteDatabase: 	at com.android.providers.media.scan.ModernMediaScanner$Scan.visitFile(ModernMediaScanner.java:649)
05-29 02:52:35.106  1496  1929 E SQLiteDatabase: 	at com.android.providers.media.scan.ModernMediaScanner$Scan.visitFile(ModernMediaScanner.java:272)
05-29 02:52:35.106  1496  1929 E SQLiteDatabase: 	at java.nio.file.Files.walkFileTree(Files.java:2670)
05-29 02:52:35.106  1496  1929 E SQLiteDatabase: 	at java.nio.file.Files.walkFileTree(Files.java:2742)
05-29 02:52:35.106  1496  1929 E SQLiteDatabase: 	at com.android.providers.media.scan.ModernMediaScanner$Scan.walkFileTree(ModernMediaScanner.java:366)
05-29 02:52:35.106  1496  1929 E SQLiteDatabase: 	at com.android.providers.media.scan.ModernMediaScanner$Scan.run(ModernMediaScanner.java:329)
05-29 02:52:35.106  1496  1929 E SQLiteDatabase: 	at com.android.providers.media.scan.ModernMediaScanner.scanDirectory(ModernMediaScanner.java:226)
05-29 02:52:35.106  1496  1929 E SQLiteDatabase: 	at com.android.providers.media.MediaProvider.scanDirectory(MediaProvider.java:1111)
05-29 02:52:35.106  1496  1929 E SQLiteDatabase: 	at com.android.providers.media.MediaService.onScanVolume(MediaService.java:148)
05-29 02:52:35.106  1496  1929 E SQLiteDatabase: 	at com.android.providers.media.MediaService.onScanVolume(MediaService.java:117)
05-29 02:52:35.106  1496  1929 E SQLiteDatabase: 	at com.android.providers.media.MediaService.onScanVolume(MediaService.java:108)
05-29 02:52:35.106  1496  1929 E SQLiteDatabase: 	at com.android.providers.media.MediaService.onHandleWork(MediaService.java:71)
05-29 02:52:35.106  1496  1929 E SQLiteDatabase: 	at androidx.core.app.JobIntentService$CommandProcessor.doInBackground(JobIntentService.java:391)
05-29 02:52:35.106  1496  1929 E SQLiteDatabase: 	at androidx.core.app.JobIntentService$CommandProcessor.doInBackground(JobIntentService.java:382)
05-29 02:52:35.106  1496  1929 E SQLiteDatabase: 	at android.os.AsyncTask$3.call(AsyncTask.java:394)
05-29 02:52:35.106  1496  1929 E SQLiteDatabase: 	at java.util.concurrent.FutureTask.run(FutureTask.java:266)
05-29 02:52:35.106  1496  1929 E SQLiteDatabase: 	at java.util.concurrent.ThreadPoolExecutor.runWorker(ThreadPoolExecutor.java:1167)
05-29 02:52:35.106  1496  1929 E SQLiteDatabase: 	at java.util.concurrent.ThreadPoolExecutor$Worker.run(ThreadPoolExecutor.java:641)
05-29 02:52:35.106  1496  1929 E SQLiteDatabase: 	at java.lang.Thread.run(Thread.java:923)
05-29 02:52:35.111   158   158 I hwservicemanager: getTransport: Cannot find entry android.hardware.graphics.mapper@4.0::IMapper/default in either framework or device manifest.
05-29 02:52:35.112 10229 10229 I Gralloc4: mapper 4.x is not supported
05-29 02:52:35.248 10233 10235 I cmd     : oneway function results will be dropped but finished with status OK and parcel size 4
05-29 02:52:35.305  1496  1626 I MediaProvider: Deleted 1 items on external_primary due to com.android.shell
05-29 02:52:35.493   158   158 I hwservicemanager: getTransport: Cannot find entry android.hardware.graphics.mapper@4.0::IMapper/default in either framework or device manifest.
05-29 02:52:35.494 10266 10266 I Gralloc4: mapper 4.x is not supported
05-29 02:52:35.555  7458  7458 I ProvidersCache: Updating roots due to change on user 0at content://com.android.providers.media.documents/root
05-29 02:52:35.614 10270 10272 I cmd     : oneway function results will be dropped but finished with status OK and parcel size 4
05-29 02:52:35.701  1496  2463 I MediaProvider: Deleted 1 items on external_primary due to com.android.shell
05-29 02:52:35.759  7458  7458 I ProvidersCache: Updating roots due to change on user 0at content://com.android.providers.media.documents/root
05-29 02:52:35.842 10313 10315 I cmd     : oneway function results will be dropped but finished with status OK and parcel size 4
05-29 02:52:35.971 10341 10341 E libc    : Access denied finding property "persist.device_config.runtime_native_boot.profilebootclasspath"
05-29 02:52:35.971 10341 10341 E libc    : Access denied finding property "persist.device_config.runtime_native_boot.enable_apex_image"
05-29 02:52:35.971 10341 10341 I AndroidRuntime: Using default boot image
05-29 02:52:35.971 10341 10341 E libc    : Access denied finding property "persist.device_config.runtime_native_boot.disable_lock_profiling"
05-29 02:52:35.971 10341 10341 I AndroidRuntime: Leaving lock profiling enabled
05-29 02:52:35.971 10341 10341 E libc    : Access denied finding property "persist.device_config.runtime_native_boot.enable_generational_cc"
05-29 02:52:35.968 10341 10341 W app_process: type=1400 audit(0.0:217): avc: denied { read } for name="u:object_r:device_config_runtime_native_boot_prop:s0" dev="tmpfs" ino=8335 scontext=u:r:shell:s0 tcontext=u:object_r:device_config_runtime_native_boot_prop:s0 tclass=file permissive=0
05-29 02:52:35.974 10341 10341 I app_process: Core platform API reporting enabled, enforcing=false
05-29 02:52:35.968 10341 10341 W app_process: type=1400 audit(0.0:218): avc: denied { read } for name="u:object_r:device_config_runtime_native_boot_prop:s0" dev="tmpfs" ino=8335 scontext=u:r:shell:s0 tcontext=u:object_r:device_config_runtime_native_boot_prop:s0 tclass=file permissive=0
05-29 02:52:36.103 10341 10341 W app_process: Unexpected CPU variant for X86 using defaults: x86_64
05-29 02:52:36.104 10341 10341 I app_process: The ClassLoaderContext is a special shared library.
05-29 02:52:36.120 10341 10341 W app_process: JNI RegisterNativeMethods: attempt to register 0 native methods for android.media.AudioAttributes
05-29 02:52:36.144  7458  7458 I ProvidersCache: Updating roots due to change on user 0at content://com.android.providers.media.documents/root
05-29 02:52:36.273  7458  7458 I ProvidersCache: Updating roots due to change on user 0at content://com.android.providers.media.documents/root
05-29 02:52:36.473  7458  7458 I ProvidersCache: Updating roots due to change on user 0at content://com.android.providers.media.documents/root
05-29 02:52:37.834   158   158 I hwservicemanager: getTransport: Cannot find entry android.hardware.graphics.mapper@4.0::IMapper/default in either framework or device manifest.
05-29 02:52:37.834 10373 10373 I Gralloc4: mapper 4.x is not supported
05-29 02:52:37.965 10377 10379 I cmd     : oneway function results will be dropped but finished with status OK and parcel size 4
05-29 02:52:38.060  1496  1625 I MediaProvider: Deleted 1 items on external_primary due to com.android.shell
05-29 02:52:38.090 10388 10390 I cmd     : oneway function results will be dropped but finished with status OK and parcel size 4
05-29 02:52:38.244   158   158 I hwservicemanager: getTransport: Cannot find entry android.hardware.graphics.mapper@4.0::IMapper/default in either framework or device manifest.
05-29 02:52:38.245 10410 10410 I Gralloc4: mapper 4.x is not supported
05-29 02:52:38.378 10414 10416 I cmd     : oneway function results will be dropped but finished with status OK and parcel size 4
05-29 02:52:38.468  1496  1625 I MediaProvider: Deleted 1 items on external_primary due to com.android.shell
05-29 02:52:38.503 10425 10427 I cmd     : oneway function results will be dropped but finished with status OK and parcel size 4
05-29 02:52:38.600  7458  7458 I ProvidersCache: Updating roots due to change on user 0at content://com.android.providers.media.documents/root
05-29 02:52:38.658  1496  1929 E SQLiteDatabase: Error inserting format=12289 owner_package_name=null parent=-1 volume_name=internal date_modified=1683213674 _display_name=ringtones _data=/product/media/audio/ringtones is_download=0 relative_path=null
05-29 02:52:38.658  1496  1929 E SQLiteDatabase: android.database.sqlite.SQLiteDatabaseLockedException: database is locked (code 5 SQLITE_BUSY)
05-29 02:52:38.658  1496  1929 E SQLiteDatabase: 	at android.database.sqlite.SQLiteConnection.nativeExecuteForLastInsertedRowId(Native Method)
05-29 02:52:38.658  1496  1929 E SQLiteDatabase: 	at android.database.sqlite.SQLiteConnection.executeForLastInsertedRowId(SQLiteConnection.java:938)
05-29 02:52:38.658  1496  1929 E SQLiteDatabase: 	at android.database.sqlite.SQLiteSession.executeForLastInsertedRowId(SQLiteSession.java:790)
05-29 02:52:38.658  1496  1929 E SQLiteDatabase: 	at android.database.sqlite.SQLiteStatement.executeInsert(SQLiteStatement.java:88)
05-29 02:52:38.658  1496  1929 E SQLiteDatabase: 	at android.database.sqlite.SQLiteDatabase.insertWithOnConflict(SQLiteDatabase.java:1701)
05-29 02:52:38.658  1496  1929 E SQLiteDatabase: 	at android.database.sqlite.SQLiteDatabase.insert(SQLiteDatabase.java:1570)
05-29 02:52:38.658  1496  1929 E SQLiteDatabase: 	at com.android.providers.media.MediaProvider.insertDirectory(MediaProvider.java:2773)
05-29 02:52:38.658  1496  1929 E SQLiteDatabase: 	at com.android.providers.media.MediaProvider.getParent(MediaProvider.java:2794)
05-29 02:52:38.658  1496  1929 E SQLiteDatabase: 	at com.android.providers.media.MediaProvider.lambda$insertAllowingUpsert$14(MediaProvider.java:3060)
05-29 02:52:38.658  1496  1929 E SQLiteDatabase: 	at com.android.providers.media.MediaProvider.lambda$insertAllowingUpsert$14$MediaProvider(Unknown Source:0)
05-29 02:52:38.658  1496  1929 E SQLiteDatabase: 	at com.android.providers.media.-$$Lambda$MediaProvider$FjHWs2-fjgG761OzVFzdTX4EWZg.apply(Unknown Source:13)
05-29 02:52:38.658  1496  1929 E SQLiteDatabase: 	at com.android.providers.media.DatabaseHelper.runWithTransaction(DatabaseHelper.java:555)
05-29 02:52:38.658  1496  1929 E SQLiteDatabase: 	at com.android.providers.media.MediaProvider.insertAllowingUpsert(MediaProvider.java:3056)
05-29 02:52:38.658  1496  1929 E SQLiteDatabase: 	at com.android.providers.media.MediaProvider.insertFile(MediaProvider.java:3038)
05-29 02:52:38.658  1496  1929 E SQLiteDatabase: 	at com.android.providers.media.MediaProvider.insertInternal(MediaProvider.java:3470)
05-29 02:52:38.658  1496  1929 E SQLiteDatabase: 	at com.android.providers.media.MediaProvider.insert(MediaProvider.java:3198)
05-29 02:52:38.658  1496  1929 E SQLiteDatabase: 	at android.content.ContentProviderOperation.applyInternal(ContentProviderOperation.java:375)
05-29 02:52:38.658  1496  1929 E SQLiteDatabase: 	at android.content.ContentProviderOperation.apply(ContentProviderOperation.java:347)
05-29 02:52:38.658  1496  1929 E SQLiteDatabase: 	at android.content.ContentProvider.applyBatch(ContentProvider.java:2422)
05-29 02:52:38.658  1496  1929 E SQLiteDatabase: 	at com.android.providers.media.MediaProvider.applyBatch(MediaProvider.java:3522)
05-29 02:52:38.658  1496  1929 E SQLiteDatabase: 	at android.content.ContentProvider.applyBatch(ContentProvider.java:2413)
05-29 02:52:38.658  1496  1929 E SQLiteDatabase: 	at android.content.ContentResolver.applyBatch(ContentResolver.java:2186)
05-29 02:52:38.658  1496  1929 E SQLiteDatabase: 	at com.android.providers.media.scan.ModernMediaScanner$Scan.applyPending(ModernMediaScanner.java:699)
05-29 02:52:38.658  1496  1929 E SQLiteDatabase: 	at com.android.providers.media.scan.ModernMediaScanner$Scan.maybeApplyPending(ModernMediaScanner.java:689)
05-29 02:52:38.658  1496  1929 E SQLiteDatabase: 	at com.android.providers.media.scan.ModernMediaScanner$Scan.visitFile(ModernMediaScanner.java:649)
05-29 02:52:38.658  1496  1929 E SQLiteDatabase: 	at com.android.providers.media.scan.ModernMediaScanner$Scan.visitFile(ModernMediaScanner.java:272)
05-29 02:52:38.658  1496  1929 E SQLiteDatabase: 	at java.nio.file.Files.walkFileTree(Files.java:2670)
05-29 02:52:38.658  1496  1929 E SQLiteDatabase: 	at java.nio.file.Files.walkFileTree(Files.java:2742)
05-29 02:52:38.658  1496  1929 E SQLiteDatabase: 	at com.android.providers.media.scan.ModernMediaScanner$Scan.walkFileTree(ModernMediaScanner.java:366)
05-29 02:52:38.658  1496  1929 E SQLiteDatabase: 	at com.android.providers.media.scan.ModernMediaScanner$Scan.run(ModernMediaScanner.java:329)
05-29 02:52:38.658  1496  1929 E SQLiteDatabase: 	at com.android.providers.media.scan.ModernMediaScanner.scanDirectory(ModernMediaScanner.java:226)
05-29 02:52:38.658  1496  1929 E SQLiteDatabase: 	at com.android.providers.media.MediaProvider.scanDirectory(MediaProvider.java:1111)
05-29 02:52:38.658  1496  1929 E SQLiteDatabase: 	at com.android.providers.media.MediaService.onScanVolume(MediaService.java:148)
05-29 02:52:38.658  1496  1929 E SQLiteDatabase: 	at com.android.providers.media.MediaService.onScanVolume(MediaService.java:117)
05-29 02:52:38.658  1496  1929 E SQLiteDatabase: 	at com.android.providers.media.MediaService.onScanVolume(MediaService.java:108)
05-29 02:52:38.658  1496  1929 E SQLiteDatabase: 	at com.android.providers.media.MediaService.onHandleWork(MediaService.java:71)
05-29 02:52:38.658  1496  1929 E SQLiteDatabase: 	at androidx.core.app.JobIntentService$CommandProcessor.doInBackground(JobIntentService.java:391)
05-29 02:52:38.658  1496  1929 E SQLiteDatabase: 	at androidx.core.app.JobIntentService$CommandProcessor.doInBackground(JobIntentService.java:382)
05-29 02:52:38.658  1496  1929 E SQLiteDatabase: 	at android.os.AsyncTask$3.call(AsyncTask.java:394)
05-29 02:52:38.658  1496  1929 E SQLiteDatabase: 	at java.util.concurrent.FutureTask.run(FutureTask.java:266)
05-29 02:52:38.658  1496  1929 E SQLiteDatabase: 	at java.util.concurrent.ThreadPoolExecutor.runWorker(ThreadPoolExecutor.java:1167)
05-29 02:52:38.658  1496  1929 E SQLiteDatabase: 	at java.util.concurrent.ThreadPoolExecutor$Worker.run(ThreadPoolExecutor.java:641)
05-29 02:52:38.658  1496  1929 E SQLiteDatabase: 	at java.lang.Thread.run(Thread.java:923)
05-29 02:52:38.671   158   158 I hwservicemanager: getTransport: Cannot find entry android.hardware.graphics.mapper@4.0::IMapper/default in either framework or device manifest.
05-29 02:52:38.671 10447 10447 I Gralloc4: mapper 4.x is not supported
05-29 02:52:38.807  7458  7458 I ProvidersCache: Updating roots due to change on user 0at content://com.android.providers.media.documents/root
05-29 02:52:38.897  1496  1625 I MediaProvider: Deleted 1 items on external_primary due to com.android.shell
05-29 02:52:38.962 10479 10481 I cmd     : oneway function results will be dropped but finished with status OK and parcel size 4
05-29 02:52:38.995 10494 10496 I cmd     : oneway function results will be dropped but finished with status OK and parcel size 4
05-29 02:52:39.029 10509 10511 I cmd     : oneway function results will be dropped but finished with status OK and parcel size 4
05-29 02:52:39.129 10521 10521 E libc    : Access denied finding property "persist.device_config.runtime_native_boot.profilebootclasspath"
05-29 02:52:39.129 10521 10521 E libc    : Access denied finding property "persist.device_config.runtime_native_boot.enable_apex_image"
05-29 02:52:39.129 10521 10521 I AndroidRuntime: Using default boot image
05-29 02:52:39.129 10521 10521 E libc    : Access denied finding property "persist.device_config.runtime_native_boot.disable_lock_profiling"
05-29 02:52:39.129 10521 10521 I AndroidRuntime: Leaving lock profiling enabled
05-29 02:52:39.129 10521 10521 E libc    : Access denied finding property "persist.device_config.runtime_native_boot.enable_generational_cc"
05-29 02:52:39.128 10521 10521 W app_process: type=1400 audit(0.0:221): avc: denied { read } for name="u:object_r:device_config_runtime_native_boot_prop:s0" dev="tmpfs" ino=8335 scontext=u:r:shell:s0 tcontext=u:object_r:device_config_runtime_native_boot_prop:s0 tclass=file permissive=0
05-29 02:52:39.133 10521 10521 I app_process: Core platform API reporting enabled, enforcing=false
05-29 02:52:39.128 10521 10521 W app_process: type=1400 audit(0.0:222): avc: denied { read } for name="u:object_r:device_config_runtime_native_boot_prop:s0" dev="tmpfs" ino=8335 scontext=u:r:shell:s0 tcontext=u:object_r:device_config_runtime_native_boot_prop:s0 tclass=file permissive=0
05-29 02:52:39.169  7458  7458 I ProvidersCache: Updating roots due to change on user 0at content://com.android.providers.media.documents/root
05-29 02:52:39.264 10521 10521 W app_process: Unexpected CPU variant for X86 using defaults: x86_64
05-29 02:52:39.265 10521 10521 I app_process: The ClassLoaderContext is a special shared library.
05-29 02:52:39.281 10521 10521 W app_process: JNI RegisterNativeMethods: attempt to register 0 native methods for android.media.AudioAttributes
05-29 02:52:39.317  7458  7458 I ProvidersCache: Updating roots due to change on user 0at content://com.android.providers.media.documents/root
05-29 02:52:39.523  7458  7458 I ProvidersCache: Updating roots due to change on user 0at content://com.android.providers.media.documents/root
05-29 02:52:40.979   158   158 I hwservicemanager: getTransport: Cannot find entry android.hardware.graphics.mapper@4.0::IMapper/default in either framework or device manifest.
05-29 02:52:40.979 10551 10551 I Gralloc4: mapper 4.x is not supported
05-29 02:52:41.114 10555 10557 I cmd     : oneway function results will be dropped but finished with status OK and parcel size 4
05-29 02:52:41.208  1496  2463 I MediaProvider: Deleted 1 items on external_primary due to com.android.shell
05-29 02:52:41.234 10566 10568 I cmd     : oneway function results will be dropped but finished with status OK and parcel size 4
05-29 02:52:41.379   158   158 I hwservicemanager: getTransport: Cannot find entry android.hardware.graphics.mapper@4.0::IMapper/default in either framework or device manifest.
05-29 02:52:41.379 10588 10588 I Gralloc4: mapper 4.x is not supported
05-29 02:52:41.511 10592 10594 I cmd     : oneway function results will be dropped but finished with status OK and parcel size 4
05-29 02:52:41.606  1496  1626 I MediaProvider: Deleted 1 items on external_primary due to com.android.shell
05-29 02:52:41.660  7458  7458 I ProvidersCache: Updating roots due to change on user 0at content://com.android.providers.media.documents/root
05-29 02:52:41.675 10603 10604 I cmd     : oneway function results will be dropped but finished with status OK and parcel size 4
05-29 02:52:41.824   158   158 I hwservicemanager: getTransport: Cannot find entry android.hardware.graphics.mapper@4.0::IMapper/default in either framework or device manifest.
05-29 02:52:41.824 10625 10625 I Gralloc4: mapper 4.x is not supported
05-29 02:52:41.904  7458  7458 I ProvidersCache: Updating roots due to change on user 0at content://com.android.providers.media.documents/root
05-29 02:52:41.965 10631 10633 I cmd     : oneway function results will be dropped but finished with status OK and parcel size 4
05-29 02:52:42.056  1496  1625 I MediaProvider: Deleted 1 items on external_primary due to com.android.shell
05-29 02:52:42.083 10642 10644 I cmd     : oneway function results will be dropped but finished with status OK and parcel size 4
05-29 02:52:42.120 10657 10659 I cmd     : oneway function results will be dropped but finished with status OK and parcel size 4
05-29 02:52:42.156 10672 10674 I cmd     : oneway function results will be dropped but finished with status OK and parcel size 4
05-29 02:52:42.286 10699 10699 E libc    : Access denied finding property "persist.device_config.runtime_native_boot.profilebootclasspath"
05-29 02:52:42.286 10699 10699 E libc    : Access denied finding property "persist.device_config.runtime_native_boot.enable_apex_image"
05-29 02:52:42.286 10699 10699 I AndroidRuntime: Using default boot image
05-29 02:52:42.286 10699 10699 E libc    : Access denied finding property "persist.device_config.runtime_native_boot.disable_lock_profiling"
05-29 02:52:42.286 10699 10699 I AndroidRuntime: Leaving lock profiling enabled
05-29 02:52:42.286 10699 10699 E libc    : Access denied finding property "persist.device_config.runtime_native_boot.enable_generational_cc"
05-29 02:52:42.289 10699 10699 I app_process: Core platform API reporting enabled, enforcing=false
05-29 02:52:42.293  7458  7458 I ProvidersCache: Updating roots due to change on user 0at content://com.android.providers.media.documents/root
05-29 02:52:42.284 10699 10699 W app_process: type=1400 audit(0.0:225): avc: denied { read } for name="u:object_r:device_config_runtime_native_boot_prop:s0" dev="tmpfs" ino=8335 scontext=u:r:shell:s0 tcontext=u:object_r:device_config_runtime_native_boot_prop:s0 tclass=file permissive=0
05-29 02:52:42.415 10699 10699 W app_process: Unexpected CPU variant for X86 using defaults: x86_64
05-29 02:52:42.416 10699 10699 I app_process: The ClassLoaderContext is a special shared library.
05-29 02:52:42.432 10699 10699 W app_process: JNI RegisterNativeMethods: attempt to register 0 native methods for android.media.AudioAttributes
05-29 02:52:42.673  7458  7458 I ProvidersCache: Updating roots due to change on user 0at content://com.android.providers.media.documents/root
05-29 02:52:44.131   158   158 I hwservicemanager: getTransport: Cannot find entry android.hardware.graphics.mapper@4.0::IMapper/default in either framework or device manifest.
05-29 02:52:44.131 10728 10728 I Gralloc4: mapper 4.x is not supported
05-29 02:52:44.343  1496  2463 I MediaProvider: Deleted 1 items on external_primary due to com.android.shell
05-29 02:52:44.369 10743 10745 I cmd     : oneway function results will be dropped but finished with status OK and parcel size 4
05-29 02:52:44.531   158   158 I hwservicemanager: getTransport: Cannot find entry android.hardware.graphics.mapper@4.0::IMapper/default in either framework or device manifest.
05-29 02:52:44.531 10765 10765 I Gralloc4: mapper 4.x is not supported
05-29 02:52:44.661 10769 10771 I cmd     : oneway function results will be dropped but finished with status OK and parcel size 4
05-29 02:52:44.754  1496  1626 I MediaProvider: Deleted 1 items on external_primary due to com.android.shell
05-29 02:52:44.777  7458  7458 I ProvidersCache: Updating roots due to change on user 0at content://com.android.providers.media.documents/root
05-29 02:52:44.932   158   158 I hwservicemanager: getTransport: Cannot find entry android.hardware.graphics.mapper@4.0::IMapper/default in either framework or device manifest.
05-29 02:52:44.932 10802 10802 I Gralloc4: mapper 4.x is not supported
05-29 02:52:44.983  7458  7458 I ProvidersCache: Updating roots due to change on user 0at content://com.android.providers.media.documents/root
05-29 02:52:45.151  1496  1625 I MediaProvider: Deleted 1 items on external_primary due to com.android.shell
05-29 02:52:45.220 10834 10836 I cmd     : oneway function results will be dropped but finished with status OK and parcel size 4
05-29 02:52:45.254 10849 10851 I cmd     : oneway function results will be dropped but finished with status OK and parcel size 4
05-29 02:52:45.287 10864 10866 I cmd     : oneway function results will be dropped but finished with status OK and parcel size 4
05-29 02:52:45.349  7458  7458 I ProvidersCache: Updating roots due to change on user 0at content://com.android.providers.media.documents/root
05-29 02:52:45.384 10876 10876 E libc    : Access denied finding property "persist.device_config.runtime_native_boot.profilebootclasspath"
05-29 02:52:45.384 10876 10876 E libc    : Access denied finding property "persist.device_config.runtime_native_boot.enable_apex_image"
05-29 02:52:45.384 10876 10876 I AndroidRuntime: Using default boot image
05-29 02:52:45.384 10876 10876 E libc    : Access denied finding property "persist.device_config.runtime_native_boot.disable_lock_profiling"
05-29 02:52:45.384 10876 10876 I AndroidRuntime: Leaving lock profiling enabled
05-29 02:52:45.384 10876 10876 E libc    : Access denied finding property "persist.device_config.runtime_native_boot.enable_generational_cc"
05-29 02:52:45.387 10876 10876 I app_process: Core platform API reporting enabled, enforcing=false
05-29 02:52:45.380 10876 10876 W app_process: type=1400 audit(0.0:229): avc: denied { read } for name="u:object_r:device_config_runtime_native_boot_prop:s0" dev="tmpfs" ino=8335 scontext=u:r:shell:s0 tcontext=u:object_r:device_config_runtime_native_boot_prop:s0 tclass=file permissive=0
05-29 02:52:45.384 10876 10876 I chatty  : uid=2000(shell) main identical 2 lines
05-29 02:52:45.384 10876 10876 W app_process: type=1400 audit(0.0:232): avc: denied { read } for name="u:object_r:device_config_runtime_native_boot_prop:s0" dev="tmpfs" ino=8335 scontext=u:r:shell:s0 tcontext=u:object_r:device_config_runtime_native_boot_prop:s0 tclass=file permissive=0
05-29 02:52:45.518 10876 10876 W app_process: Unexpected CPU variant for X86 using defaults: x86_64
05-29 02:52:45.520 10876 10876 I app_process: The ClassLoaderContext is a special shared library.
05-29 02:52:45.537 10876 10876 W app_process: JNI RegisterNativeMethods: attempt to register 0 native methods for android.media.AudioAttributes
05-29 02:52:45.724  7458  7458 I ProvidersCache: Updating roots due to change on user 0at content://com.android.providers.media.documents/root
05-29 02:52:46.009  1496  1929 E SQLiteDatabase: Error inserting format=12289 owner_package_name=null parent=-1 volume_name=internal date_modified=1683216921 _display_name=product _data=/product is_download=0 relative_path=null
05-29 02:52:46.009  1496  1929 E SQLiteDatabase: android.database.sqlite.SQLiteDatabaseLockedException: database is locked (code 5 SQLITE_BUSY)
05-29 02:52:46.009  1496  1929 E SQLiteDatabase: 	at android.database.sqlite.SQLiteConnection.nativeExecuteForLastInsertedRowId(Native Method)
05-29 02:52:46.009  1496  1929 E SQLiteDatabase: 	at android.database.sqlite.SQLiteConnection.executeForLastInsertedRowId(SQLiteConnection.java:938)
05-29 02:52:46.009  1496  1929 E SQLiteDatabase: 	at android.database.sqlite.SQLiteSession.executeForLastInsertedRowId(SQLiteSession.java:790)
05-29 02:52:46.009  1496  1929 E SQLiteDatabase: 	at android.database.sqlite.SQLiteStatement.executeInsert(SQLiteStatement.java:88)
05-29 02:52:46.009  1496  1929 E SQLiteDatabase: 	at android.database.sqlite.SQLiteDatabase.insertWithOnConflict(SQLiteDatabase.java:1701)
05-29 02:52:46.009  1496  1929 E SQLiteDatabase: 	at android.database.sqlite.SQLiteDatabase.insert(SQLiteDatabase.java:1570)
05-29 02:52:46.009  1496  1929 E SQLiteDatabase: 	at com.android.providers.media.MediaProvider.insertDirectory(MediaProvider.java:2773)
05-29 02:52:46.009  1496  1929 E SQLiteDatabase: 	at com.android.providers.media.MediaProvider.getParent(MediaProvider.java:2794)
05-29 02:52:46.009  1496  1929 E SQLiteDatabase: 	at com.android.providers.media.MediaProvider.insertDirectory(MediaProvider.java:2763)
05-29 02:52:46.009  1496  1929 E SQLiteDatabase: 	at com.android.providers.media.MediaProvider.getParent(MediaProvider.java:2794)
05-29 02:52:46.009  1496  1929 E SQLiteDatabase: 	at com.android.providers.media.MediaProvider.insertDirectory(MediaProvider.java:2763)
05-29 02:52:46.009  1496  1929 E SQLiteDatabase: 	at com.android.providers.media.MediaProvider.getParent(MediaProvider.java:2794)
05-29 02:52:46.009  1496  1929 E SQLiteDatabase: 	at com.android.providers.media.MediaProvider.insertDirectory(MediaProvider.java:2763)
05-29 02:52:46.009  1496  1929 E SQLiteDatabase: 	at com.android.providers.media.MediaProvider.getParent(MediaProvider.java:2794)
05-29 02:52:46.009  1496  1929 E SQLiteDatabase: 	at com.android.providers.media.MediaProvider.lambda$insertAllowingUpsert$14(MediaProvider.java:3060)
05-29 02:52:46.009  1496  1929 E SQLiteDatabase: 	at com.android.providers.media.MediaProvider.lambda$insertAllowingUpsert$14$MediaProvider(Unknown Source:0)
05-29 02:52:46.009  1496  1929 E SQLiteDatabase: 	at com.android.providers.media.-$$Lambda$MediaProvider$FjHWs2-fjgG761OzVFzdTX4EWZg.apply(Unknown Source:13)
05-29 02:52:46.009  1496  1929 E SQLiteDatabase: 	at com.android.providers.media.DatabaseHelper.runWithTransaction(DatabaseHelper.java:555)
05-29 02:52:46.009  1496  1929 E SQLiteDatabase: 	at com.android.providers.media.MediaProvider.insertAllowingUpsert(MediaProvider.java:3056)
05-29 02:52:46.009  1496  1929 E SQLiteDatabase: 	at com.android.providers.media.MediaProvider.insertFile(MediaProvider.java:3038)
05-29 02:52:46.009  1496  1929 E SQLiteDatabase: 	at com.android.providers.media.MediaProvider.insertInternal(MediaProvider.java:3470)
05-29 02:52:46.009  1496  1929 E SQLiteDatabase: 	at com.android.providers.media.MediaProvider.insert(MediaProvider.java:3198)
05-29 02:52:46.009  1496  1929 E SQLiteDatabase: 	at android.content.ContentProviderOperation.applyInternal(ContentProviderOperation.java:375)
05-29 02:52:46.009  1496  1929 E SQLiteDatabase: 	at android.content.ContentProviderOperation.apply(ContentProviderOperation.java:347)
05-29 02:52:46.009  1496  1929 E SQLiteDatabase: 	at android.content.ContentProvider.applyBatch(ContentProvider.java:2422)
05-29 02:52:46.009  1496  1929 E SQLiteDatabase: 	at com.android.providers.media.MediaProvider.applyBatch(MediaProvider.java:3522)
05-29 02:52:46.009  1496  1929 E SQLiteDatabase: 	at android.content.ContentProvider.applyBatch(ContentProvider.java:2413)
05-29 02:52:46.009  1496  1929 E SQLiteDatabase: 	at android.content.ContentResolver.applyBatch(ContentResolver.java:2186)
05-29 02:52:46.009  1496  1929 E SQLiteDatabase: 	at com.android.providers.media.scan.ModernMediaScanner$Scan.applyPending(ModernMediaScanner.java:699)
05-29 02:52:46.009  1496  1929 E SQLiteDatabase: 	at com.android.providers.media.scan.ModernMediaScanner$Scan.maybeApplyPending(ModernMediaScanner.java:689)
05-29 02:52:46.009  1496  1929 E SQLiteDatabase: 	at com.android.providers.media.scan.ModernMediaScanner$Scan.visitFile(ModernMediaScanner.java:649)
05-29 02:52:46.009  1496  1929 E SQLiteDatabase: 	at com.android.providers.media.scan.ModernMediaScanner$Scan.visitFile(ModernMediaScanner.java:272)
05-29 02:52:46.009  1496  1929 E SQLiteDatabase: 	at java.nio.file.Files.walkFileTree(Files.java:2670)
05-29 02:52:46.009  1496  1929 E SQLiteDatabase: 	at java.nio.file.Files.walkFileTree(Files.java:2742)
05-29 02:52:46.009  1496  1929 E SQLiteDatabase: 	at com.android.providers.media.scan.ModernMediaScanner$Scan.walkFileTree(ModernMediaScanner.java:366)
05-29 02:52:46.009  1496  1929 E SQLiteDatabase: 	at com.android.providers.media.scan.ModernMediaScanner$Scan.run(ModernMediaScanner.java:329)
05-29 02:52:46.009  1496  1929 E SQLiteDatabase: 	at com.android.providers.media.scan.ModernMediaScanner.scanDirectory(ModernMediaScanner.java:226)
05-29 02:52:46.009  1496  1929 E SQLiteDatabase: 	at com.android.providers.media.MediaProvider.scanDirectory(MediaProvider.java:1111)
05-29 02:52:46.009  1496  1929 E SQLiteDatabase: 	at com.android.providers.media.MediaService.onScanVolume(MediaService.java:148)
05-29 02:52:46.009  1496  1929 E SQLiteDatabase: 	at com.android.providers.media.MediaService.onScanVolume(MediaService.java:117)
05-29 02:52:46.009  1496  1929 E SQLiteDatabase: 	at com.android.providers.media.MediaService.onScanVolume(MediaService.java:108)
05-29 02:52:46.009  1496  1929 E SQLiteDatabase: 	at com.android.providers.media.MediaService.onHandleWork(MediaService.java:71)
05-29 02:52:46.009  1496  1929 E SQLiteDatabase: 	at androidx.core.app.JobIntentService$CommandProcessor.doInBackground(JobIntentService.java:391)
05-29 02:52:46.009  1496  1929 E SQLiteDatabase: 	at androidx.core.app.JobIntentService$CommandProcessor.doInBackground(JobIntentService.java:382)
05-29 02:52:46.009  1496  1929 E SQLiteDatabase: 	at android.os.AsyncTask$3.call(AsyncTask.java:394)
05-29 02:52:46.009  1496  1929 E SQLiteDatabase: 	at java.util.concurrent.FutureTask.run(FutureTask.java:266)
05-29 02:52:46.009  1496  1929 E SQLiteDatabase: 	at java.util.concurrent.ThreadPoolExecutor.runWorker(ThreadPoolExecutor.java:1167)
05-29 02:52:46.009  1496  1929 E SQLiteDatabase: 	at java.util.concurrent.ThreadPoolExecutor$Worker.run(ThreadPoolExecutor.java:641)
05-29 02:52:46.009  1496  1929 E SQLiteDatabase: 	at java.lang.Thread.run(Thread.java:923)
05-29 02:52:47.251   158   158 I hwservicemanager: getTransport: Cannot find entry android.hardware.graphics.mapper@4.0::IMapper/default in either framework or device manifest.
05-29 02:52:47.251 10905 10905 I Gralloc4: mapper 4.x is not supported
05-29 02:52:47.387 10909 10911 I cmd     : oneway function results will be dropped but finished with status OK and parcel size 4
05-29 02:52:47.486  1496  2463 I MediaProvider: Deleted 1 items on external_primary due to com.android.shell
05-29 02:52:47.660   158   158 I hwservicemanager: getTransport: Cannot find entry android.hardware.graphics.mapper@4.0::IMapper/default in either framework or device manifest.
05-29 02:52:47.660 10942 10942 I Gralloc4: mapper 4.x is not supported
05-29 02:52:47.796 10946 10948 I cmd     : oneway function results will be dropped but finished with status OK and parcel size 4
05-29 02:52:47.860  7458  7458 I ProvidersCache: Updating roots due to change on user 0at content://com.android.providers.media.documents/root
05-29 02:52:47.886  1496  1626 I MediaProvider: Deleted 1 items on external_primary due to com.android.shell
05-29 02:52:47.915 10957 10959 I cmd     : oneway function results will be dropped but finished with status OK and parcel size 4
05-29 02:52:48.079   158   158 I hwservicemanager: getTransport: Cannot find entry android.hardware.graphics.mapper@4.0::IMapper/default in either framework or device manifest.
05-29 02:52:48.079 10979 10979 I Gralloc4: mapper 4.x is not supported
05-29 02:52:48.113  7458  7458 I ProvidersCache: Updating roots due to change on user 0at content://com.android.providers.media.documents/root
05-29 02:52:48.272  1496  1625 I MediaProvider: Deleted 1 items on external_primary due to com.android.shell
05-29 02:52:48.403 11006 11006 E libc    : Access denied finding property "persist.device_config.runtime_native_boot.profilebootclasspath"
05-29 02:52:48.403 11006 11006 E libc    : Access denied finding property "persist.device_config.runtime_native_boot.enable_apex_image"
05-29 02:52:48.403 11006 11006 I AndroidRuntime: Using default boot image
05-29 02:52:48.403 11006 11006 E libc    : Access denied finding property "persist.device_config.runtime_native_boot.disable_lock_profiling"
05-29 02:52:48.403 11006 11006 I AndroidRuntime: Leaving lock profiling enabled
05-29 02:52:48.403 11006 11006 E libc    : Access denied finding property "persist.device_config.runtime_native_boot.enable_generational_cc"
05-29 02:52:48.400 11006 11006 W app_process: type=1400 audit(0.0:233): avc: denied { read } for name="u:object_r:device_config_runtime_native_boot_prop:s0" dev="tmpfs" ino=8335 scontext=u:r:shell:s0 tcontext=u:object_r:device_config_runtime_native_boot_prop:s0 tclass=file permissive=0
05-29 02:52:48.406 11006 11006 I app_process: Core platform API reporting enabled, enforcing=false
05-29 02:52:48.400 11006 11006 W app_process: type=1400 audit(0.0:234): avc: denied { read } for name="u:object_r:device_config_runtime_native_boot_prop:s0" dev="tmpfs" ino=8335 scontext=u:r:shell:s0 tcontext=u:object_r:device_config_runtime_native_boot_prop:s0 tclass=file permissive=0
05-29 02:52:48.513  7458  7458 I ProvidersCache: Updating roots due to change on user 0at content://com.android.providers.media.documents/root
05-29 02:52:48.537 11006 11006 W app_process: Unexpected CPU variant for X86 using defaults: x86_64
05-29 02:52:48.538 11006 11006 I app_process: The ClassLoaderContext is a special shared library.
05-29 02:52:48.554 11006 11006 W app_process: JNI RegisterNativeMethods: attempt to register 0 native methods for android.media.AudioAttributes
05-29 02:52:48.631   512  1790 W InputReader: Device virtio_input_multi_touch_10 is associated with display ADISPLAY_ID_NONE.
05-29 02:52:48.631   512  1790 W InputReader: Device virtio_input_multi_touch_7 is associated with display ADISPLAY_ID_NONE.
05-29 02:52:48.631   512  1790 W InputReader: Device virtio_input_multi_touch_11 is associated with display ADISPLAY_ID_NONE.
05-29 02:52:48.631   512  1790 W InputReader: Device virtio_input_multi_touch_5 is associated with display ADISPLAY_ID_NONE.
05-29 02:52:48.631   512  1790 W InputReader: Device virtio_input_multi_touch_2 is associated with display ADISPLAY_ID_NONE.
05-29 02:52:48.631   512  1790 W InputReader: Device virtio_input_multi_touch_8 is associated with display ADISPLAY_ID_NONE.
05-29 02:52:48.631   512  1790 W InputReader: Device virtio_input_multi_touch_6 is associated with display ADISPLAY_ID_NONE.
05-29 02:52:48.631   512  1790 W InputReader: Device virtio_input_multi_touch_3 is associated with display ADISPLAY_ID_NONE.
05-29 02:52:48.631   512  1790 W InputReader: Device virtio_input_multi_touch_9 is associated with display ADISPLAY_ID_NONE.
05-29 02:52:48.631   512  1790 W InputReader: Device virtio_input_multi_touch_4 is associated with display ADISPLAY_ID_NONE.
05-29 02:52:48.632   512  1790 W InputReader: Device virtio_input_multi_touch_10 is associated with display ADISPLAY_ID_NONE.
05-29 02:52:48.632   512  1790 W InputReader: Device virtio_input_multi_touch_7 is associated with display ADISPLAY_ID_NONE.
05-29 02:52:48.632   512  1790 W InputReader: Device virtio_input_multi_touch_11 is associated with display ADISPLAY_ID_NONE.
05-29 02:52:48.632   512  1790 W InputReader: Device virtio_input_multi_touch_5 is associated with display ADISPLAY_ID_NONE.
05-29 02:52:48.632   512  1790 W InputReader: Device virtio_input_multi_touch_2 is associated with display ADISPLAY_ID_NONE.
05-29 02:52:48.632   512  1790 W InputReader: Device virtio_input_multi_touch_8 is associated with display ADISPLAY_ID_NONE.
05-29 02:52:48.632   512  1790 W InputReader: Device virtio_input_multi_touch_6 is associated with display ADISPLAY_ID_NONE.
05-29 02:52:48.632   512  1790 W InputReader: Device virtio_input_multi_touch_3 is associated with display ADISPLAY_ID_NONE.
05-29 02:52:48.632   512  1790 W InputReader: Device virtio_input_multi_touch_9 is associated with display ADISPLAY_ID_NONE.
