05-29 02:53:04.250  1496  1929 E SQLiteDatabase: 	at java.util.concurrent.ThreadPoolExecutor.runWorker(ThreadPoolExecutor.java:1167)
05-29 02:53:04.250  1496  1929 E SQLiteDatabase: 	at java.util.concurrent.ThreadPoolExecutor$Worker.run(ThreadPoolExecutor.java:641)
05-29 02:53:04.250  1496  1929 E SQLiteDatabase: 	at java.lang.Thread.run(Thread.java:923)
05-29 02:53:05.031   158   158 I hwservicemanager: getTransport: Cannot find entry android.hardware.graphics.mapper@4.0::IMapper/default in either framework or device manifest.
05-29 02:53:05.031 11910 11910 I Gralloc4: mapper 4.x is not supported
05-29 02:53:05.223  1496  2463 I MediaProvider: Deleted 1 items on external_primary due to com.android.shell
05-29 02:53:05.253 11927 11929 I cmd     : oneway function results will be dropped but finished with status OK and parcel size 4
05-29 02:53:05.392   158   158 I hwservicemanager: getTransport: Cannot find entry android.hardware.graphics.mapper@4.0::IMapper/default in either framework or device manifest.
05-29 02:53:05.392 11949 11949 I Gralloc4: mapper 4.x is not supported
05-29 02:53:05.442  7458  7458 I ProvidersCache: Updating roots due to change on user 0at content://com.android.providers.media.documents/root
05-29 02:53:05.565  1496  1626 I MediaProvider: Deleted 1 items on external_primary due to com.android.shell
05-29 02:53:05.603 11964 11966 I cmd     : oneway function results will be dropped but finished with status OK and parcel size 4
05-29 02:53:05.697  7458  7458 I ProvidersCache: Updating roots due to change on user 0at content://com.android.providers.media.documents/root
05-29 02:53:05.774   158   158 I hwservicemanager: getTransport: Cannot find entry android.hardware.graphics.mapper@4.0::IMapper/default in either framework or device manifest.
05-29 02:53:05.774 11986 11986 I Gralloc4: mapper 4.x is not supported
05-29 02:53:05.917 11991 11993 I cmd     : oneway function results will be dropped but finished with status OK and parcel size 4
05-29 02:53:05.978  1496  1625 I MediaProvider: Deleted 1 items on external_primary due to com.android.shell
05-29 02:53:06.010 12002 12004 I cmd     : oneway function results will be dropped but finished with status OK and parcel size 4
05-29 02:53:06.051 12017 12019 I cmd     : oneway function results will be dropped but finished with status OK and parcel size 4
05-29 02:53:06.090  7458  7458 I ProvidersCache: Updating roots due to change on user 0at content://com.android.providers.media.documents/root
05-29 02:53:06.108 12032 12034 I cmd     : oneway function results will be dropped but finished with status OK and parcel size 4
05-29 02:53:06.262 12059 12059 E libc    : Access denied finding property "persist.device_config.runtime_native_boot.profilebootclasspath"
05-29 02:53:06.262 12059 12059 E libc    : Access denied finding property "persist.device_config.runtime_native_boot.enable_apex_image"
05-29 02:53:06.262 12059 12059 I AndroidRuntime: Using default boot image
05-29 02:53:06.262 12059 12059 E libc    : Access denied finding property "persist.device_config.runtime_native_boot.disable_lock_profiling"
05-29 02:53:06.262 12059 12059 I AndroidRuntime: Leaving lock profiling enabled
05-29 02:53:06.262 12059 12059 E libc    : Access denied finding property "persist.device_config.runtime_native_boot.enable_generational_cc"
05-29 02:53:06.252 12059 12059 W app_process: type=1400 audit(0.0:253): avc: denied { read } for name="u:object_r:device_config_runtime_native_boot_prop:s0" dev="tmpfs" ino=8335 scontext=u:r:shell:s0 tcontext=u:object_r:device_config_runtime_native_boot_prop:s0 tclass=file permissive=0
05-29 02:53:06.266 12059 12059 I app_process: Core platform API reporting enabled, enforcing=false
05-29 02:53:06.260 12059 12059 W app_process: type=1400 audit(0.0:254): avc: denied { read } for name="u:object_r:device_config_runtime_native_boot_prop:s0" dev="tmpfs" ino=8335 scontext=u:r:shell:s0 tcontext=u:object_r:device_config_runtime_native_boot_prop:s0 tclass=file permissive=0
05-29 02:53:06.407 12059 12059 W app_process: Unexpected CPU variant for X86 using defaults: x86_64
05-29 02:53:06.408 12059 12059 I app_process: The ClassLoaderContext is a special shared library.
05-29 02:53:06.424 12059 12059 W app_process: JNI RegisterNativeMethods: attempt to register 0 native methods for android.media.AudioAttributes
05-29 02:53:06.513  7458  7458 I ProvidersCache: Updating roots due to change on user 0at content://com.android.providers.media.documents/root
05-29 02:53:07.639  1496  1929 E SQLiteDatabase: Error inserting format=12289 owner_package_name=null parent=-1 volume_name=internal date_modified=1683213674 _display_name=media _data=/product/media is_download=0 relative_path=null
05-29 02:53:07.639  1496  1929 E SQLiteDatabase: android.database.sqlite.SQLiteDatabaseLockedException: database is locked (code 5 SQLITE_BUSY)
05-29 02:53:07.639  1496  1929 E SQLiteDatabase: 	at android.database.sqlite.SQLiteConnection.nativeExecuteForLastInsertedRowId(Native Method)
05-29 02:53:07.639  1496  1929 E SQLiteDatabase: 	at android.database.sqlite.SQLiteConnection.executeForLastInsertedRowId(SQLiteConnection.java:938)
05-29 02:53:07.639  1496  1929 E SQLiteDatabase: 	at android.database.sqlite.SQLiteSession.executeForLastInsertedRowId(SQLiteSession.java:790)
05-29 02:53:07.639  1496  1929 E SQLiteDatabase: 	at android.database.sqlite.SQLiteStatement.executeInsert(SQLiteStatement.java:88)
05-29 02:53:07.639  1496  1929 E SQLiteDatabase: 	at android.database.sqlite.SQLiteDatabase.insertWithOnConflict(SQLiteDatabase.java:1701)
05-29 02:53:07.639  1496  1929 E SQLiteDatabase: 	at android.database.sqlite.SQLiteDatabase.insert(SQLiteDatabase.java:1570)
05-29 02:53:07.639  1496  1929 E SQLiteDatabase: 	at com.android.providers.media.MediaProvider.insertDirectory(MediaProvider.java:2773)
05-29 02:53:07.639  1496  1929 E SQLiteDatabase: 	at com.android.providers.media.MediaProvider.getParent(MediaProvider.java:2794)
05-29 02:53:07.639  1496  1929 E SQLiteDatabase: 	at com.android.providers.media.MediaProvider.insertDirectory(MediaProvider.java:2763)
05-29 02:53:07.639  1496  1929 E SQLiteDatabase: 	at com.android.providers.media.MediaProvider.getParent(MediaProvider.java:2794)
05-29 02:53:07.639  1496  1929 E SQLiteDatabase: 	at com.android.providers.media.MediaProvider.insertDirectory(MediaProvider.java:2763)
05-29 02:53:07.639  1496  1929 E SQLiteDatabase: 	at com.android.providers.media.MediaProvider.getParent(MediaProvider.java:2794)
05-29 02:53:07.639  1496  1929 E SQLiteDatabase: 	at com.android.providers.media.MediaProvider.lambda$insertAllowingUpsert$14(MediaProvider.java:3060)
05-29 02:53:07.639  1496  1929 E SQLiteDatabase: 	at com.android.providers.media.MediaProvider.lambda$insertAllowingUpsert$14$MediaProvider(Unknown Source:0)
05-29 02:53:07.639  1496  1929 E SQLiteDatabase: 	at com.android.providers.media.-$$Lambda$MediaProvider$FjHWs2-fjgG761OzVFzdTX4EWZg.apply(Unknown Source:13)
05-29 02:53:07.639  1496  1929 E SQLiteDatabase: 	at com.android.providers.media.DatabaseHelper.runWithTransaction(DatabaseHelper.java:555)
05-29 02:53:07.639  1496  1929 E SQLiteDatabase: 	at com.android.providers.media.MediaProvider.insertAllowingUpsert(MediaProvider.java:3056)
05-29 02:53:07.639  1496  1929 E SQLiteDatabase: 	at com.android.providers.media.MediaProvider.insertFile(MediaProvider.java:3038)
05-29 02:53:07.639  1496  1929 E SQLiteDatabase: 	at com.android.providers.media.MediaProvider.insertInternal(MediaProvider.java:3470)
05-29 02:53:07.639  1496  1929 E SQLiteDatabase: 	at com.android.providers.media.MediaProvider.insert(MediaProvider.java:3198)
05-29 02:53:07.639  1496  1929 E SQLiteDatabase: 	at android.content.ContentProviderOperation.applyInternal(ContentProviderOperation.java:375)
05-29 02:53:07.639  1496  1929 E SQLiteDatabase: 	at android.content.ContentProviderOperation.apply(ContentProviderOperation.java:347)
05-29 02:53:07.639  1496  1929 E SQLiteDatabase: 	at android.content.ContentProvider.applyBatch(ContentProvider.java:2422)
05-29 02:53:07.639  1496  1929 E SQLiteDatabase: 	at com.android.providers.media.MediaProvider.applyBatch(MediaProvider.java:3522)
05-29 02:53:07.639  1496  1929 E SQLiteDatabase: 	at android.content.ContentProvider.applyBatch(ContentProvider.java:2413)
05-29 02:53:07.639  1496  1929 E SQLiteDatabase: 	at android.content.ContentResolver.applyBatch(ContentResolver.java:2186)
05-29 02:53:07.639  1496  1929 E SQLiteDatabase: 	at com.android.providers.media.scan.ModernMediaScanner$Scan.applyPending(ModernMediaScanner.java:699)
05-29 02:53:07.639  1496  1929 E SQLiteDatabase: 	at com.android.providers.media.scan.ModernMediaScanner$Scan.maybeApplyPending(ModernMediaScanner.java:689)
05-29 02:53:07.639  1496  1929 E SQLiteDatabase: 	at com.android.providers.media.scan.ModernMediaScanner$Scan.visitFile(ModernMediaScanner.java:649)
05-29 02:53:07.639  1496  1929 E SQLiteDatabase: 	at com.android.providers.media.scan.ModernMediaScanner$Scan.visitFile(ModernMediaScanner.java:272)
05-29 02:53:07.639  1496  1929 E SQLiteDatabase: 	at java.nio.file.Files.walkFileTree(Files.java:2670)
05-29 02:53:07.639  1496  1929 E SQLiteDatabase: 	at java.nio.file.Files.walkFileTree(Files.java:2742)
05-29 02:53:07.639  1496  1929 E SQLiteDatabase: 	at com.android.providers.media.scan.ModernMediaScanner$Scan.walkFileTree(ModernMediaScanner.java:366)
05-29 02:53:07.639  1496  1929 E SQLiteDatabase: 	at com.android.providers.media.scan.ModernMediaScanner$Scan.run(ModernMediaScanner.java:329)
05-29 02:53:07.639  1496  1929 E SQLiteDatabase: 	at com.android.providers.media.scan.ModernMediaScanner.scanDirectory(ModernMediaScanner.java:226)
05-29 02:53:07.639  1496  1929 E SQLiteDatabase: 	at com.android.providers.media.MediaProvider.scanDirectory(MediaProvider.java:1111)
05-29 02:53:07.639  1496  1929 E SQLiteDatabase: 	at com.android.providers.media.MediaService.onScanVolume(MediaService.java:148)
05-29 02:53:07.639  1496  1929 E SQLiteDatabase: 	at com.android.providers.media.MediaService.onScanVolume(MediaService.java:117)
05-29 02:53:07.639  1496  1929 E SQLiteDatabase: 	at com.android.providers.media.MediaService.onScanVolume(MediaService.java:108)
05-29 02:53:07.639  1496  1929 E SQLiteDatabase: 	at com.android.providers.media.MediaService.onHandleWork(MediaService.java:71)
05-29 02:53:07.639  1496  1929 E SQLiteDatabase: 	at androidx.core.app.JobIntentService$CommandProcessor.doInBackground(JobIntentService.java:391)
05-29 02:53:07.639  1496  1929 E SQLiteDatabase: 	at androidx.core.app.JobIntentService$CommandProcessor.doInBackground(JobIntentService.java:382)
05-29 02:53:07.639  1496  1929 E SQLiteDatabase: 	at android.os.AsyncTask$3.call(AsyncTask.java:394)
05-29 02:53:07.639  1496  1929 E SQLiteDatabase: 	at java.util.concurrent.FutureTask.run(FutureTask.java:266)
05-29 02:53:07.639  1496  1929 E SQLiteDatabase: 	at java.util.concurrent.ThreadPoolExecutor.runWorker(ThreadPoolExecutor.java:1167)
05-29 02:53:07.639  1496  1929 E SQLiteDatabase: 	at java.util.concurrent.ThreadPoolExecutor$Worker.run(ThreadPoolExecutor.java:641)
05-29 02:53:07.639  1496  1929 E SQLiteDatabase: 	at java.lang.Thread.run(Thread.java:923)
05-29 02:53:08.128   158   158 I hwservicemanager: getTransport: Cannot find entry android.hardware.graphics.mapper@4.0::IMapper/default in either framework or device manifest.
05-29 02:53:08.128 12092 12092 I Gralloc4: mapper 4.x is not supported
05-29 02:53:08.257 12096 12098 I cmd     : oneway function results will be dropped but finished with status OK and parcel size 4
05-29 02:53:08.317  1496  2463 I MediaProvider: Deleted 1 items on external_primary due to com.android.shell
05-29 02:53:08.360 12109 12111 I cmd     : oneway function results will be dropped but finished with status OK and parcel size 4
05-29 02:53:08.501   158   158 I hwservicemanager: getTransport: Cannot find entry android.hardware.graphics.mapper@4.0::IMapper/default in either framework or device manifest.
05-29 02:53:08.501 12131 12131 I Gralloc4: mapper 4.x is not supported
05-29 02:53:08.622  7458  7458 I ProvidersCache: Updating roots due to change on user 0at content://com.android.providers.media.documents/root
05-29 02:53:08.635 12135 12137 I cmd     : oneway function results will be dropped but finished with status OK and parcel size 4
05-29 02:53:08.720  1496  1626 I MediaProvider: Deleted 1 items on external_primary due to com.android.shell
05-29 02:53:08.865  7458  7458 I ProvidersCache: Updating roots due to change on user 0at content://com.android.providers.media.documents/root
05-29 02:53:08.899   158   158 I hwservicemanager: getTransport: Cannot find entry android.hardware.graphics.mapper@4.0::IMapper/default in either framework or device manifest.
05-29 02:53:08.899 12168 12168 I Gralloc4: mapper 4.x is not supported
05-29 02:53:09.034 12172 12174 I cmd     : oneway function results will be dropped but finished with status OK and parcel size 4
05-29 02:53:09.127  1496  2463 I MediaProvider: Deleted 1 items on external_primary due to com.android.shell
05-29 02:53:09.236  7458  7458 I ProvidersCache: Updating roots due to change on user 0at content://com.android.providers.media.documents/root
05-29 02:53:09.253 12213 12215 I cmd     : oneway function results will be dropped but finished with status OK and parcel size 4
05-29 02:53:09.408 12240 12240 E libc    : Access denied finding property "persist.device_config.runtime_native_boot.profilebootclasspath"
05-29 02:53:09.408 12240 12240 E libc    : Access denied finding property "persist.device_config.runtime_native_boot.enable_apex_image"
05-29 02:53:09.408 12240 12240 I AndroidRuntime: Using default boot image
05-29 02:53:09.408 12240 12240 E libc    : Access denied finding property "persist.device_config.runtime_native_boot.disable_lock_profiling"
05-29 02:53:09.408 12240 12240 I AndroidRuntime: Leaving lock profiling enabled
05-29 02:53:09.396 12240 12240 W app_process: type=1400 audit(0.0:257): avc: denied { read } for name="u:object_r:device_config_runtime_native_boot_prop:s0" dev="tmpfs" ino=8335 scontext=u:r:shell:s0 tcontext=u:object_r:device_config_runtime_native_boot_prop:s0 tclass=file permissive=0
05-29 02:53:09.408 12240 12240 E libc    : Access denied finding property "persist.device_config.runtime_native_boot.enable_generational_cc"
05-29 02:53:09.412 12240 12240 I app_process: Core platform API reporting enabled, enforcing=false
05-29 02:53:09.408 12240 12240 W app_process: type=1400 audit(0.0:258): avc: denied { read } for name="u:object_r:device_config_runtime_native_boot_prop:s0" dev="tmpfs" ino=8335 scontext=u:r:shell:s0 tcontext=u:object_r:device_config_runtime_native_boot_prop:s0 tclass=file permissive=0
05-29 02:53:09.529 12240 12240 W app_process: Unexpected CPU variant for X86 using defaults: x86_64
05-29 02:53:09.531 12240 12240 I app_process: The ClassLoaderContext is a special shared library.
05-29 02:53:09.545 12240 12240 W app_process: JNI RegisterNativeMethods: attempt to register 0 native methods for android.media.AudioAttributes
05-29 02:53:09.597  7458  7458 I ProvidersCache: Updating roots due to change on user 0at content://com.android.providers.media.documents/root
05-29 02:53:09.660  7882  7896 W System  : A resource failed to call dispose. 
05-29 02:53:09.660  7882  7896 W System  : A resource failed to call release. 
05-29 02:53:09.686  2105  2105 E AccessibilityInteractionClient: 3 Disconnected nodes.
05-29 02:53:11.242   158   158 I hwservicemanager: getTransport: Cannot find entry android.hardware.graphics.mapper@4.0::IMapper/default in either framework or device manifest.
05-29 02:53:11.242 12275 12275 I Gralloc4: mapper 4.x is not supported
05-29 02:53:11.376 12279 12281 I cmd     : oneway function results will be dropped but finished with status OK and parcel size 4
05-29 02:53:11.411  1496  1929 E SQLiteDatabase: Error inserting format=12289 owner_package_name=null parent=-1 volume_name=internal date_modified=1683213674 _display_name=audio _data=/product/media/audio is_download=0 relative_path=null
05-29 02:53:11.411  1496  1929 E SQLiteDatabase: android.database.sqlite.SQLiteDatabaseLockedException: database is locked (code 5 SQLITE_BUSY)
05-29 02:53:11.411  1496  1929 E SQLiteDatabase: 	at android.database.sqlite.SQLiteConnection.nativeExecuteForLastInsertedRowId(Native Method)
05-29 02:53:11.411  1496  1929 E SQLiteDatabase: 	at android.database.sqlite.SQLiteConnection.executeForLastInsertedRowId(SQLiteConnection.java:938)
05-29 02:53:11.411  1496  1929 E SQLiteDatabase: 	at android.database.sqlite.SQLiteSession.executeForLastInsertedRowId(SQLiteSession.java:790)
05-29 02:53:11.411  1496  1929 E SQLiteDatabase: 	at android.database.sqlite.SQLiteStatement.executeInsert(SQLiteStatement.java:88)
05-29 02:53:11.411  1496  1929 E SQLiteDatabase: 	at android.database.sqlite.SQLiteDatabase.insertWithOnConflict(SQLiteDatabase.java:1701)
05-29 02:53:11.411  1496  1929 E SQLiteDatabase: 	at android.database.sqlite.SQLiteDatabase.insert(SQLiteDatabase.java:1570)
05-29 02:53:11.411  1496  1929 E SQLiteDatabase: 	at com.android.providers.media.MediaProvider.insertDirectory(MediaProvider.java:2773)
05-29 02:53:11.411  1496  1929 E SQLiteDatabase: 	at com.android.providers.media.MediaProvider.getParent(MediaProvider.java:2794)
05-29 02:53:11.411  1496  1929 E SQLiteDatabase: 	at com.android.providers.media.MediaProvider.insertDirectory(MediaProvider.java:2763)
05-29 02:53:11.411  1496  1929 E SQLiteDatabase: 	at com.android.providers.media.MediaProvider.getParent(MediaProvider.java:2794)
05-29 02:53:11.411  1496  1929 E SQLiteDatabase: 	at com.android.providers.media.MediaProvider.lambda$insertAllowingUpsert$14(MediaProvider.java:3060)
05-29 02:53:11.411  1496  1929 E SQLiteDatabase: 	at com.android.providers.media.MediaProvider.lambda$insertAllowingUpsert$14$MediaProvider(Unknown Source:0)
05-29 02:53:11.411  1496  1929 E SQLiteDatabase: 	at com.android.providers.media.-$$Lambda$MediaProvider$FjHWs2-fjgG761OzVFzdTX4EWZg.apply(Unknown Source:13)
05-29 02:53:11.411  1496  1929 E SQLiteDatabase: 	at com.android.providers.media.DatabaseHelper.runWithTransaction(DatabaseHelper.java:555)
05-29 02:53:11.411  1496  1929 E SQLiteDatabase: 	at com.android.providers.media.MediaProvider.insertAllowingUpsert(MediaProvider.java:3056)
05-29 02:53:11.411  1496  1929 E SQLiteDatabase: 	at com.android.providers.media.MediaProvider.insertFile(MediaProvider.java:3038)
05-29 02:53:11.411  1496  1929 E SQLiteDatabase: 	at com.android.providers.media.MediaProvider.insertInternal(MediaProvider.java:3470)
05-29 02:53:11.411  1496  1929 E SQLiteDatabase: 	at com.android.providers.media.MediaProvider.insert(MediaProvider.java:3198)
05-29 02:53:11.411  1496  1929 E SQLiteDatabase: 	at android.content.ContentProviderOperation.applyInternal(ContentProviderOperation.java:375)
05-29 02:53:11.411  1496  1929 E SQLiteDatabase: 	at android.content.ContentProviderOperation.apply(ContentProviderOperation.java:347)
05-29 02:53:11.411  1496  1929 E SQLiteDatabase: 	at android.content.ContentProvider.applyBatch(ContentProvider.java:2422)
05-29 02:53:11.411  1496  1929 E SQLiteDatabase: 	at com.android.providers.media.MediaProvider.applyBatch(MediaProvider.java:3522)
05-29 02:53:11.411  1496  1929 E SQLiteDatabase: 	at android.content.ContentProvider.applyBatch(ContentProvider.java:2413)
05-29 02:53:11.411  1496  1929 E SQLiteDatabase: 	at android.content.ContentResolver.applyBatch(ContentResolver.java:2186)
05-29 02:53:11.411  1496  1929 E SQLiteDatabase: 	at com.android.providers.media.scan.ModernMediaScanner$Scan.applyPending(ModernMediaScanner.java:699)
05-29 02:53:11.411  1496  1929 E SQLiteDatabase: 	at com.android.providers.media.scan.ModernMediaScanner$Scan.maybeApplyPending(ModernMediaScanner.java:689)
05-29 02:53:11.411  1496  1929 E SQLiteDatabase: 	at com.android.providers.media.scan.ModernMediaScanner$Scan.visitFile(ModernMediaScanner.java:649)
05-29 02:53:11.411  1496  1929 E SQLiteDatabase: 	at com.android.providers.media.scan.ModernMediaScanner$Scan.visitFile(ModernMediaScanner.java:272)
05-29 02:53:11.411  1496  1929 E SQLiteDatabase: 	at java.nio.file.Files.walkFileTree(Files.java:2670)
05-29 02:53:11.411  1496  1929 E SQLiteDatabase: 	at java.nio.file.Files.walkFileTree(Files.java:2742)
05-29 02:53:11.411  1496  1929 E SQLiteDatabase: 	at com.android.providers.media.scan.ModernMediaScanner$Scan.walkFileTree(ModernMediaScanner.java:366)
05-29 02:53:11.411  1496  1929 E SQLiteDatabase: 	at com.android.providers.media.scan.ModernMediaScanner$Scan.run(ModernMediaScanner.java:329)
05-29 02:53:11.411  1496  1929 E SQLiteDatabase: 	at com.android.providers.media.scan.ModernMediaScanner.scanDirectory(ModernMediaScanner.java:226)
05-29 02:53:11.411  1496  1929 E SQLiteDatabase: 	at com.android.providers.media.MediaProvider.scanDirectory(MediaProvider.java:1111)
05-29 02:53:11.411  1496  1929 E SQLiteDatabase: 	at com.android.providers.media.MediaService.onScanVolume(MediaService.java:148)
05-29 02:53:11.411  1496  1929 E SQLiteDatabase: 	at com.android.providers.media.MediaService.onScanVolume(MediaService.java:117)
05-29 02:53:11.411  1496  1929 E SQLiteDatabase: 	at com.android.providers.media.MediaService.onScanVolume(MediaService.java:108)
05-29 02:53:11.411  1496  1929 E SQLiteDatabase: 	at com.android.providers.media.MediaService.onHandleWork(MediaService.java:71)
05-29 02:53:11.411  1496  1929 E SQLiteDatabase: 	at androidx.core.app.JobIntentService$CommandProcessor.doInBackground(JobIntentService.java:391)
05-29 02:53:11.411  1496  1929 E SQLiteDatabase: 	at androidx.core.app.JobIntentService$CommandProcessor.doInBackground(JobIntentService.java:382)
05-29 02:53:11.411  1496  1929 E SQLiteDatabase: 	at android.os.AsyncTask$3.call(AsyncTask.java:394)
05-29 02:53:11.411  1496  1929 E SQLiteDatabase: 	at java.util.concurrent.FutureTask.run(FutureTask.java:266)
05-29 02:53:11.411  1496  1929 E SQLiteDatabase: 	at java.util.concurrent.ThreadPoolExecutor.runWorker(ThreadPoolExecutor.java:1167)
05-29 02:53:11.412  1496  1929 E SQLiteDatabase: 	at java.util.concurrent.ThreadPoolExecutor$Worker.run(ThreadPoolExecutor.java:641)
05-29 02:53:11.412  1496  1929 E SQLiteDatabase: 	at java.lang.Thread.run(Thread.java:923)
05-29 02:53:11.466  1496  1625 I MediaProvider: Deleted 1 items on external_primary due to com.android.shell
05-29 02:53:11.640   158   158 I hwservicemanager: getTransport: Cannot find entry android.hardware.graphics.mapper@4.0::IMapper/default in either framework or device manifest.
05-29 02:53:11.640 12314 12314 I Gralloc4: mapper 4.x is not supported
05-29 02:53:11.724  7458  7458 I ProvidersCache: Updating roots due to change on user 0at content://com.android.providers.media.documents/root
05-29 02:53:11.763 12318 12320 I cmd     : oneway function results will be dropped but finished with status OK and parcel size 4
05-29 02:53:11.849  1496  1626 I MediaProvider: Deleted 1 items on external_primary due to com.android.shell
05-29 02:53:11.880 12329 12331 I cmd     : oneway function results will be dropped but finished with status OK and parcel size 4
05-29 02:53:11.952  7458  7458 I ProvidersCache: Updating roots due to change on user 0at content://com.android.providers.media.documents/root
05-29 02:53:12.021   158   158 I hwservicemanager: getTransport: Cannot find entry android.hardware.graphics.mapper@4.0::IMapper/default in either framework or device manifest.
05-29 02:53:12.021 12351 12351 I Gralloc4: mapper 4.x is not supported
05-29 02:53:12.154 12355 12357 I cmd     : oneway function results will be dropped but finished with status OK and parcel size 4
05-29 02:53:12.254  1496  1625 I MediaProvider: Deleted 1 items on external_primary due to com.android.shell
05-29 02:53:12.285 12366 12368 I cmd     : oneway function results will be dropped but finished with status OK and parcel size 4
05-29 02:53:12.327 12381 12383 I cmd     : oneway function results will be dropped but finished with status OK and parcel size 4
05-29 02:53:12.360 12396 12398 I cmd     : oneway function results will be dropped but finished with status OK and parcel size 4
05-29 02:53:12.394 12411 12413 I cmd     : oneway function results will be dropped but finished with status OK and parcel size 4
05-29 02:53:12.470  7458  7458 I ProvidersCache: Updating roots due to change on user 0at content://com.android.providers.media.documents/root
05-29 02:53:12.503 12423 12423 E libc    : Access denied finding property "persist.device_config.runtime_native_boot.profilebootclasspath"
05-29 02:53:12.503 12423 12423 E libc    : Access denied finding property "persist.device_config.runtime_native_boot.enable_apex_image"
05-29 02:53:12.503 12423 12423 I AndroidRuntime: Using default boot image
05-29 02:53:12.503 12423 12423 E libc    : Access denied finding property "persist.device_config.runtime_native_boot.disable_lock_profiling"
05-29 02:53:12.503 12423 12423 I AndroidRuntime: Leaving lock profiling enabled
05-29 02:53:12.504 12423 12423 E libc    : Access denied finding property "persist.device_config.runtime_native_boot.enable_generational_cc"
05-29 02:53:12.507 12423 12423 I app_process: Core platform API reporting enabled, enforcing=false
05-29 02:53:12.492 12423 12423 W app_process: type=1400 audit(0.0:261): avc: denied { read } for name="u:object_r:device_config_runtime_native_boot_prop:s0" dev="tmpfs" ino=8335 scontext=u:r:shell:s0 tcontext=u:object_r:device_config_runtime_native_boot_prop:s0 tclass=file permissive=0
05-29 02:53:12.500 12423 12423 I chatty  : uid=2000(shell) main identical 2 lines
05-29 02:53:12.500 12423 12423 W app_process: type=1400 audit(0.0:264): avc: denied { read } for name="u:object_r:device_config_runtime_native_boot_prop:s0" dev="tmpfs" ino=8335 scontext=u:r:shell:s0 tcontext=u:object_r:device_config_runtime_native_boot_prop:s0 tclass=file permissive=0
05-29 02:53:12.647 12423 12423 W app_process: Unexpected CPU variant for X86 using defaults: x86_64
05-29 02:53:12.648 12423 12423 I app_process: The ClassLoaderContext is a special shared library.
05-29 02:53:12.664 12423 12423 W app_process: JNI RegisterNativeMethods: attempt to register 0 native methods for android.media.AudioAttributes
05-29 02:53:12.681  7458  7458 I ProvidersCache: Updating roots due to change on user 0at content://com.android.providers.media.documents/root
05-29 02:53:12.723  2105  2105 E AccessibilityInteractionClient: 3 Disconnected nodes.
05-29 02:53:12.927  7458  7458 I ProvidersCache: Updating roots due to change on user 0at content://com.android.providers.media.documents/root
05-29 02:53:14.390   158   158 I hwservicemanager: getTransport: Cannot find entry android.hardware.graphics.mapper@4.0::IMapper/default in either framework or device manifest.
05-29 02:53:14.391 12459 12459 I Gralloc4: mapper 4.x is not supported
05-29 02:53:14.526 12463 12465 I cmd     : oneway function results will be dropped but finished with status OK and parcel size 4
05-29 02:53:14.583  1496  2463 I MediaProvider: Deleted 1 items on external_primary due to com.android.shell
05-29 02:53:14.785   158   158 I hwservicemanager: getTransport: Cannot find entry android.hardware.graphics.mapper@4.0::IMapper/default in either framework or device manifest.
05-29 02:53:14.785 12498 12498 I Gralloc4: mapper 4.x is not supported
05-29 02:53:14.927 12502 12504 I cmd     : oneway function results will be dropped but finished with status OK and parcel size 4
05-29 02:53:14.984  1496  1626 I MediaProvider: Deleted 1 items on external_primary due to com.android.shell
05-29 02:53:15.071  7458  7458 I ProvidersCache: Updating roots due to change on user 0at content://com.android.providers.media.documents/root
05-29 02:53:15.172   158   158 I hwservicemanager: getTransport: Cannot find entry android.hardware.graphics.mapper@4.0::IMapper/default in either framework or device manifest.
05-29 02:53:15.172 12535 12535 I Gralloc4: mapper 4.x is not supported
05-29 02:53:15.211  1496  1929 E SQLiteDatabase: Error inserting format=12289 owner_package_name=null parent=-1 volume_name=internal date_modified=1683213674 _display_name=ringtones _data=/product/media/audio/ringtones is_download=0 relative_path=null
05-29 02:53:15.211  1496  1929 E SQLiteDatabase: android.database.sqlite.SQLiteDatabaseLockedException: database is locked (code 5 SQLITE_BUSY)
05-29 02:53:15.211  1496  1929 E SQLiteDatabase: 	at android.database.sqlite.SQLiteConnection.nativeExecuteForLastInsertedRowId(Native Method)
05-29 02:53:15.211  1496  1929 E SQLiteDatabase: 	at android.database.sqlite.SQLiteConnection.executeForLastInsertedRowId(SQLiteConnection.java:938)
05-29 02:53:15.211  1496  1929 E SQLiteDatabase: 	at android.database.sqlite.SQLiteSession.executeForLastInsertedRowId(SQLiteSession.java:790)
05-29 02:53:15.211  1496  1929 E SQLiteDatabase: 	at android.database.sqlite.SQLiteStatement.executeInsert(SQLiteStatement.java:88)
05-29 02:53:15.211  1496  1929 E SQLiteDatabase: 	at android.database.sqlite.SQLiteDatabase.insertWithOnConflict(SQLiteDatabase.java:1701)
05-29 02:53:15.211  1496  1929 E SQLiteDatabase: 	at android.database.sqlite.SQLiteDatabase.insert(SQLiteDatabase.java:1570)
05-29 02:53:15.211  1496  1929 E SQLiteDatabase: 	at com.android.providers.media.MediaProvider.insertDirectory(MediaProvider.java:2773)
05-29 02:53:15.211  1496  1929 E SQLiteDatabase: 	at com.android.providers.media.MediaProvider.getParent(MediaProvider.java:2794)
05-29 02:53:15.211  1496  1929 E SQLiteDatabase: 	at com.android.providers.media.MediaProvider.lambda$insertAllowingUpsert$14(MediaProvider.java:3060)
05-29 02:53:15.211  1496  1929 E SQLiteDatabase: 	at com.android.providers.media.MediaProvider.lambda$insertAllowingUpsert$14$MediaProvider(Unknown Source:0)
05-29 02:53:15.211  1496  1929 E SQLiteDatabase: 	at com.android.providers.media.-$$Lambda$MediaProvider$FjHWs2-fjgG761OzVFzdTX4EWZg.apply(Unknown Source:13)
05-29 02:53:15.211  1496  1929 E SQLiteDatabase: 	at com.android.providers.media.DatabaseHelper.runWithTransaction(DatabaseHelper.java:555)
05-29 02:53:15.211  1496  1929 E SQLiteDatabase: 	at com.android.providers.media.MediaProvider.insertAllowingUpsert(MediaProvider.java:3056)
05-29 02:53:15.211  1496  1929 E SQLiteDatabase: 	at com.android.providers.media.MediaProvider.insertFile(MediaProvider.java:3038)
05-29 02:53:15.211  1496  1929 E SQLiteDatabase: 	at com.android.providers.media.MediaProvider.insertInternal(MediaProvider.java:3470)
05-29 02:53:15.211  1496  1929 E SQLiteDatabase: 	at com.android.providers.media.MediaProvider.insert(MediaProvider.java:3198)
05-29 02:53:15.211  1496  1929 E SQLiteDatabase: 	at android.content.ContentProviderOperation.applyInternal(ContentProviderOperation.java:375)
05-29 02:53:15.211  1496  1929 E SQLiteDatabase: 	at android.content.ContentProviderOperation.apply(ContentProviderOperation.java:347)
05-29 02:53:15.211  1496  1929 E SQLiteDatabase: 	at android.content.ContentProvider.applyBatch(ContentProvider.java:2422)
05-29 02:53:15.211  1496  1929 E SQLiteDatabase: 	at com.android.providers.media.MediaProvider.applyBatch(MediaProvider.java:3522)
05-29 02:53:15.211  1496  1929 E SQLiteDatabase: 	at android.content.ContentProvider.applyBatch(ContentProvider.java:2413)
05-29 02:53:15.211  1496  1929 E SQLiteDatabase: 	at android.content.ContentResolver.applyBatch(ContentResolver.java:2186)
05-29 02:53:15.211  1496  1929 E SQLiteDatabase: 	at com.android.providers.media.scan.ModernMediaScanner$Scan.applyPending(ModernMediaScanner.java:699)
05-29 02:53:15.211  1496  1929 E SQLiteDatabase: 	at com.android.providers.media.scan.ModernMediaScanner$Scan.maybeApplyPending(ModernMediaScanner.java:689)
05-29 02:53:15.211  1496  1929 E SQLiteDatabase: 	at com.android.providers.media.scan.ModernMediaScanner$Scan.visitFile(ModernMediaScanner.java:649)
05-29 02:53:15.211  1496  1929 E SQLiteDatabase: 	at com.android.providers.media.scan.ModernMediaScanner$Scan.visitFile(ModernMediaScanner.java:272)
05-29 02:53:15.211  1496  1929 E SQLiteDatabase: 	at java.nio.file.Files.walkFileTree(Files.java:2670)
05-29 02:53:15.211  1496  1929 E SQLiteDatabase: 	at java.nio.file.Files.walkFileTree(Files.java:2742)
05-29 02:53:15.211  1496  1929 E SQLiteDatabase: 	at com.android.providers.media.scan.ModernMediaScanner$Scan.walkFileTree(ModernMediaScanner.java:366)
05-29 02:53:15.211  1496  1929 E SQLiteDatabase: 	at com.android.providers.media.scan.ModernMediaScanner$Scan.run(ModernMediaScanner.java:329)
05-29 02:53:15.211  1496  1929 E SQLiteDatabase: 	at com.android.providers.media.scan.ModernMediaScanner.scanDirectory(ModernMediaScanner.java:226)
05-29 02:53:15.211  1496  1929 E SQLiteDatabase: 	at com.android.providers.media.MediaProvider.scanDirectory(MediaProvider.java:1111)
05-29 02:53:15.211  1496  1929 E SQLiteDatabase: 	at com.android.providers.media.MediaService.onScanVolume(MediaService.java:148)
05-29 02:53:15.211  1496  1929 E SQLiteDatabase: 	at com.android.providers.media.MediaService.onScanVolume(MediaService.java:117)
05-29 02:53:15.211  1496  1929 E SQLiteDatabase: 	at com.android.providers.media.MediaService.onScanVolume(MediaService.java:108)
05-29 02:53:15.211  1496  1929 E SQLiteDatabase: 	at com.android.providers.media.MediaService.onHandleWork(MediaService.java:71)
05-29 02:53:15.211  1496  1929 E SQLiteDatabase: 	at androidx.core.app.JobIntentService$CommandProcessor.doInBackground(JobIntentService.java:391)
05-29 02:53:15.211  1496  1929 E SQLiteDatabase: 	at androidx.core.app.JobIntentService$CommandProcessor.doInBackground(JobIntentService.java:382)
05-29 02:53:15.211  1496  1929 E SQLiteDatabase: 	at android.os.AsyncTask$3.call(AsyncTask.java:394)
05-29 02:53:15.211  1496  1929 E SQLiteDatabase: 	at java.util.concurrent.FutureTask.run(FutureTask.java:266)
05-29 02:53:15.211  1496  1929 E SQLiteDatabase: 	at java.util.concurrent.ThreadPoolExecutor.runWorker(ThreadPoolExecutor.java:1167)
05-29 02:53:15.211  1496  1929 E SQLiteDatabase: 	at java.util.concurrent.ThreadPoolExecutor$Worker.run(ThreadPoolExecutor.java:641)
05-29 02:53:15.211  1496  1929 E SQLiteDatabase: 	at java.lang.Thread.run(Thread.java:923)
05-29 02:53:15.270  7458  7458 I ProvidersCache: Updating roots due to change on user 0at content://com.android.providers.media.documents/root
05-29 02:53:15.339  1496  2463 I MediaProvider: Deleted 1 items on external_primary due to com.android.shell
05-29 02:53:15.413 12565 12567 I cmd     : oneway function results will be dropped but finished with status OK and parcel size 4
05-29 02:53:15.448 12580 12582 I cmd     : oneway function results will be dropped but finished with status OK and parcel size 4
05-29 02:53:15.481 12595 12597 I cmd     : oneway function results will be dropped but finished with status OK and parcel size 4
05-29 02:53:15.582 12607 12607 E libc    : Access denied finding property "persist.device_config.runtime_native_boot.profilebootclasspath"
05-29 02:53:15.582 12607 12607 E libc    : Access denied finding property "persist.device_config.runtime_native_boot.enable_apex_image"
05-29 02:53:15.582 12607 12607 I AndroidRuntime: Using default boot image
05-29 02:53:15.582 12607 12607 E libc    : Access denied finding property "persist.device_config.runtime_native_boot.disable_lock_profiling"
05-29 02:53:15.582 12607 12607 I AndroidRuntime: Leaving lock profiling enabled
05-29 02:53:15.582 12607 12607 E libc    : Access denied finding property "persist.device_config.runtime_native_boot.enable_generational_cc"
05-29 02:53:15.587 12607 12607 I app_process: Core platform API reporting enabled, enforcing=false
05-29 02:53:15.580 12607 12607 W app_process: type=1400 audit(0.0:265): avc: denied { read } for name="u:object_r:device_config_runtime_native_boot_prop:s0" dev="tmpfs" ino=8335 scontext=u:r:shell:s0 tcontext=u:object_r:device_config_runtime_native_boot_prop:s0 tclass=file permissive=0
05-29 02:53:15.613  7458  7458 I ProvidersCache: Updating roots due to change on user 0at content://com.android.providers.media.documents/root
05-29 02:53:15.728 12607 12607 W app_process: Unexpected CPU variant for X86 using defaults: x86_64
05-29 02:53:15.729 12607 12607 I app_process: The ClassLoaderContext is a special shared library.
05-29 02:53:15.745 12607 12607 W app_process: JNI RegisterNativeMethods: attempt to register 0 native methods for android.media.AudioAttributes
05-29 02:53:15.808  7458  7458 I ProvidersCache: Updating roots due to change on user 0at content://com.android.providers.media.documents/root
05-29 02:53:16.007  7458  7458 I ProvidersCache: Updating roots due to change on user 0at content://com.android.providers.media.documents/root
05-29 02:53:17.787   158   158 I hwservicemanager: getTransport: Cannot find entry android.hardware.graphics.mapper@4.0::IMapper/default in either framework or device manifest.
05-29 02:53:17.787 12638 12638 I Gralloc4: mapper 4.x is not supported
05-29 02:53:17.923 12642 12644 I cmd     : oneway function results will be dropped but finished with status OK and parcel size 4
05-29 02:53:17.982  1496  1625 I MediaProvider: Deleted 1 items on external_primary due to com.android.shell
05-29 02:53:18.171   158   158 I hwservicemanager: getTransport: Cannot find entry android.hardware.graphics.mapper@4.0::IMapper/default in either framework or device manifest.
05-29 02:53:18.171 12675 12675 I Gralloc4: mapper 4.x is not supported
05-29 02:53:18.173  7458  7458 I ProvidersCache: Updating roots due to change on user 0at content://com.android.providers.media.documents/root
05-29 02:53:18.306 12679 12681 I cmd     : oneway function results will be dropped but finished with status OK and parcel size 4
05-29 02:53:18.353  1496  1626 I MediaProvider: Deleted 1 items on external_primary due to com.android.shell
05-29 02:53:18.369  7458  7458 I ProvidersCache: Updating roots due to change on user 0at content://com.android.providers.media.documents/root
05-29 02:53:18.383 12690 12692 I cmd     : oneway function results will be dropped but finished with status OK and parcel size 4
05-29 02:53:18.525   158   158 I hwservicemanager: getTransport: Cannot find entry android.hardware.graphics.mapper@4.0::IMapper/default in either framework or device manifest.
05-29 02:53:18.526 12712 12712 I Gralloc4: mapper 4.x is not supported
