05-28 05:13:55.516  1487  1487 W com.android.providers.media.module: type=1400 audit(0.0:143): avc: denied { read } for comm=4173796E635461736B202331 name="primary" dev="tmpfs" ino=24907 scontext=u:r:mediaprovider_app:s0:c122,c256,c512,c768 tcontext=u:object_r:mnt_pass_through_file:s0 tclass=lnk_file permissive=0 app=com.android.providers.media.module
05-28 05:13:55.602  3370  3372 I cmd     : oneway function results will be dropped but finished with status OK and parcel size 4
05-28 05:13:55.750   160   160 I hwservicemanager: getTransport: Cannot find entry android.hardware.graphics.mapper@4.0::IMapper/default in either framework or device manifest.
05-28 05:13:55.750  3392  3392 I Gralloc4: mapper 4.x is not supported
05-28 05:13:55.799  3396  3398 I cmd     : oneway function results will be dropped but finished with status OK and parcel size 4
05-28 05:13:55.800  1487  1924 I MediaProvider: Begin Intent { act=android.intent.action.MEDIA_SCANNER_SCAN_FILE dat=file:///sdcard/screen_2026-05-28_051356.png flg=0x1400010 cmp=com.android.providers.media.module/com.android.providers.media.MediaService }
05-28 05:13:55.805  1487  1924 W ModernMediaScanner: Failed to visit /sdcard/screen_2026-05-28_051356.png: java.nio.file.AccessDeniedException: /sdcard/screen_2026-05-28_051356.png
05-28 05:13:55.806  1487  1924 I MediaProvider: Scanned internal due to REASON_DEMAND, found 0 items in 1ms, 0 inserts 0 updates 0 deletes
05-28 05:13:56.023     0     0 W audit   : audit_lost=72 audit_rate_limit=5 audit_backlog_limit=64
05-28 05:13:56.025     0     0 E audit   : rate limit exceeded
05-28 05:13:55.807  1487  1924 I MediaProvider: End Intent { act=android.intent.action.MEDIA_SCANNER_SCAN_FILE dat=file:///sdcard/screen_2026-05-28_051356.png flg=0x1400010 cmp=com.android.providers.media.module/com.android.providers.media.MediaService }
05-28 05:13:55.830  1487  2576 I MediaProvider: Deleted 1 items on external_primary due to com.android.shell
05-28 05:13:55.859  3407  3409 I cmd     : oneway function results will be dropped but finished with status OK and parcel size 4
05-28 05:13:55.995   160   160 I hwservicemanager: getTransport: Cannot find entry android.hardware.graphics.mapper@4.0::IMapper/default in either framework or device manifest.
05-28 05:13:55.995  3429  3429 I Gralloc4: mapper 4.x is not supported
05-28 05:13:56.045  3433  3435 I cmd     : oneway function results will be dropped but finished with status OK and parcel size 4
05-28 05:13:56.046  1487  1924 I MediaProvider: Begin Intent { act=android.intent.action.MEDIA_SCANNER_SCAN_FILE dat=file:///sdcard/screen_2026-05-28_051356.png flg=0x1400010 cmp=com.android.providers.media.module/com.android.providers.media.MediaService }
05-28 05:13:56.047  1487  1924 W ModernMediaScanner: Failed to visit /sdcard/screen_2026-05-28_051356.png: java.nio.file.AccessDeniedException: /sdcard/screen_2026-05-28_051356.png
05-28 05:13:56.048  1487  1924 I MediaProvider: Scanned internal due to REASON_DEMAND, found 0 items in 1ms, 0 inserts 0 updates 0 deletes
05-28 05:13:56.052  1487  1924 I MediaProvider: End Intent { act=android.intent.action.MEDIA_SCANNER_SCAN_FILE dat=file:///sdcard/screen_2026-05-28_051356.png flg=0x1400010 cmp=com.android.providers.media.module/com.android.providers.media.MediaService }
05-28 05:13:56.111  1487  2576 I MediaProvider: Deleted 1 items on external_primary due to com.android.shell
05-28 05:13:56.144  3444  3446 I cmd     : oneway function results will be dropped but finished with status OK and parcel size 4
05-28 05:13:56.262  3474  3476 I cmd     : oneway function results will be dropped but finished with status OK and parcel size 4
05-28 05:13:56.320   513  1102 I ActivityManager: Killing 2016:com.android.camera2/u0a110 (adj 975): empty #17
05-28 05:13:56.324   279   279 I Zygote  : Process 2016 exited due to signal 9 (Killed)
05-28 05:13:56.349  3489  3491 I cmd     : oneway function results will be dropped but finished with status OK and parcel size 4
05-28 05:13:56.366   513   555 I libprocessgroup: Successfully killed process cgroup uid 10110 pid 2016 in 44ms
05-28 05:13:56.443  3501  3501 E libc    : Access denied finding property "persist.device_config.runtime_native_boot.profilebootclasspath"
05-28 05:13:56.444  3501  3501 E libc    : Access denied finding property "persist.device_config.runtime_native_boot.enable_apex_image"
05-28 05:13:56.444  3501  3501 I AndroidRuntime: Using default boot image
05-28 05:13:56.444  3501  3501 E libc    : Access denied finding property "persist.device_config.runtime_native_boot.disable_lock_profiling"
05-28 05:13:56.444  3501  3501 I AndroidRuntime: Leaving lock profiling enabled
05-28 05:13:56.444  3501  3501 E libc    : Access denied finding property "persist.device_config.runtime_native_boot.enable_generational_cc"
05-28 05:13:56.445  3501  3501 I app_process: Core platform API reporting enabled, enforcing=false
05-28 05:13:56.488  3501  3501 W app_process: Unexpected CPU variant for X86 using defaults: x86_64
05-28 05:13:56.488  3501  3501 I app_process: The ClassLoaderContext is a special shared library.
05-28 05:13:56.495  3501  3501 W app_process: JNI RegisterNativeMethods: attempt to register 0 native methods for android.media.AudioAttributes
05-28 05:13:56.726  2338  2338 E AccessibilityInteractionClient: 2 Disconnected nodes.
05-28 05:13:57.802   513   658 E WifiHealthMonitor:  Hit PackageManager exception
05-28 05:13:57.802   513   658 E WifiHealthMonitor: android.content.pm.PackageManager$NameNotFoundException: com.google.android.wifi
05-28 05:13:57.802   513   658 E WifiHealthMonitor: 	at android.app.ApplicationPackageManager.getPackageInfoAsUser(ApplicationPackageManager.java:206)
05-28 05:13:57.802   513   658 E WifiHealthMonitor: 	at android.app.ApplicationPackageManager.getPackageInfo(ApplicationPackageManager.java:178)
05-28 05:13:57.802   513   658 E WifiHealthMonitor: 	at com.android.server.wifi.WifiHealthMonitor.extractCurrentSoftwareBuildInfo(WifiHealthMonitor.java:545)
05-28 05:13:57.802   513   658 E WifiHealthMonitor: 	at com.android.server.wifi.WifiHealthMonitor.postBootSwBuildCheck(WifiHealthMonitor.java:477)
05-28 05:13:57.802   513   658 E WifiHealthMonitor: 	at com.android.server.wifi.WifiHealthMonitor.postBootDetectionHandler(WifiHealthMonitor.java:468)
05-28 05:13:57.802   513   658 E WifiHealthMonitor: 	at com.android.server.wifi.WifiHealthMonitor.access$200(WifiHealthMonitor.java:70)
05-28 05:13:57.802   513   658 E WifiHealthMonitor: 	at com.android.server.wifi.WifiHealthMonitor$2.onAlarm(WifiHealthMonitor.java:163)
05-28 05:13:57.802   513   658 E WifiHealthMonitor: 	at android.app.AlarmManager$ListenerWrapper.run(AlarmManager.java:239)
05-28 05:13:57.802   513   658 E WifiHealthMonitor: 	at android.os.Handler.handleCallback(Handler.java:938)
05-28 05:13:57.802   513   658 E WifiHealthMonitor: 	at android.os.Handler.dispatchMessage(Handler.java:99)
05-28 05:13:57.802   513   658 E WifiHealthMonitor: 	at android.os.Looper.loop(Looper.java:223)
05-28 05:13:57.802   513   658 E WifiHealthMonitor: 	at android.os.HandlerThread.run(HandlerThread.java:67)
05-28 05:13:58.219   160   160 I hwservicemanager: getTransport: Cannot find entry android.hardware.graphics.mapper@4.0::IMapper/default in either framework or device manifest.
05-28 05:13:58.219  3533  3533 I Gralloc4: mapper 4.x is not supported
05-28 05:13:58.265  3537  3539 I cmd     : oneway function results will be dropped but finished with status OK and parcel size 4
05-28 05:13:58.265   513   541 I ActivityManager: Killing 1992:com.android.localtransport/1000 (adj 985): empty #17
05-28 05:13:58.266   513   541 I ActivityManager: Killing 1455:android.process.acore/u0a65 (adj 985): empty #18
05-28 05:13:58.270  1487  1924 I MediaProvider: Begin Intent { act=android.intent.action.MEDIA_SCANNER_SCAN_FILE dat=file:///sdcard/screen_2026-05-28_051358.png flg=0x1400010 cmp=com.android.providers.media.module/com.android.providers.media.MediaService }
05-28 05:13:58.264  1487  1487 W com.android.providers.media.module: type=1400 audit(0.0:162): avc: denied { read } for comm=4173796E635461736B202331 name="primary" dev="tmpfs" ino=24907 scontext=u:r:mediaprovider_app:s0:c122,c256,c512,c768 tcontext=u:object_r:mnt_pass_through_file:s0 tclass=lnk_file permissive=0 app=com.android.providers.media.module
05-28 05:13:58.498     0     0 W audit   : audit_lost=88 audit_rate_limit=5 audit_backlog_limit=64
05-28 05:13:58.279   279   279 I Zygote  : Process 1455 exited due to signal 9 (Killed)
05-28 05:13:58.272  1487  1487 W com.android.providers.media.module: type=1400 audit(0.0:163): avc: denied { read } for comm=4173796E635461736B202331 name="primary" dev="tmpfs" ino=24907 scontext=u:r:mediaprovider_app:s0:c122,c256,c512,c768 tcontext=u:object_r:mnt_pass_through_file:s0 tclass=lnk_file permissive=0 app=com.android.providers.media.module
05-28 05:13:58.504     0     0 E audit   : rate limit exceeded
05-28 05:13:58.287   279   279 I Zygote  : Process 1992 exited due to signal 9 (Killed)
05-28 05:13:58.288  1487  1924 W ModernMediaScanner: Failed to visit /sdcard/screen_2026-05-28_051358.png: java.nio.file.AccessDeniedException: /sdcard/screen_2026-05-28_051358.png
05-28 05:13:58.288  1487  1924 I MediaProvider: Scanned internal due to REASON_DEMAND, found 0 items in 13ms, 0 inserts 0 updates 0 deletes
05-28 05:13:58.289  1487  1924 I MediaProvider: End Intent { act=android.intent.action.MEDIA_SCANNER_SCAN_FILE dat=file:///sdcard/screen_2026-05-28_051358.png flg=0x1400010 cmp=com.android.providers.media.module/com.android.providers.media.MediaService }
05-28 05:13:58.272  1487  1487 W com.android.providers.media.module: type=1400 audit(0.0:164): avc: denied { read } for comm=4173796E635461736B202331 name="primary" dev="tmpfs" ino=24907 scontext=u:r:mediaprovider_app:s0:c122,c256,c512,c768 tcontext=u:object_r:mnt_pass_through_file:s0 tclass=lnk_file permissive=0 app=com.android.providers.media.module
05-28 05:13:58.312   513   555 I libprocessgroup: Successfully killed process cgroup uid 1000 pid 1992 in 45ms
05-28 05:13:58.312   513   555 I libprocessgroup: Successfully killed process cgroup uid 10065 pid 1455 in 0ms
05-28 05:13:58.331  1487  2576 I MediaProvider: Deleted 1 items on external_primary due to com.android.shell
05-28 05:13:58.361  3548  3550 I cmd     : oneway function results will be dropped but finished with status OK and parcel size 4
05-28 05:13:58.500   160   160 I hwservicemanager: getTransport: Cannot find entry android.hardware.graphics.mapper@4.0::IMapper/default in either framework or device manifest.
05-28 05:13:58.500  3570  3570 I Gralloc4: mapper 4.x is not supported
05-28 05:13:58.549  1487  1924 I MediaProvider: Begin Intent { act=android.intent.action.MEDIA_SCANNER_SCAN_FILE dat=file:///sdcard/screen_2026-05-28_051359.png flg=0x1400010 cmp=com.android.providers.media.module/com.android.providers.media.MediaService }
05-28 05:13:58.550  1487  1924 W ModernMediaScanner: Failed to visit /sdcard/screen_2026-05-28_051359.png: java.nio.file.AccessDeniedException: /sdcard/screen_2026-05-28_051359.png
05-28 05:13:58.550  1487  1924 I MediaProvider: Scanned internal due to REASON_DEMAND, found 0 items in 0ms, 0 inserts 0 updates 0 deletes
05-28 05:13:58.551  3574  3576 I cmd     : oneway function results will be dropped but finished with status OK and parcel size 4
05-28 05:13:58.552  1487  1924 I MediaProvider: End Intent { act=android.intent.action.MEDIA_SCANNER_SCAN_FILE dat=file:///sdcard/screen_2026-05-28_051359.png flg=0x1400010 cmp=com.android.providers.media.module/com.android.providers.media.MediaService }
05-28 05:13:58.577  1487  1582 I MediaProvider: Deleted 1 items on external_primary due to com.android.shell
05-28 05:13:58.623  3587  3589 I cmd     : oneway function results will be dropped but finished with status OK and parcel size 4
05-28 05:13:58.764   160   160 I hwservicemanager: getTransport: Cannot find entry android.hardware.graphics.mapper@4.0::IMapper/default in either framework or device manifest.
05-28 05:13:58.764  3609  3609 I Gralloc4: mapper 4.x is not supported
05-28 05:13:58.811  1487  1924 I MediaProvider: Begin Intent { act=android.intent.action.MEDIA_SCANNER_SCAN_FILE dat=file:///sdcard/screen_2026-05-28_051359.png flg=0x1400010 cmp=com.android.providers.media.module/com.android.providers.media.MediaService }
05-28 05:13:58.812  3613  3615 I cmd     : oneway function results will be dropped but finished with status OK and parcel size 4
05-28 05:13:58.814  1487  1924 W ModernMediaScanner: Failed to visit /sdcard/screen_2026-05-28_051359.png: java.nio.file.AccessDeniedException: /sdcard/screen_2026-05-28_051359.png
05-28 05:13:58.815  1487  1924 I MediaProvider: Scanned internal due to REASON_DEMAND, found 0 items in 3ms, 0 inserts 0 updates 0 deletes
05-28 05:13:58.816  1487  1924 I MediaProvider: End Intent { act=android.intent.action.MEDIA_SCANNER_SCAN_FILE dat=file:///sdcard/screen_2026-05-28_051359.png flg=0x1400010 cmp=com.android.providers.media.module/com.android.providers.media.MediaService }
05-28 05:13:58.836  1487  1583 I MediaProvider: Deleted 1 items on external_primary due to com.android.shell
05-28 05:13:58.868  3624  3626 I cmd     : oneway function results will be dropped but finished with status OK and parcel size 4
05-28 05:13:58.926  3639  3641 I cmd     : oneway function results will be dropped but finished with status OK and parcel size 4
05-28 05:13:58.986  3654  3656 I cmd     : oneway function results will be dropped but finished with status OK and parcel size 4
05-28 05:13:59.045  3669  3671 I cmd     : oneway function results will be dropped but finished with status OK and parcel size 4
05-28 05:13:59.138  3681  3681 E libc    : Access denied finding property "persist.device_config.runtime_native_boot.profilebootclasspath"
05-28 05:13:59.138  3681  3681 E libc    : Access denied finding property "persist.device_config.runtime_native_boot.enable_apex_image"
05-28 05:13:59.138  3681  3681 I AndroidRuntime: Using default boot image
05-28 05:13:59.138  3681  3681 E libc    : Access denied finding property "persist.device_config.runtime_native_boot.disable_lock_profiling"
05-28 05:13:59.138  3681  3681 I AndroidRuntime: Leaving lock profiling enabled
05-28 05:13:59.138  3681  3681 E libc    : Access denied finding property "persist.device_config.runtime_native_boot.enable_generational_cc"
05-28 05:13:59.139  3681  3681 I app_process: Core platform API reporting enabled, enforcing=false
05-28 05:13:59.185  3681  3681 W app_process: Unexpected CPU variant for X86 using defaults: x86_64
05-28 05:13:59.186  3681  3681 I app_process: The ClassLoaderContext is a special shared library.
05-28 05:13:59.192  3681  3681 W app_process: JNI RegisterNativeMethods: attempt to register 0 native methods for android.media.AudioAttributes
05-28 05:13:59.524  2681  2880 I System.out: 05:13:59.509 [DefaultDispatcher-worker-5] INFO io.ktor.client.HttpClient - REQUEST: https://pokeapi.co/api/v2/pokemon?limit=20&offset=0
05-28 05:13:59.524  2681  2880 I System.out: METHOD: HttpMethod(value=GET)
05-28 05:13:59.524  2681  2880 I System.out: COMMON HEADERS
05-28 05:13:59.524  2681  2880 I System.out: -> Accept: application/json
05-28 05:13:59.524  2681  2880 I System.out: -> Accept-Charset: UTF-8
05-28 05:13:59.524  2681  2880 I System.out: -> Content-Type: application/json
05-28 05:13:59.524  2681  2880 I System.out: CONTENT HEADERS
05-28 05:13:59.524  2681  2880 I System.out: -> Content-Length: 0
05-28 05:13:59.524  2681  2880 I System.out: BODY Content-Type: null
05-28 05:13:59.524  2681  2880 I System.out: BODY START
05-28 05:13:59.524  2681  2880 I System.out: 
05-28 05:13:59.524  2681  2880 I System.out: BODY END
05-28 05:13:59.631  2681  2889 I System.out: 05:13:59.628 [DefaultDispatcher-worker-10] INFO io.ktor.client.HttpClient - RESPONSE: 200 OK
05-28 05:13:59.631  2681  2889 I System.out: METHOD: HttpMethod(value=GET)
05-28 05:13:59.631  2681  2889 I System.out: FROM: https://pokeapi.co/api/v2/pokemon?limit=20&offset=0
05-28 05:13:59.631  2681  2889 I System.out: COMMON HEADERS
05-28 05:13:59.631  2681  2889 I System.out: -> access-control-allow-origin: *
05-28 05:13:59.631  2681  2889 I System.out: -> age: 19857
05-28 05:13:59.631  2681  2889 I System.out: -> alt-svc: h3=":443"; ma=86400
05-28 05:13:59.631  2681  2889 I System.out: -> cache-control: public, max-age=86400, s-maxage=86400
05-28 05:13:59.631  2681  2889 I System.out: -> cf-cache-status: HIT
05-28 05:13:59.631  2681  2889 I System.out: -> cf-ray: a02ac5f7c8f84836-IAD
05-28 05:13:59.631  2681  2889 I System.out: -> connection: keep-alive
05-28 05:13:59.631  2681  2889 I System.out: -> content-type: application/json; charset=utf-8
05-28 05:13:59.631  2681  2889 I System.out: -> date: Thu, 28 May 2026 05:14:00 GMT
05-28 05:13:59.631  2681  2889 I System.out: -> etag: W/"588-iX6bV/yoloqGkIPBxJnQfrHsFIU"
05-28 05:13:59.631  2681  2889 I System.out: -> nel: {"report_to":"cf-nel","success_fraction":0.0,"max_age":604800}
05-28 05:13:59.631  2681  2889 I System.out: -> report-to: {"group":"cf-nel","max_age":604800,"endpoints":[{"url":"https://a.nel.cloudflare.com/report/v4?s=x4Wl6gSeaWELilo4BBYrwpZ%2FxthdSdgG84%2BsmjVQdHayZTQBWwUVJ9399In5Tm591qUS2eAZZrYMvWmR5LBP65RXUqptO3jbWuqHDDuhiQM7lay%2Br8KsaWqIT4bV"}]}
05-28 05:13:59.631  2681  2889 I System.out: -> server: cloudflare
05-28 05:13:59.631  2681  2889 I System.out: -> strict-transport-security: max-age=31556926
05-28 05:13:59.631  2681  2889 I System.out: -> traceparent: 00-725b152a74a155d9ffac17f89004f2f8-460d03d4aa448110-00
05-28 05:13:59.631  2681  2889 I System.out: -> transfer-encoding: chunked
05-28 05:13:59.631  2681  2889 I System.out: -> vary: Accept-Encoding,cookie,need-authorization, x-fh-requested-host, accept-encoding
05-28 05:13:59.631  2681  2889 I System.out: -> x-android-received-millis: 1779945239618
05-28 05:13:59.631  2681  2889 I System.out: -> x-android-response-source: NETWORK 200
05-28 05:13:59.631  2681  2889 I System.out: -> x-android-selected-protocol: http/1.1
05-28 05:13:59.631  2681  2889 I System.out: -> x-android-sent-millis: 1779945239604
05-28 05:13:59.631  2681  2889 I System.out: -> x-cache: HIT
05-28 05:13:59.631  2681  2889 I System.out: -> x-cache-hits: 0
05-28 05:13:59.631  2681  2889 I System.out: -> x-cloud-trace-context: 725b152a74a155d9ffac17f89004f2f8/5047694969276760336
05-28 05:13:59.631  2681  2889 I System.out: -> x-country-code: US
05-28 05:13:59.631  2681  2889 I System.out: -> x-orig-accept-language: en-US,en;q=0.9
05-28 05:13:59.631  2681  2889 I System.out: -> x-powered-by: Express
05-28 05:13:59.631  2681  2889 I System.out: -> x-served-by: cache-chi-klot8100137-CHI
05-28 05:13:59.631  2681  2889 I System.out: -> x-timer: S1765556373.142040,VS0,VE2
05-28 05:13:59.631  2681  2889 I System.out: BODY Content-Type: application/json; charset=utf-8
05-28 05:13:59.631  2681  2889 I System.out: BODY START
05-28 05:13:59.631  2681  2889 I System.out: {"count":1350,"next":"https://pokeapi.co/api/v2/pokemon?offset=20&limit=20","previous":null,"results":[{"name":"bulbasaur","url":"https://pokeapi.co/api/v2/pokemon/1/"},{"name":"ivysaur","url":"https://pokeapi.co/api/v2/pokemon/2/"},{"name":"venusaur","url":"https://pokeapi.co/api/v2/pokemon/3/"},{"name":"charmander","url":"https://pokeapi.co/api/v2/pokemon/4/"},{"name":"charmeleon","url":"https://pokeapi.co/api/v2/pokemon/5/"},{"name":"charizard","url":"https://pokeapi.co/api/v2/pokemon/6/"},{"name":"squirtle","url":"https://pokeapi.co/api/v2/pokemon/7/"},{"name":"wartortle","url":"https://pokeapi.co/api/v2/pokemon/8/"},{"name":"blastoise","url":"https://pokeapi.co/api/v2/pokemon/9/"},{"name":"caterpie","url":"https://pokeapi.co/api/v2/pokemon/10/"},{"name":"metapod","url":"https://pokeapi.co/api/v2/pokemon/11/"},{"name":"butterfree","url":"https://pokeapi.co/api/v2/pokemon/12/"},{"name":"weedle","url":"https://pokeapi.co/api/v2/pokemon/13/"},{"name":"kakuna","url":"https://pokeapi.co/api/v2/pokemon/14/"},{"name":"beedrill","url":"https://pokeapi.co/api/v2/pokemon/15/"},{"name":"pidgey","url":"https://pokeapi.co/api/v2/pokemon/16/"},{"name":"pidgeotto","url":"https://pokeapi.co/api/v2/pokemon/17/"},{"name":"pidgeot","url":"https://pokeapi.co/api/v2/pokemon/18/"},{"name":"rattata","url":"https://pokeapi.co/api/v2/pokemon/19/"},{"name":"raticate","url":"https://pokeapi.co/api/v2/pokemon/20/"}]}
05-28 05:13:59.631  2681  2889 I System.out: BODY END
05-28 05:13:59.691  2338  2338 E AccessibilityInteractionClient: 3 Disconnected nodes.
05-28 05:14:00.942   160   160 I hwservicemanager: getTransport: Cannot find entry android.hardware.graphics.mapper@4.0::IMapper/default in either framework or device manifest.
05-28 05:14:00.942  3727  3727 I Gralloc4: mapper 4.x is not supported
05-28 05:14:01.001  3731  3733 I cmd     : oneway function results will be dropped but finished with status OK and parcel size 4
05-28 05:14:01.002  1487  1924 I MediaProvider: Begin Intent { act=android.intent.action.MEDIA_SCANNER_SCAN_FILE dat=file:///sdcard/screen_2026-05-28_051401.png flg=0x1400010 cmp=com.android.providers.media.module/com.android.providers.media.MediaService }
05-28 05:14:01.000  1487  1487 W com.android.providers.media.module: type=1400 audit(0.0:184): avc: denied { read } for comm=4173796E635461736B202331 name="primary" dev="tmpfs" ino=24907 scontext=u:r:mediaprovider_app:s0:c122,c256,c512,c768 tcontext=u:object_r:mnt_pass_through_file:s0 tclass=lnk_file permissive=0 app=com.android.providers.media.module
05-28 05:14:01.225     0     0 W audit   : audit_lost=105 audit_rate_limit=5 audit_backlog_limit=64
05-28 05:14:01.234     0     0 E audit   : rate limit exceeded
05-28 05:14:01.020  1487  1924 W ModernMediaScanner: Failed to visit /sdcard/screen_2026-05-28_051401.png: java.nio.file.AccessDeniedException: /sdcard/screen_2026-05-28_051401.png
05-28 05:14:01.021  1487  1924 I MediaProvider: Scanned internal due to REASON_DEMAND, found 0 items in 18ms, 0 inserts 0 updates 0 deletes
05-28 05:14:01.022  1487  1924 I MediaProvider: End Intent { act=android.intent.action.MEDIA_SCANNER_SCAN_FILE dat=file:///sdcard/screen_2026-05-28_051401.png flg=0x1400010 cmp=com.android.providers.media.module/com.android.providers.media.MediaService }
05-28 05:14:01.000  1487  1487 W com.android.providers.media.module: type=1400 audit(0.0:185): avc: denied { read } for comm=4173796E635461736B202331 name="primary" dev="tmpfs" ino=24907 scontext=u:r:mediaprovider_app:s0:c122,c256,c512,c768 tcontext=u:object_r:mnt_pass_through_file:s0 tclass=lnk_file permissive=0 app=com.android.providers.media.module
05-28 05:14:01.052  1487  2576 I MediaProvider: Deleted 1 items on external_primary due to com.android.shell
05-28 05:14:01.000  1487  1487 W com.android.providers.media.module: type=1400 audit(0.0:188): avc: denied { read } for comm=4173796E635461736B202331 name="primary" dev="tmpfs" ino=24907 scontext=u:r:mediaprovider_app:s0:c122,c256,c512,c768 tcontext=u:object_r:mnt_pass_through_file:s0 tclass=lnk_file permissive=0 app=com.android.providers.media.module
05-28 05:14:01.080  3742  3744 I cmd     : oneway function results will be dropped but finished with status OK and parcel size 4
05-28 05:14:01.218   160   160 I hwservicemanager: getTransport: Cannot find entry android.hardware.graphics.mapper@4.0::IMapper/default in either framework or device manifest.
05-28 05:14:01.218  3764  3764 I Gralloc4: mapper 4.x is not supported
05-28 05:14:01.276  3768  3770 I cmd     : oneway function results will be dropped but finished with status OK and parcel size 4
05-28 05:14:01.277  1487  1924 I MediaProvider: Begin Intent { act=android.intent.action.MEDIA_SCANNER_SCAN_FILE dat=file:///sdcard/screen_2026-05-28_051401.png flg=0x1400010 cmp=com.android.providers.media.module/com.android.providers.media.MediaService }
05-28 05:14:01.278  1487  1924 W ModernMediaScanner: Failed to visit /sdcard/screen_2026-05-28_051401.png: java.nio.file.AccessDeniedException: /sdcard/screen_2026-05-28_051401.png
05-28 05:14:01.279  1487  1924 I MediaProvider: Scanned internal due to REASON_DEMAND, found 0 items in 1ms, 0 inserts 0 updates 0 deletes
05-28 05:14:01.280  1487  1924 I MediaProvider: End Intent { act=android.intent.action.MEDIA_SCANNER_SCAN_FILE dat=file:///sdcard/screen_2026-05-28_051401.png flg=0x1400010 cmp=com.android.providers.media.module/com.android.providers.media.MediaService }
05-28 05:14:01.303  1487  2576 I MediaProvider: Deleted 1 items on external_primary due to com.android.shell
05-28 05:14:01.331  3780  3782 I cmd     : oneway function results will be dropped but finished with status OK and parcel size 4
05-28 05:14:01.465   160   160 I hwservicemanager: getTransport: Cannot find entry android.hardware.graphics.mapper@4.0::IMapper/default in either framework or device manifest.
05-28 05:14:01.465  3802  3802 I Gralloc4: mapper 4.x is not supported
05-28 05:14:01.525  3806  3808 I cmd     : oneway function results will be dropped but finished with status OK and parcel size 4
05-28 05:14:01.525  1487  1924 I MediaProvider: Begin Intent { act=android.intent.action.MEDIA_SCANNER_SCAN_FILE dat=file:///sdcard/screen_2026-05-28_051402.png flg=0x1400010 cmp=com.android.providers.media.module/com.android.providers.media.MediaService }
05-28 05:14:01.526  1487  1924 W ModernMediaScanner: Failed to visit /sdcard/screen_2026-05-28_051402.png: java.nio.file.AccessDeniedException: /sdcard/screen_2026-05-28_051402.png
05-28 05:14:01.527  1487  1924 I MediaProvider: Scanned internal due to REASON_DEMAND, found 0 items in 1ms, 0 inserts 0 updates 0 deletes
05-28 05:14:01.530  1487  1924 I MediaProvider: End Intent { act=android.intent.action.MEDIA_SCANNER_SCAN_FILE dat=file:///sdcard/screen_2026-05-28_051402.png flg=0x1400010 cmp=com.android.providers.media.module/com.android.providers.media.MediaService }
05-28 05:14:01.549  1487  1583 I MediaProvider: Deleted 1 items on external_primary due to com.android.shell
05-28 05:14:01.576  3817  3819 I cmd     : oneway function results will be dropped but finished with status OK and parcel size 4
05-28 05:14:01.630  3832  3834 I cmd     : oneway function results will be dropped but finished with status OK and parcel size 4
05-28 05:14:01.683  3847  3849 I cmd     : oneway function results will be dropped but finished with status OK and parcel size 4
05-28 05:14:01.752  3864  3866 I cmd     : oneway function results will be dropped but finished with status OK and parcel size 4
05-28 05:14:01.838  3876  3876 E libc    : Access denied finding property "persist.device_config.runtime_native_boot.profilebootclasspath"
05-28 05:14:01.838  3876  3876 E libc    : Access denied finding property "persist.device_config.runtime_native_boot.enable_apex_image"
05-28 05:14:01.838  3876  3876 I AndroidRuntime: Using default boot image
05-28 05:14:01.838  3876  3876 E libc    : Access denied finding property "persist.device_config.runtime_native_boot.disable_lock_profiling"
05-28 05:14:01.838  3876  3876 I AndroidRuntime: Leaving lock profiling enabled
05-28 05:14:01.838  3876  3876 E libc    : Access denied finding property "persist.device_config.runtime_native_boot.enable_generational_cc"
05-28 05:14:01.839  3876  3876 I app_process: Core platform API reporting enabled, enforcing=false
05-28 05:14:01.881  3876  3876 W app_process: Unexpected CPU variant for X86 using defaults: x86_64
05-28 05:14:01.881  3876  3876 I app_process: The ClassLoaderContext is a special shared library.
05-28 05:14:01.888  3876  3876 W app_process: JNI RegisterNativeMethods: attempt to register 0 native methods for android.media.AudioAttributes
05-28 05:14:02.104  2681  2889 I System.out: 05:14:02.104 [DefaultDispatcher-worker-10] INFO io.ktor.client.HttpClient - REQUEST: https://pokeapi.co/api/v2/pokemon/bulbasaur
05-28 05:14:02.104  2681  2889 I System.out: METHOD: HttpMethod(value=GET)
05-28 05:14:02.104  2681  2889 I System.out: COMMON HEADERS
05-28 05:14:02.104  2681  2889 I System.out: -> Accept: application/json
05-28 05:14:02.104  2681  2889 I System.out: -> Accept-Charset: UTF-8
05-28 05:14:02.104  2681  2889 I System.out: -> Content-Type: application/json
05-28 05:14:02.104  2681  2889 I System.out: CONTENT HEADERS
05-28 05:14:02.105  2681  2889 I System.out: -> Content-Length: 0
05-28 05:14:02.105  2681  2889 I System.out: BODY Content-Type: null
05-28 05:14:02.105  2681  2889 I System.out: BODY START
05-28 05:14:02.105  2681  2889 I System.out: 
05-28 05:14:02.105  2681  2889 I System.out: BODY END
05-28 05:14:02.271  2681  2878 I System.out: 05:14:02.237 [DefaultDispatcher-worker-3] INFO io.ktor.client.HttpClient - RESPONSE: 200 OK
05-28 05:14:02.271  2681  2878 I System.out: METHOD: HttpMethod(value=GET)
05-28 05:14:02.271  2681  2878 I System.out: FROM: https://pokeapi.co/api/v2/pokemon/bulbasaur
05-28 05:14:02.271  2681  2878 I System.out: COMMON HEADERS
05-28 05:14:02.271  2681  2878 I System.out: -> access-control-allow-origin: *
05-28 05:14:02.271  2681  2878 I System.out: -> age: 14004
05-28 05:14:02.271  2681  2878 I System.out: -> alt-svc: h3=":443"; ma=86400
05-28 05:14:02.271  2681  2878 I System.out: -> cache-control: public, max-age=86400, s-maxage=86400
05-28 05:14:02.271  2681  2878 I System.out: -> cf-cache-status: HIT
05-28 05:14:02.271  2681  2878 I System.out: -> cf-ray: a02ac6077bf14836-IAD
05-28 05:14:02.271  2681  2878 I System.out: -> connection: keep-alive
05-28 05:14:02.271  2681  2878 I System.out: -> content-type: application/json; charset=utf-8
05-28 05:14:02.271  2681  2878 I System.out: -> date: Thu, 28 May 2026 05:14:02 GMT
05-28 05:14:02.271  2681  2878 I System.out: -> etag: W/"41ad6-DjKZLuJ1Lydzi6DxM+a0Oor5Ru0"
05-28 05:14:02.271  2681  2878 I System.out: -> function-execution-id: wr6d1ch7jsq2
05-28 05:14:02.271  2681  2878 I System.out: -> nel: {"report_to":"cf-nel","success_fraction":0.0,"max_age":604800}
05-28 05:14:02.271  2681  2878 I System.out: -> report-to: {"group":"cf-nel","max_age":604800,"endpoints":[{"url":"https://a.nel.cloudflare.com/report/v4?s=Ej2u%2Fgv9S1aOA2SrtPercutsuXpWuoAZweqYikXc%2FvVL%2BnHKPWOqdXaJnk51PUUtCngZZpQX1JaKEIUzOKmz%2F8sZmai%2Fg3eEotDJLyw%2FtgSvK%2B8rbo8hjHVg44Jb"}]}
05-28 05:14:02.271  2681  2878 I System.out: -> server: cloudflare
05-28 05:14:02.271  2681  2878 I System.out: -> strict-transport-security: max-age=31556926
05-28 05:14:02.271  2681  2878 I System.out: -> transfer-encoding: chunked
05-28 05:14:02.271  2681  2878 I System.out: -> vary: Accept-Encoding,cookie,need-authorization, x-fh-requested-host, accept-encoding
05-28 05:14:02.271  2681  2878 I System.out: -> x-android-received-millis: 1779945242123
05-28 05:14:02.271  2681  2878 I System.out: -> x-android-response-source: NETWORK 200
05-28 05:14:02.271  2681  2878 I System.out: -> x-android-selected-protocol: http/1.1
05-28 05:14:02.271  2681  2878 I System.out: -> x-android-sent-millis: 1779945242107
05-28 05:14:02.271  2681  2878 I System.out: -> x-cache: HIT
05-28 05:14:02.271  2681  2878 I System.out: -> x-cache-hits: 0
05-28 05:14:02.271  2681  2878 I System.out: -> x-cloud-trace-context: 22492c0ab99698506adf29bcff0a07d7;o=1
05-28 05:14:02.271  2681  2878 I System.out: -> x-country-code: US
05-28 05:14:02.271  2681  2878 I System.out: -> x-orig-accept-language: en-US
05-28 05:14:02.271  2681  2878 I System.out: -> x-powered-by: Express
05-28 05:14:02.271  2681  2878 I System.out: -> x-served-by: cache-lga21944-LGA
05-28 05:14:02.271  2681  2878 I System.out: -> x-timer: S1769897377.904751,VS0,VE1
05-28 05:14:02.271  2681  2878 I System.out: BODY Content-Type: application/json; charset=utf-8
05-28 05:14:02.271  2681  2878 I System.out: BODY START
05-28 05:14:02.275  2681  2878 I System.out: {"abilities":[{"ability":{"name":"overgrow","url":"https://pokeapi.co/api/v2/ability/65/"},"is_hidden":false,"slot":1},{"ability":{"name":"chlorophyll","url":"https://pokeapi.co/api/v2/ability/34/"},"is_hidden":true,"slot":3}],"base_experience":64,"cries":{"latest":"https://raw.githubusercontent.com/PokeAPI/cries/main/cries/pokemon/latest/1.ogg","legacy":"https://raw.githubusercontent.com/PokeAPI/cries/main/cries/pokemon/legacy/1.ogg"},"forms":[{"name":"bulbasaur","url":"https://pokeapi.co/api/v2/pokemon-form/1/"}],"game_indices":[{"game_index":153,"version":{"name":"red","url":"https://pokeapi.co/api/v2/version/1/"}},{"game_index":153,"version":{"name":"blue","url":"https://pokeapi.co/api/v2/version/2/"}},{"game_index":153,"version":{"name":"yellow","url":"https://pokeapi.co/api/v2/version/3/"}},{"game_index":1,"version":{"name":"gold","url":"https://pokeapi.co/api/v2/version/4/"}},{"game_index":1,"version":{"name":"silver","url":"https://pokeapi.co/api/v2/version/5/"}},{"game_index":1,"version":{"name":"crystal","url":"https://pokeapi.co/api/v2/version/6/"}},{"game_index":1,"version":{"name":"ruby","url":"https://pokeapi.co/api/v2/version/7/"}},{"game_index":1,"version":{"name":"sapphire","url":"https://pokeapi.co/api/v2/version/8/"}},{"game_index":1,"version":{"name":"emerald","url":"https://pokeapi.co/api/v2/version/9/"}},{"game_index":1,"version":{"name":"firered","url":"https://pokeapi.co/api/v2/version/10/"}},{"game_index":1,"version":{"name":"leafgreen","url":"https://pokeapi.co/api/v2/version/11/"}},{"game_index":1,"version":{"name":"diamond","url":"https://pokeapi.co/api/v2/version/12/"}},{"game_index":1,"version":{"name":"pearl","url":"https://pokeapi.co/api/v2/version/13/"}},{"game_index":1,"version":{"name":"platinum","url":"https://pokeapi.co/api/v2/version/14/"}},{"game_index":1,"version":{"name":"heartgold","url":"https://pokeapi.co/api/v2/version/15/"}},{"game_index":1,"version":{"name":"soulsilver","url":"https://pokeapi.co/api/v2/version/16/"}},{"game_index":1,"version":{"name":"black","url":"https://pokeapi.co/api/v2/version/17/"}},{"game_index":1,"version":{"name":"white","url":"https://pokeapi.co/api/v2/version/18/"}},{"game_index":1,"version":{"name":"black-2","url":"https://pokeapi.co/api/v2/version/21/"}},{"game_index":1,"version":{"name":"white-2","url":"https://pokeapi.co/api/v2/version/22/"}}],"height":7,"held_items":[],"id":1,"is_default":true,"location_area_encounters":"https://pokeapi.co/api/v2/pokemon/1/encounters","moves":[{"move":{"name":"razor-wind","url":"https://pokeapi.co/api/v2/move/13/"},"version_group_details":[{"level_learned_at":0,"move_learn_method":{"name":"egg","url":"https://pokeapi.co/api/v2/move-learn-method/2/"},"order":null,"version_group":{"name":"gold-silver","url":"https://pokeapi.co/api/v2/version-group/3/"}},{"level_learned_at":0,"move_learn_method":{"name":"egg","url":"https://pokeapi.co/api/v2/move-learn-method/2/"},"order":null,"version_group":{"name":"crystal","url":"https://pokeapi.co/api/v2/version-group/4/"}}]},{"move":{"name":"swords-dance","url":"https://pokeapi.co/api/v2/move/14/"},"version_group_details":[{"level_learned_at":0,"move_learn_method":{"name":"machine","url":"https://pokeapi.co/api/v2/move-learn-method/4/"},"order":null,"version_group":{"name":"red-blue","url":"https://pokeapi.co/api/v2/version-group/1/"}},{"level_learned_at":0,"move_learn_method":{"name":"machine","url":"https://pokeapi.co/api/v2/move-learn-method/4/"},"order":null,"version_group":{"name":"yellow","url":"https://pokeapi.co/api/v2/version-group/2/"}},{"level_learned_at":0,"move_learn_method":{"name":"tutor","url":"https://pokeapi.co/api/v2/move-learn-method/3/"},"order":null,"version_group":{"name":"emerald","url":"https://pokeapi.co/api/v2/version-group/6/"}},{"level_learned_at":0,"move_learn_method":{"name":"tutor","url":"https://pokeapi.co/api/v2/move-learn-method/3/"},"order":null,"version_group":{"name":"firered-leafgreen","url":"https://pokeapi.co/api/v2/version-group/7/"}},{"level_learned_at":0,"move_learn_method":{"name":"machin
05-28 05:14:02.275  2681  2878 I System.out: BODY END
05-28 05:14:03.630   160   160 I hwservicemanager: getTransport: Cannot find entry android.hardware.graphics.mapper@4.0::IMapper/default in either framework or device manifest.
05-28 05:14:03.630  3911  3911 I Gralloc4: mapper 4.x is not supported
05-28 05:14:03.684  3915  3917 I cmd     : oneway function results will be dropped but finished with status OK and parcel size 4
05-28 05:14:03.684  1487  1924 I MediaProvider: Begin Intent { act=android.intent.action.MEDIA_SCANNER_SCAN_FILE dat=file:///sdcard/screen_2026-05-28_051404.png flg=0x1400010 cmp=com.android.providers.media.module/com.android.providers.media.MediaService }
05-28 05:14:03.680  1487  1487 W com.android.providers.media.module: type=1400 audit(0.0:206): avc: denied { read } for comm=4173796E635461736B202331 name="primary" dev="tmpfs" ino=24907 scontext=u:r:mediaprovider_app:s0:c122,c256,c512,c768 tcontext=u:object_r:mnt_pass_through_file:s0 tclass=lnk_file permissive=0 app=com.android.providers.media.module
05-28 05:14:03.907     0     0 W audit   : audit_lost=122 audit_rate_limit=5 audit_backlog_limit=64
05-28 05:14:03.916     0     0 E audit   : rate limit exceeded
05-28 05:14:03.696  1487  1924 W ModernMediaScanner: Failed to visit /sdcard/screen_2026-05-28_051404.png: java.nio.file.AccessDeniedException: /sdcard/screen_2026-05-28_051404.png
05-28 05:14:03.696  1487  1924 I MediaProvider: Scanned internal due to REASON_DEMAND, found 0 items in 12ms, 0 inserts 0 updates 0 deletes
05-28 05:14:03.697  1487  1924 I MediaProvider: End Intent { act=android.intent.action.MEDIA_SCANNER_SCAN_FILE dat=file:///sdcard/screen_2026-05-28_051404.png flg=0x1400010 cmp=com.android.providers.media.module/com.android.providers.media.MediaService }
05-28 05:14:03.680  1487  1487 W com.android.providers.media.module: type=1400 audit(0.0:207): avc: denied { read } for comm=4173796E635461736B202331 name="primary" dev="tmpfs" ino=24907 scontext=u:r:mediaprovider_app:s0:c122,c256,c512,c768 tcontext=u:object_r:mnt_pass_through_file:s0 tclass=lnk_file permissive=0 app=com.android.providers.media.module
05-28 05:14:03.742  1487  1582 I MediaProvider: Deleted 1 items on external_primary due to com.android.shell
05-28 05:14:03.772  3926  3928 I cmd     : oneway function results will be dropped but finished with status OK and parcel size 4
05-28 05:14:03.931   160   160 I hwservicemanager: getTransport: Cannot find entry android.hardware.graphics.mapper@4.0::IMapper/default in either framework or device manifest.
05-28 05:14:03.931  3950  3950 I Gralloc4: mapper 4.x is not supported
05-28 05:14:03.988  1487  1924 I MediaProvider: Begin Intent { act=android.intent.action.MEDIA_SCANNER_SCAN_FILE dat=file:///sdcard/screen_2026-05-28_051404.png flg=0x1400010 cmp=com.android.providers.media.module/com.android.providers.media.MediaService }
05-28 05:14:03.989  1487  1924 W ModernMediaScanner: Failed to visit /sdcard/screen_2026-05-28_051404.png: java.nio.file.AccessDeniedException: /sdcard/screen_2026-05-28_051404.png
05-28 05:14:03.995  1487  1924 I MediaProvider: Scanned internal due to REASON_DEMAND, found 0 items in 6ms, 0 inserts 0 updates 0 deletes
05-28 05:14:03.995  1487  1924 I MediaProvider: End Intent { act=android.intent.action.MEDIA_SCANNER_SCAN_FILE dat=file:///sdcard/screen_2026-05-28_051404.png flg=0x1400010 cmp=com.android.providers.media.module/com.android.providers.media.MediaService }
05-28 05:14:04.015  1487  2576 I MediaProvider: Deleted 1 items on external_primary due to com.android.shell
05-28 05:14:04.043  3965  3967 I cmd     : oneway function results will be dropped but finished with status OK and parcel size 4
05-28 05:14:04.176   160   160 I hwservicemanager: getTransport: Cannot find entry android.hardware.graphics.mapper@4.0::IMapper/default in either framework or device manifest.
05-28 05:14:04.176  3987  3987 I Gralloc4: mapper 4.x is not supported
05-28 05:14:04.230  3991  3993 I cmd     : oneway function results will be dropped but finished with status OK and parcel size 4
05-28 05:14:04.231  1487  1924 I MediaProvider: Begin Intent { act=android.intent.action.MEDIA_SCANNER_SCAN_FILE dat=file:///sdcard/screen_2026-05-28_051404.png flg=0x1400010 cmp=com.android.providers.media.module/com.android.providers.media.MediaService }
05-28 05:14:04.231  1487  1924 W ModernMediaScanner: Failed to visit /sdcard/screen_2026-05-28_051404.png: java.nio.file.AccessDeniedException: /sdcard/screen_2026-05-28_051404.png
05-28 05:14:04.232  1487  1924 I MediaProvider: Scanned internal due to REASON_DEMAND, found 0 items in 1ms, 0 inserts 0 updates 0 deletes
05-28 05:14:04.233  1487  1924 I MediaProvider: End Intent { act=android.intent.action.MEDIA_SCANNER_SCAN_FILE dat=file:///sdcard/screen_2026-05-28_051404.png flg=0x1400010 cmp=com.android.providers.media.module/com.android.providers.media.MediaService }
05-28 05:14:04.257  1487  1583 I MediaProvider: Deleted 1 items on external_primary due to com.android.shell
05-28 05:14:04.286  4002  4004 I cmd     : oneway function results will be dropped but finished with status OK and parcel size 4
05-28 05:14:04.343  4017  4019 I cmd     : oneway function results will be dropped but finished with status OK and parcel size 4
05-28 05:14:04.396  4032  4034 I cmd     : oneway function results will be dropped but finished with status OK and parcel size 4
05-28 05:14:04.452  4047  4049 I cmd     : oneway function results will be dropped but finished with status OK and parcel size 4
05-28 05:14:04.538  4059  4059 E libc    : Access denied finding property "persist.device_config.runtime_native_boot.profilebootclasspath"
05-28 05:14:04.538  4059  4059 E libc    : Access denied finding property "persist.device_config.runtime_native_boot.enable_apex_image"
05-28 05:14:04.538  4059  4059 I AndroidRuntime: Using default boot image
05-28 05:14:04.538  4059  4059 E libc    : Access denied finding property "persist.device_config.runtime_native_boot.disable_lock_profiling"
05-28 05:14:04.538  4059  4059 I AndroidRuntime: Leaving lock profiling enabled
05-28 05:14:04.538  4059  4059 E libc    : Access denied finding property "persist.device_config.runtime_native_boot.enable_generational_cc"
05-28 05:14:04.539  4059  4059 I app_process: Core platform API reporting enabled, enforcing=false
05-28 05:14:04.579  4059  4059 W app_process: Unexpected CPU variant for X86 using defaults: x86_64
05-28 05:14:04.580  4059  4059 I app_process: The ClassLoaderContext is a special shared library.
05-28 05:14:04.587  4059  4059 W app_process: JNI RegisterNativeMethods: attempt to register 0 native methods for android.media.AudioAttributes
05-28 05:14:06.310   160   160 I hwservicemanager: getTransport: Cannot find entry android.hardware.graphics.mapper@4.0::IMapper/default in either framework or device manifest.
05-28 05:14:06.310  4092  4092 I Gralloc4: mapper 4.x is not supported
05-28 05:14:06.369  1487  1924 I MediaProvider: Begin Intent { act=android.intent.action.MEDIA_SCANNER_SCAN_FILE dat=file:///sdcard/screen_2026-05-28_051406.png flg=0x1400010 cmp=com.android.providers.media.module/com.android.providers.media.MediaService }
05-28 05:14:06.364  1487  1487 W com.android.providers.media.module: type=1400 audit(0.0:228): avc: denied { read } for comm=4173796E635461736B202331 name="primary" dev="tmpfs" ino=24907 scontext=u:r:mediaprovider_app:s0:c122,c256,c512,c768 tcontext=u:object_r:mnt_pass_through_file:s0 tclass=lnk_file permissive=0 app=com.android.providers.media.module
05-28 05:14:06.604     0     0 W audit   : audit_lost=139 audit_rate_limit=5 audit_backlog_limit=64
05-28 05:14:06.613     0     0 E audit   : rate limit exceeded
05-28 05:14:06.364  1487  1487 I chatty  : uid=10122(com.android.providers.media.module) identical 1 line
05-28 05:14:06.376  1487  1487 W com.android.providers.media.module: type=1400 audit(0.0:230): avc: denied { read } for comm=4173796E635461736B202331 name="primary" dev="tmpfs" ino=24907 scontext=u:r:mediaprovider_app:s0:c122,c256,c512,c768 tcontext=u:object_r:mnt_pass_through_file:s0 tclass=lnk_file permissive=0 app=com.android.providers.media.module
05-28 05:14:06.401  1487  1924 W ModernMediaScanner: Failed to visit /sdcard/screen_2026-05-28_051406.png: java.nio.file.AccessDeniedException: /sdcard/screen_2026-05-28_051406.png
05-28 05:14:06.402  1487  1924 I MediaProvider: Scanned internal due to REASON_DEMAND, found 0 items in 20ms, 0 inserts 0 updates 0 deletes
05-28 05:14:06.402  1487  1924 I MediaProvider: End Intent { act=android.intent.action.MEDIA_SCANNER_SCAN_FILE dat=file:///sdcard/screen_2026-05-28_051406.png flg=0x1400010 cmp=com.android.providers.media.module/com.android.providers.media.MediaService }
05-28 05:14:06.376  1487  1487 W com.android.providers.media.module: type=1400 audit(0.0:231): avc: denied { read } for comm=4173796E635461736B202331 name="primary" dev="tmpfs" ino=24907 scontext=u:r:mediaprovider_app:s0:c122,c256,c512,c768 tcontext=u:object_r:mnt_pass_through_file:s0 tclass=lnk_file permissive=0 app=com.android.providers.media.module
05-28 05:14:06.432  1487  1582 I MediaProvider: Deleted 1 items on external_primary due to com.android.shell
05-28 05:14:06.460  4107  4109 I cmd     : oneway function results will be dropped but finished with status OK and parcel size 4
05-28 05:14:06.598   160   160 I hwservicemanager: getTransport: Cannot find entry android.hardware.graphics.mapper@4.0::IMapper/default in either framework or device manifest.
05-28 05:14:06.599  4129  4129 I Gralloc4: mapper 4.x is not supported
05-28 05:14:06.659  4133  4135 I cmd     : oneway function results will be dropped but finished with status OK and parcel size 4
05-28 05:14:06.660  1487  1924 I MediaProvider: Begin Intent { act=android.intent.action.MEDIA_SCANNER_SCAN_FILE dat=file:///sdcard/screen_2026-05-28_051407.png flg=0x1400010 cmp=com.android.providers.media.module/com.android.providers.media.MediaService }
05-28 05:14:06.661  1487  1924 W ModernMediaScanner: Failed to visit /sdcard/screen_2026-05-28_051407.png: java.nio.file.AccessDeniedException: /sdcard/screen_2026-05-28_051407.png
05-28 05:14:06.662  1487  1924 I MediaProvider: Scanned internal due to REASON_DEMAND, found 0 items in 1ms, 0 inserts 0 updates 0 deletes
05-28 05:14:06.662  1487  1924 I MediaProvider: End Intent { act=android.intent.action.MEDIA_SCANNER_SCAN_FILE dat=file:///sdcard/screen_2026-05-28_051407.png flg=0x1400010 cmp=com.android.providers.media.module/com.android.providers.media.MediaService }
05-28 05:14:06.685  1487  2576 I MediaProvider: Deleted 1 items on external_primary due to com.android.shell
05-28 05:14:06.715  4144  4146 I cmd     : oneway function results will be dropped but finished with status OK and parcel size 4
05-28 05:14:06.845   160   160 I hwservicemanager: getTransport: Cannot find entry android.hardware.graphics.mapper@4.0::IMapper/default in either framework or device manifest.
05-28 05:14:06.845  4166  4166 I Gralloc4: mapper 4.x is not supported
05-28 05:14:06.919  4172  4174 I cmd     : oneway function results will be dropped but finished with status OK and parcel size 4
05-28 05:14:06.919  1487  1924 I MediaProvider: Begin Intent { act=android.intent.action.MEDIA_SCANNER_SCAN_FILE dat=file:///sdcard/screen_2026-05-28_051407.png flg=0x1400010 cmp=com.android.providers.media.module/com.android.providers.media.MediaService }
05-28 05:14:06.920  1487  1924 W ModernMediaScanner: Failed to visit /sdcard/screen_2026-05-28_051407.png: java.nio.file.AccessDeniedException: /sdcard/screen_2026-05-28_051407.png
05-28 05:14:06.921  1487  1924 I MediaProvider: Scanned internal due to REASON_DEMAND, found 0 items in 1ms, 0 inserts 0 updates 0 deletes
05-28 05:14:06.922  1487  1924 I MediaProvider: End Intent { act=android.intent.action.MEDIA_SCANNER_SCAN_FILE dat=file:///sdcard/screen_2026-05-28_051407.png flg=0x1400010 cmp=com.android.providers.media.module/com.android.providers.media.MediaService }
05-28 05:14:06.947  1487  1583 I MediaProvider: Deleted 1 items on external_primary due to com.android.shell
05-28 05:14:06.976  4183  4185 I cmd     : oneway function results will be dropped but finished with status OK and parcel size 4
05-28 05:14:07.030  4198  4200 I cmd     : oneway function results will be dropped but finished with status OK and parcel size 4
05-28 05:14:07.083  4213  4215 I cmd     : oneway function results will be dropped but finished with status OK and parcel size 4
05-28 05:14:07.139  4228  4230 I cmd     : oneway function results will be dropped but finished with status OK and parcel size 4
05-28 05:14:07.222  4240  4240 E libc    : Access denied finding property "persist.device_config.runtime_native_boot.profilebootclasspath"
05-28 05:14:07.222  4240  4240 E libc    : Access denied finding property "persist.device_config.runtime_native_boot.enable_apex_image"
05-28 05:14:07.222  4240  4240 I AndroidRuntime: Using default boot image
05-28 05:14:07.222  4240  4240 E libc    : Access denied finding property "persist.device_config.runtime_native_boot.disable_lock_profiling"
05-28 05:14:07.222  4240  4240 I AndroidRuntime: Leaving lock profiling enabled
05-28 05:14:07.222  4240  4240 E libc    : Access denied finding property "persist.device_config.runtime_native_boot.enable_generational_cc"
05-28 05:14:07.223  4240  4240 I app_process: Core platform API reporting enabled, enforcing=false
05-28 05:14:07.264  4240  4240 W app_process: Unexpected CPU variant for X86 using defaults: x86_64
05-28 05:14:07.265  4240  4240 I app_process: The ClassLoaderContext is a special shared library.
05-28 05:14:07.272  4240  4240 W app_process: JNI RegisterNativeMethods: attempt to register 0 native methods for android.media.AudioAttributes
05-28 05:14:07.488  2681  2879 I System.out: 05:14:07.487 [DefaultDispatcher-worker-4] INFO io.ktor.client.HttpClient - REQUEST: https://pokeapi.co/api/v2/pokemon/ivysaur
05-28 05:14:07.488  2681  2879 I System.out: METHOD: HttpMethod(value=GET)
05-28 05:14:07.488  2681  2879 I System.out: COMMON HEADERS
05-28 05:14:07.488  2681  2879 I System.out: -> Accept: application/json
