05-28 05:14:36.446  1431  1431 I Dialer  : RetryPolicy - discarding deferred status: configuration_state=4
05-28 05:14:36.447  1431  1431 I Dialer  : VvmTaskExecutor - no more tasks, stopping service if no task are added in 5000 millis
05-28 05:14:36.447  1431  1431 I Dialer  : VvmTaskReceiver - task received
05-28 05:14:36.447  1431  1431 I Dialer  : VvmTaskReceiver - TaskExecutor already running
05-28 05:14:36.447  1431  1431 I Dialer  : Task.createTask - create task:com.android.voicemail.impl.ActivationTask
05-28 05:14:36.447  1431  1431 I Dialer  : RetryPolicy - retry #1 for com.android.voicemail.impl.ActivationTask@a9953f4 queued, executing in 5000
05-28 05:14:36.447  1431  1431 I Dialer  : VvmTaskExecutor - com.android.voicemail.impl.ActivationTask@a9953f4 added
05-28 05:14:36.447  1431  1431 I Dialer  : VvmTaskExecutor - minimal wait time:4999
05-28 05:14:36.447  1431  1431 I Dialer  : VvmTaskExecutor - sleep for 4999 millis
05-28 05:14:37.399   160   160 I hwservicemanager: getTransport: Cannot find entry android.hardware.graphics.mapper@4.0::IMapper/default in either framework or device manifest.
05-28 05:14:37.400  6194  6194 I Gralloc4: mapper 4.x is not supported
05-28 05:14:37.436  6198  6200 I cmd     : oneway function results will be dropped but finished with status OK and parcel size 4
05-28 05:14:37.438  1487  1924 I MediaProvider: Begin Intent { act=android.intent.action.MEDIA_SCANNER_SCAN_FILE dat=file:///sdcard/screen_2026-05-28_051438.png flg=0x1400010 cmp=com.android.providers.media.module/com.android.providers.media.MediaService }
05-28 05:14:37.436  1487  1487 W com.android.providers.media.module: type=1400 audit(0.0:488): avc: denied { read } for comm=4173796E635461736B202331 name="primary" dev="tmpfs" ino=24907 scontext=u:r:mediaprovider_app:s0:c122,c256,c512,c768 tcontext=u:object_r:mnt_pass_through_file:s0 tclass=lnk_file permissive=0 app=com.android.providers.media.module
05-28 05:14:37.661     0     0 W audit   : audit_lost=339 audit_rate_limit=5 audit_backlog_limit=64
05-28 05:14:37.671     0     0 E audit   : rate limit exceeded
05-28 05:14:37.436  1487  1487 W com.android.providers.media.module: type=1400 audit(0.0:489): avc: denied { read } for comm=4173796E635461736B202331 name="primary" dev="tmpfs" ino=24907 scontext=u:r:mediaprovider_app:s0:c122,c256,c512,c768 tcontext=u:object_r:mnt_pass_through_file:s0 tclass=lnk_file permissive=0 app=com.android.providers.media.module
05-28 05:14:37.458  1487  1924 W ModernMediaScanner: Failed to visit /sdcard/screen_2026-05-28_051438.png: java.nio.file.AccessDeniedException: /sdcard/screen_2026-05-28_051438.png
05-28 05:14:37.458  1487  1924 I MediaProvider: Scanned internal due to REASON_DEMAND, found 0 items in 20ms, 0 inserts 0 updates 0 deletes
05-28 05:14:37.459  1487  1924 I MediaProvider: End Intent { act=android.intent.action.MEDIA_SCANNER_SCAN_FILE dat=file:///sdcard/screen_2026-05-28_051438.png flg=0x1400010 cmp=com.android.providers.media.module/com.android.providers.media.MediaService }
05-28 05:14:37.436  1487  1487 W com.android.providers.media.module: type=1400 audit(0.0:490): avc: denied { read } for comm=4173796E635461736B202331 name="primary" dev="tmpfs" ino=24907 scontext=u:r:mediaprovider_app:s0:c122,c256,c512,c768 tcontext=u:object_r:mnt_pass_through_file:s0 tclass=lnk_file permissive=0 app=com.android.providers.media.module
05-28 05:14:37.527  1487  1583 I MediaProvider: Deleted 1 items on external_primary due to com.android.shell
05-28 05:14:37.555  6209  6211 I cmd     : oneway function results will be dropped but finished with status OK and parcel size 4
05-28 05:14:37.690   160   160 I hwservicemanager: getTransport: Cannot find entry android.hardware.graphics.mapper@4.0::IMapper/default in either framework or device manifest.
05-28 05:14:37.690  6231  6231 I Gralloc4: mapper 4.x is not supported
05-28 05:14:37.726  1487  1924 I MediaProvider: Begin Intent { act=android.intent.action.MEDIA_SCANNER_SCAN_FILE dat=file:///sdcard/screen_2026-05-28_051438.png flg=0x1400010 cmp=com.android.providers.media.module/com.android.providers.media.MediaService }
05-28 05:14:37.731  1487  1924 W ModernMediaScanner: Failed to visit /sdcard/screen_2026-05-28_051438.png: java.nio.file.AccessDeniedException: /sdcard/screen_2026-05-28_051438.png
05-28 05:14:37.731  1487  1924 I MediaProvider: Scanned internal due to REASON_DEMAND, found 0 items in 5ms, 0 inserts 0 updates 0 deletes
05-28 05:14:37.732  1487  1924 I MediaProvider: End Intent { act=android.intent.action.MEDIA_SCANNER_SCAN_FILE dat=file:///sdcard/screen_2026-05-28_051438.png flg=0x1400010 cmp=com.android.providers.media.module/com.android.providers.media.MediaService }
05-28 05:14:37.751  1487  1583 I MediaProvider: Deleted 1 items on external_primary due to com.android.shell
05-28 05:14:37.779  6246  6248 I cmd     : oneway function results will be dropped but finished with status OK and parcel size 4
05-28 05:14:37.925   160   160 I hwservicemanager: getTransport: Cannot find entry android.hardware.graphics.mapper@4.0::IMapper/default in either framework or device manifest.
05-28 05:14:37.925  6268  6268 I Gralloc4: mapper 4.x is not supported
05-28 05:14:37.966  6274  6276 I cmd     : oneway function results will be dropped but finished with status OK and parcel size 4
05-28 05:14:37.967  1487  1924 I MediaProvider: Begin Intent { act=android.intent.action.MEDIA_SCANNER_SCAN_FILE dat=file:///sdcard/screen_2026-05-28_051438.png flg=0x1400010 cmp=com.android.providers.media.module/com.android.providers.media.MediaService }
05-28 05:14:37.970  1487  1924 W ModernMediaScanner: Failed to visit /sdcard/screen_2026-05-28_051438.png: java.nio.file.AccessDeniedException: /sdcard/screen_2026-05-28_051438.png
05-28 05:14:37.970  1487  1924 I MediaProvider: Scanned internal due to REASON_DEMAND, found 0 items in 2ms, 0 inserts 0 updates 0 deletes
05-28 05:14:37.971  1487  1924 I MediaProvider: End Intent { act=android.intent.action.MEDIA_SCANNER_SCAN_FILE dat=file:///sdcard/screen_2026-05-28_051438.png flg=0x1400010 cmp=com.android.providers.media.module/com.android.providers.media.MediaService }
05-28 05:14:37.992  1487  2576 I MediaProvider: Deleted 1 items on external_primary due to com.android.shell
05-28 05:14:38.022  6285  6287 I cmd     : oneway function results will be dropped but finished with status OK and parcel size 4
05-28 05:14:38.077  6300  6302 I cmd     : oneway function results will be dropped but finished with status OK and parcel size 4
05-28 05:14:38.135  6315  6317 I cmd     : oneway function results will be dropped but finished with status OK and parcel size 4
05-28 05:14:38.196  6330  6332 I cmd     : oneway function results will be dropped but finished with status OK and parcel size 4
05-28 05:14:38.286  6342  6342 E libc    : Access denied finding property "persist.device_config.runtime_native_boot.profilebootclasspath"
05-28 05:14:38.286  6342  6342 E libc    : Access denied finding property "persist.device_config.runtime_native_boot.enable_apex_image"
05-28 05:14:38.286  6342  6342 I AndroidRuntime: Using default boot image
05-28 05:14:38.286  6342  6342 E libc    : Access denied finding property "persist.device_config.runtime_native_boot.disable_lock_profiling"
05-28 05:14:38.286  6342  6342 I AndroidRuntime: Leaving lock profiling enabled
05-28 05:14:38.286  6342  6342 E libc    : Access denied finding property "persist.device_config.runtime_native_boot.enable_generational_cc"
05-28 05:14:38.288  6342  6342 I app_process: Core platform API reporting enabled, enforcing=false
05-28 05:14:38.328  6342  6342 W app_process: Unexpected CPU variant for X86 using defaults: x86_64
05-28 05:14:38.329  6342  6342 I app_process: The ClassLoaderContext is a special shared library.
05-28 05:14:38.335  6342  6342 W app_process: JNI RegisterNativeMethods: attempt to register 0 native methods for android.media.AudioAttributes
05-28 05:14:38.351  2338  2338 E AccessibilityInteractionClient: 2 Disconnected nodes.
05-28 05:14:38.591   411   411 I perfetto: probes_producer.cc:329  Producer stop (id=7)
05-28 05:14:38.592   411   411 I perfetto: ftrace_procfs.cc:183    disabled ftrace
05-28 05:14:38.593   413   413 I perfetto: ng_service_impl.cc:1948 Tracing session 7 ended, total sessions:0
05-28 05:14:38.812     0     0 W perfetto: disabled ftrace
05-28 05:14:40.074   160   160 I hwservicemanager: getTransport: Cannot find entry android.hardware.graphics.mapper@4.0::IMapper/default in either framework or device manifest.
05-28 05:14:40.074  6376  6376 I Gralloc4: mapper 4.x is not supported
05-28 05:14:40.121  1487  1924 I MediaProvider: Begin Intent { act=android.intent.action.MEDIA_SCANNER_SCAN_FILE dat=file:///sdcard/screen_2026-05-28_051440.png flg=0x1400010 cmp=com.android.providers.media.module/com.android.providers.media.MediaService }
05-28 05:14:40.125  6380  6382 I cmd     : oneway function results will be dropped but finished with status OK and parcel size 4
05-28 05:14:40.116  1487  1487 W com.android.providers.media.module: type=1400 audit(0.0:510): avc: denied { read } for comm=4173796E635461736B202331 name="primary" dev="tmpfs" ino=24907 scontext=u:r:mediaprovider_app:s0:c122,c256,c512,c768 tcontext=u:object_r:mnt_pass_through_file:s0 tclass=lnk_file permissive=0 app=com.android.providers.media.module
05-28 05:14:40.344     0     0 W audit   : audit_lost=356 audit_rate_limit=5 audit_backlog_limit=64
05-28 05:14:40.347     0     0 E audit   : rate limit exceeded
05-28 05:14:40.136  1487  1924 W ModernMediaScanner: Failed to visit /sdcard/screen_2026-05-28_051440.png: java.nio.file.AccessDeniedException: /sdcard/screen_2026-05-28_051440.png
05-28 05:14:40.137  1487  1924 I MediaProvider: Scanned internal due to REASON_DEMAND, found 0 items in 16ms, 0 inserts 0 updates 0 deletes
05-28 05:14:40.138  1487  1924 I MediaProvider: End Intent { act=android.intent.action.MEDIA_SCANNER_SCAN_FILE dat=file:///sdcard/screen_2026-05-28_051440.png flg=0x1400010 cmp=com.android.providers.media.module/com.android.providers.media.MediaService }
05-28 05:14:40.116  1487  1487 W com.android.providers.media.module: type=1400 audit(0.0:511): avc: denied { read } for comm=4173796E635461736B202331 name="primary" dev="tmpfs" ino=24907 scontext=u:r:mediaprovider_app:s0:c122,c256,c512,c768 tcontext=u:object_r:mnt_pass_through_file:s0 tclass=lnk_file permissive=0 app=com.android.providers.media.module
05-28 05:14:40.182  1487  1582 I MediaProvider: Deleted 1 items on external_primary due to com.android.shell
05-28 05:14:40.212  6391  6393 I cmd     : oneway function results will be dropped but finished with status OK and parcel size 4
05-28 05:14:40.350   160   160 I hwservicemanager: getTransport: Cannot find entry android.hardware.graphics.mapper@4.0::IMapper/default in either framework or device manifest.
05-28 05:14:40.350  6413  6413 I Gralloc4: mapper 4.x is not supported
05-28 05:14:40.396  6417  6419 I cmd     : oneway function results will be dropped but finished with status OK and parcel size 4
05-28 05:14:40.397  1487  1924 I MediaProvider: Begin Intent { act=android.intent.action.MEDIA_SCANNER_SCAN_FILE dat=file:///sdcard/screen_2026-05-28_051440.png flg=0x1400010 cmp=com.android.providers.media.module/com.android.providers.media.MediaService }
05-28 05:14:40.398  1487  1924 W ModernMediaScanner: Failed to visit /sdcard/screen_2026-05-28_051440.png: java.nio.file.AccessDeniedException: /sdcard/screen_2026-05-28_051440.png
05-28 05:14:40.399  1487  1924 I MediaProvider: Scanned internal due to REASON_DEMAND, found 0 items in 1ms, 0 inserts 0 updates 0 deletes
05-28 05:14:40.400  1487  1924 I MediaProvider: End Intent { act=android.intent.action.MEDIA_SCANNER_SCAN_FILE dat=file:///sdcard/screen_2026-05-28_051440.png flg=0x1400010 cmp=com.android.providers.media.module/com.android.providers.media.MediaService }
05-28 05:14:40.421  1487  2576 I MediaProvider: Deleted 1 items on external_primary due to com.android.shell
05-28 05:14:40.453  6428  6430 I cmd     : oneway function results will be dropped but finished with status OK and parcel size 4
05-28 05:14:40.586   160   160 I hwservicemanager: getTransport: Cannot find entry android.hardware.graphics.mapper@4.0::IMapper/default in either framework or device manifest.
05-28 05:14:40.586  6450  6450 I Gralloc4: mapper 4.x is not supported
05-28 05:14:40.631  6454  6456 I cmd     : oneway function results will be dropped but finished with status OK and parcel size 4
05-28 05:14:40.632  1487  1924 I MediaProvider: Begin Intent { act=android.intent.action.MEDIA_SCANNER_SCAN_FILE dat=file:///sdcard/screen_2026-05-28_051441.png flg=0x1400010 cmp=com.android.providers.media.module/com.android.providers.media.MediaService }
05-28 05:14:40.633  1487  1924 W ModernMediaScanner: Failed to visit /sdcard/screen_2026-05-28_051441.png: java.nio.file.AccessDeniedException: /sdcard/screen_2026-05-28_051441.png
05-28 05:14:40.634  1487  1924 I MediaProvider: Scanned internal due to REASON_DEMAND, found 0 items in 1ms, 0 inserts 0 updates 0 deletes
05-28 05:14:40.637  1487  1924 I MediaProvider: End Intent { act=android.intent.action.MEDIA_SCANNER_SCAN_FILE dat=file:///sdcard/screen_2026-05-28_051441.png flg=0x1400010 cmp=com.android.providers.media.module/com.android.providers.media.MediaService }
05-28 05:14:40.655  1487  1583 I MediaProvider: Deleted 1 items on external_primary due to com.android.shell
05-28 05:14:40.683  6465  6467 I cmd     : oneway function results will be dropped but finished with status OK and parcel size 4
05-28 05:14:40.739  6480  6482 I cmd     : oneway function results will be dropped but finished with status OK and parcel size 4
05-28 05:14:40.794  6495  6497 I cmd     : oneway function results will be dropped but finished with status OK and parcel size 4
05-28 05:14:40.849  6510  6512 I cmd     : oneway function results will be dropped but finished with status OK and parcel size 4
05-28 05:14:40.934  6522  6522 E libc    : Access denied finding property "persist.device_config.runtime_native_boot.profilebootclasspath"
05-28 05:14:40.934  6522  6522 E libc    : Access denied finding property "persist.device_config.runtime_native_boot.enable_apex_image"
05-28 05:14:40.934  6522  6522 I AndroidRuntime: Using default boot image
05-28 05:14:40.934  6522  6522 E libc    : Access denied finding property "persist.device_config.runtime_native_boot.disable_lock_profiling"
05-28 05:14:40.934  6522  6522 I AndroidRuntime: Leaving lock profiling enabled
05-28 05:14:40.934  6522  6522 E libc    : Access denied finding property "persist.device_config.runtime_native_boot.enable_generational_cc"
05-28 05:14:40.936  6522  6522 I app_process: Core platform API reporting enabled, enforcing=false
05-28 05:14:40.976  6522  6522 W app_process: Unexpected CPU variant for X86 using defaults: x86_64
05-28 05:14:40.977  6522  6522 I app_process: The ClassLoaderContext is a special shared library.
05-28 05:14:40.983  6522  6522 W app_process: JNI RegisterNativeMethods: attempt to register 0 native methods for android.media.AudioAttributes
05-28 05:14:41.106  2338  2338 E AccessibilityInteractionClient: 2 Disconnected nodes.
05-28 05:14:41.462  1431  1869 I Dialer  : VvmTaskExecutor - executing task com.android.voicemail.impl.ActivationTask@a9953f4
05-28 05:14:41.462  1431  1869 I Dialer  : PreOMigrationHandler - ComponentInfo{com.android.phone/com.android.services.telephony.TelephonyConnectionService}, ***, UserHandle{0} already migrated
05-28 05:14:41.472   513   554 I ActivityManager: Start proc 6541:android.process.acore/u0a65 for content provider {com.android.providers.contacts/com.android.providers.contacts.VoicemailContentProvider}
05-28 05:14:41.475  6541  6541 W d.process.acor: Unexpected CPU variant for X86 using defaults: x86_64
05-28 05:14:41.477   382   393 I adbd    : jdwp connection from 6541
05-28 05:14:41.484  6541  6541 I d.process.acor: The ClassLoaderContext is a special shared library.
05-28 05:14:41.495   513   558 E libprocessgroup: AddTidToCgroup failed to write '6559'; fd=63: Invalid argument
05-28 05:14:41.495   513   558 E libprocessgroup: Failed to add task into cgroup
05-28 05:14:41.495   513   558 W libprocessgroup: ExecuteForTask failed for aggregate profile: Invalid argument
05-28 05:14:41.498  6541  6541 I d.process.acor: The ClassLoaderContext is a special shared library.
05-28 05:14:41.501  6541  6541 I d.process.acor: The ClassLoaderContext is a special shared library.
05-28 05:14:41.505  6541  6541 I ContactsPerf: VoicemailContentProvider.onCreate start
05-28 05:14:41.507  6541  6541 I ContactsPerf: VoicemailContentProvider.onCreate finish
05-28 05:14:41.513  6541  6541 I ContactsDatabaseHelper: updateUseStrictPhoneNumberComparison: US
05-28 05:14:41.530  6541  6559 I VoicemailNotifier: receivers for android.intent.action.PROVIDER_CHANGED :[]
05-28 05:14:41.531  1431  1869 I Dialer  : VvmActivationTask - VVM content provider configured - vvm_type_cvvm
05-28 05:14:41.531  1431  1869 I Dialer  : OmtpVvmCarrierCfgHlpr - OmtpEvent:CONFIG_ACTIVATING
05-28 05:14:41.533  6541  6558 I VoicemailNotifier: receivers for android.intent.action.PROVIDER_CHANGED :[]
05-28 05:14:41.557  6541  6566 I ContactLocale: AddressBook Labels [[en_US]]: […, A, B, C, D, E, F, G, H, I, J, K, L, M, N, O, P, Q, R, S, T, U, V, W, X, Y, Z, Α, Β, Γ, Δ, Ε, Ζ, Η, Θ, Ι, Κ, Λ, Μ, Ν, Ξ, Ο, Π, Ρ, Σ, Τ, Υ, Φ, Χ, Ψ, Ω, …, А, Б, В, Г, Д, Ђ, Е, Є, Ж, З, И, І, Й, Ј, К, Л, Љ, М, Н, Њ, О, П, Р, С, Т, Ћ, У, Ф, Х, Ц, Ч, Џ, Ш, Щ, Ю, Я, …, א, ב, ג, ד, ה, ו, ז, ח, ט, י, כ, ל, מ, נ, ס, ע, פ, צ, ק, ר, ש, ת, …, ا, ب, ت, ث, ج, ح, خ, د, ذ, ر, ز, س, ش, ص, ض, ط, ظ, ع, غ, ف, ق, ك, ل, م, ن, ه, و, ي, …, ก, ข, ฃ, ค, ฅ, ฆ, ง, จ, ฉ, ช, ซ, ฌ, ญ, ฎ, ฏ, ฐ, ฑ, ฒ, ณ, ด, ต, ถ, ท, ธ, น, บ, ป, ผ, ฝ, พ, ฟ, ภ, ม, ย, ร, ฤ, ล, ฦ, ว, ศ, ษ, ส, ห, ฬ, อ, ฮ, …, ㄱ, ㄴ, ㄷ, ㄹ, ㅁ, ㅂ, ㅅ, ㅇ, ㅈ, ㅊ, ㅋ, ㅌ, ㅍ, ㅎ, …, あ, か, さ, た, な, は, ま, や, ら, わ, #, …]
05-28 05:14:41.574  6541  6566 I ContactDirectoryManager: deleted 0 stale rows which don't have any relevant directory
05-28 05:14:41.574  6541  6566 I ContactDirectoryManager: Discovered 0 contact directories in 1ms
05-28 05:14:42.716   160   160 I hwservicemanager: getTransport: Cannot find entry android.hardware.graphics.mapper@4.0::IMapper/default in either framework or device manifest.
05-28 05:14:42.716  6584  6584 I Gralloc4: mapper 4.x is not supported
05-28 05:14:42.753  6588  6590 I cmd     : oneway function results will be dropped but finished with status OK and parcel size 4
05-28 05:14:42.754  1487  1924 I MediaProvider: Begin Intent { act=android.intent.action.MEDIA_SCANNER_SCAN_FILE dat=file:///sdcard/screen_2026-05-28_051443.png flg=0x1400010 cmp=com.android.providers.media.module/com.android.providers.media.MediaService }
05-28 05:14:42.748  1487  1487 W com.android.providers.media.module: type=1400 audit(0.0:532): avc: denied { read } for comm=4173796E635461736B202331 name="primary" dev="tmpfs" ino=24907 scontext=u:r:mediaprovider_app:s0:c122,c256,c512,c768 tcontext=u:object_r:mnt_pass_through_file:s0 tclass=lnk_file permissive=0 app=com.android.providers.media.module
05-28 05:14:42.984     0     0 W audit   : audit_lost=373 audit_rate_limit=5 audit_backlog_limit=64
05-28 05:14:42.986     0     0 E audit   : rate limit exceeded
05-28 05:14:42.748  1487  1487 W com.android.providers.media.module: type=1400 audit(0.0:533): avc: denied { read } for comm=4173796E635461736B202331 name="primary" dev="tmpfs" ino=24907 scontext=u:r:mediaprovider_app:s0:c122,c256,c512,c768 tcontext=u:object_r:mnt_pass_through_file:s0 tclass=lnk_file permissive=0 app=com.android.providers.media.module
05-28 05:14:42.775  1487  1924 W ModernMediaScanner: Failed to visit /sdcard/screen_2026-05-28_051443.png: java.nio.file.AccessDeniedException: /sdcard/screen_2026-05-28_051443.png
05-28 05:14:42.776  1487  1924 I MediaProvider: Scanned internal due to REASON_DEMAND, found 0 items in 14ms, 0 inserts 0 updates 0 deletes
05-28 05:14:42.776  1487  1924 I MediaProvider: End Intent { act=android.intent.action.MEDIA_SCANNER_SCAN_FILE dat=file:///sdcard/screen_2026-05-28_051443.png flg=0x1400010 cmp=com.android.providers.media.module/com.android.providers.media.MediaService }
05-28 05:14:42.760  1487  1487 W com.android.providers.media.module: type=1400 audit(0.0:534): avc: denied { read } for comm=4173796E635461736B202331 name="primary" dev="tmpfs" ino=24907 scontext=u:r:mediaprovider_app:s0:c122,c256,c512,c768 tcontext=u:object_r:mnt_pass_through_file:s0 tclass=lnk_file permissive=0 app=com.android.providers.media.module
05-28 05:14:42.813  1487  1582 I MediaProvider: Deleted 1 items on external_primary due to com.android.shell
05-28 05:14:42.842  6599  6601 I cmd     : oneway function results will be dropped but finished with status OK and parcel size 4
05-28 05:14:42.977   160   160 I hwservicemanager: getTransport: Cannot find entry android.hardware.graphics.mapper@4.0::IMapper/default in either framework or device manifest.
05-28 05:14:42.977  6621  6621 I Gralloc4: mapper 4.x is not supported
05-28 05:14:43.014  1487  1924 I MediaProvider: Begin Intent { act=android.intent.action.MEDIA_SCANNER_SCAN_FILE dat=file:///sdcard/screen_2026-05-28_051443.png flg=0x1400010 cmp=com.android.providers.media.module/com.android.providers.media.MediaService }
05-28 05:14:43.015  1487  1924 W ModernMediaScanner: Failed to visit /sdcard/screen_2026-05-28_051443.png: java.nio.file.AccessDeniedException: /sdcard/screen_2026-05-28_051443.png
05-28 05:14:43.016  1487  1924 I MediaProvider: Scanned internal due to REASON_DEMAND, found 0 items in 1ms, 0 inserts 0 updates 0 deletes
05-28 05:14:43.016  1487  1924 I MediaProvider: End Intent { act=android.intent.action.MEDIA_SCANNER_SCAN_FILE dat=file:///sdcard/screen_2026-05-28_051443.png flg=0x1400010 cmp=com.android.providers.media.module/com.android.providers.media.MediaService }
05-28 05:14:43.037  1487  2576 I MediaProvider: Deleted 1 items on external_primary due to com.android.shell
05-28 05:14:43.216   160   160 I hwservicemanager: getTransport: Cannot find entry android.hardware.graphics.mapper@4.0::IMapper/default in either framework or device manifest.
05-28 05:14:43.216  6660  6660 I Gralloc4: mapper 4.x is not supported
05-28 05:14:43.255  6664  6666 I cmd     : oneway function results will be dropped but finished with status OK and parcel size 4
05-28 05:14:43.256  1487  1924 I MediaProvider: Begin Intent { act=android.intent.action.MEDIA_SCANNER_SCAN_FILE dat=file:///sdcard/screen_2026-05-28_051443.png flg=0x1400010 cmp=com.android.providers.media.module/com.android.providers.media.MediaService }
05-28 05:14:43.257  1487  1924 W ModernMediaScanner: Failed to visit /sdcard/screen_2026-05-28_051443.png: java.nio.file.AccessDeniedException: /sdcard/screen_2026-05-28_051443.png
05-28 05:14:43.258  1487  1924 I MediaProvider: Scanned internal due to REASON_DEMAND, found 0 items in 1ms, 0 inserts 0 updates 0 deletes
05-28 05:14:43.259  1487  1924 I MediaProvider: End Intent { act=android.intent.action.MEDIA_SCANNER_SCAN_FILE dat=file:///sdcard/screen_2026-05-28_051443.png flg=0x1400010 cmp=com.android.providers.media.module/com.android.providers.media.MediaService }
05-28 05:14:43.281  1487  1583 I MediaProvider: Deleted 1 items on external_primary due to com.android.shell
05-28 05:14:43.310  6675  6677 I cmd     : oneway function results will be dropped but finished with status OK and parcel size 4
05-28 05:14:43.369  6690  6692 I cmd     : oneway function results will be dropped but finished with status OK and parcel size 4
05-28 05:14:43.425  6705  6707 I cmd     : oneway function results will be dropped but finished with status OK and parcel size 4
05-28 05:14:43.481  6720  6722 I cmd     : oneway function results will be dropped but finished with status OK and parcel size 4
05-28 05:14:43.571  6732  6732 E libc    : Access denied finding property "persist.device_config.runtime_native_boot.profilebootclasspath"
05-28 05:14:43.571  6732  6732 E libc    : Access denied finding property "persist.device_config.runtime_native_boot.enable_apex_image"
05-28 05:14:43.571  6732  6732 I AndroidRuntime: Using default boot image
05-28 05:14:43.571  6732  6732 E libc    : Access denied finding property "persist.device_config.runtime_native_boot.disable_lock_profiling"
05-28 05:14:43.571  6732  6732 I AndroidRuntime: Leaving lock profiling enabled
05-28 05:14:43.571  6732  6732 E libc    : Access denied finding property "persist.device_config.runtime_native_boot.enable_generational_cc"
05-28 05:14:43.573  6732  6732 I app_process: Core platform API reporting enabled, enforcing=false
05-28 05:14:43.612  6732  6732 W app_process: Unexpected CPU variant for X86 using defaults: x86_64
05-28 05:14:43.613  6732  6732 I app_process: The ClassLoaderContext is a special shared library.
05-28 05:14:43.620  6732  6732 W app_process: JNI RegisterNativeMethods: attempt to register 0 native methods for android.media.AudioAttributes
05-28 05:14:43.636  2338  2338 E AccessibilityInteractionClient: 2 Disconnected nodes.
05-28 05:14:45.351   160   160 I hwservicemanager: getTransport: Cannot find entry android.hardware.graphics.mapper@4.0::IMapper/default in either framework or device manifest.
05-28 05:14:45.351  6766  6766 I Gralloc4: mapper 4.x is not supported
05-28 05:14:45.397  6770  6772 I cmd     : oneway function results will be dropped but finished with status OK and parcel size 4
05-28 05:14:45.398  1487  1924 I MediaProvider: Begin Intent { act=android.intent.action.MEDIA_SCANNER_SCAN_FILE dat=file:///sdcard/screen_2026-05-28_051445.png flg=0x1400010 cmp=com.android.providers.media.module/com.android.providers.media.MediaService }
05-28 05:14:45.392  1487  1487 W com.android.providers.media.module: type=1400 audit(0.0:554): avc: denied { read } for comm=4173796E635461736B202331 name="primary" dev="tmpfs" ino=24907 scontext=u:r:mediaprovider_app:s0:c122,c256,c512,c768 tcontext=u:object_r:mnt_pass_through_file:s0 tclass=lnk_file permissive=0 app=com.android.providers.media.module
05-28 05:14:45.629     0     0 W audit   : audit_lost=390 audit_rate_limit=5 audit_backlog_limit=64
05-28 05:14:45.633     0     0 E audit   : rate limit exceeded
05-28 05:14:45.404  1487  1487 W com.android.providers.media.module: type=1400 audit(0.0:555): avc: denied { read } for comm=4173796E635461736B202331 name="primary" dev="tmpfs" ino=24907 scontext=u:r:mediaprovider_app:s0:c122,c256,c512,c768 tcontext=u:object_r:mnt_pass_through_file:s0 tclass=lnk_file permissive=0 app=com.android.providers.media.module
05-28 05:14:45.419  1487  1924 W ModernMediaScanner: Failed to visit /sdcard/screen_2026-05-28_051445.png: java.nio.file.AccessDeniedException: /sdcard/screen_2026-05-28_051445.png
05-28 05:14:45.420  1487  1924 I MediaProvider: Scanned internal due to REASON_DEMAND, found 0 items in 12ms, 0 inserts 0 updates 0 deletes
05-28 05:14:45.421  1487  1924 I MediaProvider: End Intent { act=android.intent.action.MEDIA_SCANNER_SCAN_FILE dat=file:///sdcard/screen_2026-05-28_051445.png flg=0x1400010 cmp=com.android.providers.media.module/com.android.providers.media.MediaService }
05-28 05:14:45.404  1487  1487 W com.android.providers.media.module: type=1400 audit(0.0:556): avc: denied { read } for comm=4173796E635461736B202331 name="primary" dev="tmpfs" ino=24907 scontext=u:r:mediaprovider_app:s0:c122,c256,c512,c768 tcontext=u:object_r:mnt_pass_through_file:s0 tclass=lnk_file permissive=0 app=com.android.providers.media.module
05-28 05:14:45.455  1487  1582 I MediaProvider: Deleted 1 items on external_primary due to com.android.shell
05-28 05:14:45.485  6781  6783 I cmd     : oneway function results will be dropped but finished with status OK and parcel size 4
05-28 05:14:45.619   160   160 I hwservicemanager: getTransport: Cannot find entry android.hardware.graphics.mapper@4.0::IMapper/default in either framework or device manifest.
05-28 05:14:45.619  6803  6803 I Gralloc4: mapper 4.x is not supported
05-28 05:14:45.666  6807  6809 I cmd     : oneway function results will be dropped but finished with status OK and parcel size 4
05-28 05:14:45.666  1487  1924 I MediaProvider: Begin Intent { act=android.intent.action.MEDIA_SCANNER_SCAN_FILE dat=file:///sdcard/screen_2026-05-28_051446.png flg=0x1400010 cmp=com.android.providers.media.module/com.android.providers.media.MediaService }
05-28 05:14:45.668  1487  1924 W ModernMediaScanner: Failed to visit /sdcard/screen_2026-05-28_051446.png: java.nio.file.AccessDeniedException: /sdcard/screen_2026-05-28_051446.png
05-28 05:14:45.671  1487  1924 I MediaProvider: Scanned internal due to REASON_DEMAND, found 0 items in 4ms, 0 inserts 0 updates 0 deletes
05-28 05:14:45.671  1487  1924 I MediaProvider: End Intent { act=android.intent.action.MEDIA_SCANNER_SCAN_FILE dat=file:///sdcard/screen_2026-05-28_051446.png flg=0x1400010 cmp=com.android.providers.media.module/com.android.providers.media.MediaService }
05-28 05:14:45.733  1487  2576 I MediaProvider: Deleted 1 items on external_primary due to com.android.shell
05-28 05:14:45.764  6818  6820 I cmd     : oneway function results will be dropped but finished with status OK and parcel size 4
05-28 05:14:45.894   160   160 I hwservicemanager: getTransport: Cannot find entry android.hardware.graphics.mapper@4.0::IMapper/default in either framework or device manifest.
05-28 05:14:45.894  6840  6840 I Gralloc4: mapper 4.x is not supported
05-28 05:14:45.942  6844  6846 I cmd     : oneway function results will be dropped but finished with status OK and parcel size 4
05-28 05:14:45.943  1487  1924 I MediaProvider: Begin Intent { act=android.intent.action.MEDIA_SCANNER_SCAN_FILE dat=file:///sdcard/screen_2026-05-28_051446.png flg=0x1400010 cmp=com.android.providers.media.module/com.android.providers.media.MediaService }
05-28 05:14:45.945  1487  1924 W ModernMediaScanner: Failed to visit /sdcard/screen_2026-05-28_051446.png: java.nio.file.AccessDeniedException: /sdcard/screen_2026-05-28_051446.png
05-28 05:14:45.946  1487  1924 I MediaProvider: Scanned internal due to REASON_DEMAND, found 0 items in 1ms, 0 inserts 0 updates 0 deletes
05-28 05:14:45.946  1487  1924 I MediaProvider: End Intent { act=android.intent.action.MEDIA_SCANNER_SCAN_FILE dat=file:///sdcard/screen_2026-05-28_051446.png flg=0x1400010 cmp=com.android.providers.media.module/com.android.providers.media.MediaService }
05-28 05:14:45.969  1487  1583 I MediaProvider: Deleted 1 items on external_primary due to com.android.shell
05-28 05:14:45.998  6855  6857 I cmd     : oneway function results will be dropped but finished with status OK and parcel size 4
05-28 05:14:46.052  6870  6872 I cmd     : oneway function results will be dropped but finished with status OK and parcel size 4
05-28 05:14:46.107  6885  6887 I cmd     : oneway function results will be dropped but finished with status OK and parcel size 4
05-28 05:14:46.176  6902  6904 I cmd     : oneway function results will be dropped but finished with status OK and parcel size 4
05-28 05:14:46.262  6914  6914 E libc    : Access denied finding property "persist.device_config.runtime_native_boot.profilebootclasspath"
05-28 05:14:46.262  6914  6914 E libc    : Access denied finding property "persist.device_config.runtime_native_boot.enable_apex_image"
05-28 05:14:46.262  6914  6914 I AndroidRuntime: Using default boot image
05-28 05:14:46.262  6914  6914 E libc    : Access denied finding property "persist.device_config.runtime_native_boot.disable_lock_profiling"
05-28 05:14:46.262  6914  6914 I AndroidRuntime: Leaving lock profiling enabled
05-28 05:14:46.262  6914  6914 E libc    : Access denied finding property "persist.device_config.runtime_native_boot.enable_generational_cc"
05-28 05:14:46.264  6914  6914 I app_process: Core platform API reporting enabled, enforcing=false
05-28 05:14:46.303  6914  6914 W app_process: Unexpected CPU variant for X86 using defaults: x86_64
05-28 05:14:46.304  6914  6914 I app_process: The ClassLoaderContext is a special shared library.
05-28 05:14:46.310  6914  6914 W app_process: JNI RegisterNativeMethods: attempt to register 0 native methods for android.media.AudioAttributes
05-28 05:14:48.029   160   160 I hwservicemanager: getTransport: Cannot find entry android.hardware.graphics.mapper@4.0::IMapper/default in either framework or device manifest.
05-28 05:14:48.029  6945  6945 I Gralloc4: mapper 4.x is not supported
05-28 05:14:48.068  1487  1924 I MediaProvider: Begin Intent { act=android.intent.action.MEDIA_SCANNER_SCAN_FILE dat=file:///sdcard/screen_2026-05-28_051448.png flg=0x1400010 cmp=com.android.providers.media.module/com.android.providers.media.MediaService }
05-28 05:14:48.068  6949  6951 I cmd     : oneway function results will be dropped but finished with status OK and parcel size 4
05-28 05:14:48.064  1487  1487 W com.android.providers.media.module: type=1400 audit(0.0:576): avc: denied { read } for comm=4173796E635461736B202331 name="primary" dev="tmpfs" ino=24907 scontext=u:r:mediaprovider_app:s0:c122,c256,c512,c768 tcontext=u:object_r:mnt_pass_through_file:s0 tclass=lnk_file permissive=0 app=com.android.providers.media.module
05-28 05:14:48.291     0     0 W audit   : audit_lost=407 audit_rate_limit=5 audit_backlog_limit=64
05-28 05:14:48.301     0     0 E audit   : rate limit exceeded
05-28 05:14:48.064  1487  1487 W com.android.providers.media.module: type=1400 audit(0.0:577): avc: denied { read } for comm=4173796E635461736B202331 name="primary" dev="tmpfs" ino=24907 scontext=u:r:mediaprovider_app:s0:c122,c256,c512,c768 tcontext=u:object_r:mnt_pass_through_file:s0 tclass=lnk_file permissive=0 app=com.android.providers.media.module
05-28 05:14:48.089  1487  1924 W ModernMediaScanner: Failed to visit /sdcard/screen_2026-05-28_051448.png: java.nio.file.AccessDeniedException: /sdcard/screen_2026-05-28_051448.png
05-28 05:14:48.090  1487  1924 I MediaProvider: Scanned internal due to REASON_DEMAND, found 0 items in 21ms, 0 inserts 0 updates 0 deletes
05-28 05:14:48.090  1487  1924 I MediaProvider: End Intent { act=android.intent.action.MEDIA_SCANNER_SCAN_FILE dat=file:///sdcard/screen_2026-05-28_051448.png flg=0x1400010 cmp=com.android.providers.media.module/com.android.providers.media.MediaService }
05-28 05:14:48.064  1487  1487 W com.android.providers.media.module: type=1400 audit(0.0:578): avc: denied { read } for comm=4173796E635461736B202331 name="primary" dev="tmpfs" ino=24907 scontext=u:r:mediaprovider_app:s0:c122,c256,c512,c768 tcontext=u:object_r:mnt_pass_through_file:s0 tclass=lnk_file permissive=0 app=com.android.providers.media.module
05-28 05:14:48.128  1487  2576 I MediaProvider: Deleted 1 items on external_primary due to com.android.shell
05-28 05:14:48.157  6960  6962 I cmd     : oneway function results will be dropped but finished with status OK and parcel size 4
05-28 05:14:48.300   160   160 I hwservicemanager: getTransport: Cannot find entry android.hardware.graphics.mapper@4.0::IMapper/default in either framework or device manifest.
05-28 05:14:48.301  6984  6984 I Gralloc4: mapper 4.x is not supported
05-28 05:14:48.338  1487  1924 I MediaProvider: Begin Intent { act=android.intent.action.MEDIA_SCANNER_SCAN_FILE dat=file:///sdcard/screen_2026-05-28_051448.png flg=0x1400010 cmp=com.android.providers.media.module/com.android.providers.media.MediaService }
05-28 05:14:48.339  1487  1924 W ModernMediaScanner: Failed to visit /sdcard/screen_2026-05-28_051448.png: java.nio.file.AccessDeniedException: /sdcard/screen_2026-05-28_051448.png
05-28 05:14:48.340  1487  1924 I MediaProvider: Scanned internal due to REASON_DEMAND, found 0 items in 2ms, 0 inserts 0 updates 0 deletes
05-28 05:14:48.340  1487  1924 I MediaProvider: End Intent { act=android.intent.action.MEDIA_SCANNER_SCAN_FILE dat=file:///sdcard/screen_2026-05-28_051448.png flg=0x1400010 cmp=com.android.providers.media.module/com.android.providers.media.MediaService }
05-28 05:14:48.361  1487  1582 I MediaProvider: Deleted 1 items on external_primary due to com.android.shell
05-28 05:14:48.390  6999  7001 I cmd     : oneway function results will be dropped but finished with status OK and parcel size 4
05-28 05:14:48.526   160   160 I hwservicemanager: getTransport: Cannot find entry android.hardware.graphics.mapper@4.0::IMapper/default in either framework or device manifest.
05-28 05:14:48.526  7021  7021 I Gralloc4: mapper 4.x is not supported
05-28 05:14:48.562  7025  7027 I cmd     : oneway function results will be dropped but finished with status OK and parcel size 4
05-28 05:14:48.562  1487  1924 I MediaProvider: Begin Intent { act=android.intent.action.MEDIA_SCANNER_SCAN_FILE dat=file:///sdcard/screen_2026-05-28_051449.png flg=0x1400010 cmp=com.android.providers.media.module/com.android.providers.media.MediaService }
05-28 05:14:48.564  1487  1924 W ModernMediaScanner: Failed to visit /sdcard/screen_2026-05-28_051449.png: java.nio.file.AccessDeniedException: /sdcard/screen_2026-05-28_051449.png
05-28 05:14:48.564  1487  1924 I MediaProvider: Scanned internal due to REASON_DEMAND, found 0 items in 1ms, 0 inserts 0 updates 0 deletes
05-28 05:14:48.565  1487  1924 I MediaProvider: End Intent { act=android.intent.action.MEDIA_SCANNER_SCAN_FILE dat=file:///sdcard/screen_2026-05-28_051449.png flg=0x1400010 cmp=com.android.providers.media.module/com.android.providers.media.MediaService }
05-28 05:14:48.586  1487  1582 I MediaProvider: Deleted 1 items on external_primary due to com.android.shell
05-28 05:14:48.615  7036  7038 I cmd     : oneway function results will be dropped but finished with status OK and parcel size 4
05-28 05:14:48.669  7051  7053 I cmd     : oneway function results will be dropped but finished with status OK and parcel size 4
05-28 05:14:48.723  7066  7068 I cmd     : oneway function results will be dropped but finished with status OK and parcel size 4
05-28 05:14:48.779  7081  7083 I cmd     : oneway function results will be dropped but finished with status OK and parcel size 4
05-28 05:14:48.867  7093  7093 E libc    : Access denied finding property "persist.device_config.runtime_native_boot.profilebootclasspath"
05-28 05:14:48.867  7093  7093 E libc    : Access denied finding property "persist.device_config.runtime_native_boot.enable_apex_image"
05-28 05:14:48.867  7093  7093 I AndroidRuntime: Using default boot image
05-28 05:14:48.867  7093  7093 E libc    : Access denied finding property "persist.device_config.runtime_native_boot.disable_lock_profiling"
05-28 05:14:48.867  7093  7093 I AndroidRuntime: Leaving lock profiling enabled
05-28 05:14:48.867  7093  7093 E libc    : Access denied finding property "persist.device_config.runtime_native_boot.enable_generational_cc"
05-28 05:14:48.869  7093  7093 I app_process: Core platform API reporting enabled, enforcing=false
05-28 05:14:48.909  7093  7093 W app_process: Unexpected CPU variant for X86 using defaults: x86_64
05-28 05:14:48.910  7093  7093 I app_process: The ClassLoaderContext is a special shared library.
05-28 05:14:48.917  7093  7093 W app_process: JNI RegisterNativeMethods: attempt to register 0 native methods for android.media.AudioAttributes
05-28 05:14:49.033  2338  2338 E AccessibilityInteractionClient: 3 Disconnected nodes.
05-28 05:14:50.644   160   160 I hwservicemanager: getTransport: Cannot find entry android.hardware.graphics.mapper@4.0::IMapper/default in either framework or device manifest.
05-28 05:14:50.644  7128  7128 I Gralloc4: mapper 4.x is not supported
05-28 05:14:50.680  7132  7134 I cmd     : oneway function results will be dropped but finished with status OK and parcel size 4
05-28 05:14:50.681  1487  1924 I MediaProvider: Begin Intent { act=android.intent.action.MEDIA_SCANNER_SCAN_FILE dat=file:///sdcard/screen_2026-05-28_051451.png flg=0x1400010 cmp=com.android.providers.media.module/com.android.providers.media.MediaService }
05-28 05:14:50.676  1487  1487 W com.android.providers.media.module: type=1400 audit(0.0:598): avc: denied { read } for comm=4173796E635461736B202331 name="primary" dev="tmpfs" ino=24907 scontext=u:r:mediaprovider_app:s0:c122,c256,c512,c768 tcontext=u:object_r:mnt_pass_through_file:s0 tclass=lnk_file permissive=0 app=com.android.providers.media.module
05-28 05:14:50.912     0     0 W audit   : audit_lost=424 audit_rate_limit=5 audit_backlog_limit=64
05-28 05:14:50.914     0     0 E audit   : rate limit exceeded
05-28 05:14:50.688  1487  1487 W com.android.providers.media.module: type=1400 audit(0.0:599): avc: denied { read } for comm=4173796E635461736B202331 name="primary" dev="tmpfs" ino=24907 scontext=u:r:mediaprovider_app:s0:c122,c256,c512,c768 tcontext=u:object_r:mnt_pass_through_file:s0 tclass=lnk_file permissive=0 app=com.android.providers.media.module
05-28 05:14:50.703  1487  1924 W ModernMediaScanner: Failed to visit /sdcard/screen_2026-05-28_051451.png: java.nio.file.AccessDeniedException: /sdcard/screen_2026-05-28_051451.png
05-28 05:14:50.704  1487  1924 I MediaProvider: Scanned internal due to REASON_DEMAND, found 0 items in 14ms, 0 inserts 0 updates 0 deletes
05-28 05:14:50.704  1487  1924 I MediaProvider: End Intent { act=android.intent.action.MEDIA_SCANNER_SCAN_FILE dat=file:///sdcard/screen_2026-05-28_051451.png flg=0x1400010 cmp=com.android.providers.media.module/com.android.providers.media.MediaService }
05-28 05:14:50.688  1487  1487 W com.android.providers.media.module: type=1400 audit(0.0:600): avc: denied { read } for comm=4173796E635461736B202331 name="primary" dev="tmpfs" ino=24907 scontext=u:r:mediaprovider_app:s0:c122,c256,c512,c768 tcontext=u:object_r:mnt_pass_through_file:s0 tclass=lnk_file permissive=0 app=com.android.providers.media.module
05-28 05:14:50.773  1487  2576 I MediaProvider: Deleted 1 items on external_primary due to com.android.shell
05-28 05:14:50.801  7143  7145 I cmd     : oneway function results will be dropped but finished with status OK and parcel size 4
05-28 05:14:50.934   160   160 I hwservicemanager: getTransport: Cannot find entry android.hardware.graphics.mapper@4.0::IMapper/default in either framework or device manifest.
05-28 05:14:50.934  7165  7165 I Gralloc4: mapper 4.x is not supported
05-28 05:14:50.971  7169  7171 I cmd     : oneway function results will be dropped but finished with status OK and parcel size 4
05-28 05:14:50.971  1487  1924 I MediaProvider: Begin Intent { act=android.intent.action.MEDIA_SCANNER_SCAN_FILE dat=file:///sdcard/screen_2026-05-28_051451.png flg=0x1400010 cmp=com.android.providers.media.module/com.android.providers.media.MediaService }
05-28 05:14:50.973  1487  1924 W ModernMediaScanner: Failed to visit /sdcard/screen_2026-05-28_051451.png: java.nio.file.AccessDeniedException: /sdcard/screen_2026-05-28_051451.png
05-28 05:14:50.975  1487  1924 I MediaProvider: Scanned internal due to REASON_DEMAND, found 0 items in 3ms, 0 inserts 0 updates 0 deletes
05-28 05:14:50.975  1487  1924 I MediaProvider: End Intent { act=android.intent.action.MEDIA_SCANNER_SCAN_FILE dat=file:///sdcard/screen_2026-05-28_051451.png flg=0x1400010 cmp=com.android.providers.media.module/com.android.providers.media.MediaService }
05-28 05:14:51.036  1487  1583 I MediaProvider: Deleted 1 items on external_primary due to com.android.shell
05-28 05:14:51.067  7180  7182 I cmd     : oneway function results will be dropped but finished with status OK and parcel size 4
05-28 05:14:51.213   160   160 I hwservicemanager: getTransport: Cannot find entry android.hardware.graphics.mapper@4.0::IMapper/default in either framework or device manifest.
05-28 05:14:51.213  7202  7202 I Gralloc4: mapper 4.x is not supported
05-28 05:14:51.249  7206  7208 I cmd     : oneway function results will be dropped but finished with status OK and parcel size 4
05-28 05:14:51.250  1487  1924 I MediaProvider: Begin Intent { act=android.intent.action.MEDIA_SCANNER_SCAN_FILE dat=file:///sdcard/screen_2026-05-28_051451.png flg=0x1400010 cmp=com.android.providers.media.module/com.android.providers.media.MediaService }
05-28 05:14:51.252  1487  1924 W ModernMediaScanner: Failed to visit /sdcard/screen_2026-05-28_051451.png: java.nio.file.AccessDeniedException: /sdcard/screen_2026-05-28_051451.png
05-28 05:14:51.252  1487  1924 I MediaProvider: Scanned internal due to REASON_DEMAND, found 0 items in 1ms, 0 inserts 0 updates 0 deletes
05-28 05:14:51.253  1487  1924 I MediaProvider: End Intent { act=android.intent.action.MEDIA_SCANNER_SCAN_FILE dat=file:///sdcard/screen_2026-05-28_051451.png flg=0x1400010 cmp=com.android.providers.media.module/com.android.providers.media.MediaService }
05-28 05:14:51.315  1487  1582 I MediaProvider: Deleted 1 items on external_primary due to com.android.shell
05-28 05:14:51.343  7219  7221 I cmd     : oneway function results will be dropped but finished with status OK and parcel size 4
05-28 05:14:51.397  7234  7236 I cmd     : oneway function results will be dropped but finished with status OK and parcel size 4
05-28 05:14:51.458  7249  7251 I cmd     : oneway function results will be dropped but finished with status OK and parcel size 4
05-28 05:14:51.516  7264  7266 I cmd     : oneway function results will be dropped but finished with status OK and parcel size 4
05-28 05:14:51.602  7276  7276 E libc    : Access denied finding property "persist.device_config.runtime_native_boot.profilebootclasspath"
05-28 05:14:51.602  7276  7276 E libc    : Access denied finding property "persist.device_config.runtime_native_boot.enable_apex_image"
05-28 05:14:51.602  7276  7276 I AndroidRuntime: Using default boot image
05-28 05:14:51.602  7276  7276 E libc    : Access denied finding property "persist.device_config.runtime_native_boot.disable_lock_profiling"
05-28 05:14:51.602  7276  7276 I AndroidRuntime: Leaving lock profiling enabled
05-28 05:14:51.602  7276  7276 E libc    : Access denied finding property "persist.device_config.runtime_native_boot.enable_generational_cc"
05-28 05:14:51.603  7276  7276 I app_process: Core platform API reporting enabled, enforcing=false
05-28 05:14:51.644  7276  7276 W app_process: Unexpected CPU variant for X86 using defaults: x86_64
05-28 05:14:51.645  7276  7276 I app_process: The ClassLoaderContext is a special shared library.
05-28 05:14:51.652  7276  7276 W app_process: JNI RegisterNativeMethods: attempt to register 0 native methods for android.media.AudioAttributes
05-28 05:14:51.668  2338  2338 E AccessibilityInteractionClient: 3 Disconnected nodes.
05-28 05:14:53.392   160   160 I hwservicemanager: getTransport: Cannot find entry android.hardware.graphics.mapper@4.0::IMapper/default in either framework or device manifest.
05-28 05:14:53.392  7308  7308 I Gralloc4: mapper 4.x is not supported
05-28 05:14:53.439  1487  1924 I MediaProvider: Begin Intent { act=android.intent.action.MEDIA_SCANNER_SCAN_FILE dat=file:///sdcard/screen_2026-05-28_051454.png flg=0x1400010 cmp=com.android.providers.media.module/com.android.providers.media.MediaService }
05-28 05:14:53.436  1487  1487 W com.android.providers.media.module: type=1400 audit(0.0:620): avc: denied { read } for comm=4173796E635461736B202331 name="primary" dev="tmpfs" ino=24907 scontext=u:r:mediaprovider_app:s0:c122,c256,c512,c768 tcontext=u:object_r:mnt_pass_through_file:s0 tclass=lnk_file permissive=0 app=com.android.providers.media.module
05-28 05:14:53.662     0     0 W audit   : audit_lost=441 audit_rate_limit=5 audit_backlog_limit=64
05-28 05:14:53.670     0     0 E audit   : rate limit exceeded
05-28 05:14:53.436  1487  1487 W com.android.providers.media.module: type=1400 audit(0.0:621): avc: denied { read } for comm=4173796E635461736B202331 name="primary" dev="tmpfs" ino=24907 scontext=u:r:mediaprovider_app:s0:c122,c256,c512,c768 tcontext=u:object_r:mnt_pass_through_file:s0 tclass=lnk_file permissive=0 app=com.android.providers.media.module
05-28 05:14:53.457  1487  1924 W ModernMediaScanner: Failed to visit /sdcard/screen_2026-05-28_051454.png: java.nio.file.AccessDeniedException: /sdcard/screen_2026-05-28_051454.png
05-28 05:14:53.458  1487  1924 I MediaProvider: Scanned internal due to REASON_DEMAND, found 0 items in 18ms, 0 inserts 0 updates 0 deletes
05-28 05:14:53.458  1487  1924 I MediaProvider: End Intent { act=android.intent.action.MEDIA_SCANNER_SCAN_FILE dat=file:///sdcard/screen_2026-05-28_051454.png flg=0x1400010 cmp=com.android.providers.media.module/com.android.providers.media.MediaService }
05-28 05:14:53.436  1487  1487 W com.android.providers.media.module: type=1400 audit(0.0:622): avc: denied { read } for comm=4173796E635461736B202331 name="primary" dev="tmpfs" ino=24907 scontext=u:r:mediaprovider_app:s0:c122,c256,c512,c768 tcontext=u:object_r:mnt_pass_through_file:s0 tclass=lnk_file permissive=0 app=com.android.providers.media.module
05-28 05:14:53.486  1487  2576 I MediaProvider: Deleted 1 items on external_primary due to com.android.shell
05-28 05:14:53.513  7325  7327 I cmd     : oneway function results will be dropped but finished with status OK and parcel size 4
05-28 05:14:53.638   160   160 I hwservicemanager: getTransport: Cannot find entry android.hardware.graphics.mapper@4.0::IMapper/default in either framework or device manifest.
05-28 05:14:53.638  7347  7347 I Gralloc4: mapper 4.x is not supported
05-28 05:14:53.686  1487  1924 I MediaProvider: Begin Intent { act=android.intent.action.MEDIA_SCANNER_SCAN_FILE dat=file:///sdcard/screen_2026-05-28_051454.png flg=0x1400010 cmp=com.android.providers.media.module/com.android.providers.media.MediaService }
05-28 05:14:53.688  1487  1924 W ModernMediaScanner: Failed to visit /sdcard/screen_2026-05-28_051454.png: java.nio.file.AccessDeniedException: /sdcard/screen_2026-05-28_051454.png
05-28 05:14:53.689  1487  1924 I MediaProvider: Scanned internal due to REASON_DEMAND, found 0 items in 2ms, 0 inserts 0 updates 0 deletes
