05-28 05:14:53.689  1487  1924 I MediaProvider: End Intent { act=android.intent.action.MEDIA_SCANNER_SCAN_FILE dat=file:///sdcard/screen_2026-05-28_051454.png flg=0x1400010 cmp=com.android.providers.media.module/com.android.providers.media.MediaService }
05-28 05:14:53.751  1487  1583 I MediaProvider: Deleted 1 items on external_primary due to com.android.shell
05-28 05:14:53.779  7362  7364 I cmd     : oneway function results will be dropped but finished with status OK and parcel size 4
05-28 05:14:53.906   160   160 I hwservicemanager: getTransport: Cannot find entry android.hardware.graphics.mapper@4.0::IMapper/default in either framework or device manifest.
05-28 05:14:53.906  7384  7384 I Gralloc4: mapper 4.x is not supported
05-28 05:14:53.954  1487  1924 I MediaProvider: Begin Intent { act=android.intent.action.MEDIA_SCANNER_SCAN_FILE dat=file:///sdcard/screen_2026-05-28_051454.png flg=0x1400010 cmp=com.android.providers.media.module/com.android.providers.media.MediaService }
05-28 05:14:53.956  1487  1924 W ModernMediaScanner: Failed to visit /sdcard/screen_2026-05-28_051454.png: java.nio.file.AccessDeniedException: /sdcard/screen_2026-05-28_051454.png
05-28 05:14:53.957  1487  1924 I MediaProvider: Scanned internal due to REASON_DEMAND, found 0 items in 1ms, 0 inserts 0 updates 0 deletes
05-28 05:14:53.958  1487  1924 I MediaProvider: End Intent { act=android.intent.action.MEDIA_SCANNER_SCAN_FILE dat=file:///sdcard/screen_2026-05-28_051454.png flg=0x1400010 cmp=com.android.providers.media.module/com.android.providers.media.MediaService }
05-28 05:14:54.020  1487  1582 I MediaProvider: Deleted 1 items on external_primary due to com.android.shell
05-28 05:14:54.048  7399  7401 I cmd     : oneway function results will be dropped but finished with status OK and parcel size 4
05-28 05:14:54.105  7414  7416 I cmd     : oneway function results will be dropped but finished with status OK and parcel size 4
05-28 05:14:54.159  7429  7431 I cmd     : oneway function results will be dropped but finished with status OK and parcel size 4
05-28 05:14:54.213  7444  7446 I cmd     : oneway function results will be dropped but finished with status OK and parcel size 4
05-28 05:14:54.297  7456  7456 E libc    : Access denied finding property "persist.device_config.runtime_native_boot.profilebootclasspath"
05-28 05:14:54.297  7456  7456 E libc    : Access denied finding property "persist.device_config.runtime_native_boot.enable_apex_image"
05-28 05:14:54.297  7456  7456 I AndroidRuntime: Using default boot image
05-28 05:14:54.297  7456  7456 E libc    : Access denied finding property "persist.device_config.runtime_native_boot.disable_lock_profiling"
05-28 05:14:54.297  7456  7456 I AndroidRuntime: Leaving lock profiling enabled
05-28 05:14:54.297  7456  7456 E libc    : Access denied finding property "persist.device_config.runtime_native_boot.enable_generational_cc"
05-28 05:14:54.298  7456  7456 I app_process: Core platform API reporting enabled, enforcing=false
05-28 05:14:54.338  7456  7456 W app_process: Unexpected CPU variant for X86 using defaults: x86_64
05-28 05:14:54.339  7456  7456 I app_process: The ClassLoaderContext is a special shared library.
05-28 05:14:54.345  7456  7456 W app_process: JNI RegisterNativeMethods: attempt to register 0 native methods for android.media.AudioAttributes
05-28 05:14:56.377   160   160 I hwservicemanager: getTransport: Cannot find entry android.hardware.graphics.mapper@4.0::IMapper/default in either framework or device manifest.
05-28 05:14:56.377  7485  7485 I Gralloc4: mapper 4.x is not supported
05-28 05:14:56.423  7489  7491 I cmd     : oneway function results will be dropped but finished with status OK and parcel size 4
05-28 05:14:56.646     0     0 W audit   : audit_lost=458 audit_rate_limit=5 audit_backlog_limit=64
05-28 05:14:56.649     0     0 E audit   : rate limit exceeded
05-28 05:14:56.424  1487  1924 I MediaProvider: Begin Intent { act=android.intent.action.MEDIA_SCANNER_SCAN_FILE dat=file:///sdcard/screen_2026-05-28_051457.png flg=0x1400010 cmp=com.android.providers.media.module/com.android.providers.media.MediaService }
05-28 05:14:56.420  1487  1487 W com.android.providers.media.module: type=1400 audit(0.0:642): avc: denied { read } for comm=4173796E635461736B202331 name="primary" dev="tmpfs" ino=24907 scontext=u:r:mediaprovider_app:s0:c122,c256,c512,c768 tcontext=u:object_r:mnt_pass_through_file:s0 tclass=lnk_file permissive=0 app=com.android.providers.media.module
05-28 05:14:56.436  1487  1924 W ModernMediaScanner: Failed to visit /sdcard/screen_2026-05-28_051457.png: java.nio.file.AccessDeniedException: /sdcard/screen_2026-05-28_051457.png
05-28 05:14:56.437  1487  1924 I MediaProvider: Scanned internal due to REASON_DEMAND, found 0 items in 12ms, 0 inserts 0 updates 0 deletes
05-28 05:14:56.437  1487  1924 I MediaProvider: End Intent { act=android.intent.action.MEDIA_SCANNER_SCAN_FILE dat=file:///sdcard/screen_2026-05-28_051457.png flg=0x1400010 cmp=com.android.providers.media.module/com.android.providers.media.MediaService }
05-28 05:14:56.420  1487  1487 W com.android.providers.media.module: type=1400 audit(0.0:643): avc: denied { read } for comm=4173796E635461736B202331 name="primary" dev="tmpfs" ino=24907 scontext=u:r:mediaprovider_app:s0:c122,c256,c512,c768 tcontext=u:object_r:mnt_pass_through_file:s0 tclass=lnk_file permissive=0 app=com.android.providers.media.module
05-28 05:14:56.508  1487  2576 I MediaProvider: Deleted 1 items on external_primary due to com.android.shell
05-28 05:14:56.537  7502  7504 I cmd     : oneway function results will be dropped but finished with status OK and parcel size 4
05-28 05:14:56.689   160   160 I hwservicemanager: getTransport: Cannot find entry android.hardware.graphics.mapper@4.0::IMapper/default in either framework or device manifest.
05-28 05:14:56.689  7524  7524 I Gralloc4: mapper 4.x is not supported
05-28 05:14:56.736  7528  7530 I cmd     : oneway function results will be dropped but finished with status OK and parcel size 4
05-28 05:14:56.736  1487  1924 I MediaProvider: Begin Intent { act=android.intent.action.MEDIA_SCANNER_SCAN_FILE dat=file:///sdcard/screen_2026-05-28_051457.png flg=0x1400010 cmp=com.android.providers.media.module/com.android.providers.media.MediaService }
05-28 05:14:56.738  1487  1924 W ModernMediaScanner: Failed to visit /sdcard/screen_2026-05-28_051457.png: java.nio.file.AccessDeniedException: /sdcard/screen_2026-05-28_051457.png
05-28 05:14:56.738  1487  1924 I MediaProvider: Scanned internal due to REASON_DEMAND, found 0 items in 1ms, 0 inserts 0 updates 0 deletes
05-28 05:14:56.739  1487  1924 I MediaProvider: End Intent { act=android.intent.action.MEDIA_SCANNER_SCAN_FILE dat=file:///sdcard/screen_2026-05-28_051457.png flg=0x1400010 cmp=com.android.providers.media.module/com.android.providers.media.MediaService }
05-28 05:14:56.759  1487  1583 I MediaProvider: Deleted 1 items on external_primary due to com.android.shell
05-28 05:14:56.785  7539  7541 I cmd     : oneway function results will be dropped but finished with status OK and parcel size 4
05-28 05:14:56.908   160   160 I hwservicemanager: getTransport: Cannot find entry android.hardware.graphics.mapper@4.0::IMapper/default in either framework or device manifest.
05-28 05:14:56.908  7561  7561 I Gralloc4: mapper 4.x is not supported
05-28 05:14:56.954  7565  7567 I cmd     : oneway function results will be dropped but finished with status OK and parcel size 4
05-28 05:14:56.955  1487  1924 I MediaProvider: Begin Intent { act=android.intent.action.MEDIA_SCANNER_SCAN_FILE dat=file:///sdcard/screen_2026-05-28_051457.png flg=0x1400010 cmp=com.android.providers.media.module/com.android.providers.media.MediaService }
05-28 05:14:56.956  1487  1924 W ModernMediaScanner: Failed to visit /sdcard/screen_2026-05-28_051457.png: java.nio.file.AccessDeniedException: /sdcard/screen_2026-05-28_051457.png
05-28 05:14:56.956  1487  1924 I MediaProvider: Scanned internal due to REASON_DEMAND, found 0 items in 1ms, 0 inserts 0 updates 0 deletes
05-28 05:14:56.957  1487  1924 I MediaProvider: End Intent { act=android.intent.action.MEDIA_SCANNER_SCAN_FILE dat=file:///sdcard/screen_2026-05-28_051457.png flg=0x1400010 cmp=com.android.providers.media.module/com.android.providers.media.MediaService }
05-28 05:14:56.979  1487  1582 I MediaProvider: Deleted 1 items on external_primary due to com.android.shell
05-28 05:14:57.011  7576  7578 I cmd     : oneway function results will be dropped but finished with status OK and parcel size 4
05-28 05:14:57.067  7591  7593 I cmd     : oneway function results will be dropped but finished with status OK and parcel size 4
05-28 05:14:57.121  7606  7608 I cmd     : oneway function results will be dropped but finished with status OK and parcel size 4
05-28 05:14:57.174  7621  7623 I cmd     : oneway function results will be dropped but finished with status OK and parcel size 4
05-28 05:14:57.259  7633  7633 E libc    : Access denied finding property "persist.device_config.runtime_native_boot.profilebootclasspath"
05-28 05:14:57.259  7633  7633 E libc    : Access denied finding property "persist.device_config.runtime_native_boot.enable_apex_image"
05-28 05:14:57.259  7633  7633 I AndroidRuntime: Using default boot image
05-28 05:14:57.259  7633  7633 E libc    : Access denied finding property "persist.device_config.runtime_native_boot.disable_lock_profiling"
05-28 05:14:57.259  7633  7633 I AndroidRuntime: Leaving lock profiling enabled
05-28 05:14:57.259  7633  7633 E libc    : Access denied finding property "persist.device_config.runtime_native_boot.enable_generational_cc"
05-28 05:14:57.261  7633  7633 I app_process: Core platform API reporting enabled, enforcing=false
05-28 05:14:57.301  7633  7633 W app_process: Unexpected CPU variant for X86 using defaults: x86_64
05-28 05:14:57.302  7633  7633 I app_process: The ClassLoaderContext is a special shared library.
05-28 05:14:57.309  7633  7633 W app_process: JNI RegisterNativeMethods: attempt to register 0 native methods for android.media.AudioAttributes
05-28 05:14:59.324   160   160 I hwservicemanager: getTransport: Cannot find entry android.hardware.graphics.mapper@4.0::IMapper/default in either framework or device manifest.
05-28 05:14:59.324  7662  7662 I Gralloc4: mapper 4.x is not supported
05-28 05:14:59.370  1487  1924 I MediaProvider: Begin Intent { act=android.intent.action.MEDIA_SCANNER_SCAN_FILE dat=file:///sdcard/screen_2026-05-28_051459.png flg=0x1400010 cmp=com.android.providers.media.module/com.android.providers.media.MediaService }
05-28 05:14:59.364  1487  1487 W com.android.providers.media.module: type=1400 audit(0.0:664): avc: denied { read } for comm=4173796E635461736B202331 name="primary" dev="tmpfs" ino=24907 scontext=u:r:mediaprovider_app:s0:c122,c256,c512,c768 tcontext=u:object_r:mnt_pass_through_file:s0 tclass=lnk_file permissive=0 app=com.android.providers.media.module
05-28 05:14:59.593     0     0 W audit   : audit_lost=475 audit_rate_limit=5 audit_backlog_limit=64
05-28 05:14:59.601     0     0 E audit   : rate limit exceeded
05-28 05:14:59.364  1487  1487 W com.android.providers.media.module: type=1400 audit(0.0:665): avc: denied { read } for comm=4173796E635461736B202331 name="primary" dev="tmpfs" ino=24907 scontext=u:r:mediaprovider_app:s0:c122,c256,c512,c768 tcontext=u:object_r:mnt_pass_through_file:s0 tclass=lnk_file permissive=0 app=com.android.providers.media.module
05-28 05:14:59.388  1487  1924 W ModernMediaScanner: Failed to visit /sdcard/screen_2026-05-28_051459.png: java.nio.file.AccessDeniedException: /sdcard/screen_2026-05-28_051459.png
05-28 05:14:59.388  1487  1924 I MediaProvider: Scanned internal due to REASON_DEMAND, found 0 items in 17ms, 0 inserts 0 updates 0 deletes
05-28 05:14:59.389  1487  1924 I MediaProvider: End Intent { act=android.intent.action.MEDIA_SCANNER_SCAN_FILE dat=file:///sdcard/screen_2026-05-28_051459.png flg=0x1400010 cmp=com.android.providers.media.module/com.android.providers.media.MediaService }
05-28 05:14:59.368  1487  1487 W com.android.providers.media.module: type=1400 audit(0.0:666): avc: denied { read } for comm=4173796E635461736B202331 name="primary" dev="tmpfs" ino=24907 scontext=u:r:mediaprovider_app:s0:c122,c256,c512,c768 tcontext=u:object_r:mnt_pass_through_file:s0 tclass=lnk_file permissive=0 app=com.android.providers.media.module
05-28 05:14:59.412  1487  2576 I MediaProvider: Deleted 1 items on external_primary due to com.android.shell
05-28 05:14:59.439  7677  7679 I cmd     : oneway function results will be dropped but finished with status OK and parcel size 4
05-28 05:14:59.560   160   160 I hwservicemanager: getTransport: Cannot find entry android.hardware.graphics.mapper@4.0::IMapper/default in either framework or device manifest.
05-28 05:14:59.561  7699  7699 I Gralloc4: mapper 4.x is not supported
05-28 05:14:59.608  7705  7707 I cmd     : oneway function results will be dropped but finished with status OK and parcel size 4
05-28 05:14:59.608  1487  1924 I MediaProvider: Begin Intent { act=android.intent.action.MEDIA_SCANNER_SCAN_FILE dat=file:///sdcard/screen_2026-05-28_051500.png flg=0x1400010 cmp=com.android.providers.media.module/com.android.providers.media.MediaService }
05-28 05:14:59.609  1487  1924 W ModernMediaScanner: Failed to visit /sdcard/screen_2026-05-28_051500.png: java.nio.file.AccessDeniedException: /sdcard/screen_2026-05-28_051500.png
05-28 05:14:59.610  1487  1924 I MediaProvider: Scanned internal due to REASON_DEMAND, found 0 items in 1ms, 0 inserts 0 updates 0 deletes
05-28 05:14:59.611  1487  1924 I MediaProvider: End Intent { act=android.intent.action.MEDIA_SCANNER_SCAN_FILE dat=file:///sdcard/screen_2026-05-28_051500.png flg=0x1400010 cmp=com.android.providers.media.module/com.android.providers.media.MediaService }
05-28 05:14:59.632  1487  1583 I MediaProvider: Deleted 1 items on external_primary due to com.android.shell
05-28 05:14:59.660  7716  7718 I cmd     : oneway function results will be dropped but finished with status OK and parcel size 4
05-28 05:14:59.787   160   160 I hwservicemanager: getTransport: Cannot find entry android.hardware.graphics.mapper@4.0::IMapper/default in either framework or device manifest.
05-28 05:14:59.788  7738  7738 I Gralloc4: mapper 4.x is not supported
05-28 05:14:59.836  7742  7744 I cmd     : oneway function results will be dropped but finished with status OK and parcel size 4
05-28 05:14:59.837  1487  1924 I MediaProvider: Begin Intent { act=android.intent.action.MEDIA_SCANNER_SCAN_FILE dat=file:///sdcard/screen_2026-05-28_051500.png flg=0x1400010 cmp=com.android.providers.media.module/com.android.providers.media.MediaService }
05-28 05:14:59.838  1487  1924 W ModernMediaScanner: Failed to visit /sdcard/screen_2026-05-28_051500.png: java.nio.file.AccessDeniedException: /sdcard/screen_2026-05-28_051500.png
05-28 05:14:59.839  1487  1924 I MediaProvider: Scanned internal due to REASON_DEMAND, found 0 items in 1ms, 0 inserts 0 updates 0 deletes
05-28 05:14:59.840  1487  1924 I MediaProvider: End Intent { act=android.intent.action.MEDIA_SCANNER_SCAN_FILE dat=file:///sdcard/screen_2026-05-28_051500.png flg=0x1400010 cmp=com.android.providers.media.module/com.android.providers.media.MediaService }
05-28 05:14:59.901  1487  1582 I MediaProvider: Deleted 1 items on external_primary due to com.android.shell
05-28 05:14:59.930  7753  7755 I cmd     : oneway function results will be dropped but finished with status OK and parcel size 4
05-28 05:14:59.980  7768  7770 I cmd     : oneway function results will be dropped but finished with status OK and parcel size 4
05-28 05:15:00.094  7799  7801 I cmd     : oneway function results will be dropped but finished with status OK and parcel size 4
05-28 05:15:00.189  7812  7812 E libc    : Access denied finding property "persist.device_config.runtime_native_boot.profilebootclasspath"
05-28 05:15:00.189  7812  7812 E libc    : Access denied finding property "persist.device_config.runtime_native_boot.enable_apex_image"
05-28 05:15:00.189  7812  7812 I AndroidRuntime: Using default boot image
05-28 05:15:00.189  7812  7812 E libc    : Access denied finding property "persist.device_config.runtime_native_boot.disable_lock_profiling"
05-28 05:15:00.189  7812  7812 I AndroidRuntime: Leaving lock profiling enabled
05-28 05:15:00.189  7812  7812 E libc    : Access denied finding property "persist.device_config.runtime_native_boot.enable_generational_cc"
05-28 05:15:00.190  7812  7812 I app_process: Core platform API reporting enabled, enforcing=false
05-28 05:15:00.233  7812  7812 W app_process: Unexpected CPU variant for X86 using defaults: x86_64
05-28 05:15:00.234  7812  7812 I app_process: The ClassLoaderContext is a special shared library.
05-28 05:15:00.241  7812  7812 W app_process: JNI RegisterNativeMethods: attempt to register 0 native methods for android.media.AudioAttributes
05-28 05:15:02.262   160   160 I hwservicemanager: getTransport: Cannot find entry android.hardware.graphics.mapper@4.0::IMapper/default in either framework or device manifest.
05-28 05:15:02.262  7841  7841 I Gralloc4: mapper 4.x is not supported
05-28 05:15:02.309  7845  7847 I cmd     : oneway function results will be dropped but finished with status OK and parcel size 4
05-28 05:15:02.310  1487  1924 I MediaProvider: Begin Intent { act=android.intent.action.MEDIA_SCANNER_SCAN_FILE dat=file:///sdcard/screen_2026-05-28_051502.png flg=0x1400010 cmp=com.android.providers.media.module/com.android.providers.media.MediaService }
05-28 05:15:02.304  1487  1487 W com.android.providers.media.module: type=1400 audit(0.0:686): avc: denied { read } for comm=4173796E635461736B202331 name="primary" dev="tmpfs" ino=24907 scontext=u:r:mediaprovider_app:s0:c122,c256,c512,c768 tcontext=u:object_r:mnt_pass_through_file:s0 tclass=lnk_file permissive=0 app=com.android.providers.media.module
05-28 05:15:02.537     0     0 W audit   : audit_lost=492 audit_rate_limit=5 audit_backlog_limit=64
05-28 05:15:02.543     0     0 E audit   : rate limit exceeded
05-28 05:15:02.312  1487  1487 W com.android.providers.media.module: type=1400 audit(0.0:687): avc: denied { read } for comm=4173796E635461736B202331 name="primary" dev="tmpfs" ino=24907 scontext=u:r:mediaprovider_app:s0:c122,c256,c512,c768 tcontext=u:object_r:mnt_pass_through_file:s0 tclass=lnk_file permissive=0 app=com.android.providers.media.module
05-28 05:15:02.332  1487  1924 W ModernMediaScanner: Failed to visit /sdcard/screen_2026-05-28_051502.png: java.nio.file.AccessDeniedException: /sdcard/screen_2026-05-28_051502.png
05-28 05:15:02.332  1487  1924 I MediaProvider: Scanned internal due to REASON_DEMAND, found 0 items in 18ms, 0 inserts 0 updates 0 deletes
05-28 05:15:02.333  1487  1924 I MediaProvider: End Intent { act=android.intent.action.MEDIA_SCANNER_SCAN_FILE dat=file:///sdcard/screen_2026-05-28_051502.png flg=0x1400010 cmp=com.android.providers.media.module/com.android.providers.media.MediaService }
05-28 05:15:02.312  1487  1487 W com.android.providers.media.module: type=1400 audit(0.0:688): avc: denied { read } for comm=4173796E635461736B202331 name="primary" dev="tmpfs" ino=24907 scontext=u:r:mediaprovider_app:s0:c122,c256,c512,c768 tcontext=u:object_r:mnt_pass_through_file:s0 tclass=lnk_file permissive=0 app=com.android.providers.media.module
05-28 05:15:02.399  1487  2576 I MediaProvider: Deleted 1 items on external_primary due to com.android.shell
05-28 05:15:02.429  7856  7858 I cmd     : oneway function results will be dropped but finished with status OK and parcel size 4
05-28 05:15:02.567   160   160 I hwservicemanager: getTransport: Cannot find entry android.hardware.graphics.mapper@4.0::IMapper/default in either framework or device manifest.
05-28 05:15:02.567  7878  7878 I Gralloc4: mapper 4.x is not supported
05-28 05:15:02.614   513   953 I ActivityManager: Killing 2060:com.android.contacts/u0a98 (adj 985): empty #17
05-28 05:15:02.615  7882  7884 I cmd     : oneway function results will be dropped but finished with status OK and parcel size 4
05-28 05:15:02.617  1487  1924 I MediaProvider: Begin Intent { act=android.intent.action.MEDIA_SCANNER_SCAN_FILE dat=file:///sdcard/screen_2026-05-28_051503.png flg=0x1400010 cmp=com.android.providers.media.module/com.android.providers.media.MediaService }
05-28 05:15:02.618  1487  1924 W ModernMediaScanner: Failed to visit /sdcard/screen_2026-05-28_051503.png: java.nio.file.AccessDeniedException: /sdcard/screen_2026-05-28_051503.png
05-28 05:15:02.618  1487  1924 I MediaProvider: Scanned internal due to REASON_DEMAND, found 0 items in 0ms, 0 inserts 0 updates 0 deletes
05-28 05:15:02.618   279   279 I Zygote  : Process 2060 exited due to signal 9 (Killed)
05-28 05:15:02.625  1487  1924 I MediaProvider: End Intent { act=android.intent.action.MEDIA_SCANNER_SCAN_FILE dat=file:///sdcard/screen_2026-05-28_051503.png flg=0x1400010 cmp=com.android.providers.media.module/com.android.providers.media.MediaService }
05-28 05:15:02.659   513   555 I libprocessgroup: Successfully killed process cgroup uid 10098 pid 2060 in 44ms
05-28 05:15:02.683  1487  1583 I MediaProvider: Deleted 1 items on external_primary due to com.android.shell
05-28 05:15:02.713  7895  7897 I cmd     : oneway function results will be dropped but finished with status OK and parcel size 4
05-28 05:15:02.854   160   160 I hwservicemanager: getTransport: Cannot find entry android.hardware.graphics.mapper@4.0::IMapper/default in either framework or device manifest.
05-28 05:15:02.854  7917  7917 I Gralloc4: mapper 4.x is not supported
05-28 05:15:02.901  1487  1924 I MediaProvider: Begin Intent { act=android.intent.action.MEDIA_SCANNER_SCAN_FILE dat=file:///sdcard/screen_2026-05-28_051503.png flg=0x1400010 cmp=com.android.providers.media.module/com.android.providers.media.MediaService }
05-28 05:15:02.902  1487  1924 W ModernMediaScanner: Failed to visit /sdcard/screen_2026-05-28_051503.png: java.nio.file.AccessDeniedException: /sdcard/screen_2026-05-28_051503.png
05-28 05:15:02.903  1487  1924 I MediaProvider: Scanned internal due to REASON_DEMAND, found 0 items in 1ms, 0 inserts 0 updates 0 deletes
05-28 05:15:02.904  1487  1924 I MediaProvider: End Intent { act=android.intent.action.MEDIA_SCANNER_SCAN_FILE dat=file:///sdcard/screen_2026-05-28_051503.png flg=0x1400010 cmp=com.android.providers.media.module/com.android.providers.media.MediaService }
05-28 05:15:02.924  1487  1582 I MediaProvider: Deleted 1 items on external_primary due to com.android.shell
05-28 05:15:02.956  7933  7935 I cmd     : oneway function results will be dropped but finished with status OK and parcel size 4
05-28 05:15:03.022  7948  7950 I cmd     : oneway function results will be dropped but finished with status OK and parcel size 4
05-28 05:15:03.099  7963  7965 I cmd     : oneway function results will be dropped but finished with status OK and parcel size 4
05-28 05:15:03.158  7978  7980 I cmd     : oneway function results will be dropped but finished with status OK and parcel size 4
05-28 05:15:03.247  7990  7990 E libc    : Access denied finding property "persist.device_config.runtime_native_boot.profilebootclasspath"
05-28 05:15:03.247  7990  7990 E libc    : Access denied finding property "persist.device_config.runtime_native_boot.enable_apex_image"
05-28 05:15:03.247  7990  7990 I AndroidRuntime: Using default boot image
05-28 05:15:03.247  7990  7990 E libc    : Access denied finding property "persist.device_config.runtime_native_boot.disable_lock_profiling"
05-28 05:15:03.247  7990  7990 I AndroidRuntime: Leaving lock profiling enabled
05-28 05:15:03.247  7990  7990 E libc    : Access denied finding property "persist.device_config.runtime_native_boot.enable_generational_cc"
05-28 05:15:03.248  7990  7990 I app_process: Core platform API reporting enabled, enforcing=false
05-28 05:15:03.289  7990  7990 W app_process: Unexpected CPU variant for X86 using defaults: x86_64
05-28 05:15:03.290  7990  7990 I app_process: The ClassLoaderContext is a special shared library.
05-28 05:15:03.297  7990  7990 W app_process: JNI RegisterNativeMethods: attempt to register 0 native methods for android.media.AudioAttributes
05-28 05:15:05.331   160   160 I hwservicemanager: getTransport: Cannot find entry android.hardware.graphics.mapper@4.0::IMapper/default in either framework or device manifest.
05-28 05:15:05.331  8019  8019 I Gralloc4: mapper 4.x is not supported
05-28 05:15:05.381  8023  8025 I cmd     : oneway function results will be dropped but finished with status OK and parcel size 4
05-28 05:15:05.381  1487  1924 I MediaProvider: Begin Intent { act=android.intent.action.MEDIA_SCANNER_SCAN_FILE dat=file:///sdcard/screen_2026-05-28_051505.png flg=0x1400010 cmp=com.android.providers.media.module/com.android.providers.media.MediaService }
05-28 05:15:05.376  1487  1487 W com.android.providers.media.module: type=1400 audit(0.0:708): avc: denied { read } for comm=4173796E635461736B202331 name="primary" dev="tmpfs" ino=24907 scontext=u:r:mediaprovider_app:s0:c122,c256,c512,c768 tcontext=u:object_r:mnt_pass_through_file:s0 tclass=lnk_file permissive=0 app=com.android.providers.media.module
05-28 05:15:05.604     0     0 W audit   : audit_lost=509 audit_rate_limit=5 audit_backlog_limit=64
05-28 05:15:05.615     0     0 E audit   : rate limit exceeded
05-28 05:15:05.403  1487  1924 W ModernMediaScanner: Failed to visit /sdcard/screen_2026-05-28_051505.png: java.nio.file.AccessDeniedException: /sdcard/screen_2026-05-28_051505.png
05-28 05:15:05.403  1487  1924 I MediaProvider: Scanned internal due to REASON_DEMAND, found 0 items in 20ms, 0 inserts 0 updates 0 deletes
05-28 05:15:05.404  1487  1924 I MediaProvider: End Intent { act=android.intent.action.MEDIA_SCANNER_SCAN_FILE dat=file:///sdcard/screen_2026-05-28_051505.png flg=0x1400010 cmp=com.android.providers.media.module/com.android.providers.media.MediaService }
05-28 05:15:05.376  1487  1487 W com.android.providers.media.module: type=1400 audit(0.0:709): avc: denied { read } for comm=4173796E635461736B202331 name="primary" dev="tmpfs" ino=24907 scontext=u:r:mediaprovider_app:s0:c122,c256,c512,c768 tcontext=u:object_r:mnt_pass_through_file:s0 tclass=lnk_file permissive=0 app=com.android.providers.media.module
05-28 05:15:05.380  1487  1487 I chatty  : uid=10122(com.android.providers.media.module) identical 2 lines
05-28 05:15:05.380  1487  1487 W com.android.providers.media.module: type=1400 audit(0.0:712): avc: denied { read } for comm=4173796E635461736B202331 name="primary" dev="tmpfs" ino=24907 scontext=u:r:mediaprovider_app:s0:c122,c256,c512,c768 tcontext=u:object_r:mnt_pass_through_file:s0 tclass=lnk_file permissive=0 app=com.android.providers.media.module
05-28 05:15:05.487  1487  2576 I MediaProvider: Deleted 1 items on external_primary due to com.android.shell
05-28 05:15:05.514  8034  8036 I cmd     : oneway function results will be dropped but finished with status OK and parcel size 4
05-28 05:15:05.634   160   160 I hwservicemanager: getTransport: Cannot find entry android.hardware.graphics.mapper@4.0::IMapper/default in either framework or device manifest.
05-28 05:15:05.634  8056  8056 I Gralloc4: mapper 4.x is not supported
05-28 05:15:05.683  1487  1924 I MediaProvider: Begin Intent { act=android.intent.action.MEDIA_SCANNER_SCAN_FILE dat=file:///sdcard/screen_2026-05-28_051506.png flg=0x1400010 cmp=com.android.providers.media.module/com.android.providers.media.MediaService }
05-28 05:15:05.684  1487  1924 W ModernMediaScanner: Failed to visit /sdcard/screen_2026-05-28_051506.png: java.nio.file.AccessDeniedException: /sdcard/screen_2026-05-28_051506.png
05-28 05:15:05.685  1487  1924 I MediaProvider: Scanned internal due to REASON_DEMAND, found 0 items in 1ms, 0 inserts 0 updates 0 deletes
05-28 05:15:05.685  1487  1924 I MediaProvider: End Intent { act=android.intent.action.MEDIA_SCANNER_SCAN_FILE dat=file:///sdcard/screen_2026-05-28_051506.png flg=0x1400010 cmp=com.android.providers.media.module/com.android.providers.media.MediaService }
05-28 05:15:05.746  1487  1583 I MediaProvider: Deleted 1 items on external_primary due to com.android.shell
05-28 05:15:05.772  8073  8075 I cmd     : oneway function results will be dropped but finished with status OK and parcel size 4
05-28 05:15:05.896   160   160 I hwservicemanager: getTransport: Cannot find entry android.hardware.graphics.mapper@4.0::IMapper/default in either framework or device manifest.
05-28 05:15:05.896  8095  8095 I Gralloc4: mapper 4.x is not supported
05-28 05:15:05.943  8099  8101 I cmd     : oneway function results will be dropped but finished with status OK and parcel size 4
05-28 05:15:05.944  1487  1924 I MediaProvider: Begin Intent { act=android.intent.action.MEDIA_SCANNER_SCAN_FILE dat=file:///sdcard/screen_2026-05-28_051506.png flg=0x1400010 cmp=com.android.providers.media.module/com.android.providers.media.MediaService }
05-28 05:15:05.945  1487  1924 W ModernMediaScanner: Failed to visit /sdcard/screen_2026-05-28_051506.png: java.nio.file.AccessDeniedException: /sdcard/screen_2026-05-28_051506.png
05-28 05:15:05.946  1487  1924 I MediaProvider: Scanned internal due to REASON_DEMAND, found 0 items in 1ms, 0 inserts 0 updates 0 deletes
05-28 05:15:05.947  1487  1924 I MediaProvider: End Intent { act=android.intent.action.MEDIA_SCANNER_SCAN_FILE dat=file:///sdcard/screen_2026-05-28_051506.png flg=0x1400010 cmp=com.android.providers.media.module/com.android.providers.media.MediaService }
05-28 05:15:06.008  1487  1583 I MediaProvider: Deleted 1 items on external_primary due to com.android.shell
05-28 05:15:06.086  8125  8127 I cmd     : oneway function results will be dropped but finished with status OK and parcel size 4
05-28 05:15:06.139  8140  8142 I cmd     : oneway function results will be dropped but finished with status OK and parcel size 4
05-28 05:15:06.190  8155  8157 I cmd     : oneway function results will be dropped but finished with status OK and parcel size 4
05-28 05:15:06.275  8167  8167 E libc    : Access denied finding property "persist.device_config.runtime_native_boot.profilebootclasspath"
05-28 05:15:06.275  8167  8167 E libc    : Access denied finding property "persist.device_config.runtime_native_boot.enable_apex_image"
05-28 05:15:06.275  8167  8167 I AndroidRuntime: Using default boot image
05-28 05:15:06.275  8167  8167 E libc    : Access denied finding property "persist.device_config.runtime_native_boot.disable_lock_profiling"
05-28 05:15:06.275  8167  8167 I AndroidRuntime: Leaving lock profiling enabled
05-28 05:15:06.275  8167  8167 E libc    : Access denied finding property "persist.device_config.runtime_native_boot.enable_generational_cc"
05-28 05:15:06.276  8167  8167 I app_process: Core platform API reporting enabled, enforcing=false
05-28 05:15:06.317  8167  8167 W app_process: Unexpected CPU variant for X86 using defaults: x86_64
05-28 05:15:06.318  8167  8167 I app_process: The ClassLoaderContext is a special shared library.
05-28 05:15:06.325  8167  8167 W app_process: JNI RegisterNativeMethods: attempt to register 0 native methods for android.media.AudioAttributes
05-28 05:15:06.456  2338  2338 E AccessibilityInteractionClient: 3 Disconnected nodes.
