05-28 05:14:25.093  5349  5349 I Gralloc4: mapper 4.x is not supported
05-28 05:14:25.131  5353  5355 I cmd     : oneway function results will be dropped but finished with status OK and parcel size 4
05-28 05:14:25.131  1487  1924 I MediaProvider: Begin Intent { act=android.intent.action.MEDIA_SCANNER_SCAN_FILE dat=file:///sdcard/screen_2026-05-28_051425.png flg=0x1400010 cmp=com.android.providers.media.module/com.android.providers.media.MediaService }
05-28 05:14:25.128  1487  1487 W com.android.providers.media.module: type=1400 audit(0.0:382): avc: denied { read } for comm=4173796E635461736B202331 name="primary" dev="tmpfs" ino=24907 scontext=u:r:mediaprovider_app:s0:c122,c256,c512,c768 tcontext=u:object_r:mnt_pass_through_file:s0 tclass=lnk_file permissive=0 app=com.android.providers.media.module
05-28 05:14:25.155  1487  1924 W ModernMediaScanner: Failed to visit /sdcard/screen_2026-05-28_051425.png: java.nio.file.AccessDeniedException: /sdcard/screen_2026-05-28_051425.png
05-28 05:14:25.156  1487  1924 I MediaProvider: Scanned internal due to REASON_DEMAND, found 0 items in 24ms, 0 inserts 0 updates 0 deletes
05-28 05:14:25.156  1487  1924 I MediaProvider: End Intent { act=android.intent.action.MEDIA_SCANNER_SCAN_FILE dat=file:///sdcard/screen_2026-05-28_051425.png flg=0x1400010 cmp=com.android.providers.media.module/com.android.providers.media.MediaService }
05-28 05:14:25.128  1487  1487 W com.android.providers.media.module: type=1400 audit(0.0:384): avc: denied { read } for comm=4173796E635461736B202331 name="primary" dev="tmpfs" ino=24907 scontext=u:r:mediaprovider_app:s0:c122,c256,c512,c768 tcontext=u:object_r:mnt_pass_through_file:s0 tclass=lnk_file permissive=0 app=com.android.providers.media.module
05-28 05:14:25.189  1487  1582 I MediaProvider: Deleted 1 items on external_primary due to com.android.shell
05-28 05:14:25.215  5364  5366 I cmd     : oneway function results will be dropped but finished with status OK and parcel size 4
05-28 05:14:25.350   160   160 I hwservicemanager: getTransport: Cannot find entry android.hardware.graphics.mapper@4.0::IMapper/default in either framework or device manifest.
05-28 05:14:25.350  5386  5386 I Gralloc4: mapper 4.x is not supported
05-28 05:14:25.388  1487  1924 I MediaProvider: Begin Intent { act=android.intent.action.MEDIA_SCANNER_SCAN_FILE dat=file:///sdcard/screen_2026-05-28_051425.png flg=0x1400010 cmp=com.android.providers.media.module/com.android.providers.media.MediaService }
05-28 05:14:25.389  1487  1924 W ModernMediaScanner: Failed to visit /sdcard/screen_2026-05-28_051425.png: java.nio.file.AccessDeniedException: /sdcard/screen_2026-05-28_051425.png
05-28 05:14:25.389  1487  1924 I MediaProvider: Scanned internal due to REASON_DEMAND, found 0 items in 1ms, 0 inserts 0 updates 0 deletes
05-28 05:14:25.390  1487  1924 I MediaProvider: End Intent { act=android.intent.action.MEDIA_SCANNER_SCAN_FILE dat=file:///sdcard/screen_2026-05-28_051425.png flg=0x1400010 cmp=com.android.providers.media.module/com.android.providers.media.MediaService }
05-28 05:14:25.414  1487  2576 I MediaProvider: Deleted 1 items on external_primary due to com.android.shell
05-28 05:14:25.442  5401  5403 I cmd     : oneway function results will be dropped but finished with status OK and parcel size 4
05-28 05:14:25.588   160   160 I hwservicemanager: getTransport: Cannot find entry android.hardware.graphics.mapper@4.0::IMapper/default in either framework or device manifest.
05-28 05:14:25.588  5425  5425 I Gralloc4: mapper 4.x is not supported
05-28 05:14:25.629  5429  5431 I cmd     : oneway function results will be dropped but finished with status OK and parcel size 4
05-28 05:14:25.630  1487  1924 I MediaProvider: Begin Intent { act=android.intent.action.MEDIA_SCANNER_SCAN_FILE dat=file:///sdcard/screen_2026-05-28_051426.png flg=0x1400010 cmp=com.android.providers.media.module/com.android.providers.media.MediaService }
05-28 05:14:25.631  1487  1924 W ModernMediaScanner: Failed to visit /sdcard/screen_2026-05-28_051426.png: java.nio.file.AccessDeniedException: /sdcard/screen_2026-05-28_051426.png
05-28 05:14:25.631  1487  1924 I MediaProvider: Scanned internal due to REASON_DEMAND, found 0 items in 0ms, 0 inserts 0 updates 0 deletes
05-28 05:14:25.632  1487  1924 I MediaProvider: End Intent { act=android.intent.action.MEDIA_SCANNER_SCAN_FILE dat=file:///sdcard/screen_2026-05-28_051426.png flg=0x1400010 cmp=com.android.providers.media.module/com.android.providers.media.MediaService }
05-28 05:14:25.654  1487  1583 I MediaProvider: Deleted 1 items on external_primary due to com.android.shell
05-28 05:14:25.682  5440  5442 I cmd     : oneway function results will be dropped but finished with status OK and parcel size 4
05-28 05:14:25.738  5455  5457 I cmd     : oneway function results will be dropped but finished with status OK and parcel size 4
05-28 05:14:25.791  5470  5472 I cmd     : oneway function results will be dropped but finished with status OK and parcel size 4
05-28 05:14:25.843  5485  5487 I cmd     : oneway function results will be dropped but finished with status OK and parcel size 4
05-28 05:14:25.925  5497  5497 E libc    : Access denied finding property "persist.device_config.runtime_native_boot.profilebootclasspath"
05-28 05:14:25.925  5497  5497 E libc    : Access denied finding property "persist.device_config.runtime_native_boot.enable_apex_image"
05-28 05:14:25.925  5497  5497 I AndroidRuntime: Using default boot image
05-28 05:14:25.925  5497  5497 E libc    : Access denied finding property "persist.device_config.runtime_native_boot.disable_lock_profiling"
05-28 05:14:25.925  5497  5497 I AndroidRuntime: Leaving lock profiling enabled
05-28 05:14:25.925  5497  5497 E libc    : Access denied finding property "persist.device_config.runtime_native_boot.enable_generational_cc"
05-28 05:14:25.927  5497  5497 I app_process: Core platform API reporting enabled, enforcing=false
05-28 05:14:25.968  5497  5497 W app_process: Unexpected CPU variant for X86 using defaults: x86_64
05-28 05:14:25.970  5497  5497 I app_process: The ClassLoaderContext is a special shared library.
05-28 05:14:25.976  5497  5497 W app_process: JNI RegisterNativeMethods: attempt to register 0 native methods for android.media.AudioAttributes
05-28 05:14:27.689   160   160 I hwservicemanager: getTransport: Cannot find entry android.hardware.graphics.mapper@4.0::IMapper/default in either framework or device manifest.
05-28 05:14:27.689  5526  5526 I Gralloc4: mapper 4.x is not supported
05-28 05:14:27.726  5530  5532 I cmd     : oneway function results will be dropped but finished with status OK and parcel size 4
05-28 05:14:27.727  1487  1924 I MediaProvider: Begin Intent { act=android.intent.action.MEDIA_SCANNER_SCAN_FILE dat=file:///sdcard/screen_2026-05-28_051428.png flg=0x1400010 cmp=com.android.providers.media.module/com.android.providers.media.MediaService }
05-28 05:14:27.724  1487  1487 W com.android.providers.media.module: type=1400 audit(0.0:404): avc: denied { read } for comm=4173796E635461736B202331 name="primary" dev="tmpfs" ino=24907 scontext=u:r:mediaprovider_app:s0:c122,c256,c512,c768 tcontext=u:object_r:mnt_pass_through_file:s0 tclass=lnk_file permissive=0 app=com.android.providers.media.module
05-28 05:14:27.950     0     0 W audit   : audit_lost=275 audit_rate_limit=5 audit_backlog_limit=64
05-28 05:14:27.960     0     0 E audit   : rate limit exceeded
05-28 05:14:27.724  1487  1487 W com.android.providers.media.module: type=1400 audit(0.0:405): avc: denied { read } for comm=4173796E635461736B202331 name="primary" dev="tmpfs" ino=24907 scontext=u:r:mediaprovider_app:s0:c122,c256,c512,c768 tcontext=u:object_r:mnt_pass_through_file:s0 tclass=lnk_file permissive=0 app=com.android.providers.media.module
05-28 05:14:27.747  1487  1924 W ModernMediaScanner: Failed to visit /sdcard/screen_2026-05-28_051428.png: java.nio.file.AccessDeniedException: /sdcard/screen_2026-05-28_051428.png
05-28 05:14:27.748  1487  1924 I MediaProvider: Scanned internal due to REASON_DEMAND, found 0 items in 20ms, 0 inserts 0 updates 0 deletes
05-28 05:14:27.748  1487  1924 I MediaProvider: End Intent { act=android.intent.action.MEDIA_SCANNER_SCAN_FILE dat=file:///sdcard/screen_2026-05-28_051428.png flg=0x1400010 cmp=com.android.providers.media.module/com.android.providers.media.MediaService }
05-28 05:14:27.724  1487  1487 W com.android.providers.media.module: type=1400 audit(0.0:406): avc: denied { read } for comm=4173796E635461736B202331 name="primary" dev="tmpfs" ino=24907 scontext=u:r:mediaprovider_app:s0:c122,c256,c512,c768 tcontext=u:object_r:mnt_pass_through_file:s0 tclass=lnk_file permissive=0 app=com.android.providers.media.module
05-28 05:14:27.817  1487  1582 I MediaProvider: Deleted 1 items on external_primary due to com.android.shell
05-28 05:14:27.844  5541  5543 I cmd     : oneway function results will be dropped but finished with status OK and parcel size 4
05-28 05:14:27.971   160   160 I hwservicemanager: getTransport: Cannot find entry android.hardware.graphics.mapper@4.0::IMapper/default in either framework or device manifest.
05-28 05:14:27.972  5563  5563 I Gralloc4: mapper 4.x is not supported
05-28 05:14:28.009  5567  5569 I cmd     : oneway function results will be dropped but finished with status OK and parcel size 4
05-28 05:14:28.009  1487  1924 I MediaProvider: Begin Intent { act=android.intent.action.MEDIA_SCANNER_SCAN_FILE dat=file:///sdcard/screen_2026-05-28_051428.png flg=0x1400010 cmp=com.android.providers.media.module/com.android.providers.media.MediaService }
05-28 05:14:28.010  1487  1924 W ModernMediaScanner: Failed to visit /sdcard/screen_2026-05-28_051428.png: java.nio.file.AccessDeniedException: /sdcard/screen_2026-05-28_051428.png
05-28 05:14:28.011  1487  1924 I MediaProvider: Scanned internal due to REASON_DEMAND, found 0 items in 1ms, 0 inserts 0 updates 0 deletes
05-28 05:14:28.011  1487  1924 I MediaProvider: End Intent { act=android.intent.action.MEDIA_SCANNER_SCAN_FILE dat=file:///sdcard/screen_2026-05-28_051428.png flg=0x1400010 cmp=com.android.providers.media.module/com.android.providers.media.MediaService }
05-28 05:14:28.032  1487  2576 I MediaProvider: Deleted 1 items on external_primary due to com.android.shell
05-28 05:14:28.058  5578  5580 I cmd     : oneway function results will be dropped but finished with status OK and parcel size 4
05-28 05:14:28.184   160   160 I hwservicemanager: getTransport: Cannot find entry android.hardware.graphics.mapper@4.0::IMapper/default in either framework or device manifest.
05-28 05:14:28.185  5600  5600 I Gralloc4: mapper 4.x is not supported
05-28 05:14:28.223  1487  1924 I MediaProvider: Begin Intent { act=android.intent.action.MEDIA_SCANNER_SCAN_FILE dat=file:///sdcard/screen_2026-05-28_051428.png flg=0x1400010 cmp=com.android.providers.media.module/com.android.providers.media.MediaService }
05-28 05:14:28.225  1487  1924 W ModernMediaScanner: Failed to visit /sdcard/screen_2026-05-28_051428.png: java.nio.file.AccessDeniedException: /sdcard/screen_2026-05-28_051428.png
05-28 05:14:28.227  1487  1924 I MediaProvider: Scanned internal due to REASON_DEMAND, found 0 items in 3ms, 0 inserts 0 updates 0 deletes
05-28 05:14:28.228  1487  1924 I MediaProvider: End Intent { act=android.intent.action.MEDIA_SCANNER_SCAN_FILE dat=file:///sdcard/screen_2026-05-28_051428.png flg=0x1400010 cmp=com.android.providers.media.module/com.android.providers.media.MediaService }
05-28 05:14:28.247  1487  2576 I MediaProvider: Deleted 1 items on external_primary due to com.android.shell
05-28 05:14:28.273  5615  5617 I cmd     : oneway function results will be dropped but finished with status OK and parcel size 4
05-28 05:14:28.326  5630  5632 I cmd     : oneway function results will be dropped but finished with status OK and parcel size 4
05-28 05:14:28.377  5645  5647 I cmd     : oneway function results will be dropped but finished with status OK and parcel size 4
05-28 05:14:28.427  5660  5662 I cmd     : oneway function results will be dropped but finished with status OK and parcel size 4
05-28 05:14:28.515  5672  5672 E libc    : Access denied finding property "persist.device_config.runtime_native_boot.profilebootclasspath"
05-28 05:14:28.515  5672  5672 E libc    : Access denied finding property "persist.device_config.runtime_native_boot.enable_apex_image"
05-28 05:14:28.515  5672  5672 I AndroidRuntime: Using default boot image
05-28 05:14:28.515  5672  5672 E libc    : Access denied finding property "persist.device_config.runtime_native_boot.disable_lock_profiling"
05-28 05:14:28.515  5672  5672 I AndroidRuntime: Leaving lock profiling enabled
05-28 05:14:28.515  5672  5672 E libc    : Access denied finding property "persist.device_config.runtime_native_boot.enable_generational_cc"
05-28 05:14:28.517  5672  5672 I app_process: Core platform API reporting enabled, enforcing=false
05-28 05:14:28.559  5672  5672 W app_process: Unexpected CPU variant for X86 using defaults: x86_64
05-28 05:14:28.559  5672  5672 I app_process: The ClassLoaderContext is a special shared library.
05-28 05:14:28.568  5672  5672 W app_process: JNI RegisterNativeMethods: attempt to register 0 native methods for android.media.AudioAttributes
05-28 05:14:29.950   513  5689 I system_server: The ClassLoaderContext is a special shared library.
05-28 05:14:29.963   513  5689 I chatty  : uid=1000(system) BackgroundDexOp identical 18 lines
05-28 05:14:29.963   513  5689 I system_server: The ClassLoaderContext is a special shared library.
05-28 05:14:30.005  5690  5690 W dex2oat32: Unexpected CPU variant for X86 using defaults: x86_64
05-28 05:14:30.006  5690  5690 I dex2oat32: /apex/com.android.art/bin/dex2oat32 --input-vdex-fd=-1 --output-vdex-fd=9 --updatable-bcp-packages-file=/system/etc/updatable-bcp-packages.txt --resolve-startup-const-strings=true --max-image-block-size=524288 --compiler-filter=verify --classpath-dir=/apex/com.android.os.statsd/javalib --class-loader-context=PCL[];PCL[/system/framework/com.android.location.provider.jar:/system/framework/services.jar:/system/framework/ethernet-service.jar:/apex/com.android.permission/javalib/service-permission.jar:/apex/com.android.wifi/javalib/service-wifi.jar:/apex/com.android.ipsec/javalib/android.net.ipsec.ike.jar] --generate-mini-debug-info --compact-dex-level=none --compilation-reason=boot
05-28 05:14:30.009  5690  5690 I dex2oat32: setting boot class path to /apex/com.android.art/javalib/core-oj.jar:/apex/com.android.art/javalib/core-libart.jar:/apex/com.android.art/javalib/core-icu4j.jar:/apex/com.android.art/javalib/okhttp.jar:/apex/com.android.art/javalib/bouncycastle.jar:/apex/com.android.art/javalib/apache-xml.jar:/system/framework/framework.jar:/system/framework/ext.jar:/system/framework/telephony-common.jar:/system/framework/voip-common.jar:/system/framework/ims-common.jar:/system/framework/framework-atb-backward-compatibility.jar
05-28 05:14:30.039  5690  5690 I dex2oat32: dex2oat took 36.296ms (30.737ms cpu) (threads: 2) arena alloc=0B (0B) java alloc=33KB (34600B) native alloc=1006KB (1030192B) free=1504KB (1540800B)
05-28 05:14:30.044   513  5689 I system_server: The ClassLoaderContext is a special shared library.
05-28 05:14:30.082   513  5689 I chatty  : uid=1000(system) BackgroundDexOp identical 43 lines
05-28 05:14:30.083   513  5689 I system_server: The ClassLoaderContext is a special shared library.
05-28 05:14:30.084   513  5689 I PackageDexOptimizer: Running dexopt (dexoptNeeded=1) on: /data/app/~~Zc-WOB2Obatlu8u__xHoHg==/io.github.ylimit.droidbotapp-hlHKwIQ8KjpHhgWc3j7rrQ==/base.apk pkg=io.github.ylimit.droidbotapp isa=x86_64 dexoptFlags=boot_complete,debuggable,public,enable_hidden_api_checks targetFilter=verify oatDir=/data/app/~~Zc-WOB2Obatlu8u__xHoHg==/io.github.ylimit.droidbotapp-hlHKwIQ8KjpHhgWc3j7rrQ==/oat classLoaderContext=PCL[]{}
05-28 05:14:30.092  5694  5694 W dex2oat32: Unexpected CPU variant for X86 using defaults: x86_64
05-28 05:14:30.093  5694  5694 I dex2oat32: /apex/com.android.art/bin/dex2oat32 --input-vdex-fd=-1 --output-vdex-fd=9 --updatable-bcp-packages-file=/system/etc/updatable-bcp-packages.txt --resolve-startup-const-strings=true --max-image-block-size=524288 --compiler-filter=verify --debuggable --classpath-dir=/data/app/~~Zc-WOB2Obatlu8u__xHoHg==/io.github.ylimit.droidbotapp-hlHKwIQ8KjpHhgWc3j7rrQ== --class-loader-context=PCL[]{} --generate-mini-debug-info --compact-dex-level=none --compilation-reason=boot
05-28 05:14:30.094  5694  5694 I dex2oat32: setting boot class path to /apex/com.android.art/javalib/core-oj.jar:/apex/com.android.art/javalib/core-libart.jar:/apex/com.android.art/javalib/core-icu4j.jar:/apex/com.android.art/javalib/okhttp.jar:/apex/com.android.art/javalib/bouncycastle.jar:/apex/com.android.art/javalib/apache-xml.jar:/system/framework/framework.jar:/system/framework/ext.jar:/system/framework/telephony-common.jar:/system/framework/voip-common.jar:/system/framework/ims-common.jar:/system/framework/framework-atb-backward-compatibility.jar
05-28 05:14:30.242  5694  5694 W dex2oat32: Accessing hidden method Landroid/graphics/Bitmap;->getHardwareBuffer()Landroid/hardware/HardwareBuffer; (blacklist, linking, denied)
05-28 05:14:30.310   160   160 I hwservicemanager: getTransport: Cannot find entry android.hardware.graphics.mapper@4.0::IMapper/default in either framework or device manifest.
05-28 05:14:30.311  5709  5709 I Gralloc4: mapper 4.x is not supported
05-28 05:14:30.345  1487  1924 I MediaProvider: Begin Intent { act=android.intent.action.MEDIA_SCANNER_SCAN_FILE dat=file:///sdcard/screen_2026-05-28_051430.png flg=0x1400010 cmp=com.android.providers.media.module/com.android.providers.media.MediaService }
05-28 05:14:30.346  5713  5715 I cmd     : oneway function results will be dropped but finished with status OK and parcel size 4
05-28 05:14:30.580     0     0 W audit   : audit_lost=292 audit_rate_limit=5 audit_backlog_limit=64
05-28 05:14:30.582     0     0 E audit   : rate limit exceeded
05-28 05:14:30.369  1487  1924 W ModernMediaScanner: Failed to visit /sdcard/screen_2026-05-28_051430.png: java.nio.file.AccessDeniedException: /sdcard/screen_2026-05-28_051430.png
05-28 05:14:30.370  1487  1924 I MediaProvider: Scanned internal due to REASON_DEMAND, found 0 items in 12ms, 0 inserts 0 updates 0 deletes
05-28 05:14:30.340  1487  1487 W com.android.providers.media.module: type=1400 audit(0.0:426): avc: denied { read } for comm=4173796E635461736B202331 name="primary" dev="tmpfs" ino=24907 scontext=u:r:mediaprovider_app:s0:c122,c256,c512,c768 tcontext=u:object_r:mnt_pass_through_file:s0 tclass=lnk_file permissive=0 app=com.android.providers.media.module
05-28 05:14:30.371  1487  1924 I MediaProvider: End Intent { act=android.intent.action.MEDIA_SCANNER_SCAN_FILE dat=file:///sdcard/screen_2026-05-28_051430.png flg=0x1400010 cmp=com.android.providers.media.module/com.android.providers.media.MediaService }
05-28 05:14:30.340  1487  1487 W com.android.providers.media.module: type=1400 audit(0.0:427): avc: denied { read } for comm=4173796E635461736B202331 name="primary" dev="tmpfs" ino=24907 scontext=u:r:mediaprovider_app:s0:c122,c256,c512,c768 tcontext=u:object_r:mnt_pass_through_file:s0 tclass=lnk_file permissive=0 app=com.android.providers.media.module
05-28 05:14:30.390  1487  1582 I MediaProvider: Deleted 1 items on external_primary due to com.android.shell
05-28 05:14:30.352  1487  1487 W com.android.providers.media.module: type=1400 audit(0.0:428): avc: denied { read } for comm=4173796E635461736B202331 name="primary" dev="tmpfs" ino=24907 scontext=u:r:mediaprovider_app:s0:c122,c256,c512,c768 tcontext=u:object_r:mnt_pass_through_file:s0 tclass=lnk_file permissive=0 app=com.android.providers.media.module
05-28 05:14:30.518  5694  5694 I dex2oat32: dex2oat took 425.932ms (463.176ms cpu) (threads: 2) arena alloc=0B (0B) java alloc=4976KB (5095464B) native alloc=3813KB (3905264B) free=1666KB (1706848B)
05-28 05:14:30.523   513  5689 I system_server: The ClassLoaderContext is a special shared library.
05-28 05:14:30.526   513  5689 I chatty  : uid=1000(system) BackgroundDexOp identical 3 lines
05-28 05:14:30.527   513  5689 I system_server: The ClassLoaderContext is a special shared library.
05-28 05:14:30.528   513  5689 I PackageDexOptimizer: Running dexopt (dexoptNeeded=1) on: /data/app/~~dutV0GINjuhwok5i7xFEkQ==/com.mocoding.pokedex.android-a3pMmTTixJAyrRZ9sqcjUQ==/base.apk pkg=com.mocoding.pokedex.android isa=x86_64 dexoptFlags=boot_complete,debuggable,public,enable_hidden_api_checks targetFilter=verify oatDir=/data/app/~~dutV0GINjuhwok5i7xFEkQ==/com.mocoding.pokedex.android-a3pMmTTixJAyrRZ9sqcjUQ==/oat classLoaderContext=PCL[]{}
05-28 05:14:30.541  5740  5740 W dex2oat32: Unexpected CPU variant for X86 using defaults: x86_64
05-28 05:14:30.541  5740  5740 I dex2oat32: /apex/com.android.art/bin/dex2oat32 --input-vdex-fd=-1 --output-vdex-fd=9 --updatable-bcp-packages-file=/system/etc/updatable-bcp-packages.txt --resolve-startup-const-strings=true --max-image-block-size=524288 --compiler-filter=verify --debuggable --classpath-dir=/data/app/~~dutV0GINjuhwok5i7xFEkQ==/com.mocoding.pokedex.android-a3pMmTTixJAyrRZ9sqcjUQ== --class-loader-context=PCL[]{} --generate-mini-debug-info --compact-dex-level=none --compilation-reason=boot
05-28 05:14:30.542  5740  5740 I dex2oat32: setting boot class path to /apex/com.android.art/javalib/core-oj.jar:/apex/com.android.art/javalib/core-libart.jar:/apex/com.android.art/javalib/core-icu4j.jar:/apex/com.android.art/javalib/okhttp.jar:/apex/com.android.art/javalib/bouncycastle.jar:/apex/com.android.art/javalib/apache-xml.jar:/system/framework/framework.jar:/system/framework/ext.jar:/system/framework/telephony-common.jar:/system/framework/voip-common.jar:/system/framework/ims-common.jar:/system/framework/framework-atb-backward-compatibility.jar
05-28 05:14:30.612   160   160 I hwservicemanager: getTransport: Cannot find entry android.hardware.graphics.mapper@4.0::IMapper/default in either framework or device manifest.
05-28 05:14:30.612  5749  5749 I Gralloc4: mapper 4.x is not supported
05-28 05:14:30.685  1487  1924 I MediaProvider: Begin Intent { act=android.intent.action.MEDIA_SCANNER_SCAN_FILE dat=file:///sdcard/screen_2026-05-28_051431.png flg=0x1400010 cmp=com.android.providers.media.module/com.android.providers.media.MediaService }
05-28 05:14:30.685  5755  5757 I cmd     : oneway function results will be dropped but finished with status OK and parcel size 4
05-28 05:14:30.686  1487  1924 W ModernMediaScanner: Failed to visit /sdcard/screen_2026-05-28_051431.png: java.nio.file.AccessDeniedException: /sdcard/screen_2026-05-28_051431.png
05-28 05:14:30.687  1487  1924 I MediaProvider: Scanned internal due to REASON_DEMAND, found 0 items in 1ms, 0 inserts 0 updates 0 deletes
05-28 05:14:30.689  1487  1924 I MediaProvider: End Intent { act=android.intent.action.MEDIA_SCANNER_SCAN_FILE dat=file:///sdcard/screen_2026-05-28_051431.png flg=0x1400010 cmp=com.android.providers.media.module/com.android.providers.media.MediaService }
05-28 05:14:30.753  1487  1583 I MediaProvider: Deleted 1 items on external_primary due to com.android.shell
05-28 05:14:30.787  5766  5767 I cmd     : oneway function results will be dropped but finished with status OK and parcel size 4
05-28 05:14:30.952   160   160 I hwservicemanager: getTransport: Cannot find entry android.hardware.graphics.mapper@4.0::IMapper/default in either framework or device manifest.
05-28 05:14:30.952  5788  5788 I Gralloc4: mapper 4.x is not supported
05-28 05:14:30.989  1487  1924 I MediaProvider: Begin Intent { act=android.intent.action.MEDIA_SCANNER_SCAN_FILE dat=file:///sdcard/screen_2026-05-28_051431.png flg=0x1400010 cmp=com.android.providers.media.module/com.android.providers.media.MediaService }
05-28 05:14:30.990  1487  1924 W ModernMediaScanner: Failed to visit /sdcard/screen_2026-05-28_051431.png: java.nio.file.AccessDeniedException: /sdcard/screen_2026-05-28_051431.png
05-28 05:14:30.990  1487  1924 I MediaProvider: Scanned internal due to REASON_DEMAND, found 0 items in 1ms, 0 inserts 0 updates 0 deletes
05-28 05:14:30.992  1487  1924 I MediaProvider: End Intent { act=android.intent.action.MEDIA_SCANNER_SCAN_FILE dat=file:///sdcard/screen_2026-05-28_051431.png flg=0x1400010 cmp=com.android.providers.media.module/com.android.providers.media.MediaService }
05-28 05:14:31.016  1487  2576 I MediaProvider: Deleted 1 items on external_primary due to com.android.shell
05-28 05:14:31.046  5804  5805 I cmd     : oneway function results will be dropped but finished with status OK and parcel size 4
05-28 05:14:31.123  5814  5814 E libc    : Access denied finding property "persist.device_config.runtime_native_boot.profilebootclasspath"
05-28 05:14:31.124  5814  5814 E libc    : Access denied finding property "persist.device_config.runtime_native_boot.enable_apex_image"
05-28 05:14:31.124  5814  5814 I AndroidRuntime: Using default boot image
05-28 05:14:31.124  5814  5814 E libc    : Access denied finding property "persist.device_config.runtime_native_boot.disable_lock_profiling"
05-28 05:14:31.124  5814  5814 I AndroidRuntime: Leaving lock profiling enabled
05-28 05:14:31.124  5814  5814 E libc    : Access denied finding property "persist.device_config.runtime_native_boot.enable_generational_cc"
05-28 05:14:31.125  5814  5814 I app_process: Core platform API reporting enabled, enforcing=false
05-28 05:14:31.181  5814  5814 W app_process: Unexpected CPU variant for X86 using defaults: x86_64
05-28 05:14:31.182  5814  5814 I app_process: The ClassLoaderContext is a special shared library.
05-28 05:14:31.188  5814  5814 W app_process: JNI RegisterNativeMethods: attempt to register 0 native methods for android.media.AudioAttributes
05-28 05:14:31.270   513  1723 W InputReader: Device virtio_input_multi_touch_10 is associated with display ADISPLAY_ID_NONE.
05-28 05:14:31.270   513  1723 W InputReader: Device virtio_input_multi_touch_7 is associated with display ADISPLAY_ID_NONE.
05-28 05:14:31.270   513  1723 W InputReader: Device virtio_input_multi_touch_11 is associated with display ADISPLAY_ID_NONE.
05-28 05:14:31.270   513  1723 W InputReader: Device virtio_input_multi_touch_5 is associated with display ADISPLAY_ID_NONE.
05-28 05:14:31.270   513  1723 W InputReader: Device virtio_input_multi_touch_2 is associated with display ADISPLAY_ID_NONE.
05-28 05:14:31.270   513  1723 W InputReader: Device virtio_input_multi_touch_6 is associated with display ADISPLAY_ID_NONE.
05-28 05:14:31.270   513  1723 W InputReader: Device virtio_input_multi_touch_3 is associated with display ADISPLAY_ID_NONE.
05-28 05:14:31.270   513  1723 W InputReader: Device virtio_input_multi_touch_8 is associated with display ADISPLAY_ID_NONE.
05-28 05:14:31.270   513  1723 W InputReader: Device virtio_input_multi_touch_9 is associated with display ADISPLAY_ID_NONE.
05-28 05:14:31.270   513  1723 W InputReader: Device virtio_input_multi_touch_4 is associated with display ADISPLAY_ID_NONE.
05-28 05:14:31.270   513  1723 W InputReader: Device virtio_input_multi_touch_10 is associated with display ADISPLAY_ID_NONE.
05-28 05:14:31.270   513  1723 W InputReader: Device virtio_input_multi_touch_7 is associated with display ADISPLAY_ID_NONE.
05-28 05:14:31.270   513  1723 W InputReader: Device virtio_input_multi_touch_11 is associated with display ADISPLAY_ID_NONE.
05-28 05:14:31.270   513  1723 W InputReader: Device virtio_input_multi_touch_5 is associated with display ADISPLAY_ID_NONE.
05-28 05:14:31.270   513  1723 W InputReader: Device virtio_input_multi_touch_2 is associated with display ADISPLAY_ID_NONE.
05-28 05:14:31.270   513  1723 W InputReader: Device virtio_input_multi_touch_6 is associated with display ADISPLAY_ID_NONE.
05-28 05:14:31.270   513  1723 W InputReader: Device virtio_input_multi_touch_3 is associated with display ADISPLAY_ID_NONE.
05-28 05:14:31.270   513  1723 W InputReader: Device virtio_input_multi_touch_8 is associated with display ADISPLAY_ID_NONE.
05-28 05:14:31.270   513  1723 W InputReader: Device virtio_input_multi_touch_9 is associated with display ADISPLAY_ID_NONE.
05-28 05:14:31.270   513  1723 W InputReader: Device virtio_input_multi_touch_4 is associated with display ADISPLAY_ID_NONE.
05-28 05:14:31.298   160   160 I hwservicemanager: getTransport: Cannot find entry android.hardware.configstore@1.0::ISurfaceFlingerConfigs/default in either framework or device manifest.
05-28 05:14:31.423   348   348 E Layer   : [Surface(name=Task=1)/@0xdfa31c8 - animation-leash#0] No local sync point found
05-28 05:14:31.423   348   348 E Layer   : [Surface(name=Task=1)/@0xdfa31c8 - animation-leash#0] No local sync point found
05-28 05:14:31.423   348   348 E Layer   : [Surface(name=Task=9)/@0x12ccce5 - animation-leash#0] No local sync point found
05-28 05:14:31.423   348   348 E Layer   : [Surface(name=Task=9)/@0x12ccce5 - animation-leash#0] No local sync point found
05-28 05:14:31.751  5740  5740 I dex2oat32: Large app, accepted running with swap.
05-28 05:14:32.384  5740  5740 I dex2oat32: Explicit concurrent copying GC freed 73150(10MB) AllocSpace objects, 0(0B) LOS objects, 99% free, 8968B/1544KB, paused 18us total 20.278ms
05-28 05:14:32.387  5740  5740 I dex2oat32: Explicit concurrent copying GC freed 420(77KB) AllocSpace objects, 0(0B) LOS objects, 99% free, 11KB/1547KB, paused 8us total 1.203ms
05-28 05:14:32.394  5740  5740 I dex2oat32: Explicit concurrent copying GC freed 1445(221KB) AllocSpace objects, 0(0B) LOS objects, 99% free, 13KB/1549KB, paused 7us total 1.242ms
05-28 05:14:32.399  5740  5740 I dex2oat32: Explicit concurrent copying GC freed 880(125KB) AllocSpace objects, 0(0B) LOS objects, 98% free, 16KB/1552KB, paused 10us total 1.256ms
05-28 05:14:32.402  5740  5740 I dex2oat32: Explicit concurrent copying GC freed 441(77KB) AllocSpace objects, 0(0B) LOS objects, 98% free, 18KB/1554KB, paused 7us total 1.157ms
05-28 05:14:32.407  5740  5740 I dex2oat32: Explicit concurrent copying GC freed 520(77KB) AllocSpace objects, 0(0B) LOS objects, 98% free, 21KB/1557KB, paused 7us total 1.230ms
05-28 05:14:32.409  5740  5740 I dex2oat32: Explicit concurrent copying GC freed 258(45KB) AllocSpace objects, 0(0B) LOS objects, 98% free, 23KB/1559KB, paused 7us total 1.154ms
05-28 05:14:32.412  5740  5740 I dex2oat32: Explicit concurrent copying GC freed 170(45KB) AllocSpace objects, 0(0B) LOS objects, 98% free, 26KB/1562KB, paused 9us total 1.235ms
05-28 05:14:32.415  5740  5740 I dex2oat32: Explicit concurrent copying GC freed 238(45KB) AllocSpace objects, 0(0B) LOS objects, 98% free, 28KB/1564KB, paused 9us total 1.254ms
05-28 05:14:32.417  5740  5740 I dex2oat32: Explicit concurrent copying GC freed 268(61KB) AllocSpace objects, 0(0B) LOS objects, 98% free, 31KB/1567KB, paused 7us total 1.141ms
05-28 05:14:32.423  5740  5740 I dex2oat32: Explicit concurrent copying GC freed 867(141KB) AllocSpace objects, 0(0B) LOS objects, 97% free, 33KB/1569KB, paused 6us total 1.381ms
05-28 05:14:32.430  5740  5740 I dex2oat32: Explicit concurrent copying GC freed 397(61KB) AllocSpace objects, 0(0B) LOS objects, 97% free, 36KB/1572KB, paused 7us total 1.330ms
05-28 05:14:32.436  5740  5740 I dex2oat32: Explicit concurrent copying GC freed 742(109KB) AllocSpace objects, 0(0B) LOS objects, 97% free, 39KB/1575KB, paused 6us total 1.232ms
05-28 05:14:32.440  5740  5740 I dex2oat32: Explicit concurrent copying GC freed 464(77KB) AllocSpace objects, 0(0B) LOS objects, 97% free, 41KB/1577KB, paused 6us total 1.223ms
05-28 05:14:32.443  5740  5740 I dex2oat32: Explicit concurrent copying GC freed 183(29KB) AllocSpace objects, 0(0B) LOS objects, 97% free, 44KB/1580KB, paused 7us total 1.211ms
05-28 05:14:32.446  5740  5740 I dex2oat32: Explicit concurrent copying GC freed 659(141KB) AllocSpace objects, 0(0B) LOS objects, 97% free, 46KB/1582KB, paused 6us total 1.304ms
05-28 05:14:32.449  5740  5740 I dex2oat32: Explicit concurrent copying GC freed 262(79KB) AllocSpace objects, 0(0B) LOS objects, 96% free, 49KB/1585KB, paused 7us total 1.213ms
05-28 05:14:32.493  5740  5740 W dex2oat32: Accessing hidden method Landroid/graphics/Canvas;->drawPatch(Landroid/graphics/NinePatch;Landroid/graphics/Rect;Landroid/graphics/Paint;)V (greylist-max-o, linking, denied)
05-28 05:14:32.494  5740  5740 W dex2oat32: Accessing hidden method Landroid/graphics/Canvas;->drawPatch(Landroid/graphics/NinePatch;Landroid/graphics/RectF;Landroid/graphics/Paint;)V (greylist-max-o, linking, denied)
05-28 05:14:32.512  5740  5857 W dex2oat32: Accessing hidden method Landroid/graphics/Bitmap;->getHardwareBuffer()Landroid/hardware/HardwareBuffer; (blacklist, linking, denied)
05-28 05:14:32.636  5740  5857 W dex2oat32: Accessing hidden method Landroid/graphics/ImageDecoder;->createSource([B)Landroid/graphics/ImageDecoder$Source; (greylist-max-o, linking, denied)
05-28 05:14:32.649  5740  5857 W dex2oat32: Class androidx.compose.runtime.snapshots.SnapshotStateMap failed lock verification and will run slower.
05-28 05:14:32.649  5740  5857 W dex2oat32: Common causes for lock verification issues are non-optimized dex code
05-28 05:14:32.649  5740  5857 W dex2oat32: and incorrect proguard optimizations.
05-28 05:14:32.721  5740  5857 W dex2oat32: Class androidx.compose.runtime.snapshots.SnapshotStateList failed lock verification and will run slower.
05-28 05:14:32.791  5740  5740 I dex2oat32: Explicit concurrent copying GC freed 40770(6043KB) AllocSpace objects, 0(0B) LOS objects, 94% free, 88KB/1624KB, paused 32us total 9.620ms
05-28 05:14:32.812   160   160 I hwservicemanager: getTransport: Cannot find entry android.hardware.graphics.mapper@4.0::IMapper/default in either framework or device manifest.
05-28 05:14:32.812  5872  5872 I Gralloc4: mapper 4.x is not supported
05-28 05:14:32.889  1487  1924 I MediaProvider: Begin Intent { act=android.intent.action.MEDIA_SCANNER_SCAN_FILE dat=file:///sdcard/screen_2026-05-28_051433.png flg=0x1400010 cmp=com.android.providers.media.module/com.android.providers.media.MediaService }
05-28 05:14:33.112     0     0 W audit   : audit_lost=309 audit_rate_limit=5 audit_backlog_limit=64
05-28 05:14:33.130     0     0 E audit   : rate limit exceeded
05-28 05:14:32.911  1487  1924 W ModernMediaScanner: Failed to visit /sdcard/screen_2026-05-28_051433.png: java.nio.file.AccessDeniedException: /sdcard/screen_2026-05-28_051433.png
05-28 05:14:32.912  1487  1924 I MediaProvider: Scanned internal due to REASON_DEMAND, found 0 items in 22ms, 0 inserts 0 updates 0 deletes
05-28 05:14:32.915  1487  1924 I MediaProvider: End Intent { act=android.intent.action.MEDIA_SCANNER_SCAN_FILE dat=file:///sdcard/screen_2026-05-28_051433.png flg=0x1400010 cmp=com.android.providers.media.module/com.android.providers.media.MediaService }
05-28 05:14:32.884  1487  1487 W com.android.providers.media.module: type=1400 audit(0.0:448): avc: denied { read } for comm=4173796E635461736B202331 name="primary" dev="tmpfs" ino=24907 scontext=u:r:mediaprovider_app:s0:c122,c256,c512,c768 tcontext=u:object_r:mnt_pass_through_file:s0 tclass=lnk_file permissive=0 app=com.android.providers.media.module
05-28 05:14:32.950  1487  1582 I MediaProvider: Deleted 1 items on external_primary due to com.android.shell
05-28 05:14:32.884  1487  1487 W com.android.providers.media.module: type=1400 audit(0.0:450): avc: denied { read } for comm=4173796E635461736B202331 name="primary" dev="tmpfs" ino=24907 scontext=u:r:mediaprovider_app:s0:c122,c256,c512,c768 tcontext=u:object_r:mnt_pass_through_file:s0 tclass=lnk_file permissive=0 app=com.android.providers.media.module
05-28 05:14:32.994  5888  5889 I cmd     : oneway function results will be dropped but finished with status OK and parcel size 4
05-28 05:14:33.093  5740  5740 I dex2oat32: Explicit concurrent copying GC freed 26366(3440KB) AllocSpace objects, 0(0B) LOS objects, 94% free, 96KB/1632KB, paused 8us total 6.197ms
05-28 05:14:33.106  5740  5740 I dex2oat32: dex2oat took 2.565s (3.129s cpu) (threads: 2) arena alloc=0B (0B) java alloc=96KB (98792B) native alloc=7505KB (7685136B) free=2084KB (2134960B) swap=16MB (16777216B)
05-28 05:14:33.114   513  5689 I system_server: The ClassLoaderContext is a special shared library.
05-28 05:14:33.132   513  5689 I chatty  : uid=1000(system) BackgroundDexOp identical 19 lines
05-28 05:14:33.133   513  5689 I system_server: The ClassLoaderContext is a special shared library.
05-28 05:14:33.133   513  5689 I BackgroundDexOptService: Pinning optimized code {android, io.github.ylimit.droidbotapp, com.mocoding.pokedex.android}
05-28 05:14:33.158   160   160 I hwservicemanager: getTransport: Cannot find entry android.hardware.graphics.mapper@4.0::IMapper/default in either framework or device manifest.
05-28 05:14:33.158  5912  5912 I Gralloc4: mapper 4.x is not supported
05-28 05:14:33.233  1487  1924 I MediaProvider: Begin Intent { act=android.intent.action.MEDIA_SCANNER_SCAN_FILE dat=file:///sdcard/screen_2026-05-28_051433.png flg=0x1400010 cmp=com.android.providers.media.module/com.android.providers.media.MediaService }
05-28 05:14:33.235  1487  1924 W ModernMediaScanner: Failed to visit /sdcard/screen_2026-05-28_051433.png: java.nio.file.AccessDeniedException: /sdcard/screen_2026-05-28_051433.png
05-28 05:14:33.235  1487  1924 I MediaProvider: Scanned internal due to REASON_DEMAND, found 0 items in 2ms, 0 inserts 0 updates 0 deletes
05-28 05:14:33.236  1487  1924 I MediaProvider: End Intent { act=android.intent.action.MEDIA_SCANNER_SCAN_FILE dat=file:///sdcard/screen_2026-05-28_051433.png flg=0x1400010 cmp=com.android.providers.media.module/com.android.providers.media.MediaService }
05-28 05:14:33.257  1487  1583 I MediaProvider: Deleted 1 items on external_primary due to com.android.shell
05-28 05:14:33.284  5927  5929 I cmd     : oneway function results will be dropped but finished with status OK and parcel size 4
05-28 05:14:33.415   160   160 I hwservicemanager: getTransport: Cannot find entry android.hardware.graphics.mapper@4.0::IMapper/default in either framework or device manifest.
05-28 05:14:33.415  5949  5949 I Gralloc4: mapper 4.x is not supported
05-28 05:14:33.491  5953  5955 I cmd     : oneway function results will be dropped but finished with status OK and parcel size 4
05-28 05:14:33.492  1487  1924 I MediaProvider: Begin Intent { act=android.intent.action.MEDIA_SCANNER_SCAN_FILE dat=file:///sdcard/screen_2026-05-28_051434.png flg=0x1400010 cmp=com.android.providers.media.module/com.android.providers.media.MediaService }
05-28 05:14:33.493  1487  1924 W ModernMediaScanner: Failed to visit /sdcard/screen_2026-05-28_051434.png: java.nio.file.AccessDeniedException: /sdcard/screen_2026-05-28_051434.png
05-28 05:14:33.496  1487  1924 I MediaProvider: Scanned internal due to REASON_DEMAND, found 0 items in 4ms, 0 inserts 0 updates 0 deletes
05-28 05:14:33.497  1487  1924 I MediaProvider: End Intent { act=android.intent.action.MEDIA_SCANNER_SCAN_FILE dat=file:///sdcard/screen_2026-05-28_051434.png flg=0x1400010 cmp=com.android.providers.media.module/com.android.providers.media.MediaService }
05-28 05:14:33.518  1487  2576 I MediaProvider: Deleted 1 items on external_primary due to com.android.shell
05-28 05:14:33.546  5964  5966 I cmd     : oneway function results will be dropped but finished with status OK and parcel size 4
05-28 05:14:33.586   513  5791 I ActivityTaskManager: START u0 {act=android.intent.action.MAIN cat=[android.intent.category.LAUNCHER] flg=0x10000000 cmp=com.mocoding.pokedex.android/.MainActivity} from uid 2000
05-28 05:14:33.587   413   413 I perfetto: ing_service_impl.cc:758 Configured tracing session 7, #sources:1, duration:5000 ms, #buffers:1, total buffer size:4096 KB, total sessions:1, uid:1071 session name: ""
05-28 05:14:33.587   411   411 I perfetto: probes_producer.cc:230  Ftrace setup (target_buf=7)
05-28 05:14:33.591  5976  5978 I cmd     : oneway function results will be dropped but finished with status OK and parcel size 4
05-28 05:14:33.592   513  1864 W ActivityTaskManager: Tried to set launchTime (0) < mLastActivityLaunchTime (35762)
05-28 05:14:33.592   513  1864 W InputReader: Device virtio_input_multi_touch_10 is associated with display ADISPLAY_ID_NONE.
05-28 05:14:33.592   513  1864 W InputReader: Device virtio_input_multi_touch_7 is associated with display ADISPLAY_ID_NONE.
05-28 05:14:33.592   513  1864 W InputReader: Device virtio_input_multi_touch_11 is associated with display ADISPLAY_ID_NONE.
05-28 05:14:33.592   513  1864 W InputReader: Device virtio_input_multi_touch_5 is associated with display ADISPLAY_ID_NONE.
05-28 05:14:33.592   513  1864 W InputReader: Device virtio_input_multi_touch_2 is associated with display ADISPLAY_ID_NONE.
05-28 05:14:33.592   513  1864 W InputReader: Device virtio_input_multi_touch_6 is associated with display ADISPLAY_ID_NONE.
05-28 05:14:33.592   513  1864 W InputReader: Device virtio_input_multi_touch_3 is associated with display ADISPLAY_ID_NONE.
05-28 05:14:33.592   513  1864 W InputReader: Device virtio_input_multi_touch_8 is associated with display ADISPLAY_ID_NONE.
05-28 05:14:33.592   513  1864 W InputReader: Device virtio_input_multi_touch_9 is associated with display ADISPLAY_ID_NONE.
05-28 05:14:33.592   513  1864 W InputReader: Device virtio_input_multi_touch_4 is associated with display ADISPLAY_ID_NONE.
05-28 05:14:33.592   513  1864 W InputReader: Device virtio_input_multi_touch_10 is associated with display ADISPLAY_ID_NONE.
05-28 05:14:33.592   513  1864 W InputReader: Device virtio_input_multi_touch_7 is associated with display ADISPLAY_ID_NONE.
05-28 05:14:33.592   513  1864 W InputReader: Device virtio_input_multi_touch_11 is associated with display ADISPLAY_ID_NONE.
05-28 05:14:33.592   513  1864 W InputReader: Device virtio_input_multi_touch_5 is associated with display ADISPLAY_ID_NONE.
05-28 05:14:33.592   513  1864 W InputReader: Device virtio_input_multi_touch_2 is associated with display ADISPLAY_ID_NONE.
05-28 05:14:33.592   513  1864 W InputReader: Device virtio_input_multi_touch_6 is associated with display ADISPLAY_ID_NONE.
05-28 05:14:33.592   513  1864 W InputReader: Device virtio_input_multi_touch_3 is associated with display ADISPLAY_ID_NONE.
05-28 05:14:33.592   513  1864 W InputReader: Device virtio_input_multi_touch_8 is associated with display ADISPLAY_ID_NONE.
05-28 05:14:33.592   513  1864 W InputReader: Device virtio_input_multi_touch_9 is associated with display ADISPLAY_ID_NONE.
05-28 05:14:33.592   513  1864 W InputReader: Device virtio_input_multi_touch_4 is associated with display ADISPLAY_ID_NONE.
05-28 05:14:33.601   411   411 I perfetto: ftrace_procfs.cc:176    enabled ftrace
05-28 05:14:33.821     0     0 W perfetto: enabled ftrace
05-28 05:14:33.778   513   552 I ActivityTaskManager: Displayed com.mocoding.pokedex.android/.MainActivity: +166ms
05-28 05:14:34.702   160   160 I hwservicemanager: getTransport: Cannot find entry android.hardware.graphics.mapper@4.0::IMapper/default in either framework or device manifest.
05-28 05:14:34.703  6012  6012 I Gralloc4: mapper 4.x is not supported
05-28 05:14:34.749  6016  6018 I cmd     : oneway function results will be dropped but finished with status OK and parcel size 4
05-28 05:14:34.750  1487  1924 I MediaProvider: Begin Intent { act=android.intent.action.MEDIA_SCANNER_SCAN_FILE dat=file:///sdcard/screen_2026-05-28_051435.png flg=0x1400010 cmp=com.android.providers.media.module/com.android.providers.media.MediaService }
05-28 05:14:34.748  1487  1487 W com.android.providers.media.module: type=1400 audit(0.0:466): avc: denied { read } for comm=4173796E635461736B202331 name="primary" dev="tmpfs" ino=24907 scontext=u:r:mediaprovider_app:s0:c122,c256,c512,c768 tcontext=u:object_r:mnt_pass_through_file:s0 tclass=lnk_file permissive=0 app=com.android.providers.media.module
05-28 05:14:34.978     0     0 W audit   : audit_lost=322 audit_rate_limit=5 audit_backlog_limit=64
05-28 05:14:34.983     0     0 E audit   : rate limit exceeded
05-28 05:14:34.770  1487  1924 W ModernMediaScanner: Failed to visit /sdcard/screen_2026-05-28_051435.png: java.nio.file.AccessDeniedException: /sdcard/screen_2026-05-28_051435.png
05-28 05:14:34.771  1487  1924 I MediaProvider: Scanned internal due to REASON_DEMAND, found 0 items in 15ms, 0 inserts 0 updates 0 deletes
05-28 05:14:34.772  1487  1924 I MediaProvider: End Intent { act=android.intent.action.MEDIA_SCANNER_SCAN_FILE dat=file:///sdcard/screen_2026-05-28_051435.png flg=0x1400010 cmp=com.android.providers.media.module/com.android.providers.media.MediaService }
05-28 05:14:34.748  1487  1487 W com.android.providers.media.module: type=1400 audit(0.0:467): avc: denied { read } for comm=4173796E635461736B202331 name="primary" dev="tmpfs" ino=24907 scontext=u:r:mediaprovider_app:s0:c122,c256,c512,c768 tcontext=u:object_r:mnt_pass_through_file:s0 tclass=lnk_file permissive=0 app=com.android.providers.media.module
05-28 05:14:34.813  1487  1583 I MediaProvider: Deleted 1 items on external_primary due to com.android.shell
05-28 05:14:34.856  6029  6031 I cmd     : oneway function results will be dropped but finished with status OK and parcel size 4
05-28 05:14:34.986   160   160 I hwservicemanager: getTransport: Cannot find entry android.hardware.graphics.mapper@4.0::IMapper/default in either framework or device manifest.
05-28 05:14:34.986  6051  6051 I Gralloc4: mapper 4.x is not supported
05-28 05:14:35.033  6055  6057 I cmd     : oneway function results will be dropped but finished with status OK and parcel size 4
05-28 05:14:35.034  1487  1924 I MediaProvider: Begin Intent { act=android.intent.action.MEDIA_SCANNER_SCAN_FILE dat=file:///sdcard/screen_2026-05-28_051435.png flg=0x1400010 cmp=com.android.providers.media.module/com.android.providers.media.MediaService }
05-28 05:14:35.035  1487  1924 W ModernMediaScanner: Failed to visit /sdcard/screen_2026-05-28_051435.png: java.nio.file.AccessDeniedException: /sdcard/screen_2026-05-28_051435.png
05-28 05:14:35.036  1487  1924 I MediaProvider: Scanned internal due to REASON_DEMAND, found 0 items in 1ms, 0 inserts 0 updates 0 deletes
05-28 05:14:35.037  1487  1924 I MediaProvider: End Intent { act=android.intent.action.MEDIA_SCANNER_SCAN_FILE dat=file:///sdcard/screen_2026-05-28_051435.png flg=0x1400010 cmp=com.android.providers.media.module/com.android.providers.media.MediaService }
05-28 05:14:35.097  1487  1582 I MediaProvider: Deleted 1 items on external_primary due to com.android.shell
05-28 05:14:35.126  6066  6068 I cmd     : oneway function results will be dropped but finished with status OK and parcel size 4
05-28 05:14:35.262   160   160 I hwservicemanager: getTransport: Cannot find entry android.hardware.graphics.mapper@4.0::IMapper/default in either framework or device manifest.
05-28 05:14:35.262  6088  6088 I Gralloc4: mapper 4.x is not supported
05-28 05:14:35.309  6092  6094 I cmd     : oneway function results will be dropped but finished with status OK and parcel size 4
05-28 05:14:35.310  1487  1924 I MediaProvider: Begin Intent { act=android.intent.action.MEDIA_SCANNER_SCAN_FILE dat=file:///sdcard/screen_2026-05-28_051435.png flg=0x1400010 cmp=com.android.providers.media.module/com.android.providers.media.MediaService }
05-28 05:14:35.311  1487  1924 W ModernMediaScanner: Failed to visit /sdcard/screen_2026-05-28_051435.png: java.nio.file.AccessDeniedException: /sdcard/screen_2026-05-28_051435.png
05-28 05:14:35.312  1487  1924 I MediaProvider: Scanned internal due to REASON_DEMAND, found 0 items in 1ms, 0 inserts 0 updates 0 deletes
05-28 05:14:35.315  1487  1924 I MediaProvider: End Intent { act=android.intent.action.MEDIA_SCANNER_SCAN_FILE dat=file:///sdcard/screen_2026-05-28_051435.png flg=0x1400010 cmp=com.android.providers.media.module/com.android.providers.media.MediaService }
05-28 05:14:35.335  1487  2576 I MediaProvider: Deleted 1 items on external_primary due to com.android.shell
05-28 05:14:35.365  6103  6105 I cmd     : oneway function results will be dropped but finished with status OK and parcel size 4
05-28 05:14:35.422  6118  6120 I cmd     : oneway function results will be dropped but finished with status OK and parcel size 4
05-28 05:14:35.479  6133  6135 I cmd     : oneway function results will be dropped but finished with status OK and parcel size 4
05-28 05:14:35.535  6148  6150 I cmd     : oneway function results will be dropped but finished with status OK and parcel size 4
05-28 05:14:35.562   513  1481 E TaskPersister: File error accessing recents directory (directory doesn't exist?).
05-28 05:14:35.622  6160  6160 E libc    : Access denied finding property "persist.device_config.runtime_native_boot.profilebootclasspath"
05-28 05:14:35.622  6160  6160 E libc    : Access denied finding property "persist.device_config.runtime_native_boot.enable_apex_image"
05-28 05:14:35.622  6160  6160 I AndroidRuntime: Using default boot image
05-28 05:14:35.622  6160  6160 E libc    : Access denied finding property "persist.device_config.runtime_native_boot.disable_lock_profiling"
05-28 05:14:35.622  6160  6160 I AndroidRuntime: Leaving lock profiling enabled
05-28 05:14:35.622  6160  6160 E libc    : Access denied finding property "persist.device_config.runtime_native_boot.enable_generational_cc"
05-28 05:14:35.623  6160  6160 I app_process: Core platform API reporting enabled, enforcing=false
05-28 05:14:35.662  6160  6160 W app_process: Unexpected CPU variant for X86 using defaults: x86_64
05-28 05:14:35.663  6160  6160 I app_process: The ClassLoaderContext is a special shared library.
05-28 05:14:35.670  6160  6160 W app_process: JNI RegisterNativeMethods: attempt to register 0 native methods for android.media.AudioAttributes
05-28 05:14:35.921  2338  2338 E AccessibilityInteractionClient: 2 Disconnected nodes.
05-28 05:14:36.445  1431  1869 I Dialer  : OmtpVvmCarrierCfgHlpr - OmtpEvent:CONFIG_STATUS_SMS_TIME_OUT
