05-28 05:15:07.649   159   159 I hwservicemanager: getTransport: Cannot find entry android.hardware.graphics.mapper@4.0::IMapper/default in either framework or device manifest.
05-28 05:15:07.650  6393  6393 I Gralloc4: mapper 4.x is not supported
05-28 05:15:07.695  6397  6399 I cmd     : oneway function results will be dropped but finished with status OK and parcel size 4
05-28 05:15:07.695  1644  1927 I MediaProvider: Begin Intent { act=android.intent.action.MEDIA_SCANNER_SCAN_FILE dat=file:///sdcard/screen_2026-05-28_051508.png flg=0x1400010 cmp=com.android.providers.media.module/com.android.providers.media.MediaService }
05-28 05:15:07.692  1644  1644 W com.android.providers.media.module: type=1400 audit(0.0:528): avc: denied { read } for comm=4173796E635461736B202331 name="primary" dev="tmpfs" ino=20444 scontext=u:r:mediaprovider_app:s0:c128,c256,c512,c768 tcontext=u:object_r:mnt_pass_through_file:s0 tclass=lnk_file permissive=0 app=com.android.providers.media.module
05-28 05:15:07.708  1644  1927 W ModernMediaScanner: Failed to visit /sdcard/screen_2026-05-28_051508.png: java.nio.file.AccessDeniedException: /sdcard/screen_2026-05-28_051508.png
05-28 05:15:07.709  1644  1927 I MediaProvider: Scanned internal due to REASON_DEMAND, found 0 items in 13ms, 0 inserts 0 updates 0 deletes
05-28 05:15:07.709  1644  1927 I MediaProvider: End Intent { act=android.intent.action.MEDIA_SCANNER_SCAN_FILE dat=file:///sdcard/screen_2026-05-28_051508.png flg=0x1400010 cmp=com.android.providers.media.module/com.android.providers.media.MediaService }
05-28 05:15:07.879     0     0 W audit   : audit_lost=374 audit_rate_limit=5 audit_backlog_limit=64
05-28 05:15:07.889     0     0 E audit   : rate limit exceeded
05-28 05:15:07.692  1644  1644 W com.android.providers.media.module: type=1400 audit(0.0:529): avc: denied { read } for comm=4173796E635461736B202331 name="primary" dev="tmpfs" ino=20444 scontext=u:r:mediaprovider_app:s0:c128,c256,c512,c768 tcontext=u:object_r:mnt_pass_through_file:s0 tclass=lnk_file permissive=0 app=com.android.providers.media.module
05-28 05:15:07.748  1644  1739 I MediaProvider: Deleted 1 items on external_primary due to com.android.shell
05-28 05:15:07.773  6408  6410 I cmd     : oneway function results will be dropped but finished with status OK and parcel size 4
05-28 05:15:07.882   159   159 I hwservicemanager: getTransport: Cannot find entry android.hardware.graphics.mapper@4.0::IMapper/default in either framework or device manifest.
05-28 05:15:07.883  6430  6430 I Gralloc4: mapper 4.x is not supported
05-28 05:15:07.900  1405  1839 I Dialer  : OmtpVvmCarrierCfgHlpr - OmtpEvent:CONFIG_STATUS_SMS_TIME_OUT
05-28 05:15:07.901  1405  1405 I Dialer  : RetryPolicy - discarding deferred status: configuration_state=4
05-28 05:15:07.902  1405  1405 I Dialer  : VvmTaskExecutor - no more tasks, stopping service if no task are added in 5000 millis
05-28 05:15:07.902  1405  1405 I Dialer  : VvmTaskReceiver - task received
05-28 05:15:07.902  1405  1405 I Dialer  : VvmTaskReceiver - TaskExecutor already running
05-28 05:15:07.902  1405  1405 I Dialer  : Task.createTask - create task:com.android.voicemail.impl.ActivationTask
05-28 05:15:07.902  1405  1405 I Dialer  : RetryPolicy - retry #1 for com.android.voicemail.impl.ActivationTask@61b6a1d queued, executing in 5000
05-28 05:15:07.902  1405  1405 I Dialer  : VvmTaskExecutor - com.android.voicemail.impl.ActivationTask@61b6a1d added
05-28 05:15:07.902  1405  1405 I Dialer  : VvmTaskExecutor - minimal wait time:5000
05-28 05:15:07.902  1405  1405 I Dialer  : VvmTaskExecutor - sleep for 5000 millis
05-28 05:15:07.924  6434  6436 I cmd     : oneway function results will be dropped but finished with status OK and parcel size 4
05-28 05:15:07.924  1644  1927 I MediaProvider: Begin Intent { act=android.intent.action.MEDIA_SCANNER_SCAN_FILE dat=file:///sdcard/screen_2026-05-28_051508.png flg=0x1400010 cmp=com.android.providers.media.module/com.android.providers.media.MediaService }
05-28 05:15:07.925  1644  1927 W ModernMediaScanner: Failed to visit /sdcard/screen_2026-05-28_051508.png: java.nio.file.AccessDeniedException: /sdcard/screen_2026-05-28_051508.png
05-28 05:15:07.925  1644  1927 I MediaProvider: Scanned internal due to REASON_DEMAND, found 0 items in 1ms, 0 inserts 0 updates 0 deletes
05-28 05:15:07.926  1644  1927 I MediaProvider: End Intent { act=android.intent.action.MEDIA_SCANNER_SCAN_FILE dat=file:///sdcard/screen_2026-05-28_051508.png flg=0x1400010 cmp=com.android.providers.media.module/com.android.providers.media.MediaService }
05-28 05:15:07.984  1644  1740 I MediaProvider: Deleted 1 items on external_primary due to com.android.shell
05-28 05:15:08.007  6445  6447 I cmd     : oneway function results will be dropped but finished with status OK and parcel size 4
05-28 05:15:08.119   159   159 I hwservicemanager: getTransport: Cannot find entry android.hardware.graphics.mapper@4.0::IMapper/default in either framework or device manifest.
05-28 05:15:08.119  6467  6467 I Gralloc4: mapper 4.x is not supported
05-28 05:15:08.161  6471  6473 I cmd     : oneway function results will be dropped but finished with status OK and parcel size 4
05-28 05:15:08.162  1644  1927 I MediaProvider: Begin Intent { act=android.intent.action.MEDIA_SCANNER_SCAN_FILE dat=file:///sdcard/screen_2026-05-28_051508.png flg=0x1400010 cmp=com.android.providers.media.module/com.android.providers.media.MediaService }
05-28 05:15:08.163  1644  1927 W ModernMediaScanner: Failed to visit /sdcard/screen_2026-05-28_051508.png: java.nio.file.AccessDeniedException: /sdcard/screen_2026-05-28_051508.png
05-28 05:15:08.163  1644  1927 I MediaProvider: Scanned internal due to REASON_DEMAND, found 0 items in 1ms, 0 inserts 0 updates 0 deletes
05-28 05:15:08.164  1644  1927 I MediaProvider: End Intent { act=android.intent.action.MEDIA_SCANNER_SCAN_FILE dat=file:///sdcard/screen_2026-05-28_051508.png flg=0x1400010 cmp=com.android.providers.media.module/com.android.providers.media.MediaService }
05-28 05:15:08.183  1644  2581 I MediaProvider: Deleted 1 items on external_primary due to com.android.shell
05-28 05:15:08.213  6482  6484 I cmd     : oneway function results will be dropped but finished with status OK and parcel size 4
05-28 05:15:08.331  6514  6516 I cmd     : oneway function results will be dropped but finished with status OK and parcel size 4
05-28 05:15:08.377  6529  6531 I cmd     : oneway function results will be dropped but finished with status OK and parcel size 4
05-28 05:15:08.449  6541  6541 E libc    : Access denied finding property "persist.device_config.runtime_native_boot.profilebootclasspath"
05-28 05:15:08.449  6541  6541 E libc    : Access denied finding property "persist.device_config.runtime_native_boot.enable_apex_image"
05-28 05:15:08.449  6541  6541 I AndroidRuntime: Using default boot image
05-28 05:15:08.449  6541  6541 E libc    : Access denied finding property "persist.device_config.runtime_native_boot.disable_lock_profiling"
05-28 05:15:08.449  6541  6541 I AndroidRuntime: Leaving lock profiling enabled
05-28 05:15:08.449  6541  6541 E libc    : Access denied finding property "persist.device_config.runtime_native_boot.enable_generational_cc"
05-28 05:15:08.450  6541  6541 I app_process: Core platform API reporting enabled, enforcing=false
05-28 05:15:08.485  6541  6541 W app_process: Unexpected CPU variant for X86 using defaults: x86_64
05-28 05:15:08.485  6541  6541 I app_process: The ClassLoaderContext is a special shared library.
05-28 05:15:08.491  6541  6541 W app_process: JNI RegisterNativeMethods: attempt to register 0 native methods for android.media.AudioAttributes
05-28 05:15:08.615   510  1487 E TaskPersister: File error accessing recents directory (directory doesn't exist?).
05-28 05:15:08.761  2226  2226 E AccessibilityInteractionClient: 2 Disconnected nodes.
05-28 05:15:08.788  2610  2625 W System  : A resource failed to call release. 
05-28 05:15:08.788  2610  2625 W System  : A resource failed to call release. 
05-28 05:15:08.788  2610  2625 W System  : A resource failed to call close. 
05-28 05:15:08.789  2610  2625 W System  : A resource failed to call dispose. 
05-28 05:15:10.202   159   159 I hwservicemanager: getTransport: Cannot find entry android.hardware.graphics.mapper@4.0::IMapper/default in either framework or device manifest.
05-28 05:15:10.203  6573  6573 I Gralloc4: mapper 4.x is not supported
05-28 05:15:10.423     0     0 W audit   : audit_lost=391 audit_rate_limit=5 audit_backlog_limit=64
05-28 05:15:10.425     0     0 E audit   : rate limit exceeded
05-28 05:15:10.241  1644  1927 I MediaProvider: Begin Intent { act=android.intent.action.MEDIA_SCANNER_SCAN_FILE dat=file:///sdcard/screen_2026-05-28_051510.png flg=0x1400010 cmp=com.android.providers.media.module/com.android.providers.media.MediaService }
05-28 05:15:10.244  1644  1927 W ModernMediaScanner: Failed to visit /sdcard/screen_2026-05-28_051510.png: java.nio.file.AccessDeniedException: /sdcard/screen_2026-05-28_051510.png
05-28 05:15:10.245  1644  1927 I MediaProvider: Scanned internal due to REASON_DEMAND, found 0 items in 3ms, 0 inserts 0 updates 0 deletes
05-28 05:15:10.246  1644  1927 I MediaProvider: End Intent { act=android.intent.action.MEDIA_SCANNER_SCAN_FILE dat=file:///sdcard/screen_2026-05-28_051510.png flg=0x1400010 cmp=com.android.providers.media.module/com.android.providers.media.MediaService }
05-28 05:15:10.240  1644  1644 W com.android.providers.media.module: type=1400 audit(0.0:550): avc: denied { read } for comm=4173796E635461736B202331 name="primary" dev="tmpfs" ino=20444 scontext=u:r:mediaprovider_app:s0:c128,c256,c512,c768 tcontext=u:object_r:mnt_pass_through_file:s0 tclass=lnk_file permissive=0 app=com.android.providers.media.module
05-28 05:15:10.322  1644  1739 I MediaProvider: Deleted 1 items on external_primary due to com.android.shell
05-28 05:15:10.346  6588  6590 I cmd     : oneway function results will be dropped but finished with status OK and parcel size 4
05-28 05:15:10.474   159   159 I hwservicemanager: getTransport: Cannot find entry android.hardware.graphics.mapper@4.0::IMapper/default in either framework or device manifest.
05-28 05:15:10.474  6612  6612 I Gralloc4: mapper 4.x is not supported
05-28 05:15:10.508  6616  6618 I cmd     : oneway function results will be dropped but finished with status OK and parcel size 4
05-28 05:15:10.509  1644  1927 I MediaProvider: Begin Intent { act=android.intent.action.MEDIA_SCANNER_SCAN_FILE dat=file:///sdcard/screen_2026-05-28_051511.png flg=0x1400010 cmp=com.android.providers.media.module/com.android.providers.media.MediaService }
05-28 05:15:10.510  1644  1927 W ModernMediaScanner: Failed to visit /sdcard/screen_2026-05-28_051511.png: java.nio.file.AccessDeniedException: /sdcard/screen_2026-05-28_051511.png
05-28 05:15:10.513  1644  1927 I MediaProvider: Scanned internal due to REASON_DEMAND, found 0 items in 3ms, 0 inserts 0 updates 0 deletes
05-28 05:15:10.513  1644  1927 I MediaProvider: End Intent { act=android.intent.action.MEDIA_SCANNER_SCAN_FILE dat=file:///sdcard/screen_2026-05-28_051511.png flg=0x1400010 cmp=com.android.providers.media.module/com.android.providers.media.MediaService }
05-28 05:15:10.529  1644  1740 I MediaProvider: Deleted 1 items on external_primary due to com.android.shell
05-28 05:15:10.669   159   159 I hwservicemanager: getTransport: Cannot find entry android.hardware.graphics.mapper@4.0::IMapper/default in either framework or device manifest.
05-28 05:15:10.670  6649  6649 I Gralloc4: mapper 4.x is not supported
05-28 05:15:10.706  6653  6655 I cmd     : oneway function results will be dropped but finished with status OK and parcel size 4
05-28 05:15:10.707  1644  1927 I MediaProvider: Begin Intent { act=android.intent.action.MEDIA_SCANNER_SCAN_FILE dat=file:///sdcard/screen_2026-05-28_051511.png flg=0x1400010 cmp=com.android.providers.media.module/com.android.providers.media.MediaService }
05-28 05:15:10.708  1644  1927 W ModernMediaScanner: Failed to visit /sdcard/screen_2026-05-28_051511.png: java.nio.file.AccessDeniedException: /sdcard/screen_2026-05-28_051511.png
05-28 05:15:10.711  1644  1927 I MediaProvider: Scanned internal due to REASON_DEMAND, found 0 items in 3ms, 0 inserts 0 updates 0 deletes
05-28 05:15:10.711  1644  1927 I MediaProvider: End Intent { act=android.intent.action.MEDIA_SCANNER_SCAN_FILE dat=file:///sdcard/screen_2026-05-28_051511.png flg=0x1400010 cmp=com.android.providers.media.module/com.android.providers.media.MediaService }
05-28 05:15:10.728  1644  2581 I MediaProvider: Deleted 1 items on external_primary due to com.android.shell
05-28 05:15:10.752  6664  6666 I cmd     : oneway function results will be dropped but finished with status OK and parcel size 4
05-28 05:15:10.816  6674  6674 E libc    : Access denied finding property "persist.device_config.runtime_native_boot.profilebootclasspath"
05-28 05:15:10.816  6674  6674 E libc    : Access denied finding property "persist.device_config.runtime_native_boot.enable_apex_image"
05-28 05:15:10.816  6674  6674 I AndroidRuntime: Using default boot image
05-28 05:15:10.816  6674  6674 E libc    : Access denied finding property "persist.device_config.runtime_native_boot.disable_lock_profiling"
05-28 05:15:10.816  6674  6674 I AndroidRuntime: Leaving lock profiling enabled
05-28 05:15:10.816  6674  6674 E libc    : Access denied finding property "persist.device_config.runtime_native_boot.enable_generational_cc"
05-28 05:15:10.818  6674  6674 I app_process: Core platform API reporting enabled, enforcing=false
05-28 05:15:10.852  6674  6674 W app_process: Unexpected CPU variant for X86 using defaults: x86_64
05-28 05:15:10.853  6674  6674 I app_process: The ClassLoaderContext is a special shared library.
05-28 05:15:10.859  6674  6674 W app_process: JNI RegisterNativeMethods: attempt to register 0 native methods for android.media.AudioAttributes
05-28 05:15:10.872   510  1658 W InputReader: Device virtio_input_multi_touch_10 is associated with display ADISPLAY_ID_NONE.
05-28 05:15:10.872   510  1658 W InputReader: Device virtio_input_multi_touch_7 is associated with display ADISPLAY_ID_NONE.
05-28 05:15:10.872   510  1658 W InputReader: Device virtio_input_multi_touch_4 is associated with display ADISPLAY_ID_NONE.
05-28 05:15:10.872   510  1658 W InputReader: Device virtio_input_multi_touch_5 is associated with display ADISPLAY_ID_NONE.
05-28 05:15:10.872   510  1658 W InputReader: Device virtio_input_multi_touch_2 is associated with display ADISPLAY_ID_NONE.
05-28 05:15:10.872   510  1658 W InputReader: Device virtio_input_multi_touch_6 is associated with display ADISPLAY_ID_NONE.
05-28 05:15:10.872   510  1658 W InputReader: Device virtio_input_multi_touch_3 is associated with display ADISPLAY_ID_NONE.
05-28 05:15:10.872   510  1658 W InputReader: Device virtio_input_multi_touch_8 is associated with display ADISPLAY_ID_NONE.
05-28 05:15:10.872   510  1658 W InputReader: Device virtio_input_multi_touch_9 is associated with display ADISPLAY_ID_NONE.
05-28 05:15:10.872   510  1658 W InputReader: Device virtio_input_multi_touch_11 is associated with display ADISPLAY_ID_NONE.
05-28 05:15:10.872   510  1658 W InputReader: Device virtio_input_multi_touch_10 is associated with display ADISPLAY_ID_NONE.
05-28 05:15:10.872   510  1658 W InputReader: Device virtio_input_multi_touch_7 is associated with display ADISPLAY_ID_NONE.
05-28 05:15:10.872   510  1658 W InputReader: Device virtio_input_multi_touch_4 is associated with display ADISPLAY_ID_NONE.
05-28 05:15:10.872   510  1658 W InputReader: Device virtio_input_multi_touch_5 is associated with display ADISPLAY_ID_NONE.
05-28 05:15:10.872   510  1658 W InputReader: Device virtio_input_multi_touch_2 is associated with display ADISPLAY_ID_NONE.
05-28 05:15:10.872   510  1658 W InputReader: Device virtio_input_multi_touch_6 is associated with display ADISPLAY_ID_NONE.
05-28 05:15:10.872   510  1658 W InputReader: Device virtio_input_multi_touch_3 is associated with display ADISPLAY_ID_NONE.
05-28 05:15:10.872   510  1658 W InputReader: Device virtio_input_multi_touch_8 is associated with display ADISPLAY_ID_NONE.
05-28 05:15:10.872   510  1658 W InputReader: Device virtio_input_multi_touch_9 is associated with display ADISPLAY_ID_NONE.
05-28 05:15:10.872   510  1658 W InputReader: Device virtio_input_multi_touch_11 is associated with display ADISPLAY_ID_NONE.
05-28 05:15:11.017   330   330 E Layer   : [Surface(name=Task=11)/@0x6c42b28 - animation-leash#0] No local sync point found
05-28 05:15:11.017   330   330 E Layer   : [Surface(name=Task=11)/@0x6c42b28 - animation-leash#0] No local sync point found
05-28 05:15:11.017   330   330 E Layer   : [Surface(name=Task=1)/@0xb7f6dbc - animation-leash#0] No local sync point found
05-28 05:15:11.017   330   330 E Layer   : [Surface(name=Task=1)/@0xb7f6dbc - animation-leash#0] No local sync point found
05-28 05:15:11.546   413   413 I perfetto: probes_producer.cc:329  Producer stop (id=7)
05-28 05:15:11.547   413   413 I perfetto: ftrace_procfs.cc:183    disabled ftrace
05-28 05:15:11.548   415   415 I perfetto: ng_service_impl.cc:1948 Tracing session 7 ended, total sessions:0
05-28 05:15:11.728     0     0 W perfetto: disabled ftrace
05-28 05:15:12.387   159   159 I hwservicemanager: getTransport: Cannot find entry android.hardware.graphics.mapper@4.0::IMapper/default in either framework or device manifest.
05-28 05:15:12.387  6709  6709 I Gralloc4: mapper 4.x is not supported
05-28 05:15:12.479  1644  1927 I MediaProvider: Begin Intent { act=android.intent.action.MEDIA_SCANNER_SCAN_FILE dat=file:///sdcard/screen_2026-05-28_051512.png flg=0x1400010 cmp=com.android.providers.media.module/com.android.providers.media.MediaService }
05-28 05:15:12.476  1644  1644 W com.android.providers.media.module: type=1400 audit(0.0:572): avc: denied { read } for comm=4173796E635461736B202331 name="primary" dev="tmpfs" ino=20444 scontext=u:r:mediaprovider_app:s0:c128,c256,c512,c768 tcontext=u:object_r:mnt_pass_through_file:s0 tclass=lnk_file permissive=0 app=com.android.providers.media.module
05-28 05:15:12.666     0     0 W audit   : audit_lost=408 audit_rate_limit=5 audit_backlog_limit=64
05-28 05:15:12.673     0     0 E audit   : rate limit exceeded
05-28 05:15:12.480  1644  1644 W com.android.providers.media.module: type=1400 audit(0.0:573): avc: denied { read } for comm=4173796E635461736B202331 name="primary" dev="tmpfs" ino=20444 scontext=u:r:mediaprovider_app:s0:c128,c256,c512,c768 tcontext=u:object_r:mnt_pass_through_file:s0 tclass=lnk_file permissive=0 app=com.android.providers.media.module
05-28 05:15:12.501  1644  1927 W ModernMediaScanner: Failed to visit /sdcard/screen_2026-05-28_051512.png: java.nio.file.AccessDeniedException: /sdcard/screen_2026-05-28_051512.png
05-28 05:15:12.501  1644  1927 I MediaProvider: Scanned internal due to REASON_DEMAND, found 0 items in 17ms, 0 inserts 0 updates 0 deletes
05-28 05:15:12.501  1644  1927 I MediaProvider: End Intent { act=android.intent.action.MEDIA_SCANNER_SCAN_FILE dat=file:///sdcard/screen_2026-05-28_051512.png flg=0x1400010 cmp=com.android.providers.media.module/com.android.providers.media.MediaService }
05-28 05:15:12.480  1644  1644 W com.android.providers.media.module: type=1400 audit(0.0:574): avc: denied { read } for comm=4173796E635461736B202331 name="primary" dev="tmpfs" ino=20444 scontext=u:r:mediaprovider_app:s0:c128,c256,c512,c768 tcontext=u:object_r:mnt_pass_through_file:s0 tclass=lnk_file permissive=0 app=com.android.providers.media.module
05-28 05:15:12.536  1644  1739 I MediaProvider: Deleted 1 items on external_primary due to com.android.shell
05-28 05:15:12.560  6726  6728 I cmd     : oneway function results will be dropped but finished with status OK and parcel size 4
05-28 05:15:12.672   159   159 I hwservicemanager: getTransport: Cannot find entry android.hardware.graphics.mapper@4.0::IMapper/default in either framework or device manifest.
05-28 05:15:12.673  6748  6748 I Gralloc4: mapper 4.x is not supported
05-28 05:15:12.739  6752  6754 I cmd     : oneway function results will be dropped but finished with status OK and parcel size 4
05-28 05:15:12.740  1644  1927 I MediaProvider: Begin Intent { act=android.intent.action.MEDIA_SCANNER_SCAN_FILE dat=file:///sdcard/screen_2026-05-28_051513.png flg=0x1400010 cmp=com.android.providers.media.module/com.android.providers.media.MediaService }
05-28 05:15:12.740  1644  1927 W ModernMediaScanner: Failed to visit /sdcard/screen_2026-05-28_051513.png: java.nio.file.AccessDeniedException: /sdcard/screen_2026-05-28_051513.png
05-28 05:15:12.741  1644  1927 I MediaProvider: Scanned internal due to REASON_DEMAND, found 0 items in 1ms, 0 inserts 0 updates 0 deletes
05-28 05:15:12.745  1644  1927 I MediaProvider: End Intent { act=android.intent.action.MEDIA_SCANNER_SCAN_FILE dat=file:///sdcard/screen_2026-05-28_051513.png flg=0x1400010 cmp=com.android.providers.media.module/com.android.providers.media.MediaService }
05-28 05:15:12.765  1644  1740 I MediaProvider: Deleted 1 items on external_primary due to com.android.shell
05-28 05:15:12.789  6764  6766 I cmd     : oneway function results will be dropped but finished with status OK and parcel size 4
05-28 05:15:12.906   159   159 I hwservicemanager: getTransport: Cannot find entry android.hardware.graphics.mapper@4.0::IMapper/default in either framework or device manifest.
05-28 05:15:12.906  6786  6786 I Gralloc4: mapper 4.x is not supported
05-28 05:15:12.941  1405  1839 I Dialer  : VvmTaskExecutor - executing task com.android.voicemail.impl.ActivationTask@61b6a1d
05-28 05:15:12.942  1405  1839 I Dialer  : PreOMigrationHandler - ComponentInfo{com.android.phone/com.android.services.telephony.TelephonyConnectionService}, ***, UserHandle{0} already migrated
05-28 05:15:12.952  1454  1475 I VoicemailNotifier: receivers for android.intent.action.PROVIDER_CHANGED :[]
05-28 05:15:12.953  1405  1839 I Dialer  : VvmActivationTask - VVM content provider configured - vvm_type_cvvm
05-28 05:15:12.953  1405  1839 I Dialer  : OmtpVvmCarrierCfgHlpr - OmtpEvent:CONFIG_ACTIVATING
05-28 05:15:12.955  1454  1475 I VoicemailNotifier: receivers for android.intent.action.PROVIDER_CHANGED :[]
05-28 05:15:12.983  6790  6792 I cmd     : oneway function results will be dropped but finished with status OK and parcel size 4
05-28 05:15:12.984  1644  1927 I MediaProvider: Begin Intent { act=android.intent.action.MEDIA_SCANNER_SCAN_FILE dat=file:///sdcard/screen_2026-05-28_051513.png flg=0x1400010 cmp=com.android.providers.media.module/com.android.providers.media.MediaService }
05-28 05:15:12.984  1644  1927 W ModernMediaScanner: Failed to visit /sdcard/screen_2026-05-28_051513.png: java.nio.file.AccessDeniedException: /sdcard/screen_2026-05-28_051513.png
05-28 05:15:12.985  1644  1927 I MediaProvider: Scanned internal due to REASON_DEMAND, found 0 items in 1ms, 0 inserts 0 updates 0 deletes
05-28 05:15:12.986  1644  1927 I MediaProvider: End Intent { act=android.intent.action.MEDIA_SCANNER_SCAN_FILE dat=file:///sdcard/screen_2026-05-28_051513.png flg=0x1400010 cmp=com.android.providers.media.module/com.android.providers.media.MediaService }
05-28 05:15:13.006  1644  2581 I MediaProvider: Deleted 1 items on external_primary due to com.android.shell
05-28 05:15:13.030  6801  6803 I cmd     : oneway function results will be dropped but finished with status OK and parcel size 4
05-28 05:15:13.065   510   788 I ActivityTaskManager: START u0 {act=android.intent.action.MAIN cat=[android.intent.category.LAUNCHER] flg=0x10000000 cmp=com.mocoding.pokedex.android/.MainActivity} from uid 2000
05-28 05:15:13.065   415   415 I perfetto: ing_service_impl.cc:758 Configured tracing session 8, #sources:1, duration:5000 ms, #buffers:1, total buffer size:4096 KB, total sessions:1, uid:1071 session name: ""
05-28 05:15:13.065   413   413 I perfetto: probes_producer.cc:230  Ftrace setup (target_buf=8)
05-28 05:15:13.073   510   539 W ActivityTaskManager: Tried to set launchTime (0) < mLastActivityLaunchTime (85960)
05-28 05:15:13.073   510   539 W InputReader: Device virtio_input_multi_touch_10 is associated with display ADISPLAY_ID_NONE.
05-28 05:15:13.073   510   539 W InputReader: Device virtio_input_multi_touch_7 is associated with display ADISPLAY_ID_NONE.
05-28 05:15:13.073   510   539 W InputReader: Device virtio_input_multi_touch_4 is associated with display ADISPLAY_ID_NONE.
05-28 05:15:13.073   510   539 W InputReader: Device virtio_input_multi_touch_5 is associated with display ADISPLAY_ID_NONE.
05-28 05:15:13.073   510   539 W InputReader: Device virtio_input_multi_touch_2 is associated with display ADISPLAY_ID_NONE.
05-28 05:15:13.073   510   539 W InputReader: Device virtio_input_multi_touch_6 is associated with display ADISPLAY_ID_NONE.
05-28 05:15:13.073   510   539 W InputReader: Device virtio_input_multi_touch_3 is associated with display ADISPLAY_ID_NONE.
05-28 05:15:13.073   510   539 W InputReader: Device virtio_input_multi_touch_8 is associated with display ADISPLAY_ID_NONE.
05-28 05:15:13.073   510   539 W InputReader: Device virtio_input_multi_touch_9 is associated with display ADISPLAY_ID_NONE.
05-28 05:15:13.073   510   539 W InputReader: Device virtio_input_multi_touch_11 is associated with display ADISPLAY_ID_NONE.
05-28 05:15:13.073   510   539 W InputReader: Device virtio_input_multi_touch_10 is associated with display ADISPLAY_ID_NONE.
05-28 05:15:13.073   510   539 W InputReader: Device virtio_input_multi_touch_7 is associated with display ADISPLAY_ID_NONE.
05-28 05:15:13.073   510   539 W InputReader: Device virtio_input_multi_touch_4 is associated with display ADISPLAY_ID_NONE.
05-28 05:15:13.073   510   539 W InputReader: Device virtio_input_multi_touch_5 is associated with display ADISPLAY_ID_NONE.
05-28 05:15:13.073   510   539 W InputReader: Device virtio_input_multi_touch_2 is associated with display ADISPLAY_ID_NONE.
05-28 05:15:13.073   510   539 W InputReader: Device virtio_input_multi_touch_6 is associated with display ADISPLAY_ID_NONE.
05-28 05:15:13.073   510   539 W InputReader: Device virtio_input_multi_touch_3 is associated with display ADISPLAY_ID_NONE.
05-28 05:15:13.073   510   539 W InputReader: Device virtio_input_multi_touch_8 is associated with display ADISPLAY_ID_NONE.
05-28 05:15:13.073   510   539 W InputReader: Device virtio_input_multi_touch_9 is associated with display ADISPLAY_ID_NONE.
05-28 05:15:13.073   510   539 W InputReader: Device virtio_input_multi_touch_11 is associated with display ADISPLAY_ID_NONE.
05-28 05:15:13.078   413   413 I perfetto: ftrace_procfs.cc:176    enabled ftrace
05-28 05:15:13.259     0     0 W perfetto: enabled ftrace
05-28 05:15:13.229   510   550 I ActivityTaskManager: Displayed com.mocoding.pokedex.android/.MainActivity: +163ms
05-28 05:15:14.160   159   159 I hwservicemanager: getTransport: Cannot find entry android.hardware.graphics.mapper@4.0::IMapper/default in either framework or device manifest.
05-28 05:15:14.160  6848  6848 I Gralloc4: mapper 4.x is not supported
05-28 05:15:14.204  6852  6854 I cmd     : oneway function results will be dropped but finished with status OK and parcel size 4
05-28 05:15:14.204  1644  1927 I MediaProvider: Begin Intent { act=android.intent.action.MEDIA_SCANNER_SCAN_FILE dat=file:///sdcard/screen_2026-05-28_051514.png flg=0x1400010 cmp=com.android.providers.media.module/com.android.providers.media.MediaService }
05-28 05:15:14.200  1644  1644 W com.android.providers.media.module: type=1400 audit(0.0:590): avc: denied { read } for comm=4173796E635461736B202331 name="primary" dev="tmpfs" ino=20444 scontext=u:r:mediaprovider_app:s0:c128,c256,c512,c768 tcontext=u:object_r:mnt_pass_through_file:s0 tclass=lnk_file permissive=0 app=com.android.providers.media.module
05-28 05:15:14.387     0     0 W audit   : audit_lost=421 audit_rate_limit=5 audit_backlog_limit=64
05-28 05:15:14.396     0     0 E audit   : rate limit exceeded
05-28 05:15:14.200  1644  1644 W com.android.providers.media.module: type=1400 audit(0.0:591): avc: denied { read } for comm=4173796E635461736B202331 name="primary" dev="tmpfs" ino=20444 scontext=u:r:mediaprovider_app:s0:c128,c256,c512,c768 tcontext=u:object_r:mnt_pass_through_file:s0 tclass=lnk_file permissive=0 app=com.android.providers.media.module
05-28 05:15:14.223  1644  1927 W ModernMediaScanner: Failed to visit /sdcard/screen_2026-05-28_051514.png: java.nio.file.AccessDeniedException: /sdcard/screen_2026-05-28_051514.png
05-28 05:15:14.224  1644  1927 I MediaProvider: Scanned internal due to REASON_DEMAND, found 0 items in 19ms, 0 inserts 0 updates 0 deletes
05-28 05:15:14.224  1644  1927 I MediaProvider: End Intent { act=android.intent.action.MEDIA_SCANNER_SCAN_FILE dat=file:///sdcard/screen_2026-05-28_051514.png flg=0x1400010 cmp=com.android.providers.media.module/com.android.providers.media.MediaService }
05-28 05:15:14.200  1644  1644 W com.android.providers.media.module: type=1400 audit(0.0:592): avc: denied { read } for comm=4173796E635461736B202331 name="primary" dev="tmpfs" ino=20444 scontext=u:r:mediaprovider_app:s0:c128,c256,c512,c768 tcontext=u:object_r:mnt_pass_through_file:s0 tclass=lnk_file permissive=0 app=com.android.providers.media.module
05-28 05:15:14.261  1644  1739 I MediaProvider: Deleted 1 items on external_primary due to com.android.shell
05-28 05:15:14.285  6863  6865 I cmd     : oneway function results will be dropped but finished with status OK and parcel size 4
05-28 05:15:14.395   159   159 I hwservicemanager: getTransport: Cannot find entry android.hardware.graphics.mapper@4.0::IMapper/default in either framework or device manifest.
05-28 05:15:14.395  6885  6885 I Gralloc4: mapper 4.x is not supported
05-28 05:15:14.438  6889  6891 I cmd     : oneway function results will be dropped but finished with status OK and parcel size 4
05-28 05:15:14.439  1644  1927 I MediaProvider: Begin Intent { act=android.intent.action.MEDIA_SCANNER_SCAN_FILE dat=file:///sdcard/screen_2026-05-28_051514.png flg=0x1400010 cmp=com.android.providers.media.module/com.android.providers.media.MediaService }
05-28 05:15:14.440  1644  1927 W ModernMediaScanner: Failed to visit /sdcard/screen_2026-05-28_051514.png: java.nio.file.AccessDeniedException: /sdcard/screen_2026-05-28_051514.png
05-28 05:15:14.440  1644  1927 I MediaProvider: Scanned internal due to REASON_DEMAND, found 0 items in 0ms, 0 inserts 0 updates 0 deletes
05-28 05:15:14.440  1644  1927 I MediaProvider: End Intent { act=android.intent.action.MEDIA_SCANNER_SCAN_FILE dat=file:///sdcard/screen_2026-05-28_051514.png flg=0x1400010 cmp=com.android.providers.media.module/com.android.providers.media.MediaService }
05-28 05:15:14.461  1644  1740 I MediaProvider: Deleted 1 items on external_primary due to com.android.shell
05-28 05:15:14.620   159   159 I hwservicemanager: getTransport: Cannot find entry android.hardware.graphics.mapper@4.0::IMapper/default in either framework or device manifest.
05-28 05:15:14.620  6924  6924 I Gralloc4: mapper 4.x is not supported
05-28 05:15:14.663  1644  1927 I MediaProvider: Begin Intent { act=android.intent.action.MEDIA_SCANNER_SCAN_FILE dat=file:///sdcard/screen_2026-05-28_051515.png flg=0x1400010 cmp=com.android.providers.media.module/com.android.providers.media.MediaService }
05-28 05:15:14.664  1644  1927 W ModernMediaScanner: Failed to visit /sdcard/screen_2026-05-28_051515.png: java.nio.file.AccessDeniedException: /sdcard/screen_2026-05-28_051515.png
05-28 05:15:14.664  1644  1927 I MediaProvider: Scanned internal due to REASON_DEMAND, found 0 items in 0ms, 0 inserts 0 updates 0 deletes
05-28 05:15:14.665  1644  1927 I MediaProvider: End Intent { act=android.intent.action.MEDIA_SCANNER_SCAN_FILE dat=file:///sdcard/screen_2026-05-28_051515.png flg=0x1400010 cmp=com.android.providers.media.module/com.android.providers.media.MediaService }
05-28 05:15:14.684  1644  1739 I MediaProvider: Deleted 1 items on external_primary due to com.android.shell
05-28 05:15:14.708  6939  6941 I cmd     : oneway function results will be dropped but finished with status OK and parcel size 4
05-28 05:15:14.753  6954  6956 I cmd     : oneway function results will be dropped but finished with status OK and parcel size 4
05-28 05:15:14.798  6969  6971 I cmd     : oneway function results will be dropped but finished with status OK and parcel size 4
05-28 05:15:14.843  6984  6986 I cmd     : oneway function results will be dropped but finished with status OK and parcel size 4
05-28 05:15:14.915  6996  6996 E libc    : Access denied finding property "persist.device_config.runtime_native_boot.profilebootclasspath"
05-28 05:15:14.915  6996  6996 E libc    : Access denied finding property "persist.device_config.runtime_native_boot.enable_apex_image"
05-28 05:15:14.915  6996  6996 I AndroidRuntime: Using default boot image
05-28 05:15:14.915  6996  6996 E libc    : Access denied finding property "persist.device_config.runtime_native_boot.disable_lock_profiling"
05-28 05:15:14.915  6996  6996 I AndroidRuntime: Leaving lock profiling enabled
05-28 05:15:14.915  6996  6996 E libc    : Access denied finding property "persist.device_config.runtime_native_boot.enable_generational_cc"
05-28 05:15:14.917  6996  6996 I app_process: Core platform API reporting enabled, enforcing=false
05-28 05:15:14.952  6996  6996 W app_process: Unexpected CPU variant for X86 using defaults: x86_64
05-28 05:15:14.953  6996  6996 I app_process: The ClassLoaderContext is a special shared library.
05-28 05:15:14.959  6996  6996 W app_process: JNI RegisterNativeMethods: attempt to register 0 native methods for android.media.AudioAttributes
05-28 05:15:15.077  2226  2226 E AccessibilityInteractionClient: 2 Disconnected nodes.
05-28 05:15:15.107   510  1487 E TaskPersister: File error accessing recents directory (directory doesn't exist?).
05-28 05:15:16.663   159   159 I hwservicemanager: getTransport: Cannot find entry android.hardware.graphics.mapper@4.0::IMapper/default in either framework or device manifest.
05-28 05:15:16.663  7031  7031 I Gralloc4: mapper 4.x is not supported
05-28 05:15:16.698  7035  7037 I cmd     : oneway function results will be dropped but finished with status OK and parcel size 4
05-28 05:15:16.698  1644  1927 I MediaProvider: Begin Intent { act=android.intent.action.MEDIA_SCANNER_SCAN_FILE dat=file:///sdcard/screen_2026-05-28_051517.png flg=0x1400010 cmp=com.android.providers.media.module/com.android.providers.media.MediaService }
05-28 05:15:16.696  1644  1644 W com.android.providers.media.module: type=1400 audit(0.0:612): avc: denied { read } for comm=4173796E635461736B202331 name="primary" dev="tmpfs" ino=20444 scontext=u:r:mediaprovider_app:s0:c128,c256,c512,c768 tcontext=u:object_r:mnt_pass_through_file:s0 tclass=lnk_file permissive=0 app=com.android.providers.media.module
05-28 05:15:16.715  1644  1927 W ModernMediaScanner: Failed to visit /sdcard/screen_2026-05-28_051517.png: java.nio.file.AccessDeniedException: /sdcard/screen_2026-05-28_051517.png
05-28 05:15:16.715  1644  1927 I MediaProvider: Scanned internal due to REASON_DEMAND, found 0 items in 16ms, 0 inserts 0 updates 0 deletes
05-28 05:15:16.716  1644  1927 I MediaProvider: End Intent { act=android.intent.action.MEDIA_SCANNER_SCAN_FILE dat=file:///sdcard/screen_2026-05-28_051517.png flg=0x1400010 cmp=com.android.providers.media.module/com.android.providers.media.MediaService }
05-28 05:15:16.696  1644  1644 W com.android.providers.media.module: type=1400 audit(0.0:614): avc: denied { read } for comm=4173796E635461736B202331 name="primary" dev="tmpfs" ino=20444 scontext=u:r:mediaprovider_app:s0:c128,c256,c512,c768 tcontext=u:object_r:mnt_pass_through_file:s0 tclass=lnk_file permissive=0 app=com.android.providers.media.module
05-28 05:15:16.780  1644  2581 I MediaProvider: Deleted 1 items on external_primary due to com.android.shell
05-28 05:15:16.803  7046  7048 I cmd     : oneway function results will be dropped but finished with status OK and parcel size 4
05-28 05:15:16.913   159   159 I hwservicemanager: getTransport: Cannot find entry android.hardware.graphics.mapper@4.0::IMapper/default in either framework or device manifest.
05-28 05:15:16.913  7068  7068 I Gralloc4: mapper 4.x is not supported
05-28 05:15:16.948  7072  7074 I cmd     : oneway function results will be dropped but finished with status OK and parcel size 4
05-28 05:15:16.949  1644  1927 I MediaProvider: Begin Intent { act=android.intent.action.MEDIA_SCANNER_SCAN_FILE dat=file:///sdcard/screen_2026-05-28_051517.png flg=0x1400010 cmp=com.android.providers.media.module/com.android.providers.media.MediaService }
05-28 05:15:16.950  1644  1927 W ModernMediaScanner: Failed to visit /sdcard/screen_2026-05-28_051517.png: java.nio.file.AccessDeniedException: /sdcard/screen_2026-05-28_051517.png
05-28 05:15:16.951  1644  1927 I MediaProvider: Scanned internal due to REASON_DEMAND, found 0 items in 1ms, 0 inserts 0 updates 0 deletes
05-28 05:15:16.951  1644  1927 I MediaProvider: End Intent { act=android.intent.action.MEDIA_SCANNER_SCAN_FILE dat=file:///sdcard/screen_2026-05-28_051517.png flg=0x1400010 cmp=com.android.providers.media.module/com.android.providers.media.MediaService }
05-28 05:15:16.970  1644  1740 I MediaProvider: Deleted 1 items on external_primary due to com.android.shell
05-28 05:15:16.994  7083  7085 I cmd     : oneway function results will be dropped but finished with status OK and parcel size 4
05-28 05:15:17.105   159   159 I hwservicemanager: getTransport: Cannot find entry android.hardware.graphics.mapper@4.0::IMapper/default in either framework or device manifest.
05-28 05:15:17.105  7105  7105 I Gralloc4: mapper 4.x is not supported
05-28 05:15:17.140  7109  7111 I cmd     : oneway function results will be dropped but finished with status OK and parcel size 4
05-28 05:15:17.141  1644  1927 I MediaProvider: Begin Intent { act=android.intent.action.MEDIA_SCANNER_SCAN_FILE dat=file:///sdcard/screen_2026-05-28_051517.png flg=0x1400010 cmp=com.android.providers.media.module/com.android.providers.media.MediaService }
05-28 05:15:17.142  1644  1927 W ModernMediaScanner: Failed to visit /sdcard/screen_2026-05-28_051517.png: java.nio.file.AccessDeniedException: /sdcard/screen_2026-05-28_051517.png
05-28 05:15:17.142  1644  1927 I MediaProvider: Scanned internal due to REASON_DEMAND, found 0 items in 2ms, 0 inserts 0 updates 0 deletes
05-28 05:15:17.143  1644  1927 I MediaProvider: End Intent { act=android.intent.action.MEDIA_SCANNER_SCAN_FILE dat=file:///sdcard/screen_2026-05-28_051517.png flg=0x1400010 cmp=com.android.providers.media.module/com.android.providers.media.MediaService }
05-28 05:15:17.162  1644  1739 I MediaProvider: Deleted 1 items on external_primary due to com.android.shell
05-28 05:15:17.187  7120  7122 I cmd     : oneway function results will be dropped but finished with status OK and parcel size 4
05-28 05:15:17.237  7135  7137 I cmd     : oneway function results will be dropped but finished with status OK and parcel size 4
05-28 05:15:17.286  7150  7152 I cmd     : oneway function results will be dropped but finished with status OK and parcel size 4
05-28 05:15:17.332  7165  7167 I cmd     : oneway function results will be dropped but finished with status OK and parcel size 4
05-28 05:15:17.402  7177  7177 E libc    : Access denied finding property "persist.device_config.runtime_native_boot.profilebootclasspath"
05-28 05:15:17.402  7177  7177 E libc    : Access denied finding property "persist.device_config.runtime_native_boot.enable_apex_image"
05-28 05:15:17.402  7177  7177 I AndroidRuntime: Using default boot image
05-28 05:15:17.402  7177  7177 E libc    : Access denied finding property "persist.device_config.runtime_native_boot.disable_lock_profiling"
05-28 05:15:17.402  7177  7177 I AndroidRuntime: Leaving lock profiling enabled
05-28 05:15:17.402  7177  7177 E libc    : Access denied finding property "persist.device_config.runtime_native_boot.enable_generational_cc"
05-28 05:15:17.403  7177  7177 I app_process: Core platform API reporting enabled, enforcing=false
05-28 05:15:17.438  7177  7177 W app_process: Unexpected CPU variant for X86 using defaults: x86_64
05-28 05:15:17.439  7177  7177 I app_process: The ClassLoaderContext is a special shared library.
05-28 05:15:17.444  7177  7177 W app_process: JNI RegisterNativeMethods: attempt to register 0 native methods for android.media.AudioAttributes
05-28 05:15:17.558  2226  2226 E AccessibilityInteractionClient: 3 Disconnected nodes.
05-28 05:15:18.068   413   413 I perfetto: probes_producer.cc:329  Producer stop (id=8)
05-28 05:15:18.069   415   415 I perfetto: ng_service_impl.cc:1948 Tracing session 8 ended, total sessions:0
05-28 05:15:18.070   413   413 I perfetto: ftrace_procfs.cc:183    disabled ftrace
05-28 05:15:18.250     0     0 W perfetto: disabled ftrace
05-28 05:15:19.149   159   159 I hwservicemanager: getTransport: Cannot find entry android.hardware.graphics.mapper@4.0::IMapper/default in either framework or device manifest.
05-28 05:15:19.150  7212  7212 I Gralloc4: mapper 4.x is not supported
05-28 05:15:19.184  1644  1927 I MediaProvider: Begin Intent { act=android.intent.action.MEDIA_SCANNER_SCAN_FILE dat=file:///sdcard/screen_2026-05-28_051519.png flg=0x1400010 cmp=com.android.providers.media.module/com.android.providers.media.MediaService }
05-28 05:15:19.180  1644  1644 W com.android.providers.media.module: type=1400 audit(0.0:634): avc: denied { read } for comm=4173796E635461736B202331 name="primary" dev="tmpfs" ino=20444 scontext=u:r:mediaprovider_app:s0:c128,c256,c512,c768 tcontext=u:object_r:mnt_pass_through_file:s0 tclass=lnk_file permissive=0 app=com.android.providers.media.module
05-28 05:15:19.366     0     0 W audit   : audit_lost=455 audit_rate_limit=5 audit_backlog_limit=64
05-28 05:15:19.376     0     0 E audit   : rate limit exceeded
05-28 05:15:19.180  1644  1644 W com.android.providers.media.module: type=1400 audit(0.0:635): avc: denied { read } for comm=4173796E635461736B202331 name="primary" dev="tmpfs" ino=20444 scontext=u:r:mediaprovider_app:s0:c128,c256,c512,c768 tcontext=u:object_r:mnt_pass_through_file:s0 tclass=lnk_file permissive=0 app=com.android.providers.media.module
05-28 05:15:19.203  1644  1927 W ModernMediaScanner: Failed to visit /sdcard/screen_2026-05-28_051519.png: java.nio.file.AccessDeniedException: /sdcard/screen_2026-05-28_051519.png
05-28 05:15:19.203  1644  1927 I MediaProvider: Scanned internal due to REASON_DEMAND, found 0 items in 18ms, 0 inserts 0 updates 0 deletes
05-28 05:15:19.205  1644  1927 I MediaProvider: End Intent { act=android.intent.action.MEDIA_SCANNER_SCAN_FILE dat=file:///sdcard/screen_2026-05-28_051519.png flg=0x1400010 cmp=com.android.providers.media.module/com.android.providers.media.MediaService }
05-28 05:15:19.180  1644  1644 W com.android.providers.media.module: type=1400 audit(0.0:636): avc: denied { read } for comm=4173796E635461736B202331 name="primary" dev="tmpfs" ino=20444 scontext=u:r:mediaprovider_app:s0:c128,c256,c512,c768 tcontext=u:object_r:mnt_pass_through_file:s0 tclass=lnk_file permissive=0 app=com.android.providers.media.module
05-28 05:15:19.268  1644  2581 I MediaProvider: Deleted 1 items on external_primary due to com.android.shell
05-28 05:15:19.292  7227  7229 I cmd     : oneway function results will be dropped but finished with status OK and parcel size 4
05-28 05:15:19.410   159   159 I hwservicemanager: getTransport: Cannot find entry android.hardware.graphics.mapper@4.0::IMapper/default in either framework or device manifest.
05-28 05:15:19.411  7249  7249 I Gralloc4: mapper 4.x is not supported
05-28 05:15:19.445  1644  1927 I MediaProvider: Begin Intent { act=android.intent.action.MEDIA_SCANNER_SCAN_FILE dat=file:///sdcard/screen_2026-05-28_051520.png flg=0x1400010 cmp=com.android.providers.media.module/com.android.providers.media.MediaService }
05-28 05:15:19.446  1644  1927 W ModernMediaScanner: Failed to visit /sdcard/screen_2026-05-28_051520.png: java.nio.file.AccessDeniedException: /sdcard/screen_2026-05-28_051520.png
05-28 05:15:19.448  1644  1927 I MediaProvider: Scanned internal due to REASON_DEMAND, found 0 items in 3ms, 0 inserts 0 updates 0 deletes
05-28 05:15:19.448  1644  1927 I MediaProvider: End Intent { act=android.intent.action.MEDIA_SCANNER_SCAN_FILE dat=file:///sdcard/screen_2026-05-28_051520.png flg=0x1400010 cmp=com.android.providers.media.module/com.android.providers.media.MediaService }
05-28 05:15:19.465  1644  1740 I MediaProvider: Deleted 1 items on external_primary due to com.android.shell
05-28 05:15:19.488  7264  7266 I cmd     : oneway function results will be dropped but finished with status OK and parcel size 4
05-28 05:15:19.598   159   159 I hwservicemanager: getTransport: Cannot find entry android.hardware.graphics.mapper@4.0::IMapper/default in either framework or device manifest.
05-28 05:15:19.598  7286  7286 I Gralloc4: mapper 4.x is not supported
05-28 05:15:19.636  1644  1927 I MediaProvider: Begin Intent { act=android.intent.action.MEDIA_SCANNER_SCAN_FILE dat=file:///sdcard/screen_2026-05-28_051520.png flg=0x1400010 cmp=com.android.providers.media.module/com.android.providers.media.MediaService }
05-28 05:15:19.637  1644  1927 W ModernMediaScanner: Failed to visit /sdcard/screen_2026-05-28_051520.png: java.nio.file.AccessDeniedException: /sdcard/screen_2026-05-28_051520.png
05-28 05:15:19.642  1644  1927 I MediaProvider: Scanned internal due to REASON_DEMAND, found 0 items in 5ms, 0 inserts 0 updates 0 deletes
05-28 05:15:19.642  1644  1927 I MediaProvider: End Intent { act=android.intent.action.MEDIA_SCANNER_SCAN_FILE dat=file:///sdcard/screen_2026-05-28_051520.png flg=0x1400010 cmp=com.android.providers.media.module/com.android.providers.media.MediaService }
05-28 05:15:19.704  1644  1739 I MediaProvider: Deleted 1 items on external_primary due to com.android.shell
05-28 05:15:19.727  7303  7305 I cmd     : oneway function results will be dropped but finished with status OK and parcel size 4
05-28 05:15:19.820  7333  7335 I cmd     : oneway function results will be dropped but finished with status OK and parcel size 4
05-28 05:15:19.867  7348  7350 I cmd     : oneway function results will be dropped but finished with status OK and parcel size 4
05-28 05:15:19.939  7360  7360 E libc    : Access denied finding property "persist.device_config.runtime_native_boot.profilebootclasspath"
05-28 05:15:19.939  7360  7360 E libc    : Access denied finding property "persist.device_config.runtime_native_boot.enable_apex_image"
05-28 05:15:19.939  7360  7360 I AndroidRuntime: Using default boot image
05-28 05:15:19.939  7360  7360 E libc    : Access denied finding property "persist.device_config.runtime_native_boot.disable_lock_profiling"
05-28 05:15:19.939  7360  7360 I AndroidRuntime: Leaving lock profiling enabled
05-28 05:15:19.940  7360  7360 E libc    : Access denied finding property "persist.device_config.runtime_native_boot.enable_generational_cc"
05-28 05:15:19.941  7360  7360 I app_process: Core platform API reporting enabled, enforcing=false
05-28 05:15:19.975  7360  7360 W app_process: Unexpected CPU variant for X86 using defaults: x86_64
05-28 05:15:19.976  7360  7360 I app_process: The ClassLoaderContext is a special shared library.
05-28 05:15:19.981  7360  7360 W app_process: JNI RegisterNativeMethods: attempt to register 0 native methods for android.media.AudioAttributes
05-28 05:15:20.007  2226  2226 E AccessibilityInteractionClient: 3 Disconnected nodes.
05-28 05:15:21.688   159   159 I hwservicemanager: getTransport: Cannot find entry android.hardware.graphics.mapper@4.0::IMapper/default in either framework or device manifest.
05-28 05:15:21.688  7392  7392 I Gralloc4: mapper 4.x is not supported
05-28 05:15:21.737  7398  7400 I cmd     : oneway function results will be dropped but finished with status OK and parcel size 4
05-28 05:15:21.738  1644  1927 I MediaProvider: Begin Intent { act=android.intent.action.MEDIA_SCANNER_SCAN_FILE dat=file:///sdcard/screen_2026-05-28_051522.png flg=0x1400010 cmp=com.android.providers.media.module/com.android.providers.media.MediaService }
05-28 05:15:21.736  1644  1644 W com.android.providers.media.module: type=1400 audit(0.0:656): avc: denied { read } for comm=4173796E635461736B202331 name="primary" dev="tmpfs" ino=20444 scontext=u:r:mediaprovider_app:s0:c128,c256,c512,c768 tcontext=u:object_r:mnt_pass_through_file:s0 tclass=lnk_file permissive=0 app=com.android.providers.media.module
05-28 05:15:21.757  1644  1927 W ModernMediaScanner: Failed to visit /sdcard/screen_2026-05-28_051522.png: java.nio.file.AccessDeniedException: /sdcard/screen_2026-05-28_051522.png
05-28 05:15:21.757  1644  1927 I MediaProvider: Scanned internal due to REASON_DEMAND, found 0 items in 19ms, 0 inserts 0 updates 0 deletes
05-28 05:15:21.758  1644  1927 I MediaProvider: End Intent { act=android.intent.action.MEDIA_SCANNER_SCAN_FILE dat=file:///sdcard/screen_2026-05-28_051522.png flg=0x1400010 cmp=com.android.providers.media.module/com.android.providers.media.MediaService }
05-28 05:15:21.736  1644  1644 W com.android.providers.media.module: type=1400 audit(0.0:658): avc: denied { read } for comm=4173796E635461736B202331 name="primary" dev="tmpfs" ino=20444 scontext=u:r:mediaprovider_app:s0:c128,c256,c512,c768 tcontext=u:object_r:mnt_pass_through_file:s0 tclass=lnk_file permissive=0 app=com.android.providers.media.module
05-28 05:15:21.794  1644  2581 I MediaProvider: Deleted 1 items on external_primary due to com.android.shell
05-28 05:15:21.822  7409  7411 I cmd     : oneway function results will be dropped but finished with status OK and parcel size 4
05-28 05:15:21.933   159   159 I hwservicemanager: getTransport: Cannot find entry android.hardware.graphics.mapper@4.0::IMapper/default in either framework or device manifest.
05-28 05:15:21.933  7431  7431 I Gralloc4: mapper 4.x is not supported
