05-28 05:14:15.283  2610  2610 W pokedex.androi: and incorrect proguard optimizations.
05-28 05:14:15.240  1644  1644 W com.android.providers.media.module: type=1400 audit(0.0:78): avc: denied { read } for comm=4173796E635461736B202331 name="primary" dev="tmpfs" ino=20444 scontext=u:r:mediaprovider_app:s0:c128,c256,c512,c768 tcontext=u:object_r:mnt_pass_through_file:s0 tclass=lnk_file permissive=0 app=com.android.providers.media.module
05-28 05:14:15.292  1644  1927 W ModernMediaScanner: Failed to visit /sdcard/screen_2026-05-28_051415.png: java.nio.file.AccessDeniedException: /sdcard/screen_2026-05-28_051415.png
05-28 05:14:15.293  1644  1927 I MediaProvider: Scanned internal due to REASON_DEMAND, found 0 items in 48ms, 0 inserts 0 updates 0 deletes
05-28 05:14:15.472     0     0 E audit   : rate limit exceeded
05-28 05:14:15.293  1644  1927 I MediaProvider: End Intent { act=android.intent.action.MEDIA_SCANNER_SCAN_FILE dat=file:///sdcard/screen_2026-05-28_051415.png flg=0x1400010 cmp=com.android.providers.media.module/com.android.providers.media.MediaService }
05-28 05:14:15.308  2610  2610 W pokedex.androi: Accessing hidden method Landroid/graphics/Canvas;->drawPatch(Landroid/graphics/NinePatch;Landroid/graphics/Rect;Landroid/graphics/Paint;)V (greylist-max-o, linking, denied)
05-28 05:14:15.308  2610  2610 W pokedex.androi: Accessing hidden method Landroid/graphics/Canvas;->drawPatch(Landroid/graphics/NinePatch;Landroid/graphics/RectF;Landroid/graphics/Paint;)V (greylist-max-o, linking, denied)
05-28 05:14:15.330  1644  2581 I MediaProvider: Deleted 1 items on external_primary due to com.android.shell
05-28 05:14:15.550   159   159 I hwservicemanager: getTransport: Cannot find entry android.hardware.configstore@1.0::ISurfaceFlingerConfigs/default in either framework or device manifest.
05-28 05:14:15.564   159   159 I hwservicemanager: getTransport: Cannot find entry android.hardware.graphics.mapper@4.0::IMapper/default in either framework or device manifest.
05-28 05:14:15.564  2610  2635 I Gralloc4: mapper 4.x is not supported
05-28 05:14:15.759   158   158 I servicemanager: Notifying apexservice they have clients: 1
05-28 05:14:15.759   158   158 I servicemanager: Notifying apexservice they have clients: 0
05-28 05:14:15.943     0     0 I AidlLazyServiceRegistrar: Process has 1 (of 1 available) client(s) in use after notification android.apex.IApexService has clients: 1
05-28 05:14:15.947     0     0 I AidlLazyServiceRegistrar: Process has 0 (of 1 available) client(s) in use after notification android.apex.IApexService has clients: 0
05-28 05:14:15.951     0     0 I AidlLazyServiceRegistrar: Shutdown prevented by forcePersist override flag.
05-28 05:14:15.774   159   159 I hwservicemanager: getTransport: Cannot find entry android.hardware.graphics.mapper@4.0::IMapper/default in either framework or device manifest.
05-28 05:14:15.774  2690  2690 I Gralloc4: mapper 4.x is not supported
05-28 05:14:15.930  1644  1927 I MediaProvider: Begin Intent { act=android.intent.action.MEDIA_SCANNER_SCAN_FILE dat=file:///sdcard/screen_2026-05-28_051416.png flg=0x1400010 cmp=com.android.providers.media.module/com.android.providers.media.MediaService }
05-28 05:14:15.931  1644  1927 W ModernMediaScanner: Failed to visit /sdcard/screen_2026-05-28_051416.png: java.nio.file.AccessDeniedException: /sdcard/screen_2026-05-28_051416.png
05-28 05:14:15.932  1644  1927 I MediaProvider: Scanned internal due to REASON_DEMAND, found 0 items in 1ms, 0 inserts 0 updates 0 deletes
05-28 05:14:15.933  1644  1927 I MediaProvider: End Intent { act=android.intent.action.MEDIA_SCANNER_SCAN_FILE dat=file:///sdcard/screen_2026-05-28_051416.png flg=0x1400010 cmp=com.android.providers.media.module/com.android.providers.media.MediaService }
05-28 05:14:15.996  1644  1740 I MediaProvider: Deleted 1 items on external_primary due to com.android.shell
05-28 05:14:16.288   159   159 I hwservicemanager: getTransport: Cannot find entry android.hardware.graphics.mapper@4.0::IMapper/default in either framework or device manifest.
05-28 05:14:16.288  2729  2729 I Gralloc4: mapper 4.x is not supported
05-28 05:14:16.305  2610  2635 I OpenGLRenderer: Davey! duration=1402ms; Flags=1, IntendedVsync=34311726695, Vsync=34378393359, OldestInputEvent=9223372036854775807, NewestInputEvent=0, HandleInputStart=34386368825, AnimationStart=34386370478, PerformTraversalsStart=34386419449, DrawStart=34991061208, SyncQueued=35007536310, SyncStart=35008041533, IssueDrawCommandsStart=35008083121, SwapBuffers=35634785951, FrameCompleted=35714899250, DequeueBufferDuration=41588, QueueBufferDuration=235339, GpuCompleted=0, 
05-28 05:14:16.308   510   550 I ActivityTaskManager: Displayed com.mocoding.pokedex.android/.MainActivity: +2s237ms
05-28 05:14:16.346  1644  1927 I MediaProvider: Begin Intent { act=android.intent.action.MEDIA_SCANNER_SCAN_FILE dat=file:///sdcard/screen_2026-05-28_051416.png flg=0x1400010 cmp=com.android.providers.media.module/com.android.providers.media.MediaService }
05-28 05:14:16.352  2610  2610 I Choreographer: Skipped 81 frames!  The application may be doing too much work on its main thread.
05-28 05:14:16.371  2610  2635 I OpenGLRenderer: Davey! duration=1370ms; Flags=0, IntendedVsync=34411727954, Vsync=35761727900, OldestInputEvent=9223372036854775807, NewestInputEvent=0, HandleInputStart=35764167725, AnimationStart=35764169287, PerformTraversalsStart=35772371477, DrawStart=35773016142, SyncQueued=35775506533, SyncStart=35775708056, IssueDrawCommandsStart=35775762548, SwapBuffers=35777569082, FrameCompleted=35782895981, DequeueBufferDuration=90189, QueueBufferDuration=219410, GpuCompleted=32651097298436096, 
05-28 05:14:16.344  1644  1644 W com.android.providers.media.module: type=1400 audit(0.0:86): avc: denied { read } for comm=4173796E635461736B202331 name="primary" dev="tmpfs" ino=20444 scontext=u:r:mediaprovider_app:s0:c128,c256,c512,c768 tcontext=u:object_r:mnt_pass_through_file:s0 tclass=lnk_file permissive=0 app=com.android.providers.media.module
05-28 05:14:16.528     0     0 W audit   : audit_lost=37 audit_rate_limit=5 audit_backlog_limit=64
05-28 05:14:16.577     0     0 E audit   : rate limit exceeded
05-28 05:14:16.344  1644  1644 I chatty  : uid=10128(com.android.providers.media.module) identical 1 line
05-28 05:14:16.344  1644  1644 W com.android.providers.media.module: type=1400 audit(0.0:88): avc: denied { read } for comm=4173796E635461736B202331 name="primary" dev="tmpfs" ino=20444 scontext=u:r:mediaprovider_app:s0:c128,c256,c512,c768 tcontext=u:object_r:mnt_pass_through_file:s0 tclass=lnk_file permissive=0 app=com.android.providers.media.module
05-28 05:14:16.418   330  1099 W ServiceManager: Permission failure: android.permission.ACCESS_SURFACE_FLINGER from uid=10131 pid=2610
05-28 05:14:16.420  1644  1927 W ModernMediaScanner: Failed to visit /sdcard/screen_2026-05-28_051416.png: java.nio.file.AccessDeniedException: /sdcard/screen_2026-05-28_051416.png
05-28 05:14:16.420  1644  1927 I MediaProvider: Scanned internal due to REASON_DEMAND, found 0 items in 74ms, 0 inserts 0 updates 0 deletes
05-28 05:14:16.506  1644  1927 I MediaProvider: End Intent { act=android.intent.action.MEDIA_SCANNER_SCAN_FILE dat=file:///sdcard/screen_2026-05-28_051416.png flg=0x1400010 cmp=com.android.providers.media.module/com.android.providers.media.MediaService }
05-28 05:14:16.344  1644  1644 W com.android.providers.media.module: type=1400 audit(0.0:89): avc: denied { read } for comm=4173796E635461736B202331 name="primary" dev="tmpfs" ino=20444 scontext=u:r:mediaprovider_app:s0:c128,c256,c512,c768 tcontext=u:object_r:mnt_pass_through_file:s0 tclass=lnk_file permissive=0 app=com.android.providers.media.module
05-28 05:14:16.533  2226  2226 E AccessibilityInteractionClient: 1 Disconnected nodes.
05-28 05:14:16.547  1644  1739 I MediaProvider: Deleted 1 items on external_primary due to com.android.shell
05-28 05:14:16.344  1644  1644 W com.android.providers.media.module: type=1400 audit(0.0:90): avc: denied { read } for comm=4173796E635461736B202331 name="primary" dev="tmpfs" ino=20444 scontext=u:r:mediaprovider_app:s0:c128,c256,c512,c768 tcontext=u:object_r:mnt_pass_through_file:s0 tclass=lnk_file permissive=0 app=com.android.providers.media.module
05-28 05:14:16.736  2808  2810 I cmd     : oneway function results will be dropped but finished with status OK and parcel size 4
05-28 05:14:16.944  2610  2741 W pokedex.androi: Accessing hidden method Landroid/graphics/ImageDecoder;->createSource([B)Landroid/graphics/ImageDecoder$Source; (greylist-max-o, linking, denied)
05-28 05:14:17.207   510  1487 E TaskPersister: File error accessing recents directory (directory doesn't exist?).
05-28 05:14:17.228  2850  2850 E libc    : Access denied finding property "persist.device_config.runtime_native_boot.profilebootclasspath"
05-28 05:14:17.228  2850  2850 E libc    : Access denied finding property "persist.device_config.runtime_native_boot.enable_apex_image"
05-28 05:14:17.228  2850  2850 I AndroidRuntime: Using default boot image
05-28 05:14:17.228  2850  2850 E libc    : Access denied finding property "persist.device_config.runtime_native_boot.disable_lock_profiling"
05-28 05:14:17.228  2850  2850 I AndroidRuntime: Leaving lock profiling enabled
05-28 05:14:17.228  2850  2850 E libc    : Access denied finding property "persist.device_config.runtime_native_boot.enable_generational_cc"
05-28 05:14:17.229  2850  2850 I app_process: Core platform API reporting enabled, enforcing=false
05-28 05:14:17.302  2850  2850 W app_process: Unexpected CPU variant for X86 using defaults: x86_64
05-28 05:14:17.302  2850  2850 I app_process: The ClassLoaderContext is a special shared library.
05-28 05:14:17.309  2850  2850 W app_process: JNI RegisterNativeMethods: attempt to register 0 native methods for android.media.AudioAttributes
05-28 05:14:19.025   159   159 I hwservicemanager: getTransport: Cannot find entry android.hardware.graphics.mapper@4.0::IMapper/default in either framework or device manifest.
05-28 05:14:19.025  2891  2891 I Gralloc4: mapper 4.x is not supported
05-28 05:14:19.068  2895  2897 I cmd     : oneway function results will be dropped but finished with status OK and parcel size 4
05-28 05:14:19.069  1644  1927 I MediaProvider: Begin Intent { act=android.intent.action.MEDIA_SCANNER_SCAN_FILE dat=file:///sdcard/screen_2026-05-28_051419.png flg=0x1400010 cmp=com.android.providers.media.module/com.android.providers.media.MediaService }
05-28 05:14:19.064  1644  1644 W com.android.providers.media.module: type=1400 audit(0.0:96): avc: denied { read } for comm=4173796E635461736B202331 name="primary" dev="tmpfs" ino=20444 scontext=u:r:mediaprovider_app:s0:c128,c256,c512,c768 tcontext=u:object_r:mnt_pass_through_file:s0 tclass=lnk_file permissive=0 app=com.android.providers.media.module
05-28 05:14:19.252     0     0 W audit   : audit_lost=42 audit_rate_limit=5 audit_backlog_limit=64
05-28 05:14:19.261     0     0 E audit   : rate limit exceeded
05-28 05:14:19.270     0     0 W perfetto: disabled ftrace
05-28 05:14:19.088   413   413 I perfetto: probes_producer.cc:329  Producer stop (id=5)
05-28 05:14:19.089   413   413 I perfetto: ftrace_procfs.cc:183    disabled ftrace
05-28 05:14:19.090  1644  1927 W ModernMediaScanner: Failed to visit /sdcard/screen_2026-05-28_051419.png: java.nio.file.AccessDeniedException: /sdcard/screen_2026-05-28_051419.png
05-28 05:14:19.090   415   415 I perfetto: ng_service_impl.cc:1948 Tracing session 5 ended, total sessions:0
05-28 05:14:19.068  1644  1644 W com.android.providers.media.module: type=1400 audit(0.0:97): avc: denied { read } for comm=4173796E635461736B202331 name="primary" dev="tmpfs" ino=20444 scontext=u:r:mediaprovider_app:s0:c128,c256,c512,c768 tcontext=u:object_r:mnt_pass_through_file:s0 tclass=lnk_file permissive=0 app=com.android.providers.media.module
05-28 05:14:19.091  1644  1927 I MediaProvider: Scanned internal due to REASON_DEMAND, found 0 items in 21ms, 0 inserts 0 updates 0 deletes
05-28 05:14:19.091  1644  1927 I MediaProvider: End Intent { act=android.intent.action.MEDIA_SCANNER_SCAN_FILE dat=file:///sdcard/screen_2026-05-28_051419.png flg=0x1400010 cmp=com.android.providers.media.module/com.android.providers.media.MediaService }
05-28 05:14:19.068  1644  1644 W com.android.providers.media.module: type=1400 audit(0.0:98): avc: denied { read } for comm=4173796E635461736B202331 name="primary" dev="tmpfs" ino=20444 scontext=u:r:mediaprovider_app:s0:c128,c256,c512,c768 tcontext=u:object_r:mnt_pass_through_file:s0 tclass=lnk_file permissive=0 app=com.android.providers.media.module
05-28 05:14:19.127  1644  1740 I MediaProvider: Deleted 1 items on external_primary due to com.android.shell
05-28 05:14:19.151  2906  2908 I cmd     : oneway function results will be dropped but finished with status OK and parcel size 4
05-28 05:14:19.279   159   159 I hwservicemanager: getTransport: Cannot find entry android.hardware.graphics.mapper@4.0::IMapper/default in either framework or device manifest.
05-28 05:14:19.279  2928  2928 I Gralloc4: mapper 4.x is not supported
05-28 05:14:19.324  1644  1927 I MediaProvider: Begin Intent { act=android.intent.action.MEDIA_SCANNER_SCAN_FILE dat=file:///sdcard/screen_2026-05-28_051419.png flg=0x1400010 cmp=com.android.providers.media.module/com.android.providers.media.MediaService }
05-28 05:14:19.324  1644  1927 W ModernMediaScanner: Failed to visit /sdcard/screen_2026-05-28_051419.png: java.nio.file.AccessDeniedException: /sdcard/screen_2026-05-28_051419.png
05-28 05:14:19.327  1644  1927 I MediaProvider: Scanned internal due to REASON_DEMAND, found 0 items in 3ms, 0 inserts 0 updates 0 deletes
05-28 05:14:19.328  1644  1927 I MediaProvider: End Intent { act=android.intent.action.MEDIA_SCANNER_SCAN_FILE dat=file:///sdcard/screen_2026-05-28_051419.png flg=0x1400010 cmp=com.android.providers.media.module/com.android.providers.media.MediaService }
05-28 05:14:19.344  1644  1739 I MediaProvider: Deleted 1 items on external_primary due to com.android.shell
05-28 05:14:19.369  2943  2945 I cmd     : oneway function results will be dropped but finished with status OK and parcel size 4
05-28 05:14:19.482   159   159 I hwservicemanager: getTransport: Cannot find entry android.hardware.graphics.mapper@4.0::IMapper/default in either framework or device manifest.
05-28 05:14:19.482  2965  2965 I Gralloc4: mapper 4.x is not supported
05-28 05:14:19.526  1644  1927 I MediaProvider: Begin Intent { act=android.intent.action.MEDIA_SCANNER_SCAN_FILE dat=file:///sdcard/screen_2026-05-28_051420.png flg=0x1400010 cmp=com.android.providers.media.module/com.android.providers.media.MediaService }
05-28 05:14:19.529  1644  1927 W ModernMediaScanner: Failed to visit /sdcard/screen_2026-05-28_051420.png: java.nio.file.AccessDeniedException: /sdcard/screen_2026-05-28_051420.png
05-28 05:14:19.529  1644  1927 I MediaProvider: Scanned internal due to REASON_DEMAND, found 0 items in 3ms, 0 inserts 0 updates 0 deletes
05-28 05:14:19.530  1644  1927 I MediaProvider: End Intent { act=android.intent.action.MEDIA_SCANNER_SCAN_FILE dat=file:///sdcard/screen_2026-05-28_051420.png flg=0x1400010 cmp=com.android.providers.media.module/com.android.providers.media.MediaService }
05-28 05:14:19.587  1644  1740 I MediaProvider: Deleted 1 items on external_primary due to com.android.shell
05-28 05:14:19.685  2997  2999 I cmd     : oneway function results will be dropped but finished with status OK and parcel size 4
05-28 05:14:19.777  3027  3029 I cmd     : oneway function results will be dropped but finished with status OK and parcel size 4
05-28 05:14:19.850  3039  3039 E libc    : Access denied finding property "persist.device_config.runtime_native_boot.profilebootclasspath"
05-28 05:14:19.850  3039  3039 E libc    : Access denied finding property "persist.device_config.runtime_native_boot.enable_apex_image"
05-28 05:14:19.850  3039  3039 I AndroidRuntime: Using default boot image
05-28 05:14:19.850  3039  3039 E libc    : Access denied finding property "persist.device_config.runtime_native_boot.disable_lock_profiling"
05-28 05:14:19.850  3039  3039 I AndroidRuntime: Leaving lock profiling enabled
05-28 05:14:19.850  3039  3039 E libc    : Access denied finding property "persist.device_config.runtime_native_boot.enable_generational_cc"
05-28 05:14:19.851  3039  3039 I app_process: Core platform API reporting enabled, enforcing=false
05-28 05:14:19.889  3039  3039 W app_process: Unexpected CPU variant for X86 using defaults: x86_64
05-28 05:14:19.890  3039  3039 I app_process: The ClassLoaderContext is a special shared library.
05-28 05:14:19.896  3039  3039 W app_process: JNI RegisterNativeMethods: attempt to register 0 native methods for android.media.AudioAttributes
05-28 05:14:20.282   159   159 I hwservicemanager: getTransport: Cannot find entry android.hardware.configstore@1.0::ISurfaceFlingerConfigs/default in either framework or device manifest.
05-28 05:14:20.291   159   159 I hwservicemanager: getTransport: Cannot find entry android.hardware.graphics.mapper@4.0::IMapper/default in either framework or device manifest.
05-28 05:14:20.291  2226  2325 I Gralloc4: mapper 4.x is not supported
05-28 05:14:20.404   510   510 W NotificationHistory: Attempted to add notif for locked/gone/disabled user 0
05-28 05:14:21.613   159   159 I hwservicemanager: getTransport: Cannot find entry android.hardware.graphics.mapper@4.0::IMapper/default in either framework or device manifest.
05-28 05:14:21.613  3078  3078 I Gralloc4: mapper 4.x is not supported
05-28 05:14:21.660  3082  3084 I cmd     : oneway function results will be dropped but finished with status OK and parcel size 4
05-28 05:14:21.661  1644  1927 I MediaProvider: Begin Intent { act=android.intent.action.MEDIA_SCANNER_SCAN_FILE dat=file:///sdcard/screen_2026-05-28_051422.png flg=0x1400010 cmp=com.android.providers.media.module/com.android.providers.media.MediaService }
05-28 05:14:21.660  1644  1644 W com.android.providers.media.module: type=1400 audit(0.0:118): avc: denied { read } for comm=4173796E635461736B202331 name="primary" dev="tmpfs" ino=20444 scontext=u:r:mediaprovider_app:s0:c128,c256,c512,c768 tcontext=u:object_r:mnt_pass_through_file:s0 tclass=lnk_file permissive=0 app=com.android.providers.media.module
05-28 05:14:21.844     0     0 W audit   : audit_lost=59 audit_rate_limit=5 audit_backlog_limit=64
05-28 05:14:21.854     0     0 E audit   : rate limit exceeded
05-28 05:14:21.679  1644  1927 W ModernMediaScanner: Failed to visit /sdcard/screen_2026-05-28_051422.png: java.nio.file.AccessDeniedException: /sdcard/screen_2026-05-28_051422.png
05-28 05:14:21.683  1644  1927 I MediaProvider: Scanned internal due to REASON_DEMAND, found 0 items in 22ms, 0 inserts 0 updates 0 deletes
05-28 05:14:21.684  1644  1927 I MediaProvider: End Intent { act=android.intent.action.MEDIA_SCANNER_SCAN_FILE dat=file:///sdcard/screen_2026-05-28_051422.png flg=0x1400010 cmp=com.android.providers.media.module/com.android.providers.media.MediaService }
05-28 05:14:21.660  1644  1644 W com.android.providers.media.module: type=1400 audit(0.0:119): avc: denied { read } for comm=4173796E635461736B202331 name="primary" dev="tmpfs" ino=20444 scontext=u:r:mediaprovider_app:s0:c128,c256,c512,c768 tcontext=u:object_r:mnt_pass_through_file:s0 tclass=lnk_file permissive=0 app=com.android.providers.media.module
05-28 05:14:21.719  1644  2581 I MediaProvider: Deleted 1 items on external_primary due to com.android.shell
05-28 05:14:21.660  1644  1644 W com.android.providers.media.module: type=1400 audit(0.0:121): avc: denied { read } for comm=4173796E635461736B202331 name="primary" dev="tmpfs" ino=20444 scontext=u:r:mediaprovider_app:s0:c128,c256,c512,c768 tcontext=u:object_r:mnt_pass_through_file:s0 tclass=lnk_file permissive=0 app=com.android.providers.media.module
05-28 05:14:21.747  3095  3097 I cmd     : oneway function results will be dropped but finished with status OK and parcel size 4
05-28 05:14:21.872   159   159 I hwservicemanager: getTransport: Cannot find entry android.hardware.graphics.mapper@4.0::IMapper/default in either framework or device manifest.
05-28 05:14:21.873  3117  3117 I Gralloc4: mapper 4.x is not supported
05-28 05:14:21.920  1644  1927 I MediaProvider: Begin Intent { act=android.intent.action.MEDIA_SCANNER_SCAN_FILE dat=file:///sdcard/screen_2026-05-28_051422.png flg=0x1400010 cmp=com.android.providers.media.module/com.android.providers.media.MediaService }
05-28 05:14:21.920  1644  1927 W ModernMediaScanner: Failed to visit /sdcard/screen_2026-05-28_051422.png: java.nio.file.AccessDeniedException: /sdcard/screen_2026-05-28_051422.png
05-28 05:14:21.921  1644  1927 I MediaProvider: Scanned internal due to REASON_DEMAND, found 0 items in 2ms, 0 inserts 0 updates 0 deletes
05-28 05:14:21.922  1644  1927 I MediaProvider: End Intent { act=android.intent.action.MEDIA_SCANNER_SCAN_FILE dat=file:///sdcard/screen_2026-05-28_051422.png flg=0x1400010 cmp=com.android.providers.media.module/com.android.providers.media.MediaService }
05-28 05:14:21.941  1644  1739 I MediaProvider: Deleted 1 items on external_primary due to com.android.shell
05-28 05:14:21.967  3132  3134 I cmd     : oneway function results will be dropped but finished with status OK and parcel size 4
05-28 05:14:22.080   159   159 I hwservicemanager: getTransport: Cannot find entry android.hardware.graphics.mapper@4.0::IMapper/default in either framework or device manifest.
05-28 05:14:22.080  3154  3154 I Gralloc4: mapper 4.x is not supported
05-28 05:14:22.125  1644  1927 I MediaProvider: Begin Intent { act=android.intent.action.MEDIA_SCANNER_SCAN_FILE dat=file:///sdcard/screen_2026-05-28_051422.png flg=0x1400010 cmp=com.android.providers.media.module/com.android.providers.media.MediaService }
05-28 05:14:22.125  1644  1927 W ModernMediaScanner: Failed to visit /sdcard/screen_2026-05-28_051422.png: java.nio.file.AccessDeniedException: /sdcard/screen_2026-05-28_051422.png
05-28 05:14:22.128  1644  1927 I MediaProvider: Scanned internal due to REASON_DEMAND, found 0 items in 3ms, 0 inserts 0 updates 0 deletes
05-28 05:14:22.128  1644  1927 I MediaProvider: End Intent { act=android.intent.action.MEDIA_SCANNER_SCAN_FILE dat=file:///sdcard/screen_2026-05-28_051422.png flg=0x1400010 cmp=com.android.providers.media.module/com.android.providers.media.MediaService }
05-28 05:14:22.147  1644  1740 I MediaProvider: Deleted 1 items on external_primary due to com.android.shell
05-28 05:14:22.174  3169  3171 I cmd     : oneway function results will be dropped but finished with status OK and parcel size 4
05-28 05:14:22.227  3184  3186 I cmd     : oneway function results will be dropped but finished with status OK and parcel size 4
05-28 05:14:22.274  3199  3201 I cmd     : oneway function results will be dropped but finished with status OK and parcel size 4
05-28 05:14:22.347  3214  3216 I cmd     : oneway function results will be dropped but finished with status OK and parcel size 4
05-28 05:14:22.419  3226  3226 E libc    : Access denied finding property "persist.device_config.runtime_native_boot.profilebootclasspath"
05-28 05:14:22.419  3226  3226 E libc    : Access denied finding property "persist.device_config.runtime_native_boot.enable_apex_image"
05-28 05:14:22.419  3226  3226 I AndroidRuntime: Using default boot image
05-28 05:14:22.419  3226  3226 E libc    : Access denied finding property "persist.device_config.runtime_native_boot.disable_lock_profiling"
05-28 05:14:22.419  3226  3226 I AndroidRuntime: Leaving lock profiling enabled
05-28 05:14:22.419  3226  3226 E libc    : Access denied finding property "persist.device_config.runtime_native_boot.enable_generational_cc"
05-28 05:14:22.421  3226  3226 I app_process: Core platform API reporting enabled, enforcing=false
05-28 05:14:22.456  3226  3226 W app_process: Unexpected CPU variant for X86 using defaults: x86_64
05-28 05:14:22.456  3226  3226 I app_process: The ClassLoaderContext is a special shared library.
05-28 05:14:22.462  3226  3226 W app_process: JNI RegisterNativeMethods: attempt to register 0 native methods for android.media.AudioAttributes
05-28 05:14:22.758  1038  1038 I Telephony: isRttCurrentlySupported -- regular acct, hasVoiceAvailability: false
05-28 05:14:22.758  1038  1038 I Telephony:  isRttSupported: false
05-28 05:14:22.758  1038  1038 I Telephony:  isRoaming: false
05-28 05:14:22.758  1038  1038 I Telephony:  isOnWfc: false
05-28 05:14:22.760   510   552 I ActivityManager: Start proc 3243:com.android.cellbroadcastreceiver.module/u0a129 for broadcast {com.android.cellbroadcastreceiver.module/com.android.cellbroadcastreceiver.CellBroadcastReceiver}
05-28 05:14:22.763  3243  3243 W receiver.modul: Unexpected CPU variant for X86 using defaults: x86_64
05-28 05:14:22.765   383   394 I adbd    : jdwp connection from 3243
05-28 05:14:22.792   510  1100 I ActivityManager: Killing 1937:com.android.calendar/u0a109 (adj 985): empty #17
05-28 05:14:22.795   280   280 I Zygote  : Process 1937 exited due to signal 9 (Killed)
05-28 05:14:22.817   510   553 I libprocessgroup: Successfully killed process cgroup uid 10109 pid 1937 in 24ms
05-28 05:14:22.826   158   158 I BpBinder: onLastStrongRef automatically unlinking death recipients: <uncached descriptor>
05-28 05:14:23.005     0     0 I AidlLazyServiceRegistrar: Trying to shut down the service. No clients in use for any service in process.
05-28 05:14:23.008     0     0 I AidlLazyServiceRegistrar: Unregistered all clients and exiting
05-28 05:14:23.011     0     0 I init    : Service 'apexd' (pid 214) exited with status 0 oneshot service took 30.917999 seconds in background
05-28 05:14:23.013     0     0 I init    : Sending signal 9 to service 'apexd' (pid 214) process group...
05-28 05:14:23.016     0     0 I libprocessgroup: Successfully killed process cgroup uid 0 pid 214 in 0ms
05-28 05:14:24.167   159   159 I hwservicemanager: getTransport: Cannot find entry android.hardware.graphics.mapper@4.0::IMapper/default in either framework or device manifest.
05-28 05:14:24.167  3279  3279 I Gralloc4: mapper 4.x is not supported
05-28 05:14:24.217  1644  1927 I MediaProvider: Begin Intent { act=android.intent.action.MEDIA_SCANNER_SCAN_FILE dat=file:///sdcard/screen_2026-05-28_051424.png flg=0x1400010 cmp=com.android.providers.media.module/com.android.providers.media.MediaService }
05-28 05:14:24.222  3283  3285 I cmd     : oneway function results will be dropped but finished with status OK and parcel size 4
05-28 05:14:24.216  1644  1644 W com.android.providers.media.module: type=1400 audit(0.0:140): avc: denied { read } for comm=4173796E635461736B202331 name="primary" dev="tmpfs" ino=20444 scontext=u:r:mediaprovider_app:s0:c128,c256,c512,c768 tcontext=u:object_r:mnt_pass_through_file:s0 tclass=lnk_file permissive=0 app=com.android.providers.media.module
05-28 05:14:24.405     0     0 W audit   : audit_lost=76 audit_rate_limit=5 audit_backlog_limit=64
05-28 05:14:24.410     0     0 E audit   : rate limit exceeded
05-28 05:14:24.216  1644  1644 W com.android.providers.media.module: type=1400 audit(0.0:141): avc: denied { read } for comm=4173796E635461736B202331 name="primary" dev="tmpfs" ino=20444 scontext=u:r:mediaprovider_app:s0:c128,c256,c512,c768 tcontext=u:object_r:mnt_pass_through_file:s0 tclass=lnk_file permissive=0 app=com.android.providers.media.module
05-28 05:14:24.236  1644  1927 W ModernMediaScanner: Failed to visit /sdcard/screen_2026-05-28_051424.png: java.nio.file.AccessDeniedException: /sdcard/screen_2026-05-28_051424.png
05-28 05:14:24.237  1644  1927 I MediaProvider: Scanned internal due to REASON_DEMAND, found 0 items in 16ms, 0 inserts 0 updates 0 deletes
05-28 05:14:24.237  1644  1927 I MediaProvider: End Intent { act=android.intent.action.MEDIA_SCANNER_SCAN_FILE dat=file:///sdcard/screen_2026-05-28_051424.png flg=0x1400010 cmp=com.android.providers.media.module/com.android.providers.media.MediaService }
05-28 05:14:24.216  1644  1644 W com.android.providers.media.module: type=1400 audit(0.0:142): avc: denied { read } for comm=4173796E635461736B202331 name="primary" dev="tmpfs" ino=20444 scontext=u:r:mediaprovider_app:s0:c128,c256,c512,c768 tcontext=u:object_r:mnt_pass_through_file:s0 tclass=lnk_file permissive=0 app=com.android.providers.media.module
05-28 05:14:24.220  1644  1644 I chatty  : uid=10128(com.android.providers.media.module) identical 1 line
05-28 05:14:24.220  1644  1644 W com.android.providers.media.module: type=1400 audit(0.0:144): avc: denied { read } for comm=4173796E635461736B202331 name="primary" dev="tmpfs" ino=20444 scontext=u:r:mediaprovider_app:s0:c128,c256,c512,c768 tcontext=u:object_r:mnt_pass_through_file:s0 tclass=lnk_file permissive=0 app=com.android.providers.media.module
05-28 05:14:24.274  1644  1739 I MediaProvider: Deleted 1 items on external_primary due to com.android.shell
05-28 05:14:24.299  3294  3296 I cmd     : oneway function results will be dropped but finished with status OK and parcel size 4
05-28 05:14:24.414   159   159 I hwservicemanager: getTransport: Cannot find entry android.hardware.graphics.mapper@4.0::IMapper/default in either framework or device manifest.
05-28 05:14:24.414  3316  3316 I Gralloc4: mapper 4.x is not supported
05-28 05:14:24.458  3320  3322 I cmd     : oneway function results will be dropped but finished with status OK and parcel size 4
05-28 05:14:24.459  1644  1927 I MediaProvider: Begin Intent { act=android.intent.action.MEDIA_SCANNER_SCAN_FILE dat=file:///sdcard/screen_2026-05-28_051425.png flg=0x1400010 cmp=com.android.providers.media.module/com.android.providers.media.MediaService }
05-28 05:14:24.459  1644  1927 W ModernMediaScanner: Failed to visit /sdcard/screen_2026-05-28_051425.png: java.nio.file.AccessDeniedException: /sdcard/screen_2026-05-28_051425.png
05-28 05:14:24.460  1644  1927 I MediaProvider: Scanned internal due to REASON_DEMAND, found 0 items in 1ms, 0 inserts 0 updates 0 deletes
05-28 05:14:24.460  1644  1927 I MediaProvider: End Intent { act=android.intent.action.MEDIA_SCANNER_SCAN_FILE dat=file:///sdcard/screen_2026-05-28_051425.png flg=0x1400010 cmp=com.android.providers.media.module/com.android.providers.media.MediaService }
05-28 05:14:24.481  1644  1740 I MediaProvider: Deleted 1 items on external_primary due to com.android.shell
05-28 05:14:24.505  3331  3333 I cmd     : oneway function results will be dropped but finished with status OK and parcel size 4
05-28 05:14:24.574   510  1100 I ActivityManager: Killing 1964:com.android.camera2/u0a110 (adj 975): empty #17
05-28 05:14:24.603   280   280 I Zygote  : Process 1964 exited due to signal 9 (Killed)
05-28 05:14:24.617   510   553 I libprocessgroup: Successfully killed process cgroup uid 10110 pid 1964 in 42ms
05-28 05:14:24.642   159   159 I hwservicemanager: getTransport: Cannot find entry android.hardware.graphics.mapper@4.0::IMapper/default in either framework or device manifest.
05-28 05:14:24.643  3353  3353 I Gralloc4: mapper 4.x is not supported
05-28 05:14:24.690  3357  3359 I cmd     : oneway function results will be dropped but finished with status OK and parcel size 4
05-28 05:14:24.690  1644  1927 I MediaProvider: Begin Intent { act=android.intent.action.MEDIA_SCANNER_SCAN_FILE dat=file:///sdcard/screen_2026-05-28_051425.png flg=0x1400010 cmp=com.android.providers.media.module/com.android.providers.media.MediaService }
05-28 05:14:24.691  1644  1927 W ModernMediaScanner: Failed to visit /sdcard/screen_2026-05-28_051425.png: java.nio.file.AccessDeniedException: /sdcard/screen_2026-05-28_051425.png
05-28 05:14:24.692  1644  1927 I MediaProvider: Scanned internal due to REASON_DEMAND, found 0 items in 1ms, 0 inserts 0 updates 0 deletes
05-28 05:14:24.694  1644  1927 I MediaProvider: End Intent { act=android.intent.action.MEDIA_SCANNER_SCAN_FILE dat=file:///sdcard/screen_2026-05-28_051425.png flg=0x1400010 cmp=com.android.providers.media.module/com.android.providers.media.MediaService }
05-28 05:14:24.711  1644  2581 I MediaProvider: Deleted 1 items on external_primary due to com.android.shell
05-28 05:14:24.737  3368  3370 I cmd     : oneway function results will be dropped but finished with status OK and parcel size 4
05-28 05:14:24.839  3400  3402 I cmd     : oneway function results will be dropped but finished with status OK and parcel size 4
05-28 05:14:24.884  3415  3417 I cmd     : oneway function results will be dropped but finished with status OK and parcel size 4
05-28 05:14:24.956  3427  3427 E libc    : Access denied finding property "persist.device_config.runtime_native_boot.profilebootclasspath"
05-28 05:14:24.956  3427  3427 E libc    : Access denied finding property "persist.device_config.runtime_native_boot.enable_apex_image"
05-28 05:14:24.956  3427  3427 I AndroidRuntime: Using default boot image
05-28 05:14:24.956  3427  3427 E libc    : Access denied finding property "persist.device_config.runtime_native_boot.disable_lock_profiling"
05-28 05:14:24.956  3427  3427 I AndroidRuntime: Leaving lock profiling enabled
05-28 05:14:24.956  3427  3427 E libc    : Access denied finding property "persist.device_config.runtime_native_boot.enable_generational_cc"
05-28 05:14:24.957  3427  3427 I app_process: Core platform API reporting enabled, enforcing=false
05-28 05:14:24.992  3427  3427 W app_process: Unexpected CPU variant for X86 using defaults: x86_64
05-28 05:14:24.992  3427  3427 I app_process: The ClassLoaderContext is a special shared library.
05-28 05:14:24.998  3427  3427 W app_process: JNI RegisterNativeMethods: attempt to register 0 native methods for android.media.AudioAttributes
05-28 05:14:25.236  2226  2226 E AccessibilityInteractionClient: 2 Disconnected nodes.
05-28 05:14:26.706   159   159 I hwservicemanager: getTransport: Cannot find entry android.hardware.graphics.mapper@4.0::IMapper/default in either framework or device manifest.
05-28 05:14:26.706  3458  3458 I Gralloc4: mapper 4.x is not supported
05-28 05:14:26.748   510   649 I ActivityManager: Killing 1292:com.android.cellbroadcastreceiver/u0a63 (adj 985): empty #17
05-28 05:14:26.749  3462  3465 I cmd     : oneway function results will be dropped but finished with status OK and parcel size 4
05-28 05:14:26.752  1644  1927 I MediaProvider: Begin Intent { act=android.intent.action.MEDIA_SCANNER_SCAN_FILE dat=file:///sdcard/screen_2026-05-28_051427.png flg=0x1400010 cmp=com.android.providers.media.module/com.android.providers.media.MediaService }
05-28 05:14:26.761   280   280 I Zygote  : Process 1292 exited due to signal 9 (Killed)
05-28 05:14:26.748  1644  1644 W com.android.providers.media.module: type=1400 audit(0.0:162): avc: denied { read } for comm=4173796E635461736B202331 name="primary" dev="tmpfs" ino=20444 scontext=u:r:mediaprovider_app:s0:c128,c256,c512,c768 tcontext=u:object_r:mnt_pass_through_file:s0 tclass=lnk_file permissive=0 app=com.android.providers.media.module
05-28 05:14:26.934     0     0 W audit   : audit_lost=93 audit_rate_limit=5 audit_backlog_limit=64
05-28 05:14:26.936     0     0 I binder  : undelivered transaction 139323, process died.
05-28 05:14:26.943     0     0 E audit   : rate limit exceeded
05-28 05:14:26.766  1644  1927 W ModernMediaScanner: Failed to visit /sdcard/screen_2026-05-28_051427.png: java.nio.file.AccessDeniedException: /sdcard/screen_2026-05-28_051427.png
05-28 05:14:26.767  1644  1927 I MediaProvider: Scanned internal due to REASON_DEMAND, found 0 items in 14ms, 0 inserts 0 updates 0 deletes
05-28 05:14:26.767  1644  1927 I MediaProvider: End Intent { act=android.intent.action.MEDIA_SCANNER_SCAN_FILE dat=file:///sdcard/screen_2026-05-28_051427.png flg=0x1400010 cmp=com.android.providers.media.module/com.android.providers.media.MediaService }
05-28 05:14:26.748  1644  1644 W com.android.providers.media.module: type=1400 audit(0.0:163): avc: denied { read } for comm=4173796E635461736B202331 name="primary" dev="tmpfs" ino=20444 scontext=u:r:mediaprovider_app:s0:c128,c256,c512,c768 tcontext=u:object_r:mnt_pass_through_file:s0 tclass=lnk_file permissive=0 app=com.android.providers.media.module
05-28 05:14:26.789  1644  1740 I MediaProvider: Deleted 1 items on external_primary due to com.android.shell
05-28 05:14:26.748  1644  1644 W com.android.providers.media.module: type=1400 audit(0.0:165): avc: denied { read } for comm=4173796E635461736B202331 name="primary" dev="tmpfs" ino=20444 scontext=u:r:mediaprovider_app:s0:c128,c256,c512,c768 tcontext=u:object_r:mnt_pass_through_file:s0 tclass=lnk_file permissive=0 app=com.android.providers.media.module
05-28 05:14:26.797   510   553 I libprocessgroup: Successfully killed process cgroup uid 10063 pid 1292 in 48ms
05-28 05:14:26.748  1644  1644 W com.android.providers.media.module: type=1400 audit(0.0:166): avc: denied { read } for comm=4173796E635461736B202331 name="primary" dev="tmpfs" ino=20444 scontext=u:r:mediaprovider_app:s0:c128,c256,c512,c768 tcontext=u:object_r:mnt_pass_through_file:s0 tclass=lnk_file permissive=0 app=com.android.providers.media.module
05-28 05:14:26.813  3474  3476 I cmd     : oneway function results will be dropped but finished with status OK and parcel size 4
05-28 05:14:26.948   159   159 I hwservicemanager: getTransport: Cannot find entry android.hardware.graphics.mapper@4.0::IMapper/default in either framework or device manifest.
05-28 05:14:26.948  3498  3498 I Gralloc4: mapper 4.x is not supported
05-28 05:14:26.991  3502  3504 I cmd     : oneway function results will be dropped but finished with status OK and parcel size 4
05-28 05:14:26.995  1644  1927 I MediaProvider: Begin Intent { act=android.intent.action.MEDIA_SCANNER_SCAN_FILE dat=file:///sdcard/screen_2026-05-28_051427.png flg=0x1400010 cmp=com.android.providers.media.module/com.android.providers.media.MediaService }
05-28 05:14:26.995  1644  1927 W ModernMediaScanner: Failed to visit /sdcard/screen_2026-05-28_051427.png: java.nio.file.AccessDeniedException: /sdcard/screen_2026-05-28_051427.png
05-28 05:14:26.997  1644  1927 I MediaProvider: Scanned internal due to REASON_DEMAND, found 0 items in 2ms, 0 inserts 0 updates 0 deletes
05-28 05:14:26.997  1644  1927 I MediaProvider: End Intent { act=android.intent.action.MEDIA_SCANNER_SCAN_FILE dat=file:///sdcard/screen_2026-05-28_051427.png flg=0x1400010 cmp=com.android.providers.media.module/com.android.providers.media.MediaService }
05-28 05:14:27.012  1644  1739 I MediaProvider: Deleted 1 items on external_primary due to com.android.shell
05-28 05:14:27.149   159   159 I hwservicemanager: getTransport: Cannot find entry android.hardware.graphics.mapper@4.0::IMapper/default in either framework or device manifest.
05-28 05:14:27.149  3535  3535 I Gralloc4: mapper 4.x is not supported
05-28 05:14:27.199  1644  1927 I MediaProvider: Begin Intent { act=android.intent.action.MEDIA_SCANNER_SCAN_FILE dat=file:///sdcard/screen_2026-05-28_051427.png flg=0x1400010 cmp=com.android.providers.media.module/com.android.providers.media.MediaService }
05-28 05:14:27.200  1644  1927 W ModernMediaScanner: Failed to visit /sdcard/screen_2026-05-28_051427.png: java.nio.file.AccessDeniedException: /sdcard/screen_2026-05-28_051427.png
05-28 05:14:27.202  1644  1927 I MediaProvider: Scanned internal due to REASON_DEMAND, found 0 items in 2ms, 0 inserts 0 updates 0 deletes
05-28 05:14:27.204  1644  1927 I MediaProvider: End Intent { act=android.intent.action.MEDIA_SCANNER_SCAN_FILE dat=file:///sdcard/screen_2026-05-28_051427.png flg=0x1400010 cmp=com.android.providers.media.module/com.android.providers.media.MediaService }
05-28 05:14:27.267  1644  2581 I MediaProvider: Deleted 1 items on external_primary due to com.android.shell
05-28 05:14:27.292  3550  3552 I cmd     : oneway function results will be dropped but finished with status OK and parcel size 4
05-28 05:14:27.338  3565  3567 I cmd     : oneway function results will be dropped but finished with status OK and parcel size 4
05-28 05:14:27.384  3580  3582 I cmd     : oneway function results will be dropped but finished with status OK and parcel size 4
05-28 05:14:27.432  3595  3597 I cmd     : oneway function results will be dropped but finished with status OK and parcel size 4
05-28 05:14:27.504  3607  3607 E libc    : Access denied finding property "persist.device_config.runtime_native_boot.profilebootclasspath"
05-28 05:14:27.504  3607  3607 E libc    : Access denied finding property "persist.device_config.runtime_native_boot.enable_apex_image"
05-28 05:14:27.504  3607  3607 I AndroidRuntime: Using default boot image
05-28 05:14:27.504  3607  3607 E libc    : Access denied finding property "persist.device_config.runtime_native_boot.disable_lock_profiling"
05-28 05:14:27.504  3607  3607 I AndroidRuntime: Leaving lock profiling enabled
05-28 05:14:27.504  3607  3607 E libc    : Access denied finding property "persist.device_config.runtime_native_boot.enable_generational_cc"
05-28 05:14:27.505  3607  3607 I app_process: Core platform API reporting enabled, enforcing=false
05-28 05:14:27.541  3607  3607 W app_process: Unexpected CPU variant for X86 using defaults: x86_64
05-28 05:14:27.542  3607  3607 I app_process: The ClassLoaderContext is a special shared library.
05-28 05:14:27.548  3607  3607 W app_process: JNI RegisterNativeMethods: attempt to register 0 native methods for android.media.AudioAttributes
05-28 05:14:27.880  2610  2739 I System.out: 05:14:27.878 [DefaultDispatcher-worker-4] INFO io.ktor.client.HttpClient - REQUEST: https://pokeapi.co/api/v2/pokemon?limit=20&offset=0
05-28 05:14:27.880  2610  2739 I System.out: METHOD: HttpMethod(value=GET)
05-28 05:14:27.880  2610  2739 I System.out: COMMON HEADERS
05-28 05:14:27.880  2610  2739 I System.out: -> Accept: application/json
05-28 05:14:27.880  2610  2739 I System.out: -> Accept-Charset: UTF-8
05-28 05:14:27.880  2610  2739 I System.out: -> Content-Type: application/json
05-28 05:14:27.880  2610  2739 I System.out: CONTENT HEADERS
05-28 05:14:27.880  2610  2739 I System.out: -> Content-Length: 0
05-28 05:14:27.880  2610  2739 I System.out: BODY Content-Type: null
05-28 05:14:27.880  2610  2739 I System.out: BODY START
05-28 05:14:27.880  2610  2739 I System.out: 
05-28 05:14:27.880  2610  2739 I System.out: BODY END
05-28 05:14:28.020  2610  2737 I System.out: 05:14:28.010 [DefaultDispatcher-worker-2] INFO io.ktor.client.HttpClient - RESPONSE: 200 OK
05-28 05:14:28.020  2610  2737 I System.out: METHOD: HttpMethod(value=GET)
05-28 05:14:28.020  2610  2737 I System.out: FROM: https://pokeapi.co/api/v2/pokemon?limit=20&offset=0
05-28 05:14:28.020  2610  2737 I System.out: COMMON HEADERS
05-28 05:14:28.020  2610  2737 I System.out: -> access-control-allow-origin: *
05-28 05:14:28.020  2610  2737 I System.out: -> access-control-expose-headers: X-PokeAPI-Hash,X-PokeAPI-Deploy-Date
05-28 05:14:28.020  2610  2737 I System.out: -> age: 77018
05-28 05:14:28.020  2610  2737 I System.out: -> alt-svc: h3=":443"; ma=86400
05-28 05:14:28.020  2610  2737 I System.out: -> cache-control: public, max-age=86400, s-maxage=86400
05-28 05:14:28.020  2610  2737 I System.out: -> cf-cache-status: HIT
05-28 05:14:28.020  2610  2737 I System.out: -> cf-ray: a02ac6a8e948787f-SJC
05-28 05:14:28.020  2610  2737 I System.out: -> connection: keep-alive
05-28 05:14:28.020  2610  2737 I System.out: -> content-type: application/json; charset=utf-8
05-28 05:14:28.020  2610  2737 I System.out: -> date: Thu, 28 May 2026 05:14:28 GMT
05-28 05:14:28.020  2610  2737 I System.out: -> etag: W/"588-iX6bV/yoloqGkIPBxJnQfrHsFIU"
05-28 05:14:28.020  2610  2737 I System.out: -> function-execution-id: s4ddeo0gfgv1
05-28 05:14:28.020  2610  2737 I System.out: -> nel: {"report_to":"cf-nel","success_fraction":0.0,"max_age":604800}
05-28 05:14:28.020  2610  2737 I System.out: -> report-to: {"group":"cf-nel","max_age":604800,"endpoints":[{"url":"https://a.nel.cloudflare.com/report/v4?s=2AF05lYGrJEnAlzrPQcC0kzKQaW0jwodlB%2FjnIhQVTEX4tp4sh2jhKitLZvndlXdtcJ%2Fi7%2BOKdvu96RF2NRXutiHsvgcQjITiB42GZvdX2RJioafaYq6wr0ijTIY"}]}
05-28 05:14:28.020  2610  2737 I System.out: -> server: cloudflare
05-28 05:14:28.020  2610  2737 I System.out: -> strict-transport-security: max-age=31556926
05-28 05:14:28.020  2610  2737 I System.out: -> transfer-encoding: chunked
05-28 05:14:28.020  2610  2737 I System.out: -> vary: Accept-Encoding,cookie,need-authorization, x-fh-requested-host, accept-encoding
05-28 05:14:28.020  2610  2737 I System.out: -> x-android-received-millis: 1779945267993
05-28 05:14:28.020  2610  2737 I System.out: -> x-android-response-source: NETWORK 200
05-28 05:14:28.020  2610  2737 I System.out: -> x-android-selected-protocol: http/1.1
05-28 05:14:28.020  2610  2737 I System.out: -> x-android-sent-millis: 1779945267982
05-28 05:14:28.020  2610  2737 I System.out: -> x-cache: HIT
05-28 05:14:28.020  2610  2737 I System.out: -> x-cache-hits: 0
05-28 05:14:28.020  2610  2737 I System.out: -> x-cloud-trace-context: 086a6c9f1354eb6728425728e2707f3c
05-28 05:14:28.020  2610  2737 I System.out: -> x-country-code: US
05-28 05:14:28.020  2610  2737 I System.out: -> x-orig-accept-language: en-US,en;q=0.9
05-28 05:14:28.020  2610  2737 I System.out: -> x-pokeapi-deploy-date: 1778644762
05-28 05:14:28.020  2610  2737 I System.out: -> x-pokeapi-hash: 492fd4f01858c6c16375b935ba1c3cafb0a88d28
05-28 05:14:28.020  2610  2737 I System.out: -> x-powered-by: Express
05-28 05:14:28.020  2610  2737 I System.out: -> x-served-by: cache-sjc1000133-SJC
05-28 05:14:28.020  2610  2737 I System.out: -> x-timer: S1779868250.437405,VS0,VE1
05-28 05:14:28.020  2610  2737 I System.out: BODY Content-Type: application/json; charset=utf-8
05-28 05:14:28.020  2610  2737 I System.out: BODY START
05-28 05:14:28.020  2610  2737 I System.out: {"count":1350,"next":"https://pokeapi.co/api/v2/pokemon?offset=20&limit=20","previous":null,"results":[{"name":"bulbasaur","url":"https://pokeapi.co/api/v2/pokemon/1/"},{"name":"ivysaur","url":"https://pokeapi.co/api/v2/pokemon/2/"},{"name":"venusaur","url":"https://pokeapi.co/api/v2/pokemon/3/"},{"name":"charmander","url":"https://pokeapi.co/api/v2/pokemon/4/"},{"name":"charmeleon","url":"https://pokeapi.co/api/v2/pokemon/5/"},{"name":"charizard","url":"https://pokeapi.co/api/v2/pokemon/6/"},{"name":"squirtle","url":"https://pokeapi.co/api/v2/pokemon/7/"},{"name":"wartortle","url":"https://pokeapi.co/api/v2/pokemon/8/"},{"name":"blastoise","url":"https://pokeapi.co/api/v2/pokemon/9/"},{"name":"caterpie","url":"https://pokeapi.co/api/v2/pokemon/10/"},{"name":"metapod","url":"https://pokeapi.co/api/v2/pokemon/11/"},{"name":"butterfree","url":"https://pokeapi.co/api/v2/pokemon/12/"},{"name":"weedle","url":"https://pokeapi.co/api/v2/pokemon/13/"},{"name":"kakuna","url":"https://pokeapi.co/api/v2/pokemon/14/"},{"name":"beedrill","url":"https://pokeapi.co/api/v2/pokemon/15/"},{"name":"pidgey","url":"https://pokeapi.co/api/v2/pokemon/16/"},{"name":"pidgeotto","url":"https://pokeapi.co/api/v2/pokemon/17/"},{"name":"pidgeot","url":"https://pokeapi.co/api/v2/pokemon/18/"},{"name":"rattata","url":"https://pokeapi.co/api/v2/pokemon/19/"},{"name":"raticate","url":"https://pokeapi.co/api/v2/pokemon/20/"}]}
05-28 05:14:28.020  2610  2737 I System.out: BODY END
05-28 05:14:28.049  2226  2226 E AccessibilityInteractionClient: 3 Disconnected nodes.
05-28 05:14:28.097   510  1005 I ActivityManager: Killing 1988:com.android.contacts/u0a98 (adj 985): empty #17
05-28 05:14:28.113   280   280 I Zygote  : Process 1988 exited due to signal 9 (Killed)
05-28 05:14:28.141   510   553 I libprocessgroup: Successfully killed process cgroup uid 10098 pid 1988 in 43ms
05-28 05:14:29.259   159   159 I hwservicemanager: getTransport: Cannot find entry android.hardware.graphics.mapper@4.0::IMapper/default in either framework or device manifest.
05-28 05:14:29.259  3651  3651 I Gralloc4: mapper 4.x is not supported
05-28 05:14:29.315  3655  3657 I cmd     : oneway function results will be dropped but finished with status OK and parcel size 4
05-28 05:14:29.316   510   813 I ActivityManager: Killing 1240:com.android.deskclock/u0a104 (adj 985): empty #17
05-28 05:14:29.319  1644  1927 I MediaProvider: Begin Intent { act=android.intent.action.MEDIA_SCANNER_SCAN_FILE dat=file:///sdcard/screen_2026-05-28_051429.png flg=0x1400010 cmp=com.android.providers.media.module/com.android.providers.media.MediaService }
05-28 05:14:29.332  1644  1927 W ModernMediaScanner: Failed to visit /sdcard/screen_2026-05-28_051429.png: java.nio.file.AccessDeniedException: /sdcard/screen_2026-05-28_051429.png
05-28 05:14:29.510     0     0 W audit   : audit_lost=110 audit_rate_limit=5 audit_backlog_limit=64
05-28 05:14:29.512     0     0 E audit   : rate limit exceeded
05-28 05:14:29.334  1644  1927 I MediaProvider: Scanned internal due to REASON_DEMAND, found 0 items in 6ms, 0 inserts 0 updates 0 deletes
05-28 05:14:29.316  1644  1644 W com.android.providers.media.module: type=1400 audit(0.0:184): avc: denied { read } for comm=4173796E635461736B202331 name="primary" dev="tmpfs" ino=20444 scontext=u:r:mediaprovider_app:s0:c128,c256,c512,c768 tcontext=u:object_r:mnt_pass_through_file:s0 tclass=lnk_file permissive=0 app=com.android.providers.media.module
05-28 05:14:29.335   280   280 I Zygote  : Process 1240 exited due to signal 9 (Killed)
05-28 05:14:29.336  1644  1927 I MediaProvider: End Intent { act=android.intent.action.MEDIA_SCANNER_SCAN_FILE dat=file:///sdcard/screen_2026-05-28_051429.png flg=0x1400010 cmp=com.android.providers.media.module/com.android.providers.media.MediaService }
05-28 05:14:29.324  1644  1644 W com.android.providers.media.module: type=1400 audit(0.0:185): avc: denied { read } for comm=4173796E635461736B202331 name="primary" dev="tmpfs" ino=20444 scontext=u:r:mediaprovider_app:s0:c128,c256,c512,c768 tcontext=u:object_r:mnt_pass_through_file:s0 tclass=lnk_file permissive=0 app=com.android.providers.media.module
