05-28 05:14:06.237   510   551 I SystemServerTimingAsync: ssm.onUnlockedUser-0_com.android.server.connectivity.IpConnectivityMetrics
05-28 05:14:06.237   510   551 I SystemServerTimingAsync: ssm.onUnlockedUser-0_com.android.server.net.watchlist.NetworkWatchlistService$Lifecycle
05-28 05:14:06.237   510   551 I SystemServerTimingAsync: ssm.onUnlockedUser-0_com.android.server.PinnerService
05-28 05:14:06.237   510   551 I SystemServerTimingAsync: ssm.onUnlockedUser-0_com.google.android.startop.iorap.IorapForwardingService
05-28 05:14:06.237   510   551 I SystemServerTimingAsync: ssm.onUnlockedUser-0_com.android.server.integrity.AppIntegrityManagerService
05-28 05:14:06.237   510   551 I SystemServerTimingAsync: ssm.onUnlockedUser-0_com.android.server.inputmethod.InputMethodManagerService$Lifecycle
05-28 05:14:06.237   510   551 I SystemServerTimingAsync: ssm.onUnlockedUser-0_com.android.server.accessibility.AccessibilityManagerService$Lifecycle
05-28 05:14:06.237   510   551 I SystemServerTimingAsync: ssm.onUnlockedUser-0_com.android.server.StorageManagerService$Lifecycle
05-28 05:14:06.237   510   551 I SystemServerTimingAsync: ssm.onUnlockedUser-0_com.android.server.usage.StorageStatsService$Lifecycle
05-28 05:14:06.237   510   551 I SystemServerTimingAsync: ssm.onUnlockedUser-0_com.android.server.UiModeManagerService
05-28 05:14:06.237   510   551 I SystemServerTimingAsync: ssm.onUnlockedUser-0_com.android.server.locksettings.LockSettingsService$Lifecycle
05-28 05:14:06.237   510   551 I SystemServerTimingAsync: ssm.onUnlockedUser-0_com.android.server.testharness.TestHarnessModeService
05-28 05:14:06.237   510   551 I SystemServerTimingAsync: ssm.onUnlockedUser-0_com.android.server.DeviceIdleController
05-28 05:14:06.237   510   551 I SystemServerTimingAsync: ssm.onUnlockedUser-0_com.android.server.devicepolicy.DevicePolicyManagerService$Lifecycle
05-28 05:14:06.237   510   551 I SystemServerTimingAsync: ssm.onUnlockedUser-0_com.android.server.textservices.TextServicesManagerService$Lifecycle
05-28 05:14:06.237   510   551 I SystemServerTimingAsync: ssm.onUnlockedUser-0_com.android.server.textclassifier.TextClassificationManagerService$Lifecycle
05-28 05:14:06.237   510   551 I SystemServerTimingAsync: ssm.onUnlockedUser-0_com.android.server.NetworkScoreService$Lifecycle
05-28 05:14:06.238   510   551 I SystemServerTimingAsync: ssm.onUnlockedUser-0_com.android.server.wifi.WifiService
05-28 05:14:06.238   510   551 I SystemServerTimingAsync: ssm.onUnlockedUser-0_com.android.server.wifi.scanner.WifiScanningService
05-28 05:14:06.238   510   551 I SystemServerTimingAsync: ssm.onUnlockedUser-0_com.android.server.wifi.p2p.WifiP2pService
05-28 05:14:06.238   510   551 I SystemServerTimingAsync: ssm.onUnlockedUser-0_com.android.server.notification.NotificationManagerService
05-28 05:14:06.238   510   551 I SystemServerTimingAsync: ssm.onUnlockedUser-0_com.android.server.storage.DeviceStorageMonitorService
05-28 05:14:06.238   510   551 I SystemServerTimingAsync: ssm.onUnlockedUser-0_com.android.server.location.LocationManagerService$Lifecycle
05-28 05:14:06.238   510   551 I SystemServerTimingAsync: ssm.onUnlockedUser-0_com.android.server.timedetector.TimeDetectorService$Lifecycle
05-28 05:14:06.238   510   551 I SystemServerTimingAsync: ssm.onUnlockedUser-0_com.android.server.timezonedetector.TimeZoneDetectorService$Lifecycle
05-28 05:14:06.238   510   551 I SystemServerTimingAsync: ssm.onUnlockedUser-0_com.android.server.search.SearchManagerService$Lifecycle
05-28 05:14:06.238   510   551 I SystemServerTimingAsync: ssm.onUnlockedUser-0_com.android.server.wallpaper.WallpaperManagerService$Lifecycle
05-28 05:14:06.238   510   551 I SystemServerTimingAsync: ssm.onUnlockedUser-0_com.android.server.audio.AudioService$Lifecycle
05-28 05:14:06.238   510   551 I SystemServerTimingAsync: ssm.onUnlockedUser-0_com.android.server.soundtrigger_middleware.SoundTriggerMiddlewareService$Lifecycle
05-28 05:14:06.238   510   551 I SystemServerTimingAsync: ssm.onUnlockedUser-0_com.android.server.DockObserver
05-28 05:14:06.238   510   551 I SystemServerTimingAsync: ssm.onUnlockedUser-0_com.android.server.midi.MidiService$Lifecycle
05-28 05:14:06.238   510   542 I AppWidgetServiceImpl: Processing of handleUserUnlocked u0 took 1 ms
05-28 05:14:06.241   510   551 I SystemServerTimingAsync: ssm.onUnlockedUser-0_com.android.server.adb.AdbService$Lifecycle
05-28 05:14:06.241   510   551 I SystemServerTimingAsync: ssm.onUnlockedUser-0_com.android.server.usb.UsbService$Lifecycle
05-28 05:14:06.241   510   551 I SystemServerTimingAsync: ssm.onUnlockedUser-0_com.android.server.twilight.TwilightService
05-28 05:14:06.241   510   551 I SystemServerTimingAsync: ssm.onUnlockedUser-0_com.android.server.display.color.ColorDisplayService
05-28 05:14:06.241   510   551 I SystemServerTimingAsync: ssm.onUnlockedUser-0_com.android.server.job.JobSchedulerService
05-28 05:14:06.241   510   551 I SystemServerTimingAsync: ssm.onUnlockedUser-0_com.android.server.soundtrigger.SoundTriggerService
05-28 05:14:06.241   510   551 I SystemServerTimingAsync: ssm.onUnlockedUser-0_com.android.server.trust.TrustManagerService
05-28 05:14:06.241   510   551 I SystemServerTimingAsync: ssm.onUnlockedUser-0_com.android.server.backup.BackupManagerService$Lifecycle
05-28 05:14:06.241   510   551 I SystemServerTimingAsync: ssm.onUnlockedUser-0_com.android.server.appwidget.AppWidgetService
05-28 05:14:06.241   510   551 I SystemServerTimingAsync: ssm.onUnlockedUser-0_com.android.server.role.RoleManagerService
05-28 05:14:06.241   510   551 I SystemServerTimingAsync: ssm.onUnlockedUser-0_com.android.server.voiceinteraction.VoiceInteractionManagerService
05-28 05:14:06.241   510   551 I SystemServerTimingAsync: ssm.onUnlockedUser-0_com.android.server.GestureLauncherService
05-28 05:14:06.241   510   551 I SystemServerTimingAsync: ssm.onUnlockedUser-0_com.android.server.SensorNotificationService
05-28 05:14:06.241   510   551 I SystemServerTimingAsync: ssm.onUnlockedUser-0_com.android.server.emergency.EmergencyAffordanceService
05-28 05:14:06.241   510   551 I SystemServerTimingAsync: ssm.onUnlockedUser-0_com.android.server.dreams.DreamManagerService
05-28 05:14:06.241   510   551 I SystemServerTimingAsync: ssm.onUnlockedUser-0_com.android.server.print.PrintManagerService
05-28 05:14:06.241   510   551 I SystemServerTimingAsync: ssm.onUnlockedUser-0_com.android.server.blob.BlobStoreManagerService
05-28 05:14:06.241   510   551 I SystemServerTimingAsync: ssm.onUnlockedUser-0_com.android.server.companion.CompanionDeviceManagerService
05-28 05:14:06.241   510   551 I SystemServerTimingAsync: ssm.onUnlockedUser-0_com.android.server.restrictions.RestrictionsManagerService
05-28 05:14:06.241   510   551 I SystemServerTimingAsync: ssm.onUnlockedUser-0_com.android.server.media.MediaSessionService
05-28 05:14:06.241   510   551 I SystemServerTimingAsync: ssm.onUnlockedUser-0_com.android.server.media.MediaResourceMonitorService
05-28 05:14:06.241   510   551 I SystemServerTimingAsync: ssm.onUnlockedUser-0_com.android.server.biometrics.fingerprint.FingerprintService
05-28 05:14:06.241   510   551 I SystemServerTimingAsync: ssm.onUnlockedUser-0_com.android.server.biometrics.BiometricService
05-28 05:14:06.241   510   551 I SystemServerTimingAsync: ssm.onUnlockedUser-0_com.android.server.biometrics.AuthService
05-28 05:14:06.241   510   551 I SystemServerTimingAsync: ssm.onUnlockedUser-0_com.android.server.pm.ShortcutService$Lifecycle
05-28 05:14:06.241   510   551 I SystemServerTimingAsync: ssm.onUnlockedUser-0_com.android.server.pm.LauncherAppsService
05-28 05:14:06.241   510   551 I SystemServerTimingAsync: ssm.onUnlockedUser-0_com.android.server.pm.CrossProfileAppsService
05-28 05:14:06.241   510   551 I SystemServerTimingAsync: ssm.onUnlockedUser-0_com.android.server.people.PeopleService
05-28 05:14:06.241   510   551 I SystemServerTimingAsync: ssm.onUnlockedUser-0_com.android.server.media.projection.MediaProjectionManagerService
05-28 05:14:06.241   510   551 I SystemServerTimingAsync: ssm.onUnlockedUser-0_com.android.server.slice.SliceManagerService$Lifecycle
05-28 05:14:06.241   510   551 I SystemServerTimingAsync: ssm.onUnlockedUser-0_com.android.server.camera.CameraServiceProxy
05-28 05:14:06.241   510   551 I SystemServerTimingAsync: ssm.onUnlockedUser-0_com.android.server.stats.StatsCompanion$Lifecycle
05-28 05:14:06.241   510   551 I SystemServerTimingAsync: ssm.onUnlockedUser-0_com.android.server.stats.pull.StatsPullAtomService
05-28 05:14:06.241   510   551 I SystemServerTimingAsync: ssm.onUnlockedUser-0_com.android.server.incident.IncidentCompanionService
05-28 05:14:06.241   510   551 I SystemServerTimingAsync: ssm.onUnlockedUser-0_com.android.server.MmsServiceBroker
05-28 05:14:06.242   510   551 I SystemServerTimingAsync: ssm.onUnlockedUser-0_com.android.server.autofill.AutofillManagerService
05-28 05:14:06.242   510   551 I SystemServerTimingAsync: ssm.onUnlockedUser-0_com.android.server.clipboard.ClipboardService
05-28 05:14:06.242   510   551 I SystemServerTimingAsync: ssm.onUnlockedUser-0_com.android.server.appbinding.AppBindingService$Lifecycle
05-28 05:14:06.242   510   551 I SystemServerTimingAsync: ssm.onUnlockedUser-0_com.android.server.policy.PermissionPolicyService
05-28 05:14:06.242   510   551 I SystemServerTimingAsync: ssm.onUnlockedUser-0_com.android.server.pm.StagingManager$Lifecycle
05-28 05:14:06.242   510   551 W ActivityManager: UserLifecycleEvent 6 received without an active userJourneySession.
05-28 05:14:06.253  1405  1405 I Dialer  : DialerExecutorModule.newThread - creating low priority thread
05-28 05:14:06.257   510  1930 I RecoverySystem: No recovery log file
05-28 05:14:06.257   510  1930 I BootReceiver: No existing last log timestamp file /data/system/log-files.xml; starting empty
05-28 05:14:06.257  1405  1931 I Dialer  : VisualVoicemailUpdateTask.updateNotification - enter
05-28 05:14:06.258   510  1930 I DropBoxManagerService: add tag=SYSTEM_BOOT isTagEnabled=true flags=0x2
05-28 05:14:06.262   510  1930 I BootReceiver: Copying audit failures to DropBox
05-28 05:14:06.262   510  1930 I BootReceiver: Checking for fsck errors
05-28 05:14:06.263   510  1930 I BootReceiver: fs_stat, partition:vdc stat:0x13
05-28 05:14:06.280  1454  1932 I CallLogDatabaseHelper: Migrating from old tables...
05-28 05:14:06.280  1454  1932 I CallLogDatabaseHelper: Source tables don't exist.
05-28 05:14:06.304  1405  1931 I Dialer  : VisualVoicemailUpdateTask.updateNotification - no voicemails to notify about
05-28 05:14:06.304  1405  1931 I Dialer  : VisualVoicemailNotifier.cancelAllVoicemailNotifications - enter
05-28 05:14:06.304  1405  1931 I Dialer  : VoicemailNotificationJobService.scheduleJob - job canceled
05-28 05:14:06.304  1405  1405 I Dialer  : VisualVoicemailUpdateTask.scheduleTask - update successful
05-28 05:14:06.305   510   510 I Telecom : DefaultDialerCache: Refreshing default dialer for user 0: now com.android.dialer: DDC.oR@AFo
05-28 05:14:06.306   510   510 I Telecom : MissedCallNotifierImpl: reloadAfterBootComplete: user=0: TSBCR.oR@AFs
05-28 05:14:06.308   510   510 I Telecom : MissedCallNotifierImpl: reloadAfterBootComplete: user=0: TSBCR.oR@AFs
05-28 05:14:06.363   510   510 I Telecom : PhoneAccountRegistrar: getSimCallManager: SimCallManager for subId 1 queried, returning: null: TSI.gSCMFU@AFw
05-28 05:14:06.367   510   542 E GnssLocationProvider: IGnssConfiguration setEsExtensionSec() failed.
05-28 05:14:06.368   510   542 E GnssConfiguration: Unable to set ES_EXTENSION_SEC: 0
05-28 05:14:06.379   510   552 W ActivityManager: Slow operation: 66ms so far, now at startProcess: returned from zygote!
05-28 05:14:06.379   510   552 W ActivityManager: Slow operation: 66ms so far, now at startProcess: done updating battery stats
05-28 05:14:06.379   510   552 W ActivityManager: Slow operation: 66ms so far, now at startProcess: building log message
05-28 05:14:06.379   510   552 I ActivityManager: Start proc 1937:com.android.calendar/u0a109 for broadcast {com.android.calendar/com.android.calendar.UpgradeReceiver}
05-28 05:14:06.379   510   552 W ActivityManager: Slow operation: 66ms so far, now at startProcess: starting to update pids map
05-28 05:14:06.379   510   552 W ActivityManager: Slow operation: 66ms so far, now at startProcess: done updating pids map
05-28 05:14:06.396  1061  1086 I ngs:CryptKeepe: Waiting for a blocking GC ProfileSaver
05-28 05:14:06.402   413   413 I perfetto: probes_producer.cc:329  Producer stop (id=2)
05-28 05:14:06.404   415   415 I perfetto: ng_service_impl.cc:1948 Tracing session 2 ended, total sessions:2
05-28 05:14:06.410  1038  1038 I Telephony: Carrier-config changed, checking for phone account updates.
05-28 05:14:06.420  1937  1937 W ndroid.calenda: Unexpected CPU variant for X86 using defaults: x86_64
05-28 05:14:06.421  1038  1038 I Telephony: isRttCurrentlySupported -- regular acct, hasVoiceAvailability: false
05-28 05:14:06.421  1038  1038 I Telephony:  isRttSupported: false
05-28 05:14:06.421  1038  1038 I Telephony:  isRoaming: false
05-28 05:14:06.421  1038  1038 I Telephony:  isOnWfc: false
05-28 05:14:06.425   383   394 I adbd    : jdwp connection from 1937
05-28 05:14:06.446  1937  1937 I ndroid.calenda: The ClassLoaderContext is a special shared library.
05-28 05:14:06.490  1038  1038 I Telephony: reRegisterPstnPhoneAccount: subId: 1 - no change
05-28 05:14:06.547   510   552 I ActivityManager: Start proc 1964:com.android.camera2/u0a110 for broadcast {com.android.camera2/com.android.camera.SetActivitiesCameraReceiver}
05-28 05:14:06.569  1964  1964 W android.camera: Unexpected CPU variant for X86 using defaults: x86_64
05-28 05:14:06.577   383   394 I adbd    : jdwp connection from 1964
05-28 05:14:06.589  1964  1964 I android.camera: The ClassLoaderContext is a special shared library.
05-28 05:14:06.603  1714  1731 W MediaProvider: No column annotation provided; not creating views
05-28 05:14:06.605  1714  1731 W MediaProvider: No column annotation provided; not creating views
05-28 05:14:06.610  1038  1038 I VvmSimStateTracker: android.telephony.action.CARRIER_CONFIG_CHANGED
05-28 05:14:06.611  1038  1038 I VvmSimStateTracker: Service connected on ComponentInfo{com.android.phone/com.android.services.telephony.TelephonyConnectionService}, ***, UserHandle{0}
05-28 05:14:06.629  1454  1936 I ContactLocale: AddressBook Labels [[en_US]]: […, A, B, C, D, E, F, G, H, I, J, K, L, M, N, O, P, Q, R, S, T, U, V, W, X, Y, Z, Α, Β, Γ, Δ, Ε, Ζ, Η, Θ, Ι, Κ, Λ, Μ, Ν, Ξ, Ο, Π, Ρ, Σ, Τ, Υ, Φ, Χ, Ψ, Ω, …, А, Б, В, Г, Д, Ђ, Е, Є, Ж, З, И, І, Й, Ј, К, Л, Љ, М, Н, Њ, О, П, Р, С, Т, Ћ, У, Ф, Х, Ц, Ч, Џ, Ш, Щ, Ю, Я, …, א, ב, ג, ד, ה, ו, ז, ח, ט, י, כ, ל, מ, נ, ס, ע, פ, צ, ק, ר, ש, ת, …, ا, ب, ت, ث, ج, ح, خ, د, ذ, ر, ز, س, ش, ص, ض, ط, ظ, ع, غ, ف, ق, ك, ل, م, ن, ه, و, ي, …, ก, ข, ฃ, ค, ฅ, ฆ, ง, จ, ฉ, ช, ซ, ฌ, ญ, ฎ, ฏ, ฐ, ฑ, ฒ, ณ, ด, ต, ถ, ท, ธ, น, บ, ป, ผ, ฝ, พ, ฟ, ภ, ม, ย, ร, ฤ, ล, ฦ, ว, ศ, ษ, ส, ห, ฬ, อ, ฮ, …, ㄱ, ㄴ, ㄷ, ㄹ, ㅁ, ㅂ, ㅅ, ㅇ, ㅈ, ㅊ, ㅋ, ㅌ, ㅍ, ㅎ, …, あ, か, さ, た, な, は, ま, や, ら, わ, #, …]
05-28 05:14:06.641  1964  1964 I android.camera: The ClassLoaderContext is a special shared library.
05-28 05:14:06.644  1454  1936 I ContactDirectoryManager: deleted 0 stale rows which don't have any relevant directory
05-28 05:14:06.644  1454  1936 I ContactDirectoryManager: Discovered 0 contact directories in 6ms
05-28 05:14:06.645  1454  1936 I ContactsProvider: Upgrading aggregation algorithm
05-28 05:14:06.649  1454  1936 I ContactAggregator: Marked all visible contacts for aggregation: 0 raw contacts, 0 ms
05-28 05:14:06.653  1454  1936 I ContactsProvider: Aggregation algorithm upgraded for 0 raw contacts in 7ms
05-28 05:14:06.660  1454  1936 I ContactsFTS: Rebuild contact search index in 7ms, 0 contacts
05-28 05:14:06.662  1038  1038 I RemoteVvmTaskManager: Binding to ComponentInfo{com.android.dialer/com.android.voicemail.impl.OmtpService}
05-28 05:14:06.670  1405  1405 I Dialer  : VvmOmtpService - onCellServiceConnected
05-28 05:14:06.677  1964  1964 I CAM_Profiler: [ 24.867ms][ui] GUARD: FirstRunDetector getTimeOfFirstRun - [24.867ms] PreferenceManager.getDefaultSharedPreferences
05-28 05:14:06.684  1644  1927 W ModernMediaScanner: Failed to visit /system/media: java.nio.file.NoSuchFileException: /system/media
05-28 05:14:06.686  1644  1927 I MediaProvider: Scanned internal due to REASON_MOUNTED, found 0 items in 6ms, 0 inserts 0 updates 0 deletes
05-28 05:14:06.688  1644  1927 W ModernMediaScanner: Failed to visit /oem/media: java.nio.file.NoSuchFileException: /oem/media
05-28 05:14:06.693  1644  1927 I MediaProvider: Scanned internal due to REASON_MOUNTED, found 0 items in 7ms, 0 inserts 0 updates 0 deletes
05-28 05:14:06.697  1964  1964 I CAM_Profiler: [ 45.340ms][ui] GUARD: FirstRunDetector getTimeOfFirstRun - STOP
05-28 05:14:06.698  1964  1964 I CAM_Profiler: [ 46.072ms][ui] GUARD: CameraApp onCreate() - [46.072ms] initializeTimeOfFirstRun
05-28 05:14:06.698  1964  1964 I CAM_Profiler: [ 46.649ms][ui] GUARD: CameraApp onCreate() - STOP
05-28 05:14:06.699  1964  1964 W CAM_Log : Tag SetActivitiesCameraReceiver is 8 chars longer than limit.
05-28 05:14:06.700   416  1513 W ServiceManager: Permission failure: android.permission.SYSTEM_CAMERA from uid=10110 pid=1964
05-28 05:14:06.700  1964  1964 I CAM_SetActivitiesCamera: number of camera: 1
05-28 05:14:06.706  1964  1964 I CAM_SetActivitiesCamera: component state is 1
05-28 05:14:06.734   510   552 I ActivityManager: Start proc 1988:com.android.contacts/u0a98 for broadcast {com.android.contacts/com.android.contacts.interactions.OnBootOrUpgradeReceiver}
05-28 05:14:06.739  1988  1988 W ndroid.contact: Unexpected CPU variant for X86 using defaults: x86_64
05-28 05:14:06.744   383   394 I adbd    : jdwp connection from 1988
05-28 05:14:06.762  1988  1988 I ndroid.contact: The ClassLoaderContext is a special shared library.
05-28 05:14:06.774  1240  1240 I AlarmClock: AlarmInitReceiver android.intent.action.BOOT_COMPLETED
05-28 05:14:06.778  1240  1265 I AlarmClock: Fixing alarm instances
05-28 05:14:06.784   510  1643 I ActivityManager: Killing 1061:com.android.settings:CryptKeeper/1000 (adj 985): empty #17
05-28 05:14:06.789  1405  1405 I Dialer  : VvmOmtpService - onBoot
05-28 05:14:06.795   280   280 I Zygote  : Process 1061 exited due to signal 9 (Killed)
05-28 05:14:06.817   510   552 I ActivityManager: Start proc 2011:com.android.dynsystem/1000 for broadcast {com.android.dynsystem/com.android.dynsystem.BootCompletedReceiver}
05-28 05:14:06.820  2011  2011 W droid.dynsyste: Unexpected CPU variant for X86 using defaults: x86_64
05-28 05:14:06.829   510   553 I libprocessgroup: Successfully killed process cgroup uid 1000 pid 1061 in 44ms
05-28 05:14:06.830   383   394 I adbd    : jdwp connection from 2011
05-28 05:14:06.839  2011  2011 I droid.dynsyste: The ClassLoaderContext is a special shared library.
05-28 05:14:06.844   510   788 I ActivityManager: Killing 1375:com.android.carrierconfig/u0a118 (adj 985): empty #17
05-28 05:14:06.851   280   280 I Zygote  : Process 1375 exited due to signal 9 (Killed)
05-28 05:14:06.851   510   552 I ActivityManager: Start proc 2030:com.android.gallery3d/u0a112 for broadcast {com.android.gallery3d/com.android.camera.DisableCameraReceiver}
05-28 05:14:06.856  2030  2030 W droid.gallery3: Unexpected CPU variant for X86 using defaults: x86_64
05-28 05:14:06.861   383   394 I adbd    : jdwp connection from 2030
05-28 05:14:06.877   510   556 E libprocessgroup: AddTidToCgroup failed to write '2047'; fd=63: Invalid argument
05-28 05:14:06.877   510   556 E libprocessgroup: Failed to add task into cgroup
05-28 05:14:06.877   510   556 W libprocessgroup: ExecuteForTask failed for aggregate profile: Invalid argument
05-28 05:14:06.882  2030  2030 I droid.gallery3: The ClassLoaderContext is a special shared library.
05-28 05:14:06.883  2030  2030 I droid.gallery3: The ClassLoaderContext is a special shared library.
05-28 05:14:06.889   510   553 I libprocessgroup: Successfully killed process cgroup uid 10118 pid 1375 in 44ms
05-28 05:14:06.890   416   719 W ServiceManager: Permission failure: android.permission.SYSTEM_CAMERA from uid=10112 pid=2030
05-28 05:14:06.890   416   719 I chatty  : uid=1047(cameraserver) Binder:416_2 identical 2 lines
05-28 05:14:06.890   416   719 W ServiceManager: Permission failure: android.permission.SYSTEM_CAMERA from uid=10112 pid=2030
05-28 05:14:06.891  2030  2030 I G:DisableCameraReceiver: back camera found: 0
05-28 05:14:06.892  1336  1336 I SystemBroadcastReceiver: Boot has been completed
05-28 05:14:06.892  1336  1336 I SystemBroadcastReceiver: toggleAppIcon() : FLAG_SYSTEM = true
05-28 05:14:06.892   510   788 I ActivityManager: Killing 1547:com.android.documentsui/u0a76 (adj 985): empty #17
05-28 05:14:06.898   280   280 I Zygote  : Process 1547 exited due to signal 9 (Killed)
05-28 05:14:06.904   510   552 I ActivityManager: Start proc 2051:com.android.messaging/u0a103 for broadcast {com.android.messaging/com.android.messaging.receiver.BootAndPackageReplacedReceiver}
05-28 05:14:06.906  2051  2051 W droid.messagin: Unexpected CPU variant for X86 using defaults: x86_64
05-28 05:14:06.908   383   394 I adbd    : jdwp connection from 2051
05-28 05:14:06.915  2051  2051 I droid.messagin: The ClassLoaderContext is a special shared library.
05-28 05:14:06.918  2051  2051 I droid.messagin: The ClassLoaderContext is a special shared library.
05-28 05:14:06.926  2051  2051 I TetheringManager: registerTetheringEventCallback:com.android.messaging
05-28 05:14:06.937   510   553 I libprocessgroup: Successfully killed process cgroup uid 10076 pid 1547 in 44ms
05-28 05:14:06.938  2051  2074 I MessagingApp: Upgrading shared prefs from -1 to 1
05-28 05:14:06.949  2051  2074 W MessagingApp: canonicalizeMccMnc: invalid mccmnc:null ,null
05-28 05:14:06.951  2051  2074 I MessagingApp: Carrier configs loaded: Bundle[{httpSocketTimeout=60000, aliasMinChars=2, smsToMmsTextThreshold=-1, enableSMSDeliveryReports=true, maxMessageTextSize=-1, supportMmsContentDisposition=true, enabledTransID=false, aliasEnabled=false, supportHttpCharsetHeader=false, allowAttachAudio=true, smsToMmsTextLengthThreshold=-1, recipientLimit=2147483647, uaProfTagName=x-wap-profile, aliasMaxChars=48, maxImageHeight=1944, enableMMSDeliveryReports=false, userAgent=, mmsCloseConnection=true, config_cellBroadcastAppLinks=true, maxSubjectLength=40, httpParams=, enableGroupMms=true, emailGatewayNumber=, maxMessageSize=1048576, naiSuffix=, enableMMSReadReports=false, maxImageWidth=2592, uaProfUrl=, enabledMMS=false, enabledNotifyWapMMSC=false, sendMultipartSmsAsSeparateMessages=false, enableMultipartSMS=true}] from resources+system for subId=1
05-28 05:14:06.965  2077  2079 I cmd     : oneway function results will be dropped but finished with status OK and parcel size 4
05-28 05:14:06.981  2080  2080 I abb     : StartCommandInProcess(73657474696e67730067657400676c6f settings.get.glo [truncated])
05-28 05:14:07.014   510   552 I ActivityManager: Start proc 2088:com.android.nfc/1027 for broadcast {com.android.nfc/com.android.nfc.NfcBootCompletedReceiver}
05-28 05:14:07.012   510   510 W Binder:510_6: type=1400 audit(0.0:20): avc: denied { getopt } for scontext=u:r:system_server:s0 tcontext=u:r:shell:s0 tclass=unix_stream_socket permissive=0
05-28 05:14:07.028  2080  2084 I abb     : oneway function results will be dropped but finished with status OK and parcel size 4
05-28 05:14:07.029  2080  2080 I abb     : StartCommandInProcess(7061636b61676500696e7374616c6c00 package.install. [truncated])
05-28 05:14:07.029  2088  2088 W com.android.nf: Unexpected CPU variant for X86 using defaults: x86_64
05-28 05:14:07.030   510   656 W system_server: Core platform API violation: Lsun/misc/Unsafe;->allocateInstance(Ljava/lang/Class;)Ljava/lang/Object; from /apex/com.android.wifi/javalib/service-wifi.jar using linking
05-28 05:14:07.031   510   656 W UnsafeUtil: platform method missing - proto runtime falling back to safer methods: java.lang.NoSuchMethodException: sun.misc.Unsafe.copyMemory [class java.lang.Object, long, class java.lang.Object, long, long]
05-28 05:14:07.012   510   510 W Binder:510_6: type=1400 audit(0.0:21): avc: denied { getopt } for scontext=u:r:system_server:s0 tcontext=u:r:shell:s0 tclass=unix_stream_socket permissive=0
05-28 05:14:07.033   510   656 W LastMileLogger: Failed to open free_buffer pseudo-file: /sys/kernel/debug/tracing/instances/wifi/free_buffer: open failed: ENOENT (No such file or directory)
05-28 05:14:07.033   510   656 W LastMileLogger: Failed to arm fail-safe.
05-28 05:14:07.034  2051  2085 W MessagingApp: canonicalizeMccMnc: invalid mccmnc:null ,null
05-28 05:14:07.035  2051  2085 I MessagingApp: Carrier configs loaded: Bundle[{httpSocketTimeout=60000, aliasMinChars=2, smsToMmsTextThreshold=-1, enableSMSDeliveryReports=true, maxMessageTextSize=-1, supportMmsContentDisposition=true, enabledTransID=false, aliasEnabled=false, supportHttpCharsetHeader=false, allowAttachAudio=true, smsToMmsTextLengthThreshold=-1, recipientLimit=2147483647, uaProfTagName=x-wap-profile, aliasMaxChars=48, maxImageHeight=1944, enableMMSDeliveryReports=false, userAgent=, mmsCloseConnection=true, config_cellBroadcastAppLinks=true, maxSubjectLength=40, httpParams=, enableGroupMms=true, emailGatewayNumber=, maxMessageSize=1048576, naiSuffix=, enableMMSReadReports=false, maxImageWidth=2592, uaProfUrl=, enabledMMS=false, enabledNotifyWapMMSC=false, sendMultipartSmsAsSeparateMessages=false, enableMultipartSMS=true}] from resources+system for subId=1
05-28 05:14:07.037   510   656 I WifiClientModeImpl: Connecting with 02:15:b2:00:00:00 as the mac address
05-28 05:14:07.037   431   431 W wificond: Scan is not started. Ignore abort request
05-28 05:14:07.037   510   656 I SupplicantStaIfaceHal: addSupplicantStaNetwork via HIDL
05-28 05:14:07.012   510   510 W Binder:510_6: type=1400 audit(0.0:22): avc: denied { getopt } for scontext=u:r:system_server:s0 tcontext=u:r:shell:s0 tclass=unix_stream_socket permissive=0
05-28 05:14:07.039   383   394 I adbd    : jdwp connection from 2088
05-28 05:14:07.043  2051  2087 W MessagingApp: Rebuilt databases: reseting related state
05-28 05:14:07.054  2088  2088 I com.android.nf: The ClassLoaderContext is a special shared library.
05-28 05:14:07.070   510   567 I ActivityManager: Killing 2088:com.android.nfc/1027 (adj 0): change com.android.nfc
05-28 05:14:07.056   510   510 W Binder:510_6: type=1400 audit(0.0:23): avc: denied { getopt } for scontext=u:r:system_server:s0 tcontext=u:r:shell:s0 tclass=unix_stream_socket permissive=0
05-28 05:14:07.258     0     0 I binder  : undelivered TRANSACTION_COMPLETE
05-28 05:14:07.259     0     0 I wlan0   : authenticate with 02:15:b2:00:01:00
05-28 05:14:07.260     0     0 I binder  : undelivered transaction 48932, process died.
05-28 05:14:07.261     0     0 I wlan0   : send auth to 02:15:b2:00:01:00 (try 1/3)
05-28 05:14:07.265     0     0 I wlan0   : authenticated
05-28 05:14:07.072   510   602 I InputReader: Reconfiguring input devices, changes=KEYBOARD_LAYOUTS | 
05-28 05:14:07.075   510   542 I RoleManagerService: Granting default roles...
05-28 05:14:07.075   699   699 I wpa_supplicant: wlan0: SME: Trying to authenticate with 02:15:b2:00:01:00 (SSID='AndroidWifi' freq=2447 MHz)
05-28 05:14:07.077   510   510 I Telecom : DefaultDialerCache: Refreshing default dialer for user 0: now com.android.dialer: DDC.oR@AGg
05-28 05:14:07.083   500   500 I hostapd : wlan1: STA 02:15:b2:00:00:00 IEEE 802.11: authenticated
05-28 05:14:07.083   500   500 I hostapd : wlan1: STA 02:15:b2:00:00:00 IEEE 802.11: authenticated
05-28 05:14:07.087   510   656 I PasspointManager: No app ops listener found for com.android.nfc
05-28 05:14:07.088   280   280 I Zygote  : Process 2088 exited due to signal 9 (Killed)
05-28 05:14:07.088   510   552 I ActivityManager: Start proc 2112:com.android.onetimeinitializer/u0a96 for broadcast {com.android.onetimeinitializer/com.android.onetimeinitializer.OneTimeInitializerReceiver}
05-28 05:14:07.091   740   761 I PermissionControllerServiceImpl: Updating user sensitive for uid 1027
05-28 05:14:07.093  2112  2112 W timeinitialize: Unexpected CPU variant for X86 using defaults: x86_64
05-28 05:14:07.097   510   550 W VoiceInteractionManager: no available voice interaction services found for user 0
05-28 05:14:07.098   699   699 I wpa_supplicant: wlan0: Trying to associate with 02:15:b2:00:01:00 (SSID='AndroidWifi' freq=2447 MHz)
05-28 05:14:07.103   500   500 I hostapd : wlan1: STA 02:15:b2:00:00:00 IEEE 802.11: associated (aid 1)
05-28 05:14:07.103   500   500 I hostapd : wlan1: STA 02:15:b2:00:00:00 IEEE 802.11: associated (aid 1)
05-28 05:14:07.103   500   500 I hostapd : wlan1: AP-STA-CONNECTED 02:15:b2:00:00:00
05-28 05:14:07.283     0     0 I wlan0   : associate with 02:15:b2:00:01:00 (try 1/3)
05-28 05:14:07.285     0     0 I wlan0   : RX AssocResp from 02:15:b2:00:01:00 (capab=0x401 status=0 aid=1)
05-28 05:14:07.105  2051  2087 I MessagingAppDataModel: Fixup: Send failed - 0 Download failed - 0
05-28 05:14:07.289     0     0 I wlan0   : associated
05-28 05:14:07.109   699   699 I wpa_supplicant: wlan0: Associated with 02:15:b2:00:01:00
05-28 05:14:07.109   699   699 I wpa_supplicant: wlan0: CTRL-EVENT-CONNECTED - Connection to 02:15:b2:00:01:00 completed [id=0 id_str=%7B%22configKey%22%3A%22%5C%22AndroidWifi%5C%22NONE%22%2C%22creatorUid%22%3A%221000%22%7D]
05-28 05:14:07.110   699   699 I wpa_supplicant: wlan0: CTRL-EVENT-SUBNET-STATUS-UPDATE status=0
05-28 05:14:07.112   510   649 I WifiService: updateInterfaceIpState uid=1073
05-28 05:14:07.113   383   394 I adbd    : jdwp connection from 2112
05-28 05:14:07.113   510   553 I libprocessgroup: Successfully killed process cgroup uid 1027 pid 2088 in 42ms
05-28 05:14:07.131  2112  2112 I timeinitialize: The ClassLoaderContext is a special shared library.
05-28 05:14:07.154   500   500 I hostapd : wlan1: STA-OPMODE-SMPS-MODE-CHANGED 02:15:b2:00:00:00 off
05-28 05:14:07.156   279   404 E Netd    : no such netId 101
05-28 05:14:07.156   510   660 E ConnectivityService: Exception adding interface: java.lang.IllegalStateException: android.os.ServiceSpecificException: Machine is not on the network (code 64)
05-28 05:14:07.156   279   404 E Netd    : no such netId 101
05-28 05:14:07.159  2112  2134 I OneTimeInitializer: Updating to version 1.
05-28 05:14:07.162  2112  2134 E ActivityThread: Failed to find provider info for com.android.launcher2.settings
05-28 05:14:07.170   510  1100 I ActivityManager: Killing 1584:com.android.music/u0a111 (adj 985): empty #17
05-28 05:14:07.174   740   969 W Role    : com.android.provision not qualified for android.app.role.HOME due to missing RequiredComponent{mIntentFilterData=IntentFilterData{mAction='android.intent.action.MAIN', mCategories='[android.intent.category.HOME]', mDataScheme='null', mDataType='null'}, mPermission='null'}
05-28 05:14:07.174   740   969 I RoleControllerServiceImpl: Removing package that no longer qualifies for the role, package: com.android.provision, role: android.app.role.HOME
05-28 05:14:07.176   510   552 I ActivityManager: Start proc 2136:com.android.packageinstaller/u0a70 for broadcast {com.android.packageinstaller/com.android.packageinstaller.TemporaryFileManager}
05-28 05:14:07.176   280   280 I Zygote  : Process 1584 exited due to signal 9 (Killed)
05-28 05:14:07.182   500   500 I hostapd : wlan1: STA-OPMODE-SMPS-MODE-CHANGED 02:15:b2:00:00:00 dynamic
05-28 05:14:07.182   740   969 I RoleControllerServiceImpl: Adding package as default/fallback role holder, package: com.android.launcher3, role: android.app.role.HOME
05-28 05:14:07.188  2136  2136 W ackageinstalle: Unexpected CPU variant for X86 using defaults: x86_64
05-28 05:14:07.193   383   394 I adbd    : jdwp connection from 2136
05-28 05:14:07.195   279   404 E Netd    : no such netId 101
05-28 05:14:07.195   510   660 E ConnectivityService: Exception in networkAddRouteParcel for non-gateway: android.os.ServiceSpecificException: Machine is not on the network (code 64)
05-28 05:14:07.195   279   404 E Netd    : no such netId 101
05-28 05:14:07.195   510   660 E ConnectivityService: Exception in networkAddRouteParcel for gateway: android.os.ServiceSpecificException: Machine is not on the network (code 64)
05-28 05:14:07.203   510   510 I Telecom : PhoneAccountRegistrar: getSimCallManager: SimCallManager for subId 1 queried, returning: null: TSI.gSCMFU@AGk
05-28 05:14:07.208  2136  2136 I ackageinstalle: The ClassLoaderContext is a special shared library.
05-28 05:14:07.219   510   553 I libprocessgroup: Successfully killed process cgroup uid 10111 pid 1584 in 44ms
05-28 05:14:07.223   510   510 I Telecom : PhoneAccountRegistrar: getSimCallManager: SimCallManager for subId 1 queried, returning: null: TSI.gSCMFU@AGo
05-28 05:14:07.225   510  1100 I ActivityManager: Killing 1635:com.android.keychain/1000 (adj 985): empty #17
05-28 05:14:07.226  2051  2085 I MessagingAppDataModel: SyncMessagesAction: Starting batch for messages from -1 to 1779945246935 (message update limit = 80, message scan limit = 4000)
05-28 05:14:07.231   280   280 I Zygote  : Process 1635 exited due to signal 9 (Killed)
05-28 05:14:07.231   510   656 W WifiScoreReport: Cannot start external scoring netId=101 currentNetId=101 sessionId=1017
05-28 05:14:07.232   202   202 W Binder:202_2: type=1400 audit(0.0:24): avc: denied { read } for name="wakeup32" dev="sysfs" ino=18830 scontext=u:r:system_suspend:s0 tcontext=u:object_r:sysfs:s0 tclass=dir permissive=0
05-28 05:14:07.237   202   205 E android.system.suspend@1.0-service: Error opening kernel wakelock stats for: wakeup32: Permission denied
05-28 05:14:07.237   740   740 I AutoRevokePermissions: Parsed teamfood setting value: null
05-28 05:14:07.237   740   740 I AutoRevokePermissions: Parsed teamfood setting value: null
05-28 05:14:07.237   740   740 I AutoRevokePermissions: scheduleAutoRevokePermissions with frequency 1296000000ms and threshold 7776000000ms
05-28 05:14:07.238   740   740 I AutoRevokePermissions: user 0 is a profile owner. Running Auto Revoke.
05-28 05:14:07.238   740   740 I AutoRevokePermissions: Parsed teamfood setting value: null
05-28 05:14:07.421     0     0 W audit   : audit_lost=1 audit_rate_limit=5 audit_backlog_limit=64
05-28 05:14:07.246   510   520 I system_server: Background young concurrent copying GC freed 111616(5926KB) AllocSpace objects, 43(2396KB) LOS objects, 32% free, 12MB/17MB, paused 23us total 163.582ms
05-28 05:14:07.252   510   607 W RuleEvaluation: Integrity rule files are not available.
05-28 05:14:07.253   510   567 I PackageManager: Integrity check passed for file:///data/app/vmdl2142383258.tmp
05-28 05:14:07.438     0     0 E audit   : rate limit exceeded
05-28 05:14:07.258   202   205 E android.system.suspend@1.0-service: Error opening kernel wakelock stats for: wakeup33: Permission denied
05-28 05:14:07.261   510   567 I PackageManager: Permission ownership changed. Updating all permissions.
05-28 05:14:07.267   510   660 W DnsManager: updatePrivateDns(101, PrivateDnsConfig{true:/[]})
05-28 05:14:07.268   279  2160 W resolv  : Validating DnsTlsServer on netId 101
05-28 05:14:07.268   279  2160 W resolv  : Validation failed
05-28 05:14:07.273   510   553 I libprocessgroup: Successfully killed process cgroup uid 1000 pid 1635 in 44ms
05-28 05:14:07.288  1038  1038 I VvmSimStateTracker: android.intent.action.BOOT_COMPLETED
05-28 05:14:07.289   740   740 I AutoRevokePermissions: onStartJob
05-28 05:14:07.289   740   740 I AutoRevokePermissions: Skipping auto revoke first run when scheduled by system
05-28 05:14:07.300   510   567 W BackupTransportManager: Transport com.android.localtransport/.LocalTransport not registered
05-28 05:14:07.300   510   567 W BackupManagerService: [UserID:0] No transport client
05-28 05:14:07.306   740  2163 E BackupHelper: Could not parse delayed permissions
05-28 05:14:07.306   740  2163 E BackupHelper: java.io.FileNotFoundException: /data/user_de/0/com.android.permissioncontroller/files/delayed_restore_permissions.xml: open failed: ENOENT (No such file or directory)
05-28 05:14:07.306   740  2163 E BackupHelper: 	at libcore.io.IoBridge.open(IoBridge.java:492)
05-28 05:14:07.306   740  2163 E BackupHelper: 	at java.io.FileInputStream.<init>(FileInputStream.java:160)
05-28 05:14:07.306   740  2163 E BackupHelper: 	at android.app.ContextImpl.openFileInput(ContextImpl.java:636)
05-28 05:14:07.306   740  2163 E BackupHelper: 	at com.android.permissioncontroller.permission.service.BackupHelper.restoreDelayedState(BackupHelper.java:338)
05-28 05:14:07.306   740  2163 E BackupHelper: 	at com.android.permissioncontroller.permission.service.PermissionControllerServiceImpl.onRestoreDelayedRuntimePermissionsBackup(PermissionControllerServiceImpl.java:413)
05-28 05:14:07.306   740  2163 E BackupHelper: 	at com.android.permissioncontroller.permission.service.PermissionControllerServiceImpl.lambda$onApplyStagedRuntimePermissionBackup$4(PermissionControllerServiceImpl.java:407)
05-28 05:14:07.306   740  2163 E BackupHelper: 	at com.android.permissioncontroller.permission.service.PermissionControllerServiceImpl.lambda$onApplyStagedRuntimePermissionBackup$4$PermissionControllerServiceImpl(Unknown Source:0)
05-28 05:14:07.306   740  2163 E BackupHelper: 	at com.android.permissioncontroller.permission.service.-$$Lambda$PermissionControllerServiceImpl$mE7NqZpMEJTKa_y63m6czFzewlg.run(Unknown Source:8)
05-28 05:14:07.306   740  2163 E BackupHelper: 	at android.os.AsyncTask$SerialExecutor$1.run(AsyncTask.java:305)
05-28 05:14:07.306   740  2163 E BackupHelper: 	at java.util.concurrent.ThreadPoolExecutor.runWorker(ThreadPoolExecutor.java:1167)
05-28 05:14:07.306   740  2163 E BackupHelper: 	at java.util.concurrent.ThreadPoolExecutor$Worker.run(ThreadPoolExecutor.java:641)
05-28 05:14:07.306   740  2163 E BackupHelper: 	at java.lang.Thread.run(Thread.java:923)
05-28 05:14:07.306   740  2163 E BackupHelper: Caused by: android.system.ErrnoException: open failed: ENOENT (No such file or directory)
05-28 05:14:07.306   740  2163 E BackupHelper: 	at libcore.io.Linux.open(Native Method)
05-28 05:14:07.306   740  2163 E BackupHelper: 	at libcore.io.ForwardingOs.open(ForwardingOs.java:166)
05-28 05:14:07.306   740  2163 E BackupHelper: 	at libcore.io.BlockGuardOs.open(BlockGuardOs.java:254)
05-28 05:14:07.306   740  2163 E BackupHelper: 	at libcore.io.ForwardingOs.open(ForwardingOs.java:166)
05-28 05:14:07.306   740  2163 E BackupHelper: 	at android.app.ActivityThread$AndroidOs.open(ActivityThread.java:7542)
05-28 05:14:07.306   740  2163 E BackupHelper: 	at libcore.io.IoBridge.open(IoBridge.java:478)
05-28 05:14:07.306   740  2163 E BackupHelper: 	... 11 more
05-28 05:14:07.309   421   421 E installd: Couldn't opendir /data/app/vmdl2142383258.tmp: No such file or directory
05-28 05:14:07.309   421   421 E installd: Failed to delete /data/app/vmdl2142383258.tmp: No such file or directory
05-28 05:14:07.310  2080  2094 I abb     : oneway function results will be dropped but finished with status OK and parcel size 4
05-28 05:14:07.313   279  2165 W resolv  : Validating DnsTlsServer on netId 101
05-28 05:14:07.326  1644  1644 I MediaProvider: Invalidating LocalCallingIdentity cache for package io.github.ylimit.droidbotapp. Reason: package android.intent.action.PACKAGE_ADDED
05-28 05:14:07.328   510   602 I InputReader: Reconfiguring input devices, changes=KEYBOARD_LAYOUTS | 
05-28 05:14:07.331   740   761 I PermissionControllerServiceImpl: Updating user sensitive for uid 10130
05-28 05:14:07.331   510   510 I Telecom : DefaultDialerCache: Refreshing default dialer for user 0: now com.android.dialer: DDC.oR@AGs
05-28 05:14:07.333   279  2165 W resolv  : SSL_connect ssl error =5, mark 0xf0065: Connection refused
05-28 05:14:07.333   279  2165 W resolv  : Validation failed
05-28 05:14:07.339   510   552 I ActivityManager: Start proc 2168:com.android.shell/2000 for broadcast {com.android.shell/com.android.shell.HeapDumpReceiver}
05-28 05:14:07.345   510   656 E WifiVendorHal: stopRssiMonitoring(l.2100) failed {.code = ERROR_NOT_AVAILABLE, .description = }
05-28 05:14:07.373  2169  2180 I cmd     : oneway function results will be dropped but finished with status OK and parcel size 4
05-28 05:14:07.383   510   543 W InputReader: Device virtio_input_multi_touch_10 is associated with display ADISPLAY_ID_NONE.
05-28 05:14:07.383   510   543 W InputReader: Device virtio_input_multi_touch_7 is associated with display ADISPLAY_ID_NONE.
05-28 05:14:07.383   510   543 W InputReader: Device virtio_input_multi_touch_4 is associated with display ADISPLAY_ID_NONE.
05-28 05:14:07.383   510   543 W InputReader: Device virtio_input_multi_touch_5 is associated with display ADISPLAY_ID_NONE.
05-28 05:14:07.383   510   543 W InputReader: Device virtio_input_multi_touch_2 is associated with display ADISPLAY_ID_NONE.
05-28 05:14:07.383   510   543 W InputReader: Device virtio_input_multi_touch_6 is associated with display ADISPLAY_ID_NONE.
05-28 05:14:07.383   510   543 W InputReader: Device virtio_input_multi_touch_3 is associated with display ADISPLAY_ID_NONE.
05-28 05:14:07.383   510   543 W InputReader: Device virtio_input_multi_touch_8 is associated with display ADISPLAY_ID_NONE.
05-28 05:14:07.383   510   543 W InputReader: Device virtio_input_multi_touch_9 is associated with display ADISPLAY_ID_NONE.
05-28 05:14:07.383   510   543 W InputReader: Device virtio_input_multi_touch_11 is associated with display ADISPLAY_ID_NONE.
05-28 05:14:07.390   510   550 W VoiceInteractionManager: no available voice recognition services found for user 0
05-28 05:14:07.391  2168  2168 W m.android.shel: Unexpected CPU variant for X86 using defaults: x86_64
05-28 05:14:07.402   383   394 I adbd    : jdwp connection from 2168
05-28 05:14:07.410   510   552 W ActivityManager: Slow operation: 51ms so far, now at startProcess: returned from zygote!
05-28 05:14:07.410   510   552 W ActivityManager: Slow operation: 52ms so far, now at startProcess: done updating battery stats
05-28 05:14:07.410   510   552 W ActivityManager: Slow operation: 52ms so far, now at startProcess: building log message
05-28 05:14:07.410   510   552 I ActivityManager: Start proc 2200:com.android.localtransport/1000 for service {com.android.localtransport/com.android.localtransport.LocalTransportService}
05-28 05:14:07.410   510   552 W ActivityManager: Slow operation: 52ms so far, now at startProcess: starting to update pids map
05-28 05:14:07.410   510   552 W ActivityManager: Slow operation: 52ms so far, now at startProcess: done updating pids map
05-28 05:14:07.415  2200  2200 W .localtranspor: Unexpected CPU variant for X86 using defaults: x86_64
05-28 05:14:07.422   383   394 I adbd    : jdwp connection from 2200
05-28 05:14:07.439  2220  2222 I cmd     : oneway function results will be dropped but finished with status OK and parcel size 4
05-28 05:14:07.458   510   552 I ActivityManager: Start proc 2226:io.github.ylimit.droidbotapp/u0a130 for service {io.github.ylimit.droidbotapp/io.github.privacystreams.accessibility.PSAccessibilityService}
05-28 05:14:07.459  2200  2200 I .localtranspor: The ClassLoaderContext is a special shared library.
05-28 05:14:07.463  2168  2168 I m.android.shel: The ClassLoaderContext is a special shared library.
05-28 05:14:07.469   510   510 I TransportClient: LocalTransportService#0: Notifying [TransportManager.registerTransport()] transport = IBackupTransport
05-28 05:14:07.484  2226  2226 I mit.droidbotap: Late-enabling -Xcheck:jni
05-28 05:14:07.493  2226  2226 I mit.droidbotap: Unquickening 12 vdex files!
05-28 05:14:07.494  2226  2226 W mit.droidbotap: Unexpected CPU variant for X86 using defaults: x86_64
05-28 05:14:07.532   510   520 I system_server: Background concurrent copying GC freed 127041(5851KB) AllocSpace objects, 21(740KB) LOS objects, 49% free, 9786KB/19MB, paused 20us total 225.433ms
05-28 05:14:07.533   510   521 W JavaBinder: BinderProxy is being destroyed but the application did not call unlinkToDeath to unlink all of its death recipients beforehand.  Releasing leaked death recipient: com.android.server.AlarmManagerService$2
05-28 05:14:07.533   510   521 I BpBinder: onLastStrongRef automatically unlinking death recipients: <uncached descriptor>
05-28 05:14:07.533   510   521 W JavaBinder: BinderProxy is being destroyed but the application did not call unlinkToDeath to unlink all of its death recipients beforehand.  Releasing leaked death recipient: com.android.server.AlarmManagerService$2
05-28 05:14:07.533   510   521 W JavaBinder: BinderProxy is being destroyed but the application did not call unlinkToDeath to unlink all of its death recipients beforehand.  Releasing leaked death recipient: com.android.server.AlarmManagerService$2
05-28 05:14:07.533   510   521 I BpBinder: onLastStrongRef automatically unlinking death recipients: <uncached descriptor>
05-28 05:14:07.533   510   521 W JavaBinder: BinderProxy is being destroyed but the application did not call unlinkToDeath to unlink all of its death recipients beforehand.  Releasing leaked death recipient: com.android.server.AlarmManagerService$2
05-28 05:14:07.533   510   521 I BpBinder: onLastStrongRef automatically unlinking death recipients: <uncached descriptor>
05-28 05:14:07.533   510   521 W JavaBinder: BinderProxy is being destroyed but the application did not call unlinkToDeath to unlink all of its death recipients beforehand.  Releasing leaked death recipient: com.android.server.AlarmManagerService$2
05-28 05:14:07.533   510   521 I BpBinder: onLastStrongRef automatically unlinking death recipients: <uncached descriptor>
05-28 05:14:07.534   383   394 I adbd    : jdwp connection from 2226
05-28 05:14:07.535   510   544 I DropBoxManagerService: add tag=system_server_strictmode isTagEnabled=true flags=0x2
05-28 05:14:07.542   510   628 I ActivityManager: Killing 1746:com.android.printspooler/u0a86 (adj 975): empty #17
05-28 05:14:07.544   510   628 I ActivityManager: Killing 1804:com.android.provision/u0a117 (adj 985): empty #17
05-28 05:14:07.547  1038  1038 I m.android.phon: The ClassLoaderContext is a special shared library.
05-28 05:14:07.547  2240  2252 I cmd     : oneway function results will be dropped but finished with status OK and parcel size 4
05-28 05:14:07.548   280   280 I Zygote  : Process 1804 exited due to signal 9 (Killed)
05-28 05:14:07.550   280   280 I Zygote  : Process 1746 exited due to signal 9 (Killed)
05-28 05:14:07.564  1038  1038 W nsconfig: com.android.phone: New config does not match the previously set config.
05-28 05:14:07.572   510   552 I ActivityManager: Start proc 2257:com.android.traceur/u0a95 for broadcast {com.android.traceur/com.android.traceur.Receiver}
05-28 05:14:07.586   510   553 I libprocessgroup: Successfully killed process cgroup uid 10086 pid 1746 in 43ms
05-28 05:14:07.587  2051  2086 I MessagingAppDataModel: SyncMessagesAction: All messages now in sync
05-28 05:14:07.590   510   553 I libprocessgroup: Successfully killed process cgroup uid 10117 pid 1804 in 0ms
05-28 05:14:07.592  2257  2257 W android.traceu: Unexpected CPU variant for X86 using defaults: x86_64
05-28 05:14:07.593   510  1826 I ActivityManager: Killing 1678:com.android.externalstorage/u0a68 (adj 975): empty #17
05-28 05:14:07.598   280   280 I Zygote  : Process 1678 exited due to signal 9 (Killed)
05-28 05:14:07.602   383   394 I adbd    : jdwp connection from 2257
05-28 05:14:07.641   510   553 I libprocessgroup: Successfully killed process cgroup uid 10068 pid 1678 in 44ms
05-28 05:14:07.670  1038  1038 W ConnectivityManager.CallbackHandler: callback not found for CALLBACK_AVAILABLE message
05-28 05:14:07.674  2257  2257 I android.traceu: The ClassLoaderContext is a special shared library.
05-28 05:14:07.678   202   205 E android.system.suspend@1.0-service: Error opening kernel wakelock stats for: wakeup32: Permission denied
05-28 05:14:07.682   510   542 I GnssNetworkConnectivityHandler: updateNetworkState, state=CLOSED, connected=true, network=101, capabilities=[ Transports: WIFI Capabilities: NOT_METERED&INTERNET&NOT_RESTRICTED&TRUSTED&NOT_VPN&VALIDATED&NOT_ROAMING&FOREGROUND&NOT_CONGESTED&NOT_SUSPENDED LinkUpBandwidth>=141000Kbps LinkDnBandwidth>=141000Kbps SignalStrength: -30 OwnerUid: 1000 AdministratorUids: [] SSID: "AndroidWifi" RequestorUid: -1 RequestorPackageName: null], apn: , availableNetworkCount: 2
05-28 05:14:07.690   721   721 W View    : requestLayout() improperly called by com.android.keyguard.AlphaOptimizedLinearLayout{7d377e5 V.E...... ......ID 3,0-18,22 #7f0a04db app:id/wifi_group} during layout: running second layout pass
05-28 05:14:07.715   721   721 W View    : requestLayout() improperly called by com.android.keyguard.AlphaOptimizedLinearLayout{8a2056b V.E...... ......ID 3,0-18,22 #7f0a04db app:id/wifi_group} during layout: running second layout pass
05-28 05:14:07.715   721   721 W View    : requestLayout() improperly called by com.android.keyguard.AlphaOptimizedLinearLayout{2cb9086 V.E...... ......ID 3,0-18,22 #7f0a04db app:id/wifi_group} during layout: running second layout pass
05-28 05:14:07.720   202   205 E android.system.suspend@1.0-service: Error opening kernel wakelock stats for: wakeup33: Permission denied
05-28 05:14:07.741   931  1847 E FrameEvents: updateAcquireFence: Did not find frame.
05-28 05:14:07.744  1038  1038 W ConnectivityManager.CallbackHandler: callback not found for CALLBACK_CAP_CHANGED message
05-28 05:14:07.747   510   656 W LastMileLogger: Failed to stop event tracing: /sys/kernel/debug/tracing/instances/wifi/tracing_on: open failed: ENOENT (No such file or directory)
05-28 05:14:07.758   279  2284 W resolv  : Validating DnsTlsServer on netId 101
05-28 05:14:07.761   510  2050 I ActivityManager: Finished processing BOOT_COMPLETED for u0
