--------- beginning of main
05-28 05:14:04.884   510   601 W InputDispatcher: Still no focused window. Will drop the event in 4737ms
05-28 05:14:04.888   510   601 W InputDispatcher: Still no focused window. Will drop the event in 4733ms
05-28 05:14:04.892  1714  1714 I d.process.medi: The ClassLoaderContext is a special shared library.
05-28 05:14:04.900  1038  1038 I Telephony: isRttCurrentlySupported -- regular acct, hasVoiceAvailability: false
05-28 05:14:04.900  1038  1038 I Telephony:  isRttSupported: false
05-28 05:14:04.900  1038  1038 I Telephony:  isRoaming: false
05-28 05:14:04.900  1038  1038 I Telephony:  isOnWfc: false
05-28 05:14:04.902  1644  1733 I FuseDaemonThread: Starting thread for emulated;0 ...
05-28 05:14:04.902  1644  1733 I FuseDaemon: Starting fuse...
05-28 05:14:04.906   510   601 W InputDispatcher: Still no focused window. Will drop the event in 4715ms
05-28 05:14:04.965   510   601 W InputDispatcher: Still no focused window. Will drop the event in 4656ms
--------- beginning of system
05-28 05:14:04.986  1714  1714 I d.process.medi: The ClassLoaderContext is a special shared library.
05-28 05:14:05.003  1714  1714 I DownloadManager: Upgrading downloads database from version 0 to version 114, which will destroy all old data
05-28 05:14:05.014   510   550 I UsageStatsService: Starting migration to system CE for user 0
05-28 05:14:05.014   510   550 I UsageStatsService: Finished migration to system CE for user 0
05-28 05:14:05.014   510   550 I UsageStatsDatabase: Upgrading from version 0 to 5
05-28 05:14:05.014   510   550 I UsageStatsDatabase: Deleting all usage stats files
05-28 05:14:05.015   510   550 I UsageStatsService: User[0] Rollover scheduled @ 2026-05-29 05:14:05(1780031645014)
05-28 05:14:05.017   510   601 W InputDispatcher: Still no focused window. Will drop the event in 4604ms
05-28 05:14:05.031  1714  1714 I d.process.medi: The ClassLoaderContext is a special shared library.
05-28 05:14:05.032   510  1643 I Telecom : PhoneAccountRegistrar: Modify account: [ComponentInfo{com.android.phone/com.android.services.telephony.TelephonyConnectionService}, ***, UserHandle{0}]: TSI.rPA@AEQ
05-28 05:14:05.032   510  1643 I Telecom : CallsManager: handlePhoneAccountChanged: phoneAccount=[[X] PhoneAccount: ComponentInfo{com.android.phone/com.android.services.telephony.TelephonyConnectionService}, ***, UserHandle{0} Capabilities: CallProvider MultiUser PlaceEmerg SimSub  Audio Routes: BESW Schemes: tel voicemail  Extras: Bundle[{android.telecom.extra.SUPPORTS_VIDEO_CALLING_FALLBACK=true}] GroupId: ***]: TSI.rPA@AEQ
05-28 05:14:05.033  1038  1038 I Telephony: AccountEntry: Registered phoneAccount: [[ ] PhoneAccount: ComponentInfo{com.android.phone/com.android.services.telephony.TelephonyConnectionService}, ***, UserHandle{0} Capabilities: CallProvider MultiUser PlaceEmerg SimSub  Audio Routes: BESW Schemes: tel voicemail  Extras: Bundle[{android.telecom.extra.SUPPORTS_VIDEO_CALLING_FALLBACK=true}] GroupId: ***] with handle: ComponentInfo{com.android.phone/com.android.services.telephony.TelephonyConnectionService}, ***, UserHandle{0}
05-28 05:14:05.033  1038  1038 I Telephony: PstnIncomingCallNotifier: Registering: Handler (com.android.internal.telephony.GsmCdmaPhone) {aefa1e4}
05-28 05:14:05.041   510   601 W InputDispatcher: Still no focused window. Will drop the event in 4580ms
05-28 05:14:05.064   510   550 I UsageStatsService: User[0] Flushing usage stats to disk
05-28 05:14:05.094   510   601 W InputDispatcher: Still no focused window. Will drop the event in 4527ms
05-28 05:14:05.109  1714  1731 W MediaProvider: No column annotation provided; not creating views
05-28 05:14:05.111  1714  1731 W MediaProvider: No column annotation provided; not creating views
05-28 05:14:05.124  1038  1038 I RemoteVvmTaskManager: Binding to ComponentInfo{com.android.dialer/com.android.voicemail.impl.OmtpService}
05-28 05:14:05.134   510   601 W InputDispatcher: Still no focused window. Will drop the event in 4487ms
05-28 05:14:05.139  1547  1578 I ProvidersCache: Provider returned no roots. Possibly naughty: com.android.providers.media.documents
05-28 05:14:05.146  1038  1038 I VvmSimStateTracker: android.intent.action.SIM_STATE_CHANGED
05-28 05:14:05.148  1038  1038 I Telephony: handleVideoCapabilitesChanged. Video capability - false
05-28 05:14:05.149  1038  1038 I chatty  : uid=1001(radio) com.android.phone identical 1 line
05-28 05:14:05.149  1038  1038 I Telephony: handleVideoCapabilitesChanged. Video capability - false
05-28 05:14:05.156  1038  1038 I Telephony: isRttCurrentlySupported -- regular acct, hasVoiceAvailability: false
05-28 05:14:05.156  1038  1038 I Telephony:  isRttSupported: false
05-28 05:14:05.156  1038  1038 I Telephony:  isRoaming: false
05-28 05:14:05.156  1038  1038 I Telephony:  isOnWfc: false
05-28 05:14:05.161   510   660 W DnsManager: updatePrivateDns(100, PrivateDnsConfig{true:/[]})
05-28 05:14:05.163   510   552 I ActivityManager: Start proc 1746:com.android.printspooler/u0a86 for service {com.android.printspooler/com.android.printspooler.model.PrintSpoolerService}
05-28 05:14:05.165   279  1745 W resolv  : Validating DnsTlsServer on netId 100
05-28 05:14:05.170  1746  1746 W id.printspoole: Unexpected CPU variant for X86 using defaults: x86_64
05-28 05:14:05.173   383   394 I adbd    : jdwp connection from 1746
05-28 05:14:05.179   510   552 I ActivityManager: Start proc 1764:com.android.managedprovisioning/u0a75 for broadcast {com.android.managedprovisioning/com.android.managedprovisioning.ota.PreBootListener}
05-28 05:14:05.183   510  1100 I Telecom : PhoneAccountRegistrar: Modify account: [ComponentInfo{com.android.phone/com.android.services.telephony.TelephonyConnectionService}, ***, UserHandle{0}]: TSI.rPA@AEo
05-28 05:14:05.183   510  1100 I Telecom : CallsManager: handlePhoneAccountChanged: phoneAccount=[[X] PhoneAccount: ComponentInfo{com.android.phone/com.android.services.telephony.TelephonyConnectionService}, ***, UserHandle{0} Capabilities: CallProvider MultiUser PlaceEmerg SimSub  Audio Routes: BESW Schemes: tel voicemail  Extras: Bundle[{android.telecom.extra.SUPPORTS_VIDEO_CALLING_FALLBACK=true}] GroupId: ***]: TSI.rPA@AEo
05-28 05:14:05.192   279   279 E Netd    : Error adding route ::/0 -> fe80::2 radio0 to table 1017: File exists
05-28 05:14:05.198  1038  1038 I PhoneGlobals: Dismissing depersonal panel
05-28 05:14:05.198   279  1745 W resolv  : Validation failed
05-28 05:14:05.200  1038  1038 E PhoneInterfaceManager: [PhoneIntfMgr] setPreferredNetworkType: CommandException: com.android.internal.telephony.CommandException: MODE_NOT_SUPPORTED
05-28 05:14:05.201  1405  1405 I Dialer  : VvmOmtpService - onCellServiceConnected
05-28 05:14:05.202   510   660 W BestClock: java.time.DateTimeException: Missing NTP fix
05-28 05:14:05.202  1405  1405 I Dialer  : VoicemailModule.provideVoicemailClient - providing VoicemailClientImpl
05-28 05:14:05.205   510   567 I ActivityManager: Killing 1571:com.android.sdksetup/u0a113 (adj 0): change com.android.sdksetup
05-28 05:14:05.207   510   601 W InputDispatcher: Still no focused window. Will drop the event in 4414ms
05-28 05:14:05.209   510   601 I InputDispatcher: Dropping KEY event because there is no focused window or focused application in display 0.
05-28 05:14:05.209   510  1208 W InputManager: Input event injection from pid 1485 failed.
05-28 05:14:05.209   510  1643 W InputManager: Input event injection from pid 1485 failed.
05-28 05:14:05.209   510   567 I ActivityTaskManager: START u0 {act=android.intent.action.MAIN cat=[android.intent.category.HOME] flg=0x10000100 cmp=com.android.provision/.DefaultActivity} from uid 0
05-28 05:14:05.209   510   601 I InputDispatcher: Dropping KEY event because there is no focused window or focused application in display 0.
05-28 05:14:05.216   510   660 W BestClock: java.time.DateTimeException: Missing NTP fix
05-28 05:14:05.223   510   542 I RoleManagerService: Granting default roles...
05-28 05:14:05.224   510   653 W BestClock: java.time.DateTimeException: Missing NTP fix
05-28 05:14:05.228   510   510 W AppWidgetServiceImpl: Failed to read state: java.io.FileNotFoundException: /data/system/users/0/appwidgets.xml: open failed: ENOENT (No such file or directory)
05-28 05:14:05.228   510   510 I Telecom : DefaultDialerCache: Refreshing default dialer for user 0: now com.android.dialer: DDC.oR@AEs
05-28 05:14:05.229   740   761 I PermissionControllerServiceImpl: Updating user sensitive for uid 10113
05-28 05:14:05.240  1746  1746 I id.printspoole: The ClassLoaderContext is a special shared library.
05-28 05:14:05.217  1764  1764 W gedprovisionin: Unexpected CPU variant for X86 using defaults: x86_64
05-28 05:14:05.298   510   544 W BluetoothManagerService: Unable to bind with intent: Intent { act=android.bluetooth.IBluetoothHeadset cmp=com.android.bluetooth/.hfp.HeadsetService }
05-28 05:14:05.299   510   546 W WindowManager: Failed looking up window session=Session{55d92d4 510:1000} callers=com.android.server.wm.WindowManagerService.windowForClientLocked:5425 com.android.server.wm.WindowManagerService.removeWindow:1892 com.android.server.wm.Session.remove:193 
05-28 05:14:05.303   383   394 I adbd    : jdwp connection from 1764
05-28 05:14:05.309   415   415 I perfetto: ing_service_impl.cc:758 Configured tracing session 4, #sources:1, duration:5000 ms, #buffers:1, total buffer size:4096 KB, total sessions:4, uid:1071 session name: ""
05-28 05:14:05.309   413   413 I perfetto: probes_producer.cc:230  Ftrace setup (target_buf=4)
05-28 05:14:05.312   510   602 I InputReader: Reconfiguring input devices, changes=KEYBOARD_LAYOUTS | 
05-28 05:14:05.314  1547  1578 I ProvidersCache: Provider returned no roots. Possibly naughty: com.android.externalstorage.documents
--------- beginning of kernel
05-28 05:14:05.505     0     0 I binder  : undelivered TRANSACTION_COMPLETE
05-28 05:14:05.506     0     0 I binder  : undelivered transaction 36986, process died.
05-28 05:14:05.323   280   280 I Zygote  : Process 1571 exited due to signal 9 (Killed)
05-28 05:14:05.330  1547  1578 I ProvidersCache: Provider returned no roots. Possibly naughty: com.android.providers.media.documents
05-28 05:14:05.337   510   553 I libprocessgroup: Successfully killed process cgroup uid 10113 pid 1571 in 130ms
05-28 05:14:05.341   962  1775 W UnsafeUtil: platform method missing - proto runtime falling back to safer methods: java.lang.NoSuchMethodException: sun.misc.Unsafe.copyMemory [class java.lang.Object, long, class java.lang.Object, long, long]
05-28 05:14:05.344   510   552 I ActivityManager: Start proc 1804:com.android.provision/u0a117 for top-activity {com.android.provision/com.android.provision.DefaultActivity}
05-28 05:14:05.345  1804  1804 W droid.provisio: Unexpected CPU variant for X86 using defaults: x86_64
05-28 05:14:05.350   383   394 I adbd    : jdwp connection from 1804
05-28 05:14:05.351   510   652 W BestClock: java.time.DateTimeException: Missing NTP fix
05-28 05:14:05.355   510   544 I DropBoxManagerService: add tag=system_app_strictmode isTagEnabled=true flags=0x2
05-28 05:14:05.356   510   628 W InputReader: Device virtio_input_multi_touch_10 is associated with display ADISPLAY_ID_NONE.
05-28 05:14:05.356   510   628 W InputReader: Device virtio_input_multi_touch_7 is associated with display ADISPLAY_ID_NONE.
05-28 05:14:05.356   510   628 W InputReader: Device virtio_input_multi_touch_4 is associated with display ADISPLAY_ID_NONE.
05-28 05:14:05.356   510   628 W InputReader: Device virtio_input_multi_touch_5 is associated with display ADISPLAY_ID_NONE.
05-28 05:14:05.356   510   628 W InputReader: Device virtio_input_multi_touch_2 is associated with display ADISPLAY_ID_NONE.
05-28 05:14:05.356   510   628 W InputReader: Device virtio_input_multi_touch_6 is associated with display ADISPLAY_ID_NONE.
05-28 05:14:05.356   510   628 W InputReader: Device virtio_input_multi_touch_3 is associated with display ADISPLAY_ID_NONE.
05-28 05:14:05.356   510   628 W InputReader: Device virtio_input_multi_touch_8 is associated with display ADISPLAY_ID_NONE.
05-28 05:14:05.356   510   628 W InputReader: Device virtio_input_multi_touch_9 is associated with display ADISPLAY_ID_NONE.
05-28 05:14:05.356   510   628 W InputReader: Device virtio_input_multi_touch_11 is associated with display ADISPLAY_ID_NONE.
05-28 05:14:05.356   510   628 W InputReader: Device virtio_input_multi_touch_10 is associated with display ADISPLAY_ID_NONE.
05-28 05:14:05.356   510   628 W InputReader: Device virtio_input_multi_touch_7 is associated with display ADISPLAY_ID_NONE.
05-28 05:14:05.356   510   628 W InputReader: Device virtio_input_multi_touch_4 is associated with display ADISPLAY_ID_NONE.
05-28 05:14:05.356   510   628 W InputReader: Device virtio_input_multi_touch_5 is associated with display ADISPLAY_ID_NONE.
05-28 05:14:05.356   510   628 W InputReader: Device virtio_input_multi_touch_2 is associated with display ADISPLAY_ID_NONE.
05-28 05:14:05.356   510   628 W InputReader: Device virtio_input_multi_touch_6 is associated with display ADISPLAY_ID_NONE.
05-28 05:14:05.356   510   628 W InputReader: Device virtio_input_multi_touch_3 is associated with display ADISPLAY_ID_NONE.
05-28 05:14:05.356   510   628 W InputReader: Device virtio_input_multi_touch_8 is associated with display ADISPLAY_ID_NONE.
05-28 05:14:05.356   510   628 W InputReader: Device virtio_input_multi_touch_9 is associated with display ADISPLAY_ID_NONE.
05-28 05:14:05.356   510   628 W InputReader: Device virtio_input_multi_touch_11 is associated with display ADISPLAY_ID_NONE.
05-28 05:14:05.544     0     0 I init    : processing action (sys.sysctl.tcp_def_init_rwnd=*) from (/system/etc/init/hw/init.rc:1006)
05-28 05:14:05.371   510   550 I chatty  : uid=1000(system) android.bg identical 1 line
05-28 05:14:05.388   510   550 W VoiceInteractionManager: no available voice interaction services found for user 0
05-28 05:14:05.393   740   969 W Role    : com.android.sdksetup not qualified for android.app.role.HOME due to missing RequiredComponent{mIntentFilterData=IntentFilterData{mAction='android.intent.action.MAIN', mCategories='[android.intent.category.HOME]', mDataScheme='null', mDataType='null'}, mPermission='null'}
05-28 05:14:05.393   740   969 I RoleControllerServiceImpl: Removing package that no longer qualifies for the role, package: com.android.sdksetup, role: android.app.role.HOME
05-28 05:14:05.394   510   653 W BestClock: java.time.DateTimeException: Missing NTP fix
05-28 05:14:05.395   510   510 I Telecom : PhoneAccountRegistrar: getSimCallManager: SimCallManager for subId 1 queried, returning: null: TSI.gSCMFU@AEw
05-28 05:14:05.396  1764  1764 I gedprovisionin: The ClassLoaderContext is a special shared library.
05-28 05:14:05.397   510   652 W BestClock: java.time.DateTimeException: Missing NTP fix
05-28 05:14:05.398  1804  1804 I droid.provisio: The ClassLoaderContext is a special shared library.
05-28 05:14:05.399   510   660 W BestClock: java.time.DateTimeException: Missing NTP fix
05-28 05:14:05.399  1764  1764 I CarUiInstaller: CarUiInstaller started for com.android.managedprovisioning
05-28 05:14:05.401   740   969 I RoleControllerServiceImpl: Adding package as default/fallback role holder, package: com.android.provision, role: android.app.role.HOME
05-28 05:14:05.408   510   510 I Telecom : PhoneAccountRegistrar: getSimCallManager: SimCallManager for subId 1 queried, returning: null: TSI.gSCMFU@AE0
05-28 05:14:05.412   510   628 I PreBootBroadcaster: Pre-boot of {com.android.providers.calendar/com.android.providers.calendar.CalendarUpgradeReceiver} for user 0
05-28 05:14:05.413  1405  1405 I Dialer  : VvmTaskReceiver - task received
05-28 05:14:05.413  1405  1405 I Dialer  : VvmTaskReceiver - scheduling new job
05-28 05:14:05.414  1405  1405 I Dialer  : TaskSchedulerJobService - scheduling job with 1 tasks
05-28 05:14:05.414  1405  1405 I Dialer  : TaskSchedulerJobService - running job instantly.
05-28 05:14:05.421   510   660 W BestClock: java.time.DateTimeException: Missing NTP fix
05-28 05:14:05.423   510   653 W BestClock: java.time.DateTimeException: Missing NTP fix
05-28 05:14:05.425  1405  1405 I Dialer  : TaskSchedulerJobService - job 0 scheduled
05-28 05:14:05.428  1405  1405 I Dialer  : TaskSchedulerJobService - starting 0
05-28 05:14:05.435   510   552 I ActivityManager: Start proc 1840:com.android.providers.calendar/u0a67 for broadcast {com.android.providers.calendar/com.android.providers.calendar.CalendarUpgradeReceiver}
05-28 05:14:05.438   510  1643 I ActivityTaskManager: START u0 {act=android.intent.action.MAIN cat=[android.intent.category.HOME] flg=0x10000100 cmp=com.android.launcher3/.uioverrides.QuickstepLauncher} from uid 0
05-28 05:14:05.440   510  1643 W InputReader: Device virtio_input_multi_touch_10 is associated with display ADISPLAY_ID_NONE.
05-28 05:14:05.440   510  1643 W InputReader: Device virtio_input_multi_touch_7 is associated with display ADISPLAY_ID_NONE.
05-28 05:14:05.440   510  1643 W InputReader: Device virtio_input_multi_touch_4 is associated with display ADISPLAY_ID_NONE.
05-28 05:14:05.440   510  1643 W InputReader: Device virtio_input_multi_touch_5 is associated with display ADISPLAY_ID_NONE.
05-28 05:14:05.440   510  1643 W InputReader: Device virtio_input_multi_touch_2 is associated with display ADISPLAY_ID_NONE.
05-28 05:14:05.440   510  1643 W InputReader: Device virtio_input_multi_touch_6 is associated with display ADISPLAY_ID_NONE.
05-28 05:14:05.440   510  1643 W InputReader: Device virtio_input_multi_touch_3 is associated with display ADISPLAY_ID_NONE.
05-28 05:14:05.440   510  1643 W InputReader: Device virtio_input_multi_touch_8 is associated with display ADISPLAY_ID_NONE.
05-28 05:14:05.440   510  1643 W InputReader: Device virtio_input_multi_touch_9 is associated with display ADISPLAY_ID_NONE.
05-28 05:14:05.440   510  1643 W InputReader: Device virtio_input_multi_touch_11 is associated with display ADISPLAY_ID_NONE.
05-28 05:14:05.440   510  1643 W InputReader: Device virtio_input_multi_touch_10 is associated with display ADISPLAY_ID_NONE.
05-28 05:14:05.440   510  1643 W InputReader: Device virtio_input_multi_touch_7 is associated with display ADISPLAY_ID_NONE.
05-28 05:14:05.440   510  1643 W InputReader: Device virtio_input_multi_touch_4 is associated with display ADISPLAY_ID_NONE.
05-28 05:14:05.440   510  1643 W InputReader: Device virtio_input_multi_touch_5 is associated with display ADISPLAY_ID_NONE.
05-28 05:14:05.441   510  1643 W InputReader: Device virtio_input_multi_touch_2 is associated with display ADISPLAY_ID_NONE.
05-28 05:14:05.441   510  1643 W InputReader: Device virtio_input_multi_touch_6 is associated with display ADISPLAY_ID_NONE.
05-28 05:14:05.441   510  1643 W InputReader: Device virtio_input_multi_touch_3 is associated with display ADISPLAY_ID_NONE.
05-28 05:14:05.441   510  1643 W InputReader: Device virtio_input_multi_touch_8 is associated with display ADISPLAY_ID_NONE.
05-28 05:14:05.441   510  1643 W InputReader: Device virtio_input_multi_touch_9 is associated with display ADISPLAY_ID_NONE.
05-28 05:14:05.441   510  1643 W InputReader: Device virtio_input_multi_touch_11 is associated with display ADISPLAY_ID_NONE.
05-28 05:14:05.441   510   660 W BestClock: java.time.DateTimeException: Missing NTP fix
05-28 05:14:05.441   510   660 W BestClock: java.time.DateTimeException: Missing NTP fix
05-28 05:14:05.446  1405  1405 I Dialer  : VvmTaskExecutor - onStartJob
05-28 05:14:05.446  1405  1405 I Dialer  : Task.createTask - create task:com.android.voicemail.impl.ActivationTask
05-28 05:14:05.447  1405  1839 I Dialer  : VvmTaskExecutor - executing task com.android.voicemail.impl.ActivationTask@ca388a
05-28 05:14:05.448   510   652 W BestClock: java.time.DateTimeException: Missing NTP fix
05-28 05:14:05.449  1405  1839 I Dialer  : PreOMigrationHandler - migrating ComponentInfo{com.android.phone/com.android.services.telephony.TelephonyConnectionService}, ***, UserHandle{0}
05-28 05:14:05.449  1405  1839 I Dialer  : PreOMigrationHandler.migrateSettings - migrating settings
05-28 05:14:05.451   931   931 E ContextImpl: Tried to access visual service WallpaperManager from a non-visual Context:android.app.Application@340b887 Visual services, such as WindowManager, WallpaperService or LayoutInflater should be accessed from Activity or other visual Context. Use an Activity or a Context created with Context#createWindowContext(int, Bundle), which are adjusted to the configuration and visual bounds of an area on screen.
05-28 05:14:05.451   931   931 E ContextImpl: java.lang.IllegalAccessException: Tried to access visual service WallpaperManager from a non-visual Context:android.app.Application@340b887
05-28 05:14:05.451   931   931 E ContextImpl: 	at android.app.ContextImpl.getSystemService(ContextImpl.java:1914)
05-28 05:14:05.451   931   931 E ContextImpl: 	at android.content.ContextWrapper.getSystemService(ContextWrapper.java:803)
05-28 05:14:05.451   931   931 E ContextImpl: 	at android.content.Context.getSystemService(Context.java:3705)
05-28 05:14:05.451   931   931 E ContextImpl: 	at com.android.launcher3.uioverrides.WallpaperColorInfo.<init>(WallpaperColorInfo.java:55)
05-28 05:14:05.451   931   931 E ContextImpl: 	at com.android.launcher3.uioverrides.WallpaperColorInfo.lambda$tLetMNUhFw-gX6-W-n47DqKz3p0(Unknown Source:2)
05-28 05:14:05.451   931   931 E ContextImpl: 	at com.android.launcher3.uioverrides.-$$Lambda$WallpaperColorInfo$tLetMNUhFw-gX6-W-n47DqKz3p0.get(Unknown Source:0)
05-28 05:14:05.451   931   931 E ContextImpl: 	at com.android.launcher3.util.MainThreadInitializedObject.lambda$get$0$MainThreadInitializedObject(MainThreadInitializedObject.java:50)
05-28 05:14:05.451   931   931 E ContextImpl: 	at com.android.launcher3.util.-$$Lambda$MainThreadInitializedObject$31I13NSyZWlVLw9-SvduyHO4fhM.get(Unknown Source:4)
05-28 05:14:05.451   931   931 E ContextImpl: 	at com.android.launcher3.util.TraceHelper.whitelistIpcs(TraceHelper.java:84)
05-28 05:14:05.451   931   931 E ContextImpl: 	at com.android.launcher3.util.MainThreadInitializedObject.get(MainThreadInitializedObject.java:49)
05-28 05:14:05.451   931   931 E ContextImpl: 	at com.android.launcher3.BaseDraggingActivity.onCreate(BaseDraggingActivity.java:90)
05-28 05:14:05.451   931   931 E ContextImpl: 	at com.android.launcher3.Launcher.onCreate(Launcher.java:365)
05-28 05:14:05.451   931   931 E ContextImpl: 	at com.android.launcher3.BaseQuickstepLauncher.onCreate(BaseQuickstepLauncher.java:83)
05-28 05:14:05.451   931   931 E ContextImpl: 	at com.android.launcher3.uioverrides.QuickstepLauncher.onCreate(QuickstepLauncher.java:98)
05-28 05:14:05.451   931   931 E ContextImpl: 	at android.app.Activity.performCreate(Activity.java:7994)
05-28 05:14:05.451   931   931 E ContextImpl: 	at android.app.Activity.performCreate(Activity.java:7978)
05-28 05:14:05.451   931   931 E ContextImpl: 	at android.app.Instrumentation.callActivityOnCreate(Instrumentation.java:1309)
05-28 05:14:05.451   931   931 E ContextImpl: 	at android.app.ActivityThread.performLaunchActivity(ActivityThread.java:3422)
05-28 05:14:05.451   931   931 E ContextImpl: 	at android.app.ActivityThread.handleLaunchActivity(ActivityThread.java:3601)
05-28 05:14:05.451   931   931 E ContextImpl: 	at android.app.servertransaction.LaunchActivityItem.execute(LaunchActivityItem.java:85)
05-28 05:14:05.451   931   931 E ContextImpl: 	at android.app.servertransaction.TransactionExecutor.executeCallbacks(TransactionExecutor.java:135)
05-28 05:14:05.451   931   931 E ContextImpl: 	at android.app.servertransaction.TransactionExecutor.execute(TransactionExecutor.java:95)
05-28 05:14:05.451   931   931 E ContextImpl: 	at android.app.ActivityThread$H.handleMessage(ActivityThread.java:2066)
05-28 05:14:05.451   931   931 E ContextImpl: 	at android.os.Handler.dispatchMessage(Handler.java:106)
05-28 05:14:05.451   931   931 E ContextImpl: 	at android.os.Looper.loop(Looper.java:223)
05-28 05:14:05.451   931   931 E ContextImpl: 	at android.app.ActivityThread.main(ActivityThread.java:7656)
05-28 05:14:05.451   931   931 E ContextImpl: 	at java.lang.reflect.Method.invoke(Native Method)
05-28 05:14:05.451   931   931 E ContextImpl: 	at com.android.internal.os.RuntimeInit$MethodAndArgsCaller.run(RuntimeInit.java:592)
05-28 05:14:05.451   931   931 E ContextImpl: 	at com.android.internal.os.ZygoteInit.main(ZygoteInit.java:947)
05-28 05:14:05.453   510   544 I DropBoxManagerService: add tag=system_app_strictmode isTagEnabled=true flags=0x2
05-28 05:14:05.465  1840  1840 W viders.calenda: Unexpected CPU variant for X86 using defaults: x86_64
05-28 05:14:05.466   383   394 I adbd    : jdwp connection from 1840
05-28 05:14:05.478  1454  1454 I ContactsPerf: VoicemailContentProvider.onCreate start
05-28 05:14:05.480  1454  1454 I ContactsPerf: VoicemailContentProvider.onCreate finish
05-28 05:14:05.501   510   653 W BestClock: java.time.DateTimeException: Missing NTP fix
05-28 05:14:05.502   510   652 W BestClock: java.time.DateTimeException: Missing NTP fix
05-28 05:14:05.502   510   660 W BestClock: java.time.DateTimeException: Missing NTP fix
05-28 05:14:05.503  1840  1840 I viders.calenda: The ClassLoaderContext is a special shared library.
05-28 05:14:05.505   510   542 I GnssNetworkConnectivityHandler: updateNetworkState, state=CLOSED, connected=true, network=100, capabilities=[ Transports: CELLULAR Capabilities: MMS&SUPL&DUN&FOTA&IMS&CBS&INTERNET&NOT_RESTRICTED&TRUSTED&NOT_VPN&VALIDATED&NOT_ROAMING&FOREGROUND&NOT_CONGESTED&NOT_SUSPENDED LinkUpBandwidth>=15000Kbps LinkDnBandwidth>=30000Kbps Specifier: <TelephonyNetworkSpecifier [mSubId = 1]> AdministratorUids: [] RequestorUid: -1 RequestorPackageName: null], apn: epc.tmobile.com, availableNetworkCount: 1
05-28 05:14:05.505   159   159 I hwservicemanager: getTransport: Cannot find entry android.hardware.configstore@1.0::ISurfaceFlingerConfigs/default in either framework or device manifest.
05-28 05:14:05.506   510   653 W BestClock: java.time.DateTimeException: Missing NTP fix
05-28 05:14:05.510  1454  1864 I ContactsDatabaseHelper: updateUseStrictPhoneNumberComparison: US
05-28 05:14:05.513  1454  1476 E DatabaseUtils: Writing exception to parcel
05-28 05:14:05.513  1454  1476 E DatabaseUtils: java.lang.SecurityException: Permission denial: reading from settings requires:android.permission.READ_DEVICE_CONFIG
05-28 05:14:05.513  1454  1476 E DatabaseUtils: 	at android.provider.DeviceConfig.enforceReadPermission(DeviceConfig.java:822)
05-28 05:14:05.513  1454  1476 E DatabaseUtils: 	at android.provider.DeviceConfig.addOnPropertiesChangedListener(DeviceConfig.java:684)
05-28 05:14:05.513  1454  1476 E DatabaseUtils: 	at com.android.providers.contacts.ContactsDatabaseHelper.startListeningToDeviceConfigUpdates(ContactsDatabaseHelper.java:1038)
05-28 05:14:05.513  1454  1476 E DatabaseUtils: 	at com.android.providers.contacts.ContactsDatabaseHelper.<init>(ContactsDatabaseHelper.java:1030)
05-28 05:14:05.513  1454  1476 E DatabaseUtils: 	at com.android.providers.contacts.ContactsDatabaseHelper.getInstance(ContactsDatabaseHelper.java:997)
05-28 05:14:05.513  1454  1476 E DatabaseUtils: 	at com.android.providers.contacts.CallLogDatabaseHelper.getContactsWritableDatabaseForMigration(CallLogDatabaseHelper.java:544)
05-28 05:14:05.513  1454  1476 E DatabaseUtils: 	at com.android.providers.contacts.CallLogDatabaseHelper.migrateFromLegacyTables(CallLogDatabaseHelper.java:458)
05-28 05:14:05.513  1454  1476 E DatabaseUtils: 	at com.android.providers.contacts.CallLogDatabaseHelper.access$000(CallLogDatabaseHelper.java:39)
05-28 05:14:05.513  1454  1476 E DatabaseUtils: 	at com.android.providers.contacts.CallLogDatabaseHelper$OpenHelper.onCreate(CallLogDatabaseHelper.java:187)
05-28 05:14:05.513  1454  1476 E DatabaseUtils: 	at android.database.sqlite.SQLiteOpenHelper.getDatabaseLocked(SQLiteOpenHelper.java:411)
05-28 05:14:05.513  1454  1476 E DatabaseUtils: 	at android.database.sqlite.SQLiteOpenHelper.getWritableDatabase(SQLiteOpenHelper.java:316)
05-28 05:14:05.513  1454  1476 E DatabaseUtils: 	at com.android.providers.contacts.CallLogDatabaseHelper.getWritableDatabase(CallLogDatabaseHelper.java:253)
05-28 05:14:05.513  1454  1476 E DatabaseUtils: 	at com.android.providers.contacts.VoicemailStatusTable.insert(VoicemailStatusTable.java:76)
05-28 05:14:05.513  1454  1476 E DatabaseUtils: 	at com.android.providers.contacts.VoicemailContentProvider.insert(VoicemailContentProvider.java:187)
05-28 05:14:05.513  1454  1476 E DatabaseUtils: 	at android.content.ContentProvider.insert(ContentProvider.java:1673)
05-28 05:14:05.513  1454  1476 E DatabaseUtils: 	at android.content.ContentProvider$Transport.insert(ContentProvider.java:336)
05-28 05:14:05.513  1454  1476 E DatabaseUtils: 	at android.content.ContentProviderNative.onTransact(ContentProviderNative.java:167)
05-28 05:14:05.513  1454  1476 E DatabaseUtils: 	at android.os.Binder.execTransactInternal(Binder.java:1154)
05-28 05:14:05.513  1454  1476 E DatabaseUtils: 	at android.os.Binder.execTransact(Binder.java:1123)
05-28 05:14:05.514  1405  1839 E Dialer  : VvmTaskExecutor - Exception while executing task com.android.voicemail.impl.ActivationTask@ca388a:
05-28 05:14:05.514  1405  1839 E Dialer  : java.lang.SecurityException: Permission denial: reading from settings requires:android.permission.READ_DEVICE_CONFIG
05-28 05:14:05.514  1405  1839 E Dialer  : 	at android.os.Parcel.createExceptionOrNull(Parcel.java:2373)
05-28 05:14:05.514  1405  1839 E Dialer  : 	at android.os.Parcel.createException(Parcel.java:2357)
05-28 05:14:05.514  1405  1839 E Dialer  : 	at android.os.Parcel.readException(Parcel.java:2340)
05-28 05:14:05.514  1405  1839 E Dialer  : 	at android.database.DatabaseUtils.readExceptionFromParcel(DatabaseUtils.java:190)
05-28 05:14:05.514  1405  1839 E Dialer  : 	at android.database.DatabaseUtils.readExceptionFromParcel(DatabaseUtils.java:142)
05-28 05:14:05.514  1405  1839 E Dialer  : 	at android.content.ContentProviderProxy.insert(ContentProviderNative.java:549)
05-28 05:14:05.514  1405  1839 E Dialer  : 	at android.content.ContentResolver.insert(ContentResolver.java:2149)
05-28 05:14:05.514  1405  1839 E Dialer  : 	at android.content.ContentResolver.insert(ContentResolver.java:2111)
05-28 05:14:05.514  1405  1839 E Dialer  : 	at com.android.voicemail.impl.VoicemailStatus$Editor.lambda$apply$0$VoicemailStatus$Editor(VoicemailStatus.java:1)
05-28 05:14:05.514  1405  1839 E Dialer  : 	at com.android.voicemail.impl.-$$Lambda$VoicemailStatus$Editor$L7OVrfTyn2oINezUXA8i__KqQUk.get(Unknown Source:6)
05-28 05:14:05.514  1405  1839 E Dialer  : 	at com.android.dialer.strictmode.StrictModeUtils.bypass(StrictModeUtils.java:8)
05-28 05:14:05.514  1405  1839 E Dialer  : 	at com.android.voicemail.impl.VoicemailStatus$Editor.apply(VoicemailStatus.java:8)
05-28 05:14:05.514  1405  1839 E Dialer  : 	at com.android.voicemail.impl.ActivationTask.onExecuteInBackgroundThread(ActivationTask.java:45)
05-28 05:14:05.514  1405  1839 E Dialer  : 	at com.android.voicemail.impl.scheduling.TaskExecutor$WorkerThreadHandler.handleMessage(TaskExecutor.java:4)
05-28 05:14:05.514  1405  1839 E Dialer  : 	at android.os.Handler.dispatchMessage(Handler.java:106)
05-28 05:14:05.514  1405  1839 E Dialer  : 	at android.os.Looper.loop(Looper.java:223)
05-28 05:14:05.514  1405  1839 E Dialer  : 	at android.os.HandlerThread.run(HandlerThread.java:67)
05-28 05:14:05.514  1405  1405 I Dialer  : RetryPolicy - com.android.voicemail.impl.ActivationTask@ca388a completed successfully
05-28 05:14:05.514  1405  1405 I Dialer  : RetryPolicy - committing deferred status: 
05-28 05:14:05.515   159   159 I hwservicemanager: getTransport: Cannot find entry android.hardware.graphics.mapper@4.0::IMapper/default in either framework or device manifest.
05-28 05:14:05.519  1454  1864 I ContactsDatabaseHelper: Bootstrapping database contacts2.db version: 1400
05-28 05:14:05.521   510   660 W BestClock: java.time.DateTimeException: Missing NTP fix
05-28 05:14:05.521   931  1847 I Gralloc4: mapper 4.x is not supported
05-28 05:14:05.521   510   660 W BestClock: java.time.DateTimeException: Missing NTP fix
05-28 05:14:05.526   159   159 I hwservicemanager: getTransport: Cannot find entry android.hardware.graphics.allocator@4.0::IAllocator/default in either framework or device manifest.
05-28 05:14:05.529   931  1847 W Gralloc4: allocator 3.x is not supported
05-28 05:14:05.544  1840  1840 I CalendarDatabaseHelper: Bootstrapping database
05-28 05:14:05.569  1454  1864 I ContactsProviderV1: Bootstrapping database legacy support
05-28 05:14:05.586  1454  1864 I CallLogDatabaseHelper: Migrating from old tables...
05-28 05:14:05.586  1454  1864 I CallLogDatabaseHelper: Source tables don't exist.
05-28 05:14:05.596  1454  1865 I VoicemailNotifier: receivers for android.intent.action.PROVIDER_CHANGED :[]
05-28 05:14:05.600  1840  1840 I CalendarProvider2: Created com.android.providers.calendar.CalendarAlarmManager@f853532(com.android.providers.calendar.CalendarProvider2@8991283)
05-28 05:14:05.605  1454  1865 I VoicemailNotifier: receivers for android.intent.action.PROVIDER_CHANGED :[]
05-28 05:14:05.606  1405  1405 I Dialer  : VvmTaskExecutor - no more tasks, stopping service if no task are added in 5000 millis
05-28 05:14:05.662  1840  1840 I CalendarUpgradeReceiver: Creating or opening calendar database
05-28 05:14:05.663   510  1643 I PreBootBroadcaster: Pre-boot of {com.android.providers.contacts/com.android.providers.contacts.ContactsUpgradeReceiver} for user 0
05-28 05:14:05.851     0     0 I         : Shutdown thread (1485) used greatest stack depth: 10392 bytes left
05-28 05:14:05.703   510   545 W ActivityTaskManager: Activity top resumed state loss timeout for ActivityRecord{bc30247 u0 com.android.sdksetup/.DefaultActivity t-1 f}}
05-28 05:14:05.741  1454  1454 I ContactsUpgradeReceiver: Creating or opening contacts database
05-28 05:14:05.742   510  1643 E ActivityManager: Sending non-protected broadcast com.android.systemui.demo from system 721:com.android.systemui/u0a121 pkg com.android.systemui
05-28 05:14:05.742   510  1643 E ActivityManager: java.lang.Throwable
05-28 05:14:05.742   510  1643 E ActivityManager: 	at com.android.server.am.ActivityManagerService.checkBroadcastFromSystem(ActivityManagerService.java:15912)
05-28 05:14:05.742   510  1643 E ActivityManager: 	at com.android.server.am.ActivityManagerService.broadcastIntentLocked(ActivityManagerService.java:16493)
05-28 05:14:05.742   510  1643 E ActivityManager: 	at com.android.server.am.ActivityManagerService.broadcastIntentLocked(ActivityManagerService.java:15929)
05-28 05:14:05.742   510  1643 E ActivityManager: 	at com.android.server.am.ActivityManagerService.broadcastIntentWithFeature(ActivityManagerService.java:16743)
05-28 05:14:05.742   510  1643 E ActivityManager: 	at android.app.IActivityManager$Stub.onTransact(IActivityManager.java:2267)
05-28 05:14:05.742   510  1643 E ActivityManager: 	at com.android.server.am.ActivityManagerService.onTransact(ActivityManagerService.java:2883)
05-28 05:14:05.742   510  1643 E ActivityManager: 	at android.os.Binder.execTransactInternal(Binder.java:1159)
05-28 05:14:05.742   510  1643 E ActivityManager: 	at android.os.Binder.execTransact(Binder.java:1123)
05-28 05:14:05.742   510  1643 E ActivityManager: Sending non-protected broadcast com.android.systemui.demo from system 721:com.android.systemui/u0a121 pkg com.android.systemui
05-28 05:14:05.742   510  1643 E ActivityManager: java.lang.Throwable
05-28 05:14:05.742   510  1643 E ActivityManager: 	at com.android.server.am.ActivityManagerService.checkBroadcastFromSystem(ActivityManagerService.java:15912)
05-28 05:14:05.742   510  1643 E ActivityManager: 	at com.android.server.am.ActivityManagerService.broadcastIntentLocked(ActivityManagerService.java:16587)
05-28 05:14:05.742   510  1643 E ActivityManager: 	at com.android.server.am.ActivityManagerService.broadcastIntentLocked(ActivityManagerService.java:15929)
05-28 05:14:05.742   510  1643 E ActivityManager: 	at com.android.server.am.ActivityManagerService.broadcastIntentWithFeature(ActivityManagerService.java:16743)
05-28 05:14:05.742   510  1643 E ActivityManager: 	at android.app.IActivityManager$Stub.onTransact(IActivityManager.java:2267)
05-28 05:14:05.742   510  1643 E ActivityManager: 	at com.android.server.am.ActivityManagerService.onTransact(ActivityManagerService.java:2883)
05-28 05:14:05.742   510  1643 E ActivityManager: 	at android.os.Binder.execTransactInternal(Binder.java:1159)
05-28 05:14:05.742   510  1643 E ActivityManager: 	at android.os.Binder.execTransact(Binder.java:1123)
05-28 05:14:05.747   158   158 I servicemanager: Notifying apexservice they have clients: 1
05-28 05:14:05.747   158   158 I servicemanager: Notifying apexservice they have clients: 0
05-28 05:14:05.749  1454  1454 I ContactsDatabaseHelper: Bootstrapping database contacts2.db version: 1400
05-28 05:14:05.754   159   159 I hwservicemanager: Notifying android.hardware.gnss@2.0::IGnss/default they have clients: 1
05-28 05:14:05.754   919   919 I android.hardware.gnss@2.0-service.ranchu: Process has 1 (of 1 available) client(s) in use after notification android.hardware.gnss@2.0::IGnss has clients: 1
05-28 05:14:05.929     0     0 I AidlLazyServiceRegistrar: Process has 1 (of 1 available) client(s) in use after notification android.apex.IApexService has clients: 1
05-28 05:14:05.935     0     0 I AidlLazyServiceRegistrar: Process has 0 (of 1 available) client(s) in use after notification android.apex.IApexService has clients: 0
05-28 05:14:05.940     0     0 I AidlLazyServiceRegistrar: Shutdown prevented by forcePersist override flag.
05-28 05:14:05.761   166   166 I qemu-props: tell the host boot completed
05-28 05:14:05.870  1454  1454 I ContactsProviderV1: Bootstrapping database legacy support
05-28 05:14:05.893   931  1847 E FrameEvents: updateAcquireFence: Did not find frame.
05-28 05:14:05.905   931  1847 E FrameEvents: updateAcquireFence: Did not find frame.
05-28 05:14:05.929   169   175 I vold    : Bind mounting //data/media/0/Android/data on /mnt/user/0/emulated/0/Android/data
05-28 05:14:05.931   169   175 I vold    : Bind mounted //data/media/0/Android/data on /mnt/user/0/emulated/0/Android/data
05-28 05:14:05.932   169   175 I vold    : Bind mounting //data/media/0/Android/obb on /mnt/user/0/emulated/0/Android/obb
05-28 05:14:05.932   169   175 I vold    : Bind mounted //data/media/0/Android/obb on /mnt/user/0/emulated/0/Android/obb
05-28 05:14:05.932   169   175 I vold    : Configuring read_ahead of /mnt/user/0/emulated fuse filesystem to 256kb
05-28 05:14:05.933   169   175 I vold    : Writing 256 to /sys/class/bdi/0:43/read_ahead_kb
05-28 05:14:05.933   169   175 I vold    : Configuring max_ratio of /mnt/user/0/emulated fuse filesystem to 40
05-28 05:14:05.933   169   175 I vold    : Writing 40 to /sys/class/bdi/0:43/max_ratio
05-28 05:14:05.935   510   612 I StorageManagerService: Mounted volume VolumeInfo{emulated;0}:
05-28 05:14:05.935   510   612 I StorageManagerService:     type=EMULATED diskId=null partGuid= mountFlags=PRIMARY|VISIBLE 
05-28 05:14:05.935   510   612 I StorageManagerService:     mountUserId=0 state=MOUNTED 
05-28 05:14:05.935   510   612 I StorageManagerService:     fsType=null fsUuid=null fsLabel=null 
05-28 05:14:05.935   510   612 I StorageManagerService:     path=/storage/emulated internalPath=/data/media 
05-28 05:14:05.936   510   612 I StorageSessionController: Notifying volume state changed for session with id: emulated;0
05-28 05:14:05.956  1454  1454 I ContactsProvider: Locale has changed from null to [en_US]
05-28 05:14:05.956  1454  1454 I ContactsDatabaseHelper: Switching to locale [en_US] (ICU v66.1.0.0)
05-28 05:14:05.975  1884  1887 I cmd     : oneway function results will be dropped but finished with status OK and parcel size 4
05-28 05:14:05.982   931   931 W System  : ClassLoader referenced unknown path: 
05-28 05:14:05.995   510   649 W InputReader: Device virtio_input_multi_touch_10 is associated with display ADISPLAY_ID_NONE.
05-28 05:14:05.995   510   649 W InputReader: Device virtio_input_multi_touch_7 is associated with display ADISPLAY_ID_NONE.
05-28 05:14:05.995   510   649 W InputReader: Device virtio_input_multi_touch_4 is associated with display ADISPLAY_ID_NONE.
05-28 05:14:05.995   510   649 W InputReader: Device virtio_input_multi_touch_5 is associated with display ADISPLAY_ID_NONE.
05-28 05:14:05.995   510   649 W InputReader: Device virtio_input_multi_touch_2 is associated with display ADISPLAY_ID_NONE.
05-28 05:14:05.995   510   649 W InputReader: Device virtio_input_multi_touch_6 is associated with display ADISPLAY_ID_NONE.
05-28 05:14:05.995   510   649 W InputReader: Device virtio_input_multi_touch_3 is associated with display ADISPLAY_ID_NONE.
05-28 05:14:05.995   510   649 W InputReader: Device virtio_input_multi_touch_8 is associated with display ADISPLAY_ID_NONE.
05-28 05:14:05.995   510   649 W InputReader: Device virtio_input_multi_touch_9 is associated with display ADISPLAY_ID_NONE.
05-28 05:14:05.995   510   649 W InputReader: Device virtio_input_multi_touch_11 is associated with display ADISPLAY_ID_NONE.
05-28 05:14:06.008  1454  1454 I ContactsDatabaseHelper: Locale change completed in 53ms
05-28 05:14:06.009  1454  1454 I ContactsDatabaseHelper: Switching to locale [en_US] (ICU v66.1.0.0)
05-28 05:14:06.024   931   931 W UnsafeUtil: platform method missing - proto runtime falling back to safer methods: java.lang.NoSuchMethodException: sun.misc.Unsafe.copyMemory [class java.lang.Object, long, class java.lang.Object, long, long]
05-28 05:14:06.026   510   550 I ActivityTaskManager: Displayed com.android.launcher3/.uioverrides.QuickstepLauncher: +585ms
05-28 05:14:06.030   330   362 W ServiceManager: Permission failure: android.permission.ACCESS_SURFACE_FLINGER from uid=10115 pid=931
05-28 05:14:06.042   931   958 W DefaultLayoutParser: No preference or single system activity found for Intent { act=android.intent.action.MAIN cat=[android.intent.category.APP_BROWSER] }
05-28 05:14:05.946   510   612 I chatty  : uid=1000(system) StorageManagerS identical 1 line
05-28 05:14:05.979   510   612 I StorageSessionController: Notifying volume state changed for session with id: emulated;0
05-28 05:14:06.075   931   958 W DefaultLayoutParser: No preference or single system activity found for Intent { act=android.intent.action.MAIN cat=[android.intent.category.APP_EMAIL] }
05-28 05:14:06.075   931   958 W DefaultLayoutParser: No preference or single system activity found for Intent { act=android.intent.action.VIEW dat=mailto: }
05-28 05:14:06.080   931   958 W DefaultLayoutParser: No preference or single system activity found for Intent { act=android.intent.action.MAIN cat=[android.intent.category.APP_MARKET] }
05-28 05:14:06.080   931   958 W DefaultLayoutParser: No preference or single system activity found for Intent { act=android.intent.action.VIEW dat=market://details?id=com.android.launcher }
05-28 05:14:06.091  1454  1454 I ContactsDatabaseHelper: Locale change completed in 82ms
05-28 05:14:06.095   510  1826 I PreBootBroadcaster: Pre-boot of {com.android.providers.media.module/com.android.providers.media.MediaUpgradeReceiver} for user 0
05-28 05:14:06.106   510   552 I ActivityManager: Start proc 1905:com.android.quicksearchbox/u0a101 for broadcast {com.android.quicksearchbox/com.android.quicksearchbox.SearchWidgetProvider}
05-28 05:14:06.109  1905  1905 W .quicksearchbo: Unexpected CPU variant for X86 using defaults: x86_64
05-28 05:14:06.112   383   394 I adbd    : jdwp connection from 1905
05-28 05:14:06.130  1905  1905 I .quicksearchbo: The ClassLoaderContext is a special shared library.
05-28 05:14:06.131  1905  1905 I .quicksearchbo: The ClassLoaderContext is a special shared library.
05-28 05:14:06.147   510   604 E ReportEncoder: No watchlist hash
05-28 05:14:06.147   510   604 I WatchlistLoggingHandler: Milliseconds spent on tryAggregateRecords(): 6998
05-28 05:14:06.149   931   931 E libprocessgroup: set_timerslack_ns write failed: Operation not permitted
05-28 05:14:06.150   510   544 I DropBoxManagerService: add tag=system_server_strictmode isTagEnabled=true flags=0x2
05-28 05:14:06.194  1644  1927 I MediaProvider: Begin Intent { act=android.intent.action.MEDIA_MOUNTED dat=file:///storage/emulated/0 flg=0x5000010 cmp=com.android.providers.media.module/com.android.providers.media.MediaService (has extras) }
05-28 05:14:06.199  1644  1644 I MediaUpgradeReceiver: ---> Start upgrade of media database external.db
05-28 05:14:06.203  1644  1644 I MediaUpgradeReceiver: <--- Finished upgrade of media database external.db in 4ms
05-28 05:14:06.203  1644  1644 I MediaUpgradeReceiver: ---> Start upgrade of media database internal.db
05-28 05:14:06.215   413   413 I perfetto: probes_producer.cc:329  Producer stop (id=1)
05-28 05:14:06.217   415   415 I perfetto: ng_service_impl.cc:1948 Tracing session 1 ended, total sessions:3
05-28 05:14:06.223  1644  1927 I MediaProvider: Changed schema version on internal from 0 to 1114, 0 items taking 15ms
05-28 05:14:06.229  1644  1644 I MediaUpgradeReceiver: <--- Finished upgrade of media database internal.db in 26ms
05-28 05:14:06.165   510   544 I chatty  : uid=1000(system) android.io identical 8 lines
05-28 05:14:06.166   510   544 I DropBoxManagerService: add tag=system_server_strictmode isTagEnabled=true flags=0x2
05-28 05:14:06.229   510  1826 I PreBootBroadcaster: Pre-boot of {com.android.settings/com.android.settings.SettingsInitialize} for user 0
05-28 05:14:06.237   510  1826 I ActivityManager: Posting BOOT_COMPLETED user #0
05-28 05:14:06.237   510   551 I SystemServerTimingAsync: ssm.UnlockedUser-0
05-28 05:14:06.237   510   551 I SystemServiceManager: Calling onUnlockedUser 0
05-28 05:14:06.237   510   551 I SystemServerTimingAsync: ssm.onUnlockedUser-0_com.android.server.security.FileIntegrityService
05-28 05:14:06.237   510   551 I SystemServerTimingAsync: ssm.onUnlockedUser-0_com.android.server.pm.Installer
05-28 05:14:06.237   510   551 I SystemServerTimingAsync: ssm.onUnlockedUser-0_com.android.server.os.DeviceIdentifiersPolicyService
05-28 05:14:06.237   510   551 I SystemServerTimingAsync: ssm.onUnlockedUser-0_com.android.server.uri.UriGrantsManagerService$Lifecycle
05-28 05:14:06.237   510   551 I SystemServerTimingAsync: ssm.onUnlockedUser-0_com.android.server.wm.ActivityTaskManagerService$Lifecycle
05-28 05:14:06.237   510   551 I SystemServerTimingAsync: ssm.onUnlockedUser-0_com.android.server.am.ActivityManagerService$Lifecycle
05-28 05:14:06.237   510   551 I SystemServerTimingAsync: ssm.onUnlockedUser-0_com.android.server.pm.DataLoaderManagerService
05-28 05:14:06.237   510   551 I SystemServerTimingAsync: ssm.onUnlockedUser-0_com.android.server.power.PowerManagerService
05-28 05:14:06.237   510   551 I SystemServerTimingAsync: ssm.onUnlockedUser-0_com.android.server.power.ThermalManagerService
05-28 05:14:06.237   510   551 I SystemServerTimingAsync: ssm.onUnlockedUser-0_com.android.server.recoverysystem.RecoverySystemService$Lifecycle
05-28 05:14:06.237   510   551 I SystemServerTimingAsync: ssm.onUnlockedUser-0_com.android.server.lights.LightsService
05-28 05:14:06.237   510   551 I SystemServerTimingAsync: ssm.onUnlockedUser-0_com.android.server.display.DisplayManagerService
05-28 05:14:06.237   510   551 I SystemServerTimingAsync: ssm.onUnlockedUser-0_com.android.server.pm.UserManagerService$LifeCycle
05-28 05:14:06.237   510   551 I SystemServerTimingAsync: ssm.onUnlockedUser-0_com.android.server.om.OverlayManagerService
05-28 05:14:06.237   510   551 I SystemServerTimingAsync: ssm.onUnlockedUser-0_com.android.server.SensorPrivacyService
05-28 05:14:06.237   510   551 I SystemServerTimingAsync: ssm.onUnlockedUser-0_com.android.server.SystemConfigService
05-28 05:14:06.237   510   551 I SystemServerTimingAsync: ssm.onUnlockedUser-0_com.android.server.BatteryService
05-28 05:14:06.237   510   551 I SystemServerTimingAsync: ssm.onUnlockedUser-0_com.android.server.usage.UsageStatsService
05-28 05:14:06.237   510   551 I SystemServerTimingAsync: ssm.onUnlockedUser-0_com.android.server.webkit.WebViewUpdateService
05-28 05:14:06.237   510   551 I SystemServerTimingAsync: ssm.onUnlockedUser-0_com.android.server.CachedDeviceStateService
05-28 05:14:06.237   510   551 I SystemServerTimingAsync: ssm.onUnlockedUser-0_com.android.server.BinderCallsStatsService$LifeCycle
05-28 05:14:06.237   510   551 I SystemServerTimingAsync: ssm.onUnlockedUser-0_com.android.server.LooperStatsService$Lifecycle
05-28 05:14:06.237   510   551 I SystemServerTimingAsync: ssm.onUnlockedUser-0_com.android.server.rollback.RollbackManagerService
05-28 05:14:06.237   510   551 I SystemServerTimingAsync: ssm.onUnlockedUser-0_com.android.server.os.BugreportManagerService
05-28 05:14:06.237   510   551 I SystemServerTimingAsync: ssm.onUnlockedUser-0_com.android.server.gpu.GpuService
05-28 05:14:06.237   510   551 I SystemServerTimingAsync: ssm.onUnlockedUser-0_com.android.server.security.KeyChainSystemService
05-28 05:14:06.237   510   551 I SystemServerTimingAsync: ssm.onUnlockedUser-0_com.android.server.telecom.TelecomLoaderService
05-28 05:14:06.237   510   551 I SystemServerTimingAsync: ssm.onUnlockedUser-0_com.android.server.accounts.AccountManagerService$Lifecycle
05-28 05:14:06.237   510   551 I SystemServerTimingAsync: ssm.onUnlockedUser-0_com.android.server.content.ContentService$Lifecycle
05-28 05:14:06.237   510   551 I SystemServerTimingAsync: ssm.onUnlockedUser-0_com.android.server.DropBoxManagerService
05-28 05:14:06.237   510   551 I SystemServerTimingAsync: ssm.onUnlockedUser-0_com.android.server.AlarmManagerService
05-28 05:14:06.237   510   551 I SystemServerTimingAsync: ssm.onUnlockedUser-0_com.android.server.BluetoothService
