05-28 05:14:30.370  1764  1845 I ContactsFTS: Rebuild contact search index in 7ms, 0 contacts
05-28 05:14:30.376   506   518 I system_server: Background young concurrent copying GC freed 187255(10MB) AllocSpace objects, 102(4244KB) LOS objects, 51% free, 11MB/23MB, paused 25us total 500.013ms
05-28 05:14:30.412  1051  1051 I VvmSimStateTracker: android.telephony.action.CARRIER_CONFIG_CHANGED
05-28 05:14:30.414  1051  1051 I VvmSimStateTracker: Service connected on ComponentInfo{com.android.phone/com.android.services.telephony.TelephonyConnectionService}, ***, UserHandle{0}
05-28 05:14:30.416  1051  1051 I Telephony: handleVideoCapabilitesChanged. Video capability - false
05-28 05:14:30.417  1051  1051 I chatty  : uid=1001(radio) com.android.phone identical 1 line
05-28 05:14:30.417  1051  1051 I Telephony: handleVideoCapabilitesChanged. Video capability - false
05-28 05:14:30.417  1637  1637 I Dialer  : LegacyVoicemailNotificationReceiver.onReceive - received legacy voicemail notification
05-28 05:14:30.417  1637  1637 I Dialer  : LegacyVoicemailNotificationReceiver.onReceive - isRefresh: true
05-28 05:14:30.417  1637  1637 I Dialer  : LegacyVoicemailNotificationReceiver.onReceive - clearing notification
05-28 05:14:30.417  1637  1637 I Dialer  : LegacyVoicemailNotifier.cancelNotification - enter
05-28 05:14:30.423  1637  1637 I Dialer  : LegacyVoicemailNotificationReceiver.onReceive - received legacy voicemail notification
05-28 05:14:30.423  1637  1637 I Dialer  : LegacyVoicemailNotificationReceiver.onReceive - isRefresh: true
05-28 05:14:30.423  1637  1637 I Dialer  : LegacyVoicemailNotificationReceiver.onReceive - clearing notification
05-28 05:14:30.423  1637  1637 I Dialer  : LegacyVoicemailNotifier.cancelNotification - enter
05-28 05:14:30.425  1051  1051 I Telephony: isRttCurrentlySupported -- regular acct, hasVoiceAvailability: false
05-28 05:14:30.425  1051  1051 I Telephony:  isRttSupported: false
05-28 05:14:30.425  1051  1051 I Telephony:  isRoaming: false
05-28 05:14:30.425  1051  1051 I Telephony:  isOnWfc: false
05-28 05:14:30.453  1412  1925 I MediaProvider: Begin Intent { act=android.intent.action.MEDIA_MOUNTED dat=file:///storage/emulated/0 flg=0x5000010 cmp=com.android.providers.media.module/com.android.providers.media.MediaService (has extras) }
05-28 05:14:30.461   506   658 W DnsManager: updatePrivateDns(100, PrivateDnsConfig{true:/[]})
05-28 05:14:30.463   506  1010 I Telecom : PhoneAccountRegistrar: Modify account: [ComponentInfo{com.android.phone/com.android.services.telephony.TelephonyConnectionService}, ***, UserHandle{0}]: TSI.rPA@AE4
05-28 05:14:30.463   506  1010 I Telecom : CallsManager: handlePhoneAccountChanged: phoneAccount=[[X] PhoneAccount: ComponentInfo{com.android.phone/com.android.services.telephony.TelephonyConnectionService}, ***, UserHandle{0} Capabilities: CallProvider MultiUser PlaceEmerg SimSub  Audio Routes: BESW Schemes: tel voicemail  Extras: Bundle[{android.telecom.extra.SUPPORTS_VIDEO_CALLING_FALLBACK=true}] GroupId: ***]: TSI.rPA@AE4
05-28 05:14:30.466   407   407 I perfetto: probes_producer.cc:329  Producer stop (id=1)
05-28 05:14:30.466   280  1926 W resolv  : Validating DnsTlsServer on netId 100
05-28 05:14:30.478   409   409 I perfetto: ng_service_impl.cc:1948 Tracing session 1 ended, total sessions:3
05-28 05:14:30.485  1051  1051 I RemoteVvmTaskManager: Binding to ComponentInfo{com.android.dialer/com.android.voicemail.impl.OmtpService}
05-28 05:14:30.494   506   547 I chatty  : uid=1000(system) android.bg identical 1 line
05-28 05:14:30.501   280  1926 W resolv  : Validation failed
05-28 05:14:30.506   506   549 I ActivityManager: Start proc 1929:com.android.quicksearchbox/u0a101 for broadcast {com.android.quicksearchbox/com.android.quicksearchbox.SearchWidgetProvider}
05-28 05:14:30.513  1929  1929 W .quicksearchbo: Unexpected CPU variant for X86 using defaults: x86_64
05-28 05:14:30.517   379   387 I adbd    : jdwp connection from 1929
05-28 05:14:30.525   506   547 I ActivityTaskManager: Displayed com.android.launcher3/.uioverrides.QuickstepLauncher: +1s185ms
05-28 05:14:30.525   506   541 I DropBoxManagerService: add tag=system_server_strictmode isTagEnabled=true flags=0x2
05-28 05:14:30.531   280   398 E Netd    : Error adding route ::/0 -> fe80::2 radio0 to table 1017: File exists
05-28 05:14:30.535  1929  1929 I .quicksearchbo: The ClassLoaderContext is a special shared library.
05-28 05:14:30.537  1929  1929 I .quicksearchbo: The ClassLoaderContext is a special shared library.
05-28 05:14:30.542   506   658 W BestClock: java.time.DateTimeException: Missing NTP fix
05-28 05:14:30.552   506   658 W BestClock: java.time.DateTimeException: Missing NTP fix
05-28 05:14:30.553   506   651 W BestClock: java.time.DateTimeException: Missing NTP fix
05-28 05:14:30.558  1637  1637 I Dialer  : VvmOmtpService - onCellServiceConnected
05-28 05:14:30.559  1637  1637 I Dialer  : VoicemailModule.provideVoicemailClient - providing VoicemailClientImpl
05-28 05:14:30.569   506   650 W BestClock: java.time.DateTimeException: Missing NTP fix
05-28 05:14:30.584   280  1948 W resolv  : Validating DnsTlsServer on netId 100
05-28 05:14:30.629   280  1948 W resolv  : SSL_connect ssl error =5, mark 0xf0064: Connection refused
05-28 05:14:30.629   280  1948 W resolv  : Validation failed
05-28 05:14:30.799   407   407 I perfetto: probes_producer.cc:329  Producer stop (id=2)
05-28 05:14:30.802   409   409 I perfetto: ng_service_impl.cc:1948 Tracing session 2 ended, total sessions:2
05-28 05:14:30.832   506   539 W Looper  : Slow dispatch took 184ms android.fg h=com.android.server.AppStateTracker$MyHandler c=null m=10
05-28 05:14:30.874   956  1951 W UnsafeUtil: platform method missing - proto runtime falling back to safer methods: java.lang.NoSuchMethodException: sun.misc.Unsafe.copyMemory [class java.lang.Object, long, class java.lang.Object, long, long]
05-28 05:14:30.875  1412  1412 I MediaUpgradeReceiver: ---> Start upgrade of media database external.db
05-28 05:14:30.878  1412  1412 I MediaUpgradeReceiver: <--- Finished upgrade of media database external.db in 3ms
05-28 05:14:30.878  1412  1412 I MediaUpgradeReceiver: ---> Start upgrade of media database internal.db
05-28 05:14:30.900  1782  1843 I MessagingAppDataModel: SyncMessagesAction: All messages now in sync
05-28 05:14:30.910  1412  1925 I MediaProvider: Changed schema version on internal from 0 to 1114, 0 items taking 382ms
05-28 05:14:30.935   506   650 W BestClock: java.time.DateTimeException: Missing NTP fix
05-28 05:14:30.935   506   651 W BestClock: java.time.DateTimeException: Missing NTP fix
05-28 05:14:30.936   506   658 W BestClock: java.time.DateTimeException: Missing NTP fix
05-28 05:14:31.139     0     0 I init    : processing action (sys.sysctl.tcp_def_init_rwnd=*) from (/system/etc/init/hw/init.rc:1006)
05-28 05:14:30.950   506   541 I DropBoxManagerService: add tag=system_app_strictmode isTagEnabled=true flags=0x2
05-28 05:14:30.965   506   658 W BestClock: java.time.DateTimeException: Missing NTP fix
05-28 05:14:30.969   506   651 W BestClock: java.time.DateTimeException: Missing NTP fix
05-28 05:14:30.981   506   658 W BestClock: java.time.DateTimeException: Missing NTP fix
05-28 05:14:30.981   506   658 W BestClock: java.time.DateTimeException: Missing NTP fix
05-28 05:14:30.982   506   650 W BestClock: java.time.DateTimeException: Missing NTP fix
05-28 05:14:31.008   506   650 W BestClock: java.time.DateTimeException: Missing NTP fix
05-28 05:14:31.009   506   658 W BestClock: java.time.DateTimeException: Missing NTP fix
05-28 05:14:31.018   506   539 I GnssNetworkConnectivityHandler: updateNetworkState, state=CLOSED, connected=true, network=100, capabilities=[ Transports: CELLULAR Capabilities: MMS&SUPL&DUN&FOTA&IMS&CBS&INTERNET&NOT_RESTRICTED&TRUSTED&NOT_VPN&VALIDATED&NOT_ROAMING&FOREGROUND&NOT_CONGESTED&NOT_SUSPENDED LinkUpBandwidth>=15000Kbps LinkDnBandwidth>=30000Kbps Specifier: <TelephonyNetworkSpecifier [mSubId = 1]> AdministratorUids: [] RequestorUid: -1 RequestorPackageName: null], apn: epc.tmobile.com, availableNetworkCount: 1
05-28 05:14:31.019   506   658 W BestClock: java.time.DateTimeException: Missing NTP fix
05-28 05:14:31.024   280  1967 W resolv  : Validating DnsTlsServer on netId 100
05-28 05:14:31.025   280  1967 W resolv  : SSL_connect ssl error =5, mark 0xf0064: Connection refused
05-28 05:14:31.025   280  1967 W resolv  : Validation failed
05-28 05:14:31.030  1601  1730 W MediaProvider: No column annotation provided; not creating views
05-28 05:14:31.035  1601  1730 W MediaProvider: No column annotation provided; not creating views
05-28 05:14:31.040   506   651 W BestClock: java.time.DateTimeException: Missing NTP fix
05-28 05:14:31.040   506   658 W BestClock: java.time.DateTimeException: Missing NTP fix
05-28 05:14:31.042   506   651 W BestClock: java.time.DateTimeException: Missing NTP fix
05-28 05:14:31.098  1412  1412 I MediaProvider: Changed schema version on internal from 0 to 1114, 0 items taking 38ms
05-28 05:14:31.181   506  1966 W system_server: Long monitor contention with owner NetworkTimeUpdateService (958) at boolean android.util.NtpTrustedTime.forceRefresh()(NtpTrustedTime.java:171) waiters=0 in boolean android.util.NtpTrustedTime.forceRefresh() for 156ms
05-28 05:14:31.182   930   930 I Choreographer: Skipped 39 frames!  The application may be doing too much work on its main thread.
05-28 05:14:31.184   506   654 W system_server: Verification of void com.android.wifi.x.com.google.protobuf.MessageSchema.writeFieldsInAscendingOrderProto2(java.lang.Object, com.android.wifi.x.com.google.protobuf.Writer) took 114.831ms (11773.79 bytecodes/s) (24312B approximate peak alloc)
05-28 05:14:31.191   506   654 W system_server: Core platform API violation: Lsun/misc/Unsafe;->allocateInstance(Ljava/lang/Class;)Ljava/lang/Object; from /apex/com.android.wifi/javalib/service-wifi.jar using linking
05-28 05:14:31.191   506   654 W UnsafeUtil: platform method missing - proto runtime falling back to safer methods: java.lang.NoSuchMethodException: sun.misc.Unsafe.copyMemory [class java.lang.Object, long, class java.lang.Object, long, long]
05-28 05:14:31.192  1412  1412 I SQLiteConnectionPool: The connection pool for /data/user/0/com.android.providers.media.module/databases/internal.db has been closed but there are still 1 connections in use.  They will be closed as they are released back to the pool.
05-28 05:14:31.193  1412  1412 E MediaUpgradeReceiver: Error during upgrade of media db internal.db
05-28 05:14:31.193  1412  1412 E MediaUpgradeReceiver: java.lang.NullPointerException: Attempt to invoke interface method 'void com.android.providers.media.DatabaseHelper$OnLegacyMigrationListener.onStarted(android.content.ContentProviderClient, java.lang.String)' on a null object reference
05-28 05:14:31.193  1412  1412 E MediaUpgradeReceiver: 	at com.android.providers.media.DatabaseHelper.migrateFromLegacy(DatabaseHelper.java:841)
05-28 05:14:31.193  1412  1412 E MediaUpgradeReceiver: 	at com.android.providers.media.DatabaseHelper.onOpen(DatabaseHelper.java:375)
05-28 05:14:31.193  1412  1412 E MediaUpgradeReceiver: 	at android.database.sqlite.SQLiteOpenHelper.getDatabaseLocked(SQLiteOpenHelper.java:427)
05-28 05:14:31.193  1412  1412 E MediaUpgradeReceiver: 	at android.database.sqlite.SQLiteOpenHelper.getWritableDatabase(SQLiteOpenHelper.java:316)
05-28 05:14:31.193  1412  1412 E MediaUpgradeReceiver: 	at com.android.providers.media.DatabaseHelper.runWithTransaction(DatabaseHelper.java:551)
05-28 05:14:31.193  1412  1412 E MediaUpgradeReceiver: 	at com.android.providers.media.MediaUpgradeReceiver.onReceive(MediaUpgradeReceiver.java:72)
05-28 05:14:31.193  1412  1412 E MediaUpgradeReceiver: 	at android.app.ActivityThread.handleReceiver(ActivityThread.java:4032)
05-28 05:14:31.193  1412  1412 E MediaUpgradeReceiver: 	at android.app.ActivityThread.access$1400(ActivityThread.java:237)
05-28 05:14:31.193  1412  1412 E MediaUpgradeReceiver: 	at android.app.ActivityThread$H.handleMessage(ActivityThread.java:1924)
05-28 05:14:31.193  1412  1412 E MediaUpgradeReceiver: 	at android.os.Handler.dispatchMessage(Handler.java:106)
05-28 05:14:31.193  1412  1412 E MediaUpgradeReceiver: 	at android.os.Looper.loop(Looper.java:223)
05-28 05:14:31.193  1412  1412 E MediaUpgradeReceiver: 	at android.app.ActivityThread.main(ActivityThread.java:7656)
05-28 05:14:31.193  1412  1412 E MediaUpgradeReceiver: 	at java.lang.reflect.Method.invoke(Native Method)
05-28 05:14:31.193  1412  1412 E MediaUpgradeReceiver: 	at com.android.internal.os.RuntimeInit$MethodAndArgsCaller.run(RuntimeInit.java:592)
05-28 05:14:31.193  1412  1412 E MediaUpgradeReceiver: 	at com.android.internal.os.ZygoteInit.main(ZygoteInit.java:947)
05-28 05:14:31.193  1412  1412 I MediaUpgradeReceiver: <--- Finished upgrade of media database internal.db in 315ms
05-28 05:14:31.194   506  1046 I PreBootBroadcaster: Pre-boot of {com.android.settings/com.android.settings.SettingsInitialize} for user 0
05-28 05:14:31.195  1637  1637 I Dialer  : VvmTaskReceiver - task received
05-28 05:14:31.195  1637  1637 I Dialer  : VvmTaskReceiver - scheduling new job
05-28 05:14:31.195   930   930 E libprocessgroup: set_timerslack_ns write failed: Operation not permitted
05-28 05:14:31.196  1637  1637 I Dialer  : TaskSchedulerJobService - scheduling job with 1 tasks
05-28 05:14:31.196  1637  1637 I Dialer  : TaskSchedulerJobService - running job instantly.
05-28 05:14:31.197  1637  1637 I Dialer  : TaskSchedulerJobService - job 0 scheduled
05-28 05:14:31.199   506   654 W LastMileLogger: Failed to open free_buffer pseudo-file: /sys/kernel/debug/tracing/instances/wifi/free_buffer: open failed: ENOENT (No such file or directory)
05-28 05:14:31.199   506   654 W LastMileLogger: Failed to arm fail-safe.
05-28 05:14:31.199   506   654 I WifiClientModeImpl: Connecting with 02:15:b2:00:00:00 as the mac address
05-28 05:14:31.199   442   442 W wificond: Scan is not started. Ignore abort request
05-28 05:14:31.200   506   654 I SupplicantStaIfaceHal: addSupplicantStaNetwork via HIDL
05-28 05:14:31.211  1637  1637 I Dialer  : TaskSchedulerJobService - starting 0
05-28 05:14:31.214   506  1922 I ActivityManager: Posting BOOT_COMPLETED user #0
05-28 05:14:31.214   506   548 I SystemServerTimingAsync: ssm.UnlockedUser-0
05-28 05:14:31.214   506   548 I SystemServiceManager: Calling onUnlockedUser 0
05-28 05:14:31.214   506   548 I SystemServerTimingAsync: ssm.onUnlockedUser-0_com.android.server.security.FileIntegrityService
05-28 05:14:31.214   506   548 I SystemServerTimingAsync: ssm.onUnlockedUser-0_com.android.server.pm.Installer
05-28 05:14:31.214   506   548 I SystemServerTimingAsync: ssm.onUnlockedUser-0_com.android.server.os.DeviceIdentifiersPolicyService
05-28 05:14:31.214   506   548 I SystemServerTimingAsync: ssm.onUnlockedUser-0_com.android.server.uri.UriGrantsManagerService$Lifecycle
05-28 05:14:31.214   506   548 I SystemServerTimingAsync: ssm.onUnlockedUser-0_com.android.server.wm.ActivityTaskManagerService$Lifecycle
05-28 05:14:31.215   506   548 I SystemServerTimingAsync: ssm.onUnlockedUser-0_com.android.server.am.ActivityManagerService$Lifecycle
05-28 05:14:31.215   506   548 I SystemServerTimingAsync: ssm.onUnlockedUser-0_com.android.server.pm.DataLoaderManagerService
05-28 05:14:31.215   506   548 I SystemServerTimingAsync: ssm.onUnlockedUser-0_com.android.server.power.PowerManagerService
05-28 05:14:31.215   506   548 I SystemServerTimingAsync: ssm.onUnlockedUser-0_com.android.server.power.ThermalManagerService
05-28 05:14:31.215   506   548 I SystemServerTimingAsync: ssm.onUnlockedUser-0_com.android.server.recoverysystem.RecoverySystemService$Lifecycle
05-28 05:14:31.215   506   548 I SystemServerTimingAsync: ssm.onUnlockedUser-0_com.android.server.lights.LightsService
05-28 05:14:31.215   506   548 I SystemServerTimingAsync: ssm.onUnlockedUser-0_com.android.server.display.DisplayManagerService
05-28 05:14:31.215   506   548 I SystemServerTimingAsync: ssm.onUnlockedUser-0_com.android.server.pm.UserManagerService$LifeCycle
05-28 05:14:31.215   506   548 I SystemServerTimingAsync: ssm.onUnlockedUser-0_com.android.server.om.OverlayManagerService
05-28 05:14:31.215   506   548 I SystemServerTimingAsync: ssm.onUnlockedUser-0_com.android.server.SensorPrivacyService
05-28 05:14:31.215   506   548 I SystemServerTimingAsync: ssm.onUnlockedUser-0_com.android.server.SystemConfigService
05-28 05:14:31.215   506   548 I SystemServerTimingAsync: ssm.onUnlockedUser-0_com.android.server.BatteryService
05-28 05:14:31.215   506   548 I SystemServerTimingAsync: ssm.onUnlockedUser-0_com.android.server.usage.UsageStatsService
05-28 05:14:31.215   506   548 I SystemServerTimingAsync: ssm.onUnlockedUser-0_com.android.server.webkit.WebViewUpdateService
05-28 05:14:31.215   506   548 I SystemServerTimingAsync: ssm.onUnlockedUser-0_com.android.server.CachedDeviceStateService
05-28 05:14:31.215   506   548 I SystemServerTimingAsync: ssm.onUnlockedUser-0_com.android.server.BinderCallsStatsService$LifeCycle
05-28 05:14:31.215   506   548 I SystemServerTimingAsync: ssm.onUnlockedUser-0_com.android.server.LooperStatsService$Lifecycle
05-28 05:14:31.215   506   548 I SystemServerTimingAsync: ssm.onUnlockedUser-0_com.android.server.rollback.RollbackManagerService
05-28 05:14:31.215   506   548 I SystemServerTimingAsync: ssm.onUnlockedUser-0_com.android.server.os.BugreportManagerService
05-28 05:14:31.215   506   548 I SystemServerTimingAsync: ssm.onUnlockedUser-0_com.android.server.gpu.GpuService
05-28 05:14:31.215   506   548 I SystemServerTimingAsync: ssm.onUnlockedUser-0_com.android.server.security.KeyChainSystemService
05-28 05:14:31.215   506   548 I SystemServerTimingAsync: ssm.onUnlockedUser-0_com.android.server.telecom.TelecomLoaderService
05-28 05:14:31.215   506   548 I SystemServerTimingAsync: ssm.onUnlockedUser-0_com.android.server.accounts.AccountManagerService$Lifecycle
05-28 05:14:31.215   506   548 I SystemServerTimingAsync: ssm.onUnlockedUser-0_com.android.server.content.ContentService$Lifecycle
05-28 05:14:31.215   506   548 I SystemServerTimingAsync: ssm.onUnlockedUser-0_com.android.server.DropBoxManagerService
05-28 05:14:31.215   506   548 I SystemServerTimingAsync: ssm.onUnlockedUser-0_com.android.server.AlarmManagerService
05-28 05:14:31.215   506   548 I SystemServerTimingAsync: ssm.onUnlockedUser-0_com.android.server.BluetoothService
05-28 05:14:31.215   506   548 I SystemServerTimingAsync: ssm.onUnlockedUser-0_com.android.server.connectivity.IpConnectivityMetrics
05-28 05:14:31.215   506   548 I SystemServerTimingAsync: ssm.onUnlockedUser-0_com.android.server.net.watchlist.NetworkWatchlistService$Lifecycle
05-28 05:14:31.215   506   548 I SystemServerTimingAsync: ssm.onUnlockedUser-0_com.android.server.PinnerService
05-28 05:14:31.215   506   548 I SystemServerTimingAsync: ssm.onUnlockedUser-0_com.google.android.startop.iorap.IorapForwardingService
05-28 05:14:31.215   506   548 I SystemServerTimingAsync: ssm.onUnlockedUser-0_com.android.server.integrity.AppIntegrityManagerService
05-28 05:14:31.215   506   548 I SystemServerTimingAsync: ssm.onUnlockedUser-0_com.android.server.inputmethod.InputMethodManagerService$Lifecycle
05-28 05:14:31.215   506   548 I SystemServerTimingAsync: ssm.onUnlockedUser-0_com.android.server.accessibility.AccessibilityManagerService$Lifecycle
05-28 05:14:31.215   506   548 I SystemServerTimingAsync: ssm.onUnlockedUser-0_com.android.server.StorageManagerService$Lifecycle
05-28 05:14:31.215   506   548 I SystemServerTimingAsync: ssm.onUnlockedUser-0_com.android.server.usage.StorageStatsService$Lifecycle
05-28 05:14:31.215   506   548 I SystemServerTimingAsync: ssm.onUnlockedUser-0_com.android.server.UiModeManagerService
05-28 05:14:31.215   506   548 I SystemServerTimingAsync: ssm.onUnlockedUser-0_com.android.server.locksettings.LockSettingsService$Lifecycle
05-28 05:14:31.215   506   548 I SystemServerTimingAsync: ssm.onUnlockedUser-0_com.android.server.testharness.TestHarnessModeService
05-28 05:14:31.215   506   548 I SystemServerTimingAsync: ssm.onUnlockedUser-0_com.android.server.DeviceIdleController
05-28 05:14:31.215   506   548 I SystemServerTimingAsync: ssm.onUnlockedUser-0_com.android.server.devicepolicy.DevicePolicyManagerService$Lifecycle
05-28 05:14:31.215   506   548 I SystemServerTimingAsync: ssm.onUnlockedUser-0_com.android.server.textservices.TextServicesManagerService$Lifecycle
05-28 05:14:31.215   506   548 I SystemServerTimingAsync: ssm.onUnlockedUser-0_com.android.server.textclassifier.TextClassificationManagerService$Lifecycle
05-28 05:14:31.215   506   548 I SystemServerTimingAsync: ssm.onUnlockedUser-0_com.android.server.NetworkScoreService$Lifecycle
05-28 05:14:31.215   506   548 I SystemServerTimingAsync: ssm.onUnlockedUser-0_com.android.server.wifi.WifiService
05-28 05:14:31.215   506   548 I SystemServerTimingAsync: ssm.onUnlockedUser-0_com.android.server.wifi.scanner.WifiScanningService
05-28 05:14:31.215   506   548 I SystemServerTimingAsync: ssm.onUnlockedUser-0_com.android.server.wifi.p2p.WifiP2pService
05-28 05:14:31.215   506   548 I SystemServerTimingAsync: ssm.onUnlockedUser-0_com.android.server.notification.NotificationManagerService
05-28 05:14:31.215   506   548 I SystemServerTimingAsync: ssm.onUnlockedUser-0_com.android.server.storage.DeviceStorageMonitorService
05-28 05:14:31.215   506   548 I SystemServerTimingAsync: ssm.onUnlockedUser-0_com.android.server.location.LocationManagerService$Lifecycle
05-28 05:14:31.215   506   548 I SystemServerTimingAsync: ssm.onUnlockedUser-0_com.android.server.timedetector.TimeDetectorService$Lifecycle
05-28 05:14:31.215   506   548 I SystemServerTimingAsync: ssm.onUnlockedUser-0_com.android.server.timezonedetector.TimeZoneDetectorService$Lifecycle
05-28 05:14:31.215   506   548 I SystemServerTimingAsync: ssm.onUnlockedUser-0_com.android.server.search.SearchManagerService$Lifecycle
05-28 05:14:31.215   506   548 I SystemServerTimingAsync: ssm.onUnlockedUser-0_com.android.server.wallpaper.WallpaperManagerService$Lifecycle
05-28 05:14:31.215   506   548 I SystemServerTimingAsync: ssm.onUnlockedUser-0_com.android.server.audio.AudioService$Lifecycle
05-28 05:14:31.215   506   548 I SystemServerTimingAsync: ssm.onUnlockedUser-0_com.android.server.soundtrigger_middleware.SoundTriggerMiddlewareService$Lifecycle
05-28 05:14:31.215   506   548 I SystemServerTimingAsync: ssm.onUnlockedUser-0_com.android.server.DockObserver
05-28 05:14:31.215   506   548 I SystemServerTimingAsync: ssm.onUnlockedUser-0_com.android.server.midi.MidiService$Lifecycle
05-28 05:14:31.215   506   548 I SystemServerTimingAsync: ssm.onUnlockedUser-0_com.android.server.adb.AdbService$Lifecycle
05-28 05:14:31.215   506   548 I SystemServerTimingAsync: ssm.onUnlockedUser-0_com.android.server.usb.UsbService$Lifecycle
05-28 05:14:31.215   506   548 I SystemServerTimingAsync: ssm.onUnlockedUser-0_com.android.server.twilight.TwilightService
05-28 05:14:31.215   506   548 I SystemServerTimingAsync: ssm.onUnlockedUser-0_com.android.server.display.color.ColorDisplayService
05-28 05:14:31.215   506   548 I SystemServerTimingAsync: ssm.onUnlockedUser-0_com.android.server.job.JobSchedulerService
05-28 05:14:31.215   506   548 I SystemServerTimingAsync: ssm.onUnlockedUser-0_com.android.server.soundtrigger.SoundTriggerService
05-28 05:14:31.215   506   548 I SystemServerTimingAsync: ssm.onUnlockedUser-0_com.android.server.trust.TrustManagerService
05-28 05:14:31.215   506   548 I SystemServerTimingAsync: ssm.onUnlockedUser-0_com.android.server.backup.BackupManagerService$Lifecycle
05-28 05:14:31.215   506   548 I SystemServerTimingAsync: ssm.onUnlockedUser-0_com.android.server.appwidget.AppWidgetService
05-28 05:14:31.215   506   548 I SystemServerTimingAsync: ssm.onUnlockedUser-0_com.android.server.role.RoleManagerService
05-28 05:14:31.215   506   548 I SystemServerTimingAsync: ssm.onUnlockedUser-0_com.android.server.voiceinteraction.VoiceInteractionManagerService
05-28 05:14:31.215   506   548 I SystemServerTimingAsync: ssm.onUnlockedUser-0_com.android.server.GestureLauncherService
05-28 05:14:31.215   506   548 I SystemServerTimingAsync: ssm.onUnlockedUser-0_com.android.server.SensorNotificationService
05-28 05:14:31.215   506   548 I SystemServerTimingAsync: ssm.onUnlockedUser-0_com.android.server.emergency.EmergencyAffordanceService
05-28 05:14:31.215   506   548 I SystemServerTimingAsync: ssm.onUnlockedUser-0_com.android.server.dreams.DreamManagerService
05-28 05:14:31.215   506   548 I SystemServerTimingAsync: ssm.onUnlockedUser-0_com.android.server.print.PrintManagerService
05-28 05:14:31.215   506   548 I SystemServerTimingAsync: ssm.onUnlockedUser-0_com.android.server.blob.BlobStoreManagerService
05-28 05:14:31.215   506   548 I SystemServerTimingAsync: ssm.onUnlockedUser-0_com.android.server.companion.CompanionDeviceManagerService
05-28 05:14:31.215   506   548 I SystemServerTimingAsync: ssm.onUnlockedUser-0_com.android.server.restrictions.RestrictionsManagerService
05-28 05:14:31.215   506   548 I SystemServerTimingAsync: ssm.onUnlockedUser-0_com.android.server.media.MediaSessionService
05-28 05:14:31.215   506   548 I SystemServerTimingAsync: ssm.onUnlockedUser-0_com.android.server.media.MediaResourceMonitorService
05-28 05:14:31.215   506   548 I SystemServerTimingAsync: ssm.onUnlockedUser-0_com.android.server.biometrics.fingerprint.FingerprintService
05-28 05:14:31.215   506   548 I SystemServerTimingAsync: ssm.onUnlockedUser-0_com.android.server.biometrics.BiometricService
05-28 05:14:31.215   506   548 I SystemServerTimingAsync: ssm.onUnlockedUser-0_com.android.server.biometrics.AuthService
05-28 05:14:31.215   506   548 I SystemServerTimingAsync: ssm.onUnlockedUser-0_com.android.server.pm.ShortcutService$Lifecycle
05-28 05:14:31.215   506   548 I SystemServerTimingAsync: ssm.onUnlockedUser-0_com.android.server.pm.LauncherAppsService
05-28 05:14:31.215   506   548 I SystemServerTimingAsync: ssm.onUnlockedUser-0_com.android.server.pm.CrossProfileAppsService
05-28 05:14:31.215   506   548 I SystemServerTimingAsync: ssm.onUnlockedUser-0_com.android.server.people.PeopleService
05-28 05:14:31.215   506   548 I SystemServerTimingAsync: ssm.onUnlockedUser-0_com.android.server.media.projection.MediaProjectionManagerService
05-28 05:14:31.215   506   548 I SystemServerTimingAsync: ssm.onUnlockedUser-0_com.android.server.slice.SliceManagerService$Lifecycle
05-28 05:14:31.215   506   548 I SystemServerTimingAsync: ssm.onUnlockedUser-0_com.android.server.camera.CameraServiceProxy
05-28 05:14:31.215   506   548 I SystemServerTimingAsync: ssm.onUnlockedUser-0_com.android.server.stats.StatsCompanion$Lifecycle
05-28 05:14:31.215   506   548 I SystemServerTimingAsync: ssm.onUnlockedUser-0_com.android.server.stats.pull.StatsPullAtomService
05-28 05:14:31.215   506   548 I SystemServerTimingAsync: ssm.onUnlockedUser-0_com.android.server.incident.IncidentCompanionService
05-28 05:14:31.215   506   548 I SystemServerTimingAsync: ssm.onUnlockedUser-0_com.android.server.MmsServiceBroker
05-28 05:14:31.215   506   548 I SystemServerTimingAsync: ssm.onUnlockedUser-0_com.android.server.autofill.AutofillManagerService
05-28 05:14:31.215   506   548 I SystemServerTimingAsync: ssm.onUnlockedUser-0_com.android.server.clipboard.ClipboardService
05-28 05:14:31.215   506   548 I SystemServerTimingAsync: ssm.onUnlockedUser-0_com.android.server.appbinding.AppBindingService$Lifecycle
05-28 05:14:31.215   506   548 I SystemServerTimingAsync: ssm.onUnlockedUser-0_com.android.server.policy.PermissionPolicyService
05-28 05:14:31.215   506   548 I SystemServerTimingAsync: ssm.onUnlockedUser-0_com.android.server.pm.StagingManager$Lifecycle
05-28 05:14:31.215   506   548 W ActivityManager: UserLifecycleEvent 6 received without an active userJourneySession.
05-28 05:14:31.217   506   539 I AppWidgetServiceImpl: Processing of handleUserUnlocked u0 took 2 ms
05-28 05:14:31.225  1637  1637 I Dialer  : VvmTaskExecutor - onStartJob
05-28 05:14:31.226  1637  1637 I Dialer  : Task.createTask - create task:com.android.voicemail.impl.ActivationTask
05-28 05:14:31.228  1637  1974 I Dialer  : VvmTaskExecutor - executing task com.android.voicemail.impl.ActivationTask@38d84c6
05-28 05:14:31.230  1637  1974 I Dialer  : PreOMigrationHandler - migrating ComponentInfo{com.android.phone/com.android.services.telephony.TelephonyConnectionService}, ***, UserHandle{0}
05-28 05:14:31.230  1637  1974 I Dialer  : PreOMigrationHandler.migrateSettings - migrating settings
05-28 05:14:31.249   697   697 I wpa_supplicant: wlan0: SME: Trying to authenticate with 02:15:b2:00:01:00 (SSID='AndroidWifi' freq=2447 MHz)
05-28 05:14:31.461     0     0 I wlan0   : authenticate with 02:15:b2:00:01:00
05-28 05:14:31.464     0     0 I wlan0   : send auth to 02:15:b2:00:01:00 (try 1/3)
05-28 05:14:31.264   498   498 I hostapd : wlan1: STA 02:15:b2:00:00:00 IEEE 802.11: authenticated
05-28 05:14:31.477     0     0 I wlan0   : authenticated
05-28 05:14:31.265   498   498 I hostapd : wlan1: STA 02:15:b2:00:00:00 IEEE 802.11: authenticated
05-28 05:14:31.272   697   697 I wpa_supplicant: wlan0: Trying to associate with 02:15:b2:00:01:00 (SSID='AndroidWifi' freq=2447 MHz)
05-28 05:14:31.274  1637  1637 I Dialer  : DialerExecutorModule.newThread - creating low priority thread
05-28 05:14:31.278   498   498 I hostapd : wlan1: STA 02:15:b2:00:00:00 IEEE 802.11: associated (aid 1)
05-28 05:14:31.278   498   498 I hostapd : wlan1: STA 02:15:b2:00:00:00 IEEE 802.11: associated (aid 1)
05-28 05:14:31.278   498   498 I hostapd : wlan1: AP-STA-CONNECTED 02:15:b2:00:00:00
05-28 05:14:31.487     0     0 I wlan0   : associate with 02:15:b2:00:01:00 (try 1/3)
05-28 05:14:31.491     0     0 I wlan0   : RX AssocResp from 02:15:b2:00:01:00 (capab=0x401 status=0 aid=1)
05-28 05:14:31.282  1764  1973 I VoicemailNotifier: receivers for android.intent.action.PROVIDER_CHANGED :[]
05-28 05:14:31.287   506  1978 I RecoverySystem: No recovery log file
05-28 05:14:31.287   506  1978 I BootReceiver: No existing last log timestamp file /data/system/log-files.xml; starting empty
05-28 05:14:31.288   506  1978 I DropBoxManagerService: add tag=SYSTEM_BOOT isTagEnabled=true flags=0x2
05-28 05:14:31.289   697   697 I wpa_supplicant: wlan0: Associated with 02:15:b2:00:01:00
05-28 05:14:31.289   697   697 I wpa_supplicant: wlan0: CTRL-EVENT-CONNECTED - Connection to 02:15:b2:00:01:00 completed [id=0 id_str=%7B%22configKey%22%3A%22%5C%22AndroidWifi%5C%22NONE%22%2C%22creatorUid%22%3A%221000%22%7D]
05-28 05:14:31.289   697   697 I wpa_supplicant: wlan0: CTRL-EVENT-SUBNET-STATUS-UPDATE status=0
05-28 05:14:31.497     0     0 I wlan0   : associated
05-28 05:14:31.297  1764  1973 I VoicemailNotifier: receivers for android.intent.action.PROVIDER_CHANGED :[]
05-28 05:14:31.297   506  1010 I WifiService: updateInterfaceIpState uid=1073
05-28 05:14:31.298  1637  1974 I Dialer  : VvmActivationTask - VVM content provider configured - vvm_type_cvvm
05-28 05:14:31.298  1637  1974 I Dialer  : OmtpVvmCarrierCfgHlpr - OmtpEvent:CONFIG_ACTIVATING
05-28 05:14:31.308   506  1978 I BootReceiver: Copying audit failures to DropBox
05-28 05:14:31.315  1764  1973 I VoicemailNotifier: receivers for android.intent.action.PROVIDER_CHANGED :[]
05-28 05:14:31.317   506  1978 I BootReceiver: Checking for fsck errors
05-28 05:14:31.319   506  1978 I BootReceiver: fs_stat, partition:vdc stat:0x13
05-28 05:14:31.319  1637  1980 I Dialer  : VisualVoicemailUpdateTask.updateNotification - enter
05-28 05:14:31.332   280   280 E Netd    : no such netId 101
05-28 05:14:31.333   506   658 E ConnectivityService: Exception adding interface: java.lang.IllegalStateException: android.os.ServiceSpecificException: Machine is not on the network (code 64)
05-28 05:14:31.333   280   280 E Netd    : no such netId 101
05-28 05:14:31.334   506   540 W InputReader: Device virtio_input_multi_touch_10 is associated with display ADISPLAY_ID_NONE.
05-28 05:14:31.334   506   540 W InputReader: Device virtio_input_multi_touch_7 is associated with display ADISPLAY_ID_NONE.
05-28 05:14:31.334   506   540 W InputReader: Device virtio_input_multi_touch_4 is associated with display ADISPLAY_ID_NONE.
05-28 05:14:31.334   506   540 W InputReader: Device virtio_input_multi_touch_5 is associated with display ADISPLAY_ID_NONE.
05-28 05:14:31.334   506   540 W InputReader: Device virtio_input_multi_touch_2 is associated with display ADISPLAY_ID_NONE.
05-28 05:14:31.334   506   540 W InputReader: Device virtio_input_multi_touch_6 is associated with display ADISPLAY_ID_NONE.
05-28 05:14:31.334   506   540 W InputReader: Device virtio_input_multi_touch_3 is associated with display ADISPLAY_ID_NONE.
05-28 05:14:31.334   506   540 W InputReader: Device virtio_input_multi_touch_8 is associated with display ADISPLAY_ID_NONE.
05-28 05:14:31.334   506   540 W InputReader: Device virtio_input_multi_touch_9 is associated with display ADISPLAY_ID_NONE.
05-28 05:14:31.334   506   540 W InputReader: Device virtio_input_multi_touch_11 is associated with display ADISPLAY_ID_NONE.
05-28 05:14:31.338  1984  1986 I cmd     : oneway function results will be dropped but finished with status OK and parcel size 4
05-28 05:14:31.340  1637  1980 I Dialer  : VisualVoicemailUpdateTask.updateNotification - no voicemails to notify about
05-28 05:14:31.340  1637  1980 I Dialer  : VisualVoicemailNotifier.cancelAllVoicemailNotifications - enter
05-28 05:14:31.340  1637  1980 I Dialer  : VoicemailNotificationJobService.scheduleJob - job canceled
05-28 05:14:31.340  1637  1637 I Dialer  : VisualVoicemailUpdateTask.scheduleTask - update successful
05-28 05:14:31.348  1982  1982 I abb     : StartCommandInProcess(73657474696e67730067657400676c6f settings.get.glo [truncated])
05-28 05:14:31.353   498   498 I hostapd : wlan1: STA-OPMODE-SMPS-MODE-CHANGED 02:15:b2:00:00:00 off
05-28 05:14:31.354  1982  1991 I abb     : oneway function results will be dropped but finished with status OK and parcel size 4
05-28 05:14:31.359  1982  1982 I abb     : StartCommandInProcess(7061636b61676500696e7374616c6c00 package.install. [truncated])
05-28 05:14:31.348   506   506 W Binder:506_9: type=1400 audit(0.0:20): avc: denied { getopt } for scontext=u:r:system_server:s0 tcontext=u:r:shell:s0 tclass=unix_stream_socket permissive=0
05-28 05:14:31.348   506   506 W Binder:506_9: type=1400 audit(0.0:21): avc: denied { getopt } for scontext=u:r:system_server:s0 tcontext=u:r:shell:s0 tclass=unix_stream_socket permissive=0
05-28 05:14:31.380   506   506 I Telecom : DefaultDialerCache: Refreshing default dialer for user 0: now com.android.dialer: DDC.oR@AF4
05-28 05:14:31.380   506   506 I Telecom : MissedCallNotifierImpl: reloadAfterBootComplete: user=0: TSBCR.oR@AF8
05-28 05:14:31.380   506   506 I Telecom : MissedCallNotifierImpl: reloadAfterBootComplete: user=0: TSBCR.oR@AF8
05-28 05:14:31.392  1782  1782 I MessagingApp: Carrier config changed. Reloading MMS config.
05-28 05:14:31.394   498   498 I hostapd : wlan1: STA-OPMODE-SMPS-MODE-CHANGED 02:15:b2:00:00:00 dynamic
05-28 05:14:31.396   280   398 E Netd    : no such netId 101
05-28 05:14:31.396   506   658 E ConnectivityService: Exception in networkAddRouteParcel for non-gateway: android.os.ServiceSpecificException: Machine is not on the network (code 64)
05-28 05:14:31.396   506   658 E ConnectivityService: Exception in networkAddRouteParcel for gateway: android.os.ServiceSpecificException: Machine is not on the network (code 64)
05-28 05:14:31.396   280   398 E Netd    : no such netId 101
05-28 05:14:31.401   506   506 I Telecom : PhoneAccountRegistrar: getSimCallManager: SimCallManager for subId 1 queried, returning: null: TSI.gSCMFU@AGI
05-28 05:14:31.406   506   539 E GnssLocationProvider: IGnssConfiguration setEsExtensionSec() failed.
05-28 05:14:31.406   506   539 E GnssConfiguration: Unable to set ES_EXTENSION_SEC: 0
05-28 05:14:31.413   506   549 I ActivityManager: Start proc 1995:com.android.calendar/u0a110 for broadcast {com.android.calendar/com.android.calendar.UpgradeReceiver}
05-28 05:14:31.425  1995  1995 W ndroid.calenda: Unexpected CPU variant for X86 using defaults: x86_64
05-28 05:14:31.429   379   387 I adbd    : jdwp connection from 1995
05-28 05:14:31.348   506   506 W Binder:506_9: type=1400 audit(0.0:22): avc: denied { getopt } for scontext=u:r:system_server:s0 tcontext=u:r:shell:s0 tclass=unix_stream_socket permissive=0
05-28 05:14:31.396   506   506 W Binder:506_8: type=1400 audit(0.0:23): avc: denied { getopt } for scontext=u:r:system_server:s0 tcontext=u:r:shell:s0 tclass=unix_stream_socket permissive=0
05-28 05:14:31.462  1995  1995 I ndroid.calenda: The ClassLoaderContext is a special shared library.
05-28 05:14:31.463   506   549 W ActivityManager: Slow operation: 52ms so far, now at startProcess: returned from zygote!
05-28 05:14:31.471  2015  2015 W .localtranspor: Unexpected CPU variant for X86 using defaults: x86_64
05-28 05:14:31.473   506   549 W ActivityManager: Slow operation: 61ms so far, now at startProcess: done updating battery stats
05-28 05:14:31.473   506   549 W ActivityManager: Slow operation: 61ms so far, now at startProcess: building log message
05-28 05:14:31.473   506   549 I ActivityManager: Start proc 2015:com.android.localtransport/1000 for service {com.android.localtransport/com.android.localtransport.LocalTransportService}
05-28 05:14:31.473   506   549 W ActivityManager: Slow operation: 62ms so far, now at startProcess: starting to update pids map
05-28 05:14:31.475   506   549 W ActivityManager: Slow operation: 63ms so far, now at startProcess: done updating pids map
05-28 05:14:31.477   379   387 I adbd    : jdwp connection from 2015
05-28 05:14:31.482   506   654 W WifiScoreReport: Cannot start external scoring netId=101 currentNetId=101 sessionId=1017
05-28 05:14:31.493   201   204 E android.system.suspend@1.0-service: Error opening kernel wakelock stats for: wakeup32: Permission denied
05-28 05:14:31.499  1782  1843 W MessagingApp: canonicalizeMccMnc: invalid mccmnc:null ,null
05-28 05:14:31.714     0     0 W audit   : audit_lost=1 audit_rate_limit=5 audit_backlog_limit=64
05-28 05:14:31.716     0     0 E audit   : rate limit exceeded
05-28 05:14:31.506  1782  1843 I MessagingApp: Carrier configs loaded: Bundle[{httpSocketTimeout=60000, aliasMinChars=2, smsToMmsTextThreshold=-1, enableSMSDeliveryReports=true, maxMessageTextSize=-1, supportMmsContentDisposition=true, enabledTransID=false, aliasEnabled=false, supportHttpCharsetHeader=false, allowAttachAudio=true, smsToMmsTextLengthThreshold=-1, recipientLimit=2147483647, uaProfTagName=x-wap-profile, aliasMaxChars=48, maxImageHeight=1944, enableMMSDeliveryReports=false, userAgent=, mmsCloseConnection=true, config_cellBroadcastAppLinks=true, maxSubjectLength=40, httpParams=, enableGroupMms=true, emailGatewayNumber=, maxMessageSize=1048576, naiSuffix=, enableMMSReadReports=false, maxImageWidth=2592, uaProfUrl=, enabledMMS=false, enabledNotifyWapMMSC=false, sendMultipartSmsAsSeparateMessages=false, enableMultipartSMS=true}] from resources+system for subId=1
05-28 05:14:31.506   201   204 E android.system.suspend@1.0-service: Error opening kernel wakelock stats for: wakeup33: Permission denied
05-28 05:14:31.509  1051  1051 I Telephony: Carrier-config changed, checking for phone account updates.
05-28 05:14:31.510  2015  2015 I .localtranspor: The ClassLoaderContext is a special shared library.
05-28 05:14:31.513  1051  1051 I Telephony: isRttCurrentlySupported -- regular acct, hasVoiceAvailability: false
05-28 05:14:31.513  1051  1051 I Telephony:  isRttSupported: false
05-28 05:14:31.513  1051  1051 I Telephony:  isRoaming: false
05-28 05:14:31.513  1051  1051 I Telephony:  isOnWfc: false
05-28 05:14:31.518   506   658 W DnsManager: updatePrivateDns(101, PrivateDnsConfig{true:/[]})
05-28 05:14:31.522   506   506 I TransportClient: LocalTransportService#0: Notifying [TransportManager.registerTransport()] transport = IBackupTransport
05-28 05:14:31.527  1051  1051 I Telephony: reRegisterPstnPhoneAccount: subId: 1 - no change
05-28 05:14:31.536   280  2038 W resolv  : Validating DnsTlsServer on netId 101
05-28 05:14:31.536   280  2038 W resolv  : Validation failed
05-28 05:14:31.488   201   201 W Binder:201_2: type=1400 audit(0.0:24): avc: denied { read } for name="wakeup32" dev="sysfs" ino=18830 scontext=u:r:system_suspend:s0 tcontext=u:object_r:sysfs:s0 tclass=dir permissive=0
05-28 05:14:31.539  1051  1051 I VvmSimStateTracker: android.telephony.action.CARRIER_CONFIG_CHANGED
05-28 05:14:31.540   506   549 I ActivityManager: Start proc 2039:com.android.camera2/u0a109 for broadcast {com.android.camera2/com.android.camera.SetActivitiesCameraReceiver}
05-28 05:14:31.540  1051  1051 I VvmSimStateTracker: Service connected on ComponentInfo{com.android.phone/com.android.services.telephony.TelephonyConnectionService}, ***, UserHandle{0}
05-28 05:14:31.546  2039  2039 W android.camera: Unexpected CPU variant for X86 using defaults: x86_64
05-28 05:14:31.559  1051  1051 I RemoteVvmTaskManager: Binding to ComponentInfo{com.android.dialer/com.android.voicemail.impl.OmtpService}
05-28 05:14:31.562  1637  1637 I Dialer  : VvmOmtpService - onCellServiceConnected
05-28 05:14:31.586   280  2059 W resolv  : Validating DnsTlsServer on netId 101
05-28 05:14:31.586   379   387 I adbd    : jdwp connection from 2039
05-28 05:14:31.594   506   606 W RuleEvaluation: Integrity rule files are not available.
05-28 05:14:31.595   506   564 I PackageManager: Integrity check passed for file:///data/app/vmdl1947270865.tmp
05-28 05:14:31.597   506   654 E WifiVendorHal: stopRssiMonitoring(l.2100) failed {.code = ERROR_NOT_AVAILABLE, .description = }
05-28 05:14:31.603   506  1147 I ActivityManager: Killing 1076:com.android.settings:CryptKeeper/1000 (adj 975): empty #17
05-28 05:14:31.608   281   281 I Zygote  : Process 1076 exited due to signal 9 (Killed)
05-28 05:14:31.613   506   564 I PackageManager: Permission ownership changed. Updating all permissions.
05-28 05:14:31.615   280  2059 W resolv  : SSL_connect ssl error =5, mark 0xf0065: Connection refused
05-28 05:14:31.615   280  2059 W resolv  : Validation failed
05-28 05:14:31.620   506   602 E ReportEncoder: No watchlist hash
05-28 05:14:31.621   506   602 I WatchlistLoggingHandler: Milliseconds spent on tryAggregateRecords(): 8477
05-28 05:14:31.621   506   541 I DropBoxManagerService: add tag=system_server_strictmode isTagEnabled=true flags=0x2
05-28 05:14:31.625  2039  2039 I android.camera: The ClassLoaderContext is a special shared library.
05-28 05:14:31.626  2039  2039 I android.camera: The ClassLoaderContext is a special shared library.
05-28 05:14:31.630   506   541 I chatty  : uid=1000(system) android.io identical 8 lines
05-28 05:14:31.631   506   541 I DropBoxManagerService: add tag=system_server_strictmode isTagEnabled=true flags=0x2
05-28 05:14:31.647   506   550 I libprocessgroup: Successfully killed process cgroup uid 1000 pid 1076 in 43ms
05-28 05:14:31.651   743  2071 E BackupHelper: Could not parse delayed permissions
05-28 05:14:31.651   743  2071 E BackupHelper: java.io.FileNotFoundException: /data/user_de/0/com.android.permissioncontroller/files/delayed_restore_permissions.xml: open failed: ENOENT (No such file or directory)
05-28 05:14:31.651   743  2071 E BackupHelper: 	at libcore.io.IoBridge.open(IoBridge.java:492)
05-28 05:14:31.651   743  2071 E BackupHelper: 	at java.io.FileInputStream.<init>(FileInputStream.java:160)
05-28 05:14:31.651   743  2071 E BackupHelper: 	at android.app.ContextImpl.openFileInput(ContextImpl.java:636)
05-28 05:14:31.651   743  2071 E BackupHelper: 	at com.android.permissioncontroller.permission.service.BackupHelper.restoreDelayedState(BackupHelper.java:338)
05-28 05:14:31.651   743  2071 E BackupHelper: 	at com.android.permissioncontroller.permission.service.PermissionControllerServiceImpl.onRestoreDelayedRuntimePermissionsBackup(PermissionControllerServiceImpl.java:413)
05-28 05:14:31.651   743  2071 E BackupHelper: 	at com.android.permissioncontroller.permission.service.PermissionControllerServiceImpl.lambda$onApplyStagedRuntimePermissionBackup$4(PermissionControllerServiceImpl.java:407)
05-28 05:14:31.651   743  2071 E BackupHelper: 	at com.android.permissioncontroller.permission.service.PermissionControllerServiceImpl.lambda$onApplyStagedRuntimePermissionBackup$4$PermissionControllerServiceImpl(Unknown Source:0)
05-28 05:14:31.651   743  2071 E BackupHelper: 	at com.android.permissioncontroller.permission.service.-$$Lambda$PermissionControllerServiceImpl$mE7NqZpMEJTKa_y63m6czFzewlg.run(Unknown Source:8)
05-28 05:14:31.651   743  2071 E BackupHelper: 	at android.os.AsyncTask$SerialExecutor$1.run(AsyncTask.java:305)
05-28 05:14:31.651   743  2071 E BackupHelper: 	at java.util.concurrent.ThreadPoolExecutor.runWorker(ThreadPoolExecutor.java:1167)
05-28 05:14:31.651   743  2071 E BackupHelper: 	at java.util.concurrent.ThreadPoolExecutor$Worker.run(ThreadPoolExecutor.java:641)
05-28 05:14:31.651   743  2071 E BackupHelper: 	at java.lang.Thread.run(Thread.java:923)
05-28 05:14:31.651   743  2071 E BackupHelper: Caused by: android.system.ErrnoException: open failed: ENOENT (No such file or directory)
05-28 05:14:31.651   743  2071 E BackupHelper: 	at libcore.io.Linux.open(Native Method)
05-28 05:14:31.651   743  2071 E BackupHelper: 	at libcore.io.ForwardingOs.open(ForwardingOs.java:166)
05-28 05:14:31.651   743  2071 E BackupHelper: 	at libcore.io.BlockGuardOs.open(BlockGuardOs.java:254)
05-28 05:14:31.651   743  2071 E BackupHelper: 	at libcore.io.ForwardingOs.open(ForwardingOs.java:166)
05-28 05:14:31.651   743  2071 E BackupHelper: 	at android.app.ActivityThread$AndroidOs.open(ActivityThread.java:7542)
05-28 05:14:31.651   743  2071 E BackupHelper: 	at libcore.io.IoBridge.open(IoBridge.java:478)
05-28 05:14:31.651   743  2071 E BackupHelper: 	... 11 more
05-28 05:14:31.653   743   983 I RoleControllerServiceImpl: Adding package as fallback role holder, package: com.android.launcher3, role: android.app.role.HOME
05-28 05:14:31.653  2039  2039 W CAM_Log : Tag SetActivitiesCameraReceiver is 8 chars longer than limit.
05-28 05:14:31.653   414   591 W ServiceManager: Permission failure: android.permission.SYSTEM_CAMERA from uid=10109 pid=2039
05-28 05:14:31.654  2039  2039 I CAM_SetActivitiesCamera: number of camera: 1
05-28 05:14:31.654  2039  2039 I CAM_SetActivitiesCamera: component state is 1
05-28 05:14:31.654   506   506 I Telecom : PhoneAccountRegistrar: getSimCallManager: SimCallManager for subId 1 queried, returning: null: TSI.gSCMFU@AGs
05-28 05:14:31.657   506   506 I Telecom : PhoneAccountRegistrar: getSimCallManager: SimCallManager for subId 1 queried, returning: null: TSI.gSCMFU@AGw
05-28 05:14:31.658   506   628 I ActivityManager: Killing 1241:com.android.deskclock/u0a105 (adj 985): empty #17
05-28 05:14:31.662   419   419 E installd: Couldn't opendir /data/app/vmdl1947270865.tmp: No such file or directory
05-28 05:14:31.662   419   419 E installd: Failed to delete /data/app/vmdl1947270865.tmp: No such file or directory
05-28 05:14:31.666   281   281 I Zygote  : Process 1241 exited due to signal 9 (Killed)
05-28 05:14:31.666   506   549 I ActivityManager: Start proc 2074:com.android.contacts/u0a98 for broadcast {com.android.contacts/com.android.contacts.interactions.OnBootOrUpgradeReceiver}
05-28 05:14:31.667  1982  1991 I abb     : oneway function results will be dropped but finished with status OK and parcel size 4
05-28 05:14:31.670  2074  2074 W ndroid.contact: Unexpected CPU variant for X86 using defaults: x86_64
05-28 05:14:31.679  1412  1412 I MediaProvider: Invalidating LocalCallingIdentity cache for package io.github.ylimit.droidbotapp. Reason: package android.intent.action.PACKAGE_ADDED
05-28 05:14:31.682   506   539 I RoleManagerService: Granting default roles...
05-28 05:14:31.683   506   600 I InputReader: Reconfiguring input devices, changes=KEYBOARD_LAYOUTS | 
05-28 05:14:31.685   506   506 I Telecom : DefaultDialerCache: Refreshing default dialer for user 0: now com.android.dialer: DDC.oR@AG0
05-28 05:14:31.691   743   767 I PermissionControllerServiceImpl: Updating user sensitive for uid 10130
05-28 05:14:31.703   379   387 I adbd    : jdwp connection from 2074
05-28 05:14:31.703   506   550 I libprocessgroup: Successfully killed process cgroup uid 10105 pid 1241 in 44ms
05-28 05:14:31.762   506   549 I ActivityManager: Start proc 2106:io.github.ylimit.droidbotapp/u0a130 for service {io.github.ylimit.droidbotapp/io.github.privacystreams.accessibility.PSAccessibilityService}
05-28 05:14:31.765   506   547 W VoiceInteractionManager: no available voice recognition services found for user 0
05-28 05:14:31.765   506   518 I system_server: Background concurrent copying GC freed 247992(12MB) AllocSpace objects, 74(3532KB) LOS objects, 49% free, 10MB/20MB, paused 26us total 108.830ms
05-28 05:14:31.766   506   519 W JavaBinder: BinderProxy is being destroyed but the application did not call unlinkToDeath to unlink all of its death recipients beforehand.  Releasing leaked death recipient: com.android.server.AlarmManagerService$2
05-28 05:14:31.766   506   519 I BpBinder: onLastStrongRef automatically unlinking death recipients: <uncached descriptor>
05-28 05:14:31.766   506   519 W JavaBinder: BinderProxy is being destroyed but the application did not call unlinkToDeath to unlink all of its death recipients beforehand.  Releasing leaked death recipient: com.android.server.AlarmManagerService$2
05-28 05:14:31.766   506   519 W JavaBinder: BinderProxy is being destroyed but the application did not call unlinkToDeath to unlink all of its death recipients beforehand.  Releasing leaked death recipient: com.android.server.AlarmManagerService$2
05-28 05:14:31.766   506   519 I BpBinder: onLastStrongRef automatically unlinking death recipients: <uncached descriptor>
