05-28 05:15:33.679  1412  1925 E SQLiteDatabase: 	at com.android.providers.media.MediaProvider.insertDirectory(MediaProvider.java:2763)
05-28 05:15:33.679  1412  1925 E SQLiteDatabase: 	at com.android.providers.media.MediaProvider.getParent(MediaProvider.java:2794)
05-28 05:15:33.679  1412  1925 E SQLiteDatabase: 	at com.android.providers.media.MediaProvider.insertDirectory(MediaProvider.java:2763)
05-28 05:15:33.679  1412  1925 E SQLiteDatabase: 	at com.android.providers.media.MediaProvider.getParent(MediaProvider.java:2794)
05-28 05:15:33.679  1412  1925 E SQLiteDatabase: 	at com.android.providers.media.MediaProvider.lambda$insertAllowingUpsert$14(MediaProvider.java:3060)
05-28 05:15:33.679  1412  1925 E SQLiteDatabase: 	at com.android.providers.media.MediaProvider.lambda$insertAllowingUpsert$14$MediaProvider(Unknown Source:0)
05-28 05:15:33.679  1412  1925 E SQLiteDatabase: 	at com.android.providers.media.-$$Lambda$MediaProvider$FjHWs2-fjgG761OzVFzdTX4EWZg.apply(Unknown Source:13)
05-28 05:15:33.679  1412  1925 E SQLiteDatabase: 	at com.android.providers.media.DatabaseHelper.runWithTransaction(DatabaseHelper.java:555)
05-28 05:15:33.679  1412  1925 E SQLiteDatabase: 	at com.android.providers.media.MediaProvider.insertAllowingUpsert(MediaProvider.java:3056)
05-28 05:15:33.679  1412  1925 E SQLiteDatabase: 	at com.android.providers.media.MediaProvider.insertFile(MediaProvider.java:3038)
05-28 05:15:33.679  1412  1925 E SQLiteDatabase: 	at com.android.providers.media.MediaProvider.insertInternal(MediaProvider.java:3470)
05-28 05:15:33.679  1412  1925 E SQLiteDatabase: 	at com.android.providers.media.MediaProvider.insert(MediaProvider.java:3198)
05-28 05:15:33.679  1412  1925 E SQLiteDatabase: 	at android.content.ContentProviderOperation.applyInternal(ContentProviderOperation.java:375)
05-28 05:15:33.679  1412  1925 E SQLiteDatabase: 	at android.content.ContentProviderOperation.apply(ContentProviderOperation.java:347)
05-28 05:15:33.679  1412  1925 E SQLiteDatabase: 	at android.content.ContentProvider.applyBatch(ContentProvider.java:2422)
05-28 05:15:33.679  1412  1925 E SQLiteDatabase: 	at com.android.providers.media.MediaProvider.applyBatch(MediaProvider.java:3522)
05-28 05:15:33.679  1412  1925 E SQLiteDatabase: 	at android.content.ContentProvider.applyBatch(ContentProvider.java:2413)
05-28 05:15:33.679  1412  1925 E SQLiteDatabase: 	at android.content.ContentResolver.applyBatch(ContentResolver.java:2186)
05-28 05:15:33.679  1412  1925 E SQLiteDatabase: 	at com.android.providers.media.scan.ModernMediaScanner$Scan.applyPending(ModernMediaScanner.java:699)
05-28 05:15:33.679  1412  1925 E SQLiteDatabase: 	at com.android.providers.media.scan.ModernMediaScanner$Scan.maybeApplyPending(ModernMediaScanner.java:689)
05-28 05:15:33.679  1412  1925 E SQLiteDatabase: 	at com.android.providers.media.scan.ModernMediaScanner$Scan.visitFile(ModernMediaScanner.java:649)
05-28 05:15:33.679  1412  1925 E SQLiteDatabase: 	at com.android.providers.media.scan.ModernMediaScanner$Scan.visitFile(ModernMediaScanner.java:272)
05-28 05:15:33.679  1412  1925 E SQLiteDatabase: 	at java.nio.file.Files.walkFileTree(Files.java:2670)
05-28 05:15:33.679  1412  1925 E SQLiteDatabase: 	at java.nio.file.Files.walkFileTree(Files.java:2742)
05-28 05:15:33.679  1412  1925 E SQLiteDatabase: 	at com.android.providers.media.scan.ModernMediaScanner$Scan.walkFileTree(ModernMediaScanner.java:366)
05-28 05:15:33.679  1412  1925 E SQLiteDatabase: 	at com.android.providers.media.scan.ModernMediaScanner$Scan.run(ModernMediaScanner.java:329)
05-28 05:15:33.679  1412  1925 E SQLiteDatabase: 	at com.android.providers.media.scan.ModernMediaScanner.scanDirectory(ModernMediaScanner.java:226)
05-28 05:15:33.679  1412  1925 E SQLiteDatabase: 	at com.android.providers.media.MediaProvider.scanDirectory(MediaProvider.java:1111)
05-28 05:15:33.679  1412  1925 E SQLiteDatabase: 	at com.android.providers.media.MediaService.onScanVolume(MediaService.java:148)
05-28 05:15:33.679  1412  1925 E SQLiteDatabase: 	at com.android.providers.media.MediaService.onScanVolume(MediaService.java:117)
05-28 05:15:33.679  1412  1925 E SQLiteDatabase: 	at com.android.providers.media.MediaService.onScanVolume(MediaService.java:108)
05-28 05:15:33.679  1412  1925 E SQLiteDatabase: 	at com.android.providers.media.MediaService.onHandleWork(MediaService.java:71)
05-28 05:15:33.679  1412  1925 E SQLiteDatabase: 	at androidx.core.app.JobIntentService$CommandProcessor.doInBackground(JobIntentService.java:391)
05-28 05:15:33.679  1412  1925 E SQLiteDatabase: 	at androidx.core.app.JobIntentService$CommandProcessor.doInBackground(JobIntentService.java:382)
05-28 05:15:33.679  1412  1925 E SQLiteDatabase: 	at android.os.AsyncTask$3.call(AsyncTask.java:394)
05-28 05:15:33.679  1412  1925 E SQLiteDatabase: 	at java.util.concurrent.FutureTask.run(FutureTask.java:266)
05-28 05:15:33.679  1412  1925 E SQLiteDatabase: 	at java.util.concurrent.ThreadPoolExecutor.runWorker(ThreadPoolExecutor.java:1167)
05-28 05:15:33.679  1412  1925 E SQLiteDatabase: 	at java.util.concurrent.ThreadPoolExecutor$Worker.run(ThreadPoolExecutor.java:641)
05-28 05:15:33.679  1412  1925 E SQLiteDatabase: 	at java.lang.Thread.run(Thread.java:923)
05-28 05:15:35.104   158   158 I hwservicemanager: getTransport: Cannot find entry android.hardware.graphics.mapper@4.0::IMapper/default in either framework or device manifest.
05-28 05:15:35.104  6706  6706 I Gralloc4: mapper 4.x is not supported
05-28 05:15:35.172  1412  1539 I MediaProvider: Deleted 1 items on external_primary due to com.android.shell
05-28 05:15:35.198  6721  6723 I cmd     : oneway function results will be dropped but finished with status OK and parcel size 4
05-28 05:15:35.311   158   158 I hwservicemanager: getTransport: Cannot find entry android.hardware.graphics.mapper@4.0::IMapper/default in either framework or device manifest.
05-28 05:15:35.311  6743  6743 I Gralloc4: mapper 4.x is not supported
05-28 05:15:35.355  6747  6749 I cmd     : oneway function results will be dropped but finished with status OK and parcel size 4
05-28 05:15:35.377  1412  1539 I MediaProvider: Deleted 1 items on external_primary due to com.android.shell
05-28 05:15:35.403  6758  6760 I cmd     : oneway function results will be dropped but finished with status OK and parcel size 4
05-28 05:15:35.515   158   158 I hwservicemanager: getTransport: Cannot find entry android.hardware.graphics.mapper@4.0::IMapper/default in either framework or device manifest.
05-28 05:15:35.515  6780  6780 I Gralloc4: mapper 4.x is not supported
05-28 05:15:35.559  6784  6786 I cmd     : oneway function results will be dropped but finished with status OK and parcel size 4
05-28 05:15:35.581  1412  1539 I MediaProvider: Deleted 1 items on external_primary due to com.android.shell
05-28 05:15:35.705  6827  6829 I cmd     : oneway function results will be dropped but finished with status OK and parcel size 4
05-28 05:15:35.753  6842  6844 I cmd     : oneway function results will be dropped but finished with status OK and parcel size 4
05-28 05:15:35.824  6854  6854 E libc    : Access denied finding property "persist.device_config.runtime_native_boot.profilebootclasspath"
05-28 05:15:35.824  6854  6854 E libc    : Access denied finding property "persist.device_config.runtime_native_boot.enable_apex_image"
05-28 05:15:35.824  6854  6854 I AndroidRuntime: Using default boot image
05-28 05:15:35.824  6854  6854 E libc    : Access denied finding property "persist.device_config.runtime_native_boot.disable_lock_profiling"
05-28 05:15:35.824  6854  6854 I AndroidRuntime: Leaving lock profiling enabled
05-28 05:15:35.824  6854  6854 E libc    : Access denied finding property "persist.device_config.runtime_native_boot.enable_generational_cc"
05-28 05:15:35.825  6854  6854 I app_process: Core platform API reporting enabled, enforcing=false
05-28 05:15:35.820  6854  6854 W app_process: type=1400 audit(0.0:134): avc: denied { read } for name="u:object_r:device_config_runtime_native_boot_prop:s0" dev="tmpfs" ino=506 scontext=u:r:shell:s0 tcontext=u:object_r:device_config_runtime_native_boot_prop:s0 tclass=file permissive=0
05-28 05:15:35.861  6854  6854 W app_process: Unexpected CPU variant for X86 using defaults: x86_64
05-28 05:15:35.861  6854  6854 I app_process: The ClassLoaderContext is a special shared library.
05-28 05:15:35.867  6854  6854 W app_process: JNI RegisterNativeMethods: attempt to register 0 native methods for android.media.AudioAttributes
05-28 05:15:36.381  1637  1974 I Dialer  : VvmTaskExecutor - executing task com.android.voicemail.impl.ActivationTask@b73fe49
05-28 05:15:36.382  1637  1974 I Dialer  : PreOMigrationHandler - ComponentInfo{com.android.phone/com.android.services.telephony.TelephonyConnectionService}, ***, UserHandle{0} already migrated
05-28 05:15:36.395  1764  1781 I VoicemailNotifier: receivers for android.intent.action.PROVIDER_CHANGED :[]
05-28 05:15:36.396  1637  1974 I Dialer  : VvmActivationTask - VVM content provider configured - vvm_type_cvvm
05-28 05:15:36.396  1637  1974 I Dialer  : OmtpVvmCarrierCfgHlpr - OmtpEvent:CONFIG_ACTIVATING
05-28 05:15:36.398  1764  1781 I VoicemailNotifier: receivers for android.intent.action.PROVIDER_CHANGED :[]
05-28 05:15:37.264  1412  1925 E SQLiteDatabase: Error inserting format=12289 owner_package_name=null parent=-1 volume_name=internal date_modified=1683213674 _display_name=media _data=/product/media is_download=0 relative_path=null
05-28 05:15:37.264  1412  1925 E SQLiteDatabase: android.database.sqlite.SQLiteDatabaseLockedException: database is locked (code 5 SQLITE_BUSY)
05-28 05:15:37.264  1412  1925 E SQLiteDatabase: 	at android.database.sqlite.SQLiteConnection.nativeExecuteForLastInsertedRowId(Native Method)
05-28 05:15:37.264  1412  1925 E SQLiteDatabase: 	at android.database.sqlite.SQLiteConnection.executeForLastInsertedRowId(SQLiteConnection.java:938)
05-28 05:15:37.264  1412  1925 E SQLiteDatabase: 	at android.database.sqlite.SQLiteSession.executeForLastInsertedRowId(SQLiteSession.java:790)
05-28 05:15:37.264  1412  1925 E SQLiteDatabase: 	at android.database.sqlite.SQLiteStatement.executeInsert(SQLiteStatement.java:88)
05-28 05:15:37.264  1412  1925 E SQLiteDatabase: 	at android.database.sqlite.SQLiteDatabase.insertWithOnConflict(SQLiteDatabase.java:1701)
05-28 05:15:37.264  1412  1925 E SQLiteDatabase: 	at android.database.sqlite.SQLiteDatabase.insert(SQLiteDatabase.java:1570)
05-28 05:15:37.264  1412  1925 E SQLiteDatabase: 	at com.android.providers.media.MediaProvider.insertDirectory(MediaProvider.java:2773)
05-28 05:15:37.264  1412  1925 E SQLiteDatabase: 	at com.android.providers.media.MediaProvider.getParent(MediaProvider.java:2794)
05-28 05:15:37.264  1412  1925 E SQLiteDatabase: 	at com.android.providers.media.MediaProvider.insertDirectory(MediaProvider.java:2763)
05-28 05:15:37.264  1412  1925 E SQLiteDatabase: 	at com.android.providers.media.MediaProvider.getParent(MediaProvider.java:2794)
05-28 05:15:37.264  1412  1925 E SQLiteDatabase: 	at com.android.providers.media.MediaProvider.insertDirectory(MediaProvider.java:2763)
05-28 05:15:37.264  1412  1925 E SQLiteDatabase: 	at com.android.providers.media.MediaProvider.getParent(MediaProvider.java:2794)
05-28 05:15:37.264  1412  1925 E SQLiteDatabase: 	at com.android.providers.media.MediaProvider.lambda$insertAllowingUpsert$14(MediaProvider.java:3060)
05-28 05:15:37.264  1412  1925 E SQLiteDatabase: 	at com.android.providers.media.MediaProvider.lambda$insertAllowingUpsert$14$MediaProvider(Unknown Source:0)
05-28 05:15:37.264  1412  1925 E SQLiteDatabase: 	at com.android.providers.media.-$$Lambda$MediaProvider$FjHWs2-fjgG761OzVFzdTX4EWZg.apply(Unknown Source:13)
05-28 05:15:37.264  1412  1925 E SQLiteDatabase: 	at com.android.providers.media.DatabaseHelper.runWithTransaction(DatabaseHelper.java:555)
05-28 05:15:37.264  1412  1925 E SQLiteDatabase: 	at com.android.providers.media.MediaProvider.insertAllowingUpsert(MediaProvider.java:3056)
05-28 05:15:37.264  1412  1925 E SQLiteDatabase: 	at com.android.providers.media.MediaProvider.insertFile(MediaProvider.java:3038)
05-28 05:15:37.264  1412  1925 E SQLiteDatabase: 	at com.android.providers.media.MediaProvider.insertInternal(MediaProvider.java:3470)
05-28 05:15:37.264  1412  1925 E SQLiteDatabase: 	at com.android.providers.media.MediaProvider.insert(MediaProvider.java:3198)
05-28 05:15:37.264  1412  1925 E SQLiteDatabase: 	at android.content.ContentProviderOperation.applyInternal(ContentProviderOperation.java:375)
05-28 05:15:37.264  1412  1925 E SQLiteDatabase: 	at android.content.ContentProviderOperation.apply(ContentProviderOperation.java:347)
05-28 05:15:37.264  1412  1925 E SQLiteDatabase: 	at android.content.ContentProvider.applyBatch(ContentProvider.java:2422)
05-28 05:15:37.264  1412  1925 E SQLiteDatabase: 	at com.android.providers.media.MediaProvider.applyBatch(MediaProvider.java:3522)
05-28 05:15:37.264  1412  1925 E SQLiteDatabase: 	at android.content.ContentProvider.applyBatch(ContentProvider.java:2413)
05-28 05:15:37.264  1412  1925 E SQLiteDatabase: 	at android.content.ContentResolver.applyBatch(ContentResolver.java:2186)
05-28 05:15:37.264  1412  1925 E SQLiteDatabase: 	at com.android.providers.media.scan.ModernMediaScanner$Scan.applyPending(ModernMediaScanner.java:699)
05-28 05:15:37.264  1412  1925 E SQLiteDatabase: 	at com.android.providers.media.scan.ModernMediaScanner$Scan.maybeApplyPending(ModernMediaScanner.java:689)
05-28 05:15:37.264  1412  1925 E SQLiteDatabase: 	at com.android.providers.media.scan.ModernMediaScanner$Scan.visitFile(ModernMediaScanner.java:649)
05-28 05:15:37.264  1412  1925 E SQLiteDatabase: 	at com.android.providers.media.scan.ModernMediaScanner$Scan.visitFile(ModernMediaScanner.java:272)
05-28 05:15:37.264  1412  1925 E SQLiteDatabase: 	at java.nio.file.Files.walkFileTree(Files.java:2670)
05-28 05:15:37.264  1412  1925 E SQLiteDatabase: 	at java.nio.file.Files.walkFileTree(Files.java:2742)
05-28 05:15:37.264  1412  1925 E SQLiteDatabase: 	at com.android.providers.media.scan.ModernMediaScanner$Scan.walkFileTree(ModernMediaScanner.java:366)
05-28 05:15:37.264  1412  1925 E SQLiteDatabase: 	at com.android.providers.media.scan.ModernMediaScanner$Scan.run(ModernMediaScanner.java:329)
05-28 05:15:37.264  1412  1925 E SQLiteDatabase: 	at com.android.providers.media.scan.ModernMediaScanner.scanDirectory(ModernMediaScanner.java:226)
05-28 05:15:37.264  1412  1925 E SQLiteDatabase: 	at com.android.providers.media.MediaProvider.scanDirectory(MediaProvider.java:1111)
05-28 05:15:37.264  1412  1925 E SQLiteDatabase: 	at com.android.providers.media.MediaService.onScanVolume(MediaService.java:148)
05-28 05:15:37.264  1412  1925 E SQLiteDatabase: 	at com.android.providers.media.MediaService.onScanVolume(MediaService.java:117)
05-28 05:15:37.264  1412  1925 E SQLiteDatabase: 	at com.android.providers.media.MediaService.onScanVolume(MediaService.java:108)
05-28 05:15:37.264  1412  1925 E SQLiteDatabase: 	at com.android.providers.media.MediaService.onHandleWork(MediaService.java:71)
05-28 05:15:37.264  1412  1925 E SQLiteDatabase: 	at androidx.core.app.JobIntentService$CommandProcessor.doInBackground(JobIntentService.java:391)
05-28 05:15:37.264  1412  1925 E SQLiteDatabase: 	at androidx.core.app.JobIntentService$CommandProcessor.doInBackground(JobIntentService.java:382)
05-28 05:15:37.264  1412  1925 E SQLiteDatabase: 	at android.os.AsyncTask$3.call(AsyncTask.java:394)
05-28 05:15:37.264  1412  1925 E SQLiteDatabase: 	at java.util.concurrent.FutureTask.run(FutureTask.java:266)
05-28 05:15:37.264  1412  1925 E SQLiteDatabase: 	at java.util.concurrent.ThreadPoolExecutor.runWorker(ThreadPoolExecutor.java:1167)
05-28 05:15:37.264  1412  1925 E SQLiteDatabase: 	at java.util.concurrent.ThreadPoolExecutor$Worker.run(ThreadPoolExecutor.java:641)
05-28 05:15:37.264  1412  1925 E SQLiteDatabase: 	at java.lang.Thread.run(Thread.java:923)
05-28 05:15:37.592   158   158 I hwservicemanager: getTransport: Cannot find entry android.hardware.graphics.mapper@4.0::IMapper/default in either framework or device manifest.
05-28 05:15:37.593  6885  6885 I Gralloc4: mapper 4.x is not supported
05-28 05:15:37.690  1412  1540 I MediaProvider: Deleted 1 items on external_primary due to com.android.shell
05-28 05:15:37.715  6902  6904 I cmd     : oneway function results will be dropped but finished with status OK and parcel size 4
05-28 05:15:37.825   158   158 I hwservicemanager: getTransport: Cannot find entry android.hardware.graphics.mapper@4.0::IMapper/default in either framework or device manifest.
05-28 05:15:37.825  6924  6924 I Gralloc4: mapper 4.x is not supported
05-28 05:15:37.880  1412  1540 I MediaProvider: Deleted 1 items on external_primary due to com.android.shell
05-28 05:15:37.905  6939  6941 I cmd     : oneway function results will be dropped but finished with status OK and parcel size 4
05-28 05:15:38.020   158   158 I hwservicemanager: getTransport: Cannot find entry android.hardware.graphics.mapper@4.0::IMapper/default in either framework or device manifest.
05-28 05:15:38.020  6961  6961 I Gralloc4: mapper 4.x is not supported
05-28 05:15:38.116  1412  1539 I MediaProvider: Deleted 1 items on external_primary due to com.android.shell
05-28 05:15:38.141  6976  6978 I cmd     : oneway function results will be dropped but finished with status OK and parcel size 4
05-28 05:15:38.189  6991  6993 I cmd     : oneway function results will be dropped but finished with status OK and parcel size 4
05-28 05:15:38.235  7006  7008 I cmd     : oneway function results will be dropped but finished with status OK and parcel size 4
05-28 05:15:38.282  7021  7023 I cmd     : oneway function results will be dropped but finished with status OK and parcel size 4
05-28 05:15:38.353  7033  7033 E libc    : Access denied finding property "persist.device_config.runtime_native_boot.profilebootclasspath"
05-28 05:15:38.353  7033  7033 E libc    : Access denied finding property "persist.device_config.runtime_native_boot.enable_apex_image"
05-28 05:15:38.353  7033  7033 I AndroidRuntime: Using default boot image
05-28 05:15:38.353  7033  7033 E libc    : Access denied finding property "persist.device_config.runtime_native_boot.disable_lock_profiling"
05-28 05:15:38.353  7033  7033 I AndroidRuntime: Leaving lock profiling enabled
05-28 05:15:38.353  7033  7033 E libc    : Access denied finding property "persist.device_config.runtime_native_boot.enable_generational_cc"
05-28 05:15:38.354  7033  7033 I app_process: Core platform API reporting enabled, enforcing=false
05-28 05:15:38.348  7033  7033 W app_process: type=1400 audit(0.0:138): avc: denied { read } for name="u:object_r:device_config_runtime_native_boot_prop:s0" dev="tmpfs" ino=506 scontext=u:r:shell:s0 tcontext=u:object_r:device_config_runtime_native_boot_prop:s0 tclass=file permissive=0
05-28 05:15:38.389  7033  7033 W app_process: Unexpected CPU variant for X86 using defaults: x86_64
05-28 05:15:38.390  7033  7033 I app_process: The ClassLoaderContext is a special shared library.
05-28 05:15:38.396  7033  7033 W app_process: JNI RegisterNativeMethods: attempt to register 0 native methods for android.media.AudioAttributes
05-28 05:15:38.509  2106  2106 E AccessibilityInteractionClient: 3 Disconnected nodes.
05-28 05:15:40.111   158   158 I hwservicemanager: getTransport: Cannot find entry android.hardware.graphics.mapper@4.0::IMapper/default in either framework or device manifest.
05-28 05:15:40.111  7068  7068 I Gralloc4: mapper 4.x is not supported
05-28 05:15:40.207  1412  2579 I MediaProvider: Deleted 1 items on external_primary due to com.android.shell
05-28 05:15:40.231  7083  7085 I cmd     : oneway function results will be dropped but finished with status OK and parcel size 4
05-28 05:15:40.345   158   158 I hwservicemanager: getTransport: Cannot find entry android.hardware.graphics.mapper@4.0::IMapper/default in either framework or device manifest.
05-28 05:15:40.345  7105  7105 I Gralloc4: mapper 4.x is not supported
05-28 05:15:40.400  1412  1540 I MediaProvider: Deleted 1 items on external_primary due to com.android.shell
05-28 05:15:40.424  7120  7122 I cmd     : oneway function results will be dropped but finished with status OK and parcel size 4
05-28 05:15:40.538   158   158 I hwservicemanager: getTransport: Cannot find entry android.hardware.graphics.mapper@4.0::IMapper/default in either framework or device manifest.
05-28 05:15:40.538  7142  7142 I Gralloc4: mapper 4.x is not supported
05-28 05:15:40.595  1412  1539 I MediaProvider: Deleted 1 items on external_primary due to com.android.shell
05-28 05:15:40.619  7157  7159 I cmd     : oneway function results will be dropped but finished with status OK and parcel size 4
05-28 05:15:40.666  7172  7174 I cmd     : oneway function results will be dropped but finished with status OK and parcel size 4
05-28 05:15:40.713  7187  7189 I cmd     : oneway function results will be dropped but finished with status OK and parcel size 4
05-28 05:15:40.782  7204  7206 I cmd     : oneway function results will be dropped but finished with status OK and parcel size 4
05-28 05:15:40.854  7216  7216 E libc    : Access denied finding property "persist.device_config.runtime_native_boot.profilebootclasspath"
05-28 05:15:40.854  7216  7216 E libc    : Access denied finding property "persist.device_config.runtime_native_boot.enable_apex_image"
05-28 05:15:40.854  7216  7216 I AndroidRuntime: Using default boot image
05-28 05:15:40.854  7216  7216 E libc    : Access denied finding property "persist.device_config.runtime_native_boot.disable_lock_profiling"
05-28 05:15:40.854  7216  7216 I AndroidRuntime: Leaving lock profiling enabled
05-28 05:15:40.854  7216  7216 E libc    : Access denied finding property "persist.device_config.runtime_native_boot.enable_generational_cc"
05-28 05:15:40.855  7216  7216 I app_process: Core platform API reporting enabled, enforcing=false
05-28 05:15:40.848  7216  7216 W app_process: type=1400 audit(0.0:142): avc: denied { read } for name="u:object_r:device_config_runtime_native_boot_prop:s0" dev="tmpfs" ino=506 scontext=u:r:shell:s0 tcontext=u:object_r:device_config_runtime_native_boot_prop:s0 tclass=file permissive=0
05-28 05:15:40.890  7216  7216 W app_process: Unexpected CPU variant for X86 using defaults: x86_64
05-28 05:15:40.891  7216  7216 I app_process: The ClassLoaderContext is a special shared library.
05-28 05:15:40.896  7216  7216 W app_process: JNI RegisterNativeMethods: attempt to register 0 native methods for android.media.AudioAttributes
05-28 05:15:40.911  1412  1925 E SQLiteDatabase: Error inserting format=12289 owner_package_name=null parent=-1 volume_name=internal date_modified=1683213674 _display_name=audio _data=/product/media/audio is_download=0 relative_path=null
05-28 05:15:40.911  1412  1925 E SQLiteDatabase: android.database.sqlite.SQLiteDatabaseLockedException: database is locked (code 5 SQLITE_BUSY)
05-28 05:15:40.911  1412  1925 E SQLiteDatabase: 	at android.database.sqlite.SQLiteConnection.nativeExecuteForLastInsertedRowId(Native Method)
05-28 05:15:40.911  1412  1925 E SQLiteDatabase: 	at android.database.sqlite.SQLiteConnection.executeForLastInsertedRowId(SQLiteConnection.java:938)
05-28 05:15:40.911  1412  1925 E SQLiteDatabase: 	at android.database.sqlite.SQLiteSession.executeForLastInsertedRowId(SQLiteSession.java:790)
05-28 05:15:40.911  1412  1925 E SQLiteDatabase: 	at android.database.sqlite.SQLiteStatement.executeInsert(SQLiteStatement.java:88)
05-28 05:15:40.911  1412  1925 E SQLiteDatabase: 	at android.database.sqlite.SQLiteDatabase.insertWithOnConflict(SQLiteDatabase.java:1701)
05-28 05:15:40.911  1412  1925 E SQLiteDatabase: 	at android.database.sqlite.SQLiteDatabase.insert(SQLiteDatabase.java:1570)
05-28 05:15:40.911  1412  1925 E SQLiteDatabase: 	at com.android.providers.media.MediaProvider.insertDirectory(MediaProvider.java:2773)
05-28 05:15:40.911  1412  1925 E SQLiteDatabase: 	at com.android.providers.media.MediaProvider.getParent(MediaProvider.java:2794)
05-28 05:15:40.911  1412  1925 E SQLiteDatabase: 	at com.android.providers.media.MediaProvider.insertDirectory(MediaProvider.java:2763)
05-28 05:15:40.911  1412  1925 E SQLiteDatabase: 	at com.android.providers.media.MediaProvider.getParent(MediaProvider.java:2794)
05-28 05:15:40.911  1412  1925 E SQLiteDatabase: 	at com.android.providers.media.MediaProvider.lambda$insertAllowingUpsert$14(MediaProvider.java:3060)
05-28 05:15:40.911  1412  1925 E SQLiteDatabase: 	at com.android.providers.media.MediaProvider.lambda$insertAllowingUpsert$14$MediaProvider(Unknown Source:0)
05-28 05:15:40.911  1412  1925 E SQLiteDatabase: 	at com.android.providers.media.-$$Lambda$MediaProvider$FjHWs2-fjgG761OzVFzdTX4EWZg.apply(Unknown Source:13)
05-28 05:15:40.911  1412  1925 E SQLiteDatabase: 	at com.android.providers.media.DatabaseHelper.runWithTransaction(DatabaseHelper.java:555)
05-28 05:15:40.911  1412  1925 E SQLiteDatabase: 	at com.android.providers.media.MediaProvider.insertAllowingUpsert(MediaProvider.java:3056)
05-28 05:15:40.911  1412  1925 E SQLiteDatabase: 	at com.android.providers.media.MediaProvider.insertFile(MediaProvider.java:3038)
05-28 05:15:40.911  1412  1925 E SQLiteDatabase: 	at com.android.providers.media.MediaProvider.insertInternal(MediaProvider.java:3470)
05-28 05:15:40.911  1412  1925 E SQLiteDatabase: 	at com.android.providers.media.MediaProvider.insert(MediaProvider.java:3198)
05-28 05:15:40.911  1412  1925 E SQLiteDatabase: 	at android.content.ContentProviderOperation.applyInternal(ContentProviderOperation.java:375)
05-28 05:15:40.911  1412  1925 E SQLiteDatabase: 	at android.content.ContentProviderOperation.apply(ContentProviderOperation.java:347)
05-28 05:15:40.911  1412  1925 E SQLiteDatabase: 	at android.content.ContentProvider.applyBatch(ContentProvider.java:2422)
05-28 05:15:40.911  1412  1925 E SQLiteDatabase: 	at com.android.providers.media.MediaProvider.applyBatch(MediaProvider.java:3522)
05-28 05:15:40.911  1412  1925 E SQLiteDatabase: 	at android.content.ContentProvider.applyBatch(ContentProvider.java:2413)
05-28 05:15:40.911  1412  1925 E SQLiteDatabase: 	at android.content.ContentResolver.applyBatch(ContentResolver.java:2186)
05-28 05:15:40.911  1412  1925 E SQLiteDatabase: 	at com.android.providers.media.scan.ModernMediaScanner$Scan.applyPending(ModernMediaScanner.java:699)
05-28 05:15:40.911  1412  1925 E SQLiteDatabase: 	at com.android.providers.media.scan.ModernMediaScanner$Scan.maybeApplyPending(ModernMediaScanner.java:689)
05-28 05:15:40.911  1412  1925 E SQLiteDatabase: 	at com.android.providers.media.scan.ModernMediaScanner$Scan.visitFile(ModernMediaScanner.java:649)
05-28 05:15:40.911  1412  1925 E SQLiteDatabase: 	at com.android.providers.media.scan.ModernMediaScanner$Scan.visitFile(ModernMediaScanner.java:272)
05-28 05:15:40.911  1412  1925 E SQLiteDatabase: 	at java.nio.file.Files.walkFileTree(Files.java:2670)
05-28 05:15:40.911  1412  1925 E SQLiteDatabase: 	at java.nio.file.Files.walkFileTree(Files.java:2742)
05-28 05:15:40.911  1412  1925 E SQLiteDatabase: 	at com.android.providers.media.scan.ModernMediaScanner$Scan.walkFileTree(ModernMediaScanner.java:366)
05-28 05:15:40.911  1412  1925 E SQLiteDatabase: 	at com.android.providers.media.scan.ModernMediaScanner$Scan.run(ModernMediaScanner.java:329)
05-28 05:15:40.911  1412  1925 E SQLiteDatabase: 	at com.android.providers.media.scan.ModernMediaScanner.scanDirectory(ModernMediaScanner.java:226)
05-28 05:15:40.911  1412  1925 E SQLiteDatabase: 	at com.android.providers.media.MediaProvider.scanDirectory(MediaProvider.java:1111)
05-28 05:15:40.911  1412  1925 E SQLiteDatabase: 	at com.android.providers.media.MediaService.onScanVolume(MediaService.java:148)
05-28 05:15:40.911  1412  1925 E SQLiteDatabase: 	at com.android.providers.media.MediaService.onScanVolume(MediaService.java:117)
05-28 05:15:40.911  1412  1925 E SQLiteDatabase: 	at com.android.providers.media.MediaService.onScanVolume(MediaService.java:108)
05-28 05:15:40.911  1412  1925 E SQLiteDatabase: 	at com.android.providers.media.MediaService.onHandleWork(MediaService.java:71)
05-28 05:15:40.911  1412  1925 E SQLiteDatabase: 	at androidx.core.app.JobIntentService$CommandProcessor.doInBackground(JobIntentService.java:391)
05-28 05:15:40.911  1412  1925 E SQLiteDatabase: 	at androidx.core.app.JobIntentService$CommandProcessor.doInBackground(JobIntentService.java:382)
05-28 05:15:40.911  1412  1925 E SQLiteDatabase: 	at android.os.AsyncTask$3.call(AsyncTask.java:394)
05-28 05:15:40.911  1412  1925 E SQLiteDatabase: 	at java.util.concurrent.FutureTask.run(FutureTask.java:266)
05-28 05:15:40.911  1412  1925 E SQLiteDatabase: 	at java.util.concurrent.ThreadPoolExecutor.runWorker(ThreadPoolExecutor.java:1167)
05-28 05:15:40.911  1412  1925 E SQLiteDatabase: 	at java.util.concurrent.ThreadPoolExecutor$Worker.run(ThreadPoolExecutor.java:641)
05-28 05:15:40.911  1412  1925 E SQLiteDatabase: 	at java.lang.Thread.run(Thread.java:923)
05-28 05:15:40.923  2106  2106 E AccessibilityInteractionClient: 3 Disconnected nodes.
05-28 05:15:41.281  2685  2702 W System  : A resource failed to call close. 
05-28 05:15:41.281  2685  2702 W System  : A resource failed to call dispose. 
05-28 05:15:41.281  2685  2702 W System  : A resource failed to call release. 
05-28 05:15:42.601   158   158 I hwservicemanager: getTransport: Cannot find entry android.hardware.graphics.mapper@4.0::IMapper/default in either framework or device manifest.
05-28 05:15:42.602  7248  7248 I Gralloc4: mapper 4.x is not supported
05-28 05:15:42.645  7252  7254 I cmd     : oneway function results will be dropped but finished with status OK and parcel size 4
05-28 05:15:42.665  1412  2579 I MediaProvider: Deleted 1 items on external_primary due to com.android.shell
05-28 05:15:42.691  7263  7265 I cmd     : oneway function results will be dropped but finished with status OK and parcel size 4
05-28 05:15:42.809   158   158 I hwservicemanager: getTransport: Cannot find entry android.hardware.graphics.mapper@4.0::IMapper/default in either framework or device manifest.
05-28 05:15:42.809  7285  7285 I Gralloc4: mapper 4.x is not supported
05-28 05:15:42.854  7291  7293 I cmd     : oneway function results will be dropped but finished with status OK and parcel size 4
05-28 05:15:42.875  1412  1540 I MediaProvider: Deleted 1 items on external_primary due to com.android.shell
05-28 05:15:42.902  7302  7304 I cmd     : oneway function results will be dropped but finished with status OK and parcel size 4
05-28 05:15:43.020   158   158 I hwservicemanager: getTransport: Cannot find entry android.hardware.graphics.mapper@4.0::IMapper/default in either framework or device manifest.
05-28 05:15:43.020  7324  7324 I Gralloc4: mapper 4.x is not supported
05-28 05:15:43.084  1412  1540 I MediaProvider: Deleted 1 items on external_primary due to com.android.shell
05-28 05:15:43.109  7339  7341 I cmd     : oneway function results will be dropped but finished with status OK and parcel size 4
05-28 05:15:43.157  7354  7356 I cmd     : oneway function results will be dropped but finished with status OK and parcel size 4
05-28 05:15:43.203  7369  7371 I cmd     : oneway function results will be dropped but finished with status OK and parcel size 4
05-28 05:15:43.248  7384  7386 I cmd     : oneway function results will be dropped but finished with status OK and parcel size 4
05-28 05:15:43.321  7396  7396 E libc    : Access denied finding property "persist.device_config.runtime_native_boot.profilebootclasspath"
05-28 05:15:43.321  7396  7396 E libc    : Access denied finding property "persist.device_config.runtime_native_boot.enable_apex_image"
05-28 05:15:43.321  7396  7396 I AndroidRuntime: Using default boot image
05-28 05:15:43.321  7396  7396 E libc    : Access denied finding property "persist.device_config.runtime_native_boot.disable_lock_profiling"
05-28 05:15:43.321  7396  7396 I AndroidRuntime: Leaving lock profiling enabled
05-28 05:15:43.322  7396  7396 E libc    : Access denied finding property "persist.device_config.runtime_native_boot.enable_generational_cc"
05-28 05:15:43.322  7396  7396 I app_process: Core platform API reporting enabled, enforcing=false
05-28 05:15:43.316  7396  7396 W app_process: type=1400 audit(0.0:146): avc: denied { read } for name="u:object_r:device_config_runtime_native_boot_prop:s0" dev="tmpfs" ino=506 scontext=u:r:shell:s0 tcontext=u:object_r:device_config_runtime_native_boot_prop:s0 tclass=file permissive=0
05-28 05:15:43.358  7396  7396 W app_process: Unexpected CPU variant for X86 using defaults: x86_64
05-28 05:15:43.359  7396  7396 I app_process: The ClassLoaderContext is a special shared library.
05-28 05:15:43.365  7396  7396 W app_process: JNI RegisterNativeMethods: attempt to register 0 native methods for android.media.AudioAttributes
05-28 05:15:44.504  1412  1925 E SQLiteDatabase: Error inserting format=12289 owner_package_name=null parent=-1 volume_name=internal date_modified=1683213674 _display_name=ringtones _data=/product/media/audio/ringtones is_download=0 relative_path=null
05-28 05:15:44.504  1412  1925 E SQLiteDatabase: android.database.sqlite.SQLiteDatabaseLockedException: database is locked (code 5 SQLITE_BUSY)
05-28 05:15:44.504  1412  1925 E SQLiteDatabase: 	at android.database.sqlite.SQLiteConnection.nativeExecuteForLastInsertedRowId(Native Method)
05-28 05:15:44.504  1412  1925 E SQLiteDatabase: 	at android.database.sqlite.SQLiteConnection.executeForLastInsertedRowId(SQLiteConnection.java:938)
05-28 05:15:44.504  1412  1925 E SQLiteDatabase: 	at android.database.sqlite.SQLiteSession.executeForLastInsertedRowId(SQLiteSession.java:790)
05-28 05:15:44.504  1412  1925 E SQLiteDatabase: 	at android.database.sqlite.SQLiteStatement.executeInsert(SQLiteStatement.java:88)
05-28 05:15:44.504  1412  1925 E SQLiteDatabase: 	at android.database.sqlite.SQLiteDatabase.insertWithOnConflict(SQLiteDatabase.java:1701)
05-28 05:15:44.504  1412  1925 E SQLiteDatabase: 	at android.database.sqlite.SQLiteDatabase.insert(SQLiteDatabase.java:1570)
05-28 05:15:44.504  1412  1925 E SQLiteDatabase: 	at com.android.providers.media.MediaProvider.insertDirectory(MediaProvider.java:2773)
05-28 05:15:44.504  1412  1925 E SQLiteDatabase: 	at com.android.providers.media.MediaProvider.getParent(MediaProvider.java:2794)
05-28 05:15:44.504  1412  1925 E SQLiteDatabase: 	at com.android.providers.media.MediaProvider.lambda$insertAllowingUpsert$14(MediaProvider.java:3060)
05-28 05:15:44.504  1412  1925 E SQLiteDatabase: 	at com.android.providers.media.MediaProvider.lambda$insertAllowingUpsert$14$MediaProvider(Unknown Source:0)
05-28 05:15:44.504  1412  1925 E SQLiteDatabase: 	at com.android.providers.media.-$$Lambda$MediaProvider$FjHWs2-fjgG761OzVFzdTX4EWZg.apply(Unknown Source:13)
05-28 05:15:44.504  1412  1925 E SQLiteDatabase: 	at com.android.providers.media.DatabaseHelper.runWithTransaction(DatabaseHelper.java:555)
05-28 05:15:44.504  1412  1925 E SQLiteDatabase: 	at com.android.providers.media.MediaProvider.insertAllowingUpsert(MediaProvider.java:3056)
05-28 05:15:44.504  1412  1925 E SQLiteDatabase: 	at com.android.providers.media.MediaProvider.insertFile(MediaProvider.java:3038)
05-28 05:15:44.504  1412  1925 E SQLiteDatabase: 	at com.android.providers.media.MediaProvider.insertInternal(MediaProvider.java:3470)
05-28 05:15:44.504  1412  1925 E SQLiteDatabase: 	at com.android.providers.media.MediaProvider.insert(MediaProvider.java:3198)
05-28 05:15:44.504  1412  1925 E SQLiteDatabase: 	at android.content.ContentProviderOperation.applyInternal(ContentProviderOperation.java:375)
05-28 05:15:44.504  1412  1925 E SQLiteDatabase: 	at android.content.ContentProviderOperation.apply(ContentProviderOperation.java:347)
05-28 05:15:44.504  1412  1925 E SQLiteDatabase: 	at android.content.ContentProvider.applyBatch(ContentProvider.java:2422)
05-28 05:15:44.504  1412  1925 E SQLiteDatabase: 	at com.android.providers.media.MediaProvider.applyBatch(MediaProvider.java:3522)
05-28 05:15:44.504  1412  1925 E SQLiteDatabase: 	at android.content.ContentProvider.applyBatch(ContentProvider.java:2413)
05-28 05:15:44.504  1412  1925 E SQLiteDatabase: 	at android.content.ContentResolver.applyBatch(ContentResolver.java:2186)
05-28 05:15:44.504  1412  1925 E SQLiteDatabase: 	at com.android.providers.media.scan.ModernMediaScanner$Scan.applyPending(ModernMediaScanner.java:699)
05-28 05:15:44.504  1412  1925 E SQLiteDatabase: 	at com.android.providers.media.scan.ModernMediaScanner$Scan.maybeApplyPending(ModernMediaScanner.java:689)
05-28 05:15:44.504  1412  1925 E SQLiteDatabase: 	at com.android.providers.media.scan.ModernMediaScanner$Scan.visitFile(ModernMediaScanner.java:649)
05-28 05:15:44.504  1412  1925 E SQLiteDatabase: 	at com.android.providers.media.scan.ModernMediaScanner$Scan.visitFile(ModernMediaScanner.java:272)
05-28 05:15:44.504  1412  1925 E SQLiteDatabase: 	at java.nio.file.Files.walkFileTree(Files.java:2670)
05-28 05:15:44.504  1412  1925 E SQLiteDatabase: 	at java.nio.file.Files.walkFileTree(Files.java:2742)
05-28 05:15:44.504  1412  1925 E SQLiteDatabase: 	at com.android.providers.media.scan.ModernMediaScanner$Scan.walkFileTree(ModernMediaScanner.java:366)
05-28 05:15:44.504  1412  1925 E SQLiteDatabase: 	at com.android.providers.media.scan.ModernMediaScanner$Scan.run(ModernMediaScanner.java:329)
05-28 05:15:44.504  1412  1925 E SQLiteDatabase: 	at com.android.providers.media.scan.ModernMediaScanner.scanDirectory(ModernMediaScanner.java:226)
05-28 05:15:44.504  1412  1925 E SQLiteDatabase: 	at com.android.providers.media.MediaProvider.scanDirectory(MediaProvider.java:1111)
05-28 05:15:44.504  1412  1925 E SQLiteDatabase: 	at com.android.providers.media.MediaService.onScanVolume(MediaService.java:148)
05-28 05:15:44.504  1412  1925 E SQLiteDatabase: 	at com.android.providers.media.MediaService.onScanVolume(MediaService.java:117)
05-28 05:15:44.504  1412  1925 E SQLiteDatabase: 	at com.android.providers.media.MediaService.onScanVolume(MediaService.java:108)
05-28 05:15:44.504  1412  1925 E SQLiteDatabase: 	at com.android.providers.media.MediaService.onHandleWork(MediaService.java:71)
05-28 05:15:44.504  1412  1925 E SQLiteDatabase: 	at androidx.core.app.JobIntentService$CommandProcessor.doInBackground(JobIntentService.java:391)
05-28 05:15:44.504  1412  1925 E SQLiteDatabase: 	at androidx.core.app.JobIntentService$CommandProcessor.doInBackground(JobIntentService.java:382)
05-28 05:15:44.504  1412  1925 E SQLiteDatabase: 	at android.os.AsyncTask$3.call(AsyncTask.java:394)
05-28 05:15:44.504  1412  1925 E SQLiteDatabase: 	at java.util.concurrent.FutureTask.run(FutureTask.java:266)
05-28 05:15:44.504  1412  1925 E SQLiteDatabase: 	at java.util.concurrent.ThreadPoolExecutor.runWorker(ThreadPoolExecutor.java:1167)
05-28 05:15:44.504  1412  1925 E SQLiteDatabase: 	at java.util.concurrent.ThreadPoolExecutor$Worker.run(ThreadPoolExecutor.java:641)
05-28 05:15:44.504  1412  1925 E SQLiteDatabase: 	at java.lang.Thread.run(Thread.java:923)
05-28 05:15:45.372   158   158 I hwservicemanager: getTransport: Cannot find entry android.hardware.graphics.mapper@4.0::IMapper/default in either framework or device manifest.
05-28 05:15:45.372  7425  7425 I Gralloc4: mapper 4.x is not supported
05-28 05:15:45.417  7429  7431 I cmd     : oneway function results will be dropped but finished with status OK and parcel size 4
05-28 05:15:45.480  1412  2579 I MediaProvider: Deleted 1 items on external_primary due to com.android.shell
05-28 05:15:45.506  7440  7442 I cmd     : oneway function results will be dropped but finished with status OK and parcel size 4
05-28 05:15:45.642   158   158 I hwservicemanager: getTransport: Cannot find entry android.hardware.graphics.mapper@4.0::IMapper/default in either framework or device manifest.
05-28 05:15:45.642  7462  7462 I Gralloc4: mapper 4.x is not supported
05-28 05:15:45.708  1412  1539 I MediaProvider: Deleted 1 items on external_primary due to com.android.shell
05-28 05:15:45.732  7477  7479 I cmd     : oneway function results will be dropped but finished with status OK and parcel size 4
05-28 05:15:45.841   158   158 I hwservicemanager: getTransport: Cannot find entry android.hardware.graphics.mapper@4.0::IMapper/default in either framework or device manifest.
05-28 05:15:45.841  7499  7499 I Gralloc4: mapper 4.x is not supported
05-28 05:15:45.892  7505  7507 I cmd     : oneway function results will be dropped but finished with status OK and parcel size 4
05-28 05:15:45.914  1412  1540 I MediaProvider: Deleted 1 items on external_primary due to com.android.shell
05-28 05:15:45.939  7516  7518 I cmd     : oneway function results will be dropped but finished with status OK and parcel size 4
05-28 05:15:45.987  7531  7533 I cmd     : oneway function results will be dropped but finished with status OK and parcel size 4
05-28 05:15:46.032  7546  7548 I cmd     : oneway function results will be dropped but finished with status OK and parcel size 4
05-28 05:15:46.078  7561  7563 I cmd     : oneway function results will be dropped but finished with status OK and parcel size 4
05-28 05:15:46.150  7573  7573 E libc    : Access denied finding property "persist.device_config.runtime_native_boot.profilebootclasspath"
05-28 05:15:46.150  7573  7573 E libc    : Access denied finding property "persist.device_config.runtime_native_boot.enable_apex_image"
05-28 05:15:46.150  7573  7573 I AndroidRuntime: Using default boot image
05-28 05:15:46.150  7573  7573 E libc    : Access denied finding property "persist.device_config.runtime_native_boot.disable_lock_profiling"
05-28 05:15:46.150  7573  7573 I AndroidRuntime: Leaving lock profiling enabled
05-28 05:15:46.150  7573  7573 E libc    : Access denied finding property "persist.device_config.runtime_native_boot.enable_generational_cc"
05-28 05:15:46.151  7573  7573 I app_process: Core platform API reporting enabled, enforcing=false
05-28 05:15:46.144  7573  7573 W app_process: type=1400 audit(0.0:150): avc: denied { read } for name="u:object_r:device_config_runtime_native_boot_prop:s0" dev="tmpfs" ino=506 scontext=u:r:shell:s0 tcontext=u:object_r:device_config_runtime_native_boot_prop:s0 tclass=file permissive=0
05-28 05:15:46.187  7573  7573 W app_process: Unexpected CPU variant for X86 using defaults: x86_64
05-28 05:15:46.188  7573  7573 I app_process: The ClassLoaderContext is a special shared library.
05-28 05:15:46.194  7573  7573 W app_process: JNI RegisterNativeMethods: attempt to register 0 native methods for android.media.AudioAttributes
05-28 05:15:48.202   158   158 I hwservicemanager: getTransport: Cannot find entry android.hardware.graphics.mapper@4.0::IMapper/default in either framework or device manifest.
05-28 05:15:48.202  7602  7602 I Gralloc4: mapper 4.x is not supported
05-28 05:15:48.245  7606  7608 I cmd     : oneway function results will be dropped but finished with status OK and parcel size 4
05-28 05:15:48.308  1412  2579 I MediaProvider: Deleted 1 items on external_primary due to com.android.shell
05-28 05:15:48.445   158   158 I hwservicemanager: getTransport: Cannot find entry android.hardware.graphics.mapper@4.0::IMapper/default in either framework or device manifest.
05-28 05:15:48.445  7639  7639 I Gralloc4: mapper 4.x is not supported
05-28 05:15:48.549  1412  1539 I MediaProvider: Deleted 1 items on external_primary due to com.android.shell
05-28 05:15:48.575  7654  7656 I cmd     : oneway function results will be dropped but finished with status OK and parcel size 4
05-28 05:15:48.686   158   158 I hwservicemanager: getTransport: Cannot find entry android.hardware.graphics.mapper@4.0::IMapper/default in either framework or device manifest.
05-28 05:15:48.686  7676  7676 I Gralloc4: mapper 4.x is not supported
05-28 05:15:48.750  1412  2579 I MediaProvider: Deleted 1 items on external_primary due to com.android.shell
05-28 05:15:48.822  7706  7708 I cmd     : oneway function results will be dropped but finished with status OK and parcel size 4
05-28 05:15:48.870  7721  7723 I cmd     : oneway function results will be dropped but finished with status OK and parcel size 4
05-28 05:15:48.918  7736  7738 I cmd     : oneway function results will be dropped but finished with status OK and parcel size 4
05-28 05:15:49.010  7750  7750 E libc    : Access denied finding property "persist.device_config.runtime_native_boot.profilebootclasspath"
05-28 05:15:49.010  7750  7750 E libc    : Access denied finding property "persist.device_config.runtime_native_boot.enable_apex_image"
05-28 05:15:49.010  7750  7750 I AndroidRuntime: Using default boot image
05-28 05:15:49.010  7750  7750 E libc    : Access denied finding property "persist.device_config.runtime_native_boot.disable_lock_profiling"
05-28 05:15:49.010  7750  7750 I AndroidRuntime: Leaving lock profiling enabled
05-28 05:15:49.011  7750  7750 E libc    : Access denied finding property "persist.device_config.runtime_native_boot.enable_generational_cc"
05-28 05:15:49.012  7750  7750 I app_process: Core platform API reporting enabled, enforcing=false
05-28 05:15:49.004  7750  7750 W app_process: type=1400 audit(0.0:154): avc: denied { read } for name="u:object_r:device_config_runtime_native_boot_prop:s0" dev="tmpfs" ino=506 scontext=u:r:shell:s0 tcontext=u:object_r:device_config_runtime_native_boot_prop:s0 tclass=file permissive=0
05-28 05:15:49.047  7750  7750 W app_process: Unexpected CPU variant for X86 using defaults: x86_64
05-28 05:15:49.048  7750  7750 I app_process: The ClassLoaderContext is a special shared library.
05-28 05:15:49.053  7750  7750 W app_process: JNI RegisterNativeMethods: attempt to register 0 native methods for android.media.AudioAttributes
05-28 05:15:51.080   158   158 I hwservicemanager: getTransport: Cannot find entry android.hardware.graphics.mapper@4.0::IMapper/default in either framework or device manifest.
05-28 05:15:51.080  7779  7779 I Gralloc4: mapper 4.x is not supported
05-28 05:15:51.144  1412  1540 I MediaProvider: Deleted 1 items on external_primary due to com.android.shell
05-28 05:15:51.170  7794  7796 I cmd     : oneway function results will be dropped but finished with status OK and parcel size 4
05-28 05:15:51.288   158   158 I hwservicemanager: getTransport: Cannot find entry android.hardware.graphics.mapper@4.0::IMapper/default in either framework or device manifest.
05-28 05:15:51.288  7816  7816 I Gralloc4: mapper 4.x is not supported
05-28 05:15:51.334  7820  7822 I cmd     : oneway function results will be dropped but finished with status OK and parcel size 4
05-28 05:15:51.355  1412  1539 I MediaProvider: Deleted 1 items on external_primary due to com.android.shell
05-28 05:15:51.380  7831  7833 I cmd     : oneway function results will be dropped but finished with status OK and parcel size 4
05-28 05:15:51.490   158   158 I hwservicemanager: getTransport: Cannot find entry android.hardware.graphics.mapper@4.0::IMapper/default in either framework or device manifest.
05-28 05:15:51.490  7853  7853 I Gralloc4: mapper 4.x is not supported
05-28 05:15:51.554  1412  2579 I MediaProvider: Deleted 1 items on external_primary due to com.android.shell
05-28 05:15:51.575  1412  1925 E SQLiteDatabase: Error inserting format=12289 owner_package_name=null parent=-1 volume_name=internal date_modified=1683216921 _display_name=product _data=/product is_download=0 relative_path=null
05-28 05:15:51.575  1412  1925 E SQLiteDatabase: android.database.sqlite.SQLiteDatabaseLockedException: database is locked (code 5 SQLITE_BUSY)
05-28 05:15:51.575  1412  1925 E SQLiteDatabase: 	at android.database.sqlite.SQLiteConnection.nativeExecuteForLastInsertedRowId(Native Method)
05-28 05:15:51.575  1412  1925 E SQLiteDatabase: 	at android.database.sqlite.SQLiteConnection.executeForLastInsertedRowId(SQLiteConnection.java:938)
05-28 05:15:51.575  1412  1925 E SQLiteDatabase: 	at android.database.sqlite.SQLiteSession.executeForLastInsertedRowId(SQLiteSession.java:790)
05-28 05:15:51.575  1412  1925 E SQLiteDatabase: 	at android.database.sqlite.SQLiteStatement.executeInsert(SQLiteStatement.java:88)
05-28 05:15:51.575  1412  1925 E SQLiteDatabase: 	at android.database.sqlite.SQLiteDatabase.insertWithOnConflict(SQLiteDatabase.java:1701)
05-28 05:15:51.575  1412  1925 E SQLiteDatabase: 	at android.database.sqlite.SQLiteDatabase.insert(SQLiteDatabase.java:1570)
05-28 05:15:51.575  1412  1925 E SQLiteDatabase: 	at com.android.providers.media.MediaProvider.insertDirectory(MediaProvider.java:2773)
05-28 05:15:51.575  1412  1925 E SQLiteDatabase: 	at com.android.providers.media.MediaProvider.getParent(MediaProvider.java:2794)
05-28 05:15:51.575  1412  1925 E SQLiteDatabase: 	at com.android.providers.media.MediaProvider.insertDirectory(MediaProvider.java:2763)
05-28 05:15:51.575  1412  1925 E SQLiteDatabase: 	at com.android.providers.media.MediaProvider.getParent(MediaProvider.java:2794)
05-28 05:15:51.575  1412  1925 E SQLiteDatabase: 	at com.android.providers.media.MediaProvider.insertDirectory(MediaProvider.java:2763)
05-28 05:15:51.575  1412  1925 E SQLiteDatabase: 	at com.android.providers.media.MediaProvider.getParent(MediaProvider.java:2794)
05-28 05:15:51.575  1412  1925 E SQLiteDatabase: 	at com.android.providers.media.MediaProvider.insertDirectory(MediaProvider.java:2763)
05-28 05:15:51.575  1412  1925 E SQLiteDatabase: 	at com.android.providers.media.MediaProvider.getParent(MediaProvider.java:2794)
05-28 05:15:51.575  1412  1925 E SQLiteDatabase: 	at com.android.providers.media.MediaProvider.lambda$insertAllowingUpsert$14(MediaProvider.java:3060)
05-28 05:15:51.575  1412  1925 E SQLiteDatabase: 	at com.android.providers.media.MediaProvider.lambda$insertAllowingUpsert$14$MediaProvider(Unknown Source:0)
05-28 05:15:51.575  1412  1925 E SQLiteDatabase: 	at com.android.providers.media.-$$Lambda$MediaProvider$FjHWs2-fjgG761OzVFzdTX4EWZg.apply(Unknown Source:13)
