05-28 05:14:52.417  2685  2815 I System.out: -> x-android-sent-millis: 1779945292400
05-28 05:14:52.417  2685  2815 I System.out: -> x-cache: HIT
05-28 05:14:52.417  2685  2815 I System.out: -> x-cache-hits: 0
05-28 05:14:52.417  2685  2815 I System.out: -> x-cloud-trace-context: 086a6c9f1354eb6728425728e2707f3c
05-28 05:14:52.417  2685  2815 I System.out: -> x-country-code: US
05-28 05:14:52.417  2685  2815 I System.out: -> x-orig-accept-language: en-US,en;q=0.9
05-28 05:14:52.417  2685  2815 I System.out: -> x-pokeapi-deploy-date: 1778644762
05-28 05:14:52.417  2685  2815 I System.out: -> x-pokeapi-hash: 492fd4f01858c6c16375b935ba1c3cafb0a88d28
05-28 05:14:52.417  2685  2815 I System.out: -> x-powered-by: Express
05-28 05:14:52.417  2685  2815 I System.out: -> x-served-by: cache-sjc1000133-SJC
05-28 05:14:52.417  2685  2815 I System.out: -> x-timer: S1779868250.437405,VS0,VE1
05-28 05:14:52.417  2685  2815 I System.out: BODY Content-Type: application/json; charset=utf-8
05-28 05:14:52.417  2685  2815 I System.out: BODY START
05-28 05:14:52.417  2685  2815 I System.out: {"count":1350,"next":"https://pokeapi.co/api/v2/pokemon?offset=20&limit=20","previous":null,"results":[{"name":"bulbasaur","url":"https://pokeapi.co/api/v2/pokemon/1/"},{"name":"ivysaur","url":"https://pokeapi.co/api/v2/pokemon/2/"},{"name":"venusaur","url":"https://pokeapi.co/api/v2/pokemon/3/"},{"name":"charmander","url":"https://pokeapi.co/api/v2/pokemon/4/"},{"name":"charmeleon","url":"https://pokeapi.co/api/v2/pokemon/5/"},{"name":"charizard","url":"https://pokeapi.co/api/v2/pokemon/6/"},{"name":"squirtle","url":"https://pokeapi.co/api/v2/pokemon/7/"},{"name":"wartortle","url":"https://pokeapi.co/api/v2/pokemon/8/"},{"name":"blastoise","url":"https://pokeapi.co/api/v2/pokemon/9/"},{"name":"caterpie","url":"https://pokeapi.co/api/v2/pokemon/10/"},{"name":"metapod","url":"https://pokeapi.co/api/v2/pokemon/11/"},{"name":"butterfree","url":"https://pokeapi.co/api/v2/pokemon/12/"},{"name":"weedle","url":"https://pokeapi.co/api/v2/pokemon/13/"},{"name":"kakuna","url":"https://pokeapi.co/api/v2/pokemon/14/"},{"name":"beedrill","url":"https://pokeapi.co/api/v2/pokemon/15/"},{"name":"pidgey","url":"https://pokeapi.co/api/v2/pokemon/16/"},{"name":"pidgeotto","url":"https://pokeapi.co/api/v2/pokemon/17/"},{"name":"pidgeot","url":"https://pokeapi.co/api/v2/pokemon/18/"},{"name":"rattata","url":"https://pokeapi.co/api/v2/pokemon/19/"},{"name":"raticate","url":"https://pokeapi.co/api/v2/pokemon/20/"}]}
05-28 05:14:52.417  2685  2815 I System.out: BODY END
05-28 05:14:53.560   158   158 I hwservicemanager: getTransport: Cannot find entry android.hardware.graphics.mapper@4.0::IMapper/default in either framework or device manifest.
05-28 05:14:53.560  3699  3699 I Gralloc4: mapper 4.x is not supported
05-28 05:14:53.613   506  1826 I ActivityManager: Killing 2039:com.android.camera2/u0a109 (adj 985): empty #17
05-28 05:14:53.618   281   281 I Zygote  : Process 2039 exited due to signal 9 (Killed)
05-28 05:14:53.636  1412  1539 I MediaProvider: Deleted 1 items on external_primary due to com.android.shell
05-28 05:14:53.651   506   550 I libprocessgroup: Successfully killed process cgroup uid 10109 pid 2039 in 35ms
05-28 05:14:53.661  3714  3716 I cmd     : oneway function results will be dropped but finished with status OK and parcel size 4
05-28 05:14:53.772  1412  1925 E SQLiteDatabase: Error inserting format=12289 owner_package_name=null parent=-1 volume_name=internal date_modified=1683213674 _display_name=media _data=/product/media is_download=0 relative_path=null
05-28 05:14:53.772  1412  1925 E SQLiteDatabase: android.database.sqlite.SQLiteDatabaseLockedException: database is locked (code 5 SQLITE_BUSY)
05-28 05:14:53.772  1412  1925 E SQLiteDatabase: 	at android.database.sqlite.SQLiteConnection.nativeExecuteForLastInsertedRowId(Native Method)
05-28 05:14:53.772  1412  1925 E SQLiteDatabase: 	at android.database.sqlite.SQLiteConnection.executeForLastInsertedRowId(SQLiteConnection.java:938)
05-28 05:14:53.772  1412  1925 E SQLiteDatabase: 	at android.database.sqlite.SQLiteSession.executeForLastInsertedRowId(SQLiteSession.java:790)
05-28 05:14:53.772  1412  1925 E SQLiteDatabase: 	at android.database.sqlite.SQLiteStatement.executeInsert(SQLiteStatement.java:88)
05-28 05:14:53.772  1412  1925 E SQLiteDatabase: 	at android.database.sqlite.SQLiteDatabase.insertWithOnConflict(SQLiteDatabase.java:1701)
05-28 05:14:53.772  1412  1925 E SQLiteDatabase: 	at android.database.sqlite.SQLiteDatabase.insert(SQLiteDatabase.java:1570)
05-28 05:14:53.772  1412  1925 E SQLiteDatabase: 	at com.android.providers.media.MediaProvider.insertDirectory(MediaProvider.java:2773)
05-28 05:14:53.772  1412  1925 E SQLiteDatabase: 	at com.android.providers.media.MediaProvider.getParent(MediaProvider.java:2794)
05-28 05:14:53.772  1412  1925 E SQLiteDatabase: 	at com.android.providers.media.MediaProvider.lambda$insertAllowingUpsert$14(MediaProvider.java:3060)
05-28 05:14:53.772  1412  1925 E SQLiteDatabase: 	at com.android.providers.media.MediaProvider.lambda$insertAllowingUpsert$14$MediaProvider(Unknown Source:0)
05-28 05:14:53.772  1412  1925 E SQLiteDatabase: 	at com.android.providers.media.-$$Lambda$MediaProvider$FjHWs2-fjgG761OzVFzdTX4EWZg.apply(Unknown Source:13)
05-28 05:14:53.772  1412  1925 E SQLiteDatabase: 	at com.android.providers.media.DatabaseHelper.runWithTransaction(DatabaseHelper.java:555)
05-28 05:14:53.772  1412  1925 E SQLiteDatabase: 	at com.android.providers.media.MediaProvider.insertAllowingUpsert(MediaProvider.java:3056)
05-28 05:14:53.772  1412  1925 E SQLiteDatabase: 	at com.android.providers.media.MediaProvider.insertFile(MediaProvider.java:3038)
05-28 05:14:53.772  1412  1925 E SQLiteDatabase: 	at com.android.providers.media.MediaProvider.insertInternal(MediaProvider.java:3470)
05-28 05:14:53.772  1412  1925 E SQLiteDatabase: 	at com.android.providers.media.MediaProvider.insert(MediaProvider.java:3198)
05-28 05:14:53.772  1412  1925 E SQLiteDatabase: 	at android.content.ContentProviderOperation.applyInternal(ContentProviderOperation.java:375)
05-28 05:14:53.772  1412  1925 E SQLiteDatabase: 	at android.content.ContentProviderOperation.apply(ContentProviderOperation.java:347)
05-28 05:14:53.772  1412  1925 E SQLiteDatabase: 	at android.content.ContentProvider.applyBatch(ContentProvider.java:2422)
05-28 05:14:53.772  1412  1925 E SQLiteDatabase: 	at com.android.providers.media.MediaProvider.applyBatch(MediaProvider.java:3522)
05-28 05:14:53.772  1412  1925 E SQLiteDatabase: 	at android.content.ContentProvider.applyBatch(ContentProvider.java:2413)
05-28 05:14:53.772  1412  1925 E SQLiteDatabase: 	at android.content.ContentResolver.applyBatch(ContentResolver.java:2186)
05-28 05:14:53.772  1412  1925 E SQLiteDatabase: 	at com.android.providers.media.scan.ModernMediaScanner$Scan.applyPending(ModernMediaScanner.java:699)
05-28 05:14:53.772  1412  1925 E SQLiteDatabase: 	at com.android.providers.media.scan.ModernMediaScanner$Scan.maybeApplyPending(ModernMediaScanner.java:689)
05-28 05:14:53.772  1412  1925 E SQLiteDatabase: 	at com.android.providers.media.scan.ModernMediaScanner$Scan.visitFile(ModernMediaScanner.java:649)
05-28 05:14:53.772  1412  1925 E SQLiteDatabase: 	at com.android.providers.media.scan.ModernMediaScanner$Scan.visitFile(ModernMediaScanner.java:272)
05-28 05:14:53.772  1412  1925 E SQLiteDatabase: 	at java.nio.file.Files.walkFileTree(Files.java:2670)
05-28 05:14:53.772  1412  1925 E SQLiteDatabase: 	at java.nio.file.Files.walkFileTree(Files.java:2742)
05-28 05:14:53.772  1412  1925 E SQLiteDatabase: 	at com.android.providers.media.scan.ModernMediaScanner$Scan.walkFileTree(ModernMediaScanner.java:366)
05-28 05:14:53.772  1412  1925 E SQLiteDatabase: 	at com.android.providers.media.scan.ModernMediaScanner$Scan.run(ModernMediaScanner.java:329)
05-28 05:14:53.772  1412  1925 E SQLiteDatabase: 	at com.android.providers.media.scan.ModernMediaScanner.scanDirectory(ModernMediaScanner.java:226)
05-28 05:14:53.772  1412  1925 E SQLiteDatabase: 	at com.android.providers.media.MediaProvider.scanDirectory(MediaProvider.java:1111)
05-28 05:14:53.772  1412  1925 E SQLiteDatabase: 	at com.android.providers.media.MediaService.onScanVolume(MediaService.java:148)
05-28 05:14:53.772  1412  1925 E SQLiteDatabase: 	at com.android.providers.media.MediaService.onScanVolume(MediaService.java:117)
05-28 05:14:53.772  1412  1925 E SQLiteDatabase: 	at com.android.providers.media.MediaService.onScanVolume(MediaService.java:108)
05-28 05:14:53.772  1412  1925 E SQLiteDatabase: 	at com.android.providers.media.MediaService.onHandleWork(MediaService.java:71)
05-28 05:14:53.772  1412  1925 E SQLiteDatabase: 	at androidx.core.app.JobIntentService$CommandProcessor.doInBackground(JobIntentService.java:391)
05-28 05:14:53.772  1412  1925 E SQLiteDatabase: 	at androidx.core.app.JobIntentService$CommandProcessor.doInBackground(JobIntentService.java:382)
05-28 05:14:53.772  1412  1925 E SQLiteDatabase: 	at android.os.AsyncTask$3.call(AsyncTask.java:394)
05-28 05:14:53.772  1412  1925 E SQLiteDatabase: 	at java.util.concurrent.FutureTask.run(FutureTask.java:266)
05-28 05:14:53.772  1412  1925 E SQLiteDatabase: 	at java.util.concurrent.ThreadPoolExecutor.runWorker(ThreadPoolExecutor.java:1167)
05-28 05:14:53.772  1412  1925 E SQLiteDatabase: 	at java.util.concurrent.ThreadPoolExecutor$Worker.run(ThreadPoolExecutor.java:641)
05-28 05:14:53.772  1412  1925 E SQLiteDatabase: 	at java.lang.Thread.run(Thread.java:923)
05-28 05:14:53.781   158   158 I hwservicemanager: getTransport: Cannot find entry android.hardware.graphics.mapper@4.0::IMapper/default in either framework or device manifest.
05-28 05:14:53.781  3736  3736 I Gralloc4: mapper 4.x is not supported
05-28 05:14:53.860  1412  2579 I MediaProvider: Deleted 1 items on external_primary due to com.android.shell
05-28 05:14:53.884  3751  3753 I cmd     : oneway function results will be dropped but finished with status OK and parcel size 4
05-28 05:14:54.002   158   158 I hwservicemanager: getTransport: Cannot find entry android.hardware.graphics.mapper@4.0::IMapper/default in either framework or device manifest.
05-28 05:14:54.002  3774  3774 I Gralloc4: mapper 4.x is not supported
05-28 05:14:54.076  1412  1540 I MediaProvider: Deleted 1 items on external_primary due to com.android.shell
05-28 05:14:54.100  3789  3791 I cmd     : oneway function results will be dropped but finished with status OK and parcel size 4
05-28 05:14:54.147  3804  3806 I cmd     : oneway function results will be dropped but finished with status OK and parcel size 4
05-28 05:14:54.265  3836  3838 I cmd     : oneway function results will be dropped but finished with status OK and parcel size 4
05-28 05:14:54.336  3848  3848 E libc    : Access denied finding property "persist.device_config.runtime_native_boot.profilebootclasspath"
05-28 05:14:54.336  3848  3848 E libc    : Access denied finding property "persist.device_config.runtime_native_boot.enable_apex_image"
05-28 05:14:54.336  3848  3848 I AndroidRuntime: Using default boot image
05-28 05:14:54.336  3848  3848 E libc    : Access denied finding property "persist.device_config.runtime_native_boot.disable_lock_profiling"
05-28 05:14:54.336  3848  3848 I AndroidRuntime: Leaving lock profiling enabled
05-28 05:14:54.337  3848  3848 E libc    : Access denied finding property "persist.device_config.runtime_native_boot.enable_generational_cc"
05-28 05:14:54.338  3848  3848 I app_process: Core platform API reporting enabled, enforcing=false
05-28 05:14:54.332  3848  3848 W app_process: type=1400 audit(0.0:70): avc: denied { read } for name="u:object_r:device_config_runtime_native_boot_prop:s0" dev="tmpfs" ino=506 scontext=u:r:shell:s0 tcontext=u:object_r:device_config_runtime_native_boot_prop:s0 tclass=file permissive=0
05-28 05:14:54.378  3848  3848 W app_process: Unexpected CPU variant for X86 using defaults: x86_64
05-28 05:14:54.379  3848  3848 I app_process: The ClassLoaderContext is a special shared library.
05-28 05:14:54.385  3848  3848 W app_process: JNI RegisterNativeMethods: attempt to register 0 native methods for android.media.AudioAttributes
05-28 05:14:54.611  2685  2827 I System.out: 05:14:54.611 [DefaultDispatcher-worker-10] INFO io.ktor.client.HttpClient - REQUEST: https://pokeapi.co/api/v2/pokemon/bulbasaur
05-28 05:14:54.611  2685  2827 I System.out: METHOD: HttpMethod(value=GET)
05-28 05:14:54.611  2685  2827 I System.out: COMMON HEADERS
05-28 05:14:54.611  2685  2827 I System.out: -> Accept: application/json
05-28 05:14:54.611  2685  2827 I System.out: -> Accept-Charset: UTF-8
05-28 05:14:54.611  2685  2827 I System.out: -> Content-Type: application/json
05-28 05:14:54.611  2685  2827 I System.out: CONTENT HEADERS
05-28 05:14:54.611  2685  2827 I System.out: -> Content-Length: 0
05-28 05:14:54.611  2685  2827 I System.out: BODY Content-Type: null
05-28 05:14:54.611  2685  2827 I System.out: BODY START
05-28 05:14:54.611  2685  2827 I System.out: 
05-28 05:14:54.611  2685  2827 I System.out: BODY END
05-28 05:14:54.769  2685  2813 I System.out: 05:14:54.734 [DefaultDispatcher-worker-2] INFO io.ktor.client.HttpClient - RESPONSE: 200 OK
05-28 05:14:54.769  2685  2813 I System.out: METHOD: HttpMethod(value=GET)
05-28 05:14:54.769  2685  2813 I System.out: FROM: https://pokeapi.co/api/v2/pokemon/bulbasaur
05-28 05:14:54.769  2685  2813 I System.out: COMMON HEADERS
05-28 05:14:54.769  2685  2813 I System.out: -> access-control-allow-origin: *
05-28 05:14:54.769  2685  2813 I System.out: -> access-control-expose-headers: X-PokeAPI-Hash,X-PokeAPI-Deploy-Date
05-28 05:14:54.769  2685  2813 I System.out: -> age: 73061
05-28 05:14:54.769  2685  2813 I System.out: -> alt-svc: h3=":443"; ma=86400
05-28 05:14:54.769  2685  2813 I System.out: -> cache-control: public, max-age=86400, s-maxage=86400
05-28 05:14:54.769  2685  2813 I System.out: -> cf-cache-status: HIT
05-28 05:14:54.769  2685  2813 I System.out: -> cf-ray: a02ac74cab42e16d-SJC
05-28 05:14:54.769  2685  2813 I System.out: -> connection: keep-alive
05-28 05:14:54.769  2685  2813 I System.out: -> content-type: application/json; charset=utf-8
05-28 05:14:54.769  2685  2813 I System.out: -> date: Thu, 28 May 2026 05:14:54 GMT
05-28 05:14:54.769  2685  2813 I System.out: -> etag: W/"41ad6-DjKZLuJ1Lydzi6DxM+a0Oor5Ru0"
05-28 05:14:54.769  2685  2813 I System.out: -> function-execution-id: m6tm7atnyfcd
05-28 05:14:54.769  2685  2813 I System.out: -> nel: {"report_to":"cf-nel","success_fraction":0.0,"max_age":604800}
05-28 05:14:54.769  2685  2813 I System.out: -> report-to: {"group":"cf-nel","max_age":604800,"endpoints":[{"url":"https://a.nel.cloudflare.com/report/v4?s=J4ST7MfPST974Ec953jD%2FSqpQPmoSemYl9Yt%2FYz7FocDIwba5owMaCrrgAvBucHdoIjTIRvOf%2BserPuhfhmZzvFRlPZSdqsxfABwjSQq8t%2Bh8jhXhsfCxiJDQLVP"}]}
05-28 05:14:54.769  2685  2813 I System.out: -> server: cloudflare
05-28 05:14:54.769  2685  2813 I System.out: -> strict-transport-security: max-age=31556926
05-28 05:14:54.769  2685  2813 I System.out: -> transfer-encoding: chunked
05-28 05:14:54.769  2685  2813 I System.out: -> vary: Accept-Encoding,cookie,need-authorization, x-fh-requested-host, accept-encoding
05-28 05:14:54.769  2685  2813 I System.out: -> x-android-received-millis: 1779945294625
05-28 05:14:54.769  2685  2813 I System.out: -> x-android-response-source: NETWORK 200
05-28 05:14:54.769  2685  2813 I System.out: -> x-android-selected-protocol: http/1.1
05-28 05:14:54.769  2685  2813 I System.out: -> x-android-sent-millis: 1779945294614
05-28 05:14:54.769  2685  2813 I System.out: -> x-cache: HIT
05-28 05:14:54.769  2685  2813 I System.out: -> x-cache-hits: 0
05-28 05:14:54.769  2685  2813 I System.out: -> x-cloud-trace-context: c1fdf054490e4650c30750a5c163fa0e
05-28 05:14:54.769  2685  2813 I System.out: -> x-country-code: US
05-28 05:14:54.769  2685  2813 I System.out: -> x-orig-accept-language: en-US
05-28 05:14:54.769  2685  2813 I System.out: -> x-pokeapi-deploy-date: 1777467995
05-28 05:14:54.769  2685  2813 I System.out: -> x-pokeapi-hash: 6465e037c889ae5e3ebe23334ca76e03cd26bba1
05-28 05:14:54.769  2685  2813 I System.out: -> x-powered-by: Express
05-28 05:14:54.769  2685  2813 I System.out: -> x-served-by: cache-bfi-krnt7300060-BFI
05-28 05:14:54.769  2685  2813 I System.out: -> x-timer: S1777709167.134290,VS0,VE348
05-28 05:14:54.769  2685  2813 I System.out: BODY Content-Type: application/json; charset=utf-8
05-28 05:14:54.769  2685  2813 I System.out: BODY START
05-28 05:14:54.776  2685  2813 I System.out: {"abilities":[{"ability":{"name":"overgrow","url":"https://pokeapi.co/api/v2/ability/65/"},"is_hidden":false,"slot":1},{"ability":{"name":"chlorophyll","url":"https://pokeapi.co/api/v2/ability/34/"},"is_hidden":true,"slot":3}],"base_experience":64,"cries":{"latest":"https://raw.githubusercontent.com/PokeAPI/cries/main/cries/pokemon/latest/1.ogg","legacy":"https://raw.githubusercontent.com/PokeAPI/cries/main/cries/pokemon/legacy/1.ogg"},"forms":[{"name":"bulbasaur","url":"https://pokeapi.co/api/v2/pokemon-form/1/"}],"game_indices":[{"game_index":153,"version":{"name":"red","url":"https://pokeapi.co/api/v2/version/1/"}},{"game_index":153,"version":{"name":"blue","url":"https://pokeapi.co/api/v2/version/2/"}},{"game_index":153,"version":{"name":"yellow","url":"https://pokeapi.co/api/v2/version/3/"}},{"game_index":1,"version":{"name":"gold","url":"https://pokeapi.co/api/v2/version/4/"}},{"game_index":1,"version":{"name":"silver","url":"https://pokeapi.co/api/v2/version/5/"}},{"game_index":1,"version":{"name":"crystal","url":"https://pokeapi.co/api/v2/version/6/"}},{"game_index":1,"version":{"name":"ruby","url":"https://pokeapi.co/api/v2/version/7/"}},{"game_index":1,"version":{"name":"sapphire","url":"https://pokeapi.co/api/v2/version/8/"}},{"game_index":1,"version":{"name":"emerald","url":"https://pokeapi.co/api/v2/version/9/"}},{"game_index":1,"version":{"name":"firered","url":"https://pokeapi.co/api/v2/version/10/"}},{"game_index":1,"version":{"name":"leafgreen","url":"https://pokeapi.co/api/v2/version/11/"}},{"game_index":1,"version":{"name":"diamond","url":"https://pokeapi.co/api/v2/version/12/"}},{"game_index":1,"version":{"name":"pearl","url":"https://pokeapi.co/api/v2/version/13/"}},{"game_index":1,"version":{"name":"platinum","url":"https://pokeapi.co/api/v2/version/14/"}},{"game_index":1,"version":{"name":"heartgold","url":"https://pokeapi.co/api/v2/version/15/"}},{"game_index":1,"version":{"name":"soulsilver","url":"https://pokeapi.co/api/v2/version/16/"}},{"game_index":1,"version":{"name":"black","url":"https://pokeapi.co/api/v2/version/17/"}},{"game_index":1,"version":{"name":"white","url":"https://pokeapi.co/api/v2/version/18/"}},{"game_index":1,"version":{"name":"black-2","url":"https://pokeapi.co/api/v2/version/21/"}},{"game_index":1,"version":{"name":"white-2","url":"https://pokeapi.co/api/v2/version/22/"}}],"height":7,"held_items":[],"id":1,"is_default":true,"location_area_encounters":"https://pokeapi.co/api/v2/pokemon/1/encounters","moves":[{"move":{"name":"razor-wind","url":"https://pokeapi.co/api/v2/move/13/"},"version_group_details":[{"level_learned_at":0,"move_learn_method":{"name":"egg","url":"https://pokeapi.co/api/v2/move-learn-method/2/"},"order":null,"version_group":{"name":"gold-silver","url":"https://pokeapi.co/api/v2/version-group/3/"}},{"level_learned_at":0,"move_learn_method":{"name":"egg","url":"https://pokeapi.co/api/v2/move-learn-method/2/"},"order":null,"version_group":{"name":"crystal","url":"https://pokeapi.co/api/v2/version-group/4/"}}]},{"move":{"name":"swords-dance","url":"https://pokeapi.co/api/v2/move/14/"},"version_group_details":[{"level_learned_at":0,"move_learn_method":{"name":"machine","url":"https://pokeapi.co/api/v2/move-learn-method/4/"},"order":null,"version_group":{"name":"red-blue","url":"https://pokeapi.co/api/v2/version-group/1/"}},{"level_learned_at":0,"move_learn_method":{"name":"machine","url":"https://pokeapi.co/api/v2/move-learn-method/4/"},"order":null,"version_group":{"name":"yellow","url":"https://pokeapi.co/api/v2/version-group/2/"}},{"level_learned_at":0,"move_learn_method":{"name":"tutor","url":"https://pokeapi.co/api/v2/move-learn-method/3/"},"order":null,"version_group":{"name":"emerald","url":"https://pokeapi.co/api/v2/version-group/6/"}},{"level_learned_at":0,"move_learn_method":{"name":"tutor","url":"https://pokeapi.co/api/v2/move-learn-method/3/"},"order":null,"version_group":{"name":"firered-leafgreen","url":"https://pokeapi.co/api/v2/version-group/7/"}},{"level_learned_at":0,"move_learn_method":{"name":"machin
05-28 05:14:54.776  2685  2813 I System.out: BODY END
05-28 05:14:56.130   158   158 I hwservicemanager: getTransport: Cannot find entry android.hardware.graphics.mapper@4.0::IMapper/default in either framework or device manifest.
05-28 05:14:56.130  3882  3882 I Gralloc4: mapper 4.x is not supported
05-28 05:14:56.180  3886  3888 I cmd     : oneway function results will be dropped but finished with status OK and parcel size 4
05-28 05:14:56.202  1412  1539 I MediaProvider: Deleted 1 items on external_primary due to com.android.shell
05-28 05:14:56.227  3897  3899 I cmd     : oneway function results will be dropped but finished with status OK and parcel size 4
05-28 05:14:56.374   158   158 I hwservicemanager: getTransport: Cannot find entry android.hardware.graphics.mapper@4.0::IMapper/default in either framework or device manifest.
05-28 05:14:56.374  3921  3921 I Gralloc4: mapper 4.x is not supported
05-28 05:14:56.443  1412  1539 I MediaProvider: Deleted 1 items on external_primary due to com.android.shell
05-28 05:14:56.468  3936  3938 I cmd     : oneway function results will be dropped but finished with status OK and parcel size 4
05-28 05:14:56.582   158   158 I hwservicemanager: getTransport: Cannot find entry android.hardware.graphics.mapper@4.0::IMapper/default in either framework or device manifest.
05-28 05:14:56.582  3958  3958 I Gralloc4: mapper 4.x is not supported
05-28 05:14:56.634  3962  3964 I cmd     : oneway function results will be dropped but finished with status OK and parcel size 4
05-28 05:14:56.655  1412  1540 I MediaProvider: Deleted 1 items on external_primary due to com.android.shell
05-28 05:14:56.725  3988  3990 I cmd     : oneway function results will be dropped but finished with status OK and parcel size 4
05-28 05:14:56.771  4003  4005 I cmd     : oneway function results will be dropped but finished with status OK and parcel size 4
05-28 05:14:56.818  4018  4020 I cmd     : oneway function results will be dropped but finished with status OK and parcel size 4
05-28 05:14:56.891  4030  4030 E libc    : Access denied finding property "persist.device_config.runtime_native_boot.profilebootclasspath"
05-28 05:14:56.891  4030  4030 E libc    : Access denied finding property "persist.device_config.runtime_native_boot.enable_apex_image"
05-28 05:14:56.891  4030  4030 I AndroidRuntime: Using default boot image
05-28 05:14:56.891  4030  4030 E libc    : Access denied finding property "persist.device_config.runtime_native_boot.disable_lock_profiling"
05-28 05:14:56.891  4030  4030 I AndroidRuntime: Leaving lock profiling enabled
05-28 05:14:56.891  4030  4030 E libc    : Access denied finding property "persist.device_config.runtime_native_boot.enable_generational_cc"
05-28 05:14:56.892  4030  4030 I app_process: Core platform API reporting enabled, enforcing=false
05-28 05:14:56.884  4030  4030 W app_process: type=1400 audit(0.0:74): avc: denied { read } for name="u:object_r:device_config_runtime_native_boot_prop:s0" dev="tmpfs" ino=506 scontext=u:r:shell:s0 tcontext=u:object_r:device_config_runtime_native_boot_prop:s0 tclass=file permissive=0
05-28 05:14:56.932  4030  4030 W app_process: Unexpected CPU variant for X86 using defaults: x86_64
05-28 05:14:56.933  4030  4030 I app_process: The ClassLoaderContext is a special shared library.
05-28 05:14:56.939  4030  4030 W app_process: JNI RegisterNativeMethods: attempt to register 0 native methods for android.media.AudioAttributes
05-28 05:14:58.652   158   158 I hwservicemanager: getTransport: Cannot find entry android.hardware.graphics.mapper@4.0::IMapper/default in either framework or device manifest.
05-28 05:14:58.652  4063  4063 I Gralloc4: mapper 4.x is not supported
05-28 05:14:58.706  4067  4069 I cmd     : oneway function results will be dropped but finished with status OK and parcel size 4
05-28 05:14:58.729  1412  2579 I MediaProvider: Deleted 1 items on external_primary due to com.android.shell
05-28 05:14:58.760  4078  4080 I cmd     : oneway function results will be dropped but finished with status OK and parcel size 4
05-28 05:14:58.880   158   158 I hwservicemanager: getTransport: Cannot find entry android.hardware.graphics.mapper@4.0::IMapper/default in either framework or device manifest.
05-28 05:14:58.880  4100  4100 I Gralloc4: mapper 4.x is not supported
05-28 05:14:58.954  1412  1539 I MediaProvider: Deleted 1 items on external_primary due to com.android.shell
05-28 05:14:58.978  4116  4118 I cmd     : oneway function results will be dropped but finished with status OK and parcel size 4
05-28 05:14:59.091   158   158 I hwservicemanager: getTransport: Cannot find entry android.hardware.graphics.mapper@4.0::IMapper/default in either framework or device manifest.
05-28 05:14:59.091  4138  4138 I Gralloc4: mapper 4.x is not supported
05-28 05:14:59.142  4142  4144 I cmd     : oneway function results will be dropped but finished with status OK and parcel size 4
05-28 05:14:59.164  1412  1540 I MediaProvider: Deleted 1 items on external_primary due to com.android.shell
05-28 05:14:59.189  4153  4155 I cmd     : oneway function results will be dropped but finished with status OK and parcel size 4
05-28 05:14:59.237  4168  4170 I cmd     : oneway function results will be dropped but finished with status OK and parcel size 4
05-28 05:14:59.283  4183  4185 I cmd     : oneway function results will be dropped but finished with status OK and parcel size 4
05-28 05:14:59.329  4198  4199 I cmd     : oneway function results will be dropped but finished with status OK and parcel size 4
05-28 05:14:59.418  4212  4212 E libc    : Access denied finding property "persist.device_config.runtime_native_boot.profilebootclasspath"
05-28 05:14:59.418  4212  4212 E libc    : Access denied finding property "persist.device_config.runtime_native_boot.enable_apex_image"
05-28 05:14:59.418  4212  4212 I AndroidRuntime: Using default boot image
05-28 05:14:59.418  4212  4212 E libc    : Access denied finding property "persist.device_config.runtime_native_boot.disable_lock_profiling"
05-28 05:14:59.418  4212  4212 I AndroidRuntime: Leaving lock profiling enabled
05-28 05:14:59.418  4212  4212 E libc    : Access denied finding property "persist.device_config.runtime_native_boot.enable_generational_cc"
05-28 05:14:59.419  4212  4212 I app_process: Core platform API reporting enabled, enforcing=false
05-28 05:14:59.412  4212  4212 W app_process: type=1400 audit(0.0:78): avc: denied { read } for name="u:object_r:device_config_runtime_native_boot_prop:s0" dev="tmpfs" ino=506 scontext=u:r:shell:s0 tcontext=u:object_r:device_config_runtime_native_boot_prop:s0 tclass=file permissive=0
05-28 05:14:59.455  4212  4212 W app_process: Unexpected CPU variant for X86 using defaults: x86_64
05-28 05:14:59.456  4212  4212 I app_process: The ClassLoaderContext is a special shared library.
05-28 05:14:59.462  4212  4212 W app_process: JNI RegisterNativeMethods: attempt to register 0 native methods for android.media.AudioAttributes
05-28 05:14:59.675  2685  2827 I System.out: 05:14:59.675 [DefaultDispatcher-worker-10] INFO io.ktor.client.HttpClient - REQUEST: https://pokeapi.co/api/v2/pokemon/ivysaur
05-28 05:14:59.675  2685  2827 I System.out: METHOD: HttpMethod(value=GET)
05-28 05:14:59.675  2685  2827 I System.out: COMMON HEADERS
05-28 05:14:59.676  2685  2827 I System.out: -> Accept: application/json
05-28 05:14:59.676  2685  2827 I System.out: -> Accept-Charset: UTF-8
05-28 05:14:59.676  2685  2827 I System.out: -> Content-Type: application/json
05-28 05:14:59.676  2685  2827 I System.out: CONTENT HEADERS
05-28 05:14:59.676  2685  2827 I System.out: -> Content-Length: 0
05-28 05:14:59.676  2685  2827 I System.out: BODY Content-Type: null
05-28 05:14:59.676  2685  2827 I System.out: BODY START
05-28 05:14:59.676  2685  2827 I System.out: 
05-28 05:14:59.676  2685  2827 I System.out: BODY END
05-28 05:14:59.785  2685  2816 I System.out: 05:14:59.774 [DefaultDispatcher-worker-5] INFO io.ktor.client.HttpClient - RESPONSE: 200 OK
05-28 05:14:59.785  2685  2816 I System.out: METHOD: HttpMethod(value=GET)
05-28 05:14:59.785  2685  2816 I System.out: FROM: https://pokeapi.co/api/v2/pokemon/ivysaur
05-28 05:14:59.785  2685  2816 I System.out: COMMON HEADERS
05-28 05:14:59.785  2685  2816 I System.out: -> access-control-allow-origin: *
05-28 05:14:59.785  2685  2816 I System.out: -> age: 13292
05-28 05:14:59.785  2685  2816 I System.out: -> alt-svc: h3=":443"; ma=86400
05-28 05:14:59.785  2685  2816 I System.out: -> cache-control: public, max-age=86400, s-maxage=86400
05-28 05:14:59.785  2685  2816 I System.out: -> cf-cache-status: HIT
05-28 05:14:59.785  2685  2816 I System.out: -> cf-ray: a02ac76c4e4ae16d-SJC
05-28 05:14:59.785  2685  2816 I System.out: -> connection: keep-alive
05-28 05:14:59.785  2685  2816 I System.out: -> content-type: application/json; charset=utf-8
05-28 05:14:59.785  2685  2816 I System.out: -> date: Thu, 28 May 2026 05:14:59 GMT
05-28 05:14:59.785  2685  2816 I System.out: -> etag: W/"3a208-UaeAV+hyIAKhsYxQ2HzouJGTqQg"
05-28 05:14:59.785  2685  2816 I System.out: -> function-execution-id: nec67fam86i0
05-28 05:14:59.785  2685  2816 I System.out: -> nel: {"report_to":"cf-nel","success_fraction":0.0,"max_age":604800}
05-28 05:14:59.785  2685  2816 I System.out: -> report-to: {"group":"cf-nel","max_age":604800,"endpoints":[{"url":"https://a.nel.cloudflare.com/report/v4?s=RPaok%2FKa0QeLl6DyISQqG%2FB9WWtqaxISpKacph5jU5xLQImK7PEB6uchrlEXeGcd4qapC2v9W6u9%2BNglOKoQrdmCVLfF0rlXcvGJ2MrPDNHsx%2B9veh6zkDSlBVTI"}]}
05-28 05:14:59.785  2685  2816 I System.out: -> server: cloudflare
05-28 05:14:59.785  2685  2816 I System.out: -> strict-transport-security: max-age=31556926
05-28 05:14:59.785  2685  2816 I System.out: -> transfer-encoding: chunked
05-28 05:14:59.785  2685  2816 I System.out: -> vary: Accept-Encoding,cookie,need-authorization, x-fh-requested-host, accept-encoding
05-28 05:14:59.785  2685  2816 I System.out: -> x-android-received-millis: 1779945299688
05-28 05:14:59.785  2685  2816 I System.out: -> x-android-response-source: NETWORK 200
05-28 05:14:59.785  2685  2816 I System.out: -> x-android-selected-protocol: http/1.1
05-28 05:14:59.785  2685  2816 I System.out: -> x-android-sent-millis: 1779945299678
05-28 05:14:59.785  2685  2816 I System.out: -> x-cache: MISS
05-28 05:14:59.785  2685  2816 I System.out: -> x-cache-hits: 0
05-28 05:14:59.785  2685  2816 I System.out: -> x-cloud-trace-context: 26f30e6f697d37445b019bdbc9f15367
05-28 05:14:59.785  2685  2816 I System.out: -> x-country-code: US
05-28 05:14:59.785  2685  2816 I System.out: -> x-powered-by: Express
05-28 05:14:59.785  2685  2816 I System.out: -> x-served-by: cache-dfw-kdfw8210112-DFW
05-28 05:14:59.785  2685  2816 I System.out: -> x-timer: S1769785671.858082,VS0,VE639
05-28 05:14:59.785  2685  2816 I System.out: BODY Content-Type: application/json; charset=utf-8
05-28 05:14:59.785  2685  2816 I System.out: BODY START
05-28 05:14:59.788  2685  2816 I System.out: {"abilities":[{"ability":{"name":"overgrow","url":"https://pokeapi.co/api/v2/ability/65/"},"is_hidden":false,"slot":1},{"ability":{"name":"chlorophyll","url":"https://pokeapi.co/api/v2/ability/34/"},"is_hidden":true,"slot":3}],"base_experience":142,"cries":{"latest":"https://raw.githubusercontent.com/PokeAPI/cries/main/cries/pokemon/latest/2.ogg","legacy":"https://raw.githubusercontent.com/PokeAPI/cries/main/cries/pokemon/legacy/2.ogg"},"forms":[{"name":"ivysaur","url":"https://pokeapi.co/api/v2/pokemon-form/2/"}],"game_indices":[{"game_index":9,"version":{"name":"red","url":"https://pokeapi.co/api/v2/version/1/"}},{"game_index":9,"version":{"name":"blue","url":"https://pokeapi.co/api/v2/version/2/"}},{"game_index":9,"version":{"name":"yellow","url":"https://pokeapi.co/api/v2/version/3/"}},{"game_index":2,"version":{"name":"gold","url":"https://pokeapi.co/api/v2/version/4/"}},{"game_index":2,"version":{"name":"silver","url":"https://pokeapi.co/api/v2/version/5/"}},{"game_index":2,"version":{"name":"crystal","url":"https://pokeapi.co/api/v2/version/6/"}},{"game_index":2,"version":{"name":"ruby","url":"https://pokeapi.co/api/v2/version/7/"}},{"game_index":2,"version":{"name":"sapphire","url":"https://pokeapi.co/api/v2/version/8/"}},{"game_index":2,"version":{"name":"emerald","url":"https://pokeapi.co/api/v2/version/9/"}},{"game_index":2,"version":{"name":"firered","url":"https://pokeapi.co/api/v2/version/10/"}},{"game_index":2,"version":{"name":"leafgreen","url":"https://pokeapi.co/api/v2/version/11/"}},{"game_index":2,"version":{"name":"diamond","url":"https://pokeapi.co/api/v2/version/12/"}},{"game_index":2,"version":{"name":"pearl","url":"https://pokeapi.co/api/v2/version/13/"}},{"game_index":2,"version":{"name":"platinum","url":"https://pokeapi.co/api/v2/version/14/"}},{"game_index":2,"version":{"name":"heartgold","url":"https://pokeapi.co/api/v2/version/15/"}},{"game_index":2,"version":{"name":"soulsilver","url":"https://pokeapi.co/api/v2/version/16/"}},{"game_index":2,"version":{"name":"black","url":"https://pokeapi.co/api/v2/version/17/"}},{"game_index":2,"version":{"name":"white","url":"https://pokeapi.co/api/v2/version/18/"}},{"game_index":2,"version":{"name":"black-2","url":"https://pokeapi.co/api/v2/version/21/"}},{"game_index":2,"version":{"name":"white-2","url":"https://pokeapi.co/api/v2/version/22/"}}],"height":10,"held_items":[],"id":2,"is_default":true,"location_area_encounters":"https://pokeapi.co/api/v2/pokemon/2/encounters","moves":[{"move":{"name":"swords-dance","url":"https://pokeapi.co/api/v2/move/14/"},"version_group_details":[{"level_learned_at":0,"move_learn_method":{"name":"machine","url":"https://pokeapi.co/api/v2/move-learn-method/4/"},"order":null,"version_group":{"name":"red-blue","url":"https://pokeapi.co/api/v2/version-group/1/"}},{"level_learned_at":0,"move_learn_method":{"name":"machine","url":"https://pokeapi.co/api/v2/move-learn-method/4/"},"order":null,"version_group":{"name":"yellow","url":"https://pokeapi.co/api/v2/version-group/2/"}},{"level_learned_at":0,"move_learn_method":{"name":"tutor","url":"https://pokeapi.co/api/v2/move-learn-method/3/"},"order":null,"version_group":{"name":"emerald","url":"https://pokeapi.co/api/v2/version-group/6/"}},{"level_learned_at":0,"move_learn_method":{"name":"tutor","url":"https://pokeapi.co/api/v2/move-learn-method/3/"},"order":null,"version_group":{"name":"firered-leafgreen","url":"https://pokeapi.co/api/v2/version-group/7/"}},{"level_learned_at":0,"move_learn_method":{"name":"machine","url":"https://pokeapi.co/api/v2/move-learn-method/4/"},"order":null,"version_group":{"name":"diamond-pearl","url":"https://pokeapi.co/api/v2/version-group/8/"}},{"level_learned_at":0,"move_learn_method":{"name":"machine","url":"https://pokeapi.co/api/v2/move-learn-method/4/"},"order":null,"version_group":{"name":"platinum","url":"https://pokeapi.co/api/v2/version-group/9/"}},{"level_learned_at":0,"move_learn_method":{"name":"machine","url":"https://pokeapi.co/api/v2/move-learn-method/4/"},"order":null,"version_group":{"name"
05-28 05:14:59.788  2685  2816 I System.out: BODY END
05-28 05:15:01.127  1412  1925 E SQLiteDatabase: Error inserting format=12289 owner_package_name=null parent=-1 volume_name=internal date_modified=1683216921 _display_name=product _data=/product is_download=0 relative_path=null
05-28 05:15:01.127  1412  1925 E SQLiteDatabase: android.database.sqlite.SQLiteDatabaseLockedException: database is locked (code 5 SQLITE_BUSY)
05-28 05:15:01.127  1412  1925 E SQLiteDatabase: 	at android.database.sqlite.SQLiteConnection.nativeExecuteForLastInsertedRowId(Native Method)
05-28 05:15:01.127  1412  1925 E SQLiteDatabase: 	at android.database.sqlite.SQLiteConnection.executeForLastInsertedRowId(SQLiteConnection.java:938)
05-28 05:15:01.127  1412  1925 E SQLiteDatabase: 	at android.database.sqlite.SQLiteSession.executeForLastInsertedRowId(SQLiteSession.java:790)
05-28 05:15:01.127  1412  1925 E SQLiteDatabase: 	at android.database.sqlite.SQLiteStatement.executeInsert(SQLiteStatement.java:88)
05-28 05:15:01.127  1412  1925 E SQLiteDatabase: 	at android.database.sqlite.SQLiteDatabase.insertWithOnConflict(SQLiteDatabase.java:1701)
05-28 05:15:01.127  1412  1925 E SQLiteDatabase: 	at android.database.sqlite.SQLiteDatabase.insert(SQLiteDatabase.java:1570)
05-28 05:15:01.127  1412  1925 E SQLiteDatabase: 	at com.android.providers.media.MediaProvider.insertDirectory(MediaProvider.java:2773)
05-28 05:15:01.127  1412  1925 E SQLiteDatabase: 	at com.android.providers.media.MediaProvider.getParent(MediaProvider.java:2794)
05-28 05:15:01.127  1412  1925 E SQLiteDatabase: 	at com.android.providers.media.MediaProvider.insertDirectory(MediaProvider.java:2763)
05-28 05:15:01.127  1412  1925 E SQLiteDatabase: 	at com.android.providers.media.MediaProvider.getParent(MediaProvider.java:2794)
05-28 05:15:01.127  1412  1925 E SQLiteDatabase: 	at com.android.providers.media.MediaProvider.insertDirectory(MediaProvider.java:2763)
05-28 05:15:01.127  1412  1925 E SQLiteDatabase: 	at com.android.providers.media.MediaProvider.getParent(MediaProvider.java:2794)
05-28 05:15:01.127  1412  1925 E SQLiteDatabase: 	at com.android.providers.media.MediaProvider.lambda$insertAllowingUpsert$14(MediaProvider.java:3060)
05-28 05:15:01.127  1412  1925 E SQLiteDatabase: 	at com.android.providers.media.MediaProvider.lambda$insertAllowingUpsert$14$MediaProvider(Unknown Source:0)
05-28 05:15:01.127  1412  1925 E SQLiteDatabase: 	at com.android.providers.media.-$$Lambda$MediaProvider$FjHWs2-fjgG761OzVFzdTX4EWZg.apply(Unknown Source:13)
05-28 05:15:01.127  1412  1925 E SQLiteDatabase: 	at com.android.providers.media.DatabaseHelper.runWithTransaction(DatabaseHelper.java:555)
05-28 05:15:01.127  1412  1925 E SQLiteDatabase: 	at com.android.providers.media.MediaProvider.insertAllowingUpsert(MediaProvider.java:3056)
05-28 05:15:01.127  1412  1925 E SQLiteDatabase: 	at com.android.providers.media.MediaProvider.insertFile(MediaProvider.java:3038)
05-28 05:15:01.127  1412  1925 E SQLiteDatabase: 	at com.android.providers.media.MediaProvider.insertInternal(MediaProvider.java:3470)
05-28 05:15:01.127  1412  1925 E SQLiteDatabase: 	at com.android.providers.media.MediaProvider.insert(MediaProvider.java:3198)
05-28 05:15:01.127  1412  1925 E SQLiteDatabase: 	at android.content.ContentProviderOperation.applyInternal(ContentProviderOperation.java:375)
05-28 05:15:01.127  1412  1925 E SQLiteDatabase: 	at android.content.ContentProviderOperation.apply(ContentProviderOperation.java:347)
05-28 05:15:01.127  1412  1925 E SQLiteDatabase: 	at android.content.ContentProvider.applyBatch(ContentProvider.java:2422)
05-28 05:15:01.127  1412  1925 E SQLiteDatabase: 	at com.android.providers.media.MediaProvider.applyBatch(MediaProvider.java:3522)
05-28 05:15:01.127  1412  1925 E SQLiteDatabase: 	at android.content.ContentProvider.applyBatch(ContentProvider.java:2413)
05-28 05:15:01.127  1412  1925 E SQLiteDatabase: 	at android.content.ContentResolver.applyBatch(ContentResolver.java:2186)
05-28 05:15:01.127  1412  1925 E SQLiteDatabase: 	at com.android.providers.media.scan.ModernMediaScanner$Scan.applyPending(ModernMediaScanner.java:699)
05-28 05:15:01.127  1412  1925 E SQLiteDatabase: 	at com.android.providers.media.scan.ModernMediaScanner$Scan.maybeApplyPending(ModernMediaScanner.java:689)
05-28 05:15:01.127  1412  1925 E SQLiteDatabase: 	at com.android.providers.media.scan.ModernMediaScanner$Scan.visitFile(ModernMediaScanner.java:649)
05-28 05:15:01.127  1412  1925 E SQLiteDatabase: 	at com.android.providers.media.scan.ModernMediaScanner$Scan.visitFile(ModernMediaScanner.java:272)
05-28 05:15:01.127  1412  1925 E SQLiteDatabase: 	at java.nio.file.Files.walkFileTree(Files.java:2670)
05-28 05:15:01.127  1412  1925 E SQLiteDatabase: 	at java.nio.file.Files.walkFileTree(Files.java:2742)
05-28 05:15:01.127  1412  1925 E SQLiteDatabase: 	at com.android.providers.media.scan.ModernMediaScanner$Scan.walkFileTree(ModernMediaScanner.java:366)
05-28 05:15:01.127  1412  1925 E SQLiteDatabase: 	at com.android.providers.media.scan.ModernMediaScanner$Scan.run(ModernMediaScanner.java:329)
05-28 05:15:01.127  1412  1925 E SQLiteDatabase: 	at com.android.providers.media.scan.ModernMediaScanner.scanDirectory(ModernMediaScanner.java:226)
05-28 05:15:01.127  1412  1925 E SQLiteDatabase: 	at com.android.providers.media.MediaProvider.scanDirectory(MediaProvider.java:1111)
05-28 05:15:01.127  1412  1925 E SQLiteDatabase: 	at com.android.providers.media.MediaService.onScanVolume(MediaService.java:148)
05-28 05:15:01.127  1412  1925 E SQLiteDatabase: 	at com.android.providers.media.MediaService.onScanVolume(MediaService.java:117)
05-28 05:15:01.127  1412  1925 E SQLiteDatabase: 	at com.android.providers.media.MediaService.onScanVolume(MediaService.java:108)
05-28 05:15:01.127  1412  1925 E SQLiteDatabase: 	at com.android.providers.media.MediaService.onHandleWork(MediaService.java:71)
05-28 05:15:01.127  1412  1925 E SQLiteDatabase: 	at androidx.core.app.JobIntentService$CommandProcessor.doInBackground(JobIntentService.java:391)
05-28 05:15:01.127  1412  1925 E SQLiteDatabase: 	at androidx.core.app.JobIntentService$CommandProcessor.doInBackground(JobIntentService.java:382)
05-28 05:15:01.127  1412  1925 E SQLiteDatabase: 	at android.os.AsyncTask$3.call(AsyncTask.java:394)
05-28 05:15:01.127  1412  1925 E SQLiteDatabase: 	at java.util.concurrent.FutureTask.run(FutureTask.java:266)
05-28 05:15:01.127  1412  1925 E SQLiteDatabase: 	at java.util.concurrent.ThreadPoolExecutor.runWorker(ThreadPoolExecutor.java:1167)
05-28 05:15:01.127  1412  1925 E SQLiteDatabase: 	at java.util.concurrent.ThreadPoolExecutor$Worker.run(ThreadPoolExecutor.java:641)
05-28 05:15:01.127  1412  1925 E SQLiteDatabase: 	at java.lang.Thread.run(Thread.java:923)
05-28 05:15:01.183   158   158 I hwservicemanager: getTransport: Cannot find entry android.hardware.graphics.mapper@4.0::IMapper/default in either framework or device manifest.
05-28 05:15:01.184  4245  4245 I Gralloc4: mapper 4.x is not supported
05-28 05:15:01.254  1412  2579 I MediaProvider: Deleted 1 items on external_primary due to com.android.shell
05-28 05:15:01.278  4260  4262 I cmd     : oneway function results will be dropped but finished with status OK and parcel size 4
05-28 05:15:01.415   158   158 I hwservicemanager: getTransport: Cannot find entry android.hardware.graphics.mapper@4.0::IMapper/default in either framework or device manifest.
05-28 05:15:01.415  4282  4282 I Gralloc4: mapper 4.x is not supported
05-28 05:15:01.484  1412  1539 I MediaProvider: Deleted 1 items on external_primary due to com.android.shell
05-28 05:15:01.509  4299  4301 I cmd     : oneway function results will be dropped but finished with status OK and parcel size 4
05-28 05:15:01.621   158   158 I hwservicemanager: getTransport: Cannot find entry android.hardware.graphics.mapper@4.0::IMapper/default in either framework or device manifest.
05-28 05:15:01.621  4321  4321 I Gralloc4: mapper 4.x is not supported
05-28 05:15:01.690  1412  1540 I MediaProvider: Deleted 1 items on external_primary due to com.android.shell
05-28 05:15:01.717  4336  4338 I cmd     : oneway function results will be dropped but finished with status OK and parcel size 4
05-28 05:15:01.813  4366  4368 I cmd     : oneway function results will be dropped but finished with status OK and parcel size 4
05-28 05:15:01.860  4381  4383 I cmd     : oneway function results will be dropped but finished with status OK and parcel size 4
05-28 05:15:01.932  4393  4393 E libc    : Access denied finding property "persist.device_config.runtime_native_boot.profilebootclasspath"
05-28 05:15:01.932  4393  4393 E libc    : Access denied finding property "persist.device_config.runtime_native_boot.enable_apex_image"
05-28 05:15:01.932  4393  4393 I AndroidRuntime: Using default boot image
05-28 05:15:01.932  4393  4393 E libc    : Access denied finding property "persist.device_config.runtime_native_boot.disable_lock_profiling"
05-28 05:15:01.932  4393  4393 I AndroidRuntime: Leaving lock profiling enabled
05-28 05:15:01.932  4393  4393 E libc    : Access denied finding property "persist.device_config.runtime_native_boot.enable_generational_cc"
05-28 05:15:01.933  4393  4393 I app_process: Core platform API reporting enabled, enforcing=false
05-28 05:15:01.928  4393  4393 W app_process: type=1400 audit(0.0:82): avc: denied { read } for name="u:object_r:device_config_runtime_native_boot_prop:s0" dev="tmpfs" ino=506 scontext=u:r:shell:s0 tcontext=u:object_r:device_config_runtime_native_boot_prop:s0 tclass=file permissive=0
05-28 05:15:01.968  4393  4393 W app_process: Unexpected CPU variant for X86 using defaults: x86_64
05-28 05:15:01.969  4393  4393 I app_process: The ClassLoaderContext is a special shared library.
05-28 05:15:01.975  4393  4393 W app_process: JNI RegisterNativeMethods: attempt to register 0 native methods for android.media.AudioAttributes
05-28 05:15:03.690   158   158 I hwservicemanager: getTransport: Cannot find entry android.hardware.graphics.mapper@4.0::IMapper/default in either framework or device manifest.
05-28 05:15:03.690  4426  4426 I Gralloc4: mapper 4.x is not supported
05-28 05:15:03.765  1412  2579 I MediaProvider: Deleted 1 items on external_primary due to com.android.shell
05-28 05:15:03.902   158   158 I hwservicemanager: getTransport: Cannot find entry android.hardware.graphics.mapper@4.0::IMapper/default in either framework or device manifest.
05-28 05:15:03.902  4463  4463 I Gralloc4: mapper 4.x is not supported
05-28 05:15:03.978  1412  1539 I MediaProvider: Deleted 1 items on external_primary due to com.android.shell
05-28 05:15:04.002  4478  4480 I cmd     : oneway function results will be dropped but finished with status OK and parcel size 4
05-28 05:15:04.120   158   158 I hwservicemanager: getTransport: Cannot find entry android.hardware.graphics.mapper@4.0::IMapper/default in either framework or device manifest.
05-28 05:15:04.120  4500  4500 I Gralloc4: mapper 4.x is not supported
05-28 05:15:04.174  4504  4506 I cmd     : oneway function results will be dropped but finished with status OK and parcel size 4
05-28 05:15:04.194  1412  1539 I MediaProvider: Deleted 1 items on external_primary due to com.android.shell
05-28 05:15:04.218  4515  4517 I cmd     : oneway function results will be dropped but finished with status OK and parcel size 4
05-28 05:15:04.263  4530  4532 I cmd     : oneway function results will be dropped but finished with status OK and parcel size 4
05-28 05:15:04.308  4545  4547 I cmd     : oneway function results will be dropped but finished with status OK and parcel size 4
05-28 05:15:04.354  4560  4562 I cmd     : oneway function results will be dropped but finished with status OK and parcel size 4
05-28 05:15:04.425  4572  4572 E libc    : Access denied finding property "persist.device_config.runtime_native_boot.profilebootclasspath"
05-28 05:15:04.425  4572  4572 E libc    : Access denied finding property "persist.device_config.runtime_native_boot.enable_apex_image"
05-28 05:15:04.425  4572  4572 I AndroidRuntime: Using default boot image
05-28 05:15:04.425  4572  4572 E libc    : Access denied finding property "persist.device_config.runtime_native_boot.disable_lock_profiling"
05-28 05:15:04.425  4572  4572 I AndroidRuntime: Leaving lock profiling enabled
05-28 05:15:04.426  4572  4572 E libc    : Access denied finding property "persist.device_config.runtime_native_boot.enable_generational_cc"
05-28 05:15:04.427  4572  4572 I app_process: Core platform API reporting enabled, enforcing=false
05-28 05:15:04.420  4572  4572 W app_process: type=1400 audit(0.0:86): avc: denied { read } for name="u:object_r:device_config_runtime_native_boot_prop:s0" dev="tmpfs" ino=506 scontext=u:r:shell:s0 tcontext=u:object_r:device_config_runtime_native_boot_prop:s0 tclass=file permissive=0
05-28 05:15:04.489  4572  4572 W app_process: Unexpected CPU variant for X86 using defaults: x86_64
05-28 05:15:04.490  4572  4572 I app_process: The ClassLoaderContext is a special shared library.
05-28 05:15:04.420  4572  4572 W app_process: type=1400 audit(0.0:89): avc: denied { read } for name="u:object_r:device_config_runtime_native_boot_prop:s0" dev="tmpfs" ino=506 scontext=u:r:shell:s0 tcontext=u:object_r:device_config_runtime_native_boot_prop:s0 tclass=file permissive=0
05-28 05:15:04.502  4572  4572 W app_process: JNI RegisterNativeMethods: attempt to register 0 native methods for android.media.AudioAttributes
05-28 05:15:04.524  2106  2106 E AccessibilityInteractionClient: 3 Disconnected nodes.
05-28 05:15:04.771  1412  1925 E SQLiteDatabase: Error inserting format=12289 owner_package_name=null parent=-1 volume_name=internal date_modified=1683213674 _display_name=media _data=/product/media is_download=0 relative_path=null
05-28 05:15:04.771  1412  1925 E SQLiteDatabase: android.database.sqlite.SQLiteDatabaseLockedException: database is locked (code 5 SQLITE_BUSY)
05-28 05:15:04.771  1412  1925 E SQLiteDatabase: 	at android.database.sqlite.SQLiteConnection.nativeExecuteForLastInsertedRowId(Native Method)
05-28 05:15:04.771  1412  1925 E SQLiteDatabase: 	at android.database.sqlite.SQLiteConnection.executeForLastInsertedRowId(SQLiteConnection.java:938)
