05-29 03:47:30.442   159   159 I hwservicemanager: getTransport: Cannot find entry android.hardware.graphics.mapper@4.0::IMapper/default in either framework or device manifest.
05-29 03:47:30.442  5127  5127 I Gralloc4: mapper 4.x is not supported
05-29 03:47:30.479  5131  5133 I cmd     : oneway function results will be dropped but finished with status OK and parcel size 4
05-29 03:47:30.480  1395  1869 I MediaProvider: Begin Intent { act=android.intent.action.MEDIA_SCANNER_SCAN_FILE dat=file:///sdcard/screen_2026-05-29_034730.png flg=0x1400010 cmp=com.android.providers.media.module/com.android.providers.media.MediaService }
05-29 03:47:30.480  1395  1395 W com.android.providers.media.module: type=1400 audit(0.0:360): avc: denied { read } for comm=4173796E635461736B202331 name="primary" dev="tmpfs" ino=28098 scontext=u:r:mediaprovider_app:s0:c129,c256,c512,c768 tcontext=u:object_r:mnt_pass_through_file:s0 tclass=lnk_file permissive=0 app=com.android.providers.media.module
05-29 03:47:30.499  1395  1869 W ModernMediaScanner: Failed to visit /sdcard/screen_2026-05-29_034730.png: java.nio.file.AccessDeniedException: /sdcard/screen_2026-05-29_034730.png
05-29 03:47:30.500  1395  1869 I MediaProvider: Scanned internal due to REASON_DEMAND, found 0 items in 15ms, 0 inserts 0 updates 0 deletes
05-29 03:47:30.500  1395  1869 I MediaProvider: End Intent { act=android.intent.action.MEDIA_SCANNER_SCAN_FILE dat=file:///sdcard/screen_2026-05-29_034730.png flg=0x1400010 cmp=com.android.providers.media.module/com.android.providers.media.MediaService }
05-29 03:47:30.480  1395  1395 W com.android.providers.media.module: type=1400 audit(0.0:362): avc: denied { read } for comm=4173796E635461736B202331 name="primary" dev="tmpfs" ino=28098 scontext=u:r:mediaprovider_app:s0:c129,c256,c512,c768 tcontext=u:object_r:mnt_pass_through_file:s0 tclass=lnk_file permissive=0 app=com.android.providers.media.module
05-29 03:47:30.535  1395  1497 I MediaProvider: Deleted 1 items on external_primary due to com.android.shell
05-29 03:47:30.695   159   159 I hwservicemanager: getTransport: Cannot find entry android.hardware.graphics.mapper@4.0::IMapper/default in either framework or device manifest.
05-29 03:47:30.695  5166  5166 I Gralloc4: mapper 4.x is not supported
05-29 03:47:30.734  1395  1869 I MediaProvider: Begin Intent { act=android.intent.action.MEDIA_SCANNER_SCAN_FILE dat=file:///sdcard/screen_2026-05-29_034731.png flg=0x1400010 cmp=com.android.providers.media.module/com.android.providers.media.MediaService }
05-29 03:47:30.735  1395  1869 W ModernMediaScanner: Failed to visit /sdcard/screen_2026-05-29_034731.png: java.nio.file.AccessDeniedException: /sdcard/screen_2026-05-29_034731.png
05-29 03:47:30.738  1395  1869 I MediaProvider: Scanned internal due to REASON_DEMAND, found 0 items in 3ms, 0 inserts 0 updates 0 deletes
05-29 03:47:30.738  1395  1869 I MediaProvider: End Intent { act=android.intent.action.MEDIA_SCANNER_SCAN_FILE dat=file:///sdcard/screen_2026-05-29_034731.png flg=0x1400010 cmp=com.android.providers.media.module/com.android.providers.media.MediaService }
05-29 03:47:30.757  1395  2592 I MediaProvider: Deleted 1 items on external_primary due to com.android.shell
05-29 03:47:30.783  5181  5183 I cmd     : oneway function results will be dropped but finished with status OK and parcel size 4
05-29 03:47:30.909   159   159 I hwservicemanager: getTransport: Cannot find entry android.hardware.graphics.mapper@4.0::IMapper/default in either framework or device manifest.
05-29 03:47:30.909  5203  5203 I Gralloc4: mapper 4.x is not supported
05-29 03:47:30.945  5207  5209 I cmd     : oneway function results will be dropped but finished with status OK and parcel size 4
05-29 03:47:30.946  1395  1869 I MediaProvider: Begin Intent { act=android.intent.action.MEDIA_SCANNER_SCAN_FILE dat=file:///sdcard/screen_2026-05-29_034731.png flg=0x1400010 cmp=com.android.providers.media.module/com.android.providers.media.MediaService }
05-29 03:47:30.947  1395  1869 W ModernMediaScanner: Failed to visit /sdcard/screen_2026-05-29_034731.png: java.nio.file.AccessDeniedException: /sdcard/screen_2026-05-29_034731.png
05-29 03:47:30.948  1395  1869 I MediaProvider: Scanned internal due to REASON_DEMAND, found 0 items in 1ms, 0 inserts 0 updates 0 deletes
05-29 03:47:30.948  1395  1869 I MediaProvider: End Intent { act=android.intent.action.MEDIA_SCANNER_SCAN_FILE dat=file:///sdcard/screen_2026-05-29_034731.png flg=0x1400010 cmp=com.android.providers.media.module/com.android.providers.media.MediaService }
05-29 03:47:30.972  1395  1509 I MediaProvider: Deleted 1 items on external_primary due to com.android.shell
05-29 03:47:30.998  5218  5220 I cmd     : oneway function results will be dropped but finished with status OK and parcel size 4
05-29 03:47:31.054  5233  5235 I cmd     : oneway function results will be dropped but finished with status OK and parcel size 4
05-29 03:47:31.107  5248  5250 I cmd     : oneway function results will be dropped but finished with status OK and parcel size 4
05-29 03:47:31.158  5263  5265 I cmd     : oneway function results will be dropped but finished with status OK and parcel size 4
05-29 03:47:31.241  5275  5275 E libc    : Access denied finding property "persist.device_config.runtime_native_boot.profilebootclasspath"
05-29 03:47:31.241  5275  5275 E libc    : Access denied finding property "persist.device_config.runtime_native_boot.enable_apex_image"
05-29 03:47:31.241  5275  5275 I AndroidRuntime: Using default boot image
05-29 03:47:31.241  5275  5275 E libc    : Access denied finding property "persist.device_config.runtime_native_boot.disable_lock_profiling"
05-29 03:47:31.241  5275  5275 I AndroidRuntime: Leaving lock profiling enabled
05-29 03:47:31.241  5275  5275 E libc    : Access denied finding property "persist.device_config.runtime_native_boot.enable_generational_cc"
05-29 03:47:31.243  5275  5275 I app_process: Core platform API reporting enabled, enforcing=false
05-29 03:47:31.284  5275  5275 W app_process: Unexpected CPU variant for X86 using defaults: x86_64
05-29 03:47:31.285  5275  5275 I app_process: The ClassLoaderContext is a special shared library.
05-29 03:47:31.291  5275  5275 W app_process: JNI RegisterNativeMethods: attempt to register 0 native methods for android.media.AudioAttributes
05-29 03:47:31.747     0     0 W healthd : battery l=100 v=5000 t=25.0 h=2 st=2 c=900000 fc=300000 cc=10 chg=a
05-29 03:47:33.002   159   159 I hwservicemanager: getTransport: Cannot find entry android.hardware.graphics.mapper@4.0::IMapper/default in either framework or device manifest.
05-29 03:47:33.002  5304  5304 I Gralloc4: mapper 4.x is not supported
05-29 03:47:33.040  1395  1869 I MediaProvider: Begin Intent { act=android.intent.action.MEDIA_SCANNER_SCAN_FILE dat=file:///sdcard/screen_2026-05-29_034733.png flg=0x1400010 cmp=com.android.providers.media.module/com.android.providers.media.MediaService }
05-29 03:47:33.258     0     0 W audit   : audit_lost=263 audit_rate_limit=5 audit_backlog_limit=64
05-29 03:47:33.260     0     0 E audit   : rate limit exceeded
05-29 03:47:33.044  1395  1869 W ModernMediaScanner: Failed to visit /sdcard/screen_2026-05-29_034733.png: java.nio.file.AccessDeniedException: /sdcard/screen_2026-05-29_034733.png
05-29 03:47:33.045  1395  1869 I MediaProvider: Scanned internal due to REASON_DEMAND, found 0 items in 4ms, 0 inserts 0 updates 0 deletes
05-29 03:47:33.045  1395  1869 I MediaProvider: End Intent { act=android.intent.action.MEDIA_SCANNER_SCAN_FILE dat=file:///sdcard/screen_2026-05-29_034733.png flg=0x1400010 cmp=com.android.providers.media.module/com.android.providers.media.MediaService }
05-29 03:47:33.040  1395  1395 W com.android.providers.media.module: type=1400 audit(0.0:382): avc: denied { read } for comm=4173796E635461736B202331 name="primary" dev="tmpfs" ino=28098 scontext=u:r:mediaprovider_app:s0:c129,c256,c512,c768 tcontext=u:object_r:mnt_pass_through_file:s0 tclass=lnk_file permissive=0 app=com.android.providers.media.module
05-29 03:47:33.132  1395  1497 I MediaProvider: Deleted 1 items on external_primary due to com.android.shell
05-29 03:47:33.159  5319  5321 I cmd     : oneway function results will be dropped but finished with status OK and parcel size 4
05-29 03:47:33.164   496   496 E netmgr  : qemu_pipe_open_ns:62: Could not connect to the 'pipe:qemud:network' service: Invalid argument
05-29 03:47:33.164   496   496 E netmgr  : Failed to open QEMU pipe 'qemud:network': Invalid argument
05-29 03:47:33.175   499   499 E wifi_forwarder: qemu_pipe_open_ns:62: Could not connect to the 'pipe:qemud:wififorward' service: Invalid argument
05-29 03:47:33.175   499   499 E wifi_forwarder: RemoteConnection failed to initialize: RemoteConnection failed to open pipe
05-29 03:47:33.288   159   159 I hwservicemanager: getTransport: Cannot find entry android.hardware.graphics.mapper@4.0::IMapper/default in either framework or device manifest.
05-29 03:47:33.288  5341  5341 I Gralloc4: mapper 4.x is not supported
05-29 03:47:33.325  5345  5347 I cmd     : oneway function results will be dropped but finished with status OK and parcel size 4
05-29 03:47:33.325  1395  1869 I MediaProvider: Begin Intent { act=android.intent.action.MEDIA_SCANNER_SCAN_FILE dat=file:///sdcard/screen_2026-05-29_034733.png flg=0x1400010 cmp=com.android.providers.media.module/com.android.providers.media.MediaService }
05-29 03:47:33.326  1395  1869 W ModernMediaScanner: Failed to visit /sdcard/screen_2026-05-29_034733.png: java.nio.file.AccessDeniedException: /sdcard/screen_2026-05-29_034733.png
05-29 03:47:33.327  1395  1869 I MediaProvider: Scanned internal due to REASON_DEMAND, found 0 items in 1ms, 0 inserts 0 updates 0 deletes
05-29 03:47:33.328  1395  1869 I MediaProvider: End Intent { act=android.intent.action.MEDIA_SCANNER_SCAN_FILE dat=file:///sdcard/screen_2026-05-29_034733.png flg=0x1400010 cmp=com.android.providers.media.module/com.android.providers.media.MediaService }
05-29 03:47:33.349  1395  2592 I MediaProvider: Deleted 1 items on external_primary due to com.android.shell
05-29 03:47:33.377  5356  5358 I cmd     : oneway function results will be dropped but finished with status OK and parcel size 4
05-29 03:47:33.502   159   159 I hwservicemanager: getTransport: Cannot find entry android.hardware.graphics.mapper@4.0::IMapper/default in either framework or device manifest.
05-29 03:47:33.502  5378  5378 I Gralloc4: mapper 4.x is not supported
05-29 03:47:33.540  5382  5384 I cmd     : oneway function results will be dropped but finished with status OK and parcel size 4
05-29 03:47:33.541  1395  1869 I MediaProvider: Begin Intent { act=android.intent.action.MEDIA_SCANNER_SCAN_FILE dat=file:///sdcard/screen_2026-05-29_034733.png flg=0x1400010 cmp=com.android.providers.media.module/com.android.providers.media.MediaService }
05-29 03:47:33.542  1395  1869 W ModernMediaScanner: Failed to visit /sdcard/screen_2026-05-29_034733.png: java.nio.file.AccessDeniedException: /sdcard/screen_2026-05-29_034733.png
05-29 03:47:33.542  1395  1869 I MediaProvider: Scanned internal due to REASON_DEMAND, found 0 items in 1ms, 0 inserts 0 updates 0 deletes
05-29 03:47:33.542  1395  1869 I MediaProvider: End Intent { act=android.intent.action.MEDIA_SCANNER_SCAN_FILE dat=file:///sdcard/screen_2026-05-29_034733.png flg=0x1400010 cmp=com.android.providers.media.module/com.android.providers.media.MediaService }
05-29 03:47:33.564  1395  2592 I MediaProvider: Deleted 1 items on external_primary due to com.android.shell
05-29 03:47:33.639  5408  5410 I cmd     : oneway function results will be dropped but finished with status OK and parcel size 4
05-29 03:47:33.706  5425  5427 I cmd     : oneway function results will be dropped but finished with status OK and parcel size 4
05-29 03:47:33.756  5440  5442 I cmd     : oneway function results will be dropped but finished with status OK and parcel size 4
05-29 03:47:33.835  5452  5452 E libc    : Access denied finding property "persist.device_config.runtime_native_boot.profilebootclasspath"
05-29 03:47:33.835  5452  5452 E libc    : Access denied finding property "persist.device_config.runtime_native_boot.enable_apex_image"
05-29 03:47:33.835  5452  5452 I AndroidRuntime: Using default boot image
05-29 03:47:33.835  5452  5452 E libc    : Access denied finding property "persist.device_config.runtime_native_boot.disable_lock_profiling"
05-29 03:47:33.835  5452  5452 I AndroidRuntime: Leaving lock profiling enabled
05-29 03:47:33.835  5452  5452 E libc    : Access denied finding property "persist.device_config.runtime_native_boot.enable_generational_cc"
05-29 03:47:33.837  5452  5452 I app_process: Core platform API reporting enabled, enforcing=false
05-29 03:47:33.880  5452  5452 W app_process: Unexpected CPU variant for X86 using defaults: x86_64
05-29 03:47:33.881  5452  5452 I app_process: The ClassLoaderContext is a special shared library.
05-29 03:47:33.887  5452  5452 W app_process: JNI RegisterNativeMethods: attempt to register 0 native methods for android.media.AudioAttributes
05-29 03:47:35.601   159   159 I hwservicemanager: getTransport: Cannot find entry android.hardware.graphics.mapper@4.0::IMapper/default in either framework or device manifest.
05-29 03:47:35.601  5479  5479 I Gralloc4: mapper 4.x is not supported
05-29 03:47:35.637  5483  5485 I cmd     : oneway function results will be dropped but finished with status OK and parcel size 4
05-29 03:47:35.638  1395  1869 I MediaProvider: Begin Intent { act=android.intent.action.MEDIA_SCANNER_SCAN_FILE dat=file:///sdcard/screen_2026-05-29_034736.png flg=0x1400010 cmp=com.android.providers.media.module/com.android.providers.media.MediaService }
05-29 03:47:35.636  1395  1395 W com.android.providers.media.module: type=1400 audit(0.0:404): avc: denied { read } for comm=4173796E635461736B202331 name="primary" dev="tmpfs" ino=28098 scontext=u:r:mediaprovider_app:s0:c129,c256,c512,c768 tcontext=u:object_r:mnt_pass_through_file:s0 tclass=lnk_file permissive=0 app=com.android.providers.media.module
05-29 03:47:35.856     0     0 W audit   : audit_lost=280 audit_rate_limit=5 audit_backlog_limit=64
05-29 03:47:35.866     0     0 E audit   : rate limit exceeded
05-29 03:47:35.636  1395  1395 W com.android.providers.media.module: type=1400 audit(0.0:405): avc: denied { read } for comm=4173796E635461736B202331 name="primary" dev="tmpfs" ino=28098 scontext=u:r:mediaprovider_app:s0:c129,c256,c512,c768 tcontext=u:object_r:mnt_pass_through_file:s0 tclass=lnk_file permissive=0 app=com.android.providers.media.module
05-29 03:47:35.658  1395  1869 W ModernMediaScanner: Failed to visit /sdcard/screen_2026-05-29_034736.png: java.nio.file.AccessDeniedException: /sdcard/screen_2026-05-29_034736.png
05-29 03:47:35.658  1395  1869 I MediaProvider: Scanned internal due to REASON_DEMAND, found 0 items in 20ms, 0 inserts 0 updates 0 deletes
05-29 03:47:35.659  1395  1869 I MediaProvider: End Intent { act=android.intent.action.MEDIA_SCANNER_SCAN_FILE dat=file:///sdcard/screen_2026-05-29_034736.png flg=0x1400010 cmp=com.android.providers.media.module/com.android.providers.media.MediaService }
05-29 03:47:35.636  1395  1395 W com.android.providers.media.module: type=1400 audit(0.0:406): avc: denied { read } for comm=4173796E635461736B202331 name="primary" dev="tmpfs" ino=28098 scontext=u:r:mediaprovider_app:s0:c129,c256,c512,c768 tcontext=u:object_r:mnt_pass_through_file:s0 tclass=lnk_file permissive=0 app=com.android.providers.media.module
05-29 03:47:35.697  1395  1497 I MediaProvider: Deleted 1 items on external_primary due to com.android.shell
05-29 03:47:35.722  5494  5496 I cmd     : oneway function results will be dropped but finished with status OK and parcel size 4
05-29 03:47:35.859   159   159 I hwservicemanager: getTransport: Cannot find entry android.hardware.graphics.mapper@4.0::IMapper/default in either framework or device manifest.
05-29 03:47:35.859  5518  5518 I Gralloc4: mapper 4.x is not supported
05-29 03:47:35.895  5522  5524 I cmd     : oneway function results will be dropped but finished with status OK and parcel size 4
05-29 03:47:35.895  1395  1869 I MediaProvider: Begin Intent { act=android.intent.action.MEDIA_SCANNER_SCAN_FILE dat=file:///sdcard/screen_2026-05-29_034736.png flg=0x1400010 cmp=com.android.providers.media.module/com.android.providers.media.MediaService }
05-29 03:47:35.896  1395  1869 W ModernMediaScanner: Failed to visit /sdcard/screen_2026-05-29_034736.png: java.nio.file.AccessDeniedException: /sdcard/screen_2026-05-29_034736.png
05-29 03:47:35.897  1395  1869 I MediaProvider: Scanned internal due to REASON_DEMAND, found 0 items in 0ms, 0 inserts 0 updates 0 deletes
05-29 03:47:35.897  1395  1869 I MediaProvider: End Intent { act=android.intent.action.MEDIA_SCANNER_SCAN_FILE dat=file:///sdcard/screen_2026-05-29_034736.png flg=0x1400010 cmp=com.android.providers.media.module/com.android.providers.media.MediaService }
05-29 03:47:35.919  1395  2592 I MediaProvider: Deleted 1 items on external_primary due to com.android.shell
05-29 03:47:35.943  5533  5535 I cmd     : oneway function results will be dropped but finished with status OK and parcel size 4
05-29 03:47:36.059   159   159 I hwservicemanager: getTransport: Cannot find entry android.hardware.graphics.mapper@4.0::IMapper/default in either framework or device manifest.
05-29 03:47:36.059  5555  5555 I Gralloc4: mapper 4.x is not supported
05-29 03:47:36.096  5559  5561 I cmd     : oneway function results will be dropped but finished with status OK and parcel size 4
05-29 03:47:36.097  1395  1869 I MediaProvider: Begin Intent { act=android.intent.action.MEDIA_SCANNER_SCAN_FILE dat=file:///sdcard/screen_2026-05-29_034736.png flg=0x1400010 cmp=com.android.providers.media.module/com.android.providers.media.MediaService }
05-29 03:47:36.098  1395  1869 W ModernMediaScanner: Failed to visit /sdcard/screen_2026-05-29_034736.png: java.nio.file.AccessDeniedException: /sdcard/screen_2026-05-29_034736.png
05-29 03:47:36.098  1395  1869 I MediaProvider: Scanned internal due to REASON_DEMAND, found 0 items in 1ms, 0 inserts 0 updates 0 deletes
05-29 03:47:36.099  1395  1869 I MediaProvider: End Intent { act=android.intent.action.MEDIA_SCANNER_SCAN_FILE dat=file:///sdcard/screen_2026-05-29_034736.png flg=0x1400010 cmp=com.android.providers.media.module/com.android.providers.media.MediaService }
05-29 03:47:36.120  1395  1509 I MediaProvider: Deleted 1 items on external_primary due to com.android.shell
05-29 03:47:36.145  5570  5572 I cmd     : oneway function results will be dropped but finished with status OK and parcel size 4
05-29 03:47:36.193  5585  5587 I cmd     : oneway function results will be dropped but finished with status OK and parcel size 4
05-29 03:47:36.240  5600  5602 I cmd     : oneway function results will be dropped but finished with status OK and parcel size 4
05-29 03:47:36.288  5615  5617 I cmd     : oneway function results will be dropped but finished with status OK and parcel size 4
05-29 03:47:36.366  5627  5627 E libc    : Access denied finding property "persist.device_config.runtime_native_boot.profilebootclasspath"
05-29 03:47:36.366  5627  5627 E libc    : Access denied finding property "persist.device_config.runtime_native_boot.enable_apex_image"
05-29 03:47:36.366  5627  5627 I AndroidRuntime: Using default boot image
05-29 03:47:36.366  5627  5627 E libc    : Access denied finding property "persist.device_config.runtime_native_boot.disable_lock_profiling"
05-29 03:47:36.366  5627  5627 I AndroidRuntime: Leaving lock profiling enabled
05-29 03:47:36.366  5627  5627 E libc    : Access denied finding property "persist.device_config.runtime_native_boot.enable_generational_cc"
05-29 03:47:36.367  5627  5627 I app_process: Core platform API reporting enabled, enforcing=false
05-29 03:47:36.406  5627  5627 W app_process: Unexpected CPU variant for X86 using defaults: x86_64
05-29 03:47:36.407  5627  5627 I app_process: The ClassLoaderContext is a special shared library.
05-29 03:47:36.413  5627  5627 W app_process: JNI RegisterNativeMethods: attempt to register 0 native methods for android.media.AudioAttributes
05-29 03:47:38.136   159   159 I hwservicemanager: getTransport: Cannot find entry android.hardware.graphics.mapper@4.0::IMapper/default in either framework or device manifest.
05-29 03:47:38.136  5656  5656 I Gralloc4: mapper 4.x is not supported
05-29 03:47:38.177  1395  1869 I MediaProvider: Begin Intent { act=android.intent.action.MEDIA_SCANNER_SCAN_FILE dat=file:///sdcard/screen_2026-05-29_034738.png flg=0x1400010 cmp=com.android.providers.media.module/com.android.providers.media.MediaService }
05-29 03:47:38.176  1395  1395 W com.android.providers.media.module: type=1400 audit(0.0:426): avc: denied { read } for comm=4173796E635461736B202331 name="primary" dev="tmpfs" ino=28098 scontext=u:r:mediaprovider_app:s0:c129,c256,c512,c768 tcontext=u:object_r:mnt_pass_through_file:s0 tclass=lnk_file permissive=0 app=com.android.providers.media.module
05-29 03:47:38.396     0     0 W audit   : audit_lost=297 audit_rate_limit=5 audit_backlog_limit=64
05-29 03:47:38.406     0     0 E audit   : rate limit exceeded
05-29 03:47:38.176  1395  1395 W com.android.providers.media.module: type=1400 audit(0.0:427): avc: denied { read } for comm=4173796E635461736B202331 name="primary" dev="tmpfs" ino=28098 scontext=u:r:mediaprovider_app:s0:c129,c256,c512,c768 tcontext=u:object_r:mnt_pass_through_file:s0 tclass=lnk_file permissive=0 app=com.android.providers.media.module
05-29 03:47:38.198  1395  1869 W ModernMediaScanner: Failed to visit /sdcard/screen_2026-05-29_034738.png: java.nio.file.AccessDeniedException: /sdcard/screen_2026-05-29_034738.png
05-29 03:47:38.198  1395  1869 I MediaProvider: Scanned internal due to REASON_DEMAND, found 0 items in 20ms, 0 inserts 0 updates 0 deletes
05-29 03:47:38.199  1395  1869 I MediaProvider: End Intent { act=android.intent.action.MEDIA_SCANNER_SCAN_FILE dat=file:///sdcard/screen_2026-05-29_034738.png flg=0x1400010 cmp=com.android.providers.media.module/com.android.providers.media.MediaService }
05-29 03:47:38.176  1395  1395 W com.android.providers.media.module: type=1400 audit(0.0:428): avc: denied { read } for comm=4173796E635461736B202331 name="primary" dev="tmpfs" ino=28098 scontext=u:r:mediaprovider_app:s0:c129,c256,c512,c768 tcontext=u:object_r:mnt_pass_through_file:s0 tclass=lnk_file permissive=0 app=com.android.providers.media.module
05-29 03:47:38.273  1395  1497 I MediaProvider: Deleted 1 items on external_primary due to com.android.shell
05-29 03:47:38.300  5671  5673 I cmd     : oneway function results will be dropped but finished with status OK and parcel size 4
05-29 03:47:38.428   159   159 I hwservicemanager: getTransport: Cannot find entry android.hardware.graphics.mapper@4.0::IMapper/default in either framework or device manifest.
05-29 03:47:38.428  5693  5693 I Gralloc4: mapper 4.x is not supported
05-29 03:47:38.465  5697  5699 I cmd     : oneway function results will be dropped but finished with status OK and parcel size 4
05-29 03:47:38.466  1395  1869 I MediaProvider: Begin Intent { act=android.intent.action.MEDIA_SCANNER_SCAN_FILE dat=file:///sdcard/screen_2026-05-29_034738.png flg=0x1400010 cmp=com.android.providers.media.module/com.android.providers.media.MediaService }
05-29 03:47:38.466  1395  1869 W ModernMediaScanner: Failed to visit /sdcard/screen_2026-05-29_034738.png: java.nio.file.AccessDeniedException: /sdcard/screen_2026-05-29_034738.png
05-29 03:47:38.467  1395  1869 I MediaProvider: Scanned internal due to REASON_DEMAND, found 0 items in 0ms, 0 inserts 0 updates 0 deletes
05-29 03:47:38.467  1395  1869 I MediaProvider: End Intent { act=android.intent.action.MEDIA_SCANNER_SCAN_FILE dat=file:///sdcard/screen_2026-05-29_034738.png flg=0x1400010 cmp=com.android.providers.media.module/com.android.providers.media.MediaService }
05-29 03:47:38.531  1395  2592 I MediaProvider: Deleted 1 items on external_primary due to com.android.shell
05-29 03:47:38.561  5709  5711 I cmd     : oneway function results will be dropped but finished with status OK and parcel size 4
05-29 03:47:38.684   159   159 I hwservicemanager: getTransport: Cannot find entry android.hardware.graphics.mapper@4.0::IMapper/default in either framework or device manifest.
05-29 03:47:38.684  5731  5731 I Gralloc4: mapper 4.x is not supported
05-29 03:47:38.721  5735  5737 I cmd     : oneway function results will be dropped but finished with status OK and parcel size 4
05-29 03:47:38.721  1395  1869 I MediaProvider: Begin Intent { act=android.intent.action.MEDIA_SCANNER_SCAN_FILE dat=file:///sdcard/screen_2026-05-29_034739.png flg=0x1400010 cmp=com.android.providers.media.module/com.android.providers.media.MediaService }
05-29 03:47:38.722  1395  1869 W ModernMediaScanner: Failed to visit /sdcard/screen_2026-05-29_034739.png: java.nio.file.AccessDeniedException: /sdcard/screen_2026-05-29_034739.png
05-29 03:47:38.722  1395  1869 I MediaProvider: Scanned internal due to REASON_DEMAND, found 0 items in 1ms, 0 inserts 0 updates 0 deletes
05-29 03:47:38.723  1395  1869 I MediaProvider: End Intent { act=android.intent.action.MEDIA_SCANNER_SCAN_FILE dat=file:///sdcard/screen_2026-05-29_034739.png flg=0x1400010 cmp=com.android.providers.media.module/com.android.providers.media.MediaService }
05-29 03:47:38.745  1395  1509 I MediaProvider: Deleted 1 items on external_primary due to com.android.shell
05-29 03:47:38.770  5746  5748 I cmd     : oneway function results will be dropped but finished with status OK and parcel size 4
05-29 03:47:38.851  5756  5756 E libc    : Access denied finding property "persist.device_config.runtime_native_boot.profilebootclasspath"
05-29 03:47:38.851  5756  5756 E libc    : Access denied finding property "persist.device_config.runtime_native_boot.enable_apex_image"
05-29 03:47:38.851  5756  5756 I AndroidRuntime: Using default boot image
05-29 03:47:38.851  5756  5756 E libc    : Access denied finding property "persist.device_config.runtime_native_boot.disable_lock_profiling"
05-29 03:47:38.851  5756  5756 I AndroidRuntime: Leaving lock profiling enabled
05-29 03:47:38.851  5756  5756 E libc    : Access denied finding property "persist.device_config.runtime_native_boot.enable_generational_cc"
05-29 03:47:38.853  5756  5756 I app_process: Core platform API reporting enabled, enforcing=false
05-29 03:47:38.893  5756  5756 W app_process: Unexpected CPU variant for X86 using defaults: x86_64
05-29 03:47:38.894  5756  5756 I app_process: The ClassLoaderContext is a special shared library.
05-29 03:47:38.900  5756  5756 W app_process: JNI RegisterNativeMethods: attempt to register 0 native methods for android.media.AudioAttributes
05-29 03:47:38.955   511  5705 W InputReader: Device virtio_input_multi_touch_10 is associated with display ADISPLAY_ID_NONE.
05-29 03:47:38.955   511  5705 W InputReader: Device virtio_input_multi_touch_7 is associated with display ADISPLAY_ID_NONE.
05-29 03:47:38.955   511  5705 W InputReader: Device virtio_input_multi_touch_4 is associated with display ADISPLAY_ID_NONE.
05-29 03:47:38.955   511  5705 W InputReader: Device virtio_input_multi_touch_5 is associated with display ADISPLAY_ID_NONE.
05-29 03:47:38.955   511  5705 W InputReader: Device virtio_input_multi_touch_2 is associated with display ADISPLAY_ID_NONE.
05-29 03:47:38.955   511  5705 W InputReader: Device virtio_input_multi_touch_6 is associated with display ADISPLAY_ID_NONE.
05-29 03:47:38.955   511  5705 W InputReader: Device virtio_input_multi_touch_3 is associated with display ADISPLAY_ID_NONE.
05-29 03:47:38.956   511  5705 W InputReader: Device virtio_input_multi_touch_8 is associated with display ADISPLAY_ID_NONE.
05-29 03:47:38.956   511  5705 W InputReader: Device virtio_input_multi_touch_9 is associated with display ADISPLAY_ID_NONE.
05-29 03:47:38.956   511  5705 W InputReader: Device virtio_input_multi_touch_11 is associated with display ADISPLAY_ID_NONE.
05-29 03:47:38.956   511  5705 W InputReader: Device virtio_input_multi_touch_10 is associated with display ADISPLAY_ID_NONE.
05-29 03:47:38.956   511  5705 W InputReader: Device virtio_input_multi_touch_7 is associated with display ADISPLAY_ID_NONE.
05-29 03:47:38.956   511  5705 W InputReader: Device virtio_input_multi_touch_4 is associated with display ADISPLAY_ID_NONE.
05-29 03:47:38.956   511  5705 W InputReader: Device virtio_input_multi_touch_5 is associated with display ADISPLAY_ID_NONE.
05-29 03:47:38.956   511  5705 W InputReader: Device virtio_input_multi_touch_2 is associated with display ADISPLAY_ID_NONE.
05-29 03:47:38.956   511  5705 W InputReader: Device virtio_input_multi_touch_6 is associated with display ADISPLAY_ID_NONE.
05-29 03:47:38.956   511  5705 W InputReader: Device virtio_input_multi_touch_3 is associated with display ADISPLAY_ID_NONE.
05-29 03:47:38.956   511  5705 W InputReader: Device virtio_input_multi_touch_8 is associated with display ADISPLAY_ID_NONE.
05-29 03:47:38.956   511  5705 W InputReader: Device virtio_input_multi_touch_9 is associated with display ADISPLAY_ID_NONE.
05-29 03:47:38.956   511  5705 W InputReader: Device virtio_input_multi_touch_11 is associated with display ADISPLAY_ID_NONE.
05-29 03:47:39.008   159   159 I hwservicemanager: getTransport: Cannot find entry android.hardware.configstore@1.0::ISurfaceFlingerConfigs/default in either framework or device manifest.
05-29 03:47:39.012   346   346 E Layer   : [Surface(name=Task=9)/@0x85e789b - animation-leash#0] No local sync point found
05-29 03:47:39.012   346   346 E Layer   : [Surface(name=Task=9)/@0x85e789b - animation-leash#0] No local sync point found
05-29 03:47:39.012   346   346 E Layer   : [Surface(name=Task=1)/@0x6104176 - animation-leash#0] No local sync point found
05-29 03:47:39.012   346   346 E Layer   : [Surface(name=Task=1)/@0x6104176 - animation-leash#0] No local sync point found
05-29 03:47:39.157   511  5782 I system_server: The ClassLoaderContext is a special shared library.
05-29 03:47:39.172   511  5782 I chatty  : uid=1000(system) BackgroundDexOp identical 18 lines
05-29 03:47:39.172   511  5782 I system_server: The ClassLoaderContext is a special shared library.
05-29 03:47:39.219  5783  5783 W dex2oat32: Unexpected CPU variant for X86 using defaults: x86_64
05-29 03:47:39.220  5783  5783 I dex2oat32: /apex/com.android.art/bin/dex2oat32 --input-vdex-fd=-1 --output-vdex-fd=9 --updatable-bcp-packages-file=/system/etc/updatable-bcp-packages.txt --resolve-startup-const-strings=true --max-image-block-size=524288 --compiler-filter=verify --classpath-dir=/apex/com.android.os.statsd/javalib --class-loader-context=PCL[];PCL[/system/framework/com.android.location.provider.jar:/system/framework/services.jar:/system/framework/ethernet-service.jar:/apex/com.android.permission/javalib/service-permission.jar:/apex/com.android.wifi/javalib/service-wifi.jar:/apex/com.android.ipsec/javalib/android.net.ipsec.ike.jar] --generate-mini-debug-info --compact-dex-level=none --compilation-reason=boot
05-29 03:47:39.223  5783  5783 I dex2oat32: setting boot class path to /apex/com.android.art/javalib/core-oj.jar:/apex/com.android.art/javalib/core-libart.jar:/apex/com.android.art/javalib/core-icu4j.jar:/apex/com.android.art/javalib/okhttp.jar:/apex/com.android.art/javalib/bouncycastle.jar:/apex/com.android.art/javalib/apache-xml.jar:/system/framework/framework.jar:/system/framework/ext.jar:/system/framework/telephony-common.jar:/system/framework/voip-common.jar:/system/framework/ims-common.jar:/system/framework/framework-atb-backward-compatibility.jar
05-29 03:47:39.252  5783  5783 I dex2oat32: dex2oat took 35.146ms (29.057ms cpu) (threads: 2) arena alloc=0B (0B) java alloc=33KB (34600B) native alloc=1005KB (1030064B) free=1501KB (1537344B)
05-29 03:47:39.256   511  5782 I system_server: The ClassLoaderContext is a special shared library.
05-29 03:47:39.287   511  5782 I chatty  : uid=1000(system) BackgroundDexOp identical 43 lines
05-29 03:47:39.288   511  5782 I system_server: The ClassLoaderContext is a special shared library.
05-29 03:47:39.289   511  5782 I PackageDexOptimizer: Running dexopt (dexoptNeeded=1) on: /data/app/~~lWSGlVufuYNJsIglmoKnWA==/io.github.ylimit.droidbotapp-1abjw-9Q5AoNnLEYZwHMLw==/base.apk pkg=io.github.ylimit.droidbotapp isa=x86_64 dexoptFlags=boot_complete,debuggable,public,enable_hidden_api_checks targetFilter=verify oatDir=/data/app/~~lWSGlVufuYNJsIglmoKnWA==/io.github.ylimit.droidbotapp-1abjw-9Q5AoNnLEYZwHMLw==/oat classLoaderContext=PCL[]{}
05-29 03:47:39.298  5787  5787 W dex2oat32: Unexpected CPU variant for X86 using defaults: x86_64
05-29 03:47:39.298  5787  5787 I dex2oat32: /apex/com.android.art/bin/dex2oat32 --input-vdex-fd=-1 --output-vdex-fd=9 --updatable-bcp-packages-file=/system/etc/updatable-bcp-packages.txt --resolve-startup-const-strings=true --max-image-block-size=524288 --compiler-filter=verify --debuggable --classpath-dir=/data/app/~~lWSGlVufuYNJsIglmoKnWA==/io.github.ylimit.droidbotapp-1abjw-9Q5AoNnLEYZwHMLw== --class-loader-context=PCL[]{} --generate-mini-debug-info --compact-dex-level=none --compilation-reason=boot
05-29 03:47:39.300  5787  5787 I dex2oat32: setting boot class path to /apex/com.android.art/javalib/core-oj.jar:/apex/com.android.art/javalib/core-libart.jar:/apex/com.android.art/javalib/core-icu4j.jar:/apex/com.android.art/javalib/okhttp.jar:/apex/com.android.art/javalib/bouncycastle.jar:/apex/com.android.art/javalib/apache-xml.jar:/system/framework/framework.jar:/system/framework/ext.jar:/system/framework/telephony-common.jar:/system/framework/voip-common.jar:/system/framework/ims-common.jar:/system/framework/framework-atb-backward-compatibility.jar
05-29 03:47:39.379  5787  5787 W dex2oat32: Could not reserve sentinel fault page
05-29 03:47:39.432  5787  5789 W dex2oat32: Accessing hidden method Landroid/graphics/Bitmap;->getHardwareBuffer()Landroid/hardware/HardwareBuffer; (blacklist, linking, denied)
05-29 03:47:39.579  5787  5787 I dex2oat32: dex2oat took 281.288ms (431.757ms cpu) (threads: 2) arena alloc=0B (0B) java alloc=4976KB (5095464B) native alloc=3948KB (4042992B) free=1674KB (1715040B)
05-29 03:47:39.584   511  5782 I system_server: The ClassLoaderContext is a special shared library.
05-29 03:47:39.586   511  5782 I chatty  : uid=1000(system) BackgroundDexOp identical 3 lines
05-29 03:47:39.588   511  5782 I system_server: The ClassLoaderContext is a special shared library.
05-29 03:47:39.588   511  5782 I PackageDexOptimizer: Running dexopt (dexoptNeeded=1) on: /data/app/~~5FvoLNOpwQTs7sxyRl34Yw==/com.mocoding.pokedex.android-pzBjBMg5hY_CnuJM6chofg==/base.apk pkg=com.mocoding.pokedex.android isa=x86_64 dexoptFlags=boot_complete,debuggable,public,enable_hidden_api_checks targetFilter=verify oatDir=/data/app/~~5FvoLNOpwQTs7sxyRl34Yw==/com.mocoding.pokedex.android-pzBjBMg5hY_CnuJM6chofg==/oat classLoaderContext=PCL[]{}
05-29 03:47:39.596  5791  5791 W dex2oat32: Unexpected CPU variant for X86 using defaults: x86_64
05-29 03:47:39.597  5791  5791 I dex2oat32: /apex/com.android.art/bin/dex2oat32 --input-vdex-fd=-1 --output-vdex-fd=9 --updatable-bcp-packages-file=/system/etc/updatable-bcp-packages.txt --resolve-startup-const-strings=true --max-image-block-size=524288 --compiler-filter=verify --debuggable --classpath-dir=/data/app/~~5FvoLNOpwQTs7sxyRl34Yw==/com.mocoding.pokedex.android-pzBjBMg5hY_CnuJM6chofg== --class-loader-context=PCL[]{} --generate-mini-debug-info --compact-dex-level=none --compilation-reason=boot
05-29 03:47:39.598  5791  5791 I dex2oat32: setting boot class path to /apex/com.android.art/javalib/core-oj.jar:/apex/com.android.art/javalib/core-libart.jar:/apex/com.android.art/javalib/core-icu4j.jar:/apex/com.android.art/javalib/okhttp.jar:/apex/com.android.art/javalib/bouncycastle.jar:/apex/com.android.art/javalib/apache-xml.jar:/system/framework/framework.jar:/system/framework/ext.jar:/system/framework/telephony-common.jar:/system/framework/voip-common.jar:/system/framework/ims-common.jar:/system/framework/framework-atb-backward-compatibility.jar
05-29 03:47:40.454   159   159 I hwservicemanager: getTransport: Cannot find entry android.hardware.graphics.mapper@4.0::IMapper/default in either framework or device manifest.
05-29 03:47:40.454  5807  5807 I Gralloc4: mapper 4.x is not supported
05-29 03:47:40.523  5791  5791 I dex2oat32: Large app, accepted running with swap.
05-29 03:47:40.533  5811  5814 I cmd     : oneway function results will be dropped but finished with status OK and parcel size 4
05-29 03:47:40.535  1395  1869 I MediaProvider: Begin Intent { act=android.intent.action.MEDIA_SCANNER_SCAN_FILE dat=file:///sdcard/screen_2026-05-29_034740.png flg=0x1400010 cmp=com.android.providers.media.module/com.android.providers.media.MediaService }
05-29 03:47:40.765     0     0 W audit   : audit_lost=314 audit_rate_limit=5 audit_backlog_limit=64
05-29 03:47:40.768     0     0 E audit   : rate limit exceeded
05-29 03:47:40.553  1395  1869 W ModernMediaScanner: Failed to visit /sdcard/screen_2026-05-29_034740.png: java.nio.file.AccessDeniedException: /sdcard/screen_2026-05-29_034740.png
05-29 03:47:40.556  1395  1869 I MediaProvider: Scanned internal due to REASON_DEMAND, found 0 items in 11ms, 0 inserts 0 updates 0 deletes
05-29 03:47:40.560  1395  1869 I MediaProvider: End Intent { act=android.intent.action.MEDIA_SCANNER_SCAN_FILE dat=file:///sdcard/screen_2026-05-29_034740.png flg=0x1400010 cmp=com.android.providers.media.module/com.android.providers.media.MediaService }
05-29 03:47:40.532  1395  1395 W com.android.providers.media.module: type=1400 audit(0.0:448): avc: denied { read } for comm=4173796E635461736B202331 name="primary" dev="tmpfs" ino=28098 scontext=u:r:mediaprovider_app:s0:c129,c256,c512,c768 tcontext=u:object_r:mnt_pass_through_file:s0 tclass=lnk_file permissive=0 app=com.android.providers.media.module
05-29 03:47:40.588  1395  1497 I MediaProvider: Deleted 1 items on external_primary due to com.android.shell
05-29 03:47:40.544  1395  1395 W com.android.providers.media.module: type=1400 audit(0.0:450): avc: denied { read } for comm=4173796E635461736B202331 name="primary" dev="tmpfs" ino=28098 scontext=u:r:mediaprovider_app:s0:c129,c256,c512,c768 tcontext=u:object_r:mnt_pass_through_file:s0 tclass=lnk_file permissive=0 app=com.android.providers.media.module
05-29 03:47:40.808   159   159 I hwservicemanager: getTransport: Cannot find entry android.hardware.graphics.mapper@4.0::IMapper/default in either framework or device manifest.
05-29 03:47:40.809  5845  5845 I Gralloc4: mapper 4.x is not supported
05-29 03:47:40.889  1395  1869 I MediaProvider: Begin Intent { act=android.intent.action.MEDIA_SCANNER_SCAN_FILE dat=file:///sdcard/screen_2026-05-29_034741.png flg=0x1400010 cmp=com.android.providers.media.module/com.android.providers.media.MediaService }
05-29 03:47:40.893  1395  1869 W ModernMediaScanner: Failed to visit /sdcard/screen_2026-05-29_034741.png: java.nio.file.AccessDeniedException: /sdcard/screen_2026-05-29_034741.png
05-29 03:47:40.893  1395  1869 I MediaProvider: Scanned internal due to REASON_DEMAND, found 0 items in 1ms, 0 inserts 0 updates 0 deletes
05-29 03:47:40.897  1395  1869 I MediaProvider: End Intent { act=android.intent.action.MEDIA_SCANNER_SCAN_FILE dat=file:///sdcard/screen_2026-05-29_034741.png flg=0x1400010 cmp=com.android.providers.media.module/com.android.providers.media.MediaService }
05-29 03:47:40.918  1395  1497 I MediaProvider: Deleted 1 items on external_primary due to com.android.shell
05-29 03:47:40.972  5862  5863 I cmd     : oneway function results will be dropped but finished with status OK and parcel size 4
05-29 03:47:41.143   159   159 I hwservicemanager: getTransport: Cannot find entry android.hardware.graphics.mapper@4.0::IMapper/default in either framework or device manifest.
05-29 03:47:41.143  5885  5885 I Gralloc4: mapper 4.x is not supported
05-29 03:47:41.223  1395  1869 I MediaProvider: Begin Intent { act=android.intent.action.MEDIA_SCANNER_SCAN_FILE dat=file:///sdcard/screen_2026-05-29_034741.png flg=0x1400010 cmp=com.android.providers.media.module/com.android.providers.media.MediaService }
05-29 03:47:41.224  1395  1869 W ModernMediaScanner: Failed to visit /sdcard/screen_2026-05-29_034741.png: java.nio.file.AccessDeniedException: /sdcard/screen_2026-05-29_034741.png
05-29 03:47:41.224  1395  1869 I MediaProvider: Scanned internal due to REASON_DEMAND, found 0 items in 1ms, 0 inserts 0 updates 0 deletes
05-29 03:47:41.225  1395  1869 I MediaProvider: End Intent { act=android.intent.action.MEDIA_SCANNER_SCAN_FILE dat=file:///sdcard/screen_2026-05-29_034741.png flg=0x1400010 cmp=com.android.providers.media.module/com.android.providers.media.MediaService }
05-29 03:47:41.260  1395  1509 I MediaProvider: Deleted 1 items on external_primary due to com.android.shell
05-29 03:47:41.304  5900  5901 I cmd     : oneway function results will be dropped but finished with status OK and parcel size 4
05-29 03:47:41.355   511  1551 I ActivityTaskManager: START u0 {act=android.intent.action.MAIN cat=[android.intent.category.LAUNCHER] flg=0x10000000 cmp=com.mocoding.pokedex.android/.MainActivity} from uid 2000
05-29 03:47:41.359  5912  5913 I cmd     : oneway function results will be dropped but finished with status OK and parcel size 4
05-29 03:47:41.360   511  5705 W ActivityTaskManager: Tried to set launchTime (0) < mLastActivityLaunchTime (35768)
05-29 03:47:41.360   511  5705 W InputReader: Device virtio_input_multi_touch_10 is associated with display ADISPLAY_ID_NONE.
05-29 03:47:41.360   511  5705 W InputReader: Device virtio_input_multi_touch_7 is associated with display ADISPLAY_ID_NONE.
05-29 03:47:41.360   511  5705 W InputReader: Device virtio_input_multi_touch_4 is associated with display ADISPLAY_ID_NONE.
05-29 03:47:41.360   511  5705 W InputReader: Device virtio_input_multi_touch_5 is associated with display ADISPLAY_ID_NONE.
05-29 03:47:41.360   511  5705 W InputReader: Device virtio_input_multi_touch_2 is associated with display ADISPLAY_ID_NONE.
05-29 03:47:41.360   511  5705 W InputReader: Device virtio_input_multi_touch_6 is associated with display ADISPLAY_ID_NONE.
05-29 03:47:41.360   511  5705 W InputReader: Device virtio_input_multi_touch_3 is associated with display ADISPLAY_ID_NONE.
05-29 03:47:41.360   511  5705 W InputReader: Device virtio_input_multi_touch_8 is associated with display ADISPLAY_ID_NONE.
05-29 03:47:41.360   511  5705 W InputReader: Device virtio_input_multi_touch_9 is associated with display ADISPLAY_ID_NONE.
05-29 03:47:41.360   511  5705 W InputReader: Device virtio_input_multi_touch_11 is associated with display ADISPLAY_ID_NONE.
05-29 03:47:41.360   511  5705 W InputReader: Device virtio_input_multi_touch_10 is associated with display ADISPLAY_ID_NONE.
05-29 03:47:41.360   511  5705 W InputReader: Device virtio_input_multi_touch_7 is associated with display ADISPLAY_ID_NONE.
05-29 03:47:41.360   511  5705 W InputReader: Device virtio_input_multi_touch_4 is associated with display ADISPLAY_ID_NONE.
05-29 03:47:41.360   511  5705 W InputReader: Device virtio_input_multi_touch_5 is associated with display ADISPLAY_ID_NONE.
05-29 03:47:41.360   511  5705 W InputReader: Device virtio_input_multi_touch_2 is associated with display ADISPLAY_ID_NONE.
05-29 03:47:41.360   511  5705 W InputReader: Device virtio_input_multi_touch_6 is associated with display ADISPLAY_ID_NONE.
05-29 03:47:41.360   511  5705 W InputReader: Device virtio_input_multi_touch_3 is associated with display ADISPLAY_ID_NONE.
05-29 03:47:41.360   511  5705 W InputReader: Device virtio_input_multi_touch_8 is associated with display ADISPLAY_ID_NONE.
05-29 03:47:41.360   511  5705 W InputReader: Device virtio_input_multi_touch_9 is associated with display ADISPLAY_ID_NONE.
05-29 03:47:41.360   511  5705 W InputReader: Device virtio_input_multi_touch_11 is associated with display ADISPLAY_ID_NONE.
05-29 03:47:41.360   404   404 I perfetto: ing_service_impl.cc:758 Configured tracing session 6, #sources:1, duration:5000 ms, #buffers:1, total buffer size:4096 KB, total sessions:1, uid:1071 session name: ""
05-29 03:47:41.361   403   403 I perfetto: probes_producer.cc:230  Ftrace setup (target_buf=6)
05-29 03:47:41.381   403   403 I perfetto: ftrace_procfs.cc:176    enabled ftrace
05-29 03:47:41.598     0     0 W perfetto: enabled ftrace
05-29 03:47:41.542   511   549 I ActivityTaskManager: Displayed com.mocoding.pokedex.android/.MainActivity: +186ms
05-29 03:47:41.770  5791  5791 I dex2oat32: Explicit concurrent copying GC freed 73138(10MB) AllocSpace objects, 0(0B) LOS objects, 99% free, 8968B/1544KB, paused 16us total 21.104ms
05-29 03:47:41.774  5791  5791 I dex2oat32: Explicit concurrent copying GC freed 422(77KB) AllocSpace objects, 0(0B) LOS objects, 99% free, 11KB/1547KB, paused 7us total 1.167ms
05-29 03:47:41.781  5791  5791 I dex2oat32: Explicit concurrent copying GC freed 1438(205KB) AllocSpace objects, 0(0B) LOS objects, 99% free, 13KB/1549KB, paused 7us total 1.232ms
05-29 03:47:41.785  5791  5791 I dex2oat32: Explicit concurrent copying GC freed 881(125KB) AllocSpace objects, 0(0B) LOS objects, 98% free, 16KB/1552KB, paused 7us total 1.184ms
05-29 03:47:41.789  5791  5791 I dex2oat32: Explicit concurrent copying GC freed 443(61KB) AllocSpace objects, 0(0B) LOS objects, 98% free, 18KB/1554KB, paused 7us total 1.350ms
05-29 03:47:41.793  5791  5791 I dex2oat32: Explicit concurrent copying GC freed 524(77KB) AllocSpace objects, 0(0B) LOS objects, 98% free, 21KB/1557KB, paused 7us total 1.179ms
05-29 03:47:41.796  5791  5791 I dex2oat32: Explicit concurrent copying GC freed 258(45KB) AllocSpace objects, 0(0B) LOS objects, 98% free, 23KB/1559KB, paused 6us total 1.227ms
05-29 03:47:41.798  5791  5791 I dex2oat32: Explicit concurrent copying GC freed 169(29KB) AllocSpace objects, 0(0B) LOS objects, 98% free, 26KB/1562KB, paused 6us total 1.198ms
05-29 03:47:41.801  5791  5791 I dex2oat32: Explicit concurrent copying GC freed 243(45KB) AllocSpace objects, 0(0B) LOS objects, 98% free, 28KB/1564KB, paused 7us total 1.149ms
05-29 03:47:41.804  5791  5791 I dex2oat32: Explicit concurrent copying GC freed 267(61KB) AllocSpace objects, 0(0B) LOS objects, 98% free, 31KB/1567KB, paused 7us total 1.180ms
05-29 03:47:41.809  5791  5791 I dex2oat32: Explicit concurrent copying GC freed 866(141KB) AllocSpace objects, 0(0B) LOS objects, 97% free, 33KB/1569KB, paused 7us total 1.198ms
05-29 03:47:41.812  5791  5791 I dex2oat32: Explicit concurrent copying GC freed 400(61KB) AllocSpace objects, 0(0B) LOS objects, 97% free, 36KB/1572KB, paused 7us total 1.230ms
05-29 03:47:41.816  5791  5791 I dex2oat32: Explicit concurrent copying GC freed 743(109KB) AllocSpace objects, 0(0B) LOS objects, 97% free, 39KB/1575KB, paused 7us total 1.279ms
05-29 03:47:41.820  5791  5791 I dex2oat32: Explicit concurrent copying GC freed 468(61KB) AllocSpace objects, 0(0B) LOS objects, 97% free, 41KB/1577KB, paused 7us total 1.256ms
05-29 03:47:41.823  5791  5791 I dex2oat32: Explicit concurrent copying GC freed 185(29KB) AllocSpace objects, 0(0B) LOS objects, 97% free, 44KB/1580KB, paused 7us total 1.188ms
05-29 03:47:41.826  5791  5791 I dex2oat32: Explicit concurrent copying GC freed 659(141KB) AllocSpace objects, 0(0B) LOS objects, 97% free, 46KB/1582KB, paused 6us total 1.196ms
05-29 03:47:41.829  5791  5791 I dex2oat32: Explicit concurrent copying GC freed 261(63KB) AllocSpace objects, 0(0B) LOS objects, 96% free, 49KB/1585KB, paused 6us total 1.244ms
05-29 03:47:41.873  5791  5791 W dex2oat32: Accessing hidden method Landroid/graphics/Canvas;->drawPatch(Landroid/graphics/NinePatch;Landroid/graphics/Rect;Landroid/graphics/Paint;)V (greylist-max-o, linking, denied)
05-29 03:47:41.873  5791  5791 W dex2oat32: Accessing hidden method Landroid/graphics/Canvas;->drawPatch(Landroid/graphics/NinePatch;Landroid/graphics/RectF;Landroid/graphics/Paint;)V (greylist-max-o, linking, denied)
05-29 03:47:41.892  5791  5949 W dex2oat32: Accessing hidden method Landroid/graphics/Bitmap;->getHardwareBuffer()Landroid/hardware/HardwareBuffer; (blacklist, linking, denied)
05-29 03:47:42.037  5791  5791 W dex2oat32: Accessing hidden method Landroid/graphics/ImageDecoder;->createSource([B)Landroid/graphics/ImageDecoder$Source; (greylist-max-o, linking, denied)
05-29 03:47:42.049  5791  5949 W dex2oat32: Class androidx.compose.runtime.snapshots.SnapshotStateMap failed lock verification and will run slower.
05-29 03:47:42.049  5791  5949 W dex2oat32: Common causes for lock verification issues are non-optimized dex code
05-29 03:47:42.049  5791  5949 W dex2oat32: and incorrect proguard optimizations.
05-29 03:47:42.101  5791  5949 W dex2oat32: Class androidx.compose.runtime.snapshots.SnapshotStateList failed lock verification and will run slower.
05-29 03:47:42.135  5791  5791 I dex2oat32: Explicit concurrent copying GC freed 40779(6059KB) AllocSpace objects, 0(0B) LOS objects, 94% free, 88KB/1624KB, paused 9us total 9.564ms
05-29 03:47:42.298  5791  5791 I dex2oat32: Explicit concurrent copying GC freed 26378(3440KB) AllocSpace objects, 0(0B) LOS objects, 94% free, 96KB/1632KB, paused 8us total 4.641ms
05-29 03:47:42.307  5791  5791 I dex2oat32: dex2oat took 2.711s (3.194s cpu) (threads: 2) arena alloc=0B (0B) java alloc=96KB (98792B) native alloc=7505KB (7685616B) free=2118KB (2169424B) swap=16MB (16777216B)
05-29 03:47:42.314   511  5782 I system_server: The ClassLoaderContext is a special shared library.
05-29 03:47:42.331   511  5782 I chatty  : uid=1000(system) BackgroundDexOp identical 19 lines
05-29 03:47:42.332   511  5782 I system_server: The ClassLoaderContext is a special shared library.
05-29 03:47:42.332   511  5782 I BackgroundDexOptService: Pinning optimized code {android, io.github.ylimit.droidbotapp, com.mocoding.pokedex.android}
