05-29 03:47:12.998  4010  4010 I AndroidRuntime: Using default boot image
05-29 03:47:12.998  4010  4010 E libc    : Access denied finding property "persist.device_config.runtime_native_boot.disable_lock_profiling"
05-29 03:47:12.998  4010  4010 I AndroidRuntime: Leaving lock profiling enabled
05-29 03:47:12.998  4010  4010 E libc    : Access denied finding property "persist.device_config.runtime_native_boot.enable_generational_cc"
05-29 03:47:12.999  4010  4010 I app_process: Core platform API reporting enabled, enforcing=false
05-29 03:47:13.038  4010  4010 W app_process: Unexpected CPU variant for X86 using defaults: x86_64
05-29 03:47:13.039  4010  4010 I app_process: The ClassLoaderContext is a special shared library.
05-29 03:47:13.045  4010  4010 W app_process: JNI RegisterNativeMethods: attempt to register 0 native methods for android.media.AudioAttributes
05-29 03:47:14.775   159   159 I hwservicemanager: getTransport: Cannot find entry android.hardware.graphics.mapper@4.0::IMapper/default in either framework or device manifest.
05-29 03:47:14.775  4043  4043 I Gralloc4: mapper 4.x is not supported
05-29 03:47:14.832  1395  1869 I MediaProvider: Begin Intent { act=android.intent.action.MEDIA_SCANNER_SCAN_FILE dat=file:///sdcard/screen_2026-05-29_034715.png flg=0x1400010 cmp=com.android.providers.media.module/com.android.providers.media.MediaService }
05-29 03:47:14.836  4047  4049 I cmd     : oneway function results will be dropped but finished with status OK and parcel size 4
05-29 03:47:15.050     0     0 W audit   : audit_lost=144 audit_rate_limit=5 audit_backlog_limit=64
05-29 03:47:15.061     0     0 E audit   : rate limit exceeded
05-29 03:47:14.845  1395  1869 W ModernMediaScanner: Failed to visit /sdcard/screen_2026-05-29_034715.png: java.nio.file.AccessDeniedException: /sdcard/screen_2026-05-29_034715.png
05-29 03:47:14.845  1395  1869 I MediaProvider: Scanned internal due to REASON_DEMAND, found 0 items in 13ms, 0 inserts 0 updates 0 deletes
05-29 03:47:14.846  1395  1869 I MediaProvider: End Intent { act=android.intent.action.MEDIA_SCANNER_SCAN_FILE dat=file:///sdcard/screen_2026-05-29_034715.png flg=0x1400010 cmp=com.android.providers.media.module/com.android.providers.media.MediaService }
05-29 03:47:14.832  1395  1395 W com.android.providers.media.module: type=1400 audit(0.0:228): avc: denied { read } for comm=4173796E635461736B202331 name="primary" dev="tmpfs" ino=28098 scontext=u:r:mediaprovider_app:s0:c129,c256,c512,c768 tcontext=u:object_r:mnt_pass_through_file:s0 tclass=lnk_file permissive=0 app=com.android.providers.media.module
05-29 03:47:14.867  1395  1509 I MediaProvider: Deleted 1 items on external_primary due to com.android.shell
05-29 03:47:14.832  1395  1395 W com.android.providers.media.module: type=1400 audit(0.0:231): avc: denied { read } for comm=4173796E635461736B202331 name="primary" dev="tmpfs" ino=28098 scontext=u:r:mediaprovider_app:s0:c129,c256,c512,c768 tcontext=u:object_r:mnt_pass_through_file:s0 tclass=lnk_file permissive=0 app=com.android.providers.media.module
05-29 03:47:14.901  4058  4060 I cmd     : oneway function results will be dropped but finished with status OK and parcel size 4
05-29 03:47:15.019   159   159 I hwservicemanager: getTransport: Cannot find entry android.hardware.graphics.mapper@4.0::IMapper/default in either framework or device manifest.
05-29 03:47:15.019  4080  4080 I Gralloc4: mapper 4.x is not supported
05-29 03:47:15.076  1395  1869 I MediaProvider: Begin Intent { act=android.intent.action.MEDIA_SCANNER_SCAN_FILE dat=file:///sdcard/screen_2026-05-29_034715.png flg=0x1400010 cmp=com.android.providers.media.module/com.android.providers.media.MediaService }
05-29 03:47:15.077  1395  1869 W ModernMediaScanner: Failed to visit /sdcard/screen_2026-05-29_034715.png: java.nio.file.AccessDeniedException: /sdcard/screen_2026-05-29_034715.png
05-29 03:47:15.077  1395  1869 I MediaProvider: Scanned internal due to REASON_DEMAND, found 0 items in 1ms, 0 inserts 0 updates 0 deletes
05-29 03:47:15.078  1395  1869 I MediaProvider: End Intent { act=android.intent.action.MEDIA_SCANNER_SCAN_FILE dat=file:///sdcard/screen_2026-05-29_034715.png flg=0x1400010 cmp=com.android.providers.media.module/com.android.providers.media.MediaService }
05-29 03:47:15.096  1395  2592 I MediaProvider: Deleted 1 items on external_primary due to com.android.shell
05-29 03:47:15.121  4095  4097 I cmd     : oneway function results will be dropped but finished with status OK and parcel size 4
05-29 03:47:15.251   159   159 I hwservicemanager: getTransport: Cannot find entry android.hardware.graphics.mapper@4.0::IMapper/default in either framework or device manifest.
05-29 03:47:15.251  4119  4119 I Gralloc4: mapper 4.x is not supported
05-29 03:47:15.307  4123  4125 I cmd     : oneway function results will be dropped but finished with status OK and parcel size 4
05-29 03:47:15.308  1395  1869 I MediaProvider: Begin Intent { act=android.intent.action.MEDIA_SCANNER_SCAN_FILE dat=file:///sdcard/screen_2026-05-29_034715.png flg=0x1400010 cmp=com.android.providers.media.module/com.android.providers.media.MediaService }
05-29 03:47:15.309  1395  1869 W ModernMediaScanner: Failed to visit /sdcard/screen_2026-05-29_034715.png: java.nio.file.AccessDeniedException: /sdcard/screen_2026-05-29_034715.png
05-29 03:47:15.309  1395  1869 I MediaProvider: Scanned internal due to REASON_DEMAND, found 0 items in 1ms, 0 inserts 0 updates 0 deletes
05-29 03:47:15.309  1395  1869 I MediaProvider: End Intent { act=android.intent.action.MEDIA_SCANNER_SCAN_FILE dat=file:///sdcard/screen_2026-05-29_034715.png flg=0x1400010 cmp=com.android.providers.media.module/com.android.providers.media.MediaService }
05-29 03:47:15.332  1395  1497 I MediaProvider: Deleted 1 items on external_primary due to com.android.shell
05-29 03:47:15.358  4134  4136 I cmd     : oneway function results will be dropped but finished with status OK and parcel size 4
05-29 03:47:15.406  4149  4151 I cmd     : oneway function results will be dropped but finished with status OK and parcel size 4
05-29 03:47:15.453  4164  4166 I cmd     : oneway function results will be dropped but finished with status OK and parcel size 4
05-29 03:47:15.499  4179  4181 I cmd     : oneway function results will be dropped but finished with status OK and parcel size 4
05-29 03:47:15.577  4191  4191 E libc    : Access denied finding property "persist.device_config.runtime_native_boot.profilebootclasspath"
05-29 03:47:15.577  4191  4191 E libc    : Access denied finding property "persist.device_config.runtime_native_boot.enable_apex_image"
05-29 03:47:15.577  4191  4191 I AndroidRuntime: Using default boot image
05-29 03:47:15.577  4191  4191 E libc    : Access denied finding property "persist.device_config.runtime_native_boot.disable_lock_profiling"
05-29 03:47:15.577  4191  4191 I AndroidRuntime: Leaving lock profiling enabled
05-29 03:47:15.577  4191  4191 E libc    : Access denied finding property "persist.device_config.runtime_native_boot.enable_generational_cc"
05-29 03:47:15.578  4191  4191 I app_process: Core platform API reporting enabled, enforcing=false
05-29 03:47:15.616  4191  4191 W app_process: Unexpected CPU variant for X86 using defaults: x86_64
05-29 03:47:15.617  4191  4191 I app_process: The ClassLoaderContext is a special shared library.
05-29 03:47:15.623  4191  4191 W app_process: JNI RegisterNativeMethods: attempt to register 0 native methods for android.media.AudioAttributes
05-29 03:47:15.834  2658  2823 I System.out: 03:47:15.834 [DefaultDispatcher-worker-4] INFO io.ktor.client.HttpClient - REQUEST: https://pokeapi.co/api/v2/pokemon/ivysaur
05-29 03:47:15.834  2658  2823 I System.out: METHOD: HttpMethod(value=GET)
05-29 03:47:15.834  2658  2823 I System.out: COMMON HEADERS
05-29 03:47:15.834  2658  2823 I System.out: -> Accept: application/json
05-29 03:47:15.834  2658  2823 I System.out: -> Accept-Charset: UTF-8
05-29 03:47:15.834  2658  2823 I System.out: -> Content-Type: application/json
05-29 03:47:15.834  2658  2823 I System.out: CONTENT HEADERS
05-29 03:47:15.834  2658  2823 I System.out: -> Content-Length: 0
05-29 03:47:15.834  2658  2823 I System.out: BODY Content-Type: null
05-29 03:47:15.834  2658  2823 I System.out: BODY START
05-29 03:47:15.834  2658  2823 I System.out: 
05-29 03:47:15.834  2658  2823 I System.out: BODY END
05-29 03:47:15.928  2658  2827 I System.out: 03:47:15.916 [DefaultDispatcher-worker-8] INFO io.ktor.client.HttpClient - RESPONSE: 200 OK
05-29 03:47:15.928  2658  2827 I System.out: METHOD: HttpMethod(value=GET)
05-29 03:47:15.928  2658  2827 I System.out: FROM: https://pokeapi.co/api/v2/pokemon/ivysaur
05-29 03:47:15.928  2658  2827 I System.out: COMMON HEADERS
05-29 03:47:15.928  2658  2827 I System.out: -> access-control-allow-origin: *
05-29 03:47:15.928  2658  2827 I System.out: -> age: 75377
05-29 03:47:15.928  2658  2827 I System.out: -> alt-svc: h3=":443"; ma=86400
05-29 03:47:15.928  2658  2827 I System.out: -> cache-control: public, max-age=86400, s-maxage=86400
05-29 03:47:15.928  2658  2827 I System.out: -> cf-cache-status: HIT
05-29 03:47:15.928  2658  2827 I System.out: -> cf-ray: a032844b5dd5c5b7-IAD
05-29 03:47:15.928  2658  2827 I System.out: -> connection: keep-alive
05-29 03:47:15.928  2658  2827 I System.out: -> content-type: application/json; charset=utf-8
05-29 03:47:15.928  2658  2827 I System.out: -> date: Fri, 29 May 2026 03:47:16 GMT
05-29 03:47:15.928  2658  2827 I System.out: -> etag: W/"3a208-UaeAV+hyIAKhsYxQ2HzouJGTqQg"
05-29 03:47:15.929  2658  2827 I System.out: -> function-execution-id: gnq8jn5ej7we
05-29 03:47:15.929  2658  2827 I System.out: -> nel: {"report_to":"cf-nel","success_fraction":0.0,"max_age":604800}
05-29 03:47:15.929  2658  2827 I System.out: -> report-to: {"group":"cf-nel","max_age":604800,"endpoints":[{"url":"https://a.nel.cloudflare.com/report/v4?s=juNwOJRvJ8tau9cI5jEJjjf3LySjBe8Yhq3y1e%2BiDhUh2jOi6nMySpZfekNErgEbnVp%2BPn94dKBbHnlpkmbwZIBOWnZsqukZxzWhVIaJQ0ewWkCSMovwcvly81xt"}]}
05-29 03:47:15.929  2658  2827 I System.out: -> server: cloudflare
05-29 03:47:15.929  2658  2827 I System.out: -> strict-transport-security: max-age=31556926
05-29 03:47:15.929  2658  2827 I System.out: -> transfer-encoding: chunked
05-29 03:47:15.929  2658  2827 I System.out: -> vary: Accept-Encoding,cookie,need-authorization, x-fh-requested-host, accept-encoding
05-29 03:47:15.929  2658  2827 I System.out: -> x-android-received-millis: 1780026435852
05-29 03:47:15.929  2658  2827 I System.out: -> x-android-response-source: NETWORK 200
05-29 03:47:15.929  2658  2827 I System.out: -> x-android-selected-protocol: http/1.1
05-29 03:47:15.929  2658  2827 I System.out: -> x-android-sent-millis: 1780026435836
05-29 03:47:15.929  2658  2827 I System.out: -> x-cache: HIT
05-29 03:47:15.929  2658  2827 I System.out: -> x-cache-hits: 0
05-29 03:47:15.929  2658  2827 I System.out: -> x-cloud-trace-context: 7caf5a02d49e4cabe76f7a6477938c93
05-29 03:47:15.929  2658  2827 I System.out: -> x-country-code: US
05-29 03:47:15.929  2658  2827 I System.out: -> x-orig-accept-language: en-US,en;q=0.9
05-29 03:47:15.929  2658  2827 I System.out: -> x-powered-by: Express
05-29 03:47:15.929  2658  2827 I System.out: -> x-served-by: cache-lga21945-LGA
05-29 03:47:15.929  2658  2827 I System.out: -> x-timer: S1769781181.428638,VS0,VE2
05-29 03:47:15.929  2658  2827 I System.out: BODY Content-Type: application/json; charset=utf-8
05-29 03:47:15.929  2658  2827 I System.out: BODY START
05-29 03:47:15.931  2658  2827 I System.out: {"abilities":[{"ability":{"name":"overgrow","url":"https://pokeapi.co/api/v2/ability/65/"},"is_hidden":false,"slot":1},{"ability":{"name":"chlorophyll","url":"https://pokeapi.co/api/v2/ability/34/"},"is_hidden":true,"slot":3}],"base_experience":142,"cries":{"latest":"https://raw.githubusercontent.com/PokeAPI/cries/main/cries/pokemon/latest/2.ogg","legacy":"https://raw.githubusercontent.com/PokeAPI/cries/main/cries/pokemon/legacy/2.ogg"},"forms":[{"name":"ivysaur","url":"https://pokeapi.co/api/v2/pokemon-form/2/"}],"game_indices":[{"game_index":9,"version":{"name":"red","url":"https://pokeapi.co/api/v2/version/1/"}},{"game_index":9,"version":{"name":"blue","url":"https://pokeapi.co/api/v2/version/2/"}},{"game_index":9,"version":{"name":"yellow","url":"https://pokeapi.co/api/v2/version/3/"}},{"game_index":2,"version":{"name":"gold","url":"https://pokeapi.co/api/v2/version/4/"}},{"game_index":2,"version":{"name":"silver","url":"https://pokeapi.co/api/v2/version/5/"}},{"game_index":2,"version":{"name":"crystal","url":"https://pokeapi.co/api/v2/version/6/"}},{"game_index":2,"version":{"name":"ruby","url":"https://pokeapi.co/api/v2/version/7/"}},{"game_index":2,"version":{"name":"sapphire","url":"https://pokeapi.co/api/v2/version/8/"}},{"game_index":2,"version":{"name":"emerald","url":"https://pokeapi.co/api/v2/version/9/"}},{"game_index":2,"version":{"name":"firered","url":"https://pokeapi.co/api/v2/version/10/"}},{"game_index":2,"version":{"name":"leafgreen","url":"https://pokeapi.co/api/v2/version/11/"}},{"game_index":2,"version":{"name":"diamond","url":"https://pokeapi.co/api/v2/version/12/"}},{"game_index":2,"version":{"name":"pearl","url":"https://pokeapi.co/api/v2/version/13/"}},{"game_index":2,"version":{"name":"platinum","url":"https://pokeapi.co/api/v2/version/14/"}},{"game_index":2,"version":{"name":"heartgold","url":"https://pokeapi.co/api/v2/version/15/"}},{"game_index":2,"version":{"name":"soulsilver","url":"https://pokeapi.co/api/v2/version/16/"}},{"game_index":2,"version":{"name":"black","url":"https://pokeapi.co/api/v2/version/17/"}},{"game_index":2,"version":{"name":"white","url":"https://pokeapi.co/api/v2/version/18/"}},{"game_index":2,"version":{"name":"black-2","url":"https://pokeapi.co/api/v2/version/21/"}},{"game_index":2,"version":{"name":"white-2","url":"https://pokeapi.co/api/v2/version/22/"}}],"height":10,"held_items":[],"id":2,"is_default":true,"location_area_encounters":"https://pokeapi.co/api/v2/pokemon/2/encounters","moves":[{"move":{"name":"swords-dance","url":"https://pokeapi.co/api/v2/move/14/"},"version_group_details":[{"level_learned_at":0,"move_learn_method":{"name":"machine","url":"https://pokeapi.co/api/v2/move-learn-method/4/"},"order":null,"version_group":{"name":"red-blue","url":"https://pokeapi.co/api/v2/version-group/1/"}},{"level_learned_at":0,"move_learn_method":{"name":"machine","url":"https://pokeapi.co/api/v2/move-learn-method/4/"},"order":null,"version_group":{"name":"yellow","url":"https://pokeapi.co/api/v2/version-group/2/"}},{"level_learned_at":0,"move_learn_method":{"name":"tutor","url":"https://pokeapi.co/api/v2/move-learn-method/3/"},"order":null,"version_group":{"name":"emerald","url":"https://pokeapi.co/api/v2/version-group/6/"}},{"level_learned_at":0,"move_learn_method":{"name":"tutor","url":"https://pokeapi.co/api/v2/move-learn-method/3/"},"order":null,"version_group":{"name":"firered-leafgreen","url":"https://pokeapi.co/api/v2/version-group/7/"}},{"level_learned_at":0,"move_learn_method":{"name":"machine","url":"https://pokeapi.co/api/v2/move-learn-method/4/"},"order":null,"version_group":{"name":"diamond-pearl","url":"https://pokeapi.co/api/v2/version-group/8/"}},{"level_learned_at":0,"move_learn_method":{"name":"machine","url":"https://pokeapi.co/api/v2/move-learn-method/4/"},"order":null,"version_group":{"name":"platinum","url":"https://pokeapi.co/api/v2/version-group/9/"}},{"level_learned_at":0,"move_learn_method":{"name":"machine","url":"https://pokeapi.co/api/v2/move-learn-method/4/"},"order":null,"version_group":{"name"
05-29 03:47:15.931  2658  2827 I System.out: BODY END
05-29 03:47:17.340   159   159 I hwservicemanager: getTransport: Cannot find entry android.hardware.graphics.mapper@4.0::IMapper/default in either framework or device manifest.
05-29 03:47:17.340  4227  4227 I Gralloc4: mapper 4.x is not supported
05-29 03:47:17.390  4231  4233 I cmd     : oneway function results will be dropped but finished with status OK and parcel size 4
05-29 03:47:17.391  1395  1869 I MediaProvider: Begin Intent { act=android.intent.action.MEDIA_SCANNER_SCAN_FILE dat=file:///sdcard/screen_2026-05-29_034717.png flg=0x1400010 cmp=com.android.providers.media.module/com.android.providers.media.MediaService }
05-29 03:47:17.388  1395  1395 W com.android.providers.media.module: type=1400 audit(0.0:250): avc: denied { read } for comm=4173796E635461736B202331 name="primary" dev="tmpfs" ino=28098 scontext=u:r:mediaprovider_app:s0:c129,c256,c512,c768 tcontext=u:object_r:mnt_pass_through_file:s0 tclass=lnk_file permissive=0 app=com.android.providers.media.module
05-29 03:47:17.413  1395  1869 W ModernMediaScanner: Failed to visit /sdcard/screen_2026-05-29_034717.png: java.nio.file.AccessDeniedException: /sdcard/screen_2026-05-29_034717.png
05-29 03:47:17.413  1395  1869 I MediaProvider: Scanned internal due to REASON_DEMAND, found 0 items in 22ms, 0 inserts 0 updates 0 deletes
05-29 03:47:17.414  1395  1869 I MediaProvider: End Intent { act=android.intent.action.MEDIA_SCANNER_SCAN_FILE dat=file:///sdcard/screen_2026-05-29_034717.png flg=0x1400010 cmp=com.android.providers.media.module/com.android.providers.media.MediaService }
05-29 03:47:17.388  1395  1395 W com.android.providers.media.module: type=1400 audit(0.0:252): avc: denied { read } for comm=4173796E635461736B202331 name="primary" dev="tmpfs" ino=28098 scontext=u:r:mediaprovider_app:s0:c129,c256,c512,c768 tcontext=u:object_r:mnt_pass_through_file:s0 tclass=lnk_file permissive=0 app=com.android.providers.media.module
05-29 03:47:17.396  1395  1395 I chatty  : uid=10129(com.android.providers.media.module) identical 1 line
05-29 03:47:17.396  1395  1395 W com.android.providers.media.module: type=1400 audit(0.0:254): avc: denied { read } for comm=4173796E635461736B202331 name="primary" dev="tmpfs" ino=28098 scontext=u:r:mediaprovider_app:s0:c129,c256,c512,c768 tcontext=u:object_r:mnt_pass_through_file:s0 tclass=lnk_file permissive=0 app=com.android.providers.media.module
05-29 03:47:17.451  1395  1509 I MediaProvider: Deleted 1 items on external_primary due to com.android.shell
05-29 03:47:17.477  4242  4244 I cmd     : oneway function results will be dropped but finished with status OK and parcel size 4
05-29 03:47:17.610   159   159 I hwservicemanager: getTransport: Cannot find entry android.hardware.graphics.mapper@4.0::IMapper/default in either framework or device manifest.
05-29 03:47:17.610  4265  4265 I Gralloc4: mapper 4.x is not supported
05-29 03:47:17.659  4269  4271 I cmd     : oneway function results will be dropped but finished with status OK and parcel size 4
05-29 03:47:17.660  1395  1869 I MediaProvider: Begin Intent { act=android.intent.action.MEDIA_SCANNER_SCAN_FILE dat=file:///sdcard/screen_2026-05-29_034718.png flg=0x1400010 cmp=com.android.providers.media.module/com.android.providers.media.MediaService }
05-29 03:47:17.660  1395  1869 W ModernMediaScanner: Failed to visit /sdcard/screen_2026-05-29_034718.png: java.nio.file.AccessDeniedException: /sdcard/screen_2026-05-29_034718.png
05-29 03:47:17.661  1395  1869 I MediaProvider: Scanned internal due to REASON_DEMAND, found 0 items in 0ms, 0 inserts 0 updates 0 deletes
05-29 03:47:17.661  1395  1869 I MediaProvider: End Intent { act=android.intent.action.MEDIA_SCANNER_SCAN_FILE dat=file:///sdcard/screen_2026-05-29_034718.png flg=0x1400010 cmp=com.android.providers.media.module/com.android.providers.media.MediaService }
05-29 03:47:17.683  1395  2592 I MediaProvider: Deleted 1 items on external_primary due to com.android.shell
05-29 03:47:17.709  4280  4282 I cmd     : oneway function results will be dropped but finished with status OK and parcel size 4
05-29 03:47:17.829   159   159 I hwservicemanager: getTransport: Cannot find entry android.hardware.graphics.mapper@4.0::IMapper/default in either framework or device manifest.
05-29 03:47:17.829  4302  4302 I Gralloc4: mapper 4.x is not supported
05-29 03:47:17.877  4306  4308 I cmd     : oneway function results will be dropped but finished with status OK and parcel size 4
05-29 03:47:17.878  1395  1869 I MediaProvider: Begin Intent { act=android.intent.action.MEDIA_SCANNER_SCAN_FILE dat=file:///sdcard/screen_2026-05-29_034718.png flg=0x1400010 cmp=com.android.providers.media.module/com.android.providers.media.MediaService }
05-29 03:47:17.879  1395  1869 W ModernMediaScanner: Failed to visit /sdcard/screen_2026-05-29_034718.png: java.nio.file.AccessDeniedException: /sdcard/screen_2026-05-29_034718.png
05-29 03:47:17.879  1395  1869 I MediaProvider: Scanned internal due to REASON_DEMAND, found 0 items in 1ms, 0 inserts 0 updates 0 deletes
05-29 03:47:17.880  1395  1869 I MediaProvider: End Intent { act=android.intent.action.MEDIA_SCANNER_SCAN_FILE dat=file:///sdcard/screen_2026-05-29_034718.png flg=0x1400010 cmp=com.android.providers.media.module/com.android.providers.media.MediaService }
05-29 03:47:17.899  1395  1497 I MediaProvider: Deleted 1 items on external_primary due to com.android.shell
05-29 03:47:17.924  4317  4319 I cmd     : oneway function results will be dropped but finished with status OK and parcel size 4
05-29 03:47:17.973  4332  4334 I cmd     : oneway function results will be dropped but finished with status OK and parcel size 4
05-29 03:47:18.023  4347  4349 I cmd     : oneway function results will be dropped but finished with status OK and parcel size 4
05-29 03:47:18.150  4374  4374 E libc    : Access denied finding property "persist.device_config.runtime_native_boot.profilebootclasspath"
05-29 03:47:18.150  4374  4374 E libc    : Access denied finding property "persist.device_config.runtime_native_boot.enable_apex_image"
05-29 03:47:18.150  4374  4374 I AndroidRuntime: Using default boot image
05-29 03:47:18.150  4374  4374 E libc    : Access denied finding property "persist.device_config.runtime_native_boot.disable_lock_profiling"
05-29 03:47:18.150  4374  4374 I AndroidRuntime: Leaving lock profiling enabled
05-29 03:47:18.150  4374  4374 E libc    : Access denied finding property "persist.device_config.runtime_native_boot.enable_generational_cc"
05-29 03:47:18.151  4374  4374 I app_process: Core platform API reporting enabled, enforcing=false
05-29 03:47:18.191  4374  4374 W app_process: Unexpected CPU variant for X86 using defaults: x86_64
05-29 03:47:18.192  4374  4374 I app_process: The ClassLoaderContext is a special shared library.
05-29 03:47:18.199  4374  4374 W app_process: JNI RegisterNativeMethods: attempt to register 0 native methods for android.media.AudioAttributes
05-29 03:47:19.921   159   159 I hwservicemanager: getTransport: Cannot find entry android.hardware.graphics.mapper@4.0::IMapper/default in either framework or device manifest.
05-29 03:47:19.921  4407  4407 I Gralloc4: mapper 4.x is not supported
05-29 03:47:19.979  1395  1869 I MediaProvider: Begin Intent { act=android.intent.action.MEDIA_SCANNER_SCAN_FILE dat=file:///sdcard/screen_2026-05-29_034720.png flg=0x1400010 cmp=com.android.providers.media.module/com.android.providers.media.MediaService }
05-29 03:47:19.976  1395  1395 W com.android.providers.media.module: type=1400 audit(0.0:272): avc: denied { read } for comm=4173796E635461736B202331 name="primary" dev="tmpfs" ino=28098 scontext=u:r:mediaprovider_app:s0:c129,c256,c512,c768 tcontext=u:object_r:mnt_pass_through_file:s0 tclass=lnk_file permissive=0 app=com.android.providers.media.module
05-29 03:47:20.197     0     0 W audit   : audit_lost=178 audit_rate_limit=5 audit_backlog_limit=64
05-29 03:47:20.207     0     0 E audit   : rate limit exceeded
05-29 03:47:20.001  1395  1869 W ModernMediaScanner: Failed to visit /sdcard/screen_2026-05-29_034720.png: java.nio.file.AccessDeniedException: /sdcard/screen_2026-05-29_034720.png
05-29 03:47:20.002  1395  1869 I MediaProvider: Scanned internal due to REASON_DEMAND, found 0 items in 22ms, 0 inserts 0 updates 0 deletes
05-29 03:47:20.002  1395  1869 I MediaProvider: End Intent { act=android.intent.action.MEDIA_SCANNER_SCAN_FILE dat=file:///sdcard/screen_2026-05-29_034720.png flg=0x1400010 cmp=com.android.providers.media.module/com.android.providers.media.MediaService }
05-29 03:47:19.976  1395  1395 W com.android.providers.media.module: type=1400 audit(0.0:273): avc: denied { read } for comm=4173796E635461736B202331 name="primary" dev="tmpfs" ino=28098 scontext=u:r:mediaprovider_app:s0:c129,c256,c512,c768 tcontext=u:object_r:mnt_pass_through_file:s0 tclass=lnk_file permissive=0 app=com.android.providers.media.module
05-29 03:47:20.043  1395  1509 I MediaProvider: Deleted 1 items on external_primary due to com.android.shell
05-29 03:47:20.068  4422  4424 I cmd     : oneway function results will be dropped but finished with status OK and parcel size 4
05-29 03:47:20.192   159   159 I hwservicemanager: getTransport: Cannot find entry android.hardware.graphics.mapper@4.0::IMapper/default in either framework or device manifest.
05-29 03:47:20.192  4444  4444 I Gralloc4: mapper 4.x is not supported
05-29 03:47:20.251  4448  4450 I cmd     : oneway function results will be dropped but finished with status OK and parcel size 4
05-29 03:47:20.252  1395  1869 I MediaProvider: Begin Intent { act=android.intent.action.MEDIA_SCANNER_SCAN_FILE dat=file:///sdcard/screen_2026-05-29_034720.png flg=0x1400010 cmp=com.android.providers.media.module/com.android.providers.media.MediaService }
05-29 03:47:20.253  1395  1869 W ModernMediaScanner: Failed to visit /sdcard/screen_2026-05-29_034720.png: java.nio.file.AccessDeniedException: /sdcard/screen_2026-05-29_034720.png
05-29 03:47:20.253  1395  1869 I MediaProvider: Scanned internal due to REASON_DEMAND, found 0 items in 1ms, 0 inserts 0 updates 0 deletes
05-29 03:47:20.254  1395  1869 I MediaProvider: End Intent { act=android.intent.action.MEDIA_SCANNER_SCAN_FILE dat=file:///sdcard/screen_2026-05-29_034720.png flg=0x1400010 cmp=com.android.providers.media.module/com.android.providers.media.MediaService }
05-29 03:47:20.279  1395  2592 I MediaProvider: Deleted 1 items on external_primary due to com.android.shell
05-29 03:47:20.320  4461  4463 I cmd     : oneway function results will be dropped but finished with status OK and parcel size 4
05-29 03:47:20.445   159   159 I hwservicemanager: getTransport: Cannot find entry android.hardware.graphics.mapper@4.0::IMapper/default in either framework or device manifest.
05-29 03:47:20.445  4483  4483 I Gralloc4: mapper 4.x is not supported
05-29 03:47:20.503  4487  4489 I cmd     : oneway function results will be dropped but finished with status OK and parcel size 4
05-29 03:47:20.503  1395  1869 I MediaProvider: Begin Intent { act=android.intent.action.MEDIA_SCANNER_SCAN_FILE dat=file:///sdcard/screen_2026-05-29_034720.png flg=0x1400010 cmp=com.android.providers.media.module/com.android.providers.media.MediaService }
05-29 03:47:20.505  1395  1869 W ModernMediaScanner: Failed to visit /sdcard/screen_2026-05-29_034720.png: java.nio.file.AccessDeniedException: /sdcard/screen_2026-05-29_034720.png
05-29 03:47:20.505  1395  1869 I MediaProvider: Scanned internal due to REASON_DEMAND, found 0 items in 1ms, 0 inserts 0 updates 0 deletes
05-29 03:47:20.506  1395  1869 I MediaProvider: End Intent { act=android.intent.action.MEDIA_SCANNER_SCAN_FILE dat=file:///sdcard/screen_2026-05-29_034720.png flg=0x1400010 cmp=com.android.providers.media.module/com.android.providers.media.MediaService }
05-29 03:47:20.525  1395  1497 I MediaProvider: Deleted 1 items on external_primary due to com.android.shell
05-29 03:47:20.550  4498  4500 I cmd     : oneway function results will be dropped but finished with status OK and parcel size 4
05-29 03:47:20.599  4513  4515 I cmd     : oneway function results will be dropped but finished with status OK and parcel size 4
05-29 03:47:20.651  4528  4530 I cmd     : oneway function results will be dropped but finished with status OK and parcel size 4
05-29 03:47:20.699  4543  4545 I cmd     : oneway function results will be dropped but finished with status OK and parcel size 4
05-29 03:47:20.784  4555  4555 E libc    : Access denied finding property "persist.device_config.runtime_native_boot.profilebootclasspath"
05-29 03:47:20.784  4555  4555 E libc    : Access denied finding property "persist.device_config.runtime_native_boot.enable_apex_image"
05-29 03:47:20.784  4555  4555 I AndroidRuntime: Using default boot image
05-29 03:47:20.784  4555  4555 E libc    : Access denied finding property "persist.device_config.runtime_native_boot.disable_lock_profiling"
05-29 03:47:20.784  4555  4555 I AndroidRuntime: Leaving lock profiling enabled
05-29 03:47:20.784  4555  4555 E libc    : Access denied finding property "persist.device_config.runtime_native_boot.enable_generational_cc"
05-29 03:47:20.786  4555  4555 I app_process: Core platform API reporting enabled, enforcing=false
05-29 03:47:20.827  4555  4555 W app_process: Unexpected CPU variant for X86 using defaults: x86_64
05-29 03:47:20.828  4555  4555 I app_process: The ClassLoaderContext is a special shared library.
05-29 03:47:20.834  4555  4555 W app_process: JNI RegisterNativeMethods: attempt to register 0 native methods for android.media.AudioAttributes
05-29 03:47:20.851  2283  2283 E AccessibilityInteractionClient: 3 Disconnected nodes.
05-29 03:47:22.552   159   159 I hwservicemanager: getTransport: Cannot find entry android.hardware.graphics.mapper@4.0::IMapper/default in either framework or device manifest.
05-29 03:47:22.553  4589  4589 I Gralloc4: mapper 4.x is not supported
05-29 03:47:22.600  4593  4595 I cmd     : oneway function results will be dropped but finished with status OK and parcel size 4
05-29 03:47:22.601  1395  1869 I MediaProvider: Begin Intent { act=android.intent.action.MEDIA_SCANNER_SCAN_FILE dat=file:///sdcard/screen_2026-05-29_034723.png flg=0x1400010 cmp=com.android.providers.media.module/com.android.providers.media.MediaService }
05-29 03:47:22.600  1395  1395 W com.android.providers.media.module: type=1400 audit(0.0:294): avc: denied { read } for comm=4173796E635461736B202331 name="primary" dev="tmpfs" ino=28098 scontext=u:r:mediaprovider_app:s0:c129,c256,c512,c768 tcontext=u:object_r:mnt_pass_through_file:s0 tclass=lnk_file permissive=0 app=com.android.providers.media.module
05-29 03:47:22.819     0     0 W audit   : audit_lost=195 audit_rate_limit=5 audit_backlog_limit=64
05-29 03:47:22.830     0     0 E audit   : rate limit exceeded
05-29 03:47:22.600  1395  1395 W com.android.providers.media.module: type=1400 audit(0.0:295): avc: denied { read } for comm=4173796E635461736B202331 name="primary" dev="tmpfs" ino=28098 scontext=u:r:mediaprovider_app:s0:c129,c256,c512,c768 tcontext=u:object_r:mnt_pass_through_file:s0 tclass=lnk_file permissive=0 app=com.android.providers.media.module
05-29 03:47:22.620  1395  1869 W ModernMediaScanner: Failed to visit /sdcard/screen_2026-05-29_034723.png: java.nio.file.AccessDeniedException: /sdcard/screen_2026-05-29_034723.png
05-29 03:47:22.621  1395  1869 I MediaProvider: Scanned internal due to REASON_DEMAND, found 0 items in 20ms, 0 inserts 0 updates 0 deletes
05-29 03:47:22.622  1395  1869 I MediaProvider: End Intent { act=android.intent.action.MEDIA_SCANNER_SCAN_FILE dat=file:///sdcard/screen_2026-05-29_034723.png flg=0x1400010 cmp=com.android.providers.media.module/com.android.providers.media.MediaService }
05-29 03:47:22.600  1395  1395 W com.android.providers.media.module: type=1400 audit(0.0:296): avc: denied { read } for comm=4173796E635461736B202331 name="primary" dev="tmpfs" ino=28098 scontext=u:r:mediaprovider_app:s0:c129,c256,c512,c768 tcontext=u:object_r:mnt_pass_through_file:s0 tclass=lnk_file permissive=0 app=com.android.providers.media.module
05-29 03:47:22.655  1395  1509 I MediaProvider: Deleted 1 items on external_primary due to com.android.shell
05-29 03:47:22.684  4604  4606 I cmd     : oneway function results will be dropped but finished with status OK and parcel size 4
05-29 03:47:22.805   159   159 I hwservicemanager: getTransport: Cannot find entry android.hardware.graphics.mapper@4.0::IMapper/default in either framework or device manifest.
05-29 03:47:22.805  4626  4626 I Gralloc4: mapper 4.x is not supported
05-29 03:47:22.851  4630  4632 I cmd     : oneway function results will be dropped but finished with status OK and parcel size 4
05-29 03:47:22.853  1395  1869 I MediaProvider: Begin Intent { act=android.intent.action.MEDIA_SCANNER_SCAN_FILE dat=file:///sdcard/screen_2026-05-29_034723.png flg=0x1400010 cmp=com.android.providers.media.module/com.android.providers.media.MediaService }
05-29 03:47:22.854  1395  1869 W ModernMediaScanner: Failed to visit /sdcard/screen_2026-05-29_034723.png: java.nio.file.AccessDeniedException: /sdcard/screen_2026-05-29_034723.png
05-29 03:47:22.855  1395  1869 I MediaProvider: Scanned internal due to REASON_DEMAND, found 0 items in 1ms, 0 inserts 0 updates 0 deletes
05-29 03:47:22.855  1395  1869 I MediaProvider: End Intent { act=android.intent.action.MEDIA_SCANNER_SCAN_FILE dat=file:///sdcard/screen_2026-05-29_034723.png flg=0x1400010 cmp=com.android.providers.media.module/com.android.providers.media.MediaService }
05-29 03:47:22.915  1395  2592 I MediaProvider: Deleted 1 items on external_primary due to com.android.shell
05-29 03:47:22.942  4641  4643 I cmd     : oneway function results will be dropped but finished with status OK and parcel size 4
05-29 03:47:23.071   159   159 I hwservicemanager: getTransport: Cannot find entry android.hardware.graphics.mapper@4.0::IMapper/default in either framework or device manifest.
05-29 03:47:23.075  4663  4663 I Gralloc4: mapper 4.x is not supported
05-29 03:47:23.122  4667  4669 I cmd     : oneway function results will be dropped but finished with status OK and parcel size 4
05-29 03:47:23.123  1395  1869 I MediaProvider: Begin Intent { act=android.intent.action.MEDIA_SCANNER_SCAN_FILE dat=file:///sdcard/screen_2026-05-29_034723.png flg=0x1400010 cmp=com.android.providers.media.module/com.android.providers.media.MediaService }
05-29 03:47:23.124  1395  1869 W ModernMediaScanner: Failed to visit /sdcard/screen_2026-05-29_034723.png: java.nio.file.AccessDeniedException: /sdcard/screen_2026-05-29_034723.png
05-29 03:47:23.126  1395  1869 I MediaProvider: Scanned internal due to REASON_DEMAND, found 0 items in 3ms, 0 inserts 0 updates 0 deletes
05-29 03:47:23.127  1395  1869 I MediaProvider: End Intent { act=android.intent.action.MEDIA_SCANNER_SCAN_FILE dat=file:///sdcard/screen_2026-05-29_034723.png flg=0x1400010 cmp=com.android.providers.media.module/com.android.providers.media.MediaService }
05-29 03:47:23.186  1395  1497 I MediaProvider: Deleted 1 items on external_primary due to com.android.shell
05-29 03:47:23.212  4678  4680 I cmd     : oneway function results will be dropped but finished with status OK and parcel size 4
05-29 03:47:23.261  4693  4695 I cmd     : oneway function results will be dropped but finished with status OK and parcel size 4
05-29 03:47:23.312  4708  4710 I cmd     : oneway function results will be dropped but finished with status OK and parcel size 4
05-29 03:47:23.457  4737  4737 E libc    : Access denied finding property "persist.device_config.runtime_native_boot.profilebootclasspath"
05-29 03:47:23.457  4737  4737 E libc    : Access denied finding property "persist.device_config.runtime_native_boot.enable_apex_image"
05-29 03:47:23.457  4737  4737 I AndroidRuntime: Using default boot image
05-29 03:47:23.457  4737  4737 E libc    : Access denied finding property "persist.device_config.runtime_native_boot.disable_lock_profiling"
05-29 03:47:23.457  4737  4737 I AndroidRuntime: Leaving lock profiling enabled
05-29 03:47:23.457  4737  4737 E libc    : Access denied finding property "persist.device_config.runtime_native_boot.enable_generational_cc"
05-29 03:47:23.458  4737  4737 I app_process: Core platform API reporting enabled, enforcing=false
05-29 03:47:23.498  4737  4737 W app_process: Unexpected CPU variant for X86 using defaults: x86_64
05-29 03:47:23.499  4737  4737 I app_process: The ClassLoaderContext is a special shared library.
05-29 03:47:23.506  4737  4737 W app_process: JNI RegisterNativeMethods: attempt to register 0 native methods for android.media.AudioAttributes
05-29 03:47:23.638  2283  2283 E AccessibilityInteractionClient: 3 Disconnected nodes.
05-29 03:47:25.221   159   159 I hwservicemanager: getTransport: Cannot find entry android.hardware.graphics.mapper@4.0::IMapper/default in either framework or device manifest.
05-29 03:47:25.221  4768  4768 I Gralloc4: mapper 4.x is not supported
05-29 03:47:25.257  4772  4774 I cmd     : oneway function results will be dropped but finished with status OK and parcel size 4
05-29 03:47:25.260  1395  1395 W com.android.providers.media.module: type=1400 audit(0.0:316): avc: denied { read } for comm=4173796E635461736B202331 name="primary" dev="tmpfs" ino=28098 scontext=u:r:mediaprovider_app:s0:c129,c256,c512,c768 tcontext=u:object_r:mnt_pass_through_file:s0 tclass=lnk_file permissive=0 app=com.android.providers.media.module
05-29 03:47:25.260  1395  1869 I MediaProvider: Begin Intent { act=android.intent.action.MEDIA_SCANNER_SCAN_FILE dat=file:///sdcard/screen_2026-05-29_034725.png flg=0x1400010 cmp=com.android.providers.media.module/com.android.providers.media.MediaService }
05-29 03:47:25.478     0     0 W audit   : audit_lost=212 audit_rate_limit=5 audit_backlog_limit=64
05-29 03:47:25.488     0     0 E audit   : rate limit exceeded
05-29 03:47:25.260  1395  1395 W com.android.providers.media.module: type=1400 audit(0.0:317): avc: denied { read } for comm=4173796E635461736B202331 name="primary" dev="tmpfs" ino=28098 scontext=u:r:mediaprovider_app:s0:c129,c256,c512,c768 tcontext=u:object_r:mnt_pass_through_file:s0 tclass=lnk_file permissive=0 app=com.android.providers.media.module
05-29 03:47:25.279  1395  1869 W ModernMediaScanner: Failed to visit /sdcard/screen_2026-05-29_034725.png: java.nio.file.AccessDeniedException: /sdcard/screen_2026-05-29_034725.png
05-29 03:47:25.280  1395  1869 I MediaProvider: Scanned internal due to REASON_DEMAND, found 0 items in 19ms, 0 inserts 0 updates 0 deletes
05-29 03:47:25.280  1395  1869 I MediaProvider: End Intent { act=android.intent.action.MEDIA_SCANNER_SCAN_FILE dat=file:///sdcard/screen_2026-05-29_034725.png flg=0x1400010 cmp=com.android.providers.media.module/com.android.providers.media.MediaService }
05-29 03:47:25.260  1395  1395 W com.android.providers.media.module: type=1400 audit(0.0:318): avc: denied { read } for comm=4173796E635461736B202331 name="primary" dev="tmpfs" ino=28098 scontext=u:r:mediaprovider_app:s0:c129,c256,c512,c768 tcontext=u:object_r:mnt_pass_through_file:s0 tclass=lnk_file permissive=0 app=com.android.providers.media.module
05-29 03:47:25.347  1395  1509 I MediaProvider: Deleted 1 items on external_primary due to com.android.shell
05-29 03:47:25.373  4783  4785 I cmd     : oneway function results will be dropped but finished with status OK and parcel size 4
05-29 03:47:25.515   159   159 I hwservicemanager: getTransport: Cannot find entry android.hardware.graphics.mapper@4.0::IMapper/default in either framework or device manifest.
05-29 03:47:25.515  4807  4807 I Gralloc4: mapper 4.x is not supported
05-29 03:47:25.552  4811  4813 I cmd     : oneway function results will be dropped but finished with status OK and parcel size 4
05-29 03:47:25.552  1395  1869 I MediaProvider: Begin Intent { act=android.intent.action.MEDIA_SCANNER_SCAN_FILE dat=file:///sdcard/screen_2026-05-29_034726.png flg=0x1400010 cmp=com.android.providers.media.module/com.android.providers.media.MediaService }
05-29 03:47:25.553  1395  1869 W ModernMediaScanner: Failed to visit /sdcard/screen_2026-05-29_034726.png: java.nio.file.AccessDeniedException: /sdcard/screen_2026-05-29_034726.png
05-29 03:47:25.554  1395  1869 I MediaProvider: Scanned internal due to REASON_DEMAND, found 0 items in 1ms, 0 inserts 0 updates 0 deletes
05-29 03:47:25.554  1395  1869 I MediaProvider: End Intent { act=android.intent.action.MEDIA_SCANNER_SCAN_FILE dat=file:///sdcard/screen_2026-05-29_034726.png flg=0x1400010 cmp=com.android.providers.media.module/com.android.providers.media.MediaService }
05-29 03:47:25.576  1395  2592 I MediaProvider: Deleted 1 items on external_primary due to com.android.shell
05-29 03:47:25.602  4822  4824 I cmd     : oneway function results will be dropped but finished with status OK and parcel size 4
05-29 03:47:25.730   159   159 I hwservicemanager: getTransport: Cannot find entry android.hardware.graphics.mapper@4.0::IMapper/default in either framework or device manifest.
05-29 03:47:25.731  4844  4844 I Gralloc4: mapper 4.x is not supported
05-29 03:47:25.768  4848  4850 I cmd     : oneway function results will be dropped but finished with status OK and parcel size 4
05-29 03:47:25.771  1395  1869 I MediaProvider: Begin Intent { act=android.intent.action.MEDIA_SCANNER_SCAN_FILE dat=file:///sdcard/screen_2026-05-29_034726.png flg=0x1400010 cmp=com.android.providers.media.module/com.android.providers.media.MediaService }
05-29 03:47:25.772  1395  1869 W ModernMediaScanner: Failed to visit /sdcard/screen_2026-05-29_034726.png: java.nio.file.AccessDeniedException: /sdcard/screen_2026-05-29_034726.png
05-29 03:47:25.773  1395  1869 I MediaProvider: Scanned internal due to REASON_DEMAND, found 0 items in 2ms, 0 inserts 0 updates 0 deletes
05-29 03:47:25.774  1395  1869 I MediaProvider: End Intent { act=android.intent.action.MEDIA_SCANNER_SCAN_FILE dat=file:///sdcard/screen_2026-05-29_034726.png flg=0x1400010 cmp=com.android.providers.media.module/com.android.providers.media.MediaService }
05-29 03:47:25.795  1395  1497 I MediaProvider: Deleted 1 items on external_primary due to com.android.shell
05-29 03:47:25.822  4859  4861 I cmd     : oneway function results will be dropped but finished with status OK and parcel size 4
05-29 03:47:25.873  4874  4876 I cmd     : oneway function results will be dropped but finished with status OK and parcel size 4
05-29 03:47:25.924  4889  4891 I cmd     : oneway function results will be dropped but finished with status OK and parcel size 4
05-29 03:47:25.974  4904  4906 I cmd     : oneway function results will be dropped but finished with status OK and parcel size 4
05-29 03:47:26.057  4916  4916 E libc    : Access denied finding property "persist.device_config.runtime_native_boot.profilebootclasspath"
05-29 03:47:26.057  4916  4916 E libc    : Access denied finding property "persist.device_config.runtime_native_boot.enable_apex_image"
05-29 03:47:26.057  4916  4916 I AndroidRuntime: Using default boot image
05-29 03:47:26.057  4916  4916 E libc    : Access denied finding property "persist.device_config.runtime_native_boot.disable_lock_profiling"
05-29 03:47:26.057  4916  4916 I AndroidRuntime: Leaving lock profiling enabled
05-29 03:47:26.057  4916  4916 E libc    : Access denied finding property "persist.device_config.runtime_native_boot.enable_generational_cc"
05-29 03:47:26.058  4916  4916 I app_process: Core platform API reporting enabled, enforcing=false
05-29 03:47:26.098  4916  4916 W app_process: Unexpected CPU variant for X86 using defaults: x86_64
05-29 03:47:26.099  4916  4916 I app_process: The ClassLoaderContext is a special shared library.
05-29 03:47:26.106  4916  4916 W app_process: JNI RegisterNativeMethods: attempt to register 0 native methods for android.media.AudioAttributes
05-29 03:47:27.819   159   159 I hwservicemanager: getTransport: Cannot find entry android.hardware.graphics.mapper@4.0::IMapper/default in either framework or device manifest.
05-29 03:47:27.819  4949  4949 I Gralloc4: mapper 4.x is not supported
05-29 03:47:27.865  1395  1869 I MediaProvider: Begin Intent { act=android.intent.action.MEDIA_SCANNER_SCAN_FILE dat=file:///sdcard/screen_2026-05-29_034728.png flg=0x1400010 cmp=com.android.providers.media.module/com.android.providers.media.MediaService }
05-29 03:47:28.083     0     0 W audit   : audit_lost=229 audit_rate_limit=5 audit_backlog_limit=64
05-29 03:47:28.090     0     0 E audit   : rate limit exceeded
05-29 03:47:27.872  4953  4955 I cmd     : oneway function results will be dropped but finished with status OK and parcel size 4
05-29 03:47:27.864  1395  1395 W com.android.providers.media.module: type=1400 audit(0.0:338): avc: denied { read } for comm=4173796E635461736B202331 name="primary" dev="tmpfs" ino=28098 scontext=u:r:mediaprovider_app:s0:c129,c256,c512,c768 tcontext=u:object_r:mnt_pass_through_file:s0 tclass=lnk_file permissive=0 app=com.android.providers.media.module
05-29 03:47:27.878  1395  1869 W ModernMediaScanner: Failed to visit /sdcard/screen_2026-05-29_034728.png: java.nio.file.AccessDeniedException: /sdcard/screen_2026-05-29_034728.png
05-29 03:47:27.878  1395  1869 I MediaProvider: Scanned internal due to REASON_DEMAND, found 0 items in 13ms, 0 inserts 0 updates 0 deletes
05-29 03:47:27.879  1395  1869 I MediaProvider: End Intent { act=android.intent.action.MEDIA_SCANNER_SCAN_FILE dat=file:///sdcard/screen_2026-05-29_034728.png flg=0x1400010 cmp=com.android.providers.media.module/com.android.providers.media.MediaService }
05-29 03:47:27.864  1395  1395 W com.android.providers.media.module: type=1400 audit(0.0:339): avc: denied { read } for comm=4173796E635461736B202331 name="primary" dev="tmpfs" ino=28098 scontext=u:r:mediaprovider_app:s0:c129,c256,c512,c768 tcontext=u:object_r:mnt_pass_through_file:s0 tclass=lnk_file permissive=0 app=com.android.providers.media.module
05-29 03:47:27.924  1395  1497 I MediaProvider: Deleted 1 items on external_primary due to com.android.shell
05-29 03:47:27.951  4964  4966 I cmd     : oneway function results will be dropped but finished with status OK and parcel size 4
05-29 03:47:28.069   159   159 I hwservicemanager: getTransport: Cannot find entry android.hardware.graphics.mapper@4.0::IMapper/default in either framework or device manifest.
05-29 03:47:28.069  4986  4986 I Gralloc4: mapper 4.x is not supported
05-29 03:47:28.114  1395  1869 I MediaProvider: Begin Intent { act=android.intent.action.MEDIA_SCANNER_SCAN_FILE dat=file:///sdcard/screen_2026-05-29_034728.png flg=0x1400010 cmp=com.android.providers.media.module/com.android.providers.media.MediaService }
05-29 03:47:28.115  1395  1869 W ModernMediaScanner: Failed to visit /sdcard/screen_2026-05-29_034728.png: java.nio.file.AccessDeniedException: /sdcard/screen_2026-05-29_034728.png
05-29 03:47:28.116  1395  1869 I MediaProvider: Scanned internal due to REASON_DEMAND, found 0 items in 2ms, 0 inserts 0 updates 0 deletes
05-29 03:47:28.117  1395  1869 I MediaProvider: End Intent { act=android.intent.action.MEDIA_SCANNER_SCAN_FILE dat=file:///sdcard/screen_2026-05-29_034728.png flg=0x1400010 cmp=com.android.providers.media.module/com.android.providers.media.MediaService }
05-29 03:47:28.136  1395  1509 I MediaProvider: Deleted 1 items on external_primary due to com.android.shell
05-29 03:47:28.162  5001  5003 I cmd     : oneway function results will be dropped but finished with status OK and parcel size 4
05-29 03:47:28.286   159   159 I hwservicemanager: getTransport: Cannot find entry android.hardware.graphics.mapper@4.0::IMapper/default in either framework or device manifest.
05-29 03:47:28.286  5023  5023 I Gralloc4: mapper 4.x is not supported
05-29 03:47:28.333  1395  1869 I MediaProvider: Begin Intent { act=android.intent.action.MEDIA_SCANNER_SCAN_FILE dat=file:///sdcard/screen_2026-05-29_034728.png flg=0x1400010 cmp=com.android.providers.media.module/com.android.providers.media.MediaService }
05-29 03:47:28.333  1395  1869 W ModernMediaScanner: Failed to visit /sdcard/screen_2026-05-29_034728.png: java.nio.file.AccessDeniedException: /sdcard/screen_2026-05-29_034728.png
05-29 03:47:28.334  1395  1869 I MediaProvider: Scanned internal due to REASON_DEMAND, found 0 items in 1ms, 0 inserts 0 updates 0 deletes
05-29 03:47:28.335  1395  1869 I MediaProvider: End Intent { act=android.intent.action.MEDIA_SCANNER_SCAN_FILE dat=file:///sdcard/screen_2026-05-29_034728.png flg=0x1400010 cmp=com.android.providers.media.module/com.android.providers.media.MediaService }
05-29 03:47:28.400  1395  1509 I MediaProvider: Deleted 1 items on external_primary due to com.android.shell
05-29 03:47:28.426  5038  5040 I cmd     : oneway function results will be dropped but finished with status OK and parcel size 4
05-29 03:47:28.475  5053  5055 I cmd     : oneway function results will be dropped but finished with status OK and parcel size 4
05-29 03:47:28.595  5085  5087 I cmd     : oneway function results will be dropped but finished with status OK and parcel size 4
05-29 03:47:28.673  5097  5097 E libc    : Access denied finding property "persist.device_config.runtime_native_boot.profilebootclasspath"
05-29 03:47:28.673  5097  5097 E libc    : Access denied finding property "persist.device_config.runtime_native_boot.enable_apex_image"
05-29 03:47:28.673  5097  5097 I AndroidRuntime: Using default boot image
05-29 03:47:28.673  5097  5097 E libc    : Access denied finding property "persist.device_config.runtime_native_boot.disable_lock_profiling"
05-29 03:47:28.673  5097  5097 I AndroidRuntime: Leaving lock profiling enabled
05-29 03:47:28.673  5097  5097 E libc    : Access denied finding property "persist.device_config.runtime_native_boot.enable_generational_cc"
05-29 03:47:28.674  5097  5097 I app_process: Core platform API reporting enabled, enforcing=false
05-29 03:47:28.714  5097  5097 W app_process: Unexpected CPU variant for X86 using defaults: x86_64
05-29 03:47:28.715  5097  5097 I app_process: The ClassLoaderContext is a special shared library.
05-29 03:47:28.721  5097  5097 W app_process: JNI RegisterNativeMethods: attempt to register 0 native methods for android.media.AudioAttributes
