05-29 03:47:54.586   511   538 W InputReader: Device virtio_input_multi_touch_4 is associated with display ADISPLAY_ID_NONE.
05-29 03:47:54.586   511   538 W InputReader: Device virtio_input_multi_touch_5 is associated with display ADISPLAY_ID_NONE.
05-29 03:47:54.586   511   538 W InputReader: Device virtio_input_multi_touch_2 is associated with display ADISPLAY_ID_NONE.
05-29 03:47:54.586   511   538 W InputReader: Device virtio_input_multi_touch_6 is associated with display ADISPLAY_ID_NONE.
05-29 03:47:54.586   511   538 W InputReader: Device virtio_input_multi_touch_3 is associated with display ADISPLAY_ID_NONE.
05-29 03:47:54.586   511   538 W InputReader: Device virtio_input_multi_touch_8 is associated with display ADISPLAY_ID_NONE.
05-29 03:47:54.586   511   538 W InputReader: Device virtio_input_multi_touch_9 is associated with display ADISPLAY_ID_NONE.
05-29 03:47:54.586   511   538 W InputReader: Device virtio_input_multi_touch_11 is associated with display ADISPLAY_ID_NONE.
05-29 03:47:54.586   511   538 W InputReader: Device virtio_input_multi_touch_10 is associated with display ADISPLAY_ID_NONE.
05-29 03:47:54.586   511   538 W InputReader: Device virtio_input_multi_touch_7 is associated with display ADISPLAY_ID_NONE.
05-29 03:47:54.586   511   538 W InputReader: Device virtio_input_multi_touch_4 is associated with display ADISPLAY_ID_NONE.
05-29 03:47:54.586   511   538 W InputReader: Device virtio_input_multi_touch_5 is associated with display ADISPLAY_ID_NONE.
05-29 03:47:54.586   511   538 W InputReader: Device virtio_input_multi_touch_2 is associated with display ADISPLAY_ID_NONE.
05-29 03:47:54.586   511   538 W InputReader: Device virtio_input_multi_touch_6 is associated with display ADISPLAY_ID_NONE.
05-29 03:47:54.586   511   538 W InputReader: Device virtio_input_multi_touch_3 is associated with display ADISPLAY_ID_NONE.
05-29 03:47:54.586   511   538 W InputReader: Device virtio_input_multi_touch_8 is associated with display ADISPLAY_ID_NONE.
05-29 03:47:54.586   511   538 W InputReader: Device virtio_input_multi_touch_9 is associated with display ADISPLAY_ID_NONE.
05-29 03:47:54.586   511   538 W InputReader: Device virtio_input_multi_touch_11 is associated with display ADISPLAY_ID_NONE.
05-29 03:47:54.606   403   403 I perfetto: ftrace_procfs.cc:176    enabled ftrace
05-29 03:47:54.822     0     0 W perfetto: enabled ftrace
05-29 03:47:54.730   511   549 I ActivityTaskManager: Displayed com.mocoding.pokedex.android/.MainActivity: +147ms
05-29 03:47:55.683   159   159 I hwservicemanager: getTransport: Cannot find entry android.hardware.graphics.mapper@4.0::IMapper/default in either framework or device manifest.
05-29 03:47:55.683  6874  6874 I Gralloc4: mapper 4.x is not supported
05-29 03:47:55.728  6878  6880 I cmd     : oneway function results will be dropped but finished with status OK and parcel size 4
05-29 03:47:55.729  1395  1869 I MediaProvider: Begin Intent { act=android.intent.action.MEDIA_SCANNER_SCAN_FILE dat=file:///sdcard/screen_2026-05-29_034756.png flg=0x1400010 cmp=com.android.providers.media.module/com.android.providers.media.MediaService }
05-29 03:47:55.728  1395  1395 W com.android.providers.media.module: type=1400 audit(0.0:590): avc: denied { read } for comm=4173796E635461736B202331 name="primary" dev="tmpfs" ino=28098 scontext=u:r:mediaprovider_app:s0:c129,c256,c512,c768 tcontext=u:object_r:mnt_pass_through_file:s0 tclass=lnk_file permissive=0 app=com.android.providers.media.module
05-29 03:47:55.954     0     0 W audit   : audit_lost=421 audit_rate_limit=5 audit_backlog_limit=64
05-29 03:47:55.956     0     0 E audit   : rate limit exceeded
05-29 03:47:55.728  1395  1395 W com.android.providers.media.module: type=1400 audit(0.0:591): avc: denied { read } for comm=4173796E635461736B202331 name="primary" dev="tmpfs" ino=28098 scontext=u:r:mediaprovider_app:s0:c129,c256,c512,c768 tcontext=u:object_r:mnt_pass_through_file:s0 tclass=lnk_file permissive=0 app=com.android.providers.media.module
05-29 03:47:55.746  1395  1869 W ModernMediaScanner: Failed to visit /sdcard/screen_2026-05-29_034756.png: java.nio.file.AccessDeniedException: /sdcard/screen_2026-05-29_034756.png
05-29 03:47:55.747  1395  1869 I MediaProvider: Scanned internal due to REASON_DEMAND, found 0 items in 11ms, 0 inserts 0 updates 0 deletes
05-29 03:47:55.747  1395  1869 I MediaProvider: End Intent { act=android.intent.action.MEDIA_SCANNER_SCAN_FILE dat=file:///sdcard/screen_2026-05-29_034756.png flg=0x1400010 cmp=com.android.providers.media.module/com.android.providers.media.MediaService }
05-29 03:47:55.736  1395  1395 W com.android.providers.media.module: type=1400 audit(0.0:592): avc: denied { read } for comm=4173796E635461736B202331 name="primary" dev="tmpfs" ino=28098 scontext=u:r:mediaprovider_app:s0:c129,c256,c512,c768 tcontext=u:object_r:mnt_pass_through_file:s0 tclass=lnk_file permissive=0 app=com.android.providers.media.module
05-29 03:47:55.812  1395  2592 I MediaProvider: Deleted 1 items on external_primary due to com.android.shell
05-29 03:47:55.839  6889  6891 I cmd     : oneway function results will be dropped but finished with status OK and parcel size 4
05-29 03:47:55.965   159   159 I hwservicemanager: getTransport: Cannot find entry android.hardware.graphics.mapper@4.0::IMapper/default in either framework or device manifest.
05-29 03:47:55.965  6911  6911 I Gralloc4: mapper 4.x is not supported
05-29 03:47:56.010  6915  6917 I cmd     : oneway function results will be dropped but finished with status OK and parcel size 4
05-29 03:47:56.011  1395  1869 I MediaProvider: Begin Intent { act=android.intent.action.MEDIA_SCANNER_SCAN_FILE dat=file:///sdcard/screen_2026-05-29_034756.png flg=0x1400010 cmp=com.android.providers.media.module/com.android.providers.media.MediaService }
05-29 03:47:56.013  1395  1869 W ModernMediaScanner: Failed to visit /sdcard/screen_2026-05-29_034756.png: java.nio.file.AccessDeniedException: /sdcard/screen_2026-05-29_034756.png
05-29 03:47:56.013  1395  1869 I MediaProvider: Scanned internal due to REASON_DEMAND, found 0 items in 2ms, 0 inserts 0 updates 0 deletes
05-29 03:47:56.014  1395  1869 I MediaProvider: End Intent { act=android.intent.action.MEDIA_SCANNER_SCAN_FILE dat=file:///sdcard/screen_2026-05-29_034756.png flg=0x1400010 cmp=com.android.providers.media.module/com.android.providers.media.MediaService }
05-29 03:47:56.034  1395  1509 I MediaProvider: Deleted 1 items on external_primary due to com.android.shell
05-29 03:47:56.060  6926  6928 I cmd     : oneway function results will be dropped but finished with status OK and parcel size 4
05-29 03:47:56.178   159   159 I hwservicemanager: getTransport: Cannot find entry android.hardware.graphics.mapper@4.0::IMapper/default in either framework or device manifest.
05-29 03:47:56.178  6948  6948 I Gralloc4: mapper 4.x is not supported
05-29 03:47:56.222  6952  6954 I cmd     : oneway function results will be dropped but finished with status OK and parcel size 4
05-29 03:47:56.223  1395  1869 I MediaProvider: Begin Intent { act=android.intent.action.MEDIA_SCANNER_SCAN_FILE dat=file:///sdcard/screen_2026-05-29_034756.png flg=0x1400010 cmp=com.android.providers.media.module/com.android.providers.media.MediaService }
05-29 03:47:56.224  1395  1869 W ModernMediaScanner: Failed to visit /sdcard/screen_2026-05-29_034756.png: java.nio.file.AccessDeniedException: /sdcard/screen_2026-05-29_034756.png
05-29 03:47:56.224  1395  1869 I MediaProvider: Scanned internal due to REASON_DEMAND, found 0 items in 1ms, 0 inserts 0 updates 0 deletes
05-29 03:47:56.226  1395  1869 I MediaProvider: End Intent { act=android.intent.action.MEDIA_SCANNER_SCAN_FILE dat=file:///sdcard/screen_2026-05-29_034756.png flg=0x1400010 cmp=com.android.providers.media.module/com.android.providers.media.MediaService }
05-29 03:47:56.245  1395  1497 I MediaProvider: Deleted 1 items on external_primary due to com.android.shell
05-29 03:47:56.324  6978  6980 I cmd     : oneway function results will be dropped but finished with status OK and parcel size 4
05-29 03:47:56.428  7008  7010 I cmd     : oneway function results will be dropped but finished with status OK and parcel size 4
05-29 03:47:56.524  7022  7022 E libc    : Access denied finding property "persist.device_config.runtime_native_boot.profilebootclasspath"
05-29 03:47:56.524  7022  7022 E libc    : Access denied finding property "persist.device_config.runtime_native_boot.enable_apex_image"
05-29 03:47:56.524  7022  7022 I AndroidRuntime: Using default boot image
05-29 03:47:56.524  7022  7022 E libc    : Access denied finding property "persist.device_config.runtime_native_boot.disable_lock_profiling"
05-29 03:47:56.524  7022  7022 I AndroidRuntime: Leaving lock profiling enabled
05-29 03:47:56.524  7022  7022 E libc    : Access denied finding property "persist.device_config.runtime_native_boot.enable_generational_cc"
05-29 03:47:56.525  7022  7022 I app_process: Core platform API reporting enabled, enforcing=false
05-29 03:47:56.564  7022  7022 W app_process: Unexpected CPU variant for X86 using defaults: x86_64
05-29 03:47:56.565  7022  7022 I app_process: The ClassLoaderContext is a special shared library.
05-29 03:47:56.571  7022  7022 W app_process: JNI RegisterNativeMethods: attempt to register 0 native methods for android.media.AudioAttributes
05-29 03:47:56.626   511  1393 E TaskPersister: File error accessing recents directory (directory doesn't exist?).
05-29 03:47:56.687  2283  2283 E AccessibilityInteractionClient: 2 Disconnected nodes.
05-29 03:47:58.291   159   159 I hwservicemanager: getTransport: Cannot find entry android.hardware.graphics.mapper@4.0::IMapper/default in either framework or device manifest.
05-29 03:47:58.291  7055  7055 I Gralloc4: mapper 4.x is not supported
05-29 03:47:58.328  7059  7061 I cmd     : oneway function results will be dropped but finished with status OK and parcel size 4
05-29 03:47:58.329  1395  1869 I MediaProvider: Begin Intent { act=android.intent.action.MEDIA_SCANNER_SCAN_FILE dat=file:///sdcard/screen_2026-05-29_034758.png flg=0x1400010 cmp=com.android.providers.media.module/com.android.providers.media.MediaService }
05-29 03:47:58.342  1395  1869 W ModernMediaScanner: Failed to visit /sdcard/screen_2026-05-29_034758.png: java.nio.file.AccessDeniedException: /sdcard/screen_2026-05-29_034758.png
05-29 03:47:58.328  1395  1395 W com.android.providers.media.module: type=1400 audit(0.0:612): avc: denied { read } for comm=4173796E635461736B202331 name="primary" dev="tmpfs" ino=28098 scontext=u:r:mediaprovider_app:s0:c129,c256,c512,c768 tcontext=u:object_r:mnt_pass_through_file:s0 tclass=lnk_file permissive=0 app=com.android.providers.media.module
05-29 03:47:58.548     0     0 W audit   : audit_lost=438 audit_rate_limit=5 audit_backlog_limit=64
05-29 03:47:58.558     0     0 E audit   : rate limit exceeded
05-29 03:47:58.343  1395  1869 I MediaProvider: Scanned internal due to REASON_DEMAND, found 0 items in 13ms, 0 inserts 0 updates 0 deletes
05-29 03:47:58.344  1395  1869 I MediaProvider: End Intent { act=android.intent.action.MEDIA_SCANNER_SCAN_FILE dat=file:///sdcard/screen_2026-05-29_034758.png flg=0x1400010 cmp=com.android.providers.media.module/com.android.providers.media.MediaService }
05-29 03:47:58.328  1395  1395 W com.android.providers.media.module: type=1400 audit(0.0:613): avc: denied { read } for comm=4173796E635461736B202331 name="primary" dev="tmpfs" ino=28098 scontext=u:r:mediaprovider_app:s0:c129,c256,c512,c768 tcontext=u:object_r:mnt_pass_through_file:s0 tclass=lnk_file permissive=0 app=com.android.providers.media.module
05-29 03:47:58.404  1395  2592 I MediaProvider: Deleted 1 items on external_primary due to com.android.shell
05-29 03:47:58.431  7070  7072 I cmd     : oneway function results will be dropped but finished with status OK and parcel size 4
05-29 03:47:58.579   159   159 I hwservicemanager: getTransport: Cannot find entry android.hardware.graphics.mapper@4.0::IMapper/default in either framework or device manifest.
05-29 03:47:58.579  7094  7094 I Gralloc4: mapper 4.x is not supported
05-29 03:47:58.614  7098  7100 I cmd     : oneway function results will be dropped but finished with status OK and parcel size 4
05-29 03:47:58.615  1395  1869 I MediaProvider: Begin Intent { act=android.intent.action.MEDIA_SCANNER_SCAN_FILE dat=file:///sdcard/screen_2026-05-29_034759.png flg=0x1400010 cmp=com.android.providers.media.module/com.android.providers.media.MediaService }
05-29 03:47:58.616  1395  1869 W ModernMediaScanner: Failed to visit /sdcard/screen_2026-05-29_034759.png: java.nio.file.AccessDeniedException: /sdcard/screen_2026-05-29_034759.png
05-29 03:47:58.618  1395  1869 I MediaProvider: Scanned internal due to REASON_DEMAND, found 0 items in 3ms, 0 inserts 0 updates 0 deletes
05-29 03:47:58.619  1395  1869 I MediaProvider: End Intent { act=android.intent.action.MEDIA_SCANNER_SCAN_FILE dat=file:///sdcard/screen_2026-05-29_034759.png flg=0x1400010 cmp=com.android.providers.media.module/com.android.providers.media.MediaService }
05-29 03:47:58.639  1395  1509 I MediaProvider: Deleted 1 items on external_primary due to com.android.shell
05-29 03:47:58.664  7109  7111 I cmd     : oneway function results will be dropped but finished with status OK and parcel size 4
05-29 03:47:58.789   159   159 I hwservicemanager: getTransport: Cannot find entry android.hardware.graphics.mapper@4.0::IMapper/default in either framework or device manifest.
05-29 03:47:58.790  7131  7131 I Gralloc4: mapper 4.x is not supported
05-29 03:47:58.827  1395  1869 I MediaProvider: Begin Intent { act=android.intent.action.MEDIA_SCANNER_SCAN_FILE dat=file:///sdcard/screen_2026-05-29_034759.png flg=0x1400010 cmp=com.android.providers.media.module/com.android.providers.media.MediaService }
05-29 03:47:58.828  1395  1869 W ModernMediaScanner: Failed to visit /sdcard/screen_2026-05-29_034759.png: java.nio.file.AccessDeniedException: /sdcard/screen_2026-05-29_034759.png
05-29 03:47:58.831  1395  1869 I MediaProvider: Scanned internal due to REASON_DEMAND, found 0 items in 3ms, 0 inserts 0 updates 0 deletes
05-29 03:47:58.831  1395  1869 I MediaProvider: End Intent { act=android.intent.action.MEDIA_SCANNER_SCAN_FILE dat=file:///sdcard/screen_2026-05-29_034759.png flg=0x1400010 cmp=com.android.providers.media.module/com.android.providers.media.MediaService }
05-29 03:47:58.850  1395  1497 I MediaProvider: Deleted 1 items on external_primary due to com.android.shell
05-29 03:47:58.876  7146  7148 I cmd     : oneway function results will be dropped but finished with status OK and parcel size 4
05-29 03:47:58.928  7161  7163 I cmd     : oneway function results will be dropped but finished with status OK and parcel size 4
05-29 03:47:58.979  7176  7178 I cmd     : oneway function results will be dropped but finished with status OK and parcel size 4
05-29 03:47:59.117  7203  7203 E libc    : Access denied finding property "persist.device_config.runtime_native_boot.profilebootclasspath"
05-29 03:47:59.117  7203  7203 E libc    : Access denied finding property "persist.device_config.runtime_native_boot.enable_apex_image"
05-29 03:47:59.117  7203  7203 I AndroidRuntime: Using default boot image
05-29 03:47:59.117  7203  7203 E libc    : Access denied finding property "persist.device_config.runtime_native_boot.disable_lock_profiling"
05-29 03:47:59.117  7203  7203 I AndroidRuntime: Leaving lock profiling enabled
05-29 03:47:59.117  7203  7203 E libc    : Access denied finding property "persist.device_config.runtime_native_boot.enable_generational_cc"
05-29 03:47:59.119  7203  7203 I app_process: Core platform API reporting enabled, enforcing=false
05-29 03:47:59.158  7203  7203 W app_process: Unexpected CPU variant for X86 using defaults: x86_64
05-29 03:47:59.159  7203  7203 I app_process: The ClassLoaderContext is a special shared library.
05-29 03:47:59.165  7203  7203 W app_process: JNI RegisterNativeMethods: attempt to register 0 native methods for android.media.AudioAttributes
05-29 03:47:59.282  2283  2283 E AccessibilityInteractionClient: 3 Disconnected nodes.
05-29 03:47:59.583   403   403 I perfetto: probes_producer.cc:329  Producer stop (id=8)
05-29 03:47:59.585   403   403 I perfetto: ftrace_procfs.cc:183    disabled ftrace
05-29 03:47:59.585   404   404 I perfetto: ng_service_impl.cc:1948 Tracing session 8 ended, total sessions:0
05-29 03:47:59.801     0     0 W perfetto: disabled ftrace
05-29 03:48:00.893   159   159 I hwservicemanager: getTransport: Cannot find entry android.hardware.graphics.mapper@4.0::IMapper/default in either framework or device manifest.
05-29 03:48:00.893  7240  7240 I Gralloc4: mapper 4.x is not supported
05-29 03:48:00.930  7244  7246 I cmd     : oneway function results will be dropped but finished with status OK and parcel size 4
05-29 03:48:00.930  1395  1869 I MediaProvider: Begin Intent { act=android.intent.action.MEDIA_SCANNER_SCAN_FILE dat=file:///sdcard/screen_2026-05-29_034801.png flg=0x1400010 cmp=com.android.providers.media.module/com.android.providers.media.MediaService }
05-29 03:48:00.928  1395  1395 W com.android.providers.media.module: type=1400 audit(0.0:634): avc: denied { read } for comm=4173796E635461736B202331 name="primary" dev="tmpfs" ino=28098 scontext=u:r:mediaprovider_app:s0:c129,c256,c512,c768 tcontext=u:object_r:mnt_pass_through_file:s0 tclass=lnk_file permissive=0 app=com.android.providers.media.module
05-29 03:48:01.149     0     0 W audit   : audit_lost=455 audit_rate_limit=5 audit_backlog_limit=64
05-29 03:48:01.158     0     0 E audit   : rate limit exceeded
05-29 03:48:00.950  1395  1869 W ModernMediaScanner: Failed to visit /sdcard/screen_2026-05-29_034801.png: java.nio.file.AccessDeniedException: /sdcard/screen_2026-05-29_034801.png
05-29 03:48:00.950  1395  1869 I MediaProvider: Scanned internal due to REASON_DEMAND, found 0 items in 20ms, 0 inserts 0 updates 0 deletes
05-29 03:48:00.951  1395  1869 I MediaProvider: End Intent { act=android.intent.action.MEDIA_SCANNER_SCAN_FILE dat=file:///sdcard/screen_2026-05-29_034801.png flg=0x1400010 cmp=com.android.providers.media.module/com.android.providers.media.MediaService }
05-29 03:48:00.928  1395  1395 W com.android.providers.media.module: type=1400 audit(0.0:635): avc: denied { read } for comm=4173796E635461736B202331 name="primary" dev="tmpfs" ino=28098 scontext=u:r:mediaprovider_app:s0:c129,c256,c512,c768 tcontext=u:object_r:mnt_pass_through_file:s0 tclass=lnk_file permissive=0 app=com.android.providers.media.module
05-29 03:48:01.015  1395  2592 I MediaProvider: Deleted 1 items on external_primary due to com.android.shell
05-29 03:48:01.041  7255  7257 I cmd     : oneway function results will be dropped but finished with status OK and parcel size 4
05-29 03:48:01.165   159   159 I hwservicemanager: getTransport: Cannot find entry android.hardware.graphics.mapper@4.0::IMapper/default in either framework or device manifest.
05-29 03:48:01.165  7277  7277 I Gralloc4: mapper 4.x is not supported
05-29 03:48:01.200  7281  7283 I cmd     : oneway function results will be dropped but finished with status OK and parcel size 4
05-29 03:48:01.201  1395  1869 I MediaProvider: Begin Intent { act=android.intent.action.MEDIA_SCANNER_SCAN_FILE dat=file:///sdcard/screen_2026-05-29_034801.png flg=0x1400010 cmp=com.android.providers.media.module/com.android.providers.media.MediaService }
05-29 03:48:01.201  1395  1869 W ModernMediaScanner: Failed to visit /sdcard/screen_2026-05-29_034801.png: java.nio.file.AccessDeniedException: /sdcard/screen_2026-05-29_034801.png
05-29 03:48:01.202  1395  1869 I MediaProvider: Scanned internal due to REASON_DEMAND, found 0 items in 0ms, 0 inserts 0 updates 0 deletes
05-29 03:48:01.202  1395  1869 I MediaProvider: End Intent { act=android.intent.action.MEDIA_SCANNER_SCAN_FILE dat=file:///sdcard/screen_2026-05-29_034801.png flg=0x1400010 cmp=com.android.providers.media.module/com.android.providers.media.MediaService }
05-29 03:48:01.265  1395  1509 I MediaProvider: Deleted 1 items on external_primary due to com.android.shell
05-29 03:48:01.291  7292  7294 I cmd     : oneway function results will be dropped but finished with status OK and parcel size 4
05-29 03:48:01.414   159   159 I hwservicemanager: getTransport: Cannot find entry android.hardware.graphics.mapper@4.0::IMapper/default in either framework or device manifest.
05-29 03:48:01.414  7314  7314 I Gralloc4: mapper 4.x is not supported
05-29 03:48:01.450  7318  7320 I cmd     : oneway function results will be dropped but finished with status OK and parcel size 4
05-29 03:48:01.450  1395  1869 I MediaProvider: Begin Intent { act=android.intent.action.MEDIA_SCANNER_SCAN_FILE dat=file:///sdcard/screen_2026-05-29_034801.png flg=0x1400010 cmp=com.android.providers.media.module/com.android.providers.media.MediaService }
05-29 03:48:01.452  1395  1869 W ModernMediaScanner: Failed to visit /sdcard/screen_2026-05-29_034801.png: java.nio.file.AccessDeniedException: /sdcard/screen_2026-05-29_034801.png
05-29 03:48:01.452  1395  1869 I MediaProvider: Scanned internal due to REASON_DEMAND, found 0 items in 1ms, 0 inserts 0 updates 0 deletes
05-29 03:48:01.453  1395  1869 I MediaProvider: End Intent { act=android.intent.action.MEDIA_SCANNER_SCAN_FILE dat=file:///sdcard/screen_2026-05-29_034801.png flg=0x1400010 cmp=com.android.providers.media.module/com.android.providers.media.MediaService }
05-29 03:48:01.514  1395  1509 I MediaProvider: Deleted 1 items on external_primary due to com.android.shell
05-29 03:48:01.540  7329  7331 I cmd     : oneway function results will be dropped but finished with status OK and parcel size 4
05-29 03:48:01.592  7344  7346 I cmd     : oneway function results will be dropped but finished with status OK and parcel size 4
05-29 03:48:01.656  7361  7363 I cmd     : oneway function results will be dropped but finished with status OK and parcel size 4
05-29 03:48:01.708  7376  7378 I cmd     : oneway function results will be dropped but finished with status OK and parcel size 4
05-29 03:48:01.789  7388  7388 E libc    : Access denied finding property "persist.device_config.runtime_native_boot.profilebootclasspath"
05-29 03:48:01.789  7388  7388 E libc    : Access denied finding property "persist.device_config.runtime_native_boot.enable_apex_image"
05-29 03:48:01.789  7388  7388 I AndroidRuntime: Using default boot image
05-29 03:48:01.789  7388  7388 E libc    : Access denied finding property "persist.device_config.runtime_native_boot.disable_lock_profiling"
05-29 03:48:01.789  7388  7388 I AndroidRuntime: Leaving lock profiling enabled
05-29 03:48:01.789  7388  7388 E libc    : Access denied finding property "persist.device_config.runtime_native_boot.enable_generational_cc"
05-29 03:48:01.790  7388  7388 I app_process: Core platform API reporting enabled, enforcing=false
05-29 03:48:01.829  7388  7388 W app_process: Unexpected CPU variant for X86 using defaults: x86_64
05-29 03:48:01.829  7388  7388 I app_process: The ClassLoaderContext is a special shared library.
05-29 03:48:01.836  7388  7388 W app_process: JNI RegisterNativeMethods: attempt to register 0 native methods for android.media.AudioAttributes
05-29 03:48:01.851  2283  2283 E AccessibilityInteractionClient: 3 Disconnected nodes.
05-29 03:48:01.885  2658  2674 W System  : A resource failed to call release. 
05-29 03:48:01.885  2658  2674 I chatty  : uid=10131(com.mocoding.pokedex.android) FinalizerDaemon identical 1 line
05-29 03:48:01.885  2658  2674 W System  : A resource failed to call release. 
05-29 03:48:01.886  2658  2674 W System  : A resource failed to call close. 
05-29 03:48:01.886  2658  2674 W System  : A resource failed to call dispose. 
05-29 03:48:03.557   159   159 I hwservicemanager: getTransport: Cannot find entry android.hardware.graphics.mapper@4.0::IMapper/default in either framework or device manifest.
05-29 03:48:03.557  7420  7420 I Gralloc4: mapper 4.x is not supported
05-29 03:48:03.604  7424  7426 I cmd     : oneway function results will be dropped but finished with status OK and parcel size 4
05-29 03:48:03.604  1395  1395 W com.android.providers.media.module: type=1400 audit(0.0:656): avc: denied { read } for comm=4173796E635461736B202331 name="primary" dev="tmpfs" ino=28098 scontext=u:r:mediaprovider_app:s0:c129,c256,c512,c768 tcontext=u:object_r:mnt_pass_through_file:s0 tclass=lnk_file permissive=0 app=com.android.providers.media.module
05-29 03:48:03.604  1395  1869 I MediaProvider: Begin Intent { act=android.intent.action.MEDIA_SCANNER_SCAN_FILE dat=file:///sdcard/screen_2026-05-29_034804.png flg=0x1400010 cmp=com.android.providers.media.module/com.android.providers.media.MediaService }
05-29 03:48:03.824     0     0 W audit   : audit_lost=472 audit_rate_limit=5 audit_backlog_limit=64
05-29 03:48:03.832     0     0 E audit   : rate limit exceeded
05-29 03:48:03.604  1395  1395 W com.android.providers.media.module: type=1400 audit(0.0:657): avc: denied { read } for comm=4173796E635461736B202331 name="primary" dev="tmpfs" ino=28098 scontext=u:r:mediaprovider_app:s0:c129,c256,c512,c768 tcontext=u:object_r:mnt_pass_through_file:s0 tclass=lnk_file permissive=0 app=com.android.providers.media.module
05-29 03:48:03.628  1395  1869 W ModernMediaScanner: Failed to visit /sdcard/screen_2026-05-29_034804.png: java.nio.file.AccessDeniedException: /sdcard/screen_2026-05-29_034804.png
05-29 03:48:03.628  1395  1869 I MediaProvider: Scanned internal due to REASON_DEMAND, found 0 items in 22ms, 0 inserts 0 updates 0 deletes
05-29 03:48:03.629  1395  1869 I MediaProvider: End Intent { act=android.intent.action.MEDIA_SCANNER_SCAN_FILE dat=file:///sdcard/screen_2026-05-29_034804.png flg=0x1400010 cmp=com.android.providers.media.module/com.android.providers.media.MediaService }
05-29 03:48:03.604  1395  1395 W com.android.providers.media.module: type=1400 audit(0.0:658): avc: denied { read } for comm=4173796E635461736B202331 name="primary" dev="tmpfs" ino=28098 scontext=u:r:mediaprovider_app:s0:c129,c256,c512,c768 tcontext=u:object_r:mnt_pass_through_file:s0 tclass=lnk_file permissive=0 app=com.android.providers.media.module
05-29 03:48:03.704  1395  2592 I MediaProvider: Deleted 1 items on external_primary due to com.android.shell
05-29 03:48:03.731  7437  7439 I cmd     : oneway function results will be dropped but finished with status OK and parcel size 4
05-29 03:48:03.848   159   159 I hwservicemanager: getTransport: Cannot find entry android.hardware.graphics.mapper@4.0::IMapper/default in either framework or device manifest.
05-29 03:48:03.849  7459  7459 I Gralloc4: mapper 4.x is not supported
05-29 03:48:03.894  7463  7465 I cmd     : oneway function results will be dropped but finished with status OK and parcel size 4
05-29 03:48:03.894  1395  1869 I MediaProvider: Begin Intent { act=android.intent.action.MEDIA_SCANNER_SCAN_FILE dat=file:///sdcard/screen_2026-05-29_034804.png flg=0x1400010 cmp=com.android.providers.media.module/com.android.providers.media.MediaService }
05-29 03:48:03.895  1395  1869 W ModernMediaScanner: Failed to visit /sdcard/screen_2026-05-29_034804.png: java.nio.file.AccessDeniedException: /sdcard/screen_2026-05-29_034804.png
05-29 03:48:03.898  1395  1869 I MediaProvider: Scanned internal due to REASON_DEMAND, found 0 items in 3ms, 0 inserts 0 updates 0 deletes
05-29 03:48:03.899  1395  1869 I MediaProvider: End Intent { act=android.intent.action.MEDIA_SCANNER_SCAN_FILE dat=file:///sdcard/screen_2026-05-29_034804.png flg=0x1400010 cmp=com.android.providers.media.module/com.android.providers.media.MediaService }
05-29 03:48:03.957  1395  1497 I MediaProvider: Deleted 1 items on external_primary due to com.android.shell
05-29 03:48:03.984  7474  7476 I cmd     : oneway function results will be dropped but finished with status OK and parcel size 4
05-29 03:48:04.107   159   159 I hwservicemanager: getTransport: Cannot find entry android.hardware.graphics.mapper@4.0::IMapper/default in either framework or device manifest.
05-29 03:48:04.107  7496  7496 I Gralloc4: mapper 4.x is not supported
05-29 03:48:04.155  7500  7502 I cmd     : oneway function results will be dropped but finished with status OK and parcel size 4
05-29 03:48:04.155  1395  1869 I MediaProvider: Begin Intent { act=android.intent.action.MEDIA_SCANNER_SCAN_FILE dat=file:///sdcard/screen_2026-05-29_034804.png flg=0x1400010 cmp=com.android.providers.media.module/com.android.providers.media.MediaService }
05-29 03:48:04.159  1395  1869 W ModernMediaScanner: Failed to visit /sdcard/screen_2026-05-29_034804.png: java.nio.file.AccessDeniedException: /sdcard/screen_2026-05-29_034804.png
05-29 03:48:04.159  1395  1869 I MediaProvider: Scanned internal due to REASON_DEMAND, found 0 items in 3ms, 0 inserts 0 updates 0 deletes
05-29 03:48:04.160  1395  1869 I MediaProvider: End Intent { act=android.intent.action.MEDIA_SCANNER_SCAN_FILE dat=file:///sdcard/screen_2026-05-29_034804.png flg=0x1400010 cmp=com.android.providers.media.module/com.android.providers.media.MediaService }
05-29 03:48:04.178  1395  1497 I MediaProvider: Deleted 1 items on external_primary due to com.android.shell
05-29 03:48:04.204  7511  7513 I cmd     : oneway function results will be dropped but finished with status OK and parcel size 4
05-29 03:48:04.254  7526  7528 I cmd     : oneway function results will be dropped but finished with status OK and parcel size 4
05-29 03:48:04.303  7541  7543 I cmd     : oneway function results will be dropped but finished with status OK and parcel size 4
05-29 03:48:04.353  7556  7558 I cmd     : oneway function results will be dropped but finished with status OK and parcel size 4
05-29 03:48:04.431  7568  7568 E libc    : Access denied finding property "persist.device_config.runtime_native_boot.profilebootclasspath"
05-29 03:48:04.431  7568  7568 E libc    : Access denied finding property "persist.device_config.runtime_native_boot.enable_apex_image"
05-29 03:48:04.431  7568  7568 I AndroidRuntime: Using default boot image
05-29 03:48:04.431  7568  7568 E libc    : Access denied finding property "persist.device_config.runtime_native_boot.disable_lock_profiling"
05-29 03:48:04.431  7568  7568 I AndroidRuntime: Leaving lock profiling enabled
05-29 03:48:04.431  7568  7568 E libc    : Access denied finding property "persist.device_config.runtime_native_boot.enable_generational_cc"
05-29 03:48:04.433  7568  7568 I app_process: Core platform API reporting enabled, enforcing=false
05-29 03:48:04.471  7568  7568 W app_process: Unexpected CPU variant for X86 using defaults: x86_64
05-29 03:48:04.472  7568  7568 I app_process: The ClassLoaderContext is a special shared library.
05-29 03:48:04.479  7568  7568 W app_process: JNI RegisterNativeMethods: attempt to register 0 native methods for android.media.AudioAttributes
05-29 03:48:06.507   159   159 I hwservicemanager: getTransport: Cannot find entry android.hardware.graphics.mapper@4.0::IMapper/default in either framework or device manifest.
05-29 03:48:06.507  7597  7597 I Gralloc4: mapper 4.x is not supported
05-29 03:48:06.552  7601  7603 I cmd     : oneway function results will be dropped but finished with status OK and parcel size 4
05-29 03:48:06.552  1395  1395 W com.android.providers.media.module: type=1400 audit(0.0:678): avc: denied { read } for comm=4173796E635461736B202331 name="primary" dev="tmpfs" ino=28098 scontext=u:r:mediaprovider_app:s0:c129,c256,c512,c768 tcontext=u:object_r:mnt_pass_through_file:s0 tclass=lnk_file permissive=0 app=com.android.providers.media.module
05-29 03:48:06.552  1395  1869 I MediaProvider: Begin Intent { act=android.intent.action.MEDIA_SCANNER_SCAN_FILE dat=file:///sdcard/screen_2026-05-29_034806.png flg=0x1400010 cmp=com.android.providers.media.module/com.android.providers.media.MediaService }
05-29 03:48:06.556  1395  1395 W com.android.providers.media.module: type=1400 audit(0.0:679): avc: denied { read } for comm=4173796E635461736B202331 name="primary" dev="tmpfs" ino=28098 scontext=u:r:mediaprovider_app:s0:c129,c256,c512,c768 tcontext=u:object_r:mnt_pass_through_file:s0 tclass=lnk_file permissive=0 app=com.android.providers.media.module
05-29 03:48:06.774     0     0 W audit   : audit_lost=489 audit_rate_limit=5 audit_backlog_limit=64
05-29 03:48:06.780     0     0 E audit   : rate limit exceeded
05-29 03:48:06.572  1395  1869 W ModernMediaScanner: Failed to visit /sdcard/screen_2026-05-29_034806.png: java.nio.file.AccessDeniedException: /sdcard/screen_2026-05-29_034806.png
05-29 03:48:06.573  1395  1869 I MediaProvider: Scanned internal due to REASON_DEMAND, found 0 items in 16ms, 0 inserts 0 updates 0 deletes
05-29 03:48:06.573  1395  1869 I MediaProvider: End Intent { act=android.intent.action.MEDIA_SCANNER_SCAN_FILE dat=file:///sdcard/screen_2026-05-29_034806.png flg=0x1400010 cmp=com.android.providers.media.module/com.android.providers.media.MediaService }
05-29 03:48:06.556  1395  1395 W com.android.providers.media.module: type=1400 audit(0.0:680): avc: denied { read } for comm=4173796E635461736B202331 name="primary" dev="tmpfs" ino=28098 scontext=u:r:mediaprovider_app:s0:c129,c256,c512,c768 tcontext=u:object_r:mnt_pass_through_file:s0 tclass=lnk_file permissive=0 app=com.android.providers.media.module
05-29 03:48:06.602  1395  1497 I MediaProvider: Deleted 1 items on external_primary due to com.android.shell
05-29 03:48:06.628  7612  7614 I cmd     : oneway function results will be dropped but finished with status OK and parcel size 4
05-29 03:48:06.778   159   159 I hwservicemanager: getTransport: Cannot find entry android.hardware.graphics.mapper@4.0::IMapper/default in either framework or device manifest.
05-29 03:48:06.779  7636  7636 I Gralloc4: mapper 4.x is not supported
05-29 03:48:06.825  1395  1869 I MediaProvider: Begin Intent { act=android.intent.action.MEDIA_SCANNER_SCAN_FILE dat=file:///sdcard/screen_2026-05-29_034807.png flg=0x1400010 cmp=com.android.providers.media.module/com.android.providers.media.MediaService }
05-29 03:48:06.825  7640  7642 I cmd     : oneway function results will be dropped but finished with status OK and parcel size 4
05-29 03:48:06.825  1395  1869 W ModernMediaScanner: Failed to visit /sdcard/screen_2026-05-29_034807.png: java.nio.file.AccessDeniedException: /sdcard/screen_2026-05-29_034807.png
05-29 03:48:06.826  1395  1869 I MediaProvider: Scanned internal due to REASON_DEMAND, found 0 items in 1ms, 0 inserts 0 updates 0 deletes
05-29 03:48:06.826  1395  1869 I MediaProvider: End Intent { act=android.intent.action.MEDIA_SCANNER_SCAN_FILE dat=file:///sdcard/screen_2026-05-29_034807.png flg=0x1400010 cmp=com.android.providers.media.module/com.android.providers.media.MediaService }
05-29 03:48:06.889  1395  1497 I MediaProvider: Deleted 1 items on external_primary due to com.android.shell
05-29 03:48:06.916  7651  7653 I cmd     : oneway function results will be dropped but finished with status OK and parcel size 4
05-29 03:48:07.035   159   159 I hwservicemanager: getTransport: Cannot find entry android.hardware.graphics.mapper@4.0::IMapper/default in either framework or device manifest.
05-29 03:48:07.035  7673  7673 I Gralloc4: mapper 4.x is not supported
05-29 03:48:07.081  7677  7679 I cmd     : oneway function results will be dropped but finished with status OK and parcel size 4
05-29 03:48:07.081  1395  1869 I MediaProvider: Begin Intent { act=android.intent.action.MEDIA_SCANNER_SCAN_FILE dat=file:///sdcard/screen_2026-05-29_034807.png flg=0x1400010 cmp=com.android.providers.media.module/com.android.providers.media.MediaService }
05-29 03:48:07.082  1395  1869 W ModernMediaScanner: Failed to visit /sdcard/screen_2026-05-29_034807.png: java.nio.file.AccessDeniedException: /sdcard/screen_2026-05-29_034807.png
05-29 03:48:07.083  1395  1869 I MediaProvider: Scanned internal due to REASON_DEMAND, found 0 items in 2ms, 0 inserts 0 updates 0 deletes
05-29 03:48:07.084  1395  1869 I MediaProvider: End Intent { act=android.intent.action.MEDIA_SCANNER_SCAN_FILE dat=file:///sdcard/screen_2026-05-29_034807.png flg=0x1400010 cmp=com.android.providers.media.module/com.android.providers.media.MediaService }
05-29 03:48:07.104  1395  2592 I MediaProvider: Deleted 1 items on external_primary due to com.android.shell
05-29 03:48:07.131  7688  7690 I cmd     : oneway function results will be dropped but finished with status OK and parcel size 4
05-29 03:48:07.181  7703  7705 I cmd     : oneway function results will be dropped but finished with status OK and parcel size 4
05-29 03:48:07.230  7718  7720 I cmd     : oneway function results will be dropped but finished with status OK and parcel size 4
05-29 03:48:07.284  7733  7735 I cmd     : oneway function results will be dropped but finished with status OK and parcel size 4
05-29 03:48:07.365  7745  7745 E libc    : Access denied finding property "persist.device_config.runtime_native_boot.profilebootclasspath"
05-29 03:48:07.365  7745  7745 E libc    : Access denied finding property "persist.device_config.runtime_native_boot.enable_apex_image"
05-29 03:48:07.365  7745  7745 I AndroidRuntime: Using default boot image
05-29 03:48:07.365  7745  7745 E libc    : Access denied finding property "persist.device_config.runtime_native_boot.disable_lock_profiling"
05-29 03:48:07.365  7745  7745 I AndroidRuntime: Leaving lock profiling enabled
05-29 03:48:07.365  7745  7745 E libc    : Access denied finding property "persist.device_config.runtime_native_boot.enable_generational_cc"
05-29 03:48:07.367  7745  7745 I app_process: Core platform API reporting enabled, enforcing=false
05-29 03:48:07.407  7745  7745 W app_process: Unexpected CPU variant for X86 using defaults: x86_64
05-29 03:48:07.408  7745  7745 I app_process: The ClassLoaderContext is a special shared library.
05-29 03:48:07.415  7745  7745 W app_process: JNI RegisterNativeMethods: attempt to register 0 native methods for android.media.AudioAttributes
05-29 03:48:09.441   159   159 I hwservicemanager: getTransport: Cannot find entry android.hardware.graphics.mapper@4.0::IMapper/default in either framework or device manifest.
05-29 03:48:09.441  7774  7774 I Gralloc4: mapper 4.x is not supported
05-29 03:48:09.486  7778  7780 I cmd     : oneway function results will be dropped but finished with status OK and parcel size 4
05-29 03:48:09.487  1395  1869 I MediaProvider: Begin Intent { act=android.intent.action.MEDIA_SCANNER_SCAN_FILE dat=file:///sdcard/screen_2026-05-29_034809.png flg=0x1400010 cmp=com.android.providers.media.module/com.android.providers.media.MediaService }
05-29 03:48:09.484  1395  1395 W com.android.providers.media.module: type=1400 audit(0.0:700): avc: denied { read } for comm=4173796E635461736B202331 name="primary" dev="tmpfs" ino=28098 scontext=u:r:mediaprovider_app:s0:c129,c256,c512,c768 tcontext=u:object_r:mnt_pass_through_file:s0 tclass=lnk_file permissive=0 app=com.android.providers.media.module
05-29 03:48:09.705     0     0 W audit   : audit_lost=506 audit_rate_limit=5 audit_backlog_limit=64
05-29 03:48:09.715     0     0 E audit   : rate limit exceeded
05-29 03:48:09.484  1395  1395 W com.android.providers.media.module: type=1400 audit(0.0:701): avc: denied { read } for comm=4173796E635461736B202331 name="primary" dev="tmpfs" ino=28098 scontext=u:r:mediaprovider_app:s0:c129,c256,c512,c768 tcontext=u:object_r:mnt_pass_through_file:s0 tclass=lnk_file permissive=0 app=com.android.providers.media.module
05-29 03:48:09.507  1395  1869 W ModernMediaScanner: Failed to visit /sdcard/screen_2026-05-29_034809.png: java.nio.file.AccessDeniedException: /sdcard/screen_2026-05-29_034809.png
05-29 03:48:09.507  1395  1869 I MediaProvider: Scanned internal due to REASON_DEMAND, found 0 items in 20ms, 0 inserts 0 updates 0 deletes
05-29 03:48:09.508  1395  1869 I MediaProvider: End Intent { act=android.intent.action.MEDIA_SCANNER_SCAN_FILE dat=file:///sdcard/screen_2026-05-29_034809.png flg=0x1400010 cmp=com.android.providers.media.module/com.android.providers.media.MediaService }
05-29 03:48:09.484  1395  1395 W com.android.providers.media.module: type=1400 audit(0.0:702): avc: denied { read } for comm=4173796E635461736B202331 name="primary" dev="tmpfs" ino=28098 scontext=u:r:mediaprovider_app:s0:c129,c256,c512,c768 tcontext=u:object_r:mnt_pass_through_file:s0 tclass=lnk_file permissive=0 app=com.android.providers.media.module
05-29 03:48:09.543  1395  1509 I MediaProvider: Deleted 1 items on external_primary due to com.android.shell
05-29 03:48:09.571  7789  7791 I cmd     : oneway function results will be dropped but finished with status OK and parcel size 4
05-29 03:48:09.692   159   159 I hwservicemanager: getTransport: Cannot find entry android.hardware.graphics.mapper@4.0::IMapper/default in either framework or device manifest.
05-29 03:48:09.692  7811  7811 I Gralloc4: mapper 4.x is not supported
05-29 03:48:09.738  7815  7817 I cmd     : oneway function results will be dropped but finished with status OK and parcel size 4
05-29 03:48:09.738  1395  1869 I MediaProvider: Begin Intent { act=android.intent.action.MEDIA_SCANNER_SCAN_FILE dat=file:///sdcard/screen_2026-05-29_034810.png flg=0x1400010 cmp=com.android.providers.media.module/com.android.providers.media.MediaService }
05-29 03:48:09.739  1395  1869 W ModernMediaScanner: Failed to visit /sdcard/screen_2026-05-29_034810.png: java.nio.file.AccessDeniedException: /sdcard/screen_2026-05-29_034810.png
05-29 03:48:09.740  1395  1869 I MediaProvider: Scanned internal due to REASON_DEMAND, found 0 items in 2ms, 0 inserts 0 updates 0 deletes
05-29 03:48:09.744  1395  1869 I MediaProvider: End Intent { act=android.intent.action.MEDIA_SCANNER_SCAN_FILE dat=file:///sdcard/screen_2026-05-29_034810.png flg=0x1400010 cmp=com.android.providers.media.module/com.android.providers.media.MediaService }
05-29 03:48:09.762  1395  1509 I MediaProvider: Deleted 1 items on external_primary due to com.android.shell
05-29 03:48:09.923   159   159 I hwservicemanager: getTransport: Cannot find entry android.hardware.graphics.mapper@4.0::IMapper/default in either framework or device manifest.
05-29 03:48:09.923  7850  7850 I Gralloc4: mapper 4.x is not supported
05-29 03:48:09.970  7854  7856 I cmd     : oneway function results will be dropped but finished with status OK and parcel size 4
05-29 03:48:09.971  1395  1869 I MediaProvider: Begin Intent { act=android.intent.action.MEDIA_SCANNER_SCAN_FILE dat=file:///sdcard/screen_2026-05-29_034810.png flg=0x1400010 cmp=com.android.providers.media.module/com.android.providers.media.MediaService }
05-29 03:48:09.972  1395  1869 W ModernMediaScanner: Failed to visit /sdcard/screen_2026-05-29_034810.png: java.nio.file.AccessDeniedException: /sdcard/screen_2026-05-29_034810.png
05-29 03:48:09.972  1395  1869 I MediaProvider: Scanned internal due to REASON_DEMAND, found 0 items in 1ms, 0 inserts 0 updates 0 deletes
05-29 03:48:09.973  1395  1869 I MediaProvider: End Intent { act=android.intent.action.MEDIA_SCANNER_SCAN_FILE dat=file:///sdcard/screen_2026-05-29_034810.png flg=0x1400010 cmp=com.android.providers.media.module/com.android.providers.media.MediaService }
05-29 03:48:09.995  1395  2592 I MediaProvider: Deleted 1 items on external_primary due to com.android.shell
05-29 03:48:10.028  7865  7867 I cmd     : oneway function results will be dropped but finished with status OK and parcel size 4
05-29 03:48:10.079  7880  7882 I cmd     : oneway function results will be dropped but finished with status OK and parcel size 4
05-29 03:48:10.128  7895  7897 I cmd     : oneway function results will be dropped but finished with status OK and parcel size 4
05-29 03:48:10.177  7910  7912 I cmd     : oneway function results will be dropped but finished with status OK and parcel size 4
05-29 03:48:10.256  7922  7922 E libc    : Access denied finding property "persist.device_config.runtime_native_boot.profilebootclasspath"
05-29 03:48:10.256  7922  7922 E libc    : Access denied finding property "persist.device_config.runtime_native_boot.enable_apex_image"
05-29 03:48:10.256  7922  7922 I AndroidRuntime: Using default boot image
05-29 03:48:10.256  7922  7922 E libc    : Access denied finding property "persist.device_config.runtime_native_boot.disable_lock_profiling"
05-29 03:48:10.256  7922  7922 I AndroidRuntime: Leaving lock profiling enabled
05-29 03:48:10.256  7922  7922 E libc    : Access denied finding property "persist.device_config.runtime_native_boot.enable_generational_cc"
05-29 03:48:10.257  7922  7922 I app_process: Core platform API reporting enabled, enforcing=false
05-29 03:48:10.297  7922  7922 W app_process: Unexpected CPU variant for X86 using defaults: x86_64
05-29 03:48:10.298  7922  7922 I app_process: The ClassLoaderContext is a special shared library.
05-29 03:48:10.304  7922  7922 W app_process: JNI RegisterNativeMethods: attempt to register 0 native methods for android.media.AudioAttributes
05-29 03:48:12.319   159   159 I hwservicemanager: getTransport: Cannot find entry android.hardware.graphics.mapper@4.0::IMapper/default in either framework or device manifest.
05-29 03:48:12.319  7951  7951 I Gralloc4: mapper 4.x is not supported
05-29 03:48:12.363  7955  7957 I cmd     : oneway function results will be dropped but finished with status OK and parcel size 4
05-29 03:48:12.364  1395  1869 I MediaProvider: Begin Intent { act=android.intent.action.MEDIA_SCANNER_SCAN_FILE dat=file:///sdcard/screen_2026-05-29_034812.png flg=0x1400010 cmp=com.android.providers.media.module/com.android.providers.media.MediaService }
05-29 03:48:12.364  1395  1395 W com.android.providers.media.module: type=1400 audit(0.0:722): avc: denied { read } for comm=4173796E635461736B202331 name="primary" dev="tmpfs" ino=28098 scontext=u:r:mediaprovider_app:s0:c129,c256,c512,c768 tcontext=u:object_r:mnt_pass_through_file:s0 tclass=lnk_file permissive=0 app=com.android.providers.media.module
05-29 03:48:12.582     0     0 W audit   : audit_lost=523 audit_rate_limit=5 audit_backlog_limit=64
05-29 03:48:12.592     0     0 E audit   : rate limit exceeded
05-29 03:48:12.383  1395  1869 W ModernMediaScanner: Failed to visit /sdcard/screen_2026-05-29_034812.png: java.nio.file.AccessDeniedException: /sdcard/screen_2026-05-29_034812.png
05-29 03:48:12.384  1395  1869 I MediaProvider: Scanned internal due to REASON_DEMAND, found 0 items in 19ms, 0 inserts 0 updates 0 deletes
05-29 03:48:12.385  1395  1869 I MediaProvider: End Intent { act=android.intent.action.MEDIA_SCANNER_SCAN_FILE dat=file:///sdcard/screen_2026-05-29_034812.png flg=0x1400010 cmp=com.android.providers.media.module/com.android.providers.media.MediaService }
05-29 03:48:12.364  1395  1395 W com.android.providers.media.module: type=1400 audit(0.0:723): avc: denied { read } for comm=4173796E635461736B202331 name="primary" dev="tmpfs" ino=28098 scontext=u:r:mediaprovider_app:s0:c129,c256,c512,c768 tcontext=u:object_r:mnt_pass_through_file:s0 tclass=lnk_file permissive=0 app=com.android.providers.media.module
05-29 03:48:12.464  1395  1497 I MediaProvider: Deleted 1 items on external_primary due to com.android.shell
05-29 03:48:12.490  7966  7968 I cmd     : oneway function results will be dropped but finished with status OK and parcel size 4
05-29 03:48:12.609   159   159 I hwservicemanager: getTransport: Cannot find entry android.hardware.graphics.mapper@4.0::IMapper/default in either framework or device manifest.
05-29 03:48:12.609  7988  7988 I Gralloc4: mapper 4.x is not supported
05-29 03:48:12.656  7992  7994 I cmd     : oneway function results will be dropped but finished with status OK and parcel size 4
05-29 03:48:12.657  1395  1869 I MediaProvider: Begin Intent { act=android.intent.action.MEDIA_SCANNER_SCAN_FILE dat=file:///sdcard/screen_2026-05-29_034813.png flg=0x1400010 cmp=com.android.providers.media.module/com.android.providers.media.MediaService }
05-29 03:48:12.659  1395  1869 W ModernMediaScanner: Failed to visit /sdcard/screen_2026-05-29_034813.png: java.nio.file.AccessDeniedException: /sdcard/screen_2026-05-29_034813.png
05-29 03:48:12.659  1395  1869 I MediaProvider: Scanned internal due to REASON_DEMAND, found 0 items in 2ms, 0 inserts 0 updates 0 deletes
05-29 03:48:12.660  1395  1869 I MediaProvider: End Intent { act=android.intent.action.MEDIA_SCANNER_SCAN_FILE dat=file:///sdcard/screen_2026-05-29_034813.png flg=0x1400010 cmp=com.android.providers.media.module/com.android.providers.media.MediaService }
05-29 03:48:12.678  1395  1509 I MediaProvider: Deleted 1 items on external_primary due to com.android.shell
05-29 03:48:12.704  8003  8005 I cmd     : oneway function results will be dropped but finished with status OK and parcel size 4
05-29 03:48:12.826   159   159 I hwservicemanager: getTransport: Cannot find entry android.hardware.graphics.mapper@4.0::IMapper/default in either framework or device manifest.
05-29 03:48:12.826  8025  8025 I Gralloc4: mapper 4.x is not supported
05-29 03:48:12.873  8029  8031 I cmd     : oneway function results will be dropped but finished with status OK and parcel size 4
05-29 03:48:12.873  1395  1869 I MediaProvider: Begin Intent { act=android.intent.action.MEDIA_SCANNER_SCAN_FILE dat=file:///sdcard/screen_2026-05-29_034813.png flg=0x1400010 cmp=com.android.providers.media.module/com.android.providers.media.MediaService }
05-29 03:48:12.875  1395  1869 W ModernMediaScanner: Failed to visit /sdcard/screen_2026-05-29_034813.png: java.nio.file.AccessDeniedException: /sdcard/screen_2026-05-29_034813.png
05-29 03:48:12.876  1395  1869 I MediaProvider: Scanned internal due to REASON_DEMAND, found 0 items in 1ms, 0 inserts 0 updates 0 deletes
05-29 03:48:12.876  1395  1869 I MediaProvider: End Intent { act=android.intent.action.MEDIA_SCANNER_SCAN_FILE dat=file:///sdcard/screen_2026-05-29_034813.png flg=0x1400010 cmp=com.android.providers.media.module/com.android.providers.media.MediaService }
