05-29 03:46:46.731  1395  1869 W ModernMediaScanner: Failed to visit /system/media: java.nio.file.NoSuchFileException: /system/media
05-29 03:46:46.747   931  1755 I OpenGLRenderer: Davey! duration=722ms; Flags=0, IntendedVsync=27038790263, Vsync=27038790263, OldestInputEvent=9223372036854775807, NewestInputEvent=0, HandleInputStart=27039019438, AnimationStart=27039019989, PerformTraversalsStart=27039119316, DrawStart=27039231353, SyncQueued=27039293305, SyncStart=27486111580, IssueDrawCommandsStart=27486188855, SwapBuffers=28204617646, FrameCompleted=28208080713, DequeueBufferDuration=92117, QueueBufferDuration=638008, GpuCompleted=0, 
05-29 03:46:46.755   505   505 I hostapd : wlan1: STA-OPMODE-SMPS-MODE-CHANGED 02:15:b2:00:00:00 off
05-29 03:46:46.756   931   931 E libprocessgroup: set_timerslack_ns write failed: Operation not permitted
05-29 03:46:46.757   931   931 I Choreographer: Skipped 43 frames!  The application may be doing too much work on its main thread.
05-29 03:46:46.758  1395  1869 I MediaProvider: Scanned internal due to REASON_MOUNTED, found 0 items in 29ms, 0 inserts 0 updates 0 deletes
05-29 03:46:46.773  1637  1637 I Dialer  : DialerExecutorModule.newThread - creating low priority thread
05-29 03:46:46.783  1637  1988 I Dialer  : VisualVoicemailUpdateTask.updateNotification - enter
05-29 03:46:46.784   511   521 I system_server: Background concurrent copying GC freed 135282(7446KB) AllocSpace objects, 51(1912KB) LOS objects, 49% free, 10MB/21MB, paused 22us total 708.302ms
05-29 03:46:46.787   511   543 I DropBoxManagerService: add tag=system_server_strictmode isTagEnabled=true flags=0x2
05-29 03:46:46.787   511  1987 I RecoverySystem: No recovery log file
05-29 03:46:46.787   511  1987 I BootReceiver: No existing last log timestamp file /data/system/log-files.xml; starting empty
05-29 03:46:46.787   511  1987 I DropBoxManagerService: add tag=SYSTEM_BOOT isTagEnabled=true flags=0x2
05-29 03:46:46.788  1395  1869 W ModernMediaScanner: Failed to visit /oem/media: java.nio.file.NoSuchFileException: /oem/media
05-29 03:46:46.789  1395  1869 I MediaProvider: Scanned internal due to REASON_MOUNTED, found 0 items in 1ms, 0 inserts 0 updates 0 deletes
05-29 03:46:46.791   511  1987 I BootReceiver: Copying audit failures to DropBox
05-29 03:46:46.791   511  1987 I BootReceiver: Checking for fsck errors
05-29 03:46:46.791   511  1987 I BootReceiver: fs_stat, partition:vdc stat:0x13
05-29 03:46:46.806   505   505 I hostapd : wlan1: STA-OPMODE-SMPS-MODE-CHANGED 02:15:b2:00:00:00 dynamic
05-29 03:46:46.813   279   279 E Netd    : no such netId 101
05-29 03:46:46.814   511   656 E ConnectivityService: Exception in networkAddRouteParcel for non-gateway: android.os.ServiceSpecificException: Machine is not on the network (code 64)
05-29 03:46:46.814   511   656 E ConnectivityService: Exception in networkAddRouteParcel for gateway: android.os.ServiceSpecificException: Machine is not on the network (code 64)
05-29 03:46:46.814   279   279 E Netd    : no such netId 101
05-29 03:46:46.823   511   652 W WifiScoreReport: Cannot start external scoring netId=101 currentNetId=101 sessionId=1017
05-29 03:46:46.824  1637  1988 I Dialer  : VisualVoicemailUpdateTask.updateNotification - no voicemails to notify about
05-29 03:46:46.824  1637  1988 I Dialer  : VisualVoicemailNotifier.cancelAllVoicemailNotifications - enter
05-29 03:46:46.825  1637  1988 I Dialer  : VoicemailNotificationJobService.scheduleJob - job canceled
05-29 03:46:46.826  1637  1637 I Dialer  : VisualVoicemailUpdateTask.scheduleTask - update successful
05-29 03:46:46.836   511   511 I Telecom : DefaultDialerCache: Refreshing default dialer for user 0: now com.android.dialer: DDC.oR@AGU
05-29 03:46:46.836   511   511 I Telecom : MissedCallNotifierImpl: reloadAfterBootComplete: user=0: TSBCR.oR@AGY
05-29 03:46:46.841   202   205 E android.system.suspend@1.0-service: Error opening kernel wakelock stats for: wakeup32: Permission denied
05-29 03:46:46.858   202   205 E android.system.suspend@1.0-service: Error opening kernel wakelock stats for: wakeup33: Permission denied
05-29 03:46:46.852   511   511 I Telecom : MissedCallNotifierImpl: reloadAfterBootComplete: user=0: TSBCR.oR@AGY
05-29 03:46:46.862  1831  1831 I MessagingApp: Carrier config changed. Reloading MMS config.
05-29 03:46:46.875   511   511 I Telecom : PhoneAccountRegistrar: getSimCallManager: SimCallManager for subId 1 queried, returning: null: TSI.gSCMFU@AGg
05-29 03:46:46.878  1831  1866 W MessagingApp: canonicalizeMccMnc: invalid mccmnc:null ,null
05-29 03:46:46.881   511   541 E GnssLocationProvider: IGnssConfiguration setEsExtensionSec() failed.
05-29 03:46:46.881   511   541 E GnssConfiguration: Unable to set ES_EXTENSION_SEC: 0
05-29 03:46:46.882   511   656 W DnsManager: updatePrivateDns(101, PrivateDnsConfig{true:/[]})
05-29 03:46:46.885  1831  1866 I MessagingApp: Carrier configs loaded: Bundle[{httpSocketTimeout=60000, aliasMinChars=2, smsToMmsTextThreshold=-1, enableSMSDeliveryReports=true, maxMessageTextSize=-1, supportMmsContentDisposition=true, enabledTransID=false, aliasEnabled=false, supportHttpCharsetHeader=false, allowAttachAudio=true, smsToMmsTextLengthThreshold=-1, recipientLimit=2147483647, uaProfTagName=x-wap-profile, aliasMaxChars=48, maxImageHeight=1944, enableMMSDeliveryReports=false, userAgent=, mmsCloseConnection=true, config_cellBroadcastAppLinks=true, maxSubjectLength=40, httpParams=, enableGroupMms=true, emailGatewayNumber=, maxMessageSize=1048576, naiSuffix=, enableMMSReadReports=false, maxImageWidth=2592, uaProfUrl=, enabledMMS=false, enabledNotifyWapMMSC=false, sendMultipartSmsAsSeparateMessages=false, enableMultipartSMS=true}] from resources+system for subId=1
05-29 03:46:46.890  1058  1058 I Telephony: Carrier-config changed, checking for phone account updates.
05-29 03:46:46.891   511   551 I ActivityManager: Start proc 1994:com.android.calendar/u0a107 for broadcast {com.android.calendar/com.android.calendar.UpgradeReceiver}
05-29 03:46:46.893  1058  1058 I Telephony: isRttCurrentlySupported -- regular acct, hasVoiceAvailability: false
05-29 03:46:46.893  1058  1058 I Telephony:  isRttSupported: false
05-29 03:46:46.893  1058  1058 I Telephony:  isRoaming: false
05-29 03:46:46.893  1058  1058 I Telephony:  isOnWfc: false
05-29 03:46:46.840   202   202 W Binder:202_2: type=1400 audit(0.0:20): avc: denied { read } for name="wakeup32" dev="sysfs" ino=18830 scontext=u:r:system_suspend:s0 tcontext=u:object_r:sysfs:s0 tclass=dir permissive=0
05-29 03:46:46.906   279  1996 W resolv  : Validating DnsTlsServer on netId 101
05-29 03:46:46.907   279  1996 W resolv  : Validation failed
05-29 03:46:46.931  1994  1994 W ndroid.calenda: Unexpected CPU variant for X86 using defaults: x86_64
05-29 03:46:46.937  1058  1058 I Telephony: reRegisterPstnPhoneAccount: subId: 1 - no change
05-29 03:46:46.939   279  2003 W resolv  : Validating DnsTlsServer on netId 101
05-29 03:46:46.940   396   413 I adbd    : jdwp connection from 1994
05-29 03:46:46.856   202   202 W Binder:202_2: type=1400 audit(0.0:21): avc: denied { read } for name="wakeup33" dev="sysfs" ino=18893 scontext=u:r:system_suspend:s0 tcontext=u:object_r:sysfs:s0 tclass=dir permissive=0
05-29 03:46:46.959   511   652 E WifiVendorHal: stopRssiMonitoring(l.2100) failed {.code = ERROR_NOT_AVAILABLE, .description = }
05-29 03:46:46.960   279  2003 W resolv  : SSL_connect ssl error =5, mark 0xf0065: Connection refused
05-29 03:46:46.960   279  2003 W resolv  : Validation failed
05-29 03:46:46.986  1994  1994 I ndroid.calenda: The ClassLoaderContext is a special shared library.
05-29 03:46:47.011  1058  1058 I VvmSimStateTracker: android.telephony.action.CARRIER_CONFIG_CHANGED
05-29 03:46:47.012  1058  1058 I VvmSimStateTracker: Service connected on ComponentInfo{com.android.phone/com.android.services.telephony.TelephonyConnectionService}, ***, UserHandle{0}
05-29 03:46:47.028  1831  1867 I MessagingAppDataModel: SyncMessagesAction: All messages now in sync
05-29 03:46:47.032  1058  1058 I RemoteVvmTaskManager: Binding to ComponentInfo{com.android.dialer/com.android.voicemail.impl.OmtpService}
05-29 03:46:47.038  1637  1637 I Dialer  : VvmOmtpService - onCellServiceConnected
05-29 03:46:47.056   511   551 I ActivityManager: Start proc 2029:com.android.camera2/u0a109 for broadcast {com.android.camera2/com.android.camera.SetActivitiesCameraReceiver}
05-29 03:46:47.059   511  1256 I ActivityManager: Killing 1085:com.android.settings:CryptKeeper/1000 (adj 975): empty #17
05-29 03:46:47.065   280   280 I Zygote  : Process 1085 exited due to signal 9 (Killed)
05-29 03:46:47.068  2029  2029 W android.camera: Unexpected CPU variant for X86 using defaults: x86_64
05-29 03:46:47.073   396   413 I adbd    : jdwp connection from 2029
05-29 03:46:47.104   511   552 I libprocessgroup: Successfully killed process cgroup uid 1000 pid 1085 in 44ms
05-29 03:46:47.110  2029  2029 I android.camera: The ClassLoaderContext is a special shared library.
05-29 03:46:47.114  2029  2029 I android.camera: The ClassLoaderContext is a special shared library.
05-29 03:46:47.133  2029  2029 W CAM_Log : Tag SetActivitiesCameraReceiver is 8 chars longer than limit.
05-29 03:46:47.133   416   597 W ServiceManager: Permission failure: android.permission.SYSTEM_CAMERA from uid=10109 pid=2029
05-29 03:46:47.133  2029  2029 I CAM_SetActivitiesCamera: number of camera: 1
05-29 03:46:47.134  2029  2029 I CAM_SetActivitiesCamera: component state is 1
05-29 03:46:47.137   511   829 I ActivityManager: Killing 1237:com.android.deskclock/u0a110 (adj 985): empty #17
05-29 03:46:47.149   280   280 I Zygote  : Process 1237 exited due to signal 9 (Killed)
05-29 03:46:47.152  2053  2053 W ndroid.contact: Unexpected CPU variant for X86 using defaults: x86_64
05-29 03:46:47.154   396   413 I adbd    : jdwp connection from 2053
05-29 03:46:47.161   511   551 I ActivityManager: Start proc 2053:com.android.contacts/u0a98 for broadcast {com.android.contacts/com.android.contacts.interactions.OnBootOrUpgradeReceiver}
05-29 03:46:47.171   202   205 E android.system.suspend@1.0-service: Error opening kernel wakelock stats for: wakeup32: Permission denied
05-29 03:46:47.174   202   205 E android.system.suspend@1.0-service: Error opening kernel wakelock stats for: wakeup33: Permission denied
05-29 03:46:47.168   202   202 W Binder:202_2: type=1400 audit(0.0:22): avc: denied { read } for name="wakeup32" dev="sysfs" ino=18830 scontext=u:r:system_suspend:s0 tcontext=u:object_r:sysfs:s0 tclass=dir permissive=0
05-29 03:46:47.172   202   202 W Binder:202_2: type=1400 audit(0.0:23): avc: denied { read } for name="wakeup33" dev="sysfs" ino=18893 scontext=u:r:system_suspend:s0 tcontext=u:object_r:sysfs:s0 tclass=dir permissive=0
05-29 03:46:47.184   511   552 I libprocessgroup: Successfully killed process cgroup uid 10110 pid 1237 in 43ms
05-29 03:46:47.189   511   541 I GnssNetworkConnectivityHandler: updateNetworkState, state=CLOSED, connected=true, network=101, capabilities=[ Transports: WIFI Capabilities: NOT_METERED&INTERNET&NOT_RESTRICTED&TRUSTED&NOT_VPN&VALIDATED&NOT_ROAMING&FOREGROUND&NOT_CONGESTED&NOT_SUSPENDED LinkUpBandwidth>=141000Kbps LinkDnBandwidth>=141000Kbps SignalStrength: -30 OwnerUid: 1000 AdministratorUids: [] SSID: "AndroidWifi" RequestorUid: -1 RequestorPackageName: null], apn: , availableNetworkCount: 2
05-29 03:46:47.193   279  2073 W resolv  : Validating DnsTlsServer on netId 101
05-29 03:46:47.195   720   720 W View    : requestLayout() improperly called by com.android.keyguard.AlphaOptimizedLinearLayout{96f345a V.E...... ......ID 3,0-18,22 #7f0a04db app:id/wifi_group} during layout: running second layout pass
05-29 03:46:47.199   720   720 W View    : requestLayout() improperly called by com.android.keyguard.AlphaOptimizedLinearLayout{de8e68b V.E...... ......ID 3,0-18,22 #7f0a04db app:id/wifi_group} during layout: running second layout pass
05-29 03:46:47.199   720   720 W View    : requestLayout() improperly called by com.android.keyguard.AlphaOptimizedLinearLayout{ceab368 V.E...... ......ID 3,0-18,22 #7f0a04db app:id/wifi_group} during layout: running second layout pass
05-29 03:46:47.200   279  2073 W resolv  : SSL_connect ssl error =5, mark 0xf0065: Connection refused
05-29 03:46:47.201   279  2073 W resolv  : Validation failed
05-29 03:46:47.210   511   604 E ReportEncoder: No watchlist hash
05-29 03:46:47.210   511   604 I WatchlistLoggingHandler: Milliseconds spent on tryAggregateRecords(): 9458
05-29 03:46:47.211   511   543 I DropBoxManagerService: add tag=system_server_strictmode isTagEnabled=true flags=0x2
05-29 03:46:47.216   511   652 W LastMileLogger: Failed to stop event tracing: /sys/kernel/debug/tracing/instances/wifi/tracing_on: open failed: ENOENT (No such file or directory)
05-29 03:46:47.222  2053  2053 I ndroid.contact: The ClassLoaderContext is a special shared library.
05-29 03:46:47.227   511   543 I chatty  : uid=1000(system) android.io identical 8 lines
05-29 03:46:47.228   511   543 I DropBoxManagerService: add tag=system_server_strictmode isTagEnabled=true flags=0x2
05-29 03:46:47.243  1058  1072 I m.android.phon: JIT allocated 75KB for compiled code of boolean com.android.internal.telephony.ITelephony$Stub.onTransact(int, android.os.Parcel, android.os.Parcel, int)
05-29 03:46:47.244  1058  1072 I m.android.phon: Compiler allocated 4900KB to compile boolean com.android.internal.telephony.ITelephony$Stub.onTransact(int, android.os.Parcel, android.os.Parcel, int)
05-29 03:46:47.251   511  1728 I ActivityManager: Killing 1484:com.android.documentsui/u0a76 (adj 985): empty #17
05-29 03:46:47.255  2076  2076 W droid.deskcloc: Unexpected CPU variant for X86 using defaults: x86_64
05-29 03:46:47.256   511   551 I ActivityManager: Start proc 2076:com.android.deskclock/u0a110 for broadcast {com.android.deskclock/com.android.deskclock.AlarmInitReceiver}
05-29 03:46:47.258   280   280 I Zygote  : Process 1484 exited due to signal 9 (Killed)
05-29 03:46:47.259   396   413 I adbd    : jdwp connection from 2076
05-29 03:46:47.286  2076  2076 I droid.deskcloc: The ClassLoaderContext is a special shared library.
05-29 03:46:47.287  2076  2076 I droid.deskcloc: The ClassLoaderContext is a special shared library.
05-29 03:46:47.300   511   552 I libprocessgroup: Successfully killed process cgroup uid 10076 pid 1484 in 44ms
05-29 03:46:47.303  2076  2076 I AlarmClock: AlarmInitReceiver android.intent.action.BOOT_COMPLETED
05-29 03:46:47.312  2076  2100 I AlarmClock: Fixing alarm instances
05-29 03:46:47.318   511  2086 I ActivityManager: Killing 1556:com.android.music/u0a111 (adj 985): empty #17
05-29 03:46:47.323  1637  1637 I Dialer  : VvmOmtpService - onBoot
05-29 03:46:47.326   280   280 I Zygote  : Process 1556 exited due to signal 9 (Killed)
05-29 03:46:47.335   511   551 I ActivityManager: Start proc 2102:com.android.dynsystem/1000 for broadcast {com.android.dynsystem/com.android.dynsystem.BootCompletedReceiver}
05-29 03:46:47.338  2102  2102 W droid.dynsyste: Unexpected CPU variant for X86 using defaults: x86_64
05-29 03:46:47.340   396   413 I adbd    : jdwp connection from 2102
05-29 03:46:47.349  2102  2102 I droid.dynsyste: The ClassLoaderContext is a special shared library.
05-29 03:46:47.357   511  1728 I ActivityManager: Killing 1606:com.android.carrierconfig/u0a118 (adj 985): empty #17
05-29 03:46:47.360   511   552 I libprocessgroup: Successfully killed process cgroup uid 10111 pid 1556 in 41ms
05-29 03:46:47.366   280   280 I Zygote  : Process 1606 exited due to signal 9 (Killed)
05-29 03:46:47.367   511   551 I ActivityManager: Start proc 2122:com.android.gallery3d/u0a112 for broadcast {com.android.gallery3d/com.android.camera.DisableCameraReceiver}
05-29 03:46:47.369  2122  2122 W droid.gallery3: Unexpected CPU variant for X86 using defaults: x86_64
05-29 03:46:47.372   396   413 I adbd    : jdwp connection from 2122
05-29 03:46:47.406  2122  2122 I droid.gallery3: The ClassLoaderContext is a special shared library.
05-29 03:46:47.406   511   552 I libprocessgroup: Successfully killed process cgroup uid 10118 pid 1606 in 45ms
05-29 03:46:47.408  2122  2122 I droid.gallery3: The ClassLoaderContext is a special shared library.
05-29 03:46:47.421   416   416 W ServiceManager: Permission failure: android.permission.SYSTEM_CAMERA from uid=10112 pid=2122
05-29 03:46:47.421   416   416 I chatty  : uid=1047(cameraserver) /system/bin/cameraserver identical 2 lines
05-29 03:46:47.421   416   416 W ServiceManager: Permission failure: android.permission.SYSTEM_CAMERA from uid=10112 pid=2122
05-29 03:46:47.422  2122  2122 I G:DisableCameraReceiver: back camera found: 0
05-29 03:46:47.423  1344  1344 I SystemBroadcastReceiver: Boot has been completed
05-29 03:46:47.423  1344  1344 I SystemBroadcastReceiver: toggleAppIcon() : FLAG_SYSTEM = true
05-29 03:46:47.426   511   579 I ActivityManager: Killing 1802:com.android.managedprovisioning/u0a75 (adj 985): empty #17
05-29 03:46:47.428   511   579 E ActivityManager: ProcessRecord{90aafb1 1802:com.android.managedprovisioning/u0a75} is attached to a previous process
05-29 03:46:47.429   511   579 E ActivityManager: Already have existing proc ProcessRecord{90aafb1 1802:com.android.managedprovisioning/u0a75} when adding ProcessRecord{ed6de57 0:com.android.managedprovisioning/u0a75}
05-29 03:46:47.429   511   551 E ActivityManager: ProcessRecord{90aafb1 1802:com.android.managedprovisioning/u0a75} refused to die, but we need to launch ProcessRecord{ed6de57 0:com.android.managedprovisioning/u0a75}
05-29 03:46:47.435   511   551 I ActivityManager: Start proc 2143:com.android.managedprovisioning/u0a75 for broadcast {com.android.managedprovisioning/com.android.managedprovisioning.BootReminder}
05-29 03:46:47.440  2143  2143 W gedprovisionin: Unexpected CPU variant for X86 using defaults: x86_64
05-29 03:46:47.443   396   413 I adbd    : jdwp connection from 2143
05-29 03:46:47.451   280   280 I Zygote  : Process 1802 exited due to signal 9 (Killed)
05-29 03:46:47.472   511   552 I libprocessgroup: Successfully killed process cgroup uid 10075 pid 1802 in 44ms
05-29 03:46:47.472   511   552 I libprocessgroup: Successfully killed process cgroup uid 10075 pid 1802 in 0ms
05-29 03:46:47.475  2143  2143 I gedprovisionin: The ClassLoaderContext is a special shared library.
05-29 03:46:47.479  2143  2143 I CarUiInstaller: CarUiInstaller started for com.android.managedprovisioning
05-29 03:46:47.494   511   579 I ActivityManager: Killing 1708:com.android.keychain/1000 (adj 975): empty #17
05-29 03:46:47.509   280   280 I Zygote  : Process 1708 exited due to signal 9 (Killed)
05-29 03:46:47.509   511   551 I ActivityManager: Start proc 2172:com.android.nfc/1027 for broadcast {com.android.nfc/com.android.nfc.NfcBootCompletedReceiver}
05-29 03:46:47.512  2172  2172 W com.android.nf: Unexpected CPU variant for X86 using defaults: x86_64
05-29 03:46:47.514   396   413 I adbd    : jdwp connection from 2172
05-29 03:46:47.524  2178  2178 I abb     : StartCommandInProcess(73657474696e67730067657400676c6f settings.get.glo [truncated])
05-29 03:46:47.526  2178  2196 I abb     : oneway function results will be dropped but finished with status OK and parcel size 4
05-29 03:46:47.524   511   511 W Binder:511_C: type=1400 audit(0.0:24): avc: denied { getopt } for scontext=u:r:system_server:s0 tcontext=u:r:shell:s0 tclass=unix_stream_socket permissive=0
05-29 03:46:47.743     0     0 W audit   : audit_lost=1 audit_rate_limit=5 audit_backlog_limit=64
05-29 03:46:47.747     0     0 E audit   : rate limit exceeded
05-29 03:46:47.534  2178  2178 I abb     : StartCommandInProcess(7061636b61676500696e7374616c6c00 package.install. [truncated])
05-29 03:46:47.539   511   552 I libprocessgroup: Successfully killed process cgroup uid 1000 pid 1708 in 44ms
05-29 03:46:47.543  2172  2172 I com.android.nf: The ClassLoaderContext is a special shared library.
05-29 03:46:47.562   511   579 W OverlayManager: service 'idmap' died
05-29 03:46:47.776     0     0 I init    : Sending signal 9 to service 'idmap2d' (pid 418) process group...
05-29 03:46:47.565   511   566 I ActivityManager: Killing 2172:com.android.nfc/1027 (adj 0): change com.android.nfc
05-29 03:46:47.784     0     0 I libprocessgroup: Successfully killed process cgroup uid 1000 pid 418 in 5ms
05-29 03:46:47.570   511   602 I InputReader: Reconfiguring input devices, changes=KEYBOARD_LAYOUTS | 
05-29 03:46:47.571   511   511 I Telecom : DefaultDialerCache: Refreshing default dialer for user 0: now com.android.dialer: DDC.oR@AHI
05-29 03:46:47.574   511   551 I ActivityManager: Start proc 2201:com.android.onetimeinitializer/u0a96 for broadcast {com.android.onetimeinitializer/com.android.onetimeinitializer.OneTimeInitializerReceiver}
05-29 03:46:47.578   511   652 I PasspointManager: No app ops listener found for com.android.nfc
05-29 03:46:47.578   280   280 I Zygote  : Process 2172 exited due to signal 9 (Killed)
05-29 03:46:47.584   511   549 W VoiceInteractionManager: no available voice interaction services found for user 0
05-29 03:46:47.799     0     0 I init    : Control message: Processed ctl.stop for 'idmap2d' from pid: 511 (system_server)
05-29 03:46:47.802     0     0 I init    : Service 'idmap2d' (pid 418) received signal 9
05-29 03:46:47.586   511   541 I RoleManagerService: Granting default roles...
05-29 03:46:47.592   734   767 I PermissionControllerServiceImpl: Updating user sensitive for uid 1027
05-29 03:46:47.593  2201  2201 W timeinitialize: Unexpected CPU variant for X86 using defaults: x86_64
05-29 03:46:47.601   396   413 I adbd    : jdwp connection from 2201
05-29 03:46:47.610   511   552 I libprocessgroup: Successfully killed process cgroup uid 1027 pid 2172 in 45ms
05-29 03:46:47.612   511   555 E libprocessgroup: AddTidToCgroup failed to write '2220'; fd=63: Invalid argument
05-29 03:46:47.612   511   555 E libprocessgroup: Failed to add task into cgroup
05-29 03:46:47.612   511   555 W libprocessgroup: ExecuteForTask failed for aggregate profile: Invalid argument
05-29 03:46:47.616  2201  2201 I timeinitialize: The ClassLoaderContext is a special shared library.
05-29 03:46:47.624  2201  2222 I OneTimeInitializer: Updating to version 1.
05-29 03:46:47.624  2201  2222 E ActivityThread: Failed to find provider info for com.android.launcher2.settings
05-29 03:46:47.627   511  1757 I ActivityManager: Killing 1691:com.android.provision/u0a115 (adj 985): empty #17
05-29 03:46:47.638  2224  2224 W ackageinstalle: Unexpected CPU variant for X86 using defaults: x86_64
05-29 03:46:47.640   280   280 I Zygote  : Process 1691 exited due to signal 9 (Killed)
05-29 03:46:47.641   511   551 I ActivityManager: Start proc 2224:com.android.packageinstaller/u0a70 for broadcast {com.android.packageinstaller/com.android.packageinstaller.TemporaryFileManager}
05-29 03:46:47.643   396   413 I adbd    : jdwp connection from 2224
05-29 03:46:47.648   511   607 W RuleEvaluation: Integrity rule files are not available.
05-29 03:46:47.648   511   566 I PackageManager: Integrity check passed for file:///data/app/vmdl1286518321.tmp
05-29 03:46:47.656   511   566 I PackageManager: Permission ownership changed. Updating all permissions.
05-29 03:46:47.670  2224  2224 I ackageinstalle: The ClassLoaderContext is a special shared library.
05-29 03:46:47.670   511   522 W JavaBinder: BinderProxy is being destroyed but the application did not call unlinkToDeath to unlink all of its death recipients beforehand.  Releasing leaked death recipient: com.android.server.AlarmManagerService$2
05-29 03:46:47.670   511   522 I BpBinder: onLastStrongRef automatically unlinking death recipients: <uncached descriptor>
05-29 03:46:47.670   511   522 W JavaBinder: BinderProxy is being destroyed but the application did not call unlinkToDeath to unlink all of its death recipients beforehand.  Releasing leaked death recipient: com.android.server.AlarmManagerService$2
05-29 03:46:47.670   511   522 W JavaBinder: BinderProxy is being destroyed but the application did not call unlinkToDeath to unlink all of its death recipients beforehand.  Releasing leaked death recipient: com.android.server.AlarmManagerService$2
05-29 03:46:47.670   511   522 I BpBinder: onLastStrongRef automatically unlinking death recipients: <uncached descriptor>
05-29 03:46:47.670   511   522 W JavaBinder: BinderProxy is being destroyed but the application did not call unlinkToDeath to unlink all of its death recipients beforehand.  Releasing leaked death recipient: com.android.server.AlarmManagerService$2
05-29 03:46:47.670   511   522 I BpBinder: onLastStrongRef automatically unlinking death recipients: <uncached descriptor>
05-29 03:46:47.675   511   552 I libprocessgroup: Successfully killed process cgroup uid 10115 pid 1691 in 47ms
05-29 03:46:47.685   511  2086 I ActivityManager: Killing 1778:com.android.printspooler/u0a87 (adj 985): empty #17
05-29 03:46:47.690   734  2248 E BackupHelper: Could not parse delayed permissions
05-29 03:46:47.690   734  2248 E BackupHelper: java.io.FileNotFoundException: /data/user_de/0/com.android.permissioncontroller/files/delayed_restore_permissions.xml: open failed: ENOENT (No such file or directory)
05-29 03:46:47.690   734  2248 E BackupHelper: 	at libcore.io.IoBridge.open(IoBridge.java:492)
05-29 03:46:47.690   734  2248 E BackupHelper: 	at java.io.FileInputStream.<init>(FileInputStream.java:160)
05-29 03:46:47.690   734  2248 E BackupHelper: 	at android.app.ContextImpl.openFileInput(ContextImpl.java:636)
05-29 03:46:47.690   734  2248 E BackupHelper: 	at com.android.permissioncontroller.permission.service.BackupHelper.restoreDelayedState(BackupHelper.java:338)
05-29 03:46:47.690   734  2248 E BackupHelper: 	at com.android.permissioncontroller.permission.service.PermissionControllerServiceImpl.onRestoreDelayedRuntimePermissionsBackup(PermissionControllerServiceImpl.java:413)
05-29 03:46:47.690   734  2248 E BackupHelper: 	at com.android.permissioncontroller.permission.service.PermissionControllerServiceImpl.lambda$onApplyStagedRuntimePermissionBackup$4(PermissionControllerServiceImpl.java:407)
05-29 03:46:47.690   734  2248 E BackupHelper: 	at com.android.permissioncontroller.permission.service.PermissionControllerServiceImpl.lambda$onApplyStagedRuntimePermissionBackup$4$PermissionControllerServiceImpl(Unknown Source:0)
05-29 03:46:47.690   734  2248 E BackupHelper: 	at com.android.permissioncontroller.permission.service.-$$Lambda$PermissionControllerServiceImpl$mE7NqZpMEJTKa_y63m6czFzewlg.run(Unknown Source:8)
05-29 03:46:47.690   734  2248 E BackupHelper: 	at android.os.AsyncTask$SerialExecutor$1.run(AsyncTask.java:305)
05-29 03:46:47.690   734  2248 E BackupHelper: 	at java.util.concurrent.ThreadPoolExecutor.runWorker(ThreadPoolExecutor.java:1167)
05-29 03:46:47.690   734  2248 E BackupHelper: 	at java.util.concurrent.ThreadPoolExecutor$Worker.run(ThreadPoolExecutor.java:641)
05-29 03:46:47.690   734  2248 E BackupHelper: 	at java.lang.Thread.run(Thread.java:923)
05-29 03:46:47.690   734  2248 E BackupHelper: Caused by: android.system.ErrnoException: open failed: ENOENT (No such file or directory)
05-29 03:46:47.690   734  2248 E BackupHelper: 	at libcore.io.Linux.open(Native Method)
05-29 03:46:47.690   734  2248 E BackupHelper: 	at libcore.io.ForwardingOs.open(ForwardingOs.java:166)
05-29 03:46:47.690   734  2248 E BackupHelper: 	at libcore.io.BlockGuardOs.open(BlockGuardOs.java:254)
05-29 03:46:47.690   734  2248 E BackupHelper: 	at libcore.io.ForwardingOs.open(ForwardingOs.java:166)
05-29 03:46:47.690   734  2248 E BackupHelper: 	at android.app.ActivityThread$AndroidOs.open(ActivityThread.java:7542)
05-29 03:46:47.690   734  2248 E BackupHelper: 	at libcore.io.IoBridge.open(IoBridge.java:478)
05-29 03:46:47.690   734  2248 E BackupHelper: 	... 11 more
05-29 03:46:47.690   280   280 I Zygote  : Process 1778 exited due to signal 9 (Killed)
05-29 03:46:47.692   420  1377 E installd: Couldn't opendir /data/app/vmdl1286518321.tmp: No such file or directory
05-29 03:46:47.692   420  1377 E installd: Failed to delete /data/app/vmdl1286518321.tmp: No such file or directory
05-29 03:46:47.695  2178  2243 I abb     : oneway function results will be dropped but finished with status OK and parcel size 4
05-29 03:46:47.695  1395  1395 I MediaProvider: Invalidating LocalCallingIdentity cache for package io.github.ylimit.droidbotapp. Reason: package android.intent.action.PACKAGE_ADDED
05-29 03:46:47.695   511   602 I InputReader: Reconfiguring input devices, changes=KEYBOARD_LAYOUTS | 
05-29 03:46:47.697   734   767 I PermissionControllerServiceImpl: Updating user sensitive for uid 10130
05-29 03:46:47.697   511   511 I Telecom : DefaultDialerCache: Refreshing default dialer for user 0: now com.android.dialer: DDC.oR@AHM
05-29 03:46:47.709   734   734 I AutoRevokePermissions: Parsed teamfood setting value: null
05-29 03:46:47.710   734   734 I AutoRevokePermissions: Parsed teamfood setting value: null
05-29 03:46:47.711   734   734 I AutoRevokePermissions: scheduleAutoRevokePermissions with frequency 1296000000ms and threshold 7776000000ms
05-29 03:46:47.711   279   878 E Netd    : Error adding route ::/0 -> fe80::2 wlan0 to table 1015: File exists
05-29 03:46:47.713   734   734 I AutoRevokePermissions: user 0 is a profile owner. Running Auto Revoke.
05-29 03:46:47.713   734   734 I AutoRevokePermissions: Parsed teamfood setting value: null
05-29 03:46:47.730  1058  1058 I VvmSimStateTracker: android.intent.action.BOOT_COMPLETED
05-29 03:46:47.732   511   552 I libprocessgroup: Successfully killed process cgroup uid 10087 pid 1778 in 44ms
05-29 03:46:47.733   734  1021 W Role    : com.android.provision not qualified for android.app.role.HOME due to missing RequiredComponent{mIntentFilterData=IntentFilterData{mAction='android.intent.action.MAIN', mCategories='[android.intent.category.HOME]', mDataScheme='null', mDataType='null'}, mPermission='null'}
05-29 03:46:47.733   734  1021 I RoleControllerServiceImpl: Removing package that no longer qualifies for the role, package: com.android.provision, role: android.app.role.HOME
05-29 03:46:47.736   734   734 I AutoRevokePermissions: onStartJob
05-29 03:46:47.736   734   734 I AutoRevokePermissions: Skipping auto revoke first run when scheduled by system
05-29 03:46:47.737   511   549 W VoiceInteractionManager: no available voice recognition services found for user 0
05-29 03:46:47.750   734  1021 I RoleControllerServiceImpl: Adding package as default/fallback role holder, package: com.android.launcher3, role: android.app.role.HOME
05-29 03:46:47.758   511   551 I ActivityManager: Start proc 2257:com.android.shell/2000 for broadcast {com.android.shell/com.android.shell.HeapDumpReceiver}
05-29 03:46:47.761  2257  2257 W m.android.shel: Unexpected CPU variant for X86 using defaults: x86_64
05-29 03:46:47.774   396   413 I adbd    : jdwp connection from 2257
05-29 03:46:47.789   511   511 I Telecom : PhoneAccountRegistrar: getSimCallManager: SimCallManager for subId 1 queried, returning: null: TSI.gSCMFU@AHY
05-29 03:46:47.790   734  1021 I RoleControllerServiceImpl: Adding package as fallback role holder, package: com.android.launcher3, role: android.app.role.HOME
05-29 03:46:47.792   511   511 I Telecom : PhoneAccountRegistrar: getSimCallManager: SimCallManager for subId 1 queried, returning: null: TSI.gSCMFU@AHc
05-29 03:46:47.794   511   511 I Telecom : PhoneAccountRegistrar: getSimCallManager: SimCallManager for subId 1 queried, returning: null: TSI.gSCMFU@AHg
05-29 03:46:47.801   511   511 I Telecom : PhoneAccountRegistrar: getSimCallManager: SimCallManager for subId 1 queried, returning: null: TSI.gSCMFU@AHk
05-29 03:46:47.803  2257  2257 I m.android.shel: The ClassLoaderContext is a special shared library.
05-29 03:46:47.810   511  1256 I ActivityManager: Killing 1589:com.android.externalstorage/u0a68 (adj 985): empty #17
05-29 03:46:47.817   511   551 I ActivityManager: Start proc 2283:io.github.ylimit.droidbotapp/u0a130 for service {io.github.ylimit.droidbotapp/io.github.privacystreams.accessibility.PSAccessibilityService}
05-29 03:46:47.819  1058  1058 I m.android.phon: The ClassLoaderContext is a special shared library.
05-29 03:46:47.824   280   280 I Zygote  : Process 1589 exited due to signal 9 (Killed)
05-29 03:46:47.825  1058  1058 W nsconfig: com.android.phone: New config does not match the previously set config.
05-29 03:46:47.826   511   521 I system_server: Background concurrent copying GC freed 89166(4100KB) AllocSpace objects, 13(452KB) LOS objects, 49% free, 10158KB/19MB, paused 272us total 134.448ms
05-29 03:46:47.827   511   522 W JavaBinder: BinderProxy is being destroyed but the application did not call unlinkToDeath to unlink all of its death recipients beforehand.  Releasing leaked death recipient: com.android.server.AlarmManagerService$2
05-29 03:46:47.827   511   522 I BpBinder: onLastStrongRef automatically unlinking death recipients: <uncached descriptor>
05-29 03:46:47.848   511   551 I ActivityManager: Start proc 2292:com.android.traceur/u0a90 for broadcast {com.android.traceur/com.android.traceur.Receiver}
05-29 03:46:47.853  2292  2292 W android.traceu: Unexpected CPU variant for X86 using defaults: x86_64
05-29 03:46:47.860   511   552 I libprocessgroup: Successfully killed process cgroup uid 10068 pid 1589 in 42ms
05-29 03:46:47.884   931  1755 E FrameEvents: updateAcquireFence: Did not find frame.
05-29 03:46:47.889  2283  2283 I mit.droidbotap: Late-enabling -Xcheck:jni
05-29 03:46:47.898  2283  2283 I mit.droidbotap: Unquickening 12 vdex files!
05-29 03:46:47.899  2283  2283 W mit.droidbotap: Unexpected CPU variant for X86 using defaults: x86_64
05-29 03:46:47.908   396   413 I adbd    : jdwp connection from 2283
05-29 03:46:47.908   396   413 I adbd    : jdwp connection from 2292
05-29 03:46:47.915  2292  2292 I android.traceu: The ClassLoaderContext is a special shared library.
05-29 03:46:47.944   511   579 I ActivityManager: Finished processing BOOT_COMPLETED for u0
05-29 03:46:47.945  1637  1637 I Dialer  : VvmTaskReceiver - task received
05-29 03:46:47.945  1637  1637 I Dialer  : VvmTaskReceiver - TaskExecutor already running
05-29 03:46:47.945  1637  1637 I Dialer  : Task.createTask - create task:com.android.voicemail.impl.ActivationTask
05-29 03:46:47.945  1637  1637 I Dialer  : TaskQueue.add - duplicated task added
05-29 03:46:47.945  1637  1637 I Dialer  : VvmTaskExecutor - com.android.voicemail.impl.ActivationTask@61baea9 added
05-29 03:46:47.946   511   579 I ActivityManager: Killing 1870:com.android.quicksearchbox/u0a101 (adj 985): empty #17
05-29 03:46:47.954  1456  1456 W ContextImpl: Calling a method in the system process without a qualified user: android.app.ContextImpl.startService:1669 android.content.ContextWrapper.startService:720 android.content.ContextWrapper.startService:720 com.android.emulator.multidisplay.MultiDisplayServiceReceiver.onReceive:33 android.app.ActivityThread.handleReceiver:4032 
05-29 03:46:47.956  2153  2164 I cmd     : oneway function results will be dropped but finished with status OK and parcel size 4
05-29 03:46:47.962   511   579 W BroadcastQueue: Background execution not allowed: receiving Intent { act=android.intent.action.PACKAGE_ADDED dat=package:io.github.ylimit.droidbotapp flg=0x4000010 (has extras) } to com.android.packageinstaller/.PackageInstalledReceiver
05-29 03:46:47.962   511   550 W BroadcastQueue: Background execution not allowed: receiving Intent { act=android.intent.action.PACKAGE_ADDED dat=package:io.github.ylimit.droidbotapp flg=0x4000010 (has extras) } to com.android.gallery3d/.app.PackagesMonitor
05-29 03:46:47.964   280   280 I Zygote  : Process 1870 exited due to signal 9 (Killed)
05-29 03:46:47.965  1456  2328 I android_emulator_multidisplay_JNI: multidisplay pipe connected!!!
05-29 03:46:47.966  1456  2328 E MultiDisplayService: invalid parameters for add/modify display
05-29 03:46:47.980  2320  2326 I cmd     : oneway function results will be dropped but finished with status OK and parcel size 4
05-29 03:46:47.991   511   552 I libprocessgroup: Successfully killed process cgroup uid 10101 pid 1870 in 44ms
05-29 03:46:48.033   511   543 I DropBoxManagerService: add tag=system_app_strictmode isTagEnabled=true flags=0x2
05-29 03:46:48.042  2344  2347 I cmd     : oneway function results will be dropped but finished with status OK and parcel size 4
05-29 03:46:48.054   396   396 E adbd    : failed to connect to socket 'tcp:7336': Connection refused
05-29 03:46:48.055   403   403 I perfetto: probes_producer.cc:329  Producer stop (id=3)
05-29 03:46:48.059   404   404 I perfetto: ng_service_impl.cc:1948 Tracing session 3 ended, total sessions:0
05-29 03:46:48.059   403   403 I perfetto: ftrace_procfs.cc:183    disabled ftrace
05-29 03:46:48.273     0     0 W perfetto: disabled ftrace
05-29 03:46:48.064   396   396 E adbd    : failed to connect to socket 'tcp:7336': Connection refused
05-29 03:46:48.080   396   396 I chatty  : uid=2000(shell) /apex/com.android.adbd/bin/adbd identical 2 lines
05-29 03:46:48.088   396   396 E adbd    : failed to connect to socket 'tcp:7336': Connection refused
05-29 03:46:48.098   396   396 E adbd    : failed to connect to socket 'tcp:7336': Connection refused
05-29 03:46:48.107   396   396 E adbd    : failed to connect to socket 'tcp:7336': Connection refused
05-29 03:46:48.171  2358  2365 I cmd     : oneway function results will be dropped but finished with status OK and parcel size 4
05-29 03:46:48.172  1344  1344 I InputAttributes: InputType.TYPE_NULL is specified
05-29 03:46:48.172   325   325 I android.hardware.vibrator-service.example: Vibrator reporting capabilities
05-29 03:46:48.208  2368  2370 I cmd     : oneway function results will be dropped but finished with status OK and parcel size 4
05-29 03:46:48.218  1344  1375 I LatinIME:LogUtils: Dictionary info: dictionary = UserHistoryDictionary.en_US ; version = 1780026402 ; date = 1780026408
05-29 03:46:48.241   511   579 I ActivityManager: Killing 1951:com.android.localtransport/1000 (adj 975): empty #17
05-29 03:46:48.257   280   280 I Zygote  : Process 1951 exited due to signal 9 (Killed)
05-29 03:46:48.262   511   539 W ActivityTaskManager: Current config: {1.0 310mcc260mnc [en_US] ldltr sw320dp w320dp h616dp 160dpi nrml long port finger qwerty/v/v -nav/h winConfig={ mBounds=Rect(0, 0 - 320, 640) mAppBounds=Rect(0, 0 - 320, 640) mWindowingMode=fullscreen mDisplayWindowingMode=fullscreen mActivityType=undefined mAlwaysOnTop=undefined mRotation=ROTATION_0} s.8} unchanged for IME proc io.github.ylimit.droidbotapp
05-29 03:46:48.268  1395  1869 W ModernMediaScanner: Failed to apply ContentProviderOperation(type=insert uri=content://media/internal/file values={instance_id=null, compilation=null, disc_number=null, duration=12800, is_ringtone=1, album_artist=null, resolution=null, orientation=null, artist=<unknown>, author=null, height=null, is_drm=0, is_audiobook=0, date_modified=1683213431, writer=null, composer=null, datetaken=null, mime_type=audio/ogg, is_notification=0, bitrate=112000, cd_track_number=null, xmp=[], year=null, _data=/product/media/audio/ringtones/UrsaMinor.ogg, _size=185005, album=ringtones, genre=null, is_alarm=0, title=UrsaMinor, width=null, is_music=0, document_id=null, is_podcast=0, capture_framerate=null, num_tracks=1, original_document_id=null, media_type=2} exceptionAllowed)
05-29 03:46:48.268  1395  1869 W ModernMediaScanner: android.database.sqlite.SQLiteConstraintException: UNIQUE constraint failed: files._data (code 2067 SQLITE_CONSTRAINT_UNIQUE)
05-29 03:46:48.268  1395  1869 W ModernMediaScanner: 	at android.database.sqlite.SQLiteConnection.nativeExecuteForLastInsertedRowId(Native Method)
05-29 03:46:48.268  1395  1869 W ModernMediaScanner: 	at android.database.sqlite.SQLiteConnection.executeForLastInsertedRowId(SQLiteConnection.java:938)
05-29 03:46:48.268  1395  1869 W ModernMediaScanner: 	at android.database.sqlite.SQLiteSession.executeForLastInsertedRowId(SQLiteSession.java:790)
05-29 03:46:48.268  1395  1869 W ModernMediaScanner: 	at android.database.sqlite.SQLiteStatement.executeInsert(SQLiteStatement.java:88)
05-29 03:46:48.268  1395  1869 W ModernMediaScanner: 	at com.android.providers.media.util.DatabaseUtils.executeInsert(DatabaseUtils.java:457)
05-29 03:46:48.268  1395  1869 W ModernMediaScanner: 	at com.android.providers.media.util.SQLiteQueryBuilder.insert(SQLiteQueryBuilder.java:597)
05-29 03:46:48.268  1395  1869 W ModernMediaScanner: 	at com.android.providers.media.util.SQLiteQueryBuilder.lambda$insert$1(SQLiteQueryBuilder.java:561)
05-29 03:46:48.268  1395  1869 W ModernMediaScanner: 	at com.android.providers.media.util.SQLiteQueryBuilder.lambda$insert$1$SQLiteQueryBuilder(Unknown Source:0)
05-29 03:46:48.268  1395  1869 W ModernMediaScanner: 	at com.android.providers.media.util.-$$Lambda$SQLiteQueryBuilder$YklJ51_aF7j8568p4VYgJs-CWNI.apply(Unknown Source:6)
05-29 03:46:48.268  1395  1869 W ModernMediaScanner: 	at com.android.providers.media.DatabaseHelper.runWithTransaction(DatabaseHelper.java:555)
05-29 03:46:48.268  1395  1869 W ModernMediaScanner: 	at com.android.providers.media.util.SQLiteQueryBuilder.insert(SQLiteQueryBuilder.java:560)
05-29 03:46:48.268  1395  1869 W ModernMediaScanner: 	at com.android.providers.media.MediaProvider.lambda$insertAllowingUpsert$14(MediaProvider.java:3066)
05-29 03:46:48.268  1395  1869 W ModernMediaScanner: 	at com.android.providers.media.MediaProvider.lambda$insertAllowingUpsert$14$MediaProvider(Unknown Source:0)
05-29 03:46:48.268  1395  1869 W ModernMediaScanner: 	at com.android.providers.media.-$$Lambda$MediaProvider$FjHWs2-fjgG761OzVFzdTX4EWZg.apply(Unknown Source:13)
05-29 03:46:48.268  1395  1869 W ModernMediaScanner: 	at com.android.providers.media.DatabaseHelper.runWithTransaction(DatabaseHelper.java:555)
05-29 03:46:48.268  1395  1869 W ModernMediaScanner: 	at com.android.providers.media.MediaProvider.insertAllowingUpsert(MediaProvider.java:3056)
05-29 03:46:48.268  1395  1869 W ModernMediaScanner: 	at com.android.providers.media.MediaProvider.insertFile(MediaProvider.java:3038)
05-29 03:46:48.268  1395  1869 W ModernMediaScanner: 	at com.android.providers.media.MediaProvider.insertInternal(MediaProvider.java:3470)
05-29 03:46:48.268  1395  1869 W ModernMediaScanner: 	at com.android.providers.media.MediaProvider.insert(MediaProvider.java:3198)
05-29 03:46:48.268  1395  1869 W ModernMediaScanner: 	at android.content.ContentProviderOperation.applyInternal(ContentProviderOperation.java:375)
05-29 03:46:48.268  1395  1869 W ModernMediaScanner: 	at android.content.ContentProviderOperation.apply(ContentProviderOperation.java:347)
05-29 03:46:48.268  1395  1869 W ModernMediaScanner: 	at android.content.ContentProvider.applyBatch(ContentProvider.java:2422)
05-29 03:46:48.268  1395  1869 W ModernMediaScanner: 	at com.android.providers.media.MediaProvider.applyBatch(MediaProvider.java:3522)
05-29 03:46:48.268  1395  1869 W ModernMediaScanner: 	at android.content.ContentProvider.applyBatch(ContentProvider.java:2413)
05-29 03:46:48.268  1395  1869 W ModernMediaScanner: 	at android.content.ContentResolver.applyBatch(ContentResolver.java:2186)
05-29 03:46:48.268  1395  1869 W ModernMediaScanner: 	at com.android.providers.media.scan.ModernMediaScanner$Scan.applyPending(ModernMediaScanner.java:699)
05-29 03:46:48.268  1395  1869 W ModernMediaScanner: 	at com.android.providers.media.scan.ModernMediaScanner$Scan.maybeApplyPending(ModernMediaScanner.java:689)
05-29 03:46:48.268  1395  1869 W ModernMediaScanner: 	at com.android.providers.media.scan.ModernMediaScanner$Scan.visitFile(ModernMediaScanner.java:649)
05-29 03:46:48.268  1395  1869 W ModernMediaScanner: 	at com.android.providers.media.scan.ModernMediaScanner$Scan.visitFile(ModernMediaScanner.java:272)
05-29 03:46:48.268  1395  1869 W ModernMediaScanner: 	at java.nio.file.Files.walkFileTree(Files.java:2670)
05-29 03:46:48.268  1395  1869 W ModernMediaScanner: 	at java.nio.file.Files.walkFileTree(Files.java:2742)
05-29 03:46:48.268  1395  1869 W ModernMediaScanner: 	at com.android.providers.media.scan.ModernMediaScanner$Scan.walkFileTree(ModernMediaScanner.java:366)
05-29 03:46:48.268  1395  1869 W ModernMediaScanner: 	at com.android.providers.media.scan.ModernMediaScanner$Scan.run(ModernMediaScanner.java:329)
05-29 03:46:48.268  1395  1869 W ModernMediaScanner: 	at com.android.providers.media.scan.ModernMediaScanner.scanDirectory(ModernMediaScanner.java:226)
05-29 03:46:48.268  1395  1869 W ModernMediaScanner: 	at com.android.providers.media.MediaProvider.scanDirectory(MediaProvider.java:1111)
05-29 03:46:48.268  1395  1869 W ModernMediaScanner: 	at com.android.providers.media.MediaService.onScanVolume(MediaService.java:148)
05-29 03:46:48.268  1395  1869 W ModernMediaScanner: 	at com.android.providers.media.MediaService.onScanVolume(MediaService.java:117)
05-29 03:46:48.268  1395  1869 W ModernMediaScanner: 	at com.android.providers.media.MediaService.onScanVolume(MediaService.java:108)
05-29 03:46:48.268  1395  1869 W ModernMediaScanner: 	at com.android.providers.media.MediaService.onHandleWork(MediaService.java:71)
05-29 03:46:48.268  1395  1869 W ModernMediaScanner: 	at androidx.core.app.JobIntentService$CommandProcessor.doInBackground(JobIntentService.java:391)
05-29 03:46:48.268  1395  1869 W ModernMediaScanner: 	at androidx.core.app.JobIntentService$CommandProcessor.doInBackground(JobIntentService.java:382)
05-29 03:46:48.268  1395  1869 W ModernMediaScanner: 	at android.os.AsyncTask$3.call(AsyncTask.java:394)
05-29 03:46:48.268  1395  1869 W ModernMediaScanner: 	at java.util.concurrent.FutureTask.run(FutureTask.java:266)
05-29 03:46:48.268  1395  1869 W ModernMediaScanner: 	at java.util.concurrent.ThreadPoolExecutor.runWorker(ThreadPoolExecutor.java:1167)
05-29 03:46:48.268  1395  1869 W ModernMediaScanner: 	at java.util.concurrent.ThreadPoolExecutor$Worker.run(ThreadPoolExecutor.java:641)
05-29 03:46:48.268  1395  1869 W ModernMediaScanner: 	at java.lang.Thread.run(Thread.java:923)
05-29 03:46:48.284   511   552 I libprocessgroup: Successfully killed process cgroup uid 1000 pid 1951 in 42ms
05-29 03:46:48.408  2397  2397 E libc    : Access denied finding property "persist.device_config.runtime_native_boot.profilebootclasspath"
05-29 03:46:48.408  2397  2397 E libc    : Access denied finding property "persist.device_config.runtime_native_boot.enable_apex_image"
05-29 03:46:48.408  2397  2397 I AndroidRuntime: Using default boot image
05-29 03:46:48.408  2397  2397 E libc    : Access denied finding property "persist.device_config.runtime_native_boot.disable_lock_profiling"
05-29 03:46:48.408  2397  2397 I AndroidRuntime: Leaving lock profiling enabled
05-29 03:46:48.408  2397  2397 E libc    : Access denied finding property "persist.device_config.runtime_native_boot.enable_generational_cc"
05-29 03:46:48.409  2397  2397 I app_process: Core platform API reporting enabled, enforcing=false
05-29 03:46:48.404  2397  2397 W app_process: type=1400 audit(0.0:31): avc: denied { read } for name="u:object_r:device_config_runtime_native_boot_prop:s0" dev="tmpfs" ino=8434 scontext=u:r:shell:s0 tcontext=u:object_r:device_config_runtime_native_boot_prop:s0 tclass=file permissive=0
05-29 03:46:48.408  2397  2397 I chatty  : uid=2000(shell) main identical 1 line
05-29 03:46:48.408  2397  2397 W app_process: type=1400 audit(0.0:33): avc: denied { read } for name="u:object_r:device_config_runtime_native_boot_prop:s0" dev="tmpfs" ino=8434 scontext=u:r:shell:s0 tcontext=u:object_r:device_config_runtime_native_boot_prop:s0 tclass=file permissive=0
05-29 03:46:48.450  2397  2397 W app_process: Unexpected CPU variant for X86 using defaults: x86_64
05-29 03:46:48.451  2397  2397 I app_process: The ClassLoaderContext is a special shared library.
05-29 03:46:48.408  2397  2397 W app_process: type=1400 audit(0.0:34): avc: denied { read } for name="u:object_r:device_config_runtime_native_boot_prop:s0" dev="tmpfs" ino=8434 scontext=u:r:shell:s0 tcontext=u:object_r:device_config_runtime_native_boot_prop:s0 tclass=file permissive=0
05-29 03:46:48.459  2397  2397 W app_process: JNI RegisterNativeMethods: attempt to register 0 native methods for android.media.AudioAttributes
05-29 03:46:48.262   511   539 W ActivityTaskManager: Current config: {1.0 310mcc260mnc [en_US] ldltr sw320dp w320dp h616dp 160dpi nrml long port finger qwerty/v/v -nav/h winConfig={ mBounds=Rect(0, 0 - 320, 640) mAppBounds=Rect(0, 0 - 320, 640) mWindowingMode=fullscreen mDisplayWindowingMode=fullscreen mActivityType=undefined mAlwaysOnTop=undefined mRotation=ROTATION_0} s.8} unchanged for IME proc io.github.ylimit.droidbotapp
05-29 03:46:48.569   511   541 I RoleManagerService: Granting default roles...
05-29 03:46:48.935  2415  2415 E libc    : Access denied finding property "persist.device_config.runtime_native_boot.profilebootclasspath"
05-29 03:46:48.938  2415  2415 E libc    : Access denied finding property "persist.device_config.runtime_native_boot.enable_apex_image"
05-29 03:46:48.938  2415  2415 I AndroidRuntime: Using default boot image
05-29 03:46:48.938  2415  2415 E libc    : Access denied finding property "persist.device_config.runtime_native_boot.disable_lock_profiling"
05-29 03:46:48.938  2415  2415 I AndroidRuntime: Leaving lock profiling enabled
05-29 03:46:48.938  2415  2415 E libc    : Access denied finding property "persist.device_config.runtime_native_boot.enable_generational_cc"
05-29 03:46:49.152     0     0 W audit   : audit_lost=7 audit_rate_limit=5 audit_backlog_limit=64
05-29 03:46:49.154     0     0 E audit   : rate limit exceeded
05-29 03:46:48.940  2415  2415 I app_process: Core platform API reporting enabled, enforcing=false
