05-29 03:34:25.787  2629  2645 W System  : A resource failed to call close. 
05-29 03:34:25.787  2629  2645 W System  : A resource failed to call dispose. 
05-29 03:34:27.104   158   158 I hwservicemanager: getTransport: Cannot find entry android.hardware.graphics.mapper@4.0::IMapper/default in either framework or device manifest.
05-29 03:34:27.104  7255  7255 I Gralloc4: mapper 4.x is not supported
05-29 03:34:27.148  7259  7261 I cmd     : oneway function results will be dropped but finished with status OK and parcel size 4
05-29 03:34:27.148  1445  1952 I MediaProvider: Begin Intent { act=android.intent.action.MEDIA_SCANNER_SCAN_FILE dat=file:///sdcard/screen_2026-05-29_033427.png flg=0x1400010 cmp=com.android.providers.media.module/com.android.providers.media.MediaService }
05-29 03:34:27.148  1445  1445 W com.android.providers.media.module: type=1400 audit(0.0:620): avc: denied { read } for comm=4173796E635461736B202331 name="primary" dev="tmpfs" ino=20393 scontext=u:r:mediaprovider_app:s0:c122,c256,c512,c768 tcontext=u:object_r:mnt_pass_through_file:s0 tclass=lnk_file permissive=0 app=com.android.providers.media.module
05-29 03:34:27.363     0     0 W audit   : audit_lost=446 audit_rate_limit=5 audit_backlog_limit=64
05-29 03:34:27.371     0     0 E audit   : rate limit exceeded
05-29 03:34:27.165  1445  1952 W ModernMediaScanner: Failed to visit /sdcard/screen_2026-05-29_033427.png: java.nio.file.AccessDeniedException: /sdcard/screen_2026-05-29_033427.png
05-29 03:34:27.166  1445  1952 I MediaProvider: Scanned internal due to REASON_DEMAND, found 0 items in 17ms, 0 inserts 0 updates 0 deletes
05-29 03:34:27.166  1445  1952 I MediaProvider: End Intent { act=android.intent.action.MEDIA_SCANNER_SCAN_FILE dat=file:///sdcard/screen_2026-05-29_033427.png flg=0x1400010 cmp=com.android.providers.media.module/com.android.providers.media.MediaService }
05-29 03:34:27.148  1445  1445 W com.android.providers.media.module: type=1400 audit(0.0:621): avc: denied { read } for comm=4173796E635461736B202331 name="primary" dev="tmpfs" ino=20393 scontext=u:r:mediaprovider_app:s0:c122,c256,c512,c768 tcontext=u:object_r:mnt_pass_through_file:s0 tclass=lnk_file permissive=0 app=com.android.providers.media.module
05-29 03:34:27.201  1445  2916 I MediaProvider: Deleted 1 items on external_primary due to com.android.shell
05-29 03:34:27.227  7271  7273 I cmd     : oneway function results will be dropped but finished with status OK and parcel size 4
05-29 03:34:27.352   158   158 I hwservicemanager: getTransport: Cannot find entry android.hardware.graphics.mapper@4.0::IMapper/default in either framework or device manifest.
05-29 03:34:27.353  7293  7293 I Gralloc4: mapper 4.x is not supported
05-29 03:34:27.398  7297  7299 I cmd     : oneway function results will be dropped but finished with status OK and parcel size 4
05-29 03:34:27.399  1445  1952 I MediaProvider: Begin Intent { act=android.intent.action.MEDIA_SCANNER_SCAN_FILE dat=file:///sdcard/screen_2026-05-29_033428.png flg=0x1400010 cmp=com.android.providers.media.module/com.android.providers.media.MediaService }
05-29 03:34:27.400  1445  1952 W ModernMediaScanner: Failed to visit /sdcard/screen_2026-05-29_033428.png: java.nio.file.AccessDeniedException: /sdcard/screen_2026-05-29_033428.png
05-29 03:34:27.402  1445  1952 I MediaProvider: Scanned internal due to REASON_DEMAND, found 0 items in 4ms, 0 inserts 0 updates 0 deletes
05-29 03:34:27.403  1445  1952 I MediaProvider: End Intent { act=android.intent.action.MEDIA_SCANNER_SCAN_FILE dat=file:///sdcard/screen_2026-05-29_033428.png flg=0x1400010 cmp=com.android.providers.media.module/com.android.providers.media.MediaService }
05-29 03:34:27.466  1445  1682 I MediaProvider: Deleted 1 items on external_primary due to com.android.shell
05-29 03:34:27.509  7310  7312 I cmd     : oneway function results will be dropped but finished with status OK and parcel size 4
05-29 03:34:27.626   158   158 I hwservicemanager: getTransport: Cannot find entry android.hardware.graphics.mapper@4.0::IMapper/default in either framework or device manifest.
05-29 03:34:27.627  7332  7332 I Gralloc4: mapper 4.x is not supported
05-29 03:34:27.671  7336  7338 I cmd     : oneway function results will be dropped but finished with status OK and parcel size 4
05-29 03:34:27.672  1445  1952 I MediaProvider: Begin Intent { act=android.intent.action.MEDIA_SCANNER_SCAN_FILE dat=file:///sdcard/screen_2026-05-29_033428.png flg=0x1400010 cmp=com.android.providers.media.module/com.android.providers.media.MediaService }
05-29 03:34:27.673  1445  1952 W ModernMediaScanner: Failed to visit /sdcard/screen_2026-05-29_033428.png: java.nio.file.AccessDeniedException: /sdcard/screen_2026-05-29_033428.png
05-29 03:34:27.674  1445  1952 I MediaProvider: Scanned internal due to REASON_DEMAND, found 0 items in 1ms, 0 inserts 0 updates 0 deletes
05-29 03:34:27.676  1445  1952 I MediaProvider: End Intent { act=android.intent.action.MEDIA_SCANNER_SCAN_FILE dat=file:///sdcard/screen_2026-05-29_033428.png flg=0x1400010 cmp=com.android.providers.media.module/com.android.providers.media.MediaService }
05-29 03:34:27.735  1445  1683 I MediaProvider: Deleted 1 items on external_primary due to com.android.shell
05-29 03:34:27.761  7347  7349 I cmd     : oneway function results will be dropped but finished with status OK and parcel size 4
05-29 03:34:27.811  7362  7364 I cmd     : oneway function results will be dropped but finished with status OK and parcel size 4
05-29 03:34:27.860  7377  7379 I cmd     : oneway function results will be dropped but finished with status OK and parcel size 4
05-29 03:34:27.909  7392  7394 I cmd     : oneway function results will be dropped but finished with status OK and parcel size 4
05-29 03:34:27.984  7404  7404 E libc    : Access denied finding property "persist.device_config.runtime_native_boot.profilebootclasspath"
05-29 03:34:27.984  7404  7404 E libc    : Access denied finding property "persist.device_config.runtime_native_boot.enable_apex_image"
05-29 03:34:27.984  7404  7404 I AndroidRuntime: Using default boot image
05-29 03:34:27.984  7404  7404 E libc    : Access denied finding property "persist.device_config.runtime_native_boot.disable_lock_profiling"
05-29 03:34:27.984  7404  7404 I AndroidRuntime: Leaving lock profiling enabled
05-29 03:34:27.984  7404  7404 E libc    : Access denied finding property "persist.device_config.runtime_native_boot.enable_generational_cc"
05-29 03:34:27.985  7404  7404 I app_process: Core platform API reporting enabled, enforcing=false
05-29 03:34:28.021  7404  7404 W app_process: Unexpected CPU variant for X86 using defaults: x86_64
05-29 03:34:28.022  7404  7404 I app_process: The ClassLoaderContext is a special shared library.
05-29 03:34:28.029  7404  7404 W app_process: JNI RegisterNativeMethods: attempt to register 0 native methods for android.media.AudioAttributes
05-29 03:34:30.048   158   158 I hwservicemanager: getTransport: Cannot find entry android.hardware.graphics.mapper@4.0::IMapper/default in either framework or device manifest.
05-29 03:34:30.048  7433  7433 I Gralloc4: mapper 4.x is not supported
05-29 03:34:30.093  1445  1952 I MediaProvider: Begin Intent { act=android.intent.action.MEDIA_SCANNER_SCAN_FILE dat=file:///sdcard/screen_2026-05-29_033430.png flg=0x1400010 cmp=com.android.providers.media.module/com.android.providers.media.MediaService }
05-29 03:34:30.092  1445  1445 W com.android.providers.media.module: type=1400 audit(0.0:642): avc: denied { read } for comm=4173796E635461736B202331 name="primary" dev="tmpfs" ino=20393 scontext=u:r:mediaprovider_app:s0:c122,c256,c512,c768 tcontext=u:object_r:mnt_pass_through_file:s0 tclass=lnk_file permissive=0 app=com.android.providers.media.module
05-29 03:34:30.112  1445  1952 W ModernMediaScanner: Failed to visit /sdcard/screen_2026-05-29_033430.png: java.nio.file.AccessDeniedException: /sdcard/screen_2026-05-29_033430.png
05-29 03:34:30.112  1445  1952 I MediaProvider: Scanned internal due to REASON_DEMAND, found 0 items in 19ms, 0 inserts 0 updates 0 deletes
05-29 03:34:30.113  1445  1952 I MediaProvider: End Intent { act=android.intent.action.MEDIA_SCANNER_SCAN_FILE dat=file:///sdcard/screen_2026-05-29_033430.png flg=0x1400010 cmp=com.android.providers.media.module/com.android.providers.media.MediaService }
05-29 03:34:30.092  1445  1445 W com.android.providers.media.module: type=1400 audit(0.0:644): avc: denied { read } for comm=4173796E635461736B202331 name="primary" dev="tmpfs" ino=20393 scontext=u:r:mediaprovider_app:s0:c122,c256,c512,c768 tcontext=u:object_r:mnt_pass_through_file:s0 tclass=lnk_file permissive=0 app=com.android.providers.media.module
05-29 03:34:30.150  1445  2916 I MediaProvider: Deleted 1 items on external_primary due to com.android.shell
05-29 03:34:30.178  7448  7450 I cmd     : oneway function results will be dropped but finished with status OK and parcel size 4
05-29 03:34:30.324   158   158 I hwservicemanager: getTransport: Cannot find entry android.hardware.graphics.mapper@4.0::IMapper/default in either framework or device manifest.
05-29 03:34:30.324  7470  7470 I Gralloc4: mapper 4.x is not supported
05-29 03:34:30.371  7474  7476 I cmd     : oneway function results will be dropped but finished with status OK and parcel size 4
05-29 03:34:30.372  1445  1952 I MediaProvider: Begin Intent { act=android.intent.action.MEDIA_SCANNER_SCAN_FILE dat=file:///sdcard/screen_2026-05-29_033431.png flg=0x1400010 cmp=com.android.providers.media.module/com.android.providers.media.MediaService }
05-29 03:34:30.373  1445  1952 W ModernMediaScanner: Failed to visit /sdcard/screen_2026-05-29_033431.png: java.nio.file.AccessDeniedException: /sdcard/screen_2026-05-29_033431.png
05-29 03:34:30.373  1445  1952 I MediaProvider: Scanned internal due to REASON_DEMAND, found 0 items in 1ms, 0 inserts 0 updates 0 deletes
05-29 03:34:30.374  1445  1952 I MediaProvider: End Intent { act=android.intent.action.MEDIA_SCANNER_SCAN_FILE dat=file:///sdcard/screen_2026-05-29_033431.png flg=0x1400010 cmp=com.android.providers.media.module/com.android.providers.media.MediaService }
05-29 03:34:30.436  1445  1682 I MediaProvider: Deleted 1 items on external_primary due to com.android.shell
05-29 03:34:30.461  7485  7487 I cmd     : oneway function results will be dropped but finished with status OK and parcel size 4
05-29 03:34:30.612   158   158 I hwservicemanager: getTransport: Cannot find entry android.hardware.graphics.mapper@4.0::IMapper/default in either framework or device manifest.
05-29 03:34:30.612  7509  7509 I Gralloc4: mapper 4.x is not supported
05-29 03:34:30.656  1445  1952 I MediaProvider: Begin Intent { act=android.intent.action.MEDIA_SCANNER_SCAN_FILE dat=file:///sdcard/screen_2026-05-29_033431.png flg=0x1400010 cmp=com.android.providers.media.module/com.android.providers.media.MediaService }
05-29 03:34:30.657  1445  1952 W ModernMediaScanner: Failed to visit /sdcard/screen_2026-05-29_033431.png: java.nio.file.AccessDeniedException: /sdcard/screen_2026-05-29_033431.png
05-29 03:34:30.657  1445  1952 I MediaProvider: Scanned internal due to REASON_DEMAND, found 0 items in 1ms, 0 inserts 0 updates 0 deletes
05-29 03:34:30.658  1445  1952 I MediaProvider: End Intent { act=android.intent.action.MEDIA_SCANNER_SCAN_FILE dat=file:///sdcard/screen_2026-05-29_033431.png flg=0x1400010 cmp=com.android.providers.media.module/com.android.providers.media.MediaService }
05-29 03:34:30.720  1445  1683 I MediaProvider: Deleted 1 items on external_primary due to com.android.shell
05-29 03:34:30.746  7524  7526 I cmd     : oneway function results will be dropped but finished with status OK and parcel size 4
05-29 03:34:30.798  7539  7541 I cmd     : oneway function results will be dropped but finished with status OK and parcel size 4
05-29 03:34:30.849  7554  7556 I cmd     : oneway function results will be dropped but finished with status OK and parcel size 4
05-29 03:34:30.898  7569  7571 I cmd     : oneway function results will be dropped but finished with status OK and parcel size 4
05-29 03:34:30.975  7581  7581 E libc    : Access denied finding property "persist.device_config.runtime_native_boot.profilebootclasspath"
05-29 03:34:30.975  7581  7581 E libc    : Access denied finding property "persist.device_config.runtime_native_boot.enable_apex_image"
05-29 03:34:30.975  7581  7581 I AndroidRuntime: Using default boot image
05-29 03:34:30.975  7581  7581 E libc    : Access denied finding property "persist.device_config.runtime_native_boot.disable_lock_profiling"
05-29 03:34:30.975  7581  7581 I AndroidRuntime: Leaving lock profiling enabled
05-29 03:34:30.975  7581  7581 E libc    : Access denied finding property "persist.device_config.runtime_native_boot.enable_generational_cc"
05-29 03:34:30.977  7581  7581 I app_process: Core platform API reporting enabled, enforcing=false
05-29 03:34:31.013  7581  7581 W app_process: Unexpected CPU variant for X86 using defaults: x86_64
05-29 03:34:31.013  7581  7581 I app_process: The ClassLoaderContext is a special shared library.
05-29 03:34:31.019  7581  7581 W app_process: JNI RegisterNativeMethods: attempt to register 0 native methods for android.media.AudioAttributes
05-29 03:34:33.035   158   158 I hwservicemanager: getTransport: Cannot find entry android.hardware.graphics.mapper@4.0::IMapper/default in either framework or device manifest.
05-29 03:34:33.036  7610  7610 I Gralloc4: mapper 4.x is not supported
05-29 03:34:33.079  7614  7616 I cmd     : oneway function results will be dropped but finished with status OK and parcel size 4
05-29 03:34:33.080  1445  1952 I MediaProvider: Begin Intent { act=android.intent.action.MEDIA_SCANNER_SCAN_FILE dat=file:///sdcard/screen_2026-05-29_033433.png flg=0x1400010 cmp=com.android.providers.media.module/com.android.providers.media.MediaService }
05-29 03:34:33.080  1445  1445 W com.android.providers.media.module: type=1400 audit(0.0:664): avc: denied { read } for comm=4173796E635461736B202331 name="primary" dev="tmpfs" ino=20393 scontext=u:r:mediaprovider_app:s0:c122,c256,c512,c768 tcontext=u:object_r:mnt_pass_through_file:s0 tclass=lnk_file permissive=0 app=com.android.providers.media.module
05-29 03:34:33.296     0     0 W audit   : audit_lost=480 audit_rate_limit=5 audit_backlog_limit=64
05-29 03:34:33.303     0     0 E audit   : rate limit exceeded
05-29 03:34:33.080  1445  1445 W com.android.providers.media.module: type=1400 audit(0.0:665): avc: denied { read } for comm=4173796E635461736B202331 name="primary" dev="tmpfs" ino=20393 scontext=u:r:mediaprovider_app:s0:c122,c256,c512,c768 tcontext=u:object_r:mnt_pass_through_file:s0 tclass=lnk_file permissive=0 app=com.android.providers.media.module
05-29 03:34:33.099  1445  1952 W ModernMediaScanner: Failed to visit /sdcard/screen_2026-05-29_033433.png: java.nio.file.AccessDeniedException: /sdcard/screen_2026-05-29_033433.png
05-29 03:34:33.099  1445  1952 I MediaProvider: Scanned internal due to REASON_DEMAND, found 0 items in 18ms, 0 inserts 0 updates 0 deletes
05-29 03:34:33.100  1445  1952 I MediaProvider: End Intent { act=android.intent.action.MEDIA_SCANNER_SCAN_FILE dat=file:///sdcard/screen_2026-05-29_033433.png flg=0x1400010 cmp=com.android.providers.media.module/com.android.providers.media.MediaService }
05-29 03:34:33.080  1445  1445 W com.android.providers.media.module: type=1400 audit(0.0:666): avc: denied { read } for comm=4173796E635461736B202331 name="primary" dev="tmpfs" ino=20393 scontext=u:r:mediaprovider_app:s0:c122,c256,c512,c768 tcontext=u:object_r:mnt_pass_through_file:s0 tclass=lnk_file permissive=0 app=com.android.providers.media.module
05-29 03:34:33.122  1445  2916 I MediaProvider: Deleted 1 items on external_primary due to com.android.shell
05-29 03:34:33.080  1445  1445 W com.android.providers.media.module: type=1400 audit(0.0:668): avc: denied { read } for comm=4173796E635461736B202331 name="primary" dev="tmpfs" ino=20393 scontext=u:r:mediaprovider_app:s0:c122,c256,c512,c768 tcontext=u:object_r:mnt_pass_through_file:s0 tclass=lnk_file permissive=0 app=com.android.providers.media.module
05-29 03:34:33.149  7625  7627 I cmd     : oneway function results will be dropped but finished with status OK and parcel size 4
05-29 03:34:33.265   158   158 I hwservicemanager: getTransport: Cannot find entry android.hardware.graphics.mapper@4.0::IMapper/default in either framework or device manifest.
05-29 03:34:33.265  7647  7647 I Gralloc4: mapper 4.x is not supported
05-29 03:34:33.311  1445  1952 I MediaProvider: Begin Intent { act=android.intent.action.MEDIA_SCANNER_SCAN_FILE dat=file:///sdcard/screen_2026-05-29_033433.png flg=0x1400010 cmp=com.android.providers.media.module/com.android.providers.media.MediaService }
05-29 03:34:33.315  1445  1952 W ModernMediaScanner: Failed to visit /sdcard/screen_2026-05-29_033433.png: java.nio.file.AccessDeniedException: /sdcard/screen_2026-05-29_033433.png
05-29 03:34:33.315  1445  1952 I MediaProvider: Scanned internal due to REASON_DEMAND, found 0 items in 3ms, 0 inserts 0 updates 0 deletes
05-29 03:34:33.317  1445  1952 I MediaProvider: End Intent { act=android.intent.action.MEDIA_SCANNER_SCAN_FILE dat=file:///sdcard/screen_2026-05-29_033433.png flg=0x1400010 cmp=com.android.providers.media.module/com.android.providers.media.MediaService }
05-29 03:34:33.374  1445  1682 I MediaProvider: Deleted 1 items on external_primary due to com.android.shell
05-29 03:34:33.518   158   158 I hwservicemanager: getTransport: Cannot find entry android.hardware.graphics.mapper@4.0::IMapper/default in either framework or device manifest.
05-29 03:34:33.518  7684  7684 I Gralloc4: mapper 4.x is not supported
05-29 03:34:33.562  1445  1952 I MediaProvider: Begin Intent { act=android.intent.action.MEDIA_SCANNER_SCAN_FILE dat=file:///sdcard/screen_2026-05-29_033434.png flg=0x1400010 cmp=com.android.providers.media.module/com.android.providers.media.MediaService }
05-29 03:34:33.563  1445  1952 W ModernMediaScanner: Failed to visit /sdcard/screen_2026-05-29_033434.png: java.nio.file.AccessDeniedException: /sdcard/screen_2026-05-29_033434.png
05-29 03:34:33.564  1445  1952 I MediaProvider: Scanned internal due to REASON_DEMAND, found 0 items in 1ms, 0 inserts 0 updates 0 deletes
05-29 03:34:33.565  1445  1952 I MediaProvider: End Intent { act=android.intent.action.MEDIA_SCANNER_SCAN_FILE dat=file:///sdcard/screen_2026-05-29_033434.png flg=0x1400010 cmp=com.android.providers.media.module/com.android.providers.media.MediaService }
05-29 03:34:33.584  1445  1683 I MediaProvider: Deleted 1 items on external_primary due to com.android.shell
05-29 03:34:33.608  7699  7701 I cmd     : oneway function results will be dropped but finished with status OK and parcel size 4
05-29 03:34:33.726  7731  7733 I cmd     : oneway function results will be dropped but finished with status OK and parcel size 4
05-29 03:34:33.774  7746  7748 I cmd     : oneway function results will be dropped but finished with status OK and parcel size 4
05-29 03:34:33.849  7758  7758 E libc    : Access denied finding property "persist.device_config.runtime_native_boot.profilebootclasspath"
05-29 03:34:33.849  7758  7758 E libc    : Access denied finding property "persist.device_config.runtime_native_boot.enable_apex_image"
05-29 03:34:33.849  7758  7758 I AndroidRuntime: Using default boot image
05-29 03:34:33.849  7758  7758 E libc    : Access denied finding property "persist.device_config.runtime_native_boot.disable_lock_profiling"
05-29 03:34:33.849  7758  7758 I AndroidRuntime: Leaving lock profiling enabled
05-29 03:34:33.849  7758  7758 E libc    : Access denied finding property "persist.device_config.runtime_native_boot.enable_generational_cc"
05-29 03:34:33.850  7758  7758 I app_process: Core platform API reporting enabled, enforcing=false
05-29 03:34:33.886  7758  7758 W app_process: Unexpected CPU variant for X86 using defaults: x86_64
05-29 03:34:33.887  7758  7758 I app_process: The ClassLoaderContext is a special shared library.
05-29 03:34:33.893  7758  7758 W app_process: JNI RegisterNativeMethods: attempt to register 0 native methods for android.media.AudioAttributes
05-29 03:34:35.901   158   158 I hwservicemanager: getTransport: Cannot find entry android.hardware.graphics.mapper@4.0::IMapper/default in either framework or device manifest.
05-29 03:34:35.901  7787  7787 I Gralloc4: mapper 4.x is not supported
05-29 03:34:35.946  7791  7793 I cmd     : oneway function results will be dropped but finished with status OK and parcel size 4
05-29 03:34:35.946  1445  1952 I MediaProvider: Begin Intent { act=android.intent.action.MEDIA_SCANNER_SCAN_FILE dat=file:///sdcard/screen_2026-05-29_033436.png flg=0x1400010 cmp=com.android.providers.media.module/com.android.providers.media.MediaService }
05-29 03:34:35.944  1445  1445 W com.android.providers.media.module: type=1400 audit(0.0:686): avc: denied { read } for comm=4173796E635461736B202331 name="primary" dev="tmpfs" ino=20393 scontext=u:r:mediaprovider_app:s0:c122,c256,c512,c768 tcontext=u:object_r:mnt_pass_through_file:s0 tclass=lnk_file permissive=0 app=com.android.providers.media.module
05-29 03:34:36.161     0     0 W audit   : audit_lost=497 audit_rate_limit=5 audit_backlog_limit=64
05-29 03:34:36.170     0     0 E audit   : rate limit exceeded
05-29 03:34:35.965  1445  1952 W ModernMediaScanner: Failed to visit /sdcard/screen_2026-05-29_033436.png: java.nio.file.AccessDeniedException: /sdcard/screen_2026-05-29_033436.png
05-29 03:34:35.966  1445  1952 I MediaProvider: Scanned internal due to REASON_DEMAND, found 0 items in 19ms, 0 inserts 0 updates 0 deletes
05-29 03:34:35.966  1445  1952 I MediaProvider: End Intent { act=android.intent.action.MEDIA_SCANNER_SCAN_FILE dat=file:///sdcard/screen_2026-05-29_033436.png flg=0x1400010 cmp=com.android.providers.media.module/com.android.providers.media.MediaService }
05-29 03:34:35.944  1445  1445 W com.android.providers.media.module: type=1400 audit(0.0:687): avc: denied { read } for comm=4173796E635461736B202331 name="primary" dev="tmpfs" ino=20393 scontext=u:r:mediaprovider_app:s0:c122,c256,c512,c768 tcontext=u:object_r:mnt_pass_through_file:s0 tclass=lnk_file permissive=0 app=com.android.providers.media.module
05-29 03:34:36.026  1445  2916 I MediaProvider: Deleted 1 items on external_primary due to com.android.shell
05-29 03:34:36.052  7802  7804 I cmd     : oneway function results will be dropped but finished with status OK and parcel size 4
05-29 03:34:36.165   158   158 I hwservicemanager: getTransport: Cannot find entry android.hardware.graphics.mapper@4.0::IMapper/default in either framework or device manifest.
05-29 03:34:36.165  7824  7824 I Gralloc4: mapper 4.x is not supported
05-29 03:34:36.210  1445  1952 I MediaProvider: Begin Intent { act=android.intent.action.MEDIA_SCANNER_SCAN_FILE dat=file:///sdcard/screen_2026-05-29_033436.png flg=0x1400010 cmp=com.android.providers.media.module/com.android.providers.media.MediaService }
05-29 03:34:36.211  1445  1952 W ModernMediaScanner: Failed to visit /sdcard/screen_2026-05-29_033436.png: java.nio.file.AccessDeniedException: /sdcard/screen_2026-05-29_033436.png
05-29 03:34:36.211  1445  1952 I MediaProvider: Scanned internal due to REASON_DEMAND, found 0 items in 0ms, 0 inserts 0 updates 0 deletes
05-29 03:34:36.211  1445  1952 I MediaProvider: End Intent { act=android.intent.action.MEDIA_SCANNER_SCAN_FILE dat=file:///sdcard/screen_2026-05-29_033436.png flg=0x1400010 cmp=com.android.providers.media.module/com.android.providers.media.MediaService }
05-29 03:34:36.233  1445  1682 I MediaProvider: Deleted 1 items on external_primary due to com.android.shell
05-29 03:34:36.260  7839  7841 I cmd     : oneway function results will be dropped but finished with status OK and parcel size 4
05-29 03:34:36.382   158   158 I hwservicemanager: getTransport: Cannot find entry android.hardware.graphics.mapper@4.0::IMapper/default in either framework or device manifest.
05-29 03:34:36.382  7861  7861 I Gralloc4: mapper 4.x is not supported
05-29 03:34:36.429  7865  7867 I cmd     : oneway function results will be dropped but finished with status OK and parcel size 4
05-29 03:34:36.429  1445  1952 I MediaProvider: Begin Intent { act=android.intent.action.MEDIA_SCANNER_SCAN_FILE dat=file:///sdcard/screen_2026-05-29_033437.png flg=0x1400010 cmp=com.android.providers.media.module/com.android.providers.media.MediaService }
05-29 03:34:36.431  1445  1952 W ModernMediaScanner: Failed to visit /sdcard/screen_2026-05-29_033437.png: java.nio.file.AccessDeniedException: /sdcard/screen_2026-05-29_033437.png
05-29 03:34:36.431  1445  1952 I MediaProvider: Scanned internal due to REASON_DEMAND, found 0 items in 2ms, 0 inserts 0 updates 0 deletes
05-29 03:34:36.432  1445  1952 I MediaProvider: End Intent { act=android.intent.action.MEDIA_SCANNER_SCAN_FILE dat=file:///sdcard/screen_2026-05-29_033437.png flg=0x1400010 cmp=com.android.providers.media.module/com.android.providers.media.MediaService }
05-29 03:34:36.494  1445  1683 I MediaProvider: Deleted 1 items on external_primary due to com.android.shell
05-29 03:34:36.519  7876  7878 I cmd     : oneway function results will be dropped but finished with status OK and parcel size 4
05-29 03:34:36.567  7891  7893 I cmd     : oneway function results will be dropped but finished with status OK and parcel size 4
05-29 03:34:36.613  7906  7908 I cmd     : oneway function results will be dropped but finished with status OK and parcel size 4
05-29 03:34:36.661  7921  7923 I cmd     : oneway function results will be dropped but finished with status OK and parcel size 4
05-29 03:34:36.737  7933  7933 E libc    : Access denied finding property "persist.device_config.runtime_native_boot.profilebootclasspath"
05-29 03:34:36.737  7933  7933 E libc    : Access denied finding property "persist.device_config.runtime_native_boot.enable_apex_image"
05-29 03:34:36.737  7933  7933 I AndroidRuntime: Using default boot image
05-29 03:34:36.737  7933  7933 E libc    : Access denied finding property "persist.device_config.runtime_native_boot.disable_lock_profiling"
05-29 03:34:36.737  7933  7933 I AndroidRuntime: Leaving lock profiling enabled
05-29 03:34:36.737  7933  7933 E libc    : Access denied finding property "persist.device_config.runtime_native_boot.enable_generational_cc"
05-29 03:34:36.738  7933  7933 I app_process: Core platform API reporting enabled, enforcing=false
05-29 03:34:36.780  7933  7933 W app_process: Unexpected CPU variant for X86 using defaults: x86_64
05-29 03:34:36.780  7933  7933 I app_process: The ClassLoaderContext is a special shared library.
05-29 03:34:36.788  7933  7933 W app_process: JNI RegisterNativeMethods: attempt to register 0 native methods for android.media.AudioAttributes
05-29 03:34:38.798   158   158 I hwservicemanager: getTransport: Cannot find entry android.hardware.graphics.mapper@4.0::IMapper/default in either framework or device manifest.
05-29 03:34:38.798  7962  7962 I Gralloc4: mapper 4.x is not supported
05-29 03:34:38.860  7968  7970 I cmd     : oneway function results will be dropped but finished with status OK and parcel size 4
05-29 03:34:38.860  1445  1952 I MediaProvider: Begin Intent { act=android.intent.action.MEDIA_SCANNER_SCAN_FILE dat=file:///sdcard/screen_2026-05-29_033439.png flg=0x1400010 cmp=com.android.providers.media.module/com.android.providers.media.MediaService }
05-29 03:34:38.860  1445  1445 W com.android.providers.media.module: type=1400 audit(0.0:708): avc: denied { read } for comm=4173796E635461736B202331 name="primary" dev="tmpfs" ino=20393 scontext=u:r:mediaprovider_app:s0:c122,c256,c512,c768 tcontext=u:object_r:mnt_pass_through_file:s0 tclass=lnk_file permissive=0 app=com.android.providers.media.module
05-29 03:34:38.880  1445  1952 W ModernMediaScanner: Failed to visit /sdcard/screen_2026-05-29_033439.png: java.nio.file.AccessDeniedException: /sdcard/screen_2026-05-29_033439.png
05-29 03:34:38.881  1445  1952 I MediaProvider: Scanned internal due to REASON_DEMAND, found 0 items in 20ms, 0 inserts 0 updates 0 deletes
05-29 03:34:38.881  1445  1952 I MediaProvider: End Intent { act=android.intent.action.MEDIA_SCANNER_SCAN_FILE dat=file:///sdcard/screen_2026-05-29_033439.png flg=0x1400010 cmp=com.android.providers.media.module/com.android.providers.media.MediaService }
05-29 03:34:38.860  1445  1445 W com.android.providers.media.module: type=1400 audit(0.0:710): avc: denied { read } for comm=4173796E635461736B202331 name="primary" dev="tmpfs" ino=20393 scontext=u:r:mediaprovider_app:s0:c122,c256,c512,c768 tcontext=u:object_r:mnt_pass_through_file:s0 tclass=lnk_file permissive=0 app=com.android.providers.media.module
05-29 03:34:38.911  1445  2916 I MediaProvider: Deleted 1 items on external_primary due to com.android.shell
05-29 03:34:38.937  7979  7981 I cmd     : oneway function results will be dropped but finished with status OK and parcel size 4
05-29 03:34:39.050   158   158 I hwservicemanager: getTransport: Cannot find entry android.hardware.graphics.mapper@4.0::IMapper/default in either framework or device manifest.
05-29 03:34:39.050  8001  8001 I Gralloc4: mapper 4.x is not supported
05-29 03:34:39.094  8005  8007 I cmd     : oneway function results will be dropped but finished with status OK and parcel size 4
05-29 03:34:39.095   507   643 I ActivityManager: Killing 1237:com.android.deskclock/u0a106 (adj 985): empty #17
05-29 03:34:39.099  1445  1952 I MediaProvider: Begin Intent { act=android.intent.action.MEDIA_SCANNER_SCAN_FILE dat=file:///sdcard/screen_2026-05-29_033439.png flg=0x1400010 cmp=com.android.providers.media.module/com.android.providers.media.MediaService }
05-29 03:34:39.101  1445  1952 W ModernMediaScanner: Failed to visit /sdcard/screen_2026-05-29_033439.png: java.nio.file.AccessDeniedException: /sdcard/screen_2026-05-29_033439.png
05-29 03:34:39.102  1445  1952 I MediaProvider: Scanned internal due to REASON_DEMAND, found 0 items in 1ms, 0 inserts 0 updates 0 deletes
05-29 03:34:39.103  1445  1952 I MediaProvider: End Intent { act=android.intent.action.MEDIA_SCANNER_SCAN_FILE dat=file:///sdcard/screen_2026-05-29_033439.png flg=0x1400010 cmp=com.android.providers.media.module/com.android.providers.media.MediaService }
05-29 03:34:39.105   280   280 I Zygote  : Process 1237 exited due to signal 9 (Killed)
05-29 03:34:39.141   507   548 I libprocessgroup: Successfully killed process cgroup uid 10106 pid 1237 in 45ms
05-29 03:34:39.162  1445  1682 I MediaProvider: Deleted 1 items on external_primary due to com.android.shell
05-29 03:34:39.187  8016  8018 I cmd     : oneway function results will be dropped but finished with status OK and parcel size 4
05-29 03:34:39.309   158   158 I hwservicemanager: getTransport: Cannot find entry android.hardware.graphics.mapper@4.0::IMapper/default in either framework or device manifest.
05-29 03:34:39.310  8038  8038 I Gralloc4: mapper 4.x is not supported
05-29 03:34:39.355  1445  1952 I MediaProvider: Begin Intent { act=android.intent.action.MEDIA_SCANNER_SCAN_FILE dat=file:///sdcard/screen_2026-05-29_033439.png flg=0x1400010 cmp=com.android.providers.media.module/com.android.providers.media.MediaService }
05-29 03:34:39.358  1445  1952 W ModernMediaScanner: Failed to visit /sdcard/screen_2026-05-29_033439.png: java.nio.file.AccessDeniedException: /sdcard/screen_2026-05-29_033439.png
05-29 03:34:39.359  1445  1952 I MediaProvider: Scanned internal due to REASON_DEMAND, found 0 items in 3ms, 0 inserts 0 updates 0 deletes
05-29 03:34:39.359  1445  1952 I MediaProvider: End Intent { act=android.intent.action.MEDIA_SCANNER_SCAN_FILE dat=file:///sdcard/screen_2026-05-29_033439.png flg=0x1400010 cmp=com.android.providers.media.module/com.android.providers.media.MediaService }
05-29 03:34:39.377  1445  1683 I MediaProvider: Deleted 1 items on external_primary due to com.android.shell
05-29 03:34:39.402  8053  8055 I cmd     : oneway function results will be dropped but finished with status OK and parcel size 4
05-29 03:34:39.450  8068  8070 I cmd     : oneway function results will be dropped but finished with status OK and parcel size 4
05-29 03:34:39.500  8083  8085 I cmd     : oneway function results will be dropped but finished with status OK and parcel size 4
05-29 03:34:39.548  8098  8100 I cmd     : oneway function results will be dropped but finished with status OK and parcel size 4
05-29 03:34:39.622  8110  8110 E libc    : Access denied finding property "persist.device_config.runtime_native_boot.profilebootclasspath"
05-29 03:34:39.622  8110  8110 E libc    : Access denied finding property "persist.device_config.runtime_native_boot.enable_apex_image"
05-29 03:34:39.622  8110  8110 I AndroidRuntime: Using default boot image
05-29 03:34:39.622  8110  8110 E libc    : Access denied finding property "persist.device_config.runtime_native_boot.disable_lock_profiling"
05-29 03:34:39.622  8110  8110 I AndroidRuntime: Leaving lock profiling enabled
05-29 03:34:39.622  8110  8110 E libc    : Access denied finding property "persist.device_config.runtime_native_boot.enable_generational_cc"
05-29 03:34:39.623  8110  8110 I app_process: Core platform API reporting enabled, enforcing=false
05-29 03:34:39.659  8110  8110 W app_process: Unexpected CPU variant for X86 using defaults: x86_64
05-29 03:34:39.660  8110  8110 I app_process: The ClassLoaderContext is a special shared library.
05-29 03:34:39.666  8110  8110 W app_process: JNI RegisterNativeMethods: attempt to register 0 native methods for android.media.AudioAttributes
05-29 03:34:39.793  2183  2183 E AccessibilityInteractionClient: 3 Disconnected nodes.
05-29 03:34:41.685   158   158 I hwservicemanager: getTransport: Cannot find entry android.hardware.graphics.mapper@4.0::IMapper/default in either framework or device manifest.
05-29 03:34:41.685  8143  8143 I Gralloc4: mapper 4.x is not supported
05-29 03:34:41.722  8147  8149 I cmd     : oneway function results will be dropped but finished with status OK and parcel size 4
05-29 03:34:41.722  1445  1952 I MediaProvider: Begin Intent { act=android.intent.action.MEDIA_SCANNER_SCAN_FILE dat=file:///sdcard/screen_2026-05-29_033442.png flg=0x1400010 cmp=com.android.providers.media.module/com.android.providers.media.MediaService }
05-29 03:34:41.720  1445  1445 W com.android.providers.media.module: type=1400 audit(0.0:730): avc: denied { read } for comm=4173796E635461736B202331 name="primary" dev="tmpfs" ino=20393 scontext=u:r:mediaprovider_app:s0:c122,c256,c512,c768 tcontext=u:object_r:mnt_pass_through_file:s0 tclass=lnk_file permissive=0 app=com.android.providers.media.module
05-29 03:34:41.937     0     0 W audit   : audit_lost=531 audit_rate_limit=5 audit_backlog_limit=64
05-29 03:34:41.946     0     0 E audit   : rate limit exceeded
05-29 03:34:41.720  1445  1445 W com.android.providers.media.module: type=1400 audit(0.0:731): avc: denied { read } for comm=4173796E635461736B202331 name="primary" dev="tmpfs" ino=20393 scontext=u:r:mediaprovider_app:s0:c122,c256,c512,c768 tcontext=u:object_r:mnt_pass_through_file:s0 tclass=lnk_file permissive=0 app=com.android.providers.media.module
05-29 03:34:41.741  1445  1952 W ModernMediaScanner: Failed to visit /sdcard/screen_2026-05-29_033442.png: java.nio.file.AccessDeniedException: /sdcard/screen_2026-05-29_033442.png
05-29 03:34:41.742  1445  1952 I MediaProvider: Scanned internal due to REASON_DEMAND, found 0 items in 19ms, 0 inserts 0 updates 0 deletes
05-29 03:34:41.742  1445  1952 I MediaProvider: End Intent { act=android.intent.action.MEDIA_SCANNER_SCAN_FILE dat=file:///sdcard/screen_2026-05-29_033442.png flg=0x1400010 cmp=com.android.providers.media.module/com.android.providers.media.MediaService }
05-29 03:34:41.720  1445  1445 W com.android.providers.media.module: type=1400 audit(0.0:732): avc: denied { read } for comm=4173796E635461736B202331 name="primary" dev="tmpfs" ino=20393 scontext=u:r:mediaprovider_app:s0:c122,c256,c512,c768 tcontext=u:object_r:mnt_pass_through_file:s0 tclass=lnk_file permissive=0 app=com.android.providers.media.module
05-29 03:34:41.806  1445  2916 I MediaProvider: Deleted 1 items on external_primary due to com.android.shell
05-29 03:34:41.831  8158  8160 I cmd     : oneway function results will be dropped but finished with status OK and parcel size 4
05-29 03:34:41.979   158   158 I hwservicemanager: getTransport: Cannot find entry android.hardware.graphics.mapper@4.0::IMapper/default in either framework or device manifest.
05-29 03:34:41.980  8180  8180 I Gralloc4: mapper 4.x is not supported
05-29 03:34:42.021  8186  8188 I cmd     : oneway function results will be dropped but finished with status OK and parcel size 4
05-29 03:34:42.022  1445  1952 I MediaProvider: Begin Intent { act=android.intent.action.MEDIA_SCANNER_SCAN_FILE dat=file:///sdcard/screen_2026-05-29_033442.png flg=0x1400010 cmp=com.android.providers.media.module/com.android.providers.media.MediaService }
05-29 03:34:42.022  1445  1952 W ModernMediaScanner: Failed to visit /sdcard/screen_2026-05-29_033442.png: java.nio.file.AccessDeniedException: /sdcard/screen_2026-05-29_033442.png
05-29 03:34:42.023  1445  1952 I MediaProvider: Scanned internal due to REASON_DEMAND, found 0 items in 0ms, 0 inserts 0 updates 0 deletes
05-29 03:34:42.023  1445  1952 I MediaProvider: End Intent { act=android.intent.action.MEDIA_SCANNER_SCAN_FILE dat=file:///sdcard/screen_2026-05-29_033442.png flg=0x1400010 cmp=com.android.providers.media.module/com.android.providers.media.MediaService }
05-29 03:34:42.046  1445  2916 I MediaProvider: Deleted 1 items on external_primary due to com.android.shell
05-29 03:34:42.072  8197  8198 I cmd     : oneway function results will be dropped but finished with status OK and parcel size 4
05-29 03:34:42.202   158   158 I hwservicemanager: getTransport: Cannot find entry android.hardware.graphics.mapper@4.0::IMapper/default in either framework or device manifest.
05-29 03:34:42.202  8219  8219 I Gralloc4: mapper 4.x is not supported
05-29 03:34:42.241  1445  1952 I MediaProvider: Begin Intent { act=android.intent.action.MEDIA_SCANNER_SCAN_FILE dat=file:///sdcard/screen_2026-05-29_033442.png flg=0x1400010 cmp=com.android.providers.media.module/com.android.providers.media.MediaService }
05-29 03:34:42.245  1445  1952 W ModernMediaScanner: Failed to visit /sdcard/screen_2026-05-29_033442.png: java.nio.file.AccessDeniedException: /sdcard/screen_2026-05-29_033442.png
05-29 03:34:42.245  1445  1952 I MediaProvider: Scanned internal due to REASON_DEMAND, found 0 items in 0ms, 0 inserts 0 updates 0 deletes
05-29 03:34:42.246  1445  1952 I MediaProvider: End Intent { act=android.intent.action.MEDIA_SCANNER_SCAN_FILE dat=file:///sdcard/screen_2026-05-29_033442.png flg=0x1400010 cmp=com.android.providers.media.module/com.android.providers.media.MediaService }
05-29 03:34:42.263  1445  1683 I MediaProvider: Deleted 1 items on external_primary due to com.android.shell
05-29 03:34:42.288  8234  8236 I cmd     : oneway function results will be dropped but finished with status OK and parcel size 4
05-29 03:34:42.337  8249  8251 I cmd     : oneway function results will be dropped but finished with status OK and parcel size 4
05-29 03:34:42.387  8264  8266 I cmd     : oneway function results will be dropped but finished with status OK and parcel size 4
05-29 03:34:42.436  8279  8281 I cmd     : oneway function results will be dropped but finished with status OK and parcel size 4
05-29 03:34:42.512  8291  8291 E libc    : Access denied finding property "persist.device_config.runtime_native_boot.profilebootclasspath"
05-29 03:34:42.512  8291  8291 E libc    : Access denied finding property "persist.device_config.runtime_native_boot.enable_apex_image"
05-29 03:34:42.512  8291  8291 I AndroidRuntime: Using default boot image
05-29 03:34:42.512  8291  8291 E libc    : Access denied finding property "persist.device_config.runtime_native_boot.disable_lock_profiling"
05-29 03:34:42.512  8291  8291 I AndroidRuntime: Leaving lock profiling enabled
05-29 03:34:42.512  8291  8291 E libc    : Access denied finding property "persist.device_config.runtime_native_boot.enable_generational_cc"
05-29 03:34:42.513  8291  8291 I app_process: Core platform API reporting enabled, enforcing=false
05-29 03:34:42.550  8291  8291 W app_process: Unexpected CPU variant for X86 using defaults: x86_64
05-29 03:34:42.550  8291  8291 I app_process: The ClassLoaderContext is a special shared library.
05-29 03:34:42.557  8291  8291 W app_process: JNI RegisterNativeMethods: attempt to register 0 native methods for android.media.AudioAttributes
