05-29 03:34:09.557  5853  5853 I dex2oat32: Explicit concurrent copying GC freed 261(63KB) AllocSpace objects, 0(0B) LOS objects, 96% free, 49KB/1585KB, paused 6us total 1.165ms
05-29 03:34:09.578  1445  1952 I MediaProvider: Begin Intent { act=android.intent.action.MEDIA_SCANNER_SCAN_FILE dat=file:///sdcard/screen_2026-05-29_033410.png flg=0x1400010 cmp=com.android.providers.media.module/com.android.providers.media.MediaService }
05-29 03:34:09.579  1445  1952 W ModernMediaScanner: Failed to visit /sdcard/screen_2026-05-29_033410.png: java.nio.file.AccessDeniedException: /sdcard/screen_2026-05-29_033410.png
05-29 03:34:09.579  1445  1952 I MediaProvider: Scanned internal due to REASON_DEMAND, found 0 items in 0ms, 0 inserts 0 updates 0 deletes
05-29 03:34:09.585  1445  1952 I MediaProvider: End Intent { act=android.intent.action.MEDIA_SCANNER_SCAN_FILE dat=file:///sdcard/screen_2026-05-29_033410.png flg=0x1400010 cmp=com.android.providers.media.module/com.android.providers.media.MediaService }
05-29 03:34:09.607  1445  2916 I MediaProvider: Deleted 1 items on external_primary due to com.android.shell
05-29 03:34:09.658  5853  5853 W dex2oat32: Accessing hidden method Landroid/graphics/Canvas;->drawPatch(Landroid/graphics/NinePatch;Landroid/graphics/Rect;Landroid/graphics/Paint;)V (greylist-max-o, linking, denied)
05-29 03:34:09.658  5853  5853 W dex2oat32: Accessing hidden method Landroid/graphics/Canvas;->drawPatch(Landroid/graphics/NinePatch;Landroid/graphics/RectF;Landroid/graphics/Paint;)V (greylist-max-o, linking, denied)
05-29 03:34:09.687  5853  6035 W dex2oat32: Accessing hidden method Landroid/graphics/Bitmap;->getHardwareBuffer()Landroid/hardware/HardwareBuffer; (blacklist, linking, denied)
05-29 03:34:09.704  6064  6065 I cmd     : oneway function results will be dropped but finished with status OK and parcel size 4
05-29 03:34:09.755   507  1444 E TaskPersister: File error accessing recents directory (directory doesn't exist?).
05-29 03:34:09.776  6079  6080 I cmd     : oneway function results will be dropped but finished with status OK and parcel size 4
05-29 03:34:09.842  6094  6095 I cmd     : oneway function results will be dropped but finished with status OK and parcel size 4
05-29 03:34:09.891  5853  5853 W dex2oat32: Accessing hidden method Landroid/graphics/ImageDecoder;->createSource([B)Landroid/graphics/ImageDecoder$Source; (greylist-max-o, linking, denied)
05-29 03:34:09.913  5853  6035 W dex2oat32: Class androidx.compose.runtime.snapshots.SnapshotStateMap failed lock verification and will run slower.
05-29 03:34:09.913  5853  6035 W dex2oat32: Common causes for lock verification issues are non-optimized dex code
05-29 03:34:09.913  5853  6035 W dex2oat32: and incorrect proguard optimizations.
05-29 03:34:09.966  6106  6106 E libc    : Access denied finding property "persist.device_config.runtime_native_boot.profilebootclasspath"
05-29 03:34:09.966  6106  6106 E libc    : Access denied finding property "persist.device_config.runtime_native_boot.enable_apex_image"
05-29 03:34:09.966  6106  6106 I AndroidRuntime: Using default boot image
05-29 03:34:09.966  6106  6106 E libc    : Access denied finding property "persist.device_config.runtime_native_boot.disable_lock_profiling"
05-29 03:34:09.966  6106  6106 I AndroidRuntime: Leaving lock profiling enabled
05-29 03:34:09.967  6106  6106 E libc    : Access denied finding property "persist.device_config.runtime_native_boot.enable_generational_cc"
05-29 03:34:09.972  6106  6106 I app_process: Core platform API reporting enabled, enforcing=false
05-29 03:34:10.022  6106  6106 W app_process: Unexpected CPU variant for X86 using defaults: x86_64
05-29 03:34:10.022  6106  6106 I app_process: The ClassLoaderContext is a special shared library.
05-29 03:34:10.032  6106  6106 W app_process: JNI RegisterNativeMethods: attempt to register 0 native methods for android.media.AudioAttributes
05-29 03:34:10.043  5853  5853 W dex2oat32: Class androidx.compose.runtime.snapshots.SnapshotStateList failed lock verification and will run slower.
05-29 03:34:10.076  5853  5853 I dex2oat32: Explicit concurrent copying GC freed 40761(6043KB) AllocSpace objects, 0(0B) LOS objects, 94% free, 88KB/1624KB, paused 35us total 8.874ms
05-29 03:34:10.294  2183  2183 E AccessibilityInteractionClient: 2 Disconnected nodes.
05-29 03:34:10.346  5853  5853 I dex2oat32: Explicit concurrent copying GC freed 26379(3440KB) AllocSpace objects, 0(0B) LOS objects, 94% free, 96KB/1632KB, paused 8us total 4.739ms
05-29 03:34:10.358  5853  5853 I dex2oat32: dex2oat took 2.885s (3.170s cpu) (threads: 2) arena alloc=0B (0B) java alloc=96KB (98792B) native alloc=7506KB (7686224B) free=2117KB (2168816B) swap=16MB (16777216B)
05-29 03:34:10.365   507  5775 I system_server: The ClassLoaderContext is a special shared library.
05-29 03:34:10.384   507  5775 I chatty  : uid=1000(system) BackgroundDexOp identical 19 lines
05-29 03:34:10.385   507  5775 I system_server: The ClassLoaderContext is a special shared library.
05-29 03:34:10.385   507  5775 I BackgroundDexOptService: Pinning optimized code {android, io.github.ylimit.droidbotapp, com.mocoding.pokedex.android}
05-29 03:34:11.755   158   158 I hwservicemanager: getTransport: Cannot find entry android.hardware.graphics.mapper@4.0::IMapper/default in either framework or device manifest.
05-29 03:34:11.755  6142  6142 I Gralloc4: mapper 4.x is not supported
05-29 03:34:11.794  1445  1952 I MediaProvider: Begin Intent { act=android.intent.action.MEDIA_SCANNER_SCAN_FILE dat=file:///sdcard/screen_2026-05-29_033412.png flg=0x1400010 cmp=com.android.providers.media.module/com.android.providers.media.MediaService }
05-29 03:34:12.008     0     0 W audit   : audit_lost=344 audit_rate_limit=5 audit_backlog_limit=64
05-29 03:34:12.014     0     0 E audit   : rate limit exceeded
05-29 03:34:11.808  1445  1952 W ModernMediaScanner: Failed to visit /sdcard/screen_2026-05-29_033412.png: java.nio.file.AccessDeniedException: /sdcard/screen_2026-05-29_033412.png
05-29 03:34:11.809  1445  1952 I MediaProvider: Scanned internal due to REASON_DEMAND, found 0 items in 15ms, 0 inserts 0 updates 0 deletes
05-29 03:34:11.809  1445  1952 I MediaProvider: End Intent { act=android.intent.action.MEDIA_SCANNER_SCAN_FILE dat=file:///sdcard/screen_2026-05-29_033412.png flg=0x1400010 cmp=com.android.providers.media.module/com.android.providers.media.MediaService }
05-29 03:34:11.792  1445  1445 W com.android.providers.media.module: type=1400 audit(0.0:488): avc: denied { read } for comm=4173796E635461736B202331 name="primary" dev="tmpfs" ino=20393 scontext=u:r:mediaprovider_app:s0:c122,c256,c512,c768 tcontext=u:object_r:mnt_pass_through_file:s0 tclass=lnk_file permissive=0 app=com.android.providers.media.module
05-29 03:34:11.870  1445  1683 I MediaProvider: Deleted 1 items on external_primary due to com.android.shell
05-29 03:34:11.895  6157  6159 I cmd     : oneway function results will be dropped but finished with status OK and parcel size 4
05-29 03:34:12.021   158   158 I hwservicemanager: getTransport: Cannot find entry android.hardware.graphics.mapper@4.0::IMapper/default in either framework or device manifest.
05-29 03:34:12.021  6179  6179 I Gralloc4: mapper 4.x is not supported
05-29 03:34:12.066  1445  1952 I MediaProvider: Begin Intent { act=android.intent.action.MEDIA_SCANNER_SCAN_FILE dat=file:///sdcard/screen_2026-05-29_033412.png flg=0x1400010 cmp=com.android.providers.media.module/com.android.providers.media.MediaService }
05-29 03:34:12.067  1445  1952 W ModernMediaScanner: Failed to visit /sdcard/screen_2026-05-29_033412.png: java.nio.file.AccessDeniedException: /sdcard/screen_2026-05-29_033412.png
05-29 03:34:12.068  1445  1952 I MediaProvider: Scanned internal due to REASON_DEMAND, found 0 items in 1ms, 0 inserts 0 updates 0 deletes
05-29 03:34:12.069  1445  1952 I MediaProvider: End Intent { act=android.intent.action.MEDIA_SCANNER_SCAN_FILE dat=file:///sdcard/screen_2026-05-29_033412.png flg=0x1400010 cmp=com.android.providers.media.module/com.android.providers.media.MediaService }
05-29 03:34:12.089  1445  1682 I MediaProvider: Deleted 1 items on external_primary due to com.android.shell
05-29 03:34:12.114  6196  6198 I cmd     : oneway function results will be dropped but finished with status OK and parcel size 4
05-29 03:34:12.235   158   158 I hwservicemanager: getTransport: Cannot find entry android.hardware.graphics.mapper@4.0::IMapper/default in either framework or device manifest.
05-29 03:34:12.235  6218  6218 I Gralloc4: mapper 4.x is not supported
05-29 03:34:12.271  6222  6224 I cmd     : oneway function results will be dropped but finished with status OK and parcel size 4
05-29 03:34:12.272  1445  1952 I MediaProvider: Begin Intent { act=android.intent.action.MEDIA_SCANNER_SCAN_FILE dat=file:///sdcard/screen_2026-05-29_033412.png flg=0x1400010 cmp=com.android.providers.media.module/com.android.providers.media.MediaService }
05-29 03:34:12.274  1445  1952 W ModernMediaScanner: Failed to visit /sdcard/screen_2026-05-29_033412.png: java.nio.file.AccessDeniedException: /sdcard/screen_2026-05-29_033412.png
05-29 03:34:12.274  1445  1952 I MediaProvider: Scanned internal due to REASON_DEMAND, found 0 items in 0ms, 0 inserts 0 updates 0 deletes
05-29 03:34:12.275  1445  1952 I MediaProvider: End Intent { act=android.intent.action.MEDIA_SCANNER_SCAN_FILE dat=file:///sdcard/screen_2026-05-29_033412.png flg=0x1400010 cmp=com.android.providers.media.module/com.android.providers.media.MediaService }
05-29 03:34:12.294  1445  2916 I MediaProvider: Deleted 1 items on external_primary due to com.android.shell
05-29 03:34:12.319  6233  6235 I cmd     : oneway function results will be dropped but finished with status OK and parcel size 4
05-29 03:34:12.369  6248  6250 I cmd     : oneway function results will be dropped but finished with status OK and parcel size 4
05-29 03:34:12.416  6263  6265 I cmd     : oneway function results will be dropped but finished with status OK and parcel size 4
05-29 03:34:12.466  6278  6280 I cmd     : oneway function results will be dropped but finished with status OK and parcel size 4
05-29 03:34:12.540  6290  6290 E libc    : Access denied finding property "persist.device_config.runtime_native_boot.profilebootclasspath"
05-29 03:34:12.540  6290  6290 E libc    : Access denied finding property "persist.device_config.runtime_native_boot.enable_apex_image"
05-29 03:34:12.540  6290  6290 I AndroidRuntime: Using default boot image
05-29 03:34:12.540  6290  6290 E libc    : Access denied finding property "persist.device_config.runtime_native_boot.disable_lock_profiling"
05-29 03:34:12.540  6290  6290 I AndroidRuntime: Leaving lock profiling enabled
05-29 03:34:12.540  6290  6290 E libc    : Access denied finding property "persist.device_config.runtime_native_boot.enable_generational_cc"
05-29 03:34:12.541  6290  6290 I app_process: Core platform API reporting enabled, enforcing=false
05-29 03:34:12.577  6290  6290 W app_process: Unexpected CPU variant for X86 using defaults: x86_64
05-29 03:34:12.577  6290  6290 I app_process: The ClassLoaderContext is a special shared library.
05-29 03:34:12.583  6290  6290 W app_process: JNI RegisterNativeMethods: attempt to register 0 native methods for android.media.AudioAttributes
05-29 03:34:12.603  2183  2183 E AccessibilityInteractionClient: 2 Disconnected nodes.
05-29 03:34:12.746  1425  1894 I Dialer  : OmtpVvmCarrierCfgHlpr - OmtpEvent:CONFIG_STATUS_SMS_TIME_OUT
05-29 03:34:12.746  1425  1425 I Dialer  : RetryPolicy - discarding deferred status: configuration_state=4
05-29 03:34:12.747  1425  1425 I Dialer  : VvmTaskExecutor - no more tasks, stopping service if no task are added in 5000 millis
05-29 03:34:12.747  1425  1425 I Dialer  : VvmTaskReceiver - task received
05-29 03:34:12.747  1425  1425 I Dialer  : VvmTaskReceiver - TaskExecutor already running
05-29 03:34:12.748  1425  1425 I Dialer  : Task.createTask - create task:com.android.voicemail.impl.ActivationTask
05-29 03:34:12.748  1425  1425 I Dialer  : RetryPolicy - retry #1 for com.android.voicemail.impl.ActivationTask@538c533 queued, executing in 5000
05-29 03:34:12.748  1425  1425 I Dialer  : VvmTaskExecutor - com.android.voicemail.impl.ActivationTask@538c533 added
05-29 03:34:12.748  1425  1425 I Dialer  : VvmTaskExecutor - minimal wait time:5000
05-29 03:34:12.748  1425  1425 I Dialer  : VvmTaskExecutor - sleep for 5000 millis
05-29 03:34:12.790   406   406 I perfetto: probes_producer.cc:329  Producer stop (id=6)
05-29 03:34:12.791   411   411 I perfetto: ng_service_impl.cc:1948 Tracing session 6 ended, total sessions:0
05-29 03:34:12.792   406   406 I perfetto: ftrace_procfs.cc:183    disabled ftrace
05-29 03:34:13.004     0     0 W perfetto: disabled ftrace
05-29 03:34:14.301   158   158 I hwservicemanager: getTransport: Cannot find entry android.hardware.graphics.mapper@4.0::IMapper/default in either framework or device manifest.
05-29 03:34:14.301  6324  6324 I Gralloc4: mapper 4.x is not supported
05-29 03:34:14.346  6328  6330 I cmd     : oneway function results will be dropped but finished with status OK and parcel size 4
05-29 03:34:14.346  1445  1952 I MediaProvider: Begin Intent { act=android.intent.action.MEDIA_SCANNER_SCAN_FILE dat=file:///sdcard/screen_2026-05-29_033414.png flg=0x1400010 cmp=com.android.providers.media.module/com.android.providers.media.MediaService }
05-29 03:34:14.344  1445  1445 W com.android.providers.media.module: type=1400 audit(0.0:510): avc: denied { read } for comm=4173796E635461736B202331 name="primary" dev="tmpfs" ino=20393 scontext=u:r:mediaprovider_app:s0:c122,c256,c512,c768 tcontext=u:object_r:mnt_pass_through_file:s0 tclass=lnk_file permissive=0 app=com.android.providers.media.module
05-29 03:34:14.560     0     0 W audit   : audit_lost=361 audit_rate_limit=5 audit_backlog_limit=64
05-29 03:34:14.570     0     0 E audit   : rate limit exceeded
05-29 03:34:14.344  1445  1445 W com.android.providers.media.module: type=1400 audit(0.0:511): avc: denied { read } for comm=4173796E635461736B202331 name="primary" dev="tmpfs" ino=20393 scontext=u:r:mediaprovider_app:s0:c122,c256,c512,c768 tcontext=u:object_r:mnt_pass_through_file:s0 tclass=lnk_file permissive=0 app=com.android.providers.media.module
05-29 03:34:14.365  1445  1952 W ModernMediaScanner: Failed to visit /sdcard/screen_2026-05-29_033414.png: java.nio.file.AccessDeniedException: /sdcard/screen_2026-05-29_033414.png
05-29 03:34:14.365  1445  1952 I MediaProvider: Scanned internal due to REASON_DEMAND, found 0 items in 19ms, 0 inserts 0 updates 0 deletes
05-29 03:34:14.366  1445  1952 I MediaProvider: End Intent { act=android.intent.action.MEDIA_SCANNER_SCAN_FILE dat=file:///sdcard/screen_2026-05-29_033414.png flg=0x1400010 cmp=com.android.providers.media.module/com.android.providers.media.MediaService }
05-29 03:34:14.344  1445  1445 W com.android.providers.media.module: type=1400 audit(0.0:512): avc: denied { read } for comm=4173796E635461736B202331 name="primary" dev="tmpfs" ino=20393 scontext=u:r:mediaprovider_app:s0:c122,c256,c512,c768 tcontext=u:object_r:mnt_pass_through_file:s0 tclass=lnk_file permissive=0 app=com.android.providers.media.module
05-29 03:34:14.394  1445  1683 I MediaProvider: Deleted 1 items on external_primary due to com.android.shell
05-29 03:34:14.420  6339  6341 I cmd     : oneway function results will be dropped but finished with status OK and parcel size 4
05-29 03:34:14.540   158   158 I hwservicemanager: getTransport: Cannot find entry android.hardware.graphics.mapper@4.0::IMapper/default in either framework or device manifest.
05-29 03:34:14.540  6361  6361 I Gralloc4: mapper 4.x is not supported
05-29 03:34:14.582  6365  6367 I cmd     : oneway function results will be dropped but finished with status OK and parcel size 4
05-29 03:34:14.583  1445  1952 I MediaProvider: Begin Intent { act=android.intent.action.MEDIA_SCANNER_SCAN_FILE dat=file:///sdcard/screen_2026-05-29_033415.png flg=0x1400010 cmp=com.android.providers.media.module/com.android.providers.media.MediaService }
05-29 03:34:14.584  1445  1952 W ModernMediaScanner: Failed to visit /sdcard/screen_2026-05-29_033415.png: java.nio.file.AccessDeniedException: /sdcard/screen_2026-05-29_033415.png
05-29 03:34:14.585  1445  1952 I MediaProvider: Scanned internal due to REASON_DEMAND, found 0 items in 1ms, 0 inserts 0 updates 0 deletes
05-29 03:34:14.585  1445  1952 I MediaProvider: End Intent { act=android.intent.action.MEDIA_SCANNER_SCAN_FILE dat=file:///sdcard/screen_2026-05-29_033415.png flg=0x1400010 cmp=com.android.providers.media.module/com.android.providers.media.MediaService }
05-29 03:34:14.604  1445  1683 I MediaProvider: Deleted 1 items on external_primary due to com.android.shell
05-29 03:34:14.630  6376  6378 I cmd     : oneway function results will be dropped but finished with status OK and parcel size 4
05-29 03:34:14.748   158   158 I hwservicemanager: getTransport: Cannot find entry android.hardware.graphics.mapper@4.0::IMapper/default in either framework or device manifest.
05-29 03:34:14.748  6398  6398 I Gralloc4: mapper 4.x is not supported
05-29 03:34:14.794  6402  6404 I cmd     : oneway function results will be dropped but finished with status OK and parcel size 4
05-29 03:34:14.795  1445  1952 I MediaProvider: Begin Intent { act=android.intent.action.MEDIA_SCANNER_SCAN_FILE dat=file:///sdcard/screen_2026-05-29_033415.png flg=0x1400010 cmp=com.android.providers.media.module/com.android.providers.media.MediaService }
05-29 03:34:14.796  1445  1952 W ModernMediaScanner: Failed to visit /sdcard/screen_2026-05-29_033415.png: java.nio.file.AccessDeniedException: /sdcard/screen_2026-05-29_033415.png
05-29 03:34:14.797  1445  1952 I MediaProvider: Scanned internal due to REASON_DEMAND, found 0 items in 1ms, 0 inserts 0 updates 0 deletes
05-29 03:34:14.798  1445  1952 I MediaProvider: End Intent { act=android.intent.action.MEDIA_SCANNER_SCAN_FILE dat=file:///sdcard/screen_2026-05-29_033415.png flg=0x1400010 cmp=com.android.providers.media.module/com.android.providers.media.MediaService }
05-29 03:34:14.817  1445  2916 I MediaProvider: Deleted 1 items on external_primary due to com.android.shell
05-29 03:34:14.844  6413  6415 I cmd     : oneway function results will be dropped but finished with status OK and parcel size 4
05-29 03:34:14.893  6428  6430 I cmd     : oneway function results will be dropped but finished with status OK and parcel size 4
05-29 03:34:14.942  6443  6445 I cmd     : oneway function results will be dropped but finished with status OK and parcel size 4
05-29 03:34:14.990  6458  6460 I cmd     : oneway function results will be dropped but finished with status OK and parcel size 4
05-29 03:34:15.065  6470  6470 E libc    : Access denied finding property "persist.device_config.runtime_native_boot.profilebootclasspath"
05-29 03:34:15.066  6470  6470 E libc    : Access denied finding property "persist.device_config.runtime_native_boot.enable_apex_image"
05-29 03:34:15.066  6470  6470 I AndroidRuntime: Using default boot image
05-29 03:34:15.066  6470  6470 E libc    : Access denied finding property "persist.device_config.runtime_native_boot.disable_lock_profiling"
05-29 03:34:15.066  6470  6470 I AndroidRuntime: Leaving lock profiling enabled
05-29 03:34:15.066  6470  6470 E libc    : Access denied finding property "persist.device_config.runtime_native_boot.enable_generational_cc"
05-29 03:34:15.067  6470  6470 I app_process: Core platform API reporting enabled, enforcing=false
05-29 03:34:15.102  6470  6470 W app_process: Unexpected CPU variant for X86 using defaults: x86_64
05-29 03:34:15.103  6470  6470 I app_process: The ClassLoaderContext is a special shared library.
05-29 03:34:15.109  6470  6470 W app_process: JNI RegisterNativeMethods: attempt to register 0 native methods for android.media.AudioAttributes
05-29 03:34:15.234  2183  2183 E AccessibilityInteractionClient: 2 Disconnected nodes.
05-29 03:34:16.818   158   158 I hwservicemanager: getTransport: Cannot find entry android.hardware.graphics.mapper@4.0::IMapper/default in either framework or device manifest.
05-29 03:34:16.819  6503  6503 I Gralloc4: mapper 4.x is not supported
05-29 03:34:16.856  6507  6509 I cmd     : oneway function results will be dropped but finished with status OK and parcel size 4
05-29 03:34:16.857  1445  1952 I MediaProvider: Begin Intent { act=android.intent.action.MEDIA_SCANNER_SCAN_FILE dat=file:///sdcard/screen_2026-05-29_033417.png flg=0x1400010 cmp=com.android.providers.media.module/com.android.providers.media.MediaService }
05-29 03:34:16.856  1445  1445 W com.android.providers.media.module: type=1400 audit(0.0:532): avc: denied { read } for comm=4173796E635461736B202331 name="primary" dev="tmpfs" ino=20393 scontext=u:r:mediaprovider_app:s0:c122,c256,c512,c768 tcontext=u:object_r:mnt_pass_through_file:s0 tclass=lnk_file permissive=0 app=com.android.providers.media.module
05-29 03:34:17.085     0     0 W audit   : audit_lost=378 audit_rate_limit=5 audit_backlog_limit=64
05-29 03:34:17.093     0     0 E audit   : rate limit exceeded
05-29 03:34:16.864  1445  1445 I chatty  : uid=10122(com.android.providers.media.module) identical 1 line
05-29 03:34:16.864  1445  1445 W com.android.providers.media.module: type=1400 audit(0.0:534): avc: denied { read } for comm=4173796E635461736B202331 name="primary" dev="tmpfs" ino=20393 scontext=u:r:mediaprovider_app:s0:c122,c256,c512,c768 tcontext=u:object_r:mnt_pass_through_file:s0 tclass=lnk_file permissive=0 app=com.android.providers.media.module
05-29 03:34:16.889  1445  1952 W ModernMediaScanner: Failed to visit /sdcard/screen_2026-05-29_033417.png: java.nio.file.AccessDeniedException: /sdcard/screen_2026-05-29_033417.png
05-29 03:34:16.890  1445  1952 I MediaProvider: Scanned internal due to REASON_DEMAND, found 0 items in 19ms, 0 inserts 0 updates 0 deletes
05-29 03:34:16.890  1445  1952 I MediaProvider: End Intent { act=android.intent.action.MEDIA_SCANNER_SCAN_FILE dat=file:///sdcard/screen_2026-05-29_033417.png flg=0x1400010 cmp=com.android.providers.media.module/com.android.providers.media.MediaService }
05-29 03:34:16.864  1445  1445 W com.android.providers.media.module: type=1400 audit(0.0:535): avc: denied { read } for comm=4173796E635461736B202331 name="primary" dev="tmpfs" ino=20393 scontext=u:r:mediaprovider_app:s0:c122,c256,c512,c768 tcontext=u:object_r:mnt_pass_through_file:s0 tclass=lnk_file permissive=0 app=com.android.providers.media.module
05-29 03:34:16.916  1445  2916 I MediaProvider: Deleted 1 items on external_primary due to com.android.shell
05-29 03:34:16.941  6518  6520 I cmd     : oneway function results will be dropped but finished with status OK and parcel size 4
05-29 03:34:17.061   158   158 I hwservicemanager: getTransport: Cannot find entry android.hardware.graphics.mapper@4.0::IMapper/default in either framework or device manifest.
05-29 03:34:17.061  6540  6540 I Gralloc4: mapper 4.x is not supported
05-29 03:34:17.096  6544  6546 I cmd     : oneway function results will be dropped but finished with status OK and parcel size 4
05-29 03:34:17.097  1445  1952 I MediaProvider: Begin Intent { act=android.intent.action.MEDIA_SCANNER_SCAN_FILE dat=file:///sdcard/screen_2026-05-29_033417.png flg=0x1400010 cmp=com.android.providers.media.module/com.android.providers.media.MediaService }
05-29 03:34:17.098  1445  1952 W ModernMediaScanner: Failed to visit /sdcard/screen_2026-05-29_033417.png: java.nio.file.AccessDeniedException: /sdcard/screen_2026-05-29_033417.png
05-29 03:34:17.099  1445  1952 I MediaProvider: Scanned internal due to REASON_DEMAND, found 0 items in 1ms, 0 inserts 0 updates 0 deletes
05-29 03:34:17.099  1445  1952 I MediaProvider: End Intent { act=android.intent.action.MEDIA_SCANNER_SCAN_FILE dat=file:///sdcard/screen_2026-05-29_033417.png flg=0x1400010 cmp=com.android.providers.media.module/com.android.providers.media.MediaService }
05-29 03:34:17.122  1445  1683 I MediaProvider: Deleted 1 items on external_primary due to com.android.shell
05-29 03:34:17.146  6555  6557 I cmd     : oneway function results will be dropped but finished with status OK and parcel size 4
05-29 03:34:17.287   158   158 I hwservicemanager: getTransport: Cannot find entry android.hardware.graphics.mapper@4.0::IMapper/default in either framework or device manifest.
05-29 03:34:17.287  6579  6579 I Gralloc4: mapper 4.x is not supported
05-29 03:34:17.323  1445  1952 I MediaProvider: Begin Intent { act=android.intent.action.MEDIA_SCANNER_SCAN_FILE dat=file:///sdcard/screen_2026-05-29_033417.png flg=0x1400010 cmp=com.android.providers.media.module/com.android.providers.media.MediaService }
05-29 03:34:17.324  1445  1952 W ModernMediaScanner: Failed to visit /sdcard/screen_2026-05-29_033417.png: java.nio.file.AccessDeniedException: /sdcard/screen_2026-05-29_033417.png
05-29 03:34:17.324  6583  6585 I cmd     : oneway function results will be dropped but finished with status OK and parcel size 4
05-29 03:34:17.326  1445  1952 I MediaProvider: Scanned internal due to REASON_DEMAND, found 0 items in 2ms, 0 inserts 0 updates 0 deletes
05-29 03:34:17.327  1445  1952 I MediaProvider: End Intent { act=android.intent.action.MEDIA_SCANNER_SCAN_FILE dat=file:///sdcard/screen_2026-05-29_033417.png flg=0x1400010 cmp=com.android.providers.media.module/com.android.providers.media.MediaService }
05-29 03:34:17.347  1445  1682 I MediaProvider: Deleted 1 items on external_primary due to com.android.shell
05-29 03:34:17.373  6594  6596 I cmd     : oneway function results will be dropped but finished with status OK and parcel size 4
05-29 03:34:17.422  6609  6611 I cmd     : oneway function results will be dropped but finished with status OK and parcel size 4
05-29 03:34:17.523  6639  6641 I cmd     : oneway function results will be dropped but finished with status OK and parcel size 4
05-29 03:34:17.599  6651  6651 E libc    : Access denied finding property "persist.device_config.runtime_native_boot.profilebootclasspath"
05-29 03:34:17.599  6651  6651 E libc    : Access denied finding property "persist.device_config.runtime_native_boot.enable_apex_image"
05-29 03:34:17.599  6651  6651 I AndroidRuntime: Using default boot image
05-29 03:34:17.599  6651  6651 E libc    : Access denied finding property "persist.device_config.runtime_native_boot.disable_lock_profiling"
05-29 03:34:17.599  6651  6651 I AndroidRuntime: Leaving lock profiling enabled
05-29 03:34:17.600  6651  6651 E libc    : Access denied finding property "persist.device_config.runtime_native_boot.enable_generational_cc"
05-29 03:34:17.601  6651  6651 I app_process: Core platform API reporting enabled, enforcing=false
05-29 03:34:17.637  6651  6651 W app_process: Unexpected CPU variant for X86 using defaults: x86_64
05-29 03:34:17.638  6651  6651 I app_process: The ClassLoaderContext is a special shared library.
05-29 03:34:17.643  6651  6651 W app_process: JNI RegisterNativeMethods: attempt to register 0 native methods for android.media.AudioAttributes
05-29 03:34:17.667  2183  2183 E AccessibilityInteractionClient: 2 Disconnected nodes.
05-29 03:34:17.783  1425  1894 I Dialer  : VvmTaskExecutor - executing task com.android.voicemail.impl.ActivationTask@538c533
05-29 03:34:17.783  1425  1894 I Dialer  : PreOMigrationHandler - ComponentInfo{com.android.phone/com.android.services.telephony.TelephonyConnectionService}, ***, UserHandle{0} already migrated
05-29 03:34:17.795   507   547 I ActivityManager: Start proc 6665:android.process.acore/u0a63 for content provider {com.android.providers.contacts/com.android.providers.contacts.VoicemailContentProvider}
05-29 03:34:17.798  6665  6665 W d.process.acor: Unexpected CPU variant for X86 using defaults: x86_64
05-29 03:34:17.800   390   404 I adbd    : jdwp connection from 6665
05-29 03:34:17.807  6665  6665 I d.process.acor: The ClassLoaderContext is a special shared library.
05-29 03:34:17.811  6665  6665 I d.process.acor: The ClassLoaderContext is a special shared library.
05-29 03:34:17.814  6665  6665 I d.process.acor: The ClassLoaderContext is a special shared library.
05-29 03:34:17.816  6665  6665 I ContactsPerf: VoicemailContentProvider.onCreate start
05-29 03:34:17.817  6665  6665 I ContactsPerf: VoicemailContentProvider.onCreate finish
05-29 03:34:17.822  6665  6665 I ContactsDatabaseHelper: updateUseStrictPhoneNumberComparison: US
05-29 03:34:17.830  6665  6683 I VoicemailNotifier: receivers for android.intent.action.PROVIDER_CHANGED :[]
05-29 03:34:17.831  1425  1894 I Dialer  : VvmActivationTask - VVM content provider configured - vvm_type_cvvm
05-29 03:34:17.831  1425  1894 I Dialer  : OmtpVvmCarrierCfgHlpr - OmtpEvent:CONFIG_ACTIVATING
05-29 03:34:17.834  6665  6683 I VoicemailNotifier: receivers for android.intent.action.PROVIDER_CHANGED :[]
05-29 03:34:17.861  6665  6690 I ContactLocale: AddressBook Labels [[en_US]]: […, A, B, C, D, E, F, G, H, I, J, K, L, M, N, O, P, Q, R, S, T, U, V, W, X, Y, Z, Α, Β, Γ, Δ, Ε, Ζ, Η, Θ, Ι, Κ, Λ, Μ, Ν, Ξ, Ο, Π, Ρ, Σ, Τ, Υ, Φ, Χ, Ψ, Ω, …, А, Б, В, Г, Д, Ђ, Е, Є, Ж, З, И, І, Й, Ј, К, Л, Љ, М, Н, Њ, О, П, Р, С, Т, Ћ, У, Ф, Х, Ц, Ч, Џ, Ш, Щ, Ю, Я, …, א, ב, ג, ד, ה, ו, ז, ח, ט, י, כ, ל, מ, נ, ס, ע, פ, צ, ק, ר, ש, ת, …, ا, ب, ت, ث, ج, ح, خ, د, ذ, ر, ز, س, ش, ص, ض, ط, ظ, ع, غ, ف, ق, ك, ل, م, ن, ه, و, ي, …, ก, ข, ฃ, ค, ฅ, ฆ, ง, จ, ฉ, ช, ซ, ฌ, ญ, ฎ, ฏ, ฐ, ฑ, ฒ, ณ, ด, ต, ถ, ท, ธ, น, บ, ป, ผ, ฝ, พ, ฟ, ภ, ม, ย, ร, ฤ, ล, ฦ, ว, ศ, ษ, ส, ห, ฬ, อ, ฮ, …, ㄱ, ㄴ, ㄷ, ㄹ, ㅁ, ㅂ, ㅅ, ㅇ, ㅈ, ㅊ, ㅋ, ㅌ, ㅍ, ㅎ, …, あ, か, さ, た, な, は, ま, や, ら, わ, #, …]
05-29 03:34:17.904  6665  6689 I ContactDirectoryManager: deleted 0 stale rows which don't have any relevant directory
05-29 03:34:17.904  6665  6689 I ContactDirectoryManager: Discovered 0 contact directories in 1ms
05-29 03:34:19.354   158   158 I hwservicemanager: getTransport: Cannot find entry android.hardware.graphics.mapper@4.0::IMapper/default in either framework or device manifest.
05-29 03:34:19.354  6712  6712 I Gralloc4: mapper 4.x is not supported
05-29 03:34:19.398  6716  6718 I cmd     : oneway function results will be dropped but finished with status OK and parcel size 4
05-29 03:34:19.399  1445  1952 I MediaProvider: Begin Intent { act=android.intent.action.MEDIA_SCANNER_SCAN_FILE dat=file:///sdcard/screen_2026-05-29_033420.png flg=0x1400010 cmp=com.android.providers.media.module/com.android.providers.media.MediaService }
05-29 03:34:19.396  1445  1445 W com.android.providers.media.module: type=1400 audit(0.0:554): avc: denied { read } for comm=4173796E635461736B202331 name="primary" dev="tmpfs" ino=20393 scontext=u:r:mediaprovider_app:s0:c122,c256,c512,c768 tcontext=u:object_r:mnt_pass_through_file:s0 tclass=lnk_file permissive=0 app=com.android.providers.media.module
05-29 03:34:19.613     0     0 W audit   : audit_lost=395 audit_rate_limit=5 audit_backlog_limit=64
05-29 03:34:19.622     0     0 E audit   : rate limit exceeded
05-29 03:34:19.410  1445  1952 W ModernMediaScanner: Failed to visit /sdcard/screen_2026-05-29_033420.png: java.nio.file.AccessDeniedException: /sdcard/screen_2026-05-29_033420.png
05-29 03:34:19.410  1445  1952 I MediaProvider: Scanned internal due to REASON_DEMAND, found 0 items in 11ms, 0 inserts 0 updates 0 deletes
05-29 03:34:19.415  1445  1952 I MediaProvider: End Intent { act=android.intent.action.MEDIA_SCANNER_SCAN_FILE dat=file:///sdcard/screen_2026-05-29_033420.png flg=0x1400010 cmp=com.android.providers.media.module/com.android.providers.media.MediaService }
05-29 03:34:19.396  1445  1445 W com.android.providers.media.module: type=1400 audit(0.0:555): avc: denied { read } for comm=4173796E635461736B202331 name="primary" dev="tmpfs" ino=20393 scontext=u:r:mediaprovider_app:s0:c122,c256,c512,c768 tcontext=u:object_r:mnt_pass_through_file:s0 tclass=lnk_file permissive=0 app=com.android.providers.media.module
05-29 03:34:19.443  1445  2916 I MediaProvider: Deleted 1 items on external_primary due to com.android.shell
05-29 03:34:19.470  6727  6729 I cmd     : oneway function results will be dropped but finished with status OK and parcel size 4
05-29 03:34:19.586   158   158 I hwservicemanager: getTransport: Cannot find entry android.hardware.graphics.mapper@4.0::IMapper/default in either framework or device manifest.
05-29 03:34:19.586  6749  6749 I Gralloc4: mapper 4.x is not supported
05-29 03:34:19.630  6753  6755 I cmd     : oneway function results will be dropped but finished with status OK and parcel size 4
05-29 03:34:19.630  1445  1952 I MediaProvider: Begin Intent { act=android.intent.action.MEDIA_SCANNER_SCAN_FILE dat=file:///sdcard/screen_2026-05-29_033420.png flg=0x1400010 cmp=com.android.providers.media.module/com.android.providers.media.MediaService }
05-29 03:34:19.632  1445  1952 W ModernMediaScanner: Failed to visit /sdcard/screen_2026-05-29_033420.png: java.nio.file.AccessDeniedException: /sdcard/screen_2026-05-29_033420.png
05-29 03:34:19.632  1445  1952 I MediaProvider: Scanned internal due to REASON_DEMAND, found 0 items in 2ms, 0 inserts 0 updates 0 deletes
05-29 03:34:19.635  1445  1952 I MediaProvider: End Intent { act=android.intent.action.MEDIA_SCANNER_SCAN_FILE dat=file:///sdcard/screen_2026-05-29_033420.png flg=0x1400010 cmp=com.android.providers.media.module/com.android.providers.media.MediaService }
05-29 03:34:19.693  1445  1683 I MediaProvider: Deleted 1 items on external_primary due to com.android.shell
05-29 03:34:19.721  6764  6766 I cmd     : oneway function results will be dropped but finished with status OK and parcel size 4
05-29 03:34:19.844   158   158 I hwservicemanager: getTransport: Cannot find entry android.hardware.graphics.mapper@4.0::IMapper/default in either framework or device manifest.
05-29 03:34:19.844  6787  6787 I Gralloc4: mapper 4.x is not supported
05-29 03:34:19.889  1445  1952 I MediaProvider: Begin Intent { act=android.intent.action.MEDIA_SCANNER_SCAN_FILE dat=file:///sdcard/screen_2026-05-29_033420.png flg=0x1400010 cmp=com.android.providers.media.module/com.android.providers.media.MediaService }
05-29 03:34:19.890  1445  1952 W ModernMediaScanner: Failed to visit /sdcard/screen_2026-05-29_033420.png: java.nio.file.AccessDeniedException: /sdcard/screen_2026-05-29_033420.png
05-29 03:34:19.893  1445  1952 I MediaProvider: Scanned internal due to REASON_DEMAND, found 0 items in 3ms, 0 inserts 0 updates 0 deletes
05-29 03:34:19.893  1445  1952 I MediaProvider: End Intent { act=android.intent.action.MEDIA_SCANNER_SCAN_FILE dat=file:///sdcard/screen_2026-05-29_033420.png flg=0x1400010 cmp=com.android.providers.media.module/com.android.providers.media.MediaService }
05-29 03:34:19.951  1445  1682 I MediaProvider: Deleted 1 items on external_primary due to com.android.shell
05-29 03:34:19.977  6802  6804 I cmd     : oneway function results will be dropped but finished with status OK and parcel size 4
05-29 03:34:20.026  6817  6819 I cmd     : oneway function results will be dropped but finished with status OK and parcel size 4
05-29 03:34:20.076  6832  6834 I cmd     : oneway function results will be dropped but finished with status OK and parcel size 4
05-29 03:34:20.125  6847  6849 I cmd     : oneway function results will be dropped but finished with status OK and parcel size 4
05-29 03:34:20.198  6859  6859 E libc    : Access denied finding property "persist.device_config.runtime_native_boot.profilebootclasspath"
05-29 03:34:20.198  6859  6859 E libc    : Access denied finding property "persist.device_config.runtime_native_boot.enable_apex_image"
05-29 03:34:20.198  6859  6859 I AndroidRuntime: Using default boot image
05-29 03:34:20.198  6859  6859 E libc    : Access denied finding property "persist.device_config.runtime_native_boot.disable_lock_profiling"
05-29 03:34:20.198  6859  6859 I AndroidRuntime: Leaving lock profiling enabled
05-29 03:34:20.198  6859  6859 E libc    : Access denied finding property "persist.device_config.runtime_native_boot.enable_generational_cc"
05-29 03:34:20.200  6859  6859 I app_process: Core platform API reporting enabled, enforcing=false
05-29 03:34:20.235  6859  6859 W app_process: Unexpected CPU variant for X86 using defaults: x86_64
05-29 03:34:20.236  6859  6859 I app_process: The ClassLoaderContext is a special shared library.
05-29 03:34:20.242  6859  6859 W app_process: JNI RegisterNativeMethods: attempt to register 0 native methods for android.media.AudioAttributes
05-29 03:34:21.948   158   158 I hwservicemanager: getTransport: Cannot find entry android.hardware.graphics.mapper@4.0::IMapper/default in either framework or device manifest.
05-29 03:34:21.948  6892  6892 I Gralloc4: mapper 4.x is not supported
05-29 03:34:21.983  6896  6898 I cmd     : oneway function results will be dropped but finished with status OK and parcel size 4
05-29 03:34:21.984  1445  1952 I MediaProvider: Begin Intent { act=android.intent.action.MEDIA_SCANNER_SCAN_FILE dat=file:///sdcard/screen_2026-05-29_033422.png flg=0x1400010 cmp=com.android.providers.media.module/com.android.providers.media.MediaService }
05-29 03:34:21.984  1445  1445 W com.android.providers.media.module: type=1400 audit(0.0:576): avc: denied { read } for comm=4173796E635461736B202331 name="primary" dev="tmpfs" ino=20393 scontext=u:r:mediaprovider_app:s0:c122,c256,c512,c768 tcontext=u:object_r:mnt_pass_through_file:s0 tclass=lnk_file permissive=0 app=com.android.providers.media.module
05-29 03:34:22.003  1445  1952 W ModernMediaScanner: Failed to visit /sdcard/screen_2026-05-29_033422.png: java.nio.file.AccessDeniedException: /sdcard/screen_2026-05-29_033422.png
05-29 03:34:22.003  1445  1952 I MediaProvider: Scanned internal due to REASON_DEMAND, found 0 items in 18ms, 0 inserts 0 updates 0 deletes
05-29 03:34:22.004  1445  1952 I MediaProvider: End Intent { act=android.intent.action.MEDIA_SCANNER_SCAN_FILE dat=file:///sdcard/screen_2026-05-29_033422.png flg=0x1400010 cmp=com.android.providers.media.module/com.android.providers.media.MediaService }
05-29 03:34:21.984  1445  1445 W com.android.providers.media.module: type=1400 audit(0.0:578): avc: denied { read } for comm=4173796E635461736B202331 name="primary" dev="tmpfs" ino=20393 scontext=u:r:mediaprovider_app:s0:c122,c256,c512,c768 tcontext=u:object_r:mnt_pass_through_file:s0 tclass=lnk_file permissive=0 app=com.android.providers.media.module
05-29 03:34:22.073  1445  2916 I MediaProvider: Deleted 1 items on external_primary due to com.android.shell
05-29 03:34:22.097  6907  6909 I cmd     : oneway function results will be dropped but finished with status OK and parcel size 4
05-29 03:34:22.214   158   158 I hwservicemanager: getTransport: Cannot find entry android.hardware.graphics.mapper@4.0::IMapper/default in either framework or device manifest.
05-29 03:34:22.214  6929  6929 I Gralloc4: mapper 4.x is not supported
05-29 03:34:22.250  1445  1952 I MediaProvider: Begin Intent { act=android.intent.action.MEDIA_SCANNER_SCAN_FILE dat=file:///sdcard/screen_2026-05-29_033422.png flg=0x1400010 cmp=com.android.providers.media.module/com.android.providers.media.MediaService }
05-29 03:34:22.251  1445  1952 W ModernMediaScanner: Failed to visit /sdcard/screen_2026-05-29_033422.png: java.nio.file.AccessDeniedException: /sdcard/screen_2026-05-29_033422.png
05-29 03:34:22.252  1445  1952 I MediaProvider: Scanned internal due to REASON_DEMAND, found 0 items in 1ms, 0 inserts 0 updates 0 deletes
05-29 03:34:22.253  1445  1952 I MediaProvider: End Intent { act=android.intent.action.MEDIA_SCANNER_SCAN_FILE dat=file:///sdcard/screen_2026-05-29_033422.png flg=0x1400010 cmp=com.android.providers.media.module/com.android.providers.media.MediaService }
05-29 03:34:22.272  1445  1683 I MediaProvider: Deleted 1 items on external_primary due to com.android.shell
05-29 03:34:22.444   158   158 I hwservicemanager: getTransport: Cannot find entry android.hardware.graphics.mapper@4.0::IMapper/default in either framework or device manifest.
05-29 03:34:22.444  6968  6968 I Gralloc4: mapper 4.x is not supported
05-29 03:34:22.482  6972  6974 I cmd     : oneway function results will be dropped but finished with status OK and parcel size 4
05-29 03:34:22.482  1445  1952 I MediaProvider: Begin Intent { act=android.intent.action.MEDIA_SCANNER_SCAN_FILE dat=file:///sdcard/screen_2026-05-29_033423.png flg=0x1400010 cmp=com.android.providers.media.module/com.android.providers.media.MediaService }
05-29 03:34:22.484  1445  1952 W ModernMediaScanner: Failed to visit /sdcard/screen_2026-05-29_033423.png: java.nio.file.AccessDeniedException: /sdcard/screen_2026-05-29_033423.png
05-29 03:34:22.485  1445  1952 I MediaProvider: Scanned internal due to REASON_DEMAND, found 0 items in 1ms, 0 inserts 0 updates 0 deletes
05-29 03:34:22.485  1445  1952 I MediaProvider: End Intent { act=android.intent.action.MEDIA_SCANNER_SCAN_FILE dat=file:///sdcard/screen_2026-05-29_033423.png flg=0x1400010 cmp=com.android.providers.media.module/com.android.providers.media.MediaService }
05-29 03:34:22.505  1445  1682 I MediaProvider: Deleted 1 items on external_primary due to com.android.shell
05-29 03:34:22.531  6983  6985 I cmd     : oneway function results will be dropped but finished with status OK and parcel size 4
05-29 03:34:22.580  6998  7000 I cmd     : oneway function results will be dropped but finished with status OK and parcel size 4
05-29 03:34:22.627  7013  7015 I cmd     : oneway function results will be dropped but finished with status OK and parcel size 4
05-29 03:34:22.676  7028  7030 I cmd     : oneway function results will be dropped but finished with status OK and parcel size 4
05-29 03:34:22.752  7040  7040 E libc    : Access denied finding property "persist.device_config.runtime_native_boot.profilebootclasspath"
05-29 03:34:22.752  7040  7040 E libc    : Access denied finding property "persist.device_config.runtime_native_boot.enable_apex_image"
05-29 03:34:22.752  7040  7040 I AndroidRuntime: Using default boot image
05-29 03:34:22.752  7040  7040 E libc    : Access denied finding property "persist.device_config.runtime_native_boot.disable_lock_profiling"
05-29 03:34:22.752  7040  7040 I AndroidRuntime: Leaving lock profiling enabled
05-29 03:34:22.752  7040  7040 E libc    : Access denied finding property "persist.device_config.runtime_native_boot.enable_generational_cc"
05-29 03:34:22.754  7040  7040 I app_process: Core platform API reporting enabled, enforcing=false
05-29 03:34:22.789  7040  7040 W app_process: Unexpected CPU variant for X86 using defaults: x86_64
05-29 03:34:22.790  7040  7040 I app_process: The ClassLoaderContext is a special shared library.
05-29 03:34:22.796  7040  7040 W app_process: JNI RegisterNativeMethods: attempt to register 0 native methods for android.media.AudioAttributes
05-29 03:34:22.910  2183  2183 E AccessibilityInteractionClient: 3 Disconnected nodes.
05-29 03:34:24.517   158   158 I hwservicemanager: getTransport: Cannot find entry android.hardware.graphics.mapper@4.0::IMapper/default in either framework or device manifest.
05-29 03:34:24.518  7075  7075 I Gralloc4: mapper 4.x is not supported
05-29 03:34:24.552  7079  7081 I cmd     : oneway function results will be dropped but finished with status OK and parcel size 4
05-29 03:34:24.553  1445  1952 I MediaProvider: Begin Intent { act=android.intent.action.MEDIA_SCANNER_SCAN_FILE dat=file:///sdcard/screen_2026-05-29_033425.png flg=0x1400010 cmp=com.android.providers.media.module/com.android.providers.media.MediaService }
05-29 03:34:24.552  1445  1445 W com.android.providers.media.module: type=1400 audit(0.0:598): avc: denied { read } for comm=4173796E635461736B202331 name="primary" dev="tmpfs" ino=20393 scontext=u:r:mediaprovider_app:s0:c122,c256,c512,c768 tcontext=u:object_r:mnt_pass_through_file:s0 tclass=lnk_file permissive=0 app=com.android.providers.media.module
05-29 03:34:24.768     0     0 W audit   : audit_lost=429 audit_rate_limit=5 audit_backlog_limit=64
05-29 03:34:24.778     0     0 E audit   : rate limit exceeded
05-29 03:34:24.552  1445  1445 W com.android.providers.media.module: type=1400 audit(0.0:599): avc: denied { read } for comm=4173796E635461736B202331 name="primary" dev="tmpfs" ino=20393 scontext=u:r:mediaprovider_app:s0:c122,c256,c512,c768 tcontext=u:object_r:mnt_pass_through_file:s0 tclass=lnk_file permissive=0 app=com.android.providers.media.module
05-29 03:34:24.574  1445  1952 W ModernMediaScanner: Failed to visit /sdcard/screen_2026-05-29_033425.png: java.nio.file.AccessDeniedException: /sdcard/screen_2026-05-29_033425.png
05-29 03:34:24.574  1445  1952 I MediaProvider: Scanned internal due to REASON_DEMAND, found 0 items in 21ms, 0 inserts 0 updates 0 deletes
05-29 03:34:24.575  1445  1952 I MediaProvider: End Intent { act=android.intent.action.MEDIA_SCANNER_SCAN_FILE dat=file:///sdcard/screen_2026-05-29_033425.png flg=0x1400010 cmp=com.android.providers.media.module/com.android.providers.media.MediaService }
05-29 03:34:24.552  1445  1445 W com.android.providers.media.module: type=1400 audit(0.0:600): avc: denied { read } for comm=4173796E635461736B202331 name="primary" dev="tmpfs" ino=20393 scontext=u:r:mediaprovider_app:s0:c122,c256,c512,c768 tcontext=u:object_r:mnt_pass_through_file:s0 tclass=lnk_file permissive=0 app=com.android.providers.media.module
05-29 03:34:24.653  1445  2916 I MediaProvider: Deleted 1 items on external_primary due to com.android.shell
05-29 03:34:24.797   158   158 I hwservicemanager: getTransport: Cannot find entry android.hardware.graphics.mapper@4.0::IMapper/default in either framework or device manifest.
05-29 03:34:24.797  7112  7112 I Gralloc4: mapper 4.x is not supported
05-29 03:34:24.832  7116  7118 I cmd     : oneway function results will be dropped but finished with status OK and parcel size 4
05-29 03:34:24.832  1445  1952 I MediaProvider: Begin Intent { act=android.intent.action.MEDIA_SCANNER_SCAN_FILE dat=file:///sdcard/screen_2026-05-29_033425.png flg=0x1400010 cmp=com.android.providers.media.module/com.android.providers.media.MediaService }
05-29 03:34:24.834  1445  1952 W ModernMediaScanner: Failed to visit /sdcard/screen_2026-05-29_033425.png: java.nio.file.AccessDeniedException: /sdcard/screen_2026-05-29_033425.png
05-29 03:34:24.834  1445  1952 I MediaProvider: Scanned internal due to REASON_DEMAND, found 0 items in 1ms, 0 inserts 0 updates 0 deletes
05-29 03:34:24.834  1445  1952 I MediaProvider: End Intent { act=android.intent.action.MEDIA_SCANNER_SCAN_FILE dat=file:///sdcard/screen_2026-05-29_033425.png flg=0x1400010 cmp=com.android.providers.media.module/com.android.providers.media.MediaService }
05-29 03:34:24.853  1445  1683 I MediaProvider: Deleted 1 items on external_primary due to com.android.shell
05-29 03:34:24.879  7127  7129 I cmd     : oneway function results will be dropped but finished with status OK and parcel size 4
05-29 03:34:24.996   158   158 I hwservicemanager: getTransport: Cannot find entry android.hardware.graphics.mapper@4.0::IMapper/default in either framework or device manifest.
05-29 03:34:24.996  7149  7149 I Gralloc4: mapper 4.x is not supported
05-29 03:34:25.032  7153  7155 I cmd     : oneway function results will be dropped but finished with status OK and parcel size 4
05-29 03:34:25.032  1445  1952 I MediaProvider: Begin Intent { act=android.intent.action.MEDIA_SCANNER_SCAN_FILE dat=file:///sdcard/screen_2026-05-29_033425.png flg=0x1400010 cmp=com.android.providers.media.module/com.android.providers.media.MediaService }
05-29 03:34:25.034  1445  1952 W ModernMediaScanner: Failed to visit /sdcard/screen_2026-05-29_033425.png: java.nio.file.AccessDeniedException: /sdcard/screen_2026-05-29_033425.png
05-29 03:34:25.036  1445  1952 I MediaProvider: Scanned internal due to REASON_DEMAND, found 0 items in 4ms, 0 inserts 0 updates 0 deletes
05-29 03:34:25.037  1445  1952 I MediaProvider: End Intent { act=android.intent.action.MEDIA_SCANNER_SCAN_FILE dat=file:///sdcard/screen_2026-05-29_033425.png flg=0x1400010 cmp=com.android.providers.media.module/com.android.providers.media.MediaService }
05-29 03:34:25.096  1445  1683 I MediaProvider: Deleted 1 items on external_primary due to com.android.shell
05-29 03:34:25.121  7164  7166 I cmd     : oneway function results will be dropped but finished with status OK and parcel size 4
05-29 03:34:25.171  7179  7181 I cmd     : oneway function results will be dropped but finished with status OK and parcel size 4
05-29 03:34:25.219  7194  7196 I cmd     : oneway function results will be dropped but finished with status OK and parcel size 4
05-29 03:34:25.268  7209  7211 I cmd     : oneway function results will be dropped but finished with status OK and parcel size 4
05-29 03:34:25.344  7221  7221 E libc    : Access denied finding property "persist.device_config.runtime_native_boot.profilebootclasspath"
05-29 03:34:25.344  7221  7221 E libc    : Access denied finding property "persist.device_config.runtime_native_boot.enable_apex_image"
05-29 03:34:25.344  7221  7221 I AndroidRuntime: Using default boot image
05-29 03:34:25.344  7221  7221 E libc    : Access denied finding property "persist.device_config.runtime_native_boot.disable_lock_profiling"
05-29 03:34:25.344  7221  7221 I AndroidRuntime: Leaving lock profiling enabled
05-29 03:34:25.345  7221  7221 E libc    : Access denied finding property "persist.device_config.runtime_native_boot.enable_generational_cc"
05-29 03:34:25.346  7221  7221 I app_process: Core platform API reporting enabled, enforcing=false
05-29 03:34:25.382  7221  7221 W app_process: Unexpected CPU variant for X86 using defaults: x86_64
05-29 03:34:25.383  7221  7221 I app_process: The ClassLoaderContext is a special shared library.
05-29 03:34:25.389  7221  7221 W app_process: JNI RegisterNativeMethods: attempt to register 0 native methods for android.media.AudioAttributes
05-29 03:34:25.405  2183  2183 E AccessibilityInteractionClient: 3 Disconnected nodes.
05-29 03:34:25.787  2629  2645 W System  : A resource failed to call release. 
