05-29 03:33:13.720   507   654 E ConnectivityService: Exception in networkAddRouteParcel for gateway: android.os.ServiceSpecificException: Machine is not on the network (code 64)
05-29 03:33:13.719   279   857 E Netd    : no such netId 101
05-29 03:33:13.720  1994  1994 I android.camera: The ClassLoaderContext is a special shared library.
05-29 03:33:13.739   507   650 W WifiScoreReport: Cannot start external scoring netId=101 currentNetId=101 sessionId=1017
05-29 03:33:13.743   202   205 E android.system.suspend@1.0-service: Error opening kernel wakelock stats for: wakeup32: Permission denied
05-29 03:33:13.746   202   205 E android.system.suspend@1.0-service: Error opening kernel wakelock stats for: wakeup33: Permission denied
05-29 03:33:13.740   202   202 W Binder:202_2: type=1400 audit(0.0:20): avc: denied { read } for name="wakeup32" dev="sysfs" ino=18830 scontext=u:r:system_suspend:s0 tcontext=u:object_r:sysfs:s0 tclass=dir permissive=0
05-29 03:33:13.753  1994  1994 I CAM_Profiler: [ 17.031ms][ui] GUARD: FirstRunDetector getTimeOfFirstRun - STOP
05-29 03:33:13.753  1994  1994 I CAM_Profiler: [ 17.470ms][ui] GUARD: CameraApp onCreate() - [17.470ms] initializeTimeOfFirstRun
05-29 03:33:13.754  1994  1994 I CAM_Profiler: [ 18.674ms][ui] GUARD: CameraApp onCreate() - STOP
05-29 03:33:13.754  1994  1994 W CAM_Log : Tag SetActivitiesCameraReceiver is 8 chars longer than limit.
05-29 03:33:13.761   413   413 W ServiceManager: Permission failure: android.permission.SYSTEM_CAMERA from uid=10111 pid=1994
05-29 03:33:13.761  1994  1994 I CAM_SetActivitiesCamera: number of camera: 1
05-29 03:33:13.761  1994  1994 I CAM_SetActivitiesCamera: component state is 1
05-29 03:33:13.744   202   202 W Binder:202_2: type=1400 audit(0.0:21): avc: denied { read } for name="wakeup33" dev="sysfs" ino=18893 scontext=u:r:system_suspend:s0 tcontext=u:object_r:sysfs:s0 tclass=dir permissive=0
05-29 03:33:13.765   507   578 I ActivityManager: Killing 1050:com.android.settings:CryptKeeper/1000 (adj 985): empty #17
05-29 03:33:13.772   280   280 I Zygote  : Process 1050 exited due to signal 9 (Killed)
05-29 03:33:13.773   507   547 I ActivityManager: Start proc 2017:com.android.contacts/u0a98 for broadcast {com.android.contacts/com.android.contacts.interactions.OnBootOrUpgradeReceiver}
05-29 03:33:13.776  2017  2017 W ndroid.contact: Unexpected CPU variant for X86 using defaults: x86_64
05-29 03:33:13.779   390   404 I adbd    : jdwp connection from 2017
05-29 03:33:13.793   507   654 W DnsManager: updatePrivateDns(101, PrivateDnsConfig{true:/[]})
05-29 03:33:13.796   279  2035 W resolv  : Validating DnsTlsServer on netId 101
05-29 03:33:13.797   279  2035 W resolv  : Validation failed
05-29 03:33:13.812   507   548 I libprocessgroup: Successfully killed process cgroup uid 1000 pid 1050 in 41ms
05-29 03:33:13.815  2017  2017 I ndroid.contact: The ClassLoaderContext is a special shared library.
05-29 03:33:13.831  1237  1237 I AlarmClock: AlarmInitReceiver android.intent.action.BOOT_COMPLETED
05-29 03:33:13.834  1237  1263 I AlarmClock: Fixing alarm instances
05-29 03:33:13.838   507   578 I ActivityManager: Killing 1396:com.android.carrierconfig/u0a115 (adj 985): empty #17
05-29 03:33:13.843  1425  1425 I Dialer  : VvmOmtpService - onBoot
05-29 03:33:13.844   280   280 I Zygote  : Process 1396 exited due to signal 9 (Killed)
05-29 03:33:13.848   279  2043 W resolv  : Validating DnsTlsServer on netId 101
05-29 03:33:13.852   279  2043 W resolv  : SSL_connect ssl error =5, mark 0xf0065: Connection refused
05-29 03:33:13.852   279  2043 W resolv  : Validation failed
05-29 03:33:13.856   507   547 I ActivityManager: Start proc 2044:com.android.dynsystem/1000 for broadcast {com.android.dynsystem/com.android.dynsystem.BootCompletedReceiver}
05-29 03:33:13.860  2044  2044 W droid.dynsyste: Unexpected CPU variant for X86 using defaults: x86_64
05-29 03:33:13.863   390   404 I adbd    : jdwp connection from 2044
05-29 03:33:13.882   507   548 I libprocessgroup: Successfully killed process cgroup uid 10115 pid 1396 in 39ms
05-29 03:33:13.894   507   650 E WifiVendorHal: stopRssiMonitoring(l.2100) failed {.code = ERROR_NOT_AVAILABLE, .description = }
05-29 03:33:13.919   507   538 W InputReader: Device virtio_input_multi_touch_10 is associated with display ADISPLAY_ID_NONE.
05-29 03:33:13.919   507   538 W InputReader: Device virtio_input_multi_touch_7 is associated with display ADISPLAY_ID_NONE.
05-29 03:33:13.919   507   538 W InputReader: Device virtio_input_multi_touch_11 is associated with display ADISPLAY_ID_NONE.
05-29 03:33:13.919   507   538 W InputReader: Device virtio_input_multi_touch_5 is associated with display ADISPLAY_ID_NONE.
05-29 03:33:13.919   507   538 W InputReader: Device virtio_input_multi_touch_2 is associated with display ADISPLAY_ID_NONE.
05-29 03:33:13.919   507   538 W InputReader: Device virtio_input_multi_touch_6 is associated with display ADISPLAY_ID_NONE.
05-29 03:33:13.919   507   538 W InputReader: Device virtio_input_multi_touch_8 is associated with display ADISPLAY_ID_NONE.
05-29 03:33:13.919   507   538 W InputReader: Device virtio_input_multi_touch_9 is associated with display ADISPLAY_ID_NONE.
05-29 03:33:13.919   507   538 W InputReader: Device virtio_input_multi_touch_3 is associated with display ADISPLAY_ID_NONE.
05-29 03:33:13.919   507   538 W InputReader: Device virtio_input_multi_touch_4 is associated with display ADISPLAY_ID_NONE.
05-29 03:33:13.925  2068  2071 I cmd     : oneway function results will be dropped but finished with status OK and parcel size 4
05-29 03:33:13.926  2044  2044 I droid.dynsyste: The ClassLoaderContext is a special shared library.
05-29 03:33:13.934   507  1257 I ActivityManager: Killing 1612:com.android.documentsui/u0a76 (adj 985): empty #17
05-29 03:33:13.952   507   547 I ActivityManager: Start proc 2080:com.android.gallery3d/u0a112 for broadcast {com.android.gallery3d/com.android.camera.DisableCameraReceiver}
05-29 03:33:13.954   280   280 I Zygote  : Process 1612 exited due to signal 9 (Killed)
05-29 03:33:13.956  2078  2079 I cmd     : oneway function results will be dropped but finished with status OK and parcel size 4
05-29 03:33:13.956  2080  2080 W droid.gallery3: Unexpected CPU variant for X86 using defaults: x86_64
05-29 03:33:13.959   390   404 I adbd    : jdwp connection from 2080
05-29 03:33:13.972   507   548 I libprocessgroup: Successfully killed process cgroup uid 10076 pid 1612 in 32ms
05-29 03:33:13.988  2099  2099 I abb     : StartCommandInProcess(73657474696e67730067657400676c6f settings.get.glo [truncated])
05-29 03:33:13.989  2099  2104 I abb     : oneway function results will be dropped but finished with status OK and parcel size 4
05-29 03:33:13.988   507   507 W Binder:507_10: type=1400 audit(0.0:22): avc: denied { getopt } for scontext=u:r:system_server:s0 tcontext=u:r:shell:s0 tclass=unix_stream_socket permissive=0
05-29 03:33:13.988   507   507 W Binder:507_10: type=1400 audit(0.0:23): avc: denied { getopt } for scontext=u:r:system_server:s0 tcontext=u:r:shell:s0 tclass=unix_stream_socket permissive=0
05-29 03:33:13.999  2099  2099 I abb     : StartCommandInProcess(7061636b61676500696e7374616c6c00 package.install. [truncated])
05-29 03:33:13.988   507   507 W Binder:507_10: type=1400 audit(0.0:24): avc: denied { getopt } for scontext=u:r:system_server:s0 tcontext=u:r:shell:s0 tclass=unix_stream_socket permissive=0
05-29 03:33:14.231     0     0 W audit   : audit_lost=1 audit_rate_limit=5 audit_backlog_limit=64
05-29 03:33:14.233     0     0 E audit   : rate limit exceeded
05-29 03:33:14.029   507   547 I ActivityManager: Start proc 2108:com.android.localtransport/1000 for service {com.android.localtransport/com.android.localtransport.LocalTransportService}
05-29 03:33:14.034  2108  2108 W .localtranspor: Unexpected CPU variant for X86 using defaults: x86_64
05-29 03:33:14.037  2080  2080 I droid.gallery3: The ClassLoaderContext is a special shared library.
05-29 03:33:14.038  2080  2080 I droid.gallery3: The ClassLoaderContext is a special shared library.
05-29 03:33:14.045   390   404 I adbd    : jdwp connection from 2108
05-29 03:33:14.055   413   719 W ServiceManager: Permission failure: android.permission.SYSTEM_CAMERA from uid=10112 pid=2080
05-29 03:33:14.056   413   719 I chatty  : uid=1047(cameraserver) Binder:413_2 identical 2 lines
05-29 03:33:14.056   413   719 W ServiceManager: Permission failure: android.permission.SYSTEM_CAMERA from uid=10112 pid=2080
05-29 03:33:14.057  2080  2080 I G:DisableCameraReceiver: back camera found: 0
05-29 03:33:14.057  1315  1315 I SystemBroadcastReceiver: Boot has been completed
05-29 03:33:14.057  1315  1315 I SystemBroadcastReceiver: toggleAppIcon() : FLAG_SYSTEM = true
05-29 03:33:14.057   507   578 I ActivityManager: Killing 1686:com.android.music/u0a110 (adj 985): empty #17
05-29 03:33:14.059   507   606 W RuleEvaluation: Integrity rule files are not available.
05-29 03:33:14.061   507   563 I PackageManager: Integrity check passed for file:///data/app/vmdl1760632740.tmp
05-29 03:33:14.062   280   280 I Zygote  : Process 1686 exited due to signal 9 (Killed)
05-29 03:33:14.075   507   563 I PackageManager: Permission ownership changed. Updating all permissions.
05-29 03:33:14.087  2127  2127 W com.android.nf: Unexpected CPU variant for X86 using defaults: x86_64
05-29 03:33:14.089   390   404 I adbd    : jdwp connection from 2127
05-29 03:33:14.093   507   547 I ActivityManager: Start proc 2127:com.android.nfc/1027 for broadcast {com.android.nfc/com.android.nfc.NfcBootCompletedReceiver}
05-29 03:33:14.099   507   563 W BackupTransportManager: Transport com.android.localtransport/.LocalTransport not registered
05-29 03:33:14.100   507   563 W BackupManagerService: [UserID:0] No transport client
05-29 03:33:14.104   741   995 I RoleControllerServiceImpl: Adding package as fallback role holder, package: com.android.launcher3, role: android.app.role.HOME
05-29 03:33:14.106   507   507 I Telecom : PhoneAccountRegistrar: getSimCallManager: SimCallManager for subId 1 queried, returning: null: TSI.gSCMFU@AGQ
05-29 03:33:14.108   507   507 I Telecom : PhoneAccountRegistrar: getSimCallManager: SimCallManager for subId 1 queried, returning: null: TSI.gSCMFU@AGU
05-29 03:33:14.108   507   548 I libprocessgroup: Successfully killed process cgroup uid 10110 pid 1686 in 47ms
05-29 03:33:14.111   202   205 E android.system.suspend@1.0-service: Error opening kernel wakelock stats for: wakeup32: Permission denied
05-29 03:33:14.113   202   205 E android.system.suspend@1.0-service: Error opening kernel wakelock stats for: wakeup33: Permission denied
05-29 03:33:14.115   741  2145 E BackupHelper: Could not parse delayed permissions
05-29 03:33:14.115   741  2145 E BackupHelper: java.io.FileNotFoundException: /data/user_de/0/com.android.permissioncontroller/files/delayed_restore_permissions.xml: open failed: ENOENT (No such file or directory)
05-29 03:33:14.115   741  2145 E BackupHelper: 	at libcore.io.IoBridge.open(IoBridge.java:492)
05-29 03:33:14.115   741  2145 E BackupHelper: 	at java.io.FileInputStream.<init>(FileInputStream.java:160)
05-29 03:33:14.115   741  2145 E BackupHelper: 	at android.app.ContextImpl.openFileInput(ContextImpl.java:636)
05-29 03:33:14.115   741  2145 E BackupHelper: 	at com.android.permissioncontroller.permission.service.BackupHelper.restoreDelayedState(BackupHelper.java:338)
05-29 03:33:14.115   741  2145 E BackupHelper: 	at com.android.permissioncontroller.permission.service.PermissionControllerServiceImpl.onRestoreDelayedRuntimePermissionsBackup(PermissionControllerServiceImpl.java:413)
05-29 03:33:14.115   741  2145 E BackupHelper: 	at com.android.permissioncontroller.permission.service.PermissionControllerServiceImpl.lambda$onApplyStagedRuntimePermissionBackup$4(PermissionControllerServiceImpl.java:407)
05-29 03:33:14.115   741  2145 E BackupHelper: 	at com.android.permissioncontroller.permission.service.PermissionControllerServiceImpl.lambda$onApplyStagedRuntimePermissionBackup$4$PermissionControllerServiceImpl(Unknown Source:0)
05-29 03:33:14.115   741  2145 E BackupHelper: 	at com.android.permissioncontroller.permission.service.-$$Lambda$PermissionControllerServiceImpl$mE7NqZpMEJTKa_y63m6czFzewlg.run(Unknown Source:8)
05-29 03:33:14.115   741  2145 E BackupHelper: 	at android.os.AsyncTask$SerialExecutor$1.run(AsyncTask.java:305)
05-29 03:33:14.115   741  2145 E BackupHelper: 	at java.util.concurrent.ThreadPoolExecutor.runWorker(ThreadPoolExecutor.java:1167)
05-29 03:33:14.115   741  2145 E BackupHelper: 	at java.util.concurrent.ThreadPoolExecutor$Worker.run(ThreadPoolExecutor.java:641)
05-29 03:33:14.115   741  2145 E BackupHelper: 	at java.lang.Thread.run(Thread.java:923)
05-29 03:33:14.115   741  2145 E BackupHelper: Caused by: android.system.ErrnoException: open failed: ENOENT (No such file or directory)
05-29 03:33:14.115   741  2145 E BackupHelper: 	at libcore.io.Linux.open(Native Method)
05-29 03:33:14.115   741  2145 E BackupHelper: 	at libcore.io.ForwardingOs.open(ForwardingOs.java:166)
05-29 03:33:14.115   741  2145 E BackupHelper: 	at libcore.io.BlockGuardOs.open(BlockGuardOs.java:254)
05-29 03:33:14.115   741  2145 E BackupHelper: 	at libcore.io.ForwardingOs.open(ForwardingOs.java:166)
05-29 03:33:14.115   741  2145 E BackupHelper: 	at android.app.ActivityThread$AndroidOs.open(ActivityThread.java:7542)
05-29 03:33:14.115   741  2145 E BackupHelper: 	at libcore.io.IoBridge.open(IoBridge.java:478)
05-29 03:33:14.115   741  2145 E BackupHelper: 	... 11 more
05-29 03:33:14.137   426  1389 E installd: Couldn't opendir /data/app/vmdl1760632740.tmp: No such file or directory
05-29 03:33:14.137   426  1389 E installd: Failed to delete /data/app/vmdl1760632740.tmp: No such file or directory
05-29 03:33:14.138   507   537 I GnssNetworkConnectivityHandler: updateNetworkState, state=CLOSED, connected=true, network=101, capabilities=[ Transports: WIFI Capabilities: NOT_METERED&INTERNET&NOT_RESTRICTED&TRUSTED&NOT_VPN&VALIDATED&NOT_ROAMING&FOREGROUND&NOT_CONGESTED&NOT_SUSPENDED LinkUpBandwidth>=141000Kbps LinkDnBandwidth>=141000Kbps SignalStrength: -30 OwnerUid: 1000 AdministratorUids: [] SSID: "AndroidWifi" RequestorUid: -1 RequestorPackageName: null], apn: , availableNetworkCount: 2
05-29 03:33:14.139  2099  2105 I abb     : oneway function results will be dropped but finished with status OK and parcel size 4
05-29 03:33:14.147   720   720 W View    : requestLayout() improperly called by com.android.keyguard.AlphaOptimizedLinearLayout{79780d4 V.E...... ......ID 3,0-18,22 #7f0a04db app:id/wifi_group} during layout: running second layout pass
05-29 03:33:14.147   279  2148 W resolv  : Validating DnsTlsServer on netId 101
05-29 03:33:14.147  1445  1445 I MediaProvider: Invalidating LocalCallingIdentity cache for package io.github.ylimit.droidbotapp. Reason: package android.intent.action.PACKAGE_ADDED
05-29 03:33:14.148   507   507 I Telecom : DefaultDialerCache: Refreshing default dialer for user 0: now com.android.dialer: DDC.oR@AGY
05-29 03:33:14.149   507   598 I InputReader: Reconfiguring input devices, changes=KEYBOARD_LAYOUTS | 
05-29 03:33:14.152   279  2148 W resolv  : SSL_connect ssl error =5, mark 0xf0065: Connection refused
05-29 03:33:14.152   279  2148 W resolv  : Validation failed
05-29 03:33:14.157   720   720 W View    : requestLayout() improperly called by com.android.keyguard.AlphaOptimizedLinearLayout{cbaa27d V.E...... ......ID 3,0-18,22 #7f0a04db app:id/wifi_group} during layout: running second layout pass
05-29 03:33:14.157   720   720 W View    : requestLayout() improperly called by com.android.keyguard.AlphaOptimizedLinearLayout{2a77572 V.E...... ......ID 3,0-18,22 #7f0a04db app:id/wifi_group} during layout: running second layout pass
05-29 03:33:14.161   507   537 I RoleManagerService: Granting default roles...
05-29 03:33:14.161   741   767 I PermissionControllerServiceImpl: Updating user sensitive for uid 10130
05-29 03:33:14.165   507   650 W LastMileLogger: Failed to stop event tracing: /sys/kernel/debug/tracing/instances/wifi/tracing_on: open failed: ENOENT (No such file or directory)
05-29 03:33:14.172  2108  2108 I .localtranspor: The ClassLoaderContext is a special shared library.
05-29 03:33:14.173  2127  2127 I com.android.nf: The ClassLoaderContext is a special shared library.
05-29 03:33:14.194   507   507 I TransportClient: LocalTransportService#0: Notifying [TransportManager.registerTransport()] transport = IBackupTransport
05-29 03:33:14.230   507   563 I ActivityManager: Killing 2127:com.android.nfc/1027 (adj 0): change com.android.nfc
05-29 03:33:14.234   507   598 I InputReader: Reconfiguring input devices, changes=KEYBOARD_LAYOUTS | 
05-29 03:33:14.235   507   507 I Telecom : DefaultDialerCache: Refreshing default dialer for user 0: now com.android.dialer: DDC.oR@AGk
05-29 03:33:14.242   507   547 I ActivityManager: Start proc 2158:com.android.onetimeinitializer/u0a97 for broadcast {com.android.onetimeinitializer/com.android.onetimeinitializer.OneTimeInitializerReceiver}
05-29 03:33:14.242   507  1257 I ActivityManager: Killing 1524:com.android.keychain/1000 (adj 975): empty #17
05-29 03:33:14.244   507   650 I PasspointManager: No app ops listener found for com.android.nfc
05-29 03:33:14.245   741   767 I PermissionControllerServiceImpl: Updating user sensitive for uid 1027
05-29 03:33:14.247   280   280 I Zygote  : Process 1524 exited due to signal 9 (Killed)
05-29 03:33:14.250  2158  2158 W timeinitialize: Unexpected CPU variant for X86 using defaults: x86_64
05-29 03:33:14.255   280   280 I Zygote  : Process 2127 exited due to signal 9 (Killed)
05-29 03:33:14.263   390   404 I adbd    : jdwp connection from 2158
05-29 03:33:14.266   507   545 W VoiceInteractionManager: no available voice recognition services found for user 0
05-29 03:33:14.276   507   548 I libprocessgroup: Successfully killed process cgroup uid 1027 pid 2127 in 44ms
05-29 03:33:14.287   507   548 I libprocessgroup: Successfully killed process cgroup uid 1000 pid 1524 in 0ms
05-29 03:33:14.303   507   547 I ActivityManager: Start proc 2183:io.github.ylimit.droidbotapp/u0a130 for service {io.github.ylimit.droidbotapp/io.github.privacystreams.accessibility.PSAccessibilityService}
05-29 03:33:14.325  2183  2183 I mit.droidbotap: Late-enabling -Xcheck:jni
05-29 03:33:14.334  2183  2183 I mit.droidbotap: Unquickening 12 vdex files!
05-29 03:33:14.338   507   545 W VoiceInteractionManager: no available voice interaction services found for user 0
05-29 03:33:14.362  2183  2183 W mit.droidbotap: Unexpected CPU variant for X86 using defaults: x86_64
05-29 03:33:14.364  2158  2158 I timeinitialize: The ClassLoaderContext is a special shared library.
05-29 03:33:14.368  2191  2193 I cmd     : oneway function results will be dropped but finished with status OK and parcel size 4
05-29 03:33:14.370   507   517 I system_server: Background concurrent copying GC freed 156867(7731KB) AllocSpace objects, 47(2604KB) LOS objects, 49% free, 11MB/22MB, paused 43us total 233.950ms
05-29 03:33:14.373   507   518 W JavaBinder: BinderProxy is being destroyed but the application did not call unlinkToDeath to unlink all of its death recipients beforehand.  Releasing leaked death recipient: com.android.server.AlarmManagerService$2
05-29 03:33:14.373   507   518 I BpBinder: onLastStrongRef automatically unlinking death recipients: <uncached descriptor>
05-29 03:33:14.373   507   518 W JavaBinder: BinderProxy is being destroyed but the application did not call unlinkToDeath to unlink all of its death recipients beforehand.  Releasing leaked death recipient: com.android.server.AlarmManagerService$2
05-29 03:33:14.373   507   518 I BpBinder: onLastStrongRef automatically unlinking death recipients: <uncached descriptor>
05-29 03:33:14.373   507   518 W JavaBinder: BinderProxy is being destroyed but the application did not call unlinkToDeath to unlink all of its death recipients beforehand.  Releasing leaked death recipient: com.android.server.AlarmManagerService$2
05-29 03:33:14.373   507   518 I BpBinder: onLastStrongRef automatically unlinking death recipients: <uncached descriptor>
05-29 03:33:14.374   390   404 I adbd    : jdwp connection from 2183
05-29 03:33:14.375  2158  2198 I OneTimeInitializer: Updating to version 1.
05-29 03:33:14.376  2158  2198 E ActivityThread: Failed to find provider info for com.android.launcher2.settings
05-29 03:33:14.380   507   539 I DropBoxManagerService: add tag=system_server_strictmode isTagEnabled=true flags=0x2
05-29 03:33:14.382   507   643 I ActivityManager: Killing 1896:com.android.providers.calendar/u0a67 (adj 985): empty #17
05-29 03:33:14.389   507   547 I ActivityManager: Start proc 2210:com.android.packageinstaller/u0a70 for broadcast {com.android.packageinstaller/com.android.packageinstaller.TemporaryFileManager}
05-29 03:33:14.414  2210  2210 W ackageinstalle: Unexpected CPU variant for X86 using defaults: x86_64
05-29 03:33:14.416   390   404 I adbd    : jdwp connection from 2210
05-29 03:33:14.524  2210  2210 I ackageinstalle: The ClassLoaderContext is a special shared library.
05-29 03:33:14.539   507  1257 I ActivityManager: Killing 1788:com.android.printspooler/u0a87 (adj 985): empty #17
05-29 03:33:14.558   280   280 I Zygote  : Process 1788 exited due to signal 9 (Killed)
05-29 03:33:14.568   929  1767 E FrameEvents: updateAcquireFence: Did not find frame.
05-29 03:33:14.581  1031  1064 I m.android.phon: JIT allocated 75KB for compiled code of boolean com.android.internal.telephony.ITelephony$Stub.onTransact(int, android.os.Parcel, android.os.Parcel, int)
05-29 03:33:14.581  1031  1064 I m.android.phon: Compiler allocated 4900KB to compile boolean com.android.internal.telephony.ITelephony$Stub.onTransact(int, android.os.Parcel, android.os.Parcel, int)
05-29 03:33:14.583   741   741 I AutoRevokePermissions: Parsed teamfood setting value: null
05-29 03:33:14.583   741   741 I AutoRevokePermissions: Parsed teamfood setting value: null
05-29 03:33:14.584   741   741 I AutoRevokePermissions: scheduleAutoRevokePermissions with frequency 1296000000ms and threshold 7776000000ms
05-29 03:33:14.584   741   741 I AutoRevokePermissions: user 0 is a profile owner. Running Auto Revoke.
05-29 03:33:14.584   741   741 I AutoRevokePermissions: Parsed teamfood setting value: null
05-29 03:33:14.586   741   741 I AutoRevokePermissions: onStartJob
05-29 03:33:14.586   741   741 I AutoRevokePermissions: Skipping auto revoke first run when scheduled by system
05-29 03:33:14.587   280   280 I Zygote  : Process 1896 exited due to signal 9 (Killed)
05-29 03:33:14.588  1031  1031 I VvmSimStateTracker: android.intent.action.BOOT_COMPLETED
05-29 03:33:14.596   507   547 I ActivityManager: Start proc 2235:com.android.providers.calendar/u0a67 for broadcast {com.android.providers.calendar/com.android.providers.calendar.CalendarReceiver}
05-29 03:33:14.599  2235  2235 W viders.calenda: Unexpected CPU variant for X86 using defaults: x86_64
05-29 03:33:14.602   390   404 I adbd    : jdwp connection from 2235
05-29 03:33:14.624   507   548 I libprocessgroup: Successfully killed process cgroup uid 10067 pid 1896 in 240ms
05-29 03:33:14.624   507   548 I libprocessgroup: Successfully killed process cgroup uid 10087 pid 1788 in 0ms
05-29 03:33:14.626  2235  2235 I viders.calenda: The ClassLoaderContext is a special shared library.
05-29 03:33:14.640  2235  2235 I CalendarProvider2: Created com.android.providers.calendar.CalendarAlarmManager@13d7b8c(com.android.providers.calendar.CalendarProvider2@d1a72d5)
05-29 03:33:14.646   507   643 I ActivityManager: Killing 1736:com.android.provision/u0a116 (adj 985): empty #17
05-29 03:33:14.651   280   280 I Zygote  : Process 1736 exited due to signal 9 (Killed)
05-29 03:33:14.672   507   547 I ActivityManager: Start proc 2260:com.android.shell/2000 for broadcast {com.android.shell/com.android.shell.HeapDumpReceiver}
05-29 03:33:14.674  2260  2260 W m.android.shel: Unexpected CPU variant for X86 using defaults: x86_64
05-29 03:33:14.676   390   404 I adbd    : jdwp connection from 2260
05-29 03:33:14.692   507   548 I libprocessgroup: Successfully killed process cgroup uid 10116 pid 1736 in 45ms
05-29 03:33:14.706   279   388 E Netd    : Error adding route ::/0 -> fe80::2 wlan0 to table 1015: File exists
05-29 03:33:14.706  2260  2260 I m.android.shel: The ClassLoaderContext is a special shared library.
05-29 03:33:14.717   507   534 I ActivityManager: Killing 1708:com.android.externalstorage/u0a68 (adj 985): empty #17
05-29 03:33:14.722  1031  1031 I m.android.phon: The ClassLoaderContext is a special shared library.
05-29 03:33:14.724   280   280 I Zygote  : Process 1708 exited due to signal 9 (Killed)
05-29 03:33:14.732  1031  1031 W nsconfig: com.android.phone: New config does not match the previously set config.
05-29 03:33:14.739   507   547 I ActivityManager: Start proc 2287:com.android.traceur/u0a88 for broadcast {com.android.traceur/com.android.traceur.Receiver}
05-29 03:33:14.743  2287  2287 W android.traceu: Unexpected CPU variant for X86 using defaults: x86_64
05-29 03:33:14.752   390   404 I adbd    : jdwp connection from 2287
05-29 03:33:14.761  2296  2308 I cmd     : oneway function results will be dropped but finished with status OK and parcel size 4
05-29 03:33:14.764   507   548 I libprocessgroup: Successfully killed process cgroup uid 10068 pid 1708 in 44ms
05-29 03:33:14.779   390   390 E adbd    : failed to connect to socket 'tcp:7336': Connection refused
05-29 03:33:14.799  2287  2287 I android.traceu: The ClassLoaderContext is a special shared library.
05-29 03:33:14.812   507   535 I ActivityManager: Finished processing BOOT_COMPLETED for u0
05-29 03:33:14.813  1425  1425 I Dialer  : VvmTaskReceiver - task received
05-29 03:33:14.813  1425  1425 I Dialer  : VvmTaskReceiver - TaskExecutor already running
05-29 03:33:14.813  1425  1425 I Dialer  : Task.createTask - create task:com.android.voicemail.impl.ActivationTask
05-29 03:33:14.813  1425  1425 I Dialer  : TaskQueue.add - duplicated task added
05-29 03:33:14.813   507   535 I ActivityManager: Killing 1926:com.android.quicksearchbox/u0a101 (adj 985): empty #17
05-29 03:33:14.813  1425  1425 I Dialer  : VvmTaskExecutor - com.android.voicemail.impl.ActivationTask@99b706d added
05-29 03:33:14.816   507   535 W BroadcastQueue: Background execution not allowed: receiving Intent { act=android.intent.action.PACKAGE_ADDED dat=package:io.github.ylimit.droidbotapp flg=0x4000010 (has extras) } to com.android.packageinstaller/.PackageInstalledReceiver
05-29 03:33:14.816   507   546 W BroadcastQueue: Background execution not allowed: receiving Intent { act=android.intent.action.PACKAGE_ADDED dat=package:io.github.ylimit.droidbotapp flg=0x4000010 (has extras) } to com.android.gallery3d/.app.PackagesMonitor
05-29 03:33:14.817   280   280 I Zygote  : Process 1926 exited due to signal 9 (Killed)
05-29 03:33:14.862   507   548 I libprocessgroup: Successfully killed process cgroup uid 10101 pid 1926 in 46ms
05-29 03:33:14.875  1315  1315 I InputAttributes: InputType.TYPE_NULL is specified
05-29 03:33:14.875   327   327 I android.hardware.vibrator-service.example: Vibrator reporting capabilities
05-29 03:33:14.879  2327  2331 I cmd     : oneway function results will be dropped but finished with status OK and parcel size 4
05-29 03:33:14.910  1315  1375 I LatinIME:LogUtils: Dictionary info: dictionary = UserHistoryDictionary.en_US ; version = 1780025589 ; date = 1780025594
05-29 03:33:14.923   507   534 I ActivityManager: Killing 1267:com.android.cellbroadcastreceiver.module/u0a123 (adj 975): empty #17
05-29 03:33:14.937   280   280 I Zygote  : Process 1267 exited due to signal 9 (Killed)
05-29 03:33:14.943   507   990 W ActivityTaskManager: Current config: {1.0 310mcc260mnc [en_US] ldltr sw320dp w320dp h616dp 160dpi nrml long port finger qwerty/v/v -nav/h winConfig={ mBounds=Rect(0, 0 - 320, 640) mAppBounds=Rect(0, 0 - 320, 640) mWindowingMode=fullscreen mDisplayWindowingMode=fullscreen mActivityType=undefined mAlwaysOnTop=undefined mRotation=ROTATION_0} s.8} unchanged for IME proc io.github.ylimit.droidbotapp
05-29 03:33:14.943   507   990 W ActivityTaskManager: Current config: {1.0 310mcc260mnc [en_US] ldltr sw320dp w320dp h616dp 160dpi nrml long port finger qwerty/v/v -nav/h winConfig={ mBounds=Rect(0, 0 - 320, 640) mAppBounds=Rect(0, 0 - 320, 640) mWindowingMode=fullscreen mDisplayWindowingMode=fullscreen mActivityType=undefined mAlwaysOnTop=undefined mRotation=ROTATION_0} s.8} unchanged for IME proc io.github.ylimit.droidbotapp
05-29 03:33:14.962  1481  1481 W ContextImpl: Calling a method in the system process without a qualified user: android.app.ContextImpl.startService:1669 android.content.ContextWrapper.startService:720 android.content.ContextWrapper.startService:720 com.android.emulator.multidisplay.MultiDisplayServiceReceiver.onReceive:33 android.app.ActivityThread.handleReceiver:4032 
05-29 03:33:14.969   507   548 I libprocessgroup: Successfully killed process cgroup uid 10123 pid 1267 in 45ms
05-29 03:33:14.970  1481  2350 I android_emulator_multidisplay_JNI: multidisplay pipe connected!!!
05-29 03:33:14.971  1481  2350 E MultiDisplayService: invalid parameters for add/modify display
05-29 03:33:14.971  2344  2346 I cmd     : oneway function results will be dropped but finished with status OK and parcel size 4
05-29 03:33:15.097  2370  2370 E libc    : Access denied finding property "persist.device_config.runtime_native_boot.profilebootclasspath"
05-29 03:33:15.097  2370  2370 E libc    : Access denied finding property "persist.device_config.runtime_native_boot.enable_apex_image"
05-29 03:33:15.097  2370  2370 I AndroidRuntime: Using default boot image
05-29 03:33:15.097  2370  2370 E libc    : Access denied finding property "persist.device_config.runtime_native_boot.disable_lock_profiling"
05-29 03:33:15.097  2370  2370 I AndroidRuntime: Leaving lock profiling enabled
05-29 03:33:15.097  2370  2370 E libc    : Access denied finding property "persist.device_config.runtime_native_boot.enable_generational_cc"
05-29 03:33:15.098  2370  2370 I app_process: Core platform API reporting enabled, enforcing=false
05-29 03:33:15.096  2370  2370 W app_process: type=1400 audit(0.0:31): avc: denied { read } for name="u:object_r:device_config_runtime_native_boot_prop:s0" dev="tmpfs" ino=272 scontext=u:r:shell:s0 tcontext=u:object_r:device_config_runtime_native_boot_prop:s0 tclass=file permissive=0
05-29 03:33:15.148  2370  2370 W app_process: Unexpected CPU variant for X86 using defaults: x86_64
05-29 03:33:15.148  2370  2370 I app_process: The ClassLoaderContext is a special shared library.
05-29 03:33:15.149   507   537 I RoleManagerService: Granting default roles...
05-29 03:33:15.161  2370  2370 W app_process: JNI RegisterNativeMethods: attempt to register 0 native methods for android.media.AudioAttributes
05-29 03:33:15.243   507   990 W OverlayManager: service 'idmap' died
05-29 03:33:15.453     0     0 I init    : Sending signal 9 to service 'idmap2d' (pid 421) process group...
05-29 03:33:15.463     0     0 I libprocessgroup: Successfully killed process cgroup uid 1000 pid 421 in 7ms
05-29 03:33:15.257  1445  1952 W ModernMediaScanner: Failed to apply ContentProviderOperation(type=insert uri=content://media/internal/file values={instance_id=null, compilation=null, disc_number=null, duration=12800, is_ringtone=1, album_artist=null, resolution=null, orientation=null, artist=<unknown>, author=null, height=null, is_drm=0, is_audiobook=0, date_modified=1683213431, writer=null, composer=null, datetaken=null, mime_type=audio/ogg, is_notification=0, bitrate=112000, cd_track_number=null, xmp=[], year=null, _data=/product/media/audio/ringtones/UrsaMinor.ogg, _size=185005, album=ringtones, genre=null, is_alarm=0, title=UrsaMinor, width=null, is_music=0, document_id=null, is_podcast=0, capture_framerate=null, num_tracks=1, original_document_id=null, media_type=2} exceptionAllowed)
05-29 03:33:15.257  1445  1952 W ModernMediaScanner: android.database.sqlite.SQLiteConstraintException: UNIQUE constraint failed: files._data (code 2067 SQLITE_CONSTRAINT_UNIQUE)
05-29 03:33:15.257  1445  1952 W ModernMediaScanner: 	at android.database.sqlite.SQLiteConnection.nativeExecuteForLastInsertedRowId(Native Method)
05-29 03:33:15.257  1445  1952 W ModernMediaScanner: 	at android.database.sqlite.SQLiteConnection.executeForLastInsertedRowId(SQLiteConnection.java:938)
05-29 03:33:15.257  1445  1952 W ModernMediaScanner: 	at android.database.sqlite.SQLiteSession.executeForLastInsertedRowId(SQLiteSession.java:790)
05-29 03:33:15.257  1445  1952 W ModernMediaScanner: 	at android.database.sqlite.SQLiteStatement.executeInsert(SQLiteStatement.java:88)
05-29 03:33:15.257  1445  1952 W ModernMediaScanner: 	at com.android.providers.media.util.DatabaseUtils.executeInsert(DatabaseUtils.java:457)
05-29 03:33:15.257  1445  1952 W ModernMediaScanner: 	at com.android.providers.media.util.SQLiteQueryBuilder.insert(SQLiteQueryBuilder.java:597)
05-29 03:33:15.257  1445  1952 W ModernMediaScanner: 	at com.android.providers.media.util.SQLiteQueryBuilder.lambda$insert$1(SQLiteQueryBuilder.java:561)
05-29 03:33:15.257  1445  1952 W ModernMediaScanner: 	at com.android.providers.media.util.SQLiteQueryBuilder.lambda$insert$1$SQLiteQueryBuilder(Unknown Source:0)
05-29 03:33:15.257  1445  1952 W ModernMediaScanner: 	at com.android.providers.media.util.-$$Lambda$SQLiteQueryBuilder$YklJ51_aF7j8568p4VYgJs-CWNI.apply(Unknown Source:6)
05-29 03:33:15.257  1445  1952 W ModernMediaScanner: 	at com.android.providers.media.DatabaseHelper.runWithTransaction(DatabaseHelper.java:555)
05-29 03:33:15.257  1445  1952 W ModernMediaScanner: 	at com.android.providers.media.util.SQLiteQueryBuilder.insert(SQLiteQueryBuilder.java:560)
05-29 03:33:15.257  1445  1952 W ModernMediaScanner: 	at com.android.providers.media.MediaProvider.lambda$insertAllowingUpsert$14(MediaProvider.java:3066)
05-29 03:33:15.257  1445  1952 W ModernMediaScanner: 	at com.android.providers.media.MediaProvider.lambda$insertAllowingUpsert$14$MediaProvider(Unknown Source:0)
05-29 03:33:15.257  1445  1952 W ModernMediaScanner: 	at com.android.providers.media.-$$Lambda$MediaProvider$FjHWs2-fjgG761OzVFzdTX4EWZg.apply(Unknown Source:13)
05-29 03:33:15.257  1445  1952 W ModernMediaScanner: 	at com.android.providers.media.DatabaseHelper.runWithTransaction(DatabaseHelper.java:555)
05-29 03:33:15.257  1445  1952 W ModernMediaScanner: 	at com.android.providers.media.MediaProvider.insertAllowingUpsert(MediaProvider.java:3056)
05-29 03:33:15.257  1445  1952 W ModernMediaScanner: 	at com.android.providers.media.MediaProvider.insertFile(MediaProvider.java:3038)
05-29 03:33:15.257  1445  1952 W ModernMediaScanner: 	at com.android.providers.media.MediaProvider.insertInternal(MediaProvider.java:3470)
05-29 03:33:15.257  1445  1952 W ModernMediaScanner: 	at com.android.providers.media.MediaProvider.insert(MediaProvider.java:3198)
05-29 03:33:15.257  1445  1952 W ModernMediaScanner: 	at android.content.ContentProviderOperation.applyInternal(ContentProviderOperation.java:375)
05-29 03:33:15.257  1445  1952 W ModernMediaScanner: 	at android.content.ContentProviderOperation.apply(ContentProviderOperation.java:347)
05-29 03:33:15.257  1445  1952 W ModernMediaScanner: 	at android.content.ContentProvider.applyBatch(ContentProvider.java:2422)
05-29 03:33:15.257  1445  1952 W ModernMediaScanner: 	at com.android.providers.media.MediaProvider.applyBatch(MediaProvider.java:3522)
05-29 03:33:15.257  1445  1952 W ModernMediaScanner: 	at android.content.ContentProvider.applyBatch(ContentProvider.java:2413)
05-29 03:33:15.257  1445  1952 W ModernMediaScanner: 	at android.content.ContentResolver.applyBatch(ContentResolver.java:2186)
05-29 03:33:15.257  1445  1952 W ModernMediaScanner: 	at com.android.providers.media.scan.ModernMediaScanner$Scan.applyPending(ModernMediaScanner.java:699)
05-29 03:33:15.257  1445  1952 W ModernMediaScanner: 	at com.android.providers.media.scan.ModernMediaScanner$Scan.maybeApplyPending(ModernMediaScanner.java:689)
05-29 03:33:15.257  1445  1952 W ModernMediaScanner: 	at com.android.providers.media.scan.ModernMediaScanner$Scan.visitFile(ModernMediaScanner.java:649)
05-29 03:33:15.257  1445  1952 W ModernMediaScanner: 	at com.android.providers.media.scan.ModernMediaScanner$Scan.visitFile(ModernMediaScanner.java:272)
05-29 03:33:15.257  1445  1952 W ModernMediaScanner: 	at java.nio.file.Files.walkFileTree(Files.java:2670)
05-29 03:33:15.257  1445  1952 W ModernMediaScanner: 	at java.nio.file.Files.walkFileTree(Files.java:2742)
05-29 03:33:15.257  1445  1952 W ModernMediaScanner: 	at com.android.providers.media.scan.ModernMediaScanner$Scan.walkFileTree(ModernMediaScanner.java:366)
05-29 03:33:15.257  1445  1952 W ModernMediaScanner: 	at com.android.providers.media.scan.ModernMediaScanner$Scan.run(ModernMediaScanner.java:329)
05-29 03:33:15.257  1445  1952 W ModernMediaScanner: 	at com.android.providers.media.scan.ModernMediaScanner.scanDirectory(ModernMediaScanner.java:226)
05-29 03:33:15.257  1445  1952 W ModernMediaScanner: 	at com.android.providers.media.MediaProvider.scanDirectory(MediaProvider.java:1111)
05-29 03:33:15.257  1445  1952 W ModernMediaScanner: 	at com.android.providers.media.MediaService.onScanVolume(MediaService.java:148)
05-29 03:33:15.257  1445  1952 W ModernMediaScanner: 	at com.android.providers.media.MediaService.onScanVolume(MediaService.java:117)
05-29 03:33:15.257  1445  1952 W ModernMediaScanner: 	at com.android.providers.media.MediaService.onScanVolume(MediaService.java:108)
05-29 03:33:15.257  1445  1952 W ModernMediaScanner: 	at com.android.providers.media.MediaService.onHandleWork(MediaService.java:71)
05-29 03:33:15.257  1445  1952 W ModernMediaScanner: 	at androidx.core.app.JobIntentService$CommandProcessor.doInBackground(JobIntentService.java:391)
05-29 03:33:15.257  1445  1952 W ModernMediaScanner: 	at androidx.core.app.JobIntentService$CommandProcessor.doInBackground(JobIntentService.java:382)
05-29 03:33:15.257  1445  1952 W ModernMediaScanner: 	at android.os.AsyncTask$3.call(AsyncTask.java:394)
05-29 03:33:15.257  1445  1952 W ModernMediaScanner: 	at java.util.concurrent.FutureTask.run(FutureTask.java:266)
05-29 03:33:15.257  1445  1952 W ModernMediaScanner: 	at java.util.concurrent.ThreadPoolExecutor.runWorker(ThreadPoolExecutor.java:1167)
05-29 03:33:15.257  1445  1952 W ModernMediaScanner: 	at java.util.concurrent.ThreadPoolExecutor$Worker.run(ThreadPoolExecutor.java:641)
05-29 03:33:15.257  1445  1952 W ModernMediaScanner: 	at java.lang.Thread.run(Thread.java:923)
05-29 03:33:15.386   507   507 W Looper  : Slow dispatch took 115ms main h=com.android.server.pm.UserManagerService$MainHandler c=null m=1
05-29 03:33:15.386   507   537 W Looper  : Slow dispatch took 146ms android.fg h=android.os.Handler c=com.android.server.om.-$$Lambda$IdmapDaemon$Connection$4U-n0RSv1BPv15mvu8B8zXARcpk@ac9a50e m=0
05-29 03:33:15.597     0     0 I init    : Control message: Processed ctl.stop for 'idmap2d' from pid: 507 (system_server)
05-29 03:33:15.599     0     0 I init    : Service 'idmap2d' (pid 421) received signal 9
05-29 03:33:15.555   507   539 I DropBoxManagerService: add tag=system_app_strictmode isTagEnabled=true flags=0x2
05-29 03:33:15.640  2389  2389 E libc    : Access denied finding property "persist.device_config.runtime_native_boot.profilebootclasspath"
05-29 03:33:15.853     0     0 W audit   : audit_lost=7 audit_rate_limit=5 audit_backlog_limit=64
05-29 03:33:15.856     0     0 E audit   : rate limit exceeded
05-29 03:33:15.650   406   406 I perfetto: probes_producer.cc:329  Producer stop (id=3)
05-29 03:33:15.650  2389  2389 E libc    : Access denied finding property "persist.device_config.runtime_native_boot.enable_apex_image"
05-29 03:33:15.650  2389  2389 I AndroidRuntime: Using default boot image
05-29 03:33:15.650  2389  2389 E libc    : Access denied finding property "persist.device_config.runtime_native_boot.disable_lock_profiling"
05-29 03:33:15.650  2389  2389 I AndroidRuntime: Leaving lock profiling enabled
05-29 03:33:15.650  2389  2389 E libc    : Access denied finding property "persist.device_config.runtime_native_boot.enable_generational_cc"
05-29 03:33:15.652  2389  2389 I app_process: Core platform API reporting enabled, enforcing=false
05-29 03:33:15.652   411   411 I perfetto: ng_service_impl.cc:1948 Tracing session 3 ended, total sessions:1
05-29 03:33:15.636  2389  2389 W app_process: type=1400 audit(0.0:35): avc: denied { read } for name="u:object_r:device_config_runtime_native_boot_prop:s0" dev="tmpfs" ino=272 scontext=u:r:shell:s0 tcontext=u:object_r:device_config_runtime_native_boot_prop:s0 tclass=file permissive=0
05-29 03:33:15.711  2389  2389 W app_process: Unexpected CPU variant for X86 using defaults: x86_64
05-29 03:33:15.711  2389  2389 I app_process: The ClassLoaderContext is a special shared library.
05-29 03:33:15.718  2389  2389 W app_process: JNI RegisterNativeMethods: attempt to register 0 native methods for android.media.AudioAttributes
05-29 03:33:16.159  2099  2099 I abb     : StartCommandInProcess(73657474696e67730067657400676c6f settings.get.glo [truncated])
05-29 03:33:16.159  2099  2201 I abb     : oneway function results will be dropped but finished with status OK and parcel size 4
05-29 03:33:16.156   507   507 W Binder:507_8: type=1400 audit(0.0:39): avc: denied { getopt } for scontext=u:r:system_server:s0 tcontext=u:r:shell:s0 tclass=unix_stream_socket permissive=0
05-29 03:33:16.175  2099  2099 I abb     : StartCommandInProcess(7061636b61676500696e7374616c6c00 package.install. [truncated])
05-29 03:33:16.156   507   507 W Binder:507_8: type=1400 audit(0.0:40): avc: denied { getopt } for scontext=u:r:system_server:s0 tcontext=u:r:shell:s0 tclass=unix_stream_socket permissive=0
05-29 03:33:16.185  2416  2418 I cmd     : oneway function results will be dropped but finished with status OK and parcel size 4
05-29 03:33:16.156   507   507 W Binder:507_8: type=1400 audit(0.0:41): avc: denied { getopt } for scontext=u:r:system_server:s0 tcontext=u:r:shell:s0 tclass=unix_stream_socket permissive=0
05-29 03:33:16.320   507   606 W RuleEvaluation: Integrity rule files are not available.
05-29 03:33:16.321   507   563 I PackageManager: Integrity check passed for file:///data/app/vmdl751341348.tmp
05-29 03:33:16.325   507   563 I PackageManager: Permission ownership changed. Updating all permissions.
05-29 03:33:16.352   507   563 I AppsFilter: interaction: PackageSetting{d8f8415 io.github.ylimit.droidbotapp/10130} -> PackageSetting{d97d32a com.mocoding.pokedex.android/10131} BLOCKED
05-29 03:33:16.252   507   507 W Binder:507_B: type=1400 audit(0.0:42): avc: denied { getopt } for scontext=u:r:system_server:s0 tcontext=u:r:shell:s0 tclass=unix_stream_socket permissive=0
05-29 03:33:16.353   426  1389 E installd: Couldn't opendir /data/app/vmdl751341348.tmp: No such file or directory
05-29 03:33:16.353   426  1389 E installd: Failed to delete /data/app/vmdl751341348.tmp: No such file or directory
05-29 03:33:16.356  2099  2201 I abb     : oneway function results will be dropped but finished with status OK and parcel size 4
05-29 03:33:16.364  1445  1445 I MediaProvider: Invalidating LocalCallingIdentity cache for package com.mocoding.pokedex.android. Reason: package android.intent.action.PACKAGE_ADDED
05-29 03:33:16.356   507   507 W Binder:507_B: type=1400 audit(0.0:43): avc: denied { getopt } for scontext=u:r:system_server:s0 tcontext=u:r:shell:s0 tclass=unix_stream_socket permissive=0
05-29 03:33:16.368   507   537 I RoleManagerService: Granting default roles...
05-29 03:33:16.369   507   598 I InputReader: Reconfiguring input devices, changes=KEYBOARD_LAYOUTS | 
05-29 03:33:16.369   507   507 I Telecom : DefaultDialerCache: Refreshing default dialer for user 0: now com.android.dialer: DDC.oR@AGo
05-29 03:33:16.372   741   767 I PermissionControllerServiceImpl: Updating user sensitive for uid 10131
05-29 03:33:16.375   507   534 W BroadcastQueue: Background execution not allowed: receiving Intent { act=android.intent.action.PACKAGE_ADDED dat=package:com.mocoding.pokedex.android flg=0x4000010 (has extras) } to com.android.packageinstaller/.PackageInstalledReceiver
05-29 03:33:16.375   507   546 W BroadcastQueue: Background execution not allowed: receiving Intent { act=android.intent.action.PACKAGE_ADDED dat=package:com.mocoding.pokedex.android flg=0x4000010 (has extras) } to com.android.gallery3d/.app.PackagesMonitor
05-29 03:33:16.405   507   545 W VoiceInteractionManager: no available voice recognition services found for user 0
05-29 03:33:16.426   507   518 W JavaBinder: BinderProxy is being destroyed but the application did not call unlinkToDeath to unlink all of its death recipients beforehand.  Releasing leaked death recipient: com.android.server.AlarmManagerService$2
05-29 03:33:16.426   507   518 W JavaBinder: BinderProxy is being destroyed but the application did not call unlinkToDeath to unlink all of its death recipients beforehand.  Releasing leaked death recipient: com.android.server.AlarmManagerService$2
05-29 03:33:16.426   507   518 I BpBinder: onLastStrongRef automatically unlinking death recipients: <uncached descriptor>
05-29 03:33:16.624  1445  1952 I MediaProvider: Scanned internal due to REASON_MOUNTED, found 230 items in 2929ms, 224 inserts 6 updates 0 deletes
05-29 03:33:16.636  1445  1952 I MediaProvider: Using lower FS for /product/media/audio/ringtones/Ring_Synth_04.ogg
05-29 03:33:16.641  1445  1952 I MediaProvider: Using lower FS for /product/media/audio/notifications/pixiedust.ogg
05-29 03:33:16.646  1445  1952 I MediaProvider: Using lower FS for /product/media/audio/alarms/Alarm_Classic.ogg
05-29 03:33:16.658  1445  2324 E StorageManager: Failed to set extended attributes for /storage/emulated/0/Android to set project id.: Permission denied
05-29 03:33:16.658  1445  2324 W MediaProvider: Failed to update quota type for /storage/emulated/0/Android
05-29 03:33:16.658  1445  2324 W MediaProvider: java.io.IOException: Failed to update quota type for /storage/emulated/0/Android
05-29 03:33:16.658  1445  2324 W MediaProvider: 	at android.os.storage.StorageManager.updateExternalStorageFileQuotaType(StorageManager.java:2512)
05-29 03:33:16.658  1445  2324 W MediaProvider: 	at com.android.providers.media.MediaProvider.updateQuotaTypeForFileInternal(MediaProvider.java:585)
05-29 03:33:16.658  1445  2324 W MediaProvider: 	at com.android.providers.media.MediaProvider.updateQuotaTypeForUri(MediaProvider.java:560)
05-29 03:33:16.658  1445  2324 W MediaProvider: 	at com.android.providers.media.MediaProvider.access$800(MediaProvider.java:222)
05-29 03:33:16.658  1445  2324 W MediaProvider: 	at com.android.providers.media.MediaProvider$3.lambda$onInsert$0(MediaProvider.java:611)
05-29 03:33:16.658  1445  2324 W MediaProvider: 	at com.android.providers.media.MediaProvider$3.lambda$onInsert$0$MediaProvider$3(Unknown Source:0)
05-29 03:33:16.658  1445  2324 W MediaProvider: 	at com.android.providers.media.-$$Lambda$MediaProvider$3$OA4Hj-5lam3D4oprnbu7ZpL-f_E.run(Unknown Source:10)
05-29 03:33:16.658  1445  2324 W MediaProvider: 	at android.os.Handler.handleCallback(Handler.java:938)
05-29 03:33:16.658  1445  2324 W MediaProvider: 	at android.os.Handler.dispatchMessage(Handler.java:99)
05-29 03:33:16.658  1445  2324 W MediaProvider: 	at android.os.Looper.loop(Looper.java:223)
05-29 03:33:16.658  1445  2324 W MediaProvider: 	at android.os.HandlerThread.run(HandlerThread.java:67)
05-29 03:33:16.659  1445  2324 E StorageManager: Failed to set extended attributes for /storage/emulated/0/Android/media to set project id.: Permission denied
05-29 03:33:16.659  1445  2324 W MediaProvider: Failed to update quota type for /storage/emulated/0/Android/media
05-29 03:33:16.659  1445  2324 W MediaProvider: java.io.IOException: Failed to update quota type for /storage/emulated/0/Android/media
05-29 03:33:16.659  1445  2324 W MediaProvider: 	at android.os.storage.StorageManager.updateExternalStorageFileQuotaType(StorageManager.java:2512)
05-29 03:33:16.659  1445  2324 W MediaProvider: 	at com.android.providers.media.MediaProvider.updateQuotaTypeForFileInternal(MediaProvider.java:585)
05-29 03:33:16.659  1445  2324 W MediaProvider: 	at com.android.providers.media.MediaProvider.updateQuotaTypeForUri(MediaProvider.java:560)
05-29 03:33:16.659  1445  2324 W MediaProvider: 	at com.android.providers.media.MediaProvider.access$800(MediaProvider.java:222)
05-29 03:33:16.659  1445  2324 W MediaProvider: 	at com.android.providers.media.MediaProvider$3.lambda$onInsert$0(MediaProvider.java:611)
05-29 03:33:16.659  1445  2324 W MediaProvider: 	at com.android.providers.media.MediaProvider$3.lambda$onInsert$0$MediaProvider$3(Unknown Source:0)
05-29 03:33:16.659  1445  2324 W MediaProvider: 	at com.android.providers.media.-$$Lambda$MediaProvider$3$OA4Hj-5lam3D4oprnbu7ZpL-f_E.run(Unknown Source:10)
05-29 03:33:16.659  1445  2324 W MediaProvider: 	at android.os.Handler.handleCallback(Handler.java:938)
05-29 03:33:16.659  1445  2324 W MediaProvider: 	at android.os.Handler.dispatchMessage(Handler.java:99)
05-29 03:33:16.659  1445  2324 W MediaProvider: 	at android.os.Looper.loop(Looper.java:223)
05-29 03:33:16.659  1445  2324 W MediaProvider: 	at android.os.HandlerThread.run(HandlerThread.java:67)
05-29 03:33:16.667  1445  1952 I MediaProvider: Scanned external_primary due to REASON_MOUNTED, found 14 items in 17ms, 3 inserts 0 updates 0 deletes
05-29 03:33:16.668  1445  1952 I MediaProvider: End Intent { act=android.intent.action.MEDIA_MOUNTED dat=file:///storage/emulated/0 flg=0x5000010 cmp=com.android.providers.media.module/com.android.providers.media.MediaService (has extras) }
