05-29 03:33:57.397  1445  1952 W ModernMediaScanner: Failed to visit /sdcard/screen_2026-05-29_033358.png: java.nio.file.AccessDeniedException: /sdcard/screen_2026-05-29_033358.png
05-29 03:33:57.398  1445  1952 I MediaProvider: Scanned internal due to REASON_DEMAND, found 0 items in 1ms, 0 inserts 0 updates 0 deletes
05-29 03:33:57.398  1445  1952 I MediaProvider: End Intent { act=android.intent.action.MEDIA_SCANNER_SCAN_FILE dat=file:///sdcard/screen_2026-05-29_033358.png flg=0x1400010 cmp=com.android.providers.media.module/com.android.providers.media.MediaService }
05-29 03:33:57.418  1445  2916 I MediaProvider: Deleted 1 items on external_primary due to com.android.shell
05-29 03:33:57.572   158   158 I hwservicemanager: getTransport: Cannot find entry android.hardware.graphics.mapper@4.0::IMapper/default in either framework or device manifest.
05-29 03:33:57.572  5191  5191 I Gralloc4: mapper 4.x is not supported
05-29 03:33:57.609  1445  1952 I MediaProvider: Begin Intent { act=android.intent.action.MEDIA_SCANNER_SCAN_FILE dat=file:///sdcard/screen_2026-05-29_033358.png flg=0x1400010 cmp=com.android.providers.media.module/com.android.providers.media.MediaService }
05-29 03:33:57.610  1445  1952 W ModernMediaScanner: Failed to visit /sdcard/screen_2026-05-29_033358.png: java.nio.file.AccessDeniedException: /sdcard/screen_2026-05-29_033358.png
05-29 03:33:57.610  1445  1952 I MediaProvider: Scanned internal due to REASON_DEMAND, found 0 items in 0ms, 0 inserts 0 updates 0 deletes
05-29 03:33:57.611  1445  1952 I MediaProvider: End Intent { act=android.intent.action.MEDIA_SCANNER_SCAN_FILE dat=file:///sdcard/screen_2026-05-29_033358.png flg=0x1400010 cmp=com.android.providers.media.module/com.android.providers.media.MediaService }
05-29 03:33:57.672  1445  1683 I MediaProvider: Deleted 1 items on external_primary due to com.android.shell
05-29 03:33:57.696  5206  5208 I cmd     : oneway function results will be dropped but finished with status OK and parcel size 4
05-29 03:33:57.744  5221  5223 I cmd     : oneway function results will be dropped but finished with status OK and parcel size 4
05-29 03:33:57.791  5236  5238 I cmd     : oneway function results will be dropped but finished with status OK and parcel size 4
05-29 03:33:57.839  5251  5253 I cmd     : oneway function results will be dropped but finished with status OK and parcel size 4
05-29 03:33:57.913  5263  5263 E libc    : Access denied finding property "persist.device_config.runtime_native_boot.profilebootclasspath"
05-29 03:33:57.913  5263  5263 E libc    : Access denied finding property "persist.device_config.runtime_native_boot.enable_apex_image"
05-29 03:33:57.913  5263  5263 I AndroidRuntime: Using default boot image
05-29 03:33:57.913  5263  5263 E libc    : Access denied finding property "persist.device_config.runtime_native_boot.disable_lock_profiling"
05-29 03:33:57.913  5263  5263 I AndroidRuntime: Leaving lock profiling enabled
05-29 03:33:57.913  5263  5263 E libc    : Access denied finding property "persist.device_config.runtime_native_boot.enable_generational_cc"
05-29 03:33:57.915  5263  5263 I app_process: Core platform API reporting enabled, enforcing=false
05-29 03:33:57.950  5263  5263 W app_process: Unexpected CPU variant for X86 using defaults: x86_64
05-29 03:33:57.951  5263  5263 I app_process: The ClassLoaderContext is a special shared library.
05-29 03:33:57.957  5263  5263 W app_process: JNI RegisterNativeMethods: attempt to register 0 native methods for android.media.AudioAttributes
05-29 03:33:59.814     0     0 W healthd : battery l=100 v=5000 t=25.0 h=2 st=2 c=900000 fc=300000 cc=10 chg=a
05-29 03:33:59.666   158   158 I hwservicemanager: getTransport: Cannot find entry android.hardware.graphics.mapper@4.0::IMapper/default in either framework or device manifest.
05-29 03:33:59.667  5292  5292 I Gralloc4: mapper 4.x is not supported
05-29 03:33:59.702  5296  5298 I cmd     : oneway function results will be dropped but finished with status OK and parcel size 4
05-29 03:33:59.703  1445  1952 I MediaProvider: Begin Intent { act=android.intent.action.MEDIA_SCANNER_SCAN_FILE dat=file:///sdcard/screen_2026-05-29_033400.png flg=0x1400010 cmp=com.android.providers.media.module/com.android.providers.media.MediaService }
05-29 03:33:59.917     0     0 W audit   : audit_lost=263 audit_rate_limit=5 audit_backlog_limit=64
05-29 03:33:59.919     0     0 E audit   : rate limit exceeded
05-29 03:33:59.706  1445  1952 W ModernMediaScanner: Failed to visit /sdcard/screen_2026-05-29_033400.png: java.nio.file.AccessDeniedException: /sdcard/screen_2026-05-29_033400.png
05-29 03:33:59.707  1445  1952 I MediaProvider: Scanned internal due to REASON_DEMAND, found 0 items in 4ms, 0 inserts 0 updates 0 deletes
05-29 03:33:59.707  1445  1952 I MediaProvider: End Intent { act=android.intent.action.MEDIA_SCANNER_SCAN_FILE dat=file:///sdcard/screen_2026-05-29_033400.png flg=0x1400010 cmp=com.android.providers.media.module/com.android.providers.media.MediaService }
05-29 03:33:59.700  1445  1445 W com.android.providers.media.module: type=1400 audit(0.0:382): avc: denied { read } for comm=4173796E635461736B202331 name="primary" dev="tmpfs" ino=20393 scontext=u:r:mediaprovider_app:s0:c122,c256,c512,c768 tcontext=u:object_r:mnt_pass_through_file:s0 tclass=lnk_file permissive=0 app=com.android.providers.media.module
05-29 03:33:59.775  1445  1682 I MediaProvider: Deleted 1 items on external_primary due to com.android.shell
05-29 03:33:59.800  5307  5309 I cmd     : oneway function results will be dropped but finished with status OK and parcel size 4
05-29 03:33:59.924   158   158 I hwservicemanager: getTransport: Cannot find entry android.hardware.graphics.mapper@4.0::IMapper/default in either framework or device manifest.
05-29 03:33:59.924  5329  5329 I Gralloc4: mapper 4.x is not supported
05-29 03:33:59.959  5333  5335 I cmd     : oneway function results will be dropped but finished with status OK and parcel size 4
05-29 03:33:59.960  1445  1952 I MediaProvider: Begin Intent { act=android.intent.action.MEDIA_SCANNER_SCAN_FILE dat=file:///sdcard/screen_2026-05-29_033400.png flg=0x1400010 cmp=com.android.providers.media.module/com.android.providers.media.MediaService }
05-29 03:33:59.961  1445  1952 W ModernMediaScanner: Failed to visit /sdcard/screen_2026-05-29_033400.png: java.nio.file.AccessDeniedException: /sdcard/screen_2026-05-29_033400.png
05-29 03:33:59.962  1445  1952 I MediaProvider: Scanned internal due to REASON_DEMAND, found 0 items in 1ms, 0 inserts 0 updates 0 deletes
05-29 03:33:59.962  1445  1952 I MediaProvider: End Intent { act=android.intent.action.MEDIA_SCANNER_SCAN_FILE dat=file:///sdcard/screen_2026-05-29_033400.png flg=0x1400010 cmp=com.android.providers.media.module/com.android.providers.media.MediaService }
05-29 03:33:59.981  1445  2916 I MediaProvider: Deleted 1 items on external_primary due to com.android.shell
05-29 03:34:00.142   158   158 I hwservicemanager: getTransport: Cannot find entry android.hardware.graphics.mapper@4.0::IMapper/default in either framework or device manifest.
05-29 03:34:00.142  5367  5367 I Gralloc4: mapper 4.x is not supported
05-29 03:34:00.179  5372  5374 I cmd     : oneway function results will be dropped but finished with status OK and parcel size 4
05-29 03:34:00.179  1445  1952 I MediaProvider: Begin Intent { act=android.intent.action.MEDIA_SCANNER_SCAN_FILE dat=file:///sdcard/screen_2026-05-29_033400.png flg=0x1400010 cmp=com.android.providers.media.module/com.android.providers.media.MediaService }
05-29 03:34:00.180  1445  1952 W ModernMediaScanner: Failed to visit /sdcard/screen_2026-05-29_033400.png: java.nio.file.AccessDeniedException: /sdcard/screen_2026-05-29_033400.png
05-29 03:34:00.181  1445  1952 I MediaProvider: Scanned internal due to REASON_DEMAND, found 0 items in 1ms, 0 inserts 0 updates 0 deletes
05-29 03:34:00.182  1445  1952 I MediaProvider: End Intent { act=android.intent.action.MEDIA_SCANNER_SCAN_FILE dat=file:///sdcard/screen_2026-05-29_033400.png flg=0x1400010 cmp=com.android.providers.media.module/com.android.providers.media.MediaService }
05-29 03:34:00.244  1445  2916 I MediaProvider: Deleted 1 items on external_primary due to com.android.shell
05-29 03:34:00.270  5383  5385 I cmd     : oneway function results will be dropped but finished with status OK and parcel size 4
05-29 03:34:00.319  5398  5400 I cmd     : oneway function results will be dropped but finished with status OK and parcel size 4
05-29 03:34:00.369  5413  5415 I cmd     : oneway function results will be dropped but finished with status OK and parcel size 4
05-29 03:34:00.416  5428  5430 I cmd     : oneway function results will be dropped but finished with status OK and parcel size 4
05-29 03:34:00.490  5440  5440 E libc    : Access denied finding property "persist.device_config.runtime_native_boot.profilebootclasspath"
05-29 03:34:00.490  5440  5440 E libc    : Access denied finding property "persist.device_config.runtime_native_boot.enable_apex_image"
05-29 03:34:00.490  5440  5440 I AndroidRuntime: Using default boot image
05-29 03:34:00.490  5440  5440 E libc    : Access denied finding property "persist.device_config.runtime_native_boot.disable_lock_profiling"
05-29 03:34:00.490  5440  5440 I AndroidRuntime: Leaving lock profiling enabled
05-29 03:34:00.490  5440  5440 E libc    : Access denied finding property "persist.device_config.runtime_native_boot.enable_generational_cc"
05-29 03:34:00.491  5440  5440 I app_process: Core platform API reporting enabled, enforcing=false
05-29 03:34:00.528  5440  5440 W app_process: Unexpected CPU variant for X86 using defaults: x86_64
05-29 03:34:00.529  5440  5440 I app_process: The ClassLoaderContext is a special shared library.
05-29 03:34:00.535  5440  5440 W app_process: JNI RegisterNativeMethods: attempt to register 0 native methods for android.media.AudioAttributes
05-29 03:34:00.952   469   469 E netmgr  : qemu_pipe_open_ns:62: Could not connect to the 'pipe:qemud:network' service: Invalid argument
05-29 03:34:00.952   469   469 E netmgr  : Failed to open QEMU pipe 'qemud:network': Invalid argument
05-29 03:34:01.022   484   484 E wifi_forwarder: qemu_pipe_open_ns:62: Could not connect to the 'pipe:qemud:wififorward' service: Invalid argument
05-29 03:34:01.022   484   484 E wifi_forwarder: RemoteConnection failed to initialize: RemoteConnection failed to open pipe
05-29 03:34:02.247   158   158 I hwservicemanager: getTransport: Cannot find entry android.hardware.graphics.mapper@4.0::IMapper/default in either framework or device manifest.
05-29 03:34:02.247  5469  5469 I Gralloc4: mapper 4.x is not supported
05-29 03:34:02.283  5473  5475 I cmd     : oneway function results will be dropped but finished with status OK and parcel size 4
05-29 03:34:02.284  1445  1952 I MediaProvider: Begin Intent { act=android.intent.action.MEDIA_SCANNER_SCAN_FILE dat=file:///sdcard/screen_2026-05-29_033402.png flg=0x1400010 cmp=com.android.providers.media.module/com.android.providers.media.MediaService }
05-29 03:34:02.284  1445  1445 W com.android.providers.media.module: type=1400 audit(0.0:404): avc: denied { read } for comm=4173796E635461736B202331 name="primary" dev="tmpfs" ino=20393 scontext=u:r:mediaprovider_app:s0:c122,c256,c512,c768 tcontext=u:object_r:mnt_pass_through_file:s0 tclass=lnk_file permissive=0 app=com.android.providers.media.module
05-29 03:34:02.499     0     0 W audit   : audit_lost=280 audit_rate_limit=5 audit_backlog_limit=64
05-29 03:34:02.507     0     0 E audit   : rate limit exceeded
05-29 03:34:02.284  1445  1445 W com.android.providers.media.module: type=1400 audit(0.0:405): avc: denied { read } for comm=4173796E635461736B202331 name="primary" dev="tmpfs" ino=20393 scontext=u:r:mediaprovider_app:s0:c122,c256,c512,c768 tcontext=u:object_r:mnt_pass_through_file:s0 tclass=lnk_file permissive=0 app=com.android.providers.media.module
05-29 03:34:02.303  1445  1952 W ModernMediaScanner: Failed to visit /sdcard/screen_2026-05-29_033402.png: java.nio.file.AccessDeniedException: /sdcard/screen_2026-05-29_033402.png
05-29 03:34:02.303  1445  1952 I MediaProvider: Scanned internal due to REASON_DEMAND, found 0 items in 18ms, 0 inserts 0 updates 0 deletes
05-29 03:34:02.303  1445  1952 I MediaProvider: End Intent { act=android.intent.action.MEDIA_SCANNER_SCAN_FILE dat=file:///sdcard/screen_2026-05-29_033402.png flg=0x1400010 cmp=com.android.providers.media.module/com.android.providers.media.MediaService }
05-29 03:34:02.284  1445  1445 W com.android.providers.media.module: type=1400 audit(0.0:406): avc: denied { read } for comm=4173796E635461736B202331 name="primary" dev="tmpfs" ino=20393 scontext=u:r:mediaprovider_app:s0:c122,c256,c512,c768 tcontext=u:object_r:mnt_pass_through_file:s0 tclass=lnk_file permissive=0 app=com.android.providers.media.module
05-29 03:34:02.338  1445  2916 I MediaProvider: Deleted 1 items on external_primary due to com.android.shell
05-29 03:34:02.489   158   158 I hwservicemanager: getTransport: Cannot find entry android.hardware.graphics.mapper@4.0::IMapper/default in either framework or device manifest.
05-29 03:34:02.490  5506  5506 I Gralloc4: mapper 4.x is not supported
05-29 03:34:02.526  1445  1952 I MediaProvider: Begin Intent { act=android.intent.action.MEDIA_SCANNER_SCAN_FILE dat=file:///sdcard/screen_2026-05-29_033403.png flg=0x1400010 cmp=com.android.providers.media.module/com.android.providers.media.MediaService }
05-29 03:34:02.528  1445  1952 W ModernMediaScanner: Failed to visit /sdcard/screen_2026-05-29_033403.png: java.nio.file.AccessDeniedException: /sdcard/screen_2026-05-29_033403.png
05-29 03:34:02.528  1445  1952 I MediaProvider: Scanned internal due to REASON_DEMAND, found 0 items in 2ms, 0 inserts 0 updates 0 deletes
05-29 03:34:02.529  1445  1952 I MediaProvider: End Intent { act=android.intent.action.MEDIA_SCANNER_SCAN_FILE dat=file:///sdcard/screen_2026-05-29_033403.png flg=0x1400010 cmp=com.android.providers.media.module/com.android.providers.media.MediaService }
05-29 03:34:02.547  1445  1683 I MediaProvider: Deleted 1 items on external_primary due to com.android.shell
05-29 03:34:02.571  5521  5523 I cmd     : oneway function results will be dropped but finished with status OK and parcel size 4
05-29 03:34:02.704   158   158 I hwservicemanager: getTransport: Cannot find entry android.hardware.graphics.mapper@4.0::IMapper/default in either framework or device manifest.
05-29 03:34:02.704  5545  5545 I Gralloc4: mapper 4.x is not supported
05-29 03:34:02.740  5549  5551 I cmd     : oneway function results will be dropped but finished with status OK and parcel size 4
05-29 03:34:02.740  1445  1952 I MediaProvider: Begin Intent { act=android.intent.action.MEDIA_SCANNER_SCAN_FILE dat=file:///sdcard/screen_2026-05-29_033403.png flg=0x1400010 cmp=com.android.providers.media.module/com.android.providers.media.MediaService }
05-29 03:34:02.742  1445  1952 W ModernMediaScanner: Failed to visit /sdcard/screen_2026-05-29_033403.png: java.nio.file.AccessDeniedException: /sdcard/screen_2026-05-29_033403.png
05-29 03:34:02.742  1445  1952 I MediaProvider: Scanned internal due to REASON_DEMAND, found 0 items in 2ms, 0 inserts 0 updates 0 deletes
05-29 03:34:02.743  1445  1952 I MediaProvider: End Intent { act=android.intent.action.MEDIA_SCANNER_SCAN_FILE dat=file:///sdcard/screen_2026-05-29_033403.png flg=0x1400010 cmp=com.android.providers.media.module/com.android.providers.media.MediaService }
05-29 03:34:02.762  1445  1682 I MediaProvider: Deleted 1 items on external_primary due to com.android.shell
05-29 03:34:02.786  5560  5562 I cmd     : oneway function results will be dropped but finished with status OK and parcel size 4
05-29 03:34:02.882  5590  5592 I cmd     : oneway function results will be dropped but finished with status OK and parcel size 4
05-29 03:34:02.929  5605  5607 I cmd     : oneway function results will be dropped but finished with status OK and parcel size 4
05-29 03:34:03.004  5617  5617 E libc    : Access denied finding property "persist.device_config.runtime_native_boot.profilebootclasspath"
05-29 03:34:03.004  5617  5617 E libc    : Access denied finding property "persist.device_config.runtime_native_boot.enable_apex_image"
05-29 03:34:03.004  5617  5617 I AndroidRuntime: Using default boot image
05-29 03:34:03.004  5617  5617 E libc    : Access denied finding property "persist.device_config.runtime_native_boot.disable_lock_profiling"
05-29 03:34:03.004  5617  5617 I AndroidRuntime: Leaving lock profiling enabled
05-29 03:34:03.004  5617  5617 E libc    : Access denied finding property "persist.device_config.runtime_native_boot.enable_generational_cc"
05-29 03:34:03.006  5617  5617 I app_process: Core platform API reporting enabled, enforcing=false
05-29 03:34:03.042  5617  5617 W app_process: Unexpected CPU variant for X86 using defaults: x86_64
05-29 03:34:03.043  5617  5617 I app_process: The ClassLoaderContext is a special shared library.
05-29 03:34:03.049  5617  5617 W app_process: JNI RegisterNativeMethods: attempt to register 0 native methods for android.media.AudioAttributes
05-29 03:34:04.768   158   158 I hwservicemanager: getTransport: Cannot find entry android.hardware.graphics.mapper@4.0::IMapper/default in either framework or device manifest.
05-29 03:34:04.768  5647  5647 I Gralloc4: mapper 4.x is not supported
05-29 03:34:04.806  1445  1952 I MediaProvider: Begin Intent { act=android.intent.action.MEDIA_SCANNER_SCAN_FILE dat=file:///sdcard/screen_2026-05-29_033405.png flg=0x1400010 cmp=com.android.providers.media.module/com.android.providers.media.MediaService }
05-29 03:34:04.808  5651  5653 I cmd     : oneway function results will be dropped but finished with status OK and parcel size 4
05-29 03:34:05.020     0     0 W audit   : audit_lost=297 audit_rate_limit=5 audit_backlog_limit=64
05-29 03:34:05.024     0     0 E audit   : rate limit exceeded
05-29 03:34:04.812  1445  1952 W ModernMediaScanner: Failed to visit /sdcard/screen_2026-05-29_033405.png: java.nio.file.AccessDeniedException: /sdcard/screen_2026-05-29_033405.png
05-29 03:34:04.813  1445  1952 I MediaProvider: Scanned internal due to REASON_DEMAND, found 0 items in 6ms, 0 inserts 0 updates 0 deletes
05-29 03:34:04.804  1445  1445 W com.android.providers.media.module: type=1400 audit(0.0:426): avc: denied { read } for comm=4173796E635461736B202331 name="primary" dev="tmpfs" ino=20393 scontext=u:r:mediaprovider_app:s0:c122,c256,c512,c768 tcontext=u:object_r:mnt_pass_through_file:s0 tclass=lnk_file permissive=0 app=com.android.providers.media.module
05-29 03:34:04.821  1445  1952 I MediaProvider: End Intent { act=android.intent.action.MEDIA_SCANNER_SCAN_FILE dat=file:///sdcard/screen_2026-05-29_033405.png flg=0x1400010 cmp=com.android.providers.media.module/com.android.providers.media.MediaService }
05-29 03:34:04.804  1445  1445 W com.android.providers.media.module: type=1400 audit(0.0:427): avc: denied { read } for comm=4173796E635461736B202331 name="primary" dev="tmpfs" ino=20393 scontext=u:r:mediaprovider_app:s0:c122,c256,c512,c768 tcontext=u:object_r:mnt_pass_through_file:s0 tclass=lnk_file permissive=0 app=com.android.providers.media.module
05-29 03:34:04.868  1445  1682 I MediaProvider: Deleted 1 items on external_primary due to com.android.shell
05-29 03:34:04.892  5662  5664 I cmd     : oneway function results will be dropped but finished with status OK and parcel size 4
05-29 03:34:05.011   158   158 I hwservicemanager: getTransport: Cannot find entry android.hardware.graphics.mapper@4.0::IMapper/default in either framework or device manifest.
05-29 03:34:05.012  5684  5684 I Gralloc4: mapper 4.x is not supported
05-29 03:34:05.048  5688  5690 I cmd     : oneway function results will be dropped but finished with status OK and parcel size 4
05-29 03:34:05.049  1445  1952 I MediaProvider: Begin Intent { act=android.intent.action.MEDIA_SCANNER_SCAN_FILE dat=file:///sdcard/screen_2026-05-29_033405.png flg=0x1400010 cmp=com.android.providers.media.module/com.android.providers.media.MediaService }
05-29 03:34:05.050  1445  1952 W ModernMediaScanner: Failed to visit /sdcard/screen_2026-05-29_033405.png: java.nio.file.AccessDeniedException: /sdcard/screen_2026-05-29_033405.png
05-29 03:34:05.051  1445  1952 I MediaProvider: Scanned internal due to REASON_DEMAND, found 0 items in 1ms, 0 inserts 0 updates 0 deletes
05-29 03:34:05.051  1445  1952 I MediaProvider: End Intent { act=android.intent.action.MEDIA_SCANNER_SCAN_FILE dat=file:///sdcard/screen_2026-05-29_033405.png flg=0x1400010 cmp=com.android.providers.media.module/com.android.providers.media.MediaService }
05-29 03:34:05.070  1445  1682 I MediaProvider: Deleted 1 items on external_primary due to com.android.shell
05-29 03:34:05.095  5699  5701 I cmd     : oneway function results will be dropped but finished with status OK and parcel size 4
05-29 03:34:05.218   158   158 I hwservicemanager: getTransport: Cannot find entry android.hardware.graphics.mapper@4.0::IMapper/default in either framework or device manifest.
05-29 03:34:05.218  5721  5721 I Gralloc4: mapper 4.x is not supported
05-29 03:34:05.256  5725  5727 I cmd     : oneway function results will be dropped but finished with status OK and parcel size 4
05-29 03:34:05.256  1445  1952 I MediaProvider: Begin Intent { act=android.intent.action.MEDIA_SCANNER_SCAN_FILE dat=file:///sdcard/screen_2026-05-29_033405.png flg=0x1400010 cmp=com.android.providers.media.module/com.android.providers.media.MediaService }
05-29 03:34:05.257  1445  1952 W ModernMediaScanner: Failed to visit /sdcard/screen_2026-05-29_033405.png: java.nio.file.AccessDeniedException: /sdcard/screen_2026-05-29_033405.png
05-29 03:34:05.257  1445  1952 I MediaProvider: Scanned internal due to REASON_DEMAND, found 0 items in 1ms, 0 inserts 0 updates 0 deletes
05-29 03:34:05.258  1445  1952 I MediaProvider: End Intent { act=android.intent.action.MEDIA_SCANNER_SCAN_FILE dat=file:///sdcard/screen_2026-05-29_033405.png flg=0x1400010 cmp=com.android.providers.media.module/com.android.providers.media.MediaService }
05-29 03:34:05.278  1445  2916 I MediaProvider: Deleted 1 items on external_primary due to com.android.shell
05-29 03:34:05.303  5736  5738 I cmd     : oneway function results will be dropped but finished with status OK and parcel size 4
05-29 03:34:05.374  5746  5746 E libc    : Access denied finding property "persist.device_config.runtime_native_boot.profilebootclasspath"
05-29 03:34:05.374  5746  5746 E libc    : Access denied finding property "persist.device_config.runtime_native_boot.enable_apex_image"
05-29 03:34:05.374  5746  5746 I AndroidRuntime: Using default boot image
05-29 03:34:05.374  5746  5746 E libc    : Access denied finding property "persist.device_config.runtime_native_boot.disable_lock_profiling"
05-29 03:34:05.374  5746  5746 I AndroidRuntime: Leaving lock profiling enabled
05-29 03:34:05.374  5746  5746 E libc    : Access denied finding property "persist.device_config.runtime_native_boot.enable_generational_cc"
05-29 03:34:05.376  5746  5746 I app_process: Core platform API reporting enabled, enforcing=false
05-29 03:34:05.414  5746  5746 W app_process: Unexpected CPU variant for X86 using defaults: x86_64
05-29 03:34:05.415  5746  5746 I app_process: The ClassLoaderContext is a special shared library.
05-29 03:34:05.421  5746  5746 W app_process: JNI RegisterNativeMethods: attempt to register 0 native methods for android.media.AudioAttributes
05-29 03:34:05.479   507   578 W InputReader: Device virtio_input_multi_touch_10 is associated with display ADISPLAY_ID_NONE.
05-29 03:34:05.479   507   578 W InputReader: Device virtio_input_multi_touch_7 is associated with display ADISPLAY_ID_NONE.
05-29 03:34:05.479   507   578 W InputReader: Device virtio_input_multi_touch_11 is associated with display ADISPLAY_ID_NONE.
05-29 03:34:05.479   507   578 W InputReader: Device virtio_input_multi_touch_5 is associated with display ADISPLAY_ID_NONE.
05-29 03:34:05.479   507   578 W InputReader: Device virtio_input_multi_touch_2 is associated with display ADISPLAY_ID_NONE.
05-29 03:34:05.479   507   578 W InputReader: Device virtio_input_multi_touch_6 is associated with display ADISPLAY_ID_NONE.
05-29 03:34:05.479   507   578 W InputReader: Device virtio_input_multi_touch_8 is associated with display ADISPLAY_ID_NONE.
05-29 03:34:05.479   507   578 W InputReader: Device virtio_input_multi_touch_9 is associated with display ADISPLAY_ID_NONE.
05-29 03:34:05.479   507   578 W InputReader: Device virtio_input_multi_touch_3 is associated with display ADISPLAY_ID_NONE.
05-29 03:34:05.479   507   578 W InputReader: Device virtio_input_multi_touch_4 is associated with display ADISPLAY_ID_NONE.
05-29 03:34:05.479   507   578 W InputReader: Device virtio_input_multi_touch_10 is associated with display ADISPLAY_ID_NONE.
05-29 03:34:05.479   507   578 W InputReader: Device virtio_input_multi_touch_7 is associated with display ADISPLAY_ID_NONE.
05-29 03:34:05.479   507   578 W InputReader: Device virtio_input_multi_touch_11 is associated with display ADISPLAY_ID_NONE.
05-29 03:34:05.479   507   578 W InputReader: Device virtio_input_multi_touch_5 is associated with display ADISPLAY_ID_NONE.
05-29 03:34:05.479   507   578 W InputReader: Device virtio_input_multi_touch_2 is associated with display ADISPLAY_ID_NONE.
05-29 03:34:05.479   507   578 W InputReader: Device virtio_input_multi_touch_6 is associated with display ADISPLAY_ID_NONE.
05-29 03:34:05.479   507   578 W InputReader: Device virtio_input_multi_touch_8 is associated with display ADISPLAY_ID_NONE.
05-29 03:34:05.479   507   578 W InputReader: Device virtio_input_multi_touch_9 is associated with display ADISPLAY_ID_NONE.
05-29 03:34:05.479   507   578 W InputReader: Device virtio_input_multi_touch_3 is associated with display ADISPLAY_ID_NONE.
05-29 03:34:05.479   507   578 W InputReader: Device virtio_input_multi_touch_4 is associated with display ADISPLAY_ID_NONE.
05-29 03:34:05.508   158   158 I hwservicemanager: getTransport: Cannot find entry android.hardware.configstore@1.0::ISurfaceFlingerConfigs/default in either framework or device manifest.
05-29 03:34:05.563   346   346 E Layer   : [Surface(name=Task=1)/@0x15b2098 - animation-leash#0] No local sync point found
05-29 03:34:05.563   346   346 I chatty  : uid=1000(system) /system/bin/surfaceflinger identical 1 line
05-29 03:34:05.563   346   346 E Layer   : [Surface(name=Task=1)/@0x15b2098 - animation-leash#0] No local sync point found
05-29 03:34:05.563   346   346 E Layer   : [Surface(name=Task=9)/@0xf0f1275 - animation-leash#0] No local sync point found
05-29 03:34:05.563   346   346 I chatty  : uid=1000(system) /system/bin/surfaceflinger identical 1 line
05-29 03:34:05.563   346   346 E Layer   : [Surface(name=Task=9)/@0xf0f1275 - animation-leash#0] No local sync point found
05-29 03:34:05.696   346   346 E Layer   : [Surface(name=Task=1)/@0x15b2098 - animation-leash#0] No local sync point found
05-29 03:34:05.696   346   346 E Layer   : [Surface(name=Task=9)/@0xf0f1275 - animation-leash#0] No local sync point found
05-29 03:34:05.793   158   158 I hwservicemanager: getTransport: Cannot find entry android.hardware.graphics.allocator@4.0::IAllocator/default in either framework or device manifest.
05-29 03:34:05.793   507   578 W Gralloc4: allocator 3.x is not supported
05-29 03:34:05.796   346   346 E Layer   : [Surface(name=Task=1)/@0x15b2098 - animation-leash#0] No local sync point found
05-29 03:34:05.796   346   346 E Layer   : [Surface(name=Task=9)/@0xf0f1275 - animation-leash#0] No local sync point found
05-29 03:34:05.813   346   346 E Layer   : [Surface(name=Task=1)/@0x15b2098 - animation-leash#0] No local sync point found
05-29 03:34:05.813   346   346 E Layer   : [Surface(name=Task=9)/@0xf0f1275 - animation-leash#0] No local sync point found
05-29 03:34:05.829   346   346 E Layer   : [Surface(name=Task=1)/@0x15b2098 - animation-leash#0] No local sync point found
05-29 03:34:05.829   346   346 E Layer   : [Surface(name=Task=9)/@0xf0f1275 - animation-leash#0] No local sync point found
05-29 03:34:06.765   507  5775 I system_server: The ClassLoaderContext is a special shared library.
05-29 03:34:06.790   507  5775 I chatty  : uid=1000(system) BackgroundDexOp identical 18 lines
05-29 03:34:06.790   507  5775 I system_server: The ClassLoaderContext is a special shared library.
05-29 03:34:06.835  5778  5778 W dex2oat32: Unexpected CPU variant for X86 using defaults: x86_64
05-29 03:34:06.836  5778  5778 I dex2oat32: /apex/com.android.art/bin/dex2oat32 --input-vdex-fd=-1 --output-vdex-fd=9 --updatable-bcp-packages-file=/system/etc/updatable-bcp-packages.txt --resolve-startup-const-strings=true --max-image-block-size=524288 --compiler-filter=verify --classpath-dir=/apex/com.android.os.statsd/javalib --class-loader-context=PCL[];PCL[/system/framework/com.android.location.provider.jar:/system/framework/services.jar:/system/framework/ethernet-service.jar:/apex/com.android.permission/javalib/service-permission.jar:/apex/com.android.wifi/javalib/service-wifi.jar:/apex/com.android.ipsec/javalib/android.net.ipsec.ike.jar] --generate-mini-debug-info --compact-dex-level=none --compilation-reason=boot
05-29 03:34:06.839  5778  5778 I dex2oat32: setting boot class path to /apex/com.android.art/javalib/core-oj.jar:/apex/com.android.art/javalib/core-libart.jar:/apex/com.android.art/javalib/core-icu4j.jar:/apex/com.android.art/javalib/okhttp.jar:/apex/com.android.art/javalib/bouncycastle.jar:/apex/com.android.art/javalib/apache-xml.jar:/system/framework/framework.jar:/system/framework/ext.jar:/system/framework/telephony-common.jar:/system/framework/voip-common.jar:/system/framework/ims-common.jar:/system/framework/framework-atb-backward-compatibility.jar
05-29 03:34:06.884  5778  5778 I dex2oat32: dex2oat took 50.406ms (30.270ms cpu) (threads: 2) arena alloc=0B (0B) java alloc=33KB (34600B) native alloc=1006KB (1030320B) free=1489KB (1525440B)
05-29 03:34:06.889   507  5775 I system_server: The ClassLoaderContext is a special shared library.
05-29 03:34:06.932   507  5775 I chatty  : uid=1000(system) BackgroundDexOp identical 43 lines
05-29 03:34:06.933   507  5775 I system_server: The ClassLoaderContext is a special shared library.
05-29 03:34:06.933   507  5775 I PackageDexOptimizer: Running dexopt (dexoptNeeded=1) on: /data/app/~~FznOgHvMxPEwdozLnbSZ6Q==/io.github.ylimit.droidbotapp-vNYRWGR7AeWvZNfSc3RJaA==/base.apk pkg=io.github.ylimit.droidbotapp isa=x86_64 dexoptFlags=boot_complete,debuggable,public,enable_hidden_api_checks targetFilter=verify oatDir=/data/app/~~FznOgHvMxPEwdozLnbSZ6Q==/io.github.ylimit.droidbotapp-vNYRWGR7AeWvZNfSc3RJaA==/oat classLoaderContext=PCL[]{}
05-29 03:34:06.946  5796  5796 W dex2oat32: Unexpected CPU variant for X86 using defaults: x86_64
05-29 03:34:06.947  5796  5796 I dex2oat32: /apex/com.android.art/bin/dex2oat32 --input-vdex-fd=-1 --output-vdex-fd=9 --updatable-bcp-packages-file=/system/etc/updatable-bcp-packages.txt --resolve-startup-const-strings=true --max-image-block-size=524288 --compiler-filter=verify --debuggable --classpath-dir=/data/app/~~FznOgHvMxPEwdozLnbSZ6Q==/io.github.ylimit.droidbotapp-vNYRWGR7AeWvZNfSc3RJaA== --class-loader-context=PCL[]{} --generate-mini-debug-info --compact-dex-level=none --compilation-reason=boot
05-29 03:34:06.948  5796  5796 I dex2oat32: setting boot class path to /apex/com.android.art/javalib/core-oj.jar:/apex/com.android.art/javalib/core-libart.jar:/apex/com.android.art/javalib/core-icu4j.jar:/apex/com.android.art/javalib/okhttp.jar:/apex/com.android.art/javalib/bouncycastle.jar:/apex/com.android.art/javalib/apache-xml.jar:/system/framework/framework.jar:/system/framework/ext.jar:/system/framework/telephony-common.jar:/system/framework/voip-common.jar:/system/framework/ims-common.jar:/system/framework/framework-atb-backward-compatibility.jar
05-29 03:34:06.978   158   158 I hwservicemanager: getTransport: Cannot find entry android.hardware.graphics.mapper@4.0::IMapper/default in either framework or device manifest.
05-29 03:34:06.978  5794  5794 I Gralloc4: mapper 4.x is not supported
05-29 03:34:07.053  5800  5803 I cmd     : oneway function results will be dropped but finished with status OK and parcel size 4
05-29 03:34:07.054  1445  1952 I MediaProvider: Begin Intent { act=android.intent.action.MEDIA_SCANNER_SCAN_FILE dat=file:///sdcard/screen_2026-05-29_033407.png flg=0x1400010 cmp=com.android.providers.media.module/com.android.providers.media.MediaService }
05-29 03:34:07.057  1445  1952 W ModernMediaScanner: Failed to visit /sdcard/screen_2026-05-29_033407.png: java.nio.file.AccessDeniedException: /sdcard/screen_2026-05-29_033407.png
05-29 03:34:07.058  1445  1952 I MediaProvider: Scanned internal due to REASON_DEMAND, found 0 items in 3ms, 0 inserts 0 updates 0 deletes
05-29 03:34:07.058  1445  1952 I MediaProvider: End Intent { act=android.intent.action.MEDIA_SCANNER_SCAN_FILE dat=file:///sdcard/screen_2026-05-29_033407.png flg=0x1400010 cmp=com.android.providers.media.module/com.android.providers.media.MediaService }
05-29 03:34:07.268     0     0 W audit   : audit_lost=314 audit_rate_limit=5 audit_backlog_limit=64
05-29 03:34:07.270     0     0 E audit   : rate limit exceeded
05-29 03:34:07.052  1445  1445 W com.android.providers.media.module: type=1400 audit(0.0:448): avc: denied { read } for comm=4173796E635461736B202331 name="primary" dev="tmpfs" ino=20393 scontext=u:r:mediaprovider_app:s0:c122,c256,c512,c768 tcontext=u:object_r:mnt_pass_through_file:s0 tclass=lnk_file permissive=0 app=com.android.providers.media.module
05-29 03:34:07.115  1445  1683 I MediaProvider: Deleted 1 items on external_primary due to com.android.shell
05-29 03:34:07.124  5796  5796 W dex2oat32: Accessing hidden method Landroid/graphics/Bitmap;->getHardwareBuffer()Landroid/hardware/HardwareBuffer; (blacklist, linking, denied)
05-29 03:34:07.151  5812  5814 I cmd     : oneway function results will be dropped but finished with status OK and parcel size 4
05-29 03:34:07.208   507   539 I DropBoxManagerService: add tag=system_server_strictmode isTagEnabled=true flags=0x2
05-29 03:34:07.284   158   158 I hwservicemanager: getTransport: Cannot find entry android.hardware.graphics.mapper@4.0::IMapper/default in either framework or device manifest.
05-29 03:34:07.284  5834  5834 I Gralloc4: mapper 4.x is not supported
05-29 03:34:07.355  5838  5840 I cmd     : oneway function results will be dropped but finished with status OK and parcel size 4
05-29 03:34:07.355  1445  1952 I MediaProvider: Begin Intent { act=android.intent.action.MEDIA_SCANNER_SCAN_FILE dat=file:///sdcard/screen_2026-05-29_033407.png flg=0x1400010 cmp=com.android.providers.media.module/com.android.providers.media.MediaService }
05-29 03:34:07.356  1445  1952 W ModernMediaScanner: Failed to visit /sdcard/screen_2026-05-29_033407.png: java.nio.file.AccessDeniedException: /sdcard/screen_2026-05-29_033407.png
05-29 03:34:07.357  1445  1952 I MediaProvider: Scanned internal due to REASON_DEMAND, found 0 items in 1ms, 0 inserts 0 updates 0 deletes
05-29 03:34:07.357  1445  1952 I MediaProvider: End Intent { act=android.intent.action.MEDIA_SCANNER_SCAN_FILE dat=file:///sdcard/screen_2026-05-29_033407.png flg=0x1400010 cmp=com.android.providers.media.module/com.android.providers.media.MediaService }
05-29 03:34:07.426  1445  1682 I MediaProvider: Deleted 1 items on external_primary due to com.android.shell
05-29 03:34:07.454  5796  5796 I dex2oat32: dex2oat took 508.021ms (463.646ms cpu) (threads: 2) arena alloc=0B (0B) java alloc=4944KB (5062696B) native alloc=3813KB (3905120B) free=1666KB (1706992B)
05-29 03:34:07.459   507  5775 I system_server: The ClassLoaderContext is a special shared library.
05-29 03:34:07.459  5850  5851 I cmd     : oneway function results will be dropped but finished with status OK and parcel size 4
05-29 03:34:07.460   507  5775 I system_server: The ClassLoaderContext is a special shared library.
05-29 03:34:07.462   507  5775 I chatty  : uid=1000(system) BackgroundDexOp identical 2 lines
05-29 03:34:07.464   507  5775 I system_server: The ClassLoaderContext is a special shared library.
05-29 03:34:07.464   507  5775 I PackageDexOptimizer: Running dexopt (dexoptNeeded=1) on: /data/app/~~c8JrYF_VmZq2PogQlDkDhQ==/com.mocoding.pokedex.android-3Gw0TmyVTQj-46SweMMryw==/base.apk pkg=com.mocoding.pokedex.android isa=x86_64 dexoptFlags=boot_complete,debuggable,public,enable_hidden_api_checks targetFilter=verify oatDir=/data/app/~~c8JrYF_VmZq2PogQlDkDhQ==/com.mocoding.pokedex.android-3Gw0TmyVTQj-46SweMMryw==/oat classLoaderContext=PCL[]{}
05-29 03:34:07.474  5853  5853 W dex2oat32: Unexpected CPU variant for X86 using defaults: x86_64
05-29 03:34:07.474  5853  5853 I dex2oat32: /apex/com.android.art/bin/dex2oat32 --input-vdex-fd=-1 --output-vdex-fd=9 --updatable-bcp-packages-file=/system/etc/updatable-bcp-packages.txt --resolve-startup-const-strings=true --max-image-block-size=524288 --compiler-filter=verify --debuggable --classpath-dir=/data/app/~~c8JrYF_VmZq2PogQlDkDhQ==/com.mocoding.pokedex.android-3Gw0TmyVTQj-46SweMMryw== --class-loader-context=PCL[]{} --generate-mini-debug-info --compact-dex-level=none --compilation-reason=boot
05-29 03:34:07.476  5853  5853 I dex2oat32: setting boot class path to /apex/com.android.art/javalib/core-oj.jar:/apex/com.android.art/javalib/core-libart.jar:/apex/com.android.art/javalib/core-icu4j.jar:/apex/com.android.art/javalib/okhttp.jar:/apex/com.android.art/javalib/bouncycastle.jar:/apex/com.android.art/javalib/apache-xml.jar:/system/framework/framework.jar:/system/framework/ext.jar:/system/framework/telephony-common.jar:/system/framework/voip-common.jar:/system/framework/ims-common.jar:/system/framework/framework-atb-backward-compatibility.jar
05-29 03:34:07.599   158   158 I hwservicemanager: getTransport: Cannot find entry android.hardware.graphics.mapper@4.0::IMapper/default in either framework or device manifest.
05-29 03:34:07.599  5874  5874 I Gralloc4: mapper 4.x is not supported
05-29 03:34:07.673  1445  1952 I MediaProvider: Begin Intent { act=android.intent.action.MEDIA_SCANNER_SCAN_FILE dat=file:///sdcard/screen_2026-05-29_033408.png flg=0x1400010 cmp=com.android.providers.media.module/com.android.providers.media.MediaService }
05-29 03:34:07.678  1445  1952 W ModernMediaScanner: Failed to visit /sdcard/screen_2026-05-29_033408.png: java.nio.file.AccessDeniedException: /sdcard/screen_2026-05-29_033408.png
05-29 03:34:07.678  1445  1952 I MediaProvider: Scanned internal due to REASON_DEMAND, found 0 items in 4ms, 0 inserts 0 updates 0 deletes
05-29 03:34:07.679  1445  1952 I MediaProvider: End Intent { act=android.intent.action.MEDIA_SCANNER_SCAN_FILE dat=file:///sdcard/screen_2026-05-29_033408.png flg=0x1400010 cmp=com.android.providers.media.module/com.android.providers.media.MediaService }
05-29 03:34:07.703  1445  2916 I MediaProvider: Deleted 1 items on external_primary due to com.android.shell
05-29 03:34:07.782   507  4981 I ActivityTaskManager: START u0 {act=android.intent.action.MAIN cat=[android.intent.category.LAUNCHER] flg=0x10000000 cmp=com.mocoding.pokedex.android/.MainActivity} from uid 2000
05-29 03:34:07.785  5901  5903 I cmd     : oneway function results will be dropped but finished with status OK and parcel size 4
05-29 03:34:07.787   411   411 I perfetto: ing_service_impl.cc:758 Configured tracing session 6, #sources:1, duration:5000 ms, #buffers:1, total buffer size:4096 KB, total sessions:1, uid:1071 session name: ""
05-29 03:34:07.787   406   406 I perfetto: probes_producer.cc:230  Ftrace setup (target_buf=6)
05-29 03:34:07.788   507  4981 W ActivityTaskManager: Tried to set launchTime (0) < mLastActivityLaunchTime (34499)
05-29 03:34:07.788   507  4981 W InputReader: Device virtio_input_multi_touch_10 is associated with display ADISPLAY_ID_NONE.
05-29 03:34:07.788   507  4981 W InputReader: Device virtio_input_multi_touch_7 is associated with display ADISPLAY_ID_NONE.
05-29 03:34:07.788   507  4981 W InputReader: Device virtio_input_multi_touch_11 is associated with display ADISPLAY_ID_NONE.
05-29 03:34:07.788   507  4981 W InputReader: Device virtio_input_multi_touch_5 is associated with display ADISPLAY_ID_NONE.
05-29 03:34:07.788   507  4981 W InputReader: Device virtio_input_multi_touch_2 is associated with display ADISPLAY_ID_NONE.
05-29 03:34:07.788   507  4981 W InputReader: Device virtio_input_multi_touch_6 is associated with display ADISPLAY_ID_NONE.
05-29 03:34:07.788   507  4981 W InputReader: Device virtio_input_multi_touch_8 is associated with display ADISPLAY_ID_NONE.
05-29 03:34:07.788   507  4981 W InputReader: Device virtio_input_multi_touch_9 is associated with display ADISPLAY_ID_NONE.
05-29 03:34:07.788   507  4981 W InputReader: Device virtio_input_multi_touch_3 is associated with display ADISPLAY_ID_NONE.
05-29 03:34:07.788   507  4981 W InputReader: Device virtio_input_multi_touch_4 is associated with display ADISPLAY_ID_NONE.
05-29 03:34:07.788   507  4981 W InputReader: Device virtio_input_multi_touch_10 is associated with display ADISPLAY_ID_NONE.
05-29 03:34:07.789   507  4981 W InputReader: Device virtio_input_multi_touch_7 is associated with display ADISPLAY_ID_NONE.
05-29 03:34:07.789   507  4981 W InputReader: Device virtio_input_multi_touch_11 is associated with display ADISPLAY_ID_NONE.
05-29 03:34:07.789   507  4981 W InputReader: Device virtio_input_multi_touch_5 is associated with display ADISPLAY_ID_NONE.
05-29 03:34:07.789   507  4981 W InputReader: Device virtio_input_multi_touch_2 is associated with display ADISPLAY_ID_NONE.
05-29 03:34:07.789   507  4981 W InputReader: Device virtio_input_multi_touch_6 is associated with display ADISPLAY_ID_NONE.
05-29 03:34:07.789   507  4981 W InputReader: Device virtio_input_multi_touch_8 is associated with display ADISPLAY_ID_NONE.
05-29 03:34:07.789   507  4981 W InputReader: Device virtio_input_multi_touch_9 is associated with display ADISPLAY_ID_NONE.
05-29 03:34:07.789   507  4981 W InputReader: Device virtio_input_multi_touch_3 is associated with display ADISPLAY_ID_NONE.
05-29 03:34:07.789   507  4981 W InputReader: Device virtio_input_multi_touch_4 is associated with display ADISPLAY_ID_NONE.
05-29 03:34:07.818   406   406 I perfetto: ftrace_procfs.cc:176    enabled ftrace
05-29 03:34:08.030     0     0 W perfetto: enabled ftrace
05-29 03:34:07.983   507   545 I ActivityTaskManager: Displayed com.mocoding.pokedex.android/.MainActivity: +200ms
05-29 03:34:08.469  5853  5853 W dex2oat32: Could not reserve sentinel fault page
05-29 03:34:08.490  5853  5853 I dex2oat32: Large app, accepted running with swap.
05-29 03:34:08.948   158   158 I hwservicemanager: getTransport: Cannot find entry android.hardware.graphics.mapper@4.0::IMapper/default in either framework or device manifest.
05-29 03:34:08.948  5942  5942 I Gralloc4: mapper 4.x is not supported
05-29 03:34:09.011  1445  1952 I MediaProvider: Begin Intent { act=android.intent.action.MEDIA_SCANNER_SCAN_FILE dat=file:///sdcard/screen_2026-05-29_033409.png flg=0x1400010 cmp=com.android.providers.media.module/com.android.providers.media.MediaService }
05-29 03:34:09.238     0     0 W audit   : audit_lost=327 audit_rate_limit=5 audit_backlog_limit=64
05-29 03:34:09.240     0     0 E audit   : rate limit exceeded
05-29 03:34:09.028  1445  1952 W ModernMediaScanner: Failed to visit /sdcard/screen_2026-05-29_033409.png: java.nio.file.AccessDeniedException: /sdcard/screen_2026-05-29_033409.png
05-29 03:34:09.031  1445  1952 I MediaProvider: Scanned internal due to REASON_DEMAND, found 0 items in 7ms, 0 inserts 0 updates 0 deletes
05-29 03:34:09.034  1445  1952 I MediaProvider: End Intent { act=android.intent.action.MEDIA_SCANNER_SCAN_FILE dat=file:///sdcard/screen_2026-05-29_033409.png flg=0x1400010 cmp=com.android.providers.media.module/com.android.providers.media.MediaService }
05-29 03:34:09.008  1445  1445 W com.android.providers.media.module: type=1400 audit(0.0:466): avc: denied { read } for comm=4173796E635461736B202331 name="primary" dev="tmpfs" ino=20393 scontext=u:r:mediaprovider_app:s0:c122,c256,c512,c768 tcontext=u:object_r:mnt_pass_through_file:s0 tclass=lnk_file permissive=0 app=com.android.providers.media.module
05-29 03:34:09.047  1445  1683 I MediaProvider: Deleted 1 items on external_primary due to com.android.shell
05-29 03:34:09.008  1445  1445 W com.android.providers.media.module: type=1400 audit(0.0:467): avc: denied { read } for comm=4173796E635461736B202331 name="primary" dev="tmpfs" ino=20393 scontext=u:r:mediaprovider_app:s0:c122,c256,c512,c768 tcontext=u:object_r:mnt_pass_through_file:s0 tclass=lnk_file permissive=0 app=com.android.providers.media.module
05-29 03:34:09.024  1445  1445 I chatty  : uid=10122(com.android.providers.media.module) identical 2 lines
05-29 03:34:09.024  1445  1445 W com.android.providers.media.module: type=1400 audit(0.0:470): avc: denied { read } for comm=4173796E635461736B202331 name="primary" dev="tmpfs" ino=20393 scontext=u:r:mediaprovider_app:s0:c122,c256,c512,c768 tcontext=u:object_r:mnt_pass_through_file:s0 tclass=lnk_file permissive=0 app=com.android.providers.media.module
05-29 03:34:09.108  5957  5958 I cmd     : oneway function results will be dropped but finished with status OK and parcel size 4
05-29 03:34:09.269   158   158 I hwservicemanager: getTransport: Cannot find entry android.hardware.graphics.mapper@4.0::IMapper/default in either framework or device manifest.
05-29 03:34:09.269  5979  5979 I Gralloc4: mapper 4.x is not supported
05-29 03:34:09.314  1445  1952 I MediaProvider: Begin Intent { act=android.intent.action.MEDIA_SCANNER_SCAN_FILE dat=file:///sdcard/screen_2026-05-29_033409.png flg=0x1400010 cmp=com.android.providers.media.module/com.android.providers.media.MediaService }
05-29 03:34:09.315  1445  1952 W ModernMediaScanner: Failed to visit /sdcard/screen_2026-05-29_033409.png: java.nio.file.AccessDeniedException: /sdcard/screen_2026-05-29_033409.png
05-29 03:34:09.315  1445  1952 I MediaProvider: Scanned internal due to REASON_DEMAND, found 0 items in 1ms, 0 inserts 0 updates 0 deletes
05-29 03:34:09.316  5983  5985 I cmd     : oneway function results will be dropped but finished with status OK and parcel size 4
05-29 03:34:09.317  1445  1952 I MediaProvider: End Intent { act=android.intent.action.MEDIA_SCANNER_SCAN_FILE dat=file:///sdcard/screen_2026-05-29_033409.png flg=0x1400010 cmp=com.android.providers.media.module/com.android.providers.media.MediaService }
05-29 03:34:09.351  1445  1682 I MediaProvider: Deleted 1 items on external_primary due to com.android.shell
05-29 03:34:09.393  5994  5995 I cmd     : oneway function results will be dropped but finished with status OK and parcel size 4
05-29 03:34:09.475  5853  5853 I dex2oat32: Explicit concurrent copying GC freed 73151(10MB) AllocSpace objects, 0(0B) LOS objects, 99% free, 8968B/1544KB, paused 22us total 21.811ms
05-29 03:34:09.479  5853  5853 I dex2oat32: Explicit concurrent copying GC freed 420(61KB) AllocSpace objects, 0(0B) LOS objects, 99% free, 11KB/1547KB, paused 6us total 1.258ms
05-29 03:34:09.488  5853  5853 I dex2oat32: Explicit concurrent copying GC freed 1436(205KB) AllocSpace objects, 0(0B) LOS objects, 99% free, 13KB/1549KB, paused 7us total 1.304ms
05-29 03:34:09.495  5853  5853 I dex2oat32: Explicit concurrent copying GC freed 880(125KB) AllocSpace objects, 0(0B) LOS objects, 98% free, 16KB/1552KB, paused 10us total 1.210ms
05-29 03:34:09.499  5853  5853 I dex2oat32: Explicit concurrent copying GC freed 441(77KB) AllocSpace objects, 0(0B) LOS objects, 98% free, 18KB/1554KB, paused 6us total 1.302ms
05-29 03:34:09.504  5853  5853 I dex2oat32: Explicit concurrent copying GC freed 520(77KB) AllocSpace objects, 0(0B) LOS objects, 98% free, 21KB/1557KB, paused 6us total 1.172ms
05-29 03:34:09.507  5853  5853 I dex2oat32: Explicit concurrent copying GC freed 258(29KB) AllocSpace objects, 0(0B) LOS objects, 98% free, 23KB/1559KB, paused 6us total 1.088ms
05-29 03:34:09.509  5853  5853 I dex2oat32: Explicit concurrent copying GC freed 169(29KB) AllocSpace objects, 0(0B) LOS objects, 98% free, 26KB/1562KB, paused 6us total 1.057ms
05-29 03:34:09.512  5853  5853 I dex2oat32: Explicit concurrent copying GC freed 232(29KB) AllocSpace objects, 0(0B) LOS objects, 98% free, 28KB/1564KB, paused 6us total 1.134ms
05-29 03:34:09.515  5853  5853 I dex2oat32: Explicit concurrent copying GC freed 266(45KB) AllocSpace objects, 0(0B) LOS objects, 98% free, 31KB/1567KB, paused 6us total 1.088ms
05-29 03:34:09.522  5853  5853 I dex2oat32: Explicit concurrent copying GC freed 856(141KB) AllocSpace objects, 0(0B) LOS objects, 97% free, 33KB/1569KB, paused 6us total 1.141ms
05-29 03:34:09.525  5853  5853 I dex2oat32: Explicit concurrent copying GC freed 397(61KB) AllocSpace objects, 0(0B) LOS objects, 97% free, 36KB/1572KB, paused 6us total 1.094ms
05-29 03:34:09.535   158   158 I hwservicemanager: getTransport: Cannot find entry android.hardware.graphics.mapper@4.0::IMapper/default in either framework or device manifest.
05-29 03:34:09.535  6020  6020 I Gralloc4: mapper 4.x is not supported
05-29 03:34:09.539  5853  5853 I dex2oat32: Explicit concurrent copying GC freed 742(109KB) AllocSpace objects, 0(0B) LOS objects, 97% free, 39KB/1575KB, paused 65us total 7.571ms
05-29 03:34:09.547  5853  5853 I dex2oat32: Explicit concurrent copying GC freed 464(77KB) AllocSpace objects, 0(0B) LOS objects, 97% free, 41KB/1577KB, paused 34us total 1.293ms
05-29 03:34:09.550  5853  5853 I dex2oat32: Explicit concurrent copying GC freed 183(29KB) AllocSpace objects, 0(0B) LOS objects, 97% free, 44KB/1580KB, paused 6us total 1.096ms
05-29 03:34:09.554  5853  5853 I dex2oat32: Explicit concurrent copying GC freed 659(141KB) AllocSpace objects, 0(0B) LOS objects, 97% free, 46KB/1582KB, paused 6us total 1.139ms
