05-29 03:59:03.157  8377  8377 E ViewConfiguration: 	at com.android.internal.os.ZygoteInit.main(ZygoteInit.java:947)
05-29 03:59:03.157   510   601 I InputDispatcher: Dropping event because there is no touched foreground window in display 0 or gesture monitor to receive it.
05-29 03:59:03.157   510   601 I chatty  : uid=1000(system) InputDispatcher identical 1 line
05-29 03:59:03.158   510   601 I InputDispatcher: Dropping event because there is no touched foreground window in display 0 or gesture monitor to receive it.
05-29 03:59:03.158  8377  8377 E ContextImpl: Tried to access visual service WindowManager from a non-visual Context:com.android.documentsui.DocumentsApplication@8bd0fa3 Visual services, such as WindowManager, WallpaperService or LayoutInflater should be accessed from Activity or other visual Context. Use an Activity or a Context created with Context#createWindowContext(int, Bundle), which are adjusted to the configuration and visual bounds of an area on screen.
05-29 03:59:03.158  8377  8377 E ContextImpl: java.lang.IllegalAccessException: Tried to access visual service WindowManager from a non-visual Context:com.android.documentsui.DocumentsApplication@8bd0fa3
05-29 03:59:03.158  8377  8377 E ContextImpl: 	at android.app.ContextImpl.getSystemService(ContextImpl.java:1914)
05-29 03:59:03.158  8377  8377 E ContextImpl: 	at android.content.ContextWrapper.getSystemService(ContextWrapper.java:803)
05-29 03:59:03.158  8377  8377 E ContextImpl: 	at android.content.Context.getSystemService(Context.java:3705)
05-29 03:59:03.158  8377  8377 E ContextImpl: 	at android.view.ViewConfiguration.<init>(ViewConfiguration.java:422)
05-29 03:59:03.158  8377  8377 E ContextImpl: 	at android.view.ViewConfiguration.get(ViewConfiguration.java:520)
05-29 03:59:03.158  8377  8377 E ContextImpl: 	at android.view.View.<init>(View.java:5317)
05-29 03:59:03.158  8377  8377 E ContextImpl: 	at android.view.View.<init>(View.java:5467)
05-29 03:59:03.158  8377  8377 E ContextImpl: 	at android.view.ViewGroup.<init>(ViewGroup.java:697)
05-29 03:59:03.158  8377  8377 E ContextImpl: 	at android.widget.LinearLayout.<init>(LinearLayout.java:254)
05-29 03:59:03.158  8377  8377 E ContextImpl: 	at android.widget.LinearLayout.<init>(LinearLayout.java:250)
05-29 03:59:03.158  8377  8377 E ContextImpl: 	at android.widget.LinearLayout.<init>(LinearLayout.java:246)
05-29 03:59:03.158  8377  8377 E ContextImpl: 	at java.lang.reflect.Constructor.newInstance0(Native Method)
05-29 03:59:03.158  8377  8377 E ContextImpl: 	at java.lang.reflect.Constructor.newInstance(Constructor.java:343)
05-29 03:59:03.158  8377  8377 E ContextImpl: 	at android.view.LayoutInflater.createView(LayoutInflater.java:852)
05-29 03:59:03.158  8377  8377 E ContextImpl: 	at android.view.LayoutInflater.createView(LayoutInflater.java:774)
05-29 03:59:03.158  8377  8377 E ContextImpl: 	at com.android.internal.policy.PhoneLayoutInflater.onCreateView(PhoneLayoutInflater.java:58)
05-29 03:59:03.158  8377  8377 E ContextImpl: 	at android.view.LayoutInflater.onCreateView(LayoutInflater.java:928)
05-29 03:59:03.158  8377  8377 E ContextImpl: 	at android.view.LayoutInflater.onCreateView(LayoutInflater.java:948)
05-29 03:59:03.158  8377  8377 E ContextImpl: 	at android.view.LayoutInflater.createViewFromTag(LayoutInflater.java:1002)
05-29 03:59:03.158  8377  8377 E ContextImpl: 	at android.view.LayoutInflater.createViewFromTag(LayoutInflater.java:959)
05-29 03:59:03.158  8377  8377 E ContextImpl: 	at android.view.LayoutInflater.inflate(LayoutInflater.java:657)
05-29 03:59:03.158  8377  8377 E ContextImpl: 	at android.view.LayoutInflater.inflate(LayoutInflater.java:532)
05-29 03:59:03.158  8377  8377 E ContextImpl: 	at android.view.LayoutInflater.inflate(LayoutInflater.java:479)
05-29 03:59:03.158  8377  8377 E ContextImpl: 	at com.android.documentsui.DragShadowBuilder.<init>(DragShadowBuilder.java:49)
05-29 03:59:03.158  8377  8377 E ContextImpl: 	at com.android.documentsui.DragAndDropManager$RuntimeDragAndDropManager.<init>(DragAndDropManager.java:195)
05-29 03:59:03.158  8377  8377 E ContextImpl: 	at com.android.documentsui.DragAndDropManager$RuntimeDragAndDropManager.<init>(DragAndDropManager.java:166)
05-29 03:59:03.158  8377  8377 E ContextImpl: 	at com.android.documentsui.DragAndDropManager.create(DragAndDropManager.java:163)
05-29 03:59:03.158  8377  8377 E ContextImpl: 	at com.android.documentsui.DocumentsApplication.onCreate(DocumentsApplication.java:145)
05-29 03:59:03.158  8377  8377 E ContextImpl: 	at android.app.Instrumentation.callApplicationOnCreate(Instrumentation.java:1192)
05-29 03:59:03.158  8377  8377 E ContextImpl: 	at android.app.ActivityThread.handleBindApplication(ActivityThread.java:6712)
05-29 03:59:03.158  8377  8377 E ContextImpl: 	at android.app.ActivityThread.access$1300(ActivityThread.java:237)
05-29 03:59:03.158  8377  8377 E ContextImpl: 	at android.app.ActivityThread$H.handleMessage(ActivityThread.java:1913)
05-29 03:59:03.158  8377  8377 E ContextImpl: 	at android.os.Handler.dispatchMessage(Handler.java:106)
05-29 03:59:03.158  8377  8377 E ContextImpl: 	at android.os.Looper.loop(Looper.java:223)
05-29 03:59:03.158  8377  8377 E ContextImpl: 	at android.app.ActivityThread.main(ActivityThread.java:7656)
05-29 03:59:03.158  8377  8377 E ContextImpl: 	at java.lang.reflect.Method.invoke(Native Method)
05-29 03:59:03.158  8377  8377 E ContextImpl: 	at com.android.internal.os.RuntimeInit$MethodAndArgsCaller.run(RuntimeInit.java:592)
05-29 03:59:03.158  8377  8377 E ContextImpl: 	at com.android.internal.os.ZygoteInit.main(ZygoteInit.java:947)
05-29 03:59:03.158   510   601 I InputDispatcher: Dropping event because there is no touched foreground window in display 0 or gesture monitor to receive it.
05-29 03:59:03.163   510  1742 I chatty  : uid=1000(system) Binder:510_E identical 111 lines
05-29 03:59:03.163   510  1742 W InputManager: Input event injection from pid 8311 failed.
05-29 03:59:03.163   510  7811 W InputManager: Input event injection from pid 8311 failed.
05-29 03:59:03.164   510  7811 I chatty  : uid=1000(system) Binder:510_16 identical 9 lines
05-29 03:59:03.164   510  7811 W InputManager: Input event injection from pid 8311 failed.
05-29 03:59:03.164   510  1742 W InputManager: Input event injection from pid 8311 failed.
05-29 03:59:03.165   510   601 I chatty  : uid=1000(system) InputDispatcher identical 87 lines
05-29 03:59:03.165   510   601 I InputDispatcher: Dropping event because there is no touched foreground window in display 0 or gesture monitor to receive it.
05-29 03:59:03.166  8377  8377 E ViewConfiguration: Tried to access UI constants from a non-visual Context:com.android.documentsui.DocumentsApplication@8bd0fa3UI constants, such as display metrics or window metrics, must be accessed from Activity or other visual Context. Use an Activity or a Context created with Context#createWindowContext(int, Bundle), which are adjusted to the configuration and visual bounds of an area on screen
05-29 03:59:03.166  8377  8377 E ViewConfiguration: java.lang.IllegalArgumentException: Tried to access UI constants from a non-visual Context:com.android.documentsui.DocumentsApplication@8bd0fa3
05-29 03:59:03.166  8377  8377 E ViewConfiguration: 	at android.view.ViewConfiguration.get(ViewConfiguration.java:510)
05-29 03:59:03.166  8377  8377 E ViewConfiguration: 	at android.view.View.<init>(View.java:5317)
05-29 03:59:03.166  8377  8377 E ViewConfiguration: 	at android.view.View.<init>(View.java:5467)
05-29 03:59:03.166  8377  8377 E ViewConfiguration: 	at android.view.ViewGroup.<init>(ViewGroup.java:697)
05-29 03:59:03.166  8377  8377 E ViewConfiguration: 	at android.widget.LinearLayout.<init>(LinearLayout.java:254)
05-29 03:59:03.166  8377  8377 E ViewConfiguration: 	at android.widget.LinearLayout.<init>(LinearLayout.java:250)
05-29 03:59:03.166  8377  8377 E ViewConfiguration: 	at android.widget.LinearLayout.<init>(LinearLayout.java:246)
05-29 03:59:03.166  8377  8377 E ViewConfiguration: 	at java.lang.reflect.Constructor.newInstance0(Native Method)
05-29 03:59:03.166  8377  8377 E ViewConfiguration: 	at java.lang.reflect.Constructor.newInstance(Constructor.java:343)
05-29 03:59:03.166  8377  8377 E ViewConfiguration: 	at android.view.LayoutInflater.createView(LayoutInflater.java:852)
05-29 03:59:03.166  8377  8377 E ViewConfiguration: 	at android.view.LayoutInflater.createView(LayoutInflater.java:774)
05-29 03:59:03.166  8377  8377 E ViewConfiguration: 	at com.android.internal.policy.PhoneLayoutInflater.onCreateView(PhoneLayoutInflater.java:58)
05-29 03:59:03.166  8377  8377 E ViewConfiguration: 	at android.view.LayoutInflater.onCreateView(LayoutInflater.java:928)
05-29 03:59:03.166  8377  8377 E ViewConfiguration: 	at android.view.LayoutInflater.onCreateView(LayoutInflater.java:948)
05-29 03:59:03.166  8377  8377 E ViewConfiguration: 	at android.view.LayoutInflater.createViewFromTag(LayoutInflater.java:1002)
05-29 03:59:03.166  8377  8377 E ViewConfiguration: 	at android.view.LayoutInflater.createViewFromTag(LayoutInflater.java:959)
05-29 03:59:03.166  8377  8377 E ViewConfiguration: 	at android.view.LayoutInflater.rInflate(LayoutInflater.java:1121)
05-29 03:59:03.166  8377  8377 E ViewConfiguration: 	at android.view.LayoutInflater.rInflateChildren(LayoutInflater.java:1082)
05-29 03:59:03.166  8377  8377 E ViewConfiguration: 	at android.view.LayoutInflater.inflate(LayoutInflater.java:680)
05-29 03:59:03.166  8377  8377 E ViewConfiguration: 	at android.view.LayoutInflater.inflate(LayoutInflater.java:532)
05-29 03:59:03.166  8377  8377 E ViewConfiguration: 	at android.view.LayoutInflater.inflate(LayoutInflater.java:479)
05-29 03:59:03.166  8377  8377 E ViewConfiguration: 	at com.android.documentsui.DragShadowBuilder.<init>(DragShadowBuilder.java:49)
05-29 03:59:03.166  8377  8377 E ViewConfiguration: 	at com.android.documentsui.DragAndDropManager$RuntimeDragAndDropManager.<init>(DragAndDropManager.java:195)
05-29 03:59:03.166  8377  8377 E ViewConfiguration: 	at com.android.documentsui.DragAndDropManager$RuntimeDragAndDropManager.<init>(DragAndDropManager.java:166)
05-29 03:59:03.166  8377  8377 E ViewConfiguration: 	at com.android.documentsui.DragAndDropManager.create(DragAndDropManager.java:163)
05-29 03:59:03.166  8377  8377 E ViewConfiguration: 	at com.android.documentsui.DocumentsApplication.onCreate(DocumentsApplication.java:145)
05-29 03:59:03.166  8377  8377 E ViewConfiguration: 	at android.app.Instrumentation.callApplicationOnCreate(Instrumentation.java:1192)
05-29 03:59:03.166  8377  8377 E ViewConfiguration: 	at android.app.ActivityThread.handleBindApplication(ActivityThread.java:6712)
05-29 03:59:03.166  8377  8377 E ViewConfiguration: 	at android.app.ActivityThread.access$1300(ActivityThread.java:237)
05-29 03:59:03.166  8377  8377 E ViewConfiguration: 	at android.app.ActivityThread$H.handleMessage(ActivityThread.java:1913)
05-29 03:59:03.166  8377  8377 E ViewConfiguration: 	at android.os.Handler.dispatchMessage(Handler.java:106)
05-29 03:59:03.166  8377  8377 E ViewConfiguration: 	at android.os.Looper.loop(Looper.java:223)
05-29 03:59:03.166  8377  8377 E ViewConfiguration: 	at android.app.ActivityThread.main(ActivityThread.java:7656)
05-29 03:59:03.166  8377  8377 E ViewConfiguration: 	at java.lang.reflect.Method.invoke(Native Method)
05-29 03:59:03.166  8377  8377 E ViewConfiguration: 	at com.android.internal.os.RuntimeInit$MethodAndArgsCaller.run(RuntimeInit.java:592)
05-29 03:59:03.166  8377  8377 E ViewConfiguration: 	at com.android.internal.os.ZygoteInit.main(ZygoteInit.java:947)
05-29 03:59:03.167  8377  8377 E ViewConfiguration: Tried to access UI constants from a non-visual Context:com.android.documentsui.DocumentsApplication@8bd0fa3UI constants, such as display metrics or window metrics, must be accessed from Activity or other visual Context. Use an Activity or a Context created with Context#createWindowContext(int, Bundle), which are adjusted to the configuration and visual bounds of an area on screen
05-29 03:59:03.167  8377  8377 E ViewConfiguration: java.lang.IllegalArgumentException: Tried to access UI constants from a non-visual Context:com.android.documentsui.DocumentsApplication@8bd0fa3
05-29 03:59:03.167  8377  8377 E ViewConfiguration: 	at android.view.ViewConfiguration.get(ViewConfiguration.java:510)
05-29 03:59:03.167  8377  8377 E ViewConfiguration: 	at android.view.View.<init>(View.java:5317)
05-29 03:59:03.167  8377  8377 E ViewConfiguration: 	at android.view.View.<init>(View.java:5467)
05-29 03:59:03.167  8377  8377 E ViewConfiguration: 	at android.widget.ImageView.<init>(ImageView.java:195)
05-29 03:59:03.167  8377  8377 E ViewConfiguration: 	at android.widget.ImageView.<init>(ImageView.java:190)
05-29 03:59:03.167  8377  8377 E ViewConfiguration: 	at android.widget.ImageView.<init>(ImageView.java:186)
05-29 03:59:03.167  8377  8377 E ViewConfiguration: 	at com.android.documentsui.DropBadgeView.<init>(DropBadgeView.java:40)
05-29 03:59:03.167  8377  8377 E ViewConfiguration: 	at java.lang.reflect.Constructor.newInstance0(Native Method)
05-29 03:59:03.167  8377  8377 E ViewConfiguration: 	at java.lang.reflect.Constructor.newInstance(Constructor.java:343)
05-29 03:59:03.167  8377  8377 E ViewConfiguration: 	at android.view.LayoutInflater.createView(LayoutInflater.java:852)
05-29 03:59:03.167  8377  8377 E ViewConfiguration: 	at android.view.LayoutInflater.createViewFromTag(LayoutInflater.java:1004)
05-29 03:59:03.167  8377  8377 E ViewConfiguration: 	at android.view.LayoutInflater.parseInclude(LayoutInflater.java:1231)
05-29 03:59:03.167  8377  8377 E ViewConfiguration: 	at android.view.LayoutInflater.rInflate(LayoutInflater.java:1117)
05-29 03:59:03.167  8377  8377 E ViewConfiguration: 	at android.view.LayoutInflater.rInflateChildren(LayoutInflater.java:1082)
05-29 03:59:03.167  8377  8377 E ViewConfiguration: 	at android.view.LayoutInflater.rInflate(LayoutInflater.java:1124)
05-29 03:59:03.167  8377  8377 E ViewConfiguration: 	at android.view.LayoutInflater.rInflateChildren(LayoutInflater.java:1082)
05-29 03:59:03.167  8377  8377 E ViewConfiguration: 	at android.view.LayoutInflater.inflate(LayoutInflater.java:680)
05-29 03:59:03.167  8377  8377 E ViewConfiguration: 	at android.view.LayoutInflater.inflate(LayoutInflater.java:532)
05-29 03:59:03.167  8377  8377 E ViewConfiguration: 	at android.view.LayoutInflater.inflate(LayoutInflater.java:479)
05-29 03:59:03.167  8377  8377 E ViewConfiguration: 	at com.android.documentsui.DragShadowBuilder.<init>(DragShadowBuilder.java:49)
05-29 03:59:03.167  8377  8377 E ViewConfiguration: 	at com.android.documentsui.DragAndDropManager$RuntimeDragAndDropManager.<init>(DragAndDropManager.java:195)
05-29 03:59:03.167  8377  8377 E ViewConfiguration: 	at com.android.documentsui.DragAndDropManager$RuntimeDragAndDropManager.<init>(DragAndDropManager.java:166)
05-29 03:59:03.167  8377  8377 E ViewConfiguration: 	at com.android.documentsui.DragAndDropManager.create(DragAndDropManager.java:163)
05-29 03:59:03.167  8377  8377 E ViewConfiguration: 	at com.android.documentsui.DocumentsApplication.onCreate(DocumentsApplication.java:145)
05-29 03:59:03.167  8377  8377 E ViewConfiguration: 	at android.app.Instrumentation.callApplicationOnCreate(Instrumentation.java:1192)
05-29 03:59:03.167  8377  8377 E ViewConfiguration: 	at android.app.ActivityThread.handleBindApplication(ActivityThread.java:6712)
05-29 03:59:03.167  8377  8377 E ViewConfiguration: 	at android.app.ActivityThread.access$1300(ActivityThread.java:237)
05-29 03:59:03.167  8377  8377 E ViewConfiguration: 	at android.app.ActivityThread$H.handleMessage(ActivityThread.java:1913)
05-29 03:59:03.167  8377  8377 E ViewConfiguration: 	at android.os.Handler.dispatchMessage(Handler.java:106)
05-29 03:59:03.167  8377  8377 E ViewConfiguration: 	at android.os.Looper.loop(Looper.java:223)
05-29 03:59:03.167  8377  8377 E ViewConfiguration: 	at android.app.ActivityThread.main(ActivityThread.java:7656)
05-29 03:59:03.167  8377  8377 E ViewConfiguration: 	at java.lang.reflect.Method.invoke(Native Method)
05-29 03:59:03.167  8377  8377 E ViewConfiguration: 	at com.android.internal.os.RuntimeInit$MethodAndArgsCaller.run(RuntimeInit.java:592)
05-29 03:59:03.167  8377  8377 E ViewConfiguration: 	at com.android.internal.os.ZygoteInit.main(ZygoteInit.java:947)
05-29 03:59:03.170  8377  8377 E ViewConfiguration: Tried to access UI constants from a non-visual Context:com.android.documentsui.DocumentsApplication@8bd0fa3UI constants, such as display metrics or window metrics, must be accessed from Activity or other visual Context. Use an Activity or a Context created with Context#createWindowContext(int, Bundle), which are adjusted to the configuration and visual bounds of an area on screen
05-29 03:59:03.170  8377  8377 E ViewConfiguration: java.lang.IllegalArgumentException: Tried to access UI constants from a non-visual Context:com.android.documentsui.DocumentsApplication@8bd0fa3
05-29 03:59:03.170  8377  8377 E ViewConfiguration: 	at android.view.ViewConfiguration.get(ViewConfiguration.java:510)
05-29 03:59:03.170  8377  8377 E ViewConfiguration: 	at android.view.View.<init>(View.java:5317)
05-29 03:59:03.170  8377  8377 E ViewConfiguration: 	at android.view.View.<init>(View.java:5467)
05-29 03:59:03.170  8377  8377 E ViewConfiguration: 	at android.widget.TextView.<init>(TextView.java:996)
05-29 03:59:03.170  8377  8377 E ViewConfiguration: 	at android.widget.TextView.<init>(TextView.java:990)
05-29 03:59:03.170  8377  8377 E ViewConfiguration: 	at android.widget.TextView.<init>(TextView.java:986)
05-29 03:59:03.170  8377  8377 E ViewConfiguration: 	at java.lang.reflect.Constructor.newInstance0(Native Method)
05-29 03:59:03.170  8377  8377 E ViewConfiguration: 	at java.lang.reflect.Constructor.newInstance(Constructor.java:343)
05-29 03:59:03.170  8377  8377 E ViewConfiguration: 	at android.view.LayoutInflater.createView(LayoutInflater.java:852)
05-29 03:59:03.170  8377  8377 E ViewConfiguration: 	at android.view.LayoutInflater.createView(LayoutInflater.java:774)
05-29 03:59:03.170  8377  8377 E ViewConfiguration: 	at com.android.internal.policy.PhoneLayoutInflater.onCreateView(PhoneLayoutInflater.java:58)
05-29 03:59:03.170  8377  8377 E ViewConfiguration: 	at android.view.LayoutInflater.onCreateView(LayoutInflater.java:928)
05-29 03:59:03.170  8377  8377 E ViewConfiguration: 	at android.view.LayoutInflater.onCreateView(LayoutInflater.java:948)
05-29 03:59:03.170  8377  8377 E ViewConfiguration: 	at android.view.LayoutInflater.createViewFromTag(LayoutInflater.java:1002)
05-29 03:59:03.170  8377  8377 E ViewConfiguration: 	at android.view.LayoutInflater.createViewFromTag(LayoutInflater.java:959)
05-29 03:59:03.170  8377  8377 E ViewConfiguration: 	at android.view.LayoutInflater.rInflate(LayoutInflater.java:1121)
05-29 03:59:03.170  8377  8377 E ViewConfiguration: 	at android.view.LayoutInflater.rInflateChildren(LayoutInflater.java:1082)
05-29 03:59:03.170  8377  8377 E ViewConfiguration: 	at android.view.LayoutInflater.rInflate(LayoutInflater.java:1124)
05-29 03:59:03.170  8377  8377 E ViewConfiguration: 	at android.view.LayoutInflater.rInflateChildren(LayoutInflater.java:1082)
05-29 03:59:03.170  8377  8377 E ViewConfiguration: 	at android.view.LayoutInflater.inflate(LayoutInflater.java:680)
05-29 03:59:03.170  8377  8377 E ViewConfiguration: 	at android.view.LayoutInflater.inflate(LayoutInflater.java:532)
05-29 03:59:03.170  8377  8377 E ViewConfiguration: 	at android.view.LayoutInflater.inflate(LayoutInflater.java:479)
05-29 03:59:03.170  8377  8377 E ViewConfiguration: 	at com.android.documentsui.DragShadowBuilder.<init>(DragShadowBuilder.java:49)
05-29 03:59:03.170  8377  8377 E ViewConfiguration: 	at com.android.documentsui.DragAndDropManager$RuntimeDragAndDropManager.<init>(DragAndDropManager.java:195)
05-29 03:59:03.170  8377  8377 E ViewConfiguration: 	at com.android.documentsui.DragAndDropManager$RuntimeDragAndDropManager.<init>(DragAndDropManager.java:166)
05-29 03:59:03.170  8377  8377 E ViewConfiguration: 	at com.android.documentsui.DragAndDropManager.create(DragAndDropManager.java:163)
05-29 03:59:03.170  8377  8377 E ViewConfiguration: 	at com.android.documentsui.DocumentsApplication.onCreate(DocumentsApplication.java:145)
05-29 03:59:03.170  8377  8377 E ViewConfiguration: 	at android.app.Instrumentation.callApplicationOnCreate(Instrumentation.java:1192)
05-29 03:59:03.170  8377  8377 E ViewConfiguration: 	at android.app.ActivityThread.handleBindApplication(ActivityThread.java:6712)
05-29 03:59:03.170  8377  8377 E ViewConfiguration: 	at android.app.ActivityThread.access$1300(ActivityThread.java:237)
05-29 03:59:03.170  8377  8377 E ViewConfiguration: 	at android.app.ActivityThread$H.handleMessage(ActivityThread.java:1913)
05-29 03:59:03.170  8377  8377 E ViewConfiguration: 	at android.os.Handler.dispatchMessage(Handler.java:106)
05-29 03:59:03.170  8377  8377 E ViewConfiguration: 	at android.os.Looper.loop(Looper.java:223)
05-29 03:59:03.170  8377  8377 E ViewConfiguration: 	at android.app.ActivityThread.main(ActivityThread.java:7656)
05-29 03:59:03.170  8377  8377 E ViewConfiguration: 	at java.lang.reflect.Method.invoke(Native Method)
05-29 03:59:03.170  8377  8377 E ViewConfiguration: 	at com.android.internal.os.RuntimeInit$MethodAndArgsCaller.run(RuntimeInit.java:592)
05-29 03:59:03.170  8377  8377 E ViewConfiguration: 	at com.android.internal.os.ZygoteInit.main(ZygoteInit.java:947)
05-29 03:59:03.171   382   393 I adbd    : jdwp connection from 8403
05-29 03:59:03.198  1474  1934 I MediaProvider: Begin Intent { act=android.intent.action.PACKAGE_FULLY_REMOVED dat=package:com.mocoding.pokedex.android flg=0x5000010 cmp=com.android.providers.media.module/com.android.providers.media.MediaService (has extras) }
05-29 03:59:03.198  1474  1934 I MediaProvider: End Intent { act=android.intent.action.PACKAGE_FULLY_REMOVED dat=package:com.mocoding.pokedex.android flg=0x5000010 cmp=com.android.providers.media.module/com.android.providers.media.MediaService (has extras) }
05-29 03:59:03.201  8403  8403 I externalstorag: The ClassLoaderContext is a special shared library.
05-29 03:59:04.175   382   382 W adbd    : timeout expired while flushing socket, closing
05-29 03:59:04.697   159   159 I hwservicemanager: getTransport: Cannot find entry android.hardware.graphics.mapper@4.0::IMapper/default in either framework or device manifest.
05-29 03:59:04.697  8438  8438 I Gralloc4: mapper 4.x is not supported
05-29 03:59:04.772  1474  1474 W com.android.providers.media.module: type=1400 audit(0.0:766): avc: denied { read } for comm=4173796E635461736B202331 name="primary" dev="tmpfs" ino=20305 scontext=u:r:mediaprovider_app:s0:c123,c256,c512,c768 tcontext=u:object_r:mnt_pass_through_file:s0 tclass=lnk_file permissive=0 app=com.android.providers.media.module
05-29 03:59:04.774  1474  1934 I MediaProvider: Begin Intent { act=android.intent.action.MEDIA_SCANNER_SCAN_FILE dat=file:///sdcard/screen_2026-05-29_035905.png flg=0x1400010 cmp=com.android.providers.media.module/com.android.providers.media.MediaService }
05-29 03:59:04.999     0     0 W audit   : audit_lost=557 audit_rate_limit=5 audit_backlog_limit=64
05-29 03:59:05.009     0     0 E audit   : rate limit exceeded
05-29 03:59:04.772  1474  1474 W com.android.providers.media.module: type=1400 audit(0.0:767): avc: denied { read } for comm=4173796E635461736B202331 name="primary" dev="tmpfs" ino=20305 scontext=u:r:mediaprovider_app:s0:c123,c256,c512,c768 tcontext=u:object_r:mnt_pass_through_file:s0 tclass=lnk_file permissive=0 app=com.android.providers.media.module
05-29 03:59:04.793  1474  1934 W ModernMediaScanner: Failed to visit /sdcard/screen_2026-05-29_035905.png: java.nio.file.AccessDeniedException: /sdcard/screen_2026-05-29_035905.png
05-29 03:59:04.793  1474  1934 I MediaProvider: Scanned internal due to REASON_DEMAND, found 0 items in 19ms, 0 inserts 0 updates 0 deletes
05-29 03:59:04.794  1474  1934 I MediaProvider: End Intent { act=android.intent.action.MEDIA_SCANNER_SCAN_FILE dat=file:///sdcard/screen_2026-05-29_035905.png flg=0x1400010 cmp=com.android.providers.media.module/com.android.providers.media.MediaService }
05-29 03:59:04.772  1474  1474 W com.android.providers.media.module: type=1400 audit(0.0:768): avc: denied { read } for comm=4173796E635461736B202331 name="primary" dev="tmpfs" ino=20305 scontext=u:r:mediaprovider_app:s0:c123,c256,c512,c768 tcontext=u:object_r:mnt_pass_through_file:s0 tclass=lnk_file permissive=0 app=com.android.providers.media.module
05-29 03:59:04.772  1474  1474 I chatty  : uid=10123(com.android.providers.media.module) identical 1 line
05-29 03:59:04.772  1474  1474 W com.android.providers.media.module: type=1400 audit(0.0:770): avc: denied { read } for comm=4173796E635461736B202331 name="primary" dev="tmpfs" ino=20305 scontext=u:r:mediaprovider_app:s0:c123,c256,c512,c768 tcontext=u:object_r:mnt_pass_through_file:s0 tclass=lnk_file permissive=0 app=com.android.providers.media.module
05-29 03:59:04.822  1474  1658 I MediaProvider: Deleted 1 items on external_primary due to com.android.shell
05-29 03:59:04.848  8453  8455 I cmd     : oneway function results will be dropped but finished with status OK and parcel size 4
05-29 03:59:04.887  8463  8466 I cmd     : oneway function results will be dropped but finished with status OK and parcel size 4
05-29 03:59:04.907  8474  8476 I cmd     : oneway function results will be dropped but finished with status OK and parcel size 4
05-29 03:59:05.498  8481  8483 I cmd     : oneway function results will be dropped but finished with status OK and parcel size 4
05-29 03:59:05.522  8491  8493 I cmd     : oneway function results will be dropped but finished with status OK and parcel size 4
05-29 03:59:05.558  8502  8504 I cmd     : oneway function results will be dropped but finished with status OK and parcel size 4
05-29 03:59:03.165   510  1742 I chatty  : uid=1000(system) Binder:510_E identical 4 lines
05-29 03:59:03.165   510  1742 W InputManager: Input event injection from pid 8311 failed.
05-29 03:59:05.628   510  3722 I ActivityManager: Killing 2080:com.android.deskclock/u0a106 (adj 975): empty #17
05-29 03:59:05.636   282   282 I Zygote  : Process 2080 exited due to signal 9 (Killed)
05-29 03:59:05.648   510  3722 W ActivityTaskManager: Current config: {1.0 310mcc260mnc [en_US] ldltr sw320dp w320dp h616dp 160dpi nrml long port finger qwerty/v/v -nav/h winConfig={ mBounds=Rect(0, 0 - 320, 640) mAppBounds=Rect(0, 0 - 320, 640) mWindowingMode=fullscreen mDisplayWindowingMode=fullscreen mActivityType=undefined mAlwaysOnTop=undefined mRotation=ROTATION_0} s.8} unchanged for IME proc io.github.ylimit.droidbotapp
05-29 03:59:05.674   510   551 I libprocessgroup: Successfully killed process cgroup uid 10106 pid 2080 in 45ms
05-29 03:59:05.703  8534  8536 I cmd     : oneway function results will be dropped but finished with status OK and parcel size 4
05-29 03:59:05.774  8544  8544 E libc    : Access denied finding property "persist.device_config.runtime_native_boot.profilebootclasspath"
05-29 03:59:05.774  8544  8544 E libc    : Access denied finding property "persist.device_config.runtime_native_boot.enable_apex_image"
05-29 03:59:05.774  8544  8544 I AndroidRuntime: Using default boot image
05-29 03:59:05.774  8544  8544 E libc    : Access denied finding property "persist.device_config.runtime_native_boot.disable_lock_profiling"
05-29 03:59:05.774  8544  8544 I AndroidRuntime: Leaving lock profiling enabled
05-29 03:59:05.774  8544  8544 E libc    : Access denied finding property "persist.device_config.runtime_native_boot.enable_generational_cc"
05-29 03:59:05.776  8544  8544 I app_process: Core platform API reporting enabled, enforcing=false
05-29 03:59:05.816  8544  8544 W app_process: Unexpected CPU variant for X86 using defaults: x86_64
05-29 03:59:05.816  8544  8544 I app_process: The ClassLoaderContext is a special shared library.
05-29 03:59:05.822  8544  8544 W app_process: JNI RegisterNativeMethods: attempt to register 0 native methods for android.media.AudioAttributes
05-29 03:59:05.648   510  3722 I chatty  : uid=1000(system) Binder:510_13 identical 1 line
05-29 03:59:05.648   510  3722 W ActivityTaskManager: Current config: {1.0 310mcc260mnc [en_US] ldltr sw320dp w320dp h616dp 160dpi nrml long port finger qwerty/v/v -nav/h winConfig={ mBounds=Rect(0, 0 - 320, 640) mAppBounds=Rect(0, 0 - 320, 640) mWindowingMode=fullscreen mDisplayWindowingMode=fullscreen mActivityType=undefined mAlwaysOnTop=undefined mRotation=ROTATION_0} s.8} unchanged for IME proc io.github.ylimit.droidbotapp
05-29 03:59:05.847  2240  8557 W System.err: java.net.SocketException: Broken pipe
05-29 03:59:05.847  2240  8557 W System.err: 	at java.net.SocketOutputStream.socketWrite0(Native Method)
05-29 03:59:05.847  2240  8557 W System.err: 	at java.net.SocketOutputStream.socketWrite(SocketOutputStream.java:117)
05-29 03:59:05.847  2240  8557 W System.err: 	at java.net.SocketOutputStream.write(SocketOutputStream.java:149)
05-29 03:59:05.847  2240  8557 W System.err: 	at io.github.privacystreams.utils.PSDebugSocketServer$SocketSendThread.run(PSDebugSocketServer.java:119)
05-29 03:59:06.288  8562  8562 E libc    : Access denied finding property "persist.device_config.runtime_native_boot.profilebootclasspath"
05-29 03:59:06.288  8562  8562 E libc    : Access denied finding property "persist.device_config.runtime_native_boot.enable_apex_image"
05-29 03:59:06.288  8562  8562 I AndroidRuntime: Using default boot image
05-29 03:59:06.288  8562  8562 E libc    : Access denied finding property "persist.device_config.runtime_native_boot.disable_lock_profiling"
05-29 03:59:06.288  8562  8562 I AndroidRuntime: Leaving lock profiling enabled
05-29 03:59:06.288  8562  8562 E libc    : Access denied finding property "persist.device_config.runtime_native_boot.enable_generational_cc"
05-29 03:59:06.289  8562  8562 I app_process: Core platform API reporting enabled, enforcing=false
05-29 03:59:06.284  8562  8562 W app_process: type=1400 audit(0.0:776): avc: denied { read } for name="u:object_r:device_config_runtime_native_boot_prop:s0" dev="tmpfs" ino=561 scontext=u:r:shell:s0 tcontext=u:object_r:device_config_runtime_native_boot_prop:s0 tclass=file permissive=0
05-29 03:59:06.329  8562  8562 W app_process: Unexpected CPU variant for X86 using defaults: x86_64
05-29 03:59:06.330  8562  8562 I app_process: The ClassLoaderContext is a special shared library.
05-29 03:59:06.336  8562  8562 W app_process: JNI RegisterNativeMethods: attempt to register 0 native methods for android.media.AudioAttributes
05-29 03:59:06.773  8581  8583 I cmd     : oneway function results will be dropped but finished with status OK and parcel size 4
05-29 03:59:06.777  2139  2139 I abb     : StartCommandInProcess(73657474696e67730067657400676c6f settings.get.glo [truncated])
05-29 03:59:07.002     0     0 W audit   : audit_lost=562 audit_rate_limit=5 audit_backlog_limit=64
05-29 03:59:07.005     0     0 E audit   : rate limit exceeded
05-29 03:59:06.776   510   510 W Binder:510_2: type=1400 audit(0.0:780): avc: denied { getopt } for scontext=u:r:system_server:s0 tcontext=u:r:shell:s0 tclass=unix_stream_socket permissive=0
05-29 03:59:06.778  2139  2467 I abb     : oneway function results will be dropped but finished with status OK and parcel size 4
05-29 03:59:06.789  2139  2139 I abb     : StartCommandInProcess(7061636b61676500696e7374616c6c00 package.install. [truncated])
05-29 03:59:06.905   510   610 W RuleEvaluation: Integrity rule files are not available.
05-29 03:59:06.905   510   566 I PackageManager: Integrity check passed for file:///data/app/vmdl692311218.tmp
05-29 03:59:06.908   510   566 I PackageManager: Permission ownership changed. Updating all permissions.
05-29 03:59:06.929   510   566 I AppsFilter: interaction: PackageSetting{cc9b45d io.github.ylimit.droidbotapp/10130} -> PackageSetting{47cb39e com.mocoding.pokedex.android/10132} BLOCKED
05-29 03:59:06.933   424  1387 E installd: Couldn't opendir /data/app/vmdl692311218.tmp: No such file or directory
05-29 03:59:06.933   424  1387 E installd: Failed to delete /data/app/vmdl692311218.tmp: No such file or directory
05-29 03:59:06.934  2139  2467 I abb     : oneway function results will be dropped but finished with status OK and parcel size 4
05-29 03:59:06.937   510   510 I Telecom : DefaultDialerCache: Refreshing default dialer for user 0: now com.android.dialer: DDC.oR@AIs
05-29 03:59:06.938  1474  1474 I MediaProvider: Invalidating LocalCallingIdentity cache for package com.mocoding.pokedex.android. Reason: package android.intent.action.PACKAGE_ADDED
05-29 03:59:06.941   510   538 W BroadcastQueue: Background execution not allowed: receiving Intent { act=android.intent.action.PACKAGE_ADDED dat=package:com.mocoding.pokedex.android flg=0x4000010 (has extras) } to com.android.packageinstaller/.PackageInstalledReceiver
05-29 03:59:06.942   510   602 I InputReader: Reconfiguring input devices, changes=KEYBOARD_LAYOUTS | 
05-29 03:59:06.943   510   549 W BroadcastQueue: Background execution not allowed: receiving Intent { act=android.intent.action.PACKAGE_ADDED dat=package:com.mocoding.pokedex.android flg=0x4000010 (has extras) } to com.android.gallery3d/.app.PackagesMonitor
05-29 03:59:06.943   510   540 I RoleManagerService: Granting default roles...
05-29 03:59:06.952   510   548 W VoiceInteractionManager: no available voice recognition services found for user 0
05-29 03:59:06.987   737  2468 I PermissionControllerServiceImpl: Updating user sensitive for uid 10132
05-29 03:59:08.821  8602  8604 I cmd     : oneway function results will be dropped but finished with status OK and parcel size 4
05-29 03:59:08.832   158   158 I servicemanager: Since 'apexservice' could not be found, trying to start it as a lazy AIDL service
05-29 03:59:09.057     0     0 I init    : starting service 'apexd'...
05-29 03:59:09.059     0     0 I init    : Control message: Processed ctl.interface_start for 'aidl/apexservice' from pid: 158 (/system/bin/servicemanager)
05-29 03:59:09.078     0     0 I apexd   : Scanning /system/apex for preinstalled data
05-29 03:59:09.096     0     0 I apexd   : Scanning /system_ext/apex for preinstalled data
05-29 03:59:09.098     0     0 I apexd   : ... does not exist. Skipping
05-29 03:59:09.100     0     0 I apexd   : Scanning /product/apex for preinstalled data
05-29 03:59:09.101     0     0 I apexd   : ... does not exist. Skipping
05-29 03:59:09.103     0     0 I apexd   : Scanning /vendor/apex for preinstalled data
05-29 03:59:09.105     0     0 I apexd   : ... does not exist. Skipping
05-29 03:59:09.106     0     0 I apexd   : Populating APEX database from mounts...
05-29 03:59:09.108     0     0 I apexd   : Found "/apex/com.android.neuralnetworks@300000000" backed by file /system/apex/com.android.neuralnetworks.apex
05-29 03:59:09.112     0     0 I apexd   : Found "/apex/com.android.runtime@1" backed by file /system/apex/com.android.runtime.apex
05-29 03:59:09.114     0     0 I apexd   : Found "/apex/com.android.resolv@300000000" backed by file /system/apex/com.android.resolv.apex
05-29 03:59:09.118     0     0 I apexd   : Found "/apex/com.android.extservices@300000000" backed by file /system/apex/com.android.extservices.apex
05-29 03:59:09.121     0     0 I apexd   : Found "/apex/com.android.tethering@300000000" backed by file /system/apex/com.android.tethering.apex
05-29 03:59:09.124     0     0 I apexd   : Found "/apex/com.android.cellbroadcast@300000000" backed by file /system/apex/com.android.cellbroadcast.apex
05-29 03:59:09.128     0     0 I apexd   : Found "/apex/com.android.vndk.v30@1" backed by file /system/apex/com.android.vndk.current.apex
05-29 03:59:09.131     0     0 I apexd   : Found "/apex/com.android.art@1" backed by file /system/apex/com.android.art.debug.apex
05-29 03:59:09.134     0     0 I apexd   : Found "/apex/com.android.conscrypt@300000000" backed by file /system/apex/com.android.conscrypt.apex
05-29 03:59:09.137     0     0 I apexd   : Found "/apex/com.android.apex.cts.shim@1" backed by file /system/apex/com.android.apex.cts.shim.apex
05-29 03:59:09.141     0     0 I apexd   : Found "/apex/com.android.i18n@1" backed by file /system/apex/com.android.i18n.apex
05-29 03:59:09.144     0     0 I apexd   : Found "/apex/com.android.permission@300000000" backed by file /system/apex/com.android.permission.apex
05-29 03:59:09.147     0     0 I apexd   : Found "/apex/com.android.media@300000000" backed by file /system/apex/com.android.media.apex
05-29 03:59:09.150     0     0 I apexd   : Found "/apex/com.android.adbd@300000000" backed by file /system/apex/com.android.adbd.apex
05-29 03:59:09.153     0     0 I apexd   : Found "/apex/com.android.mediaprovider@300000000" backed by file /system/apex/com.android.mediaprovider.apex
05-29 03:59:09.156     0     0 I apexd   : Found "/apex/com.android.ipsec@300000000" backed by file /system/apex/com.android.ipsec.apex
05-29 03:59:09.160     0     0 I apexd   : Found "/apex/com.android.tzdata@300000000" backed by file /system/apex/com.android.tzdata.apex
05-29 03:59:09.163     0     0 I apexd   : Found "/apex/com.android.media.swcodec@300000000" backed by file /system/apex/com.android.media.swcodec.apex
05-29 03:59:09.166     0     0 I apexd   : Found "/apex/com.android.os.statsd@300000000" backed by file /system/apex/com.android.os.statsd.apex
05-29 03:59:09.170     0     0 I apexd   : Found "/apex/com.android.wifi@300000000" backed by file /system/apex/com.android.wifi.apex
05-29 03:59:09.172     0     0 I apexd   : Found "/apex/com.android.sdkext@300000000" backed by file /system/apex/com.android.sdkext.apex
05-29 03:59:09.176     0     0 I apexd   : 21 packages restored.
05-29 03:59:08.955   158   158 I BpBinder: onLastStrongRef automatically unlinking death recipients: <uncached descriptor>
05-29 03:59:09.177     0     0 I AidlLazyServiceRegistrar: Registering service apexservice
05-29 03:59:09.179     0     0 I AidlLazyServiceRegistrar: Trying to shut down the service. No clients in use for any service in process.
05-29 03:59:08.959   158   158 I servicemanager: Tried to unregister apexservice, but there is about to be a client.
05-29 03:59:09.184     0     0 I AidlLazyServiceRegistrar: Failed to unregister service apexservice
05-29 03:59:09.055   159   159 I hwservicemanager: getTransport: Cannot find entry android.hardware.graphics.mapper@4.0::IMapper/default in either framework or device manifest.
05-29 03:59:09.056  8624  8624 I Gralloc4: mapper 4.x is not supported
05-29 03:59:09.130  8628  8630 I cmd     : oneway function results will be dropped but finished with status OK and parcel size 4
05-29 03:59:09.131  1474  1934 I MediaProvider: Begin Intent { act=android.intent.action.MEDIA_SCANNER_SCAN_FILE dat=file:///sdcard/screen_2026-05-29_035909.png flg=0x1400010 cmp=com.android.providers.media.module/com.android.providers.media.MediaService }
05-29 03:59:09.356     0     0 W audit   : audit_lost=568 audit_rate_limit=5 audit_backlog_limit=64
05-29 03:59:09.368     0     0 E audit   : rate limit exceeded
05-29 03:59:09.145  1474  1934 W ModernMediaScanner: Failed to visit /sdcard/screen_2026-05-29_035909.png: java.nio.file.AccessDeniedException: /sdcard/screen_2026-05-29_035909.png
05-29 03:59:09.128  1474  1474 W com.android.providers.media.module: type=1400 audit(0.0:787): avc: denied { read } for comm=4173796E635461736B202331 name="primary" dev="tmpfs" ino=20305 scontext=u:r:mediaprovider_app:s0:c123,c256,c512,c768 tcontext=u:object_r:mnt_pass_through_file:s0 tclass=lnk_file permissive=0 app=com.android.providers.media.module
05-29 03:59:09.147  1474  1934 I MediaProvider: Scanned internal due to REASON_DEMAND, found 0 items in 16ms, 0 inserts 0 updates 0 deletes
05-29 03:59:09.148  1474  1934 I MediaProvider: End Intent { act=android.intent.action.MEDIA_SCANNER_SCAN_FILE dat=file:///sdcard/screen_2026-05-29_035909.png flg=0x1400010 cmp=com.android.providers.media.module/com.android.providers.media.MediaService }
05-29 03:59:09.128  1474  1474 W com.android.providers.media.module: type=1400 audit(0.0:788): avc: denied { read } for comm=4173796E635461736B202331 name="primary" dev="tmpfs" ino=20305 scontext=u:r:mediaprovider_app:s0:c123,c256,c512,c768 tcontext=u:object_r:mnt_pass_through_file:s0 tclass=lnk_file permissive=0 app=com.android.providers.media.module
05-29 03:59:09.208  8639  8641 I cmd     : oneway function results will be dropped but finished with status OK and parcel size 4
05-29 03:59:09.245   510   538 I ActivityManager: Force stopping com.mocoding.pokedex.android appid=10132 user=0: from pid 8651
05-29 03:59:09.246  8651  8653 I cmd     : oneway function results will be dropped but finished with status OK and parcel size 4
05-29 03:59:09.293  8654  8654 E libc    : Access denied finding property "persist.device_config.runtime_native_boot.profilebootclasspath"
05-29 03:59:09.293  8654  8654 E libc    : Access denied finding property "persist.device_config.runtime_native_boot.enable_apex_image"
05-29 03:59:09.293  8654  8654 I AndroidRuntime: Using default boot image
05-29 03:59:09.293  8654  8654 E libc    : Access denied finding property "persist.device_config.runtime_native_boot.disable_lock_profiling"
05-29 03:59:09.293  8654  8654 I AndroidRuntime: Leaving lock profiling enabled
05-29 03:59:09.293  8654  8654 E libc    : Access denied finding property "persist.device_config.runtime_native_boot.enable_generational_cc"
05-29 03:59:09.294  8654  8654 I app_process: Core platform API reporting enabled, enforcing=false
05-29 03:59:09.334  8654  8654 W app_process: Unexpected CPU variant for X86 using defaults: x86_64
05-29 03:59:09.334  8654  8654 I app_process: The ClassLoaderContext is a special shared library.
05-29 03:59:09.341  8654  8654 W app_process: JNI RegisterNativeMethods: attempt to register 0 native methods for android.media.AudioAttributes
05-29 03:59:09.346   510   541 I ActivityTaskManager: START u0 {act=android.intent.action.MAIN cat=[android.intent.category.HOME] flg=0x10000100 cmp=com.android.launcher3/.uioverrides.QuickstepLauncher (has extras)} from uid 0
05-29 03:59:09.844   158   158 I servicemanager: Notifying apexservice they have clients: 1
05-29 03:59:10.069     0     0 I AidlLazyServiceRegistrar: Process has 1 (of 1 available) client(s) in use after notification android.apex.IApexService has clients: 1
05-29 03:59:10.856   159   159 I hwservicemanager: getTransport: Cannot find entry android.hardware.graphics.mapper@4.0::IMapper/default in either framework or device manifest.
05-29 03:59:10.856  8684  8684 I Gralloc4: mapper 4.x is not supported
05-29 03:59:10.932  1474  1934 I MediaProvider: Begin Intent { act=android.intent.action.MEDIA_SCANNER_SCAN_FILE dat=file:///sdcard/screen_2026-05-29_035911.png flg=0x1400010 cmp=com.android.providers.media.module/com.android.providers.media.MediaService }
05-29 03:59:10.928  1474  1474 W com.android.providers.media.module: type=1400 audit(0.0:797): avc: denied { read } for comm=4173796E635461736B202331 name="primary" dev="tmpfs" ino=20305 scontext=u:r:mediaprovider_app:s0:c123,c256,c512,c768 tcontext=u:object_r:mnt_pass_through_file:s0 tclass=lnk_file permissive=0 app=com.android.providers.media.module
05-29 03:59:11.156     0     0 W audit   : audit_lost=573 audit_rate_limit=5 audit_backlog_limit=64
05-29 03:59:11.166     0     0 E audit   : rate limit exceeded
05-29 03:59:10.928  1474  1474 W com.android.providers.media.module: type=1400 audit(0.0:798): avc: denied { read } for comm=4173796E635461736B202331 name="primary" dev="tmpfs" ino=20305 scontext=u:r:mediaprovider_app:s0:c123,c256,c512,c768 tcontext=u:object_r:mnt_pass_through_file:s0 tclass=lnk_file permissive=0 app=com.android.providers.media.module
05-29 03:59:10.951  1474  1934 W ModernMediaScanner: Failed to visit /sdcard/screen_2026-05-29_035911.png: java.nio.file.AccessDeniedException: /sdcard/screen_2026-05-29_035911.png
05-29 03:59:10.952  1474  1934 I MediaProvider: Scanned internal due to REASON_DEMAND, found 0 items in 20ms, 0 inserts 0 updates 0 deletes
05-29 03:59:10.952  1474  1934 I MediaProvider: End Intent { act=android.intent.action.MEDIA_SCANNER_SCAN_FILE dat=file:///sdcard/screen_2026-05-29_035911.png flg=0x1400010 cmp=com.android.providers.media.module/com.android.providers.media.MediaService }
05-29 03:59:10.928  1474  1474 W com.android.providers.media.module: type=1400 audit(0.0:799): avc: denied { read } for comm=4173796E635461736B202331 name="primary" dev="tmpfs" ino=20305 scontext=u:r:mediaprovider_app:s0:c123,c256,c512,c768 tcontext=u:object_r:mnt_pass_through_file:s0 tclass=lnk_file permissive=0 app=com.android.providers.media.module
05-29 03:59:10.978  1474  1657 I MediaProvider: Deleted 1 items on external_primary due to com.android.shell
05-29 03:59:11.005  8699  8701 I cmd     : oneway function results will be dropped but finished with status OK and parcel size 4
05-29 03:59:11.129   159   159 I hwservicemanager: getTransport: Cannot find entry android.hardware.graphics.mapper@4.0::IMapper/default in either framework or device manifest.
05-29 03:59:11.129  8721  8721 I Gralloc4: mapper 4.x is not supported
05-29 03:59:11.203  8725  8727 I cmd     : oneway function results will be dropped but finished with status OK and parcel size 4
05-29 03:59:11.204  1474  1934 I MediaProvider: Begin Intent { act=android.intent.action.MEDIA_SCANNER_SCAN_FILE dat=file:///sdcard/screen_2026-05-29_035911.png flg=0x1400010 cmp=com.android.providers.media.module/com.android.providers.media.MediaService }
05-29 03:59:11.205  1474  1934 W ModernMediaScanner: Failed to visit /sdcard/screen_2026-05-29_035911.png: java.nio.file.AccessDeniedException: /sdcard/screen_2026-05-29_035911.png
05-29 03:59:11.205  1474  1934 I MediaProvider: Scanned internal due to REASON_DEMAND, found 0 items in 1ms, 0 inserts 0 updates 0 deletes
05-29 03:59:11.206  1474  1934 I MediaProvider: End Intent { act=android.intent.action.MEDIA_SCANNER_SCAN_FILE dat=file:///sdcard/screen_2026-05-29_035911.png flg=0x1400010 cmp=com.android.providers.media.module/com.android.providers.media.MediaService }
05-29 03:59:11.226  1474  1658 I MediaProvider: Deleted 1 items on external_primary due to com.android.shell
05-29 03:59:11.253  8736  8738 I cmd     : oneway function results will be dropped but finished with status OK and parcel size 4
05-29 03:59:11.378   159   159 I hwservicemanager: getTransport: Cannot find entry android.hardware.graphics.mapper@4.0::IMapper/default in either framework or device manifest.
05-29 03:59:11.379  8758  8758 I Gralloc4: mapper 4.x is not supported
05-29 03:59:11.453  8762  8764 I cmd     : oneway function results will be dropped but finished with status OK and parcel size 4
05-29 03:59:11.454  1474  1934 I MediaProvider: Begin Intent { act=android.intent.action.MEDIA_SCANNER_SCAN_FILE dat=file:///sdcard/screen_2026-05-29_035912.png flg=0x1400010 cmp=com.android.providers.media.module/com.android.providers.media.MediaService }
05-29 03:59:11.455  1474  1934 W ModernMediaScanner: Failed to visit /sdcard/screen_2026-05-29_035912.png: java.nio.file.AccessDeniedException: /sdcard/screen_2026-05-29_035912.png
05-29 03:59:11.456  1474  1934 I MediaProvider: Scanned internal due to REASON_DEMAND, found 0 items in 1ms, 0 inserts 0 updates 0 deletes
05-29 03:59:11.457  1474  1934 I MediaProvider: End Intent { act=android.intent.action.MEDIA_SCANNER_SCAN_FILE dat=file:///sdcard/screen_2026-05-29_035912.png flg=0x1400010 cmp=com.android.providers.media.module/com.android.providers.media.MediaService }
05-29 03:59:11.477  1474  2608 I MediaProvider: Deleted 1 items on external_primary due to com.android.shell
05-29 03:59:11.503  8773  8775 I cmd     : oneway function results will be dropped but finished with status OK and parcel size 4
05-29 03:59:11.542   510   998 I ActivityTaskManager: START u0 {act=android.intent.action.MAIN cat=[android.intent.category.LAUNCHER] flg=0x10000000 cmp=com.mocoding.pokedex.android/.MainActivity} from uid 2000
05-29 03:59:11.542   414   414 I perfetto: ing_service_impl.cc:758 Configured tracing session 8, #sources:1, duration:5000 ms, #buffers:1, total buffer size:4096 KB, total sessions:1, uid:1071 session name: ""
05-29 03:59:11.543   412   412 I perfetto: probes_producer.cc:230  Ftrace setup (target_buf=8)
05-29 03:59:11.545  8785  8787 I cmd     : oneway function results will be dropped but finished with status OK and parcel size 4
05-29 03:59:11.551   412   412 I perfetto: ftrace_procfs.cc:176    enabled ftrace
05-29 03:59:11.775     0     0 W perfetto: enabled ftrace
05-29 03:59:11.555   510   550 I ActivityManager: Start proc 8793:com.mocoding.pokedex.android/u0a132 for pre-top-activity {com.mocoding.pokedex.android/com.mocoding.pokedex.android.MainActivity}
05-29 03:59:11.557  8793  8793 I pokedex.androi: Late-enabling -Xcheck:jni
05-29 03:59:11.577  8793  8793 I pokedex.androi: Unquickening 12 vdex files!
05-29 03:59:11.578  8793  8793 W pokedex.androi: Unexpected CPU variant for X86 using defaults: x86_64
05-29 03:59:11.581   382   393 I adbd    : jdwp connection from 8793
05-29 03:59:11.586   510  1742 W InputReader: Device virtio_input_multi_touch_10 is associated with display ADISPLAY_ID_NONE.
05-29 03:59:11.586   510  1742 W InputReader: Device virtio_input_multi_touch_7 is associated with display ADISPLAY_ID_NONE.
05-29 03:59:11.586   510  1742 W InputReader: Device virtio_input_multi_touch_11 is associated with display ADISPLAY_ID_NONE.
05-29 03:59:11.586   510  1742 W InputReader: Device virtio_input_multi_touch_5 is associated with display ADISPLAY_ID_NONE.
05-29 03:59:11.586   510  1742 W InputReader: Device virtio_input_multi_touch_2 is associated with display ADISPLAY_ID_NONE.
05-29 03:59:11.586   510  1742 W InputReader: Device virtio_input_multi_touch_6 is associated with display ADISPLAY_ID_NONE.
