05-29 04:00:07.646  8377  8377 I ProvidersCache: Updating roots due to change on user 0at content://com.android.providers.media.documents/root
05-29 04:00:07.746  8377  8377 I ProvidersCache: Updating roots due to change on user 0at content://com.android.providers.media.documents/root
05-29 04:00:08.909  8377  8377 I chatty  : uid=10076(com.android.documentsui) identical 1 line
05-29 04:00:08.983  8377  8377 I ProvidersCache: Updating roots due to change on user 0at content://com.android.providers.media.documents/root
05-29 04:00:09.220   159   159 I hwservicemanager: getTransport: Cannot find entry android.hardware.graphics.mapper@4.0::IMapper/default in either framework or device manifest.
05-29 04:00:09.220 12805 12805 I Gralloc4: mapper 4.x is not supported
05-29 04:00:09.241  8377  8377 I ProvidersCache: Updating roots due to change on user 0at content://com.android.providers.media.documents/root
05-29 04:00:09.265  1474  1934 I MediaProvider: Begin Intent { act=android.intent.action.MEDIA_SCANNER_SCAN_FILE dat=file:///sdcard/screen_2026-05-29_040009.png flg=0x1400010 cmp=com.android.providers.media.module/com.android.providers.media.MediaService }
05-29 04:00:09.489     0     0 W audit   : audit_lost=951 audit_rate_limit=5 audit_backlog_limit=64
05-29 04:00:09.492     0     0 E audit   : rate limit exceeded
05-29 04:00:09.269  1474  1934 W ModernMediaScanner: Failed to visit /sdcard/screen_2026-05-29_040009.png: java.nio.file.AccessDeniedException: /sdcard/screen_2026-05-29_040009.png
05-29 04:00:09.269  1474  1934 I MediaProvider: Scanned internal due to REASON_DEMAND, found 0 items in 4ms, 0 inserts 0 updates 0 deletes
05-29 04:00:09.269  1474  1934 I MediaProvider: End Intent { act=android.intent.action.MEDIA_SCANNER_SCAN_FILE dat=file:///sdcard/screen_2026-05-29_040009.png flg=0x1400010 cmp=com.android.providers.media.module/com.android.providers.media.MediaService }
05-29 04:00:09.260  1474  1474 W com.android.providers.media.module: type=1400 audit(0.0:1295): avc: denied { read } for comm=4173796E635461736B202331 name="primary" dev="tmpfs" ino=20305 scontext=u:r:mediaprovider_app:s0:c123,c256,c512,c768 tcontext=u:object_r:mnt_pass_through_file:s0 tclass=lnk_file permissive=0 app=com.android.providers.media.module
05-29 04:00:09.305  1474  1658 I MediaProvider: Deleted 1 items on external_primary due to com.android.shell
05-29 04:00:09.260  1474  1474 W com.android.providers.media.module: type=1400 audit(0.0:1299): avc: denied { read } for comm=4173796E635461736B202331 name="primary" dev="tmpfs" ino=20305 scontext=u:r:mediaprovider_app:s0:c123,c256,c512,c768 tcontext=u:object_r:mnt_pass_through_file:s0 tclass=lnk_file permissive=0 app=com.android.providers.media.module
05-29 04:00:09.334 12821 12823 I cmd     : oneway function results will be dropped but finished with status OK and parcel size 4
05-29 04:00:09.451   159   159 I hwservicemanager: getTransport: Cannot find entry android.hardware.graphics.mapper@4.0::IMapper/default in either framework or device manifest.
05-29 04:00:09.452 12843 12843 I Gralloc4: mapper 4.x is not supported
05-29 04:00:09.494  8377  8377 I ProvidersCache: Updating roots due to change on user 0at content://com.android.providers.media.documents/root
05-29 04:00:09.498 12847 12849 I cmd     : oneway function results will be dropped but finished with status OK and parcel size 4
05-29 04:00:09.498  1474  1934 I MediaProvider: Begin Intent { act=android.intent.action.MEDIA_SCANNER_SCAN_FILE dat=file:///sdcard/screen_2026-05-29_040010.png flg=0x1400010 cmp=com.android.providers.media.module/com.android.providers.media.MediaService }
05-29 04:00:09.499  1474  1934 W ModernMediaScanner: Failed to visit /sdcard/screen_2026-05-29_040010.png: java.nio.file.AccessDeniedException: /sdcard/screen_2026-05-29_040010.png
05-29 04:00:09.500  1474  1934 I MediaProvider: Scanned internal due to REASON_DEMAND, found 0 items in 1ms, 0 inserts 0 updates 0 deletes
05-29 04:00:09.500  1474  1934 I MediaProvider: End Intent { act=android.intent.action.MEDIA_SCANNER_SCAN_FILE dat=file:///sdcard/screen_2026-05-29_040010.png flg=0x1400010 cmp=com.android.providers.media.module/com.android.providers.media.MediaService }
05-29 04:00:09.521  1474  1658 I MediaProvider: Deleted 1 items on external_primary due to com.android.shell
05-29 04:00:09.546 12858 12860 I cmd     : oneway function results will be dropped but finished with status OK and parcel size 4
05-29 04:00:09.665   159   159 I hwservicemanager: getTransport: Cannot find entry android.hardware.graphics.mapper@4.0::IMapper/default in either framework or device manifest.
05-29 04:00:09.665 12880 12880 I Gralloc4: mapper 4.x is not supported
05-29 04:00:09.709 12884 12886 I cmd     : oneway function results will be dropped but finished with status OK and parcel size 4
05-29 04:00:09.710  1474  1934 I MediaProvider: Begin Intent { act=android.intent.action.MEDIA_SCANNER_SCAN_FILE dat=file:///sdcard/screen_2026-05-29_040010.png flg=0x1400010 cmp=com.android.providers.media.module/com.android.providers.media.MediaService }
05-29 04:00:09.711  1474  1934 W ModernMediaScanner: Failed to visit /sdcard/screen_2026-05-29_040010.png: java.nio.file.AccessDeniedException: /sdcard/screen_2026-05-29_040010.png
05-29 04:00:09.711  1474  1934 I MediaProvider: Scanned internal due to REASON_DEMAND, found 0 items in 1ms, 0 inserts 0 updates 0 deletes
05-29 04:00:09.712  1474  1934 I MediaProvider: End Intent { act=android.intent.action.MEDIA_SCANNER_SCAN_FILE dat=file:///sdcard/screen_2026-05-29_040010.png flg=0x1400010 cmp=com.android.providers.media.module/com.android.providers.media.MediaService }
05-29 04:00:09.733  1474  1658 I MediaProvider: Deleted 1 items on external_primary due to com.android.shell
05-29 04:00:09.760 12895 12897 I cmd     : oneway function results will be dropped but finished with status OK and parcel size 4
05-29 04:00:09.809 12910 12912 I cmd     : oneway function results will be dropped but finished with status OK and parcel size 4
05-29 04:00:09.857 12925 12927 I cmd     : oneway function results will be dropped but finished with status OK and parcel size 4
05-29 04:00:09.985 12954 12954 E libc    : Access denied finding property "persist.device_config.runtime_native_boot.profilebootclasspath"
05-29 04:00:09.985 12954 12954 E libc    : Access denied finding property "persist.device_config.runtime_native_boot.enable_apex_image"
05-29 04:00:09.985 12954 12954 I AndroidRuntime: Using default boot image
05-29 04:00:09.985 12954 12954 E libc    : Access denied finding property "persist.device_config.runtime_native_boot.disable_lock_profiling"
05-29 04:00:09.985 12954 12954 I AndroidRuntime: Leaving lock profiling enabled
05-29 04:00:09.985 12954 12954 E libc    : Access denied finding property "persist.device_config.runtime_native_boot.enable_generational_cc"
05-29 04:00:09.987 12954 12954 I app_process: Core platform API reporting enabled, enforcing=false
05-29 04:00:10.025 12954 12954 W app_process: Unexpected CPU variant for X86 using defaults: x86_64
05-29 04:00:10.026 12954 12954 I app_process: The ClassLoaderContext is a special shared library.
05-29 04:00:10.032 12954 12954 W app_process: JNI RegisterNativeMethods: attempt to register 0 native methods for android.media.AudioAttributes
05-29 04:00:11.508  8377  8377 I ProvidersCache: Updating roots due to change on user 0at content://com.android.providers.media.documents/root
05-29 04:00:11.608  8377  8377 I ProvidersCache: Updating roots due to change on user 0at content://com.android.providers.media.documents/root
05-29 04:00:11.751   159   159 I hwservicemanager: getTransport: Cannot find entry android.hardware.graphics.mapper@4.0::IMapper/default in either framework or device manifest.
05-29 04:00:11.751 12985 12985 I Gralloc4: mapper 4.x is not supported
05-29 04:00:11.786 12989 12991 I cmd     : oneway function results will be dropped but finished with status OK and parcel size 4
05-29 04:00:11.787  1474  1934 I MediaProvider: Begin Intent { act=android.intent.action.MEDIA_SCANNER_SCAN_FILE dat=file:///sdcard/screen_2026-05-29_040012.png flg=0x1400010 cmp=com.android.providers.media.module/com.android.providers.media.MediaService }
05-29 04:00:12.012     0     0 W audit   : audit_lost=968 audit_rate_limit=5 audit_backlog_limit=64
05-29 04:00:12.014     0     0 E audit   : rate limit exceeded
05-29 04:00:11.784  1474  1474 W com.android.providers.media.module: type=1400 audit(0.0:1317): avc: denied { read } for comm=4173796E635461736B202331 name="primary" dev="tmpfs" ino=20305 scontext=u:r:mediaprovider_app:s0:c123,c256,c512,c768 tcontext=u:object_r:mnt_pass_through_file:s0 tclass=lnk_file permissive=0 app=com.android.providers.media.module
05-29 04:00:11.798  1474  1934 W ModernMediaScanner: Failed to visit /sdcard/screen_2026-05-29_040012.png: java.nio.file.AccessDeniedException: /sdcard/screen_2026-05-29_040012.png
05-29 04:00:11.799  1474  1934 I MediaProvider: Scanned internal due to REASON_DEMAND, found 0 items in 12ms, 0 inserts 0 updates 0 deletes
05-29 04:00:11.799  1474  1934 I MediaProvider: End Intent { act=android.intent.action.MEDIA_SCANNER_SCAN_FILE dat=file:///sdcard/screen_2026-05-29_040012.png flg=0x1400010 cmp=com.android.providers.media.module/com.android.providers.media.MediaService }
05-29 04:00:11.784  1474  1474 W com.android.providers.media.module: type=1400 audit(0.0:1318): avc: denied { read } for comm=4173796E635461736B202331 name="primary" dev="tmpfs" ino=20305 scontext=u:r:mediaprovider_app:s0:c123,c256,c512,c768 tcontext=u:object_r:mnt_pass_through_file:s0 tclass=lnk_file permissive=0 app=com.android.providers.media.module
05-29 04:00:11.843  1474  2608 I MediaProvider: Deleted 1 items on external_primary due to com.android.shell
05-29 04:00:11.855  8377  8377 I ProvidersCache: Updating roots due to change on user 0at content://com.android.providers.media.documents/root
05-29 04:00:11.992   159   159 I hwservicemanager: getTransport: Cannot find entry android.hardware.graphics.mapper@4.0::IMapper/default in either framework or device manifest.
05-29 04:00:11.992 13022 13022 I Gralloc4: mapper 4.x is not supported
05-29 04:00:12.029 13028 13030 I cmd     : oneway function results will be dropped but finished with status OK and parcel size 4
05-29 04:00:12.029  1474  1934 I MediaProvider: Begin Intent { act=android.intent.action.MEDIA_SCANNER_SCAN_FILE dat=file:///sdcard/screen_2026-05-29_040012.png flg=0x1400010 cmp=com.android.providers.media.module/com.android.providers.media.MediaService }
05-29 04:00:12.030  1474  1934 W ModernMediaScanner: Failed to visit /sdcard/screen_2026-05-29_040012.png: java.nio.file.AccessDeniedException: /sdcard/screen_2026-05-29_040012.png
05-29 04:00:12.031  1474  1934 I MediaProvider: Scanned internal due to REASON_DEMAND, found 0 items in 1ms, 0 inserts 0 updates 0 deletes
05-29 04:00:12.033  1474  1934 I MediaProvider: End Intent { act=android.intent.action.MEDIA_SCANNER_SCAN_FILE dat=file:///sdcard/screen_2026-05-29_040012.png flg=0x1400010 cmp=com.android.providers.media.module/com.android.providers.media.MediaService }
05-29 04:00:12.043  8377  8377 I ProvidersCache: Updating roots due to change on user 0at content://com.android.providers.media.documents/root
05-29 04:00:12.053  1474  1657 I MediaProvider: Deleted 1 items on external_primary due to com.android.shell
05-29 04:00:12.079 13039 13041 I cmd     : oneway function results will be dropped but finished with status OK and parcel size 4
05-29 04:00:12.204   159   159 I hwservicemanager: getTransport: Cannot find entry android.hardware.graphics.mapper@4.0::IMapper/default in either framework or device manifest.
05-29 04:00:12.204 13061 13061 I Gralloc4: mapper 4.x is not supported
05-29 04:00:12.241 13065 13067 I cmd     : oneway function results will be dropped but finished with status OK and parcel size 4
05-29 04:00:12.241  1474  1934 I MediaProvider: Begin Intent { act=android.intent.action.MEDIA_SCANNER_SCAN_FILE dat=file:///sdcard/screen_2026-05-29_040012.png flg=0x1400010 cmp=com.android.providers.media.module/com.android.providers.media.MediaService }
05-29 04:00:12.242  1474  1934 W ModernMediaScanner: Failed to visit /sdcard/screen_2026-05-29_040012.png: java.nio.file.AccessDeniedException: /sdcard/screen_2026-05-29_040012.png
05-29 04:00:12.243  1474  1934 I MediaProvider: Scanned internal due to REASON_DEMAND, found 0 items in 1ms, 0 inserts 0 updates 0 deletes
05-29 04:00:12.244  1474  1934 I MediaProvider: End Intent { act=android.intent.action.MEDIA_SCANNER_SCAN_FILE dat=file:///sdcard/screen_2026-05-29_040012.png flg=0x1400010 cmp=com.android.providers.media.module/com.android.providers.media.MediaService }
05-29 04:00:12.265  1474  1657 I MediaProvider: Deleted 1 items on external_primary due to com.android.shell
05-29 04:00:12.290 13076 13078 I cmd     : oneway function results will be dropped but finished with status OK and parcel size 4
05-29 04:00:12.339 13091 13093 I cmd     : oneway function results will be dropped but finished with status OK and parcel size 4
05-29 04:00:12.388 13106 13108 I cmd     : oneway function results will be dropped but finished with status OK and parcel size 4
05-29 04:00:12.436 13121 13123 I cmd     : oneway function results will be dropped but finished with status OK and parcel size 4
05-29 04:00:12.522 13133 13133 E libc    : Access denied finding property "persist.device_config.runtime_native_boot.profilebootclasspath"
05-29 04:00:12.522 13133 13133 E libc    : Access denied finding property "persist.device_config.runtime_native_boot.enable_apex_image"
05-29 04:00:12.522 13133 13133 I AndroidRuntime: Using default boot image
05-29 04:00:12.522 13133 13133 E libc    : Access denied finding property "persist.device_config.runtime_native_boot.disable_lock_profiling"
05-29 04:00:12.522 13133 13133 I AndroidRuntime: Leaving lock profiling enabled
05-29 04:00:12.523 13133 13133 E libc    : Access denied finding property "persist.device_config.runtime_native_boot.enable_generational_cc"
05-29 04:00:12.524 13133 13133 I app_process: Core platform API reporting enabled, enforcing=false
05-29 04:00:12.562 13133 13133 W app_process: Unexpected CPU variant for X86 using defaults: x86_64
05-29 04:00:12.563 13133 13133 I app_process: The ClassLoaderContext is a special shared library.
05-29 04:00:12.569 13133 13133 W app_process: JNI RegisterNativeMethods: attempt to register 0 native methods for android.media.AudioAttributes
05-29 04:00:12.682  2240  2240 E AccessibilityInteractionClient: 3 Disconnected nodes.
05-29 04:00:14.066  8377  8377 I ProvidersCache: Updating roots due to change on user 0at content://com.android.providers.media.documents/root
05-29 04:00:14.130  8377  8377 I ProvidersCache: Updating roots due to change on user 0at content://com.android.providers.media.documents/root
05-29 04:00:14.280   159   159 I hwservicemanager: getTransport: Cannot find entry android.hardware.graphics.mapper@4.0::IMapper/default in either framework or device manifest.
05-29 04:00:14.281 13168 13168 I Gralloc4: mapper 4.x is not supported
05-29 04:00:14.316 13172 13174 I cmd     : oneway function results will be dropped but finished with status OK and parcel size 4
05-29 04:00:14.317  1474  1934 I MediaProvider: Begin Intent { act=android.intent.action.MEDIA_SCANNER_SCAN_FILE dat=file:///sdcard/screen_2026-05-29_040014.png flg=0x1400010 cmp=com.android.providers.media.module/com.android.providers.media.MediaService }
05-29 04:00:14.312  1474  1474 W com.android.providers.media.module: type=1400 audit(0.0:1339): avc: denied { read } for comm=4173796E635461736B202331 name="primary" dev="tmpfs" ino=20305 scontext=u:r:mediaprovider_app:s0:c123,c256,c512,c768 tcontext=u:object_r:mnt_pass_through_file:s0 tclass=lnk_file permissive=0 app=com.android.providers.media.module
05-29 04:00:14.542     0     0 W audit   : audit_lost=985 audit_rate_limit=5 audit_backlog_limit=64
05-29 04:00:14.544     0     0 E audit   : rate limit exceeded
05-29 04:00:14.312  1474  1474 W com.android.providers.media.module: type=1400 audit(0.0:1340): avc: denied { read } for comm=4173796E635461736B202331 name="primary" dev="tmpfs" ino=20305 scontext=u:r:mediaprovider_app:s0:c123,c256,c512,c768 tcontext=u:object_r:mnt_pass_through_file:s0 tclass=lnk_file permissive=0 app=com.android.providers.media.module
05-29 04:00:14.328  1474  1934 W ModernMediaScanner: Failed to visit /sdcard/screen_2026-05-29_040014.png: java.nio.file.AccessDeniedException: /sdcard/screen_2026-05-29_040014.png
05-29 04:00:14.329  1474  1934 I MediaProvider: Scanned internal due to REASON_DEMAND, found 0 items in 11ms, 0 inserts 0 updates 0 deletes
05-29 04:00:14.329  1474  1934 I MediaProvider: End Intent { act=android.intent.action.MEDIA_SCANNER_SCAN_FILE dat=file:///sdcard/screen_2026-05-29_040014.png flg=0x1400010 cmp=com.android.providers.media.module/com.android.providers.media.MediaService }
05-29 04:00:14.312  1474  1474 W com.android.providers.media.module: type=1400 audit(0.0:1341): avc: denied { read } for comm=4173796E635461736B202331 name="primary" dev="tmpfs" ino=20305 scontext=u:r:mediaprovider_app:s0:c123,c256,c512,c768 tcontext=u:object_r:mnt_pass_through_file:s0 tclass=lnk_file permissive=0 app=com.android.providers.media.module
05-29 04:00:14.386  8377  8377 I ProvidersCache: Updating roots due to change on user 0at content://com.android.providers.media.documents/root
05-29 04:00:14.408  1474  2608 I MediaProvider: Deleted 1 items on external_primary due to com.android.shell
05-29 04:00:14.433 13183 13185 I cmd     : oneway function results will be dropped but finished with status OK and parcel size 4
05-29 04:00:14.556   159   159 I hwservicemanager: getTransport: Cannot find entry android.hardware.graphics.mapper@4.0::IMapper/default in either framework or device manifest.
05-29 04:00:14.556 13205 13205 I Gralloc4: mapper 4.x is not supported
05-29 04:00:14.591 13209 13211 I cmd     : oneway function results will be dropped but finished with status OK and parcel size 4
05-29 04:00:14.591  1474  1934 I MediaProvider: Begin Intent { act=android.intent.action.MEDIA_SCANNER_SCAN_FILE dat=file:///sdcard/screen_2026-05-29_040015.png flg=0x1400010 cmp=com.android.providers.media.module/com.android.providers.media.MediaService }
05-29 04:00:14.592  1474  1934 W ModernMediaScanner: Failed to visit /sdcard/screen_2026-05-29_040015.png: java.nio.file.AccessDeniedException: /sdcard/screen_2026-05-29_040015.png
05-29 04:00:14.593  1474  1934 I MediaProvider: Scanned internal due to REASON_DEMAND, found 0 items in 0ms, 0 inserts 0 updates 0 deletes
05-29 04:00:14.593  1474  1934 I MediaProvider: End Intent { act=android.intent.action.MEDIA_SCANNER_SCAN_FILE dat=file:///sdcard/screen_2026-05-29_040015.png flg=0x1400010 cmp=com.android.providers.media.module/com.android.providers.media.MediaService }
05-29 04:00:14.615  1474  1658 I MediaProvider: Deleted 1 items on external_primary due to com.android.shell
05-29 04:00:14.634  8377  8377 I ProvidersCache: Updating roots due to change on user 0at content://com.android.providers.media.documents/root
05-29 04:00:14.649 13220 13222 I cmd     : oneway function results will be dropped but finished with status OK and parcel size 4
05-29 04:00:14.770   159   159 I hwservicemanager: getTransport: Cannot find entry android.hardware.graphics.mapper@4.0::IMapper/default in either framework or device manifest.
05-29 04:00:14.770 13242 13242 I Gralloc4: mapper 4.x is not supported
05-29 04:00:14.804 13246 13248 I cmd     : oneway function results will be dropped but finished with status OK and parcel size 4
05-29 04:00:14.805  1474  1934 I MediaProvider: Begin Intent { act=android.intent.action.MEDIA_SCANNER_SCAN_FILE dat=file:///sdcard/screen_2026-05-29_040015.png flg=0x1400010 cmp=com.android.providers.media.module/com.android.providers.media.MediaService }
05-29 04:00:14.805  1474  1934 W ModernMediaScanner: Failed to visit /sdcard/screen_2026-05-29_040015.png: java.nio.file.AccessDeniedException: /sdcard/screen_2026-05-29_040015.png
05-29 04:00:14.806  1474  1934 I MediaProvider: Scanned internal due to REASON_DEMAND, found 0 items in 1ms, 0 inserts 0 updates 0 deletes
05-29 04:00:14.807  1474  1934 I MediaProvider: End Intent { act=android.intent.action.MEDIA_SCANNER_SCAN_FILE dat=file:///sdcard/screen_2026-05-29_040015.png flg=0x1400010 cmp=com.android.providers.media.module/com.android.providers.media.MediaService }
05-29 04:00:14.868  1474  1657 I MediaProvider: Deleted 1 items on external_primary due to com.android.shell
05-29 04:00:14.896 13257 13259 I cmd     : oneway function results will be dropped but finished with status OK and parcel size 4
05-29 04:00:14.945 13272 13274 I cmd     : oneway function results will be dropped but finished with status OK and parcel size 4
05-29 04:00:14.994 13287 13289 I cmd     : oneway function results will be dropped but finished with status OK and parcel size 4
05-29 04:00:15.042 13302 13304 I cmd     : oneway function results will be dropped but finished with status OK and parcel size 4
05-29 04:00:15.131 13316 13316 E libc    : Access denied finding property "persist.device_config.runtime_native_boot.profilebootclasspath"
05-29 04:00:15.131 13316 13316 E libc    : Access denied finding property "persist.device_config.runtime_native_boot.enable_apex_image"
05-29 04:00:15.131 13316 13316 I AndroidRuntime: Using default boot image
05-29 04:00:15.131 13316 13316 E libc    : Access denied finding property "persist.device_config.runtime_native_boot.disable_lock_profiling"
05-29 04:00:15.131 13316 13316 I AndroidRuntime: Leaving lock profiling enabled
05-29 04:00:15.131 13316 13316 E libc    : Access denied finding property "persist.device_config.runtime_native_boot.enable_generational_cc"
05-29 04:00:15.132 13316 13316 I app_process: Core platform API reporting enabled, enforcing=false
05-29 04:00:15.172 13316 13316 W app_process: Unexpected CPU variant for X86 using defaults: x86_64
05-29 04:00:15.173 13316 13316 I app_process: The ClassLoaderContext is a special shared library.
05-29 04:00:15.179 13316 13316 W app_process: JNI RegisterNativeMethods: attempt to register 0 native methods for android.media.AudioAttributes
05-29 04:00:15.197  2240  2240 E AccessibilityInteractionClient: 3 Disconnected nodes.
05-29 04:00:15.552  8793  8810 W System  : A resource failed to call close. 
05-29 04:00:15.552  8793  8810 W System  : A resource failed to call dispose. 
05-29 04:00:15.552  8793  8810 W System  : A resource failed to call release. 
05-29 04:00:16.657  8377  8377 I ProvidersCache: Updating roots due to change on user 0at content://com.android.providers.media.documents/root
05-29 04:00:16.753  8377  8377 I ProvidersCache: Updating roots due to change on user 0at content://com.android.providers.media.documents/root
05-29 04:00:16.899   159   159 I hwservicemanager: getTransport: Cannot find entry android.hardware.graphics.mapper@4.0::IMapper/default in either framework or device manifest.
05-29 04:00:16.899 13348 13348 I Gralloc4: mapper 4.x is not supported
05-29 04:00:16.945 13352 13354 I cmd     : oneway function results will be dropped but finished with status OK and parcel size 4
05-29 04:00:16.945  1474  1934 I MediaProvider: Begin Intent { act=android.intent.action.MEDIA_SCANNER_SCAN_FILE dat=file:///sdcard/screen_2026-05-29_040017.png flg=0x1400010 cmp=com.android.providers.media.module/com.android.providers.media.MediaService }
05-29 04:00:17.170     0     0 W audit   : audit_lost=1002 audit_rate_limit=5 audit_backlog_limit=64
05-29 04:00:17.172     0     0 E audit   : rate limit exceeded
05-29 04:00:16.950  1474  1934 W ModernMediaScanner: Failed to visit /sdcard/screen_2026-05-29_040017.png: java.nio.file.AccessDeniedException: /sdcard/screen_2026-05-29_040017.png
05-29 04:00:16.950  1474  1934 I MediaProvider: Scanned internal due to REASON_DEMAND, found 0 items in 5ms, 0 inserts 0 updates 0 deletes
05-29 04:00:16.951  1474  1934 I MediaProvider: End Intent { act=android.intent.action.MEDIA_SCANNER_SCAN_FILE dat=file:///sdcard/screen_2026-05-29_040017.png flg=0x1400010 cmp=com.android.providers.media.module/com.android.providers.media.MediaService }
05-29 04:00:16.940  1474  1474 W com.android.providers.media.module: type=1400 audit(0.0:1361): avc: denied { read } for comm=4173796E635461736B202331 name="primary" dev="tmpfs" ino=20305 scontext=u:r:mediaprovider_app:s0:c123,c256,c512,c768 tcontext=u:object_r:mnt_pass_through_file:s0 tclass=lnk_file permissive=0 app=com.android.providers.media.module
05-29 04:00:17.007  8377  8377 I ProvidersCache: Updating roots due to change on user 0at content://com.android.providers.media.documents/root
05-29 04:00:17.041  1474  2608 I MediaProvider: Deleted 1 items on external_primary due to com.android.shell
05-29 04:00:17.068 13364 13366 I cmd     : oneway function results will be dropped but finished with status OK and parcel size 4
05-29 04:00:17.198   159   159 I hwservicemanager: getTransport: Cannot find entry android.hardware.graphics.mapper@4.0::IMapper/default in either framework or device manifest.
05-29 04:00:17.198 13388 13388 I Gralloc4: mapper 4.x is not supported
05-29 04:00:17.220  8377  8377 I ProvidersCache: Updating roots due to change on user 0at content://com.android.providers.media.documents/root
05-29 04:00:17.241 13392 13394 I cmd     : oneway function results will be dropped but finished with status OK and parcel size 4
05-29 04:00:17.241  1474  1934 I MediaProvider: Begin Intent { act=android.intent.action.MEDIA_SCANNER_SCAN_FILE dat=file:///sdcard/screen_2026-05-29_040017.png flg=0x1400010 cmp=com.android.providers.media.module/com.android.providers.media.MediaService }
05-29 04:00:17.242  1474  1934 W ModernMediaScanner: Failed to visit /sdcard/screen_2026-05-29_040017.png: java.nio.file.AccessDeniedException: /sdcard/screen_2026-05-29_040017.png
05-29 04:00:17.243  1474  1934 I MediaProvider: Scanned internal due to REASON_DEMAND, found 0 items in 1ms, 0 inserts 0 updates 0 deletes
05-29 04:00:17.243  1474  1934 I MediaProvider: End Intent { act=android.intent.action.MEDIA_SCANNER_SCAN_FILE dat=file:///sdcard/screen_2026-05-29_040017.png flg=0x1400010 cmp=com.android.providers.media.module/com.android.providers.media.MediaService }
05-29 04:00:17.304  1474  1658 I MediaProvider: Deleted 1 items on external_primary due to com.android.shell
05-29 04:00:17.330 13403 13405 I cmd     : oneway function results will be dropped but finished with status OK and parcel size 4
05-29 04:00:17.454   159   159 I hwservicemanager: getTransport: Cannot find entry android.hardware.graphics.mapper@4.0::IMapper/default in either framework or device manifest.
05-29 04:00:17.454 13425 13425 I Gralloc4: mapper 4.x is not supported
05-29 04:00:17.502  1474  1934 I MediaProvider: Begin Intent { act=android.intent.action.MEDIA_SCANNER_SCAN_FILE dat=file:///sdcard/screen_2026-05-29_040018.png flg=0x1400010 cmp=com.android.providers.media.module/com.android.providers.media.MediaService }
05-29 04:00:17.503  1474  1934 W ModernMediaScanner: Failed to visit /sdcard/screen_2026-05-29_040018.png: java.nio.file.AccessDeniedException: /sdcard/screen_2026-05-29_040018.png
05-29 04:00:17.503  1474  1934 I MediaProvider: Scanned internal due to REASON_DEMAND, found 0 items in 1ms, 0 inserts 0 updates 0 deletes
05-29 04:00:17.506  1474  1934 I MediaProvider: End Intent { act=android.intent.action.MEDIA_SCANNER_SCAN_FILE dat=file:///sdcard/screen_2026-05-29_040018.png flg=0x1400010 cmp=com.android.providers.media.module/com.android.providers.media.MediaService }
05-29 04:00:17.525  1474  1657 I MediaProvider: Deleted 1 items on external_primary due to com.android.shell
05-29 04:00:17.777     0     0 W healthd : battery l=100 v=5000 t=25.0 h=2 st=2 c=900000 fc=300000 cc=10 chg=a
05-29 04:00:17.603 13455 13457 I cmd     : oneway function results will be dropped but finished with status OK and parcel size 4
05-29 04:00:17.654 13470 13472 I cmd     : oneway function results will be dropped but finished with status OK and parcel size 4
05-29 04:00:17.702 13485 13487 I cmd     : oneway function results will be dropped but finished with status OK and parcel size 4
05-29 04:00:17.781 13497 13497 E libc    : Access denied finding property "persist.device_config.runtime_native_boot.profilebootclasspath"
05-29 04:00:17.781 13497 13497 E libc    : Access denied finding property "persist.device_config.runtime_native_boot.enable_apex_image"
05-29 04:00:17.781 13497 13497 I AndroidRuntime: Using default boot image
05-29 04:00:17.781 13497 13497 E libc    : Access denied finding property "persist.device_config.runtime_native_boot.disable_lock_profiling"
05-29 04:00:17.781 13497 13497 I AndroidRuntime: Leaving lock profiling enabled
05-29 04:00:17.781 13497 13497 E libc    : Access denied finding property "persist.device_config.runtime_native_boot.enable_generational_cc"
05-29 04:00:17.783 13497 13497 I app_process: Core platform API reporting enabled, enforcing=false
05-29 04:00:17.821 13497 13497 W app_process: Unexpected CPU variant for X86 using defaults: x86_64
05-29 04:00:17.822 13497 13497 I app_process: The ClassLoaderContext is a special shared library.
05-29 04:00:17.828 13497 13497 W app_process: JNI RegisterNativeMethods: attempt to register 0 native methods for android.media.AudioAttributes
05-29 04:00:18.923   452   452 E netmgr  : qemu_pipe_open_ns:62: Could not connect to the 'pipe:qemud:network' service: Invalid argument
05-29 04:00:18.923   452   452 E netmgr  : Failed to open QEMU pipe 'qemud:network': Invalid argument
05-29 04:00:18.933   455   455 E wifi_forwarder: qemu_pipe_open_ns:62: Could not connect to the 'pipe:qemud:wififorward' service: Invalid argument
05-29 04:00:18.933   455   455 E wifi_forwarder: RemoteConnection failed to initialize: RemoteConnection failed to open pipe
05-29 04:00:19.242  8377  8377 I ProvidersCache: Updating roots due to change on user 0at content://com.android.providers.media.documents/root
05-29 04:00:19.663  8377  8377 I chatty  : uid=10076(com.android.documentsui) identical 4 lines
05-29 04:00:19.746  8377  8377 I ProvidersCache: Updating roots due to change on user 0at content://com.android.providers.media.documents/root
05-29 04:00:19.846   159   159 I hwservicemanager: getTransport: Cannot find entry android.hardware.graphics.mapper@4.0::IMapper/default in either framework or device manifest.
05-29 04:00:19.846 13526 13526 I Gralloc4: mapper 4.x is not supported
05-29 04:00:19.892 13530 13532 I cmd     : oneway function results will be dropped but finished with status OK and parcel size 4
05-29 04:00:19.892  1474  1934 I MediaProvider: Begin Intent { act=android.intent.action.MEDIA_SCANNER_SCAN_FILE dat=file:///sdcard/screen_2026-05-29_040020.png flg=0x1400010 cmp=com.android.providers.media.module/com.android.providers.media.MediaService }
05-29 04:00:19.903  1474  1934 W ModernMediaScanner: Failed to visit /sdcard/screen_2026-05-29_040020.png: java.nio.file.AccessDeniedException: /sdcard/screen_2026-05-29_040020.png
05-29 04:00:19.904  1474  1934 I MediaProvider: Scanned internal due to REASON_DEMAND, found 0 items in 10ms, 0 inserts 0 updates 0 deletes
05-29 04:00:19.904  1474  1934 I MediaProvider: End Intent { act=android.intent.action.MEDIA_SCANNER_SCAN_FILE dat=file:///sdcard/screen_2026-05-29_040020.png flg=0x1400010 cmp=com.android.providers.media.module/com.android.providers.media.MediaService }
05-29 04:00:19.888  1474  1474 W com.android.providers.media.module: type=1400 audit(0.0:1383): avc: denied { read } for comm=4173796E635461736B202331 name="primary" dev="tmpfs" ino=20305 scontext=u:r:mediaprovider_app:s0:c123,c256,c512,c768 tcontext=u:object_r:mnt_pass_through_file:s0 tclass=lnk_file permissive=0 app=com.android.providers.media.module
05-29 04:00:20.117     0     0 W audit   : audit_lost=1019 audit_rate_limit=5 audit_backlog_limit=64
05-29 04:00:20.126     0     0 E audit   : rate limit exceeded
05-29 04:00:19.888  1474  1474 I chatty  : uid=10123(com.android.providers.media.module) identical 3 lines
05-29 04:00:19.888  1474  1474 W com.android.providers.media.module: type=1400 audit(0.0:1387): avc: denied { read } for comm=4173796E635461736B202331 name="primary" dev="tmpfs" ino=20305 scontext=u:r:mediaprovider_app:s0:c123,c256,c512,c768 tcontext=u:object_r:mnt_pass_through_file:s0 tclass=lnk_file permissive=0 app=com.android.providers.media.module
05-29 04:00:19.965  1474  2608 I MediaProvider: Deleted 1 items on external_primary due to com.android.shell
05-29 04:00:19.991 13541 13543 I cmd     : oneway function results will be dropped but finished with status OK and parcel size 4
05-29 04:00:20.127   159   159 I hwservicemanager: getTransport: Cannot find entry android.hardware.graphics.mapper@4.0::IMapper/default in either framework or device manifest.
05-29 04:00:20.128 13563 13563 I Gralloc4: mapper 4.x is not supported
05-29 04:00:20.173 13567 13569 I cmd     : oneway function results will be dropped but finished with status OK and parcel size 4
05-29 04:00:20.174  1474  1934 I MediaProvider: Begin Intent { act=android.intent.action.MEDIA_SCANNER_SCAN_FILE dat=file:///sdcard/screen_2026-05-29_040020.png flg=0x1400010 cmp=com.android.providers.media.module/com.android.providers.media.MediaService }
05-29 04:00:20.175  1474  1934 W ModernMediaScanner: Failed to visit /sdcard/screen_2026-05-29_040020.png: java.nio.file.AccessDeniedException: /sdcard/screen_2026-05-29_040020.png
05-29 04:00:20.176  1474  1934 I MediaProvider: Scanned internal due to REASON_DEMAND, found 0 items in 2ms, 0 inserts 0 updates 0 deletes
05-29 04:00:20.176  1474  1934 I MediaProvider: End Intent { act=android.intent.action.MEDIA_SCANNER_SCAN_FILE dat=file:///sdcard/screen_2026-05-29_040020.png flg=0x1400010 cmp=com.android.providers.media.module/com.android.providers.media.MediaService }
05-29 04:00:20.240  1474  1658 I MediaProvider: Deleted 1 items on external_primary due to com.android.shell
05-29 04:00:20.266 13580 13582 I cmd     : oneway function results will be dropped but finished with status OK and parcel size 4
05-29 04:00:20.394   159   159 I hwservicemanager: getTransport: Cannot find entry android.hardware.graphics.mapper@4.0::IMapper/default in either framework or device manifest.
05-29 04:00:20.394 13602 13602 I Gralloc4: mapper 4.x is not supported
05-29 04:00:20.441 13606 13608 I cmd     : oneway function results will be dropped but finished with status OK and parcel size 4
05-29 04:00:20.442  1474  1934 I MediaProvider: Begin Intent { act=android.intent.action.MEDIA_SCANNER_SCAN_FILE dat=file:///sdcard/screen_2026-05-29_040021.png flg=0x1400010 cmp=com.android.providers.media.module/com.android.providers.media.MediaService }
05-29 04:00:20.443  1474  1934 W ModernMediaScanner: Failed to visit /sdcard/screen_2026-05-29_040021.png: java.nio.file.AccessDeniedException: /sdcard/screen_2026-05-29_040021.png
05-29 04:00:20.444  1474  1934 I MediaProvider: Scanned internal due to REASON_DEMAND, found 0 items in 2ms, 0 inserts 0 updates 0 deletes
05-29 04:00:20.444  1474  1934 I MediaProvider: End Intent { act=android.intent.action.MEDIA_SCANNER_SCAN_FILE dat=file:///sdcard/screen_2026-05-29_040021.png flg=0x1400010 cmp=com.android.providers.media.module/com.android.providers.media.MediaService }
05-29 04:00:20.464  1474  1657 I MediaProvider: Deleted 1 items on external_primary due to com.android.shell
05-29 04:00:20.539 13632 13634 I cmd     : oneway function results will be dropped but finished with status OK and parcel size 4
05-29 04:00:20.588 13647 13649 I cmd     : oneway function results will be dropped but finished with status OK and parcel size 4
05-29 04:00:20.637 13662 13664 I cmd     : oneway function results will be dropped but finished with status OK and parcel size 4
05-29 04:00:20.714 13674 13674 E libc    : Access denied finding property "persist.device_config.runtime_native_boot.profilebootclasspath"
05-29 04:00:20.714 13674 13674 E libc    : Access denied finding property "persist.device_config.runtime_native_boot.enable_apex_image"
05-29 04:00:20.714 13674 13674 I AndroidRuntime: Using default boot image
05-29 04:00:20.714 13674 13674 E libc    : Access denied finding property "persist.device_config.runtime_native_boot.disable_lock_profiling"
05-29 04:00:20.714 13674 13674 I AndroidRuntime: Leaving lock profiling enabled
05-29 04:00:20.714 13674 13674 E libc    : Access denied finding property "persist.device_config.runtime_native_boot.enable_generational_cc"
05-29 04:00:20.716 13674 13674 I app_process: Core platform API reporting enabled, enforcing=false
05-29 04:00:20.756 13674 13674 W app_process: Unexpected CPU variant for X86 using defaults: x86_64
05-29 04:00:20.756 13674 13674 I app_process: The ClassLoaderContext is a special shared library.
05-29 04:00:20.762 13674 13674 W app_process: JNI RegisterNativeMethods: attempt to register 0 native methods for android.media.AudioAttributes
05-29 04:00:21.762  8377  8377 I ProvidersCache: Updating roots due to change on user 0at content://com.android.providers.media.documents/root
05-29 04:00:22.242  8377  8377 I chatty  : uid=10076(com.android.documentsui) identical 4 lines
05-29 04:00:22.307  8377  8377 I ProvidersCache: Updating roots due to change on user 0at content://com.android.providers.media.documents/root
05-29 04:00:22.780   159   159 I hwservicemanager: getTransport: Cannot find entry android.hardware.graphics.mapper@4.0::IMapper/default in either framework or device manifest.
05-29 04:00:22.780 13704 13704 I Gralloc4: mapper 4.x is not supported
05-29 04:00:22.826 13708 13710 I cmd     : oneway function results will be dropped but finished with status OK and parcel size 4
05-29 04:00:22.827  1474  1934 I MediaProvider: Begin Intent { act=android.intent.action.MEDIA_SCANNER_SCAN_FILE dat=file:///sdcard/screen_2026-05-29_040023.png flg=0x1400010 cmp=com.android.providers.media.module/com.android.providers.media.MediaService }
05-29 04:00:22.824  1474  1474 W com.android.providers.media.module: type=1400 audit(0.0:1405): avc: denied { read } for comm=4173796E635461736B202331 name="primary" dev="tmpfs" ino=20305 scontext=u:r:mediaprovider_app:s0:c123,c256,c512,c768 tcontext=u:object_r:mnt_pass_through_file:s0 tclass=lnk_file permissive=0 app=com.android.providers.media.module
05-29 04:00:23.059     0     0 W audit   : audit_lost=1036 audit_rate_limit=5 audit_backlog_limit=64
05-29 04:00:23.061     0     0 E audit   : rate limit exceeded
05-29 04:00:22.824  1474  1474 W com.android.providers.media.module: type=1400 audit(0.0:1406): avc: denied { read } for comm=4173796E635461736B202331 name="primary" dev="tmpfs" ino=20305 scontext=u:r:mediaprovider_app:s0:c123,c256,c512,c768 tcontext=u:object_r:mnt_pass_through_file:s0 tclass=lnk_file permissive=0 app=com.android.providers.media.module
05-29 04:00:22.850  1474  1934 W ModernMediaScanner: Failed to visit /sdcard/screen_2026-05-29_040023.png: java.nio.file.AccessDeniedException: /sdcard/screen_2026-05-29_040023.png
05-29 04:00:22.850  1474  1934 I MediaProvider: Scanned internal due to REASON_DEMAND, found 0 items in 15ms, 0 inserts 0 updates 0 deletes
05-29 04:00:22.851  1474  1934 I MediaProvider: End Intent { act=android.intent.action.MEDIA_SCANNER_SCAN_FILE dat=file:///sdcard/screen_2026-05-29_040023.png flg=0x1400010 cmp=com.android.providers.media.module/com.android.providers.media.MediaService }
05-29 04:00:22.832  1474  1474 W com.android.providers.media.module: type=1400 audit(0.0:1407): avc: denied { read } for comm=4173796E635461736B202331 name="primary" dev="tmpfs" ino=20305 scontext=u:r:mediaprovider_app:s0:c123,c256,c512,c768 tcontext=u:object_r:mnt_pass_through_file:s0 tclass=lnk_file permissive=0 app=com.android.providers.media.module
05-29 04:00:22.912  1474  2608 I MediaProvider: Deleted 1 items on external_primary due to com.android.shell
05-29 04:00:22.937 13719 13721 I cmd     : oneway function results will be dropped but finished with status OK and parcel size 4
05-29 04:00:23.056   159   159 I hwservicemanager: getTransport: Cannot find entry android.hardware.graphics.mapper@4.0::IMapper/default in either framework or device manifest.
05-29 04:00:23.056 13741 13741 I Gralloc4: mapper 4.x is not supported
05-29 04:00:23.102 13745 13747 I cmd     : oneway function results will be dropped but finished with status OK and parcel size 4
05-29 04:00:23.102  1474  1934 I MediaProvider: Begin Intent { act=android.intent.action.MEDIA_SCANNER_SCAN_FILE dat=file:///sdcard/screen_2026-05-29_040023.png flg=0x1400010 cmp=com.android.providers.media.module/com.android.providers.media.MediaService }
05-29 04:00:23.105  1474  1934 W ModernMediaScanner: Failed to visit /sdcard/screen_2026-05-29_040023.png: java.nio.file.AccessDeniedException: /sdcard/screen_2026-05-29_040023.png
05-29 04:00:23.106  1474  1934 I MediaProvider: Scanned internal due to REASON_DEMAND, found 0 items in 3ms, 0 inserts 0 updates 0 deletes
05-29 04:00:23.107  1474  1934 I MediaProvider: End Intent { act=android.intent.action.MEDIA_SCANNER_SCAN_FILE dat=file:///sdcard/screen_2026-05-29_040023.png flg=0x1400010 cmp=com.android.providers.media.module/com.android.providers.media.MediaService }
05-29 04:00:23.164  1474  1658 I MediaProvider: Deleted 1 items on external_primary due to com.android.shell
05-29 04:00:23.196 13756 13758 I cmd     : oneway function results will be dropped but finished with status OK and parcel size 4
05-29 04:00:23.330   159   159 I hwservicemanager: getTransport: Cannot find entry android.hardware.graphics.mapper@4.0::IMapper/default in either framework or device manifest.
05-29 04:00:23.330 13780 13780 I Gralloc4: mapper 4.x is not supported
05-29 04:00:23.379 13784 13786 I cmd     : oneway function results will be dropped but finished with status OK and parcel size 4
05-29 04:00:23.379  1474  1934 I MediaProvider: Begin Intent { act=android.intent.action.MEDIA_SCANNER_SCAN_FILE dat=file:///sdcard/screen_2026-05-29_040024.png flg=0x1400010 cmp=com.android.providers.media.module/com.android.providers.media.MediaService }
05-29 04:00:23.380  1474  1934 W ModernMediaScanner: Failed to visit /sdcard/screen_2026-05-29_040024.png: java.nio.file.AccessDeniedException: /sdcard/screen_2026-05-29_040024.png
05-29 04:00:23.381  1474  1934 I MediaProvider: Scanned internal due to REASON_DEMAND, found 0 items in 1ms, 0 inserts 0 updates 0 deletes
05-29 04:00:23.382  1474  1934 I MediaProvider: End Intent { act=android.intent.action.MEDIA_SCANNER_SCAN_FILE dat=file:///sdcard/screen_2026-05-29_040024.png flg=0x1400010 cmp=com.android.providers.media.module/com.android.providers.media.MediaService }
05-29 04:00:23.403  1474  1657 I MediaProvider: Deleted 1 items on external_primary due to com.android.shell
05-29 04:00:23.430 13795 13797 I cmd     : oneway function results will be dropped but finished with status OK and parcel size 4
05-29 04:00:23.480 13810 13812 I cmd     : oneway function results will be dropped but finished with status OK and parcel size 4
05-29 04:00:23.529 13825 13827 I cmd     : oneway function results will be dropped but finished with status OK and parcel size 4
05-29 04:00:23.576 13840 13842 I cmd     : oneway function results will be dropped but finished with status OK and parcel size 4
05-29 04:00:23.654 13852 13852 E libc    : Access denied finding property "persist.device_config.runtime_native_boot.profilebootclasspath"
05-29 04:00:23.655 13852 13852 E libc    : Access denied finding property "persist.device_config.runtime_native_boot.enable_apex_image"
05-29 04:00:23.655 13852 13852 I AndroidRuntime: Using default boot image
05-29 04:00:23.655 13852 13852 E libc    : Access denied finding property "persist.device_config.runtime_native_boot.disable_lock_profiling"
05-29 04:00:23.655 13852 13852 I AndroidRuntime: Leaving lock profiling enabled
05-29 04:00:23.655 13852 13852 E libc    : Access denied finding property "persist.device_config.runtime_native_boot.enable_generational_cc"
05-29 04:00:23.656 13852 13852 I app_process: Core platform API reporting enabled, enforcing=false
05-29 04:00:23.694 13852 13852 W app_process: Unexpected CPU variant for X86 using defaults: x86_64
05-29 04:00:23.695 13852 13852 I app_process: The ClassLoaderContext is a special shared library.
05-29 04:00:23.701 13852 13852 W app_process: JNI RegisterNativeMethods: attempt to register 0 native methods for android.media.AudioAttributes
05-29 04:00:24.318  8377  8377 I ProvidersCache: Updating roots due to change on user 0at content://com.android.providers.media.documents/root
05-29 04:00:24.774  8377  8377 I chatty  : uid=10076(com.android.documentsui) identical 4 lines
05-29 04:00:24.907  8377  8377 I ProvidersCache: Updating roots due to change on user 0at content://com.android.providers.media.documents/root
05-29 04:00:25.712   159   159 I hwservicemanager: getTransport: Cannot find entry android.hardware.graphics.mapper@4.0::IMapper/default in either framework or device manifest.
05-29 04:00:25.713 13881 13881 I Gralloc4: mapper 4.x is not supported
05-29 04:00:25.757 13885 13887 I cmd     : oneway function results will be dropped but finished with status OK and parcel size 4
05-29 04:00:25.757  1474  1934 I MediaProvider: Begin Intent { act=android.intent.action.MEDIA_SCANNER_SCAN_FILE dat=file:///sdcard/screen_2026-05-29_040026.png flg=0x1400010 cmp=com.android.providers.media.module/com.android.providers.media.MediaService }
05-29 04:00:25.752  1474  1474 W com.android.providers.media.module: type=1400 audit(0.0:1427): avc: denied { read } for comm=4173796E635461736B202331 name="primary" dev="tmpfs" ino=20305 scontext=u:r:mediaprovider_app:s0:c123,c256,c512,c768 tcontext=u:object_r:mnt_pass_through_file:s0 tclass=lnk_file permissive=0 app=com.android.providers.media.module
05-29 04:00:25.982     0     0 W audit   : audit_lost=1053 audit_rate_limit=5 audit_backlog_limit=64
05-29 04:00:25.992     0     0 E audit   : rate limit exceeded
05-29 04:00:25.777  1474  1934 W ModernMediaScanner: Failed to visit /sdcard/screen_2026-05-29_040026.png: java.nio.file.AccessDeniedException: /sdcard/screen_2026-05-29_040026.png
05-29 04:00:25.777  1474  1934 I MediaProvider: Scanned internal due to REASON_DEMAND, found 0 items in 19ms, 0 inserts 0 updates 0 deletes
05-29 04:00:25.778  1474  1934 I MediaProvider: End Intent { act=android.intent.action.MEDIA_SCANNER_SCAN_FILE dat=file:///sdcard/screen_2026-05-29_040026.png flg=0x1400010 cmp=com.android.providers.media.module/com.android.providers.media.MediaService }
05-29 04:00:25.752  1474  1474 W com.android.providers.media.module: type=1400 audit(0.0:1428): avc: denied { read } for comm=4173796E635461736B202331 name="primary" dev="tmpfs" ino=20305 scontext=u:r:mediaprovider_app:s0:c123,c256,c512,c768 tcontext=u:object_r:mnt_pass_through_file:s0 tclass=lnk_file permissive=0 app=com.android.providers.media.module
05-29 04:00:25.756  1474  1474 I chatty  : uid=10123(com.android.providers.media.module) identical 2 lines
05-29 04:00:25.756  1474  1474 W com.android.providers.media.module: type=1400 audit(0.0:1431): avc: denied { read } for comm=4173796E635461736B202331 name="primary" dev="tmpfs" ino=20305 scontext=u:r:mediaprovider_app:s0:c123,c256,c512,c768 tcontext=u:object_r:mnt_pass_through_file:s0 tclass=lnk_file permissive=0 app=com.android.providers.media.module
05-29 04:00:25.818  1474  2608 I MediaProvider: Deleted 1 items on external_primary due to com.android.shell
05-29 04:00:25.844 13896 13898 I cmd     : oneway function results will be dropped but finished with status OK and parcel size 4
05-29 04:00:25.965   159   159 I hwservicemanager: getTransport: Cannot find entry android.hardware.graphics.mapper@4.0::IMapper/default in either framework or device manifest.
05-29 04:00:25.965 13918 13918 I Gralloc4: mapper 4.x is not supported
05-29 04:00:26.011 13922 13924 I cmd     : oneway function results will be dropped but finished with status OK and parcel size 4
05-29 04:00:26.011  1474  1934 I MediaProvider: Begin Intent { act=android.intent.action.MEDIA_SCANNER_SCAN_FILE dat=file:///sdcard/screen_2026-05-29_040026.png flg=0x1400010 cmp=com.android.providers.media.module/com.android.providers.media.MediaService }
05-29 04:00:26.012  1474  1934 W ModernMediaScanner: Failed to visit /sdcard/screen_2026-05-29_040026.png: java.nio.file.AccessDeniedException: /sdcard/screen_2026-05-29_040026.png
05-29 04:00:26.012  1474  1934 I MediaProvider: Scanned internal due to REASON_DEMAND, found 0 items in 0ms, 0 inserts 0 updates 0 deletes
05-29 04:00:26.013  1474  1934 I MediaProvider: End Intent { act=android.intent.action.MEDIA_SCANNER_SCAN_FILE dat=file:///sdcard/screen_2026-05-29_040026.png flg=0x1400010 cmp=com.android.providers.media.module/com.android.providers.media.MediaService }
05-29 04:00:26.076  1474  1658 I MediaProvider: Deleted 1 items on external_primary due to com.android.shell
05-29 04:00:26.102 13933 13935 I cmd     : oneway function results will be dropped but finished with status OK and parcel size 4
05-29 04:00:26.222   159   159 I hwservicemanager: getTransport: Cannot find entry android.hardware.graphics.mapper@4.0::IMapper/default in either framework or device manifest.
05-29 04:00:26.222 13955 13955 I Gralloc4: mapper 4.x is not supported
05-29 04:00:26.266 13959 13961 I cmd     : oneway function results will be dropped but finished with status OK and parcel size 4
05-29 04:00:26.267  1474  1934 I MediaProvider: Begin Intent { act=android.intent.action.MEDIA_SCANNER_SCAN_FILE dat=file:///sdcard/screen_2026-05-29_040026.png flg=0x1400010 cmp=com.android.providers.media.module/com.android.providers.media.MediaService }
05-29 04:00:26.267  1474  1934 W ModernMediaScanner: Failed to visit /sdcard/screen_2026-05-29_040026.png: java.nio.file.AccessDeniedException: /sdcard/screen_2026-05-29_040026.png
