05-29 03:59:11.586   510  1742 W InputReader: Device virtio_input_multi_touch_3 is associated with display ADISPLAY_ID_NONE.
05-29 03:59:11.586   510  1742 W InputReader: Device virtio_input_multi_touch_8 is associated with display ADISPLAY_ID_NONE.
05-29 03:59:11.586   510  1742 W InputReader: Device virtio_input_multi_touch_9 is associated with display ADISPLAY_ID_NONE.
05-29 03:59:11.586   510  1742 W InputReader: Device virtio_input_multi_touch_4 is associated with display ADISPLAY_ID_NONE.
05-29 03:59:11.586   510  1742 W InputReader: Device virtio_input_multi_touch_10 is associated with display ADISPLAY_ID_NONE.
05-29 03:59:11.586   510  1742 W InputReader: Device virtio_input_multi_touch_7 is associated with display ADISPLAY_ID_NONE.
05-29 03:59:11.586   510  1742 W InputReader: Device virtio_input_multi_touch_11 is associated with display ADISPLAY_ID_NONE.
05-29 03:59:11.586   510  1742 W InputReader: Device virtio_input_multi_touch_5 is associated with display ADISPLAY_ID_NONE.
05-29 03:59:11.586   510  1742 W InputReader: Device virtio_input_multi_touch_2 is associated with display ADISPLAY_ID_NONE.
05-29 03:59:11.586   510  1742 W InputReader: Device virtio_input_multi_touch_6 is associated with display ADISPLAY_ID_NONE.
05-29 03:59:11.586   510  1742 W InputReader: Device virtio_input_multi_touch_3 is associated with display ADISPLAY_ID_NONE.
05-29 03:59:11.586   510  1742 W InputReader: Device virtio_input_multi_touch_8 is associated with display ADISPLAY_ID_NONE.
05-29 03:59:11.586   510  1742 W InputReader: Device virtio_input_multi_touch_9 is associated with display ADISPLAY_ID_NONE.
05-29 03:59:11.586   510  1742 W InputReader: Device virtio_input_multi_touch_4 is associated with display ADISPLAY_ID_NONE.
05-29 03:59:12.654   159   159 I hwservicemanager: getTransport: Cannot find entry android.hardware.graphics.mapper@4.0::IMapper/default in either framework or device manifest.
05-29 03:59:12.654  8834  8834 I Gralloc4: mapper 4.x is not supported
05-29 03:59:12.697  1474  1934 I MediaProvider: Begin Intent { act=android.intent.action.MEDIA_SCANNER_SCAN_FILE dat=file:///sdcard/screen_2026-05-29_035913.png flg=0x1400010 cmp=com.android.providers.media.module/com.android.providers.media.MediaService }
05-29 03:59:12.713  1474  1934 W ModernMediaScanner: Failed to visit /sdcard/screen_2026-05-29_035913.png: java.nio.file.AccessDeniedException: /sdcard/screen_2026-05-29_035913.png
05-29 03:59:12.713  1474  1934 I MediaProvider: Scanned internal due to REASON_DEMAND, found 0 items in 16ms, 0 inserts 0 updates 0 deletes
05-29 03:59:12.921     0     0 W audit   : audit_lost=586 audit_rate_limit=5 audit_backlog_limit=64
05-29 03:59:12.935     0     0 E audit   : rate limit exceeded
05-29 03:59:12.715  1474  1934 I MediaProvider: End Intent { act=android.intent.action.MEDIA_SCANNER_SCAN_FILE dat=file:///sdcard/screen_2026-05-29_035913.png flg=0x1400010 cmp=com.android.providers.media.module/com.android.providers.media.MediaService }
05-29 03:59:12.692  1474  1474 W com.android.providers.media.module: type=1400 audit(0.0:815): avc: denied { read } for comm=4173796E635461736B202331 name="primary" dev="tmpfs" ino=20305 scontext=u:r:mediaprovider_app:s0:c123,c256,c512,c768 tcontext=u:object_r:mnt_pass_through_file:s0 tclass=lnk_file permissive=0 app=com.android.providers.media.module
05-29 03:59:12.776  1474  1657 I MediaProvider: Deleted 1 items on external_primary due to com.android.shell
05-29 03:59:12.811  8793  8793 W pokedex.androi: Class androidx.compose.runtime.snapshots.SnapshotStateList failed lock verification and will run slower.
05-29 03:59:12.811  8793  8793 W pokedex.androi: Common causes for lock verification issues are non-optimized dex code
05-29 03:59:12.811  8793  8793 W pokedex.androi: and incorrect proguard optimizations.
05-29 03:59:12.833  8793  8793 W pokedex.androi: Accessing hidden method Landroid/graphics/Canvas;->drawPatch(Landroid/graphics/NinePatch;Landroid/graphics/Rect;Landroid/graphics/Paint;)V (greylist-max-o, linking, denied)
05-29 03:59:12.833  8793  8793 W pokedex.androi: Accessing hidden method Landroid/graphics/Canvas;->drawPatch(Landroid/graphics/NinePatch;Landroid/graphics/RectF;Landroid/graphics/Paint;)V (greylist-max-o, linking, denied)
05-29 03:59:12.972   159   159 I hwservicemanager: getTransport: Cannot find entry android.hardware.configstore@1.0::ISurfaceFlingerConfigs/default in either framework or device manifest.
05-29 03:59:12.985   159   159 I hwservicemanager: getTransport: Cannot find entry android.hardware.graphics.mapper@4.0::IMapper/default in either framework or device manifest.
05-29 03:59:12.985  8793  8819 I Gralloc4: mapper 4.x is not supported
05-29 03:59:13.009   159   159 I hwservicemanager: getTransport: Cannot find entry android.hardware.graphics.mapper@4.0::IMapper/default in either framework or device manifest.
05-29 03:59:13.009  8873  8873 I Gralloc4: mapper 4.x is not supported
05-29 03:59:13.013   510   542 I DropBoxManagerService: add tag=system_server_strictmode isTagEnabled=true flags=0x2
05-29 03:59:13.051  1474  1934 I MediaProvider: Begin Intent { act=android.intent.action.MEDIA_SCANNER_SCAN_FILE dat=file:///sdcard/screen_2026-05-29_035913.png flg=0x1400010 cmp=com.android.providers.media.module/com.android.providers.media.MediaService }
05-29 03:59:13.052  1474  1934 W ModernMediaScanner: Failed to visit /sdcard/screen_2026-05-29_035913.png: java.nio.file.AccessDeniedException: /sdcard/screen_2026-05-29_035913.png
05-29 03:59:13.052  1474  1934 I MediaProvider: Scanned internal due to REASON_DEMAND, found 0 items in 1ms, 0 inserts 0 updates 0 deletes
05-29 03:59:13.057  1474  1934 I MediaProvider: End Intent { act=android.intent.action.MEDIA_SCANNER_SCAN_FILE dat=file:///sdcard/screen_2026-05-29_035913.png flg=0x1400010 cmp=com.android.providers.media.module/com.android.providers.media.MediaService }
05-29 03:59:13.119  1474  1658 I MediaProvider: Deleted 1 items on external_primary due to com.android.shell
05-29 03:59:13.245  8377  8377 I ProvidersCache: Updating roots due to change on user 0at content://com.android.externalstorage.documents
05-29 03:59:13.308   159   159 I hwservicemanager: getTransport: Cannot find entry android.hardware.graphics.mapper@4.0::IMapper/default in either framework or device manifest.
05-29 03:59:13.309  8912  8912 I Gralloc4: mapper 4.x is not supported
05-29 03:59:13.459  1474  1934 I MediaProvider: Begin Intent { act=android.intent.action.MEDIA_SCANNER_SCAN_FILE dat=file:///sdcard/screen_2026-05-29_035914.png flg=0x1400010 cmp=com.android.providers.media.module/com.android.providers.media.MediaService }
05-29 03:59:13.460  1474  1934 W ModernMediaScanner: Failed to visit /sdcard/screen_2026-05-29_035914.png: java.nio.file.AccessDeniedException: /sdcard/screen_2026-05-29_035914.png
05-29 03:59:13.460  1474  1934 I MediaProvider: Scanned internal due to REASON_DEMAND, found 0 items in 1ms, 0 inserts 0 updates 0 deletes
05-29 03:59:13.461  1474  1934 I MediaProvider: End Intent { act=android.intent.action.MEDIA_SCANNER_SCAN_FILE dat=file:///sdcard/screen_2026-05-29_035914.png flg=0x1400010 cmp=com.android.providers.media.module/com.android.providers.media.MediaService }
05-29 03:59:13.527  1474  2608 I MediaProvider: Deleted 1 items on external_primary due to com.android.shell
05-29 03:59:13.809  8984  8984 E libc    : Access denied finding property "persist.device_config.runtime_native_boot.profilebootclasspath"
05-29 03:59:13.810  8984  8984 E libc    : Access denied finding property "persist.device_config.runtime_native_boot.enable_apex_image"
05-29 03:59:13.810  8984  8984 I AndroidRuntime: Using default boot image
05-29 03:59:13.810  8984  8984 E libc    : Access denied finding property "persist.device_config.runtime_native_boot.disable_lock_profiling"
05-29 03:59:13.810  8984  8984 I AndroidRuntime: Leaving lock profiling enabled
05-29 03:59:13.811  8984  8984 E libc    : Access denied finding property "persist.device_config.runtime_native_boot.enable_generational_cc"
05-29 03:59:13.812  8984  8984 I app_process: Core platform API reporting enabled, enforcing=false
05-29 03:59:13.852  8984  8984 W app_process: Unexpected CPU variant for X86 using defaults: x86_64
05-29 03:59:13.852  8984  8984 I app_process: The ClassLoaderContext is a special shared library.
05-29 03:59:13.858  8984  8984 W app_process: JNI RegisterNativeMethods: attempt to register 0 native methods for android.media.AudioAttributes
05-29 03:59:13.862   510   601 I InputDispatcher: Dropping event because there is no touchable window or gesture monitor at (160, 512) in display 0.
05-29 03:59:13.018   510   542 I chatty  : uid=1000(system) android.io identical 5 lines
05-29 03:59:13.018   510   542 I DropBoxManagerService: add tag=system_server_strictmode isTagEnabled=true flags=0x2
05-29 03:59:13.862   510  3722 W InputManager: Input event injection from pid 8984 failed.
05-29 03:59:13.865   510   601 I InputDispatcher: Dropping event because there is no touched foreground window in display 0 or gesture monitor to receive it.
05-29 03:59:13.877   510   601 I chatty  : uid=1000(system) InputDispatcher identical 91 lines
05-29 03:59:13.878   510   601 I InputDispatcher: Dropping event because there is no touched foreground window in display 0 or gesture monitor to receive it.
05-29 03:59:13.800  8984  8984 W app_process: type=1400 audit(0.0:833): avc: denied { read } for name="u:object_r:device_config_runtime_native_boot_prop:s0" dev="tmpfs" ino=561 scontext=u:r:shell:s0 tcontext=u:object_r:device_config_runtime_native_boot_prop:s0 tclass=file permissive=0
05-29 03:59:13.878   510   601 I InputDispatcher: Dropping event because there is no touched foreground window in display 0 or gesture monitor to receive it.
05-29 03:59:13.883   510   601 I chatty  : uid=1000(system) InputDispatcher identical 75 lines
05-29 03:59:13.883   510   601 I InputDispatcher: Dropping event because there is no touched foreground window in display 0 or gesture monitor to receive it.
05-29 03:59:13.804  8984  8984 W app_process: type=1400 audit(0.0:834): avc: denied { read } for name="u:object_r:device_config_runtime_native_boot_prop:s0" dev="tmpfs" ino=561 scontext=u:r:shell:s0 tcontext=u:object_r:device_config_runtime_native_boot_prop:s0 tclass=file permissive=0
05-29 03:59:13.914   510   601 I chatty  : uid=1000(system) InputDispatcher expire 70 lines
05-29 03:59:13.914   510   601 I InputDispatcher: Dropping event because there is no touched foreground window in display 0 or gesture monitor to receive it.
05-29 03:59:13.936  8793  8793 I Choreographer: Skipped 82 frames!  The application may be doing too much work on its main thread.
05-29 03:59:13.965  8793  8819 I OpenGLRenderer: Davey! duration=1406ms; Flags=0, IntendedVsync=128008737591, Vsync=129375404203, OldestInputEvent=9223372036854775807, NewestInputEvent=0, HandleInputStart=129387575233, AnimationStart=129387577487, PerformTraversalsStart=129400201104, DrawStart=129403085670, SyncQueued=129404925277, SyncStart=129405078600, IssueDrawCommandsStart=129405150306, SwapBuffers=129406769656, FrameCompleted=129415758966, DequeueBufferDuration=6324820, QueueBufferDuration=100429, GpuCompleted=32772522036388713, 
05-29 03:59:13.985   335   357 W ServiceManager: Permission failure: android.permission.ACCESS_SURFACE_FLINGER from uid=10132 pid=8793
05-29 03:59:14.006   510   601 I InputDispatcher: Dropping event because there is no touched foreground window in display 0 or gesture monitor to receive it.
05-29 03:59:13.914   510  3722 I chatty  : uid=1000(system) Binder:510_13 identical 280 lines
05-29 03:59:13.914   510  3722 W InputManager: Input event injection from pid 8984 failed.
05-29 03:59:14.006   510  1096 W InputManager: Input event injection from pid 8984 failed.
05-29 03:59:14.056   510   601 I chatty  : uid=1000(system) InputDispatcher identical 119 lines
05-29 03:59:14.056   510   601 I InputDispatcher: Dropping event because there is no touched foreground window in display 0 or gesture monitor to receive it.
05-29 03:59:13.808  8984  8984 W app_process: type=1400 audit(0.0:835): avc: denied { read } for name="u:object_r:device_config_runtime_native_boot_prop:s0" dev="tmpfs" ino=561 scontext=u:r:shell:s0 tcontext=u:object_r:device_config_runtime_native_boot_prop:s0 tclass=file permissive=0
05-29 03:59:14.133  2240  2240 E AccessibilityInteractionClient: 1 Disconnected nodes.
05-29 03:59:14.456  8793  9004 W pokedex.androi: Accessing hidden method Landroid/graphics/ImageDecoder;->createSource([B)Landroid/graphics/ImageDecoder$Source; (greylist-max-o, linking, denied)
05-29 03:59:14.056   510  1096 I chatty  : uid=1000(system) Binder:510_B identical 117 lines
05-29 03:59:14.056   510  1096 W InputManager: Input event injection from pid 8984 failed.
05-29 03:59:14.590   510  1473 E TaskPersister: File error accessing recents directory (directory doesn't exist?).
05-29 03:59:14.733  8377  8377 I ProvidersCache: Updating roots due to change on user 0at content://com.android.providers.media.documents/root
05-29 03:59:14.844   158   158 I servicemanager: Notifying apexservice they have clients: 0
05-29 03:59:15.069     0     0 I AidlLazyServiceRegistrar: Process has 0 (of 1 available) client(s) in use after notification android.apex.IApexService has clients: 0
05-29 03:59:15.073     0     0 I AidlLazyServiceRegistrar: Trying to shut down the service. No clients in use for any service in process.
05-29 03:59:14.852   158   158 I BpBinder: onLastStrongRef automatically unlinking death recipients: <uncached descriptor>
05-29 03:59:15.076     0     0 I AidlLazyServiceRegistrar: Unregistered all clients and exiting
05-29 03:59:15.079     0     0 I init    : Service 'apexd' (pid 8609) exited with status 0 oneshot service took 6.020000 seconds in background
05-29 03:59:15.082     0     0 I init    : Sending signal 9 to service 'apexd' (pid 8609) process group...
05-29 03:59:15.084     0     0 I libprocessgroup: Successfully killed process cgroup uid 0 pid 8609 in 0ms
05-29 03:59:14.863  8377  8377 I ProvidersCache: Updating roots due to change on user 0at content://com.android.providers.media.documents/root
05-29 03:59:15.578   159   159 I hwservicemanager: getTransport: Cannot find entry android.hardware.graphics.mapper@4.0::IMapper/default in either framework or device manifest.
05-29 03:59:15.578  9087  9087 I Gralloc4: mapper 4.x is not supported
05-29 03:59:15.624  9091  9093 I cmd     : oneway function results will be dropped but finished with status OK and parcel size 4
05-29 03:59:15.625  1474  1934 I MediaProvider: Begin Intent { act=android.intent.action.MEDIA_SCANNER_SCAN_FILE dat=file:///sdcard/screen_2026-05-29_035916.png flg=0x1400010 cmp=com.android.providers.media.module/com.android.providers.media.MediaService }
05-29 03:59:15.631  1474  1934 W ModernMediaScanner: Failed to visit /sdcard/screen_2026-05-29_035916.png: java.nio.file.AccessDeniedException: /sdcard/screen_2026-05-29_035916.png
05-29 03:59:15.631  1474  1934 I MediaProvider: Scanned internal due to REASON_DEMAND, found 0 items in 1ms, 0 inserts 0 updates 0 deletes
05-29 03:59:15.632  1474  1934 I MediaProvider: End Intent { act=android.intent.action.MEDIA_SCANNER_SCAN_FILE dat=file:///sdcard/screen_2026-05-29_035916.png flg=0x1400010 cmp=com.android.providers.media.module/com.android.providers.media.MediaService }
05-29 03:59:15.620  1474  1474 W com.android.providers.media.module: type=1400 audit(0.0:837): avc: denied { read } for comm=4173796E635461736B202331 name="primary" dev="tmpfs" ino=20305 scontext=u:r:mediaprovider_app:s0:c123,c256,c512,c768 tcontext=u:object_r:mnt_pass_through_file:s0 tclass=lnk_file permissive=0 app=com.android.providers.media.module
05-29 03:59:15.628  1474  1474 I chatty  : uid=10123(com.android.providers.media.module) identical 2 lines
05-29 03:59:15.628  1474  1474 W com.android.providers.media.module: type=1400 audit(0.0:840): avc: denied { read } for comm=4173796E635461736B202331 name="primary" dev="tmpfs" ino=20305 scontext=u:r:mediaprovider_app:s0:c123,c256,c512,c768 tcontext=u:object_r:mnt_pass_through_file:s0 tclass=lnk_file permissive=0 app=com.android.providers.media.module
05-29 03:59:15.661  1474  1657 I MediaProvider: Deleted 1 items on external_primary due to com.android.shell
05-29 03:59:15.628  1474  1474 W com.android.providers.media.module: type=1400 audit(0.0:841): avc: denied { read } for comm=4173796E635461736B202331 name="primary" dev="tmpfs" ino=20305 scontext=u:r:mediaprovider_app:s0:c123,c256,c512,c768 tcontext=u:object_r:mnt_pass_through_file:s0 tclass=lnk_file permissive=0 app=com.android.providers.media.module
05-29 03:59:15.695  9102  9104 I cmd     : oneway function results will be dropped but finished with status OK and parcel size 4
05-29 03:59:15.832   159   159 I hwservicemanager: getTransport: Cannot find entry android.hardware.graphics.mapper@4.0::IMapper/default in either framework or device manifest.
05-29 03:59:15.832  9124  9124 I Gralloc4: mapper 4.x is not supported
05-29 03:59:15.880  1474  1934 I MediaProvider: Begin Intent { act=android.intent.action.MEDIA_SCANNER_SCAN_FILE dat=file:///sdcard/screen_2026-05-29_035916.png flg=0x1400010 cmp=com.android.providers.media.module/com.android.providers.media.MediaService }
05-29 03:59:16.104     0     0 W audit   : audit_lost=599 audit_rate_limit=5 audit_backlog_limit=64
05-29 03:59:16.107     0     0 E audit   : rate limit exceeded
05-29 03:59:15.885  1474  1934 W ModernMediaScanner: Failed to visit /sdcard/screen_2026-05-29_035916.png: java.nio.file.AccessDeniedException: /sdcard/screen_2026-05-29_035916.png
05-29 03:59:15.886  1474  1934 I MediaProvider: Scanned internal due to REASON_DEMAND, found 0 items in 0ms, 0 inserts 0 updates 0 deletes
05-29 03:59:15.887  1474  1934 I MediaProvider: End Intent { act=android.intent.action.MEDIA_SCANNER_SCAN_FILE dat=file:///sdcard/screen_2026-05-29_035916.png flg=0x1400010 cmp=com.android.providers.media.module/com.android.providers.media.MediaService }
05-29 03:59:15.905  1474  1657 I MediaProvider: Deleted 1 items on external_primary due to com.android.shell
05-29 03:59:15.935  9139  9141 I cmd     : oneway function results will be dropped but finished with status OK and parcel size 4
05-29 03:59:16.063   159   159 I hwservicemanager: getTransport: Cannot find entry android.hardware.graphics.mapper@4.0::IMapper/default in either framework or device manifest.
05-29 03:59:16.063  9161  9161 I Gralloc4: mapper 4.x is not supported
05-29 03:59:16.109  9165  9167 I cmd     : oneway function results will be dropped but finished with status OK and parcel size 4
05-29 03:59:16.109  1474  1934 I MediaProvider: Begin Intent { act=android.intent.action.MEDIA_SCANNER_SCAN_FILE dat=file:///sdcard/screen_2026-05-29_035916.png flg=0x1400010 cmp=com.android.providers.media.module/com.android.providers.media.MediaService }
05-29 03:59:16.110  1474  1934 W ModernMediaScanner: Failed to visit /sdcard/screen_2026-05-29_035916.png: java.nio.file.AccessDeniedException: /sdcard/screen_2026-05-29_035916.png
05-29 03:59:16.113  1474  1934 I MediaProvider: Scanned internal due to REASON_DEMAND, found 0 items in 3ms, 0 inserts 0 updates 0 deletes
05-29 03:59:16.114  1474  1934 I MediaProvider: End Intent { act=android.intent.action.MEDIA_SCANNER_SCAN_FILE dat=file:///sdcard/screen_2026-05-29_035916.png flg=0x1400010 cmp=com.android.providers.media.module/com.android.providers.media.MediaService }
05-29 03:59:16.131  1474  2608 I MediaProvider: Deleted 1 items on external_primary due to com.android.shell
05-29 03:59:16.164  9178  9180 I cmd     : oneway function results will be dropped but finished with status OK and parcel size 4
05-29 03:59:16.213  9193  9195 I cmd     : oneway function results will be dropped but finished with status OK and parcel size 4
05-29 03:59:16.261  9208  9210 I cmd     : oneway function results will be dropped but finished with status OK and parcel size 4
05-29 03:59:16.310  9223  9225 I cmd     : oneway function results will be dropped but finished with status OK and parcel size 4
05-29 03:59:16.390  9235  9235 E libc    : Access denied finding property "persist.device_config.runtime_native_boot.profilebootclasspath"
05-29 03:59:16.390  9235  9235 E libc    : Access denied finding property "persist.device_config.runtime_native_boot.enable_apex_image"
05-29 03:59:16.390  9235  9235 I AndroidRuntime: Using default boot image
05-29 03:59:16.390  9235  9235 E libc    : Access denied finding property "persist.device_config.runtime_native_boot.disable_lock_profiling"
05-29 03:59:16.390  9235  9235 I AndroidRuntime: Leaving lock profiling enabled
05-29 03:59:16.390  9235  9235 E libc    : Access denied finding property "persist.device_config.runtime_native_boot.enable_generational_cc"
05-29 03:59:16.391  9235  9235 I app_process: Core platform API reporting enabled, enforcing=false
05-29 03:59:16.431  9235  9235 W app_process: Unexpected CPU variant for X86 using defaults: x86_64
05-29 03:59:16.431  9235  9235 I app_process: The ClassLoaderContext is a special shared library.
05-29 03:59:16.438  9235  9235 W app_process: JNI RegisterNativeMethods: attempt to register 0 native methods for android.media.AudioAttributes
05-29 03:59:16.543   412   412 I perfetto: probes_producer.cc:329  Producer stop (id=8)
05-29 03:59:16.544   414   414 I perfetto: ng_service_impl.cc:1948 Tracing session 8 ended, total sessions:0
05-29 03:59:16.545   412   412 I perfetto: ftrace_procfs.cc:183    disabled ftrace
05-29 03:59:16.768     0     0 W perfetto: disabled ftrace
05-29 03:59:16.945   510   510 W NotificationHistory: Attempted to add notif for locked/gone/disabled user 0
05-29 03:59:17.777     0     0 W healthd : battery l=100 v=5000 t=25.0 h=2 st=2 c=900000 fc=300000 cc=10 chg=a
05-29 03:59:18.161   159   159 I hwservicemanager: getTransport: Cannot find entry android.hardware.graphics.mapper@4.0::IMapper/default in either framework or device manifest.
05-29 03:59:18.161  9273  9273 I Gralloc4: mapper 4.x is not supported
05-29 03:59:18.215  1474  1934 I MediaProvider: Begin Intent { act=android.intent.action.MEDIA_SCANNER_SCAN_FILE dat=file:///sdcard/screen_2026-05-29_035918.png flg=0x1400010 cmp=com.android.providers.media.module/com.android.providers.media.MediaService }
05-29 03:59:18.224  9279  9281 I cmd     : oneway function results will be dropped but finished with status OK and parcel size 4
05-29 03:59:18.212  1474  1474 W com.android.providers.media.module: type=1400 audit(0.0:859): avc: denied { read } for comm=4173796E635461736B202331 name="primary" dev="tmpfs" ino=20305 scontext=u:r:mediaprovider_app:s0:c123,c256,c512,c768 tcontext=u:object_r:mnt_pass_through_file:s0 tclass=lnk_file permissive=0 app=com.android.providers.media.module
05-29 03:59:18.443     0     0 W audit   : audit_lost=615 audit_rate_limit=5 audit_backlog_limit=64
05-29 03:59:18.452     0     0 E audit   : rate limit exceeded
05-29 03:59:18.236  1474  1934 W ModernMediaScanner: Failed to visit /sdcard/screen_2026-05-29_035918.png: java.nio.file.AccessDeniedException: /sdcard/screen_2026-05-29_035918.png
05-29 03:59:18.237  1474  1934 I MediaProvider: Scanned internal due to REASON_DEMAND, found 0 items in 17ms, 0 inserts 0 updates 0 deletes
05-29 03:59:18.237  1474  1934 I MediaProvider: End Intent { act=android.intent.action.MEDIA_SCANNER_SCAN_FILE dat=file:///sdcard/screen_2026-05-29_035918.png flg=0x1400010 cmp=com.android.providers.media.module/com.android.providers.media.MediaService }
05-29 03:59:18.212  1474  1474 W com.android.providers.media.module: type=1400 audit(0.0:860): avc: denied { read } for comm=4173796E635461736B202331 name="primary" dev="tmpfs" ino=20305 scontext=u:r:mediaprovider_app:s0:c123,c256,c512,c768 tcontext=u:object_r:mnt_pass_through_file:s0 tclass=lnk_file permissive=0 app=com.android.providers.media.module
05-29 03:59:18.216  1474  1474 I chatty  : uid=10123(com.android.providers.media.module) identical 2 lines
05-29 03:59:18.216  1474  1474 W com.android.providers.media.module: type=1400 audit(0.0:863): avc: denied { read } for comm=4173796E635461736B202331 name="primary" dev="tmpfs" ino=20305 scontext=u:r:mediaprovider_app:s0:c123,c256,c512,c768 tcontext=u:object_r:mnt_pass_through_file:s0 tclass=lnk_file permissive=0 app=com.android.providers.media.module
05-29 03:59:18.267  1474  1658 I MediaProvider: Deleted 1 items on external_primary due to com.android.shell
05-29 03:59:18.420   159   159 I hwservicemanager: getTransport: Cannot find entry android.hardware.graphics.mapper@4.0::IMapper/default in either framework or device manifest.
05-29 03:59:18.420  9313  9313 I Gralloc4: mapper 4.x is not supported
05-29 03:59:18.466  9317  9319 I cmd     : oneway function results will be dropped but finished with status OK and parcel size 4
05-29 03:59:18.466  1474  1934 I MediaProvider: Begin Intent { act=android.intent.action.MEDIA_SCANNER_SCAN_FILE dat=file:///sdcard/screen_2026-05-29_035919.png flg=0x1400010 cmp=com.android.providers.media.module/com.android.providers.media.MediaService }
05-29 03:59:18.467  1474  1934 W ModernMediaScanner: Failed to visit /sdcard/screen_2026-05-29_035919.png: java.nio.file.AccessDeniedException: /sdcard/screen_2026-05-29_035919.png
05-29 03:59:18.470  1474  1934 I MediaProvider: Scanned internal due to REASON_DEMAND, found 0 items in 3ms, 0 inserts 0 updates 0 deletes
05-29 03:59:18.471  1474  1934 I MediaProvider: End Intent { act=android.intent.action.MEDIA_SCANNER_SCAN_FILE dat=file:///sdcard/screen_2026-05-29_035919.png flg=0x1400010 cmp=com.android.providers.media.module/com.android.providers.media.MediaService }
05-29 03:59:18.531  1474  1657 I MediaProvider: Deleted 1 items on external_primary due to com.android.shell
05-29 03:59:18.558  9328  9330 I cmd     : oneway function results will be dropped but finished with status OK and parcel size 4
05-29 03:59:18.680   159   159 I hwservicemanager: getTransport: Cannot find entry android.hardware.graphics.mapper@4.0::IMapper/default in either framework or device manifest.
05-29 03:59:18.680  9350  9350 I Gralloc4: mapper 4.x is not supported
05-29 03:59:18.728  1474  1934 I MediaProvider: Begin Intent { act=android.intent.action.MEDIA_SCANNER_SCAN_FILE dat=file:///sdcard/screen_2026-05-29_035919.png flg=0x1400010 cmp=com.android.providers.media.module/com.android.providers.media.MediaService }
05-29 03:59:18.729  1474  1934 W ModernMediaScanner: Failed to visit /sdcard/screen_2026-05-29_035919.png: java.nio.file.AccessDeniedException: /sdcard/screen_2026-05-29_035919.png
05-29 03:59:18.731  1474  1934 I MediaProvider: Scanned internal due to REASON_DEMAND, found 0 items in 1ms, 0 inserts 0 updates 0 deletes
05-29 03:59:18.732  1474  1934 I MediaProvider: End Intent { act=android.intent.action.MEDIA_SCANNER_SCAN_FILE dat=file:///sdcard/screen_2026-05-29_035919.png flg=0x1400010 cmp=com.android.providers.media.module/com.android.providers.media.MediaService }
05-29 03:59:18.799  1474  2608 I MediaProvider: Deleted 1 items on external_primary due to com.android.shell
05-29 03:59:18.826  9365  9367 I cmd     : oneway function results will be dropped but finished with status OK and parcel size 4
05-29 03:59:18.873   455   455 E wifi_forwarder: qemu_pipe_open_ns:62: Could not connect to the 'pipe:qemud:wififorward' service: Invalid argument
05-29 03:59:18.874   455   455 E wifi_forwarder: RemoteConnection failed to initialize: RemoteConnection failed to open pipe
05-29 03:59:18.878  9380  9382 I cmd     : oneway function results will be dropped but finished with status OK and parcel size 4
05-29 03:59:18.908   452   452 E netmgr  : qemu_pipe_open_ns:62: Could not connect to the 'pipe:qemud:network' service: Invalid argument
05-29 03:59:18.908   452   452 E netmgr  : Failed to open QEMU pipe 'qemud:network': Invalid argument
05-29 03:59:18.928  9395  9397 I cmd     : oneway function results will be dropped but finished with status OK and parcel size 4
05-29 03:59:18.979  9410  9412 I cmd     : oneway function results will be dropped but finished with status OK and parcel size 4
05-29 03:59:19.059  9422  9422 E libc    : Access denied finding property "persist.device_config.runtime_native_boot.profilebootclasspath"
05-29 03:59:19.060  9422  9422 E libc    : Access denied finding property "persist.device_config.runtime_native_boot.enable_apex_image"
05-29 03:59:19.060  9422  9422 I AndroidRuntime: Using default boot image
05-29 03:59:19.060  9422  9422 E libc    : Access denied finding property "persist.device_config.runtime_native_boot.disable_lock_profiling"
05-29 03:59:19.060  9422  9422 I AndroidRuntime: Leaving lock profiling enabled
05-29 03:59:19.060  9422  9422 E libc    : Access denied finding property "persist.device_config.runtime_native_boot.enable_generational_cc"
05-29 03:59:19.061  9422  9422 I app_process: Core platform API reporting enabled, enforcing=false
05-29 03:59:19.101  9422  9422 W app_process: Unexpected CPU variant for X86 using defaults: x86_64
05-29 03:59:19.101  9422  9422 I app_process: The ClassLoaderContext is a special shared library.
05-29 03:59:19.108  9422  9422 W app_process: JNI RegisterNativeMethods: attempt to register 0 native methods for android.media.AudioAttributes
05-29 03:59:19.213  8377  8377 I ProvidersCache: Updating roots due to change on user 0at content://com.android.providers.media.documents/root
05-29 03:59:20.835   159   159 I hwservicemanager: getTransport: Cannot find entry android.hardware.graphics.mapper@4.0::IMapper/default in either framework or device manifest.
05-29 03:59:20.835  9453  9453 I Gralloc4: mapper 4.x is not supported
05-29 03:59:20.880  9457  9459 I cmd     : oneway function results will be dropped but finished with status OK and parcel size 4
05-29 03:59:20.880  1474  1934 I MediaProvider: Begin Intent { act=android.intent.action.MEDIA_SCANNER_SCAN_FILE dat=file:///sdcard/screen_2026-05-29_035921.png flg=0x1400010 cmp=com.android.providers.media.module/com.android.providers.media.MediaService }
05-29 03:59:21.105     0     0 W audit   : audit_lost=632 audit_rate_limit=5 audit_backlog_limit=64
05-29 03:59:21.108     0     0 E audit   : rate limit exceeded
05-29 03:59:20.885  1474  1934 W ModernMediaScanner: Failed to visit /sdcard/screen_2026-05-29_035921.png: java.nio.file.AccessDeniedException: /sdcard/screen_2026-05-29_035921.png
05-29 03:59:20.885  1474  1934 I MediaProvider: Scanned internal due to REASON_DEMAND, found 0 items in 4ms, 0 inserts 0 updates 0 deletes
05-29 03:59:20.886  1474  1934 I MediaProvider: End Intent { act=android.intent.action.MEDIA_SCANNER_SCAN_FILE dat=file:///sdcard/screen_2026-05-29_035921.png flg=0x1400010 cmp=com.android.providers.media.module/com.android.providers.media.MediaService }
05-29 03:59:20.876  1474  1474 W com.android.providers.media.module: type=1400 audit(0.0:881): avc: denied { read } for comm=4173796E635461736B202331 name="primary" dev="tmpfs" ino=20305 scontext=u:r:mediaprovider_app:s0:c123,c256,c512,c768 tcontext=u:object_r:mnt_pass_through_file:s0 tclass=lnk_file permissive=0 app=com.android.providers.media.module
05-29 03:59:20.921  1474  1658 I MediaProvider: Deleted 1 items on external_primary due to com.android.shell
05-29 03:59:20.876  1474  1474 W com.android.providers.media.module: type=1400 audit(0.0:885): avc: denied { read } for comm=4173796E635461736B202331 name="primary" dev="tmpfs" ino=20305 scontext=u:r:mediaprovider_app:s0:c123,c256,c512,c768 tcontext=u:object_r:mnt_pass_through_file:s0 tclass=lnk_file permissive=0 app=com.android.providers.media.module
05-29 03:59:20.950  9468  9470 I cmd     : oneway function results will be dropped but finished with status OK and parcel size 4
05-29 03:59:21.018  8377  8377 I ProvidersCache: Updating roots due to change on user 0at content://com.android.providers.media.documents/root
05-29 03:59:21.078   159   159 I hwservicemanager: getTransport: Cannot find entry android.hardware.graphics.mapper@4.0::IMapper/default in either framework or device manifest.
05-29 03:59:21.079  9490  9490 I Gralloc4: mapper 4.x is not supported
05-29 03:59:21.123  9494  9496 I cmd     : oneway function results will be dropped but finished with status OK and parcel size 4
05-29 03:59:21.124  1474  1934 I MediaProvider: Begin Intent { act=android.intent.action.MEDIA_SCANNER_SCAN_FILE dat=file:///sdcard/screen_2026-05-29_035921.png flg=0x1400010 cmp=com.android.providers.media.module/com.android.providers.media.MediaService }
05-29 03:59:21.125  1474  1934 W ModernMediaScanner: Failed to visit /sdcard/screen_2026-05-29_035921.png: java.nio.file.AccessDeniedException: /sdcard/screen_2026-05-29_035921.png
05-29 03:59:21.125  1474  1934 I MediaProvider: Scanned internal due to REASON_DEMAND, found 0 items in 1ms, 0 inserts 0 updates 0 deletes
05-29 03:59:21.128  1474  1934 I MediaProvider: End Intent { act=android.intent.action.MEDIA_SCANNER_SCAN_FILE dat=file:///sdcard/screen_2026-05-29_035921.png flg=0x1400010 cmp=com.android.providers.media.module/com.android.providers.media.MediaService }
05-29 03:59:21.189  1474  1657 I MediaProvider: Deleted 1 items on external_primary due to com.android.shell
05-29 03:59:21.216  9505  9507 I cmd     : oneway function results will be dropped but finished with status OK and parcel size 4
05-29 03:59:21.266  8377  8377 I ProvidersCache: Updating roots due to change on user 0at content://com.android.providers.media.documents/root
05-29 03:59:21.361   159   159 I hwservicemanager: getTransport: Cannot find entry android.hardware.graphics.mapper@4.0::IMapper/default in either framework or device manifest.
05-29 03:59:21.361  9530  9530 I Gralloc4: mapper 4.x is not supported
05-29 03:59:21.407  9534  9536 I cmd     : oneway function results will be dropped but finished with status OK and parcel size 4
05-29 03:59:21.407  1474  1934 I MediaProvider: Begin Intent { act=android.intent.action.MEDIA_SCANNER_SCAN_FILE dat=file:///sdcard/screen_2026-05-29_035922.png flg=0x1400010 cmp=com.android.providers.media.module/com.android.providers.media.MediaService }
05-29 03:59:21.409  1474  1934 W ModernMediaScanner: Failed to visit /sdcard/screen_2026-05-29_035922.png: java.nio.file.AccessDeniedException: /sdcard/screen_2026-05-29_035922.png
05-29 03:59:21.409  1474  1934 I MediaProvider: Scanned internal due to REASON_DEMAND, found 0 items in 1ms, 0 inserts 0 updates 0 deletes
05-29 03:59:21.409  1474  1934 I MediaProvider: End Intent { act=android.intent.action.MEDIA_SCANNER_SCAN_FILE dat=file:///sdcard/screen_2026-05-29_035922.png flg=0x1400010 cmp=com.android.providers.media.module/com.android.providers.media.MediaService }
05-29 03:59:21.432  1474  2608 I MediaProvider: Deleted 1 items on external_primary due to com.android.shell
05-29 03:59:21.520  8377  8377 I ProvidersCache: Updating roots due to change on user 0at content://com.android.providers.media.documents/root
05-29 03:59:21.537  9560  9562 I cmd     : oneway function results will be dropped but finished with status OK and parcel size 4
05-29 03:59:21.590  9575  9577 I cmd     : oneway function results will be dropped but finished with status OK and parcel size 4
05-29 03:59:21.639  9590  9592 I cmd     : oneway function results will be dropped but finished with status OK and parcel size 4
05-29 03:59:21.721  9602  9602 E libc    : Access denied finding property "persist.device_config.runtime_native_boot.profilebootclasspath"
05-29 03:59:21.721  9602  9602 E libc    : Access denied finding property "persist.device_config.runtime_native_boot.enable_apex_image"
05-29 03:59:21.721  9602  9602 I AndroidRuntime: Using default boot image
05-29 03:59:21.721  9602  9602 E libc    : Access denied finding property "persist.device_config.runtime_native_boot.disable_lock_profiling"
05-29 03:59:21.721  9602  9602 I AndroidRuntime: Leaving lock profiling enabled
05-29 03:59:21.721  9602  9602 E libc    : Access denied finding property "persist.device_config.runtime_native_boot.enable_generational_cc"
05-29 03:59:21.722  9602  9602 I app_process: Core platform API reporting enabled, enforcing=false
05-29 03:59:21.765  9602  9602 W app_process: Unexpected CPU variant for X86 using defaults: x86_64
05-29 03:59:21.766  9602  9602 I app_process: The ClassLoaderContext is a special shared library.
05-29 03:59:21.772  9602  9602 W app_process: JNI RegisterNativeMethods: attempt to register 0 native methods for android.media.AudioAttributes
05-29 03:59:21.986   510  3700 I ActivityManager: Killing 2105:com.android.dynsystem/1000 (adj 975): empty #17
05-29 03:59:22.003   282   282 I Zygote  : Process 2105 exited due to signal 9 (Killed)
05-29 03:59:22.012  2240  2240 E AccessibilityInteractionClient: 2 Disconnected nodes.
05-29 03:59:22.018   510   551 I libprocessgroup: Successfully killed process cgroup uid 1000 pid 2105 in 31ms
05-29 03:59:22.813  8377  8377 I ProvidersCache: Updating roots due to change on user 0at content://com.android.providers.media.documents/root
05-29 03:59:23.123  8377  8377 I chatty  : uid=10076(com.android.documentsui) identical 1 line
05-29 03:59:23.313  8377  8377 I ProvidersCache: Updating roots due to change on user 0at content://com.android.providers.media.documents/root
05-29 03:59:23.485   159   159 I hwservicemanager: getTransport: Cannot find entry android.hardware.graphics.mapper@4.0::IMapper/default in either framework or device manifest.
05-29 03:59:23.485  9634  9634 I Gralloc4: mapper 4.x is not supported
05-29 03:59:23.531  1474  1934 I MediaProvider: Begin Intent { act=android.intent.action.MEDIA_SCANNER_SCAN_FILE dat=file:///sdcard/screen_2026-05-29_035924.png flg=0x1400010 cmp=com.android.providers.media.module/com.android.providers.media.MediaService }
05-29 03:59:23.533  8377  8377 I ProvidersCache: Updating roots due to change on user 0at content://com.android.providers.media.documents/root
05-29 03:59:23.537  9638  9640 I cmd     : oneway function results will be dropped but finished with status OK and parcel size 4
05-29 03:59:23.756     0     0 W audit   : audit_lost=649 audit_rate_limit=5 audit_backlog_limit=64
05-29 03:59:23.765     0     0 E audit   : rate limit exceeded
05-29 03:59:23.528  1474  1474 W com.android.providers.media.module: type=1400 audit(0.0:903): avc: denied { read } for comm=4173796E635461736B202331 name="primary" dev="tmpfs" ino=20305 scontext=u:r:mediaprovider_app:s0:c123,c256,c512,c768 tcontext=u:object_r:mnt_pass_through_file:s0 tclass=lnk_file permissive=0 app=com.android.providers.media.module
05-29 03:59:23.547  1474  1934 W ModernMediaScanner: Failed to visit /sdcard/screen_2026-05-29_035924.png: java.nio.file.AccessDeniedException: /sdcard/screen_2026-05-29_035924.png
05-29 03:59:23.547  1474  1934 I MediaProvider: Scanned internal due to REASON_DEMAND, found 0 items in 16ms, 0 inserts 0 updates 0 deletes
05-29 03:59:23.548  1474  1934 I MediaProvider: End Intent { act=android.intent.action.MEDIA_SCANNER_SCAN_FILE dat=file:///sdcard/screen_2026-05-29_035924.png flg=0x1400010 cmp=com.android.providers.media.module/com.android.providers.media.MediaService }
05-29 03:59:23.528  1474  1474 W com.android.providers.media.module: type=1400 audit(0.0:904): avc: denied { read } for comm=4173796E635461736B202331 name="primary" dev="tmpfs" ino=20305 scontext=u:r:mediaprovider_app:s0:c123,c256,c512,c768 tcontext=u:object_r:mnt_pass_through_file:s0 tclass=lnk_file permissive=0 app=com.android.providers.media.module
05-29 03:59:23.594  1474  2608 I MediaProvider: Deleted 1 items on external_primary due to com.android.shell
05-29 03:59:23.622  9650  9652 I cmd     : oneway function results will be dropped but finished with status OK and parcel size 4
05-29 03:59:23.748   159   159 I hwservicemanager: getTransport: Cannot find entry android.hardware.graphics.mapper@4.0::IMapper/default in either framework or device manifest.
05-29 03:59:23.748  9672  9672 I Gralloc4: mapper 4.x is not supported
05-29 03:59:23.793  9676  9678 I cmd     : oneway function results will be dropped but finished with status OK and parcel size 4
05-29 03:59:23.793  1474  1934 I MediaProvider: Begin Intent { act=android.intent.action.MEDIA_SCANNER_SCAN_FILE dat=file:///sdcard/screen_2026-05-29_035924.png flg=0x1400010 cmp=com.android.providers.media.module/com.android.providers.media.MediaService }
05-29 03:59:23.795  1474  1934 W ModernMediaScanner: Failed to visit /sdcard/screen_2026-05-29_035924.png: java.nio.file.AccessDeniedException: /sdcard/screen_2026-05-29_035924.png
05-29 03:59:23.795  1474  1934 I MediaProvider: Scanned internal due to REASON_DEMAND, found 0 items in 2ms, 0 inserts 0 updates 0 deletes
05-29 03:59:23.796  1474  1934 I MediaProvider: End Intent { act=android.intent.action.MEDIA_SCANNER_SCAN_FILE dat=file:///sdcard/screen_2026-05-29_035924.png flg=0x1400010 cmp=com.android.providers.media.module/com.android.providers.media.MediaService }
05-29 03:59:23.858  1474  1657 I MediaProvider: Deleted 1 items on external_primary due to com.android.shell
05-29 03:59:23.884  9687  9689 I cmd     : oneway function results will be dropped but finished with status OK and parcel size 4
05-29 03:59:24.004   159   159 I hwservicemanager: getTransport: Cannot find entry android.hardware.graphics.mapper@4.0::IMapper/default in either framework or device manifest.
05-29 03:59:24.004  9709  9709 I Gralloc4: mapper 4.x is not supported
05-29 03:59:24.051   510  1096 I ActivityManager: Killing 2159:com.android.managedprovisioning/u0a73 (adj 985): empty #17
05-29 03:59:24.052  9713  9715 I cmd     : oneway function results will be dropped but finished with status OK and parcel size 4
05-29 03:59:24.055  1474  1934 I MediaProvider: Begin Intent { act=android.intent.action.MEDIA_SCANNER_SCAN_FILE dat=file:///sdcard/screen_2026-05-29_035924.png flg=0x1400010 cmp=com.android.providers.media.module/com.android.providers.media.MediaService }
05-29 03:59:24.057  1474  1934 W ModernMediaScanner: Failed to visit /sdcard/screen_2026-05-29_035924.png: java.nio.file.AccessDeniedException: /sdcard/screen_2026-05-29_035924.png
05-29 03:59:24.060   282   282 I Zygote  : Process 2159 exited due to signal 9 (Killed)
05-29 03:59:24.061  1474  1934 I MediaProvider: Scanned internal due to REASON_DEMAND, found 0 items in 4ms, 0 inserts 0 updates 0 deletes
05-29 03:59:24.061  1474  1934 I MediaProvider: End Intent { act=android.intent.action.MEDIA_SCANNER_SCAN_FILE dat=file:///sdcard/screen_2026-05-29_035924.png flg=0x1400010 cmp=com.android.providers.media.module/com.android.providers.media.MediaService }
05-29 03:59:24.080  1474  1658 I MediaProvider: Deleted 1 items on external_primary due to com.android.shell
05-29 03:59:24.099   510   551 I libprocessgroup: Successfully killed process cgroup uid 10073 pid 2159 in 45ms
05-29 03:59:24.105  9724  9726 I cmd     : oneway function results will be dropped but finished with status OK and parcel size 4
05-29 03:59:24.156  9739  9741 I cmd     : oneway function results will be dropped but finished with status OK and parcel size 4
05-29 03:59:24.205  9754  9756 I cmd     : oneway function results will be dropped but finished with status OK and parcel size 4
05-29 03:59:24.267  9769  9771 I cmd     : oneway function results will be dropped but finished with status OK and parcel size 4
05-29 03:59:24.350  9781  9781 E libc    : Access denied finding property "persist.device_config.runtime_native_boot.profilebootclasspath"
05-29 03:59:24.350  9781  9781 E libc    : Access denied finding property "persist.device_config.runtime_native_boot.enable_apex_image"
05-29 03:59:24.350  9781  9781 I AndroidRuntime: Using default boot image
05-29 03:59:24.350  9781  9781 E libc    : Access denied finding property "persist.device_config.runtime_native_boot.disable_lock_profiling"
05-29 03:59:24.350  9781  9781 I AndroidRuntime: Leaving lock profiling enabled
05-29 03:59:24.350  9781  9781 E libc    : Access denied finding property "persist.device_config.runtime_native_boot.enable_generational_cc"
05-29 03:59:24.351  9781  9781 I app_process: Core platform API reporting enabled, enforcing=false
05-29 03:59:24.396  9781  9781 W app_process: Unexpected CPU variant for X86 using defaults: x86_64
05-29 03:59:24.397  9781  9781 I app_process: The ClassLoaderContext is a special shared library.
05-29 03:59:24.408  9781  9781 W app_process: JNI RegisterNativeMethods: attempt to register 0 native methods for android.media.AudioAttributes
05-29 03:59:24.631  2240  2240 E AccessibilityInteractionClient: 3 Disconnected nodes.
05-29 03:59:24.882  8793  9053 I System.out: 03:59:24.881 [DefaultDispatcher-worker-14] INFO io.ktor.client.HttpClient - REQUEST: https://pokeapi.co/api/v2/pokemon?limit=20&offset=0
05-29 03:59:24.882  8793  9053 I System.out: METHOD: HttpMethod(value=GET)
05-29 03:59:24.882  8793  9053 I System.out: COMMON HEADERS
05-29 03:59:24.882  8793  9053 I System.out: -> Accept: application/json
05-29 03:59:24.882  8793  9053 I System.out: -> Accept-Charset: UTF-8
05-29 03:59:24.882  8793  9053 I System.out: -> Content-Type: application/json
05-29 03:59:24.882  8793  9053 I System.out: CONTENT HEADERS
05-29 03:59:24.882  8793  9053 I System.out: -> Content-Length: 0
05-29 03:59:24.882  8793  9053 I System.out: BODY Content-Type: null
05-29 03:59:24.882  8793  9053 I System.out: BODY START
05-29 03:59:24.882  8793  9053 I System.out: 
05-29 03:59:24.882  8793  9053 I System.out: BODY END
05-29 03:59:24.959  8793  9001 I System.out: 03:59:24.956 [DefaultDispatcher-worker-2] INFO io.ktor.client.HttpClient - RESPONSE: 200 OK
05-29 03:59:24.959  8793  9001 I System.out: METHOD: HttpMethod(value=GET)
05-29 03:59:24.959  8793  9001 I System.out: FROM: https://pokeapi.co/api/v2/pokemon?limit=20&offset=0
05-29 03:59:24.959  8793  9001 I System.out: COMMON HEADERS
05-29 03:59:24.959  8793  9001 I System.out: -> access-control-allow-origin: *
05-29 03:59:24.959  8793  9001 I System.out: -> age: 15324
05-29 03:59:24.959  8793  9001 I System.out: -> alt-svc: h3=":443"; ma=86400
05-29 03:59:24.959  8793  9001 I System.out: -> cache-control: public, max-age=86400, s-maxage=86400
05-29 03:59:24.959  8793  9001 I System.out: -> cf-cache-status: HIT
05-29 03:59:24.959  8793  9001 I System.out: -> cf-ray: a03296198971c3b1-IAD
05-29 03:59:24.959  8793  9001 I System.out: -> connection: keep-alive
05-29 03:59:24.959  8793  9001 I System.out: -> content-type: application/json; charset=utf-8
05-29 03:59:24.959  8793  9001 I System.out: -> date: Fri, 29 May 2026 03:59:25 GMT
05-29 03:59:24.959  8793  9001 I System.out: -> etag: W/"588-iX6bV/yoloqGkIPBxJnQfrHsFIU"
05-29 03:59:24.959  8793  9001 I System.out: -> nel: {"report_to":"cf-nel","success_fraction":0.0,"max_age":604800}
05-29 03:59:24.959  8793  9001 I System.out: -> report-to: {"group":"cf-nel","max_age":604800,"endpoints":[{"url":"https://a.nel.cloudflare.com/report/v4?s=fWYZpCLoatLv%2FjB%2FklyJV%2Fsomy8lzP9pgOLC60dOEGIjt39AZtZEbB2SdTplLRiRVqOnOG3GGsNwdX%2B8N1U4cz%2Fkg%2BENejZ%2F4mDzf7x2IoS3J3m0jmH7E3SvoEV3"}]}
05-29 03:59:24.959  8793  9001 I System.out: -> server: cloudflare
05-29 03:59:24.959  8793  9001 I System.out: -> strict-transport-security: max-age=31556926
05-29 03:59:24.959  8793  9001 I System.out: -> traceparent: 00-725b152a74a155d9ffac17f89004f2f8-460d03d4aa448110-00
05-29 03:59:24.959  8793  9001 I System.out: -> transfer-encoding: chunked
05-29 03:59:24.959  8793  9001 I System.out: -> vary: Accept-Encoding,cookie,need-authorization, x-fh-requested-host, accept-encoding
05-29 03:59:24.959  8793  9001 I System.out: -> x-android-received-millis: 1780027164944
05-29 03:59:24.959  8793  9001 I System.out: -> x-android-response-source: NETWORK 200
05-29 03:59:24.959  8793  9001 I System.out: -> x-android-selected-protocol: http/1.1
05-29 03:59:24.959  8793  9001 I System.out: -> x-android-sent-millis: 1780027164929
05-29 03:59:24.959  8793  9001 I System.out: -> x-cache: HIT
05-29 03:59:24.959  8793  9001 I System.out: -> x-cache-hits: 0
05-29 03:59:24.959  8793  9001 I System.out: -> x-cloud-trace-context: 725b152a74a155d9ffac17f89004f2f8/5047694969276760336
05-29 03:59:24.959  8793  9001 I System.out: -> x-country-code: US
05-29 03:59:24.959  8793  9001 I System.out: -> x-orig-accept-language: en-US,en;q=0.9
05-29 03:59:24.959  8793  9001 I System.out: -> x-powered-by: Express
05-29 03:59:24.959  8793  9001 I System.out: -> x-served-by: cache-chi-klot8100137-CHI
05-29 03:59:24.959  8793  9001 I System.out: -> x-timer: S1765556373.142040,VS0,VE2
05-29 03:59:24.959  8793  9001 I System.out: BODY Content-Type: application/json; charset=utf-8
05-29 03:59:24.959  8793  9001 I System.out: BODY START
