--------- beginning of main
05-29 03:59:02.615  8311  8311 E libc    : Access denied finding property "persist.device_config.runtime_native_boot.profilebootclasspath"
05-29 03:59:02.616  8311  8311 E libc    : Access denied finding property "persist.device_config.runtime_native_boot.enable_apex_image"
05-29 03:59:02.616  8311  8311 I AndroidRuntime: Using default boot image
05-29 03:59:02.616  8311  8311 E libc    : Access denied finding property "persist.device_config.runtime_native_boot.disable_lock_profiling"
05-29 03:59:02.616  8311  8311 I AndroidRuntime: Leaving lock profiling enabled
05-29 03:59:02.616  8311  8311 E libc    : Access denied finding property "persist.device_config.runtime_native_boot.enable_generational_cc"
05-29 03:59:02.617  8311  8311 I app_process: Core platform API reporting enabled, enforcing=false
05-29 03:59:02.655  8311  8311 W app_process: Unexpected CPU variant for X86 using defaults: x86_64
05-29 03:59:02.656  8311  8311 I app_process: The ClassLoaderContext is a special shared library.
05-29 03:59:02.662  8311  8311 W app_process: JNI RegisterNativeMethods: attempt to register 0 native methods for android.media.AudioAttributes
05-29 03:59:02.786  2240  2240 E AccessibilityInteractionClient: 3 Disconnected nodes.
05-29 03:59:02.815  1328  1328 I LatinIME: Hardware accelerated drawing: true
05-29 03:59:02.816  8328  8331 I cmd     : oneway function results will be dropped but finished with status OK and parcel size 4
05-29 03:59:02.818  1328  1328 W InputAttributes: No editor info for this field. Bug?
05-29 03:59:02.819   325   325 I android.hardware.vibrator-service.example: Vibrator reporting capabilities
05-29 03:59:02.820  1328  1377 I LatinIME:LogUtils: Dictionary info: dictionary = UserHistoryDictionary.en_US ; version = 1780027048 ; date = 1780027053
05-29 03:59:02.821  1328  1377 I LatinIME:LogUtils: Dictionary info: dictionary = userunigram.en_US ; version = 1780027142 ; date = ?
05-29 03:59:02.823  1450  1450 I d.process.acor: The ClassLoaderContext is a special shared library.
--------- beginning of system
05-29 03:59:02.823   510   537 W ActivityTaskManager: Current config: {1.0 310mcc260mnc [en_US] ldltr sw320dp w320dp h616dp 160dpi nrml long port finger qwerty/v/v -nav/h winConfig={ mBounds=Rect(0, 0 - 320, 640) mAppBounds=Rect(0, 0 - 320, 640) mWindowingMode=fullscreen mDisplayWindowingMode=fullscreen mActivityType=undefined mAlwaysOnTop=undefined mRotation=ROTATION_0} s.8} unchanged for IME proc com.android.inputmethod.latin
05-29 03:59:02.846  1328  1377 I LatinIME:LogUtils: Dictionary info: dictionary = main:en ; version = 54 ; date = 1414726273
05-29 03:59:02.854  8336  8338 I cmd     : oneway function results will be dropped but finished with status OK and parcel size 4
05-29 03:59:02.823   510   537 I chatty  : uid=1000(system) Binder:510_1 identical 1 line
05-29 03:59:02.823   510   537 W ActivityTaskManager: Current config: {1.0 310mcc260mnc [en_US] ldltr sw320dp w320dp h616dp 160dpi nrml long port finger qwerty/v/v -nav/h winConfig={ mBounds=Rect(0, 0 - 320, 640) mAppBounds=Rect(0, 0 - 320, 640) mWindowingMode=fullscreen mDisplayWindowingMode=fullscreen mActivityType=undefined mAlwaysOnTop=undefined mRotation=ROTATION_0} s.8} unchanged for IME proc com.android.inputmethod.latin
05-29 03:59:02.873   510   549 I ActivityManager: Force stopping com.mocoding.pokedex.android appid=10131 user=-1: deletePackageX
05-29 03:59:02.874   510   549 I ActivityManager: Killing 2674:com.mocoding.pokedex.android/u0a131 (adj 0): stop com.mocoding.pokedex.android due to deletePackageX
05-29 03:59:02.876   510   549 W ActivityTaskManager: Force removing ActivityRecord{2746022 u0 com.mocoding.pokedex.android/.MainActivity t12 f}}: app died, no saved state
05-29 03:59:02.878   510   601 W InputDispatcher: Window Window{46e9782 u0 com.mocoding.pokedex.android/com.mocoding.pokedex.android.MainActivity} already unregistered input channel
05-29 03:59:02.879   510   549 W InputReader: Device virtio_input_multi_touch_10 is associated with display ADISPLAY_ID_NONE.
05-29 03:59:02.879   510   549 W InputReader: Device virtio_input_multi_touch_7 is associated with display ADISPLAY_ID_NONE.
05-29 03:59:02.879   510   549 W InputReader: Device virtio_input_multi_touch_11 is associated with display ADISPLAY_ID_NONE.
05-29 03:59:02.879   510   549 W InputReader: Device virtio_input_multi_touch_5 is associated with display ADISPLAY_ID_NONE.
05-29 03:59:02.879   510   549 W InputReader: Device virtio_input_multi_touch_2 is associated with display ADISPLAY_ID_NONE.
05-29 03:59:02.879   510   549 W InputReader: Device virtio_input_multi_touch_6 is associated with display ADISPLAY_ID_NONE.
05-29 03:59:02.879   510   549 W InputReader: Device virtio_input_multi_touch_3 is associated with display ADISPLAY_ID_NONE.
05-29 03:59:02.879   510   549 W InputReader: Device virtio_input_multi_touch_8 is associated with display ADISPLAY_ID_NONE.
05-29 03:59:02.879   510   549 W InputReader: Device virtio_input_multi_touch_9 is associated with display ADISPLAY_ID_NONE.
05-29 03:59:02.879   510   549 W InputReader: Device virtio_input_multi_touch_4 is associated with display ADISPLAY_ID_NONE.
05-29 03:59:02.879   510   549 W InputReader: Device virtio_input_multi_touch_10 is associated with display ADISPLAY_ID_NONE.
05-29 03:59:02.879   510   549 W InputReader: Device virtio_input_multi_touch_7 is associated with display ADISPLAY_ID_NONE.
05-29 03:59:02.879   510   549 W InputReader: Device virtio_input_multi_touch_11 is associated with display ADISPLAY_ID_NONE.
05-29 03:59:02.879   510   549 W InputReader: Device virtio_input_multi_touch_5 is associated with display ADISPLAY_ID_NONE.
05-29 03:59:02.879   510   549 W InputReader: Device virtio_input_multi_touch_2 is associated with display ADISPLAY_ID_NONE.
05-29 03:59:02.879   510   549 W InputReader: Device virtio_input_multi_touch_6 is associated with display ADISPLAY_ID_NONE.
05-29 03:59:02.879   510   549 W InputReader: Device virtio_input_multi_touch_3 is associated with display ADISPLAY_ID_NONE.
05-29 03:59:02.879   510   549 W InputReader: Device virtio_input_multi_touch_8 is associated with display ADISPLAY_ID_NONE.
05-29 03:59:02.879   510   549 W InputReader: Device virtio_input_multi_touch_9 is associated with display ADISPLAY_ID_NONE.
05-29 03:59:02.879   510   549 W InputReader: Device virtio_input_multi_touch_4 is associated with display ADISPLAY_ID_NONE.
05-29 03:59:02.888   510   566 I PackageManager: Removing permission com.mocoding.pokedex.android.DYNAMIC_RECEIVER_NOT_EXPORTED_PERMISSION that used to be declared by com.mocoding.pokedex.android
05-29 03:59:02.888   510   566 W PackageManager: Removing dangling permission: com.mocoding.pokedex.android.DYNAMIC_RECEIVER_NOT_EXPORTED_PERMISSION from package com.mocoding.pokedex.android
05-29 03:59:02.888   510   566 I PackageManager: Permission ownership changed. Updating all permissions.
--------- beginning of kernel
05-29 03:59:03.120     0     0 I binder  : undelivered transaction 167033, process died.
05-29 03:59:02.903   282   282 I Zygote  : Process 2674 exited due to signal 9 (Killed)
05-29 03:59:02.922   510   551 I libprocessgroup: Successfully killed process cgroup uid 10131 pid 2674 in 45ms
05-29 03:59:02.923   510   601 I InputDispatcher: Dropping event because there is no touched foreground window in display 0 or gesture monitor to receive it.
05-29 03:59:02.925   510   543 W ActivityManager: setHasOverlayUi called on unknown pid: 2674
05-29 03:59:02.925   510   537 W InputManager: Input event injection from pid 8311 failed.
05-29 03:59:02.928   510   538 W WindowManager: Cannot find window which accessibility connection is added to
05-29 03:59:02.931   510   601 I InputDispatcher: Dropping event because there is no touched foreground window in display 0 or gesture monitor to receive it.
05-29 03:59:02.931   426   426 I keystore: clear_uid 10131
05-29 03:59:02.931   510  3722 W InputManager: Input event injection from pid 8311 failed.
05-29 03:59:02.932   510   601 I InputDispatcher: Dropping event because there is no touched foreground window in display 0 or gesture monitor to receive it.
05-29 03:59:02.934   510  3722 I chatty  : uid=1000(system) Binder:510_13 identical 6 lines
05-29 03:59:02.934   510  3722 W InputManager: Input event injection from pid 8311 failed.
05-29 03:59:02.934   510  1742 W InputManager: Input event injection from pid 8311 failed.
05-29 03:59:02.934   510  1742 I chatty  : uid=1000(system) Binder:510_E identical 1 line
05-29 03:59:02.934   510  1742 W InputManager: Input event injection from pid 8311 failed.
05-29 03:59:02.934   510  3722 W InputManager: Input event injection from pid 8311 failed.
05-29 03:59:02.935   510  3722 I chatty  : uid=1000(system) Binder:510_13 identical 4 lines
05-29 03:59:02.935   510  3722 W InputManager: Input event injection from pid 8311 failed.
05-29 03:59:02.935   510   601 I chatty  : uid=1000(system) InputDispatcher identical 14 lines
05-29 03:59:02.935   510   601 I InputDispatcher: Dropping event because there is no touched foreground window in display 0 or gesture monitor to receive it.
05-29 03:59:02.936   510   566 E PermissionMonitor: unknown permission type: -1for uid: 10131
05-29 03:59:02.936   510   601 I InputDispatcher: Dropping event because there is no touched foreground window in display 0 or gesture monitor to receive it.
05-29 03:59:02.936   510  3722 W InputManager: Input event injection from pid 8311 failed.
05-29 03:59:02.939   510  3722 I chatty  : uid=1000(system) Binder:510_13 identical 5 lines
05-29 03:59:02.939   510  3722 W InputManager: Input event injection from pid 8311 failed.
05-29 03:59:02.939   510  1742 W InputManager: Input event injection from pid 8311 failed.
05-29 03:59:02.959   510  1742 I chatty  : uid=1000(system) Binder:510_E identical 124 lines
05-29 03:59:02.959   510  1742 W InputManager: Input event injection from pid 8311 failed.
05-29 03:59:02.959   510  1473 E TaskPersister: File error accessing recents directory (directory doesn't exist?).
05-29 03:59:02.960   510  1742 W InputManager: Input event injection from pid 8311 failed.
05-29 03:59:02.961   510  1742 I chatty  : uid=1000(system) Binder:510_E identical 10 lines
05-29 03:59:02.961   510  1742 W InputManager: Input event injection from pid 8311 failed.
05-29 03:59:02.961   510  1257 W InputManager: Input event injection from pid 8311 failed.
05-29 03:59:02.962   510  1257 I chatty  : uid=1000(system) Binder:510_D identical 3 lines
05-29 03:59:02.962   510  1257 W InputManager: Input event injection from pid 8311 failed.
05-29 03:59:02.962   510  7811 W InputManager: Input event injection from pid 8311 failed.
05-29 03:59:02.964   510  7811 I chatty  : uid=1000(system) Binder:510_16 identical 23 lines
05-29 03:59:02.964   510  7811 W InputManager: Input event injection from pid 8311 failed.
05-29 03:59:02.964   510  1742 W InputManager: Input event injection from pid 8311 failed.
05-29 03:59:02.966   510  1742 I chatty  : uid=1000(system) Binder:510_E identical 22 lines
05-29 03:59:02.966   510  1742 W InputManager: Input event injection from pid 8311 failed.
05-29 03:59:02.967   510  3722 W InputManager: Input event injection from pid 8311 failed.
05-29 03:59:02.980   510   601 I chatty  : uid=1000(system) InputDispatcher identical 259 lines
05-29 03:59:02.980   510   601 I InputDispatcher: Dropping event because there is no touched foreground window in display 0 or gesture monitor to receive it.
05-29 03:59:02.980   510   566 I system_server: Explicit concurrent copying GC freed 112647(5392KB) AllocSpace objects, 62(1748KB) LOS objects, 49% free, 9442KB/18MB, paused 35us total 44.125ms
05-29 03:59:02.980   510   601 I InputDispatcher: Dropping event because there is no touched foreground window in display 0 or gesture monitor to receive it.
05-29 03:59:02.996   510  3722 I chatty  : uid=1000(system) Binder:510_13 identical 89 lines
05-29 03:59:02.996   510  3722 W InputManager: Input event injection from pid 8311 failed.
05-29 03:59:02.996   510   566 I ActivityManager: Force stopping com.mocoding.pokedex.android appid=10131 user=0: pkg removed
05-29 03:59:02.996   510   601 I chatty  : uid=1000(system) InputDispatcher identical 27 lines
05-29 03:59:02.996   510   601 I InputDispatcher: Dropping event because there is no touched foreground window in display 0 or gesture monitor to receive it.
05-29 03:59:02.996  8344  8348 I cmd     : oneway function results will be dropped but finished with status OK and parcel size 4
05-29 03:59:02.997   510   601 I InputDispatcher: Dropping event because there is no touched foreground window in display 0 or gesture monitor to receive it.
05-29 03:59:02.997   510  3722 W InputManager: Input event injection from pid 8311 failed.
05-29 03:59:03.005   510  3722 I chatty  : uid=1000(system) Binder:510_13 identical 8 lines
05-29 03:59:03.005   510  3722 W InputManager: Input event injection from pid 8311 failed.
05-29 03:59:03.007   510   549 W BroadcastQueue: Background execution not allowed: receiving Intent { act=android.intent.action.PACKAGE_REMOVED dat=package:com.mocoding.pokedex.android flg=0x4000010 (has extras) } to com.android.gallery3d/.app.PackagesMonitor
05-29 03:59:03.007   510   549 W BroadcastQueue: Background execution not allowed: receiving Intent { act=android.intent.action.PACKAGE_REMOVED dat=package:com.mocoding.pokedex.android flg=0x4000010 (has extras) } to com.android.musicfx/.Compatibility$Receiver
05-29 03:59:03.007   510   540 I RoleManagerService: Granting default roles...
05-29 03:59:03.005   510   601 I chatty  : uid=1000(system) InputDispatcher identical 8 lines
05-29 03:59:03.005   510   601 I InputDispatcher: Dropping event because there is no touched foreground window in display 0 or gesture monitor to receive it.
05-29 03:59:03.009  1474  1474 I MediaProvider: Invalidating LocalCallingIdentity cache for package com.mocoding.pokedex.android. Reason: package android.intent.action.PACKAGE_REMOVED
05-29 03:59:03.009   510   601 I InputDispatcher: Dropping event because there is no touched foreground window in display 0 or gesture monitor to receive it.
05-29 03:59:03.009   510  3722 W InputManager: Input event injection from pid 8311 failed.
05-29 03:59:03.012   510  3722 I chatty  : uid=1000(system) Binder:510_13 identical 4 lines
05-29 03:59:03.012   510  3722 W InputManager: Input event injection from pid 8311 failed.
05-29 03:59:03.014   510  1096 W InputManager: Input event injection from pid 8311 failed.
05-29 03:59:03.015   510   601 I chatty  : uid=1000(system) InputDispatcher identical 10 lines
05-29 03:59:03.015   510   601 I InputDispatcher: Dropping event because there is no touched foreground window in display 0 or gesture monitor to receive it.
05-29 03:59:03.016   510   602 I InputReader: Reconfiguring input devices, changes=KEYBOARD_LAYOUTS | 
05-29 03:59:03.016   510   601 I InputDispatcher: Dropping event because there is no touched foreground window in display 0 or gesture monitor to receive it.
05-29 03:59:03.017   510  1096 I chatty  : uid=1000(system) Binder:510_B identical 11 lines
05-29 03:59:03.018   510  1096 W InputManager: Input event injection from pid 8311 failed.
05-29 03:59:03.018   510  3722 W InputManager: Input event injection from pid 8311 failed.
05-29 03:59:03.017   510   601 I chatty  : uid=1000(system) InputDispatcher identical 6 lines
05-29 03:59:03.018   510   601 I InputDispatcher: Dropping event because there is no touched foreground window in display 0 or gesture monitor to receive it.
05-29 03:59:03.018  1328  1377 I LatinIME:LogUtils: Dictionary info: dictionary = main:en ; version = 54 ; date = 1414726273
05-29 03:59:03.018   510   601 I InputDispatcher: Dropping event because there is no touched foreground window in display 0 or gesture monitor to receive it.
05-29 03:59:03.019   510  3722 I chatty  : uid=1000(system) Binder:510_13 identical 2 lines
05-29 03:59:03.019   510  3722 W InputManager: Input event injection from pid 8311 failed.
05-29 03:59:03.019   510  1096 W InputManager: Input event injection from pid 8311 failed.
05-29 03:59:03.019   510  1096 W InputManager: Input event injection from pid 8311 failed.
05-29 03:59:03.020   510  3722 W InputManager: Input event injection from pid 8311 failed.
05-29 03:59:03.020   510  3722 W InputManager: Input event injection from pid 8311 failed.
05-29 03:59:03.020   510  1096 W InputManager: Input event injection from pid 8311 failed.
05-29 03:59:03.020   510  3722 W InputManager: Input event injection from pid 8311 failed.
05-29 03:59:03.022   510  3722 I chatty  : uid=1000(system) Binder:510_13 identical 7 lines
05-29 03:59:03.022   510  3722 W InputManager: Input event injection from pid 8311 failed.
05-29 03:59:03.023   510  1096 W InputManager: Input event injection from pid 8311 failed.
05-29 03:59:03.023   510  3722 W InputManager: Input event injection from pid 8311 failed.
05-29 03:59:03.023   510  1257 W InputManager: Input event injection from pid 8311 failed.
05-29 03:59:03.024   510  1257 I chatty  : uid=1000(system) Binder:510_D identical 8 lines
05-29 03:59:03.025   510  1257 W InputManager: Input event injection from pid 8311 failed.
05-29 03:59:03.025   510  3722 W InputManager: Input event injection from pid 8311 failed.
05-29 03:59:03.024   510   601 I chatty  : uid=1000(system) InputDispatcher identical 28 lines
05-29 03:59:03.025   510   601 I InputDispatcher: Dropping event because there is no touched foreground window in display 0 or gesture monitor to receive it.
05-29 03:59:03.025   510   601 I InputDispatcher: Dropping event because there is no touched foreground window in display 0 or gesture monitor to receive it.
05-29 03:59:03.030   510  3722 I chatty  : uid=1000(system) Binder:510_13 identical 38 lines
05-29 03:59:03.030   510  3722 W InputManager: Input event injection from pid 8311 failed.
05-29 03:59:03.031   510  1473 E TaskPersister: File error accessing recents directory (directory doesn't exist?).
05-29 03:59:03.030   510   601 I chatty  : uid=1000(system) InputDispatcher identical 37 lines
05-29 03:59:03.030   510   601 I InputDispatcher: Dropping event because there is no touched foreground window in display 0 or gesture monitor to receive it.
05-29 03:59:03.031   510   510 W WifiService: Couldn't get PackageInfo for package:com.mocoding.pokedex.android
05-29 03:59:03.032   510   510 I ConditionProviders: Disallowing condition provider com.mocoding.pokedex.android
05-29 03:59:03.033   510   595 I RollbackManager: broadcast=ACTION_PACKAGE_FULLY_REMOVED pkg=com.mocoding.pokedex.android
05-29 03:59:03.034   510   601 I InputDispatcher: Dropping event because there is no touched foreground window in display 0 or gesture monitor to receive it.
05-29 03:59:03.035   510  3722 W InputManager: Input event injection from pid 8311 failed.
05-29 03:59:03.037   510   601 I InputDispatcher: Dropping event because there is no touched foreground window in display 0 or gesture monitor to receive it.
05-29 03:59:03.037   510   601 I InputDispatcher: Dropping event because there is no touched foreground window in display 0 or gesture monitor to receive it.
05-29 03:59:03.038   510   510 W WifiService: Couldn't get PackageInfo for package:com.mocoding.pokedex.android
05-29 03:59:03.039   510   601 I InputDispatcher: Dropping event because there is no touched foreground window in display 0 or gesture monitor to receive it.
05-29 03:59:03.040   510   601 I chatty  : uid=1000(system) InputDispatcher identical 2 lines
05-29 03:59:03.040   510   601 I InputDispatcher: Dropping event because there is no touched foreground window in display 0 or gesture monitor to receive it.
05-29 03:59:03.042   510   601 I InputDispatcher: Dropping event because there is no touched foreground window in display 0 or gesture monitor to receive it.
05-29 03:59:03.043   510  3722 I chatty  : uid=1000(system) Binder:510_13 identical 11 lines
05-29 03:59:03.043   510  3722 W InputManager: Input event injection from pid 8311 failed.
05-29 03:59:03.043   510   550 I ActivityManager: Start proc 8359:com.android.keychain/1000 for service {com.android.keychain/com.android.keychain.KeyChainService}
05-29 03:59:03.044   510  3722 W InputManager: Input event injection from pid 8311 failed.
05-29 03:59:03.043   510   601 I chatty  : uid=1000(system) InputDispatcher identical 5 lines
05-29 03:59:03.044   510   601 I InputDispatcher: Dropping event because there is no touched foreground window in display 0 or gesture monitor to receive it.
05-29 03:59:03.044   510   653 I PasspointManager: No app ops listener found for com.mocoding.pokedex.android
05-29 03:59:03.045   510   601 I InputDispatcher: Dropping event because there is no touched foreground window in display 0 or gesture monitor to receive it.
05-29 03:59:03.048  8359  8359 W ndroid.keychai: Unexpected CPU variant for X86 using defaults: x86_64
05-29 03:59:03.050   382   393 I adbd    : jdwp connection from 8359
05-29 03:59:03.051   510   601 I InputDispatcher: Dropping event because there is no touched foreground window in display 0 or gesture monitor to receive it.
05-29 03:59:03.052   510   601 I InputDispatcher: Dropping event because there is no touched foreground window in display 0 or gesture monitor to receive it.
05-29 03:59:03.053   510   601 I chatty  : uid=1000(system) InputDispatcher identical 3 lines
05-29 03:59:03.054   510   601 I InputDispatcher: Dropping event because there is no touched foreground window in display 0 or gesture monitor to receive it.
05-29 03:59:03.054   510   653 I PasspointManager: No app ops listener found for com.mocoding.pokedex.android
05-29 03:59:03.054   510   601 I InputDispatcher: Dropping event because there is no touched foreground window in display 0 or gesture monitor to receive it.
05-29 03:59:03.058   510  3722 I chatty  : uid=1000(system) Binder:510_13 identical 17 lines
05-29 03:59:03.060   510  3722 W InputManager: Input event injection from pid 8311 failed.
05-29 03:59:03.066   510  1096 W InputManager: Input event injection from pid 8311 failed.
05-29 03:59:03.067   510  1096 I chatty  : uid=1000(system) Binder:510_B identical 1 line
05-29 03:59:03.067   510  1096 W InputManager: Input event injection from pid 8311 failed.
05-29 03:59:03.067   510  1257 W InputManager: Input event injection from pid 8311 failed.
05-29 03:59:03.067   510  1096 W InputManager: Input event injection from pid 8311 failed.
05-29 03:59:03.070   510   601 I chatty  : uid=1000(system) InputDispatcher identical 19 lines
05-29 03:59:03.070   510   601 I InputDispatcher: Dropping event because there is no touched foreground window in display 0 or gesture monitor to receive it.
05-29 03:59:03.070   510   601 I InputDispatcher: Dropping event because there is no touched foreground window in display 0 or gesture monitor to receive it.
05-29 03:59:03.070   510  1096 I chatty  : uid=1000(system) Binder:510_B identical 5 lines
05-29 03:59:03.070   510  1096 W InputManager: Input event injection from pid 8311 failed.
05-29 03:59:03.070   510  1742 W InputManager: Input event injection from pid 8311 failed.
05-29 03:59:03.071   510   550 I ActivityManager: Start proc 8377:com.android.documentsui/u0a76 for broadcast {com.android.documentsui/com.android.documentsui.PackageReceiver}
05-29 03:59:03.071   510  1742 W InputManager: Input event injection from pid 8311 failed.
05-29 03:59:03.074   510   601 I chatty  : uid=1000(system) InputDispatcher identical 33 lines
05-29 03:59:03.074   510   601 I InputDispatcher: Dropping event because there is no touched foreground window in display 0 or gesture monitor to receive it.
05-29 03:59:03.074  8377  8377 W oid.documentsu: Unexpected CPU variant for X86 using defaults: x86_64
05-29 03:59:03.074   510   601 I InputDispatcher: Dropping event because there is no touched foreground window in display 0 or gesture monitor to receive it.
05-29 03:59:03.075   510  1742 I chatty  : uid=1000(system) Binder:510_E identical 33 lines
05-29 03:59:03.075   510  1742 W InputManager: Input event injection from pid 8311 failed.
05-29 03:59:03.075   510  1096 W InputManager: Input event injection from pid 8311 failed.
05-29 03:59:03.075   510  1096 I chatty  : uid=1000(system) Binder:510_B identical 2 lines
05-29 03:59:03.075   510  1096 W InputManager: Input event injection from pid 8311 failed.
05-29 03:59:03.079   510  1742 W InputManager: Input event injection from pid 8311 failed.
05-29 03:59:03.080   510  1742 I chatty  : uid=1000(system) Binder:510_E identical 9 lines
05-29 03:59:03.080   510  1742 W InputManager: Input event injection from pid 8311 failed.
05-29 03:59:03.080   510  1257 W InputManager: Input event injection from pid 8311 failed.
05-29 03:59:03.082   510  1257 I chatty  : uid=1000(system) Binder:510_D identical 5 lines
05-29 03:59:03.082   510  1257 W InputManager: Input event injection from pid 8311 failed.
05-29 03:59:03.082   510  3722 W InputManager: Input event injection from pid 8311 failed.
05-29 03:59:03.082   510  3722 W InputManager: Input event injection from pid 8311 failed.
05-29 03:59:03.082   510  1257 W InputManager: Input event injection from pid 8311 failed.
05-29 03:59:03.082   510  3722 W InputManager: Input event injection from pid 8311 failed.
05-29 03:59:03.083   510  1257 W InputManager: Input event injection from pid 8311 failed.
05-29 03:59:03.083   510  3722 W InputManager: Input event injection from pid 8311 failed.
05-29 03:59:03.083   510  3722 W InputManager: Input event injection from pid 8311 failed.
05-29 03:59:03.083   510  1257 W InputManager: Input event injection from pid 8311 failed.
05-29 03:59:03.083   510  1257 I chatty  : uid=1000(system) Binder:510_D identical 1 line
05-29 03:59:03.083   510  1257 W InputManager: Input event injection from pid 8311 failed.
05-29 03:59:03.084   510  3722 W InputManager: Input event injection from pid 8311 failed.
05-29 03:59:03.084   510  3722 W InputManager: Input event injection from pid 8311 failed.
05-29 03:59:03.084   510  1257 W InputManager: Input event injection from pid 8311 failed.
05-29 03:59:03.084   510  3722 W InputManager: Input event injection from pid 8311 failed.
05-29 03:59:03.084   510  1257 W InputManager: Input event injection from pid 8311 failed.
05-29 03:59:03.084   510  3722 W InputManager: Input event injection from pid 8311 failed.
05-29 03:59:03.084   510  1257 W InputManager: Input event injection from pid 8311 failed.
05-29 03:59:03.084   510  3722 W InputManager: Input event injection from pid 8311 failed.
05-29 03:59:03.085   510  1257 W InputManager: Input event injection from pid 8311 failed.
05-29 03:59:03.085   510  3722 W InputManager: Input event injection from pid 8311 failed.
05-29 03:59:03.085   510  3722 W InputManager: Input event injection from pid 8311 failed.
05-29 03:59:03.085   510  1257 W InputManager: Input event injection from pid 8311 failed.
05-29 03:59:03.085   510  3722 W InputManager: Input event injection from pid 8311 failed.
05-29 03:59:03.087   510   601 I chatty  : uid=1000(system) InputDispatcher identical 77 lines
05-29 03:59:03.087   510   601 I InputDispatcher: Dropping event because there is no touched foreground window in display 0 or gesture monitor to receive it.
05-29 03:59:03.089   382   393 I adbd    : jdwp connection from 8377
05-29 03:59:03.087   510  3722 I chatty  : uid=1000(system) Binder:510_13 identical 30 lines
05-29 03:59:03.087   510  3722 W InputManager: Input event injection from pid 8311 failed.
05-29 03:59:03.090   510  7811 W InputManager: Input event injection from pid 8311 failed.
05-29 03:59:03.090   510   601 I InputDispatcher: Dropping event because there is no touched foreground window in display 0 or gesture monitor to receive it.
05-29 03:59:03.090   510  1257 W InputManager: Input event injection from pid 8311 failed.
05-29 03:59:03.090   510  1257 W InputManager: Input event injection from pid 8311 failed.
05-29 03:59:03.091   510   542 I DropBoxManagerService: add tag=system_app_strictmode isTagEnabled=true flags=0x2
05-29 03:59:03.095   510  7811 W InputManager: Input event injection from pid 8311 failed.
05-29 03:59:03.095   510  1257 W InputManager: Input event injection from pid 8311 failed.
05-29 03:59:03.096   510  1257 I chatty  : uid=1000(system) Binder:510_D identical 1 line
05-29 03:59:03.096   510  1257 W InputManager: Input event injection from pid 8311 failed.
05-29 03:59:03.096   510  1096 W InputManager: Input event injection from pid 8311 failed.
05-29 03:59:03.097   510  1257 W InputManager: Input event injection from pid 8311 failed.
05-29 03:59:03.097   510  1096 W InputManager: Input event injection from pid 8311 failed.
05-29 03:59:03.097   510  1096 I chatty  : uid=1000(system) Binder:510_B identical 1 line
05-29 03:59:03.097   510  1096 W InputManager: Input event injection from pid 8311 failed.
05-29 03:59:03.097   510  1257 W InputManager: Input event injection from pid 8311 failed.
05-29 03:59:03.097   510  1257 W InputManager: Input event injection from pid 8311 failed.
05-29 03:59:03.098   510  1096 W InputManager: Input event injection from pid 8311 failed.
05-29 03:59:03.098   510  1257 W InputManager: Input event injection from pid 8311 failed.
05-29 03:59:03.098   510  1257 I chatty  : uid=1000(system) Binder:510_D identical 1 line
05-29 03:59:03.098   510  1257 W InputManager: Input event injection from pid 8311 failed.
05-29 03:59:03.098   510  1742 W InputManager: Input event injection from pid 8311 failed.
05-29 03:59:03.099   510  1742 I chatty  : uid=1000(system) Binder:510_E identical 3 lines
05-29 03:59:03.099   510  1742 W InputManager: Input event injection from pid 8311 failed.
05-29 03:59:03.099   510  1257 W InputManager: Input event injection from pid 8311 failed.
05-29 03:59:03.099   510   601 I chatty  : uid=1000(system) InputDispatcher identical 21 lines
05-29 03:59:03.099   510   601 I InputDispatcher: Dropping event because there is no touched foreground window in display 0 or gesture monitor to receive it.
05-29 03:59:03.099   510   554 E libprocessgroup: AddTidToCgroup failed to write '8395'; fd=63: Invalid argument
05-29 03:59:03.099   510   554 E libprocessgroup: Failed to add task into cgroup
05-29 03:59:03.099   510   554 W libprocessgroup: ExecuteForTask failed for aggregate profile: Invalid argument
05-29 03:59:03.099   510   601 I InputDispatcher: Dropping event because there is no touched foreground window in display 0 or gesture monitor to receive it.
05-29 03:59:03.099   510   601 I chatty  : uid=1000(system) InputDispatcher identical 4 lines
05-29 03:59:03.099   510   601 I InputDispatcher: Dropping event because there is no touched foreground window in display 0 or gesture monitor to receive it.
05-29 03:59:03.099  8359  8359 I ndroid.keychai: The ClassLoaderContext is a special shared library.
05-29 03:59:03.100   510   601 I InputDispatcher: Dropping event because there is no touched foreground window in display 0 or gesture monitor to receive it.
05-29 03:59:03.101   510  1257 I chatty  : uid=1000(system) Binder:510_D identical 24 lines
05-29 03:59:03.101   510  1257 W InputManager: Input event injection from pid 8311 failed.
05-29 03:59:03.101   510  1742 W InputManager: Input event injection from pid 8311 failed.
05-29 03:59:03.101   510  1742 W InputManager: Input event injection from pid 8311 failed.
05-29 03:59:03.101   510  1096 W InputManager: Input event injection from pid 8311 failed.
05-29 03:59:03.101   510  1257 W InputManager: Input event injection from pid 8311 failed.
05-29 03:59:03.101   510  1257 W InputManager: Input event injection from pid 8311 failed.
05-29 03:59:03.101   510  1096 W InputManager: Input event injection from pid 8311 failed.
05-29 03:59:03.102   510  1096 W InputManager: Input event injection from pid 8311 failed.
05-29 03:59:03.102   510  1257 W InputManager: Input event injection from pid 8311 failed.
05-29 03:59:03.102   510  1742 W InputManager: Input event injection from pid 8311 failed.
05-29 03:59:03.102   510   601 I chatty  : uid=1000(system) InputDispatcher identical 27 lines
05-29 03:59:03.102   510   601 I InputDispatcher: Dropping event because there is no touched foreground window in display 0 or gesture monitor to receive it.
05-29 03:59:03.102   510   601 I InputDispatcher: Dropping event because there is no touched foreground window in display 0 or gesture monitor to receive it.
05-29 03:59:03.102   510   601 I InputDispatcher: Dropping event because there is no touched foreground window in display 0 or gesture monitor to receive it.
05-29 03:59:03.102   510   601 I InputDispatcher: Dropping event because there is no touched foreground window in display 0 or gesture monitor to receive it.
05-29 03:59:03.102   510  1742 I chatty  : uid=1000(system) Binder:510_E identical 3 lines
05-29 03:59:03.102   510  1742 W InputManager: Input event injection from pid 8311 failed.
05-29 03:59:03.102   510  1257 W InputManager: Input event injection from pid 8311 failed.
05-29 03:59:03.102   510  1257 I chatty  : uid=1000(system) Binder:510_D identical 1 line
05-29 03:59:03.102   510  1257 W InputManager: Input event injection from pid 8311 failed.
05-29 03:59:03.103   510  1096 W InputManager: Input event injection from pid 8311 failed.
05-29 03:59:03.103   510  1257 W InputManager: Input event injection from pid 8311 failed.
05-29 03:59:03.103   510  1257 I chatty  : uid=1000(system) Binder:510_D identical 2 lines
05-29 03:59:03.103   510  1257 W InputManager: Input event injection from pid 8311 failed.
05-29 03:59:03.104   510  1096 W InputManager: Input event injection from pid 8311 failed.
05-29 03:59:03.105   510  1257 W InputManager: Input event injection from pid 8311 failed.
05-29 03:59:03.105   510  1096 W InputManager: Input event injection from pid 8311 failed.
05-29 03:59:03.106   510  1257 W InputManager: Input event injection from pid 8311 failed.
05-29 03:59:03.107   510  1257 I chatty  : uid=1000(system) Binder:510_D identical 3 lines
05-29 03:59:03.107   510  1257 W InputManager: Input event injection from pid 8311 failed.
05-29 03:59:03.107   510  7811 W InputManager: Input event injection from pid 8311 failed.
05-29 03:59:03.107   510  7811 I chatty  : uid=1000(system) Binder:510_16 identical 2 lines
05-29 03:59:03.108   510  7811 W InputManager: Input event injection from pid 8311 failed.
05-29 03:59:03.108   510  1257 W InputManager: Input event injection from pid 8311 failed.
05-29 03:59:03.108   510  7811 W InputManager: Input event injection from pid 8311 failed.
05-29 03:59:03.109   510  1257 W InputManager: Input event injection from pid 8311 failed.
05-29 03:59:03.109   510  1742 W InputManager: Input event injection from pid 8311 failed.
05-29 03:59:03.109   510  1742 W InputManager: Input event injection from pid 8311 failed.
05-29 03:59:03.109   510  1257 W InputManager: Input event injection from pid 8311 failed.
05-29 03:59:03.113   510  1257 I chatty  : uid=1000(system) Binder:510_D identical 11 lines
05-29 03:59:03.113   510  1257 W InputManager: Input event injection from pid 8311 failed.
05-29 03:59:03.113   510  1096 W InputManager: Input event injection from pid 8311 failed.
05-29 03:59:03.113   510  1096 I chatty  : uid=1000(system) Binder:510_B identical 1 line
05-29 03:59:03.114   510  1096 W InputManager: Input event injection from pid 8311 failed.
05-29 03:59:03.114   510  1257 W InputManager: Input event injection from pid 8311 failed.
05-29 03:59:03.114   510  1257 I chatty  : uid=1000(system) Binder:510_D identical 2 lines
05-29 03:59:03.115   510  1257 W InputManager: Input event injection from pid 8311 failed.
05-29 03:59:03.115   510  1096 W InputManager: Input event injection from pid 8311 failed.
05-29 03:59:03.116   510  1096 I chatty  : uid=1000(system) Binder:510_B identical 1 line
05-29 03:59:03.116   510  1096 W InputManager: Input event injection from pid 8311 failed.
05-29 03:59:03.116   510  1257 W InputManager: Input event injection from pid 8311 failed.
05-29 03:59:03.116   510  1257 W InputManager: Input event injection from pid 8311 failed.
05-29 03:59:03.116   510  1096 W InputManager: Input event injection from pid 8311 failed.
05-29 03:59:03.117   510  1257 W InputManager: Input event injection from pid 8311 failed.
05-29 03:59:03.117   510  1257 I chatty  : uid=1000(system) Binder:510_D identical 1 line
05-29 03:59:03.117   510  1257 W InputManager: Input event injection from pid 8311 failed.
05-29 03:59:03.117   510  1096 W InputManager: Input event injection from pid 8311 failed.
05-29 03:59:03.120   510  1096 I chatty  : uid=1000(system) Binder:510_B identical 7 lines
05-29 03:59:03.120   510  1096 W InputManager: Input event injection from pid 8311 failed.
05-29 03:59:03.121   510  3722 W InputManager: Input event injection from pid 8311 failed.
05-29 03:59:03.121   510  3722 W InputManager: Input event injection from pid 8311 failed.
05-29 03:59:03.121   510  7811 W InputManager: Input event injection from pid 8311 failed.
05-29 03:59:03.122   510  3722 W InputManager: Input event injection from pid 8311 failed.
05-29 03:59:03.122   510  7811 W InputManager: Input event injection from pid 8311 failed.
05-29 03:59:03.122   510  7811 W InputManager: Input event injection from pid 8311 failed.
05-29 03:59:03.123   510  1742 W InputManager: Input event injection from pid 8311 failed.
05-29 03:59:03.124   510   601 I chatty  : uid=1000(system) InputDispatcher identical 80 lines
05-29 03:59:03.124   510   601 I InputDispatcher: Dropping event because there is no touched foreground window in display 0 or gesture monitor to receive it.
05-29 03:59:03.124  8359  8397 W KeyChain: Creating new DB.
05-29 03:59:03.125   510   601 I InputDispatcher: Dropping event because there is no touched foreground window in display 0 or gesture monitor to receive it.
05-29 03:59:03.127   510   601 I chatty  : uid=1000(system) InputDispatcher identical 6 lines
05-29 03:59:03.127   510   601 I InputDispatcher: Dropping event because there is no touched foreground window in display 0 or gesture monitor to receive it.
05-29 03:59:03.127  8377  8377 I oid.documentsu: The ClassLoaderContext is a special shared library.
05-29 03:59:03.127   510   601 I InputDispatcher: Dropping event because there is no touched foreground window in display 0 or gesture monitor to receive it.
05-29 03:59:03.131   510  1742 I chatty  : uid=1000(system) Binder:510_E identical 35 lines
05-29 03:59:03.131   510  1742 W InputManager: Input event injection from pid 8311 failed.
05-29 03:59:03.131   510  3722 W InputManager: Input event injection from pid 8311 failed.
05-29 03:59:03.133   510   601 I chatty  : uid=1000(system) InputDispatcher identical 27 lines
05-29 03:59:03.133   510   601 I InputDispatcher: Dropping event because there is no touched foreground window in display 0 or gesture monitor to receive it.
05-29 03:59:03.133   510   601 I InputDispatcher: Dropping event because there is no touched foreground window in display 0 or gesture monitor to receive it.
05-29 03:59:03.134   510   601 I InputDispatcher: Dropping event because there is no touched foreground window in display 0 or gesture monitor to receive it.
05-29 03:59:03.139   510  3722 I chatty  : uid=1000(system) Binder:510_13 identical 36 lines
05-29 03:59:03.139   510  3722 W InputManager: Input event injection from pid 8311 failed.
05-29 03:59:03.140   510  1742 W InputManager: Input event injection from pid 8311 failed.
05-29 03:59:03.143   510  1742 I chatty  : uid=1000(system) Binder:510_E identical 10 lines
05-29 03:59:03.143   510  1742 W InputManager: Input event injection from pid 8311 failed.
05-29 03:59:03.143   510  3722 W InputManager: Input event injection from pid 8311 failed.
05-29 03:59:03.145   510  3722 I chatty  : uid=1000(system) Binder:510_13 identical 12 lines
05-29 03:59:03.146   510  3722 W InputManager: Input event injection from pid 8311 failed.
05-29 03:59:03.146   510  1742 W InputManager: Input event injection from pid 8311 failed.
05-29 03:59:03.148   510  1742 I chatty  : uid=1000(system) Binder:510_E identical 11 lines
05-29 03:59:03.148   510  1742 W InputManager: Input event injection from pid 8311 failed.
05-29 03:59:03.149   510  1742 W InputManager: Input event injection from pid 8311 failed.
05-29 03:59:03.148   510   601 I chatty  : uid=1000(system) InputDispatcher identical 64 lines
05-29 03:59:03.149   510   601 I InputDispatcher: Dropping event because there is no touched foreground window in display 0 or gesture monitor to receive it.
05-29 03:59:03.154   510   601 I InputDispatcher: Dropping event because there is no touched foreground window in display 0 or gesture monitor to receive it.
05-29 03:59:03.149   510  1742 I chatty  : uid=1000(system) Binder:510_E identical 1 line
05-29 03:59:03.154   510  1742 W InputManager: Input event injection from pid 8311 failed.
05-29 03:59:03.154   510   550 I ActivityManager: Start proc 8403:com.android.externalstorage/u0a68 for content provider {com.android.externalstorage/com.android.externalstorage.ExternalStorageProvider}
05-29 03:59:03.154   510  1742 W InputManager: Input event injection from pid 8311 failed.
05-29 03:59:03.155   510   601 I chatty  : uid=1000(system) InputDispatcher identical 16 lines
05-29 03:59:03.155   510   601 I InputDispatcher: Dropping event because there is no touched foreground window in display 0 or gesture monitor to receive it.
05-29 03:59:03.156  8403  8403 W externalstorag: Unexpected CPU variant for X86 using defaults: x86_64
05-29 03:59:03.156   510   601 I InputDispatcher: Dropping event because there is no touched foreground window in display 0 or gesture monitor to receive it.
05-29 03:59:03.156   510   601 I chatty  : uid=1000(system) InputDispatcher identical 5 lines
05-29 03:59:03.156   510   601 I InputDispatcher: Dropping event because there is no touched foreground window in display 0 or gesture monitor to receive it.
05-29 03:59:03.156  8377  8377 E ContextImpl: Tried to access visual service LayoutInflater from a non-visual Context:com.android.documentsui.DocumentsApplication@8bd0fa3 Visual services, such as WindowManager, WallpaperService or LayoutInflater should be accessed from Activity or other visual Context. Use an Activity or a Context created with Context#createWindowContext(int, Bundle), which are adjusted to the configuration and visual bounds of an area on screen.
05-29 03:59:03.156  8377  8377 E ContextImpl: java.lang.IllegalAccessException: Tried to access visual service LayoutInflater from a non-visual Context:com.android.documentsui.DocumentsApplication@8bd0fa3
05-29 03:59:03.156  8377  8377 E ContextImpl: 	at android.app.ContextImpl.getSystemService(ContextImpl.java:1914)
05-29 03:59:03.156  8377  8377 E ContextImpl: 	at android.content.ContextWrapper.getSystemService(ContextWrapper.java:803)
05-29 03:59:03.156  8377  8377 E ContextImpl: 	at android.view.LayoutInflater.from(LayoutInflater.java:282)
05-29 03:59:03.156  8377  8377 E ContextImpl: 	at com.android.documentsui.DragShadowBuilder.<init>(DragShadowBuilder.java:49)
05-29 03:59:03.156  8377  8377 E ContextImpl: 	at com.android.documentsui.DragAndDropManager$RuntimeDragAndDropManager.<init>(DragAndDropManager.java:195)
05-29 03:59:03.156  8377  8377 E ContextImpl: 	at com.android.documentsui.DragAndDropManager$RuntimeDragAndDropManager.<init>(DragAndDropManager.java:166)
05-29 03:59:03.156  8377  8377 E ContextImpl: 	at com.android.documentsui.DragAndDropManager.create(DragAndDropManager.java:163)
05-29 03:59:03.156  8377  8377 E ContextImpl: 	at com.android.documentsui.DocumentsApplication.onCreate(DocumentsApplication.java:145)
05-29 03:59:03.156  8377  8377 E ContextImpl: 	at android.app.Instrumentation.callApplicationOnCreate(Instrumentation.java:1192)
05-29 03:59:03.156  8377  8377 E ContextImpl: 	at android.app.ActivityThread.handleBindApplication(ActivityThread.java:6712)
05-29 03:59:03.156  8377  8377 E ContextImpl: 	at android.app.ActivityThread.access$1300(ActivityThread.java:237)
05-29 03:59:03.156  8377  8377 E ContextImpl: 	at android.app.ActivityThread$H.handleMessage(ActivityThread.java:1913)
05-29 03:59:03.156  8377  8377 E ContextImpl: 	at android.os.Handler.dispatchMessage(Handler.java:106)
05-29 03:59:03.156  8377  8377 E ContextImpl: 	at android.os.Looper.loop(Looper.java:223)
05-29 03:59:03.156  8377  8377 E ContextImpl: 	at android.app.ActivityThread.main(ActivityThread.java:7656)
05-29 03:59:03.156  8377  8377 E ContextImpl: 	at java.lang.reflect.Method.invoke(Native Method)
05-29 03:59:03.156  8377  8377 E ContextImpl: 	at com.android.internal.os.RuntimeInit$MethodAndArgsCaller.run(RuntimeInit.java:592)
05-29 03:59:03.156  8377  8377 E ContextImpl: 	at com.android.internal.os.ZygoteInit.main(ZygoteInit.java:947)
05-29 03:59:03.156   510   601 I InputDispatcher: Dropping event because there is no touched foreground window in display 0 or gesture monitor to receive it.
05-29 03:59:03.157   510   601 I chatty  : uid=1000(system) InputDispatcher identical 12 lines
05-29 03:59:03.157   510   601 I InputDispatcher: Dropping event because there is no touched foreground window in display 0 or gesture monitor to receive it.
05-29 03:59:03.157  8377  8377 E ViewConfiguration: Tried to access UI constants from a non-visual Context:com.android.documentsui.DocumentsApplication@8bd0fa3UI constants, such as display metrics or window metrics, must be accessed from Activity or other visual Context. Use an Activity or a Context created with Context#createWindowContext(int, Bundle), which are adjusted to the configuration and visual bounds of an area on screen
05-29 03:59:03.157  8377  8377 E ViewConfiguration: java.lang.IllegalArgumentException: Tried to access UI constants from a non-visual Context:com.android.documentsui.DocumentsApplication@8bd0fa3
05-29 03:59:03.157  8377  8377 E ViewConfiguration: 	at android.view.ViewConfiguration.get(ViewConfiguration.java:510)
05-29 03:59:03.157  8377  8377 E ViewConfiguration: 	at android.view.View.<init>(View.java:5317)
05-29 03:59:03.157  8377  8377 E ViewConfiguration: 	at android.view.View.<init>(View.java:5467)
05-29 03:59:03.157  8377  8377 E ViewConfiguration: 	at android.view.ViewGroup.<init>(ViewGroup.java:697)
05-29 03:59:03.157  8377  8377 E ViewConfiguration: 	at android.widget.LinearLayout.<init>(LinearLayout.java:254)
05-29 03:59:03.157  8377  8377 E ViewConfiguration: 	at android.widget.LinearLayout.<init>(LinearLayout.java:250)
05-29 03:59:03.157  8377  8377 E ViewConfiguration: 	at android.widget.LinearLayout.<init>(LinearLayout.java:246)
05-29 03:59:03.157  8377  8377 E ViewConfiguration: 	at java.lang.reflect.Constructor.newInstance0(Native Method)
05-29 03:59:03.157  8377  8377 E ViewConfiguration: 	at java.lang.reflect.Constructor.newInstance(Constructor.java:343)
05-29 03:59:03.157  8377  8377 E ViewConfiguration: 	at android.view.LayoutInflater.createView(LayoutInflater.java:852)
05-29 03:59:03.157  8377  8377 E ViewConfiguration: 	at android.view.LayoutInflater.createView(LayoutInflater.java:774)
05-29 03:59:03.157  8377  8377 E ViewConfiguration: 	at com.android.internal.policy.PhoneLayoutInflater.onCreateView(PhoneLayoutInflater.java:58)
05-29 03:59:03.157  8377  8377 E ViewConfiguration: 	at android.view.LayoutInflater.onCreateView(LayoutInflater.java:928)
05-29 03:59:03.157  8377  8377 E ViewConfiguration: 	at android.view.LayoutInflater.onCreateView(LayoutInflater.java:948)
05-29 03:59:03.157  8377  8377 E ViewConfiguration: 	at android.view.LayoutInflater.createViewFromTag(LayoutInflater.java:1002)
05-29 03:59:03.157  8377  8377 E ViewConfiguration: 	at android.view.LayoutInflater.createViewFromTag(LayoutInflater.java:959)
05-29 03:59:03.157  8377  8377 E ViewConfiguration: 	at android.view.LayoutInflater.inflate(LayoutInflater.java:657)
05-29 03:59:03.157  8377  8377 E ViewConfiguration: 	at android.view.LayoutInflater.inflate(LayoutInflater.java:532)
05-29 03:59:03.157  8377  8377 E ViewConfiguration: 	at android.view.LayoutInflater.inflate(LayoutInflater.java:479)
05-29 03:59:03.157  8377  8377 E ViewConfiguration: 	at com.android.documentsui.DragShadowBuilder.<init>(DragShadowBuilder.java:49)
05-29 03:59:03.157  8377  8377 E ViewConfiguration: 	at com.android.documentsui.DragAndDropManager$RuntimeDragAndDropManager.<init>(DragAndDropManager.java:195)
05-29 03:59:03.157  8377  8377 E ViewConfiguration: 	at com.android.documentsui.DragAndDropManager$RuntimeDragAndDropManager.<init>(DragAndDropManager.java:166)
05-29 03:59:03.157  8377  8377 E ViewConfiguration: 	at com.android.documentsui.DragAndDropManager.create(DragAndDropManager.java:163)
05-29 03:59:03.157  8377  8377 E ViewConfiguration: 	at com.android.documentsui.DocumentsApplication.onCreate(DocumentsApplication.java:145)
05-29 03:59:03.157  8377  8377 E ViewConfiguration: 	at android.app.Instrumentation.callApplicationOnCreate(Instrumentation.java:1192)
05-29 03:59:03.157  8377  8377 E ViewConfiguration: 	at android.app.ActivityThread.handleBindApplication(ActivityThread.java:6712)
05-29 03:59:03.157  8377  8377 E ViewConfiguration: 	at android.app.ActivityThread.access$1300(ActivityThread.java:237)
05-29 03:59:03.157  8377  8377 E ViewConfiguration: 	at android.app.ActivityThread$H.handleMessage(ActivityThread.java:1913)
05-29 03:59:03.157  8377  8377 E ViewConfiguration: 	at android.os.Handler.dispatchMessage(Handler.java:106)
05-29 03:59:03.157  8377  8377 E ViewConfiguration: 	at android.os.Looper.loop(Looper.java:223)
05-29 03:59:03.157  8377  8377 E ViewConfiguration: 	at android.app.ActivityThread.main(ActivityThread.java:7656)
05-29 03:59:03.157  8377  8377 E ViewConfiguration: 	at java.lang.reflect.Method.invoke(Native Method)
05-29 03:59:03.157  8377  8377 E ViewConfiguration: 	at com.android.internal.os.RuntimeInit$MethodAndArgsCaller.run(RuntimeInit.java:592)
