--------- beginning of main
05-29 02:15:57.957  1705  1814 I MessagingAppDataModel: Fixup: Send failed - 0 Download failed - 0
05-29 02:15:57.962   162   162 I hwservicemanager: getTransport: Cannot find entry android.hardware.graphics.mapper@4.0::IMapper/default in either framework or device manifest.
--------- beginning of kernel
05-29 02:15:58.469     0     0 I AidlLazyServiceRegistrar: Process has 1 (of 1 available) client(s) in use after notification android.apex.IApexService has clients: 1
05-29 02:15:58.534     0     0 I AidlLazyServiceRegistrar: Process has 0 (of 1 available) client(s) in use after notification android.apex.IApexService has clients: 0
05-29 02:15:57.971  1628  1697 I ContactsFTS: Rebuild contact search index in 20ms, 0 contacts
05-29 02:15:57.974   929  1840 I Gralloc4: mapper 4.x is not supported
05-29 02:15:58.551     0     0 I AidlLazyServiceRegistrar: Shutdown prevented by forcePersist override flag.
05-29 02:15:57.996  1052  1052 I Telephony: isRttCurrentlySupported -- regular acct, hasVoiceAvailability: false
05-29 02:15:57.996  1052  1052 I Telephony:  isRttSupported: false
05-29 02:15:57.996  1052  1052 I Telephony:  isRoaming: false
05-29 02:15:57.996  1052  1052 I Telephony:  isOnWfc: false
05-29 02:15:58.006  1628  1699 I ContactsFTS: Rebuild contact search index in 16ms, 0 contacts
05-29 02:15:58.017  1628  1699 I ContactsProvider: Upgrading aggregation algorithm
05-29 02:15:58.021   162   162 I hwservicemanager: getTransport: Cannot find entry android.hardware.graphics.allocator@4.0::IAllocator/default in either framework or device manifest.
05-29 02:15:58.021   929  1840 W Gralloc4: allocator 3.x is not supported
05-29 02:15:58.028  1628  1697 I ContactsProvider: Upgrading aggregation algorithm
05-29 02:15:58.040  1858  1858 W viders.calenda: Unexpected CPU variant for X86 using defaults: x86_64
05-29 02:15:58.043   397   404 I adbd    : jdwp connection from 1858
--------- beginning of system
05-29 02:15:58.069   512   552 W ActivityManager: Slow operation: 56ms so far, now at startProcess: building log message
05-29 02:15:58.069   512   552 I ActivityManager: Start proc 1858:com.android.providers.calendar/u0a67 for broadcast {com.android.providers.calendar/com.android.providers.calendar.CalendarUpgradeReceiver}
05-29 02:15:58.069   512   552 W ActivityManager: Slow operation: 56ms so far, now at startProcess: starting to update pids map
05-29 02:15:58.079   512   540 I Telecom : PhoneAccountRegistrar: Modify account: [ComponentInfo{com.android.phone/com.android.services.telephony.TelephonyConnectionService}, ***, UserHandle{0}]: TSI.rPA@AE8
05-29 02:15:58.079   512   540 I Telecom : CallsManager: handlePhoneAccountChanged: phoneAccount=[[X] PhoneAccount: ComponentInfo{com.android.phone/com.android.services.telephony.TelephonyConnectionService}, ***, UserHandle{0} Capabilities: CallProvider MultiUser PlaceEmerg SimSub  Audio Routes: BESW Schemes: tel voicemail  Extras: Bundle[{android.telecom.extra.SUPPORTS_VIDEO_CALLING_FALLBACK=true}] GroupId: ***]: TSI.rPA@AE8
05-29 02:15:58.143   512   542 W Looper  : Slow dispatch took 125ms android.fg h=android.os.Handler c=<recycled PooledLambda@f82d195> m=0
05-29 02:15:58.145   512   542 W Looper  : Slow delivery took 213ms android.fg h=android.os.Handler c=<recycled PooledLambda@4ccd2aa> m=0
05-29 02:15:58.187   512   662 W DnsManager: updatePrivateDns(100, PrivateDnsConfig{true:/[]})
05-29 02:15:58.189  1428  1428 I Dialer  : VvmOmtpService - onCellServiceConnected
05-29 02:15:58.192  1428  1428 I Dialer  : VoicemailModule.provideVoicemailClient - providing VoicemailClientImpl
05-29 02:15:58.193   168   168 I vold    : Bind mounting //data/media/0/Android/data on /mnt/user/0/emulated/0/Android/data
05-29 02:15:58.194  1850  1876 I cmd     : oneway function results will be dropped but finished with status OK and parcel size 4
05-29 02:15:58.195   168   168 I vold    : Bind mounted //data/media/0/Android/data on /mnt/user/0/emulated/0/Android/data
05-29 02:15:58.195   168   168 I vold    : Bind mounting //data/media/0/Android/obb on /mnt/user/0/emulated/0/Android/obb
05-29 02:15:58.196   168   168 I vold    : Bind mounted //data/media/0/Android/obb on /mnt/user/0/emulated/0/Android/obb
05-29 02:15:58.196   168   168 I vold    : Configuring read_ahead of /mnt/user/0/emulated fuse filesystem to 256kb
05-29 02:15:58.197   512   552 W ActivityManager: Slow operation: 184ms so far, now at startProcess: done updating pids map
05-29 02:15:58.197   168   168 I vold    : Writing 256 to /sys/class/bdi/0:43/read_ahead_kb
05-29 02:15:58.197   168   168 I vold    : Configuring max_ratio of /mnt/user/0/emulated fuse filesystem to 40
05-29 02:15:58.197   168   168 I vold    : Writing 40 to /sys/class/bdi/0:43/max_ratio
05-29 02:15:58.197   512   512 W Looper  : Slow dispatch took 162ms main h=android.os.Handler c=<recycled PooledLambda@7d6f76> m=1
05-29 02:15:58.198   512   543 W system_server: Long monitor contention with owner ActivityManager:procStart (552) at void com.android.server.am.ProcessList.handleProcessStart(com.android.server.am.ProcessRecord, java.lang.String, int[], int, int, int, java.lang.String, java.lang.String, java.lang.String, long)(ProcessList.java:2062) waiters=1 in void com.android.server.am.ActivityManagerService.dispatchProcessesChanged() for 162ms
05-29 02:15:58.198   512   543 W Looper  : Slow dispatch took 162ms android.ui h=com.android.server.am.ActivityManagerService$UiHandler c=null m=31
05-29 02:15:58.199   512   616 I StorageManagerService: Mounted volume VolumeInfo{emulated;0}:
05-29 02:15:58.199   512   616 I StorageManagerService:     type=EMULATED diskId=null partGuid= mountFlags=PRIMARY|VISIBLE 
05-29 02:15:58.199   512   616 I StorageManagerService:     mountUserId=0 state=MOUNTED 
05-29 02:15:58.199   512   616 I StorageManagerService:     fsType=null fsUuid=null fsLabel=null 
05-29 02:15:58.199   512   616 I StorageManagerService:     path=/storage/emulated internalPath=/data/media 
05-29 02:15:58.199   512   616 I StorageSessionController: Notifying volume state changed for session with id: emulated;0
05-29 02:15:58.200   280  1879 W resolv  : Validating DnsTlsServer on netId 100
05-29 02:15:58.203   512   522 I system_server: Background young concurrent copying GC freed 158044(9261KB) AllocSpace objects, 78(3184KB) LOS objects, 54% free, 10011KB/21MB, paused 590us total 184.946ms
05-29 02:15:58.205  1628  1697 I ContactAggregator: Marked all visible contacts for aggregation: 0 raw contacts, 0 ms
05-29 02:15:58.205  1628  1697 I ContactsProvider: Aggregation algorithm upgraded for 0 raw contacts in 177ms
05-29 02:15:58.206  1628  1699 I ContactAggregator: Marked all visible contacts for aggregation: 0 raw contacts, 0 ms
05-29 02:15:58.206  1628  1699 I ContactsProvider: Aggregation algorithm upgraded for 0 raw contacts in 189ms
05-29 02:15:58.209   280  1879 W resolv  : Validation failed
05-29 02:15:58.213  1857  1877 I cmd     : oneway function results will be dropped but finished with status OK and parcel size 4
05-29 02:15:58.221  1858  1858 I viders.calenda: The ClassLoaderContext is a special shared library.
05-29 02:15:58.238   512   542 W Looper  : Drained
05-29 02:15:58.252  1705  1814 I MessagingAppDataModel: SyncMessagesAction: Starting batch for messages from -1 to 1780020957458 (message update limit = 80, message scan limit = 4000)
05-29 02:15:58.262   280   861 E Netd    : Error adding route ::/0 -> fe80::2 radio0 to table 1017: File exists
05-29 02:15:58.268   512   662 W BestClock: java.time.DateTimeException: Missing NTP fix
05-29 02:15:58.284   512   662 W BestClock: java.time.DateTimeException: Missing NTP fix
05-29 02:15:58.285   512   655 W BestClock: java.time.DateTimeException: Missing NTP fix
05-29 02:15:58.960     0     0 I init    : processing action (sys.sysctl.tcp_def_init_rwnd=*) from (/system/etc/init/hw/init.rc:1006)
05-29 02:15:58.314   280  1885 W resolv  : Validating DnsTlsServer on netId 100
05-29 02:15:58.316   280  1885 W resolv  : SSL_connect ssl error =5, mark 0xf0064: Connection refused
05-29 02:15:58.317   280  1885 W resolv  : Validation failed
05-29 02:15:58.337  1858  1858 I CalendarDatabaseHelper: Bootstrapping database
05-29 02:15:58.347   512   616 I StorageSessionController: Notifying volume state changed for session with id: emulated;0
05-29 02:15:58.348   512   512 W StorageManagerService: Reporting emulated;0 unmounted due to system locked
05-29 02:15:58.349   512   512 W StorageManagerService: Reporting emulated;0 unmounted due to system locked
05-29 02:15:58.349   512   540 W StorageManagerService: Reporting emulated;0 unmounted due to system locked
05-29 02:15:58.352   512  1178 W StorageManagerService: Reporting emulated;0 unmounted due to system locked
05-29 02:15:58.383   512   544 I DropBoxManagerService: add tag=system_app_strictmode isTagEnabled=true flags=0x2
05-29 02:15:58.395   512   662 W BestClock: java.time.DateTimeException: Missing NTP fix
05-29 02:15:58.407   512   512 W StorageManagerService: Reporting emulated;0 unmounted due to system locked
05-29 02:15:58.407   512   512 W StorageManagerService: Reporting emulated;0 unmounted due to system locked
05-29 02:15:58.408   512   585 W StorageManagerService: Reporting emulated;0 unmounted due to system locked
05-29 02:15:58.419  1858  1858 I CalendarProvider2: Created com.android.providers.calendar.CalendarAlarmManager@f545e70(com.android.providers.calendar.CalendarProvider2@65285e9)
05-29 02:15:58.421   512   662 W BestClock: java.time.DateTimeException: Missing NTP fix
05-29 02:15:58.422   512   655 W BestClock: java.time.DateTimeException: Missing NTP fix
05-29 02:15:58.423   512   655 W BestClock: java.time.DateTimeException: Missing NTP fix
05-29 02:15:58.430  1052  1052 W ConnectivityManager.CallbackHandler: callback not found for CALLBACK_AVAILABLE message
05-29 02:15:58.443  1052  1052 W ConnectivityManager.CallbackHandler: callback not found for CALLBACK_PRECHECK message
05-29 02:15:58.443  1052  1052 W ConnectivityManager.CallbackHandler: callback not found for CALLBACK_PRECHECK message
05-29 02:15:58.443  1052  1052 W ConnectivityManager.CallbackHandler: callback not found for CALLBACK_CAP_CHANGED message
05-29 02:15:58.448   512  1178 W StorageManagerService: Reporting emulated;0 unmounted due to system locked
05-29 02:15:58.443  1052  1052 W ConnectivityManager.CallbackHandler: callback not found for CALLBACK_CAP_CHANGED message
05-29 02:15:58.467   512   662 W BestClock: java.time.DateTimeException: Missing NTP fix
05-29 02:15:58.467   512   662 W BestClock: java.time.DateTimeException: Missing NTP fix
05-29 02:15:58.470   960  1888 W UnsafeUtil: platform method missing - proto runtime falling back to safer methods: java.lang.NoSuchMethodException: sun.misc.Unsafe.copyMemory [class java.lang.Object, long, class java.lang.Object, long, long]
05-29 02:15:58.471   512   654 W BestClock: java.time.DateTimeException: Missing NTP fix
05-29 02:15:58.481  1858  1858 I CalendarUpgradeReceiver: Creating or opening calendar database
05-29 02:15:58.482   512   585 I PreBootBroadcaster: Pre-boot of {com.android.providers.contacts/com.android.providers.contacts.ContactsUpgradeReceiver} for user 0
05-29 02:15:58.483  1428  1428 I Dialer  : VvmTaskReceiver - task received
05-29 02:15:58.484  1428  1428 I Dialer  : VvmTaskReceiver - scheduling new job
05-29 02:15:58.484  1428  1428 I Dialer  : TaskSchedulerJobService - scheduling job with 1 tasks
05-29 02:15:58.484  1428  1428 I Dialer  : TaskSchedulerJobService - running job instantly.
05-29 02:15:58.487  1428  1428 I Dialer  : TaskSchedulerJobService - job 0 scheduled
05-29 02:15:58.489  1428  1428 I Dialer  : TaskSchedulerJobService - starting 0
05-29 02:15:58.496  1428  1428 I Dialer  : VvmTaskExecutor - onStartJob
05-29 02:15:58.497  1428  1428 I Dialer  : Task.createTask - create task:com.android.voicemail.impl.ActivationTask
05-29 02:15:58.498  1428  1908 I Dialer  : VvmTaskExecutor - executing task com.android.voicemail.impl.ActivationTask@929f9cc
05-29 02:15:58.500  1428  1908 I Dialer  : PreOMigrationHandler - migrating ComponentInfo{com.android.phone/com.android.services.telephony.TelephonyConnectionService}, ***, UserHandle{0}
05-29 02:15:58.500  1428  1908 I Dialer  : PreOMigrationHandler.migrateSettings - migrating settings
05-29 02:15:58.502  1628  1628 I ContactsUpgradeReceiver: Creating or opening contacts database
05-29 02:15:58.509   512   585 I PreBootBroadcaster: Pre-boot of {com.android.providers.media.module/com.android.providers.media.MediaUpgradeReceiver} for user 0
05-29 02:15:58.524   512   655 W BestClock: java.time.DateTimeException: Missing NTP fix
05-29 02:15:58.524   512   654 W BestClock: java.time.DateTimeException: Missing NTP fix
05-29 02:15:58.525   512   662 W BestClock: java.time.DateTimeException: Missing NTP fix
05-29 02:15:58.525   512   662 W BestClock: java.time.DateTimeException: Missing NTP fix
05-29 02:15:58.530  1451  1451 I MediaUpgradeReceiver: ---> Start upgrade of media database external.db
05-29 02:15:58.546  1628  1701 I VoicemailNotifier: receivers for android.intent.action.PROVIDER_CHANGED :[]
05-29 02:15:58.548  1451  1451 I MediaUpgradeReceiver: <--- Finished upgrade of media database external.db in 18ms
05-29 02:15:58.548   512   584 I PreBootBroadcaster: Pre-boot of {com.android.settings/com.android.settings.SettingsInitialize} for user 0
05-29 02:15:58.555   512   542 I AppWidgetServiceImpl: Processing of handleUserUnlocked u0 took 1 ms
05-29 02:15:58.555   512   551 I SystemServerTimingAsync: ssm.UnlockedUser-0
05-29 02:15:58.555   512   551 I SystemServiceManager: Calling onUnlockedUser 0
05-29 02:15:58.555   512   551 I SystemServerTimingAsync: ssm.onUnlockedUser-0_com.android.server.security.FileIntegrityService
05-29 02:15:58.555   512   551 I SystemServerTimingAsync: ssm.onUnlockedUser-0_com.android.server.pm.Installer
05-29 02:15:58.555   512   551 I SystemServerTimingAsync: ssm.onUnlockedUser-0_com.android.server.os.DeviceIdentifiersPolicyService
05-29 02:15:58.555   512   551 I SystemServerTimingAsync: ssm.onUnlockedUser-0_com.android.server.uri.UriGrantsManagerService$Lifecycle
05-29 02:15:58.555   512   551 I SystemServerTimingAsync: ssm.onUnlockedUser-0_com.android.server.wm.ActivityTaskManagerService$Lifecycle
05-29 02:15:58.555   512   551 I SystemServerTimingAsync: ssm.onUnlockedUser-0_com.android.server.am.ActivityManagerService$Lifecycle
05-29 02:15:58.556   512   551 I SystemServerTimingAsync: ssm.onUnlockedUser-0_com.android.server.pm.DataLoaderManagerService
05-29 02:15:58.556   512   551 I SystemServerTimingAsync: ssm.onUnlockedUser-0_com.android.server.power.PowerManagerService
05-29 02:15:58.556   512   551 I SystemServerTimingAsync: ssm.onUnlockedUser-0_com.android.server.power.ThermalManagerService
05-29 02:15:58.556   512   551 I SystemServerTimingAsync: ssm.onUnlockedUser-0_com.android.server.recoverysystem.RecoverySystemService$Lifecycle
05-29 02:15:58.556   512   551 I SystemServerTimingAsync: ssm.onUnlockedUser-0_com.android.server.lights.LightsService
05-29 02:15:58.556   512   551 I SystemServerTimingAsync: ssm.onUnlockedUser-0_com.android.server.display.DisplayManagerService
05-29 02:15:58.556   512   551 I SystemServerTimingAsync: ssm.onUnlockedUser-0_com.android.server.pm.UserManagerService$LifeCycle
05-29 02:15:58.556   512   551 I SystemServerTimingAsync: ssm.onUnlockedUser-0_com.android.server.om.OverlayManagerService
05-29 02:15:58.556   512   551 I SystemServerTimingAsync: ssm.onUnlockedUser-0_com.android.server.SensorPrivacyService
05-29 02:15:58.556   512   551 I SystemServerTimingAsync: ssm.onUnlockedUser-0_com.android.server.SystemConfigService
05-29 02:15:58.556   512   551 I SystemServerTimingAsync: ssm.onUnlockedUser-0_com.android.server.BatteryService
05-29 02:15:58.556   512   551 I SystemServerTimingAsync: ssm.onUnlockedUser-0_com.android.server.usage.UsageStatsService
05-29 02:15:58.556   512   551 I SystemServerTimingAsync: ssm.onUnlockedUser-0_com.android.server.webkit.WebViewUpdateService
05-29 02:15:58.556   512   551 I SystemServerTimingAsync: ssm.onUnlockedUser-0_com.android.server.CachedDeviceStateService
05-29 02:15:58.556   512   551 I SystemServerTimingAsync: ssm.onUnlockedUser-0_com.android.server.BinderCallsStatsService$LifeCycle
05-29 02:15:58.556   512   551 I SystemServerTimingAsync: ssm.onUnlockedUser-0_com.android.server.LooperStatsService$Lifecycle
05-29 02:15:58.556   512   551 I SystemServerTimingAsync: ssm.onUnlockedUser-0_com.android.server.rollback.RollbackManagerService
05-29 02:15:58.556   512   551 I SystemServerTimingAsync: ssm.onUnlockedUser-0_com.android.server.os.BugreportManagerService
05-29 02:15:58.556   512   551 I SystemServerTimingAsync: ssm.onUnlockedUser-0_com.android.server.gpu.GpuService
05-29 02:15:58.556   512   551 I SystemServerTimingAsync: ssm.onUnlockedUser-0_com.android.server.security.KeyChainSystemService
05-29 02:15:58.556   512   551 I SystemServerTimingAsync: ssm.onUnlockedUser-0_com.android.server.telecom.TelecomLoaderService
05-29 02:15:58.556   512   551 I SystemServerTimingAsync: ssm.onUnlockedUser-0_com.android.server.accounts.AccountManagerService$Lifecycle
05-29 02:15:58.556   512   551 I SystemServerTimingAsync: ssm.onUnlockedUser-0_com.android.server.content.ContentService$Lifecycle
05-29 02:15:58.556   512   551 I SystemServerTimingAsync: ssm.onUnlockedUser-0_com.android.server.DropBoxManagerService
05-29 02:15:58.556   512   551 I SystemServerTimingAsync: ssm.onUnlockedUser-0_com.android.server.AlarmManagerService
05-29 02:15:58.556   512   551 I SystemServerTimingAsync: ssm.onUnlockedUser-0_com.android.server.BluetoothService
05-29 02:15:58.556   512   551 I SystemServerTimingAsync: ssm.onUnlockedUser-0_com.android.server.connectivity.IpConnectivityMetrics
05-29 02:15:58.556   512   551 I SystemServerTimingAsync: ssm.onUnlockedUser-0_com.android.server.net.watchlist.NetworkWatchlistService$Lifecycle
05-29 02:15:58.556   512   551 I SystemServerTimingAsync: ssm.onUnlockedUser-0_com.android.server.PinnerService
05-29 02:15:58.556   512   551 I SystemServerTimingAsync: ssm.onUnlockedUser-0_com.google.android.startop.iorap.IorapForwardingService
05-29 02:15:58.556   512   551 I SystemServerTimingAsync: ssm.onUnlockedUser-0_com.android.server.integrity.AppIntegrityManagerService
05-29 02:15:58.556   512   551 I SystemServerTimingAsync: ssm.onUnlockedUser-0_com.android.server.inputmethod.InputMethodManagerService$Lifecycle
05-29 02:15:58.556   512   551 I SystemServerTimingAsync: ssm.onUnlockedUser-0_com.android.server.accessibility.AccessibilityManagerService$Lifecycle
05-29 02:15:58.556   512   551 I SystemServerTimingAsync: ssm.onUnlockedUser-0_com.android.server.StorageManagerService$Lifecycle
05-29 02:15:58.556   512   551 I SystemServerTimingAsync: ssm.onUnlockedUser-0_com.android.server.usage.StorageStatsService$Lifecycle
05-29 02:15:58.556   512   551 I SystemServerTimingAsync: ssm.onUnlockedUser-0_com.android.server.UiModeManagerService
05-29 02:15:58.556   512   551 I SystemServerTimingAsync: ssm.onUnlockedUser-0_com.android.server.locksettings.LockSettingsService$Lifecycle
05-29 02:15:58.556   512   551 I SystemServerTimingAsync: ssm.onUnlockedUser-0_com.android.server.testharness.TestHarnessModeService
05-29 02:15:58.556   512   551 I SystemServerTimingAsync: ssm.onUnlockedUser-0_com.android.server.DeviceIdleController
05-29 02:15:58.556   512   551 I SystemServerTimingAsync: ssm.onUnlockedUser-0_com.android.server.devicepolicy.DevicePolicyManagerService$Lifecycle
05-29 02:15:58.556   512   551 I SystemServerTimingAsync: ssm.onUnlockedUser-0_com.android.server.textservices.TextServicesManagerService$Lifecycle
05-29 02:15:58.556   512   551 I SystemServerTimingAsync: ssm.onUnlockedUser-0_com.android.server.textclassifier.TextClassificationManagerService$Lifecycle
05-29 02:15:58.556   512   551 I SystemServerTimingAsync: ssm.onUnlockedUser-0_com.android.server.NetworkScoreService$Lifecycle
05-29 02:15:58.556   512   551 I SystemServerTimingAsync: ssm.onUnlockedUser-0_com.android.server.wifi.WifiService
05-29 02:15:58.556   512   551 I SystemServerTimingAsync: ssm.onUnlockedUser-0_com.android.server.wifi.scanner.WifiScanningService
05-29 02:15:58.556   512   551 I SystemServerTimingAsync: ssm.onUnlockedUser-0_com.android.server.wifi.p2p.WifiP2pService
05-29 02:15:58.556   512   551 I SystemServerTimingAsync: ssm.onUnlockedUser-0_com.android.server.notification.NotificationManagerService
05-29 02:15:58.556   512   551 I SystemServerTimingAsync: ssm.onUnlockedUser-0_com.android.server.storage.DeviceStorageMonitorService
05-29 02:15:58.556   512   551 I SystemServerTimingAsync: ssm.onUnlockedUser-0_com.android.server.location.LocationManagerService$Lifecycle
05-29 02:15:58.556   512   551 I SystemServerTimingAsync: ssm.onUnlockedUser-0_com.android.server.timedetector.TimeDetectorService$Lifecycle
05-29 02:15:58.556   512   551 I SystemServerTimingAsync: ssm.onUnlockedUser-0_com.android.server.timezonedetector.TimeZoneDetectorService$Lifecycle
05-29 02:15:58.556   512   551 I SystemServerTimingAsync: ssm.onUnlockedUser-0_com.android.server.search.SearchManagerService$Lifecycle
05-29 02:15:58.556   512   551 I SystemServerTimingAsync: ssm.onUnlockedUser-0_com.android.server.wallpaper.WallpaperManagerService$Lifecycle
05-29 02:15:58.556   512   551 I SystemServerTimingAsync: ssm.onUnlockedUser-0_com.android.server.audio.AudioService$Lifecycle
05-29 02:15:58.557   512   551 I SystemServerTimingAsync: ssm.onUnlockedUser-0_com.android.server.soundtrigger_middleware.SoundTriggerMiddlewareService$Lifecycle
05-29 02:15:58.557   512   551 I SystemServerTimingAsync: ssm.onUnlockedUser-0_com.android.server.DockObserver
05-29 02:15:58.557   512   551 I SystemServerTimingAsync: ssm.onUnlockedUser-0_com.android.server.midi.MidiService$Lifecycle
05-29 02:15:58.557   512   551 I SystemServerTimingAsync: ssm.onUnlockedUser-0_com.android.server.adb.AdbService$Lifecycle
05-29 02:15:58.557   512   551 I SystemServerTimingAsync: ssm.onUnlockedUser-0_com.android.server.usb.UsbService$Lifecycle
05-29 02:15:58.557   512   551 I SystemServerTimingAsync: ssm.onUnlockedUser-0_com.android.server.twilight.TwilightService
05-29 02:15:58.557   512   551 I SystemServerTimingAsync: ssm.onUnlockedUser-0_com.android.server.display.color.ColorDisplayService
05-29 02:15:58.557   512   551 I SystemServerTimingAsync: ssm.onUnlockedUser-0_com.android.server.job.JobSchedulerService
05-29 02:15:58.557   512   551 I SystemServerTimingAsync: ssm.onUnlockedUser-0_com.android.server.soundtrigger.SoundTriggerService
05-29 02:15:58.557   512   551 I SystemServerTimingAsync: ssm.onUnlockedUser-0_com.android.server.trust.TrustManagerService
05-29 02:15:58.557   512   551 I SystemServerTimingAsync: ssm.onUnlockedUser-0_com.android.server.backup.BackupManagerService$Lifecycle
05-29 02:15:58.557   512   551 I SystemServerTimingAsync: ssm.onUnlockedUser-0_com.android.server.appwidget.AppWidgetService
05-29 02:15:58.557   512   551 I SystemServerTimingAsync: ssm.onUnlockedUser-0_com.android.server.role.RoleManagerService
05-29 02:15:58.557   512   551 I SystemServerTimingAsync: ssm.onUnlockedUser-0_com.android.server.voiceinteraction.VoiceInteractionManagerService
05-29 02:15:58.557   512   551 I SystemServerTimingAsync: ssm.onUnlockedUser-0_com.android.server.GestureLauncherService
05-29 02:15:58.557   512   551 I SystemServerTimingAsync: ssm.onUnlockedUser-0_com.android.server.SensorNotificationService
05-29 02:15:58.557   512   551 I SystemServerTimingAsync: ssm.onUnlockedUser-0_com.android.server.emergency.EmergencyAffordanceService
05-29 02:15:58.557   512   551 I SystemServerTimingAsync: ssm.onUnlockedUser-0_com.android.server.dreams.DreamManagerService
05-29 02:15:58.557   512   551 I SystemServerTimingAsync: ssm.onUnlockedUser-0_com.android.server.blob.BlobStoreManagerService
05-29 02:15:58.557   512   551 I SystemServerTimingAsync: ssm.onUnlockedUser-0_com.android.server.print.PrintManagerService
05-29 02:15:58.557   512   551 I SystemServerTimingAsync: ssm.onUnlockedUser-0_com.android.server.companion.CompanionDeviceManagerService
05-29 02:15:58.557   512   551 I SystemServerTimingAsync: ssm.onUnlockedUser-0_com.android.server.restrictions.RestrictionsManagerService
05-29 02:15:58.557   512   551 I SystemServerTimingAsync: ssm.onUnlockedUser-0_com.android.server.media.MediaSessionService
05-29 02:15:58.557   512   551 I SystemServerTimingAsync: ssm.onUnlockedUser-0_com.android.server.media.MediaResourceMonitorService
05-29 02:15:58.557   512   551 I SystemServerTimingAsync: ssm.onUnlockedUser-0_com.android.server.biometrics.fingerprint.FingerprintService
05-29 02:15:58.557   512   551 I SystemServerTimingAsync: ssm.onUnlockedUser-0_com.android.server.biometrics.BiometricService
05-29 02:15:58.557   512   551 I SystemServerTimingAsync: ssm.onUnlockedUser-0_com.android.server.biometrics.AuthService
05-29 02:15:58.557   512   551 I SystemServerTimingAsync: ssm.onUnlockedUser-0_com.android.server.pm.ShortcutService$Lifecycle
05-29 02:15:58.557   512   551 I SystemServerTimingAsync: ssm.onUnlockedUser-0_com.android.server.pm.LauncherAppsService
05-29 02:15:58.557   512   551 I SystemServerTimingAsync: ssm.onUnlockedUser-0_com.android.server.pm.CrossProfileAppsService
05-29 02:15:58.557   512   551 I SystemServerTimingAsync: ssm.onUnlockedUser-0_com.android.server.people.PeopleService
05-29 02:15:58.557   512   551 I SystemServerTimingAsync: ssm.onUnlockedUser-0_com.android.server.media.projection.MediaProjectionManagerService
05-29 02:15:58.557   512   551 I SystemServerTimingAsync: ssm.onUnlockedUser-0_com.android.server.slice.SliceManagerService$Lifecycle
05-29 02:15:58.557   512   551 I SystemServerTimingAsync: ssm.onUnlockedUser-0_com.android.server.camera.CameraServiceProxy
05-29 02:15:58.557   512   551 I SystemServerTimingAsync: ssm.onUnlockedUser-0_com.android.server.stats.StatsCompanion$Lifecycle
05-29 02:15:58.557   512   551 I SystemServerTimingAsync: ssm.onUnlockedUser-0_com.android.server.stats.pull.StatsPullAtomService
05-29 02:15:58.557   512   551 I SystemServerTimingAsync: ssm.onUnlockedUser-0_com.android.server.incident.IncidentCompanionService
05-29 02:15:58.557   512   551 I SystemServerTimingAsync: ssm.onUnlockedUser-0_com.android.server.MmsServiceBroker
05-29 02:15:58.557   512   551 I SystemServerTimingAsync: ssm.onUnlockedUser-0_com.android.server.autofill.AutofillManagerService
05-29 02:15:58.557   512   551 I SystemServerTimingAsync: ssm.onUnlockedUser-0_com.android.server.clipboard.ClipboardService
05-29 02:15:58.557   512   551 I SystemServerTimingAsync: ssm.onUnlockedUser-0_com.android.server.appbinding.AppBindingService$Lifecycle
05-29 02:15:58.557   512   551 I SystemServerTimingAsync: ssm.onUnlockedUser-0_com.android.server.policy.PermissionPolicyService
05-29 02:15:58.557   512   551 I SystemServerTimingAsync: ssm.onUnlockedUser-0_com.android.server.pm.StagingManager$Lifecycle
05-29 02:15:58.557   512   551 W ActivityManager: UserLifecycleEvent 6 received without an active userJourneySession.
05-29 02:15:58.558   512   584 I ActivityManager: Posting BOOT_COMPLETED user #0
05-29 02:15:58.562  1628  1701 I VoicemailNotifier: receivers for android.intent.action.PROVIDER_CHANGED :[]
05-29 02:15:58.571  1428  1908 I Dialer  : VvmActivationTask - VVM content provider configured - vvm_type_cvvm
05-29 02:15:58.572  1428  1908 I Dialer  : OmtpVvmCarrierCfgHlpr - OmtpEvent:CONFIG_ACTIVATING
05-29 02:15:58.581   929  1840 E FrameEvents: updateAcquireFence: Did not find frame.
05-29 02:15:58.599   929  1840 E FrameEvents: updateAcquireFence: Did not find frame.
05-29 02:15:58.614   512   542 I GnssNetworkConnectivityHandler: updateNetworkState, state=CLOSED, connected=true, network=100, capabilities=[ Transports: CELLULAR Capabilities: MMS&SUPL&DUN&FOTA&IMS&CBS&INTERNET&NOT_RESTRICTED&TRUSTED&NOT_VPN&VALIDATED&NOT_ROAMING&FOREGROUND&NOT_CONGESTED&NOT_SUSPENDED LinkUpBandwidth>=15000Kbps LinkDnBandwidth>=30000Kbps Specifier: <TelephonyNetworkSpecifier [mSubId = 1]> AdministratorUids: [] RequestorUid: -1 RequestorPackageName: null], apn: epc.tmobile.com, availableNetworkCount: 1
05-29 02:15:58.615   280  1922 W resolv  : Validating DnsTlsServer on netId 100
05-29 02:15:58.615   280  1922 W resolv  : SSL_connect ssl error =5, mark 0xf0064: Connection refused
05-29 02:15:58.616   280  1922 W resolv  : Validation failed
05-29 02:15:58.634  1628  1701 I VoicemailNotifier: receivers for android.intent.action.PROVIDER_CHANGED :[]
05-29 02:15:58.662  1920  1924 I cmd     : oneway function results will be dropped but finished with status OK and parcel size 4
05-29 02:15:58.713   929   929 W System  : ClassLoader referenced unknown path: 
05-29 02:15:58.715   512   512 W Looper  : Slow dispatch took 102ms main h=com.android.server.job.JobSchedulerService$JobHandler c=null m=1
05-29 02:15:58.724   512   550 W VoiceInteractionManager: no available voice interaction services found for user 0
05-29 02:15:58.737   512   540 W InputReader: Device virtio_input_multi_touch_10 is associated with display ADISPLAY_ID_NONE.
05-29 02:15:58.737   512   540 W InputReader: Device virtio_input_multi_touch_7 is associated with display ADISPLAY_ID_NONE.
05-29 02:15:58.737   512   540 W InputReader: Device virtio_input_multi_touch_4 is associated with display ADISPLAY_ID_NONE.
05-29 02:15:58.737   512   540 W InputReader: Device virtio_input_multi_touch_5 is associated with display ADISPLAY_ID_NONE.
05-29 02:15:58.737   512   540 W InputReader: Device virtio_input_multi_touch_2 is associated with display ADISPLAY_ID_NONE.
05-29 02:15:58.737   512   540 W InputReader: Device virtio_input_multi_touch_6 is associated with display ADISPLAY_ID_NONE.
05-29 02:15:58.737   512   540 W InputReader: Device virtio_input_multi_touch_3 is associated with display ADISPLAY_ID_NONE.
05-29 02:15:58.737   512   540 W InputReader: Device virtio_input_multi_touch_8 is associated with display ADISPLAY_ID_NONE.
05-29 02:15:58.737   512   540 W InputReader: Device virtio_input_multi_touch_9 is associated with display ADISPLAY_ID_NONE.
05-29 02:15:58.737   512   540 W InputReader: Device virtio_input_multi_touch_11 is associated with display ADISPLAY_ID_NONE.
05-29 02:15:58.741  1428  1428 I Dialer  : DialerExecutorModule.newThread - creating low priority thread
05-29 02:15:58.759   512  1931 I RecoverySystem: No recovery log file
05-29 02:15:58.759   512  1931 I BootReceiver: No existing last log timestamp file /data/system/log-files.xml; starting empty
05-29 02:15:58.759   512  1931 I DropBoxManagerService: add tag=SYSTEM_BOOT isTagEnabled=true flags=0x2
05-29 02:15:58.765   512   658 W system_server: Core platform API violation: Lsun/misc/Unsafe;->allocateInstance(Ljava/lang/Class;)Ljava/lang/Object; from /apex/com.android.wifi/javalib/service-wifi.jar using linking
05-29 02:15:58.769   512  1931 I BootReceiver: Copying audit failures to DropBox
05-29 02:15:58.770  1428  1934 I Dialer  : VisualVoicemailUpdateTask.updateNotification - enter
05-29 02:15:58.773   512  1931 I BootReceiver: Checking for fsck errors
05-29 02:15:58.774   512  1931 I BootReceiver: fs_stat, partition:vdc stat:0x13
05-29 02:15:58.795   929   929 W UnsafeUtil: platform method missing - proto runtime falling back to safer methods: java.lang.NoSuchMethodException: sun.misc.Unsafe.copyMemory [class java.lang.Object, long, class java.lang.Object, long, long]
05-29 02:15:58.801   354  1152 W ServiceManager: Permission failure: android.permission.ACCESS_SURFACE_FLINGER from uid=10116 pid=929
05-29 02:15:58.832   929   956 W DefaultLayoutParser: No preference or single system activity found for Intent { act=android.intent.action.MAIN cat=[android.intent.category.APP_BROWSER] }
05-29 02:15:58.848   512   658 W UnsafeUtil: platform method missing - proto runtime falling back to safer methods: java.lang.NoSuchMethodException: sun.misc.Unsafe.copyMemory [class java.lang.Object, long, class java.lang.Object, long, long]
05-29 02:15:58.851   512   658 W LastMileLogger: Failed to open free_buffer pseudo-file: /sys/kernel/debug/tracing/instances/wifi/free_buffer: open failed: ENOENT (No such file or directory)
05-29 02:15:58.862   512   658 W LastMileLogger: Failed to arm fail-safe.
05-29 02:15:58.863   512   658 I WifiClientModeImpl: Connecting with 02:15:b2:00:00:00 as the mac address
05-29 02:15:58.865   450   450 W wificond: Scan is not started. Ignore abort request
05-29 02:15:58.868   512   658 I SupplicantStaIfaceHal: addSupplicantStaNetwork via HIDL
05-29 02:15:58.884   929   956 W DefaultLayoutParser: No preference or single system activity found for Intent { act=android.intent.action.MAIN cat=[android.intent.category.APP_EMAIL] }
05-29 02:15:58.884   929   956 W DefaultLayoutParser: No preference or single system activity found for Intent { act=android.intent.action.VIEW dat=mailto: }
05-29 02:15:58.889   929   956 W DefaultLayoutParser: No preference or single system activity found for Intent { act=android.intent.action.MAIN cat=[android.intent.category.APP_MARKET] }
05-29 02:15:58.890   929   956 W DefaultLayoutParser: No preference or single system activity found for Intent { act=android.intent.action.VIEW dat=market://details?id=com.android.launcher }
05-29 02:15:58.892  1938  1938 I migrate_legacy_obb_data: No legacy obb data to migrate.
05-29 02:15:58.897   512   616 I StorageSessionController: Notifying volume state changed for session with id: emulated;0
05-29 02:15:58.918   704   704 I wpa_supplicant: wlan0: SME: Trying to authenticate with 02:15:b2:00:01:00 (SSID='AndroidWifi' freq=2447 MHz)
05-29 02:15:59.496     0     0 I wlan0   : authenticate with 02:15:b2:00:01:00
05-29 02:15:59.516     0     0 I wlan0   : send auth to 02:15:b2:00:01:00 (try 1/3)
05-29 02:15:58.945   494   494 I hostapd : wlan1: STA 02:15:b2:00:00:00 IEEE 802.11: authenticated
05-29 02:15:59.521     0     0 I wlan0   : authenticated
05-29 02:15:58.945   494   494 I hostapd : wlan1: STA 02:15:b2:00:00:00 IEEE 802.11: authenticated
05-29 02:15:58.952   704   704 I wpa_supplicant: wlan0: Trying to associate with 02:15:b2:00:01:00 (SSID='AndroidWifi' freq=2447 MHz)
05-29 02:15:58.957  1428  1934 I Dialer  : VisualVoicemailUpdateTask.updateNotification - no voicemails to notify about
05-29 02:15:58.957  1428  1934 I Dialer  : VisualVoicemailNotifier.cancelAllVoicemailNotifications - enter
05-29 02:15:58.958  1428  1934 I Dialer  : VoicemailNotificationJobService.scheduleJob - job canceled
05-29 02:15:58.958  1428  1428 I Dialer  : VisualVoicemailUpdateTask.scheduleTask - update successful
05-29 02:15:59.532     0     0 I wlan0   : associate with 02:15:b2:00:01:00 (try 1/3)
05-29 02:15:58.959   494   494 I hostapd : wlan1: STA 02:15:b2:00:00:00 IEEE 802.11: associated (aid 1)
05-29 02:15:58.959   494   494 I hostapd : wlan1: STA 02:15:b2:00:00:00 IEEE 802.11: associated (aid 1)
05-29 02:15:58.959   494   494 I hostapd : wlan1: AP-STA-CONNECTED 02:15:b2:00:00:00
05-29 02:15:58.962   512   512 I Telecom : DefaultDialerCache: Refreshing default dialer for user 0: now com.android.dialer: DDC.oR@AFw
05-29 02:15:58.962   512   512 I Telecom : MissedCallNotifierImpl: reloadAfterBootComplete: user=0: TSBCR.oR@AF0
05-29 02:15:58.964   512   544 I DropBoxManagerService: add tag=system_server_strictmode isTagEnabled=true flags=0x2
05-29 02:15:59.538     0     0 I wlan0   : RX AssocResp from 02:15:b2:00:01:00 (capab=0x401 status=0 aid=1)
05-29 02:15:59.543     0     0 I wlan0   : associated
05-29 02:15:58.969   512   512 I Telecom : MissedCallNotifierImpl: reloadAfterBootComplete: user=0: TSBCR.oR@AF0
05-29 02:15:58.971   704   704 I wpa_supplicant: wlan0: Associated with 02:15:b2:00:01:00
05-29 02:15:58.971   704   704 I wpa_supplicant: wlan0: CTRL-EVENT-CONNECTED - Connection to 02:15:b2:00:01:00 completed [id=0 id_str=%7B%22configKey%22%3A%22%5C%22AndroidWifi%5C%22NONE%22%2C%22creatorUid%22%3A%221000%22%7D]
05-29 02:15:58.974   704   704 I wpa_supplicant: wlan0: CTRL-EVENT-SUBNET-STATUS-UPDATE status=0
05-29 02:15:59.004   512   540 I WifiService: updateInterfaceIpState uid=1073
05-29 02:15:59.012  1705  1705 I MessagingApp: Carrier config changed. Reloading MMS config.
05-29 02:15:59.029   512   512 I Telecom : PhoneAccountRegistrar: getSimCallManager: SimCallManager for subId 1 queried, returning: null: TSI.gSCMFU@AGA
05-29 02:15:59.035   512   542 E GnssLocationProvider: IGnssConfiguration setEsExtensionSec() failed.
05-29 02:15:59.035   512   542 E GnssConfiguration: Unable to set ES_EXTENSION_SEC: 0
05-29 02:15:59.046   512   552 I ActivityManager: Start proc 1941:com.android.calendar/u0a108 for broadcast {com.android.calendar/com.android.calendar.UpgradeReceiver}
05-29 02:15:59.046   512   552 W ActivityManager: Slow operation: 51ms so far, now at startProcess: done updating pids map
05-29 02:15:59.053  1941  1941 W ndroid.calenda: Unexpected CPU variant for X86 using defaults: x86_64
05-29 02:15:59.061  1705  1812 W MessagingApp: canonicalizeMccMnc: invalid mccmnc:null ,null
05-29 02:15:59.067   397   404 I adbd    : jdwp connection from 1941
05-29 02:15:59.080  1052  1052 I Telephony: Carrier-config changed, checking for phone account updates.
05-29 02:15:59.092   512   556 E libprocessgroup: AddTidToCgroup failed to write '1961'; fd=63: Invalid argument
05-29 02:15:59.092   512   556 E libprocessgroup: Failed to add task into cgroup
05-29 02:15:59.092   512   556 W libprocessgroup: ExecuteForTask failed for aggregate profile: Invalid argument
05-29 02:15:59.111  1705  1812 I MessagingApp: Carrier configs loaded: Bundle[{httpSocketTimeout=60000, aliasMinChars=2, smsToMmsTextThreshold=-1, enableSMSDeliveryReports=true, maxMessageTextSize=-1, supportMmsContentDisposition=true, enabledTransID=false, aliasEnabled=false, supportHttpCharsetHeader=false, allowAttachAudio=true, smsToMmsTextLengthThreshold=-1, recipientLimit=2147483647, uaProfTagName=x-wap-profile, aliasMaxChars=48, maxImageHeight=1944, enableMMSDeliveryReports=false, userAgent=, mmsCloseConnection=true, config_cellBroadcastAppLinks=true, maxSubjectLength=40, httpParams=, enableGroupMms=true, emailGatewayNumber=, maxMessageSize=1048576, naiSuffix=, enableMMSReadReports=false, maxImageWidth=2592, uaProfUrl=, enabledMMS=false, enabledNotifyWapMMSC=false, sendMultipartSmsAsSeparateMessages=false, enableMultipartSMS=true}] from resources+system for subId=1
05-29 02:15:59.121  1052  1052 I Telephony: isRttCurrentlySupported -- regular acct, hasVoiceAvailability: false
05-29 02:15:59.121  1052  1052 I Telephony:  isRttSupported: false
05-29 02:15:59.121  1052  1052 I Telephony:  isRoaming: false
05-29 02:15:59.121  1052  1052 I Telephony:  isOnWfc: false
05-29 02:15:59.130   280   861 E Netd    : no such netId 101
05-29 02:15:59.130   512   662 E ConnectivityService: Exception adding interface: java.lang.IllegalStateException: android.os.ServiceSpecificException: Machine is not on the network (code 64)
05-29 02:15:59.131   280   861 E Netd    : no such netId 101
05-29 02:15:59.135  1941  1941 I ndroid.calenda: The ClassLoaderContext is a special shared library.
05-29 02:15:59.140   494   494 I hostapd : wlan1: STA-OPMODE-SMPS-MODE-CHANGED 02:15:b2:00:00:00 off
05-29 02:15:59.168  1052  1052 I Telephony: reRegisterPstnPhoneAccount: subId: 1 - no change
05-29 02:15:59.181   494   494 I hostapd : wlan1: STA-OPMODE-SMPS-MODE-CHANGED 02:15:b2:00:00:00 dynamic
05-29 02:15:59.258  1052  1052 I VvmSimStateTracker: android.telephony.action.CARRIER_CONFIG_CHANGED
05-29 02:15:59.259   512   658 W WifiScoreReport: Cannot start external scoring netId=101 currentNetId=101 sessionId=1017
05-29 02:15:59.270   202   205 E android.system.suspend@1.0-service: Error opening kernel wakelock stats for: wakeup32: Permission denied
05-29 02:15:59.274   202   205 E android.system.suspend@1.0-service: Error opening kernel wakelock stats for: wakeup33: Permission denied
05-29 02:15:59.297   512   550 I ActivityTaskManager: Displayed com.android.launcher3/.uioverrides.QuickstepLauncher: +1s64ms
05-29 02:15:59.308  1052  1052 I VvmSimStateTracker: Service connected on ComponentInfo{com.android.phone/com.android.services.telephony.TelephonyConnectionService}, ***, UserHandle{0}
05-29 02:15:59.318   280   861 E Netd    : no such netId 101
05-29 02:15:59.327   512   662 E ConnectivityService: Exception in networkAddRouteParcel for non-gateway: android.os.ServiceSpecificException: Machine is not on the network (code 64)
05-29 02:15:59.328   512   662 E ConnectivityService: Exception in networkAddRouteParcel for gateway: android.os.ServiceSpecificException: Machine is not on the network (code 64)
05-29 02:15:59.328   280   861 E Netd    : no such netId 101
05-29 02:15:59.348  1705  1812 I MessagingAppDataModel: SyncMessagesAction: All messages now in sync
05-29 02:15:59.359   512   552 I ActivityManager: Start proc 1971:com.android.camera2/u0a111 for broadcast {com.android.camera2/com.android.camera.SetActivitiesCameraReceiver}
05-29 02:15:59.365  1052  1052 I RemoteVvmTaskManager: Binding to ComponentInfo{com.android.dialer/com.android.voicemail.impl.OmtpService}
05-29 02:15:59.369  1428  1428 I Dialer  : VvmOmtpService - onCellServiceConnected
05-29 02:15:59.396   512   662 W DnsManager: updatePrivateDns(101, PrivateDnsConfig{true:/[]})
05-29 02:15:59.404  1971  1971 W android.camera: Unexpected CPU variant for X86 using defaults: x86_64
05-29 02:15:59.405   280  1978 W resolv  : Validating DnsTlsServer on netId 101
05-29 02:15:59.407   280  1978 W resolv  : Validation failed
05-29 02:15:59.412   397   404 I adbd    : jdwp connection from 1971
05-29 02:15:59.433  1971  1971 I android.camera: The ClassLoaderContext is a special shared library.
05-29 02:15:59.443  1971  1971 I android.camera: The ClassLoaderContext is a special shared library.
05-29 02:15:59.264   202   202 W Binder:202_2: type=1400 audit(0.0:20): avc: denied { read } for name="wakeup32" dev="sysfs" ino=18812 scontext=u:r:system_suspend:s0 tcontext=u:object_r:sysfs:s0 tclass=dir permissive=0
05-29 02:15:59.471  1971  1971 W CAM_Log : Tag SetActivitiesCameraReceiver is 8 chars longer than limit.
05-29 02:15:59.472   433  1373 W ServiceManager: Permission failure: android.permission.SYSTEM_CAMERA from uid=10111 pid=1971
05-29 02:15:59.472  1971  1971 I CAM_SetActivitiesCamera: number of camera: 1
05-29 02:15:59.472  1971  1971 I CAM_SetActivitiesCamera: component state is 1
05-29 02:15:59.497   512   552 I ActivityManager: Start proc 1996:com.android.contacts/u0a98 for broadcast {com.android.contacts/com.android.contacts.interactions.OnBootOrUpgradeReceiver}
05-29 02:15:59.498   280  1995 W resolv  : Validating DnsTlsServer on netId 101
05-29 02:15:59.503  1996  1996 W ndroid.contact: Unexpected CPU variant for X86 using defaults: x86_64
05-29 02:15:59.515   397   404 I adbd    : jdwp connection from 1996
05-29 02:15:59.519   512   658 E WifiVendorHal: stopRssiMonitoring(l.2100) failed {.code = ERROR_NOT_AVAILABLE, .description = }
05-29 02:15:59.527   280  1995 W resolv  : SSL_connect ssl error =5, mark 0xf0065: Connection refused
05-29 02:15:59.527   280  1995 W resolv  : Validation failed
05-29 02:15:59.268   202   202 W Binder:202_2: type=1400 audit(0.0:21): avc: denied { read } for name="wakeup33" dev="sysfs" ino=18875 scontext=u:r:system_suspend:s0 tcontext=u:object_r:sysfs:s0 tclass=dir permissive=0
05-29 02:15:59.561   512   552 W ActivityManager: Slow operation: 57ms so far, now at startProcess: returned from zygote!
05-29 02:15:59.561   512   552 W ActivityManager: Slow operation: 57ms so far, now at startProcess: done updating battery stats
05-29 02:15:59.562   512   552 W ActivityManager: Slow operation: 57ms so far, now at startProcess: building log message
05-29 02:15:59.562   512   552 I ActivityManager: Start proc 2016:com.android.localtransport/1000 for service {com.android.localtransport/com.android.localtransport.LocalTransportService}
05-29 02:15:59.562   512   552 W ActivityManager: Slow operation: 57ms so far, now at startProcess: starting to update pids map
05-29 02:15:59.563   512   552 W ActivityManager: Slow operation: 58ms so far, now at startProcess: done updating pids map
05-29 02:15:59.573  2016  2016 W .localtranspor: Unexpected CPU variant for X86 using defaults: x86_64
05-29 02:15:59.582   397   404 I adbd    : jdwp connection from 2016
05-29 02:15:59.641  2016  2016 I .localtranspor: The ClassLoaderContext is a special shared library.
05-29 02:15:59.649  1996  1996 I ndroid.contact: The ClassLoaderContext is a special shared library.
05-29 02:16:00.210     0     0 I init    : Sending signal 9 to service 'idmap2d' (pid 436) process group...
05-29 02:15:59.653   512  1582 W OverlayManager: service 'idmap' died
05-29 02:15:59.679   512   512 I TransportClient: LocalTransportService#0: Notifying [TransportManager.registerTransport()] transport = IBackupTransport
05-29 02:16:00.232     0     0 I libprocessgroup: Successfully killed process cgroup uid 1000 pid 436 in 5ms
05-29 02:16:00.265     0     0 I init    : Control message: Processed ctl.stop for 'idmap2d' from pid: 512 (system_server)
05-29 02:16:00.273     0     0 I init    : Service 'idmap2d' (pid 436) received signal 9
05-29 02:15:59.725  1238  1238 I AlarmClock: AlarmInitReceiver android.intent.action.BOOT_COMPLETED
05-29 02:15:59.732  1238  1261 I AlarmClock: Fixing alarm instances
05-29 02:15:59.738  1428  1428 I Dialer  : VvmOmtpService - onBoot
05-29 02:15:59.740   512  1582 I ActivityManager: Killing 1079:com.android.settings:CryptKeeper/1000 (adj 985): empty #17
05-29 02:15:59.757   281   281 I Zygote  : Process 1079 exited due to signal 9 (Killed)
05-29 02:15:59.759   512  1582 I ActivityManager: Killing 1407:com.android.carrierconfig/u0a115 (adj 975): empty #17
05-29 02:15:59.778   281   281 I Zygote  : Process 1407 exited due to signal 9 (Killed)
05-29 02:15:59.783   512   552 I ActivityManager: Start proc 2045:com.android.dynsystem/1000 for broadcast {com.android.dynsystem/com.android.dynsystem.BootCompletedReceiver}
05-29 02:15:59.788  2045  2045 W droid.dynsyste: Unexpected CPU variant for X86 using defaults: x86_64
05-29 02:15:59.790   512   553 I libprocessgroup: Successfully killed process cgroup uid 1000 pid 1079 in 43ms
05-29 02:15:59.791   512   553 I libprocessgroup: Successfully killed process cgroup uid 10115 pid 1407 in 0ms
05-29 02:15:59.796   397   404 I adbd    : jdwp connection from 2045
05-29 02:15:59.806   929  1840 I OpenGLRenderer: Davey! duration=816ms; Flags=0, IntendedVsync=34180241802, Vsync=34180241802, OldestInputEvent=9223372036854775807, NewestInputEvent=0, HandleInputStart=34180921478, AnimationStart=34180922657, PerformTraversalsStart=34181179684, DrawStart=34181249769, SyncQueued=34181273015, SyncStart=34185467222, IssueDrawCommandsStart=34185607783, SwapBuffers=34999052529, FrameCompleted=35000833693, DequeueBufferDuration=49358, QueueBufferDuration=350188, GpuCompleted=3833462924864991287, 
05-29 02:15:59.807   929   929 I Choreographer: Skipped 47 frames!  The application may be doing too much work on its main thread.
05-29 02:15:59.835   929   929 E libprocessgroup: set_timerslack_ns write failed: Operation not permitted
05-29 02:15:59.842   512   542 W Looper  : Slow dispatch took 104ms android.fg h=android.os.Handler c=com.android.server.-$$Lambda$NetworkManagementService$YKgmK-4MuJjN-VLuMBhmJy1eWj4@3838e29 m=0
05-29 02:15:59.876   202   205 E android.system.suspend@1.0-service: Error opening kernel wakelock stats for: wakeup32: Permission denied
05-29 02:15:59.860   202   202 W Binder:202_2: type=1400 audit(0.0:22): avc: denied { read } for name="wakeup32" dev="sysfs" ino=18812 scontext=u:r:system_suspend:s0 tcontext=u:object_r:sysfs:s0 tclass=dir permissive=0
05-29 02:15:59.895   202   205 E android.system.suspend@1.0-service: Error opening kernel wakelock stats for: wakeup33: Permission denied
05-29 02:15:59.888   202   202 W Binder:202_2: type=1400 audit(0.0:23): avc: denied { read } for name="wakeup33" dev="sysfs" ino=18875 scontext=u:r:system_suspend:s0 tcontext=u:object_r:sysfs:s0 tclass=dir permissive=0
05-29 02:15:59.906  2066  2067 I cmd     : oneway function results will be dropped but finished with status OK and parcel size 4
05-29 02:15:59.916  2045  2045 I droid.dynsyste: The ClassLoaderContext is a special shared library.
05-29 02:15:59.930   512   542 I GnssNetworkConnectivityHandler: updateNetworkState, state=CLOSED, connected=true, network=101, capabilities=[ Transports: WIFI Capabilities: NOT_METERED&INTERNET&NOT_RESTRICTED&TRUSTED&NOT_VPN&VALIDATED&NOT_ROAMING&FOREGROUND&NOT_CONGESTED&NOT_SUSPENDED LinkUpBandwidth>=141000Kbps LinkDnBandwidth>=141000Kbps SignalStrength: -30 OwnerUid: 1000 AdministratorUids: [] SSID: "AndroidWifi" RequestorUid: -1 RequestorPackageName: null], apn: , availableNetworkCount: 2
05-29 02:15:59.932   512   658 W LastMileLogger: Failed to stop event tracing: /sys/kernel/debug/tracing/instances/wifi/tracing_on: open failed: ENOENT (No such file or directory)
05-29 02:15:59.951  2070  2070 I abb     : StartCommandInProcess(73657474696e67730067657400676c6f settings.get.glo [truncated])
05-29 02:15:59.953   280  2072 W resolv  : Validating DnsTlsServer on netId 101
05-29 02:15:59.956   280  2072 W resolv  : SSL_connect ssl error =5, mark 0xf0065: Connection refused
05-29 02:15:59.956   280  2072 W resolv  : Validation failed
05-29 02:15:59.957   724   724 W View    : requestLayout() improperly called by com.android.keyguard.AlphaOptimizedLinearLayout{21b8daa V.E...... ......ID 3,0-21,22 #7f0a04db app:id/wifi_group} during layout: running second layout pass
05-29 02:15:59.963  1052  1073 I m.android.phon: JIT allocated 75KB for compiled code of boolean com.android.internal.telephony.ITelephony$Stub.onTransact(int, android.os.Parcel, android.os.Parcel, int)
