05-29 02:16:32.732  1451  2312 I MediaProvider: End Intent { act=android.intent.action.MEDIA_SCANNER_SCAN_FILE dat=file:///sdcard/screen_2026-05-29_021633.png flg=0x1400010 cmp=com.android.providers.media.module/com.android.providers.media.MediaService }
05-29 02:16:32.755  1451  2571 I MediaProvider: Deleted 1 items on external_primary due to com.android.shell
05-29 02:16:32.791  4095  4097 I cmd     : oneway function results will be dropped but finished with status OK and parcel size 4
05-29 02:16:32.956   162   162 I hwservicemanager: getTransport: Cannot find entry android.hardware.graphics.mapper@4.0::IMapper/default in either framework or device manifest.
05-29 02:16:32.956  4117  4117 I Gralloc4: mapper 4.x is not supported
05-29 02:16:33.034  4121  4123 I cmd     : oneway function results will be dropped but finished with status OK and parcel size 4
05-29 02:16:33.035  1451  2312 I MediaProvider: Begin Intent { act=android.intent.action.MEDIA_SCANNER_SCAN_FILE dat=file:///sdcard/screen_2026-05-29_021634.png flg=0x1400010 cmp=com.android.providers.media.module/com.android.providers.media.MediaService }
05-29 02:16:33.036  1451  2312 W ModernMediaScanner: Failed to visit /sdcard/screen_2026-05-29_021634.png: java.nio.file.AccessDeniedException: /sdcard/screen_2026-05-29_021634.png
05-29 02:16:33.042  1451  2312 I MediaProvider: Scanned internal due to REASON_DEMAND, found 0 items in 6ms, 0 inserts 0 updates 0 deletes
05-29 02:16:33.043  1451  2312 I MediaProvider: End Intent { act=android.intent.action.MEDIA_SCANNER_SCAN_FILE dat=file:///sdcard/screen_2026-05-29_021634.png flg=0x1400010 cmp=com.android.providers.media.module/com.android.providers.media.MediaService }
05-29 02:16:33.078  1451  1734 I MediaProvider: Deleted 1 items on external_primary due to com.android.shell
05-29 02:16:33.131  4134  4136 I cmd     : oneway function results will be dropped but finished with status OK and parcel size 4
05-29 02:16:33.200  4149  4151 I cmd     : oneway function results will be dropped but finished with status OK and parcel size 4
05-29 02:16:33.267  4164  4166 I cmd     : oneway function results will be dropped but finished with status OK and parcel size 4
05-29 02:16:33.443  4191  4191 E libc    : Access denied finding property "persist.device_config.runtime_native_boot.profilebootclasspath"
05-29 02:16:33.443  4191  4191 E libc    : Access denied finding property "persist.device_config.runtime_native_boot.enable_apex_image"
05-29 02:16:33.443  4191  4191 I AndroidRuntime: Using default boot image
05-29 02:16:33.443  4191  4191 E libc    : Access denied finding property "persist.device_config.runtime_native_boot.disable_lock_profiling"
05-29 02:16:33.443  4191  4191 I AndroidRuntime: Leaving lock profiling enabled
05-29 02:16:33.443  4191  4191 E libc    : Access denied finding property "persist.device_config.runtime_native_boot.enable_generational_cc"
05-29 02:16:33.444  4191  4191 I app_process: Core platform API reporting enabled, enforcing=false
05-29 02:16:33.440  4191  4191 W app_process: type=1400 audit(0.0:246): avc: denied { read } for name="u:object_r:device_config_runtime_native_boot_prop:s0" dev="tmpfs" ino=8385 scontext=u:r:shell:s0 tcontext=u:object_r:device_config_runtime_native_boot_prop:s0 tclass=file permissive=0
05-29 02:16:33.501  4191  4191 W app_process: Unexpected CPU variant for X86 using defaults: x86_64
05-29 02:16:33.502  4191  4191 I app_process: The ClassLoaderContext is a special shared library.
05-29 02:16:33.510  4191  4191 W app_process: JNI RegisterNativeMethods: attempt to register 0 native methods for android.media.AudioAttributes
05-29 02:16:33.440  4191  4191 W app_process: type=1400 audit(0.0:249): avc: denied { read } for name="u:object_r:device_config_runtime_native_boot_prop:s0" dev="tmpfs" ino=8385 scontext=u:r:shell:s0 tcontext=u:object_r:device_config_runtime_native_boot_prop:s0 tclass=file permissive=0
05-29 02:16:33.731  2637  2757 I System.out: 02:16:33.730 [DefaultDispatcher-worker-5] INFO io.ktor.client.HttpClient - REQUEST: https://pokeapi.co/api/v2/pokemon/ivysaur
05-29 02:16:33.731  2637  2757 I System.out: METHOD: HttpMethod(value=GET)
05-29 02:16:33.731  2637  2757 I System.out: COMMON HEADERS
05-29 02:16:33.731  2637  2757 I System.out: -> Accept: application/json
05-29 02:16:33.731  2637  2757 I System.out: -> Accept-Charset: UTF-8
05-29 02:16:33.731  2637  2757 I System.out: -> Content-Type: application/json
05-29 02:16:33.732  2637  2757 I System.out: CONTENT HEADERS
05-29 02:16:33.732  2637  2757 I System.out: -> Content-Length: 0
05-29 02:16:33.732  2637  2757 I System.out: BODY Content-Type: null
05-29 02:16:33.732  2637  2757 I System.out: BODY START
05-29 02:16:33.732  2637  2757 I System.out: 
05-29 02:16:33.732  2637  2757 I System.out: BODY END
05-29 02:16:33.852  2637  2754 I System.out: 02:16:33.834 [DefaultDispatcher-worker-2] INFO io.ktor.client.HttpClient - RESPONSE: 200 OK
05-29 02:16:33.852  2637  2754 I System.out: METHOD: HttpMethod(value=GET)
05-29 02:16:33.852  2637  2754 I System.out: FROM: https://pokeapi.co/api/v2/pokemon/ivysaur
05-29 02:16:33.852  2637  2754 I System.out: COMMON HEADERS
05-29 02:16:33.852  2637  2754 I System.out: -> access-control-allow-origin: *
05-29 02:16:33.853  2637  2754 I System.out: -> age: 56160
05-29 02:16:33.853  2637  2754 I System.out: -> alt-svc: h3=":443"; ma=86400
05-29 02:16:33.853  2637  2754 I System.out: -> cache-control: public, max-age=86400, s-maxage=86400
05-29 02:16:33.853  2637  2754 I System.out: -> cf-cache-status: HIT
05-29 02:16:33.853  2637  2754 I System.out: -> cf-ray: a031ff722ddd8f1d-DFW
05-29 02:16:33.853  2637  2754 I System.out: -> connection: keep-alive
05-29 02:16:33.853  2637  2754 I System.out: -> content-type: application/json; charset=utf-8
05-29 02:16:33.854  2637  2754 I System.out: -> date: Fri, 29 May 2026 02:16:34 GMT
05-29 02:16:33.854  2637  2754 I System.out: -> etag: W/"3a208-UaeAV+hyIAKhsYxQ2HzouJGTqQg"
05-29 02:16:33.854  2637  2754 I System.out: -> function-execution-id: nec67fam86i0
05-29 02:16:33.854  2637  2754 I System.out: -> nel: {"report_to":"cf-nel","success_fraction":0.0,"max_age":604800}
05-29 02:16:33.854  2637  2754 I System.out: -> report-to: {"group":"cf-nel","max_age":604800,"endpoints":[{"url":"https://a.nel.cloudflare.com/report/v4?s=x5flfol2x9eZIFcKlVHBHh6KVMzcixh20S6%2B%2F4SMLcHzP0OBPqpkgunCHUpI%2BNKNNclqwOkNfbP8jM1Y2nn%2BnSW%2FyauD%2F34p%2BwP87aWQ6NiXwTc%2BrpMaqvi5HG%2Bu"}]}
05-29 02:16:33.854  2637  2754 I System.out: -> server: cloudflare
05-29 02:16:33.854  2637  2754 I System.out: -> strict-transport-security: max-age=31556926
05-29 02:16:33.854  2637  2754 I System.out: -> transfer-encoding: chunked
05-29 02:16:33.854  2637  2754 I System.out: -> vary: Accept-Encoding,cookie,need-authorization, x-fh-requested-host, accept-encoding
05-29 02:16:33.854  2637  2754 I System.out: -> x-android-received-millis: 1780020993766
05-29 02:16:33.854  2637  2754 I System.out: -> x-android-response-source: NETWORK 200
05-29 02:16:33.854  2637  2754 I System.out: -> x-android-selected-protocol: http/1.1
05-29 02:16:33.854  2637  2754 I System.out: -> x-android-sent-millis: 1780020993734
05-29 02:16:33.854  2637  2754 I System.out: -> x-cache: MISS
05-29 02:16:33.854  2637  2754 I System.out: -> x-cache-hits: 0
05-29 02:16:33.854  2637  2754 I System.out: -> x-cloud-trace-context: 26f30e6f697d37445b019bdbc9f15367
05-29 02:16:33.854  2637  2754 I System.out: -> x-country-code: US
05-29 02:16:33.854  2637  2754 I System.out: -> x-powered-by: Express
05-29 02:16:33.854  2637  2754 I System.out: -> x-served-by: cache-dfw-kdfw8210112-DFW
05-29 02:16:33.854  2637  2754 I System.out: -> x-timer: S1769785671.858082,VS0,VE639
05-29 02:16:33.854  2637  2754 I System.out: BODY Content-Type: application/json; charset=utf-8
05-29 02:16:33.854  2637  2754 I System.out: BODY START
05-29 02:16:33.857  2637  2754 I System.out: {"abilities":[{"ability":{"name":"overgrow","url":"https://pokeapi.co/api/v2/ability/65/"},"is_hidden":false,"slot":1},{"ability":{"name":"chlorophyll","url":"https://pokeapi.co/api/v2/ability/34/"},"is_hidden":true,"slot":3}],"base_experience":142,"cries":{"latest":"https://raw.githubusercontent.com/PokeAPI/cries/main/cries/pokemon/latest/2.ogg","legacy":"https://raw.githubusercontent.com/PokeAPI/cries/main/cries/pokemon/legacy/2.ogg"},"forms":[{"name":"ivysaur","url":"https://pokeapi.co/api/v2/pokemon-form/2/"}],"game_indices":[{"game_index":9,"version":{"name":"red","url":"https://pokeapi.co/api/v2/version/1/"}},{"game_index":9,"version":{"name":"blue","url":"https://pokeapi.co/api/v2/version/2/"}},{"game_index":9,"version":{"name":"yellow","url":"https://pokeapi.co/api/v2/version/3/"}},{"game_index":2,"version":{"name":"gold","url":"https://pokeapi.co/api/v2/version/4/"}},{"game_index":2,"version":{"name":"silver","url":"https://pokeapi.co/api/v2/version/5/"}},{"game_index":2,"version":{"name":"crystal","url":"https://pokeapi.co/api/v2/version/6/"}},{"game_index":2,"version":{"name":"ruby","url":"https://pokeapi.co/api/v2/version/7/"}},{"game_index":2,"version":{"name":"sapphire","url":"https://pokeapi.co/api/v2/version/8/"}},{"game_index":2,"version":{"name":"emerald","url":"https://pokeapi.co/api/v2/version/9/"}},{"game_index":2,"version":{"name":"firered","url":"https://pokeapi.co/api/v2/version/10/"}},{"game_index":2,"version":{"name":"leafgreen","url":"https://pokeapi.co/api/v2/version/11/"}},{"game_index":2,"version":{"name":"diamond","url":"https://pokeapi.co/api/v2/version/12/"}},{"game_index":2,"version":{"name":"pearl","url":"https://pokeapi.co/api/v2/version/13/"}},{"game_index":2,"version":{"name":"platinum","url":"https://pokeapi.co/api/v2/version/14/"}},{"game_index":2,"version":{"name":"heartgold","url":"https://pokeapi.co/api/v2/version/15/"}},{"game_index":2,"version":{"name":"soulsilver","url":"https://pokeapi.co/api/v2/version/16/"}},{"game_index":2,"version":{"name":"black","url":"https://pokeapi.co/api/v2/version/17/"}},{"game_index":2,"version":{"name":"white","url":"https://pokeapi.co/api/v2/version/18/"}},{"game_index":2,"version":{"name":"black-2","url":"https://pokeapi.co/api/v2/version/21/"}},{"game_index":2,"version":{"name":"white-2","url":"https://pokeapi.co/api/v2/version/22/"}}],"height":10,"held_items":[],"id":2,"is_default":true,"location_area_encounters":"https://pokeapi.co/api/v2/pokemon/2/encounters","moves":[{"move":{"name":"swords-dance","url":"https://pokeapi.co/api/v2/move/14/"},"version_group_details":[{"level_learned_at":0,"move_learn_method":{"name":"machine","url":"https://pokeapi.co/api/v2/move-learn-method/4/"},"order":null,"version_group":{"name":"red-blue","url":"https://pokeapi.co/api/v2/version-group/1/"}},{"level_learned_at":0,"move_learn_method":{"name":"machine","url":"https://pokeapi.co/api/v2/move-learn-method/4/"},"order":null,"version_group":{"name":"yellow","url":"https://pokeapi.co/api/v2/version-group/2/"}},{"level_learned_at":0,"move_learn_method":{"name":"tutor","url":"https://pokeapi.co/api/v2/move-learn-method/3/"},"order":null,"version_group":{"name":"emerald","url":"https://pokeapi.co/api/v2/version-group/6/"}},{"level_learned_at":0,"move_learn_method":{"name":"tutor","url":"https://pokeapi.co/api/v2/move-learn-method/3/"},"order":null,"version_group":{"name":"firered-leafgreen","url":"https://pokeapi.co/api/v2/version-group/7/"}},{"level_learned_at":0,"move_learn_method":{"name":"machine","url":"https://pokeapi.co/api/v2/move-learn-method/4/"},"order":null,"version_group":{"name":"diamond-pearl","url":"https://pokeapi.co/api/v2/version-group/8/"}},{"level_learned_at":0,"move_learn_method":{"name":"machine","url":"https://pokeapi.co/api/v2/move-learn-method/4/"},"order":null,"version_group":{"name":"platinum","url":"https://pokeapi.co/api/v2/version-group/9/"}},{"level_learned_at":0,"move_learn_method":{"name":"machine","url":"https://pokeapi.co/api/v2/move-learn-method/4/"},"order":null,"version_group":{"name"
05-29 02:16:33.857  2637  2754 I System.out: BODY END
05-29 02:16:35.334   162   162 I hwservicemanager: getTransport: Cannot find entry android.hardware.graphics.mapper@4.0::IMapper/default in either framework or device manifest.
05-29 02:16:35.335  4227  4227 I Gralloc4: mapper 4.x is not supported
05-29 02:16:35.408  4231  4233 I cmd     : oneway function results will be dropped but finished with status OK and parcel size 4
05-29 02:16:35.408  1451  2312 I MediaProvider: Begin Intent { act=android.intent.action.MEDIA_SCANNER_SCAN_FILE dat=file:///sdcard/screen_2026-05-29_021636.png flg=0x1400010 cmp=com.android.providers.media.module/com.android.providers.media.MediaService }
05-29 02:16:35.410  1451  2312 W ModernMediaScanner: Failed to visit /sdcard/screen_2026-05-29_021636.png: java.nio.file.AccessDeniedException: /sdcard/screen_2026-05-29_021636.png
05-29 02:16:35.411  1451  2312 I MediaProvider: Scanned internal due to REASON_DEMAND, found 0 items in 1ms, 0 inserts 0 updates 0 deletes
05-29 02:16:35.412  1451  2312 I MediaProvider: End Intent { act=android.intent.action.MEDIA_SCANNER_SCAN_FILE dat=file:///sdcard/screen_2026-05-29_021636.png flg=0x1400010 cmp=com.android.providers.media.module/com.android.providers.media.MediaService }
05-29 02:16:35.404  1451  1451 W com.android.providers.media.module: type=1400 audit(0.0:250): avc: denied { read } for comm=4173796E635461736B202331 name="primary" dev="tmpfs" ino=27897 scontext=u:r:mediaprovider_app:s0:c125,c256,c512,c768 tcontext=u:object_r:mnt_pass_through_file:s0 tclass=lnk_file permissive=0 app=com.android.providers.media.module
05-29 02:16:35.489  1451  1732 I MediaProvider: Deleted 1 items on external_primary due to com.android.shell
05-29 02:16:35.404  1451  1451 W com.android.providers.media.module: type=1400 audit(0.0:254): avc: denied { read } for comm=4173796E635461736B202331 name="primary" dev="tmpfs" ino=27897 scontext=u:r:mediaprovider_app:s0:c125,c256,c512,c768 tcontext=u:object_r:mnt_pass_through_file:s0 tclass=lnk_file permissive=0 app=com.android.providers.media.module
05-29 02:16:35.528  4242  4244 I cmd     : oneway function results will be dropped but finished with status OK and parcel size 4
05-29 02:16:35.701   162   162 I hwservicemanager: getTransport: Cannot find entry android.hardware.graphics.mapper@4.0::IMapper/default in either framework or device manifest.
05-29 02:16:35.701  4264  4264 I Gralloc4: mapper 4.x is not supported
05-29 02:16:35.772  4268  4270 I cmd     : oneway function results will be dropped but finished with status OK and parcel size 4
05-29 02:16:35.773  1451  2312 I MediaProvider: Begin Intent { act=android.intent.action.MEDIA_SCANNER_SCAN_FILE dat=file:///sdcard/screen_2026-05-29_021636.png flg=0x1400010 cmp=com.android.providers.media.module/com.android.providers.media.MediaService }
05-29 02:16:36.350     0     0 W audit   : audit_lost=122 audit_rate_limit=5 audit_backlog_limit=64
05-29 02:16:36.355     0     0 E audit   : rate limit exceeded
05-29 02:16:35.783  1451  2312 W ModernMediaScanner: Failed to visit /sdcard/screen_2026-05-29_021636.png: java.nio.file.AccessDeniedException: /sdcard/screen_2026-05-29_021636.png
05-29 02:16:35.784  1451  2312 I MediaProvider: Scanned internal due to REASON_DEMAND, found 0 items in 1ms, 0 inserts 0 updates 0 deletes
05-29 02:16:35.784  1451  2312 I MediaProvider: End Intent { act=android.intent.action.MEDIA_SCANNER_SCAN_FILE dat=file:///sdcard/screen_2026-05-29_021636.png flg=0x1400010 cmp=com.android.providers.media.module/com.android.providers.media.MediaService }
05-29 02:16:35.853  1451  1732 I MediaProvider: Deleted 1 items on external_primary due to com.android.shell
05-29 02:16:35.889  4279  4281 I cmd     : oneway function results will be dropped but finished with status OK and parcel size 4
05-29 02:16:36.055   162   162 I hwservicemanager: getTransport: Cannot find entry android.hardware.graphics.mapper@4.0::IMapper/default in either framework or device manifest.
05-29 02:16:36.055  4301  4301 I Gralloc4: mapper 4.x is not supported
05-29 02:16:36.128  1451  2312 I MediaProvider: Begin Intent { act=android.intent.action.MEDIA_SCANNER_SCAN_FILE dat=file:///sdcard/screen_2026-05-29_021637.png flg=0x1400010 cmp=com.android.providers.media.module/com.android.providers.media.MediaService }
05-29 02:16:36.129  1451  2312 W ModernMediaScanner: Failed to visit /sdcard/screen_2026-05-29_021637.png: java.nio.file.AccessDeniedException: /sdcard/screen_2026-05-29_021637.png
05-29 02:16:36.135  1451  2312 I MediaProvider: Scanned internal due to REASON_DEMAND, found 0 items in 6ms, 0 inserts 0 updates 0 deletes
05-29 02:16:36.136  1451  2312 I MediaProvider: End Intent { act=android.intent.action.MEDIA_SCANNER_SCAN_FILE dat=file:///sdcard/screen_2026-05-29_021637.png flg=0x1400010 cmp=com.android.providers.media.module/com.android.providers.media.MediaService }
05-29 02:16:36.163  1451  1734 I MediaProvider: Deleted 1 items on external_primary due to com.android.shell
05-29 02:16:36.199  4316  4318 I cmd     : oneway function results will be dropped but finished with status OK and parcel size 4
05-29 02:16:36.432  4363  4365 I cmd     : oneway function results will be dropped but finished with status OK and parcel size 4
05-29 02:16:36.533  4375  4375 E libc    : Access denied finding property "persist.device_config.runtime_native_boot.profilebootclasspath"
05-29 02:16:36.533  4375  4375 E libc    : Access denied finding property "persist.device_config.runtime_native_boot.enable_apex_image"
05-29 02:16:36.533  4375  4375 I AndroidRuntime: Using default boot image
05-29 02:16:36.533  4375  4375 E libc    : Access denied finding property "persist.device_config.runtime_native_boot.disable_lock_profiling"
05-29 02:16:36.533  4375  4375 I AndroidRuntime: Leaving lock profiling enabled
05-29 02:16:36.533  4375  4375 E libc    : Access denied finding property "persist.device_config.runtime_native_boot.enable_generational_cc"
05-29 02:16:36.535  4375  4375 I app_process: Core platform API reporting enabled, enforcing=false
05-29 02:16:36.528  4375  4375 W app_process: type=1400 audit(0.0:268): avc: denied { read } for name="u:object_r:device_config_runtime_native_boot_prop:s0" dev="tmpfs" ino=8385 scontext=u:r:shell:s0 tcontext=u:object_r:device_config_runtime_native_boot_prop:s0 tclass=file permissive=0
05-29 02:16:36.593  4375  4375 W app_process: Unexpected CPU variant for X86 using defaults: x86_64
05-29 02:16:36.594  4375  4375 I app_process: The ClassLoaderContext is a special shared library.
05-29 02:16:36.602  4375  4375 W app_process: JNI RegisterNativeMethods: attempt to register 0 native methods for android.media.AudioAttributes
05-29 02:16:36.528  4375  4375 W app_process: type=1400 audit(0.0:271): avc: denied { read } for name="u:object_r:device_config_runtime_native_boot_prop:s0" dev="tmpfs" ino=8385 scontext=u:r:shell:s0 tcontext=u:object_r:device_config_runtime_native_boot_prop:s0 tclass=file permissive=0
05-29 02:16:38.401   162   162 I hwservicemanager: getTransport: Cannot find entry android.hardware.graphics.mapper@4.0::IMapper/default in either framework or device manifest.
05-29 02:16:38.401  4408  4408 I Gralloc4: mapper 4.x is not supported
05-29 02:16:38.468  4412  4414 I cmd     : oneway function results will be dropped but finished with status OK and parcel size 4
05-29 02:16:38.470  1451  2312 I MediaProvider: Begin Intent { act=android.intent.action.MEDIA_SCANNER_SCAN_FILE dat=file:///sdcard/screen_2026-05-29_021639.png flg=0x1400010 cmp=com.android.providers.media.module/com.android.providers.media.MediaService }
05-29 02:16:38.484  1451  2312 W ModernMediaScanner: Failed to visit /sdcard/screen_2026-05-29_021639.png: java.nio.file.AccessDeniedException: /sdcard/screen_2026-05-29_021639.png
05-29 02:16:38.485  1451  2312 I MediaProvider: Scanned internal due to REASON_DEMAND, found 0 items in 1ms, 0 inserts 0 updates 0 deletes
05-29 02:16:38.487  1451  2312 I MediaProvider: End Intent { act=android.intent.action.MEDIA_SCANNER_SCAN_FILE dat=file:///sdcard/screen_2026-05-29_021639.png flg=0x1400010 cmp=com.android.providers.media.module/com.android.providers.media.MediaService }
05-29 02:16:38.464  1451  1451 W com.android.providers.media.module: type=1400 audit(0.0:272): avc: denied { read } for comm=4173796E635461736B202331 name="primary" dev="tmpfs" ino=27897 scontext=u:r:mediaprovider_app:s0:c125,c256,c512,c768 tcontext=u:object_r:mnt_pass_through_file:s0 tclass=lnk_file permissive=0 app=com.android.providers.media.module
05-29 02:16:38.480  1451  1451 W com.android.providers.media.module: type=1400 audit(0.0:273): avc: denied { read } for comm=4173796E635461736B202331 name="primary" dev="tmpfs" ino=27897 scontext=u:r:mediaprovider_app:s0:c125,c256,c512,c768 tcontext=u:object_r:mnt_pass_through_file:s0 tclass=lnk_file permissive=0 app=com.android.providers.media.module
05-29 02:16:38.520  1451  1734 I MediaProvider: Deleted 1 items on external_primary due to com.android.shell
05-29 02:16:38.480  1451  1451 W com.android.providers.media.module: type=1400 audit(0.0:274): avc: denied { read } for comm=4173796E635461736B202331 name="primary" dev="tmpfs" ino=27897 scontext=u:r:mediaprovider_app:s0:c125,c256,c512,c768 tcontext=u:object_r:mnt_pass_through_file:s0 tclass=lnk_file permissive=0 app=com.android.providers.media.module
05-29 02:16:38.555  4423  4424 I cmd     : oneway function results will be dropped but finished with status OK and parcel size 4
05-29 02:16:38.480  1451  1451 W com.android.providers.media.module: type=1400 audit(0.0:276): avc: denied { read } for comm=4173796E635461736B202331 name="primary" dev="tmpfs" ino=27897 scontext=u:r:mediaprovider_app:s0:c125,c256,c512,c768 tcontext=u:object_r:mnt_pass_through_file:s0 tclass=lnk_file permissive=0 app=com.android.providers.media.module
05-29 02:16:38.730   162   162 I hwservicemanager: getTransport: Cannot find entry android.hardware.graphics.mapper@4.0::IMapper/default in either framework or device manifest.
05-29 02:16:38.731  4445  4445 I Gralloc4: mapper 4.x is not supported
05-29 02:16:38.806  4449  4451 I cmd     : oneway function results will be dropped but finished with status OK and parcel size 4
05-29 02:16:38.807  1451  2312 I MediaProvider: Begin Intent { act=android.intent.action.MEDIA_SCANNER_SCAN_FILE dat=file:///sdcard/screen_2026-05-29_021639.png flg=0x1400010 cmp=com.android.providers.media.module/com.android.providers.media.MediaService }
05-29 02:16:38.816  1451  2312 W ModernMediaScanner: Failed to visit /sdcard/screen_2026-05-29_021639.png: java.nio.file.AccessDeniedException: /sdcard/screen_2026-05-29_021639.png
05-29 02:16:38.817  1451  2312 I MediaProvider: Scanned internal due to REASON_DEMAND, found 0 items in 1ms, 0 inserts 0 updates 0 deletes
05-29 02:16:38.817  1451  2312 I MediaProvider: End Intent { act=android.intent.action.MEDIA_SCANNER_SCAN_FILE dat=file:///sdcard/screen_2026-05-29_021639.png flg=0x1400010 cmp=com.android.providers.media.module/com.android.providers.media.MediaService }
05-29 02:16:39.383     0     0 W audit   : audit_lost=134 audit_rate_limit=5 audit_backlog_limit=64
05-29 02:16:39.389     0     0 E audit   : rate limit exceeded
05-29 02:16:38.845  1451  1734 I MediaProvider: Deleted 1 items on external_primary due to com.android.shell
05-29 02:16:38.881  4460  4462 I cmd     : oneway function results will be dropped but finished with status OK and parcel size 4
05-29 02:16:39.049   162   162 I hwservicemanager: getTransport: Cannot find entry android.hardware.graphics.mapper@4.0::IMapper/default in either framework or device manifest.
05-29 02:16:39.049  4482  4482 I Gralloc4: mapper 4.x is not supported
05-29 02:16:39.130  4486  4488 I cmd     : oneway function results will be dropped but finished with status OK and parcel size 4
05-29 02:16:39.131  1451  2312 I MediaProvider: Begin Intent { act=android.intent.action.MEDIA_SCANNER_SCAN_FILE dat=file:///sdcard/screen_2026-05-29_021640.png flg=0x1400010 cmp=com.android.providers.media.module/com.android.providers.media.MediaService }
05-29 02:16:39.133  1451  2312 W ModernMediaScanner: Failed to visit /sdcard/screen_2026-05-29_021640.png: java.nio.file.AccessDeniedException: /sdcard/screen_2026-05-29_021640.png
05-29 02:16:39.135  1451  2312 I MediaProvider: Scanned internal due to REASON_DEMAND, found 0 items in 3ms, 0 inserts 0 updates 0 deletes
05-29 02:16:39.136  1451  2312 I MediaProvider: End Intent { act=android.intent.action.MEDIA_SCANNER_SCAN_FILE dat=file:///sdcard/screen_2026-05-29_021640.png flg=0x1400010 cmp=com.android.providers.media.module/com.android.providers.media.MediaService }
05-29 02:16:39.162  1451  1734 I MediaProvider: Deleted 1 items on external_primary due to com.android.shell
05-29 02:16:39.194  4497  4499 I cmd     : oneway function results will be dropped but finished with status OK and parcel size 4
05-29 02:16:39.260  4512  4514 I cmd     : oneway function results will be dropped but finished with status OK and parcel size 4
05-29 02:16:39.324  4527  4529 I cmd     : oneway function results will be dropped but finished with status OK and parcel size 4
05-29 02:16:39.418  4544  4546 I cmd     : oneway function results will be dropped but finished with status OK and parcel size 4
05-29 02:16:39.519  4556  4556 E libc    : Access denied finding property "persist.device_config.runtime_native_boot.profilebootclasspath"
05-29 02:16:39.519  4556  4556 E libc    : Access denied finding property "persist.device_config.runtime_native_boot.enable_apex_image"
05-29 02:16:39.519  4556  4556 I AndroidRuntime: Using default boot image
05-29 02:16:39.519  4556  4556 E libc    : Access denied finding property "persist.device_config.runtime_native_boot.disable_lock_profiling"
05-29 02:16:39.519  4556  4556 I AndroidRuntime: Leaving lock profiling enabled
05-29 02:16:39.519  4556  4556 E libc    : Access denied finding property "persist.device_config.runtime_native_boot.enable_generational_cc"
05-29 02:16:39.520  4556  4556 I app_process: Core platform API reporting enabled, enforcing=false
05-29 02:16:39.516  4556  4556 W app_process: type=1400 audit(0.0:290): avc: denied { read } for name="u:object_r:device_config_runtime_native_boot_prop:s0" dev="tmpfs" ino=8385 scontext=u:r:shell:s0 tcontext=u:object_r:device_config_runtime_native_boot_prop:s0 tclass=file permissive=0
05-29 02:16:39.577  4556  4556 W app_process: Unexpected CPU variant for X86 using defaults: x86_64
05-29 02:16:39.578  4556  4556 I app_process: The ClassLoaderContext is a special shared library.
05-29 02:16:39.585  4556  4556 W app_process: JNI RegisterNativeMethods: attempt to register 0 native methods for android.media.AudioAttributes
05-29 02:16:39.516  4556  4556 W app_process: type=1400 audit(0.0:293): avc: denied { read } for name="u:object_r:device_config_runtime_native_boot_prop:s0" dev="tmpfs" ino=8385 scontext=u:r:shell:s0 tcontext=u:object_r:device_config_runtime_native_boot_prop:s0 tclass=file permissive=0
05-29 02:16:39.615  2189  2189 E AccessibilityInteractionClient: 3 Disconnected nodes.
05-29 02:16:41.350   162   162 I hwservicemanager: getTransport: Cannot find entry android.hardware.graphics.mapper@4.0::IMapper/default in either framework or device manifest.
05-29 02:16:41.350  4588  4588 I Gralloc4: mapper 4.x is not supported
05-29 02:16:41.419  4592  4594 I cmd     : oneway function results will be dropped but finished with status OK and parcel size 4
05-29 02:16:41.420  1451  2312 I MediaProvider: Begin Intent { act=android.intent.action.MEDIA_SCANNER_SCAN_FILE dat=file:///sdcard/screen_2026-05-29_021642.png flg=0x1400010 cmp=com.android.providers.media.module/com.android.providers.media.MediaService }
05-29 02:16:41.422  1451  2312 W ModernMediaScanner: Failed to visit /sdcard/screen_2026-05-29_021642.png: java.nio.file.AccessDeniedException: /sdcard/screen_2026-05-29_021642.png
05-29 02:16:41.422  1451  2312 I MediaProvider: Scanned internal due to REASON_DEMAND, found 0 items in 1ms, 0 inserts 0 updates 0 deletes
05-29 02:16:41.424  1451  2312 I MediaProvider: End Intent { act=android.intent.action.MEDIA_SCANNER_SCAN_FILE dat=file:///sdcard/screen_2026-05-29_021642.png flg=0x1400010 cmp=com.android.providers.media.module/com.android.providers.media.MediaService }
05-29 02:16:41.416  1451  1451 W com.android.providers.media.module: type=1400 audit(0.0:294): avc: denied { read } for comm=4173796E635461736B202331 name="primary" dev="tmpfs" ino=27897 scontext=u:r:mediaprovider_app:s0:c125,c256,c512,c768 tcontext=u:object_r:mnt_pass_through_file:s0 tclass=lnk_file permissive=0 app=com.android.providers.media.module
05-29 02:16:41.491  1451  1732 I MediaProvider: Deleted 1 items on external_primary due to com.android.shell
05-29 02:16:41.416  1451  1451 W com.android.providers.media.module: type=1400 audit(0.0:299): avc: denied { read } for comm=4173796E635461736B202331 name="primary" dev="tmpfs" ino=27897 scontext=u:r:mediaprovider_app:s0:c125,c256,c512,c768 tcontext=u:object_r:mnt_pass_through_file:s0 tclass=lnk_file permissive=0 app=com.android.providers.media.module
05-29 02:16:41.533  4605  4607 I cmd     : oneway function results will be dropped but finished with status OK and parcel size 4
05-29 02:16:41.694   162   162 I hwservicemanager: getTransport: Cannot find entry android.hardware.graphics.mapper@4.0::IMapper/default in either framework or device manifest.
05-29 02:16:41.694  4627  4627 I Gralloc4: mapper 4.x is not supported
05-29 02:16:41.763  4631  4633 I cmd     : oneway function results will be dropped but finished with status OK and parcel size 4
05-29 02:16:41.764  1451  2312 I MediaProvider: Begin Intent { act=android.intent.action.MEDIA_SCANNER_SCAN_FILE dat=file:///sdcard/screen_2026-05-29_021642.png flg=0x1400010 cmp=com.android.providers.media.module/com.android.providers.media.MediaService }
05-29 02:16:42.340     0     0 W audit   : audit_lost=146 audit_rate_limit=5 audit_backlog_limit=64
05-29 02:16:42.345     0     0 E audit   : rate limit exceeded
05-29 02:16:41.772  1451  2312 W ModernMediaScanner: Failed to visit /sdcard/screen_2026-05-29_021642.png: java.nio.file.AccessDeniedException: /sdcard/screen_2026-05-29_021642.png
05-29 02:16:41.773  1451  2312 I MediaProvider: Scanned internal due to REASON_DEMAND, found 0 items in 1ms, 0 inserts 0 updates 0 deletes
05-29 02:16:41.774  1451  2312 I MediaProvider: End Intent { act=android.intent.action.MEDIA_SCANNER_SCAN_FILE dat=file:///sdcard/screen_2026-05-29_021642.png flg=0x1400010 cmp=com.android.providers.media.module/com.android.providers.media.MediaService }
05-29 02:16:41.794  1451  2571 I MediaProvider: Deleted 1 items on external_primary due to com.android.shell
05-29 02:16:41.828  4642  4644 I cmd     : oneway function results will be dropped but finished with status OK and parcel size 4
05-29 02:16:41.991   162   162 I hwservicemanager: getTransport: Cannot find entry android.hardware.graphics.mapper@4.0::IMapper/default in either framework or device manifest.
05-29 02:16:41.991  4664  4664 I Gralloc4: mapper 4.x is not supported
05-29 02:16:42.062  4668  4670 I cmd     : oneway function results will be dropped but finished with status OK and parcel size 4
05-29 02:16:42.064  1451  2312 I MediaProvider: Begin Intent { act=android.intent.action.MEDIA_SCANNER_SCAN_FILE dat=file:///sdcard/screen_2026-05-29_021643.png flg=0x1400010 cmp=com.android.providers.media.module/com.android.providers.media.MediaService }
05-29 02:16:42.067  1451  2312 W ModernMediaScanner: Failed to visit /sdcard/screen_2026-05-29_021643.png: java.nio.file.AccessDeniedException: /sdcard/screen_2026-05-29_021643.png
05-29 02:16:42.068  1451  2312 I MediaProvider: Scanned internal due to REASON_DEMAND, found 0 items in 1ms, 0 inserts 0 updates 0 deletes
05-29 02:16:42.069  1451  2312 I MediaProvider: End Intent { act=android.intent.action.MEDIA_SCANNER_SCAN_FILE dat=file:///sdcard/screen_2026-05-29_021643.png flg=0x1400010 cmp=com.android.providers.media.module/com.android.providers.media.MediaService }
05-29 02:16:42.135  1451  2571 I MediaProvider: Deleted 1 items on external_primary due to com.android.shell
05-29 02:16:42.171  4679  4681 I cmd     : oneway function results will be dropped but finished with status OK and parcel size 4
05-29 02:16:42.235  4694  4696 I cmd     : oneway function results will be dropped but finished with status OK and parcel size 4
05-29 02:16:42.299  4709  4711 I cmd     : oneway function results will be dropped but finished with status OK and parcel size 4
05-29 02:16:42.372  4724  4726 I cmd     : oneway function results will be dropped but finished with status OK and parcel size 4
05-29 02:16:42.480  4736  4736 E libc    : Access denied finding property "persist.device_config.runtime_native_boot.profilebootclasspath"
05-29 02:16:42.480  4736  4736 E libc    : Access denied finding property "persist.device_config.runtime_native_boot.enable_apex_image"
05-29 02:16:42.480  4736  4736 I AndroidRuntime: Using default boot image
05-29 02:16:42.480  4736  4736 E libc    : Access denied finding property "persist.device_config.runtime_native_boot.disable_lock_profiling"
05-29 02:16:42.480  4736  4736 I AndroidRuntime: Leaving lock profiling enabled
05-29 02:16:42.480  4736  4736 E libc    : Access denied finding property "persist.device_config.runtime_native_boot.enable_generational_cc"
05-29 02:16:42.481  4736  4736 I app_process: Core platform API reporting enabled, enforcing=false
05-29 02:16:42.476  4736  4736 W app_process: type=1400 audit(0.0:312): avc: denied { read } for name="u:object_r:device_config_runtime_native_boot_prop:s0" dev="tmpfs" ino=8385 scontext=u:r:shell:s0 tcontext=u:object_r:device_config_runtime_native_boot_prop:s0 tclass=file permissive=0
05-29 02:16:43.124     0     0 W healthd : battery l=100 v=5000 t=25.0 h=2 st=2 c=900000 fc=300000 cc=10 chg=a
05-29 02:16:42.476  4736  4736 W app_process: type=1400 audit(0.0:313): avc: denied { read } for name="u:object_r:device_config_runtime_native_boot_prop:s0" dev="tmpfs" ino=8385 scontext=u:r:shell:s0 tcontext=u:object_r:device_config_runtime_native_boot_prop:s0 tclass=file permissive=0
05-29 02:16:42.559  4736  4736 W app_process: Unexpected CPU variant for X86 using defaults: x86_64
05-29 02:16:42.560  4736  4736 I app_process: The ClassLoaderContext is a special shared library.
05-29 02:16:42.567  4736  4736 W app_process: JNI RegisterNativeMethods: attempt to register 0 native methods for android.media.AudioAttributes
05-29 02:16:42.476  4736  4736 W app_process: type=1400 audit(0.0:314): avc: denied { read } for name="u:object_r:device_config_runtime_native_boot_prop:s0" dev="tmpfs" ino=8385 scontext=u:r:shell:s0 tcontext=u:object_r:device_config_runtime_native_boot_prop:s0 tclass=file permissive=0
05-29 02:16:42.703  2189  2189 E AccessibilityInteractionClient: 3 Disconnected nodes.
05-29 02:16:44.339   162   162 I hwservicemanager: getTransport: Cannot find entry android.hardware.graphics.mapper@4.0::IMapper/default in either framework or device manifest.
05-29 02:16:44.340  4769  4769 I Gralloc4: mapper 4.x is not supported
05-29 02:16:44.394  1451  2312 I MediaProvider: Begin Intent { act=android.intent.action.MEDIA_SCANNER_SCAN_FILE dat=file:///sdcard/screen_2026-05-29_021645.png flg=0x1400010 cmp=com.android.providers.media.module/com.android.providers.media.MediaService }
05-29 02:16:44.401  1451  2312 W ModernMediaScanner: Failed to visit /sdcard/screen_2026-05-29_021645.png: java.nio.file.AccessDeniedException: /sdcard/screen_2026-05-29_021645.png
05-29 02:16:44.402  1451  2312 I MediaProvider: Scanned internal due to REASON_DEMAND, found 0 items in 1ms, 0 inserts 0 updates 0 deletes
05-29 02:16:44.403  1451  2312 I MediaProvider: End Intent { act=android.intent.action.MEDIA_SCANNER_SCAN_FILE dat=file:///sdcard/screen_2026-05-29_021645.png flg=0x1400010 cmp=com.android.providers.media.module/com.android.providers.media.MediaService }
05-29 02:16:44.388  1451  1451 W com.android.providers.media.module: type=1400 audit(0.0:316): avc: denied { read } for comm=4173796E635461736B202331 name="primary" dev="tmpfs" ino=27897 scontext=u:r:mediaprovider_app:s0:c125,c256,c512,c768 tcontext=u:object_r:mnt_pass_through_file:s0 tclass=lnk_file permissive=0 app=com.android.providers.media.module
05-29 02:16:44.396  1451  1451 I chatty  : uid=10125(com.android.providers.media.module) identical 4 lines
05-29 02:16:44.396  1451  1451 W com.android.providers.media.module: type=1400 audit(0.0:321): avc: denied { read } for comm=4173796E635461736B202331 name="primary" dev="tmpfs" ino=27897 scontext=u:r:mediaprovider_app:s0:c125,c256,c512,c768 tcontext=u:object_r:mnt_pass_through_file:s0 tclass=lnk_file permissive=0 app=com.android.providers.media.module
05-29 02:16:44.529  1451  1732 I MediaProvider: Deleted 1 items on external_primary due to com.android.shell
05-29 02:16:44.563  4784  4786 I cmd     : oneway function results will be dropped but finished with status OK and parcel size 4
05-29 02:16:44.655   457   457 E netmgr  : qemu_pipe_open_ns:62: Could not connect to the 'pipe:qemud:network' service: Invalid argument
05-29 02:16:44.655   457   457 E netmgr  : Failed to open QEMU pipe 'qemud:network': Invalid argument
05-29 02:16:44.663   479   479 E wifi_forwarder: qemu_pipe_open_ns:62: Could not connect to the 'pipe:qemud:wififorward' service: Invalid argument
05-29 02:16:44.663   479   479 E wifi_forwarder: RemoteConnection failed to initialize: RemoteConnection failed to open pipe
05-29 02:16:44.762   162   162 I hwservicemanager: getTransport: Cannot find entry android.hardware.graphics.mapper@4.0::IMapper/default in either framework or device manifest.
05-29 02:16:44.762  4808  4808 I Gralloc4: mapper 4.x is not supported
05-29 02:16:44.814  4812  4814 I cmd     : oneway function results will be dropped but finished with status OK and parcel size 4
05-29 02:16:44.815  1451  2312 I MediaProvider: Begin Intent { act=android.intent.action.MEDIA_SCANNER_SCAN_FILE dat=file:///sdcard/screen_2026-05-29_021645.png flg=0x1400010 cmp=com.android.providers.media.module/com.android.providers.media.MediaService }
05-29 02:16:45.391     0     0 W audit   : audit_lost=158 audit_rate_limit=5 audit_backlog_limit=64
05-29 02:16:45.395     0     0 E audit   : rate limit exceeded
05-29 02:16:44.823  1451  2312 W ModernMediaScanner: Failed to visit /sdcard/screen_2026-05-29_021645.png: java.nio.file.AccessDeniedException: /sdcard/screen_2026-05-29_021645.png
05-29 02:16:44.824  1451  2312 I MediaProvider: Scanned internal due to REASON_DEMAND, found 0 items in 1ms, 0 inserts 0 updates 0 deletes
05-29 02:16:44.825  1451  2312 I MediaProvider: End Intent { act=android.intent.action.MEDIA_SCANNER_SCAN_FILE dat=file:///sdcard/screen_2026-05-29_021645.png flg=0x1400010 cmp=com.android.providers.media.module/com.android.providers.media.MediaService }
05-29 02:16:44.847  1451  1734 I MediaProvider: Deleted 1 items on external_primary due to com.android.shell
05-29 02:16:45.043   162   162 I hwservicemanager: getTransport: Cannot find entry android.hardware.graphics.mapper@4.0::IMapper/default in either framework or device manifest.
05-29 02:16:45.043  4845  4845 I Gralloc4: mapper 4.x is not supported
05-29 02:16:45.105  4849  4851 I cmd     : oneway function results will be dropped but finished with status OK and parcel size 4
05-29 02:16:45.106  1451  2312 I MediaProvider: Begin Intent { act=android.intent.action.MEDIA_SCANNER_SCAN_FILE dat=file:///sdcard/screen_2026-05-29_021646.png flg=0x1400010 cmp=com.android.providers.media.module/com.android.providers.media.MediaService }
05-29 02:16:45.108  1451  2312 W ModernMediaScanner: Failed to visit /sdcard/screen_2026-05-29_021646.png: java.nio.file.AccessDeniedException: /sdcard/screen_2026-05-29_021646.png
05-29 02:16:45.109  1451  2312 I MediaProvider: Scanned internal due to REASON_DEMAND, found 0 items in 1ms, 0 inserts 0 updates 0 deletes
05-29 02:16:45.109  1451  2312 I MediaProvider: End Intent { act=android.intent.action.MEDIA_SCANNER_SCAN_FILE dat=file:///sdcard/screen_2026-05-29_021646.png flg=0x1400010 cmp=com.android.providers.media.module/com.android.providers.media.MediaService }
05-29 02:16:45.136  1451  2571 I MediaProvider: Deleted 1 items on external_primary due to com.android.shell
05-29 02:16:45.167  4860  4862 I cmd     : oneway function results will be dropped but finished with status OK and parcel size 4
05-29 02:16:45.235  4875  4877 I cmd     : oneway function results will be dropped but finished with status OK and parcel size 4
05-29 02:16:45.301  4890  4892 I cmd     : oneway function results will be dropped but finished with status OK and parcel size 4
05-29 02:16:45.369  4905  4907 I cmd     : oneway function results will be dropped but finished with status OK and parcel size 4
05-29 02:16:45.476  4917  4917 E libc    : Access denied finding property "persist.device_config.runtime_native_boot.profilebootclasspath"
05-29 02:16:45.476  4917  4917 E libc    : Access denied finding property "persist.device_config.runtime_native_boot.enable_apex_image"
05-29 02:16:45.476  4917  4917 I AndroidRuntime: Using default boot image
05-29 02:16:45.476  4917  4917 E libc    : Access denied finding property "persist.device_config.runtime_native_boot.disable_lock_profiling"
05-29 02:16:45.476  4917  4917 I AndroidRuntime: Leaving lock profiling enabled
05-29 02:16:45.476  4917  4917 E libc    : Access denied finding property "persist.device_config.runtime_native_boot.enable_generational_cc"
05-29 02:16:45.479  4917  4917 I app_process: Core platform API reporting enabled, enforcing=false
05-29 02:16:45.472  4917  4917 W app_process: type=1400 audit(0.0:334): avc: denied { read } for name="u:object_r:device_config_runtime_native_boot_prop:s0" dev="tmpfs" ino=8385 scontext=u:r:shell:s0 tcontext=u:object_r:device_config_runtime_native_boot_prop:s0 tclass=file permissive=0
05-29 02:16:45.541  4917  4917 W app_process: Unexpected CPU variant for X86 using defaults: x86_64
05-29 02:16:45.542  4917  4917 I app_process: The ClassLoaderContext is a special shared library.
05-29 02:16:45.472  4917  4917 W app_process: type=1400 audit(0.0:337): avc: denied { read } for name="u:object_r:device_config_runtime_native_boot_prop:s0" dev="tmpfs" ino=8385 scontext=u:r:shell:s0 tcontext=u:object_r:device_config_runtime_native_boot_prop:s0 tclass=file permissive=0
05-29 02:16:45.550  4917  4917 W app_process: JNI RegisterNativeMethods: attempt to register 0 native methods for android.media.AudioAttributes
05-29 02:16:47.302   162   162 I hwservicemanager: getTransport: Cannot find entry android.hardware.graphics.mapper@4.0::IMapper/default in either framework or device manifest.
05-29 02:16:47.303  4950  4950 I Gralloc4: mapper 4.x is not supported
05-29 02:16:47.367  4954  4956 I cmd     : oneway function results will be dropped but finished with status OK and parcel size 4
05-29 02:16:47.368  1451  2312 I MediaProvider: Begin Intent { act=android.intent.action.MEDIA_SCANNER_SCAN_FILE dat=file:///sdcard/screen_2026-05-29_021648.png flg=0x1400010 cmp=com.android.providers.media.module/com.android.providers.media.MediaService }
05-29 02:16:47.370  1451  2312 W ModernMediaScanner: Failed to visit /sdcard/screen_2026-05-29_021648.png: java.nio.file.AccessDeniedException: /sdcard/screen_2026-05-29_021648.png
05-29 02:16:47.371  1451  2312 I MediaProvider: Scanned internal due to REASON_DEMAND, found 0 items in 1ms, 0 inserts 0 updates 0 deletes
05-29 02:16:47.371  1451  2312 I MediaProvider: End Intent { act=android.intent.action.MEDIA_SCANNER_SCAN_FILE dat=file:///sdcard/screen_2026-05-29_021648.png flg=0x1400010 cmp=com.android.providers.media.module/com.android.providers.media.MediaService }
05-29 02:16:47.364  1451  1451 W com.android.providers.media.module: type=1400 audit(0.0:338): avc: denied { read } for comm=4173796E635461736B202331 name="primary" dev="tmpfs" ino=27897 scontext=u:r:mediaprovider_app:s0:c125,c256,c512,c768 tcontext=u:object_r:mnt_pass_through_file:s0 tclass=lnk_file permissive=0 app=com.android.providers.media.module
05-29 02:16:47.495  1451  1732 I MediaProvider: Deleted 1 items on external_primary due to com.android.shell
05-29 02:16:47.531  4965  4967 I cmd     : oneway function results will be dropped but finished with status OK and parcel size 4
05-29 02:16:47.689   162   162 I hwservicemanager: getTransport: Cannot find entry android.hardware.graphics.mapper@4.0::IMapper/default in either framework or device manifest.
05-29 02:16:47.690  4987  4987 I Gralloc4: mapper 4.x is not supported
05-29 02:16:47.760  4993  4996 I cmd     : oneway function results will be dropped but finished with status OK and parcel size 4
05-29 02:16:47.761  1451  2312 I MediaProvider: Begin Intent { act=android.intent.action.MEDIA_SCANNER_SCAN_FILE dat=file:///sdcard/screen_2026-05-29_021648.png flg=0x1400010 cmp=com.android.providers.media.module/com.android.providers.media.MediaService }
05-29 02:16:48.338     0     0 W audit   : audit_lost=170 audit_rate_limit=5 audit_backlog_limit=64
05-29 02:16:48.352     0     0 E audit   : rate limit exceeded
05-29 02:16:47.781  1451  2312 W ModernMediaScanner: Failed to visit /sdcard/screen_2026-05-29_021648.png: java.nio.file.AccessDeniedException: /sdcard/screen_2026-05-29_021648.png
05-29 02:16:47.782  1451  2312 I MediaProvider: Scanned internal due to REASON_DEMAND, found 0 items in 2ms, 0 inserts 0 updates 0 deletes
05-29 02:16:47.784  1451  2312 I MediaProvider: End Intent { act=android.intent.action.MEDIA_SCANNER_SCAN_FILE dat=file:///sdcard/screen_2026-05-29_021648.png flg=0x1400010 cmp=com.android.providers.media.module/com.android.providers.media.MediaService }
05-29 02:16:47.803  1451  1734 I MediaProvider: Deleted 1 items on external_primary due to com.android.shell
05-29 02:16:48.001   162   162 I hwservicemanager: getTransport: Cannot find entry android.hardware.graphics.mapper@4.0::IMapper/default in either framework or device manifest.
05-29 02:16:48.001  5027  5027 I Gralloc4: mapper 4.x is not supported
05-29 02:16:48.061  5031  5033 I cmd     : oneway function results will be dropped but finished with status OK and parcel size 4
05-29 02:16:48.062  1451  2312 I MediaProvider: Begin Intent { act=android.intent.action.MEDIA_SCANNER_SCAN_FILE dat=file:///sdcard/screen_2026-05-29_021649.png flg=0x1400010 cmp=com.android.providers.media.module/com.android.providers.media.MediaService }
05-29 02:16:48.063  1451  2312 W ModernMediaScanner: Failed to visit /sdcard/screen_2026-05-29_021649.png: java.nio.file.AccessDeniedException: /sdcard/screen_2026-05-29_021649.png
05-29 02:16:48.064  1451  2312 I MediaProvider: Scanned internal due to REASON_DEMAND, found 0 items in 2ms, 0 inserts 0 updates 0 deletes
05-29 02:16:48.065  1451  2312 I MediaProvider: End Intent { act=android.intent.action.MEDIA_SCANNER_SCAN_FILE dat=file:///sdcard/screen_2026-05-29_021649.png flg=0x1400010 cmp=com.android.providers.media.module/com.android.providers.media.MediaService }
05-29 02:16:48.092  1451  1734 I MediaProvider: Deleted 1 items on external_primary due to com.android.shell
05-29 02:16:48.134  5042  5044 I cmd     : oneway function results will be dropped but finished with status OK and parcel size 4
05-29 02:16:48.203  5057  5059 I cmd     : oneway function results will be dropped but finished with status OK and parcel size 4
05-29 02:16:48.270  5072  5074 I cmd     : oneway function results will be dropped but finished with status OK and parcel size 4
05-29 02:16:48.335  5087  5089 I cmd     : oneway function results will be dropped but finished with status OK and parcel size 4
05-29 02:16:48.436  5099  5099 E libc    : Access denied finding property "persist.device_config.runtime_native_boot.profilebootclasspath"
05-29 02:16:48.436  5099  5099 E libc    : Access denied finding property "persist.device_config.runtime_native_boot.enable_apex_image"
05-29 02:16:48.436  5099  5099 I AndroidRuntime: Using default boot image
05-29 02:16:48.436  5099  5099 E libc    : Access denied finding property "persist.device_config.runtime_native_boot.disable_lock_profiling"
05-29 02:16:48.436  5099  5099 I AndroidRuntime: Leaving lock profiling enabled
05-29 02:16:48.436  5099  5099 E libc    : Access denied finding property "persist.device_config.runtime_native_boot.enable_generational_cc"
05-29 02:16:48.437  5099  5099 I app_process: Core platform API reporting enabled, enforcing=false
05-29 02:16:48.432  5099  5099 W app_process: type=1400 audit(0.0:356): avc: denied { read } for name="u:object_r:device_config_runtime_native_boot_prop:s0" dev="tmpfs" ino=8385 scontext=u:r:shell:s0 tcontext=u:object_r:device_config_runtime_native_boot_prop:s0 tclass=file permissive=0
05-29 02:16:48.495  5099  5099 W app_process: Unexpected CPU variant for X86 using defaults: x86_64
05-29 02:16:48.496  5099  5099 I app_process: The ClassLoaderContext is a special shared library.
05-29 02:16:48.503  5099  5099 W app_process: JNI RegisterNativeMethods: attempt to register 0 native methods for android.media.AudioAttributes
05-29 02:16:48.432  5099  5099 W app_process: type=1400 audit(0.0:359): avc: denied { read } for name="u:object_r:device_config_runtime_native_boot_prop:s0" dev="tmpfs" ino=8385 scontext=u:r:shell:s0 tcontext=u:object_r:device_config_runtime_native_boot_prop:s0 tclass=file permissive=0
05-29 02:16:50.276   162   162 I hwservicemanager: getTransport: Cannot find entry android.hardware.graphics.mapper@4.0::IMapper/default in either framework or device manifest.
05-29 02:16:50.276  5131  5131 I Gralloc4: mapper 4.x is not supported
05-29 02:16:50.343  5135  5137 I cmd     : oneway function results will be dropped but finished with status OK and parcel size 4
