05-29 02:16:50.344  1451  2312 I MediaProvider: Begin Intent { act=android.intent.action.MEDIA_SCANNER_SCAN_FILE dat=file:///sdcard/screen_2026-05-29_021651.png flg=0x1400010 cmp=com.android.providers.media.module/com.android.providers.media.MediaService }
05-29 02:16:50.345  1451  2312 W ModernMediaScanner: Failed to visit /sdcard/screen_2026-05-29_021651.png: java.nio.file.AccessDeniedException: /sdcard/screen_2026-05-29_021651.png
05-29 02:16:50.346  1451  2312 I MediaProvider: Scanned internal due to REASON_DEMAND, found 0 items in 1ms, 0 inserts 0 updates 0 deletes
05-29 02:16:50.347  1451  2312 I MediaProvider: End Intent { act=android.intent.action.MEDIA_SCANNER_SCAN_FILE dat=file:///sdcard/screen_2026-05-29_021651.png flg=0x1400010 cmp=com.android.providers.media.module/com.android.providers.media.MediaService }
05-29 02:16:50.340  1451  1451 W com.android.providers.media.module: type=1400 audit(0.0:360): avc: denied { read } for comm=4173796E635461736B202331 name="primary" dev="tmpfs" ino=27897 scontext=u:r:mediaprovider_app:s0:c125,c256,c512,c768 tcontext=u:object_r:mnt_pass_through_file:s0 tclass=lnk_file permissive=0 app=com.android.providers.media.module
05-29 02:16:50.422  1451  1732 I MediaProvider: Deleted 1 items on external_primary due to com.android.shell
05-29 02:16:50.340  1451  1451 W com.android.providers.media.module: type=1400 audit(0.0:364): avc: denied { read } for comm=4173796E635461736B202331 name="primary" dev="tmpfs" ino=27897 scontext=u:r:mediaprovider_app:s0:c125,c256,c512,c768 tcontext=u:object_r:mnt_pass_through_file:s0 tclass=lnk_file permissive=0 app=com.android.providers.media.module
05-29 02:16:50.630   162   162 I hwservicemanager: getTransport: Cannot find entry android.hardware.graphics.mapper@4.0::IMapper/default in either framework or device manifest.
05-29 02:16:50.631  5168  5168 I Gralloc4: mapper 4.x is not supported
05-29 02:16:50.682  5172  5174 I cmd     : oneway function results will be dropped but finished with status OK and parcel size 4
05-29 02:16:50.683  1451  2312 I MediaProvider: Begin Intent { act=android.intent.action.MEDIA_SCANNER_SCAN_FILE dat=file:///sdcard/screen_2026-05-29_021651.png flg=0x1400010 cmp=com.android.providers.media.module/com.android.providers.media.MediaService }
05-29 02:16:51.260     0     0 W audit   : audit_lost=182 audit_rate_limit=5 audit_backlog_limit=64
05-29 02:16:51.263     0     0 E audit   : rate limit exceeded
05-29 02:16:50.689  1451  2312 W ModernMediaScanner: Failed to visit /sdcard/screen_2026-05-29_021651.png: java.nio.file.AccessDeniedException: /sdcard/screen_2026-05-29_021651.png
05-29 02:16:50.690  1451  2312 I MediaProvider: Scanned internal due to REASON_DEMAND, found 0 items in 1ms, 0 inserts 0 updates 0 deletes
05-29 02:16:50.692  1451  2312 I MediaProvider: End Intent { act=android.intent.action.MEDIA_SCANNER_SCAN_FILE dat=file:///sdcard/screen_2026-05-29_021651.png flg=0x1400010 cmp=com.android.providers.media.module/com.android.providers.media.MediaService }
05-29 02:16:50.715  1451  2571 I MediaProvider: Deleted 1 items on external_primary due to com.android.shell
05-29 02:16:50.747  5183  5185 I cmd     : oneway function results will be dropped but finished with status OK and parcel size 4
05-29 02:16:50.910   162   162 I hwservicemanager: getTransport: Cannot find entry android.hardware.graphics.mapper@4.0::IMapper/default in either framework or device manifest.
05-29 02:16:50.910  5205  5205 I Gralloc4: mapper 4.x is not supported
05-29 02:16:50.967  5211  5213 I cmd     : oneway function results will be dropped but finished with status OK and parcel size 4
05-29 02:16:50.967  1451  2312 I MediaProvider: Begin Intent { act=android.intent.action.MEDIA_SCANNER_SCAN_FILE dat=file:///sdcard/screen_2026-05-29_021652.png flg=0x1400010 cmp=com.android.providers.media.module/com.android.providers.media.MediaService }
05-29 02:16:50.969  1451  2312 W ModernMediaScanner: Failed to visit /sdcard/screen_2026-05-29_021652.png: java.nio.file.AccessDeniedException: /sdcard/screen_2026-05-29_021652.png
05-29 02:16:50.970  1451  2312 I MediaProvider: Scanned internal due to REASON_DEMAND, found 0 items in 1ms, 0 inserts 0 updates 0 deletes
05-29 02:16:50.970  1451  2312 I MediaProvider: End Intent { act=android.intent.action.MEDIA_SCANNER_SCAN_FILE dat=file:///sdcard/screen_2026-05-29_021652.png flg=0x1400010 cmp=com.android.providers.media.module/com.android.providers.media.MediaService }
05-29 02:16:50.998  1451  1734 I MediaProvider: Deleted 1 items on external_primary due to com.android.shell
05-29 02:16:51.032  5222  5224 I cmd     : oneway function results will be dropped but finished with status OK and parcel size 4
05-29 02:16:51.103  5237  5239 I cmd     : oneway function results will be dropped but finished with status OK and parcel size 4
05-29 02:16:51.167  5252  5254 I cmd     : oneway function results will be dropped but finished with status OK and parcel size 4
05-29 02:16:51.232  5267  5269 I cmd     : oneway function results will be dropped but finished with status OK and parcel size 4
05-29 02:16:51.341  5279  5279 E libc    : Access denied finding property "persist.device_config.runtime_native_boot.profilebootclasspath"
05-29 02:16:51.341  5279  5279 E libc    : Access denied finding property "persist.device_config.runtime_native_boot.enable_apex_image"
05-29 02:16:51.341  5279  5279 I AndroidRuntime: Using default boot image
05-29 02:16:51.341  5279  5279 E libc    : Access denied finding property "persist.device_config.runtime_native_boot.disable_lock_profiling"
05-29 02:16:51.341  5279  5279 I AndroidRuntime: Leaving lock profiling enabled
05-29 02:16:51.341  5279  5279 E libc    : Access denied finding property "persist.device_config.runtime_native_boot.enable_generational_cc"
05-29 02:16:51.343  5279  5279 I app_process: Core platform API reporting enabled, enforcing=false
05-29 02:16:51.398  5279  5279 W app_process: Unexpected CPU variant for X86 using defaults: x86_64
05-29 02:16:51.400  5279  5279 I app_process: The ClassLoaderContext is a special shared library.
05-29 02:16:51.408  5279  5279 W app_process: JNI RegisterNativeMethods: attempt to register 0 native methods for android.media.AudioAttributes
05-29 02:16:51.544   512  5292 I system_server: The ClassLoaderContext is a special shared library.
05-29 02:16:51.565   512  5292 I chatty  : uid=1000(system) BackgroundDexOp identical 18 lines
05-29 02:16:51.565   512  5292 I system_server: The ClassLoaderContext is a special shared library.
05-29 02:16:51.633  5293  5293 W dex2oat32: Unexpected CPU variant for X86 using defaults: x86_64
05-29 02:16:51.635  5293  5293 I dex2oat32: /apex/com.android.art/bin/dex2oat32 --input-vdex-fd=-1 --output-vdex-fd=9 --updatable-bcp-packages-file=/system/etc/updatable-bcp-packages.txt --resolve-startup-const-strings=true --max-image-block-size=524288 --compiler-filter=verify --classpath-dir=/apex/com.android.os.statsd/javalib --class-loader-context=PCL[];PCL[/system/framework/com.android.location.provider.jar:/system/framework/services.jar:/system/framework/ethernet-service.jar:/apex/com.android.permission/javalib/service-permission.jar:/apex/com.android.wifi/javalib/service-wifi.jar:/apex/com.android.ipsec/javalib/android.net.ipsec.ike.jar] --generate-mini-debug-info --compact-dex-level=none --compilation-reason=boot
05-29 02:16:51.640  5293  5293 I dex2oat32: setting boot class path to /apex/com.android.art/javalib/core-oj.jar:/apex/com.android.art/javalib/core-libart.jar:/apex/com.android.art/javalib/core-icu4j.jar:/apex/com.android.art/javalib/okhttp.jar:/apex/com.android.art/javalib/bouncycastle.jar:/apex/com.android.art/javalib/apache-xml.jar:/system/framework/framework.jar:/system/framework/ext.jar:/system/framework/telephony-common.jar:/system/framework/voip-common.jar:/system/framework/ims-common.jar:/system/framework/framework-atb-backward-compatibility.jar
05-29 02:16:51.679  5293  5293 I dex2oat32: dex2oat took 48.730ms (40.475ms cpu) (threads: 2) arena alloc=0B (0B) java alloc=33KB (34600B) native alloc=1006KB (1030384B) free=1504KB (1540608B)
05-29 02:16:51.684   512  5292 I system_server: The ClassLoaderContext is a special shared library.
05-29 02:16:51.733   512  5292 I chatty  : uid=1000(system) BackgroundDexOp identical 43 lines
05-29 02:16:51.734   512  5292 I system_server: The ClassLoaderContext is a special shared library.
05-29 02:16:51.735   512  5292 I PackageDexOptimizer: Running dexopt (dexoptNeeded=1) on: /data/app/~~J9E_uwFVus9OeSYD3IdRJw==/io.github.ylimit.droidbotapp-gWoahko7ttpmPe0PGbQvHg==/base.apk pkg=io.github.ylimit.droidbotapp isa=x86_64 dexoptFlags=boot_complete,debuggable,public,enable_hidden_api_checks targetFilter=verify oatDir=/data/app/~~J9E_uwFVus9OeSYD3IdRJw==/io.github.ylimit.droidbotapp-gWoahko7ttpmPe0PGbQvHg==/oat classLoaderContext=PCL[]{}
05-29 02:16:51.747  5297  5297 W dex2oat32: Unexpected CPU variant for X86 using defaults: x86_64
05-29 02:16:51.747  5297  5297 I dex2oat32: /apex/com.android.art/bin/dex2oat32 --input-vdex-fd=-1 --output-vdex-fd=9 --updatable-bcp-packages-file=/system/etc/updatable-bcp-packages.txt --resolve-startup-const-strings=true --max-image-block-size=524288 --compiler-filter=verify --debuggable --classpath-dir=/data/app/~~J9E_uwFVus9OeSYD3IdRJw==/io.github.ylimit.droidbotapp-gWoahko7ttpmPe0PGbQvHg== --class-loader-context=PCL[]{} --generate-mini-debug-info --compact-dex-level=none --compilation-reason=boot
05-29 02:16:51.748  5297  5297 I dex2oat32: setting boot class path to /apex/com.android.art/javalib/core-oj.jar:/apex/com.android.art/javalib/core-libart.jar:/apex/com.android.art/javalib/core-icu4j.jar:/apex/com.android.art/javalib/okhttp.jar:/apex/com.android.art/javalib/bouncycastle.jar:/apex/com.android.art/javalib/apache-xml.jar:/system/framework/framework.jar:/system/framework/ext.jar:/system/framework/telephony-common.jar:/system/framework/voip-common.jar:/system/framework/ims-common.jar:/system/framework/framework-atb-backward-compatibility.jar
05-29 02:16:51.883  5297  5299 W dex2oat32: Accessing hidden method Landroid/graphics/Bitmap;->getHardwareBuffer()Landroid/hardware/HardwareBuffer; (blacklist, linking, denied)
05-29 02:16:52.070  5297  5297 I dex2oat32: dex2oat took 324.454ms (441.334ms cpu) (threads: 2) arena alloc=0B (0B) java alloc=4976KB (5095464B) native alloc=3947KB (4042128B) free=1673KB (1713216B)
05-29 02:16:52.077   512  5292 I system_server: The ClassLoaderContext is a special shared library.
05-29 02:16:52.081   512  5292 I chatty  : uid=1000(system) BackgroundDexOp identical 3 lines
05-29 02:16:52.083   512  5292 I system_server: The ClassLoaderContext is a special shared library.
05-29 02:16:52.084   512  5292 I PackageDexOptimizer: Running dexopt (dexoptNeeded=1) on: /data/app/~~oaUSj0mHq6y1GKUnTBukkg==/com.mocoding.pokedex.android-J51OYJgKV_HcZetep34qJg==/base.apk pkg=com.mocoding.pokedex.android isa=x86_64 dexoptFlags=boot_complete,debuggable,public,enable_hidden_api_checks targetFilter=verify oatDir=/data/app/~~oaUSj0mHq6y1GKUnTBukkg==/com.mocoding.pokedex.android-J51OYJgKV_HcZetep34qJg==/oat classLoaderContext=PCL[]{}
05-29 02:16:52.095  5303  5303 W dex2oat32: Unexpected CPU variant for X86 using defaults: x86_64
05-29 02:16:52.095  5303  5303 I dex2oat32: /apex/com.android.art/bin/dex2oat32 --input-vdex-fd=-1 --output-vdex-fd=9 --updatable-bcp-packages-file=/system/etc/updatable-bcp-packages.txt --resolve-startup-const-strings=true --max-image-block-size=524288 --compiler-filter=verify --debuggable --classpath-dir=/data/app/~~oaUSj0mHq6y1GKUnTBukkg==/com.mocoding.pokedex.android-J51OYJgKV_HcZetep34qJg== --class-loader-context=PCL[]{} --generate-mini-debug-info --compact-dex-level=none --compilation-reason=boot
05-29 02:16:52.097  5303  5303 I dex2oat32: setting boot class path to /apex/com.android.art/javalib/core-oj.jar:/apex/com.android.art/javalib/core-libart.jar:/apex/com.android.art/javalib/core-icu4j.jar:/apex/com.android.art/javalib/okhttp.jar:/apex/com.android.art/javalib/bouncycastle.jar:/apex/com.android.art/javalib/apache-xml.jar:/system/framework/framework.jar:/system/framework/ext.jar:/system/framework/telephony-common.jar:/system/framework/voip-common.jar:/system/framework/ims-common.jar:/system/framework/framework-atb-backward-compatibility.jar
05-29 02:16:52.972  5303  5303 I dex2oat32: Large app, accepted running with swap.
05-29 02:16:53.204   162   162 I hwservicemanager: getTransport: Cannot find entry android.hardware.graphics.mapper@4.0::IMapper/default in either framework or device manifest.
05-29 02:16:53.204  5320  5320 I Gralloc4: mapper 4.x is not supported
05-29 02:16:53.266  1451  2312 I MediaProvider: Begin Intent { act=android.intent.action.MEDIA_SCANNER_SCAN_FILE dat=file:///sdcard/screen_2026-05-29_021654.png flg=0x1400010 cmp=com.android.providers.media.module/com.android.providers.media.MediaService }
05-29 02:16:53.867     0     0 W audit   : audit_lost=198 audit_rate_limit=5 audit_backlog_limit=64
05-29 02:16:53.872     0     0 E audit   : rate limit exceeded
05-29 02:16:53.300  1451  2312 W ModernMediaScanner: Failed to visit /sdcard/screen_2026-05-29_021654.png: java.nio.file.AccessDeniedException: /sdcard/screen_2026-05-29_021654.png
05-29 02:16:53.301  1451  2312 I MediaProvider: Scanned internal due to REASON_DEMAND, found 0 items in 10ms, 0 inserts 0 updates 0 deletes
05-29 02:16:53.302  1451  2312 I MediaProvider: End Intent { act=android.intent.action.MEDIA_SCANNER_SCAN_FILE dat=file:///sdcard/screen_2026-05-29_021654.png flg=0x1400010 cmp=com.android.providers.media.module/com.android.providers.media.MediaService }
05-29 02:16:53.260  1451  1451 W com.android.providers.media.module: type=1400 audit(0.0:382): avc: denied { read } for comm=4173796E635461736B202331 name="primary" dev="tmpfs" ino=27897 scontext=u:r:mediaprovider_app:s0:c125,c256,c512,c768 tcontext=u:object_r:mnt_pass_through_file:s0 tclass=lnk_file permissive=0 app=com.android.providers.media.module
05-29 02:16:53.328  1451  1732 I MediaProvider: Deleted 1 items on external_primary due to com.android.shell
05-29 02:16:53.284  1451  1451 W com.android.providers.media.module: type=1400 audit(0.0:383): avc: denied { read } for comm=4173796E635461736B202331 name="primary" dev="tmpfs" ino=27897 scontext=u:r:mediaprovider_app:s0:c125,c256,c512,c768 tcontext=u:object_r:mnt_pass_through_file:s0 tclass=lnk_file permissive=0 app=com.android.providers.media.module
05-29 02:16:53.288  1451  1451 I chatty  : uid=10125(com.android.providers.media.module) identical 2 lines
05-29 02:16:53.288  1451  1451 W com.android.providers.media.module: type=1400 audit(0.0:386): avc: denied { read } for comm=4173796E635461736B202331 name="primary" dev="tmpfs" ino=27897 scontext=u:r:mediaprovider_app:s0:c125,c256,c512,c768 tcontext=u:object_r:mnt_pass_through_file:s0 tclass=lnk_file permissive=0 app=com.android.providers.media.module
05-29 02:16:53.446  5335  5336 I cmd     : oneway function results will be dropped but finished with status OK and parcel size 4
05-29 02:16:53.655   162   162 I hwservicemanager: getTransport: Cannot find entry android.hardware.graphics.mapper@4.0::IMapper/default in either framework or device manifest.
05-29 02:16:53.656  5357  5357 I Gralloc4: mapper 4.x is not supported
05-29 02:16:53.718  5361  5363 I cmd     : oneway function results will be dropped but finished with status OK and parcel size 4
05-29 02:16:53.720  1451  2312 I MediaProvider: Begin Intent { act=android.intent.action.MEDIA_SCANNER_SCAN_FILE dat=file:///sdcard/screen_2026-05-29_021654.png flg=0x1400010 cmp=com.android.providers.media.module/com.android.providers.media.MediaService }
05-29 02:16:53.720  1451  2312 W ModernMediaScanner: Failed to visit /sdcard/screen_2026-05-29_021654.png: java.nio.file.AccessDeniedException: /sdcard/screen_2026-05-29_021654.png
05-29 02:16:53.721  1451  2312 I MediaProvider: Scanned internal due to REASON_DEMAND, found 0 items in 1ms, 0 inserts 0 updates 0 deletes
05-29 02:16:53.726  1451  2312 I MediaProvider: End Intent { act=android.intent.action.MEDIA_SCANNER_SCAN_FILE dat=file:///sdcard/screen_2026-05-29_021654.png flg=0x1400010 cmp=com.android.providers.media.module/com.android.providers.media.MediaService }
05-29 02:16:53.763  1451  2571 I MediaProvider: Deleted 1 items on external_primary due to com.android.shell
05-29 02:16:53.812  5372  5373 I cmd     : oneway function results will be dropped but finished with status OK and parcel size 4
05-29 02:16:54.003   162   162 I hwservicemanager: getTransport: Cannot find entry android.hardware.graphics.mapper@4.0::IMapper/default in either framework or device manifest.
05-29 02:16:54.003  5394  5394 I Gralloc4: mapper 4.x is not supported
05-29 02:16:54.090  5400  5402 I cmd     : oneway function results will be dropped but finished with status OK and parcel size 4
05-29 02:16:54.091  1451  2312 I MediaProvider: Begin Intent { act=android.intent.action.MEDIA_SCANNER_SCAN_FILE dat=file:///sdcard/screen_2026-05-29_021655.png flg=0x1400010 cmp=com.android.providers.media.module/com.android.providers.media.MediaService }
05-29 02:16:54.091  1451  2312 W ModernMediaScanner: Failed to visit /sdcard/screen_2026-05-29_021655.png: java.nio.file.AccessDeniedException: /sdcard/screen_2026-05-29_021655.png
05-29 02:16:54.092  1451  2312 I MediaProvider: Scanned internal due to REASON_DEMAND, found 0 items in 1ms, 0 inserts 0 updates 0 deletes
05-29 02:16:54.093  1451  2312 I MediaProvider: End Intent { act=android.intent.action.MEDIA_SCANNER_SCAN_FILE dat=file:///sdcard/screen_2026-05-29_021655.png flg=0x1400010 cmp=com.android.providers.media.module/com.android.providers.media.MediaService }
05-29 02:16:54.132  1451  1734 I MediaProvider: Deleted 1 items on external_primary due to com.android.shell
05-29 02:16:54.144  5303  5303 I dex2oat32: Explicit concurrent copying GC freed 73140(10MB) AllocSpace objects, 0(0B) LOS objects, 99% free, 8968B/1544KB, paused 24us total 51.769ms
05-29 02:16:54.149  5303  5303 I dex2oat32: Explicit concurrent copying GC freed 420(61KB) AllocSpace objects, 0(0B) LOS objects, 99% free, 11KB/1547KB, paused 12us total 1.473ms
05-29 02:16:54.164  5303  5303 I dex2oat32: Explicit concurrent copying GC freed 1436(221KB) AllocSpace objects, 0(0B) LOS objects, 99% free, 13KB/1549KB, paused 13us total 2.325ms
05-29 02:16:54.176  5303  5303 I dex2oat32: Explicit concurrent copying GC freed 880(125KB) AllocSpace objects, 0(0B) LOS objects, 98% free, 16KB/1552KB, paused 11us total 1.574ms
05-29 02:16:54.179  5414  5416 I cmd     : oneway function results will be dropped but finished with status OK and parcel size 4
05-29 02:16:54.183  5303  5303 I dex2oat32: Explicit concurrent copying GC freed 439(77KB) AllocSpace objects, 0(0B) LOS objects, 98% free, 18KB/1554KB, paused 13us total 2.017ms
05-29 02:16:54.188  5303  5303 I dex2oat32: Explicit concurrent copying GC freed 523(77KB) AllocSpace objects, 0(0B) LOS objects, 98% free, 21KB/1557KB, paused 14us total 1.434ms
05-29 02:16:54.198  5303  5303 I dex2oat32: Explicit concurrent copying GC freed 258(45KB) AllocSpace objects, 0(0B) LOS objects, 98% free, 23KB/1559KB, paused 11us total 1.846ms
05-29 02:16:54.202  5303  5303 I dex2oat32: Explicit concurrent copying GC freed 169(29KB) AllocSpace objects, 0(0B) LOS objects, 98% free, 26KB/1562KB, paused 13us total 1.988ms
05-29 02:16:54.206  5303  5303 I dex2oat32: Explicit concurrent copying GC freed 232(29KB) AllocSpace objects, 0(0B) LOS objects, 98% free, 28KB/1564KB, paused 10us total 1.480ms
05-29 02:16:54.209  5303  5303 I dex2oat32: Explicit concurrent copying GC freed 266(45KB) AllocSpace objects, 0(0B) LOS objects, 98% free, 31KB/1567KB, paused 10us total 1.393ms
05-29 02:16:54.220  5303  5303 I dex2oat32: Explicit concurrent copying GC freed 856(125KB) AllocSpace objects, 0(0B) LOS objects, 97% free, 33KB/1569KB, paused 12us total 1.595ms
05-29 02:16:54.224  5303  5303 I dex2oat32: Explicit concurrent copying GC freed 397(61KB) AllocSpace objects, 0(0B) LOS objects, 97% free, 36KB/1572KB, paused 11us total 2.170ms
05-29 02:16:54.231  5303  5303 I dex2oat32: Explicit concurrent copying GC freed 742(109KB) AllocSpace objects, 0(0B) LOS objects, 97% free, 39KB/1575KB, paused 10us total 1.481ms
05-29 02:16:54.236  5303  5303 I dex2oat32: Explicit concurrent copying GC freed 464(77KB) AllocSpace objects, 0(0B) LOS objects, 97% free, 41KB/1577KB, paused 10us total 1.530ms
05-29 02:16:54.239  5303  5303 I dex2oat32: Explicit concurrent copying GC freed 183(29KB) AllocSpace objects, 0(0B) LOS objects, 97% free, 44KB/1580KB, paused 10us total 1.479ms
05-29 02:16:54.246  5303  5303 I dex2oat32: Explicit concurrent copying GC freed 659(141KB) AllocSpace objects, 0(0B) LOS objects, 97% free, 46KB/1582KB, paused 10us total 1.512ms
05-29 02:16:54.253  5303  5303 I dex2oat32: Explicit concurrent copying GC freed 261(63KB) AllocSpace objects, 0(0B) LOS objects, 96% free, 49KB/1585KB, paused 13us total 2.418ms
05-29 02:16:54.267  5444  5445 I cmd     : oneway function results will be dropped but finished with status OK and parcel size 4
05-29 02:16:54.350  5303  5443 W dex2oat32: Accessing hidden method Landroid/graphics/Canvas;->drawPatch(Landroid/graphics/NinePatch;Landroid/graphics/Rect;Landroid/graphics/Paint;)V (greylist-max-o, linking, denied)
05-29 02:16:54.350  5303  5443 W dex2oat32: Accessing hidden method Landroid/graphics/Canvas;->drawPatch(Landroid/graphics/NinePatch;Landroid/graphics/RectF;Landroid/graphics/Paint;)V (greylist-max-o, linking, denied)
05-29 02:16:54.374  5303  5303 W dex2oat32: Accessing hidden method Landroid/graphics/Bitmap;->getHardwareBuffer()Landroid/hardware/HardwareBuffer; (blacklist, linking, denied)
05-29 02:16:54.594  5486  5486 E libc    : Access denied finding property "persist.device_config.runtime_native_boot.profilebootclasspath"
05-29 02:16:54.594  5486  5486 E libc    : Access denied finding property "persist.device_config.runtime_native_boot.enable_apex_image"
05-29 02:16:54.594  5486  5486 I AndroidRuntime: Using default boot image
05-29 02:16:54.594  5486  5486 E libc    : Access denied finding property "persist.device_config.runtime_native_boot.disable_lock_profiling"
05-29 02:16:54.594  5486  5486 I AndroidRuntime: Leaving lock profiling enabled
05-29 02:16:54.594  5486  5486 E libc    : Access denied finding property "persist.device_config.runtime_native_boot.enable_generational_cc"
05-29 02:16:54.596  5486  5486 I app_process: Core platform API reporting enabled, enforcing=false
05-29 02:16:54.616  5303  5303 W dex2oat32: Accessing hidden method Landroid/graphics/ImageDecoder;->createSource([B)Landroid/graphics/ImageDecoder$Source; (greylist-max-o, linking, denied)
05-29 02:16:54.645  5303  5443 W dex2oat32: Class androidx.compose.runtime.snapshots.SnapshotStateMap failed lock verification and will run slower.
05-29 02:16:54.645  5303  5443 W dex2oat32: Common causes for lock verification issues are non-optimized dex code
05-29 02:16:54.645  5303  5443 W dex2oat32: and incorrect proguard optimizations.
05-29 02:16:54.588  5486  5486 W app_process: type=1400 audit(0.0:400): avc: denied { read } for name="u:object_r:device_config_runtime_native_boot_prop:s0" dev="tmpfs" ino=8385 scontext=u:r:shell:s0 tcontext=u:object_r:device_config_runtime_native_boot_prop:s0 tclass=file permissive=0
05-29 02:16:54.655  5486  5486 W app_process: Unexpected CPU variant for X86 using defaults: x86_64
05-29 02:16:54.656  5486  5486 I app_process: The ClassLoaderContext is a special shared library.
05-29 02:16:54.682  5486  5486 W app_process: JNI RegisterNativeMethods: attempt to register 0 native methods for android.media.AudioAttributes
05-29 02:16:54.588  5486  5486 W app_process: type=1400 audit(0.0:401): avc: denied { read } for name="u:object_r:device_config_runtime_native_boot_prop:s0" dev="tmpfs" ino=8385 scontext=u:r:shell:s0 tcontext=u:object_r:device_config_runtime_native_boot_prop:s0 tclass=file permissive=0
05-29 02:16:54.747  5303  5443 W dex2oat32: Class androidx.compose.runtime.snapshots.SnapshotStateList failed lock verification and will run slower.
05-29 02:16:54.588  5486  5486 W app_process: type=1400 audit(0.0:403): avc: denied { read } for name="u:object_r:device_config_runtime_native_boot_prop:s0" dev="tmpfs" ino=8385 scontext=u:r:shell:s0 tcontext=u:object_r:device_config_runtime_native_boot_prop:s0 tclass=file permissive=0
05-29 02:16:54.787  5303  5303 I dex2oat32: Explicit concurrent copying GC freed 40762(6043KB) AllocSpace objects, 0(0B) LOS objects, 94% free, 88KB/1624KB, paused 13us total 12.114ms
05-29 02:16:54.969  5303  5303 I dex2oat32: Explicit concurrent copying GC freed 26380(3440KB) AllocSpace objects, 0(0B) LOS objects, 94% free, 96KB/1632KB, paused 12us total 5.714ms
05-29 02:16:54.981  5303  5303 I dex2oat32: dex2oat took 2.886s (3.105s cpu) (threads: 2) arena alloc=0B (0B) java alloc=96KB (98792B) native alloc=7506KB (7686224B) free=2117KB (2168816B) swap=16MB (16777216B)
05-29 02:16:54.990   512  5292 I system_server: The ClassLoaderContext is a special shared library.
05-29 02:16:55.016   512  5292 I chatty  : uid=1000(system) BackgroundDexOp identical 19 lines
05-29 02:16:55.017   512  5292 I system_server: The ClassLoaderContext is a special shared library.
05-29 02:16:55.017   512  5292 I BackgroundDexOptService: Pinning optimized code {android, io.github.ylimit.droidbotapp, com.mocoding.pokedex.android}
05-29 02:16:56.434   162   162 I hwservicemanager: getTransport: Cannot find entry android.hardware.graphics.mapper@4.0::IMapper/default in either framework or device manifest.
05-29 02:16:56.435  5517  5517 I Gralloc4: mapper 4.x is not supported
05-29 02:16:56.485  1451  2312 I MediaProvider: Begin Intent { act=android.intent.action.MEDIA_SCANNER_SCAN_FILE dat=file:///sdcard/screen_2026-05-29_021657.png flg=0x1400010 cmp=com.android.providers.media.module/com.android.providers.media.MediaService }
05-29 02:16:56.493  1451  2312 W ModernMediaScanner: Failed to visit /sdcard/screen_2026-05-29_021657.png: java.nio.file.AccessDeniedException: /sdcard/screen_2026-05-29_021657.png
05-29 02:16:56.493  1451  2312 I MediaProvider: Scanned internal due to REASON_DEMAND, found 0 items in 2ms, 0 inserts 0 updates 0 deletes
05-29 02:16:56.495  1451  2312 I MediaProvider: End Intent { act=android.intent.action.MEDIA_SCANNER_SCAN_FILE dat=file:///sdcard/screen_2026-05-29_021657.png flg=0x1400010 cmp=com.android.providers.media.module/com.android.providers.media.MediaService }
05-29 02:16:56.480  1451  1451 W com.android.providers.media.module: type=1400 audit(0.0:404): avc: denied { read } for comm=4173796E635461736B202331 name="primary" dev="tmpfs" ino=27897 scontext=u:r:mediaprovider_app:s0:c125,c256,c512,c768 tcontext=u:object_r:mnt_pass_through_file:s0 tclass=lnk_file permissive=0 app=com.android.providers.media.module
05-29 02:16:56.570  1451  1734 I MediaProvider: Deleted 1 items on external_primary due to com.android.shell
05-29 02:16:56.480  1451  1451 W com.android.providers.media.module: type=1400 audit(0.0:408): avc: denied { read } for comm=4173796E635461736B202331 name="primary" dev="tmpfs" ino=27897 scontext=u:r:mediaprovider_app:s0:c125,c256,c512,c768 tcontext=u:object_r:mnt_pass_through_file:s0 tclass=lnk_file permissive=0 app=com.android.providers.media.module
05-29 02:16:56.777   162   162 I hwservicemanager: getTransport: Cannot find entry android.hardware.graphics.mapper@4.0::IMapper/default in either framework or device manifest.
05-29 02:16:56.778  5554  5554 I Gralloc4: mapper 4.x is not supported
05-29 02:16:56.838  1451  2312 I MediaProvider: Begin Intent { act=android.intent.action.MEDIA_SCANNER_SCAN_FILE dat=file:///sdcard/screen_2026-05-29_021657.png flg=0x1400010 cmp=com.android.providers.media.module/com.android.providers.media.MediaService }
05-29 02:16:56.847  1451  2312 W ModernMediaScanner: Failed to visit /sdcard/screen_2026-05-29_021657.png: java.nio.file.AccessDeniedException: /sdcard/screen_2026-05-29_021657.png
05-29 02:16:56.848  1451  2312 I MediaProvider: Scanned internal due to REASON_DEMAND, found 0 items in 2ms, 0 inserts 0 updates 0 deletes
05-29 02:16:56.849  1451  2312 I MediaProvider: End Intent { act=android.intent.action.MEDIA_SCANNER_SCAN_FILE dat=file:///sdcard/screen_2026-05-29_021657.png flg=0x1400010 cmp=com.android.providers.media.module/com.android.providers.media.MediaService }
05-29 02:16:57.415     0     0 W audit   : audit_lost=211 audit_rate_limit=5 audit_backlog_limit=64
05-29 02:16:57.419     0     0 E audit   : rate limit exceeded
05-29 02:16:56.875  1451  2571 I MediaProvider: Deleted 1 items on external_primary due to com.android.shell
05-29 02:16:56.912  5569  5571 I cmd     : oneway function results will be dropped but finished with status OK and parcel size 4
05-29 02:16:57.070   162   162 I hwservicemanager: getTransport: Cannot find entry android.hardware.graphics.mapper@4.0::IMapper/default in either framework or device manifest.
05-29 02:16:57.070  5591  5591 I Gralloc4: mapper 4.x is not supported
05-29 02:16:57.129  1451  2312 I MediaProvider: Begin Intent { act=android.intent.action.MEDIA_SCANNER_SCAN_FILE dat=file:///sdcard/screen_2026-05-29_021658.png flg=0x1400010 cmp=com.android.providers.media.module/com.android.providers.media.MediaService }
05-29 02:16:57.131  1451  2312 W ModernMediaScanner: Failed to visit /sdcard/screen_2026-05-29_021658.png: java.nio.file.AccessDeniedException: /sdcard/screen_2026-05-29_021658.png
05-29 02:16:57.131  1451  2312 I MediaProvider: Scanned internal due to REASON_DEMAND, found 0 items in 2ms, 0 inserts 0 updates 0 deletes
05-29 02:16:57.132  1451  2312 I MediaProvider: End Intent { act=android.intent.action.MEDIA_SCANNER_SCAN_FILE dat=file:///sdcard/screen_2026-05-29_021658.png flg=0x1400010 cmp=com.android.providers.media.module/com.android.providers.media.MediaService }
05-29 02:16:57.160  1451  1732 I MediaProvider: Deleted 1 items on external_primary due to com.android.shell
05-29 02:16:57.410  5653  5655 I cmd     : oneway function results will be dropped but finished with status OK and parcel size 4
05-29 02:16:57.515  5665  5665 E libc    : Access denied finding property "persist.device_config.runtime_native_boot.profilebootclasspath"
05-29 02:16:57.515  5665  5665 E libc    : Access denied finding property "persist.device_config.runtime_native_boot.enable_apex_image"
05-29 02:16:57.515  5665  5665 I AndroidRuntime: Using default boot image
05-29 02:16:57.515  5665  5665 E libc    : Access denied finding property "persist.device_config.runtime_native_boot.disable_lock_profiling"
05-29 02:16:57.515  5665  5665 I AndroidRuntime: Leaving lock profiling enabled
05-29 02:16:57.515  5665  5665 E libc    : Access denied finding property "persist.device_config.runtime_native_boot.enable_generational_cc"
05-29 02:16:57.517  5665  5665 I app_process: Core platform API reporting enabled, enforcing=false
05-29 02:16:57.508  5665  5665 W app_process: type=1400 audit(0.0:422): avc: denied { read } for name="u:object_r:device_config_runtime_native_boot_prop:s0" dev="tmpfs" ino=8385 scontext=u:r:shell:s0 tcontext=u:object_r:device_config_runtime_native_boot_prop:s0 tclass=file permissive=0
05-29 02:16:57.512  5665  5665 I chatty  : uid=2000(shell) main identical 2 lines
05-29 02:16:57.512  5665  5665 W app_process: type=1400 audit(0.0:425): avc: denied { read } for name="u:object_r:device_config_runtime_native_boot_prop:s0" dev="tmpfs" ino=8385 scontext=u:r:shell:s0 tcontext=u:object_r:device_config_runtime_native_boot_prop:s0 tclass=file permissive=0
05-29 02:16:57.589  5665  5665 W app_process: Unexpected CPU variant for X86 using defaults: x86_64
05-29 02:16:57.590  5665  5665 I app_process: The ClassLoaderContext is a special shared library.
05-29 02:16:57.597  5665  5665 W app_process: JNI RegisterNativeMethods: attempt to register 0 native methods for android.media.AudioAttributes
05-29 02:16:58.717  1428  1908 I Dialer  : OmtpVvmCarrierCfgHlpr - OmtpEvent:CONFIG_STATUS_SMS_TIME_OUT
05-29 02:16:58.717  1428  1428 I Dialer  : RetryPolicy - discarding deferred status: configuration_state=4
05-29 02:16:58.718  1428  1428 I Dialer  : VvmTaskExecutor - no more tasks, stopping service if no task are added in 5000 millis
05-29 02:16:58.719  1428  1428 I Dialer  : VvmTaskReceiver - task received
05-29 02:16:58.719  1428  1428 I Dialer  : VvmTaskReceiver - TaskExecutor already running
05-29 02:16:58.719  1428  1428 I Dialer  : Task.createTask - create task:com.android.voicemail.impl.ActivationTask
05-29 02:16:58.719  1428  1428 I Dialer  : RetryPolicy - retry #1 for com.android.voicemail.impl.ActivationTask@9d3ce7 queued, executing in 5000
05-29 02:16:58.719  1428  1428 I Dialer  : VvmTaskExecutor - com.android.voicemail.impl.ActivationTask@9d3ce7 added
05-29 02:16:58.720  1428  1428 I Dialer  : VvmTaskExecutor - minimal wait time:5000
05-29 02:16:58.720  1428  1428 I Dialer  : VvmTaskExecutor - sleep for 5000 millis
05-29 02:16:59.376   162   162 I hwservicemanager: getTransport: Cannot find entry android.hardware.graphics.mapper@4.0::IMapper/default in either framework or device manifest.
05-29 02:16:59.376  5694  5694 I Gralloc4: mapper 4.x is not supported
05-29 02:16:59.435  5698  5700 I cmd     : oneway function results will be dropped but finished with status OK and parcel size 4
05-29 02:16:59.436  1451  2312 I MediaProvider: Begin Intent { act=android.intent.action.MEDIA_SCANNER_SCAN_FILE dat=file:///sdcard/screen_2026-05-29_021700.png flg=0x1400010 cmp=com.android.providers.media.module/com.android.providers.media.MediaService }
05-29 02:16:59.438  1451  2312 W ModernMediaScanner: Failed to visit /sdcard/screen_2026-05-29_021700.png: java.nio.file.AccessDeniedException: /sdcard/screen_2026-05-29_021700.png
05-29 02:16:59.439  1451  2312 I MediaProvider: Scanned internal due to REASON_DEMAND, found 0 items in 1ms, 0 inserts 0 updates 0 deletes
05-29 02:16:59.440  1451  2312 I MediaProvider: End Intent { act=android.intent.action.MEDIA_SCANNER_SCAN_FILE dat=file:///sdcard/screen_2026-05-29_021700.png flg=0x1400010 cmp=com.android.providers.media.module/com.android.providers.media.MediaService }
05-29 02:16:59.432  1451  1451 W com.android.providers.media.module: type=1400 audit(0.0:426): avc: denied { read } for comm=4173796E635461736B202331 name="primary" dev="tmpfs" ino=27897 scontext=u:r:mediaprovider_app:s0:c125,c256,c512,c768 tcontext=u:object_r:mnt_pass_through_file:s0 tclass=lnk_file permissive=0 app=com.android.providers.media.module
05-29 02:16:59.516  1451  2571 I MediaProvider: Deleted 1 items on external_primary due to com.android.shell
05-29 02:16:59.551  5709  5711 I cmd     : oneway function results will be dropped but finished with status OK and parcel size 4
05-29 02:16:59.717   162   162 I hwservicemanager: getTransport: Cannot find entry android.hardware.graphics.mapper@4.0::IMapper/default in either framework or device manifest.
05-29 02:16:59.717  5731  5731 I Gralloc4: mapper 4.x is not supported
05-29 02:16:59.768  1451  2312 I MediaProvider: Begin Intent { act=android.intent.action.MEDIA_SCANNER_SCAN_FILE dat=file:///sdcard/screen_2026-05-29_021700.png flg=0x1400010 cmp=com.android.providers.media.module/com.android.providers.media.MediaService }
05-29 02:17:00.345     0     0 W audit   : audit_lost=223 audit_rate_limit=5 audit_backlog_limit=64
05-29 02:17:00.350     0     0 E audit   : rate limit exceeded
05-29 02:16:59.778  1451  2312 W ModernMediaScanner: Failed to visit /sdcard/screen_2026-05-29_021700.png: java.nio.file.AccessDeniedException: /sdcard/screen_2026-05-29_021700.png
05-29 02:16:59.779  1451  2312 I MediaProvider: Scanned internal due to REASON_DEMAND, found 0 items in 1ms, 0 inserts 0 updates 0 deletes
05-29 02:16:59.780  1451  2312 I MediaProvider: End Intent { act=android.intent.action.MEDIA_SCANNER_SCAN_FILE dat=file:///sdcard/screen_2026-05-29_021700.png flg=0x1400010 cmp=com.android.providers.media.module/com.android.providers.media.MediaService }
05-29 02:16:59.800  1451  1732 I MediaProvider: Deleted 1 items on external_primary due to com.android.shell
05-29 02:16:59.833  5746  5748 I cmd     : oneway function results will be dropped but finished with status OK and parcel size 4
05-29 02:16:59.993   162   162 I hwservicemanager: getTransport: Cannot find entry android.hardware.graphics.mapper@4.0::IMapper/default in either framework or device manifest.
05-29 02:16:59.993  5768  5768 I Gralloc4: mapper 4.x is not supported
05-29 02:17:00.055  5773  5775 I cmd     : oneway function results will be dropped but finished with status OK and parcel size 4
05-29 02:17:00.056  1451  2312 I MediaProvider: Begin Intent { act=android.intent.action.MEDIA_SCANNER_SCAN_FILE dat=file:///sdcard/screen_2026-05-29_021701.png flg=0x1400010 cmp=com.android.providers.media.module/com.android.providers.media.MediaService }
05-29 02:17:00.057  1451  2312 W ModernMediaScanner: Failed to visit /sdcard/screen_2026-05-29_021701.png: java.nio.file.AccessDeniedException: /sdcard/screen_2026-05-29_021701.png
05-29 02:17:00.058  1451  2312 I MediaProvider: Scanned internal due to REASON_DEMAND, found 0 items in 1ms, 0 inserts 0 updates 0 deletes
05-29 02:17:00.059  1451  2312 I MediaProvider: End Intent { act=android.intent.action.MEDIA_SCANNER_SCAN_FILE dat=file:///sdcard/screen_2026-05-29_021701.png flg=0x1400010 cmp=com.android.providers.media.module/com.android.providers.media.MediaService }
05-29 02:17:00.134  1451  1732 I MediaProvider: Deleted 1 items on external_primary due to com.android.shell
05-29 02:17:00.170  5785  5787 I cmd     : oneway function results will be dropped but finished with status OK and parcel size 4
05-29 02:17:00.264  5795  5795 E libc    : Access denied finding property "persist.device_config.runtime_native_boot.profilebootclasspath"
05-29 02:17:00.264  5795  5795 E libc    : Access denied finding property "persist.device_config.runtime_native_boot.enable_apex_image"
05-29 02:17:00.264  5795  5795 I AndroidRuntime: Using default boot image
05-29 02:17:00.264  5795  5795 E libc    : Access denied finding property "persist.device_config.runtime_native_boot.disable_lock_profiling"
05-29 02:17:00.264  5795  5795 I AndroidRuntime: Leaving lock profiling enabled
05-29 02:17:00.264  5795  5795 E libc    : Access denied finding property "persist.device_config.runtime_native_boot.enable_generational_cc"
05-29 02:17:00.266  5795  5795 I app_process: Core platform API reporting enabled, enforcing=false
05-29 02:17:00.321  5795  5795 W app_process: Unexpected CPU variant for X86 using defaults: x86_64
05-29 02:17:00.322  5795  5795 I app_process: The ClassLoaderContext is a special shared library.
05-29 02:17:00.330  5795  5795 W app_process: JNI RegisterNativeMethods: attempt to register 0 native methods for android.media.AudioAttributes
05-29 02:17:00.408   512  1691 W InputReader: Device virtio_input_multi_touch_10 is associated with display ADISPLAY_ID_NONE.
05-29 02:17:00.408   512  1691 W InputReader: Device virtio_input_multi_touch_7 is associated with display ADISPLAY_ID_NONE.
05-29 02:17:00.408   512  1691 W InputReader: Device virtio_input_multi_touch_4 is associated with display ADISPLAY_ID_NONE.
05-29 02:17:00.408   512  1691 W InputReader: Device virtio_input_multi_touch_5 is associated with display ADISPLAY_ID_NONE.
05-29 02:17:00.408   512  1691 W InputReader: Device virtio_input_multi_touch_2 is associated with display ADISPLAY_ID_NONE.
05-29 02:17:00.409   512  1691 W InputReader: Device virtio_input_multi_touch_6 is associated with display ADISPLAY_ID_NONE.
05-29 02:17:00.409   512  1691 W InputReader: Device virtio_input_multi_touch_3 is associated with display ADISPLAY_ID_NONE.
05-29 02:17:00.409   512  1691 W InputReader: Device virtio_input_multi_touch_8 is associated with display ADISPLAY_ID_NONE.
05-29 02:17:00.409   512  1691 W InputReader: Device virtio_input_multi_touch_9 is associated with display ADISPLAY_ID_NONE.
05-29 02:17:00.409   512  1691 W InputReader: Device virtio_input_multi_touch_11 is associated with display ADISPLAY_ID_NONE.
05-29 02:17:00.409   512  1691 W InputReader: Device virtio_input_multi_touch_10 is associated with display ADISPLAY_ID_NONE.
05-29 02:17:00.409   512  1691 W InputReader: Device virtio_input_multi_touch_7 is associated with display ADISPLAY_ID_NONE.
05-29 02:17:00.409   512  1691 W InputReader: Device virtio_input_multi_touch_4 is associated with display ADISPLAY_ID_NONE.
05-29 02:17:00.409   512  1691 W InputReader: Device virtio_input_multi_touch_5 is associated with display ADISPLAY_ID_NONE.
05-29 02:17:00.409   512  1691 W InputReader: Device virtio_input_multi_touch_2 is associated with display ADISPLAY_ID_NONE.
05-29 02:17:00.409   512  1691 W InputReader: Device virtio_input_multi_touch_6 is associated with display ADISPLAY_ID_NONE.
05-29 02:17:00.409   512  1691 W InputReader: Device virtio_input_multi_touch_3 is associated with display ADISPLAY_ID_NONE.
05-29 02:17:00.409   512  1691 W InputReader: Device virtio_input_multi_touch_8 is associated with display ADISPLAY_ID_NONE.
05-29 02:17:00.409   512  1691 W InputReader: Device virtio_input_multi_touch_9 is associated with display ADISPLAY_ID_NONE.
05-29 02:17:00.409   512  1691 W InputReader: Device virtio_input_multi_touch_11 is associated with display ADISPLAY_ID_NONE.
05-29 02:17:00.440   162   162 I hwservicemanager: getTransport: Cannot find entry android.hardware.configstore@1.0::ISurfaceFlingerConfigs/default in either framework or device manifest.
05-29 02:17:00.619   354   354 E Layer   : [Surface(name=Task=9)/@0xa4da389 - animation-leash#0] No local sync point found
05-29 02:17:00.619   354   354 I chatty  : uid=1000(system) /system/bin/surfaceflinger identical 1 line
05-29 02:17:00.619   354   354 E Layer   : [Surface(name=Task=9)/@0xa4da389 - animation-leash#0] No local sync point found
05-29 02:17:00.619   354   354 E Layer   : [Surface(name=Task=1)/@0xde663bc - animation-leash#0] No local sync point found
05-29 02:17:00.619   354   354 I chatty  : uid=1000(system) /system/bin/surfaceflinger identical 1 line
05-29 02:17:00.619   354   354 E Layer   : [Surface(name=Task=1)/@0xde663bc - animation-leash#0] No local sync point found
05-29 02:17:00.703   354   354 E Layer   : [Surface(name=Task=9)/@0xa4da389 - animation-leash#0] No local sync point found
05-29 02:17:00.703   354   354 E Layer   : [Surface(name=Task=1)/@0xde663bc - animation-leash#0] No local sync point found
05-29 02:17:00.786   354   354 E Layer   : [Surface(name=Task=9)/@0xa4da389 - animation-leash#0] No local sync point found
05-29 02:17:00.786   354   354 E Layer   : [Surface(name=Task=1)/@0xde663bc - animation-leash#0] No local sync point found
05-29 02:17:00.803   354   354 E Layer   : [Surface(name=Task=9)/@0xa4da389 - animation-leash#0] No local sync point found
05-29 02:17:00.803   354   354 E Layer   : [Surface(name=Task=1)/@0xde663bc - animation-leash#0] No local sync point found
05-29 02:17:00.819   354   354 E Layer   : [Surface(name=Task=9)/@0xa4da389 - animation-leash#0] No local sync point found
05-29 02:17:00.819   354   354 E Layer   : [Surface(name=Task=1)/@0xde663bc - animation-leash#0] No local sync point found
05-29 02:17:01.915   162   162 I hwservicemanager: getTransport: Cannot find entry android.hardware.graphics.mapper@4.0::IMapper/default in either framework or device manifest.
05-29 02:17:01.915  5838  5838 I Gralloc4: mapper 4.x is not supported
05-29 02:17:02.009  1451  2312 I MediaProvider: Begin Intent { act=android.intent.action.MEDIA_SCANNER_SCAN_FILE dat=file:///sdcard/screen_2026-05-29_021703.png flg=0x1400010 cmp=com.android.providers.media.module/com.android.providers.media.MediaService }
05-29 02:17:02.004  1451  1451 W com.android.providers.media.module: type=1400 audit(0.0:448): avc: denied { read } for comm=4173796E635461736B202331 name="primary" dev="tmpfs" ino=27897 scontext=u:r:mediaprovider_app:s0:c125,c256,c512,c768 tcontext=u:object_r:mnt_pass_through_file:s0 tclass=lnk_file permissive=0 app=com.android.providers.media.module
05-29 02:17:02.594     0     0 W audit   : audit_lost=239 audit_rate_limit=5 audit_backlog_limit=64
05-29 02:17:02.610     0     0 E audit   : rate limit exceeded
05-29 02:17:02.012  1451  1451 W com.android.providers.media.module: type=1400 audit(0.0:449): avc: denied { read } for comm=4173796E635461736B202331 name="primary" dev="tmpfs" ino=27897 scontext=u:r:mediaprovider_app:s0:c125,c256,c512,c768 tcontext=u:object_r:mnt_pass_through_file:s0 tclass=lnk_file permissive=0 app=com.android.providers.media.module
05-29 02:17:02.055  1451  2312 W ModernMediaScanner: Failed to visit /sdcard/screen_2026-05-29_021703.png: java.nio.file.AccessDeniedException: /sdcard/screen_2026-05-29_021703.png
05-29 02:17:02.057  1451  2312 I MediaProvider: Scanned internal due to REASON_DEMAND, found 0 items in 39ms, 0 inserts 0 updates 0 deletes
05-29 02:17:02.062  1451  2312 I MediaProvider: End Intent { act=android.intent.action.MEDIA_SCANNER_SCAN_FILE dat=file:///sdcard/screen_2026-05-29_021703.png flg=0x1400010 cmp=com.android.providers.media.module/com.android.providers.media.MediaService }
05-29 02:17:02.012  1451  1451 W com.android.providers.media.module: type=1400 audit(0.0:450): avc: denied { read } for comm=4173796E635461736B202331 name="primary" dev="tmpfs" ino=27897 scontext=u:r:mediaprovider_app:s0:c125,c256,c512,c768 tcontext=u:object_r:mnt_pass_through_file:s0 tclass=lnk_file permissive=0 app=com.android.providers.media.module
05-29 02:17:02.128  1451  2571 I MediaProvider: Deleted 1 items on external_primary due to com.android.shell
05-29 02:17:02.162  5853  5855 I cmd     : oneway function results will be dropped but finished with status OK and parcel size 4
05-29 02:17:02.316   162   162 I hwservicemanager: getTransport: Cannot find entry android.hardware.graphics.mapper@4.0::IMapper/default in either framework or device manifest.
05-29 02:17:02.316  5875  5875 I Gralloc4: mapper 4.x is not supported
05-29 02:17:02.409  1451  2312 I MediaProvider: Begin Intent { act=android.intent.action.MEDIA_SCANNER_SCAN_FILE dat=file:///sdcard/screen_2026-05-29_021703.png flg=0x1400010 cmp=com.android.providers.media.module/com.android.providers.media.MediaService }
05-29 02:17:02.410  1451  2312 W ModernMediaScanner: Failed to visit /sdcard/screen_2026-05-29_021703.png: java.nio.file.AccessDeniedException: /sdcard/screen_2026-05-29_021703.png
05-29 02:17:02.412  1451  2312 I MediaProvider: Scanned internal due to REASON_DEMAND, found 0 items in 2ms, 0 inserts 0 updates 0 deletes
05-29 02:17:02.445  1451  2312 I MediaProvider: End Intent { act=android.intent.action.MEDIA_SCANNER_SCAN_FILE dat=file:///sdcard/screen_2026-05-29_021703.png flg=0x1400010 cmp=com.android.providers.media.module/com.android.providers.media.MediaService }
05-29 02:17:02.468  1451  1734 I MediaProvider: Deleted 1 items on external_primary due to com.android.shell
05-29 02:17:02.503  5892  5894 I cmd     : oneway function results will be dropped but finished with status OK and parcel size 4
05-29 02:17:02.660   162   162 I hwservicemanager: getTransport: Cannot find entry android.hardware.graphics.mapper@4.0::IMapper/default in either framework or device manifest.
05-29 02:17:02.660  5914  5914 I Gralloc4: mapper 4.x is not supported
05-29 02:17:02.750  5918  5920 I cmd     : oneway function results will be dropped but finished with status OK and parcel size 4
05-29 02:17:02.752  1451  2312 I MediaProvider: Begin Intent { act=android.intent.action.MEDIA_SCANNER_SCAN_FILE dat=file:///sdcard/screen_2026-05-29_021703.png flg=0x1400010 cmp=com.android.providers.media.module/com.android.providers.media.MediaService }
05-29 02:17:02.754  1451  2312 W ModernMediaScanner: Failed to visit /sdcard/screen_2026-05-29_021703.png: java.nio.file.AccessDeniedException: /sdcard/screen_2026-05-29_021703.png
05-29 02:17:02.755  1451  2312 I MediaProvider: Scanned internal due to REASON_DEMAND, found 0 items in 1ms, 0 inserts 0 updates 0 deletes
05-29 02:17:02.755  1451  2312 I MediaProvider: End Intent { act=android.intent.action.MEDIA_SCANNER_SCAN_FILE dat=file:///sdcard/screen_2026-05-29_021703.png flg=0x1400010 cmp=com.android.providers.media.module/com.android.providers.media.MediaService }
05-29 02:17:02.783  1451  1732 I MediaProvider: Deleted 1 items on external_primary due to com.android.shell
05-29 02:17:02.819  5929  5931 I cmd     : oneway function results will be dropped but finished with status OK and parcel size 4
05-29 02:17:02.875   512  1178 I ActivityTaskManager: START u0 {act=android.intent.action.MAIN cat=[android.intent.category.LAUNCHER] flg=0x10000000 cmp=com.mocoding.pokedex.android/.MainActivity} from uid 2000
05-29 02:17:02.876   432   432 I perfetto: ing_service_impl.cc:758 Configured tracing session 7, #sources:1, duration:5000 ms, #buffers:1, total buffer size:4096 KB, total sessions:1, uid:1071 session name: ""
05-29 02:17:02.876   427   427 I perfetto: probes_producer.cc:230  Ftrace setup (target_buf=7)
05-29 02:17:02.884   512  1583 W ActivityTaskManager: Tried to set launchTime (0) < mLastActivityLaunchTime (43732)
05-29 02:17:02.884   512  1583 W InputReader: Device virtio_input_multi_touch_10 is associated with display ADISPLAY_ID_NONE.
05-29 02:17:02.885   512  1583 W InputReader: Device virtio_input_multi_touch_7 is associated with display ADISPLAY_ID_NONE.
05-29 02:17:02.885   512  1583 W InputReader: Device virtio_input_multi_touch_4 is associated with display ADISPLAY_ID_NONE.
05-29 02:17:02.885   512  1583 W InputReader: Device virtio_input_multi_touch_5 is associated with display ADISPLAY_ID_NONE.
05-29 02:17:02.885   512  1583 W InputReader: Device virtio_input_multi_touch_2 is associated with display ADISPLAY_ID_NONE.
05-29 02:17:02.885   512  1583 W InputReader: Device virtio_input_multi_touch_6 is associated with display ADISPLAY_ID_NONE.
