05-29 02:16:18.400  3273  3273 W app_process: type=1400 audit(0.0:137): avc: denied { read } for name="u:object_r:device_config_runtime_native_boot_prop:s0" dev="tmpfs" ino=8385 scontext=u:r:shell:s0 tcontext=u:object_r:device_config_runtime_native_boot_prop:s0 tclass=file permissive=0
05-29 02:16:18.487  3273  3273 W app_process: Unexpected CPU variant for X86 using defaults: x86_64
05-29 02:16:18.489  3273  3273 I app_process: The ClassLoaderContext is a special shared library.
05-29 02:16:18.497  3273  3273 W app_process: JNI RegisterNativeMethods: attempt to register 0 native methods for android.media.AudioAttributes
05-29 02:16:19.337  2936  2958 I receiver.modul: Waiting for a blocking GC ProfileSaver
05-29 02:16:19.659   512   658 E WifiHealthMonitor:  Hit PackageManager exception
05-29 02:16:19.659   512   658 E WifiHealthMonitor: android.content.pm.PackageManager$NameNotFoundException: com.google.android.wifi
05-29 02:16:19.659   512   658 E WifiHealthMonitor: 	at android.app.ApplicationPackageManager.getPackageInfoAsUser(ApplicationPackageManager.java:206)
05-29 02:16:19.659   512   658 E WifiHealthMonitor: 	at android.app.ApplicationPackageManager.getPackageInfo(ApplicationPackageManager.java:178)
05-29 02:16:19.659   512   658 E WifiHealthMonitor: 	at com.android.server.wifi.WifiHealthMonitor.extractCurrentSoftwareBuildInfo(WifiHealthMonitor.java:545)
05-29 02:16:19.659   512   658 E WifiHealthMonitor: 	at com.android.server.wifi.WifiHealthMonitor.postBootSwBuildCheck(WifiHealthMonitor.java:477)
05-29 02:16:19.659   512   658 E WifiHealthMonitor: 	at com.android.server.wifi.WifiHealthMonitor.postBootDetectionHandler(WifiHealthMonitor.java:468)
05-29 02:16:19.659   512   658 E WifiHealthMonitor: 	at com.android.server.wifi.WifiHealthMonitor.access$200(WifiHealthMonitor.java:70)
05-29 02:16:19.659   512   658 E WifiHealthMonitor: 	at com.android.server.wifi.WifiHealthMonitor$2.onAlarm(WifiHealthMonitor.java:163)
05-29 02:16:19.659   512   658 E WifiHealthMonitor: 	at android.app.AlarmManager$ListenerWrapper.run(AlarmManager.java:239)
05-29 02:16:19.659   512   658 E WifiHealthMonitor: 	at android.os.Handler.handleCallback(Handler.java:938)
05-29 02:16:19.659   512   658 E WifiHealthMonitor: 	at android.os.Handler.dispatchMessage(Handler.java:99)
05-29 02:16:19.659   512   658 E WifiHealthMonitor: 	at android.os.Looper.loop(Looper.java:223)
05-29 02:16:19.659   512   658 E WifiHealthMonitor: 	at android.os.HandlerThread.run(HandlerThread.java:67)
05-29 02:16:20.269   162   162 I hwservicemanager: getTransport: Cannot find entry android.hardware.graphics.mapper@4.0::IMapper/default in either framework or device manifest.
05-29 02:16:20.269  3302  3302 I Gralloc4: mapper 4.x is not supported
05-29 02:16:20.333   512   839 I ActivityManager: Killing 1628:android.process.acore/u0a63 (adj 985): empty #17
05-29 02:16:20.338  1451  2312 I MediaProvider: Begin Intent { act=android.intent.action.MEDIA_SCANNER_SCAN_FILE dat=file:///sdcard/screen_2026-05-29_021621.png flg=0x1400010 cmp=com.android.providers.media.module/com.android.providers.media.MediaService }
05-29 02:16:20.341  3306  3308 I cmd     : oneway function results will be dropped but finished with status OK and parcel size 4
05-29 02:16:20.341  1451  2312 W ModernMediaScanner: Failed to visit /sdcard/screen_2026-05-29_021621.png: java.nio.file.AccessDeniedException: /sdcard/screen_2026-05-29_021621.png
05-29 02:16:20.341  1451  2312 I MediaProvider: Scanned internal due to REASON_DEMAND, found 0 items in 4ms, 0 inserts 0 updates 0 deletes
05-29 02:16:20.342  1451  2312 I MediaProvider: End Intent { act=android.intent.action.MEDIA_SCANNER_SCAN_FILE dat=file:///sdcard/screen_2026-05-29_021621.png flg=0x1400010 cmp=com.android.providers.media.module/com.android.providers.media.MediaService }
05-29 02:16:20.332  1451  1451 W com.android.providers.media.module: type=1400 audit(0.0:140): avc: denied { read } for comm=4173796E635461736B202331 name="primary" dev="tmpfs" ino=27897 scontext=u:r:mediaprovider_app:s0:c125,c256,c512,c768 tcontext=u:object_r:mnt_pass_through_file:s0 tclass=lnk_file permissive=0 app=com.android.providers.media.module
05-29 02:16:20.934     0     0 I binder  : undelivered transaction 140794, process died.
05-29 02:16:20.358   281   281 I Zygote  : Process 1628 exited due to signal 9 (Killed)
05-29 02:16:20.379   512   553 I libprocessgroup: Successfully killed process cgroup uid 10063 pid 1628 in 42ms
05-29 02:16:20.332  1451  1451 W com.android.providers.media.module: type=1400 audit(0.0:141): avc: denied { read } for comm=4173796E635461736B202331 name="primary" dev="tmpfs" ino=27897 scontext=u:r:mediaprovider_app:s0:c125,c256,c512,c768 tcontext=u:object_r:mnt_pass_through_file:s0 tclass=lnk_file permissive=0 app=com.android.providers.media.module
05-29 02:16:20.336  1451  1451 W com.android.providers.media.module: type=1400 audit(0.0:145): avc: denied { read } for comm=4173796E635461736B202331 name="primary" dev="tmpfs" ino=27897 scontext=u:r:mediaprovider_app:s0:c125,c256,c512,c768 tcontext=u:object_r:mnt_pass_through_file:s0 tclass=lnk_file permissive=0 app=com.android.providers.media.module
05-29 02:16:20.455  1451  2571 I MediaProvider: Deleted 1 items on external_primary due to com.android.shell
05-29 02:16:20.494  3319  3321 I cmd     : oneway function results will be dropped but finished with status OK and parcel size 4
05-29 02:16:20.672   162   162 I hwservicemanager: getTransport: Cannot find entry android.hardware.graphics.mapper@4.0::IMapper/default in either framework or device manifest.
05-29 02:16:20.672  3341  3341 I Gralloc4: mapper 4.x is not supported
05-29 02:16:20.737  1451  2312 I MediaProvider: Begin Intent { act=android.intent.action.MEDIA_SCANNER_SCAN_FILE dat=file:///sdcard/screen_2026-05-29_021621.png flg=0x1400010 cmp=com.android.providers.media.module/com.android.providers.media.MediaService }
05-29 02:16:20.739  3345  3347 I cmd     : oneway function results will be dropped but finished with status OK and parcel size 4
05-29 02:16:21.313     0     0 W audit   : audit_lost=62 audit_rate_limit=5 audit_backlog_limit=64
05-29 02:16:21.319     0     0 E audit   : rate limit exceeded
05-29 02:16:20.751  1451  2312 W ModernMediaScanner: Failed to visit /sdcard/screen_2026-05-29_021621.png: java.nio.file.AccessDeniedException: /sdcard/screen_2026-05-29_021621.png
05-29 02:16:20.752  1451  2312 I MediaProvider: Scanned internal due to REASON_DEMAND, found 0 items in 5ms, 0 inserts 0 updates 0 deletes
05-29 02:16:20.754  1451  2312 I MediaProvider: End Intent { act=android.intent.action.MEDIA_SCANNER_SCAN_FILE dat=file:///sdcard/screen_2026-05-29_021621.png flg=0x1400010 cmp=com.android.providers.media.module/com.android.providers.media.MediaService }
05-29 02:16:20.778  1451  1734 I MediaProvider: Deleted 1 items on external_primary due to com.android.shell
05-29 02:16:20.816  3356  3358 I cmd     : oneway function results will be dropped but finished with status OK and parcel size 4
05-29 02:16:20.987   162   162 I hwservicemanager: getTransport: Cannot find entry android.hardware.graphics.mapper@4.0::IMapper/default in either framework or device manifest.
05-29 02:16:20.987  3379  3379 I Gralloc4: mapper 4.x is not supported
05-29 02:16:21.055  3383  3385 I cmd     : oneway function results will be dropped but finished with status OK and parcel size 4
05-29 02:16:21.056  1451  2312 I MediaProvider: Begin Intent { act=android.intent.action.MEDIA_SCANNER_SCAN_FILE dat=file:///sdcard/screen_2026-05-29_021622.png flg=0x1400010 cmp=com.android.providers.media.module/com.android.providers.media.MediaService }
05-29 02:16:21.057  1451  2312 W ModernMediaScanner: Failed to visit /sdcard/screen_2026-05-29_021622.png: java.nio.file.AccessDeniedException: /sdcard/screen_2026-05-29_021622.png
05-29 02:16:21.058  1451  2312 I MediaProvider: Scanned internal due to REASON_DEMAND, found 0 items in 1ms, 0 inserts 0 updates 0 deletes
05-29 02:16:21.060  1451  2312 I MediaProvider: End Intent { act=android.intent.action.MEDIA_SCANNER_SCAN_FILE dat=file:///sdcard/screen_2026-05-29_021622.png flg=0x1400010 cmp=com.android.providers.media.module/com.android.providers.media.MediaService }
05-29 02:16:21.091  1451  1732 I MediaProvider: Deleted 1 items on external_primary due to com.android.shell
05-29 02:16:21.129  3394  3396 I cmd     : oneway function results will be dropped but finished with status OK and parcel size 4
05-29 02:16:21.208  3409  3411 I cmd     : oneway function results will be dropped but finished with status OK and parcel size 4
05-29 02:16:21.275  3424  3426 I cmd     : oneway function results will be dropped but finished with status OK and parcel size 4
05-29 02:16:21.343  3439  3441 I cmd     : oneway function results will be dropped but finished with status OK and parcel size 4
05-29 02:16:21.457  3451  3451 E libc    : Access denied finding property "persist.device_config.runtime_native_boot.profilebootclasspath"
05-29 02:16:21.457  3451  3451 E libc    : Access denied finding property "persist.device_config.runtime_native_boot.enable_apex_image"
05-29 02:16:21.457  3451  3451 I AndroidRuntime: Using default boot image
05-29 02:16:21.457  3451  3451 E libc    : Access denied finding property "persist.device_config.runtime_native_boot.disable_lock_profiling"
05-29 02:16:21.457  3451  3451 I AndroidRuntime: Leaving lock profiling enabled
05-29 02:16:21.457  3451  3451 E libc    : Access denied finding property "persist.device_config.runtime_native_boot.enable_generational_cc"
05-29 02:16:21.461  3451  3451 I app_process: Core platform API reporting enabled, enforcing=false
05-29 02:16:21.452  3451  3451 W app_process: type=1400 audit(0.0:158): avc: denied { read } for name="u:object_r:device_config_runtime_native_boot_prop:s0" dev="tmpfs" ino=8385 scontext=u:r:shell:s0 tcontext=u:object_r:device_config_runtime_native_boot_prop:s0 tclass=file permissive=0
05-29 02:16:21.558  3451  3451 W app_process: Unexpected CPU variant for X86 using defaults: x86_64
05-29 02:16:21.559  3451  3451 I app_process: The ClassLoaderContext is a special shared library.
05-29 02:16:21.567  3451  3451 W app_process: JNI RegisterNativeMethods: attempt to register 0 native methods for android.media.AudioAttributes
05-29 02:16:21.809  2189  2189 E AccessibilityInteractionClient: 2 Disconnected nodes.
05-29 02:16:23.328   162   162 I hwservicemanager: getTransport: Cannot find entry android.hardware.graphics.mapper@4.0::IMapper/default in either framework or device manifest.
05-29 02:16:23.328  3483  3483 I Gralloc4: mapper 4.x is not supported
05-29 02:16:23.392   512  1582 I ActivityManager: Killing 1238:com.android.deskclock/u0a107 (adj 985): empty #17
05-29 02:16:23.393  3488  3490 I cmd     : oneway function results will be dropped but finished with status OK and parcel size 4
05-29 02:16:23.399   281   281 I Zygote  : Process 1238 exited due to signal 9 (Killed)
05-29 02:16:23.403  1451  2312 I MediaProvider: Begin Intent { act=android.intent.action.MEDIA_SCANNER_SCAN_FILE dat=file:///sdcard/screen_2026-05-29_021624.png flg=0x1400010 cmp=com.android.providers.media.module/com.android.providers.media.MediaService }
05-29 02:16:23.412  1451  2312 W ModernMediaScanner: Failed to visit /sdcard/screen_2026-05-29_021624.png: java.nio.file.AccessDeniedException: /sdcard/screen_2026-05-29_021624.png
05-29 02:16:23.412  1451  2312 I MediaProvider: Scanned internal due to REASON_DEMAND, found 0 items in 1ms, 0 inserts 0 updates 0 deletes
05-29 02:16:23.413  1451  2312 I MediaProvider: End Intent { act=android.intent.action.MEDIA_SCANNER_SCAN_FILE dat=file:///sdcard/screen_2026-05-29_021624.png flg=0x1400010 cmp=com.android.providers.media.module/com.android.providers.media.MediaService }
05-29 02:16:23.400  1451  1451 W com.android.providers.media.module: type=1400 audit(0.0:162): avc: denied { read } for comm=4173796E635461736B202331 name="primary" dev="tmpfs" ino=27897 scontext=u:r:mediaprovider_app:s0:c125,c256,c512,c768 tcontext=u:object_r:mnt_pass_through_file:s0 tclass=lnk_file permissive=0 app=com.android.providers.media.module
05-29 02:16:23.435   512   553 I libprocessgroup: Successfully killed process cgroup uid 10107 pid 1238 in 42ms
05-29 02:16:23.444  1451  1734 I MediaProvider: Deleted 1 items on external_primary due to com.android.shell
05-29 02:16:23.400  1451  1451 W com.android.providers.media.module: type=1400 audit(0.0:164): avc: denied { read } for comm=4173796E635461736B202331 name="primary" dev="tmpfs" ino=27897 scontext=u:r:mediaprovider_app:s0:c125,c256,c512,c768 tcontext=u:object_r:mnt_pass_through_file:s0 tclass=lnk_file permissive=0 app=com.android.providers.media.module
05-29 02:16:23.487  3500  3502 I cmd     : oneway function results will be dropped but finished with status OK and parcel size 4
05-29 02:16:23.683   162   162 I hwservicemanager: getTransport: Cannot find entry android.hardware.graphics.mapper@4.0::IMapper/default in either framework or device manifest.
05-29 02:16:23.683  3524  3524 I Gralloc4: mapper 4.x is not supported
05-29 02:16:23.754  3528  3530 I cmd     : oneway function results will be dropped but finished with status OK and parcel size 4
05-29 02:16:23.755  1451  2312 I MediaProvider: Begin Intent { act=android.intent.action.MEDIA_SCANNER_SCAN_FILE dat=file:///sdcard/screen_2026-05-29_021624.png flg=0x1400010 cmp=com.android.providers.media.module/com.android.providers.media.MediaService }
05-29 02:16:24.332     0     0 W audit   : audit_lost=74 audit_rate_limit=5 audit_backlog_limit=64
05-29 02:16:24.336     0     0 E audit   : rate limit exceeded
05-29 02:16:23.763  1451  2312 W ModernMediaScanner: Failed to visit /sdcard/screen_2026-05-29_021624.png: java.nio.file.AccessDeniedException: /sdcard/screen_2026-05-29_021624.png
05-29 02:16:23.764  1451  2312 I MediaProvider: Scanned internal due to REASON_DEMAND, found 0 items in 2ms, 0 inserts 0 updates 0 deletes
05-29 02:16:23.765  1451  2312 I MediaProvider: End Intent { act=android.intent.action.MEDIA_SCANNER_SCAN_FILE dat=file:///sdcard/screen_2026-05-29_021624.png flg=0x1400010 cmp=com.android.providers.media.module/com.android.providers.media.MediaService }
05-29 02:16:23.795  1451  2571 I MediaProvider: Deleted 1 items on external_primary due to com.android.shell
05-29 02:16:23.994   162   162 I hwservicemanager: getTransport: Cannot find entry android.hardware.graphics.mapper@4.0::IMapper/default in either framework or device manifest.
05-29 02:16:23.994  3561  3561 I Gralloc4: mapper 4.x is not supported
05-29 02:16:24.060  3565  3567 I cmd     : oneway function results will be dropped but finished with status OK and parcel size 4
05-29 02:16:24.061  1451  2312 I MediaProvider: Begin Intent { act=android.intent.action.MEDIA_SCANNER_SCAN_FILE dat=file:///sdcard/screen_2026-05-29_021625.png flg=0x1400010 cmp=com.android.providers.media.module/com.android.providers.media.MediaService }
05-29 02:16:24.062  1451  2312 W ModernMediaScanner: Failed to visit /sdcard/screen_2026-05-29_021625.png: java.nio.file.AccessDeniedException: /sdcard/screen_2026-05-29_021625.png
05-29 02:16:24.071  1451  2312 I MediaProvider: Scanned internal due to REASON_DEMAND, found 0 items in 9ms, 0 inserts 0 updates 0 deletes
05-29 02:16:24.073  1451  2312 I MediaProvider: End Intent { act=android.intent.action.MEDIA_SCANNER_SCAN_FILE dat=file:///sdcard/screen_2026-05-29_021625.png flg=0x1400010 cmp=com.android.providers.media.module/com.android.providers.media.MediaService }
05-29 02:16:24.095  1451  2571 I MediaProvider: Deleted 1 items on external_primary due to com.android.shell
05-29 02:16:24.130  3576  3578 I cmd     : oneway function results will be dropped but finished with status OK and parcel size 4
05-29 02:16:24.205  3591  3593 I cmd     : oneway function results will be dropped but finished with status OK and parcel size 4
05-29 02:16:24.273  3606  3608 I cmd     : oneway function results will be dropped but finished with status OK and parcel size 4
05-29 02:16:24.340  3621  3623 I cmd     : oneway function results will be dropped but finished with status OK and parcel size 4
05-29 02:16:24.445  3633  3633 E libc    : Access denied finding property "persist.device_config.runtime_native_boot.profilebootclasspath"
05-29 02:16:24.445  3633  3633 E libc    : Access denied finding property "persist.device_config.runtime_native_boot.enable_apex_image"
05-29 02:16:24.445  3633  3633 I AndroidRuntime: Using default boot image
05-29 02:16:24.445  3633  3633 E libc    : Access denied finding property "persist.device_config.runtime_native_boot.disable_lock_profiling"
05-29 02:16:24.445  3633  3633 I AndroidRuntime: Leaving lock profiling enabled
05-29 02:16:24.445  3633  3633 E libc    : Access denied finding property "persist.device_config.runtime_native_boot.enable_generational_cc"
05-29 02:16:24.448  3633  3633 I app_process: Core platform API reporting enabled, enforcing=false
05-29 02:16:24.440  3633  3633 W app_process: type=1400 audit(0.0:180): avc: denied { read } for name="u:object_r:device_config_runtime_native_boot_prop:s0" dev="tmpfs" ino=8385 scontext=u:r:shell:s0 tcontext=u:object_r:device_config_runtime_native_boot_prop:s0 tclass=file permissive=0
05-29 02:16:24.508  3633  3633 W app_process: Unexpected CPU variant for X86 using defaults: x86_64
05-29 02:16:24.509  3633  3633 I app_process: The ClassLoaderContext is a special shared library.
05-29 02:16:24.516  3633  3633 W app_process: JNI RegisterNativeMethods: attempt to register 0 native methods for android.media.AudioAttributes
05-29 02:16:25.026  2637  2753 I System.out: 02:16:25.024 [DefaultDispatcher-worker-1] INFO io.ktor.client.HttpClient - REQUEST: https://pokeapi.co/api/v2/pokemon?limit=20&offset=0
05-29 02:16:25.026  2637  2753 I System.out: METHOD: HttpMethod(value=GET)
05-29 02:16:25.026  2637  2753 I System.out: COMMON HEADERS
05-29 02:16:25.026  2637  2753 I System.out: -> Accept: application/json
05-29 02:16:25.026  2637  2753 I System.out: -> Accept-Charset: UTF-8
05-29 02:16:25.026  2637  2753 I System.out: -> Content-Type: application/json
05-29 02:16:25.027  2637  2753 I System.out: CONTENT HEADERS
05-29 02:16:25.027  2637  2753 I System.out: -> Content-Length: 0
05-29 02:16:25.027  2637  2753 I System.out: BODY Content-Type: null
05-29 02:16:25.027  2637  2753 I System.out: BODY START
05-29 02:16:25.027  2637  2753 I System.out: 
05-29 02:16:25.027  2637  2753 I System.out: BODY END
05-29 02:16:25.031  2189  2189 E AccessibilityInteractionClient: 3 Disconnected nodes.
05-29 02:16:25.244  2637  2758 I System.out: 02:16:25.242 [DefaultDispatcher-worker-6] INFO io.ktor.client.HttpClient - RESPONSE: 200 OK
05-29 02:16:25.244  2637  2758 I System.out: METHOD: HttpMethod(value=GET)
05-29 02:16:25.244  2637  2758 I System.out: FROM: https://pokeapi.co/api/v2/pokemon?limit=20&offset=0
05-29 02:16:25.244  2637  2758 I System.out: COMMON HEADERS
05-29 02:16:25.244  2637  2758 I System.out: -> access-control-allow-origin: *
05-29 02:16:25.244  2637  2758 I System.out: -> age: 66196
05-29 02:16:25.244  2637  2758 I System.out: -> alt-svc: h3=":443"; ma=86400
05-29 02:16:25.244  2637  2758 I System.out: -> cache-control: public, max-age=86400, s-maxage=86400
05-29 02:16:25.244  2637  2758 I System.out: -> cf-cache-status: HIT
05-29 02:16:25.244  2637  2758 I System.out: -> cf-ray: a031ff3cd9378f1d-DFW
05-29 02:16:25.244  2637  2758 I System.out: -> connection: keep-alive
05-29 02:16:25.244  2637  2758 I System.out: -> content-type: application/json; charset=utf-8
05-29 02:16:25.244  2637  2758 I System.out: -> date: Fri, 29 May 2026 02:16:26 GMT
05-29 02:16:25.244  2637  2758 I System.out: -> etag: W/"588-iX6bV/yoloqGkIPBxJnQfrHsFIU"
05-29 02:16:25.244  2637  2758 I System.out: -> function-execution-id: 4xapuu6lo5yb
05-29 02:16:25.244  2637  2758 I System.out: -> nel: {"report_to":"cf-nel","success_fraction":0.0,"max_age":604800}
05-29 02:16:25.244  2637  2758 I System.out: -> report-to: {"group":"cf-nel","max_age":604800,"endpoints":[{"url":"https://a.nel.cloudflare.com/report/v4?s=vV0okUPggblBgIyDU4uPz83eE7eAQka2sJ32oyWzDJhjyIPewA0BmbPkS%2FUivwm3Eq%2FZE7xzSbz93ggOLS%2FKypg5%2BJJTeBubJRAI6QBzJW6feG59MV705D4YHTPU"}]}
05-29 02:16:25.244  2637  2758 I System.out: -> server: cloudflare
05-29 02:16:25.244  2637  2758 I System.out: -> strict-transport-security: max-age=31556926
05-29 02:16:25.244  2637  2758 I System.out: -> transfer-encoding: chunked
05-29 02:16:25.244  2637  2758 I System.out: -> vary: Accept-Encoding,cookie,need-authorization, x-fh-requested-host, accept-encoding
05-29 02:16:25.244  2637  2758 I System.out: -> x-android-received-millis: 1780020985233
05-29 02:16:25.244  2637  2758 I System.out: -> x-android-response-source: NETWORK 200
05-29 02:16:25.244  2637  2758 I System.out: -> x-android-selected-protocol: http/1.1
05-29 02:16:25.244  2637  2758 I System.out: -> x-android-sent-millis: 1780020985204
05-29 02:16:25.244  2637  2758 I System.out: -> x-cache: HIT
05-29 02:16:25.244  2637  2758 I System.out: -> x-cache-hits: 0
05-29 02:16:25.244  2637  2758 I System.out: -> x-cloud-trace-context: 2ff882803209d35c6311f21bc6112a37
05-29 02:16:25.244  2637  2758 I System.out: -> x-country-code: US
05-29 02:16:25.244  2637  2758 I System.out: -> x-orig-accept-language: en-US,en;q=0.9
05-29 02:16:25.244  2637  2758 I System.out: -> x-powered-by: Express
05-29 02:16:25.244  2637  2758 I System.out: -> x-served-by: cache-sjc1000107-SJC
05-29 02:16:25.244  2637  2758 I System.out: -> x-timer: S1770913065.110482,VS0,VE1
05-29 02:16:25.244  2637  2758 I System.out: BODY Content-Type: application/json; charset=utf-8
05-29 02:16:25.244  2637  2758 I System.out: BODY START
05-29 02:16:25.244  2637  2758 I System.out: {"count":1350,"next":"https://pokeapi.co/api/v2/pokemon?offset=20&limit=20","previous":null,"results":[{"name":"bulbasaur","url":"https://pokeapi.co/api/v2/pokemon/1/"},{"name":"ivysaur","url":"https://pokeapi.co/api/v2/pokemon/2/"},{"name":"venusaur","url":"https://pokeapi.co/api/v2/pokemon/3/"},{"name":"charmander","url":"https://pokeapi.co/api/v2/pokemon/4/"},{"name":"charmeleon","url":"https://pokeapi.co/api/v2/pokemon/5/"},{"name":"charizard","url":"https://pokeapi.co/api/v2/pokemon/6/"},{"name":"squirtle","url":"https://pokeapi.co/api/v2/pokemon/7/"},{"name":"wartortle","url":"https://pokeapi.co/api/v2/pokemon/8/"},{"name":"blastoise","url":"https://pokeapi.co/api/v2/pokemon/9/"},{"name":"caterpie","url":"https://pokeapi.co/api/v2/pokemon/10/"},{"name":"metapod","url":"https://pokeapi.co/api/v2/pokemon/11/"},{"name":"butterfree","url":"https://pokeapi.co/api/v2/pokemon/12/"},{"name":"weedle","url":"https://pokeapi.co/api/v2/pokemon/13/"},{"name":"kakuna","url":"https://pokeapi.co/api/v2/pokemon/14/"},{"name":"beedrill","url":"https://pokeapi.co/api/v2/pokemon/15/"},{"name":"pidgey","url":"https://pokeapi.co/api/v2/pokemon/16/"},{"name":"pidgeotto","url":"https://pokeapi.co/api/v2/pokemon/17/"},{"name":"pidgeot","url":"https://pokeapi.co/api/v2/pokemon/18/"},{"name":"rattata","url":"https://pokeapi.co/api/v2/pokemon/19/"},{"name":"raticate","url":"https://pokeapi.co/api/v2/pokemon/20/"}]}
05-29 02:16:25.244  2637  2758 I System.out: BODY END
05-29 02:16:26.290   162   162 I hwservicemanager: getTransport: Cannot find entry android.hardware.graphics.mapper@4.0::IMapper/default in either framework or device manifest.
05-29 02:16:26.290  3677  3677 I Gralloc4: mapper 4.x is not supported
05-29 02:16:26.370  1451  2312 I MediaProvider: Begin Intent { act=android.intent.action.MEDIA_SCANNER_SCAN_FILE dat=file:///sdcard/screen_2026-05-29_021627.png flg=0x1400010 cmp=com.android.providers.media.module/com.android.providers.media.MediaService }
05-29 02:16:26.389  1451  2312 W ModernMediaScanner: Failed to visit /sdcard/screen_2026-05-29_021627.png: java.nio.file.AccessDeniedException: /sdcard/screen_2026-05-29_021627.png
05-29 02:16:26.389  1451  2312 I MediaProvider: Scanned internal due to REASON_DEMAND, found 0 items in 1ms, 0 inserts 0 updates 0 deletes
05-29 02:16:26.391  1451  2312 I MediaProvider: End Intent { act=android.intent.action.MEDIA_SCANNER_SCAN_FILE dat=file:///sdcard/screen_2026-05-29_021627.png flg=0x1400010 cmp=com.android.providers.media.module/com.android.providers.media.MediaService }
05-29 02:16:26.368  1451  1451 W com.android.providers.media.module: type=1400 audit(0.0:184): avc: denied { read } for comm=4173796E635461736B202331 name="primary" dev="tmpfs" ino=27897 scontext=u:r:mediaprovider_app:s0:c125,c256,c512,c768 tcontext=u:object_r:mnt_pass_through_file:s0 tclass=lnk_file permissive=0 app=com.android.providers.media.module
05-29 02:16:26.384  1451  1451 I chatty  : uid=10125(com.android.providers.media.module) identical 1 line
05-29 02:16:26.384  1451  1451 W com.android.providers.media.module: type=1400 audit(0.0:186): avc: denied { read } for comm=4173796E635461736B202331 name="primary" dev="tmpfs" ino=27897 scontext=u:r:mediaprovider_app:s0:c125,c256,c512,c768 tcontext=u:object_r:mnt_pass_through_file:s0 tclass=lnk_file permissive=0 app=com.android.providers.media.module
05-29 02:16:26.430  1451  1734 I MediaProvider: Deleted 1 items on external_primary due to com.android.shell
05-29 02:16:26.384  1451  1451 W com.android.providers.media.module: type=1400 audit(0.0:187): avc: denied { read } for comm=4173796E635461736B202331 name="primary" dev="tmpfs" ino=27897 scontext=u:r:mediaprovider_app:s0:c125,c256,c512,c768 tcontext=u:object_r:mnt_pass_through_file:s0 tclass=lnk_file permissive=0 app=com.android.providers.media.module
05-29 02:16:26.473  3692  3694 I cmd     : oneway function results will be dropped but finished with status OK and parcel size 4
05-29 02:16:26.643   162   162 I hwservicemanager: getTransport: Cannot find entry android.hardware.graphics.mapper@4.0::IMapper/default in either framework or device manifest.
05-29 02:16:26.643  3714  3714 I Gralloc4: mapper 4.x is not supported
05-29 02:16:26.723  1451  2312 I MediaProvider: Begin Intent { act=android.intent.action.MEDIA_SCANNER_SCAN_FILE dat=file:///sdcard/screen_2026-05-29_021627.png flg=0x1400010 cmp=com.android.providers.media.module/com.android.providers.media.MediaService }
05-29 02:16:26.728  3718  3720 I cmd     : oneway function results will be dropped but finished with status OK and parcel size 4
05-29 02:16:27.299     0     0 W audit   : audit_lost=86 audit_rate_limit=5 audit_backlog_limit=64
05-29 02:16:27.305     0     0 E audit   : rate limit exceeded
05-29 02:16:26.744  1451  2312 W ModernMediaScanner: Failed to visit /sdcard/screen_2026-05-29_021627.png: java.nio.file.AccessDeniedException: /sdcard/screen_2026-05-29_021627.png
05-29 02:16:26.745  1451  2312 I MediaProvider: Scanned internal due to REASON_DEMAND, found 0 items in 5ms, 0 inserts 0 updates 0 deletes
05-29 02:16:26.746  1451  2312 I MediaProvider: End Intent { act=android.intent.action.MEDIA_SCANNER_SCAN_FILE dat=file:///sdcard/screen_2026-05-29_021627.png flg=0x1400010 cmp=com.android.providers.media.module/com.android.providers.media.MediaService }
05-29 02:16:26.771  1451  1732 I MediaProvider: Deleted 1 items on external_primary due to com.android.shell
05-29 02:16:26.806  3731  3733 I cmd     : oneway function results will be dropped but finished with status OK and parcel size 4
05-29 02:16:26.982   162   162 I hwservicemanager: getTransport: Cannot find entry android.hardware.graphics.mapper@4.0::IMapper/default in either framework or device manifest.
05-29 02:16:26.983  3753  3753 I Gralloc4: mapper 4.x is not supported
05-29 02:16:27.051  3757  3759 I cmd     : oneway function results will be dropped but finished with status OK and parcel size 4
05-29 02:16:27.052  1451  2312 I MediaProvider: Begin Intent { act=android.intent.action.MEDIA_SCANNER_SCAN_FILE dat=file:///sdcard/screen_2026-05-29_021628.png flg=0x1400010 cmp=com.android.providers.media.module/com.android.providers.media.MediaService }
05-29 02:16:27.053  1451  2312 W ModernMediaScanner: Failed to visit /sdcard/screen_2026-05-29_021628.png: java.nio.file.AccessDeniedException: /sdcard/screen_2026-05-29_021628.png
05-29 02:16:27.054  1451  2312 I MediaProvider: Scanned internal due to REASON_DEMAND, found 0 items in 1ms, 0 inserts 0 updates 0 deletes
05-29 02:16:27.055  1451  2312 I MediaProvider: End Intent { act=android.intent.action.MEDIA_SCANNER_SCAN_FILE dat=file:///sdcard/screen_2026-05-29_021628.png flg=0x1400010 cmp=com.android.providers.media.module/com.android.providers.media.MediaService }
05-29 02:16:27.086  1451  2571 I MediaProvider: Deleted 1 items on external_primary due to com.android.shell
05-29 02:16:27.120  3768  3770 I cmd     : oneway function results will be dropped but finished with status OK and parcel size 4
05-29 02:16:27.189  3783  3785 I cmd     : oneway function results will be dropped but finished with status OK and parcel size 4
05-29 02:16:27.256  3798  3800 I cmd     : oneway function results will be dropped but finished with status OK and parcel size 4
05-29 02:16:27.324  3813  3815 I cmd     : oneway function results will be dropped but finished with status OK and parcel size 4
05-29 02:16:27.427  3825  3825 E libc    : Access denied finding property "persist.device_config.runtime_native_boot.profilebootclasspath"
05-29 02:16:27.427  3825  3825 E libc    : Access denied finding property "persist.device_config.runtime_native_boot.enable_apex_image"
05-29 02:16:27.427  3825  3825 I AndroidRuntime: Using default boot image
05-29 02:16:27.427  3825  3825 E libc    : Access denied finding property "persist.device_config.runtime_native_boot.disable_lock_profiling"
05-29 02:16:27.427  3825  3825 I AndroidRuntime: Leaving lock profiling enabled
05-29 02:16:27.427  3825  3825 E libc    : Access denied finding property "persist.device_config.runtime_native_boot.enable_generational_cc"
05-29 02:16:27.430  3825  3825 I app_process: Core platform API reporting enabled, enforcing=false
05-29 02:16:27.424  3825  3825 W app_process: type=1400 audit(0.0:202): avc: denied { read } for name="u:object_r:device_config_runtime_native_boot_prop:s0" dev="tmpfs" ino=8385 scontext=u:r:shell:s0 tcontext=u:object_r:device_config_runtime_native_boot_prop:s0 tclass=file permissive=0
05-29 02:16:27.491  3825  3825 W app_process: Unexpected CPU variant for X86 using defaults: x86_64
05-29 02:16:27.492  3825  3825 I app_process: The ClassLoaderContext is a special shared library.
05-29 02:16:27.500  3825  3825 W app_process: JNI RegisterNativeMethods: attempt to register 0 native methods for android.media.AudioAttributes
05-29 02:16:27.731  2637  2756 I System.out: 02:16:27.730 [DefaultDispatcher-worker-4] INFO io.ktor.client.HttpClient - REQUEST: https://pokeapi.co/api/v2/pokemon/bulbasaur
05-29 02:16:27.731  2637  2756 I System.out: METHOD: HttpMethod(value=GET)
05-29 02:16:27.731  2637  2756 I System.out: COMMON HEADERS
05-29 02:16:27.731  2637  2756 I System.out: -> Accept: application/json
05-29 02:16:27.731  2637  2756 I System.out: -> Accept-Charset: UTF-8
05-29 02:16:27.731  2637  2756 I System.out: -> Content-Type: application/json
05-29 02:16:27.731  2637  2756 I System.out: CONTENT HEADERS
05-29 02:16:27.731  2637  2756 I System.out: -> Content-Length: 0
05-29 02:16:27.731  2637  2756 I System.out: BODY Content-Type: null
05-29 02:16:27.731  2637  2756 I System.out: BODY START
05-29 02:16:27.731  2637  2756 I System.out: 
05-29 02:16:27.731  2637  2756 I System.out: BODY END
05-29 02:16:27.998  2637  2754 I System.out: 02:16:27.948 [DefaultDispatcher-worker-2] INFO io.ktor.client.HttpClient - RESPONSE: 200 OK
05-29 02:16:27.998  2637  2754 I System.out: METHOD: HttpMethod(value=GET)
05-29 02:16:27.998  2637  2754 I System.out: FROM: https://pokeapi.co/api/v2/pokemon/bulbasaur
05-29 02:16:27.998  2637  2754 I System.out: COMMON HEADERS
05-29 02:16:27.998  2637  2754 I System.out: -> access-control-allow-origin: *
05-29 02:16:27.998  2637  2754 I System.out: -> access-control-expose-headers: X-PokeAPI-Hash,X-PokeAPI-Deploy-Date
05-29 02:16:27.998  2637  2754 I System.out: -> age: 62334
05-29 02:16:27.998  2637  2754 I System.out: -> alt-svc: h3=":443"; ma=86400
05-29 02:16:27.998  2637  2754 I System.out: -> cache-control: public, max-age=86400, s-maxage=86400
05-29 02:16:27.998  2637  2754 I System.out: -> cf-cache-status: HIT
05-29 02:16:27.998  2637  2754 I System.out: -> cf-ray: a031ff4cbfdf8f1d-DFW
05-29 02:16:27.998  2637  2754 I System.out: -> connection: keep-alive
05-29 02:16:27.998  2637  2754 I System.out: -> content-type: application/json; charset=utf-8
05-29 02:16:27.998  2637  2754 I System.out: -> date: Fri, 29 May 2026 02:16:28 GMT
05-29 02:16:27.998  2637  2754 I System.out: -> etag: W/"41ad6-DjKZLuJ1Lydzi6DxM+a0Oor5Ru0"
05-29 02:16:27.998  2637  2754 I System.out: -> function-execution-id: m6tm7atnyfcd
05-29 02:16:27.998  2637  2754 I System.out: -> nel: {"report_to":"cf-nel","success_fraction":0.0,"max_age":604800}
05-29 02:16:27.998  2637  2754 I System.out: -> report-to: {"group":"cf-nel","max_age":604800,"endpoints":[{"url":"https://a.nel.cloudflare.com/report/v4?s=wVoMFP%2FXlZqRuNpF2JjnkTajN5oMen3nK19MA3ANuOf3EGtGgpIUEFfBd6ZeQep7cZALnC78sqR02xn%2Bp8BJ2AkUDDCx04nNEC48U3UU1ZBuhRFANIj2Iiin6w2b"}]}
05-29 02:16:27.998  2637  2754 I System.out: -> server: cloudflare
05-29 02:16:27.998  2637  2754 I System.out: -> strict-transport-security: max-age=31556926
05-29 02:16:27.998  2637  2754 I System.out: -> transfer-encoding: chunked
05-29 02:16:27.998  2637  2754 I System.out: -> vary: Accept-Encoding,cookie,need-authorization, x-fh-requested-host, accept-encoding
05-29 02:16:27.998  2637  2754 I System.out: -> x-android-received-millis: 1780020987768
05-29 02:16:27.998  2637  2754 I System.out: -> x-android-response-source: NETWORK 200
05-29 02:16:27.998  2637  2754 I System.out: -> x-android-selected-protocol: http/1.1
05-29 02:16:27.998  2637  2754 I System.out: -> x-android-sent-millis: 1780020987735
05-29 02:16:27.998  2637  2754 I System.out: -> x-cache: HIT
05-29 02:16:27.998  2637  2754 I System.out: -> x-cache-hits: 0
05-29 02:16:27.998  2637  2754 I System.out: -> x-cloud-trace-context: c1fdf054490e4650c30750a5c163fa0e
05-29 02:16:27.998  2637  2754 I System.out: -> x-country-code: US
05-29 02:16:27.998  2637  2754 I System.out: -> x-orig-accept-language: en-US
05-29 02:16:27.998  2637  2754 I System.out: -> x-pokeapi-deploy-date: 1777467995
05-29 02:16:27.999  2637  2754 I System.out: -> x-pokeapi-hash: 6465e037c889ae5e3ebe23334ca76e03cd26bba1
05-29 02:16:27.999  2637  2754 I System.out: -> x-powered-by: Express
05-29 02:16:27.999  2637  2754 I System.out: -> x-served-by: cache-bfi-krnt7300060-BFI
05-29 02:16:27.999  2637  2754 I System.out: -> x-timer: S1777709167.134290,VS0,VE348
05-29 02:16:27.999  2637  2754 I System.out: BODY Content-Type: application/json; charset=utf-8
05-29 02:16:27.999  2637  2754 I System.out: BODY START
05-29 02:16:28.012  2637  2754 I System.out: {"abilities":[{"ability":{"name":"overgrow","url":"https://pokeapi.co/api/v2/ability/65/"},"is_hidden":false,"slot":1},{"ability":{"name":"chlorophyll","url":"https://pokeapi.co/api/v2/ability/34/"},"is_hidden":true,"slot":3}],"base_experience":64,"cries":{"latest":"https://raw.githubusercontent.com/PokeAPI/cries/main/cries/pokemon/latest/1.ogg","legacy":"https://raw.githubusercontent.com/PokeAPI/cries/main/cries/pokemon/legacy/1.ogg"},"forms":[{"name":"bulbasaur","url":"https://pokeapi.co/api/v2/pokemon-form/1/"}],"game_indices":[{"game_index":153,"version":{"name":"red","url":"https://pokeapi.co/api/v2/version/1/"}},{"game_index":153,"version":{"name":"blue","url":"https://pokeapi.co/api/v2/version/2/"}},{"game_index":153,"version":{"name":"yellow","url":"https://pokeapi.co/api/v2/version/3/"}},{"game_index":1,"version":{"name":"gold","url":"https://pokeapi.co/api/v2/version/4/"}},{"game_index":1,"version":{"name":"silver","url":"https://pokeapi.co/api/v2/version/5/"}},{"game_index":1,"version":{"name":"crystal","url":"https://pokeapi.co/api/v2/version/6/"}},{"game_index":1,"version":{"name":"ruby","url":"https://pokeapi.co/api/v2/version/7/"}},{"game_index":1,"version":{"name":"sapphire","url":"https://pokeapi.co/api/v2/version/8/"}},{"game_index":1,"version":{"name":"emerald","url":"https://pokeapi.co/api/v2/version/9/"}},{"game_index":1,"version":{"name":"firered","url":"https://pokeapi.co/api/v2/version/10/"}},{"game_index":1,"version":{"name":"leafgreen","url":"https://pokeapi.co/api/v2/version/11/"}},{"game_index":1,"version":{"name":"diamond","url":"https://pokeapi.co/api/v2/version/12/"}},{"game_index":1,"version":{"name":"pearl","url":"https://pokeapi.co/api/v2/version/13/"}},{"game_index":1,"version":{"name":"platinum","url":"https://pokeapi.co/api/v2/version/14/"}},{"game_index":1,"version":{"name":"heartgold","url":"https://pokeapi.co/api/v2/version/15/"}},{"game_index":1,"version":{"name":"soulsilver","url":"https://pokeapi.co/api/v2/version/16/"}},{"game_index":1,"version":{"name":"black","url":"https://pokeapi.co/api/v2/version/17/"}},{"game_index":1,"version":{"name":"white","url":"https://pokeapi.co/api/v2/version/18/"}},{"game_index":1,"version":{"name":"black-2","url":"https://pokeapi.co/api/v2/version/21/"}},{"game_index":1,"version":{"name":"white-2","url":"https://pokeapi.co/api/v2/version/22/"}}],"height":7,"held_items":[],"id":1,"is_default":true,"location_area_encounters":"https://pokeapi.co/api/v2/pokemon/1/encounters","moves":[{"move":{"name":"razor-wind","url":"https://pokeapi.co/api/v2/move/13/"},"version_group_details":[{"level_learned_at":0,"move_learn_method":{"name":"egg","url":"https://pokeapi.co/api/v2/move-learn-method/2/"},"order":null,"version_group":{"name":"gold-silver","url":"https://pokeapi.co/api/v2/version-group/3/"}},{"level_learned_at":0,"move_learn_method":{"name":"egg","url":"https://pokeapi.co/api/v2/move-learn-method/2/"},"order":null,"version_group":{"name":"crystal","url":"https://pokeapi.co/api/v2/version-group/4/"}}]},{"move":{"name":"swords-dance","url":"https://pokeapi.co/api/v2/move/14/"},"version_group_details":[{"level_learned_at":0,"move_learn_method":{"name":"machine","url":"https://pokeapi.co/api/v2/move-learn-method/4/"},"order":null,"version_group":{"name":"red-blue","url":"https://pokeapi.co/api/v2/version-group/1/"}},{"level_learned_at":0,"move_learn_method":{"name":"machine","url":"https://pokeapi.co/api/v2/move-learn-method/4/"},"order":null,"version_group":{"name":"yellow","url":"https://pokeapi.co/api/v2/version-group/2/"}},{"level_learned_at":0,"move_learn_method":{"name":"tutor","url":"https://pokeapi.co/api/v2/move-learn-method/3/"},"order":null,"version_group":{"name":"emerald","url":"https://pokeapi.co/api/v2/version-group/6/"}},{"level_learned_at":0,"move_learn_method":{"name":"tutor","url":"https://pokeapi.co/api/v2/move-learn-method/3/"},"order":null,"version_group":{"name":"firered-leafgreen","url":"https://pokeapi.co/api/v2/version-group/7/"}},{"level_learned_at":0,"move_learn_method":{"name":"machin
05-29 02:16:28.013  2637  2754 I System.out: BODY END
05-29 02:16:28.156  2637  2651 I pokedex.androi: Background concurrent copying GC freed 22601(897KB) AllocSpace objects, 37(6212KB) LOS objects, 49% free, 11MB/22MB, paused 229us total 171.123ms
05-29 02:16:29.279   162   162 I hwservicemanager: getTransport: Cannot find entry android.hardware.graphics.mapper@4.0::IMapper/default in either framework or device manifest.
05-29 02:16:29.279  3862  3862 I Gralloc4: mapper 4.x is not supported
05-29 02:16:29.350  3866  3868 I cmd     : oneway function results will be dropped but finished with status OK and parcel size 4
05-29 02:16:29.351  1451  2312 I MediaProvider: Begin Intent { act=android.intent.action.MEDIA_SCANNER_SCAN_FILE dat=file:///sdcard/screen_2026-05-29_021630.png flg=0x1400010 cmp=com.android.providers.media.module/com.android.providers.media.MediaService }
05-29 02:16:29.353  1451  2312 W ModernMediaScanner: Failed to visit /sdcard/screen_2026-05-29_021630.png: java.nio.file.AccessDeniedException: /sdcard/screen_2026-05-29_021630.png
05-29 02:16:29.354  1451  2312 I MediaProvider: Scanned internal due to REASON_DEMAND, found 0 items in 1ms, 0 inserts 0 updates 0 deletes
05-29 02:16:29.355  1451  2312 I MediaProvider: End Intent { act=android.intent.action.MEDIA_SCANNER_SCAN_FILE dat=file:///sdcard/screen_2026-05-29_021630.png flg=0x1400010 cmp=com.android.providers.media.module/com.android.providers.media.MediaService }
05-29 02:16:29.348  1451  1451 W com.android.providers.media.module: type=1400 audit(0.0:206): avc: denied { read } for comm=4173796E635461736B202331 name="primary" dev="tmpfs" ino=27897 scontext=u:r:mediaprovider_app:s0:c125,c256,c512,c768 tcontext=u:object_r:mnt_pass_through_file:s0 tclass=lnk_file permissive=0 app=com.android.providers.media.module
05-29 02:16:29.474  1451  1734 I MediaProvider: Deleted 1 items on external_primary due to com.android.shell
05-29 02:16:29.511  3877  3879 I cmd     : oneway function results will be dropped but finished with status OK and parcel size 4
05-29 02:16:29.687   162   162 I hwservicemanager: getTransport: Cannot find entry android.hardware.graphics.mapper@4.0::IMapper/default in either framework or device manifest.
05-29 02:16:29.688  3899  3899 I Gralloc4: mapper 4.x is not supported
05-29 02:16:29.755  1451  2312 I MediaProvider: Begin Intent { act=android.intent.action.MEDIA_SCANNER_SCAN_FILE dat=file:///sdcard/screen_2026-05-29_021630.png flg=0x1400010 cmp=com.android.providers.media.module/com.android.providers.media.MediaService }
05-29 02:16:30.331     0     0 W audit   : audit_lost=98 audit_rate_limit=5 audit_backlog_limit=64
05-29 02:16:30.337     0     0 E audit   : rate limit exceeded
05-29 02:16:29.770  1451  2312 W ModernMediaScanner: Failed to visit /sdcard/screen_2026-05-29_021630.png: java.nio.file.AccessDeniedException: /sdcard/screen_2026-05-29_021630.png
05-29 02:16:29.771  1451  2312 I MediaProvider: Scanned internal due to REASON_DEMAND, found 0 items in 1ms, 0 inserts 0 updates 0 deletes
05-29 02:16:29.773  1451  2312 I MediaProvider: End Intent { act=android.intent.action.MEDIA_SCANNER_SCAN_FILE dat=file:///sdcard/screen_2026-05-29_021630.png flg=0x1400010 cmp=com.android.providers.media.module/com.android.providers.media.MediaService }
05-29 02:16:29.794  1451  2571 I MediaProvider: Deleted 1 items on external_primary due to com.android.shell
05-29 02:16:29.829  3914  3916 I cmd     : oneway function results will be dropped but finished with status OK and parcel size 4
05-29 02:16:30.018   162   162 I hwservicemanager: getTransport: Cannot find entry android.hardware.graphics.mapper@4.0::IMapper/default in either framework or device manifest.
05-29 02:16:30.019  3938  3938 I Gralloc4: mapper 4.x is not supported
05-29 02:16:30.084  3942  3944 I cmd     : oneway function results will be dropped but finished with status OK and parcel size 4
05-29 02:16:30.084  1451  2312 I MediaProvider: Begin Intent { act=android.intent.action.MEDIA_SCANNER_SCAN_FILE dat=file:///sdcard/screen_2026-05-29_021631.png flg=0x1400010 cmp=com.android.providers.media.module/com.android.providers.media.MediaService }
05-29 02:16:30.087  1451  2312 W ModernMediaScanner: Failed to visit /sdcard/screen_2026-05-29_021631.png: java.nio.file.AccessDeniedException: /sdcard/screen_2026-05-29_021631.png
05-29 02:16:30.088  1451  2312 I MediaProvider: Scanned internal due to REASON_DEMAND, found 0 items in 3ms, 0 inserts 0 updates 0 deletes
05-29 02:16:30.089  1451  2312 I MediaProvider: End Intent { act=android.intent.action.MEDIA_SCANNER_SCAN_FILE dat=file:///sdcard/screen_2026-05-29_021631.png flg=0x1400010 cmp=com.android.providers.media.module/com.android.providers.media.MediaService }
05-29 02:16:30.124  1451  1734 I MediaProvider: Deleted 1 items on external_primary due to com.android.shell
05-29 02:16:30.163  3953  3955 I cmd     : oneway function results will be dropped but finished with status OK and parcel size 4
05-29 02:16:30.232  3968  3970 I cmd     : oneway function results will be dropped but finished with status OK and parcel size 4
05-29 02:16:30.300  3983  3985 I cmd     : oneway function results will be dropped but finished with status OK and parcel size 4
05-29 02:16:30.369  3998  4000 I cmd     : oneway function results will be dropped but finished with status OK and parcel size 4
05-29 02:16:30.479  4010  4010 E libc    : Access denied finding property "persist.device_config.runtime_native_boot.profilebootclasspath"
05-29 02:16:30.479  4010  4010 E libc    : Access denied finding property "persist.device_config.runtime_native_boot.enable_apex_image"
05-29 02:16:30.479  4010  4010 I AndroidRuntime: Using default boot image
05-29 02:16:30.479  4010  4010 E libc    : Access denied finding property "persist.device_config.runtime_native_boot.disable_lock_profiling"
05-29 02:16:30.479  4010  4010 I AndroidRuntime: Leaving lock profiling enabled
05-29 02:16:30.480  4010  4010 E libc    : Access denied finding property "persist.device_config.runtime_native_boot.enable_generational_cc"
05-29 02:16:30.482  4010  4010 I app_process: Core platform API reporting enabled, enforcing=false
05-29 02:16:30.476  4010  4010 W app_process: type=1400 audit(0.0:224): avc: denied { read } for name="u:object_r:device_config_runtime_native_boot_prop:s0" dev="tmpfs" ino=8385 scontext=u:r:shell:s0 tcontext=u:object_r:device_config_runtime_native_boot_prop:s0 tclass=file permissive=0
05-29 02:16:30.543  4010  4010 W app_process: Unexpected CPU variant for X86 using defaults: x86_64
05-29 02:16:30.544  4010  4010 I app_process: The ClassLoaderContext is a special shared library.
05-29 02:16:30.476  4010  4010 W app_process: type=1400 audit(0.0:227): avc: denied { read } for name="u:object_r:device_config_runtime_native_boot_prop:s0" dev="tmpfs" ino=8385 scontext=u:r:shell:s0 tcontext=u:object_r:device_config_runtime_native_boot_prop:s0 tclass=file permissive=0
05-29 02:16:30.551  4010  4010 W app_process: JNI RegisterNativeMethods: attempt to register 0 native methods for android.media.AudioAttributes
05-29 02:16:32.322   162   162 I hwservicemanager: getTransport: Cannot find entry android.hardware.graphics.mapper@4.0::IMapper/default in either framework or device manifest.
05-29 02:16:32.322  4043  4043 I Gralloc4: mapper 4.x is not supported
05-29 02:16:32.401  1451  2312 I MediaProvider: Begin Intent { act=android.intent.action.MEDIA_SCANNER_SCAN_FILE dat=file:///sdcard/screen_2026-05-29_021633.png flg=0x1400010 cmp=com.android.providers.media.module/com.android.providers.media.MediaService }
05-29 02:16:32.410  1451  2312 W ModernMediaScanner: Failed to visit /sdcard/screen_2026-05-29_021633.png: java.nio.file.AccessDeniedException: /sdcard/screen_2026-05-29_021633.png
05-29 02:16:32.411  1451  2312 I MediaProvider: Scanned internal due to REASON_DEMAND, found 0 items in 1ms, 0 inserts 0 updates 0 deletes
05-29 02:16:32.412  1451  2312 I MediaProvider: End Intent { act=android.intent.action.MEDIA_SCANNER_SCAN_FILE dat=file:///sdcard/screen_2026-05-29_021633.png flg=0x1400010 cmp=com.android.providers.media.module/com.android.providers.media.MediaService }
05-29 02:16:32.396  1451  1451 W com.android.providers.media.module: type=1400 audit(0.0:228): avc: denied { read } for comm=4173796E635461736B202331 name="primary" dev="tmpfs" ino=27897 scontext=u:r:mediaprovider_app:s0:c125,c256,c512,c768 tcontext=u:object_r:mnt_pass_through_file:s0 tclass=lnk_file permissive=0 app=com.android.providers.media.module
05-29 02:16:32.404  1451  1451 W com.android.providers.media.module: type=1400 audit(0.0:229): avc: denied { read } for comm=4173796E635461736B202331 name="primary" dev="tmpfs" ino=27897 scontext=u:r:mediaprovider_app:s0:c125,c256,c512,c768 tcontext=u:object_r:mnt_pass_through_file:s0 tclass=lnk_file permissive=0 app=com.android.providers.media.module
05-29 02:16:32.447  1451  1732 I MediaProvider: Deleted 1 items on external_primary due to com.android.shell
05-29 02:16:32.404  1451  1451 W com.android.providers.media.module: type=1400 audit(0.0:230): avc: denied { read } for comm=4173796E635461736B202331 name="primary" dev="tmpfs" ino=27897 scontext=u:r:mediaprovider_app:s0:c125,c256,c512,c768 tcontext=u:object_r:mnt_pass_through_file:s0 tclass=lnk_file permissive=0 app=com.android.providers.media.module
05-29 02:16:32.487  4058  4059 I cmd     : oneway function results will be dropped but finished with status OK and parcel size 4
05-29 02:16:32.404  1451  1451 W com.android.providers.media.module: type=1400 audit(0.0:233): avc: denied { read } for comm=4173796E635461736B202331 name="primary" dev="tmpfs" ino=27897 scontext=u:r:mediaprovider_app:s0:c125,c256,c512,c768 tcontext=u:object_r:mnt_pass_through_file:s0 tclass=lnk_file permissive=0 app=com.android.providers.media.module
05-29 02:16:32.650   162   162 I hwservicemanager: getTransport: Cannot find entry android.hardware.graphics.mapper@4.0::IMapper/default in either framework or device manifest.
05-29 02:16:32.650  4080  4080 I Gralloc4: mapper 4.x is not supported
05-29 02:16:32.721  4084  4086 I cmd     : oneway function results will be dropped but finished with status OK and parcel size 4
05-29 02:16:32.721  1451  2312 I MediaProvider: Begin Intent { act=android.intent.action.MEDIA_SCANNER_SCAN_FILE dat=file:///sdcard/screen_2026-05-29_021633.png flg=0x1400010 cmp=com.android.providers.media.module/com.android.providers.media.MediaService }
05-29 02:16:33.298     0     0 W audit   : audit_lost=110 audit_rate_limit=5 audit_backlog_limit=64
05-29 02:16:33.303     0     0 E audit   : rate limit exceeded
05-29 02:16:32.730  1451  2312 W ModernMediaScanner: Failed to visit /sdcard/screen_2026-05-29_021633.png: java.nio.file.AccessDeniedException: /sdcard/screen_2026-05-29_021633.png
05-29 02:16:32.731  1451  2312 I MediaProvider: Scanned internal due to REASON_DEMAND, found 0 items in 1ms, 0 inserts 0 updates 0 deletes
