--------- beginning of kernel
05-28 05:14:04.326     0     0 E binder  : invalid inc weak node for 164204
05-28 05:14:04.328     0     0 I binder  : 507:575 IncRefs 0 refcount change on invalid ref 676 ret -22
05-28 05:14:04.330     0     0 E binder  : invalid inc weak node for 164206
05-28 05:14:04.332     0     0 I binder  : 507:575 IncRefs 0 refcount change on invalid ref 687 ret -22
05-28 05:14:04.334     0     0 I binder  : 507:575 transaction failed 29189/-22, size 104-0 line 2692
05-28 05:14:04.341     0     0 I binder  : 507:575 transaction failed 29189/0, size 4-0 line 2624
05-28 05:14:04.353     0     0 I binder  : send failed reply for transaction 164203, target dead
--------- beginning of main
05-28 05:14:04.304  1395  2597 I MediaProvider: Deleted 1 items on external_primary due to com.android.shell
05-28 05:14:04.308  8314  8314 I externalstorag: The ClassLoaderContext is a special shared library.
05-28 05:14:04.396  8360  8362 I cmd     : oneway function results will be dropped but finished with status OK and parcel size 4
05-28 05:14:04.462  8375  8377 I cmd     : oneway function results will be dropped but finished with status OK and parcel size 4
05-28 05:14:04.517  8390  8392 I cmd     : oneway function results will be dropped but finished with status OK and parcel size 4
05-28 05:14:04.596  8402  8402 E libc    : Access denied finding property "persist.device_config.runtime_native_boot.profilebootclasspath"
05-28 05:14:04.596  8402  8402 E libc    : Access denied finding property "persist.device_config.runtime_native_boot.enable_apex_image"
05-28 05:14:04.596  8402  8402 I AndroidRuntime: Using default boot image
05-28 05:14:04.596  8402  8402 E libc    : Access denied finding property "persist.device_config.runtime_native_boot.disable_lock_profiling"
05-28 05:14:04.596  8402  8402 I AndroidRuntime: Leaving lock profiling enabled
05-28 05:14:04.596  8402  8402 E libc    : Access denied finding property "persist.device_config.runtime_native_boot.enable_generational_cc"
05-28 05:14:04.597  8402  8402 I app_process: Core platform API reporting enabled, enforcing=false
05-28 05:14:04.592  8402  8402 W app_process: type=1400 audit(0.0:748): avc: denied { read } for name="u:object_r:device_config_runtime_native_boot_prop:s0" dev="tmpfs" ino=1195 scontext=u:r:shell:s0 tcontext=u:object_r:device_config_runtime_native_boot_prop:s0 tclass=file permissive=0
05-28 05:14:04.592  8402  8402 I chatty  : uid=2000(shell) app_process identical 2 lines
05-28 05:14:04.592  8402  8402 W app_process: type=1400 audit(0.0:751): avc: denied { read } for name="u:object_r:device_config_runtime_native_boot_prop:s0" dev="tmpfs" ino=1195 scontext=u:r:shell:s0 tcontext=u:object_r:device_config_runtime_native_boot_prop:s0 tclass=file permissive=0
05-28 05:14:04.637  8402  8402 W app_process: Unexpected CPU variant for X86 using defaults: x86_64
05-28 05:14:04.637  8402  8402 I app_process: The ClassLoaderContext is a special shared library.
05-28 05:14:04.643  8402  8402 W app_process: JNI RegisterNativeMethods: attempt to register 0 native methods for android.media.AudioAttributes
05-28 05:14:05.239     0     0 I init    : Untracked pid 8242 received signal 1
05-28 05:14:05.326   391   391 W adbd    : timeout expired while flushing socket, closing
05-28 05:14:06.370   158   158 I hwservicemanager: getTransport: Cannot find entry android.hardware.graphics.mapper@4.0::IMapper/default in either framework or device manifest.
05-28 05:14:06.370  8427  8427 I Gralloc4: mapper 4.x is not supported
05-28 05:14:06.446  8431  8433 I cmd     : oneway function results will be dropped but finished with status OK and parcel size 4
05-28 05:14:06.447  1395  1954 I MediaProvider: Begin Intent { act=android.intent.action.MEDIA_SCANNER_SCAN_FILE dat=file:///sdcard/screen_2026-05-28_051406.png flg=0x1400010 cmp=com.android.providers.media.module/com.android.providers.media.MediaService }
05-28 05:14:06.447  1395  1954 W ModernMediaScanner: Failed to visit /sdcard/screen_2026-05-28_051406.png: java.nio.file.AccessDeniedException: /sdcard/screen_2026-05-28_051406.png
05-28 05:14:06.448  1395  1954 I MediaProvider: Scanned internal due to REASON_DEMAND, found 0 items in 1ms, 0 inserts 0 updates 0 deletes
05-28 05:14:06.448  1395  1954 I MediaProvider: End Intent { act=android.intent.action.MEDIA_SCANNER_SCAN_FILE dat=file:///sdcard/screen_2026-05-28_051406.png flg=0x1400010 cmp=com.android.providers.media.module/com.android.providers.media.MediaService }
05-28 05:14:06.444  1395  1395 W com.android.providers.media.module: type=1400 audit(0.0:752): avc: denied { read } for comm=4173796E635461736B202331 name="primary" dev="tmpfs" ino=27675 scontext=u:r:mediaprovider_app:s0:c128,c256,c512,c768 tcontext=u:object_r:mnt_pass_through_file:s0 tclass=lnk_file permissive=0 app=com.android.providers.media.module
05-28 05:14:06.444  1395  1395 I chatty  : uid=10128(com.android.providers.media.module) identical 4 lines
05-28 05:14:06.444  1395  1395 W com.android.providers.media.module: type=1400 audit(0.0:757): avc: denied { read } for comm=4173796E635461736B202331 name="primary" dev="tmpfs" ino=27675 scontext=u:r:mediaprovider_app:s0:c128,c256,c512,c768 tcontext=u:object_r:mnt_pass_through_file:s0 tclass=lnk_file permissive=0 app=com.android.providers.media.module
05-28 05:14:06.508  1395  2597 I MediaProvider: Deleted 1 items on external_primary due to com.android.shell
05-28 05:14:06.535  8442  8444 I cmd     : oneway function results will be dropped but finished with status OK and parcel size 4
05-28 05:14:06.578  8452  8455 I cmd     : oneway function results will be dropped but finished with status OK and parcel size 4
05-28 05:14:06.597  8458  8460 I cmd     : oneway function results will be dropped but finished with status OK and parcel size 4
05-28 05:14:07.231  8466  8468 I cmd     : oneway function results will be dropped but finished with status OK and parcel size 4
05-28 05:14:07.246  8471  8473 I cmd     : oneway function results will be dropped but finished with status OK and parcel size 4
05-28 05:14:07.259  8476  8478 I cmd     : oneway function results will be dropped but finished with status OK and parcel size 4
05-28 05:14:07.298  8487  8489 I cmd     : oneway function results will be dropped but finished with status OK and parcel size 4
05-28 05:14:07.349  8204  8204 I InputAttributes: InputType.TYPE_NULL is specified
05-28 05:14:07.349   322   322 I android.hardware.vibrator-service.example: Vibrator reporting capabilities
05-28 05:14:07.364  8504  8507 I cmd     : oneway function results will be dropped but finished with status OK and parcel size 4
--------- beginning of system
05-28 05:14:07.371   507  3673 I ActivityManager: Killing 2142:com.android.deskclock/u0a105 (adj 975): empty #17
05-28 05:14:07.381   282   282 I Zygote  : Process 2142 exited due to signal 9 (Killed)
05-28 05:14:07.384   507  4642 W ActivityTaskManager: Current config: {1.0 310mcc260mnc [en_US] ldltr sw320dp w320dp h616dp 160dpi nrml long port finger qwerty/v/v -nav/h winConfig={ mBounds=Rect(0, 0 - 320, 640) mAppBounds=Rect(0, 0 - 320, 640) mWindowingMode=fullscreen mDisplayWindowingMode=fullscreen mActivityType=undefined mAlwaysOnTop=undefined mRotation=ROTATION_0} s.8} unchanged for IME proc io.github.ylimit.droidbotapp
05-28 05:14:07.409   507   548 I libprocessgroup: Successfully killed process cgroup uid 10105 pid 2142 in 34ms
05-28 05:14:07.451  8520  8522 I cmd     : oneway function results will be dropped but finished with status OK and parcel size 4
05-28 05:14:07.529  8530  8530 E libc    : Access denied finding property "persist.device_config.runtime_native_boot.profilebootclasspath"
05-28 05:14:07.529  8530  8530 E libc    : Access denied finding property "persist.device_config.runtime_native_boot.enable_apex_image"
05-28 05:14:07.529  8530  8530 I AndroidRuntime: Using default boot image
05-28 05:14:07.529  8530  8530 E libc    : Access denied finding property "persist.device_config.runtime_native_boot.disable_lock_profiling"
05-28 05:14:07.529  8530  8530 I AndroidRuntime: Leaving lock profiling enabled
05-28 05:14:07.530  8530  8530 E libc    : Access denied finding property "persist.device_config.runtime_native_boot.enable_generational_cc"
05-28 05:14:07.531  8530  8530 I app_process: Core platform API reporting enabled, enforcing=false
05-28 05:14:07.524  8530  8530 W app_process: type=1400 audit(0.0:758): avc: denied { read } for name="u:object_r:device_config_runtime_native_boot_prop:s0" dev="tmpfs" ino=1195 scontext=u:r:shell:s0 tcontext=u:object_r:device_config_runtime_native_boot_prop:s0 tclass=file permissive=0
05-28 05:14:07.528  8530  8530 W app_process: type=1400 audit(0.0:761): avc: denied { read } for name="u:object_r:device_config_runtime_native_boot_prop:s0" dev="tmpfs" ino=1195 scontext=u:r:shell:s0 tcontext=u:object_r:device_config_runtime_native_boot_prop:s0 tclass=file permissive=0
05-28 05:14:07.580  8530  8530 W app_process: Unexpected CPU variant for X86 using defaults: x86_64
05-28 05:14:07.581  8530  8530 I app_process: The ClassLoaderContext is a special shared library.
05-28 05:14:07.587  8530  8530 W app_process: JNI RegisterNativeMethods: attempt to register 0 native methods for android.media.AudioAttributes
05-28 05:14:07.384   507  4642 I chatty  : uid=1000(system) Binder:507_13 identical 1 line
05-28 05:14:07.384   507  4642 W ActivityTaskManager: Current config: {1.0 310mcc260mnc [en_US] ldltr sw320dp w320dp h616dp 160dpi nrml long port finger qwerty/v/v -nav/h winConfig={ mBounds=Rect(0, 0 - 320, 640) mAppBounds=Rect(0, 0 - 320, 640) mWindowingMode=fullscreen mDisplayWindowingMode=fullscreen mActivityType=undefined mAlwaysOnTop=undefined mRotation=ROTATION_0} s.8} unchanged for IME proc io.github.ylimit.droidbotapp
05-28 05:14:07.613  2083  8543 W System.err: java.net.SocketException: Broken pipe
05-28 05:14:07.613  2083  8543 W System.err: 	at java.net.SocketOutputStream.socketWrite0(Native Method)
05-28 05:14:07.613  2083  8543 W System.err: 	at java.net.SocketOutputStream.socketWrite(SocketOutputStream.java:117)
05-28 05:14:07.613  2083  8543 W System.err: 	at java.net.SocketOutputStream.write(SocketOutputStream.java:149)
05-28 05:14:07.613  2083  8543 W System.err: 	at io.github.privacystreams.utils.PSDebugSocketServer$SocketSendThread.run(PSDebugSocketServer.java:119)
05-28 05:14:08.275     0     0 W audit   : audit_lost=544 audit_rate_limit=5 audit_backlog_limit=64
05-28 05:14:08.278     0     0 E audit   : rate limit exceeded
05-28 05:14:08.048  8549  8549 W app_process: type=1400 audit(0.0:762): avc: denied { read } for name="u:object_r:device_config_runtime_native_boot_prop:s0" dev="tmpfs" ino=1195 scontext=u:r:shell:s0 tcontext=u:object_r:device_config_runtime_native_boot_prop:s0 tclass=file permissive=0
05-28 05:14:08.054  8549  8549 E libc    : Access denied finding property "persist.device_config.runtime_native_boot.profilebootclasspath"
05-28 05:14:08.065  8549  8549 E libc    : Access denied finding property "persist.device_config.runtime_native_boot.enable_apex_image"
05-28 05:14:08.065  8549  8549 I AndroidRuntime: Using default boot image
05-28 05:14:08.065  8549  8549 E libc    : Access denied finding property "persist.device_config.runtime_native_boot.disable_lock_profiling"
05-28 05:14:08.065  8549  8549 I AndroidRuntime: Leaving lock profiling enabled
05-28 05:14:08.065  8549  8549 E libc    : Access denied finding property "persist.device_config.runtime_native_boot.enable_generational_cc"
05-28 05:14:08.067  8549  8549 I app_process: Core platform API reporting enabled, enforcing=false
05-28 05:14:08.107  8549  8549 W app_process: Unexpected CPU variant for X86 using defaults: x86_64
05-28 05:14:08.108  8549  8549 I app_process: The ClassLoaderContext is a special shared library.
05-28 05:14:08.115  8549  8549 W app_process: JNI RegisterNativeMethods: attempt to register 0 native methods for android.media.AudioAttributes
05-28 05:14:08.550  8570  8572 I cmd     : oneway function results will be dropped but finished with status OK and parcel size 4
05-28 05:14:08.555  1974  1974 I abb     : StartCommandInProcess(73657474696e67730067657400676c6f settings.get.glo [truncated])
05-28 05:14:08.556  1974  2449 I abb     : oneway function results will be dropped but finished with status OK and parcel size 4
05-28 05:14:08.552   507   507 W Binder:507_15: type=1400 audit(0.0:766): avc: denied { getopt } for scontext=u:r:system_server:s0 tcontext=u:r:shell:s0 tclass=unix_stream_socket permissive=0
05-28 05:14:08.565  1974  1974 I abb     : StartCommandInProcess(7061636b61676500696e7374616c6c00 package.install. [truncated])
05-28 05:14:08.552   507   507 W Binder:507_15: type=1400 audit(0.0:767): avc: denied { getopt } for scontext=u:r:system_server:s0 tcontext=u:r:shell:s0 tclass=unix_stream_socket permissive=0
05-28 05:14:08.694   507   604 W RuleEvaluation: Integrity rule files are not available.
05-28 05:14:08.694   507   562 I PackageManager: Integrity check passed for file:///data/app/vmdl555084719.tmp
05-28 05:14:08.697   507   562 I PackageManager: Permission ownership changed. Updating all permissions.
05-28 05:14:08.713   507   562 I AppsFilter: interaction: PackageSetting{cce51d io.github.ylimit.droidbotapp/10130} -> PackageSetting{a756756 com.mocoding.pokedex.android/10132} BLOCKED
05-28 05:14:08.552   507   507 I chatty  : uid=1000(system) Binder:507_3 identical 1 line
05-28 05:14:08.620   507   507 W Binder:507_15: type=1400 audit(0.0:769): avc: denied { getopt } for scontext=u:r:system_server:s0 tcontext=u:r:shell:s0 tclass=unix_stream_socket permissive=0
05-28 05:14:08.718   416   574 E installd: Couldn't opendir /data/app/vmdl555084719.tmp: No such file or directory
05-28 05:14:08.718   416   574 E installd: Failed to delete /data/app/vmdl555084719.tmp: No such file or directory
05-28 05:14:08.719  1974  2449 I abb     : oneway function results will be dropped but finished with status OK and parcel size 4
05-28 05:14:08.723   507   507 I Telecom : DefaultDialerCache: Refreshing default dialer for user 0: now com.android.dialer: DDC.oR@AH8
05-28 05:14:08.728   507   599 I InputReader: Reconfiguring input devices, changes=KEYBOARD_LAYOUTS | 
05-28 05:14:08.728  1395  1395 I MediaProvider: Invalidating LocalCallingIdentity cache for package com.mocoding.pokedex.android. Reason: package android.intent.action.PACKAGE_ADDED
05-28 05:14:08.728   507  6780 W BroadcastQueue: Background execution not allowed: receiving Intent { act=android.intent.action.PACKAGE_ADDED dat=package:com.mocoding.pokedex.android flg=0x4000010 (has extras) } to com.android.packageinstaller/.PackageInstalledReceiver
05-28 05:14:08.728   507   546 W BroadcastQueue: Background execution not allowed: receiving Intent { act=android.intent.action.PACKAGE_ADDED dat=package:com.mocoding.pokedex.android flg=0x4000010 (has extras) } to com.android.gallery3d/.app.PackagesMonitor
05-28 05:14:08.730   507   537 I RoleManagerService: Granting default roles...
05-28 05:14:08.733   739   759 I PermissionControllerServiceImpl: Updating user sensitive for uid 10132
05-28 05:14:08.770   507   545 W VoiceInteractionManager: no available voice recognition services found for user 0
05-28 05:14:08.996     0     0 I binder  : 507:518 DecRefs 0 refcount change on invalid ref 676 ret -22
05-28 05:14:08.998     0     0 I binder  : 507:518 DecRefs 0 refcount change on invalid ref 687 ret -22
05-28 05:14:08.716   507   507 W Binder:507_15: type=1400 audit(0.0:770): avc: denied { getopt } for scontext=u:r:system_server:s0 tcontext=u:r:shell:s0 tclass=unix_stream_socket permissive=0
05-28 05:14:09.358  8204  8204 I LatinIME: Timeout waiting for dictionary load
05-28 05:14:10.594  8590  8592 I cmd     : oneway function results will be dropped but finished with status OK and parcel size 4
05-28 05:14:10.606   157   157 I servicemanager: Since 'apexservice' could not be found, trying to start it as a lazy AIDL service
05-28 05:14:10.828     0     0 I init    : starting service 'apexd'...
05-28 05:14:10.830     0     0 I init    : Control message: Processed ctl.interface_start for 'aidl/apexservice' from pid: 157 (/system/bin/servicemanager)
05-28 05:14:10.846     0     0 I apexd   : Scanning /system/apex for preinstalled data
05-28 05:14:10.864     0     0 I apexd   : Scanning /system_ext/apex for preinstalled data
05-28 05:14:10.866     0     0 I apexd   : ... does not exist. Skipping
05-28 05:14:10.867     0     0 I apexd   : Scanning /product/apex for preinstalled data
05-28 05:14:10.869     0     0 I apexd   : ... does not exist. Skipping
05-28 05:14:10.871     0     0 I apexd   : Scanning /vendor/apex for preinstalled data
05-28 05:14:10.872     0     0 I apexd   : ... does not exist. Skipping
05-28 05:14:10.874     0     0 I apexd   : Populating APEX database from mounts...
05-28 05:14:10.876     0     0 I apexd   : Found "/apex/com.android.neuralnetworks@300000000" backed by file /system/apex/com.android.neuralnetworks.apex
05-28 05:14:10.880     0     0 I apexd   : Found "/apex/com.android.runtime@1" backed by file /system/apex/com.android.runtime.apex
05-28 05:14:10.882     0     0 I apexd   : Found "/apex/com.android.resolv@300000000" backed by file /system/apex/com.android.resolv.apex
05-28 05:14:10.885     0     0 I apexd   : Found "/apex/com.android.extservices@300000000" backed by file /system/apex/com.android.extservices.apex
05-28 05:14:10.889     0     0 I apexd   : Found "/apex/com.android.tethering@300000000" backed by file /system/apex/com.android.tethering.apex
05-28 05:14:10.892     0     0 I apexd   : Found "/apex/com.android.cellbroadcast@300000000" backed by file /system/apex/com.android.cellbroadcast.apex
05-28 05:14:10.896     0     0 I apexd   : Found "/apex/com.android.vndk.v30@1" backed by file /system/apex/com.android.vndk.current.apex
05-28 05:14:10.899     0     0 I apexd   : Found "/apex/com.android.art@1" backed by file /system/apex/com.android.art.debug.apex
05-28 05:14:10.902     0     0 I apexd   : Found "/apex/com.android.conscrypt@300000000" backed by file /system/apex/com.android.conscrypt.apex
05-28 05:14:10.905     0     0 I apexd   : Found "/apex/com.android.apex.cts.shim@1" backed by file /system/apex/com.android.apex.cts.shim.apex
05-28 05:14:10.908     0     0 I apexd   : Found "/apex/com.android.i18n@1" backed by file /system/apex/com.android.i18n.apex
05-28 05:14:10.911     0     0 I apexd   : Found "/apex/com.android.permission@300000000" backed by file /system/apex/com.android.permission.apex
05-28 05:14:10.915     0     0 I apexd   : Found "/apex/com.android.media@300000000" backed by file /system/apex/com.android.media.apex
05-28 05:14:10.918     0     0 I apexd   : Found "/apex/com.android.adbd@300000000" backed by file /system/apex/com.android.adbd.apex
05-28 05:14:10.921     0     0 I apexd   : Found "/apex/com.android.mediaprovider@300000000" backed by file /system/apex/com.android.mediaprovider.apex
05-28 05:14:10.924     0     0 I apexd   : Found "/apex/com.android.ipsec@300000000" backed by file /system/apex/com.android.ipsec.apex
05-28 05:14:10.927     0     0 I apexd   : Found "/apex/com.android.tzdata@300000000" backed by file /system/apex/com.android.tzdata.apex
05-28 05:14:10.930     0     0 I apexd   : Found "/apex/com.android.media.swcodec@300000000" backed by file /system/apex/com.android.media.swcodec.apex
05-28 05:14:10.934     0     0 I apexd   : Found "/apex/com.android.os.statsd@300000000" backed by file /system/apex/com.android.os.statsd.apex
05-28 05:14:10.937     0     0 I apexd   : Found "/apex/com.android.wifi@300000000" backed by file /system/apex/com.android.wifi.apex
05-28 05:14:10.725   157   157 I BpBinder: onLastStrongRef automatically unlinking death recipients: <uncached descriptor>
05-28 05:14:10.940     0     0 I apexd   : Found "/apex/com.android.sdkext@300000000" backed by file /system/apex/com.android.sdkext.apex
05-28 05:14:10.943     0     0 I apexd   : 21 packages restored.
05-28 05:14:10.945     0     0 I AidlLazyServiceRegistrar: Registering service apexservice
05-28 05:14:10.947     0     0 I AidlLazyServiceRegistrar: Trying to shut down the service. No clients in use for any service in process.
05-28 05:14:10.729   157   157 I servicemanager: Tried to unregister apexservice, but there is about to be a client.
05-28 05:14:10.951     0     0 I AidlLazyServiceRegistrar: Failed to unregister service apexservice
05-28 05:14:10.834   158   158 I hwservicemanager: getTransport: Cannot find entry android.hardware.graphics.mapper@4.0::IMapper/default in either framework or device manifest.
05-28 05:14:10.834  8612  8612 I Gralloc4: mapper 4.x is not supported
05-28 05:14:10.913  1395  1954 I MediaProvider: Begin Intent { act=android.intent.action.MEDIA_SCANNER_SCAN_FILE dat=file:///sdcard/screen_2026-05-28_051411.png flg=0x1400010 cmp=com.android.providers.media.module/com.android.providers.media.MediaService }
05-28 05:14:10.923  8616  8618 I cmd     : oneway function results will be dropped but finished with status OK and parcel size 4
05-28 05:14:10.908  1395  1395 W com.android.providers.media.module: type=1400 audit(0.0:773): avc: denied { read } for comm=4173796E635461736B202331 name="primary" dev="tmpfs" ino=27675 scontext=u:r:mediaprovider_app:s0:c128,c256,c512,c768 tcontext=u:object_r:mnt_pass_through_file:s0 tclass=lnk_file permissive=0 app=com.android.providers.media.module
05-28 05:14:11.137     0     0 W audit   : audit_lost=549 audit_rate_limit=5 audit_backlog_limit=64
05-28 05:14:11.147     0     0 E audit   : rate limit exceeded
05-28 05:14:10.912  1395  1395 W com.android.providers.media.module: type=1400 audit(0.0:774): avc: denied { read } for comm=4173796E635461736B202331 name="primary" dev="tmpfs" ino=27675 scontext=u:r:mediaprovider_app:s0:c128,c256,c512,c768 tcontext=u:object_r:mnt_pass_through_file:s0 tclass=lnk_file permissive=0 app=com.android.providers.media.module
05-28 05:14:10.935  1395  1954 W ModernMediaScanner: Failed to visit /sdcard/screen_2026-05-28_051411.png: java.nio.file.AccessDeniedException: /sdcard/screen_2026-05-28_051411.png
05-28 05:14:10.935  1395  1954 I MediaProvider: Scanned internal due to REASON_DEMAND, found 0 items in 20ms, 0 inserts 0 updates 0 deletes
05-28 05:14:10.936  1395  1954 I MediaProvider: End Intent { act=android.intent.action.MEDIA_SCANNER_SCAN_FILE dat=file:///sdcard/screen_2026-05-28_051411.png flg=0x1400010 cmp=com.android.providers.media.module/com.android.providers.media.MediaService }
05-28 05:14:10.912  1395  1395 W com.android.providers.media.module: type=1400 audit(0.0:775): avc: denied { read } for comm=4173796E635461736B202331 name="primary" dev="tmpfs" ino=27675 scontext=u:r:mediaprovider_app:s0:c128,c256,c512,c768 tcontext=u:object_r:mnt_pass_through_file:s0 tclass=lnk_file permissive=0 app=com.android.providers.media.module
05-28 05:14:10.961  1395  1571 I MediaProvider: Deleted 1 items on external_primary due to com.android.shell
05-28 05:14:10.990  8627  8629 I cmd     : oneway function results will be dropped but finished with status OK and parcel size 4
05-28 05:14:11.031   507  8252 I ActivityManager: Force stopping com.mocoding.pokedex.android appid=10132 user=0: from pid 8639
05-28 05:14:11.032  8639  8641 I cmd     : oneway function results will be dropped but finished with status OK and parcel size 4
05-28 05:14:11.081  8642  8642 E libc    : Access denied finding property "persist.device_config.runtime_native_boot.profilebootclasspath"
05-28 05:14:11.081  8642  8642 E libc    : Access denied finding property "persist.device_config.runtime_native_boot.enable_apex_image"
05-28 05:14:11.081  8642  8642 I AndroidRuntime: Using default boot image
05-28 05:14:11.081  8642  8642 E libc    : Access denied finding property "persist.device_config.runtime_native_boot.disable_lock_profiling"
05-28 05:14:11.081  8642  8642 I AndroidRuntime: Leaving lock profiling enabled
05-28 05:14:11.081  8642  8642 E libc    : Access denied finding property "persist.device_config.runtime_native_boot.enable_generational_cc"
05-28 05:14:11.082  8642  8642 I app_process: Core platform API reporting enabled, enforcing=false
05-28 05:14:11.122  8642  8642 W app_process: Unexpected CPU variant for X86 using defaults: x86_64
05-28 05:14:11.123  8642  8642 I app_process: The ClassLoaderContext is a special shared library.
05-28 05:14:11.130  8642  8642 W app_process: JNI RegisterNativeMethods: attempt to register 0 native methods for android.media.AudioAttributes
05-28 05:14:11.135   507   538 I ActivityTaskManager: START u0 {act=android.intent.action.MAIN cat=[android.intent.category.HOME] flg=0x10000100 cmp=com.android.launcher3/.uioverrides.QuickstepLauncher (has extras)} from uid 0
05-28 05:14:11.757   157   157 I servicemanager: Notifying apexservice they have clients: 1
05-28 05:14:11.979     0     0 I AidlLazyServiceRegistrar: Process has 1 (of 1 available) client(s) in use after notification android.apex.IApexService has clients: 1
05-28 05:14:12.654   158   158 I hwservicemanager: getTransport: Cannot find entry android.hardware.graphics.mapper@4.0::IMapper/default in either framework or device manifest.
05-28 05:14:12.654  8674  8674 I Gralloc4: mapper 4.x is not supported
05-28 05:14:12.727  8678  8680 I cmd     : oneway function results will be dropped but finished with status OK and parcel size 4
05-28 05:14:12.728  1395  1954 I MediaProvider: Begin Intent { act=android.intent.action.MEDIA_SCANNER_SCAN_FILE dat=file:///sdcard/screen_2026-05-28_051413.png flg=0x1400010 cmp=com.android.providers.media.module/com.android.providers.media.MediaService }
05-28 05:14:12.724  1395  1395 W com.android.providers.media.module: type=1400 audit(0.0:783): avc: denied { read } for comm=4173796E635461736B202331 name="primary" dev="tmpfs" ino=27675 scontext=u:r:mediaprovider_app:s0:c128,c256,c512,c768 tcontext=u:object_r:mnt_pass_through_file:s0 tclass=lnk_file permissive=0 app=com.android.providers.media.module
05-28 05:14:12.954     0     0 W audit   : audit_lost=554 audit_rate_limit=5 audit_backlog_limit=64
05-28 05:14:12.959     0     0 E audit   : rate limit exceeded
05-28 05:14:12.732  1395  1395 W com.android.providers.media.module: type=1400 audit(0.0:784): avc: denied { read } for comm=4173796E635461736B202331 name="primary" dev="tmpfs" ino=27675 scontext=u:r:mediaprovider_app:s0:c128,c256,c512,c768 tcontext=u:object_r:mnt_pass_through_file:s0 tclass=lnk_file permissive=0 app=com.android.providers.media.module
05-28 05:14:12.747  1395  1954 W ModernMediaScanner: Failed to visit /sdcard/screen_2026-05-28_051413.png: java.nio.file.AccessDeniedException: /sdcard/screen_2026-05-28_051413.png
05-28 05:14:12.747  1395  1954 I MediaProvider: Scanned internal due to REASON_DEMAND, found 0 items in 15ms, 0 inserts 0 updates 0 deletes
05-28 05:14:12.748  1395  1954 I MediaProvider: End Intent { act=android.intent.action.MEDIA_SCANNER_SCAN_FILE dat=file:///sdcard/screen_2026-05-28_051413.png flg=0x1400010 cmp=com.android.providers.media.module/com.android.providers.media.MediaService }
05-28 05:14:12.732  1395  1395 W com.android.providers.media.module: type=1400 audit(0.0:785): avc: denied { read } for comm=4173796E635461736B202331 name="primary" dev="tmpfs" ino=27675 scontext=u:r:mediaprovider_app:s0:c128,c256,c512,c768 tcontext=u:object_r:mnt_pass_through_file:s0 tclass=lnk_file permissive=0 app=com.android.providers.media.module
05-28 05:14:12.786  1395  1586 I MediaProvider: Deleted 1 items on external_primary due to com.android.shell
05-28 05:14:12.813  8689  8691 I cmd     : oneway function results will be dropped but finished with status OK and parcel size 4
05-28 05:14:12.941   158   158 I hwservicemanager: getTransport: Cannot find entry android.hardware.graphics.mapper@4.0::IMapper/default in either framework or device manifest.
05-28 05:14:12.942  8711  8711 I Gralloc4: mapper 4.x is not supported
05-28 05:14:13.017  8715  8717 I cmd     : oneway function results will be dropped but finished with status OK and parcel size 4
05-28 05:14:13.018  1395  1954 I MediaProvider: Begin Intent { act=android.intent.action.MEDIA_SCANNER_SCAN_FILE dat=file:///sdcard/screen_2026-05-28_051413.png flg=0x1400010 cmp=com.android.providers.media.module/com.android.providers.media.MediaService }
05-28 05:14:13.019  1395  1954 W ModernMediaScanner: Failed to visit /sdcard/screen_2026-05-28_051413.png: java.nio.file.AccessDeniedException: /sdcard/screen_2026-05-28_051413.png
05-28 05:14:13.019  1395  1954 I MediaProvider: Scanned internal due to REASON_DEMAND, found 0 items in 1ms, 0 inserts 0 updates 0 deletes
05-28 05:14:13.019  1395  1954 I MediaProvider: End Intent { act=android.intent.action.MEDIA_SCANNER_SCAN_FILE dat=file:///sdcard/screen_2026-05-28_051413.png flg=0x1400010 cmp=com.android.providers.media.module/com.android.providers.media.MediaService }
05-28 05:14:13.044  1395  2597 I MediaProvider: Deleted 1 items on external_primary due to com.android.shell
05-28 05:14:13.073  8726  8728 I cmd     : oneway function results will be dropped but finished with status OK and parcel size 4
05-28 05:14:13.213   158   158 I hwservicemanager: getTransport: Cannot find entry android.hardware.graphics.mapper@4.0::IMapper/default in either framework or device manifest.
05-28 05:14:13.213  8748  8748 I Gralloc4: mapper 4.x is not supported
05-28 05:14:13.288  8752  8754 I cmd     : oneway function results will be dropped but finished with status OK and parcel size 4
05-28 05:14:13.289  1395  1954 I MediaProvider: Begin Intent { act=android.intent.action.MEDIA_SCANNER_SCAN_FILE dat=file:///sdcard/screen_2026-05-28_051413.png flg=0x1400010 cmp=com.android.providers.media.module/com.android.providers.media.MediaService }
05-28 05:14:13.291  1395  1954 W ModernMediaScanner: Failed to visit /sdcard/screen_2026-05-28_051413.png: java.nio.file.AccessDeniedException: /sdcard/screen_2026-05-28_051413.png
05-28 05:14:13.294  1395  1954 I MediaProvider: Scanned internal due to REASON_DEMAND, found 0 items in 2ms, 0 inserts 0 updates 0 deletes
05-28 05:14:13.294  1395  1954 I MediaProvider: End Intent { act=android.intent.action.MEDIA_SCANNER_SCAN_FILE dat=file:///sdcard/screen_2026-05-28_051413.png flg=0x1400010 cmp=com.android.providers.media.module/com.android.providers.media.MediaService }
05-28 05:14:13.313  1395  1571 I MediaProvider: Deleted 1 items on external_primary due to com.android.shell
05-28 05:14:13.341  8763  8765 I cmd     : oneway function results will be dropped but finished with status OK and parcel size 4
05-28 05:14:13.383   507  4642 I ActivityTaskManager: START u0 {act=android.intent.action.MAIN cat=[android.intent.category.LAUNCHER] flg=0x10000000 cmp=com.mocoding.pokedex.android/.MainActivity} from uid 2000
05-28 05:14:13.384   409   409 I perfetto: ing_service_impl.cc:758 Configured tracing session 7, #sources:1, duration:5000 ms, #buffers:1, total buffer size:4096 KB, total sessions:1, uid:1071 session name: ""
05-28 05:14:13.384   405   405 I perfetto: probes_producer.cc:230  Ftrace setup (target_buf=7)
05-28 05:14:13.395   405   405 I perfetto: ftrace_procfs.cc:176    enabled ftrace
05-28 05:14:13.616     0     0 W perfetto: enabled ftrace
05-28 05:14:13.399  8775  8777 I cmd     : oneway function results will be dropped but finished with status OK and parcel size 4
05-28 05:14:13.416   507   547 I ActivityManager: Start proc 8783:com.mocoding.pokedex.android/u0a132 for pre-top-activity {com.mocoding.pokedex.android/com.mocoding.pokedex.android.MainActivity}
05-28 05:14:13.419  8783  8783 I pokedex.androi: Late-enabling -Xcheck:jni
05-28 05:14:13.433  8783  8783 I pokedex.androi: Unquickening 12 vdex files!
05-28 05:14:13.434  8783  8783 W pokedex.androi: Unexpected CPU variant for X86 using defaults: x86_64
05-28 05:14:13.439   391   403 I adbd    : jdwp connection from 8783
05-28 05:14:13.443   507   535 W InputReader: Device virtio_input_multi_touch_10 is associated with display ADISPLAY_ID_NONE.
05-28 05:14:13.443   507   535 W InputReader: Device virtio_input_multi_touch_7 is associated with display ADISPLAY_ID_NONE.
05-28 05:14:13.443   507   535 W InputReader: Device virtio_input_multi_touch_4 is associated with display ADISPLAY_ID_NONE.
05-28 05:14:13.443   507   535 W InputReader: Device virtio_input_multi_touch_5 is associated with display ADISPLAY_ID_NONE.
05-28 05:14:13.443   507   535 W InputReader: Device virtio_input_multi_touch_2 is associated with display ADISPLAY_ID_NONE.
05-28 05:14:13.444   507   535 W InputReader: Device virtio_input_multi_touch_6 is associated with display ADISPLAY_ID_NONE.
05-28 05:14:13.444   507   535 W InputReader: Device virtio_input_multi_touch_3 is associated with display ADISPLAY_ID_NONE.
05-28 05:14:13.444   507   535 W InputReader: Device virtio_input_multi_touch_8 is associated with display ADISPLAY_ID_NONE.
05-28 05:14:13.444   507   535 W InputReader: Device virtio_input_multi_touch_9 is associated with display ADISPLAY_ID_NONE.
05-28 05:14:13.444   507   535 W InputReader: Device virtio_input_multi_touch_11 is associated with display ADISPLAY_ID_NONE.
05-28 05:14:13.444   507   535 W InputReader: Device virtio_input_multi_touch_10 is associated with display ADISPLAY_ID_NONE.
05-28 05:14:13.444   507   535 W InputReader: Device virtio_input_multi_touch_7 is associated with display ADISPLAY_ID_NONE.
05-28 05:14:13.444   507   535 W InputReader: Device virtio_input_multi_touch_4 is associated with display ADISPLAY_ID_NONE.
05-28 05:14:13.444   507   535 W InputReader: Device virtio_input_multi_touch_5 is associated with display ADISPLAY_ID_NONE.
05-28 05:14:13.444   507   535 W InputReader: Device virtio_input_multi_touch_2 is associated with display ADISPLAY_ID_NONE.
05-28 05:14:13.444   507   535 W InputReader: Device virtio_input_multi_touch_6 is associated with display ADISPLAY_ID_NONE.
05-28 05:14:13.444   507   535 W InputReader: Device virtio_input_multi_touch_3 is associated with display ADISPLAY_ID_NONE.
05-28 05:14:13.444   507   535 W InputReader: Device virtio_input_multi_touch_8 is associated with display ADISPLAY_ID_NONE.
05-28 05:14:13.444   507   535 W InputReader: Device virtio_input_multi_touch_9 is associated with display ADISPLAY_ID_NONE.
05-28 05:14:13.444   507   535 W InputReader: Device virtio_input_multi_touch_11 is associated with display ADISPLAY_ID_NONE.
05-28 05:14:14.120   507   539 I DropBoxManagerService: add tag=system_server_strictmode isTagEnabled=true flags=0x2
05-28 05:14:14.350  8289  8289 I ProvidersCache: Updating roots due to change on user 0at content://com.android.externalstorage.documents
05-28 05:14:14.523   158   158 I hwservicemanager: getTransport: Cannot find entry android.hardware.graphics.mapper@4.0::IMapper/default in either framework or device manifest.
05-28 05:14:14.523  8824  8824 I Gralloc4: mapper 4.x is not supported
05-28 05:14:14.583  1395  1954 I MediaProvider: Begin Intent { act=android.intent.action.MEDIA_SCANNER_SCAN_FILE dat=file:///sdcard/screen_2026-05-28_051414.png flg=0x1400010 cmp=com.android.providers.media.module/com.android.providers.media.MediaService }
05-28 05:14:14.819     0     0 W audit   : audit_lost=567 audit_rate_limit=5 audit_backlog_limit=64
05-28 05:14:14.821     0     0 E audit   : rate limit exceeded
05-28 05:14:14.601  1395  1954 W ModernMediaScanner: Failed to visit /sdcard/screen_2026-05-28_051414.png: java.nio.file.AccessDeniedException: /sdcard/screen_2026-05-28_051414.png
05-28 05:14:14.603  1395  1954 I MediaProvider: Scanned internal due to REASON_DEMAND, found 0 items in 11ms, 0 inserts 0 updates 0 deletes
05-28 05:14:14.604  1395  1954 I MediaProvider: End Intent { act=android.intent.action.MEDIA_SCANNER_SCAN_FILE dat=file:///sdcard/screen_2026-05-28_051414.png flg=0x1400010 cmp=com.android.providers.media.module/com.android.providers.media.MediaService }
05-28 05:14:14.580  1395  1395 W com.android.providers.media.module: type=1400 audit(0.0:801): avc: denied { read } for comm=4173796E635461736B202331 name="primary" dev="tmpfs" ino=27675 scontext=u:r:mediaprovider_app:s0:c128,c256,c512,c768 tcontext=u:object_r:mnt_pass_through_file:s0 tclass=lnk_file permissive=0 app=com.android.providers.media.module
05-28 05:14:14.588  1395  1395 I chatty  : uid=10128(com.android.providers.media.module) identical 3 lines
05-28 05:14:14.592  1395  1395 W com.android.providers.media.module: type=1400 audit(0.0:805): avc: denied { read } for comm=4173796E635461736B202331 name="primary" dev="tmpfs" ino=27675 scontext=u:r:mediaprovider_app:s0:c128,c256,c512,c768 tcontext=u:object_r:mnt_pass_through_file:s0 tclass=lnk_file permissive=0 app=com.android.providers.media.module
05-28 05:14:14.660  1395  1586 I MediaProvider: Deleted 1 items on external_primary due to com.android.shell
05-28 05:14:14.690  8783  8783 W pokedex.androi: Class androidx.compose.runtime.snapshots.SnapshotStateList failed lock verification and will run slower.
05-28 05:14:14.690  8783  8783 W pokedex.androi: Common causes for lock verification issues are non-optimized dex code
05-28 05:14:14.690  8783  8783 W pokedex.androi: and incorrect proguard optimizations.
05-28 05:14:14.719  8783  8783 W pokedex.androi: Accessing hidden method Landroid/graphics/Canvas;->drawPatch(Landroid/graphics/NinePatch;Landroid/graphics/Rect;Landroid/graphics/Paint;)V (greylist-max-o, linking, denied)
05-28 05:14:14.719  8783  8783 W pokedex.androi: Accessing hidden method Landroid/graphics/Canvas;->drawPatch(Landroid/graphics/NinePatch;Landroid/graphics/RectF;Landroid/graphics/Paint;)V (greylist-max-o, linking, denied)
05-28 05:14:14.866   158   158 I hwservicemanager: getTransport: Cannot find entry android.hardware.graphics.mapper@4.0::IMapper/default in either framework or device manifest.
05-28 05:14:14.866  8863  8863 I Gralloc4: mapper 4.x is not supported
05-28 05:14:14.897   158   158 I hwservicemanager: getTransport: Cannot find entry android.hardware.configstore@1.0::ISurfaceFlingerConfigs/default in either framework or device manifest.
05-28 05:14:14.906   158   158 I hwservicemanager: getTransport: Cannot find entry android.hardware.graphics.mapper@4.0::IMapper/default in either framework or device manifest.
05-28 05:14:14.906  8783  8809 I Gralloc4: mapper 4.x is not supported
05-28 05:14:14.927  1395  1954 I MediaProvider: Begin Intent { act=android.intent.action.MEDIA_SCANNER_SCAN_FILE dat=file:///sdcard/screen_2026-05-28_051415.png flg=0x1400010 cmp=com.android.providers.media.module/com.android.providers.media.MediaService }
05-28 05:14:14.928  1395  1954 W ModernMediaScanner: Failed to visit /sdcard/screen_2026-05-28_051415.png: java.nio.file.AccessDeniedException: /sdcard/screen_2026-05-28_051415.png
05-28 05:14:14.928  1395  1954 I MediaProvider: Scanned internal due to REASON_DEMAND, found 0 items in 1ms, 0 inserts 0 updates 0 deletes
05-28 05:14:14.929  1395  1954 I MediaProvider: End Intent { act=android.intent.action.MEDIA_SCANNER_SCAN_FILE dat=file:///sdcard/screen_2026-05-28_051415.png flg=0x1400010 cmp=com.android.providers.media.module/com.android.providers.media.MediaService }
05-28 05:14:15.003  1395  2597 I MediaProvider: Deleted 1 items on external_primary due to com.android.shell
05-28 05:14:15.326   158   158 I hwservicemanager: getTransport: Cannot find entry android.hardware.graphics.mapper@4.0::IMapper/default in either framework or device manifest.
05-28 05:14:15.326  8902  8902 I Gralloc4: mapper 4.x is not supported
05-28 05:14:15.479  1395  1954 I MediaProvider: Begin Intent { act=android.intent.action.MEDIA_SCANNER_SCAN_FILE dat=file:///sdcard/screen_2026-05-28_051415.png flg=0x1400010 cmp=com.android.providers.media.module/com.android.providers.media.MediaService }
05-28 05:14:15.480  1395  1954 W ModernMediaScanner: Failed to visit /sdcard/screen_2026-05-28_051415.png: java.nio.file.AccessDeniedException: /sdcard/screen_2026-05-28_051415.png
05-28 05:14:15.480  1395  1954 I MediaProvider: Scanned internal due to REASON_DEMAND, found 0 items in 0ms, 0 inserts 0 updates 0 deletes
05-28 05:14:15.481  1395  1954 I MediaProvider: End Intent { act=android.intent.action.MEDIA_SCANNER_SCAN_FILE dat=file:///sdcard/screen_2026-05-28_051415.png flg=0x1400010 cmp=com.android.providers.media.module/com.android.providers.media.MediaService }
05-28 05:14:15.551  1395  1571 I MediaProvider: Deleted 1 items on external_primary due to com.android.shell
05-28 05:14:15.679  8783  8809 I OpenGLRenderer: Davey! duration=1386ms; Flags=1, IntendedVsync=127715018702, Vsync=127781685366, OldestInputEvent=9223372036854775807, NewestInputEvent=0, HandleInputStart=127788537879, AnimationStart=127788539842, PerformTraversalsStart=127788600402, DrawStart=128347799618, SyncQueued=128369180279, SyncStart=128369787632, IssueDrawCommandsStart=128369888462, SwapBuffers=128972892619, FrameCompleted=129102273047, DequeueBufferDuration=69233, QueueBufferDuration=377221, GpuCompleted=0, 
05-28 05:14:15.699   507   545 I ActivityTaskManager: Displayed com.mocoding.pokedex.android/.MainActivity: +2s303ms
05-28 05:14:15.736  8783  8783 I Choreographer: Skipped 80 frames!  The application may be doing too much work on its main thread.
05-28 05:14:15.751  8783  8809 I OpenGLRenderer: Davey! duration=1358ms; Flags=0, IntendedVsync=127815019067, Vsync=129148352347, OldestInputEvent=9223372036854775807, NewestInputEvent=0, HandleInputStart=129158866838, AnimationStart=129158868861, PerformTraversalsStart=129164455678, DrawStart=129167661365, SyncQueued=129169759955, SyncStart=129170011584, IssueDrawCommandsStart=129170074427, SwapBuffers=129172165587, FrameCompleted=129173938393, DequeueBufferDuration=74220, QueueBufferDuration=179517, GpuCompleted=32651097298436096, 
05-28 05:14:15.771   334   596 W ServiceManager: Permission failure: android.permission.ACCESS_SURFACE_FLINGER from uid=10132 pid=8783
05-28 05:14:15.888  2083  2083 E AccessibilityInteractionClient: 1 Disconnected nodes.
05-28 05:14:15.996  8983  8985 I cmd     : oneway function results will be dropped but finished with status OK and parcel size 4
05-28 05:14:16.251  8783  8960 W pokedex.androi: Accessing hidden method Landroid/graphics/ImageDecoder;->createSource([B)Landroid/graphics/ImageDecoder$Source; (greylist-max-o, linking, denied)
05-28 05:14:16.409  8289  8289 I ProvidersCache: Updating roots due to change on user 0at content://com.android.providers.media.documents/root
05-28 05:14:16.515  9037  9037 E libc    : Access denied finding property "persist.device_config.runtime_native_boot.profilebootclasspath"
05-28 05:14:16.515  9037  9037 E libc    : Access denied finding property "persist.device_config.runtime_native_boot.enable_apex_image"
05-28 05:14:16.515  9037  9037 I AndroidRuntime: Using default boot image
05-28 05:14:16.515  9037  9037 E libc    : Access denied finding property "persist.device_config.runtime_native_boot.disable_lock_profiling"
05-28 05:14:16.515  9037  9037 I AndroidRuntime: Leaving lock profiling enabled
05-28 05:14:16.515  9037  9037 E libc    : Access denied finding property "persist.device_config.runtime_native_boot.enable_generational_cc"
05-28 05:14:16.518  9037  9037 I app_process: Core platform API reporting enabled, enforcing=false
05-28 05:14:14.123   507   539 I chatty  : uid=1000(system) android.io identical 5 lines
05-28 05:14:14.124   507   539 I DropBoxManagerService: add tag=system_server_strictmode isTagEnabled=true flags=0x2
05-28 05:14:16.518   507  1391 E TaskPersister: File error accessing recents directory (directory doesn't exist?).
05-28 05:14:16.554  8289  8289 I ProvidersCache: Updating roots due to change on user 0at content://com.android.providers.media.documents/root
05-28 05:14:16.591  8783  8796 I pokedex.androi: Background concurrent copying GC freed 84781(5179KB) AllocSpace objects, 4(80KB) LOS objects, 49% free, 8257KB/16MB, paused 17us total 305.734ms
05-28 05:14:16.500  9037  9037 W app_process: type=1400 audit(0.0:819): avc: denied { read } for name="u:object_r:device_config_runtime_native_boot_prop:s0" dev="tmpfs" ino=1195 scontext=u:r:shell:s0 tcontext=u:object_r:device_config_runtime_native_boot_prop:s0 tclass=file permissive=0
05-28 05:14:16.512  9037  9037 W app_process: type=1400 audit(0.0:820): avc: denied { read } for name="u:object_r:device_config_runtime_native_boot_prop:s0" dev="tmpfs" ino=1195 scontext=u:r:shell:s0 tcontext=u:object_r:device_config_runtime_native_boot_prop:s0 tclass=file permissive=0
05-28 05:14:16.632  9037  9037 W app_process: Unexpected CPU variant for X86 using defaults: x86_64
05-28 05:14:16.512  9037  9037 W app_process: type=1400 audit(0.0:821): avc: denied { read } for name="u:object_r:device_config_runtime_native_boot_prop:s0" dev="tmpfs" ino=1195 scontext=u:r:shell:s0 tcontext=u:object_r:device_config_runtime_native_boot_prop:s0 tclass=file permissive=0
05-28 05:14:16.633  9037  9037 I app_process: The ClassLoaderContext is a special shared library.
05-28 05:14:16.677  9037  9037 W app_process: JNI RegisterNativeMethods: attempt to register 0 native methods for android.media.AudioAttributes
05-28 05:14:16.512  9037  9037 W app_process: type=1400 audit(0.0:822): avc: denied { read } for name="u:object_r:device_config_runtime_native_boot_prop:s0" dev="tmpfs" ino=1195 scontext=u:r:shell:s0 tcontext=u:object_r:device_config_runtime_native_boot_prop:s0 tclass=file permissive=0
05-28 05:14:16.757   157   157 I servicemanager: Notifying apexservice they have clients: 0
05-28 05:14:16.765   157   157 I BpBinder: onLastStrongRef automatically unlinking death recipients: <uncached descriptor>
05-28 05:14:16.979     0     0 I AidlLazyServiceRegistrar: Process has 0 (of 1 available) client(s) in use after notification android.apex.IApexService has clients: 0
05-28 05:14:16.983     0     0 I AidlLazyServiceRegistrar: Trying to shut down the service. No clients in use for any service in process.
05-28 05:14:16.987     0     0 I AidlLazyServiceRegistrar: Unregistered all clients and exiting
05-28 05:14:16.990     0     0 I         : apexd (8597) used greatest stack depth: 10392 bytes left
05-28 05:14:16.992     0     0 I init    : Service 'apexd' (pid 8597) exited with status 0 oneshot service took 6.162000 seconds in background
05-28 05:14:16.995     0     0 I init    : Sending signal 9 to service 'apexd' (pid 8597) process group...
05-28 05:14:16.998     0     0 I libprocessgroup: Successfully killed process cgroup uid 0 pid 8597 in 0ms
05-28 05:14:18.385   405   405 I perfetto: probes_producer.cc:329  Producer stop (id=7)
05-28 05:14:18.387   405   405 I perfetto: ftrace_procfs.cc:183    disabled ftrace
05-28 05:14:18.387   409   409 I perfetto: ng_service_impl.cc:1948 Tracing session 7 ended, total sessions:0
05-28 05:14:18.607     0     0 W perfetto: disabled ftrace
05-28 05:14:18.418   158   158 I hwservicemanager: getTransport: Cannot find entry android.hardware.graphics.mapper@4.0::IMapper/default in either framework or device manifest.
05-28 05:14:18.418  9076  9076 I Gralloc4: mapper 4.x is not supported
05-28 05:14:18.464  9080  9082 I cmd     : oneway function results will be dropped but finished with status OK and parcel size 4
05-28 05:14:18.464  1395  1954 I MediaProvider: Begin Intent { act=android.intent.action.MEDIA_SCANNER_SCAN_FILE dat=file:///sdcard/screen_2026-05-28_051418.png flg=0x1400010 cmp=com.android.providers.media.module/com.android.providers.media.MediaService }
05-28 05:14:18.471  1395  1954 W ModernMediaScanner: Failed to visit /sdcard/screen_2026-05-28_051418.png: java.nio.file.AccessDeniedException: /sdcard/screen_2026-05-28_051418.png
05-28 05:14:18.472  1395  1954 I MediaProvider: Scanned internal due to REASON_DEMAND, found 0 items in 0ms, 0 inserts 0 updates 0 deletes
05-28 05:14:18.472  1395  1954 I MediaProvider: End Intent { act=android.intent.action.MEDIA_SCANNER_SCAN_FILE dat=file:///sdcard/screen_2026-05-28_051418.png flg=0x1400010 cmp=com.android.providers.media.module/com.android.providers.media.MediaService }
05-28 05:14:18.460  1395  1395 W com.android.providers.media.module: type=1400 audit(0.0:823): avc: denied { read } for comm=4173796E635461736B202331 name="primary" dev="tmpfs" ino=27675 scontext=u:r:mediaprovider_app:s0:c128,c256,c512,c768 tcontext=u:object_r:mnt_pass_through_file:s0 tclass=lnk_file permissive=0 app=com.android.providers.media.module
05-28 05:14:18.468  1395  1395 I chatty  : uid=10128(com.android.providers.media.module) identical 4 lines
05-28 05:14:18.468  1395  1395 W com.android.providers.media.module: type=1400 audit(0.0:828): avc: denied { read } for comm=4173796E635461736B202331 name="primary" dev="tmpfs" ino=27675 scontext=u:r:mediaprovider_app:s0:c128,c256,c512,c768 tcontext=u:object_r:mnt_pass_through_file:s0 tclass=lnk_file permissive=0 app=com.android.providers.media.module
05-28 05:14:18.528  1395  1586 I MediaProvider: Deleted 1 items on external_primary due to com.android.shell
05-28 05:14:18.557  9091  9093 I cmd     : oneway function results will be dropped but finished with status OK and parcel size 4
05-28 05:14:18.705   158   158 I hwservicemanager: getTransport: Cannot find entry android.hardware.graphics.mapper@4.0::IMapper/default in either framework or device manifest.
05-28 05:14:18.706  9113  9113 I Gralloc4: mapper 4.x is not supported
05-28 05:14:18.774  1395  1954 I MediaProvider: Begin Intent { act=android.intent.action.MEDIA_SCANNER_SCAN_FILE dat=file:///sdcard/screen_2026-05-28_051419.png flg=0x1400010 cmp=com.android.providers.media.module/com.android.providers.media.MediaService }
05-28 05:14:18.996     0     0 W audit   : audit_lost=580 audit_rate_limit=5 audit_backlog_limit=64
05-28 05:14:18.998     0     0 E audit   : rate limit exceeded
05-28 05:14:18.778  9119  9121 I cmd     : oneway function results will be dropped but finished with status OK and parcel size 4
