05-28 05:14:45.371  1395  1586 I MediaProvider: Deleted 1 items on external_primary due to com.android.shell
05-28 05:14:45.396 10998 11000 I cmd     : oneway function results will be dropped but finished with status OK and parcel size 4
05-28 05:14:45.444 11013 11015 I cmd     : oneway function results will be dropped but finished with status OK and parcel size 4
05-28 05:14:45.493 11028 11030 I cmd     : oneway function results will be dropped but finished with status OK and parcel size 4
05-28 05:14:45.544 11043 11045 I cmd     : oneway function results will be dropped but finished with status OK and parcel size 4
05-28 05:14:45.622 11055 11055 E libc    : Access denied finding property "persist.device_config.runtime_native_boot.profilebootclasspath"
05-28 05:14:45.622 11055 11055 E libc    : Access denied finding property "persist.device_config.runtime_native_boot.enable_apex_image"
05-28 05:14:45.622 11055 11055 I AndroidRuntime: Using default boot image
05-28 05:14:45.622 11055 11055 E libc    : Access denied finding property "persist.device_config.runtime_native_boot.disable_lock_profiling"
05-28 05:14:45.622 11055 11055 I AndroidRuntime: Leaving lock profiling enabled
05-28 05:14:45.622 11055 11055 E libc    : Access denied finding property "persist.device_config.runtime_native_boot.enable_generational_cc"
05-28 05:14:45.623 11055 11055 I app_process: Core platform API reporting enabled, enforcing=false
05-28 05:14:45.661 11055 11055 W app_process: Unexpected CPU variant for X86 using defaults: x86_64
05-28 05:14:45.662 11055 11055 I app_process: The ClassLoaderContext is a special shared library.
05-28 05:14:45.668 11055 11055 W app_process: JNI RegisterNativeMethods: attempt to register 0 native methods for android.media.AudioAttributes
05-28 05:14:47.075  8289  8289 I ProvidersCache: Updating roots due to change on user 0at content://com.android.providers.media.documents/root
05-28 05:14:47.182  8289  8289 I chatty  : uid=10076(com.android.documentsui) identical 1 line
05-28 05:14:47.346  8289  8289 I ProvidersCache: Updating roots due to change on user 0at content://com.android.providers.media.documents/root
05-28 05:14:47.382   158   158 I hwservicemanager: getTransport: Cannot find entry android.hardware.graphics.mapper@4.0::IMapper/default in either framework or device manifest.
05-28 05:14:47.382 11088 11088 I Gralloc4: mapper 4.x is not supported
05-28 05:14:47.418  8289  8289 I ProvidersCache: Updating roots due to change on user 0at content://com.android.providers.media.documents/root
05-28 05:14:47.428 11092 11094 I cmd     : oneway function results will be dropped but finished with status OK and parcel size 4
05-28 05:14:47.429  1395  1954 I MediaProvider: Begin Intent { act=android.intent.action.MEDIA_SCANNER_SCAN_FILE dat=file:///sdcard/screen_2026-05-28_051447.png flg=0x1400010 cmp=com.android.providers.media.module/com.android.providers.media.MediaService }
05-28 05:14:47.424  1395  1395 W com.android.providers.media.module: type=1400 audit(0.0:1065): avc: denied { read } for comm=4173796E635461736B202331 name="primary" dev="tmpfs" ino=27675 scontext=u:r:mediaprovider_app:s0:c128,c256,c512,c768 tcontext=u:object_r:mnt_pass_through_file:s0 tclass=lnk_file permissive=0 app=com.android.providers.media.module
05-28 05:14:47.651     0     0 W audit   : audit_lost=766 audit_rate_limit=5 audit_backlog_limit=64
05-28 05:14:47.660     0     0 E audit   : rate limit exceeded
05-28 05:14:47.424  1395  1395 W com.android.providers.media.module: type=1400 audit(0.0:1066): avc: denied { read } for comm=4173796E635461736B202331 name="primary" dev="tmpfs" ino=27675 scontext=u:r:mediaprovider_app:s0:c128,c256,c512,c768 tcontext=u:object_r:mnt_pass_through_file:s0 tclass=lnk_file permissive=0 app=com.android.providers.media.module
05-28 05:14:47.446  1395  1954 W ModernMediaScanner: Failed to visit /sdcard/screen_2026-05-28_051447.png: java.nio.file.AccessDeniedException: /sdcard/screen_2026-05-28_051447.png
05-28 05:14:47.447  1395  1954 I MediaProvider: Scanned internal due to REASON_DEMAND, found 0 items in 17ms, 0 inserts 0 updates 0 deletes
05-28 05:14:47.447  1395  1954 I MediaProvider: End Intent { act=android.intent.action.MEDIA_SCANNER_SCAN_FILE dat=file:///sdcard/screen_2026-05-28_051447.png flg=0x1400010 cmp=com.android.providers.media.module/com.android.providers.media.MediaService }
05-28 05:14:47.424  1395  1395 W com.android.providers.media.module: type=1400 audit(0.0:1067): avc: denied { read } for comm=4173796E635461736B202331 name="primary" dev="tmpfs" ino=27675 scontext=u:r:mediaprovider_app:s0:c128,c256,c512,c768 tcontext=u:object_r:mnt_pass_through_file:s0 tclass=lnk_file permissive=0 app=com.android.providers.media.module
05-28 05:14:47.471  1395  2597 I MediaProvider: Deleted 1 items on external_primary due to com.android.shell
05-28 05:14:47.498 11103 11105 I cmd     : oneway function results will be dropped but finished with status OK and parcel size 4
05-28 05:14:47.623   158   158 I hwservicemanager: getTransport: Cannot find entry android.hardware.graphics.mapper@4.0::IMapper/default in either framework or device manifest.
05-28 05:14:47.623 11125 11125 I Gralloc4: mapper 4.x is not supported
05-28 05:14:47.642  8289  8289 I ProvidersCache: Updating roots due to change on user 0at content://com.android.providers.media.documents/root
05-28 05:14:47.668 11129 11131 I cmd     : oneway function results will be dropped but finished with status OK and parcel size 4
05-28 05:14:47.668  1395  1954 I MediaProvider: Begin Intent { act=android.intent.action.MEDIA_SCANNER_SCAN_FILE dat=file:///sdcard/screen_2026-05-28_051448.png flg=0x1400010 cmp=com.android.providers.media.module/com.android.providers.media.MediaService }
05-28 05:14:47.669  1395  1954 W ModernMediaScanner: Failed to visit /sdcard/screen_2026-05-28_051448.png: java.nio.file.AccessDeniedException: /sdcard/screen_2026-05-28_051448.png
05-28 05:14:47.669  1395  1954 I MediaProvider: Scanned internal due to REASON_DEMAND, found 0 items in 1ms, 0 inserts 0 updates 0 deletes
05-28 05:14:47.670  1395  1954 I MediaProvider: End Intent { act=android.intent.action.MEDIA_SCANNER_SCAN_FILE dat=file:///sdcard/screen_2026-05-28_051448.png flg=0x1400010 cmp=com.android.providers.media.module/com.android.providers.media.MediaService }
05-28 05:14:47.692  1395  1571 I MediaProvider: Deleted 1 items on external_primary due to com.android.shell
05-28 05:14:47.720 11140 11142 I cmd     : oneway function results will be dropped but finished with status OK and parcel size 4
05-28 05:14:47.844   158   158 I hwservicemanager: getTransport: Cannot find entry android.hardware.graphics.mapper@4.0::IMapper/default in either framework or device manifest.
05-28 05:14:47.844 11162 11162 I Gralloc4: mapper 4.x is not supported
05-28 05:14:47.890  1395  1954 I MediaProvider: Begin Intent { act=android.intent.action.MEDIA_SCANNER_SCAN_FILE dat=file:///sdcard/screen_2026-05-28_051448.png flg=0x1400010 cmp=com.android.providers.media.module/com.android.providers.media.MediaService }
05-28 05:14:47.890  1395  1954 W ModernMediaScanner: Failed to visit /sdcard/screen_2026-05-28_051448.png: java.nio.file.AccessDeniedException: /sdcard/screen_2026-05-28_051448.png
05-28 05:14:47.891  1395  1954 I MediaProvider: Scanned internal due to REASON_DEMAND, found 0 items in 1ms, 0 inserts 0 updates 0 deletes
05-28 05:14:47.892  1395  1954 I MediaProvider: End Intent { act=android.intent.action.MEDIA_SCANNER_SCAN_FILE dat=file:///sdcard/screen_2026-05-28_051448.png flg=0x1400010 cmp=com.android.providers.media.module/com.android.providers.media.MediaService }
05-28 05:14:47.913  1395  1586 I MediaProvider: Deleted 1 items on external_primary due to com.android.shell
05-28 05:14:47.940 11178 11180 I cmd     : oneway function results will be dropped but finished with status OK and parcel size 4
05-28 05:14:47.989 11193 11195 I cmd     : oneway function results will be dropped but finished with status OK and parcel size 4
05-28 05:14:48.090 11225 11227 I cmd     : oneway function results will be dropped but finished with status OK and parcel size 4
05-28 05:14:48.169 11237 11237 E libc    : Access denied finding property "persist.device_config.runtime_native_boot.profilebootclasspath"
05-28 05:14:48.169 11237 11237 E libc    : Access denied finding property "persist.device_config.runtime_native_boot.enable_apex_image"
05-28 05:14:48.169 11237 11237 I AndroidRuntime: Using default boot image
05-28 05:14:48.169 11237 11237 E libc    : Access denied finding property "persist.device_config.runtime_native_boot.disable_lock_profiling"
05-28 05:14:48.169 11237 11237 I AndroidRuntime: Leaving lock profiling enabled
05-28 05:14:48.169 11237 11237 E libc    : Access denied finding property "persist.device_config.runtime_native_boot.enable_generational_cc"
05-28 05:14:48.170 11237 11237 I app_process: Core platform API reporting enabled, enforcing=false
05-28 05:14:48.209 11237 11237 W app_process: Unexpected CPU variant for X86 using defaults: x86_64
05-28 05:14:48.210 11237 11237 I app_process: The ClassLoaderContext is a special shared library.
05-28 05:14:48.217 11237 11237 W app_process: JNI RegisterNativeMethods: attempt to register 0 native methods for android.media.AudioAttributes
05-28 05:14:49.652  8289  8289 I ProvidersCache: Updating roots due to change on user 0at content://com.android.providers.media.documents/root
05-28 05:14:49.732  8289  8289 I chatty  : uid=10076(com.android.documentsui) identical 1 line
05-28 05:14:49.918  8289  8289 I ProvidersCache: Updating roots due to change on user 0at content://com.android.providers.media.documents/root
05-28 05:14:49.943   158   158 I hwservicemanager: getTransport: Cannot find entry android.hardware.graphics.mapper@4.0::IMapper/default in either framework or device manifest.
05-28 05:14:49.943 11267 11267 I Gralloc4: mapper 4.x is not supported
05-28 05:14:49.980 11272 11274 I cmd     : oneway function results will be dropped but finished with status OK and parcel size 4
05-28 05:14:49.980  1395  1954 I MediaProvider: Begin Intent { act=android.intent.action.MEDIA_SCANNER_SCAN_FILE dat=file:///sdcard/screen_2026-05-28_051450.png flg=0x1400010 cmp=com.android.providers.media.module/com.android.providers.media.MediaService }
05-28 05:14:50.203     0     0 W audit   : audit_lost=783 audit_rate_limit=5 audit_backlog_limit=64
05-28 05:14:50.205     0     0 E audit   : rate limit exceeded
05-28 05:14:49.976  1395  1395 W com.android.providers.media.module: type=1400 audit(0.0:1087): avc: denied { read } for comm=4173796E635461736B202331 name="primary" dev="tmpfs" ino=27675 scontext=u:r:mediaprovider_app:s0:c128,c256,c512,c768 tcontext=u:object_r:mnt_pass_through_file:s0 tclass=lnk_file permissive=0 app=com.android.providers.media.module
05-28 05:14:49.993  1395  1954 W ModernMediaScanner: Failed to visit /sdcard/screen_2026-05-28_051450.png: java.nio.file.AccessDeniedException: /sdcard/screen_2026-05-28_051450.png
05-28 05:14:49.993  1395  1954 I MediaProvider: Scanned internal due to REASON_DEMAND, found 0 items in 13ms, 0 inserts 0 updates 0 deletes
05-28 05:14:49.994  1395  1954 I MediaProvider: End Intent { act=android.intent.action.MEDIA_SCANNER_SCAN_FILE dat=file:///sdcard/screen_2026-05-28_051450.png flg=0x1400010 cmp=com.android.providers.media.module/com.android.providers.media.MediaService }
05-28 05:14:49.976  1395  1395 W com.android.providers.media.module: type=1400 audit(0.0:1088): avc: denied { read } for comm=4173796E635461736B202331 name="primary" dev="tmpfs" ino=27675 scontext=u:r:mediaprovider_app:s0:c128,c256,c512,c768 tcontext=u:object_r:mnt_pass_through_file:s0 tclass=lnk_file permissive=0 app=com.android.providers.media.module
05-28 05:14:50.009  8289  8289 I ProvidersCache: Updating roots due to change on user 0at content://com.android.providers.media.documents/root
05-28 05:14:49.976  1395  1395 W com.android.providers.media.module: type=1400 audit(0.0:1090): avc: denied { read } for comm=4173796E635461736B202331 name="primary" dev="tmpfs" ino=27675 scontext=u:r:mediaprovider_app:s0:c128,c256,c512,c768 tcontext=u:object_r:mnt_pass_through_file:s0 tclass=lnk_file permissive=0 app=com.android.providers.media.module
05-28 05:14:50.039  1395  2597 I MediaProvider: Deleted 1 items on external_primary due to com.android.shell
05-28 05:14:50.209   158   158 I hwservicemanager: getTransport: Cannot find entry android.hardware.graphics.mapper@4.0::IMapper/default in either framework or device manifest.
05-28 05:14:50.210 11307 11307 I Gralloc4: mapper 4.x is not supported
05-28 05:14:50.227  8289  8289 I ProvidersCache: Updating roots due to change on user 0at content://com.android.providers.media.documents/root
05-28 05:14:50.246 11311 11313 I cmd     : oneway function results will be dropped but finished with status OK and parcel size 4
05-28 05:14:50.247  1395  1954 I MediaProvider: Begin Intent { act=android.intent.action.MEDIA_SCANNER_SCAN_FILE dat=file:///sdcard/screen_2026-05-28_051450.png flg=0x1400010 cmp=com.android.providers.media.module/com.android.providers.media.MediaService }
05-28 05:14:50.248  1395  1954 W ModernMediaScanner: Failed to visit /sdcard/screen_2026-05-28_051450.png: java.nio.file.AccessDeniedException: /sdcard/screen_2026-05-28_051450.png
05-28 05:14:50.248  1395  1954 I MediaProvider: Scanned internal due to REASON_DEMAND, found 0 items in 1ms, 0 inserts 0 updates 0 deletes
05-28 05:14:50.249  1395  1954 I MediaProvider: End Intent { act=android.intent.action.MEDIA_SCANNER_SCAN_FILE dat=file:///sdcard/screen_2026-05-28_051450.png flg=0x1400010 cmp=com.android.providers.media.module/com.android.providers.media.MediaService }
05-28 05:14:50.271  1395  1571 I MediaProvider: Deleted 1 items on external_primary due to com.android.shell
05-28 05:14:50.299 11322 11324 I cmd     : oneway function results will be dropped but finished with status OK and parcel size 4
05-28 05:14:50.436   158   158 I hwservicemanager: getTransport: Cannot find entry android.hardware.graphics.mapper@4.0::IMapper/default in either framework or device manifest.
05-28 05:14:50.436 11344 11344 I Gralloc4: mapper 4.x is not supported
05-28 05:14:50.474  1395  1954 I MediaProvider: Begin Intent { act=android.intent.action.MEDIA_SCANNER_SCAN_FILE dat=file:///sdcard/screen_2026-05-28_051450.png flg=0x1400010 cmp=com.android.providers.media.module/com.android.providers.media.MediaService }
05-28 05:14:50.475  1395  1954 W ModernMediaScanner: Failed to visit /sdcard/screen_2026-05-28_051450.png: java.nio.file.AccessDeniedException: /sdcard/screen_2026-05-28_051450.png
05-28 05:14:50.476  1395  1954 I MediaProvider: Scanned internal due to REASON_DEMAND, found 0 items in 1ms, 0 inserts 0 updates 0 deletes
05-28 05:14:50.477  1395  1954 I MediaProvider: End Intent { act=android.intent.action.MEDIA_SCANNER_SCAN_FILE dat=file:///sdcard/screen_2026-05-28_051450.png flg=0x1400010 cmp=com.android.providers.media.module/com.android.providers.media.MediaService }
05-28 05:14:50.499  1395  1586 I MediaProvider: Deleted 1 items on external_primary due to com.android.shell
05-28 05:14:50.528 11359 11361 I cmd     : oneway function results will be dropped but finished with status OK and parcel size 4
05-28 05:14:50.586 11374 11376 I cmd     : oneway function results will be dropped but finished with status OK and parcel size 4
05-28 05:14:50.644 11389 11391 I cmd     : oneway function results will be dropped but finished with status OK and parcel size 4
05-28 05:14:50.701 11404 11406 I cmd     : oneway function results will be dropped but finished with status OK and parcel size 4
05-28 05:14:50.791 11416 11416 E libc    : Access denied finding property "persist.device_config.runtime_native_boot.profilebootclasspath"
05-28 05:14:50.791 11416 11416 E libc    : Access denied finding property "persist.device_config.runtime_native_boot.enable_apex_image"
05-28 05:14:50.791 11416 11416 I AndroidRuntime: Using default boot image
05-28 05:14:50.791 11416 11416 E libc    : Access denied finding property "persist.device_config.runtime_native_boot.disable_lock_profiling"
05-28 05:14:50.791 11416 11416 I AndroidRuntime: Leaving lock profiling enabled
05-28 05:14:50.791 11416 11416 E libc    : Access denied finding property "persist.device_config.runtime_native_boot.enable_generational_cc"
05-28 05:14:50.792 11416 11416 I app_process: Core platform API reporting enabled, enforcing=false
05-28 05:14:50.833 11416 11416 W app_process: Unexpected CPU variant for X86 using defaults: x86_64
05-28 05:14:50.834 11416 11416 I app_process: The ClassLoaderContext is a special shared library.
05-28 05:14:50.840 11416 11416 W app_process: JNI RegisterNativeMethods: attempt to register 0 native methods for android.media.AudioAttributes
05-28 05:14:52.222  8289  8289 I ProvidersCache: Updating roots due to change on user 0at content://com.android.providers.media.documents/root
05-28 05:14:52.462  8289  8289 I chatty  : uid=10076(com.android.documentsui) identical 2 lines
05-28 05:14:52.562  8289  8289 I ProvidersCache: Updating roots due to change on user 0at content://com.android.providers.media.documents/root
05-28 05:14:52.573   158   158 I hwservicemanager: getTransport: Cannot find entry android.hardware.graphics.mapper@4.0::IMapper/default in either framework or device manifest.
05-28 05:14:52.573 11445 11445 I Gralloc4: mapper 4.x is not supported
05-28 05:14:52.610  1395  1954 I MediaProvider: Begin Intent { act=android.intent.action.MEDIA_SCANNER_SCAN_FILE dat=file:///sdcard/screen_2026-05-28_051452.png flg=0x1400010 cmp=com.android.providers.media.module/com.android.providers.media.MediaService }
05-28 05:14:52.608  1395  1395 W com.android.providers.media.module: type=1400 audit(0.0:1109): avc: denied { read } for comm=4173796E635461736B202331 name="primary" dev="tmpfs" ino=27675 scontext=u:r:mediaprovider_app:s0:c128,c256,c512,c768 tcontext=u:object_r:mnt_pass_through_file:s0 tclass=lnk_file permissive=0 app=com.android.providers.media.module
05-28 05:14:52.833     0     0 W audit   : audit_lost=800 audit_rate_limit=5 audit_backlog_limit=64
05-28 05:14:52.843     0     0 E audit   : rate limit exceeded
05-28 05:14:52.630  1395  1954 W ModernMediaScanner: Failed to visit /sdcard/screen_2026-05-28_051452.png: java.nio.file.AccessDeniedException: /sdcard/screen_2026-05-28_051452.png
05-28 05:14:52.631  1395  1954 I MediaProvider: Scanned internal due to REASON_DEMAND, found 0 items in 19ms, 0 inserts 0 updates 0 deletes
05-28 05:14:52.631  1395  1954 I MediaProvider: End Intent { act=android.intent.action.MEDIA_SCANNER_SCAN_FILE dat=file:///sdcard/screen_2026-05-28_051452.png flg=0x1400010 cmp=com.android.providers.media.module/com.android.providers.media.MediaService }
05-28 05:14:52.608  1395  1395 W com.android.providers.media.module: type=1400 audit(0.0:1110): avc: denied { read } for comm=4173796E635461736B202331 name="primary" dev="tmpfs" ino=27675 scontext=u:r:mediaprovider_app:s0:c128,c256,c512,c768 tcontext=u:object_r:mnt_pass_through_file:s0 tclass=lnk_file permissive=0 app=com.android.providers.media.module
05-28 05:14:52.674  1395  1571 I MediaProvider: Deleted 1 items on external_primary due to com.android.shell
05-28 05:14:52.703 11460 11462 I cmd     : oneway function results will be dropped but finished with status OK and parcel size 4
05-28 05:14:52.826  8289  8289 I ProvidersCache: Updating roots due to change on user 0at content://com.android.providers.media.documents/root
05-28 05:14:52.844   158   158 I hwservicemanager: getTransport: Cannot find entry android.hardware.graphics.mapper@4.0::IMapper/default in either framework or device manifest.
05-28 05:14:52.844 11482 11482 I Gralloc4: mapper 4.x is not supported
05-28 05:14:52.882 11486 11488 I cmd     : oneway function results will be dropped but finished with status OK and parcel size 4
05-28 05:14:52.882  1395  1954 I MediaProvider: Begin Intent { act=android.intent.action.MEDIA_SCANNER_SCAN_FILE dat=file:///sdcard/screen_2026-05-28_051453.png flg=0x1400010 cmp=com.android.providers.media.module/com.android.providers.media.MediaService }
05-28 05:14:52.883  1395  1954 W ModernMediaScanner: Failed to visit /sdcard/screen_2026-05-28_051453.png: java.nio.file.AccessDeniedException: /sdcard/screen_2026-05-28_051453.png
05-28 05:14:52.886  1395  1954 I MediaProvider: Scanned internal due to REASON_DEMAND, found 0 items in 3ms, 0 inserts 0 updates 0 deletes
05-28 05:14:52.886  1395  1954 I MediaProvider: End Intent { act=android.intent.action.MEDIA_SCANNER_SCAN_FILE dat=file:///sdcard/screen_2026-05-28_051453.png flg=0x1400010 cmp=com.android.providers.media.module/com.android.providers.media.MediaService }
05-28 05:14:52.906  1395  1586 I MediaProvider: Deleted 1 items on external_primary due to com.android.shell
05-28 05:14:52.938 11497 11499 I cmd     : oneway function results will be dropped but finished with status OK and parcel size 4
05-28 05:14:53.070   158   158 I hwservicemanager: getTransport: Cannot find entry android.hardware.graphics.mapper@4.0::IMapper/default in either framework or device manifest.
05-28 05:14:53.070 11519 11519 I Gralloc4: mapper 4.x is not supported
05-28 05:14:53.109 11523 11525 I cmd     : oneway function results will be dropped but finished with status OK and parcel size 4
05-28 05:14:53.109  1395  1954 I MediaProvider: Begin Intent { act=android.intent.action.MEDIA_SCANNER_SCAN_FILE dat=file:///sdcard/screen_2026-05-28_051453.png flg=0x1400010 cmp=com.android.providers.media.module/com.android.providers.media.MediaService }
05-28 05:14:53.111  1395  1954 W ModernMediaScanner: Failed to visit /sdcard/screen_2026-05-28_051453.png: java.nio.file.AccessDeniedException: /sdcard/screen_2026-05-28_051453.png
05-28 05:14:53.111  1395  1954 I MediaProvider: Scanned internal due to REASON_DEMAND, found 0 items in 1ms, 0 inserts 0 updates 0 deletes
05-28 05:14:53.114  1395  1954 I MediaProvider: End Intent { act=android.intent.action.MEDIA_SCANNER_SCAN_FILE dat=file:///sdcard/screen_2026-05-28_051453.png flg=0x1400010 cmp=com.android.providers.media.module/com.android.providers.media.MediaService }
05-28 05:14:53.134  1395  2597 I MediaProvider: Deleted 1 items on external_primary due to com.android.shell
05-28 05:14:53.162 11534 11536 I cmd     : oneway function results will be dropped but finished with status OK and parcel size 4
05-28 05:14:53.224 11551 11553 I cmd     : oneway function results will be dropped but finished with status OK and parcel size 4
05-28 05:14:53.280 11566 11568 I cmd     : oneway function results will be dropped but finished with status OK and parcel size 4
05-28 05:14:53.336 11581 11583 I cmd     : oneway function results will be dropped but finished with status OK and parcel size 4
05-28 05:14:53.424 11593 11593 E libc    : Access denied finding property "persist.device_config.runtime_native_boot.profilebootclasspath"
05-28 05:14:53.424 11593 11593 E libc    : Access denied finding property "persist.device_config.runtime_native_boot.enable_apex_image"
05-28 05:14:53.424 11593 11593 I AndroidRuntime: Using default boot image
05-28 05:14:53.424 11593 11593 E libc    : Access denied finding property "persist.device_config.runtime_native_boot.disable_lock_profiling"
05-28 05:14:53.424 11593 11593 I AndroidRuntime: Leaving lock profiling enabled
05-28 05:14:53.424 11593 11593 E libc    : Access denied finding property "persist.device_config.runtime_native_boot.enable_generational_cc"
05-28 05:14:53.425 11593 11593 I app_process: Core platform API reporting enabled, enforcing=false
05-28 05:14:53.465 11593 11593 W app_process: Unexpected CPU variant for X86 using defaults: x86_64
05-28 05:14:53.466 11593 11593 I app_process: The ClassLoaderContext is a special shared library.
05-28 05:14:53.473 11593 11593 W app_process: JNI RegisterNativeMethods: attempt to register 0 native methods for android.media.AudioAttributes
05-28 05:14:54.846  8289  8289 I ProvidersCache: Updating roots due to change on user 0at content://com.android.providers.media.documents/root
05-28 05:14:54.972  8289  8289 I chatty  : uid=10076(com.android.documentsui) identical 1 line
05-28 05:14:55.138  8289  8289 I ProvidersCache: Updating roots due to change on user 0at content://com.android.providers.media.documents/root
05-28 05:14:55.188   158   158 I hwservicemanager: getTransport: Cannot find entry android.hardware.graphics.mapper@4.0::IMapper/default in either framework or device manifest.
05-28 05:14:55.188 11621 11621 I Gralloc4: mapper 4.x is not supported
05-28 05:14:55.218  8289  8289 I ProvidersCache: Updating roots due to change on user 0at content://com.android.providers.media.documents/root
05-28 05:14:55.246  1395  1954 I MediaProvider: Begin Intent { act=android.intent.action.MEDIA_SCANNER_SCAN_FILE dat=file:///sdcard/screen_2026-05-28_051455.png flg=0x1400010 cmp=com.android.providers.media.module/com.android.providers.media.MediaService }
05-28 05:14:55.244  1395  1395 W com.android.providers.media.module: type=1400 audit(0.0:1131): avc: denied { read } for comm=4173796E635461736B202331 name="primary" dev="tmpfs" ino=27675 scontext=u:r:mediaprovider_app:s0:c128,c256,c512,c768 tcontext=u:object_r:mnt_pass_through_file:s0 tclass=lnk_file permissive=0 app=com.android.providers.media.module
05-28 05:14:55.468     0     0 W audit   : audit_lost=817 audit_rate_limit=5 audit_backlog_limit=64
05-28 05:14:55.478     0     0 E audit   : rate limit exceeded
05-28 05:14:55.244  1395  1395 W com.android.providers.media.module: type=1400 audit(0.0:1132): avc: denied { read } for comm=4173796E635461736B202331 name="primary" dev="tmpfs" ino=27675 scontext=u:r:mediaprovider_app:s0:c128,c256,c512,c768 tcontext=u:object_r:mnt_pass_through_file:s0 tclass=lnk_file permissive=0 app=com.android.providers.media.module
05-28 05:14:55.266  1395  1954 W ModernMediaScanner: Failed to visit /sdcard/screen_2026-05-28_051455.png: java.nio.file.AccessDeniedException: /sdcard/screen_2026-05-28_051455.png
05-28 05:14:55.266  1395  1954 I MediaProvider: Scanned internal due to REASON_DEMAND, found 0 items in 20ms, 0 inserts 0 updates 0 deletes
05-28 05:14:55.267  1395  1954 I MediaProvider: End Intent { act=android.intent.action.MEDIA_SCANNER_SCAN_FILE dat=file:///sdcard/screen_2026-05-28_051455.png flg=0x1400010 cmp=com.android.providers.media.module/com.android.providers.media.MediaService }
05-28 05:14:55.244  1395  1395 W com.android.providers.media.module: type=1400 audit(0.0:1133): avc: denied { read } for comm=4173796E635461736B202331 name="primary" dev="tmpfs" ino=27675 scontext=u:r:mediaprovider_app:s0:c128,c256,c512,c768 tcontext=u:object_r:mnt_pass_through_file:s0 tclass=lnk_file permissive=0 app=com.android.providers.media.module
05-28 05:14:55.333  1395  1571 I MediaProvider: Deleted 1 items on external_primary due to com.android.shell
05-28 05:14:55.360 11638 11640 I cmd     : oneway function results will be dropped but finished with status OK and parcel size 4
05-28 05:14:55.392  8289  8289 I ProvidersCache: Updating roots due to change on user 0at content://com.android.providers.media.documents/root
05-28 05:14:55.495   158   158 I hwservicemanager: getTransport: Cannot find entry android.hardware.graphics.mapper@4.0::IMapper/default in either framework or device manifest.
05-28 05:14:55.495 11660 11660 I Gralloc4: mapper 4.x is not supported
05-28 05:14:55.533  1395  1954 I MediaProvider: Begin Intent { act=android.intent.action.MEDIA_SCANNER_SCAN_FILE dat=file:///sdcard/screen_2026-05-28_051455.png flg=0x1400010 cmp=com.android.providers.media.module/com.android.providers.media.MediaService }
05-28 05:14:55.534  1395  1954 W ModernMediaScanner: Failed to visit /sdcard/screen_2026-05-28_051455.png: java.nio.file.AccessDeniedException: /sdcard/screen_2026-05-28_051455.png
05-28 05:14:55.535  1395  1954 I MediaProvider: Scanned internal due to REASON_DEMAND, found 0 items in 1ms, 0 inserts 0 updates 0 deletes
05-28 05:14:55.535  1395  1954 I MediaProvider: End Intent { act=android.intent.action.MEDIA_SCANNER_SCAN_FILE dat=file:///sdcard/screen_2026-05-28_051455.png flg=0x1400010 cmp=com.android.providers.media.module/com.android.providers.media.MediaService }
05-28 05:14:55.557  1395  1586 I MediaProvider: Deleted 1 items on external_primary due to com.android.shell
05-28 05:14:55.583 11675 11677 I cmd     : oneway function results will be dropped but finished with status OK and parcel size 4
05-28 05:14:55.709   158   158 I hwservicemanager: getTransport: Cannot find entry android.hardware.graphics.mapper@4.0::IMapper/default in either framework or device manifest.
05-28 05:14:55.709 11697 11697 I Gralloc4: mapper 4.x is not supported
05-28 05:14:55.747 11701 11703 I cmd     : oneway function results will be dropped but finished with status OK and parcel size 4
05-28 05:14:55.747  1395  1954 I MediaProvider: Begin Intent { act=android.intent.action.MEDIA_SCANNER_SCAN_FILE dat=file:///sdcard/screen_2026-05-28_051456.png flg=0x1400010 cmp=com.android.providers.media.module/com.android.providers.media.MediaService }
05-28 05:14:55.749  1395  1954 W ModernMediaScanner: Failed to visit /sdcard/screen_2026-05-28_051456.png: java.nio.file.AccessDeniedException: /sdcard/screen_2026-05-28_051456.png
05-28 05:14:55.749  1395  1954 I MediaProvider: Scanned internal due to REASON_DEMAND, found 0 items in 1ms, 0 inserts 0 updates 0 deletes
05-28 05:14:55.749  1395  1954 I MediaProvider: End Intent { act=android.intent.action.MEDIA_SCANNER_SCAN_FILE dat=file:///sdcard/screen_2026-05-28_051456.png flg=0x1400010 cmp=com.android.providers.media.module/com.android.providers.media.MediaService }
05-28 05:14:55.770  1395  2597 I MediaProvider: Deleted 1 items on external_primary due to com.android.shell
05-28 05:14:55.797 11712 11714 I cmd     : oneway function results will be dropped but finished with status OK and parcel size 4
05-28 05:14:55.850 11727 11729 I cmd     : oneway function results will be dropped but finished with status OK and parcel size 4
05-28 05:14:55.903 11742 11744 I cmd     : oneway function results will be dropped but finished with status OK and parcel size 4
05-28 05:14:55.955 11757 11759 I cmd     : oneway function results will be dropped but finished with status OK and parcel size 4
05-28 05:14:56.037 11769 11769 E libc    : Access denied finding property "persist.device_config.runtime_native_boot.profilebootclasspath"
05-28 05:14:56.038 11769 11769 E libc    : Access denied finding property "persist.device_config.runtime_native_boot.enable_apex_image"
05-28 05:14:56.038 11769 11769 I AndroidRuntime: Using default boot image
05-28 05:14:56.038 11769 11769 E libc    : Access denied finding property "persist.device_config.runtime_native_boot.disable_lock_profiling"
05-28 05:14:56.038 11769 11769 I AndroidRuntime: Leaving lock profiling enabled
05-28 05:14:56.038 11769 11769 E libc    : Access denied finding property "persist.device_config.runtime_native_boot.enable_generational_cc"
05-28 05:14:56.039 11769 11769 I app_process: Core platform API reporting enabled, enforcing=false
05-28 05:14:56.079 11769 11769 W app_process: Unexpected CPU variant for X86 using defaults: x86_64
05-28 05:14:56.080 11769 11769 I app_process: The ClassLoaderContext is a special shared library.
05-28 05:14:56.086 11769 11769 W app_process: JNI RegisterNativeMethods: attempt to register 0 native methods for android.media.AudioAttributes
05-28 05:14:57.412  8289  8289 I ProvidersCache: Updating roots due to change on user 0at content://com.android.providers.media.documents/root
05-28 05:14:57.664  8289  8289 I chatty  : uid=10076(com.android.documentsui) identical 2 lines
05-28 05:14:57.706  8289  8289 I ProvidersCache: Updating roots due to change on user 0at content://com.android.providers.media.documents/root
05-28 05:14:57.803   158   158 I hwservicemanager: getTransport: Cannot find entry android.hardware.graphics.mapper@4.0::IMapper/default in either framework or device manifest.
05-28 05:14:57.804 11798 11798 I Gralloc4: mapper 4.x is not supported
05-28 05:14:57.841 11802 11804 I cmd     : oneway function results will be dropped but finished with status OK and parcel size 4
05-28 05:14:57.840  1395  1395 W com.android.providers.media.module: type=1400 audit(0.0:1153): avc: denied { read } for comm=4173796E635461736B202331 name="primary" dev="tmpfs" ino=27675 scontext=u:r:mediaprovider_app:s0:c128,c256,c512,c768 tcontext=u:object_r:mnt_pass_through_file:s0 tclass=lnk_file permissive=0 app=com.android.providers.media.module
05-28 05:14:57.842  1395  1954 I MediaProvider: Begin Intent { act=android.intent.action.MEDIA_SCANNER_SCAN_FILE dat=file:///sdcard/screen_2026-05-28_051458.png flg=0x1400010 cmp=com.android.providers.media.module/com.android.providers.media.MediaService }
05-28 05:14:58.065     0     0 W audit   : audit_lost=834 audit_rate_limit=5 audit_backlog_limit=64
05-28 05:14:58.076     0     0 E audit   : rate limit exceeded
05-28 05:14:57.840  1395  1395 W com.android.providers.media.module: type=1400 audit(0.0:1154): avc: denied { read } for comm=4173796E635461736B202331 name="primary" dev="tmpfs" ino=27675 scontext=u:r:mediaprovider_app:s0:c128,c256,c512,c768 tcontext=u:object_r:mnt_pass_through_file:s0 tclass=lnk_file permissive=0 app=com.android.providers.media.module
05-28 05:14:57.863  1395  1954 W ModernMediaScanner: Failed to visit /sdcard/screen_2026-05-28_051458.png: java.nio.file.AccessDeniedException: /sdcard/screen_2026-05-28_051458.png
05-28 05:14:57.864  1395  1954 I MediaProvider: Scanned internal due to REASON_DEMAND, found 0 items in 21ms, 0 inserts 0 updates 0 deletes
05-28 05:14:57.865  1395  1954 I MediaProvider: End Intent { act=android.intent.action.MEDIA_SCANNER_SCAN_FILE dat=file:///sdcard/screen_2026-05-28_051458.png flg=0x1400010 cmp=com.android.providers.media.module/com.android.providers.media.MediaService }
05-28 05:14:57.840  1395  1395 W com.android.providers.media.module: type=1400 audit(0.0:1155): avc: denied { read } for comm=4173796E635461736B202331 name="primary" dev="tmpfs" ino=27675 scontext=u:r:mediaprovider_app:s0:c128,c256,c512,c768 tcontext=u:object_r:mnt_pass_through_file:s0 tclass=lnk_file permissive=0 app=com.android.providers.media.module
05-28 05:14:57.882  8289  8289 I ProvidersCache: Updating roots due to change on user 0at content://com.android.providers.media.documents/root
05-28 05:14:57.840  1395  1395 W com.android.providers.media.module: type=1400 audit(0.0:1157): avc: denied { read } for comm=4173796E635461736B202331 name="primary" dev="tmpfs" ino=27675 scontext=u:r:mediaprovider_app:s0:c128,c256,c512,c768 tcontext=u:object_r:mnt_pass_through_file:s0 tclass=lnk_file permissive=0 app=com.android.providers.media.module
05-28 05:14:57.900  1395  1571 I MediaProvider: Deleted 1 items on external_primary due to com.android.shell
05-28 05:14:57.927 11813 11815 I cmd     : oneway function results will be dropped but finished with status OK and parcel size 4
05-28 05:14:57.941  8289  8289 I ProvidersCache: Updating roots due to change on user 0at content://com.android.providers.media.documents/root
05-28 05:14:58.059   158   158 I hwservicemanager: getTransport: Cannot find entry android.hardware.graphics.mapper@4.0::IMapper/default in either framework or device manifest.
05-28 05:14:58.059 11835 11835 I Gralloc4: mapper 4.x is not supported
05-28 05:14:58.097  1395  1954 I MediaProvider: Begin Intent { act=android.intent.action.MEDIA_SCANNER_SCAN_FILE dat=file:///sdcard/screen_2026-05-28_051458.png flg=0x1400010 cmp=com.android.providers.media.module/com.android.providers.media.MediaService }
05-28 05:14:58.098  1395  1954 W ModernMediaScanner: Failed to visit /sdcard/screen_2026-05-28_051458.png: java.nio.file.AccessDeniedException: /sdcard/screen_2026-05-28_051458.png
05-28 05:14:58.100  1395  1954 I MediaProvider: Scanned internal due to REASON_DEMAND, found 0 items in 3ms, 0 inserts 0 updates 0 deletes
05-28 05:14:58.101  1395  1954 I MediaProvider: End Intent { act=android.intent.action.MEDIA_SCANNER_SCAN_FILE dat=file:///sdcard/screen_2026-05-28_051458.png flg=0x1400010 cmp=com.android.providers.media.module/com.android.providers.media.MediaService }
05-28 05:14:58.123  1395  1571 I MediaProvider: Deleted 1 items on external_primary due to com.android.shell
05-28 05:14:58.149 11851 11853 I cmd     : oneway function results will be dropped but finished with status OK and parcel size 4
05-28 05:14:58.274   158   158 I hwservicemanager: getTransport: Cannot find entry android.hardware.graphics.mapper@4.0::IMapper/default in either framework or device manifest.
05-28 05:14:58.274 11873 11873 I Gralloc4: mapper 4.x is not supported
05-28 05:14:58.322  1395  1954 I MediaProvider: Begin Intent { act=android.intent.action.MEDIA_SCANNER_SCAN_FILE dat=file:///sdcard/screen_2026-05-28_051458.png flg=0x1400010 cmp=com.android.providers.media.module/com.android.providers.media.MediaService }
05-28 05:14:58.323 11879 11881 I cmd     : oneway function results will be dropped but finished with status OK and parcel size 4
05-28 05:14:58.324  1395  1954 W ModernMediaScanner: Failed to visit /sdcard/screen_2026-05-28_051458.png: java.nio.file.AccessDeniedException: /sdcard/screen_2026-05-28_051458.png
05-28 05:14:58.330  1395  1954 I MediaProvider: Scanned internal due to REASON_DEMAND, found 0 items in 7ms, 0 inserts 0 updates 0 deletes
05-28 05:14:58.331  1395  1954 I MediaProvider: End Intent { act=android.intent.action.MEDIA_SCANNER_SCAN_FILE dat=file:///sdcard/screen_2026-05-28_051458.png flg=0x1400010 cmp=com.android.providers.media.module/com.android.providers.media.MediaService }
05-28 05:14:58.346  1395  2597 I MediaProvider: Deleted 1 items on external_primary due to com.android.shell
05-28 05:14:58.373 11890 11892 I cmd     : oneway function results will be dropped but finished with status OK and parcel size 4
05-28 05:14:58.446 11900 11900 E libc    : Access denied finding property "persist.device_config.runtime_native_boot.profilebootclasspath"
05-28 05:14:58.446 11900 11900 E libc    : Access denied finding property "persist.device_config.runtime_native_boot.enable_apex_image"
05-28 05:14:58.446 11900 11900 I AndroidRuntime: Using default boot image
05-28 05:14:58.446 11900 11900 E libc    : Access denied finding property "persist.device_config.runtime_native_boot.disable_lock_profiling"
05-28 05:14:58.446 11900 11900 I AndroidRuntime: Leaving lock profiling enabled
05-28 05:14:58.446 11900 11900 E libc    : Access denied finding property "persist.device_config.runtime_native_boot.enable_generational_cc"
05-28 05:14:58.448 11900 11900 I app_process: Core platform API reporting enabled, enforcing=false
05-28 05:14:58.486 11900 11900 W app_process: Unexpected CPU variant for X86 using defaults: x86_64
05-28 05:14:58.487 11900 11900 I app_process: The ClassLoaderContext is a special shared library.
05-28 05:14:58.493 11900 11900 W app_process: JNI RegisterNativeMethods: attempt to register 0 native methods for android.media.AudioAttributes
05-28 05:14:58.511   507  1256 W InputReader: Device virtio_input_multi_touch_10 is associated with display ADISPLAY_ID_NONE.
05-28 05:14:58.511   507  1256 W InputReader: Device virtio_input_multi_touch_7 is associated with display ADISPLAY_ID_NONE.
05-28 05:14:58.511   507  1256 W InputReader: Device virtio_input_multi_touch_4 is associated with display ADISPLAY_ID_NONE.
05-28 05:14:58.511   507  1256 W InputReader: Device virtio_input_multi_touch_5 is associated with display ADISPLAY_ID_NONE.
05-28 05:14:58.511   507  1256 W InputReader: Device virtio_input_multi_touch_2 is associated with display ADISPLAY_ID_NONE.
05-28 05:14:58.512   507  1256 W InputReader: Device virtio_input_multi_touch_6 is associated with display ADISPLAY_ID_NONE.
05-28 05:14:58.512   507  1256 W InputReader: Device virtio_input_multi_touch_3 is associated with display ADISPLAY_ID_NONE.
05-28 05:14:58.512   507  1256 W InputReader: Device virtio_input_multi_touch_8 is associated with display ADISPLAY_ID_NONE.
05-28 05:14:58.512   507  1256 W InputReader: Device virtio_input_multi_touch_9 is associated with display ADISPLAY_ID_NONE.
05-28 05:14:58.512   507  1256 W InputReader: Device virtio_input_multi_touch_11 is associated with display ADISPLAY_ID_NONE.
05-28 05:14:58.512   507  1256 W InputReader: Device virtio_input_multi_touch_10 is associated with display ADISPLAY_ID_NONE.
05-28 05:14:58.512   507  1256 W InputReader: Device virtio_input_multi_touch_7 is associated with display ADISPLAY_ID_NONE.
05-28 05:14:58.512   507  1256 W InputReader: Device virtio_input_multi_touch_4 is associated with display ADISPLAY_ID_NONE.
05-28 05:14:58.512   507  1256 W InputReader: Device virtio_input_multi_touch_5 is associated with display ADISPLAY_ID_NONE.
05-28 05:14:58.512   507  1256 W InputReader: Device virtio_input_multi_touch_2 is associated with display ADISPLAY_ID_NONE.
05-28 05:14:58.512   507  1256 W InputReader: Device virtio_input_multi_touch_6 is associated with display ADISPLAY_ID_NONE.
05-28 05:14:58.512   507  1256 W InputReader: Device virtio_input_multi_touch_3 is associated with display ADISPLAY_ID_NONE.
05-28 05:14:58.512   507  1256 W InputReader: Device virtio_input_multi_touch_8 is associated with display ADISPLAY_ID_NONE.
05-28 05:14:58.512   507  1256 W InputReader: Device virtio_input_multi_touch_9 is associated with display ADISPLAY_ID_NONE.
05-28 05:14:58.512   507  1256 W InputReader: Device virtio_input_multi_touch_11 is associated with display ADISPLAY_ID_NONE.
05-28 05:14:58.675   334   334 E Layer   : [Surface(name=Task=1)/@0x4cdbac3 - animation-leash#0] No local sync point found
05-28 05:14:58.675   334   334 I chatty  : uid=1000(system) /system/bin/surfaceflinger identical 1 line
05-28 05:14:58.675   334   334 E Layer   : [Surface(name=Task=1)/@0x4cdbac3 - animation-leash#0] No local sync point found
05-28 05:14:58.675   334   334 E Layer   : [Surface(name=Task=11)/@0x5eeb6e - animation-leash#0] No local sync point found
05-28 05:14:58.675   334   334 I chatty  : uid=1000(system) /system/bin/surfaceflinger identical 1 line
05-28 05:14:58.675   334   334 E Layer   : [Surface(name=Task=11)/@0x5eeb6e - animation-leash#0] No local sync point found
05-28 05:14:58.692   334   334 E Layer   : [Surface(name=Task=1)/@0x4cdbac3 - animation-leash#0] No local sync point found
05-28 05:14:58.692   334   334 E Layer   : [Surface(name=Task=11)/@0x5eeb6e - animation-leash#0] No local sync point found
05-28 05:14:58.709   334   334 E Layer   : [Surface(name=Task=1)/@0x4cdbac3 - animation-leash#0] No local sync point found
05-28 05:14:58.709   334   334 E Layer   : [Surface(name=Task=11)/@0x5eeb6e - animation-leash#0] No local sync point found
05-28 05:14:58.726   334   334 E Layer   : [Surface(name=Task=1)/@0x4cdbac3 - animation-leash#0] No local sync point found
05-28 05:14:58.726   334   334 E Layer   : [Surface(name=Task=11)/@0x5eeb6e - animation-leash#0] No local sync point found
05-28 05:14:58.742   334   334 E Layer   : [Surface(name=Task=1)/@0x4cdbac3 - animation-leash#0] No local sync point found
05-28 05:14:58.742   334   334 E Layer   : [Surface(name=Task=11)/@0x5eeb6e - animation-leash#0] No local sync point found
05-28 05:14:58.759   334   334 E Layer   : [Surface(name=Task=1)/@0x4cdbac3 - animation-leash#0] No local sync point found
05-28 05:14:58.759   334   334 E Layer   : [Surface(name=Task=11)/@0x5eeb6e - animation-leash#0] No local sync point found
05-28 05:14:58.775   334   334 E Layer   : [Surface(name=Task=1)/@0x4cdbac3 - animation-leash#0] No local sync point found
05-28 05:14:58.775   334   334 E Layer   : [Surface(name=Task=11)/@0x5eeb6e - animation-leash#0] No local sync point found
05-28 05:14:58.792   334   334 E Layer   : [Surface(name=Task=1)/@0x4cdbac3 - animation-leash#0] No local sync point found
05-28 05:14:58.792   334   334 E Layer   : [Surface(name=Task=11)/@0x5eeb6e - animation-leash#0] No local sync point found
05-28 05:14:58.809   334   334 E Layer   : [Surface(name=Task=1)/@0x4cdbac3 - animation-leash#0] No local sync point found
05-28 05:14:58.809   334   334 E Layer   : [Surface(name=Task=11)/@0x5eeb6e - animation-leash#0] No local sync point found
05-28 05:14:58.825   334   334 E Layer   : [Surface(name=Task=1)/@0x4cdbac3 - animation-leash#0] No local sync point found
05-28 05:14:58.825   334   334 E Layer   : [Surface(name=Task=11)/@0x5eeb6e - animation-leash#0] No local sync point found
05-28 05:14:58.842   334   334 E Layer   : [Surface(name=Task=1)/@0x4cdbac3 - animation-leash#0] No local sync point found
05-28 05:14:58.842   334   334 E Layer   : [Surface(name=Task=11)/@0x5eeb6e - animation-leash#0] No local sync point found
05-28 05:14:58.859   334   334 E Layer   : [Surface(name=Task=1)/@0x4cdbac3 - animation-leash#0] No local sync point found
05-28 05:14:58.859   334   334 E Layer   : [Surface(name=Task=11)/@0x5eeb6e - animation-leash#0] No local sync point found
05-28 05:14:58.876   334   334 E Layer   : [Surface(name=Task=1)/@0x4cdbac3 - animation-leash#0] No local sync point found
05-28 05:14:58.876   334   334 E Layer   : [Surface(name=Task=11)/@0x5eeb6e - animation-leash#0] No local sync point found
05-28 05:14:58.892   334   334 E Layer   : [Surface(name=Task=1)/@0x4cdbac3 - animation-leash#0] No local sync point found
05-28 05:14:58.892   334   334 E Layer   : [Surface(name=Task=11)/@0x5eeb6e - animation-leash#0] No local sync point found
05-28 05:14:58.909   334   334 E Layer   : [Surface(name=Task=1)/@0x4cdbac3 - animation-leash#0] No local sync point found
05-28 05:14:58.909   334   334 E Layer   : [Surface(name=Task=11)/@0x5eeb6e - animation-leash#0] No local sync point found
05-28 05:14:59.968  8289  8289 I ProvidersCache: Updating roots due to change on user 0at content://com.android.providers.media.documents/root
05-28 05:15:00.036   158   158 I hwservicemanager: getTransport: Cannot find entry android.hardware.graphics.mapper@4.0::IMapper/default in either framework or device manifest.
05-28 05:15:00.037 11939 11939 I Gralloc4: mapper 4.x is not supported
05-28 05:15:00.075  8289  8289 I ProvidersCache: Updating roots due to change on user 0at content://com.android.providers.media.documents/root
05-28 05:15:00.115 11944 11947 I cmd     : oneway function results will be dropped but finished with status OK and parcel size 4
05-28 05:15:00.115  1395  1954 I MediaProvider: Begin Intent { act=android.intent.action.MEDIA_SCANNER_SCAN_FILE dat=file:///sdcard/screen_2026-05-28_051500.png flg=0x1400010 cmp=com.android.providers.media.module/com.android.providers.media.MediaService }
05-28 05:15:00.112  1395  1395 W com.android.providers.media.module: type=1400 audit(0.0:1175): avc: denied { read } for comm=4173796E635461736B202331 name="primary" dev="tmpfs" ino=27675 scontext=u:r:mediaprovider_app:s0:c128,c256,c512,c768 tcontext=u:object_r:mnt_pass_through_file:s0 tclass=lnk_file permissive=0 app=com.android.providers.media.module
05-28 05:15:00.134  1395  1954 W ModernMediaScanner: Failed to visit /sdcard/screen_2026-05-28_051500.png: java.nio.file.AccessDeniedException: /sdcard/screen_2026-05-28_051500.png
05-28 05:15:00.135  1395  1954 I MediaProvider: Scanned internal due to REASON_DEMAND, found 0 items in 18ms, 0 inserts 0 updates 0 deletes
05-28 05:15:00.135  1395  1954 I MediaProvider: End Intent { act=android.intent.action.MEDIA_SCANNER_SCAN_FILE dat=file:///sdcard/screen_2026-05-28_051500.png flg=0x1400010 cmp=com.android.providers.media.module/com.android.providers.media.MediaService }
05-28 05:15:00.112  1395  1395 W com.android.providers.media.module: type=1400 audit(0.0:1176): avc: denied { read } for comm=4173796E635461736B202331 name="primary" dev="tmpfs" ino=27675 scontext=u:r:mediaprovider_app:s0:c128,c256,c512,c768 tcontext=u:object_r:mnt_pass_through_file:s0 tclass=lnk_file permissive=0 app=com.android.providers.media.module
05-28 05:15:00.338     0     0 W audit   : audit_lost=851 audit_rate_limit=5 audit_backlog_limit=64
05-28 05:15:00.347     0     0 E audit   : rate limit exceeded
05-28 05:15:00.112  1395  1395 I chatty  : uid=10128(com.android.providers.media.module) identical 2 lines
05-28 05:15:00.112  1395  1395 W com.android.providers.media.module: type=1400 audit(0.0:1179): avc: denied { read } for comm=4173796E635461736B202331 name="primary" dev="tmpfs" ino=27675 scontext=u:r:mediaprovider_app:s0:c128,c256,c512,c768 tcontext=u:object_r:mnt_pass_through_file:s0 tclass=lnk_file permissive=0 app=com.android.providers.media.module
05-28 05:15:00.214  1395  1571 I MediaProvider: Deleted 1 items on external_primary due to com.android.shell
05-28 05:15:00.242  8289  8289 I ProvidersCache: Updating roots due to change on user 0at content://com.android.providers.media.documents/root
05-28 05:15:00.259 11956 11958 I cmd     : oneway function results will be dropped but finished with status OK and parcel size 4
05-28 05:15:00.291  8289  8289 I ProvidersCache: Updating roots due to change on user 0at content://com.android.providers.media.documents/root
05-28 05:15:00.403   158   158 I hwservicemanager: getTransport: Cannot find entry android.hardware.graphics.mapper@4.0::IMapper/default in either framework or device manifest.
05-28 05:15:00.403 11978 11978 I Gralloc4: mapper 4.x is not supported
05-28 05:15:00.474  8289  8289 I ProvidersCache: Updating roots due to change on user 0at content://com.android.providers.media.documents/root
05-28 05:15:00.479  1395  1954 I MediaProvider: Begin Intent { act=android.intent.action.MEDIA_SCANNER_SCAN_FILE dat=file:///sdcard/screen_2026-05-28_051500.png flg=0x1400010 cmp=com.android.providers.media.module/com.android.providers.media.MediaService }
05-28 05:15:00.480  1395  1954 W ModernMediaScanner: Failed to visit /sdcard/screen_2026-05-28_051500.png: java.nio.file.AccessDeniedException: /sdcard/screen_2026-05-28_051500.png
