05-28 05:15:16.306 13132 13132 I app_process: Core platform API reporting enabled, enforcing=false
05-28 05:15:16.346 13132 13132 W app_process: Unexpected CPU variant for X86 using defaults: x86_64
05-28 05:15:16.347 13132 13132 I app_process: The ClassLoaderContext is a special shared library.
05-28 05:15:16.354 13132 13132 W app_process: JNI RegisterNativeMethods: attempt to register 0 native methods for android.media.AudioAttributes
05-28 05:15:16.469  2083  2083 E AccessibilityInteractionClient: 3 Disconnected nodes.
05-28 05:15:17.338  8289  8289 I ProvidersCache: Updating roots due to change on user 0at content://com.android.providers.media.documents/root
05-28 05:15:17.922  8289  8289 I chatty  : uid=10076(com.android.documentsui) identical 3 lines
05-28 05:15:17.962  8289  8289 I ProvidersCache: Updating roots due to change on user 0at content://com.android.providers.media.documents/root
05-28 05:15:18.081   158   158 I hwservicemanager: getTransport: Cannot find entry android.hardware.graphics.mapper@4.0::IMapper/default in either framework or device manifest.
05-28 05:15:18.081 13167 13167 I Gralloc4: mapper 4.x is not supported
05-28 05:15:18.118  1395  1954 I MediaProvider: Begin Intent { act=android.intent.action.MEDIA_SCANNER_SCAN_FILE dat=file:///sdcard/screen_2026-05-28_051518.png flg=0x1400010 cmp=com.android.providers.media.module/com.android.providers.media.MediaService }
05-28 05:15:18.340     0     0 W audit   : audit_lost=966 audit_rate_limit=5 audit_backlog_limit=64
05-28 05:15:18.342     0     0 E audit   : rate limit exceeded
05-28 05:15:18.116  1395  1395 W com.android.providers.media.module: type=1400 audit(0.0:1325): avc: denied { read } for comm=4173796E635461736B202331 name="primary" dev="tmpfs" ino=27675 scontext=u:r:mediaprovider_app:s0:c128,c256,c512,c768 tcontext=u:object_r:mnt_pass_through_file:s0 tclass=lnk_file permissive=0 app=com.android.providers.media.module
05-28 05:15:18.129  1395  1954 W ModernMediaScanner: Failed to visit /sdcard/screen_2026-05-28_051518.png: java.nio.file.AccessDeniedException: /sdcard/screen_2026-05-28_051518.png
05-28 05:15:18.130  1395  1954 I MediaProvider: Scanned internal due to REASON_DEMAND, found 0 items in 12ms, 0 inserts 0 updates 0 deletes
05-28 05:15:18.131  1395  1954 I MediaProvider: End Intent { act=android.intent.action.MEDIA_SCANNER_SCAN_FILE dat=file:///sdcard/screen_2026-05-28_051518.png flg=0x1400010 cmp=com.android.providers.media.module/com.android.providers.media.MediaService }
05-28 05:15:18.116  1395  1395 W com.android.providers.media.module: type=1400 audit(0.0:1326): avc: denied { read } for comm=4173796E635461736B202331 name="primary" dev="tmpfs" ino=27675 scontext=u:r:mediaprovider_app:s0:c128,c256,c512,c768 tcontext=u:object_r:mnt_pass_through_file:s0 tclass=lnk_file permissive=0 app=com.android.providers.media.module
05-28 05:15:18.217  1395  1586 I MediaProvider: Deleted 1 items on external_primary due to com.android.shell
05-28 05:15:18.245 13182 13184 I cmd     : oneway function results will be dropped but finished with status OK and parcel size 4
05-28 05:15:18.384   158   158 I hwservicemanager: getTransport: Cannot find entry android.hardware.graphics.mapper@4.0::IMapper/default in either framework or device manifest.
05-28 05:15:18.385 13204 13204 I Gralloc4: mapper 4.x is not supported
05-28 05:15:18.421 13208 13210 I cmd     : oneway function results will be dropped but finished with status OK and parcel size 4
05-28 05:15:18.422  1395  1954 I MediaProvider: Begin Intent { act=android.intent.action.MEDIA_SCANNER_SCAN_FILE dat=file:///sdcard/screen_2026-05-28_051518.png flg=0x1400010 cmp=com.android.providers.media.module/com.android.providers.media.MediaService }
05-28 05:15:18.423  1395  1954 W ModernMediaScanner: Failed to visit /sdcard/screen_2026-05-28_051518.png: java.nio.file.AccessDeniedException: /sdcard/screen_2026-05-28_051518.png
05-28 05:15:18.424  1395  1954 I MediaProvider: Scanned internal due to REASON_DEMAND, found 0 items in 1ms, 0 inserts 0 updates 0 deletes
05-28 05:15:18.424  1395  1954 I MediaProvider: End Intent { act=android.intent.action.MEDIA_SCANNER_SCAN_FILE dat=file:///sdcard/screen_2026-05-28_051518.png flg=0x1400010 cmp=com.android.providers.media.module/com.android.providers.media.MediaService }
05-28 05:15:18.487  1395  1571 I MediaProvider: Deleted 1 items on external_primary due to com.android.shell
05-28 05:15:18.515 13219 13221 I cmd     : oneway function results will be dropped but finished with status OK and parcel size 4
05-28 05:15:18.649   158   158 I hwservicemanager: getTransport: Cannot find entry android.hardware.graphics.mapper@4.0::IMapper/default in either framework or device manifest.
05-28 05:15:18.649 13241 13241 I Gralloc4: mapper 4.x is not supported
05-28 05:15:18.686  1395  1954 I MediaProvider: Begin Intent { act=android.intent.action.MEDIA_SCANNER_SCAN_FILE dat=file:///sdcard/screen_2026-05-28_051519.png flg=0x1400010 cmp=com.android.providers.media.module/com.android.providers.media.MediaService }
05-28 05:15:18.687  1395  1954 W ModernMediaScanner: Failed to visit /sdcard/screen_2026-05-28_051519.png: java.nio.file.AccessDeniedException: /sdcard/screen_2026-05-28_051519.png
05-28 05:15:18.688  1395  1954 I MediaProvider: Scanned internal due to REASON_DEMAND, found 0 items in 1ms, 0 inserts 0 updates 0 deletes
05-28 05:15:18.689  1395  1954 I MediaProvider: End Intent { act=android.intent.action.MEDIA_SCANNER_SCAN_FILE dat=file:///sdcard/screen_2026-05-28_051519.png flg=0x1400010 cmp=com.android.providers.media.module/com.android.providers.media.MediaService }
05-28 05:15:18.711  1395  2597 I MediaProvider: Deleted 1 items on external_primary due to com.android.shell
05-28 05:15:18.740 13256 13258 I cmd     : oneway function results will be dropped but finished with status OK and parcel size 4
05-28 05:15:18.795 13271 13273 I cmd     : oneway function results will be dropped but finished with status OK and parcel size 4
05-28 05:15:18.852 13286 13288 I cmd     : oneway function results will be dropped but finished with status OK and parcel size 4
05-28 05:15:19.009 13315 13315 E libc    : Access denied finding property "persist.device_config.runtime_native_boot.profilebootclasspath"
05-28 05:15:19.009 13315 13315 E libc    : Access denied finding property "persist.device_config.runtime_native_boot.enable_apex_image"
05-28 05:15:19.009 13315 13315 I AndroidRuntime: Using default boot image
05-28 05:15:19.009 13315 13315 E libc    : Access denied finding property "persist.device_config.runtime_native_boot.disable_lock_profiling"
05-28 05:15:19.009 13315 13315 I AndroidRuntime: Leaving lock profiling enabled
05-28 05:15:19.009 13315 13315 E libc    : Access denied finding property "persist.device_config.runtime_native_boot.enable_generational_cc"
05-28 05:15:19.010 13315 13315 I app_process: Core platform API reporting enabled, enforcing=false
05-28 05:15:19.049 13315 13315 W app_process: Unexpected CPU variant for X86 using defaults: x86_64
05-28 05:15:19.050 13315 13315 I app_process: The ClassLoaderContext is a special shared library.
05-28 05:15:19.056 13315 13315 W app_process: JNI RegisterNativeMethods: attempt to register 0 native methods for android.media.AudioAttributes
05-28 05:15:19.079  2083  2083 E AccessibilityInteractionClient: 3 Disconnected nodes.
05-28 05:15:19.670     0     0 W healthd : battery l=100 v=5000 t=25.0 h=2 st=2 c=900000 fc=300000 cc=10 chg=a
05-28 05:15:20.080  8289  8289 I ProvidersCache: Updating roots due to change on user 0at content://com.android.providers.media.documents/root
05-28 05:15:20.622  8289  8289 I chatty  : uid=10076(com.android.documentsui) identical 4 lines
05-28 05:15:20.650  8289  8289 I ProvidersCache: Updating roots due to change on user 0at content://com.android.providers.media.documents/root
05-28 05:15:20.783   158   158 I hwservicemanager: getTransport: Cannot find entry android.hardware.graphics.mapper@4.0::IMapper/default in either framework or device manifest.
05-28 05:15:20.783 13347 13347 I Gralloc4: mapper 4.x is not supported
05-28 05:15:20.856 13351 13353 I cmd     : oneway function results will be dropped but finished with status OK and parcel size 4
05-28 05:15:20.858  1395  1954 I MediaProvider: Begin Intent { act=android.intent.action.MEDIA_SCANNER_SCAN_FILE dat=file:///sdcard/screen_2026-05-28_051521.png flg=0x1400010 cmp=com.android.providers.media.module/com.android.providers.media.MediaService }
05-28 05:15:20.856  1395  1395 W com.android.providers.media.module: type=1400 audit(0.0:1347): avc: denied { read } for comm=4173796E635461736B202331 name="primary" dev="tmpfs" ino=27675 scontext=u:r:mediaprovider_app:s0:c128,c256,c512,c768 tcontext=u:object_r:mnt_pass_through_file:s0 tclass=lnk_file permissive=0 app=com.android.providers.media.module
05-28 05:15:21.084     0     0 W audit   : audit_lost=983 audit_rate_limit=5 audit_backlog_limit=64
05-28 05:15:21.101     0     0 E audit   : rate limit exceeded
05-28 05:15:20.882  1395  1954 W ModernMediaScanner: Failed to visit /sdcard/screen_2026-05-28_051521.png: java.nio.file.AccessDeniedException: /sdcard/screen_2026-05-28_051521.png
05-28 05:15:20.883  1395  1954 I MediaProvider: Scanned internal due to REASON_DEMAND, found 0 items in 21ms, 0 inserts 0 updates 0 deletes
05-28 05:15:20.884  1395  1954 I MediaProvider: End Intent { act=android.intent.action.MEDIA_SCANNER_SCAN_FILE dat=file:///sdcard/screen_2026-05-28_051521.png flg=0x1400010 cmp=com.android.providers.media.module/com.android.providers.media.MediaService }
05-28 05:15:20.860  1395  1395 W com.android.providers.media.module: type=1400 audit(0.0:1348): avc: denied { read } for comm=4173796E635461736B202331 name="primary" dev="tmpfs" ino=27675 scontext=u:r:mediaprovider_app:s0:c128,c256,c512,c768 tcontext=u:object_r:mnt_pass_through_file:s0 tclass=lnk_file permissive=0 app=com.android.providers.media.module
05-28 05:15:20.912   483   483 E wifi_forwarder: qemu_pipe_open_ns:62: Could not connect to the 'pipe:qemud:wififorward' service: Invalid argument
05-28 05:15:20.912   483   483 E wifi_forwarder: RemoteConnection failed to initialize: RemoteConnection failed to open pipe
05-28 05:15:20.860  1395  1395 W com.android.providers.media.module: type=1400 audit(0.0:1350): avc: denied { read } for comm=4173796E635461736B202331 name="primary" dev="tmpfs" ino=27675 scontext=u:r:mediaprovider_app:s0:c128,c256,c512,c768 tcontext=u:object_r:mnt_pass_through_file:s0 tclass=lnk_file permissive=0 app=com.android.providers.media.module
05-28 05:15:20.918   475   475 E netmgr  : qemu_pipe_open_ns:62: Could not connect to the 'pipe:qemud:network' service: Invalid argument
05-28 05:15:20.918   475   475 E netmgr  : Failed to open QEMU pipe 'qemud:network': Invalid argument
05-28 05:15:20.860  1395  1395 W com.android.providers.media.module: type=1400 audit(0.0:1351): avc: denied { read } for comm=4173796E635461736B202331 name="primary" dev="tmpfs" ino=27675 scontext=u:r:mediaprovider_app:s0:c128,c256,c512,c768 tcontext=u:object_r:mnt_pass_through_file:s0 tclass=lnk_file permissive=0 app=com.android.providers.media.module
05-28 05:15:20.946  1395  1586 I MediaProvider: Deleted 1 items on external_primary due to com.android.shell
05-28 05:15:21.163   158   158 I hwservicemanager: getTransport: Cannot find entry android.hardware.graphics.mapper@4.0::IMapper/default in either framework or device manifest.
05-28 05:15:21.163 13386 13386 I Gralloc4: mapper 4.x is not supported
05-28 05:15:21.232  1395  1954 I MediaProvider: Begin Intent { act=android.intent.action.MEDIA_SCANNER_SCAN_FILE dat=file:///sdcard/screen_2026-05-28_051521.png flg=0x1400010 cmp=com.android.providers.media.module/com.android.providers.media.MediaService }
05-28 05:15:21.233  1395  1954 W ModernMediaScanner: Failed to visit /sdcard/screen_2026-05-28_051521.png: java.nio.file.AccessDeniedException: /sdcard/screen_2026-05-28_051521.png
05-28 05:15:21.235  1395  1954 I MediaProvider: Scanned internal due to REASON_DEMAND, found 0 items in 2ms, 0 inserts 0 updates 0 deletes
05-28 05:15:21.236  1395  1954 I MediaProvider: End Intent { act=android.intent.action.MEDIA_SCANNER_SCAN_FILE dat=file:///sdcard/screen_2026-05-28_051521.png flg=0x1400010 cmp=com.android.providers.media.module/com.android.providers.media.MediaService }
05-28 05:15:21.269  1395  1571 I MediaProvider: Deleted 1 items on external_primary due to com.android.shell
05-28 05:15:21.298 13401 13403 I cmd     : oneway function results will be dropped but finished with status OK and parcel size 4
05-28 05:15:21.424   158   158 I hwservicemanager: getTransport: Cannot find entry android.hardware.graphics.mapper@4.0::IMapper/default in either framework or device manifest.
05-28 05:15:21.424 13423 13423 I Gralloc4: mapper 4.x is not supported
05-28 05:15:21.472 13427 13429 I cmd     : oneway function results will be dropped but finished with status OK and parcel size 4
05-28 05:15:21.473  1395  1954 I MediaProvider: Begin Intent { act=android.intent.action.MEDIA_SCANNER_SCAN_FILE dat=file:///sdcard/screen_2026-05-28_051521.png flg=0x1400010 cmp=com.android.providers.media.module/com.android.providers.media.MediaService }
05-28 05:15:21.474  1395  1954 W ModernMediaScanner: Failed to visit /sdcard/screen_2026-05-28_051521.png: java.nio.file.AccessDeniedException: /sdcard/screen_2026-05-28_051521.png
05-28 05:15:21.475  1395  1954 I MediaProvider: Scanned internal due to REASON_DEMAND, found 0 items in 1ms, 0 inserts 0 updates 0 deletes
05-28 05:15:21.476  1395  1954 I MediaProvider: End Intent { act=android.intent.action.MEDIA_SCANNER_SCAN_FILE dat=file:///sdcard/screen_2026-05-28_051521.png flg=0x1400010 cmp=com.android.providers.media.module/com.android.providers.media.MediaService }
05-28 05:15:21.498  1395  2597 I MediaProvider: Deleted 1 items on external_primary due to com.android.shell
05-28 05:15:21.526 13438 13440 I cmd     : oneway function results will be dropped but finished with status OK and parcel size 4
05-28 05:15:21.578 13453 13455 I cmd     : oneway function results will be dropped but finished with status OK and parcel size 4
05-28 05:15:21.631 13468 13470 I cmd     : oneway function results will be dropped but finished with status OK and parcel size 4
05-28 05:15:21.686 13483 13485 I cmd     : oneway function results will be dropped but finished with status OK and parcel size 4
05-28 05:15:21.772 13495 13495 E libc    : Access denied finding property "persist.device_config.runtime_native_boot.profilebootclasspath"
05-28 05:15:21.772 13495 13495 E libc    : Access denied finding property "persist.device_config.runtime_native_boot.enable_apex_image"
05-28 05:15:21.772 13495 13495 I AndroidRuntime: Using default boot image
05-28 05:15:21.772 13495 13495 E libc    : Access denied finding property "persist.device_config.runtime_native_boot.disable_lock_profiling"
05-28 05:15:21.772 13495 13495 I AndroidRuntime: Leaving lock profiling enabled
05-28 05:15:21.772 13495 13495 E libc    : Access denied finding property "persist.device_config.runtime_native_boot.enable_generational_cc"
05-28 05:15:21.774 13495 13495 I app_process: Core platform API reporting enabled, enforcing=false
05-28 05:15:21.817 13495 13495 W app_process: Unexpected CPU variant for X86 using defaults: x86_64
05-28 05:15:21.818 13495 13495 I app_process: The ClassLoaderContext is a special shared library.
05-28 05:15:21.824 13495 13495 W app_process: JNI RegisterNativeMethods: attempt to register 0 native methods for android.media.AudioAttributes
05-28 05:15:22.762  8289  8289 I ProvidersCache: Updating roots due to change on user 0at content://com.android.providers.media.documents/root
05-28 05:15:23.132  8289  8289 I chatty  : uid=10076(com.android.documentsui) identical 2 lines
05-28 05:15:23.408  8289  8289 I ProvidersCache: Updating roots due to change on user 0at content://com.android.providers.media.documents/root
05-28 05:15:23.855   158   158 I hwservicemanager: getTransport: Cannot find entry android.hardware.graphics.mapper@4.0::IMapper/default in either framework or device manifest.
05-28 05:15:23.855 13525 13525 I Gralloc4: mapper 4.x is not supported
05-28 05:15:23.903 13529 13531 I cmd     : oneway function results will be dropped but finished with status OK and parcel size 4
05-28 05:15:23.904  1395  1954 I MediaProvider: Begin Intent { act=android.intent.action.MEDIA_SCANNER_SCAN_FILE dat=file:///sdcard/screen_2026-05-28_051524.png flg=0x1400010 cmp=com.android.providers.media.module/com.android.providers.media.MediaService }
05-28 05:15:23.900  1395  1395 W com.android.providers.media.module: type=1400 audit(0.0:1369): avc: denied { read } for comm=4173796E635461736B202331 name="primary" dev="tmpfs" ino=27675 scontext=u:r:mediaprovider_app:s0:c128,c256,c512,c768 tcontext=u:object_r:mnt_pass_through_file:s0 tclass=lnk_file permissive=0 app=com.android.providers.media.module
05-28 05:15:24.127     0     0 W audit   : audit_lost=1000 audit_rate_limit=5 audit_backlog_limit=64
05-28 05:15:24.138     0     0 E audit   : rate limit exceeded
05-28 05:15:23.926  1395  1954 W ModernMediaScanner: Failed to visit /sdcard/screen_2026-05-28_051524.png: java.nio.file.AccessDeniedException: /sdcard/screen_2026-05-28_051524.png
05-28 05:15:23.927  1395  1954 I MediaProvider: Scanned internal due to REASON_DEMAND, found 0 items in 21ms, 0 inserts 0 updates 0 deletes
05-28 05:15:23.928  1395  1954 I MediaProvider: End Intent { act=android.intent.action.MEDIA_SCANNER_SCAN_FILE dat=file:///sdcard/screen_2026-05-28_051524.png flg=0x1400010 cmp=com.android.providers.media.module/com.android.providers.media.MediaService }
05-28 05:15:23.900  1395  1395 W com.android.providers.media.module: type=1400 audit(0.0:1370): avc: denied { read } for comm=4173796E635461736B202331 name="primary" dev="tmpfs" ino=27675 scontext=u:r:mediaprovider_app:s0:c128,c256,c512,c768 tcontext=u:object_r:mnt_pass_through_file:s0 tclass=lnk_file permissive=0 app=com.android.providers.media.module
05-28 05:15:23.970  1395  2597 I MediaProvider: Deleted 1 items on external_primary due to com.android.shell
05-28 05:15:23.996 13540 13542 I cmd     : oneway function results will be dropped but finished with status OK and parcel size 4
05-28 05:15:24.158   158   158 I hwservicemanager: getTransport: Cannot find entry android.hardware.graphics.mapper@4.0::IMapper/default in either framework or device manifest.
05-28 05:15:24.158 13564 13564 I Gralloc4: mapper 4.x is not supported
05-28 05:15:24.205 13568 13570 I cmd     : oneway function results will be dropped but finished with status OK and parcel size 4
05-28 05:15:24.206  1395  1954 I MediaProvider: Begin Intent { act=android.intent.action.MEDIA_SCANNER_SCAN_FILE dat=file:///sdcard/screen_2026-05-28_051524.png flg=0x1400010 cmp=com.android.providers.media.module/com.android.providers.media.MediaService }
05-28 05:15:24.207  1395  1954 W ModernMediaScanner: Failed to visit /sdcard/screen_2026-05-28_051524.png: java.nio.file.AccessDeniedException: /sdcard/screen_2026-05-28_051524.png
05-28 05:15:24.207  1395  1954 I MediaProvider: Scanned internal due to REASON_DEMAND, found 0 items in 1ms, 0 inserts 0 updates 0 deletes
05-28 05:15:24.208  1395  1954 I MediaProvider: End Intent { act=android.intent.action.MEDIA_SCANNER_SCAN_FILE dat=file:///sdcard/screen_2026-05-28_051524.png flg=0x1400010 cmp=com.android.providers.media.module/com.android.providers.media.MediaService }
05-28 05:15:24.271  1395  2597 I MediaProvider: Deleted 1 items on external_primary due to com.android.shell
05-28 05:15:24.419   158   158 I hwservicemanager: getTransport: Cannot find entry android.hardware.graphics.mapper@4.0::IMapper/default in either framework or device manifest.
05-28 05:15:24.419 13601 13601 I Gralloc4: mapper 4.x is not supported
05-28 05:15:24.464 13605 13607 I cmd     : oneway function results will be dropped but finished with status OK and parcel size 4
05-28 05:15:24.464  1395  1954 I MediaProvider: Begin Intent { act=android.intent.action.MEDIA_SCANNER_SCAN_FILE dat=file:///sdcard/screen_2026-05-28_051524.png flg=0x1400010 cmp=com.android.providers.media.module/com.android.providers.media.MediaService }
05-28 05:15:24.465  1395  1954 W ModernMediaScanner: Failed to visit /sdcard/screen_2026-05-28_051524.png: java.nio.file.AccessDeniedException: /sdcard/screen_2026-05-28_051524.png
05-28 05:15:24.465  1395  1954 I MediaProvider: Scanned internal due to REASON_DEMAND, found 0 items in 1ms, 0 inserts 0 updates 0 deletes
05-28 05:15:24.466  1395  1954 I MediaProvider: End Intent { act=android.intent.action.MEDIA_SCANNER_SCAN_FILE dat=file:///sdcard/screen_2026-05-28_051524.png flg=0x1400010 cmp=com.android.providers.media.module/com.android.providers.media.MediaService }
05-28 05:15:24.488  1395  1586 I MediaProvider: Deleted 1 items on external_primary due to com.android.shell
05-28 05:15:24.515 13616 13618 I cmd     : oneway function results will be dropped but finished with status OK and parcel size 4
05-28 05:15:24.567 13631 13633 I cmd     : oneway function results will be dropped but finished with status OK and parcel size 4
05-28 05:15:24.616 13646 13648 I cmd     : oneway function results will be dropped but finished with status OK and parcel size 4
05-28 05:15:24.664 13661 13663 I cmd     : oneway function results will be dropped but finished with status OK and parcel size 4
05-28 05:15:24.741 13673 13673 E libc    : Access denied finding property "persist.device_config.runtime_native_boot.profilebootclasspath"
05-28 05:15:24.741 13673 13673 E libc    : Access denied finding property "persist.device_config.runtime_native_boot.enable_apex_image"
05-28 05:15:24.741 13673 13673 I AndroidRuntime: Using default boot image
05-28 05:15:24.741 13673 13673 E libc    : Access denied finding property "persist.device_config.runtime_native_boot.disable_lock_profiling"
05-28 05:15:24.741 13673 13673 I AndroidRuntime: Leaving lock profiling enabled
05-28 05:15:24.741 13673 13673 E libc    : Access denied finding property "persist.device_config.runtime_native_boot.enable_generational_cc"
05-28 05:15:24.743 13673 13673 I app_process: Core platform API reporting enabled, enforcing=false
05-28 05:15:24.783 13673 13673 W app_process: Unexpected CPU variant for X86 using defaults: x86_64
05-28 05:15:24.783 13673 13673 I app_process: The ClassLoaderContext is a special shared library.
05-28 05:15:24.790 13673 13673 W app_process: JNI RegisterNativeMethods: attempt to register 0 native methods for android.media.AudioAttributes
05-28 05:15:25.458  8289  8289 I ProvidersCache: Updating roots due to change on user 0at content://com.android.providers.media.documents/root
05-28 05:15:25.820  8289  8289 I chatty  : uid=10076(com.android.documentsui) identical 2 lines
05-28 05:15:26.062  8289  8289 I ProvidersCache: Updating roots due to change on user 0at content://com.android.providers.media.documents/root
05-28 05:15:26.799   158   158 I hwservicemanager: getTransport: Cannot find entry android.hardware.graphics.mapper@4.0::IMapper/default in either framework or device manifest.
05-28 05:15:26.799 13702 13702 I Gralloc4: mapper 4.x is not supported
05-28 05:15:26.844  1395  1954 I MediaProvider: Begin Intent { act=android.intent.action.MEDIA_SCANNER_SCAN_FILE dat=file:///sdcard/screen_2026-05-28_051527.png flg=0x1400010 cmp=com.android.providers.media.module/com.android.providers.media.MediaService }
05-28 05:15:26.840  1395  1395 W com.android.providers.media.module: type=1400 audit(0.0:1391): avc: denied { read } for comm=4173796E635461736B202331 name="primary" dev="tmpfs" ino=27675 scontext=u:r:mediaprovider_app:s0:c128,c256,c512,c768 tcontext=u:object_r:mnt_pass_through_file:s0 tclass=lnk_file permissive=0 app=com.android.providers.media.module
05-28 05:15:26.867  1395  1954 W ModernMediaScanner: Failed to visit /sdcard/screen_2026-05-28_051527.png: java.nio.file.AccessDeniedException: /sdcard/screen_2026-05-28_051527.png
05-28 05:15:26.868  1395  1954 I MediaProvider: Scanned internal due to REASON_DEMAND, found 0 items in 24ms, 0 inserts 0 updates 0 deletes
05-28 05:15:26.869  1395  1954 I MediaProvider: End Intent { act=android.intent.action.MEDIA_SCANNER_SCAN_FILE dat=file:///sdcard/screen_2026-05-28_051527.png flg=0x1400010 cmp=com.android.providers.media.module/com.android.providers.media.MediaService }
05-28 05:15:26.840  1395  1395 W com.android.providers.media.module: type=1400 audit(0.0:1393): avc: denied { read } for comm=4173796E635461736B202331 name="primary" dev="tmpfs" ino=27675 scontext=u:r:mediaprovider_app:s0:c128,c256,c512,c768 tcontext=u:object_r:mnt_pass_through_file:s0 tclass=lnk_file permissive=0 app=com.android.providers.media.module
05-28 05:15:26.904  1395  1571 I MediaProvider: Deleted 1 items on external_primary due to com.android.shell
05-28 05:15:27.063   158   158 I hwservicemanager: getTransport: Cannot find entry android.hardware.graphics.mapper@4.0::IMapper/default in either framework or device manifest.
05-28 05:15:27.063 13739 13739 I Gralloc4: mapper 4.x is not supported
05-28 05:15:27.109 13743 13745 I cmd     : oneway function results will be dropped but finished with status OK and parcel size 4
05-28 05:15:27.110  1395  1954 I MediaProvider: Begin Intent { act=android.intent.action.MEDIA_SCANNER_SCAN_FILE dat=file:///sdcard/screen_2026-05-28_051527.png flg=0x1400010 cmp=com.android.providers.media.module/com.android.providers.media.MediaService }
05-28 05:15:27.111  1395  1954 W ModernMediaScanner: Failed to visit /sdcard/screen_2026-05-28_051527.png: java.nio.file.AccessDeniedException: /sdcard/screen_2026-05-28_051527.png
05-28 05:15:27.112  1395  1954 I MediaProvider: Scanned internal due to REASON_DEMAND, found 0 items in 1ms, 0 inserts 0 updates 0 deletes
05-28 05:15:27.112  1395  1954 I MediaProvider: End Intent { act=android.intent.action.MEDIA_SCANNER_SCAN_FILE dat=file:///sdcard/screen_2026-05-28_051527.png flg=0x1400010 cmp=com.android.providers.media.module/com.android.providers.media.MediaService }
05-28 05:15:27.184  1395  2597 I MediaProvider: Deleted 1 items on external_primary due to com.android.shell
05-28 05:15:27.213 13756 13758 I cmd     : oneway function results will be dropped but finished with status OK and parcel size 4
05-28 05:15:27.349   158   158 I hwservicemanager: getTransport: Cannot find entry android.hardware.graphics.mapper@4.0::IMapper/default in either framework or device manifest.
05-28 05:15:27.350 13778 13778 I Gralloc4: mapper 4.x is not supported
05-28 05:15:27.397 13782 13784 I cmd     : oneway function results will be dropped but finished with status OK and parcel size 4
05-28 05:15:27.398  1395  1954 I MediaProvider: Begin Intent { act=android.intent.action.MEDIA_SCANNER_SCAN_FILE dat=file:///sdcard/screen_2026-05-28_051527.png flg=0x1400010 cmp=com.android.providers.media.module/com.android.providers.media.MediaService }
05-28 05:15:27.398  1395  1954 W ModernMediaScanner: Failed to visit /sdcard/screen_2026-05-28_051527.png: java.nio.file.AccessDeniedException: /sdcard/screen_2026-05-28_051527.png
05-28 05:15:27.399  1395  1954 I MediaProvider: Scanned internal due to REASON_DEMAND, found 0 items in 1ms, 0 inserts 0 updates 0 deletes
05-28 05:15:27.400  1395  1954 I MediaProvider: End Intent { act=android.intent.action.MEDIA_SCANNER_SCAN_FILE dat=file:///sdcard/screen_2026-05-28_051527.png flg=0x1400010 cmp=com.android.providers.media.module/com.android.providers.media.MediaService }
05-28 05:15:27.460  1395  1586 I MediaProvider: Deleted 1 items on external_primary due to com.android.shell
05-28 05:15:27.488 13793 13795 I cmd     : oneway function results will be dropped but finished with status OK and parcel size 4
05-28 05:15:27.539 13808 13810 I cmd     : oneway function results will be dropped but finished with status OK and parcel size 4
05-28 05:15:27.589 13823 13825 I cmd     : oneway function results will be dropped but finished with status OK and parcel size 4
05-28 05:15:27.641 13838 13840 I cmd     : oneway function results will be dropped but finished with status OK and parcel size 4
05-28 05:15:27.722 13850 13850 E libc    : Access denied finding property "persist.device_config.runtime_native_boot.profilebootclasspath"
05-28 05:15:27.722 13850 13850 E libc    : Access denied finding property "persist.device_config.runtime_native_boot.enable_apex_image"
05-28 05:15:27.722 13850 13850 I AndroidRuntime: Using default boot image
05-28 05:15:27.722 13850 13850 E libc    : Access denied finding property "persist.device_config.runtime_native_boot.disable_lock_profiling"
05-28 05:15:27.722 13850 13850 I AndroidRuntime: Leaving lock profiling enabled
05-28 05:15:27.722 13850 13850 E libc    : Access denied finding property "persist.device_config.runtime_native_boot.enable_generational_cc"
05-28 05:15:27.724 13850 13850 I app_process: Core platform API reporting enabled, enforcing=false
05-28 05:15:27.764 13850 13850 W app_process: Unexpected CPU variant for X86 using defaults: x86_64
05-28 05:15:27.765 13850 13850 I app_process: The ClassLoaderContext is a special shared library.
05-28 05:15:27.771 13850 13850 W app_process: JNI RegisterNativeMethods: attempt to register 0 native methods for android.media.AudioAttributes
05-28 05:15:28.092  8289  8289 I ProvidersCache: Updating roots due to change on user 0at content://com.android.providers.media.documents/root
05-28 05:15:28.258  8289  8289 I ProvidersCache: Updating roots due to change on user 0at content://com.android.providers.media.documents/root
05-28 05:15:28.530  8289  8289 I ProvidersCache: Updating roots due to change on user 0at content://com.android.providers.media.documents/root
05-28 05:15:28.742  8289  8289 I ProvidersCache: Updating roots due to change on user 0at content://com.android.providers.media.documents/root
05-28 05:15:29.779   158   158 I hwservicemanager: getTransport: Cannot find entry android.hardware.graphics.mapper@4.0::IMapper/default in either framework or device manifest.
05-28 05:15:29.780 13879 13879 I Gralloc4: mapper 4.x is not supported
05-28 05:15:29.828  1395  1954 I MediaProvider: Begin Intent { act=android.intent.action.MEDIA_SCANNER_SCAN_FILE dat=file:///sdcard/screen_2026-05-28_051530.png flg=0x1400010 cmp=com.android.providers.media.module/com.android.providers.media.MediaService }
05-28 05:15:30.050     0     0 W audit   : audit_lost=1034 audit_rate_limit=5 audit_backlog_limit=64
05-28 05:15:30.052     0     0 E audit   : rate limit exceeded
05-28 05:15:29.824  1395  1395 W com.android.providers.media.module: type=1400 audit(0.0:1413): avc: denied { read } for comm=4173796E635461736B202331 name="primary" dev="tmpfs" ino=27675 scontext=u:r:mediaprovider_app:s0:c128,c256,c512,c768 tcontext=u:object_r:mnt_pass_through_file:s0 tclass=lnk_file permissive=0 app=com.android.providers.media.module
05-28 05:15:29.839  1395  1954 W ModernMediaScanner: Failed to visit /sdcard/screen_2026-05-28_051530.png: java.nio.file.AccessDeniedException: /sdcard/screen_2026-05-28_051530.png
05-28 05:15:29.840  1395  1954 I MediaProvider: Scanned internal due to REASON_DEMAND, found 0 items in 11ms, 0 inserts 0 updates 0 deletes
05-28 05:15:29.840  1395  1954 I MediaProvider: End Intent { act=android.intent.action.MEDIA_SCANNER_SCAN_FILE dat=file:///sdcard/screen_2026-05-28_051530.png flg=0x1400010 cmp=com.android.providers.media.module/com.android.providers.media.MediaService }
05-28 05:15:29.824  1395  1395 W com.android.providers.media.module: type=1400 audit(0.0:1414): avc: denied { read } for comm=4173796E635461736B202331 name="primary" dev="tmpfs" ino=27675 scontext=u:r:mediaprovider_app:s0:c128,c256,c512,c768 tcontext=u:object_r:mnt_pass_through_file:s0 tclass=lnk_file permissive=0 app=com.android.providers.media.module
05-28 05:15:29.926  1395  2597 I MediaProvider: Deleted 1 items on external_primary due to com.android.shell
05-28 05:15:29.952 13895 13897 I cmd     : oneway function results will be dropped but finished with status OK and parcel size 4
05-28 05:15:30.067   158   158 I hwservicemanager: getTransport: Cannot find entry android.hardware.graphics.mapper@4.0::IMapper/default in either framework or device manifest.
05-28 05:15:30.067 13917 13917 I Gralloc4: mapper 4.x is not supported
05-28 05:15:30.111  1395  1954 I MediaProvider: Begin Intent { act=android.intent.action.MEDIA_SCANNER_SCAN_FILE dat=file:///sdcard/screen_2026-05-28_051530.png flg=0x1400010 cmp=com.android.providers.media.module/com.android.providers.media.MediaService }
05-28 05:15:30.113  1395  1954 W ModernMediaScanner: Failed to visit /sdcard/screen_2026-05-28_051530.png: java.nio.file.AccessDeniedException: /sdcard/screen_2026-05-28_051530.png
05-28 05:15:30.113  1395  1954 I MediaProvider: Scanned internal due to REASON_DEMAND, found 0 items in 1ms, 0 inserts 0 updates 0 deletes
05-28 05:15:30.114  1395  1954 I MediaProvider: End Intent { act=android.intent.action.MEDIA_SCANNER_SCAN_FILE dat=file:///sdcard/screen_2026-05-28_051530.png flg=0x1400010 cmp=com.android.providers.media.module/com.android.providers.media.MediaService }
05-28 05:15:30.175  1395  1586 I MediaProvider: Deleted 1 items on external_primary due to com.android.shell
05-28 05:15:30.199 13932 13934 I cmd     : oneway function results will be dropped but finished with status OK and parcel size 4
05-28 05:15:30.333   158   158 I hwservicemanager: getTransport: Cannot find entry android.hardware.graphics.mapper@4.0::IMapper/default in either framework or device manifest.
05-28 05:15:30.333 13956 13956 I Gralloc4: mapper 4.x is not supported
05-28 05:15:30.379  1395  1954 I MediaProvider: Begin Intent { act=android.intent.action.MEDIA_SCANNER_SCAN_FILE dat=file:///sdcard/screen_2026-05-28_051530.png flg=0x1400010 cmp=com.android.providers.media.module/com.android.providers.media.MediaService }
05-28 05:15:30.380  1395  1954 W ModernMediaScanner: Failed to visit /sdcard/screen_2026-05-28_051530.png: java.nio.file.AccessDeniedException: /sdcard/screen_2026-05-28_051530.png
05-28 05:15:30.381  1395  1954 I MediaProvider: Scanned internal due to REASON_DEMAND, found 0 items in 0ms, 0 inserts 0 updates 0 deletes
05-28 05:15:30.382  1395  1954 I MediaProvider: End Intent { act=android.intent.action.MEDIA_SCANNER_SCAN_FILE dat=file:///sdcard/screen_2026-05-28_051530.png flg=0x1400010 cmp=com.android.providers.media.module/com.android.providers.media.MediaService }
05-28 05:15:30.442  1395  1571 I MediaProvider: Deleted 1 items on external_primary due to com.android.shell
05-28 05:15:30.516 13986 13988 I cmd     : oneway function results will be dropped but finished with status OK and parcel size 4
05-28 05:15:30.564 14001 14003 I cmd     : oneway function results will be dropped but finished with status OK and parcel size 4
05-28 05:15:30.611 14016 14018 I cmd     : oneway function results will be dropped but finished with status OK and parcel size 4
05-28 05:15:30.688 14028 14028 E libc    : Access denied finding property "persist.device_config.runtime_native_boot.profilebootclasspath"
05-28 05:15:30.688 14028 14028 E libc    : Access denied finding property "persist.device_config.runtime_native_boot.enable_apex_image"
05-28 05:15:30.688 14028 14028 I AndroidRuntime: Using default boot image
05-28 05:15:30.688 14028 14028 E libc    : Access denied finding property "persist.device_config.runtime_native_boot.disable_lock_profiling"
05-28 05:15:30.688 14028 14028 I AndroidRuntime: Leaving lock profiling enabled
05-28 05:15:30.688 14028 14028 E libc    : Access denied finding property "persist.device_config.runtime_native_boot.enable_generational_cc"
05-28 05:15:30.689 14028 14028 I app_process: Core platform API reporting enabled, enforcing=false
05-28 05:15:30.728 14028 14028 W app_process: Unexpected CPU variant for X86 using defaults: x86_64
05-28 05:15:30.729 14028 14028 I app_process: The ClassLoaderContext is a special shared library.
05-28 05:15:30.735 14028 14028 W app_process: JNI RegisterNativeMethods: attempt to register 0 native methods for android.media.AudioAttributes
05-28 05:15:30.812  8289  8289 I ProvidersCache: Updating roots due to change on user 0at content://com.android.providers.media.documents/root
05-28 05:15:30.989  8289  8289 I ProvidersCache: Updating roots due to change on user 0at content://com.android.providers.media.documents/root
05-28 05:15:31.312  8289  8289 I ProvidersCache: Updating roots due to change on user 0at content://com.android.providers.media.documents/root
05-28 05:15:31.538  8289  8289 I ProvidersCache: Updating roots due to change on user 0at content://com.android.providers.media.documents/root
05-28 05:15:32.746   158   158 I hwservicemanager: getTransport: Cannot find entry android.hardware.graphics.mapper@4.0::IMapper/default in either framework or device manifest.
05-28 05:15:32.746 14057 14057 I Gralloc4: mapper 4.x is not supported
05-28 05:15:32.791 14061 14063 I cmd     : oneway function results will be dropped but finished with status OK and parcel size 4
05-28 05:15:32.792  1395  1954 I MediaProvider: Begin Intent { act=android.intent.action.MEDIA_SCANNER_SCAN_FILE dat=file:///sdcard/screen_2026-05-28_051533.png flg=0x1400010 cmp=com.android.providers.media.module/com.android.providers.media.MediaService }
05-28 05:15:32.788  1395  1395 W com.android.providers.media.module: type=1400 audit(0.0:1435): avc: denied { read } for comm=4173796E635461736B202331 name="primary" dev="tmpfs" ino=27675 scontext=u:r:mediaprovider_app:s0:c128,c256,c512,c768 tcontext=u:object_r:mnt_pass_through_file:s0 tclass=lnk_file permissive=0 app=com.android.providers.media.module
05-28 05:15:32.809  1395  1954 W ModernMediaScanner: Failed to visit /sdcard/screen_2026-05-28_051533.png: java.nio.file.AccessDeniedException: /sdcard/screen_2026-05-28_051533.png
05-28 05:15:32.810  1395  1954 I MediaProvider: Scanned internal due to REASON_DEMAND, found 0 items in 17ms, 0 inserts 0 updates 0 deletes
05-28 05:15:32.810  1395  1954 I MediaProvider: End Intent { act=android.intent.action.MEDIA_SCANNER_SCAN_FILE dat=file:///sdcard/screen_2026-05-28_051533.png flg=0x1400010 cmp=com.android.providers.media.module/com.android.providers.media.MediaService }
05-28 05:15:32.788  1395  1395 W com.android.providers.media.module: type=1400 audit(0.0:1437): avc: denied { read } for comm=4173796E635461736B202331 name="primary" dev="tmpfs" ino=27675 scontext=u:r:mediaprovider_app:s0:c128,c256,c512,c768 tcontext=u:object_r:mnt_pass_through_file:s0 tclass=lnk_file permissive=0 app=com.android.providers.media.module
05-28 05:15:32.843  1395  2597 I MediaProvider: Deleted 1 items on external_primary due to com.android.shell
05-28 05:15:32.868 14072 14074 I cmd     : oneway function results will be dropped but finished with status OK and parcel size 4
05-28 05:15:32.986   158   158 I hwservicemanager: getTransport: Cannot find entry android.hardware.graphics.mapper@4.0::IMapper/default in either framework or device manifest.
05-28 05:15:32.986 14094 14094 I Gralloc4: mapper 4.x is not supported
05-28 05:15:33.031 14098 14100 I cmd     : oneway function results will be dropped but finished with status OK and parcel size 4
05-28 05:15:33.031  1395  1954 I MediaProvider: Begin Intent { act=android.intent.action.MEDIA_SCANNER_SCAN_FILE dat=file:///sdcard/screen_2026-05-28_051533.png flg=0x1400010 cmp=com.android.providers.media.module/com.android.providers.media.MediaService }
05-28 05:15:33.032  1395  1954 W ModernMediaScanner: Failed to visit /sdcard/screen_2026-05-28_051533.png: java.nio.file.AccessDeniedException: /sdcard/screen_2026-05-28_051533.png
05-28 05:15:33.033  1395  1954 I MediaProvider: Scanned internal due to REASON_DEMAND, found 0 items in 1ms, 0 inserts 0 updates 0 deletes
05-28 05:15:33.034  1395  1954 I MediaProvider: End Intent { act=android.intent.action.MEDIA_SCANNER_SCAN_FILE dat=file:///sdcard/screen_2026-05-28_051533.png flg=0x1400010 cmp=com.android.providers.media.module/com.android.providers.media.MediaService }
05-28 05:15:33.093  1395  1586 I MediaProvider: Deleted 1 items on external_primary due to com.android.shell
05-28 05:15:33.119 14109 14111 I cmd     : oneway function results will be dropped but finished with status OK and parcel size 4
05-28 05:15:33.238   158   158 I hwservicemanager: getTransport: Cannot find entry android.hardware.graphics.mapper@4.0::IMapper/default in either framework or device manifest.
05-28 05:15:33.238 14131 14131 I Gralloc4: mapper 4.x is not supported
05-28 05:15:33.283 14135 14137 I cmd     : oneway function results will be dropped but finished with status OK and parcel size 4
05-28 05:15:33.284  1395  1954 I MediaProvider: Begin Intent { act=android.intent.action.MEDIA_SCANNER_SCAN_FILE dat=file:///sdcard/screen_2026-05-28_051533.png flg=0x1400010 cmp=com.android.providers.media.module/com.android.providers.media.MediaService }
05-28 05:15:33.285  1395  1954 W ModernMediaScanner: Failed to visit /sdcard/screen_2026-05-28_051533.png: java.nio.file.AccessDeniedException: /sdcard/screen_2026-05-28_051533.png
05-28 05:15:33.285  1395  1954 I MediaProvider: Scanned internal due to REASON_DEMAND, found 0 items in 1ms, 0 inserts 0 updates 0 deletes
05-28 05:15:33.286  1395  1954 I MediaProvider: End Intent { act=android.intent.action.MEDIA_SCANNER_SCAN_FILE dat=file:///sdcard/screen_2026-05-28_051533.png flg=0x1400010 cmp=com.android.providers.media.module/com.android.providers.media.MediaService }
05-28 05:15:33.306  1395  1571 I MediaProvider: Deleted 1 items on external_primary due to com.android.shell
05-28 05:15:33.391 14163 14165 I cmd     : oneway function results will be dropped but finished with status OK and parcel size 4
05-28 05:15:33.440 14178 14180 I cmd     : oneway function results will be dropped but finished with status OK and parcel size 4
05-28 05:15:33.489 14193 14195 I cmd     : oneway function results will be dropped but finished with status OK and parcel size 4
05-28 05:15:33.564 14205 14205 E libc    : Access denied finding property "persist.device_config.runtime_native_boot.profilebootclasspath"
05-28 05:15:33.564 14205 14205 E libc    : Access denied finding property "persist.device_config.runtime_native_boot.enable_apex_image"
05-28 05:15:33.564 14205 14205 I AndroidRuntime: Using default boot image
05-28 05:15:33.564 14205 14205 E libc    : Access denied finding property "persist.device_config.runtime_native_boot.disable_lock_profiling"
05-28 05:15:33.564 14205 14205 I AndroidRuntime: Leaving lock profiling enabled
05-28 05:15:33.564 14205 14205 E libc    : Access denied finding property "persist.device_config.runtime_native_boot.enable_generational_cc"
05-28 05:15:33.565 14205 14205 I app_process: Core platform API reporting enabled, enforcing=false
05-28 05:15:33.604 14205 14205 W app_process: Unexpected CPU variant for X86 using defaults: x86_64
05-28 05:15:33.605 14205 14205 I app_process: The ClassLoaderContext is a special shared library.
05-28 05:15:33.611 14205 14205 W app_process: JNI RegisterNativeMethods: attempt to register 0 native methods for android.media.AudioAttributes
05-28 05:15:33.739  2083  2083 E AccessibilityInteractionClient: 3 Disconnected nodes.
05-28 05:15:33.892  8289  8289 I ProvidersCache: Updating roots due to change on user 0at content://com.android.providers.media.documents/root
05-28 05:15:34.012  8289  8289 I ProvidersCache: Updating roots due to change on user 0at content://com.android.providers.media.documents/root
05-28 05:15:34.312  8289  8289 I ProvidersCache: Updating roots due to change on user 0at content://com.android.providers.media.documents/root
05-28 05:15:34.525  8289  8289 I ProvidersCache: Updating roots due to change on user 0at content://com.android.providers.media.documents/root
05-28 05:15:35.633   158   158 I hwservicemanager: getTransport: Cannot find entry android.hardware.graphics.mapper@4.0::IMapper/default in either framework or device manifest.
05-28 05:15:35.633 14238 14238 I Gralloc4: mapper 4.x is not supported
05-28 05:15:35.668  1395  1954 I MediaProvider: Begin Intent { act=android.intent.action.MEDIA_SCANNER_SCAN_FILE dat=file:///sdcard/screen_2026-05-28_051536.png flg=0x1400010 cmp=com.android.providers.media.module/com.android.providers.media.MediaService }
05-28 05:15:35.672  1395  1954 W ModernMediaScanner: Failed to visit /sdcard/screen_2026-05-28_051536.png: java.nio.file.AccessDeniedException: /sdcard/screen_2026-05-28_051536.png
05-28 05:15:35.673  1395  1954 I MediaProvider: Scanned internal due to REASON_DEMAND, found 0 items in 4ms, 0 inserts 0 updates 0 deletes
05-28 05:15:35.890     0     0 W audit   : audit_lost=1068 audit_rate_limit=5 audit_backlog_limit=64
05-28 05:15:35.893     0     0 E audit   : rate limit exceeded
05-28 05:15:35.673  1395  1954 I MediaProvider: End Intent { act=android.intent.action.MEDIA_SCANNER_SCAN_FILE dat=file:///sdcard/screen_2026-05-28_051536.png flg=0x1400010 cmp=com.android.providers.media.module/com.android.providers.media.MediaService }
05-28 05:15:35.664  1395  1395 W com.android.providers.media.module: type=1400 audit(0.0:1457): avc: denied { read } for comm=4173796E635461736B202331 name="primary" dev="tmpfs" ino=27675 scontext=u:r:mediaprovider_app:s0:c128,c256,c512,c768 tcontext=u:object_r:mnt_pass_through_file:s0 tclass=lnk_file permissive=0 app=com.android.providers.media.module
05-28 05:15:35.742  1395  2597 I MediaProvider: Deleted 1 items on external_primary due to com.android.shell
05-28 05:15:35.767 14254 14256 I cmd     : oneway function results will be dropped but finished with status OK and parcel size 4
05-28 05:15:35.888   158   158 I hwservicemanager: getTransport: Cannot find entry android.hardware.graphics.mapper@4.0::IMapper/default in either framework or device manifest.
05-28 05:15:35.888 14276 14276 I Gralloc4: mapper 4.x is not supported
05-28 05:15:35.923 14280 14282 I cmd     : oneway function results will be dropped but finished with status OK and parcel size 4
05-28 05:15:35.924  1395  1954 I MediaProvider: Begin Intent { act=android.intent.action.MEDIA_SCANNER_SCAN_FILE dat=file:///sdcard/screen_2026-05-28_051536.png flg=0x1400010 cmp=com.android.providers.media.module/com.android.providers.media.MediaService }
05-28 05:15:35.925  1395  1954 W ModernMediaScanner: Failed to visit /sdcard/screen_2026-05-28_051536.png: java.nio.file.AccessDeniedException: /sdcard/screen_2026-05-28_051536.png
05-28 05:15:35.926  1395  1954 I MediaProvider: Scanned internal due to REASON_DEMAND, found 0 items in 1ms, 0 inserts 0 updates 0 deletes
05-28 05:15:35.926  1395  1954 I MediaProvider: End Intent { act=android.intent.action.MEDIA_SCANNER_SCAN_FILE dat=file:///sdcard/screen_2026-05-28_051536.png flg=0x1400010 cmp=com.android.providers.media.module/com.android.providers.media.MediaService }
05-28 05:15:35.945  1395  1586 I MediaProvider: Deleted 1 items on external_primary due to com.android.shell
05-28 05:15:35.969 14291 14293 I cmd     : oneway function results will be dropped but finished with status OK and parcel size 4
05-28 05:15:36.086   158   158 I hwservicemanager: getTransport: Cannot find entry android.hardware.graphics.mapper@4.0::IMapper/default in either framework or device manifest.
05-28 05:15:36.086 14313 14313 I Gralloc4: mapper 4.x is not supported
05-28 05:15:36.124  1395  1954 I MediaProvider: Begin Intent { act=android.intent.action.MEDIA_SCANNER_SCAN_FILE dat=file:///sdcard/screen_2026-05-28_051536.png flg=0x1400010 cmp=com.android.providers.media.module/com.android.providers.media.MediaService }
05-28 05:15:36.125  1395  1954 W ModernMediaScanner: Failed to visit /sdcard/screen_2026-05-28_051536.png: java.nio.file.AccessDeniedException: /sdcard/screen_2026-05-28_051536.png
05-28 05:15:36.125  1395  1954 I MediaProvider: Scanned internal due to REASON_DEMAND, found 0 items in 1ms, 0 inserts 0 updates 0 deletes
05-28 05:15:36.126  1395  1954 I MediaProvider: End Intent { act=android.intent.action.MEDIA_SCANNER_SCAN_FILE dat=file:///sdcard/screen_2026-05-28_051536.png flg=0x1400010 cmp=com.android.providers.media.module/com.android.providers.media.MediaService }
05-28 05:15:36.187  1395  2597 I MediaProvider: Deleted 1 items on external_primary due to com.android.shell
05-28 05:15:36.213 14328 14330 I cmd     : oneway function results will be dropped but finished with status OK and parcel size 4
05-28 05:15:36.261 14343 14345 I cmd     : oneway function results will be dropped but finished with status OK and parcel size 4
05-28 05:15:36.308 14358 14360 I cmd     : oneway function results will be dropped but finished with status OK and parcel size 4
05-28 05:15:36.356 14373 14375 I cmd     : oneway function results will be dropped but finished with status OK and parcel size 4
05-28 05:15:36.444 14387 14387 E libc    : Access denied finding property "persist.device_config.runtime_native_boot.profilebootclasspath"
05-28 05:15:36.444 14387 14387 E libc    : Access denied finding property "persist.device_config.runtime_native_boot.enable_apex_image"
05-28 05:15:36.444 14387 14387 I AndroidRuntime: Using default boot image
05-28 05:15:36.444 14387 14387 E libc    : Access denied finding property "persist.device_config.runtime_native_boot.disable_lock_profiling"
05-28 05:15:36.444 14387 14387 I AndroidRuntime: Leaving lock profiling enabled
05-28 05:15:36.444 14387 14387 E libc    : Access denied finding property "persist.device_config.runtime_native_boot.enable_generational_cc"
05-28 05:15:36.445 14387 14387 I app_process: Core platform API reporting enabled, enforcing=false
05-28 05:15:36.483 14387 14387 W app_process: Unexpected CPU variant for X86 using defaults: x86_64
05-28 05:15:36.484 14387 14387 I app_process: The ClassLoaderContext is a special shared library.
05-28 05:15:36.490 14387 14387 W app_process: JNI RegisterNativeMethods: attempt to register 0 native methods for android.media.AudioAttributes
