05-28 05:14:31.888  1395  1395 W com.android.providers.media.module: type=1400 audit(0.0:935): avc: denied { read } for comm=4173796E635461736B202331 name="primary" dev="tmpfs" ino=27675 scontext=u:r:mediaprovider_app:s0:c128,c256,c512,c768 tcontext=u:object_r:mnt_pass_through_file:s0 tclass=lnk_file permissive=0 app=com.android.providers.media.module
05-28 05:14:31.942  1395  2597 I MediaProvider: Deleted 1 items on external_primary due to com.android.shell
05-28 05:14:31.968 10017 10019 I cmd     : oneway function results will be dropped but finished with status OK and parcel size 4
05-28 05:14:32.099   158   158 I hwservicemanager: getTransport: Cannot find entry android.hardware.graphics.mapper@4.0::IMapper/default in either framework or device manifest.
05-28 05:14:32.099 10039 10039 I Gralloc4: mapper 4.x is not supported
05-28 05:14:32.151  1395  1954 I MediaProvider: Begin Intent { act=android.intent.action.MEDIA_SCANNER_SCAN_FILE dat=file:///sdcard/screen_2026-05-28_051432.png flg=0x1400010 cmp=com.android.providers.media.module/com.android.providers.media.MediaService }
05-28 05:14:32.154  1395  1954 W ModernMediaScanner: Failed to visit /sdcard/screen_2026-05-28_051432.png: java.nio.file.AccessDeniedException: /sdcard/screen_2026-05-28_051432.png
05-28 05:14:32.156  1395  1954 I MediaProvider: Scanned internal due to REASON_DEMAND, found 0 items in 3ms, 0 inserts 0 updates 0 deletes
05-28 05:14:32.157  1395  1954 I MediaProvider: End Intent { act=android.intent.action.MEDIA_SCANNER_SCAN_FILE dat=file:///sdcard/screen_2026-05-28_051432.png flg=0x1400010 cmp=com.android.providers.media.module/com.android.providers.media.MediaService }
05-28 05:14:32.173  1395  1571 I MediaProvider: Deleted 1 items on external_primary due to com.android.shell
05-28 05:14:32.314   158   158 I hwservicemanager: getTransport: Cannot find entry android.hardware.graphics.mapper@4.0::IMapper/default in either framework or device manifest.
05-28 05:14:32.314 10076 10076 I Gralloc4: mapper 4.x is not supported
05-28 05:14:32.366 10080 10082 I cmd     : oneway function results will be dropped but finished with status OK and parcel size 4
05-28 05:14:32.366  1395  1954 I MediaProvider: Begin Intent { act=android.intent.action.MEDIA_SCANNER_SCAN_FILE dat=file:///sdcard/screen_2026-05-28_051432.png flg=0x1400010 cmp=com.android.providers.media.module/com.android.providers.media.MediaService }
05-28 05:14:32.367  1395  1954 W ModernMediaScanner: Failed to visit /sdcard/screen_2026-05-28_051432.png: java.nio.file.AccessDeniedException: /sdcard/screen_2026-05-28_051432.png
05-28 05:14:32.367  1395  1954 I MediaProvider: Scanned internal due to REASON_DEMAND, found 0 items in 1ms, 0 inserts 0 updates 0 deletes
05-28 05:14:32.367  1395  1954 I MediaProvider: End Intent { act=android.intent.action.MEDIA_SCANNER_SCAN_FILE dat=file:///sdcard/screen_2026-05-28_051432.png flg=0x1400010 cmp=com.android.providers.media.module/com.android.providers.media.MediaService }
05-28 05:14:32.388  1395  1586 I MediaProvider: Deleted 1 items on external_primary due to com.android.shell
05-28 05:14:32.415 10091 10093 I cmd     : oneway function results will be dropped but finished with status OK and parcel size 4
05-28 05:14:32.528 10123 10125 I cmd     : oneway function results will be dropped but finished with status OK and parcel size 4
05-28 05:14:32.579 10138 10140 I cmd     : oneway function results will be dropped but finished with status OK and parcel size 4
05-28 05:14:32.659 10150 10150 E libc    : Access denied finding property "persist.device_config.runtime_native_boot.profilebootclasspath"
05-28 05:14:32.659 10150 10150 E libc    : Access denied finding property "persist.device_config.runtime_native_boot.enable_apex_image"
05-28 05:14:32.659 10150 10150 I AndroidRuntime: Using default boot image
05-28 05:14:32.659 10150 10150 E libc    : Access denied finding property "persist.device_config.runtime_native_boot.disable_lock_profiling"
05-28 05:14:32.659 10150 10150 I AndroidRuntime: Leaving lock profiling enabled
05-28 05:14:32.659 10150 10150 E libc    : Access denied finding property "persist.device_config.runtime_native_boot.enable_generational_cc"
05-28 05:14:32.660 10150 10150 I app_process: Core platform API reporting enabled, enforcing=false
05-28 05:14:32.699 10150 10150 W app_process: Unexpected CPU variant for X86 using defaults: x86_64
05-28 05:14:32.700 10150 10150 I app_process: The ClassLoaderContext is a special shared library.
05-28 05:14:32.706 10150 10150 W app_process: JNI RegisterNativeMethods: attempt to register 0 native methods for android.media.AudioAttributes
05-28 05:14:33.977  8289  8289 I ProvidersCache: Updating roots due to change on user 0at content://com.android.providers.media.documents/root
05-28 05:14:34.091  8289  8289 I chatty  : uid=10076(com.android.documentsui) identical 1 line
05-28 05:14:34.402  8289  8289 I ProvidersCache: Updating roots due to change on user 0at content://com.android.providers.media.documents/root
05-28 05:14:34.423   158   158 I hwservicemanager: getTransport: Cannot find entry android.hardware.graphics.mapper@4.0::IMapper/default in either framework or device manifest.
05-28 05:14:34.424 10182 10182 I Gralloc4: mapper 4.x is not supported
05-28 05:14:34.482  1395  1954 I MediaProvider: Begin Intent { act=android.intent.action.MEDIA_SCANNER_SCAN_FILE dat=file:///sdcard/screen_2026-05-28_051434.png flg=0x1400010 cmp=com.android.providers.media.module/com.android.providers.media.MediaService }
05-28 05:14:34.704     0     0 W audit   : audit_lost=681 audit_rate_limit=5 audit_backlog_limit=64
05-28 05:14:34.707     0     0 E audit   : rate limit exceeded
05-28 05:14:34.487  1395  1954 W ModernMediaScanner: Failed to visit /sdcard/screen_2026-05-28_051434.png: java.nio.file.AccessDeniedException: /sdcard/screen_2026-05-28_051434.png
05-28 05:14:34.487  1395  1954 I MediaProvider: Scanned internal due to REASON_DEMAND, found 0 items in 5ms, 0 inserts 0 updates 0 deletes
05-28 05:14:34.488  1395  1954 I MediaProvider: End Intent { act=android.intent.action.MEDIA_SCANNER_SCAN_FILE dat=file:///sdcard/screen_2026-05-28_051434.png flg=0x1400010 cmp=com.android.providers.media.module/com.android.providers.media.MediaService }
05-28 05:14:34.480  1395  1395 W com.android.providers.media.module: type=1400 audit(0.0:955): avc: denied { read } for comm=4173796E635461736B202331 name="primary" dev="tmpfs" ino=27675 scontext=u:r:mediaprovider_app:s0:c128,c256,c512,c768 tcontext=u:object_r:mnt_pass_through_file:s0 tclass=lnk_file permissive=0 app=com.android.providers.media.module
05-28 05:14:34.518  1395  2597 I MediaProvider: Deleted 1 items on external_primary due to com.android.shell
05-28 05:14:34.480  1395  1395 W com.android.providers.media.module: type=1400 audit(0.0:958): avc: denied { read } for comm=4173796E635461736B202331 name="primary" dev="tmpfs" ino=27675 scontext=u:r:mediaprovider_app:s0:c128,c256,c512,c768 tcontext=u:object_r:mnt_pass_through_file:s0 tclass=lnk_file permissive=0 app=com.android.providers.media.module
05-28 05:14:34.569 10199 10201 I cmd     : oneway function results will be dropped but finished with status OK and parcel size 4
05-28 05:14:34.622  8289  8289 I ProvidersCache: Updating roots due to change on user 0at content://com.android.providers.media.documents/root
05-28 05:14:34.705   158   158 I hwservicemanager: getTransport: Cannot find entry android.hardware.graphics.mapper@4.0::IMapper/default in either framework or device manifest.
05-28 05:14:34.705 10221 10221 I Gralloc4: mapper 4.x is not supported
05-28 05:14:34.764 10225 10227 I cmd     : oneway function results will be dropped but finished with status OK and parcel size 4
05-28 05:14:34.765  1395  1954 I MediaProvider: Begin Intent { act=android.intent.action.MEDIA_SCANNER_SCAN_FILE dat=file:///sdcard/screen_2026-05-28_051435.png flg=0x1400010 cmp=com.android.providers.media.module/com.android.providers.media.MediaService }
05-28 05:14:34.766  1395  1954 W ModernMediaScanner: Failed to visit /sdcard/screen_2026-05-28_051435.png: java.nio.file.AccessDeniedException: /sdcard/screen_2026-05-28_051435.png
05-28 05:14:34.767  1395  1954 I MediaProvider: Scanned internal due to REASON_DEMAND, found 0 items in 0ms, 0 inserts 0 updates 0 deletes
05-28 05:14:34.767  1395  1954 I MediaProvider: End Intent { act=android.intent.action.MEDIA_SCANNER_SCAN_FILE dat=file:///sdcard/screen_2026-05-28_051435.png flg=0x1400010 cmp=com.android.providers.media.module/com.android.providers.media.MediaService }
05-28 05:14:34.790  1395  1571 I MediaProvider: Deleted 1 items on external_primary due to com.android.shell
05-28 05:14:34.815 10236 10238 I cmd     : oneway function results will be dropped but finished with status OK and parcel size 4
05-28 05:14:34.933   158   158 I hwservicemanager: getTransport: Cannot find entry android.hardware.graphics.mapper@4.0::IMapper/default in either framework or device manifest.
05-28 05:14:34.933 10258 10258 I Gralloc4: mapper 4.x is not supported
05-28 05:14:34.990 10262 10264 I cmd     : oneway function results will be dropped but finished with status OK and parcel size 4
05-28 05:14:34.991  1395  1954 I MediaProvider: Begin Intent { act=android.intent.action.MEDIA_SCANNER_SCAN_FILE dat=file:///sdcard/screen_2026-05-28_051435.png flg=0x1400010 cmp=com.android.providers.media.module/com.android.providers.media.MediaService }
05-28 05:14:34.992  1395  1954 W ModernMediaScanner: Failed to visit /sdcard/screen_2026-05-28_051435.png: java.nio.file.AccessDeniedException: /sdcard/screen_2026-05-28_051435.png
05-28 05:14:34.993  1395  1954 I MediaProvider: Scanned internal due to REASON_DEMAND, found 0 items in 1ms, 0 inserts 0 updates 0 deletes
05-28 05:14:34.993  1395  1954 I MediaProvider: End Intent { act=android.intent.action.MEDIA_SCANNER_SCAN_FILE dat=file:///sdcard/screen_2026-05-28_051435.png flg=0x1400010 cmp=com.android.providers.media.module/com.android.providers.media.MediaService }
05-28 05:14:35.013  1395  1586 I MediaProvider: Deleted 1 items on external_primary due to com.android.shell
05-28 05:14:35.038 10273 10275 I cmd     : oneway function results will be dropped but finished with status OK and parcel size 4
05-28 05:14:35.086 10288 10290 I cmd     : oneway function results will be dropped but finished with status OK and parcel size 4
05-28 05:14:35.134 10303 10305 I cmd     : oneway function results will be dropped but finished with status OK and parcel size 4
05-28 05:14:35.183 10318 10320 I cmd     : oneway function results will be dropped but finished with status OK and parcel size 4
05-28 05:14:35.261 10330 10330 E libc    : Access denied finding property "persist.device_config.runtime_native_boot.profilebootclasspath"
05-28 05:14:35.261 10330 10330 E libc    : Access denied finding property "persist.device_config.runtime_native_boot.enable_apex_image"
05-28 05:14:35.261 10330 10330 I AndroidRuntime: Using default boot image
05-28 05:14:35.261 10330 10330 E libc    : Access denied finding property "persist.device_config.runtime_native_boot.disable_lock_profiling"
05-28 05:14:35.261 10330 10330 I AndroidRuntime: Leaving lock profiling enabled
05-28 05:14:35.261 10330 10330 E libc    : Access denied finding property "persist.device_config.runtime_native_boot.enable_generational_cc"
05-28 05:14:35.263 10330 10330 I app_process: Core platform API reporting enabled, enforcing=false
05-28 05:14:35.301 10330 10330 W app_process: Unexpected CPU variant for X86 using defaults: x86_64
05-28 05:14:35.301 10330 10330 I app_process: The ClassLoaderContext is a special shared library.
05-28 05:14:35.308 10330 10330 W app_process: JNI RegisterNativeMethods: attempt to register 0 native methods for android.media.AudioAttributes
05-28 05:14:35.532  8783  8944 I System.out: 05:14:35.532 [DefaultDispatcher-worker-4] INFO io.ktor.client.HttpClient - REQUEST: https://pokeapi.co/api/v2/pokemon/ivysaur
05-28 05:14:35.533  8783  8944 I System.out: METHOD: HttpMethod(value=GET)
05-28 05:14:35.533  8783  8944 I System.out: COMMON HEADERS
05-28 05:14:35.533  8783  8944 I System.out: -> Accept: application/json
05-28 05:14:35.533  8783  8944 I System.out: -> Accept-Charset: UTF-8
05-28 05:14:35.533  8783  8944 I System.out: -> Content-Type: application/json
05-28 05:14:35.533  8783  8944 I System.out: CONTENT HEADERS
05-28 05:14:35.533  8783  8944 I System.out: -> Content-Length: 0
05-28 05:14:35.533  8783  8944 I System.out: BODY Content-Type: null
05-28 05:14:35.533  8783  8944 I System.out: BODY START
05-28 05:14:35.533  8783  8944 I System.out: 
05-28 05:14:35.533  8783  8944 I System.out: BODY END
05-28 05:14:35.670  8783  8949 I System.out: 05:14:35.646 [DefaultDispatcher-worker-7] INFO io.ktor.client.HttpClient - RESPONSE: 200 OK
05-28 05:14:35.670  8783  8949 I System.out: METHOD: HttpMethod(value=GET)
05-28 05:14:35.670  8783  8949 I System.out: FROM: https://pokeapi.co/api/v2/pokemon/ivysaur
05-28 05:14:35.670  8783  8949 I System.out: COMMON HEADERS
05-28 05:14:35.670  8783  8949 I System.out: -> access-control-allow-origin: *
05-28 05:14:35.671  8783  8949 I System.out: -> age: 80724
05-28 05:14:35.671  8783  8949 I System.out: -> alt-svc: h3=":443"; ma=86400
05-28 05:14:35.671  8783  8949 I System.out: -> cache-control: public, max-age=86400, s-maxage=86400
05-28 05:14:35.671  8783  8949 I System.out: -> cf-cache-status: HIT
05-28 05:14:35.671  8783  8949 I System.out: -> cf-ray: a02ac6d70e60c9bc-IAD
05-28 05:14:35.671  8783  8949 I System.out: -> connection: keep-alive
05-28 05:14:35.671  8783  8949 I System.out: -> content-type: application/json; charset=utf-8
05-28 05:14:35.671  8783  8949 I System.out: -> date: Thu, 28 May 2026 05:14:36 GMT
05-28 05:14:35.671  8783  8949 I System.out: -> etag: W/"3a208-UaeAV+hyIAKhsYxQ2HzouJGTqQg"
05-28 05:14:35.671  8783  8949 I System.out: -> function-execution-id: gnq8jn5ej7we
05-28 05:14:35.671  8783  8949 I System.out: -> nel: {"report_to":"cf-nel","success_fraction":0.0,"max_age":604800}
05-28 05:14:35.671  8783  8949 I System.out: -> report-to: {"group":"cf-nel","max_age":604800,"endpoints":[{"url":"https://a.nel.cloudflare.com/report/v4?s=ZnwKE6e%2FIdP4fPyb%2BNSm2yteS87mbTi6lpZhpbn0RyA1LB01tHRCxkbYEhLL4ssUra3RnK4Y88FDuphsqpwyZbGJglRleCcQU22gr6PR%2Bfeq3eE%2BV6X79nqAFb1u"}]}
05-28 05:14:35.671  8783  8949 I System.out: -> server: cloudflare
05-28 05:14:35.671  8783  8949 I System.out: -> strict-transport-security: max-age=31556926
05-28 05:14:35.671  8783  8949 I System.out: -> transfer-encoding: chunked
05-28 05:14:35.671  8783  8949 I System.out: -> vary: Accept-Encoding,cookie,need-authorization, x-fh-requested-host, accept-encoding
05-28 05:14:35.671  8783  8949 I System.out: -> x-android-received-millis: 1779945275546
05-28 05:14:35.671  8783  8949 I System.out: -> x-android-response-source: NETWORK 200
05-28 05:14:35.671  8783  8949 I System.out: -> x-android-selected-protocol: http/1.1
05-28 05:14:35.671  8783  8949 I System.out: -> x-android-sent-millis: 1779945275534
05-28 05:14:35.671  8783  8949 I System.out: -> x-cache: HIT
05-28 05:14:35.671  8783  8949 I System.out: -> x-cache-hits: 0
05-28 05:14:35.671  8783  8949 I System.out: -> x-cloud-trace-context: 7caf5a02d49e4cabe76f7a6477938c93
05-28 05:14:35.671  8783  8949 I System.out: -> x-country-code: US
05-28 05:14:35.671  8783  8949 I System.out: -> x-orig-accept-language: en-US,en;q=0.9
05-28 05:14:35.671  8783  8949 I System.out: -> x-powered-by: Express
05-28 05:14:35.671  8783  8949 I System.out: -> x-served-by: cache-lga21945-LGA
05-28 05:14:35.671  8783  8949 I System.out: -> x-timer: S1769781181.428638,VS0,VE2
05-28 05:14:35.671  8783  8949 I System.out: BODY Content-Type: application/json; charset=utf-8
05-28 05:14:35.671  8783  8949 I System.out: BODY START
05-28 05:14:35.675  8783  8949 I System.out: {"abilities":[{"ability":{"name":"overgrow","url":"https://pokeapi.co/api/v2/ability/65/"},"is_hidden":false,"slot":1},{"ability":{"name":"chlorophyll","url":"https://pokeapi.co/api/v2/ability/34/"},"is_hidden":true,"slot":3}],"base_experience":142,"cries":{"latest":"https://raw.githubusercontent.com/PokeAPI/cries/main/cries/pokemon/latest/2.ogg","legacy":"https://raw.githubusercontent.com/PokeAPI/cries/main/cries/pokemon/legacy/2.ogg"},"forms":[{"name":"ivysaur","url":"https://pokeapi.co/api/v2/pokemon-form/2/"}],"game_indices":[{"game_index":9,"version":{"name":"red","url":"https://pokeapi.co/api/v2/version/1/"}},{"game_index":9,"version":{"name":"blue","url":"https://pokeapi.co/api/v2/version/2/"}},{"game_index":9,"version":{"name":"yellow","url":"https://pokeapi.co/api/v2/version/3/"}},{"game_index":2,"version":{"name":"gold","url":"https://pokeapi.co/api/v2/version/4/"}},{"game_index":2,"version":{"name":"silver","url":"https://pokeapi.co/api/v2/version/5/"}},{"game_index":2,"version":{"name":"crystal","url":"https://pokeapi.co/api/v2/version/6/"}},{"game_index":2,"version":{"name":"ruby","url":"https://pokeapi.co/api/v2/version/7/"}},{"game_index":2,"version":{"name":"sapphire","url":"https://pokeapi.co/api/v2/version/8/"}},{"game_index":2,"version":{"name":"emerald","url":"https://pokeapi.co/api/v2/version/9/"}},{"game_index":2,"version":{"name":"firered","url":"https://pokeapi.co/api/v2/version/10/"}},{"game_index":2,"version":{"name":"leafgreen","url":"https://pokeapi.co/api/v2/version/11/"}},{"game_index":2,"version":{"name":"diamond","url":"https://pokeapi.co/api/v2/version/12/"}},{"game_index":2,"version":{"name":"pearl","url":"https://pokeapi.co/api/v2/version/13/"}},{"game_index":2,"version":{"name":"platinum","url":"https://pokeapi.co/api/v2/version/14/"}},{"game_index":2,"version":{"name":"heartgold","url":"https://pokeapi.co/api/v2/version/15/"}},{"game_index":2,"version":{"name":"soulsilver","url":"https://pokeapi.co/api/v2/version/16/"}},{"game_index":2,"version":{"name":"black","url":"https://pokeapi.co/api/v2/version/17/"}},{"game_index":2,"version":{"name":"white","url":"https://pokeapi.co/api/v2/version/18/"}},{"game_index":2,"version":{"name":"black-2","url":"https://pokeapi.co/api/v2/version/21/"}},{"game_index":2,"version":{"name":"white-2","url":"https://pokeapi.co/api/v2/version/22/"}}],"height":10,"held_items":[],"id":2,"is_default":true,"location_area_encounters":"https://pokeapi.co/api/v2/pokemon/2/encounters","moves":[{"move":{"name":"swords-dance","url":"https://pokeapi.co/api/v2/move/14/"},"version_group_details":[{"level_learned_at":0,"move_learn_method":{"name":"machine","url":"https://pokeapi.co/api/v2/move-learn-method/4/"},"order":null,"version_group":{"name":"red-blue","url":"https://pokeapi.co/api/v2/version-group/1/"}},{"level_learned_at":0,"move_learn_method":{"name":"machine","url":"https://pokeapi.co/api/v2/move-learn-method/4/"},"order":null,"version_group":{"name":"yellow","url":"https://pokeapi.co/api/v2/version-group/2/"}},{"level_learned_at":0,"move_learn_method":{"name":"tutor","url":"https://pokeapi.co/api/v2/move-learn-method/3/"},"order":null,"version_group":{"name":"emerald","url":"https://pokeapi.co/api/v2/version-group/6/"}},{"level_learned_at":0,"move_learn_method":{"name":"tutor","url":"https://pokeapi.co/api/v2/move-learn-method/3/"},"order":null,"version_group":{"name":"firered-leafgreen","url":"https://pokeapi.co/api/v2/version-group/7/"}},{"level_learned_at":0,"move_learn_method":{"name":"machine","url":"https://pokeapi.co/api/v2/move-learn-method/4/"},"order":null,"version_group":{"name":"diamond-pearl","url":"https://pokeapi.co/api/v2/version-group/8/"}},{"level_learned_at":0,"move_learn_method":{"name":"machine","url":"https://pokeapi.co/api/v2/move-learn-method/4/"},"order":null,"version_group":{"name":"platinum","url":"https://pokeapi.co/api/v2/version-group/9/"}},{"level_learned_at":0,"move_learn_method":{"name":"machine","url":"https://pokeapi.co/api/v2/move-learn-method/4/"},"order":null,"version_group":{"name"
05-28 05:14:35.675  8783  8949 I System.out: BODY END
05-28 05:14:36.662  8289  8289 I ProvidersCache: Updating roots due to change on user 0at content://com.android.providers.media.documents/root
05-28 05:14:36.759  8289  8289 I chatty  : uid=10076(com.android.documentsui) identical 1 line
05-28 05:14:36.990  8289  8289 I ProvidersCache: Updating roots due to change on user 0at content://com.android.providers.media.documents/root
05-28 05:14:37.039   158   158 I hwservicemanager: getTransport: Cannot find entry android.hardware.graphics.mapper@4.0::IMapper/default in either framework or device manifest.
05-28 05:14:37.040 10365 10365 I Gralloc4: mapper 4.x is not supported
05-28 05:14:37.087 10369 10371 I cmd     : oneway function results will be dropped but finished with status OK and parcel size 4
05-28 05:14:37.087  1395  1954 I MediaProvider: Begin Intent { act=android.intent.action.MEDIA_SCANNER_SCAN_FILE dat=file:///sdcard/screen_2026-05-28_051437.png flg=0x1400010 cmp=com.android.providers.media.module/com.android.providers.media.MediaService }
05-28 05:14:37.084  1395  1395 W com.android.providers.media.module: type=1400 audit(0.0:977): avc: denied { read } for comm=4173796E635461736B202331 name="primary" dev="tmpfs" ino=27675 scontext=u:r:mediaprovider_app:s0:c128,c256,c512,c768 tcontext=u:object_r:mnt_pass_through_file:s0 tclass=lnk_file permissive=0 app=com.android.providers.media.module
05-28 05:14:37.310     0     0 W audit   : audit_lost=698 audit_rate_limit=5 audit_backlog_limit=64
05-28 05:14:37.319     0     0 E audit   : rate limit exceeded
05-28 05:14:37.107  1395  1954 W ModernMediaScanner: Failed to visit /sdcard/screen_2026-05-28_051437.png: java.nio.file.AccessDeniedException: /sdcard/screen_2026-05-28_051437.png
05-28 05:14:37.107  1395  1954 I MediaProvider: Scanned internal due to REASON_DEMAND, found 0 items in 20ms, 0 inserts 0 updates 0 deletes
05-28 05:14:37.108  1395  1954 I MediaProvider: End Intent { act=android.intent.action.MEDIA_SCANNER_SCAN_FILE dat=file:///sdcard/screen_2026-05-28_051437.png flg=0x1400010 cmp=com.android.providers.media.module/com.android.providers.media.MediaService }
05-28 05:14:37.084  1395  1395 W com.android.providers.media.module: type=1400 audit(0.0:978): avc: denied { read } for comm=4173796E635461736B202331 name="primary" dev="tmpfs" ino=27675 scontext=u:r:mediaprovider_app:s0:c128,c256,c512,c768 tcontext=u:object_r:mnt_pass_through_file:s0 tclass=lnk_file permissive=0 app=com.android.providers.media.module
05-28 05:14:37.148  1395  2597 I MediaProvider: Deleted 1 items on external_primary due to com.android.shell
05-28 05:14:37.173 10380 10382 I cmd     : oneway function results will be dropped but finished with status OK and parcel size 4
05-28 05:14:37.217  8289  8289 I ProvidersCache: Updating roots due to change on user 0at content://com.android.providers.media.documents/root
05-28 05:14:37.306   158   158 I hwservicemanager: getTransport: Cannot find entry android.hardware.graphics.mapper@4.0::IMapper/default in either framework or device manifest.
05-28 05:14:37.306 10402 10402 I Gralloc4: mapper 4.x is not supported
05-28 05:14:37.354 10406 10408 I cmd     : oneway function results will be dropped but finished with status OK and parcel size 4
05-28 05:14:37.354  1395  1954 I MediaProvider: Begin Intent { act=android.intent.action.MEDIA_SCANNER_SCAN_FILE dat=file:///sdcard/screen_2026-05-28_051437.png flg=0x1400010 cmp=com.android.providers.media.module/com.android.providers.media.MediaService }
05-28 05:14:37.355  1395  1954 W ModernMediaScanner: Failed to visit /sdcard/screen_2026-05-28_051437.png: java.nio.file.AccessDeniedException: /sdcard/screen_2026-05-28_051437.png
05-28 05:14:37.355  1395  1954 I MediaProvider: Scanned internal due to REASON_DEMAND, found 0 items in 1ms, 0 inserts 0 updates 0 deletes
05-28 05:14:37.356  1395  1954 I MediaProvider: End Intent { act=android.intent.action.MEDIA_SCANNER_SCAN_FILE dat=file:///sdcard/screen_2026-05-28_051437.png flg=0x1400010 cmp=com.android.providers.media.module/com.android.providers.media.MediaService }
05-28 05:14:37.378  1395  1571 I MediaProvider: Deleted 1 items on external_primary due to com.android.shell
05-28 05:14:37.404 10417 10419 I cmd     : oneway function results will be dropped but finished with status OK and parcel size 4
05-28 05:14:37.526   158   158 I hwservicemanager: getTransport: Cannot find entry android.hardware.graphics.mapper@4.0::IMapper/default in either framework or device manifest.
05-28 05:14:37.526 10439 10439 I Gralloc4: mapper 4.x is not supported
05-28 05:14:37.577 10443 10445 I cmd     : oneway function results will be dropped but finished with status OK and parcel size 4
05-28 05:14:37.577  1395  1954 I MediaProvider: Begin Intent { act=android.intent.action.MEDIA_SCANNER_SCAN_FILE dat=file:///sdcard/screen_2026-05-28_051437.png flg=0x1400010 cmp=com.android.providers.media.module/com.android.providers.media.MediaService }
05-28 05:14:37.578  1395  1954 W ModernMediaScanner: Failed to visit /sdcard/screen_2026-05-28_051437.png: java.nio.file.AccessDeniedException: /sdcard/screen_2026-05-28_051437.png
05-28 05:14:37.578  1395  1954 I MediaProvider: Scanned internal due to REASON_DEMAND, found 0 items in 1ms, 0 inserts 0 updates 0 deletes
05-28 05:14:37.579  1395  1954 I MediaProvider: End Intent { act=android.intent.action.MEDIA_SCANNER_SCAN_FILE dat=file:///sdcard/screen_2026-05-28_051437.png flg=0x1400010 cmp=com.android.providers.media.module/com.android.providers.media.MediaService }
05-28 05:14:37.602  1395  1586 I MediaProvider: Deleted 1 items on external_primary due to com.android.shell
05-28 05:14:37.676 10469 10471 I cmd     : oneway function results will be dropped but finished with status OK and parcel size 4
05-28 05:14:37.735 10486 10488 I cmd     : oneway function results will be dropped but finished with status OK and parcel size 4
05-28 05:14:37.782 10501 10503 I cmd     : oneway function results will be dropped but finished with status OK and parcel size 4
05-28 05:14:37.859 10513 10513 E libc    : Access denied finding property "persist.device_config.runtime_native_boot.profilebootclasspath"
05-28 05:14:37.860 10513 10513 E libc    : Access denied finding property "persist.device_config.runtime_native_boot.enable_apex_image"
05-28 05:14:37.860 10513 10513 I AndroidRuntime: Using default boot image
05-28 05:14:37.860 10513 10513 E libc    : Access denied finding property "persist.device_config.runtime_native_boot.disable_lock_profiling"
05-28 05:14:37.860 10513 10513 I AndroidRuntime: Leaving lock profiling enabled
05-28 05:14:37.860 10513 10513 E libc    : Access denied finding property "persist.device_config.runtime_native_boot.enable_generational_cc"
05-28 05:14:37.861 10513 10513 I app_process: Core platform API reporting enabled, enforcing=false
05-28 05:14:37.900 10513 10513 W app_process: Unexpected CPU variant for X86 using defaults: x86_64
05-28 05:14:37.900 10513 10513 I app_process: The ClassLoaderContext is a special shared library.
05-28 05:14:37.907 10513 10513 W app_process: JNI RegisterNativeMethods: attempt to register 0 native methods for android.media.AudioAttributes
05-28 05:14:38.986  1697  1964 I Dialer  : OmtpVvmCarrierCfgHlpr - OmtpEvent:CONFIG_STATUS_SMS_TIME_OUT
05-28 05:14:38.986  1697  1697 I Dialer  : RetryPolicy - discarding deferred status: configuration_state=4
05-28 05:14:38.987  1697  1697 I Dialer  : VvmTaskExecutor - no more tasks, stopping service if no task are added in 5000 millis
05-28 05:14:38.987  1697  1697 I Dialer  : VvmTaskReceiver - task received
05-28 05:14:38.987  1697  1697 I Dialer  : VvmTaskReceiver - TaskExecutor already running
05-28 05:14:38.987  1697  1697 I Dialer  : Task.createTask - create task:com.android.voicemail.impl.ActivationTask
05-28 05:14:38.988  1697  1697 I Dialer  : RetryPolicy - retry #2 for com.android.voicemail.impl.ActivationTask@50421e4 queued, executing in 5000
05-28 05:14:38.988  1697  1697 I Dialer  : VvmTaskExecutor - com.android.voicemail.impl.ActivationTask@50421e4 added
05-28 05:14:38.988  1697  1697 I Dialer  : VvmTaskExecutor - minimal wait time:5000
05-28 05:14:38.988  1697  1697 I Dialer  : VvmTaskExecutor - sleep for 5000 millis
05-28 05:14:39.258  8289  8289 I ProvidersCache: Updating roots due to change on user 0at content://com.android.providers.media.documents/root
05-28 05:14:39.352  8289  8289 I ProvidersCache: Updating roots due to change on user 0at content://com.android.providers.media.documents/root
05-28 05:14:39.612  8289  8289 I ProvidersCache: Updating roots due to change on user 0at content://com.android.providers.media.documents/root
05-28 05:14:39.615   158   158 I hwservicemanager: getTransport: Cannot find entry android.hardware.graphics.mapper@4.0::IMapper/default in either framework or device manifest.
05-28 05:14:39.615 10544 10544 I Gralloc4: mapper 4.x is not supported
05-28 05:14:39.667 10548 10550 I cmd     : oneway function results will be dropped but finished with status OK and parcel size 4
05-28 05:14:39.668  1395  1954 I MediaProvider: Begin Intent { act=android.intent.action.MEDIA_SCANNER_SCAN_FILE dat=file:///sdcard/screen_2026-05-28_051440.png flg=0x1400010 cmp=com.android.providers.media.module/com.android.providers.media.MediaService }
05-28 05:14:39.664  1395  1395 W com.android.providers.media.module: type=1400 audit(0.0:999): avc: denied { read } for comm=4173796E635461736B202331 name="primary" dev="tmpfs" ino=27675 scontext=u:r:mediaprovider_app:s0:c128,c256,c512,c768 tcontext=u:object_r:mnt_pass_through_file:s0 tclass=lnk_file permissive=0 app=com.android.providers.media.module
05-28 05:14:39.890     0     0 W audit   : audit_lost=715 audit_rate_limit=5 audit_backlog_limit=64
05-28 05:14:39.899     0     0 E audit   : rate limit exceeded
05-28 05:14:39.685  1395  1954 W ModernMediaScanner: Failed to visit /sdcard/screen_2026-05-28_051440.png: java.nio.file.AccessDeniedException: /sdcard/screen_2026-05-28_051440.png
05-28 05:14:39.685  1395  1954 I MediaProvider: Scanned internal due to REASON_DEMAND, found 0 items in 17ms, 0 inserts 0 updates 0 deletes
05-28 05:14:39.686  1395  1954 I MediaProvider: End Intent { act=android.intent.action.MEDIA_SCANNER_SCAN_FILE dat=file:///sdcard/screen_2026-05-28_051440.png flg=0x1400010 cmp=com.android.providers.media.module/com.android.providers.media.MediaService }
05-28 05:14:39.664  1395  1395 W com.android.providers.media.module: type=1400 audit(0.0:1000): avc: denied { read } for comm=4173796E635461736B202331 name="primary" dev="tmpfs" ino=27675 scontext=u:r:mediaprovider_app:s0:c128,c256,c512,c768 tcontext=u:object_r:mnt_pass_through_file:s0 tclass=lnk_file permissive=0 app=com.android.providers.media.module
05-28 05:14:39.722  1395  2597 I MediaProvider: Deleted 1 items on external_primary due to com.android.shell
05-28 05:14:39.753 10561 10563 I cmd     : oneway function results will be dropped but finished with status OK and parcel size 4
05-28 05:14:39.838  8289  8289 I ProvidersCache: Updating roots due to change on user 0at content://com.android.providers.media.documents/root
05-28 05:14:39.883   158   158 I hwservicemanager: getTransport: Cannot find entry android.hardware.graphics.mapper@4.0::IMapper/default in either framework or device manifest.
05-28 05:14:39.883 10583 10583 I Gralloc4: mapper 4.x is not supported
05-28 05:14:39.941  1395  1954 I MediaProvider: Begin Intent { act=android.intent.action.MEDIA_SCANNER_SCAN_FILE dat=file:///sdcard/screen_2026-05-28_051440.png flg=0x1400010 cmp=com.android.providers.media.module/com.android.providers.media.MediaService }
05-28 05:14:39.942  1395  1954 W ModernMediaScanner: Failed to visit /sdcard/screen_2026-05-28_051440.png: java.nio.file.AccessDeniedException: /sdcard/screen_2026-05-28_051440.png
05-28 05:14:39.945  1395  1954 I MediaProvider: Scanned internal due to REASON_DEMAND, found 0 items in 1ms, 0 inserts 0 updates 0 deletes
05-28 05:14:39.945  1395  1954 I MediaProvider: End Intent { act=android.intent.action.MEDIA_SCANNER_SCAN_FILE dat=file:///sdcard/screen_2026-05-28_051440.png flg=0x1400010 cmp=com.android.providers.media.module/com.android.providers.media.MediaService }
05-28 05:14:39.963  1395  1571 I MediaProvider: Deleted 1 items on external_primary due to com.android.shell
05-28 05:14:39.990 10599 10601 I cmd     : oneway function results will be dropped but finished with status OK and parcel size 4
05-28 05:14:40.107   158   158 I hwservicemanager: getTransport: Cannot find entry android.hardware.graphics.mapper@4.0::IMapper/default in either framework or device manifest.
05-28 05:14:40.107 10621 10621 I Gralloc4: mapper 4.x is not supported
05-28 05:14:40.163 10625 10627 I cmd     : oneway function results will be dropped but finished with status OK and parcel size 4
05-28 05:14:40.164  1395  1954 I MediaProvider: Begin Intent { act=android.intent.action.MEDIA_SCANNER_SCAN_FILE dat=file:///sdcard/screen_2026-05-28_051440.png flg=0x1400010 cmp=com.android.providers.media.module/com.android.providers.media.MediaService }
05-28 05:14:40.164  1395  1954 W ModernMediaScanner: Failed to visit /sdcard/screen_2026-05-28_051440.png: java.nio.file.AccessDeniedException: /sdcard/screen_2026-05-28_051440.png
05-28 05:14:40.165  1395  1954 I MediaProvider: Scanned internal due to REASON_DEMAND, found 0 items in 0ms, 0 inserts 0 updates 0 deletes
05-28 05:14:40.165  1395  1954 I MediaProvider: End Intent { act=android.intent.action.MEDIA_SCANNER_SCAN_FILE dat=file:///sdcard/screen_2026-05-28_051440.png flg=0x1400010 cmp=com.android.providers.media.module/com.android.providers.media.MediaService }
05-28 05:14:40.186  1395  1571 I MediaProvider: Deleted 1 items on external_primary due to com.android.shell
05-28 05:14:40.211 10636 10638 I cmd     : oneway function results will be dropped but finished with status OK and parcel size 4
05-28 05:14:40.261 10651 10653 I cmd     : oneway function results will be dropped but finished with status OK and parcel size 4
05-28 05:14:40.311 10666 10668 I cmd     : oneway function results will be dropped but finished with status OK and parcel size 4
05-28 05:14:40.362 10681 10683 I cmd     : oneway function results will be dropped but finished with status OK and parcel size 4
05-28 05:14:40.443 10693 10693 E libc    : Access denied finding property "persist.device_config.runtime_native_boot.profilebootclasspath"
05-28 05:14:40.443 10693 10693 E libc    : Access denied finding property "persist.device_config.runtime_native_boot.enable_apex_image"
05-28 05:14:40.443 10693 10693 I AndroidRuntime: Using default boot image
05-28 05:14:40.444 10693 10693 E libc    : Access denied finding property "persist.device_config.runtime_native_boot.disable_lock_profiling"
05-28 05:14:40.444 10693 10693 I AndroidRuntime: Leaving lock profiling enabled
05-28 05:14:40.444 10693 10693 E libc    : Access denied finding property "persist.device_config.runtime_native_boot.enable_generational_cc"
05-28 05:14:40.445 10693 10693 I app_process: Core platform API reporting enabled, enforcing=false
05-28 05:14:40.484 10693 10693 W app_process: Unexpected CPU variant for X86 using defaults: x86_64
05-28 05:14:40.485 10693 10693 I app_process: The ClassLoaderContext is a special shared library.
05-28 05:14:40.491 10693 10693 W app_process: JNI RegisterNativeMethods: attempt to register 0 native methods for android.media.AudioAttributes
05-28 05:14:40.514  2083  2083 E AccessibilityInteractionClient: 3 Disconnected nodes.
05-28 05:14:41.875  8289  8289 I ProvidersCache: Updating roots due to change on user 0at content://com.android.providers.media.documents/root
05-28 05:14:41.982  8289  8289 I chatty  : uid=10076(com.android.documentsui) identical 1 line
05-28 05:14:42.134  8289  8289 I ProvidersCache: Updating roots due to change on user 0at content://com.android.providers.media.documents/root
05-28 05:14:42.214  8289  8289 I ProvidersCache: Updating roots due to change on user 0at content://com.android.providers.media.documents/root
05-28 05:14:42.217   158   158 I hwservicemanager: getTransport: Cannot find entry android.hardware.graphics.mapper@4.0::IMapper/default in either framework or device manifest.
05-28 05:14:42.217 10727 10727 I Gralloc4: mapper 4.x is not supported
05-28 05:14:42.261 10731 10733 I cmd     : oneway function results will be dropped but finished with status OK and parcel size 4
05-28 05:14:42.262  1395  1954 I MediaProvider: Begin Intent { act=android.intent.action.MEDIA_SCANNER_SCAN_FILE dat=file:///sdcard/screen_2026-05-28_051442.png flg=0x1400010 cmp=com.android.providers.media.module/com.android.providers.media.MediaService }
05-28 05:14:42.260  1395  1395 W com.android.providers.media.module: type=1400 audit(0.0:1021): avc: denied { read } for comm=4173796E635461736B202331 name="primary" dev="tmpfs" ino=27675 scontext=u:r:mediaprovider_app:s0:c128,c256,c512,c768 tcontext=u:object_r:mnt_pass_through_file:s0 tclass=lnk_file permissive=0 app=com.android.providers.media.module
05-28 05:14:42.485     0     0 W audit   : audit_lost=732 audit_rate_limit=5 audit_backlog_limit=64
05-28 05:14:42.495     0     0 E audit   : rate limit exceeded
05-28 05:14:42.281  1395  1954 W ModernMediaScanner: Failed to visit /sdcard/screen_2026-05-28_051442.png: java.nio.file.AccessDeniedException: /sdcard/screen_2026-05-28_051442.png
05-28 05:14:42.282  1395  1954 I MediaProvider: Scanned internal due to REASON_DEMAND, found 0 items in 19ms, 0 inserts 0 updates 0 deletes
05-28 05:14:42.283  1395  1954 I MediaProvider: End Intent { act=android.intent.action.MEDIA_SCANNER_SCAN_FILE dat=file:///sdcard/screen_2026-05-28_051442.png flg=0x1400010 cmp=com.android.providers.media.module/com.android.providers.media.MediaService }
05-28 05:14:42.260  1395  1395 W com.android.providers.media.module: type=1400 audit(0.0:1022): avc: denied { read } for comm=4173796E635461736B202331 name="primary" dev="tmpfs" ino=27675 scontext=u:r:mediaprovider_app:s0:c128,c256,c512,c768 tcontext=u:object_r:mnt_pass_through_file:s0 tclass=lnk_file permissive=0 app=com.android.providers.media.module
05-28 05:14:42.302  1395  2597 I MediaProvider: Deleted 1 items on external_primary due to com.android.shell
05-28 05:14:42.260  1395  1395 W com.android.providers.media.module: type=1400 audit(0.0:1024): avc: denied { read } for comm=4173796E635461736B202331 name="primary" dev="tmpfs" ino=27675 scontext=u:r:mediaprovider_app:s0:c128,c256,c512,c768 tcontext=u:object_r:mnt_pass_through_file:s0 tclass=lnk_file permissive=0 app=com.android.providers.media.module
05-28 05:14:42.330 10742 10744 I cmd     : oneway function results will be dropped but finished with status OK and parcel size 4
05-28 05:14:42.430  8289  8289 I ProvidersCache: Updating roots due to change on user 0at content://com.android.providers.media.documents/root
05-28 05:14:42.452   158   158 I hwservicemanager: getTransport: Cannot find entry android.hardware.graphics.mapper@4.0::IMapper/default in either framework or device manifest.
05-28 05:14:42.452 10764 10764 I Gralloc4: mapper 4.x is not supported
05-28 05:14:42.496 10768 10770 I cmd     : oneway function results will be dropped but finished with status OK and parcel size 4
05-28 05:14:42.498  1395  1954 I MediaProvider: Begin Intent { act=android.intent.action.MEDIA_SCANNER_SCAN_FILE dat=file:///sdcard/screen_2026-05-28_051442.png flg=0x1400010 cmp=com.android.providers.media.module/com.android.providers.media.MediaService }
05-28 05:14:42.498  1395  1954 W ModernMediaScanner: Failed to visit /sdcard/screen_2026-05-28_051442.png: java.nio.file.AccessDeniedException: /sdcard/screen_2026-05-28_051442.png
05-28 05:14:42.502  1395  1954 I MediaProvider: Scanned internal due to REASON_DEMAND, found 0 items in 4ms, 0 inserts 0 updates 0 deletes
05-28 05:14:42.503  1395  1954 I MediaProvider: End Intent { act=android.intent.action.MEDIA_SCANNER_SCAN_FILE dat=file:///sdcard/screen_2026-05-28_051442.png flg=0x1400010 cmp=com.android.providers.media.module/com.android.providers.media.MediaService }
05-28 05:14:42.525  1395  1571 I MediaProvider: Deleted 1 items on external_primary due to com.android.shell
05-28 05:14:42.551 10779 10781 I cmd     : oneway function results will be dropped but finished with status OK and parcel size 4
05-28 05:14:42.675   158   158 I hwservicemanager: getTransport: Cannot find entry android.hardware.graphics.mapper@4.0::IMapper/default in either framework or device manifest.
05-28 05:14:42.675 10801 10801 I Gralloc4: mapper 4.x is not supported
05-28 05:14:42.720 10805 10807 I cmd     : oneway function results will be dropped but finished with status OK and parcel size 4
05-28 05:14:42.721  1395  1954 I MediaProvider: Begin Intent { act=android.intent.action.MEDIA_SCANNER_SCAN_FILE dat=file:///sdcard/screen_2026-05-28_051443.png flg=0x1400010 cmp=com.android.providers.media.module/com.android.providers.media.MediaService }
05-28 05:14:42.722  1395  1954 W ModernMediaScanner: Failed to visit /sdcard/screen_2026-05-28_051443.png: java.nio.file.AccessDeniedException: /sdcard/screen_2026-05-28_051443.png
05-28 05:14:42.723  1395  1954 I MediaProvider: Scanned internal due to REASON_DEMAND, found 0 items in 1ms, 0 inserts 0 updates 0 deletes
05-28 05:14:42.723  1395  1954 I MediaProvider: End Intent { act=android.intent.action.MEDIA_SCANNER_SCAN_FILE dat=file:///sdcard/screen_2026-05-28_051443.png flg=0x1400010 cmp=com.android.providers.media.module/com.android.providers.media.MediaService }
05-28 05:14:42.786  1395  1586 I MediaProvider: Deleted 1 items on external_primary due to com.android.shell
05-28 05:14:42.811 10816 10818 I cmd     : oneway function results will be dropped but finished with status OK and parcel size 4
05-28 05:14:42.881 10833 10835 I cmd     : oneway function results will be dropped but finished with status OK and parcel size 4
05-28 05:14:42.930 10848 10850 I cmd     : oneway function results will be dropped but finished with status OK and parcel size 4
05-28 05:14:42.980 10863 10865 I cmd     : oneway function results will be dropped but finished with status OK and parcel size 4
05-28 05:14:43.062 10875 10875 E libc    : Access denied finding property "persist.device_config.runtime_native_boot.profilebootclasspath"
05-28 05:14:43.062 10875 10875 E libc    : Access denied finding property "persist.device_config.runtime_native_boot.enable_apex_image"
05-28 05:14:43.062 10875 10875 I AndroidRuntime: Using default boot image
05-28 05:14:43.062 10875 10875 E libc    : Access denied finding property "persist.device_config.runtime_native_boot.disable_lock_profiling"
05-28 05:14:43.062 10875 10875 I AndroidRuntime: Leaving lock profiling enabled
05-28 05:14:43.062 10875 10875 E libc    : Access denied finding property "persist.device_config.runtime_native_boot.enable_generational_cc"
05-28 05:14:43.063 10875 10875 I app_process: Core platform API reporting enabled, enforcing=false
05-28 05:14:43.102 10875 10875 W app_process: Unexpected CPU variant for X86 using defaults: x86_64
05-28 05:14:43.103 10875 10875 I app_process: The ClassLoaderContext is a special shared library.
05-28 05:14:43.109 10875 10875 W app_process: JNI RegisterNativeMethods: attempt to register 0 native methods for android.media.AudioAttributes
05-28 05:14:43.238  2083  2083 E AccessibilityInteractionClient: 3 Disconnected nodes.
05-28 05:14:44.028  1697  1964 I Dialer  : VvmTaskExecutor - executing task com.android.voicemail.impl.ActivationTask@50421e4
05-28 05:14:44.028  1697  1964 I Dialer  : PreOMigrationHandler - ComponentInfo{com.android.phone/com.android.services.telephony.TelephonyConnectionService}, ***, UserHandle{0} already migrated
05-28 05:14:44.037  1706  1938 I VoicemailNotifier: receivers for android.intent.action.PROVIDER_CHANGED :[]
05-28 05:14:44.038  1697  1964 I Dialer  : VvmActivationTask - VVM content provider configured - vvm_type_cvvm
05-28 05:14:44.038  1697  1964 I Dialer  : OmtpVvmCarrierCfgHlpr - OmtpEvent:CONFIG_ACTIVATING
05-28 05:14:44.041  1706  1938 I VoicemailNotifier: receivers for android.intent.action.PROVIDER_CHANGED :[]
05-28 05:14:44.462  8289  8289 I ProvidersCache: Updating roots due to change on user 0at content://com.android.providers.media.documents/root
05-28 05:14:44.590  8289  8289 I chatty  : uid=10076(com.android.documentsui) identical 1 line
05-28 05:14:44.742  8289  8289 I ProvidersCache: Updating roots due to change on user 0at content://com.android.providers.media.documents/root
05-28 05:14:44.834  8289  8289 I ProvidersCache: Updating roots due to change on user 0at content://com.android.providers.media.documents/root
05-28 05:14:44.835   158   158 I hwservicemanager: getTransport: Cannot find entry android.hardware.graphics.mapper@4.0::IMapper/default in either framework or device manifest.
05-28 05:14:44.835 10906 10906 I Gralloc4: mapper 4.x is not supported
05-28 05:14:44.872 10910 10912 I cmd     : oneway function results will be dropped but finished with status OK and parcel size 4
05-28 05:14:44.872  1395  1954 I MediaProvider: Begin Intent { act=android.intent.action.MEDIA_SCANNER_SCAN_FILE dat=file:///sdcard/screen_2026-05-28_051445.png flg=0x1400010 cmp=com.android.providers.media.module/com.android.providers.media.MediaService }
05-28 05:14:45.095     0     0 W audit   : audit_lost=749 audit_rate_limit=5 audit_backlog_limit=64
05-28 05:14:45.104     0     0 E audit   : rate limit exceeded
05-28 05:14:44.868  1395  1395 W com.android.providers.media.module: type=1400 audit(0.0:1043): avc: denied { read } for comm=4173796E635461736B202331 name="primary" dev="tmpfs" ino=27675 scontext=u:r:mediaprovider_app:s0:c128,c256,c512,c768 tcontext=u:object_r:mnt_pass_through_file:s0 tclass=lnk_file permissive=0 app=com.android.providers.media.module
05-28 05:14:44.891  1395  1954 W ModernMediaScanner: Failed to visit /sdcard/screen_2026-05-28_051445.png: java.nio.file.AccessDeniedException: /sdcard/screen_2026-05-28_051445.png
05-28 05:14:44.892  1395  1954 I MediaProvider: Scanned internal due to REASON_DEMAND, found 0 items in 18ms, 0 inserts 0 updates 0 deletes
05-28 05:14:44.868  1395  1395 W com.android.providers.media.module: type=1400 audit(0.0:1044): avc: denied { read } for comm=4173796E635461736B202331 name="primary" dev="tmpfs" ino=27675 scontext=u:r:mediaprovider_app:s0:c128,c256,c512,c768 tcontext=u:object_r:mnt_pass_through_file:s0 tclass=lnk_file permissive=0 app=com.android.providers.media.module
05-28 05:14:44.903  1395  1954 I MediaProvider: End Intent { act=android.intent.action.MEDIA_SCANNER_SCAN_FILE dat=file:///sdcard/screen_2026-05-28_051445.png flg=0x1400010 cmp=com.android.providers.media.module/com.android.providers.media.MediaService }
05-28 05:14:44.868  1395  1395 W com.android.providers.media.module: type=1400 audit(0.0:1045): avc: denied { read } for comm=4173796E635461736B202331 name="primary" dev="tmpfs" ino=27675 scontext=u:r:mediaprovider_app:s0:c128,c256,c512,c768 tcontext=u:object_r:mnt_pass_through_file:s0 tclass=lnk_file permissive=0 app=com.android.providers.media.module
05-28 05:14:44.961  1395  2597 I MediaProvider: Deleted 1 items on external_primary due to com.android.shell
05-28 05:14:44.986 10923 10925 I cmd     : oneway function results will be dropped but finished with status OK and parcel size 4
05-28 05:14:45.054  8289  8289 I ProvidersCache: Updating roots due to change on user 0at content://com.android.providers.media.documents/root
05-28 05:14:45.115   158   158 I hwservicemanager: getTransport: Cannot find entry android.hardware.graphics.mapper@4.0::IMapper/default in either framework or device manifest.
05-28 05:14:45.115 10946 10946 I Gralloc4: mapper 4.x is not supported
05-28 05:14:45.151  1395  1954 I MediaProvider: Begin Intent { act=android.intent.action.MEDIA_SCANNER_SCAN_FILE dat=file:///sdcard/screen_2026-05-28_051445.png flg=0x1400010 cmp=com.android.providers.media.module/com.android.providers.media.MediaService }
05-28 05:14:45.151  1395  1954 W ModernMediaScanner: Failed to visit /sdcard/screen_2026-05-28_051445.png: java.nio.file.AccessDeniedException: /sdcard/screen_2026-05-28_051445.png
05-28 05:14:45.152  1395  1954 I MediaProvider: Scanned internal due to REASON_DEMAND, found 0 items in 1ms, 0 inserts 0 updates 0 deletes
05-28 05:14:45.153  1395  1954 I MediaProvider: End Intent { act=android.intent.action.MEDIA_SCANNER_SCAN_FILE dat=file:///sdcard/screen_2026-05-28_051445.png flg=0x1400010 cmp=com.android.providers.media.module/com.android.providers.media.MediaService }
05-28 05:14:45.173  1395  1571 I MediaProvider: Deleted 1 items on external_primary due to com.android.shell
05-28 05:14:45.198 10961 10963 I cmd     : oneway function results will be dropped but finished with status OK and parcel size 4
05-28 05:14:45.315   158   158 I hwservicemanager: getTransport: Cannot find entry android.hardware.graphics.mapper@4.0::IMapper/default in either framework or device manifest.
05-28 05:14:45.315 10983 10983 I Gralloc4: mapper 4.x is not supported
05-28 05:14:45.350 10987 10989 I cmd     : oneway function results will be dropped but finished with status OK and parcel size 4
05-28 05:14:45.351  1395  1954 I MediaProvider: Begin Intent { act=android.intent.action.MEDIA_SCANNER_SCAN_FILE dat=file:///sdcard/screen_2026-05-28_051445.png flg=0x1400010 cmp=com.android.providers.media.module/com.android.providers.media.MediaService }
05-28 05:14:45.354  1395  1954 W ModernMediaScanner: Failed to visit /sdcard/screen_2026-05-28_051445.png: java.nio.file.AccessDeniedException: /sdcard/screen_2026-05-28_051445.png
05-28 05:14:45.354  1395  1954 I MediaProvider: Scanned internal due to REASON_DEMAND, found 0 items in 3ms, 0 inserts 0 updates 0 deletes
05-28 05:14:45.355  1395  1954 I MediaProvider: End Intent { act=android.intent.action.MEDIA_SCANNER_SCAN_FILE dat=file:///sdcard/screen_2026-05-28_051445.png flg=0x1400010 cmp=com.android.providers.media.module/com.android.providers.media.MediaService }
