05-29 02:17:50.994  1451  2312 I MediaProvider: Scanned internal due to REASON_DEMAND, found 0 items in 1ms, 0 inserts 0 updates 0 deletes
05-29 02:17:50.972  1451  1451 W com.android.providers.media.module: type=1400 audit(0.0:779): avc: denied { read } for comm=4173796E635461736B202331 name="primary" dev="tmpfs" ino=27897 scontext=u:r:mediaprovider_app:s0:c125,c256,c512,c768 tcontext=u:object_r:mnt_pass_through_file:s0 tclass=lnk_file permissive=0 app=com.android.providers.media.module
05-29 02:17:50.996  1451  2312 I MediaProvider: End Intent { act=android.intent.action.MEDIA_SCANNER_SCAN_FILE dat=file:///sdcard/screen_2026-05-29_021752.png flg=0x1400010 cmp=com.android.providers.media.module/com.android.providers.media.MediaService }
05-29 02:17:50.988  1451  1451 W com.android.providers.media.module: type=1400 audit(0.0:780): avc: denied { read } for comm=4173796E635461736B202331 name="primary" dev="tmpfs" ino=27897 scontext=u:r:mediaprovider_app:s0:c125,c256,c512,c768 tcontext=u:object_r:mnt_pass_through_file:s0 tclass=lnk_file permissive=0 app=com.android.providers.media.module
05-29 02:17:51.018   512   553 I libprocessgroup: Successfully killed process cgroup uid 10101 pid 1705 in 43ms
05-29 02:17:50.988  1451  1451 W com.android.providers.media.module: type=1400 audit(0.0:781): avc: denied { read } for comm=4173796E635461736B202331 name="primary" dev="tmpfs" ino=27897 scontext=u:r:mediaprovider_app:s0:c125,c256,c512,c768 tcontext=u:object_r:mnt_pass_through_file:s0 tclass=lnk_file permissive=0 app=com.android.providers.media.module
05-29 02:17:51.092  1451  1732 I MediaProvider: Deleted 1 items on external_primary due to com.android.shell
05-29 02:17:51.130  8734  8736 I cmd     : oneway function results will be dropped but finished with status OK and parcel size 4
05-29 02:17:51.287  7649  7649 I ProvidersCache: Updating roots due to change on user 0at content://com.android.providers.media.documents/root
05-29 02:17:51.307   162   162 I hwservicemanager: getTransport: Cannot find entry android.hardware.graphics.mapper@4.0::IMapper/default in either framework or device manifest.
05-29 02:17:51.307  8756  8756 I Gralloc4: mapper 4.x is not supported
05-29 02:17:51.380  1451  2312 I MediaProvider: Begin Intent { act=android.intent.action.MEDIA_SCANNER_SCAN_FILE dat=file:///sdcard/screen_2026-05-29_021752.png flg=0x1400010 cmp=com.android.providers.media.module/com.android.providers.media.MediaService }
05-29 02:17:51.956     0     0 W audit   : audit_lost=426 audit_rate_limit=5 audit_backlog_limit=64
05-29 02:17:51.970     0     0 E audit   : rate limit exceeded
05-29 02:17:51.397  1451  2312 W ModernMediaScanner: Failed to visit /sdcard/screen_2026-05-29_021752.png: java.nio.file.AccessDeniedException: /sdcard/screen_2026-05-29_021752.png
05-29 02:17:51.398  1451  2312 I MediaProvider: Scanned internal due to REASON_DEMAND, found 0 items in 1ms, 0 inserts 0 updates 0 deletes
05-29 02:17:51.400  1451  2312 I MediaProvider: End Intent { act=android.intent.action.MEDIA_SCANNER_SCAN_FILE dat=file:///sdcard/screen_2026-05-29_021752.png flg=0x1400010 cmp=com.android.providers.media.module/com.android.providers.media.MediaService }
05-29 02:17:51.422  1451  2571 I MediaProvider: Deleted 1 items on external_primary due to com.android.shell
05-29 02:17:51.458  8773  8775 I cmd     : oneway function results will be dropped but finished with status OK and parcel size 4
05-29 02:17:51.628   162   162 I hwservicemanager: getTransport: Cannot find entry android.hardware.graphics.mapper@4.0::IMapper/default in either framework or device manifest.
05-29 02:17:51.628  8795  8795 I Gralloc4: mapper 4.x is not supported
05-29 02:17:51.631  7649  7649 I ProvidersCache: Updating roots due to change on user 0at content://com.android.providers.media.documents/root
05-29 02:17:51.688  8799  8801 I cmd     : oneway function results will be dropped but finished with status OK and parcel size 4
05-29 02:17:51.688  1451  2312 I MediaProvider: Begin Intent { act=android.intent.action.MEDIA_SCANNER_SCAN_FILE dat=file:///sdcard/screen_2026-05-29_021752.png flg=0x1400010 cmp=com.android.providers.media.module/com.android.providers.media.MediaService }
05-29 02:17:51.689  1451  2312 W ModernMediaScanner: Failed to visit /sdcard/screen_2026-05-29_021752.png: java.nio.file.AccessDeniedException: /sdcard/screen_2026-05-29_021752.png
05-29 02:17:51.690  1451  2312 I MediaProvider: Scanned internal due to REASON_DEMAND, found 0 items in 1ms, 0 inserts 0 updates 0 deletes
05-29 02:17:51.692  1451  2312 I MediaProvider: End Intent { act=android.intent.action.MEDIA_SCANNER_SCAN_FILE dat=file:///sdcard/screen_2026-05-29_021752.png flg=0x1400010 cmp=com.android.providers.media.module/com.android.providers.media.MediaService }
05-29 02:17:51.724  1451  2571 I MediaProvider: Deleted 1 items on external_primary due to com.android.shell
05-29 02:17:51.760  8810  8812 I cmd     : oneway function results will be dropped but finished with status OK and parcel size 4
05-29 02:17:51.905  8840  8842 I cmd     : oneway function results will be dropped but finished with status OK and parcel size 4
05-29 02:17:51.969  7649  7649 I ProvidersCache: Updating roots due to change on user 0at content://com.android.providers.media.documents/root
05-29 02:17:52.095  8867  8867 E libc    : Access denied finding property "persist.device_config.runtime_native_boot.profilebootclasspath"
05-29 02:17:52.095  8867  8867 E libc    : Access denied finding property "persist.device_config.runtime_native_boot.enable_apex_image"
05-29 02:17:52.095  8867  8867 I AndroidRuntime: Using default boot image
05-29 02:17:52.095  8867  8867 E libc    : Access denied finding property "persist.device_config.runtime_native_boot.disable_lock_profiling"
05-29 02:17:52.095  8867  8867 I AndroidRuntime: Leaving lock profiling enabled
05-29 02:17:52.095  8867  8867 E libc    : Access denied finding property "persist.device_config.runtime_native_boot.enable_generational_cc"
05-29 02:17:52.096  8867  8867 I app_process: Core platform API reporting enabled, enforcing=false
05-29 02:17:52.092  8867  8867 W app_process: type=1400 audit(0.0:797): avc: denied { read } for name="u:object_r:device_config_runtime_native_boot_prop:s0" dev="tmpfs" ino=8385 scontext=u:r:shell:s0 tcontext=u:object_r:device_config_runtime_native_boot_prop:s0 tclass=file permissive=0
05-29 02:17:52.155  8867  8867 W app_process: Unexpected CPU variant for X86 using defaults: x86_64
05-29 02:17:52.156  8867  8867 I app_process: The ClassLoaderContext is a special shared library.
05-29 02:17:52.163  8867  8867 W app_process: JNI RegisterNativeMethods: attempt to register 0 native methods for android.media.AudioAttributes
05-29 02:17:52.092  8867  8867 W app_process: type=1400 audit(0.0:800): avc: denied { read } for name="u:object_r:device_config_runtime_native_boot_prop:s0" dev="tmpfs" ino=8385 scontext=u:r:shell:s0 tcontext=u:object_r:device_config_runtime_native_boot_prop:s0 tclass=file permissive=0
05-29 02:17:52.409  2189  2189 E AccessibilityInteractionClient: 2 Disconnected nodes.
05-29 02:17:53.945   162   162 I hwservicemanager: getTransport: Cannot find entry android.hardware.graphics.mapper@4.0::IMapper/default in either framework or device manifest.
05-29 02:17:53.945  8899  8899 I Gralloc4: mapper 4.x is not supported
05-29 02:17:54.008  8903  8905 I cmd     : oneway function results will be dropped but finished with status OK and parcel size 4
05-29 02:17:54.008  1451  2312 I MediaProvider: Begin Intent { act=android.intent.action.MEDIA_SCANNER_SCAN_FILE dat=file:///sdcard/screen_2026-05-29_021755.png flg=0x1400010 cmp=com.android.providers.media.module/com.android.providers.media.MediaService }
05-29 02:17:54.009  1451  2312 W ModernMediaScanner: Failed to visit /sdcard/screen_2026-05-29_021755.png: java.nio.file.AccessDeniedException: /sdcard/screen_2026-05-29_021755.png
05-29 02:17:54.010  1451  2312 I MediaProvider: Scanned internal due to REASON_DEMAND, found 0 items in 1ms, 0 inserts 0 updates 0 deletes
05-29 02:17:54.011  1451  2312 I MediaProvider: End Intent { act=android.intent.action.MEDIA_SCANNER_SCAN_FILE dat=file:///sdcard/screen_2026-05-29_021755.png flg=0x1400010 cmp=com.android.providers.media.module/com.android.providers.media.MediaService }
05-29 02:17:54.004  1451  1451 W com.android.providers.media.module: type=1400 audit(0.0:801): avc: denied { read } for comm=4173796E635461736B202331 name="primary" dev="tmpfs" ino=27897 scontext=u:r:mediaprovider_app:s0:c125,c256,c512,c768 tcontext=u:object_r:mnt_pass_through_file:s0 tclass=lnk_file permissive=0 app=com.android.providers.media.module
05-29 02:17:54.096  1451  1732 I MediaProvider: Deleted 1 items on external_primary due to com.android.shell
05-29 02:17:54.004  1451  1451 W com.android.providers.media.module: type=1400 audit(0.0:805): avc: denied { read } for comm=4173796E635461736B202331 name="primary" dev="tmpfs" ino=27897 scontext=u:r:mediaprovider_app:s0:c125,c256,c512,c768 tcontext=u:object_r:mnt_pass_through_file:s0 tclass=lnk_file permissive=0 app=com.android.providers.media.module
05-29 02:17:54.138  8914  8916 I cmd     : oneway function results will be dropped but finished with status OK and parcel size 4
05-29 02:17:54.312   162   162 I hwservicemanager: getTransport: Cannot find entry android.hardware.graphics.mapper@4.0::IMapper/default in either framework or device manifest.
05-29 02:17:54.312  8936  8936 I Gralloc4: mapper 4.x is not supported
05-29 02:17:54.375  8940  8942 I cmd     : oneway function results will be dropped but finished with status OK and parcel size 4
05-29 02:17:54.375  1451  2312 I MediaProvider: Begin Intent { act=android.intent.action.MEDIA_SCANNER_SCAN_FILE dat=file:///sdcard/screen_2026-05-29_021755.png flg=0x1400010 cmp=com.android.providers.media.module/com.android.providers.media.MediaService }
05-29 02:17:54.952     0     0 W audit   : audit_lost=438 audit_rate_limit=5 audit_backlog_limit=64
05-29 02:17:54.958     0     0 E audit   : rate limit exceeded
05-29 02:17:54.387  1451  2312 W ModernMediaScanner: Failed to visit /sdcard/screen_2026-05-29_021755.png: java.nio.file.AccessDeniedException: /sdcard/screen_2026-05-29_021755.png
05-29 02:17:54.388  1451  2312 I MediaProvider: Scanned internal due to REASON_DEMAND, found 0 items in 3ms, 0 inserts 0 updates 0 deletes
05-29 02:17:54.389  1451  2312 I MediaProvider: End Intent { act=android.intent.action.MEDIA_SCANNER_SCAN_FILE dat=file:///sdcard/screen_2026-05-29_021755.png flg=0x1400010 cmp=com.android.providers.media.module/com.android.providers.media.MediaService }
05-29 02:17:54.407  1451  1734 I MediaProvider: Deleted 1 items on external_primary due to com.android.shell
05-29 02:17:54.445  8951  8953 I cmd     : oneway function results will be dropped but finished with status OK and parcel size 4
05-29 02:17:54.617   162   162 I hwservicemanager: getTransport: Cannot find entry android.hardware.graphics.mapper@4.0::IMapper/default in either framework or device manifest.
05-29 02:17:54.617  8975  8975 I Gralloc4: mapper 4.x is not supported
05-29 02:17:54.684  8979  8981 I cmd     : oneway function results will be dropped but finished with status OK and parcel size 4
05-29 02:17:54.684  1451  2312 I MediaProvider: Begin Intent { act=android.intent.action.MEDIA_SCANNER_SCAN_FILE dat=file:///sdcard/screen_2026-05-29_021755.png flg=0x1400010 cmp=com.android.providers.media.module/com.android.providers.media.MediaService }
05-29 02:17:54.687  1451  2312 W ModernMediaScanner: Failed to visit /sdcard/screen_2026-05-29_021755.png: java.nio.file.AccessDeniedException: /sdcard/screen_2026-05-29_021755.png
05-29 02:17:54.688  1451  2312 I MediaProvider: Scanned internal due to REASON_DEMAND, found 0 items in 3ms, 0 inserts 0 updates 0 deletes
05-29 02:17:54.689  1451  2312 I MediaProvider: End Intent { act=android.intent.action.MEDIA_SCANNER_SCAN_FILE dat=file:///sdcard/screen_2026-05-29_021755.png flg=0x1400010 cmp=com.android.providers.media.module/com.android.providers.media.MediaService }
05-29 02:17:54.716  1451  2571 I MediaProvider: Deleted 1 items on external_primary due to com.android.shell
05-29 02:17:54.750  8990  8992 I cmd     : oneway function results will be dropped but finished with status OK and parcel size 4
05-29 02:17:54.976  7649  7649 I ProvidersCache: Updating roots due to change on user 0at content://com.android.providers.media.documents/root
05-29 02:17:54.998  9035  9037 I cmd     : oneway function results will be dropped but finished with status OK and parcel size 4
05-29 02:17:55.108  9047  9047 E libc    : Access denied finding property "persist.device_config.runtime_native_boot.profilebootclasspath"
05-29 02:17:55.108  9047  9047 E libc    : Access denied finding property "persist.device_config.runtime_native_boot.enable_apex_image"
05-29 02:17:55.108  9047  9047 I AndroidRuntime: Using default boot image
05-29 02:17:55.108  9047  9047 E libc    : Access denied finding property "persist.device_config.runtime_native_boot.disable_lock_profiling"
05-29 02:17:55.108  9047  9047 I AndroidRuntime: Leaving lock profiling enabled
05-29 02:17:55.108  9047  9047 E libc    : Access denied finding property "persist.device_config.runtime_native_boot.enable_generational_cc"
05-29 02:17:55.111  9047  9047 I app_process: Core platform API reporting enabled, enforcing=false
05-29 02:17:55.104  9047  9047 W app_process: type=1400 audit(0.0:819): avc: denied { read } for name="u:object_r:device_config_runtime_native_boot_prop:s0" dev="tmpfs" ino=8385 scontext=u:r:shell:s0 tcontext=u:object_r:device_config_runtime_native_boot_prop:s0 tclass=file permissive=0
05-29 02:17:55.180  9047  9047 W app_process: Unexpected CPU variant for X86 using defaults: x86_64
05-29 02:17:55.181  9047  9047 I app_process: The ClassLoaderContext is a special shared library.
05-29 02:17:55.189  9047  9047 W app_process: JNI RegisterNativeMethods: attempt to register 0 native methods for android.media.AudioAttributes
05-29 02:17:55.318  7649  7649 I ProvidersCache: Updating roots due to change on user 0at content://com.android.providers.media.documents/root
05-29 02:17:55.430  2189  2189 E AccessibilityInteractionClient: 3 Disconnected nodes.
05-29 02:17:55.617  7649  7649 I ProvidersCache: Updating roots due to change on user 0at content://com.android.providers.media.documents/root
05-29 02:17:55.725  8061  8190 I System.out: 02:17:55.718 [DefaultDispatcher-worker-3] INFO io.ktor.client.HttpClient - REQUEST: https://pokeapi.co/api/v2/pokemon?limit=20&offset=0
05-29 02:17:55.725  8061  8190 I System.out: METHOD: HttpMethod(value=GET)
05-29 02:17:55.725  8061  8190 I System.out: COMMON HEADERS
05-29 02:17:55.725  8061  8190 I System.out: -> Accept: application/json
05-29 02:17:55.725  8061  8190 I System.out: -> Accept-Charset: UTF-8
05-29 02:17:55.725  8061  8190 I System.out: -> Content-Type: application/json
05-29 02:17:55.725  8061  8190 I System.out: CONTENT HEADERS
05-29 02:17:55.725  8061  8190 I System.out: -> Content-Length: 0
05-29 02:17:55.725  8061  8190 I System.out: BODY Content-Type: null
05-29 02:17:55.725  8061  8190 I System.out: BODY START
05-29 02:17:55.725  8061  8190 I System.out: 
05-29 02:17:55.725  8061  8190 I System.out: BODY END
05-29 02:17:55.857  8061  8210 I System.out: 02:17:55.845 [DefaultDispatcher-worker-10] INFO io.ktor.client.HttpClient - RESPONSE: 200 OK
05-29 02:17:55.858  8061  8210 I System.out: METHOD: HttpMethod(value=GET)
05-29 02:17:55.858  8061  8210 I System.out: FROM: https://pokeapi.co/api/v2/pokemon?limit=20&offset=0
05-29 02:17:55.858  8061  8210 I System.out: COMMON HEADERS
05-29 02:17:55.858  8061  8210 I System.out: -> access-control-allow-origin: *
05-29 02:17:55.858  8061  8210 I System.out: -> age: 66286
05-29 02:17:55.858  8061  8210 I System.out: -> alt-svc: h3=":443"; ma=86400
05-29 02:17:55.858  8061  8210 I System.out: -> cache-control: public, max-age=86400, s-maxage=86400
05-29 02:17:55.858  8061  8210 I System.out: -> cf-cache-status: HIT
05-29 02:17:55.858  8061  8210 I System.out: -> cf-ray: a03201731dd38f1d-DFW
05-29 02:17:55.858  8061  8210 I System.out: -> connection: keep-alive
05-29 02:17:55.858  8061  8210 I System.out: -> content-type: application/json; charset=utf-8
05-29 02:17:55.858  8061  8210 I System.out: -> date: Fri, 29 May 2026 02:17:56 GMT
05-29 02:17:55.858  8061  8210 I System.out: -> etag: W/"588-iX6bV/yoloqGkIPBxJnQfrHsFIU"
05-29 02:17:55.858  8061  8210 I System.out: -> function-execution-id: 4xapuu6lo5yb
05-29 02:17:55.858  8061  8210 I System.out: -> nel: {"report_to":"cf-nel","success_fraction":0.0,"max_age":604800}
05-29 02:17:55.858  8061  8210 I System.out: -> report-to: {"group":"cf-nel","max_age":604800,"endpoints":[{"url":"https://a.nel.cloudflare.com/report/v4?s=8uaKQlJDIBv6KjBk%2BUBa2pA2GvtgLvpzD2T%2BOO3QXG9VXmqjkXjYwbuyunTf5GjQK4ZzGWeynJN12HKD%2FPSb0%2BrWnWrJMzbFF8iVJzYOLKKwyxntStaTM25m1VNS"}]}
05-29 02:17:55.858  8061  8210 I System.out: -> server: cloudflare
05-29 02:17:55.858  8061  8210 I System.out: -> strict-transport-security: max-age=31556926
05-29 02:17:55.858  8061  8210 I System.out: -> transfer-encoding: chunked
05-29 02:17:55.858  8061  8210 I System.out: -> vary: Accept-Encoding,cookie,need-authorization, x-fh-requested-host, accept-encoding
05-29 02:17:55.858  8061  8210 I System.out: -> x-android-received-millis: 1780021075829
05-29 02:17:55.858  8061  8210 I System.out: -> x-android-response-source: NETWORK 200
05-29 02:17:55.858  8061  8210 I System.out: -> x-android-selected-protocol: http/1.1
05-29 02:17:55.858  8061  8210 I System.out: -> x-android-sent-millis: 1780021075801
05-29 02:17:55.858  8061  8210 I System.out: -> x-cache: HIT
05-29 02:17:55.858  8061  8210 I System.out: -> x-cache-hits: 0
05-29 02:17:55.858  8061  8210 I System.out: -> x-cloud-trace-context: 2ff882803209d35c6311f21bc6112a37
05-29 02:17:55.858  8061  8210 I System.out: -> x-country-code: US
05-29 02:17:55.858  8061  8210 I System.out: -> x-orig-accept-language: en-US,en;q=0.9
05-29 02:17:55.858  8061  8210 I System.out: -> x-powered-by: Express
05-29 02:17:55.858  8061  8210 I System.out: -> x-served-by: cache-sjc1000107-SJC
05-29 02:17:55.858  8061  8210 I System.out: -> x-timer: S1770913065.110482,VS0,VE1
05-29 02:17:55.858  8061  8210 I System.out: BODY Content-Type: application/json; charset=utf-8
05-29 02:17:55.858  8061  8210 I System.out: BODY START
05-29 02:17:55.858  8061  8210 I System.out: {"count":1350,"next":"https://pokeapi.co/api/v2/pokemon?offset=20&limit=20","previous":null,"results":[{"name":"bulbasaur","url":"https://pokeapi.co/api/v2/pokemon/1/"},{"name":"ivysaur","url":"https://pokeapi.co/api/v2/pokemon/2/"},{"name":"venusaur","url":"https://pokeapi.co/api/v2/pokemon/3/"},{"name":"charmander","url":"https://pokeapi.co/api/v2/pokemon/4/"},{"name":"charmeleon","url":"https://pokeapi.co/api/v2/pokemon/5/"},{"name":"charizard","url":"https://pokeapi.co/api/v2/pokemon/6/"},{"name":"squirtle","url":"https://pokeapi.co/api/v2/pokemon/7/"},{"name":"wartortle","url":"https://pokeapi.co/api/v2/pokemon/8/"},{"name":"blastoise","url":"https://pokeapi.co/api/v2/pokemon/9/"},{"name":"caterpie","url":"https://pokeapi.co/api/v2/pokemon/10/"},{"name":"metapod","url":"https://pokeapi.co/api/v2/pokemon/11/"},{"name":"butterfree","url":"https://pokeapi.co/api/v2/pokemon/12/"},{"name":"weedle","url":"https://pokeapi.co/api/v2/pokemon/13/"},{"name":"kakuna","url":"https://pokeapi.co/api/v2/pokemon/14/"},{"name":"beedrill","url":"https://pokeapi.co/api/v2/pokemon/15/"},{"name":"pidgey","url":"https://pokeapi.co/api/v2/pokemon/16/"},{"name":"pidgeotto","url":"https://pokeapi.co/api/v2/pokemon/17/"},{"name":"pidgeot","url":"https://pokeapi.co/api/v2/pokemon/18/"},{"name":"rattata","url":"https://pokeapi.co/api/v2/pokemon/19/"},{"name":"raticate","url":"https://pokeapi.co/api/v2/pokemon/20/"}]}
05-29 02:17:55.858  8061  8210 I System.out: BODY END
05-29 02:17:57.001   162   162 I hwservicemanager: getTransport: Cannot find entry android.hardware.graphics.mapper@4.0::IMapper/default in either framework or device manifest.
05-29 02:17:57.002  9092  9092 I Gralloc4: mapper 4.x is not supported
05-29 02:17:57.070  9096  9098 I cmd     : oneway function results will be dropped but finished with status OK and parcel size 4
05-29 02:17:57.071  1451  2312 I MediaProvider: Begin Intent { act=android.intent.action.MEDIA_SCANNER_SCAN_FILE dat=file:///sdcard/screen_2026-05-29_021758.png flg=0x1400010 cmp=com.android.providers.media.module/com.android.providers.media.MediaService }
05-29 02:17:57.072  1451  2312 W ModernMediaScanner: Failed to visit /sdcard/screen_2026-05-29_021758.png: java.nio.file.AccessDeniedException: /sdcard/screen_2026-05-29_021758.png
05-29 02:17:57.073  1451  2312 I MediaProvider: Scanned internal due to REASON_DEMAND, found 0 items in 1ms, 0 inserts 0 updates 0 deletes
05-29 02:17:57.073  1451  2312 I MediaProvider: End Intent { act=android.intent.action.MEDIA_SCANNER_SCAN_FILE dat=file:///sdcard/screen_2026-05-29_021758.png flg=0x1400010 cmp=com.android.providers.media.module/com.android.providers.media.MediaService }
05-29 02:17:57.068  1451  1451 W com.android.providers.media.module: type=1400 audit(0.0:823): avc: denied { read } for comm=4173796E635461736B202331 name="primary" dev="tmpfs" ino=27897 scontext=u:r:mediaprovider_app:s0:c125,c256,c512,c768 tcontext=u:object_r:mnt_pass_through_file:s0 tclass=lnk_file permissive=0 app=com.android.providers.media.module
05-29 02:17:57.161  1451  1732 I MediaProvider: Deleted 1 items on external_primary due to com.android.shell
05-29 02:17:57.361   162   162 I hwservicemanager: getTransport: Cannot find entry android.hardware.graphics.mapper@4.0::IMapper/default in either framework or device manifest.
05-29 02:17:57.361  9129  9129 I Gralloc4: mapper 4.x is not supported
05-29 02:17:57.431  9133  9135 I cmd     : oneway function results will be dropped but finished with status OK and parcel size 4
05-29 02:17:57.432  1451  2312 I MediaProvider: Begin Intent { act=android.intent.action.MEDIA_SCANNER_SCAN_FILE dat=file:///sdcard/screen_2026-05-29_021758.png flg=0x1400010 cmp=com.android.providers.media.module/com.android.providers.media.MediaService }
05-29 02:17:58.008     0     0 W audit   : audit_lost=450 audit_rate_limit=5 audit_backlog_limit=64
05-29 02:17:58.011     0     0 E audit   : rate limit exceeded
05-29 02:17:57.439  1451  2312 W ModernMediaScanner: Failed to visit /sdcard/screen_2026-05-29_021758.png: java.nio.file.AccessDeniedException: /sdcard/screen_2026-05-29_021758.png
05-29 02:17:57.440  1451  2312 I MediaProvider: Scanned internal due to REASON_DEMAND, found 0 items in 1ms, 0 inserts 0 updates 0 deletes
05-29 02:17:57.441  1451  2312 I MediaProvider: End Intent { act=android.intent.action.MEDIA_SCANNER_SCAN_FILE dat=file:///sdcard/screen_2026-05-29_021758.png flg=0x1400010 cmp=com.android.providers.media.module/com.android.providers.media.MediaService }
05-29 02:17:57.467  1451  1734 I MediaProvider: Deleted 1 items on external_primary due to com.android.shell
05-29 02:17:57.501  9144  9146 I cmd     : oneway function results will be dropped but finished with status OK and parcel size 4
05-29 02:17:57.663   162   162 I hwservicemanager: getTransport: Cannot find entry android.hardware.graphics.mapper@4.0::IMapper/default in either framework or device manifest.
05-29 02:17:57.663  9166  9166 I Gralloc4: mapper 4.x is not supported
05-29 02:17:57.762  1451  2312 I MediaProvider: Begin Intent { act=android.intent.action.MEDIA_SCANNER_SCAN_FILE dat=file:///sdcard/screen_2026-05-29_021758.png flg=0x1400010 cmp=com.android.providers.media.module/com.android.providers.media.MediaService }
05-29 02:17:57.764  9172  9174 I cmd     : oneway function results will be dropped but finished with status OK and parcel size 4
05-29 02:17:57.766  1451  2312 W ModernMediaScanner: Failed to visit /sdcard/screen_2026-05-29_021758.png: java.nio.file.AccessDeniedException: /sdcard/screen_2026-05-29_021758.png
05-29 02:17:57.767  1451  2312 I MediaProvider: Scanned internal due to REASON_DEMAND, found 0 items in 5ms, 0 inserts 0 updates 0 deletes
05-29 02:17:57.768  1451  2312 I MediaProvider: End Intent { act=android.intent.action.MEDIA_SCANNER_SCAN_FILE dat=file:///sdcard/screen_2026-05-29_021758.png flg=0x1400010 cmp=com.android.providers.media.module/com.android.providers.media.MediaService }
05-29 02:17:57.797  1451  2571 I MediaProvider: Deleted 1 items on external_primary due to com.android.shell
05-29 02:17:57.806  7649  7649 I ProvidersCache: Updating roots due to change on user 0at content://com.android.providers.media.documents/root
05-29 02:17:57.835  9183  9185 I cmd     : oneway function results will be dropped but finished with status OK and parcel size 4
05-29 02:17:57.900  9198  9200 I cmd     : oneway function results will be dropped but finished with status OK and parcel size 4
05-29 02:17:57.969  9213  9215 I cmd     : oneway function results will be dropped but finished with status OK and parcel size 4
05-29 02:17:58.020  7649  7649 I ProvidersCache: Updating roots due to change on user 0at content://com.android.providers.media.documents/root
05-29 02:17:58.144  9240  9240 E libc    : Access denied finding property "persist.device_config.runtime_native_boot.profilebootclasspath"
05-29 02:17:58.144  9240  9240 E libc    : Access denied finding property "persist.device_config.runtime_native_boot.enable_apex_image"
05-29 02:17:58.144  9240  9240 I AndroidRuntime: Using default boot image
05-29 02:17:58.144  9240  9240 E libc    : Access denied finding property "persist.device_config.runtime_native_boot.disable_lock_profiling"
05-29 02:17:58.144  9240  9240 I AndroidRuntime: Leaving lock profiling enabled
05-29 02:17:58.144  9240  9240 E libc    : Access denied finding property "persist.device_config.runtime_native_boot.enable_generational_cc"
05-29 02:17:58.146  9240  9240 I app_process: Core platform API reporting enabled, enforcing=false
05-29 02:17:58.140  9240  9240 W app_process: type=1400 audit(0.0:841): avc: denied { read } for name="u:object_r:device_config_runtime_native_boot_prop:s0" dev="tmpfs" ino=8385 scontext=u:r:shell:s0 tcontext=u:object_r:device_config_runtime_native_boot_prop:s0 tclass=file permissive=0
05-29 02:17:58.204  9240  9240 W app_process: Unexpected CPU variant for X86 using defaults: x86_64
05-29 02:17:58.205  9240  9240 I app_process: The ClassLoaderContext is a special shared library.
05-29 02:17:58.140  9240  9240 W app_process: type=1400 audit(0.0:844): avc: denied { read } for name="u:object_r:device_config_runtime_native_boot_prop:s0" dev="tmpfs" ino=8385 scontext=u:r:shell:s0 tcontext=u:object_r:device_config_runtime_native_boot_prop:s0 tclass=file permissive=0
05-29 02:17:58.213  9240  9240 W app_process: JNI RegisterNativeMethods: attempt to register 0 native methods for android.media.AudioAttributes
05-29 02:17:58.396  7649  7649 I ProvidersCache: Updating roots due to change on user 0at content://com.android.providers.media.documents/root
05-29 02:17:58.430  8061  8195 I System.out: 02:17:58.429 [DefaultDispatcher-worker-8] INFO io.ktor.client.HttpClient - REQUEST: https://pokeapi.co/api/v2/pokemon/bulbasaur
05-29 02:17:58.430  8061  8195 I System.out: METHOD: HttpMethod(value=GET)
05-29 02:17:58.430  8061  8195 I System.out: COMMON HEADERS
05-29 02:17:58.430  8061  8195 I System.out: -> Accept: application/json
05-29 02:17:58.430  8061  8195 I System.out: -> Accept-Charset: UTF-8
05-29 02:17:58.430  8061  8195 I System.out: -> Content-Type: application/json
05-29 02:17:58.431  8061  8195 I System.out: CONTENT HEADERS
05-29 02:17:58.431  8061  8195 I System.out: -> Content-Length: 0
05-29 02:17:58.431  8061  8195 I System.out: BODY Content-Type: null
05-29 02:17:58.431  8061  8195 I System.out: BODY START
05-29 02:17:58.431  8061  8195 I System.out: 
05-29 02:17:58.431  8061  8195 I System.out: BODY END
05-29 02:17:58.607  7649  7649 I ProvidersCache: Updating roots due to change on user 0at content://com.android.providers.media.documents/root
05-29 02:17:58.653  8061  8190 I System.out: 02:17:58.612 [DefaultDispatcher-worker-3] INFO io.ktor.client.HttpClient - RESPONSE: 200 OK
05-29 02:17:58.653  8061  8190 I System.out: METHOD: HttpMethod(value=GET)
05-29 02:17:58.653  8061  8190 I System.out: FROM: https://pokeapi.co/api/v2/pokemon/bulbasaur
05-29 02:17:58.653  8061  8190 I System.out: COMMON HEADERS
05-29 02:17:58.653  8061  8190 I System.out: -> access-control-allow-origin: *
05-29 02:17:58.653  8061  8190 I System.out: -> access-control-expose-headers: X-PokeAPI-Hash,X-PokeAPI-Deploy-Date
05-29 02:17:58.653  8061  8190 I System.out: -> age: 62425
05-29 02:17:58.653  8061  8190 I System.out: -> alt-svc: h3=":443"; ma=86400
05-29 02:17:58.653  8061  8190 I System.out: -> cache-control: public, max-age=86400, s-maxage=86400
05-29 02:17:58.653  8061  8190 I System.out: -> cf-cache-status: HIT
05-29 02:17:58.653  8061  8190 I System.out: -> cf-ray: a03201838a5d8f1d-DFW
05-29 02:17:58.653  8061  8190 I System.out: -> connection: keep-alive
05-29 02:17:58.653  8061  8190 I System.out: -> content-type: application/json; charset=utf-8
05-29 02:17:58.653  8061  8190 I System.out: -> date: Fri, 29 May 2026 02:17:59 GMT
05-29 02:17:58.653  8061  8190 I System.out: -> etag: W/"41ad6-DjKZLuJ1Lydzi6DxM+a0Oor5Ru0"
05-29 02:17:58.653  8061  8190 I System.out: -> function-execution-id: m6tm7atnyfcd
05-29 02:17:58.653  8061  8190 I System.out: -> nel: {"report_to":"cf-nel","success_fraction":0.0,"max_age":604800}
05-29 02:17:58.653  8061  8190 I System.out: -> report-to: {"group":"cf-nel","max_age":604800,"endpoints":[{"url":"https://a.nel.cloudflare.com/report/v4?s=x7wXTfMNhim8QGjsKSRUPqsZoWXx4Rhp6nP0ZU%2FSqjfisZi%2BXmjFw2jrIf0dcRcwRFb1ej9wfNiUvbLjyDHq5gmUWvHNGpNXzL2aHhvvKSmH8gGSZ%2B%2BiJ4FdWLxX"}]}
05-29 02:17:58.653  8061  8190 I System.out: -> server: cloudflare
05-29 02:17:58.653  8061  8190 I System.out: -> strict-transport-security: max-age=31556926
05-29 02:17:58.653  8061  8190 I System.out: -> transfer-encoding: chunked
05-29 02:17:58.653  8061  8190 I System.out: -> vary: Accept-Encoding,cookie,need-authorization, x-fh-requested-host, accept-encoding
05-29 02:17:58.653  8061  8190 I System.out: -> x-android-received-millis: 1780021078472
05-29 02:17:58.653  8061  8190 I System.out: -> x-android-response-source: NETWORK 200
05-29 02:17:58.653  8061  8190 I System.out: -> x-android-selected-protocol: http/1.1
05-29 02:17:58.653  8061  8190 I System.out: -> x-android-sent-millis: 1780021078433
05-29 02:17:58.653  8061  8190 I System.out: -> x-cache: HIT
05-29 02:17:58.653  8061  8190 I System.out: -> x-cache-hits: 0
05-29 02:17:58.653  8061  8190 I System.out: -> x-cloud-trace-context: c1fdf054490e4650c30750a5c163fa0e
05-29 02:17:58.653  8061  8190 I System.out: -> x-country-code: US
05-29 02:17:58.653  8061  8190 I System.out: -> x-orig-accept-language: en-US
05-29 02:17:58.653  8061  8190 I System.out: -> x-pokeapi-deploy-date: 1777467995
05-29 02:17:58.653  8061  8190 I System.out: -> x-pokeapi-hash: 6465e037c889ae5e3ebe23334ca76e03cd26bba1
05-29 02:17:58.653  8061  8190 I System.out: -> x-powered-by: Express
05-29 02:17:58.653  8061  8190 I System.out: -> x-served-by: cache-bfi-krnt7300060-BFI
05-29 02:17:58.653  8061  8190 I System.out: -> x-timer: S1777709167.134290,VS0,VE348
05-29 02:17:58.653  8061  8190 I System.out: BODY Content-Type: application/json; charset=utf-8
05-29 02:17:58.653  8061  8190 I System.out: BODY START
05-29 02:17:58.666  8061  8190 I System.out: {"abilities":[{"ability":{"name":"overgrow","url":"https://pokeapi.co/api/v2/ability/65/"},"is_hidden":false,"slot":1},{"ability":{"name":"chlorophyll","url":"https://pokeapi.co/api/v2/ability/34/"},"is_hidden":true,"slot":3}],"base_experience":64,"cries":{"latest":"https://raw.githubusercontent.com/PokeAPI/cries/main/cries/pokemon/latest/1.ogg","legacy":"https://raw.githubusercontent.com/PokeAPI/cries/main/cries/pokemon/legacy/1.ogg"},"forms":[{"name":"bulbasaur","url":"https://pokeapi.co/api/v2/pokemon-form/1/"}],"game_indices":[{"game_index":153,"version":{"name":"red","url":"https://pokeapi.co/api/v2/version/1/"}},{"game_index":153,"version":{"name":"blue","url":"https://pokeapi.co/api/v2/version/2/"}},{"game_index":153,"version":{"name":"yellow","url":"https://pokeapi.co/api/v2/version/3/"}},{"game_index":1,"version":{"name":"gold","url":"https://pokeapi.co/api/v2/version/4/"}},{"game_index":1,"version":{"name":"silver","url":"https://pokeapi.co/api/v2/version/5/"}},{"game_index":1,"version":{"name":"crystal","url":"https://pokeapi.co/api/v2/version/6/"}},{"game_index":1,"version":{"name":"ruby","url":"https://pokeapi.co/api/v2/version/7/"}},{"game_index":1,"version":{"name":"sapphire","url":"https://pokeapi.co/api/v2/version/8/"}},{"game_index":1,"version":{"name":"emerald","url":"https://pokeapi.co/api/v2/version/9/"}},{"game_index":1,"version":{"name":"firered","url":"https://pokeapi.co/api/v2/version/10/"}},{"game_index":1,"version":{"name":"leafgreen","url":"https://pokeapi.co/api/v2/version/11/"}},{"game_index":1,"version":{"name":"diamond","url":"https://pokeapi.co/api/v2/version/12/"}},{"game_index":1,"version":{"name":"pearl","url":"https://pokeapi.co/api/v2/version/13/"}},{"game_index":1,"version":{"name":"platinum","url":"https://pokeapi.co/api/v2/version/14/"}},{"game_index":1,"version":{"name":"heartgold","url":"https://pokeapi.co/api/v2/version/15/"}},{"game_index":1,"version":{"name":"soulsilver","url":"https://pokeapi.co/api/v2/version/16/"}},{"game_index":1,"version":{"name":"black","url":"https://pokeapi.co/api/v2/version/17/"}},{"game_index":1,"version":{"name":"white","url":"https://pokeapi.co/api/v2/version/18/"}},{"game_index":1,"version":{"name":"black-2","url":"https://pokeapi.co/api/v2/version/21/"}},{"game_index":1,"version":{"name":"white-2","url":"https://pokeapi.co/api/v2/version/22/"}}],"height":7,"held_items":[],"id":1,"is_default":true,"location_area_encounters":"https://pokeapi.co/api/v2/pokemon/1/encounters","moves":[{"move":{"name":"razor-wind","url":"https://pokeapi.co/api/v2/move/13/"},"version_group_details":[{"level_learned_at":0,"move_learn_method":{"name":"egg","url":"https://pokeapi.co/api/v2/move-learn-method/2/"},"order":null,"version_group":{"name":"gold-silver","url":"https://pokeapi.co/api/v2/version-group/3/"}},{"level_learned_at":0,"move_learn_method":{"name":"egg","url":"https://pokeapi.co/api/v2/move-learn-method/2/"},"order":null,"version_group":{"name":"crystal","url":"https://pokeapi.co/api/v2/version-group/4/"}}]},{"move":{"name":"swords-dance","url":"https://pokeapi.co/api/v2/move/14/"},"version_group_details":[{"level_learned_at":0,"move_learn_method":{"name":"machine","url":"https://pokeapi.co/api/v2/move-learn-method/4/"},"order":null,"version_group":{"name":"red-blue","url":"https://pokeapi.co/api/v2/version-group/1/"}},{"level_learned_at":0,"move_learn_method":{"name":"machine","url":"https://pokeapi.co/api/v2/move-learn-method/4/"},"order":null,"version_group":{"name":"yellow","url":"https://pokeapi.co/api/v2/version-group/2/"}},{"level_learned_at":0,"move_learn_method":{"name":"tutor","url":"https://pokeapi.co/api/v2/move-learn-method/3/"},"order":null,"version_group":{"name":"emerald","url":"https://pokeapi.co/api/v2/version-group/6/"}},{"level_learned_at":0,"move_learn_method":{"name":"tutor","url":"https://pokeapi.co/api/v2/move-learn-method/3/"},"order":null,"version_group":{"name":"firered-leafgreen","url":"https://pokeapi.co/api/v2/version-group/7/"}},{"level_learned_at":0,"move_learn_method":{"name":"machin
05-29 02:17:58.666  8061  8190 I System.out: BODY END
05-29 02:17:58.715  7649  7649 I ProvidersCache: Updating roots due to change on user 0at content://com.android.providers.media.documents/root
05-29 02:18:00.001   162   162 I hwservicemanager: getTransport: Cannot find entry android.hardware.graphics.mapper@4.0::IMapper/default in either framework or device manifest.
05-29 02:18:00.002  9278  9278 I Gralloc4: mapper 4.x is not supported
05-29 02:18:00.083  9283  9285 I cmd     : oneway function results will be dropped but finished with status OK and parcel size 4
05-29 02:18:00.084  1451  2312 I MediaProvider: Begin Intent { act=android.intent.action.MEDIA_SCANNER_SCAN_FILE dat=file:///sdcard/screen_2026-05-29_021801.png flg=0x1400010 cmp=com.android.providers.media.module/com.android.providers.media.MediaService }
05-29 02:18:00.084  1451  2312 W ModernMediaScanner: Failed to visit /sdcard/screen_2026-05-29_021801.png: java.nio.file.AccessDeniedException: /sdcard/screen_2026-05-29_021801.png
05-29 02:18:00.085  1451  2312 I MediaProvider: Scanned internal due to REASON_DEMAND, found 0 items in 1ms, 0 inserts 0 updates 0 deletes
05-29 02:18:00.086  1451  2312 I MediaProvider: End Intent { act=android.intent.action.MEDIA_SCANNER_SCAN_FILE dat=file:///sdcard/screen_2026-05-29_021801.png flg=0x1400010 cmp=com.android.providers.media.module/com.android.providers.media.MediaService }
05-29 02:18:00.080  1451  1451 W com.android.providers.media.module: type=1400 audit(0.0:845): avc: denied { read } for comm=4173796E635461736B202331 name="primary" dev="tmpfs" ino=27897 scontext=u:r:mediaprovider_app:s0:c125,c256,c512,c768 tcontext=u:object_r:mnt_pass_through_file:s0 tclass=lnk_file permissive=0 app=com.android.providers.media.module
05-29 02:18:00.128  1451  1732 I MediaProvider: Deleted 1 items on external_primary due to com.android.shell
05-29 02:18:00.080  1451  1451 W com.android.providers.media.module: type=1400 audit(0.0:848): avc: denied { read } for comm=4173796E635461736B202331 name="primary" dev="tmpfs" ino=27897 scontext=u:r:mediaprovider_app:s0:c125,c256,c512,c768 tcontext=u:object_r:mnt_pass_through_file:s0 tclass=lnk_file permissive=0 app=com.android.providers.media.module
05-29 02:18:00.191  9295  9297 I cmd     : oneway function results will be dropped but finished with status OK and parcel size 4
05-29 02:18:00.374   162   162 I hwservicemanager: getTransport: Cannot find entry android.hardware.graphics.mapper@4.0::IMapper/default in either framework or device manifest.
05-29 02:18:00.374  9317  9317 I Gralloc4: mapper 4.x is not supported
05-29 02:18:00.448  9321  9323 I cmd     : oneway function results will be dropped but finished with status OK and parcel size 4
05-29 02:18:00.451  1451  2312 I MediaProvider: Begin Intent { act=android.intent.action.MEDIA_SCANNER_SCAN_FILE dat=file:///sdcard/screen_2026-05-29_021801.png flg=0x1400010 cmp=com.android.providers.media.module/com.android.providers.media.MediaService }
05-29 02:18:00.462  1451  2312 W ModernMediaScanner: Failed to visit /sdcard/screen_2026-05-29_021801.png: java.nio.file.AccessDeniedException: /sdcard/screen_2026-05-29_021801.png
05-29 02:18:01.027     0     0 W audit   : audit_lost=462 audit_rate_limit=5 audit_backlog_limit=64
05-29 02:18:01.035     0     0 E audit   : rate limit exceeded
05-29 02:18:00.464  1451  2312 I MediaProvider: Scanned internal due to REASON_DEMAND, found 0 items in 2ms, 0 inserts 0 updates 0 deletes
05-29 02:18:00.465  1451  2312 I MediaProvider: End Intent { act=android.intent.action.MEDIA_SCANNER_SCAN_FILE dat=file:///sdcard/screen_2026-05-29_021801.png flg=0x1400010 cmp=com.android.providers.media.module/com.android.providers.media.MediaService }
05-29 02:18:00.524  1451  1734 I MediaProvider: Deleted 1 items on external_primary due to com.android.shell
05-29 02:18:00.561  9332  9334 I cmd     : oneway function results will be dropped but finished with status OK and parcel size 4
05-29 02:18:00.727   162   162 I hwservicemanager: getTransport: Cannot find entry android.hardware.graphics.mapper@4.0::IMapper/default in either framework or device manifest.
05-29 02:18:00.727  9354  9354 I Gralloc4: mapper 4.x is not supported
05-29 02:18:00.800  1451  2312 I MediaProvider: Begin Intent { act=android.intent.action.MEDIA_SCANNER_SCAN_FILE dat=file:///sdcard/screen_2026-05-29_021801.png flg=0x1400010 cmp=com.android.providers.media.module/com.android.providers.media.MediaService }
05-29 02:18:00.801  1451  2312 W ModernMediaScanner: Failed to visit /sdcard/screen_2026-05-29_021801.png: java.nio.file.AccessDeniedException: /sdcard/screen_2026-05-29_021801.png
05-29 02:18:00.802  1451  2312 I MediaProvider: Scanned internal due to REASON_DEMAND, found 0 items in 1ms, 0 inserts 0 updates 0 deletes
05-29 02:18:00.802  1451  2312 I MediaProvider: End Intent { act=android.intent.action.MEDIA_SCANNER_SCAN_FILE dat=file:///sdcard/screen_2026-05-29_021801.png flg=0x1400010 cmp=com.android.providers.media.module/com.android.providers.media.MediaService }
05-29 02:18:00.835  1451  2571 I MediaProvider: Deleted 1 items on external_primary due to com.android.shell
05-29 02:18:00.873  9369  9371 I cmd     : oneway function results will be dropped but finished with status OK and parcel size 4
05-29 02:18:00.939  7649  7649 I ProvidersCache: Updating roots due to change on user 0at content://com.android.providers.media.documents/root
05-29 02:18:00.980  9386  9388 I cmd     : oneway function results will be dropped but finished with status OK and parcel size 4
05-29 02:18:01.051  9401  9403 I cmd     : oneway function results will be dropped but finished with status OK and parcel size 4
05-29 02:18:01.136  7649  7649 I ProvidersCache: Updating roots due to change on user 0at content://com.android.providers.media.documents/root
05-29 02:18:01.174  9416  9418 I cmd     : oneway function results will be dropped but finished with status OK and parcel size 4
05-29 02:18:01.284  9428  9428 E libc    : Access denied finding property "persist.device_config.runtime_native_boot.profilebootclasspath"
05-29 02:18:01.284  9428  9428 E libc    : Access denied finding property "persist.device_config.runtime_native_boot.enable_apex_image"
05-29 02:18:01.284  9428  9428 I AndroidRuntime: Using default boot image
05-29 02:18:01.284  9428  9428 E libc    : Access denied finding property "persist.device_config.runtime_native_boot.disable_lock_profiling"
05-29 02:18:01.284  9428  9428 I AndroidRuntime: Leaving lock profiling enabled
05-29 02:18:01.284  9428  9428 E libc    : Access denied finding property "persist.device_config.runtime_native_boot.enable_generational_cc"
05-29 02:18:01.285  9428  9428 I app_process: Core platform API reporting enabled, enforcing=false
05-29 02:18:01.280  9428  9428 W app_process: type=1400 audit(0.0:863): avc: denied { read } for name="u:object_r:device_config_runtime_native_boot_prop:s0" dev="tmpfs" ino=8385 scontext=u:r:shell:s0 tcontext=u:object_r:device_config_runtime_native_boot_prop:s0 tclass=file permissive=0
05-29 02:18:01.343  9428  9428 W app_process: Unexpected CPU variant for X86 using defaults: x86_64
05-29 02:18:01.344  9428  9428 I app_process: The ClassLoaderContext is a special shared library.
05-29 02:18:01.344  7649  7649 I ProvidersCache: Updating roots due to change on user 0at content://com.android.providers.media.documents/root
05-29 02:18:01.352  9428  9428 W app_process: JNI RegisterNativeMethods: attempt to register 0 native methods for android.media.AudioAttributes
05-29 02:18:01.280  9428  9428 W app_process: type=1400 audit(0.0:866): avc: denied { read } for name="u:object_r:device_config_runtime_native_boot_prop:s0" dev="tmpfs" ino=8385 scontext=u:r:shell:s0 tcontext=u:object_r:device_config_runtime_native_boot_prop:s0 tclass=file permissive=0
05-29 02:18:01.456  7649  7649 I ProvidersCache: Updating roots due to change on user 0at content://com.android.providers.media.documents/root
05-29 02:18:01.757  7649  7649 I ProvidersCache: Updating roots due to change on user 0at content://com.android.providers.media.documents/root
05-29 02:18:03.150   162   162 I hwservicemanager: getTransport: Cannot find entry android.hardware.graphics.mapper@4.0::IMapper/default in either framework or device manifest.
05-29 02:18:03.151  9463  9463 I Gralloc4: mapper 4.x is not supported
05-29 02:18:03.231  1451  2312 I MediaProvider: Begin Intent { act=android.intent.action.MEDIA_SCANNER_SCAN_FILE dat=file:///sdcard/screen_2026-05-29_021804.png flg=0x1400010 cmp=com.android.providers.media.module/com.android.providers.media.MediaService }
05-29 02:18:03.239  1451  2312 W ModernMediaScanner: Failed to visit /sdcard/screen_2026-05-29_021804.png: java.nio.file.AccessDeniedException: /sdcard/screen_2026-05-29_021804.png
05-29 02:18:03.240  1451  2312 I MediaProvider: Scanned internal due to REASON_DEMAND, found 0 items in 1ms, 0 inserts 0 updates 0 deletes
05-29 02:18:03.240  1451  2312 I MediaProvider: End Intent { act=android.intent.action.MEDIA_SCANNER_SCAN_FILE dat=file:///sdcard/screen_2026-05-29_021804.png flg=0x1400010 cmp=com.android.providers.media.module/com.android.providers.media.MediaService }
05-29 02:18:03.228  1451  1451 W com.android.providers.media.module: type=1400 audit(0.0:867): avc: denied { read } for comm=4173796E635461736B202331 name="primary" dev="tmpfs" ino=27897 scontext=u:r:mediaprovider_app:s0:c125,c256,c512,c768 tcontext=u:object_r:mnt_pass_through_file:s0 tclass=lnk_file permissive=0 app=com.android.providers.media.module
05-29 02:18:03.267  1451  1732 I MediaProvider: Deleted 1 items on external_primary due to com.android.shell
05-29 02:18:03.228  1451  1451 W com.android.providers.media.module: type=1400 audit(0.0:868): avc: denied { read } for comm=4173796E635461736B202331 name="primary" dev="tmpfs" ino=27897 scontext=u:r:mediaprovider_app:s0:c125,c256,c512,c768 tcontext=u:object_r:mnt_pass_through_file:s0 tclass=lnk_file permissive=0 app=com.android.providers.media.module
05-29 02:18:03.315  9478  9479 I cmd     : oneway function results will be dropped but finished with status OK and parcel size 4
05-29 02:18:03.228  1451  1451 W com.android.providers.media.module: type=1400 audit(0.0:872): avc: denied { read } for comm=4173796E635461736B202331 name="primary" dev="tmpfs" ino=27897 scontext=u:r:mediaprovider_app:s0:c125,c256,c512,c768 tcontext=u:object_r:mnt_pass_through_file:s0 tclass=lnk_file permissive=0 app=com.android.providers.media.module
05-29 02:18:03.486   162   162 I hwservicemanager: getTransport: Cannot find entry android.hardware.graphics.mapper@4.0::IMapper/default in either framework or device manifest.
05-29 02:18:03.487  9500  9500 I Gralloc4: mapper 4.x is not supported
05-29 02:18:03.563  9504  9506 I cmd     : oneway function results will be dropped but finished with status OK and parcel size 4
05-29 02:18:03.564  1451  2312 I MediaProvider: Begin Intent { act=android.intent.action.MEDIA_SCANNER_SCAN_FILE dat=file:///sdcard/screen_2026-05-29_021804.png flg=0x1400010 cmp=com.android.providers.media.module/com.android.providers.media.MediaService }
05-29 02:18:04.140     0     0 W audit   : audit_lost=474 audit_rate_limit=5 audit_backlog_limit=64
05-29 02:18:04.146     0     0 E audit   : rate limit exceeded
05-29 02:18:03.573  1451  2312 W ModernMediaScanner: Failed to visit /sdcard/screen_2026-05-29_021804.png: java.nio.file.AccessDeniedException: /sdcard/screen_2026-05-29_021804.png
05-29 02:18:03.574  1451  2312 I MediaProvider: Scanned internal due to REASON_DEMAND, found 0 items in 1ms, 0 inserts 0 updates 0 deletes
05-29 02:18:03.576  1451  2312 I MediaProvider: End Intent { act=android.intent.action.MEDIA_SCANNER_SCAN_FILE dat=file:///sdcard/screen_2026-05-29_021804.png flg=0x1400010 cmp=com.android.providers.media.module/com.android.providers.media.MediaService }
05-29 02:18:03.603  1451  1734 I MediaProvider: Deleted 1 items on external_primary due to com.android.shell
05-29 02:18:03.640  9515  9517 I cmd     : oneway function results will be dropped but finished with status OK and parcel size 4
05-29 02:18:03.805   162   162 I hwservicemanager: getTransport: Cannot find entry android.hardware.graphics.mapper@4.0::IMapper/default in either framework or device manifest.
05-29 02:18:03.805  9537  9537 I Gralloc4: mapper 4.x is not supported
05-29 02:18:03.878  1428  1908 I Dialer  : OmtpVvmCarrierCfgHlpr - OmtpEvent:CONFIG_STATUS_SMS_TIME_OUT
05-29 02:18:03.878  1428  1428 I Dialer  : RetryPolicy - discarding deferred status: configuration_state=4
05-29 02:18:03.880  1428  1428 I Dialer  : VvmTaskExecutor - no more tasks, stopping service if no task are added in 5000 millis
05-29 02:18:03.883  9541  9543 I cmd     : oneway function results will be dropped but finished with status OK and parcel size 4
05-29 02:18:03.884  1428  1428 I Dialer  : VvmTaskReceiver - task received
05-29 02:18:03.884  1428  1428 I Dialer  : VvmTaskReceiver - TaskExecutor already running
05-29 02:18:03.884  1428  1428 I Dialer  : Task.createTask - create task:com.android.voicemail.impl.ActivationTask
05-29 02:18:03.884  1428  1428 I Dialer  : RetryPolicy - retry #2 for com.android.voicemail.impl.ActivationTask@68a1200 queued, executing in 5000
05-29 02:18:03.884  1428  1428 I Dialer  : VvmTaskExecutor - com.android.voicemail.impl.ActivationTask@68a1200 added
05-29 02:18:03.884  1428  1428 I Dialer  : VvmTaskExecutor - minimal wait time:4999
05-29 02:18:03.884  1428  1428 I Dialer  : VvmTaskExecutor - sleep for 4999 millis
05-29 02:18:03.885  1451  2312 I MediaProvider: Begin Intent { act=android.intent.action.MEDIA_SCANNER_SCAN_FILE dat=file:///sdcard/screen_2026-05-29_021804.png flg=0x1400010 cmp=com.android.providers.media.module/com.android.providers.media.MediaService }
05-29 02:18:03.891  1451  2312 W ModernMediaScanner: Failed to visit /sdcard/screen_2026-05-29_021804.png: java.nio.file.AccessDeniedException: /sdcard/screen_2026-05-29_021804.png
05-29 02:18:03.892  1451  2312 I MediaProvider: Scanned internal due to REASON_DEMAND, found 0 items in 7ms, 0 inserts 0 updates 0 deletes
