--------- beginning of main
05-29 02:17:29.865  7617  7620 I cmd     : oneway function results will be dropped but finished with status OK and parcel size 4
05-29 02:17:29.873  1329  1329 I LatinIME: Hardware accelerated drawing: true
05-29 02:17:29.879  1329  1329 W InputAttributes: No editor info for this field. Bug?
05-29 02:17:29.880   345   345 I android.hardware.vibrator-service.example: Vibrator reporting capabilities
05-29 02:17:29.881  1329  1379 I LatinIME:LogUtils: Dictionary info: dictionary = UserHistoryDictionary.en_US ; version = 1780020955 ; date = 1780020961
05-29 02:17:29.883  1329  1379 I LatinIME:LogUtils: Dictionary info: dictionary = userunigram.en_US ; version = 1780021049 ; date = ?
--------- beginning of system
05-29 02:17:29.898   512  1178 W ActivityTaskManager: Current config: {1.0 310mcc260mnc [en_US] ldltr sw320dp w320dp h616dp 160dpi nrml long port finger qwerty/v/v -nav/h winConfig={ mBounds=Rect(0, 0 - 320, 640) mAppBounds=Rect(0, 0 - 320, 640) mWindowingMode=fullscreen mDisplayWindowingMode=fullscreen mActivityType=undefined mAlwaysOnTop=undefined mRotation=ROTATION_0} s.8} unchanged for IME proc com.android.inputmethod.latin
05-29 02:17:29.916  1329  1379 I LatinIME:LogUtils: Dictionary info: dictionary = main:en ; version = 54 ; date = 1414726273
05-29 02:17:29.933  7625  7627 I cmd     : oneway function results will be dropped but finished with status OK and parcel size 4
05-29 02:17:29.898   512  1178 I chatty  : uid=1000(system) Binder:512_A identical 1 line
05-29 02:17:29.898   512  1178 W ActivityTaskManager: Current config: {1.0 310mcc260mnc [en_US] ldltr sw320dp w320dp h616dp 160dpi nrml long port finger qwerty/v/v -nav/h winConfig={ mBounds=Rect(0, 0 - 320, 640) mAppBounds=Rect(0, 0 - 320, 640) mWindowingMode=fullscreen mDisplayWindowingMode=fullscreen mActivityType=undefined mAlwaysOnTop=undefined mRotation=ROTATION_0} s.8} unchanged for IME proc com.android.inputmethod.latin
05-29 02:17:29.957   512   551 I ActivityManager: Force stopping com.mocoding.pokedex.android appid=10131 user=-1: deletePackageX
05-29 02:17:29.957   512   551 I ActivityManager: Killing 2637:com.mocoding.pokedex.android/u0a131 (adj 0): stop com.mocoding.pokedex.android due to deletePackageX
05-29 02:17:29.960   512   551 W ActivityTaskManager: Force removing ActivityRecord{772abc8 u0 com.mocoding.pokedex.android/.MainActivity t10 f}}: app died, no saved state
05-29 02:17:29.963   512   568 I PackageManager: Removing permission com.mocoding.pokedex.android.DYNAMIC_RECEIVER_NOT_EXPORTED_PERMISSION that used to be declared by com.mocoding.pokedex.android
05-29 02:17:29.963   512   568 W PackageManager: Removing dangling permission: com.mocoding.pokedex.android.DYNAMIC_RECEIVER_NOT_EXPORTED_PERMISSION from package com.mocoding.pokedex.android
05-29 02:17:29.963   512   568 I PackageManager: Permission ownership changed. Updating all permissions.
05-29 02:17:29.984   512   551 W InputReader: Device virtio_input_multi_touch_10 is associated with display ADISPLAY_ID_NONE.
05-29 02:17:29.984   512   551 W InputReader: Device virtio_input_multi_touch_7 is associated with display ADISPLAY_ID_NONE.
05-29 02:17:29.984   512   551 W InputReader: Device virtio_input_multi_touch_4 is associated with display ADISPLAY_ID_NONE.
05-29 02:17:29.984   512   551 W InputReader: Device virtio_input_multi_touch_5 is associated with display ADISPLAY_ID_NONE.
05-29 02:17:29.984   512   551 W InputReader: Device virtio_input_multi_touch_2 is associated with display ADISPLAY_ID_NONE.
05-29 02:17:29.984   512   551 W InputReader: Device virtio_input_multi_touch_6 is associated with display ADISPLAY_ID_NONE.
05-29 02:17:29.984   512   551 W InputReader: Device virtio_input_multi_touch_3 is associated with display ADISPLAY_ID_NONE.
05-29 02:17:29.984   512   551 W InputReader: Device virtio_input_multi_touch_8 is associated with display ADISPLAY_ID_NONE.
05-29 02:17:29.984   512   551 W InputReader: Device virtio_input_multi_touch_9 is associated with display ADISPLAY_ID_NONE.
05-29 02:17:29.984   512   551 W InputReader: Device virtio_input_multi_touch_11 is associated with display ADISPLAY_ID_NONE.
05-29 02:17:29.984   512   551 W InputReader: Device virtio_input_multi_touch_10 is associated with display ADISPLAY_ID_NONE.
05-29 02:17:29.984   512   551 W InputReader: Device virtio_input_multi_touch_7 is associated with display ADISPLAY_ID_NONE.
05-29 02:17:29.984   512   551 W InputReader: Device virtio_input_multi_touch_4 is associated with display ADISPLAY_ID_NONE.
05-29 02:17:29.984   512   551 W InputReader: Device virtio_input_multi_touch_5 is associated with display ADISPLAY_ID_NONE.
05-29 02:17:29.984   512   551 W InputReader: Device virtio_input_multi_touch_2 is associated with display ADISPLAY_ID_NONE.
05-29 02:17:29.984   512   551 W InputReader: Device virtio_input_multi_touch_6 is associated with display ADISPLAY_ID_NONE.
05-29 02:17:29.984   512   551 W InputReader: Device virtio_input_multi_touch_3 is associated with display ADISPLAY_ID_NONE.
05-29 02:17:29.984   512   551 W InputReader: Device virtio_input_multi_touch_8 is associated with display ADISPLAY_ID_NONE.
05-29 02:17:29.984   512   551 W InputReader: Device virtio_input_multi_touch_9 is associated with display ADISPLAY_ID_NONE.
05-29 02:17:29.984   512   551 W InputReader: Device virtio_input_multi_touch_11 is associated with display ADISPLAY_ID_NONE.
05-29 02:17:29.988   441   441 I keystore: clear_uid 10131
05-29 02:17:29.999   512  1691 W WindowManager: Cannot find window which accessibility connection is added to
05-29 02:17:29.999   512   545 W ActivityManager: setHasOverlayUi called on unknown pid: 2637
05-29 02:17:30.000   512   568 E PermissionMonitor: unknown permission type: -1for uid: 10131
05-29 02:17:30.002   281   281 I Zygote  : Process 2637 exited due to signal 9 (Killed)
05-29 02:17:30.003   512   553 I libprocessgroup: Successfully killed process cgroup uid 10131 pid 2637 in 42ms
--------- beginning of kernel
05-29 02:17:30.572     0     0 I binder  : undelivered transaction 162120, process died.
05-29 02:17:30.041   512  1434 E TaskPersister: File error accessing recents directory (directory doesn't exist?).
05-29 02:17:30.622     0     0 I binder  : release 7631:7631 transaction 162096 out, still active
05-29 02:17:30.627     0     0 I binder  : undelivered TRANSACTION_COMPLETE
05-29 02:17:30.083   512   568 I system_server: Explicit concurrent copying GC freed 84577(3723KB) AllocSpace objects, 33(912KB) LOS objects, 49% free, 9672KB/18MB, paused 30us total 82.569ms
05-29 02:17:30.677     0     0 E binder  : invalid inc weak node for 162097
05-29 02:17:30.681     0     0 I binder  : 512:1735 IncRefs 0 refcount change on invalid ref 11 ret -22
05-29 02:17:30.685     0     0 E binder  : invalid inc weak node for 162099
05-29 02:17:30.688     0     0 I binder  : 512:1735 IncRefs 0 refcount change on invalid ref 81 ret -22
05-29 02:17:30.117   512   568 I ActivityManager: Force stopping com.mocoding.pokedex.android appid=10131 user=0: pkg removed
05-29 02:17:30.693     0     0 I binder  : 512:1735 transaction failed 29189/-22, size 104-0 line 2692
05-29 02:17:30.699     0     0 I binder  : 512:1735 transaction failed 29189/0, size 4-0 line 2624
05-29 02:17:30.705     0     0 I binder  : send failed reply for transaction 162096, target dead
05-29 02:17:30.135   512  1434 E TaskPersister: File error accessing recents directory (directory doesn't exist?).
05-29 02:17:30.137   512   551 W BroadcastQueue: Background execution not allowed: receiving Intent { act=android.intent.action.PACKAGE_REMOVED dat=package:com.mocoding.pokedex.android flg=0x4000010 (has extras) } to com.android.gallery3d/.app.PackagesMonitor
05-29 02:17:30.137   512   551 W BroadcastQueue: Background execution not allowed: receiving Intent { act=android.intent.action.PACKAGE_REMOVED dat=package:com.mocoding.pokedex.android flg=0x4000010 (has extras) } to com.android.musicfx/.Compatibility$Receiver
05-29 02:17:30.138  1451  1451 I MediaProvider: Invalidating LocalCallingIdentity cache for package com.mocoding.pokedex.android. Reason: package android.intent.action.PACKAGE_REMOVED
05-29 02:17:30.141   512   607 I InputReader: Reconfiguring input devices, changes=KEYBOARD_LAYOUTS | 
05-29 02:17:30.143  1329  1379 I LatinIME:LogUtils: Dictionary info: dictionary = main:en ; version = 54 ; date = 1414726273
05-29 02:17:30.144   512   542 I RoleManagerService: Granting default roles...
05-29 02:17:30.146   512   600 I RollbackManager: broadcast=ACTION_PACKAGE_FULLY_REMOVED pkg=com.mocoding.pokedex.android
05-29 02:17:30.154   512   512 W WifiService: Couldn't get PackageInfo for package:com.mocoding.pokedex.android
05-29 02:17:30.154   512   512 W WifiService: Couldn't get PackageInfo for package:com.mocoding.pokedex.android
05-29 02:17:30.157   512   512 I ConditionProviders: Disallowing condition provider com.mocoding.pokedex.android
05-29 02:17:30.164   512   658 I PasspointManager: No app ops listener found for com.mocoding.pokedex.android
05-29 02:17:30.174   512   658 I PasspointManager: No app ops listener found for com.mocoding.pokedex.android
05-29 02:17:30.176   512   552 I ActivityManager: Start proc 7649:com.android.documentsui/u0a76 for broadcast {com.android.documentsui/com.android.documentsui.PackageReceiver}
05-29 02:17:30.200  7649  7649 W oid.documentsu: Unexpected CPU variant for X86 using defaults: x86_64
05-29 02:17:30.202   512   552 W ActivityManager: Slow operation: 55ms so far, now at startProcess: returned from zygote!
05-29 02:17:30.202   512   552 W ActivityManager: Slow operation: 55ms so far, now at startProcess: done updating battery stats
05-29 02:17:30.202   512   552 W ActivityManager: Slow operation: 55ms so far, now at startProcess: building log message
05-29 02:17:30.202   512   552 I ActivityManager: Start proc 7658:com.android.keychain/1000 for service {com.android.keychain/com.android.keychain.KeyChainService}
05-29 02:17:30.202   512   552 W ActivityManager: Slow operation: 55ms so far, now at startProcess: starting to update pids map
05-29 02:17:30.202   512   552 W ActivityManager: Slow operation: 55ms so far, now at startProcess: done updating pids map
05-29 02:17:30.212  7658  7658 W ndroid.keychai: Unexpected CPU variant for X86 using defaults: x86_64
05-29 02:17:30.216   397   404 I adbd    : jdwp connection from 7658
05-29 02:17:30.216   397   404 I adbd    : jdwp connection from 7649
05-29 02:17:30.243   512   556 E libprocessgroup: AddTidToCgroup failed to write '7684'; fd=63: Invalid argument
05-29 02:17:30.243   512   556 E libprocessgroup: Failed to add task into cgroup
05-29 02:17:30.243   512   556 W libprocessgroup: ExecuteForTask failed for aggregate profile: Invalid argument
05-29 02:17:30.268  7649  7649 I oid.documentsu: The ClassLoaderContext is a special shared library.
05-29 02:17:30.269  7658  7658 I ndroid.keychai: The ClassLoaderContext is a special shared library.
05-29 02:17:30.284  7658  7687 W KeyChain: Creating new DB.
05-29 02:17:30.291  7649  7649 E ContextImpl: Tried to access visual service LayoutInflater from a non-visual Context:com.android.documentsui.DocumentsApplication@7ece604 Visual services, such as WindowManager, WallpaperService or LayoutInflater should be accessed from Activity or other visual Context. Use an Activity or a Context created with Context#createWindowContext(int, Bundle), which are adjusted to the configuration and visual bounds of an area on screen.
05-29 02:17:30.291  7649  7649 E ContextImpl: java.lang.IllegalAccessException: Tried to access visual service LayoutInflater from a non-visual Context:com.android.documentsui.DocumentsApplication@7ece604
05-29 02:17:30.291  7649  7649 E ContextImpl: 	at android.app.ContextImpl.getSystemService(ContextImpl.java:1914)
05-29 02:17:30.291  7649  7649 E ContextImpl: 	at android.content.ContextWrapper.getSystemService(ContextWrapper.java:803)
05-29 02:17:30.291  7649  7649 E ContextImpl: 	at android.view.LayoutInflater.from(LayoutInflater.java:282)
05-29 02:17:30.291  7649  7649 E ContextImpl: 	at com.android.documentsui.DragShadowBuilder.<init>(DragShadowBuilder.java:49)
05-29 02:17:30.291  7649  7649 E ContextImpl: 	at com.android.documentsui.DragAndDropManager$RuntimeDragAndDropManager.<init>(DragAndDropManager.java:195)
05-29 02:17:30.291  7649  7649 E ContextImpl: 	at com.android.documentsui.DragAndDropManager$RuntimeDragAndDropManager.<init>(DragAndDropManager.java:166)
05-29 02:17:30.291  7649  7649 E ContextImpl: 	at com.android.documentsui.DragAndDropManager.create(DragAndDropManager.java:163)
05-29 02:17:30.291  7649  7649 E ContextImpl: 	at com.android.documentsui.DocumentsApplication.onCreate(DocumentsApplication.java:145)
05-29 02:17:30.291  7649  7649 E ContextImpl: 	at android.app.Instrumentation.callApplicationOnCreate(Instrumentation.java:1192)
05-29 02:17:30.291  7649  7649 E ContextImpl: 	at android.app.ActivityThread.handleBindApplication(ActivityThread.java:6712)
05-29 02:17:30.291  7649  7649 E ContextImpl: 	at android.app.ActivityThread.access$1300(ActivityThread.java:237)
05-29 02:17:30.291  7649  7649 E ContextImpl: 	at android.app.ActivityThread$H.handleMessage(ActivityThread.java:1913)
05-29 02:17:30.291  7649  7649 E ContextImpl: 	at android.os.Handler.dispatchMessage(Handler.java:106)
05-29 02:17:30.291  7649  7649 E ContextImpl: 	at android.os.Looper.loop(Looper.java:223)
05-29 02:17:30.291  7649  7649 E ContextImpl: 	at android.app.ActivityThread.main(ActivityThread.java:7656)
05-29 02:17:30.291  7649  7649 E ContextImpl: 	at java.lang.reflect.Method.invoke(Native Method)
05-29 02:17:30.291  7649  7649 E ContextImpl: 	at com.android.internal.os.RuntimeInit$MethodAndArgsCaller.run(RuntimeInit.java:592)
05-29 02:17:30.291  7649  7649 E ContextImpl: 	at com.android.internal.os.ZygoteInit.main(ZygoteInit.java:947)
05-29 02:17:30.294  7649  7649 E ViewConfiguration: Tried to access UI constants from a non-visual Context:com.android.documentsui.DocumentsApplication@7ece604UI constants, such as display metrics or window metrics, must be accessed from Activity or other visual Context. Use an Activity or a Context created with Context#createWindowContext(int, Bundle), which are adjusted to the configuration and visual bounds of an area on screen
05-29 02:17:30.294  7649  7649 E ViewConfiguration: java.lang.IllegalArgumentException: Tried to access UI constants from a non-visual Context:com.android.documentsui.DocumentsApplication@7ece604
05-29 02:17:30.294  7649  7649 E ViewConfiguration: 	at android.view.ViewConfiguration.get(ViewConfiguration.java:510)
05-29 02:17:30.294  7649  7649 E ViewConfiguration: 	at android.view.View.<init>(View.java:5317)
05-29 02:17:30.294  7649  7649 E ViewConfiguration: 	at android.view.View.<init>(View.java:5467)
05-29 02:17:30.294  7649  7649 E ViewConfiguration: 	at android.view.ViewGroup.<init>(ViewGroup.java:697)
05-29 02:17:30.294  7649  7649 E ViewConfiguration: 	at android.widget.LinearLayout.<init>(LinearLayout.java:254)
05-29 02:17:30.294  7649  7649 E ViewConfiguration: 	at android.widget.LinearLayout.<init>(LinearLayout.java:250)
05-29 02:17:30.294  7649  7649 E ViewConfiguration: 	at android.widget.LinearLayout.<init>(LinearLayout.java:246)
05-29 02:17:30.294  7649  7649 E ViewConfiguration: 	at java.lang.reflect.Constructor.newInstance0(Native Method)
05-29 02:17:30.294  7649  7649 E ViewConfiguration: 	at java.lang.reflect.Constructor.newInstance(Constructor.java:343)
05-29 02:17:30.294  7649  7649 E ViewConfiguration: 	at android.view.LayoutInflater.createView(LayoutInflater.java:852)
05-29 02:17:30.294  7649  7649 E ViewConfiguration: 	at android.view.LayoutInflater.createView(LayoutInflater.java:774)
05-29 02:17:30.294  7649  7649 E ViewConfiguration: 	at com.android.internal.policy.PhoneLayoutInflater.onCreateView(PhoneLayoutInflater.java:58)
05-29 02:17:30.294  7649  7649 E ViewConfiguration: 	at android.view.LayoutInflater.onCreateView(LayoutInflater.java:928)
05-29 02:17:30.294  7649  7649 E ViewConfiguration: 	at android.view.LayoutInflater.onCreateView(LayoutInflater.java:948)
05-29 02:17:30.294  7649  7649 E ViewConfiguration: 	at android.view.LayoutInflater.createViewFromTag(LayoutInflater.java:1002)
05-29 02:17:30.294  7649  7649 E ViewConfiguration: 	at android.view.LayoutInflater.createViewFromTag(LayoutInflater.java:959)
05-29 02:17:30.294  7649  7649 E ViewConfiguration: 	at android.view.LayoutInflater.inflate(LayoutInflater.java:657)
05-29 02:17:30.294  7649  7649 E ViewConfiguration: 	at android.view.LayoutInflater.inflate(LayoutInflater.java:532)
05-29 02:17:30.294  7649  7649 E ViewConfiguration: 	at android.view.LayoutInflater.inflate(LayoutInflater.java:479)
05-29 02:17:30.294  7649  7649 E ViewConfiguration: 	at com.android.documentsui.DragShadowBuilder.<init>(DragShadowBuilder.java:49)
05-29 02:17:30.294  7649  7649 E ViewConfiguration: 	at com.android.documentsui.DragAndDropManager$RuntimeDragAndDropManager.<init>(DragAndDropManager.java:195)
05-29 02:17:30.294  7649  7649 E ViewConfiguration: 	at com.android.documentsui.DragAndDropManager$RuntimeDragAndDropManager.<init>(DragAndDropManager.java:166)
05-29 02:17:30.294  7649  7649 E ViewConfiguration: 	at com.android.documentsui.DragAndDropManager.create(DragAndDropManager.java:163)
05-29 02:17:30.294  7649  7649 E ViewConfiguration: 	at com.android.documentsui.DocumentsApplication.onCreate(DocumentsApplication.java:145)
05-29 02:17:30.294  7649  7649 E ViewConfiguration: 	at android.app.Instrumentation.callApplicationOnCreate(Instrumentation.java:1192)
05-29 02:17:30.294  7649  7649 E ViewConfiguration: 	at android.app.ActivityThread.handleBindApplication(ActivityThread.java:6712)
05-29 02:17:30.294  7649  7649 E ViewConfiguration: 	at android.app.ActivityThread.access$1300(ActivityThread.java:237)
05-29 02:17:30.294  7649  7649 E ViewConfiguration: 	at android.app.ActivityThread$H.handleMessage(ActivityThread.java:1913)
05-29 02:17:30.294  7649  7649 E ViewConfiguration: 	at android.os.Handler.dispatchMessage(Handler.java:106)
05-29 02:17:30.294  7649  7649 E ViewConfiguration: 	at android.os.Looper.loop(Looper.java:223)
05-29 02:17:30.294  7649  7649 E ViewConfiguration: 	at android.app.ActivityThread.main(ActivityThread.java:7656)
05-29 02:17:30.294  7649  7649 E ViewConfiguration: 	at java.lang.reflect.Method.invoke(Native Method)
05-29 02:17:30.294  7649  7649 E ViewConfiguration: 	at com.android.internal.os.RuntimeInit$MethodAndArgsCaller.run(RuntimeInit.java:592)
05-29 02:17:30.294  7649  7649 E ViewConfiguration: 	at com.android.internal.os.ZygoteInit.main(ZygoteInit.java:947)
05-29 02:17:30.295  7649  7649 E ContextImpl: Tried to access visual service WindowManager from a non-visual Context:com.android.documentsui.DocumentsApplication@7ece604 Visual services, such as WindowManager, WallpaperService or LayoutInflater should be accessed from Activity or other visual Context. Use an Activity or a Context created with Context#createWindowContext(int, Bundle), which are adjusted to the configuration and visual bounds of an area on screen.
05-29 02:17:30.295  7649  7649 E ContextImpl: java.lang.IllegalAccessException: Tried to access visual service WindowManager from a non-visual Context:com.android.documentsui.DocumentsApplication@7ece604
05-29 02:17:30.295  7649  7649 E ContextImpl: 	at android.app.ContextImpl.getSystemService(ContextImpl.java:1914)
05-29 02:17:30.295  7649  7649 E ContextImpl: 	at android.content.ContextWrapper.getSystemService(ContextWrapper.java:803)
05-29 02:17:30.295  7649  7649 E ContextImpl: 	at android.content.Context.getSystemService(Context.java:3705)
05-29 02:17:30.295  7649  7649 E ContextImpl: 	at android.view.ViewConfiguration.<init>(ViewConfiguration.java:422)
05-29 02:17:30.295  7649  7649 E ContextImpl: 	at android.view.ViewConfiguration.get(ViewConfiguration.java:520)
05-29 02:17:30.295  7649  7649 E ContextImpl: 	at android.view.View.<init>(View.java:5317)
05-29 02:17:30.295  7649  7649 E ContextImpl: 	at android.view.View.<init>(View.java:5467)
05-29 02:17:30.295  7649  7649 E ContextImpl: 	at android.view.ViewGroup.<init>(ViewGroup.java:697)
05-29 02:17:30.295  7649  7649 E ContextImpl: 	at android.widget.LinearLayout.<init>(LinearLayout.java:254)
05-29 02:17:30.295  7649  7649 E ContextImpl: 	at android.widget.LinearLayout.<init>(LinearLayout.java:250)
05-29 02:17:30.295  7649  7649 E ContextImpl: 	at android.widget.LinearLayout.<init>(LinearLayout.java:246)
05-29 02:17:30.295  7649  7649 E ContextImpl: 	at java.lang.reflect.Constructor.newInstance0(Native Method)
05-29 02:17:30.295  7649  7649 E ContextImpl: 	at java.lang.reflect.Constructor.newInstance(Constructor.java:343)
05-29 02:17:30.295  7649  7649 E ContextImpl: 	at android.view.LayoutInflater.createView(LayoutInflater.java:852)
05-29 02:17:30.295  7649  7649 E ContextImpl: 	at android.view.LayoutInflater.createView(LayoutInflater.java:774)
05-29 02:17:30.295  7649  7649 E ContextImpl: 	at com.android.internal.policy.PhoneLayoutInflater.onCreateView(PhoneLayoutInflater.java:58)
05-29 02:17:30.295  7649  7649 E ContextImpl: 	at android.view.LayoutInflater.onCreateView(LayoutInflater.java:928)
05-29 02:17:30.295  7649  7649 E ContextImpl: 	at android.view.LayoutInflater.onCreateView(LayoutInflater.java:948)
05-29 02:17:30.295  7649  7649 E ContextImpl: 	at android.view.LayoutInflater.createViewFromTag(LayoutInflater.java:1002)
05-29 02:17:30.295  7649  7649 E ContextImpl: 	at android.view.LayoutInflater.createViewFromTag(LayoutInflater.java:959)
05-29 02:17:30.295  7649  7649 E ContextImpl: 	at android.view.LayoutInflater.inflate(LayoutInflater.java:657)
05-29 02:17:30.295  7649  7649 E ContextImpl: 	at android.view.LayoutInflater.inflate(LayoutInflater.java:532)
05-29 02:17:30.295  7649  7649 E ContextImpl: 	at android.view.LayoutInflater.inflate(LayoutInflater.java:479)
05-29 02:17:30.295  7649  7649 E ContextImpl: 	at com.android.documentsui.DragShadowBuilder.<init>(DragShadowBuilder.java:49)
05-29 02:17:30.295  7649  7649 E ContextImpl: 	at com.android.documentsui.DragAndDropManager$RuntimeDragAndDropManager.<init>(DragAndDropManager.java:195)
05-29 02:17:30.295  7649  7649 E ContextImpl: 	at com.android.documentsui.DragAndDropManager$RuntimeDragAndDropManager.<init>(DragAndDropManager.java:166)
05-29 02:17:30.295  7649  7649 E ContextImpl: 	at com.android.documentsui.DragAndDropManager.create(DragAndDropManager.java:163)
05-29 02:17:30.295  7649  7649 E ContextImpl: 	at com.android.documentsui.DocumentsApplication.onCreate(DocumentsApplication.java:145)
05-29 02:17:30.295  7649  7649 E ContextImpl: 	at android.app.Instrumentation.callApplicationOnCreate(Instrumentation.java:1192)
05-29 02:17:30.295  7649  7649 E ContextImpl: 	at android.app.ActivityThread.handleBindApplication(ActivityThread.java:6712)
05-29 02:17:30.295  7649  7649 E ContextImpl: 	at android.app.ActivityThread.access$1300(ActivityThread.java:237)
05-29 02:17:30.295  7649  7649 E ContextImpl: 	at android.app.ActivityThread$H.handleMessage(ActivityThread.java:1913)
05-29 02:17:30.295  7649  7649 E ContextImpl: 	at android.os.Handler.dispatchMessage(Handler.java:106)
05-29 02:17:30.295  7649  7649 E ContextImpl: 	at android.os.Looper.loop(Looper.java:223)
05-29 02:17:30.295  7649  7649 E ContextImpl: 	at android.app.ActivityThread.main(ActivityThread.java:7656)
05-29 02:17:30.295  7649  7649 E ContextImpl: 	at java.lang.reflect.Method.invoke(Native Method)
05-29 02:17:30.295  7649  7649 E ContextImpl: 	at com.android.internal.os.RuntimeInit$MethodAndArgsCaller.run(RuntimeInit.java:592)
05-29 02:17:30.295  7649  7649 E ContextImpl: 	at com.android.internal.os.ZygoteInit.main(ZygoteInit.java:947)
05-29 02:17:30.297  7649  7649 E ViewConfiguration: Tried to access UI constants from a non-visual Context:com.android.documentsui.DocumentsApplication@7ece604UI constants, such as display metrics or window metrics, must be accessed from Activity or other visual Context. Use an Activity or a Context created with Context#createWindowContext(int, Bundle), which are adjusted to the configuration and visual bounds of an area on screen
05-29 02:17:30.297  7649  7649 E ViewConfiguration: java.lang.IllegalArgumentException: Tried to access UI constants from a non-visual Context:com.android.documentsui.DocumentsApplication@7ece604
05-29 02:17:30.297  7649  7649 E ViewConfiguration: 	at android.view.ViewConfiguration.get(ViewConfiguration.java:510)
05-29 02:17:30.297  7649  7649 E ViewConfiguration: 	at android.view.View.<init>(View.java:5317)
05-29 02:17:30.297  7649  7649 E ViewConfiguration: 	at android.view.View.<init>(View.java:5467)
05-29 02:17:30.297  7649  7649 E ViewConfiguration: 	at android.view.ViewGroup.<init>(ViewGroup.java:697)
05-29 02:17:30.297  7649  7649 E ViewConfiguration: 	at android.widget.LinearLayout.<init>(LinearLayout.java:254)
05-29 02:17:30.297  7649  7649 E ViewConfiguration: 	at android.widget.LinearLayout.<init>(LinearLayout.java:250)
05-29 02:17:30.297  7649  7649 E ViewConfiguration: 	at android.widget.LinearLayout.<init>(LinearLayout.java:246)
05-29 02:17:30.297  7649  7649 E ViewConfiguration: 	at java.lang.reflect.Constructor.newInstance0(Native Method)
05-29 02:17:30.297  7649  7649 E ViewConfiguration: 	at java.lang.reflect.Constructor.newInstance(Constructor.java:343)
05-29 02:17:30.297  7649  7649 E ViewConfiguration: 	at android.view.LayoutInflater.createView(LayoutInflater.java:852)
05-29 02:17:30.297  7649  7649 E ViewConfiguration: 	at android.view.LayoutInflater.createView(LayoutInflater.java:774)
05-29 02:17:30.297  7649  7649 E ViewConfiguration: 	at com.android.internal.policy.PhoneLayoutInflater.onCreateView(PhoneLayoutInflater.java:58)
05-29 02:17:30.297  7649  7649 E ViewConfiguration: 	at android.view.LayoutInflater.onCreateView(LayoutInflater.java:928)
05-29 02:17:30.297  7649  7649 E ViewConfiguration: 	at android.view.LayoutInflater.onCreateView(LayoutInflater.java:948)
05-29 02:17:30.297  7649  7649 E ViewConfiguration: 	at android.view.LayoutInflater.createViewFromTag(LayoutInflater.java:1002)
05-29 02:17:30.297  7649  7649 E ViewConfiguration: 	at android.view.LayoutInflater.createViewFromTag(LayoutInflater.java:959)
05-29 02:17:30.297  7649  7649 E ViewConfiguration: 	at android.view.LayoutInflater.rInflate(LayoutInflater.java:1121)
05-29 02:17:30.297  7649  7649 E ViewConfiguration: 	at android.view.LayoutInflater.rInflateChildren(LayoutInflater.java:1082)
05-29 02:17:30.297  7649  7649 E ViewConfiguration: 	at android.view.LayoutInflater.inflate(LayoutInflater.java:680)
05-29 02:17:30.297  7649  7649 E ViewConfiguration: 	at android.view.LayoutInflater.inflate(LayoutInflater.java:532)
05-29 02:17:30.297  7649  7649 E ViewConfiguration: 	at android.view.LayoutInflater.inflate(LayoutInflater.java:479)
05-29 02:17:30.297  7649  7649 E ViewConfiguration: 	at com.android.documentsui.DragShadowBuilder.<init>(DragShadowBuilder.java:49)
05-29 02:17:30.297  7649  7649 E ViewConfiguration: 	at com.android.documentsui.DragAndDropManager$RuntimeDragAndDropManager.<init>(DragAndDropManager.java:195)
05-29 02:17:30.297  7649  7649 E ViewConfiguration: 	at com.android.documentsui.DragAndDropManager$RuntimeDragAndDropManager.<init>(DragAndDropManager.java:166)
05-29 02:17:30.297  7649  7649 E ViewConfiguration: 	at com.android.documentsui.DragAndDropManager.create(DragAndDropManager.java:163)
05-29 02:17:30.297  7649  7649 E ViewConfiguration: 	at com.android.documentsui.DocumentsApplication.onCreate(DocumentsApplication.java:145)
05-29 02:17:30.297  7649  7649 E ViewConfiguration: 	at android.app.Instrumentation.callApplicationOnCreate(Instrumentation.java:1192)
05-29 02:17:30.297  7649  7649 E ViewConfiguration: 	at android.app.ActivityThread.handleBindApplication(ActivityThread.java:6712)
05-29 02:17:30.297  7649  7649 E ViewConfiguration: 	at android.app.ActivityThread.access$1300(ActivityThread.java:237)
05-29 02:17:30.297  7649  7649 E ViewConfiguration: 	at android.app.ActivityThread$H.handleMessage(ActivityThread.java:1913)
05-29 02:17:30.297  7649  7649 E ViewConfiguration: 	at android.os.Handler.dispatchMessage(Handler.java:106)
05-29 02:17:30.297  7649  7649 E ViewConfiguration: 	at android.os.Looper.loop(Looper.java:223)
05-29 02:17:30.297  7649  7649 E ViewConfiguration: 	at android.app.ActivityThread.main(ActivityThread.java:7656)
05-29 02:17:30.297  7649  7649 E ViewConfiguration: 	at java.lang.reflect.Method.invoke(Native Method)
05-29 02:17:30.297  7649  7649 E ViewConfiguration: 	at com.android.internal.os.RuntimeInit$MethodAndArgsCaller.run(RuntimeInit.java:592)
05-29 02:17:30.297  7649  7649 E ViewConfiguration: 	at com.android.internal.os.ZygoteInit.main(ZygoteInit.java:947)
05-29 02:17:30.300  7649  7649 E ViewConfiguration: Tried to access UI constants from a non-visual Context:com.android.documentsui.DocumentsApplication@7ece604UI constants, such as display metrics or window metrics, must be accessed from Activity or other visual Context. Use an Activity or a Context created with Context#createWindowContext(int, Bundle), which are adjusted to the configuration and visual bounds of an area on screen
05-29 02:17:30.300  7649  7649 E ViewConfiguration: java.lang.IllegalArgumentException: Tried to access UI constants from a non-visual Context:com.android.documentsui.DocumentsApplication@7ece604
05-29 02:17:30.300  7649  7649 E ViewConfiguration: 	at android.view.ViewConfiguration.get(ViewConfiguration.java:510)
05-29 02:17:30.300  7649  7649 E ViewConfiguration: 	at android.view.View.<init>(View.java:5317)
05-29 02:17:30.300  7649  7649 E ViewConfiguration: 	at android.view.View.<init>(View.java:5467)
05-29 02:17:30.300  7649  7649 E ViewConfiguration: 	at android.widget.ImageView.<init>(ImageView.java:195)
05-29 02:17:30.300  7649  7649 E ViewConfiguration: 	at android.widget.ImageView.<init>(ImageView.java:190)
05-29 02:17:30.300  7649  7649 E ViewConfiguration: 	at android.widget.ImageView.<init>(ImageView.java:186)
05-29 02:17:30.300  7649  7649 E ViewConfiguration: 	at com.android.documentsui.DropBadgeView.<init>(DropBadgeView.java:40)
05-29 02:17:30.300  7649  7649 E ViewConfiguration: 	at java.lang.reflect.Constructor.newInstance0(Native Method)
05-29 02:17:30.300  7649  7649 E ViewConfiguration: 	at java.lang.reflect.Constructor.newInstance(Constructor.java:343)
05-29 02:17:30.300  7649  7649 E ViewConfiguration: 	at android.view.LayoutInflater.createView(LayoutInflater.java:852)
05-29 02:17:30.300  7649  7649 E ViewConfiguration: 	at android.view.LayoutInflater.createViewFromTag(LayoutInflater.java:1004)
05-29 02:17:30.300  7649  7649 E ViewConfiguration: 	at android.view.LayoutInflater.parseInclude(LayoutInflater.java:1231)
05-29 02:17:30.300  7649  7649 E ViewConfiguration: 	at android.view.LayoutInflater.rInflate(LayoutInflater.java:1117)
05-29 02:17:30.300  7649  7649 E ViewConfiguration: 	at android.view.LayoutInflater.rInflateChildren(LayoutInflater.java:1082)
05-29 02:17:30.300  7649  7649 E ViewConfiguration: 	at android.view.LayoutInflater.rInflate(LayoutInflater.java:1124)
05-29 02:17:30.300  7649  7649 E ViewConfiguration: 	at android.view.LayoutInflater.rInflateChildren(LayoutInflater.java:1082)
05-29 02:17:30.300  7649  7649 E ViewConfiguration: 	at android.view.LayoutInflater.inflate(LayoutInflater.java:680)
05-29 02:17:30.300  7649  7649 E ViewConfiguration: 	at android.view.LayoutInflater.inflate(LayoutInflater.java:532)
05-29 02:17:30.300  7649  7649 E ViewConfiguration: 	at android.view.LayoutInflater.inflate(LayoutInflater.java:479)
05-29 02:17:30.300  7649  7649 E ViewConfiguration: 	at com.android.documentsui.DragShadowBuilder.<init>(DragShadowBuilder.java:49)
05-29 02:17:30.300  7649  7649 E ViewConfiguration: 	at com.android.documentsui.DragAndDropManager$RuntimeDragAndDropManager.<init>(DragAndDropManager.java:195)
05-29 02:17:30.300  7649  7649 E ViewConfiguration: 	at com.android.documentsui.DragAndDropManager$RuntimeDragAndDropManager.<init>(DragAndDropManager.java:166)
05-29 02:17:30.300  7649  7649 E ViewConfiguration: 	at com.android.documentsui.DragAndDropManager.create(DragAndDropManager.java:163)
05-29 02:17:30.300  7649  7649 E ViewConfiguration: 	at com.android.documentsui.DocumentsApplication.onCreate(DocumentsApplication.java:145)
05-29 02:17:30.300  7649  7649 E ViewConfiguration: 	at android.app.Instrumentation.callApplicationOnCreate(Instrumentation.java:1192)
05-29 02:17:30.300  7649  7649 E ViewConfiguration: 	at android.app.ActivityThread.handleBindApplication(ActivityThread.java:6712)
05-29 02:17:30.300  7649  7649 E ViewConfiguration: 	at android.app.ActivityThread.access$1300(ActivityThread.java:237)
05-29 02:17:30.300  7649  7649 E ViewConfiguration: 	at android.app.ActivityThread$H.handleMessage(ActivityThread.java:1913)
05-29 02:17:30.300  7649  7649 E ViewConfiguration: 	at android.os.Handler.dispatchMessage(Handler.java:106)
05-29 02:17:30.300  7649  7649 E ViewConfiguration: 	at android.os.Looper.loop(Looper.java:223)
05-29 02:17:30.300  7649  7649 E ViewConfiguration: 	at android.app.ActivityThread.main(ActivityThread.java:7656)
05-29 02:17:30.300  7649  7649 E ViewConfiguration: 	at java.lang.reflect.Method.invoke(Native Method)
05-29 02:17:30.300  7649  7649 E ViewConfiguration: 	at com.android.internal.os.RuntimeInit$MethodAndArgsCaller.run(RuntimeInit.java:592)
05-29 02:17:30.300  7649  7649 E ViewConfiguration: 	at com.android.internal.os.ZygoteInit.main(ZygoteInit.java:947)
05-29 02:17:30.305  7649  7649 E ViewConfiguration: Tried to access UI constants from a non-visual Context:com.android.documentsui.DocumentsApplication@7ece604UI constants, such as display metrics or window metrics, must be accessed from Activity or other visual Context. Use an Activity or a Context created with Context#createWindowContext(int, Bundle), which are adjusted to the configuration and visual bounds of an area on screen
05-29 02:17:30.305  7649  7649 E ViewConfiguration: java.lang.IllegalArgumentException: Tried to access UI constants from a non-visual Context:com.android.documentsui.DocumentsApplication@7ece604
05-29 02:17:30.305  7649  7649 E ViewConfiguration: 	at android.view.ViewConfiguration.get(ViewConfiguration.java:510)
05-29 02:17:30.305  7649  7649 E ViewConfiguration: 	at android.view.View.<init>(View.java:5317)
05-29 02:17:30.305  7649  7649 E ViewConfiguration: 	at android.view.View.<init>(View.java:5467)
05-29 02:17:30.305  7649  7649 E ViewConfiguration: 	at android.widget.TextView.<init>(TextView.java:996)
05-29 02:17:30.305  7649  7649 E ViewConfiguration: 	at android.widget.TextView.<init>(TextView.java:990)
05-29 02:17:30.305  7649  7649 E ViewConfiguration: 	at android.widget.TextView.<init>(TextView.java:986)
05-29 02:17:30.305  7649  7649 E ViewConfiguration: 	at java.lang.reflect.Constructor.newInstance0(Native Method)
05-29 02:17:30.305  7649  7649 E ViewConfiguration: 	at java.lang.reflect.Constructor.newInstance(Constructor.java:343)
05-29 02:17:30.305  7649  7649 E ViewConfiguration: 	at android.view.LayoutInflater.createView(LayoutInflater.java:852)
05-29 02:17:30.305  7649  7649 E ViewConfiguration: 	at android.view.LayoutInflater.createView(LayoutInflater.java:774)
05-29 02:17:30.305  7649  7649 E ViewConfiguration: 	at com.android.internal.policy.PhoneLayoutInflater.onCreateView(PhoneLayoutInflater.java:58)
05-29 02:17:30.305  7649  7649 E ViewConfiguration: 	at android.view.LayoutInflater.onCreateView(LayoutInflater.java:928)
05-29 02:17:30.305  7649  7649 E ViewConfiguration: 	at android.view.LayoutInflater.onCreateView(LayoutInflater.java:948)
05-29 02:17:30.305  7649  7649 E ViewConfiguration: 	at android.view.LayoutInflater.createViewFromTag(LayoutInflater.java:1002)
05-29 02:17:30.305  7649  7649 E ViewConfiguration: 	at android.view.LayoutInflater.createViewFromTag(LayoutInflater.java:959)
05-29 02:17:30.305  7649  7649 E ViewConfiguration: 	at android.view.LayoutInflater.rInflate(LayoutInflater.java:1121)
05-29 02:17:30.305  7649  7649 E ViewConfiguration: 	at android.view.LayoutInflater.rInflateChildren(LayoutInflater.java:1082)
05-29 02:17:30.305  7649  7649 E ViewConfiguration: 	at android.view.LayoutInflater.rInflate(LayoutInflater.java:1124)
05-29 02:17:30.305  7649  7649 E ViewConfiguration: 	at android.view.LayoutInflater.rInflateChildren(LayoutInflater.java:1082)
05-29 02:17:30.305  7649  7649 E ViewConfiguration: 	at android.view.LayoutInflater.inflate(LayoutInflater.java:680)
05-29 02:17:30.305  7649  7649 E ViewConfiguration: 	at android.view.LayoutInflater.inflate(LayoutInflater.java:532)
05-29 02:17:30.305  7649  7649 E ViewConfiguration: 	at android.view.LayoutInflater.inflate(LayoutInflater.java:479)
05-29 02:17:30.305  7649  7649 E ViewConfiguration: 	at com.android.documentsui.DragShadowBuilder.<init>(DragShadowBuilder.java:49)
05-29 02:17:30.305  7649  7649 E ViewConfiguration: 	at com.android.documentsui.DragAndDropManager$RuntimeDragAndDropManager.<init>(DragAndDropManager.java:195)
05-29 02:17:30.305  7649  7649 E ViewConfiguration: 	at com.android.documentsui.DragAndDropManager$RuntimeDragAndDropManager.<init>(DragAndDropManager.java:166)
05-29 02:17:30.305  7649  7649 E ViewConfiguration: 	at com.android.documentsui.DragAndDropManager.create(DragAndDropManager.java:163)
05-29 02:17:30.305  7649  7649 E ViewConfiguration: 	at com.android.documentsui.DocumentsApplication.onCreate(DocumentsApplication.java:145)
05-29 02:17:30.305  7649  7649 E ViewConfiguration: 	at android.app.Instrumentation.callApplicationOnCreate(Instrumentation.java:1192)
05-29 02:17:30.305  7649  7649 E ViewConfiguration: 	at android.app.ActivityThread.handleBindApplication(ActivityThread.java:6712)
05-29 02:17:30.305  7649  7649 E ViewConfiguration: 	at android.app.ActivityThread.access$1300(ActivityThread.java:237)
05-29 02:17:30.305  7649  7649 E ViewConfiguration: 	at android.app.ActivityThread$H.handleMessage(ActivityThread.java:1913)
05-29 02:17:30.305  7649  7649 E ViewConfiguration: 	at android.os.Handler.dispatchMessage(Handler.java:106)
05-29 02:17:30.305  7649  7649 E ViewConfiguration: 	at android.os.Looper.loop(Looper.java:223)
05-29 02:17:30.305  7649  7649 E ViewConfiguration: 	at android.app.ActivityThread.main(ActivityThread.java:7656)
05-29 02:17:30.305  7649  7649 E ViewConfiguration: 	at java.lang.reflect.Method.invoke(Native Method)
05-29 02:17:30.305  7649  7649 E ViewConfiguration: 	at com.android.internal.os.RuntimeInit$MethodAndArgsCaller.run(RuntimeInit.java:592)
05-29 02:17:30.305  7649  7649 E ViewConfiguration: 	at com.android.internal.os.ZygoteInit.main(ZygoteInit.java:947)
05-29 02:17:30.333  1451  2312 I MediaProvider: Begin Intent { act=android.intent.action.PACKAGE_FULLY_REMOVED dat=package:com.mocoding.pokedex.android flg=0x5000010 cmp=com.android.providers.media.module/com.android.providers.media.MediaService (has extras) }
05-29 02:17:30.334  1451  2312 I MediaProvider: End Intent { act=android.intent.action.PACKAGE_FULLY_REMOVED dat=package:com.mocoding.pokedex.android flg=0x5000010 cmp=com.android.providers.media.module/com.android.providers.media.MediaService (has extras) }
05-29 02:17:31.623     0     0 I init    : Untracked pid 7631 received signal 1
05-29 02:17:31.311   397   397 W adbd    : timeout expired while flushing socket, closing
05-29 02:17:31.330   162   162 I hwservicemanager: getTransport: Cannot find entry android.hardware.graphics.mapper@4.0::IMapper/default in either framework or device manifest.
05-29 02:17:31.331  7707  7707 I Gralloc4: mapper 4.x is not supported
05-29 02:17:31.426  1451  2312 I MediaProvider: Begin Intent { act=android.intent.action.MEDIA_SCANNER_SCAN_FILE dat=file:///sdcard/screen_2026-05-29_021732.png flg=0x1400010 cmp=com.android.providers.media.module/com.android.providers.media.MediaService }
05-29 02:17:31.427  1451  2312 W ModernMediaScanner: Failed to visit /sdcard/screen_2026-05-29_021732.png: java.nio.file.AccessDeniedException: /sdcard/screen_2026-05-29_021732.png
05-29 02:17:31.427  1451  2312 I MediaProvider: Scanned internal due to REASON_DEMAND, found 0 items in 1ms, 0 inserts 0 updates 0 deletes
05-29 02:17:31.428  1451  2312 I MediaProvider: End Intent { act=android.intent.action.MEDIA_SCANNER_SCAN_FILE dat=file:///sdcard/screen_2026-05-29_021732.png flg=0x1400010 cmp=com.android.providers.media.module/com.android.providers.media.MediaService }
05-29 02:17:31.420  1451  1451 W com.android.providers.media.module: type=1400 audit(0.0:664): avc: denied { read } for comm=4173796E635461736B202331 name="primary" dev="tmpfs" ino=27897 scontext=u:r:mediaprovider_app:s0:c125,c256,c512,c768 tcontext=u:object_r:mnt_pass_through_file:s0 tclass=lnk_file permissive=0 app=com.android.providers.media.module
05-29 02:17:31.424  1451  1451 I chatty  : uid=10125(com.android.providers.media.module) identical 4 lines
05-29 02:17:31.424  1451  1451 W com.android.providers.media.module: type=1400 audit(0.0:669): avc: denied { read } for comm=4173796E635461736B202331 name="primary" dev="tmpfs" ino=27897 scontext=u:r:mediaprovider_app:s0:c125,c256,c512,c768 tcontext=u:object_r:mnt_pass_through_file:s0 tclass=lnk_file permissive=0 app=com.android.providers.media.module
05-29 02:17:31.507  1451  1734 I MediaProvider: Deleted 1 items on external_primary due to com.android.shell
05-29 02:17:31.597  7732  7735 I cmd     : oneway function results will be dropped but finished with status OK and parcel size 4
05-29 02:17:31.619  7738  7740 I cmd     : oneway function results will be dropped but finished with status OK and parcel size 4
05-29 02:17:32.257  7745  7747 I cmd     : oneway function results will be dropped but finished with status OK and parcel size 4
05-29 02:17:32.275  7750  7752 I cmd     : oneway function results will be dropped but finished with status OK and parcel size 4
05-29 02:17:32.292  7755  7757 I cmd     : oneway function results will be dropped but finished with status OK and parcel size 4
05-29 02:17:32.342  7766  7768 I cmd     : oneway function results will be dropped but finished with status OK and parcel size 4
05-29 02:17:32.437  7782  7785 I cmd     : oneway function results will be dropped but finished with status OK and parcel size 4
05-29 02:17:32.462   512  1178 W ActivityTaskManager: Current config: {1.0 310mcc260mnc [en_US] ldltr sw320dp w320dp h616dp 160dpi nrml long port finger qwerty/v/v -nav/h winConfig={ mBounds=Rect(0, 0 - 320, 640) mAppBounds=Rect(0, 0 - 320, 640) mWindowingMode=fullscreen mDisplayWindowingMode=fullscreen mActivityType=undefined mAlwaysOnTop=undefined mRotation=ROTATION_0} s.8} unchanged for IME proc io.github.ylimit.droidbotapp
05-29 02:17:32.547  7797  7799 I cmd     : oneway function results will be dropped but finished with status OK and parcel size 4
05-29 02:17:32.642  7807  7807 E libc    : Access denied finding property "persist.device_config.runtime_native_boot.profilebootclasspath"
05-29 02:17:32.642  7807  7807 E libc    : Access denied finding property "persist.device_config.runtime_native_boot.enable_apex_image"
05-29 02:17:32.642  7807  7807 I AndroidRuntime: Using default boot image
05-29 02:17:32.642  7807  7807 E libc    : Access denied finding property "persist.device_config.runtime_native_boot.disable_lock_profiling"
05-29 02:17:32.642  7807  7807 I AndroidRuntime: Leaving lock profiling enabled
05-29 02:17:32.642  7807  7807 E libc    : Access denied finding property "persist.device_config.runtime_native_boot.enable_generational_cc"
05-29 02:17:32.645  7807  7807 I app_process: Core platform API reporting enabled, enforcing=false
05-29 02:17:32.636  7807  7807 W app_process: type=1400 audit(0.0:670): avc: denied { read } for name="u:object_r:device_config_runtime_native_boot_prop:s0" dev="tmpfs" ino=8385 scontext=u:r:shell:s0 tcontext=u:object_r:device_config_runtime_native_boot_prop:s0 tclass=file permissive=0
05-29 02:17:32.705  7807  7807 W app_process: Unexpected CPU variant for X86 using defaults: x86_64
05-29 02:17:32.706  7807  7807 I app_process: The ClassLoaderContext is a special shared library.
05-29 02:17:32.636  7807  7807 W app_process: type=1400 audit(0.0:673): avc: denied { read } for name="u:object_r:device_config_runtime_native_boot_prop:s0" dev="tmpfs" ino=8385 scontext=u:r:shell:s0 tcontext=u:object_r:device_config_runtime_native_boot_prop:s0 tclass=file permissive=0
05-29 02:17:32.714  7807  7807 W app_process: JNI RegisterNativeMethods: attempt to register 0 native methods for android.media.AudioAttributes
05-29 02:17:32.462   512  1178 I chatty  : uid=1000(system) Binder:512_A identical 1 line
05-29 02:17:32.462   512  1178 W ActivityTaskManager: Current config: {1.0 310mcc260mnc [en_US] ldltr sw320dp w320dp h616dp 160dpi nrml long port finger qwerty/v/v -nav/h winConfig={ mBounds=Rect(0, 0 - 320, 640) mAppBounds=Rect(0, 0 - 320, 640) mWindowingMode=fullscreen mDisplayWindowingMode=fullscreen mActivityType=undefined mAlwaysOnTop=undefined mRotation=ROTATION_0} s.8} unchanged for IME proc io.github.ylimit.droidbotapp
05-29 02:17:32.743  2189  7820 W System.err: java.net.SocketException: Broken pipe
05-29 02:17:32.743  2189  7820 W System.err: 	at java.net.SocketOutputStream.socketWrite0(Native Method)
05-29 02:17:32.743  2189  7820 W System.err: 	at java.net.SocketOutputStream.socketWrite(SocketOutputStream.java:117)
05-29 02:17:32.743  2189  7820 W System.err: 	at java.net.SocketOutputStream.write(SocketOutputStream.java:149)
05-29 02:17:32.743  2189  7820 W System.err: 	at io.github.privacystreams.utils.PSDebugSocketServer$SocketSendThread.run(PSDebugSocketServer.java:119)
05-29 02:17:33.204  7826  7826 W app_process: type=1400 audit(0.0:674): avc: denied { read } for name="u:object_r:device_config_runtime_native_boot_prop:s0" dev="tmpfs" ino=8385 scontext=u:r:shell:s0 tcontext=u:object_r:device_config_runtime_native_boot_prop:s0 tclass=file permissive=0
05-29 02:17:33.210  7826  7826 E libc    : Access denied finding property "persist.device_config.runtime_native_boot.profilebootclasspath"
05-29 02:17:33.786     0     0 W audit   : audit_lost=371 audit_rate_limit=5 audit_backlog_limit=64
05-29 02:17:33.791     0     0 E audit   : rate limit exceeded
05-29 02:17:33.235  7826  7826 E libc    : Access denied finding property "persist.device_config.runtime_native_boot.enable_apex_image"
05-29 02:17:33.235  7826  7826 I AndroidRuntime: Using default boot image
05-29 02:17:33.235  7826  7826 E libc    : Access denied finding property "persist.device_config.runtime_native_boot.disable_lock_profiling"
05-29 02:17:33.235  7826  7826 I AndroidRuntime: Leaving lock profiling enabled
05-29 02:17:33.235  7826  7826 E libc    : Access denied finding property "persist.device_config.runtime_native_boot.enable_generational_cc"
05-29 02:17:33.237  7826  7826 I app_process: Core platform API reporting enabled, enforcing=false
05-29 02:17:33.293  7826  7826 W app_process: Unexpected CPU variant for X86 using defaults: x86_64
05-29 02:17:33.295  7826  7826 I app_process: The ClassLoaderContext is a special shared library.
05-29 02:17:33.302  7826  7826 W app_process: JNI RegisterNativeMethods: attempt to register 0 native methods for android.media.AudioAttributes
05-29 02:17:33.749  7848  7850 I cmd     : oneway function results will be dropped but finished with status OK and parcel size 4
05-29 02:17:33.755  2070  2070 I abb     : StartCommandInProcess(73657474696e67730067657400676c6f settings.get.glo [truncated])
05-29 02:17:33.758  2070  2427 I abb     : oneway function results will be dropped but finished with status OK and parcel size 4
05-29 02:17:33.752   512   512 W Binder:512_15: type=1400 audit(0.0:678): avc: denied { getopt } for scontext=u:r:system_server:s0 tcontext=u:r:shell:s0 tclass=unix_stream_socket permissive=0
05-29 02:17:33.769  2070  2070 I abb     : StartCommandInProcess(7061636b61676500696e7374616c6c00 package.install. [truncated])
05-29 02:17:33.752   512   512 W Binder:512_15: type=1400 audit(0.0:679): avc: denied { getopt } for scontext=u:r:system_server:s0 tcontext=u:r:shell:s0 tclass=unix_stream_socket permissive=0
05-29 02:17:33.942   512   613 W RuleEvaluation: Integrity rule files are not available.
05-29 02:17:33.943   512   568 I PackageManager: Integrity check passed for file:///data/app/vmdl936761951.tmp
05-29 02:17:33.947   512   568 I PackageManager: Permission ownership changed. Updating all permissions.
05-29 02:17:33.968   512   568 I AppsFilter: interaction: PackageSetting{640bf25 io.github.ylimit.droidbotapp/10130} -> PackageSetting{998608b com.mocoding.pokedex.android/10132} BLOCKED
05-29 02:17:33.752   512   512 I chatty  : uid=1000(system) Binder:512_3 identical 1 line
05-29 02:17:33.856   512   512 W Binder:512_15: type=1400 audit(0.0:681): avc: denied { getopt } for scontext=u:r:system_server:s0 tcontext=u:r:shell:s0 tclass=unix_stream_socket permissive=0
05-29 02:17:33.975   439   453 E installd: Couldn't opendir /data/app/vmdl936761951.tmp: No such file or directory
05-29 02:17:33.975   439   453 E installd: Failed to delete /data/app/vmdl936761951.tmp: No such file or directory
05-29 02:17:33.976  2070  2427 I abb     : oneway function results will be dropped but finished with status OK and parcel size 4
05-29 02:17:33.972   512   512 W Binder:512_15: type=1400 audit(0.0:682): avc: denied { getopt } for scontext=u:r:system_server:s0 tcontext=u:r:shell:s0 tclass=unix_stream_socket permissive=0
05-29 02:17:33.991  1451  1451 I MediaProvider: Invalidating LocalCallingIdentity cache for package com.mocoding.pokedex.android. Reason: package android.intent.action.PACKAGE_ADDED
05-29 02:17:33.991   512   551 W BroadcastQueue: Background execution not allowed: receiving Intent { act=android.intent.action.PACKAGE_ADDED dat=package:com.mocoding.pokedex.android flg=0x4000010 (has extras) } to com.android.packageinstaller/.PackageInstalledReceiver
