05-29 02:18:34.931  7649  7649 I ProvidersCache: Updating roots due to change on user 0at content://com.android.providers.media.documents/root
05-29 02:18:34.953 11380 11382 I cmd     : oneway function results will be dropped but finished with status OK and parcel size 4
05-29 02:18:35.114   162   162 I hwservicemanager: getTransport: Cannot find entry android.hardware.graphics.mapper@4.0::IMapper/default in either framework or device manifest.
05-29 02:18:35.115 11402 11402 I Gralloc4: mapper 4.x is not supported
05-29 02:18:35.177  1451  2312 I MediaProvider: Begin Intent { act=android.intent.action.MEDIA_SCANNER_SCAN_FILE dat=file:///sdcard/screen_2026-05-29_021836.png flg=0x1400010 cmp=com.android.providers.media.module/com.android.providers.media.MediaService }
05-29 02:18:35.183  1451  2312 W ModernMediaScanner: Failed to visit /sdcard/screen_2026-05-29_021836.png: java.nio.file.AccessDeniedException: /sdcard/screen_2026-05-29_021836.png
05-29 02:18:35.184  1451  2312 I MediaProvider: Scanned internal due to REASON_DEMAND, found 0 items in 1ms, 0 inserts 0 updates 0 deletes
05-29 02:18:35.185  1451  2312 I MediaProvider: End Intent { act=android.intent.action.MEDIA_SCANNER_SCAN_FILE dat=file:///sdcard/screen_2026-05-29_021836.png flg=0x1400010 cmp=com.android.providers.media.module/com.android.providers.media.MediaService }
05-29 02:18:35.208  1451  2571 I MediaProvider: Deleted 1 items on external_primary due to com.android.shell
05-29 02:18:35.245 11417 11418 I cmd     : oneway function results will be dropped but finished with status OK and parcel size 4
05-29 02:18:35.397   512  1434 E TaskPersister: File error accessing recents directory (directory doesn't exist?).
05-29 02:18:35.414   162   162 I hwservicemanager: getTransport: Cannot find entry android.hardware.graphics.mapper@4.0::IMapper/default in either framework or device manifest.
05-29 02:18:35.414 11440 11440 I Gralloc4: mapper 4.x is not supported
05-29 02:18:35.482 11444 11446 I cmd     : oneway function results will be dropped but finished with status OK and parcel size 4
05-29 02:18:35.484  1451  2312 I MediaProvider: Begin Intent { act=android.intent.action.MEDIA_SCANNER_SCAN_FILE dat=file:///sdcard/screen_2026-05-29_021836.png flg=0x1400010 cmp=com.android.providers.media.module/com.android.providers.media.MediaService }
05-29 02:18:35.485  1451  2312 W ModernMediaScanner: Failed to visit /sdcard/screen_2026-05-29_021836.png: java.nio.file.AccessDeniedException: /sdcard/screen_2026-05-29_021836.png
05-29 02:18:35.486  1451  2312 I MediaProvider: Scanned internal due to REASON_DEMAND, found 0 items in 2ms, 0 inserts 0 updates 0 deletes
05-29 02:18:35.487  1451  2312 I MediaProvider: End Intent { act=android.intent.action.MEDIA_SCANNER_SCAN_FILE dat=file:///sdcard/screen_2026-05-29_021836.png flg=0x1400010 cmp=com.android.providers.media.module/com.android.providers.media.MediaService }
05-29 02:18:35.522  1451  1732 I MediaProvider: Deleted 1 items on external_primary due to com.android.shell
05-29 02:18:35.582 11457 11459 I cmd     : oneway function results will be dropped but finished with status OK and parcel size 4
05-29 02:18:35.648 11472 11474 I cmd     : oneway function results will be dropped but finished with status OK and parcel size 4
05-29 02:18:35.714 11487 11489 I cmd     : oneway function results will be dropped but finished with status OK and parcel size 4
05-29 02:18:35.779 11502 11504 I cmd     : oneway function results will be dropped but finished with status OK and parcel size 4
05-29 02:18:35.883 11514 11514 E libc    : Access denied finding property "persist.device_config.runtime_native_boot.profilebootclasspath"
05-29 02:18:35.883 11514 11514 E libc    : Access denied finding property "persist.device_config.runtime_native_boot.enable_apex_image"
05-29 02:18:35.883 11514 11514 I AndroidRuntime: Using default boot image
05-29 02:18:35.883 11514 11514 E libc    : Access denied finding property "persist.device_config.runtime_native_boot.disable_lock_profiling"
05-29 02:18:35.883 11514 11514 I AndroidRuntime: Leaving lock profiling enabled
05-29 02:18:35.883 11514 11514 E libc    : Access denied finding property "persist.device_config.runtime_native_boot.enable_generational_cc"
05-29 02:18:35.885 11514 11514 I app_process: Core platform API reporting enabled, enforcing=false
05-29 02:18:35.880 11514 11514 W app_process: type=1400 audit(0.0:1123): avc: denied { read } for name="u:object_r:device_config_runtime_native_boot_prop:s0" dev="tmpfs" ino=8385 scontext=u:r:shell:s0 tcontext=u:object_r:device_config_runtime_native_boot_prop:s0 tclass=file permissive=0
05-29 02:18:35.943 11514 11514 W app_process: Unexpected CPU variant for X86 using defaults: x86_64
05-29 02:18:35.943 11514 11514 I app_process: The ClassLoaderContext is a special shared library.
05-29 02:18:35.951 11514 11514 W app_process: JNI RegisterNativeMethods: attempt to register 0 native methods for android.media.AudioAttributes
05-29 02:18:35.880 11514 11514 W app_process: type=1400 audit(0.0:1126): avc: denied { read } for name="u:object_r:device_config_runtime_native_boot_prop:s0" dev="tmpfs" ino=8385 scontext=u:r:shell:s0 tcontext=u:object_r:device_config_runtime_native_boot_prop:s0 tclass=file permissive=0
05-29 02:18:36.180  2189  2189 E AccessibilityInteractionClient: 2 Disconnected nodes.
05-29 02:18:37.126  7649  7649 I ProvidersCache: Updating roots due to change on user 0at content://com.android.providers.media.documents/root
05-29 02:18:37.307  7649  7649 I chatty  : uid=10076(com.android.documentsui) identical 1 line
05-29 02:18:37.557  7649  7649 I ProvidersCache: Updating roots due to change on user 0at content://com.android.providers.media.documents/root
05-29 02:18:37.760   162   162 I hwservicemanager: getTransport: Cannot find entry android.hardware.graphics.mapper@4.0::IMapper/default in either framework or device manifest.
05-29 02:18:37.761 11548 11548 I Gralloc4: mapper 4.x is not supported
05-29 02:18:37.812 11552 11554 I cmd     : oneway function results will be dropped but finished with status OK and parcel size 4
05-29 02:18:37.813  1451  2312 I MediaProvider: Begin Intent { act=android.intent.action.MEDIA_SCANNER_SCAN_FILE dat=file:///sdcard/screen_2026-05-29_021838.png flg=0x1400010 cmp=com.android.providers.media.module/com.android.providers.media.MediaService }
05-29 02:18:37.815  1451  2312 W ModernMediaScanner: Failed to visit /sdcard/screen_2026-05-29_021838.png: java.nio.file.AccessDeniedException: /sdcard/screen_2026-05-29_021838.png
05-29 02:18:37.816  1451  2312 I MediaProvider: Scanned internal due to REASON_DEMAND, found 0 items in 2ms, 0 inserts 0 updates 0 deletes
05-29 02:18:37.818  1451  2312 I MediaProvider: End Intent { act=android.intent.action.MEDIA_SCANNER_SCAN_FILE dat=file:///sdcard/screen_2026-05-29_021838.png flg=0x1400010 cmp=com.android.providers.media.module/com.android.providers.media.MediaService }
05-29 02:18:37.808  1451  1451 W com.android.providers.media.module: type=1400 audit(0.0:1127): avc: denied { read } for comm=4173796E635461736B202331 name="primary" dev="tmpfs" ino=27897 scontext=u:r:mediaprovider_app:s0:c125,c256,c512,c768 tcontext=u:object_r:mnt_pass_through_file:s0 tclass=lnk_file permissive=0 app=com.android.providers.media.module
05-29 02:18:37.876  7649  7649 I ProvidersCache: Updating roots due to change on user 0at content://com.android.providers.media.documents/root
05-29 02:18:37.812  1451  1451 W com.android.providers.media.module: type=1400 audit(0.0:1130): avc: denied { read } for comm=4173796E635461736B202331 name="primary" dev="tmpfs" ino=27897 scontext=u:r:mediaprovider_app:s0:c125,c256,c512,c768 tcontext=u:object_r:mnt_pass_through_file:s0 tclass=lnk_file permissive=0 app=com.android.providers.media.module
05-29 02:18:37.933  1451  1734 I MediaProvider: Deleted 1 items on external_primary due to com.android.shell
05-29 02:18:37.977 11563 11565 I cmd     : oneway function results will be dropped but finished with status OK and parcel size 4
05-29 02:18:38.147   162   162 I hwservicemanager: getTransport: Cannot find entry android.hardware.graphics.mapper@4.0::IMapper/default in either framework or device manifest.
05-29 02:18:38.147 11585 11585 I Gralloc4: mapper 4.x is not supported
05-29 02:18:38.207 11589 11591 I cmd     : oneway function results will be dropped but finished with status OK and parcel size 4
05-29 02:18:38.208  1451  2312 I MediaProvider: Begin Intent { act=android.intent.action.MEDIA_SCANNER_SCAN_FILE dat=file:///sdcard/screen_2026-05-29_021839.png flg=0x1400010 cmp=com.android.providers.media.module/com.android.providers.media.MediaService }
05-29 02:18:38.784     0     0 W audit   : audit_lost=624 audit_rate_limit=5 audit_backlog_limit=64
05-29 02:18:38.790     0     0 E audit   : rate limit exceeded
05-29 02:18:38.217  1451  2312 W ModernMediaScanner: Failed to visit /sdcard/screen_2026-05-29_021839.png: java.nio.file.AccessDeniedException: /sdcard/screen_2026-05-29_021839.png
05-29 02:18:38.218  1451  2312 I MediaProvider: Scanned internal due to REASON_DEMAND, found 0 items in 2ms, 0 inserts 0 updates 0 deletes
05-29 02:18:38.219  1451  2312 I MediaProvider: End Intent { act=android.intent.action.MEDIA_SCANNER_SCAN_FILE dat=file:///sdcard/screen_2026-05-29_021839.png flg=0x1400010 cmp=com.android.providers.media.module/com.android.providers.media.MediaService }
05-29 02:18:38.245  1451  1732 I MediaProvider: Deleted 1 items on external_primary due to com.android.shell
05-29 02:18:38.278 11600 11602 I cmd     : oneway function results will be dropped but finished with status OK and parcel size 4
05-29 02:18:38.433   162   162 I hwservicemanager: getTransport: Cannot find entry android.hardware.graphics.mapper@4.0::IMapper/default in either framework or device manifest.
05-29 02:18:38.433 11622 11622 I Gralloc4: mapper 4.x is not supported
05-29 02:18:38.495 11626 11628 I cmd     : oneway function results will be dropped but finished with status OK and parcel size 4
05-29 02:18:38.495  1451  2312 I MediaProvider: Begin Intent { act=android.intent.action.MEDIA_SCANNER_SCAN_FILE dat=file:///sdcard/screen_2026-05-29_021839.png flg=0x1400010 cmp=com.android.providers.media.module/com.android.providers.media.MediaService }
05-29 02:18:38.497  1451  2312 W ModernMediaScanner: Failed to visit /sdcard/screen_2026-05-29_021839.png: java.nio.file.AccessDeniedException: /sdcard/screen_2026-05-29_021839.png
05-29 02:18:38.499  1451  2312 I MediaProvider: Scanned internal due to REASON_DEMAND, found 0 items in 2ms, 0 inserts 0 updates 0 deletes
05-29 02:18:38.500  1451  2312 I MediaProvider: End Intent { act=android.intent.action.MEDIA_SCANNER_SCAN_FILE dat=file:///sdcard/screen_2026-05-29_021839.png flg=0x1400010 cmp=com.android.providers.media.module/com.android.providers.media.MediaService }
05-29 02:18:38.526  1451  1734 I MediaProvider: Deleted 1 items on external_primary due to com.android.shell
05-29 02:18:38.559 11637 11639 I cmd     : oneway function results will be dropped but finished with status OK and parcel size 4
05-29 02:18:38.612   427   427 I perfetto: probes_producer.cc:329  Producer stop (id=9)
05-29 02:18:38.615   432   432 I perfetto: ng_service_impl.cc:1948 Tracing session 9 ended, total sessions:0
05-29 02:18:38.615   427   427 I perfetto: ftrace_procfs.cc:183    disabled ftrace
05-29 02:18:39.189     0     0 W perfetto: disabled ftrace
05-29 02:18:38.628 11652 11654 I cmd     : oneway function results will be dropped but finished with status OK and parcel size 4
05-29 02:18:38.720 11669 11671 I cmd     : oneway function results will be dropped but finished with status OK and parcel size 4
05-29 02:18:38.787 11684 11686 I cmd     : oneway function results will be dropped but finished with status OK and parcel size 4
05-29 02:18:38.891 11696 11696 E libc    : Access denied finding property "persist.device_config.runtime_native_boot.profilebootclasspath"
05-29 02:18:38.891 11696 11696 E libc    : Access denied finding property "persist.device_config.runtime_native_boot.enable_apex_image"
05-29 02:18:38.891 11696 11696 I AndroidRuntime: Using default boot image
05-29 02:18:38.891 11696 11696 E libc    : Access denied finding property "persist.device_config.runtime_native_boot.disable_lock_profiling"
05-29 02:18:38.891 11696 11696 I AndroidRuntime: Leaving lock profiling enabled
05-29 02:18:38.891 11696 11696 E libc    : Access denied finding property "persist.device_config.runtime_native_boot.enable_generational_cc"
05-29 02:18:38.893 11696 11696 I app_process: Core platform API reporting enabled, enforcing=false
05-29 02:18:38.888 11696 11696 W app_process: type=1400 audit(0.0:1145): avc: denied { read } for name="u:object_r:device_config_runtime_native_boot_prop:s0" dev="tmpfs" ino=8385 scontext=u:r:shell:s0 tcontext=u:object_r:device_config_runtime_native_boot_prop:s0 tclass=file permissive=0
05-29 02:18:38.888 11696 11696 W app_process: type=1400 audit(0.0:1147): avc: denied { read } for name="u:object_r:device_config_runtime_native_boot_prop:s0" dev="tmpfs" ino=8385 scontext=u:r:shell:s0 tcontext=u:object_r:device_config_runtime_native_boot_prop:s0 tclass=file permissive=0
05-29 02:18:38.950 11696 11696 W app_process: Unexpected CPU variant for X86 using defaults: x86_64
05-29 02:18:38.951 11696 11696 I app_process: The ClassLoaderContext is a special shared library.
05-29 02:18:38.959 11696 11696 W app_process: JNI RegisterNativeMethods: attempt to register 0 native methods for android.media.AudioAttributes
05-29 02:18:38.888 11696 11696 W app_process: type=1400 audit(0.0:1148): avc: denied { read } for name="u:object_r:device_config_runtime_native_boot_prop:s0" dev="tmpfs" ino=8385 scontext=u:r:shell:s0 tcontext=u:object_r:device_config_runtime_native_boot_prop:s0 tclass=file permissive=0
05-29 02:18:38.994  2189  2189 E AccessibilityInteractionClient: 2 Disconnected nodes.
05-29 02:18:40.050  7649  7649 I ProvidersCache: Updating roots due to change on user 0at content://com.android.providers.media.documents/root
05-29 02:18:40.205  7649  7649 I chatty  : uid=10076(com.android.documentsui) identical 1 line
05-29 02:18:40.596  7649  7649 I ProvidersCache: Updating roots due to change on user 0at content://com.android.providers.media.documents/root
05-29 02:18:40.720   162   162 I hwservicemanager: getTransport: Cannot find entry android.hardware.graphics.mapper@4.0::IMapper/default in either framework or device manifest.
05-29 02:18:40.721 11728 11728 I Gralloc4: mapper 4.x is not supported
05-29 02:18:40.791  1451  2312 I MediaProvider: Begin Intent { act=android.intent.action.MEDIA_SCANNER_SCAN_FILE dat=file:///sdcard/screen_2026-05-29_021841.png flg=0x1400010 cmp=com.android.providers.media.module/com.android.providers.media.MediaService }
05-29 02:18:40.804 11734 11735 I cmd     : oneway function results will be dropped but finished with status OK and parcel size 4
05-29 02:18:40.804  1451  2312 W ModernMediaScanner: Failed to visit /sdcard/screen_2026-05-29_021841.png: java.nio.file.AccessDeniedException: /sdcard/screen_2026-05-29_021841.png
05-29 02:18:40.805  1451  2312 I MediaProvider: Scanned internal due to REASON_DEMAND, found 0 items in 1ms, 0 inserts 0 updates 0 deletes
05-29 02:18:40.806  1451  2312 I MediaProvider: End Intent { act=android.intent.action.MEDIA_SCANNER_SCAN_FILE dat=file:///sdcard/screen_2026-05-29_021841.png flg=0x1400010 cmp=com.android.providers.media.module/com.android.providers.media.MediaService }
05-29 02:18:40.788  1451  1451 W com.android.providers.media.module: type=1400 audit(0.0:1149): avc: denied { read } for comm=4173796E635461736B202331 name="primary" dev="tmpfs" ino=27897 scontext=u:r:mediaprovider_app:s0:c125,c256,c512,c768 tcontext=u:object_r:mnt_pass_through_file:s0 tclass=lnk_file permissive=0 app=com.android.providers.media.module
05-29 02:18:40.800  1451  1451 I chatty  : uid=10125(com.android.providers.media.module) identical 3 lines
05-29 02:18:40.800  1451  1451 W com.android.providers.media.module: type=1400 audit(0.0:1153): avc: denied { read } for comm=4173796E635461736B202331 name="primary" dev="tmpfs" ino=27897 scontext=u:r:mediaprovider_app:s0:c125,c256,c512,c768 tcontext=u:object_r:mnt_pass_through_file:s0 tclass=lnk_file permissive=0 app=com.android.providers.media.module
05-29 02:18:40.881  1451  2571 I MediaProvider: Deleted 1 items on external_primary due to com.android.shell
05-29 02:18:40.800  1451  1451 W com.android.providers.media.module: type=1400 audit(0.0:1154): avc: denied { read } for comm=4173796E635461736B202331 name="primary" dev="tmpfs" ino=27897 scontext=u:r:mediaprovider_app:s0:c125,c256,c512,c768 tcontext=u:object_r:mnt_pass_through_file:s0 tclass=lnk_file permissive=0 app=com.android.providers.media.module
05-29 02:18:40.899  7649  7649 I ProvidersCache: Updating roots due to change on user 0at content://com.android.providers.media.documents/root
05-29 02:18:40.921 11745 11747 I cmd     : oneway function results will be dropped but finished with status OK and parcel size 4
05-29 02:18:41.082   162   162 I hwservicemanager: getTransport: Cannot find entry android.hardware.graphics.mapper@4.0::IMapper/default in either framework or device manifest.
05-29 02:18:41.082 11767 11767 I Gralloc4: mapper 4.x is not supported
05-29 02:18:41.152 11771 11773 I cmd     : oneway function results will be dropped but finished with status OK and parcel size 4
05-29 02:18:41.153  1451  2312 I MediaProvider: Begin Intent { act=android.intent.action.MEDIA_SCANNER_SCAN_FILE dat=file:///sdcard/screen_2026-05-29_021842.png flg=0x1400010 cmp=com.android.providers.media.module/com.android.providers.media.MediaService }
05-29 02:18:41.730     0     0 W audit   : audit_lost=636 audit_rate_limit=5 audit_backlog_limit=64
05-29 02:18:41.735     0     0 E audit   : rate limit exceeded
05-29 02:18:41.163  1451  2312 W ModernMediaScanner: Failed to visit /sdcard/screen_2026-05-29_021842.png: java.nio.file.AccessDeniedException: /sdcard/screen_2026-05-29_021842.png
05-29 02:18:41.163  1451  2312 I MediaProvider: Scanned internal due to REASON_DEMAND, found 0 items in 0ms, 0 inserts 0 updates 0 deletes
05-29 02:18:41.164  1451  2312 I MediaProvider: End Intent { act=android.intent.action.MEDIA_SCANNER_SCAN_FILE dat=file:///sdcard/screen_2026-05-29_021842.png flg=0x1400010 cmp=com.android.providers.media.module/com.android.providers.media.MediaService }
05-29 02:18:41.190  1451  2571 I MediaProvider: Deleted 1 items on external_primary due to com.android.shell
05-29 02:18:41.224 11782 11784 I cmd     : oneway function results will be dropped but finished with status OK and parcel size 4
05-29 02:18:41.381   162   162 I hwservicemanager: getTransport: Cannot find entry android.hardware.graphics.mapper@4.0::IMapper/default in either framework or device manifest.
05-29 02:18:41.381 11804 11804 I Gralloc4: mapper 4.x is not supported
05-29 02:18:41.447 11808 11810 I cmd     : oneway function results will be dropped but finished with status OK and parcel size 4
05-29 02:18:41.448  1451  2312 I MediaProvider: Begin Intent { act=android.intent.action.MEDIA_SCANNER_SCAN_FILE dat=file:///sdcard/screen_2026-05-29_021842.png flg=0x1400010 cmp=com.android.providers.media.module/com.android.providers.media.MediaService }
05-29 02:18:41.449  1451  2312 W ModernMediaScanner: Failed to visit /sdcard/screen_2026-05-29_021842.png: java.nio.file.AccessDeniedException: /sdcard/screen_2026-05-29_021842.png
05-29 02:18:41.450  1451  2312 I MediaProvider: Scanned internal due to REASON_DEMAND, found 0 items in 2ms, 0 inserts 0 updates 0 deletes
05-29 02:18:41.455  1451  2312 I MediaProvider: End Intent { act=android.intent.action.MEDIA_SCANNER_SCAN_FILE dat=file:///sdcard/screen_2026-05-29_021842.png flg=0x1400010 cmp=com.android.providers.media.module/com.android.providers.media.MediaService }
05-29 02:18:41.520  1451  1734 I MediaProvider: Deleted 1 items on external_primary due to com.android.shell
05-29 02:18:41.556 11819 11821 I cmd     : oneway function results will be dropped but finished with status OK and parcel size 4
05-29 02:18:41.623 11834 11836 I cmd     : oneway function results will be dropped but finished with status OK and parcel size 4
05-29 02:18:41.685 11849 11851 I cmd     : oneway function results will be dropped but finished with status OK and parcel size 4
05-29 02:18:41.748 11864 11866 I cmd     : oneway function results will be dropped but finished with status OK and parcel size 4
05-29 02:18:41.877 11876 11876 E libc    : Access denied finding property "persist.device_config.runtime_native_boot.profilebootclasspath"
05-29 02:18:41.877 11876 11876 E libc    : Access denied finding property "persist.device_config.runtime_native_boot.enable_apex_image"
05-29 02:18:41.877 11876 11876 I AndroidRuntime: Using default boot image
05-29 02:18:41.878 11876 11876 E libc    : Access denied finding property "persist.device_config.runtime_native_boot.disable_lock_profiling"
05-29 02:18:41.878 11876 11876 I AndroidRuntime: Leaving lock profiling enabled
05-29 02:18:41.878 11876 11876 E libc    : Access denied finding property "persist.device_config.runtime_native_boot.enable_generational_cc"
05-29 02:18:41.879 11876 11876 I app_process: Core platform API reporting enabled, enforcing=false
05-29 02:18:41.872 11876 11876 W app_process: type=1400 audit(0.0:1167): avc: denied { read } for name="u:object_r:device_config_runtime_native_boot_prop:s0" dev="tmpfs" ino=8385 scontext=u:r:shell:s0 tcontext=u:object_r:device_config_runtime_native_boot_prop:s0 tclass=file permissive=0
05-29 02:18:41.872 11876 11876 W app_process: type=1400 audit(0.0:1169): avc: denied { read } for name="u:object_r:device_config_runtime_native_boot_prop:s0" dev="tmpfs" ino=8385 scontext=u:r:shell:s0 tcontext=u:object_r:device_config_runtime_native_boot_prop:s0 tclass=file permissive=0
05-29 02:18:41.936 11876 11876 W app_process: Unexpected CPU variant for X86 using defaults: x86_64
05-29 02:18:41.936 11876 11876 I app_process: The ClassLoaderContext is a special shared library.
05-29 02:18:41.944 11876 11876 W app_process: JNI RegisterNativeMethods: attempt to register 0 native methods for android.media.AudioAttributes
05-29 02:18:41.872 11876 11876 W app_process: type=1400 audit(0.0:1170): avc: denied { read } for name="u:object_r:device_config_runtime_native_boot_prop:s0" dev="tmpfs" ino=8385 scontext=u:r:shell:s0 tcontext=u:object_r:device_config_runtime_native_boot_prop:s0 tclass=file permissive=0
05-29 02:18:42.082  2189  2189 E AccessibilityInteractionClient: 2 Disconnected nodes.
05-29 02:18:43.112     0     0 W healthd : battery l=100 v=5000 t=25.0 h=2 st=2 c=900000 fc=300000 cc=10 chg=a
05-29 02:18:42.677  7649  7649 I ProvidersCache: Updating roots due to change on user 0at content://com.android.providers.media.documents/root
05-29 02:18:43.183  7649  7649 I chatty  : uid=10076(com.android.documentsui) identical 2 lines
05-29 02:18:43.527  7649  7649 I ProvidersCache: Updating roots due to change on user 0at content://com.android.providers.media.documents/root
05-29 02:18:43.707   162   162 I hwservicemanager: getTransport: Cannot find entry android.hardware.graphics.mapper@4.0::IMapper/default in either framework or device manifest.
05-29 02:18:43.708 11909 11909 I Gralloc4: mapper 4.x is not supported
05-29 02:18:43.755 11913 11915 I cmd     : oneway function results will be dropped but finished with status OK and parcel size 4
05-29 02:18:43.756  1451  2312 I MediaProvider: Begin Intent { act=android.intent.action.MEDIA_SCANNER_SCAN_FILE dat=file:///sdcard/screen_2026-05-29_021844.png flg=0x1400010 cmp=com.android.providers.media.module/com.android.providers.media.MediaService }
05-29 02:18:43.758  1451  2312 W ModernMediaScanner: Failed to visit /sdcard/screen_2026-05-29_021844.png: java.nio.file.AccessDeniedException: /sdcard/screen_2026-05-29_021844.png
05-29 02:18:43.760  1451  2312 I MediaProvider: Scanned internal due to REASON_DEMAND, found 0 items in 2ms, 0 inserts 0 updates 0 deletes
05-29 02:18:43.762  1451  2312 I MediaProvider: End Intent { act=android.intent.action.MEDIA_SCANNER_SCAN_FILE dat=file:///sdcard/screen_2026-05-29_021844.png flg=0x1400010 cmp=com.android.providers.media.module/com.android.providers.media.MediaService }
05-29 02:18:43.752  1451  1451 W com.android.providers.media.module: type=1400 audit(0.0:1171): avc: denied { read } for comm=4173796E635461736B202331 name="primary" dev="tmpfs" ino=27897 scontext=u:r:mediaprovider_app:s0:c125,c256,c512,c768 tcontext=u:object_r:mnt_pass_through_file:s0 tclass=lnk_file permissive=0 app=com.android.providers.media.module
05-29 02:18:43.844  1451  1732 I MediaProvider: Deleted 1 items on external_primary due to com.android.shell
05-29 02:18:43.752  1451  1451 W com.android.providers.media.module: type=1400 audit(0.0:1176): avc: denied { read } for comm=4173796E635461736B202331 name="primary" dev="tmpfs" ino=27897 scontext=u:r:mediaprovider_app:s0:c125,c256,c512,c768 tcontext=u:object_r:mnt_pass_through_file:s0 tclass=lnk_file permissive=0 app=com.android.providers.media.module
05-29 02:18:43.880 11926 11928 I cmd     : oneway function results will be dropped but finished with status OK and parcel size 4
05-29 02:18:44.067   162   162 I hwservicemanager: getTransport: Cannot find entry android.hardware.graphics.mapper@4.0::IMapper/default in either framework or device manifest.
05-29 02:18:44.067 11950 11950 I Gralloc4: mapper 4.x is not supported
05-29 02:18:44.126 11954 11956 I cmd     : oneway function results will be dropped but finished with status OK and parcel size 4
05-29 02:18:44.127  1451  2312 I MediaProvider: Begin Intent { act=android.intent.action.MEDIA_SCANNER_SCAN_FILE dat=file:///sdcard/screen_2026-05-29_021845.png flg=0x1400010 cmp=com.android.providers.media.module/com.android.providers.media.MediaService }
05-29 02:18:44.704     0     0 W audit   : audit_lost=648 audit_rate_limit=5 audit_backlog_limit=64
05-29 02:18:44.709     0     0 E audit   : rate limit exceeded
05-29 02:18:44.137  1451  2312 W ModernMediaScanner: Failed to visit /sdcard/screen_2026-05-29_021845.png: java.nio.file.AccessDeniedException: /sdcard/screen_2026-05-29_021845.png
05-29 02:18:44.139  1451  2312 I MediaProvider: Scanned internal due to REASON_DEMAND, found 0 items in 2ms, 0 inserts 0 updates 0 deletes
05-29 02:18:44.141  1451  2312 I MediaProvider: End Intent { act=android.intent.action.MEDIA_SCANNER_SCAN_FILE dat=file:///sdcard/screen_2026-05-29_021845.png flg=0x1400010 cmp=com.android.providers.media.module/com.android.providers.media.MediaService }
05-29 02:18:44.207  1451  1732 I MediaProvider: Deleted 1 items on external_primary due to com.android.shell
05-29 02:18:44.242 11965 11967 I cmd     : oneway function results will be dropped but finished with status OK and parcel size 4
05-29 02:18:44.410   162   162 I hwservicemanager: getTransport: Cannot find entry android.hardware.graphics.mapper@4.0::IMapper/default in either framework or device manifest.
05-29 02:18:44.411 11987 11987 I Gralloc4: mapper 4.x is not supported
05-29 02:18:44.465 11991 11993 I cmd     : oneway function results will be dropped but finished with status OK and parcel size 4
05-29 02:18:44.466  1451  2312 I MediaProvider: Begin Intent { act=android.intent.action.MEDIA_SCANNER_SCAN_FILE dat=file:///sdcard/screen_2026-05-29_021845.png flg=0x1400010 cmp=com.android.providers.media.module/com.android.providers.media.MediaService }
05-29 02:18:44.467  1451  2312 W ModernMediaScanner: Failed to visit /sdcard/screen_2026-05-29_021845.png: java.nio.file.AccessDeniedException: /sdcard/screen_2026-05-29_021845.png
05-29 02:18:44.469  1451  2312 I MediaProvider: Scanned internal due to REASON_DEMAND, found 0 items in 2ms, 0 inserts 0 updates 0 deletes
05-29 02:18:44.469  1451  2312 I MediaProvider: End Intent { act=android.intent.action.MEDIA_SCANNER_SCAN_FILE dat=file:///sdcard/screen_2026-05-29_021845.png flg=0x1400010 cmp=com.android.providers.media.module/com.android.providers.media.MediaService }
05-29 02:18:44.498  1451  1732 I MediaProvider: Deleted 1 items on external_primary due to com.android.shell
05-29 02:18:44.536 12002 12004 I cmd     : oneway function results will be dropped but finished with status OK and parcel size 4
05-29 02:18:44.606 12017 12019 I cmd     : oneway function results will be dropped but finished with status OK and parcel size 4
05-29 02:18:44.673 12032 12034 I cmd     : oneway function results will be dropped but finished with status OK and parcel size 4
05-29 02:18:44.756   457   457 E netmgr  : qemu_pipe_open_ns:62: Could not connect to the 'pipe:qemud:network' service: Invalid argument
05-29 02:18:44.756   457   457 E netmgr  : Failed to open QEMU pipe 'qemud:network': Invalid argument
05-29 02:18:44.779  7649  7649 I ProvidersCache: Updating roots due to change on user 0at content://com.android.providers.media.documents/root
05-29 02:18:44.783   479   479 E wifi_forwarder: qemu_pipe_open_ns:62: Could not connect to the 'pipe:qemud:wififorward' service: Invalid argument
05-29 02:18:44.783   479   479 E wifi_forwarder: RemoteConnection failed to initialize: RemoteConnection failed to open pipe
05-29 02:18:44.844 12059 12059 E libc    : Access denied finding property "persist.device_config.runtime_native_boot.profilebootclasspath"
05-29 02:18:44.844 12059 12059 E libc    : Access denied finding property "persist.device_config.runtime_native_boot.enable_apex_image"
05-29 02:18:44.844 12059 12059 I AndroidRuntime: Using default boot image
05-29 02:18:44.844 12059 12059 E libc    : Access denied finding property "persist.device_config.runtime_native_boot.disable_lock_profiling"
05-29 02:18:44.844 12059 12059 I AndroidRuntime: Leaving lock profiling enabled
05-29 02:18:44.844 12059 12059 E libc    : Access denied finding property "persist.device_config.runtime_native_boot.enable_generational_cc"
05-29 02:18:44.845 12059 12059 I app_process: Core platform API reporting enabled, enforcing=false
05-29 02:18:44.840 12059 12059 W app_process: type=1400 audit(0.0:1189): avc: denied { read } for name="u:object_r:device_config_runtime_native_boot_prop:s0" dev="tmpfs" ino=8385 scontext=u:r:shell:s0 tcontext=u:object_r:device_config_runtime_native_boot_prop:s0 tclass=file permissive=0
05-29 02:18:44.902 12059 12059 W app_process: Unexpected CPU variant for X86 using defaults: x86_64
05-29 02:18:44.903 12059 12059 I app_process: The ClassLoaderContext is a special shared library.
05-29 02:18:44.840 12059 12059 W app_process: type=1400 audit(0.0:1192): avc: denied { read } for name="u:object_r:device_config_runtime_native_boot_prop:s0" dev="tmpfs" ino=8385 scontext=u:r:shell:s0 tcontext=u:object_r:device_config_runtime_native_boot_prop:s0 tclass=file permissive=0
05-29 02:18:44.924 12059 12059 W app_process: JNI RegisterNativeMethods: attempt to register 0 native methods for android.media.AudioAttributes
05-29 02:18:44.936  7649  7649 I ProvidersCache: Updating roots due to change on user 0at content://com.android.providers.media.documents/root
05-29 02:18:44.946  2189  2189 E AccessibilityInteractionClient: 2 Disconnected nodes.
05-29 02:18:45.136  7649  7649 I ProvidersCache: Updating roots due to change on user 0at content://com.android.providers.media.documents/root
05-29 02:18:45.252  7649  7649 I ProvidersCache: Updating roots due to change on user 0at content://com.android.providers.media.documents/root
05-29 02:18:45.565  7649  7649 I ProvidersCache: Updating roots due to change on user 0at content://com.android.providers.media.documents/root
05-29 02:18:46.683   162   162 I hwservicemanager: getTransport: Cannot find entry android.hardware.graphics.mapper@4.0::IMapper/default in either framework or device manifest.
05-29 02:18:46.683 12093 12093 I Gralloc4: mapper 4.x is not supported
05-29 02:18:46.751 12097 12099 I cmd     : oneway function results will be dropped but finished with status OK and parcel size 4
05-29 02:18:46.752  1451  2312 I MediaProvider: Begin Intent { act=android.intent.action.MEDIA_SCANNER_SCAN_FILE dat=file:///sdcard/screen_2026-05-29_021847.png flg=0x1400010 cmp=com.android.providers.media.module/com.android.providers.media.MediaService }
05-29 02:18:46.753  1451  2312 W ModernMediaScanner: Failed to visit /sdcard/screen_2026-05-29_021847.png: java.nio.file.AccessDeniedException: /sdcard/screen_2026-05-29_021847.png
05-29 02:18:46.754  1451  2312 I MediaProvider: Scanned internal due to REASON_DEMAND, found 0 items in 1ms, 0 inserts 0 updates 0 deletes
05-29 02:18:46.755  1451  2312 I MediaProvider: End Intent { act=android.intent.action.MEDIA_SCANNER_SCAN_FILE dat=file:///sdcard/screen_2026-05-29_021847.png flg=0x1400010 cmp=com.android.providers.media.module/com.android.providers.media.MediaService }
05-29 02:18:46.748  1451  1451 W com.android.providers.media.module: type=1400 audit(0.0:1193): avc: denied { read } for comm=4173796E635461736B202331 name="primary" dev="tmpfs" ino=27897 scontext=u:r:mediaprovider_app:s0:c125,c256,c512,c768 tcontext=u:object_r:mnt_pass_through_file:s0 tclass=lnk_file permissive=0 app=com.android.providers.media.module
05-29 02:18:46.881  1451  2571 I MediaProvider: Deleted 1 items on external_primary due to com.android.shell
05-29 02:18:46.919 12108 12110 I cmd     : oneway function results will be dropped but finished with status OK and parcel size 4
05-29 02:18:47.091   162   162 I hwservicemanager: getTransport: Cannot find entry android.hardware.graphics.mapper@4.0::IMapper/default in either framework or device manifest.
05-29 02:18:47.091 12130 12130 I Gralloc4: mapper 4.x is not supported
05-29 02:18:47.149 12136 12138 I cmd     : oneway function results will be dropped but finished with status OK and parcel size 4
05-29 02:18:47.151  1451  2312 I MediaProvider: Begin Intent { act=android.intent.action.MEDIA_SCANNER_SCAN_FILE dat=file:///sdcard/screen_2026-05-29_021848.png flg=0x1400010 cmp=com.android.providers.media.module/com.android.providers.media.MediaService }
05-29 02:18:47.727     0     0 W audit   : audit_lost=660 audit_rate_limit=5 audit_backlog_limit=64
05-29 02:18:47.732     0     0 E audit   : rate limit exceeded
05-29 02:18:47.159  1451  2312 W ModernMediaScanner: Failed to visit /sdcard/screen_2026-05-29_021848.png: java.nio.file.AccessDeniedException: /sdcard/screen_2026-05-29_021848.png
05-29 02:18:47.160  1451  2312 I MediaProvider: Scanned internal due to REASON_DEMAND, found 0 items in 1ms, 0 inserts 0 updates 0 deletes
05-29 02:18:47.160  1451  2312 I MediaProvider: End Intent { act=android.intent.action.MEDIA_SCANNER_SCAN_FILE dat=file:///sdcard/screen_2026-05-29_021848.png flg=0x1400010 cmp=com.android.providers.media.module/com.android.providers.media.MediaService }
05-29 02:18:47.189  1451  2571 I MediaProvider: Deleted 1 items on external_primary due to com.android.shell
05-29 02:18:47.223 12147 12149 I cmd     : oneway function results will be dropped but finished with status OK and parcel size 4
05-29 02:18:47.389   162   162 I hwservicemanager: getTransport: Cannot find entry android.hardware.graphics.mapper@4.0::IMapper/default in either framework or device manifest.
05-29 02:18:47.389 12169 12169 I Gralloc4: mapper 4.x is not supported
05-29 02:18:47.458 12173 12175 I cmd     : oneway function results will be dropped but finished with status OK and parcel size 4
05-29 02:18:47.459  1451  2312 I MediaProvider: Begin Intent { act=android.intent.action.MEDIA_SCANNER_SCAN_FILE dat=file:///sdcard/screen_2026-05-29_021848.png flg=0x1400010 cmp=com.android.providers.media.module/com.android.providers.media.MediaService }
05-29 02:18:47.461  1451  2312 W ModernMediaScanner: Failed to visit /sdcard/screen_2026-05-29_021848.png: java.nio.file.AccessDeniedException: /sdcard/screen_2026-05-29_021848.png
05-29 02:18:47.462  1451  2312 I MediaProvider: Scanned internal due to REASON_DEMAND, found 0 items in 1ms, 0 inserts 0 updates 0 deletes
05-29 02:18:47.462  1451  2312 I MediaProvider: End Intent { act=android.intent.action.MEDIA_SCANNER_SCAN_FILE dat=file:///sdcard/screen_2026-05-29_021848.png flg=0x1400010 cmp=com.android.providers.media.module/com.android.providers.media.MediaService }
05-29 02:18:47.531  1451  2571 I MediaProvider: Deleted 1 items on external_primary due to com.android.shell
05-29 02:18:47.566 12184 12186 I cmd     : oneway function results will be dropped but finished with status OK and parcel size 4
05-29 02:18:47.706 12214 12216 I cmd     : oneway function results will be dropped but finished with status OK and parcel size 4
05-29 02:18:47.774 12229 12231 I cmd     : oneway function results will be dropped but finished with status OK and parcel size 4
05-29 02:18:47.796  7649  7649 I ProvidersCache: Updating roots due to change on user 0at content://com.android.providers.media.documents/root
05-29 02:18:47.878 12241 12241 E libc    : Access denied finding property "persist.device_config.runtime_native_boot.profilebootclasspath"
05-29 02:18:47.878 12241 12241 E libc    : Access denied finding property "persist.device_config.runtime_native_boot.enable_apex_image"
05-29 02:18:47.878 12241 12241 I AndroidRuntime: Using default boot image
05-29 02:18:47.878 12241 12241 E libc    : Access denied finding property "persist.device_config.runtime_native_boot.disable_lock_profiling"
05-29 02:18:47.878 12241 12241 I AndroidRuntime: Leaving lock profiling enabled
05-29 02:18:47.878 12241 12241 E libc    : Access denied finding property "persist.device_config.runtime_native_boot.enable_generational_cc"
05-29 02:18:47.879 12241 12241 I app_process: Core platform API reporting enabled, enforcing=false
05-29 02:18:47.872 12241 12241 W app_process: type=1400 audit(0.0:1211): avc: denied { read } for name="u:object_r:device_config_runtime_native_boot_prop:s0" dev="tmpfs" ino=8385 scontext=u:r:shell:s0 tcontext=u:object_r:device_config_runtime_native_boot_prop:s0 tclass=file permissive=0
05-29 02:18:47.937 12241 12241 W app_process: Unexpected CPU variant for X86 using defaults: x86_64
05-29 02:18:47.938 12241 12241 I app_process: The ClassLoaderContext is a special shared library.
05-29 02:18:47.945 12241 12241 W app_process: JNI RegisterNativeMethods: attempt to register 0 native methods for android.media.AudioAttributes
05-29 02:18:47.872 12241 12241 W app_process: type=1400 audit(0.0:1214): avc: denied { read } for name="u:object_r:device_config_runtime_native_boot_prop:s0" dev="tmpfs" ino=8385 scontext=u:r:shell:s0 tcontext=u:object_r:device_config_runtime_native_boot_prop:s0 tclass=file permissive=0
05-29 02:18:47.976  7649  7649 I ProvidersCache: Updating roots due to change on user 0at content://com.android.providers.media.documents/root
05-29 02:18:48.183  7649  7649 I ProvidersCache: Updating roots due to change on user 0at content://com.android.providers.media.documents/root
05-29 02:18:48.288  7649  7649 I chatty  : uid=10076(com.android.documentsui) identical 1 line
05-29 02:18:48.536  7649  7649 I ProvidersCache: Updating roots due to change on user 0at content://com.android.providers.media.documents/root
05-29 02:18:49.705   162   162 I hwservicemanager: getTransport: Cannot find entry android.hardware.graphics.mapper@4.0::IMapper/default in either framework or device manifest.
05-29 02:18:49.705 12274 12274 I Gralloc4: mapper 4.x is not supported
05-29 02:18:49.765 12278 12280 I cmd     : oneway function results will be dropped but finished with status OK and parcel size 4
05-29 02:18:49.766  1451  2312 I MediaProvider: Begin Intent { act=android.intent.action.MEDIA_SCANNER_SCAN_FILE dat=file:///sdcard/screen_2026-05-29_021850.png flg=0x1400010 cmp=com.android.providers.media.module/com.android.providers.media.MediaService }
05-29 02:18:49.768  1451  2312 W ModernMediaScanner: Failed to visit /sdcard/screen_2026-05-29_021850.png: java.nio.file.AccessDeniedException: /sdcard/screen_2026-05-29_021850.png
05-29 02:18:49.768  1451  2312 I MediaProvider: Scanned internal due to REASON_DEMAND, found 0 items in 1ms, 0 inserts 0 updates 0 deletes
05-29 02:18:49.769  1451  2312 I MediaProvider: End Intent { act=android.intent.action.MEDIA_SCANNER_SCAN_FILE dat=file:///sdcard/screen_2026-05-29_021850.png flg=0x1400010 cmp=com.android.providers.media.module/com.android.providers.media.MediaService }
05-29 02:18:49.764  1451  1451 W com.android.providers.media.module: type=1400 audit(0.0:1215): avc: denied { read } for comm=4173796E635461736B202331 name="primary" dev="tmpfs" ino=27897 scontext=u:r:mediaprovider_app:s0:c125,c256,c512,c768 tcontext=u:object_r:mnt_pass_through_file:s0 tclass=lnk_file permissive=0 app=com.android.providers.media.module
05-29 02:18:49.900  1451  1734 I MediaProvider: Deleted 1 items on external_primary due to com.android.shell
05-29 02:18:49.936 12290 12292 I cmd     : oneway function results will be dropped but finished with status OK and parcel size 4
05-29 02:18:50.094   162   162 I hwservicemanager: getTransport: Cannot find entry android.hardware.graphics.mapper@4.0::IMapper/default in either framework or device manifest.
05-29 02:18:50.094 12312 12312 I Gralloc4: mapper 4.x is not supported
05-29 02:18:50.153 12316 12318 I cmd     : oneway function results will be dropped but finished with status OK and parcel size 4
05-29 02:18:50.154  1451  2312 I MediaProvider: Begin Intent { act=android.intent.action.MEDIA_SCANNER_SCAN_FILE dat=file:///sdcard/screen_2026-05-29_021851.png flg=0x1400010 cmp=com.android.providers.media.module/com.android.providers.media.MediaService }
05-29 02:18:50.730     0     0 W audit   : audit_lost=672 audit_rate_limit=5 audit_backlog_limit=64
05-29 02:18:50.735     0     0 E audit   : rate limit exceeded
05-29 02:18:50.162  1451  2312 W ModernMediaScanner: Failed to visit /sdcard/screen_2026-05-29_021851.png: java.nio.file.AccessDeniedException: /sdcard/screen_2026-05-29_021851.png
05-29 02:18:50.162  1451  2312 I MediaProvider: Scanned internal due to REASON_DEMAND, found 0 items in 1ms, 0 inserts 0 updates 0 deletes
05-29 02:18:50.163  1451  2312 I MediaProvider: End Intent { act=android.intent.action.MEDIA_SCANNER_SCAN_FILE dat=file:///sdcard/screen_2026-05-29_021851.png flg=0x1400010 cmp=com.android.providers.media.module/com.android.providers.media.MediaService }
05-29 02:18:50.232  1451  1732 I MediaProvider: Deleted 1 items on external_primary due to com.android.shell
05-29 02:18:50.267 12329 12331 I cmd     : oneway function results will be dropped but finished with status OK and parcel size 4
05-29 02:18:50.471   162   162 I hwservicemanager: getTransport: Cannot find entry android.hardware.graphics.mapper@4.0::IMapper/default in either framework or device manifest.
05-29 02:18:50.472 12351 12351 I Gralloc4: mapper 4.x is not supported
05-29 02:18:50.522 12355 12357 I cmd     : oneway function results will be dropped but finished with status OK and parcel size 4
05-29 02:18:50.522  1451  2312 I MediaProvider: Begin Intent { act=android.intent.action.MEDIA_SCANNER_SCAN_FILE dat=file:///sdcard/screen_2026-05-29_021851.png flg=0x1400010 cmp=com.android.providers.media.module/com.android.providers.media.MediaService }
05-29 02:18:50.523  1451  2312 W ModernMediaScanner: Failed to visit /sdcard/screen_2026-05-29_021851.png: java.nio.file.AccessDeniedException: /sdcard/screen_2026-05-29_021851.png
05-29 02:18:50.524  1451  2312 I MediaProvider: Scanned internal due to REASON_DEMAND, found 0 items in 1ms, 0 inserts 0 updates 0 deletes
05-29 02:18:50.527  1451  2312 I MediaProvider: End Intent { act=android.intent.action.MEDIA_SCANNER_SCAN_FILE dat=file:///sdcard/screen_2026-05-29_021851.png flg=0x1400010 cmp=com.android.providers.media.module/com.android.providers.media.MediaService }
05-29 02:18:50.555  1451  2571 I MediaProvider: Deleted 1 items on external_primary due to com.android.shell
05-29 02:18:50.588 12366 12368 I cmd     : oneway function results will be dropped but finished with status OK and parcel size 4
05-29 02:18:50.655 12381 12383 I cmd     : oneway function results will be dropped but finished with status OK and parcel size 4
05-29 02:18:50.717 12396 12398 I cmd     : oneway function results will be dropped but finished with status OK and parcel size 4
05-29 02:18:50.759  7649  7649 I ProvidersCache: Updating roots due to change on user 0at content://com.android.providers.media.documents/root
05-29 02:18:50.784 12411 12413 I cmd     : oneway function results will be dropped but finished with status OK and parcel size 4
05-29 02:18:50.887 12423 12423 E libc    : Access denied finding property "persist.device_config.runtime_native_boot.profilebootclasspath"
05-29 02:18:50.887 12423 12423 E libc    : Access denied finding property "persist.device_config.runtime_native_boot.enable_apex_image"
05-29 02:18:50.887 12423 12423 I AndroidRuntime: Using default boot image
05-29 02:18:50.887 12423 12423 E libc    : Access denied finding property "persist.device_config.runtime_native_boot.disable_lock_profiling"
05-29 02:18:50.887 12423 12423 I AndroidRuntime: Leaving lock profiling enabled
05-29 02:18:50.887 12423 12423 E libc    : Access denied finding property "persist.device_config.runtime_native_boot.enable_generational_cc"
05-29 02:18:50.890 12423 12423 I app_process: Core platform API reporting enabled, enforcing=false
05-29 02:18:50.884 12423 12423 W app_process: type=1400 audit(0.0:1233): avc: denied { read } for name="u:object_r:device_config_runtime_native_boot_prop:s0" dev="tmpfs" ino=8385 scontext=u:r:shell:s0 tcontext=u:object_r:device_config_runtime_native_boot_prop:s0 tclass=file permissive=0
05-29 02:18:50.936  7649  7649 I ProvidersCache: Updating roots due to change on user 0at content://com.android.providers.media.documents/root
05-29 02:18:50.952 12423 12423 W app_process: Unexpected CPU variant for X86 using defaults: x86_64
05-29 02:18:50.953 12423 12423 I app_process: The ClassLoaderContext is a special shared library.
05-29 02:18:50.884 12423 12423 W app_process: type=1400 audit(0.0:1236): avc: denied { read } for name="u:object_r:device_config_runtime_native_boot_prop:s0" dev="tmpfs" ino=8385 scontext=u:r:shell:s0 tcontext=u:object_r:device_config_runtime_native_boot_prop:s0 tclass=file permissive=0
05-29 02:18:50.962 12423 12423 W app_process: JNI RegisterNativeMethods: attempt to register 0 native methods for android.media.AudioAttributes
05-29 02:18:51.080  2189  2189 E AccessibilityInteractionClient: 3 Disconnected nodes.
05-29 02:18:51.108  7649  7649 I ProvidersCache: Updating roots due to change on user 0at content://com.android.providers.media.documents/root
05-29 02:18:51.231  7649  7649 I ProvidersCache: Updating roots due to change on user 0at content://com.android.providers.media.documents/root
05-29 02:18:51.527  7649  7649 I ProvidersCache: Updating roots due to change on user 0at content://com.android.providers.media.documents/root
05-29 02:18:52.726   162   162 I hwservicemanager: getTransport: Cannot find entry android.hardware.graphics.mapper@4.0::IMapper/default in either framework or device manifest.
05-29 02:18:52.726 12459 12459 I Gralloc4: mapper 4.x is not supported
05-29 02:18:52.787 12463 12465 I cmd     : oneway function results will be dropped but finished with status OK and parcel size 4
05-29 02:18:52.788  1451  2312 I MediaProvider: Begin Intent { act=android.intent.action.MEDIA_SCANNER_SCAN_FILE dat=file:///sdcard/screen_2026-05-29_021853.png flg=0x1400010 cmp=com.android.providers.media.module/com.android.providers.media.MediaService }
05-29 02:18:52.790  1451  2312 W ModernMediaScanner: Failed to visit /sdcard/screen_2026-05-29_021853.png: java.nio.file.AccessDeniedException: /sdcard/screen_2026-05-29_021853.png
05-29 02:18:52.791  1451  2312 I MediaProvider: Scanned internal due to REASON_DEMAND, found 0 items in 1ms, 0 inserts 0 updates 0 deletes
05-29 02:18:52.791  1451  2312 I MediaProvider: End Intent { act=android.intent.action.MEDIA_SCANNER_SCAN_FILE dat=file:///sdcard/screen_2026-05-29_021853.png flg=0x1400010 cmp=com.android.providers.media.module/com.android.providers.media.MediaService }
05-29 02:18:52.784  1451  1451 W com.android.providers.media.module: type=1400 audit(0.0:1237): avc: denied { read } for comm=4173796E635461736B202331 name="primary" dev="tmpfs" ino=27897 scontext=u:r:mediaprovider_app:s0:c125,c256,c512,c768 tcontext=u:object_r:mnt_pass_through_file:s0 tclass=lnk_file permissive=0 app=com.android.providers.media.module
05-29 02:18:52.864  1451  2571 I MediaProvider: Deleted 1 items on external_primary due to com.android.shell
05-29 02:18:52.897 12474 12476 I cmd     : oneway function results will be dropped but finished with status OK and parcel size 4
05-29 02:18:53.057   162   162 I hwservicemanager: getTransport: Cannot find entry android.hardware.graphics.mapper@4.0::IMapper/default in either framework or device manifest.
05-29 02:18:53.057 12496 12496 I Gralloc4: mapper 4.x is not supported
05-29 02:18:53.117 12500 12502 I cmd     : oneway function results will be dropped but finished with status OK and parcel size 4
05-29 02:18:53.118  1451  2312 I MediaProvider: Begin Intent { act=android.intent.action.MEDIA_SCANNER_SCAN_FILE dat=file:///sdcard/screen_2026-05-29_021854.png flg=0x1400010 cmp=com.android.providers.media.module/com.android.providers.media.MediaService }
05-29 02:18:53.694     0     0 W audit   : audit_lost=684 audit_rate_limit=5 audit_backlog_limit=64
05-29 02:18:53.699     0     0 E audit   : rate limit exceeded
05-29 02:18:53.128  1451  2312 W ModernMediaScanner: Failed to visit /sdcard/screen_2026-05-29_021854.png: java.nio.file.AccessDeniedException: /sdcard/screen_2026-05-29_021854.png
05-29 02:18:53.128  1451  2312 I MediaProvider: Scanned internal due to REASON_DEMAND, found 0 items in 2ms, 0 inserts 0 updates 0 deletes
