05-29 02:17:33.991   512   551 W BroadcastQueue: Background execution not allowed: receiving Intent { act=android.intent.action.PACKAGE_ADDED dat=package:com.mocoding.pokedex.android flg=0x4000010 (has extras) } to com.android.gallery3d/.app.PackagesMonitor
05-29 02:17:33.992   512   512 I Telecom : DefaultDialerCache: Refreshing default dialer for user 0: now com.android.dialer: DDC.oR@AIs
05-29 02:17:33.994   512   542 I RoleManagerService: Granting default roles...
05-29 02:17:34.000   512   607 I InputReader: Reconfiguring input devices, changes=KEYBOARD_LAYOUTS | 
05-29 02:17:34.008   753   775 I PermissionControllerServiceImpl: Updating user sensitive for uid 10132
05-29 02:17:34.627     0     0 I binder  : 512:523 DecRefs 0 refcount change on invalid ref 11 ret -22
05-29 02:17:34.630     0     0 I binder  : 512:523 DecRefs 0 refcount change on invalid ref 81 ret -22
05-29 02:17:34.059   512   550 W VoiceInteractionManager: no available voice recognition services found for user 0
05-29 02:17:35.810  7868  7870 I cmd     : oneway function results will be dropped but finished with status OK and parcel size 4
05-29 02:17:35.825   161   161 I servicemanager: Since 'apexservice' could not be found, trying to start it as a lazy AIDL service
05-29 02:17:36.402     0     0 I init    : starting service 'apexd'...
05-29 02:17:36.406     0     0 I init    : Control message: Processed ctl.interface_start for 'aidl/apexservice' from pid: 161 (/system/bin/servicemanager)
05-29 02:17:36.436     0     0 I apexd   : Scanning /system/apex for preinstalled data
05-29 02:17:36.466     0     0 I apexd   : Scanning /system_ext/apex for preinstalled data
05-29 02:17:36.470     0     0 I apexd   : ... does not exist. Skipping
05-29 02:17:36.474     0     0 I apexd   : Scanning /product/apex for preinstalled data
05-29 02:17:36.479     0     0 I apexd   : ... does not exist. Skipping
05-29 02:17:36.482     0     0 I apexd   : Scanning /vendor/apex for preinstalled data
05-29 02:17:36.486     0     0 I apexd   : ... does not exist. Skipping
05-29 02:17:36.490     0     0 I apexd   : Populating APEX database from mounts...
05-29 02:17:36.495     0     0 I apexd   : Found "/apex/com.android.neuralnetworks@300000000" backed by file /system/apex/com.android.neuralnetworks.apex
05-29 02:17:36.503     0     0 I apexd   : Found "/apex/com.android.runtime@1" backed by file /system/apex/com.android.runtime.apex
05-29 02:17:36.510     0     0 I apexd   : Found "/apex/com.android.resolv@300000000" backed by file /system/apex/com.android.resolv.apex
05-29 02:17:36.518     0     0 I apexd   : Found "/apex/com.android.extservices@300000000" backed by file /system/apex/com.android.extservices.apex
05-29 02:17:36.526     0     0 I apexd   : Found "/apex/com.android.tethering@300000000" backed by file /system/apex/com.android.tethering.apex
05-29 02:17:36.534     0     0 I apexd   : Found "/apex/com.android.cellbroadcast@300000000" backed by file /system/apex/com.android.cellbroadcast.apex
05-29 02:17:36.542     0     0 I apexd   : Found "/apex/com.android.vndk.v30@1" backed by file /system/apex/com.android.vndk.current.apex
05-29 02:17:36.550     0     0 I apexd   : Found "/apex/com.android.art@1" backed by file /system/apex/com.android.art.debug.apex
05-29 02:17:36.557     0     0 I apexd   : Found "/apex/com.android.conscrypt@300000000" backed by file /system/apex/com.android.conscrypt.apex
05-29 02:17:36.565     0     0 I apexd   : Found "/apex/com.android.apex.cts.shim@1" backed by file /system/apex/com.android.apex.cts.shim.apex
05-29 02:17:36.573     0     0 I apexd   : Found "/apex/com.android.i18n@1" backed by file /system/apex/com.android.i18n.apex
05-29 02:17:36.580     0     0 I apexd   : Found "/apex/com.android.permission@300000000" backed by file /system/apex/com.android.permission.apex
05-29 02:17:36.588     0     0 I apexd   : Found "/apex/com.android.media@300000000" backed by file /system/apex/com.android.media.apex
05-29 02:17:36.595     0     0 I apexd   : Found "/apex/com.android.adbd@300000000" backed by file /system/apex/com.android.adbd.apex
05-29 02:17:36.603     0     0 I apexd   : Found "/apex/com.android.mediaprovider@300000000" backed by file /system/apex/com.android.mediaprovider.apex
05-29 02:17:36.611     0     0 I apexd   : Found "/apex/com.android.ipsec@300000000" backed by file /system/apex/com.android.ipsec.apex
05-29 02:17:36.618     0     0 I apexd   : Found "/apex/com.android.tzdata@300000000" backed by file /system/apex/com.android.tzdata.apex
05-29 02:17:36.626     0     0 I apexd   : Found "/apex/com.android.media.swcodec@300000000" backed by file /system/apex/com.android.media.swcodec.apex
05-29 02:17:36.634     0     0 I apexd   : Found "/apex/com.android.os.statsd@300000000" backed by file /system/apex/com.android.os.statsd.apex
05-29 02:17:36.642     0     0 I apexd   : Found "/apex/com.android.wifi@300000000" backed by file /system/apex/com.android.wifi.apex
05-29 02:17:36.650     0     0 I apexd   : Found "/apex/com.android.sdkext@300000000" backed by file /system/apex/com.android.sdkext.apex
05-29 02:17:36.657     0     0 I apexd   : 21 packages restored.
05-29 02:17:36.660     0     0 I AidlLazyServiceRegistrar: Registering service apexservice
05-29 02:17:36.089   161   161 I BpBinder: onLastStrongRef automatically unlinking death recipients: <uncached descriptor>
05-29 02:17:36.095   161   161 I servicemanager: Tried to unregister apexservice, but there is about to be a client.
05-29 02:17:36.666     0     0 I AidlLazyServiceRegistrar: Trying to shut down the service. No clients in use for any service in process.
05-29 02:17:36.671     0     0 I AidlLazyServiceRegistrar: Failed to unregister service apexservice
05-29 02:17:36.234   162   162 I hwservicemanager: getTransport: Cannot find entry android.hardware.graphics.mapper@4.0::IMapper/default in either framework or device manifest.
05-29 02:17:36.234  7890  7890 I Gralloc4: mapper 4.x is not supported
05-29 02:17:36.322  7894  7896 I cmd     : oneway function results will be dropped but finished with status OK and parcel size 4
05-29 02:17:36.323  1451  2312 I MediaProvider: Begin Intent { act=android.intent.action.MEDIA_SCANNER_SCAN_FILE dat=file:///sdcard/screen_2026-05-29_021737.png flg=0x1400010 cmp=com.android.providers.media.module/com.android.providers.media.MediaService }
05-29 02:17:36.900     0     0 W audit   : audit_lost=376 audit_rate_limit=5 audit_backlog_limit=64
05-29 02:17:36.905     0     0 E audit   : rate limit exceeded
05-29 02:17:36.332  1451  2312 W ModernMediaScanner: Failed to visit /sdcard/screen_2026-05-29_021737.png: java.nio.file.AccessDeniedException: /sdcard/screen_2026-05-29_021737.png
05-29 02:17:36.332  1451  2312 I MediaProvider: Scanned internal due to REASON_DEMAND, found 0 items in 10ms, 0 inserts 0 updates 0 deletes
05-29 02:17:36.333  1451  2312 I MediaProvider: End Intent { act=android.intent.action.MEDIA_SCANNER_SCAN_FILE dat=file:///sdcard/screen_2026-05-29_021737.png flg=0x1400010 cmp=com.android.providers.media.module/com.android.providers.media.MediaService }
05-29 02:17:36.320  1451  1451 W com.android.providers.media.module: type=1400 audit(0.0:685): avc: denied { read } for comm=4173796E635461736B202331 name="primary" dev="tmpfs" ino=27897 scontext=u:r:mediaprovider_app:s0:c125,c256,c512,c768 tcontext=u:object_r:mnt_pass_through_file:s0 tclass=lnk_file permissive=0 app=com.android.providers.media.module
05-29 02:17:36.443  1451  2571 I MediaProvider: Deleted 1 items on external_primary due to com.android.shell
05-29 02:17:36.479  7905  7907 I cmd     : oneway function results will be dropped but finished with status OK and parcel size 4
05-29 02:17:36.531   512  1735 I ActivityManager: Force stopping com.mocoding.pokedex.android appid=10132 user=0: from pid 7917
05-29 02:17:36.532  7917  7919 I cmd     : oneway function results will be dropped but finished with status OK and parcel size 4
05-29 02:17:36.591  7920  7920 E libc    : Access denied finding property "persist.device_config.runtime_native_boot.profilebootclasspath"
05-29 02:17:36.592  7920  7920 E libc    : Access denied finding property "persist.device_config.runtime_native_boot.enable_apex_image"
05-29 02:17:36.592  7920  7920 I AndroidRuntime: Using default boot image
05-29 02:17:36.592  7920  7920 E libc    : Access denied finding property "persist.device_config.runtime_native_boot.disable_lock_profiling"
05-29 02:17:36.592  7920  7920 I AndroidRuntime: Leaving lock profiling enabled
05-29 02:17:36.592  7920  7920 E libc    : Access denied finding property "persist.device_config.runtime_native_boot.enable_generational_cc"
05-29 02:17:36.593  7920  7920 I app_process: Core platform API reporting enabled, enforcing=false
05-29 02:17:36.656  7920  7920 W app_process: Unexpected CPU variant for X86 using defaults: x86_64
05-29 02:17:36.657  7920  7920 I app_process: The ClassLoaderContext is a special shared library.
05-29 02:17:36.665  7920  7920 W app_process: JNI RegisterNativeMethods: attempt to register 0 native methods for android.media.AudioAttributes
05-29 02:17:36.674   512   543 I ActivityTaskManager: START u0 {act=android.intent.action.MAIN cat=[android.intent.category.HOME] flg=0x10000100 cmp=com.android.launcher3/.uioverrides.QuickstepLauncher (has extras)} from uid 0
05-29 02:17:37.830   161   161 I servicemanager: Notifying apexservice they have clients: 1
05-29 02:17:38.407     0     0 I AidlLazyServiceRegistrar: Process has 1 (of 1 available) client(s) in use after notification android.apex.IApexService has clients: 1
05-29 02:17:38.229   162   162 I hwservicemanager: getTransport: Cannot find entry android.hardware.graphics.mapper@4.0::IMapper/default in either framework or device manifest.
05-29 02:17:38.229  7950  7950 I Gralloc4: mapper 4.x is not supported
05-29 02:17:38.323  7954  7956 I cmd     : oneway function results will be dropped but finished with status OK and parcel size 4
05-29 02:17:38.324  1451  2312 I MediaProvider: Begin Intent { act=android.intent.action.MEDIA_SCANNER_SCAN_FILE dat=file:///sdcard/screen_2026-05-29_021739.png flg=0x1400010 cmp=com.android.providers.media.module/com.android.providers.media.MediaService }
05-29 02:17:38.320  1451  1451 W com.android.providers.media.module: type=1400 audit(0.0:695): avc: denied { read } for comm=4173796E635461736B202331 name="primary" dev="tmpfs" ino=27897 scontext=u:r:mediaprovider_app:s0:c125,c256,c512,c768 tcontext=u:object_r:mnt_pass_through_file:s0 tclass=lnk_file permissive=0 app=com.android.providers.media.module
05-29 02:17:38.902     0     0 W audit   : audit_lost=381 audit_rate_limit=5 audit_backlog_limit=64
05-29 02:17:38.925     0     0 E audit   : rate limit exceeded
05-29 02:17:38.320  1451  1451 W com.android.providers.media.module: type=1400 audit(0.0:696): avc: denied { read } for comm=4173796E635461736B202331 name="primary" dev="tmpfs" ino=27897 scontext=u:r:mediaprovider_app:s0:c125,c256,c512,c768 tcontext=u:object_r:mnt_pass_through_file:s0 tclass=lnk_file permissive=0 app=com.android.providers.media.module
05-29 02:17:38.371  1451  2312 W ModernMediaScanner: Failed to visit /sdcard/screen_2026-05-29_021739.png: java.nio.file.AccessDeniedException: /sdcard/screen_2026-05-29_021739.png
05-29 02:17:38.372  1451  2312 I MediaProvider: Scanned internal due to REASON_DEMAND, found 0 items in 47ms, 0 inserts 0 updates 0 deletes
05-29 02:17:38.373  1451  2312 I MediaProvider: End Intent { act=android.intent.action.MEDIA_SCANNER_SCAN_FILE dat=file:///sdcard/screen_2026-05-29_021739.png flg=0x1400010 cmp=com.android.providers.media.module/com.android.providers.media.MediaService }
05-29 02:17:38.320  1451  1451 W com.android.providers.media.module: type=1400 audit(0.0:697): avc: denied { read } for comm=4173796E635461736B202331 name="primary" dev="tmpfs" ino=27897 scontext=u:r:mediaprovider_app:s0:c125,c256,c512,c768 tcontext=u:object_r:mnt_pass_through_file:s0 tclass=lnk_file permissive=0 app=com.android.providers.media.module
05-29 02:17:38.438  1451  1732 I MediaProvider: Deleted 1 items on external_primary due to com.android.shell
05-29 02:17:38.476  7965  7967 I cmd     : oneway function results will be dropped but finished with status OK and parcel size 4
05-29 02:17:38.637   162   162 I hwservicemanager: getTransport: Cannot find entry android.hardware.graphics.mapper@4.0::IMapper/default in either framework or device manifest.
05-29 02:17:38.637  7987  7987 I Gralloc4: mapper 4.x is not supported
05-29 02:17:38.725  1451  2312 I MediaProvider: Begin Intent { act=android.intent.action.MEDIA_SCANNER_SCAN_FILE dat=file:///sdcard/screen_2026-05-29_021739.png flg=0x1400010 cmp=com.android.providers.media.module/com.android.providers.media.MediaService }
05-29 02:17:38.726  1451  2312 W ModernMediaScanner: Failed to visit /sdcard/screen_2026-05-29_021739.png: java.nio.file.AccessDeniedException: /sdcard/screen_2026-05-29_021739.png
05-29 02:17:38.728  1451  2312 I MediaProvider: Scanned internal due to REASON_DEMAND, found 0 items in 2ms, 0 inserts 0 updates 0 deletes
05-29 02:17:38.736  1451  2312 I MediaProvider: End Intent { act=android.intent.action.MEDIA_SCANNER_SCAN_FILE dat=file:///sdcard/screen_2026-05-29_021739.png flg=0x1400010 cmp=com.android.providers.media.module/com.android.providers.media.MediaService }
05-29 02:17:38.762  1451  1734 I MediaProvider: Deleted 1 items on external_primary due to com.android.shell
05-29 02:17:38.797  8004  8006 I cmd     : oneway function results will be dropped but finished with status OK and parcel size 4
05-29 02:17:38.969   162   162 I hwservicemanager: getTransport: Cannot find entry android.hardware.graphics.mapper@4.0::IMapper/default in either framework or device manifest.
05-29 02:17:38.970  8026  8026 I Gralloc4: mapper 4.x is not supported
05-29 02:17:39.062  8030  8032 I cmd     : oneway function results will be dropped but finished with status OK and parcel size 4
05-29 02:17:39.063  1451  2312 I MediaProvider: Begin Intent { act=android.intent.action.MEDIA_SCANNER_SCAN_FILE dat=file:///sdcard/screen_2026-05-29_021740.png flg=0x1400010 cmp=com.android.providers.media.module/com.android.providers.media.MediaService }
05-29 02:17:39.065  1451  2312 W ModernMediaScanner: Failed to visit /sdcard/screen_2026-05-29_021740.png: java.nio.file.AccessDeniedException: /sdcard/screen_2026-05-29_021740.png
05-29 02:17:39.066  1451  2312 I MediaProvider: Scanned internal due to REASON_DEMAND, found 0 items in 2ms, 0 inserts 0 updates 0 deletes
05-29 02:17:39.067  1451  2312 I MediaProvider: End Intent { act=android.intent.action.MEDIA_SCANNER_SCAN_FILE dat=file:///sdcard/screen_2026-05-29_021740.png flg=0x1400010 cmp=com.android.providers.media.module/com.android.providers.media.MediaService }
05-29 02:17:39.096  1451  2571 I MediaProvider: Deleted 1 items on external_primary due to com.android.shell
05-29 02:17:39.129  8041  8043 I cmd     : oneway function results will be dropped but finished with status OK and parcel size 4
05-29 02:17:39.182   512  1178 I ActivityTaskManager: START u0 {act=android.intent.action.MAIN cat=[android.intent.category.LAUNCHER] flg=0x10000000 cmp=com.mocoding.pokedex.android/.MainActivity} from uid 2000
05-29 02:17:39.183   432   432 I perfetto: ing_service_impl.cc:758 Configured tracing session 8, #sources:1, duration:5000 ms, #buffers:1, total buffer size:4096 KB, total sessions:1, uid:1071 session name: ""
05-29 02:17:39.183   427   427 I perfetto: probes_producer.cc:230  Ftrace setup (target_buf=8)
05-29 02:17:39.194   427   427 I perfetto: ftrace_procfs.cc:176    enabled ftrace
05-29 02:17:39.195  8053  8055 I cmd     : oneway function results will be dropped but finished with status OK and parcel size 4
05-29 02:17:39.768     0     0 W perfetto: enabled ftrace
05-29 02:17:39.216   512   552 I ActivityManager: Start proc 8061:com.mocoding.pokedex.android/u0a132 for pre-top-activity {com.mocoding.pokedex.android/com.mocoding.pokedex.android.MainActivity}
05-29 02:17:39.228  8061  8061 I pokedex.androi: Late-enabling -Xcheck:jni
05-29 02:17:39.244  8061  8061 I pokedex.androi: Unquickening 12 vdex files!
05-29 02:17:39.245  8061  8061 W pokedex.androi: Unexpected CPU variant for X86 using defaults: x86_64
05-29 02:17:39.251   397   404 I adbd    : jdwp connection from 8061
05-29 02:17:39.258   512  1178 W InputReader: Device virtio_input_multi_touch_10 is associated with display ADISPLAY_ID_NONE.
05-29 02:17:39.258   512  1178 W InputReader: Device virtio_input_multi_touch_7 is associated with display ADISPLAY_ID_NONE.
05-29 02:17:39.258   512  1178 W InputReader: Device virtio_input_multi_touch_4 is associated with display ADISPLAY_ID_NONE.
05-29 02:17:39.258   512  1178 W InputReader: Device virtio_input_multi_touch_5 is associated with display ADISPLAY_ID_NONE.
05-29 02:17:39.258   512  1178 W InputReader: Device virtio_input_multi_touch_2 is associated with display ADISPLAY_ID_NONE.
05-29 02:17:39.258   512  1178 W InputReader: Device virtio_input_multi_touch_6 is associated with display ADISPLAY_ID_NONE.
05-29 02:17:39.258   512  1178 W InputReader: Device virtio_input_multi_touch_3 is associated with display ADISPLAY_ID_NONE.
05-29 02:17:39.259   512  1178 W InputReader: Device virtio_input_multi_touch_8 is associated with display ADISPLAY_ID_NONE.
05-29 02:17:39.259   512  1178 W InputReader: Device virtio_input_multi_touch_9 is associated with display ADISPLAY_ID_NONE.
05-29 02:17:39.259   512  1178 W InputReader: Device virtio_input_multi_touch_11 is associated with display ADISPLAY_ID_NONE.
05-29 02:17:39.259   512  1178 W InputReader: Device virtio_input_multi_touch_10 is associated with display ADISPLAY_ID_NONE.
05-29 02:17:39.259   512  1178 W InputReader: Device virtio_input_multi_touch_7 is associated with display ADISPLAY_ID_NONE.
05-29 02:17:39.259   512  1178 W InputReader: Device virtio_input_multi_touch_4 is associated with display ADISPLAY_ID_NONE.
05-29 02:17:39.259   512  1178 W InputReader: Device virtio_input_multi_touch_5 is associated with display ADISPLAY_ID_NONE.
05-29 02:17:39.259   512  1178 W InputReader: Device virtio_input_multi_touch_2 is associated with display ADISPLAY_ID_NONE.
05-29 02:17:39.259   512  1178 W InputReader: Device virtio_input_multi_touch_6 is associated with display ADISPLAY_ID_NONE.
05-29 02:17:39.259   512  1178 W InputReader: Device virtio_input_multi_touch_3 is associated with display ADISPLAY_ID_NONE.
05-29 02:17:39.259   512  1178 W InputReader: Device virtio_input_multi_touch_8 is associated with display ADISPLAY_ID_NONE.
05-29 02:17:39.259   512  1178 W InputReader: Device virtio_input_multi_touch_9 is associated with display ADISPLAY_ID_NONE.
05-29 02:17:39.259   512  1178 W InputReader: Device virtio_input_multi_touch_11 is associated with display ADISPLAY_ID_NONE.
05-29 02:17:40.138   512   544 I DropBoxManagerService: add tag=system_server_strictmode isTagEnabled=true flags=0x2
05-29 02:17:40.337   162   162 I hwservicemanager: getTransport: Cannot find entry android.hardware.graphics.mapper@4.0::IMapper/default in either framework or device manifest.
05-29 02:17:40.337  8103  8103 I Gralloc4: mapper 4.x is not supported
05-29 02:17:40.399  1451  2312 I MediaProvider: Begin Intent { act=android.intent.action.MEDIA_SCANNER_SCAN_FILE dat=file:///sdcard/screen_2026-05-29_021741.png flg=0x1400010 cmp=com.android.providers.media.module/com.android.providers.media.MediaService }
05-29 02:17:40.430  1451  2312 W ModernMediaScanner: Failed to visit /sdcard/screen_2026-05-29_021741.png: java.nio.file.AccessDeniedException: /sdcard/screen_2026-05-29_021741.png
05-29 02:17:40.998     0     0 W audit   : audit_lost=394 audit_rate_limit=5 audit_backlog_limit=64
05-29 02:17:41.003     0     0 E audit   : rate limit exceeded
05-29 02:17:40.432  1451  2312 I MediaProvider: Scanned internal due to REASON_DEMAND, found 0 items in 12ms, 0 inserts 0 updates 0 deletes
05-29 02:17:40.433  1451  2312 I MediaProvider: End Intent { act=android.intent.action.MEDIA_SCANNER_SCAN_FILE dat=file:///sdcard/screen_2026-05-29_021741.png flg=0x1400010 cmp=com.android.providers.media.module/com.android.providers.media.MediaService }
05-29 02:17:40.396  1451  1451 W com.android.providers.media.module: type=1400 audit(0.0:713): avc: denied { read } for comm=4173796E635461736B202331 name="primary" dev="tmpfs" ino=27897 scontext=u:r:mediaprovider_app:s0:c125,c256,c512,c768 tcontext=u:object_r:mnt_pass_through_file:s0 tclass=lnk_file permissive=0 app=com.android.providers.media.module
05-29 02:17:40.416  1451  1451 I chatty  : uid=10125(com.android.providers.media.module) identical 1 line
05-29 02:17:40.416  1451  1451 W com.android.providers.media.module: type=1400 audit(0.0:715): avc: denied { read } for comm=4173796E635461736B202331 name="primary" dev="tmpfs" ino=27897 scontext=u:r:mediaprovider_app:s0:c125,c256,c512,c768 tcontext=u:object_r:mnt_pass_through_file:s0 tclass=lnk_file permissive=0 app=com.android.providers.media.module
05-29 02:17:40.478  8061  8061 W pokedex.androi: Class androidx.compose.runtime.snapshots.SnapshotStateList failed lock verification and will run slower.
05-29 02:17:40.478  8061  8061 W pokedex.androi: Common causes for lock verification issues are non-optimized dex code
05-29 02:17:40.478  8061  8061 W pokedex.androi: and incorrect proguard optimizations.
05-29 02:17:40.416  1451  1451 W com.android.providers.media.module: type=1400 audit(0.0:716): avc: denied { read } for comm=4173796E635461736B202331 name="primary" dev="tmpfs" ino=27897 scontext=u:r:mediaprovider_app:s0:c125,c256,c512,c768 tcontext=u:object_r:mnt_pass_through_file:s0 tclass=lnk_file permissive=0 app=com.android.providers.media.module
05-29 02:17:40.504  8061  8061 W pokedex.androi: Accessing hidden method Landroid/graphics/Canvas;->drawPatch(Landroid/graphics/NinePatch;Landroid/graphics/Rect;Landroid/graphics/Paint;)V (greylist-max-o, linking, denied)
05-29 02:17:40.504  8061  8061 W pokedex.androi: Accessing hidden method Landroid/graphics/Canvas;->drawPatch(Landroid/graphics/NinePatch;Landroid/graphics/RectF;Landroid/graphics/Paint;)V (greylist-max-o, linking, denied)
05-29 02:17:40.512  1451  1732 I MediaProvider: Deleted 1 items on external_primary due to com.android.shell
05-29 02:17:40.416  1451  1451 W com.android.providers.media.module: type=1400 audit(0.0:717): avc: denied { read } for comm=4173796E635461736B202331 name="primary" dev="tmpfs" ino=27897 scontext=u:r:mediaprovider_app:s0:c125,c256,c512,c768 tcontext=u:object_r:mnt_pass_through_file:s0 tclass=lnk_file permissive=0 app=com.android.providers.media.module
05-29 02:17:40.668   162   162 I hwservicemanager: getTransport: Cannot find entry android.hardware.configstore@1.0::ISurfaceFlingerConfigs/default in either framework or device manifest.
05-29 02:17:40.682   162   162 I hwservicemanager: getTransport: Cannot find entry android.hardware.graphics.mapper@4.0::IMapper/default in either framework or device manifest.
05-29 02:17:40.682  8061  8088 I Gralloc4: mapper 4.x is not supported
05-29 02:17:40.961   162   162 I hwservicemanager: getTransport: Cannot find entry android.hardware.graphics.mapper@4.0::IMapper/default in either framework or device manifest.
05-29 02:17:40.961  8140  8140 I Gralloc4: mapper 4.x is not supported
05-29 02:17:41.148  1451  2312 I MediaProvider: Begin Intent { act=android.intent.action.MEDIA_SCANNER_SCAN_FILE dat=file:///sdcard/screen_2026-05-29_021741.png flg=0x1400010 cmp=com.android.providers.media.module/com.android.providers.media.MediaService }
05-29 02:17:41.149  1451  2312 W ModernMediaScanner: Failed to visit /sdcard/screen_2026-05-29_021741.png: java.nio.file.AccessDeniedException: /sdcard/screen_2026-05-29_021741.png
05-29 02:17:41.150  1451  2312 I MediaProvider: Scanned internal due to REASON_DEMAND, found 0 items in 1ms, 0 inserts 0 updates 0 deletes
05-29 02:17:41.163  1451  2312 I MediaProvider: End Intent { act=android.intent.action.MEDIA_SCANNER_SCAN_FILE dat=file:///sdcard/screen_2026-05-29_021741.png flg=0x1400010 cmp=com.android.providers.media.module/com.android.providers.media.MediaService }
05-29 02:17:41.241  1451  1734 I MediaProvider: Deleted 1 items on external_primary due to com.android.shell
05-29 02:17:41.370  7649  7649 I ProvidersCache: Updating roots due to change on user 0at content://com.android.providers.media.documents/root
05-29 02:17:41.551  7649  7649 I ProvidersCache: Updating roots due to change on user 0at content://com.android.providers.media.documents/root
05-29 02:17:41.614   162   162 I hwservicemanager: getTransport: Cannot find entry android.hardware.graphics.mapper@4.0::IMapper/default in either framework or device manifest.
05-29 02:17:41.614  8181  8181 I Gralloc4: mapper 4.x is not supported
05-29 02:17:41.630  8061  8088 I OpenGLRenderer: Davey! duration=1574ms; Flags=1, IntendedVsync=135246897111, Vsync=135330230441, OldestInputEvent=9223372036854775807, NewestInputEvent=0, HandleInputStart=135341765997, AnimationStart=135341768627, PerformTraversalsStart=135341832289, DrawStart=135909593280, SyncQueued=135931553266, SyncStart=135932776135, IssueDrawCommandsStart=135932919361, SwapBuffers=136690821817, FrameCompleted=136822919803, DequeueBufferDuration=44716, QueueBufferDuration=482519, GpuCompleted=12, 
05-29 02:17:41.651   512   550 I ActivityTaskManager: Displayed com.mocoding.pokedex.android/.MainActivity: +2s464ms
05-29 02:17:41.681  1451  2312 I MediaProvider: Begin Intent { act=android.intent.action.MEDIA_SCANNER_SCAN_FILE dat=file:///sdcard/screen_2026-05-29_021742.png flg=0x1400010 cmp=com.android.providers.media.module/com.android.providers.media.MediaService }
05-29 02:17:41.696  8061  8061 I Choreographer: Skipped 90 frames!  The application may be doing too much work on its main thread.
05-29 02:17:41.707  8185  8186 I cmd     : oneway function results will be dropped but finished with status OK and parcel size 4
05-29 02:17:41.676  1451  1451 W com.android.providers.media.module: type=1400 audit(0.0:725): avc: denied { read } for comm=4173796E635461736B202331 name="primary" dev="tmpfs" ino=27897 scontext=u:r:mediaprovider_app:s0:c125,c256,c512,c768 tcontext=u:object_r:mnt_pass_through_file:s0 tclass=lnk_file permissive=0 app=com.android.providers.media.module
05-29 02:17:42.279     0     0 W audit   : audit_lost=401 audit_rate_limit=5 audit_backlog_limit=64
05-29 02:17:42.282     0     0 E audit   : rate limit exceeded
05-29 02:17:41.710  1451  2312 W ModernMediaScanner: Failed to visit /sdcard/screen_2026-05-29_021742.png: java.nio.file.AccessDeniedException: /sdcard/screen_2026-05-29_021742.png
05-29 02:17:41.711  1451  2312 I MediaProvider: Scanned internal due to REASON_DEMAND, found 0 items in 30ms, 0 inserts 0 updates 0 deletes
05-29 02:17:41.713  1451  2312 I MediaProvider: End Intent { act=android.intent.action.MEDIA_SCANNER_SCAN_FILE dat=file:///sdcard/screen_2026-05-29_021742.png flg=0x1400010 cmp=com.android.providers.media.module/com.android.providers.media.MediaService }
05-29 02:17:41.676  1451  1451 W com.android.providers.media.module: type=1400 audit(0.0:726): avc: denied { read } for comm=4173796E635461736B202331 name="primary" dev="tmpfs" ino=27897 scontext=u:r:mediaprovider_app:s0:c125,c256,c512,c768 tcontext=u:object_r:mnt_pass_through_file:s0 tclass=lnk_file permissive=0 app=com.android.providers.media.module
05-29 02:17:41.752  8061  8088 I OpenGLRenderer: Davey! duration=1565ms; Flags=0, IntendedVsync=135380230270, Vsync=136880230210, OldestInputEvent=9223372036854775807, NewestInputEvent=0, HandleInputStart=136890547359, AnimationStart=136890549847, PerformTraversalsStart=136921685236, DrawStart=136922584440, SyncQueued=136940256127, SyncStart=136941501294, IssueDrawCommandsStart=136941808756, SwapBuffers=136944094708, FrameCompleted=136947117315, DequeueBufferDuration=49462, QueueBufferDuration=713578, GpuCompleted=32772522036388713, 
05-29 02:17:41.676  1451  1451 W com.android.providers.media.module: type=1400 audit(0.0:728): avc: denied { read } for comm=4173796E635461736B202331 name="primary" dev="tmpfs" ino=27897 scontext=u:r:mediaprovider_app:s0:c125,c256,c512,c768 tcontext=u:object_r:mnt_pass_through_file:s0 tclass=lnk_file permissive=0 app=com.android.providers.media.module
05-29 02:17:41.680  1451  1451 W com.android.providers.media.module: type=1400 audit(0.0:729): avc: denied { read } for comm=4173796E635461736B202331 name="primary" dev="tmpfs" ino=27897 scontext=u:r:mediaprovider_app:s0:c125,c256,c512,c768 tcontext=u:object_r:mnt_pass_through_file:s0 tclass=lnk_file permissive=0 app=com.android.providers.media.module
05-29 02:17:41.784   354   566 W ServiceManager: Permission failure: android.permission.ACCESS_SURFACE_FLINGER from uid=10132 pid=8061
05-29 02:17:41.911  1451  2571 I MediaProvider: Deleted 1 items on external_primary due to com.android.shell
05-29 02:17:41.969  2189  2189 E AccessibilityInteractionClient: 1 Disconnected nodes.
05-29 02:17:42.176  8249  8253 I cmd     : oneway function results will be dropped but finished with status OK and parcel size 4
05-29 02:17:40.145   512   544 I chatty  : uid=1000(system) android.io identical 5 lines
05-29 02:17:40.146   512   544 I DropBoxManagerService: add tag=system_server_strictmode isTagEnabled=true flags=0x2
05-29 02:17:42.256   512  1434 E TaskPersister: File error accessing recents directory (directory doesn't exist?).
05-29 02:17:42.511  8061  8195 W pokedex.androi: Accessing hidden method Landroid/graphics/ImageDecoder;->createSource([B)Landroid/graphics/ImageDecoder$Source; (greylist-max-o, linking, denied)
05-29 02:17:43.113     0     0 W healthd : battery l=100 v=5000 t=25.0 h=2 st=2 c=900000 fc=300000 cc=10 chg=a
05-29 02:17:42.802  8311  8311 E libc    : Access denied finding property "persist.device_config.runtime_native_boot.profilebootclasspath"
05-29 02:17:42.802  8311  8311 E libc    : Access denied finding property "persist.device_config.runtime_native_boot.enable_apex_image"
05-29 02:17:42.802  8311  8311 I AndroidRuntime: Using default boot image
05-29 02:17:42.803  8311  8311 E libc    : Access denied finding property "persist.device_config.runtime_native_boot.disable_lock_profiling"
05-29 02:17:42.803  8311  8311 I AndroidRuntime: Leaving lock profiling enabled
05-29 02:17:42.804  8311  8311 E libc    : Access denied finding property "persist.device_config.runtime_native_boot.enable_generational_cc"
05-29 02:17:42.805  8311  8311 I app_process: Core platform API reporting enabled, enforcing=false
05-29 02:17:42.832   161   161 I servicemanager: Notifying apexservice they have clients: 0
05-29 02:17:42.780  8311  8311 W app_process: type=1400 audit(0.0:731): avc: denied { read } for name="u:object_r:device_config_runtime_native_boot_prop:s0" dev="tmpfs" ino=8385 scontext=u:r:shell:s0 tcontext=u:object_r:device_config_runtime_native_boot_prop:s0 tclass=file permissive=0
05-29 02:17:43.409     0     0 I AidlLazyServiceRegistrar: Process has 0 (of 1 available) client(s) in use after notification android.apex.IApexService has clients: 0
05-29 02:17:43.416     0     0 I AidlLazyServiceRegistrar: Trying to shut down the service. No clients in use for any service in process.
05-29 02:17:42.886   161   161 I BpBinder: onLastStrongRef automatically unlinking death recipients: <uncached descriptor>
05-29 02:17:43.462     0     0 I AidlLazyServiceRegistrar: Unregistered all clients and exiting
05-29 02:17:42.796  8311  8311 W app_process: type=1400 audit(0.0:732): avc: denied { read } for name="u:object_r:device_config_runtime_native_boot_prop:s0" dev="tmpfs" ino=8385 scontext=u:r:shell:s0 tcontext=u:object_r:device_config_runtime_native_boot_prop:s0 tclass=file permissive=0
05-29 02:17:43.476     0     0 I init    : Service 'apexd' (pid 7875) exited with status 0 oneshot service took 7.070000 seconds in background
05-29 02:17:43.484     0     0 I init    : Sending signal 9 to service 'apexd' (pid 7875) process group...
05-29 02:17:43.488     0     0 I libprocessgroup: Successfully killed process cgroup uid 0 pid 7875 in 0ms
05-29 02:17:42.796  8311  8311 I chatty  : uid=2000(shell) main identical 1 line
05-29 02:17:42.800  8311  8311 W app_process: type=1400 audit(0.0:734): avc: denied { read } for name="u:object_r:device_config_runtime_native_boot_prop:s0" dev="tmpfs" ino=8385 scontext=u:r:shell:s0 tcontext=u:object_r:device_config_runtime_native_boot_prop:s0 tclass=file permissive=0
05-29 02:17:42.972  8061  8075 I pokedex.androi: Background concurrent copying GC freed 92036(5126KB) AllocSpace objects, 7(400KB) LOS objects, 49% free, 7579KB/14MB, paused 54us total 155.763ms
05-29 02:17:42.994  8311  8311 W app_process: Unexpected CPU variant for X86 using defaults: x86_64
05-29 02:17:42.995  8311  8311 I app_process: The ClassLoaderContext is a special shared library.
05-29 02:17:43.003  8311  8311 W app_process: JNI RegisterNativeMethods: attempt to register 0 native methods for android.media.AudioAttributes
05-29 02:17:44.187   427   427 I perfetto: probes_producer.cc:329  Producer stop (id=8)
05-29 02:17:44.188   432   432 I perfetto: ng_service_impl.cc:1948 Tracing session 8 ended, total sessions:0
05-29 02:17:44.189   427   427 I perfetto: ftrace_procfs.cc:183    disabled ftrace
05-29 02:17:44.764     0     0 W perfetto: disabled ftrace
05-29 02:17:44.704   457   457 E netmgr  : qemu_pipe_open_ns:62: Could not connect to the 'pipe:qemud:network' service: Invalid argument
05-29 02:17:44.704   457   457 E netmgr  : Failed to open QEMU pipe 'qemud:network': Invalid argument
05-29 02:17:44.723   479   479 E wifi_forwarder: qemu_pipe_open_ns:62: Could not connect to the 'pipe:qemud:wififorward' service: Invalid argument
05-29 02:17:44.723   479   479 E wifi_forwarder: RemoteConnection failed to initialize: RemoteConnection failed to open pipe
05-29 02:17:44.770   162   162 I hwservicemanager: getTransport: Cannot find entry android.hardware.graphics.mapper@4.0::IMapper/default in either framework or device manifest.
05-29 02:17:44.771  8349  8349 I Gralloc4: mapper 4.x is not supported
05-29 02:17:44.839  1451  2312 I MediaProvider: Begin Intent { act=android.intent.action.MEDIA_SCANNER_SCAN_FILE dat=file:///sdcard/screen_2026-05-29_021745.png flg=0x1400010 cmp=com.android.providers.media.module/com.android.providers.media.MediaService }
05-29 02:17:44.836  1451  1451 W com.android.providers.media.module: type=1400 audit(0.0:735): avc: denied { read } for comm=4173796E635461736B202331 name="primary" dev="tmpfs" ino=27897 scontext=u:r:mediaprovider_app:s0:c125,c256,c512,c768 tcontext=u:object_r:mnt_pass_through_file:s0 tclass=lnk_file permissive=0 app=com.android.providers.media.module
05-29 02:17:44.866  1451  2312 W ModernMediaScanner: Failed to visit /sdcard/screen_2026-05-29_021745.png: java.nio.file.AccessDeniedException: /sdcard/screen_2026-05-29_021745.png
05-29 02:17:44.867  1451  2312 I MediaProvider: Scanned internal due to REASON_DEMAND, found 0 items in 1ms, 0 inserts 0 updates 0 deletes
05-29 02:17:44.868  1451  2312 I MediaProvider: End Intent { act=android.intent.action.MEDIA_SCANNER_SCAN_FILE dat=file:///sdcard/screen_2026-05-29_021745.png flg=0x1400010 cmp=com.android.providers.media.module/com.android.providers.media.MediaService }
05-29 02:17:44.856  1451  1451 W com.android.providers.media.module: type=1400 audit(0.0:736): avc: denied { read } for comm=4173796E635461736B202331 name="primary" dev="tmpfs" ino=27897 scontext=u:r:mediaprovider_app:s0:c125,c256,c512,c768 tcontext=u:object_r:mnt_pass_through_file:s0 tclass=lnk_file permissive=0 app=com.android.providers.media.module
05-29 02:17:44.936  1451  1732 I MediaProvider: Deleted 1 items on external_primary due to com.android.shell
05-29 02:17:45.172   162   162 I hwservicemanager: getTransport: Cannot find entry android.hardware.graphics.mapper@4.0::IMapper/default in either framework or device manifest.
05-29 02:17:45.172  8389  8389 I Gralloc4: mapper 4.x is not supported
05-29 02:17:45.239  1451  2312 I MediaProvider: Begin Intent { act=android.intent.action.MEDIA_SCANNER_SCAN_FILE dat=file:///sdcard/screen_2026-05-29_021746.png flg=0x1400010 cmp=com.android.providers.media.module/com.android.providers.media.MediaService }
05-29 02:17:45.815     0     0 W audit   : audit_lost=402 audit_rate_limit=5 audit_backlog_limit=64
05-29 02:17:45.821     0     0 E audit   : rate limit exceeded
05-29 02:17:45.249  1451  2312 W ModernMediaScanner: Failed to visit /sdcard/screen_2026-05-29_021746.png: java.nio.file.AccessDeniedException: /sdcard/screen_2026-05-29_021746.png
05-29 02:17:45.250  1451  2312 I MediaProvider: Scanned internal due to REASON_DEMAND, found 0 items in 2ms, 0 inserts 0 updates 0 deletes
05-29 02:17:45.251  1451  2312 I MediaProvider: End Intent { act=android.intent.action.MEDIA_SCANNER_SCAN_FILE dat=file:///sdcard/screen_2026-05-29_021746.png flg=0x1400010 cmp=com.android.providers.media.module/com.android.providers.media.MediaService }
05-29 02:17:45.270  1451  1732 I MediaProvider: Deleted 1 items on external_primary due to com.android.shell
05-29 02:17:45.305  8404  8406 I cmd     : oneway function results will be dropped but finished with status OK and parcel size 4
05-29 02:17:45.474   162   162 I hwservicemanager: getTransport: Cannot find entry android.hardware.graphics.mapper@4.0::IMapper/default in either framework or device manifest.
05-29 02:17:45.474  8426  8426 I Gralloc4: mapper 4.x is not supported
05-29 02:17:45.542  8430  8432 I cmd     : oneway function results will be dropped but finished with status OK and parcel size 4
05-29 02:17:45.544  1451  2312 I MediaProvider: Begin Intent { act=android.intent.action.MEDIA_SCANNER_SCAN_FILE dat=file:///sdcard/screen_2026-05-29_021746.png flg=0x1400010 cmp=com.android.providers.media.module/com.android.providers.media.MediaService }
05-29 02:17:45.545  1451  2312 W ModernMediaScanner: Failed to visit /sdcard/screen_2026-05-29_021746.png: java.nio.file.AccessDeniedException: /sdcard/screen_2026-05-29_021746.png
05-29 02:17:45.546  1451  2312 I MediaProvider: Scanned internal due to REASON_DEMAND, found 0 items in 1ms, 0 inserts 0 updates 0 deletes
05-29 02:17:45.547  1451  2312 I MediaProvider: End Intent { act=android.intent.action.MEDIA_SCANNER_SCAN_FILE dat=file:///sdcard/screen_2026-05-29_021746.png flg=0x1400010 cmp=com.android.providers.media.module/com.android.providers.media.MediaService }
05-29 02:17:45.573  1451  1732 I MediaProvider: Deleted 1 items on external_primary due to com.android.shell
05-29 02:17:45.608  8441  8443 I cmd     : oneway function results will be dropped but finished with status OK and parcel size 4
05-29 02:17:45.674  8457  8459 I cmd     : oneway function results will be dropped but finished with status OK and parcel size 4
05-29 02:17:45.741  8472  8474 I cmd     : oneway function results will be dropped but finished with status OK and parcel size 4
05-29 02:17:45.809  8487  8489 I cmd     : oneway function results will be dropped but finished with status OK and parcel size 4
05-29 02:17:45.912  8499  8499 E libc    : Access denied finding property "persist.device_config.runtime_native_boot.profilebootclasspath"
05-29 02:17:45.913  8499  8499 E libc    : Access denied finding property "persist.device_config.runtime_native_boot.enable_apex_image"
05-29 02:17:45.913  8499  8499 I AndroidRuntime: Using default boot image
05-29 02:17:45.913  8499  8499 E libc    : Access denied finding property "persist.device_config.runtime_native_boot.disable_lock_profiling"
05-29 02:17:45.913  8499  8499 I AndroidRuntime: Leaving lock profiling enabled
05-29 02:17:45.913  8499  8499 E libc    : Access denied finding property "persist.device_config.runtime_native_boot.enable_generational_cc"
05-29 02:17:45.916  8499  8499 I app_process: Core platform API reporting enabled, enforcing=false
05-29 02:17:45.908  8499  8499 W app_process: type=1400 audit(0.0:753): avc: denied { read } for name="u:object_r:device_config_runtime_native_boot_prop:s0" dev="tmpfs" ino=8385 scontext=u:r:shell:s0 tcontext=u:object_r:device_config_runtime_native_boot_prop:s0 tclass=file permissive=0
05-29 02:17:45.977  8499  8499 W app_process: Unexpected CPU variant for X86 using defaults: x86_64
05-29 02:17:45.978  8499  8499 I app_process: The ClassLoaderContext is a special shared library.
05-29 02:17:45.986  8499  8499 W app_process: JNI RegisterNativeMethods: attempt to register 0 native methods for android.media.AudioAttributes
05-29 02:17:46.488  7649  7649 I ProvidersCache: Updating roots due to change on user 0at content://com.android.providers.media.documents/root
05-29 02:17:46.549   512   512 W NotificationHistory: Attempted to add notif for locked/gone/disabled user 0
05-29 02:17:47.778   162   162 I hwservicemanager: getTransport: Cannot find entry android.hardware.graphics.mapper@4.0::IMapper/default in either framework or device manifest.
05-29 02:17:47.778  8539  8539 I Gralloc4: mapper 4.x is not supported
05-29 02:17:47.851  8543  8545 I cmd     : oneway function results will be dropped but finished with status OK and parcel size 4
05-29 02:17:47.854  1451  2312 I MediaProvider: Begin Intent { act=android.intent.action.MEDIA_SCANNER_SCAN_FILE dat=file:///sdcard/screen_2026-05-29_021748.png flg=0x1400010 cmp=com.android.providers.media.module/com.android.providers.media.MediaService }
05-29 02:17:47.858  1451  2312 W ModernMediaScanner: Failed to visit /sdcard/screen_2026-05-29_021748.png: java.nio.file.AccessDeniedException: /sdcard/screen_2026-05-29_021748.png
05-29 02:17:47.860  1451  2312 I MediaProvider: Scanned internal due to REASON_DEMAND, found 0 items in 2ms, 0 inserts 0 updates 0 deletes
05-29 02:17:47.861  1451  2312 I MediaProvider: End Intent { act=android.intent.action.MEDIA_SCANNER_SCAN_FILE dat=file:///sdcard/screen_2026-05-29_021748.png flg=0x1400010 cmp=com.android.providers.media.module/com.android.providers.media.MediaService }
05-29 02:17:47.848  1451  1451 W com.android.providers.media.module: type=1400 audit(0.0:757): avc: denied { read } for comm=4173796E635461736B202331 name="primary" dev="tmpfs" ino=27897 scontext=u:r:mediaprovider_app:s0:c125,c256,c512,c768 tcontext=u:object_r:mnt_pass_through_file:s0 tclass=lnk_file permissive=0 app=com.android.providers.media.module
05-29 02:17:47.852  1451  1451 I chatty  : uid=10125(com.android.providers.media.module) identical 4 lines
05-29 02:17:47.852  1451  1451 W com.android.providers.media.module: type=1400 audit(0.0:762): avc: denied { read } for comm=4173796E635461736B202331 name="primary" dev="tmpfs" ino=27897 scontext=u:r:mediaprovider_app:s0:c125,c256,c512,c768 tcontext=u:object_r:mnt_pass_through_file:s0 tclass=lnk_file permissive=0 app=com.android.providers.media.module
05-29 02:17:47.977  1451  1732 I MediaProvider: Deleted 1 items on external_primary due to com.android.shell
05-29 02:17:48.016  8554  8556 I cmd     : oneway function results will be dropped but finished with status OK and parcel size 4
05-29 02:17:48.195   162   162 I hwservicemanager: getTransport: Cannot find entry android.hardware.graphics.mapper@4.0::IMapper/default in either framework or device manifest.
05-29 02:17:48.196  8576  8576 I Gralloc4: mapper 4.x is not supported
05-29 02:17:48.285  8582  8584 I cmd     : oneway function results will be dropped but finished with status OK and parcel size 4
05-29 02:17:48.285  1451  2312 I MediaProvider: Begin Intent { act=android.intent.action.MEDIA_SCANNER_SCAN_FILE dat=file:///sdcard/screen_2026-05-29_021749.png flg=0x1400010 cmp=com.android.providers.media.module/com.android.providers.media.MediaService }
05-29 02:17:48.863     0     0 W audit   : audit_lost=414 audit_rate_limit=5 audit_backlog_limit=64
05-29 02:17:48.868     0     0 E audit   : rate limit exceeded
05-29 02:17:48.297  1451  2312 W ModernMediaScanner: Failed to visit /sdcard/screen_2026-05-29_021749.png: java.nio.file.AccessDeniedException: /sdcard/screen_2026-05-29_021749.png
05-29 02:17:48.298  1451  2312 I MediaProvider: Scanned internal due to REASON_DEMAND, found 0 items in 1ms, 0 inserts 0 updates 0 deletes
05-29 02:17:48.299  1451  2312 I MediaProvider: End Intent { act=android.intent.action.MEDIA_SCANNER_SCAN_FILE dat=file:///sdcard/screen_2026-05-29_021749.png flg=0x1400010 cmp=com.android.providers.media.module/com.android.providers.media.MediaService }
05-29 02:17:48.368  1451  1734 I MediaProvider: Deleted 1 items on external_primary due to com.android.shell
05-29 02:17:48.407  8593  8595 I cmd     : oneway function results will be dropped but finished with status OK and parcel size 4
05-29 02:17:48.483  7649  7649 I ProvidersCache: Updating roots due to change on user 0at content://com.android.providers.media.documents/root
05-29 02:17:48.571   162   162 I hwservicemanager: getTransport: Cannot find entry android.hardware.graphics.mapper@4.0::IMapper/default in either framework or device manifest.
05-29 02:17:48.571  8615  8615 I Gralloc4: mapper 4.x is not supported
05-29 02:17:48.637  8619  8621 I cmd     : oneway function results will be dropped but finished with status OK and parcel size 4
05-29 02:17:48.639  1451  2312 I MediaProvider: Begin Intent { act=android.intent.action.MEDIA_SCANNER_SCAN_FILE dat=file:///sdcard/screen_2026-05-29_021749.png flg=0x1400010 cmp=com.android.providers.media.module/com.android.providers.media.MediaService }
05-29 02:17:48.640  1451  2312 W ModernMediaScanner: Failed to visit /sdcard/screen_2026-05-29_021749.png: java.nio.file.AccessDeniedException: /sdcard/screen_2026-05-29_021749.png
05-29 02:17:48.641  1451  2312 I MediaProvider: Scanned internal due to REASON_DEMAND, found 0 items in 1ms, 0 inserts 0 updates 0 deletes
05-29 02:17:48.641  1451  2312 I MediaProvider: End Intent { act=android.intent.action.MEDIA_SCANNER_SCAN_FILE dat=file:///sdcard/screen_2026-05-29_021749.png flg=0x1400010 cmp=com.android.providers.media.module/com.android.providers.media.MediaService }
05-29 02:17:48.672  1451  1734 I MediaProvider: Deleted 1 items on external_primary due to com.android.shell
05-29 02:17:48.711  8630  8632 I cmd     : oneway function results will be dropped but finished with status OK and parcel size 4
05-29 02:17:48.781  8645  8647 I cmd     : oneway function results will be dropped but finished with status OK and parcel size 4
05-29 02:17:48.806  7649  7649 I ProvidersCache: Updating roots due to change on user 0at content://com.android.providers.media.documents/root
05-29 02:17:48.860  8660  8662 I cmd     : oneway function results will be dropped but finished with status OK and parcel size 4
05-29 02:17:48.934  8675  8677 I cmd     : oneway function results will be dropped but finished with status OK and parcel size 4
05-29 02:17:49.045  8687  8687 E libc    : Access denied finding property "persist.device_config.runtime_native_boot.profilebootclasspath"
05-29 02:17:49.045  8687  8687 E libc    : Access denied finding property "persist.device_config.runtime_native_boot.enable_apex_image"
05-29 02:17:49.046  8687  8687 I AndroidRuntime: Using default boot image
05-29 02:17:49.046  8687  8687 E libc    : Access denied finding property "persist.device_config.runtime_native_boot.disable_lock_profiling"
05-29 02:17:49.046  8687  8687 I AndroidRuntime: Leaving lock profiling enabled
05-29 02:17:49.046  8687  8687 E libc    : Access denied finding property "persist.device_config.runtime_native_boot.enable_generational_cc"
05-29 02:17:49.048  8687  8687 I app_process: Core platform API reporting enabled, enforcing=false
05-29 02:17:49.040  8687  8687 W app_process: type=1400 audit(0.0:775): avc: denied { read } for name="u:object_r:device_config_runtime_native_boot_prop:s0" dev="tmpfs" ino=8385 scontext=u:r:shell:s0 tcontext=u:object_r:device_config_runtime_native_boot_prop:s0 tclass=file permissive=0
05-29 02:17:49.112  8687  8687 W app_process: Unexpected CPU variant for X86 using defaults: x86_64
05-29 02:17:49.040  8687  8687 W app_process: type=1400 audit(0.0:778): avc: denied { read } for name="u:object_r:device_config_runtime_native_boot_prop:s0" dev="tmpfs" ino=8385 scontext=u:r:shell:s0 tcontext=u:object_r:device_config_runtime_native_boot_prop:s0 tclass=file permissive=0
05-29 02:17:49.136  8687  8687 I app_process: The ClassLoaderContext is a special shared library.
05-29 02:17:49.139  7649  7649 I ProvidersCache: Updating roots due to change on user 0at content://com.android.providers.media.documents/root
05-29 02:17:49.142   281   281 I Zygote  : Process 1816 exited due to signal 9 (Killed)
05-29 02:17:49.146  8687  8687 W app_process: JNI RegisterNativeMethods: attempt to register 0 native methods for android.media.AudioAttributes
05-29 02:17:49.166   512   553 I libprocessgroup: Successfully killed process cgroup uid 10073 pid 1816 in 45ms
05-29 02:17:50.517  7649  7649 I ProvidersCache: Updating roots due to change on user 0at content://com.android.providers.media.documents/root
05-29 02:17:50.906   162   162 I hwservicemanager: getTransport: Cannot find entry android.hardware.graphics.mapper@4.0::IMapper/default in either framework or device manifest.
05-29 02:17:50.906  8719  8719 I Gralloc4: mapper 4.x is not supported
05-29 02:17:50.971  8723  8725 I cmd     : oneway function results will be dropped but finished with status OK and parcel size 4
05-29 02:17:50.972   512   807 I ActivityManager: Killing 1705:com.android.messaging/u0a101 (adj 985): empty #17
05-29 02:17:50.976  1451  2312 I MediaProvider: Begin Intent { act=android.intent.action.MEDIA_SCANNER_SCAN_FILE dat=file:///sdcard/screen_2026-05-29_021752.png flg=0x1400010 cmp=com.android.providers.media.module/com.android.providers.media.MediaService }
05-29 02:17:50.987   281   281 I Zygote  : Process 1705 exited due to signal 9 (Killed)
05-29 02:17:50.993  1451  2312 W ModernMediaScanner: Failed to visit /sdcard/screen_2026-05-29_021752.png: java.nio.file.AccessDeniedException: /sdcard/screen_2026-05-29_021752.png
