05-29 03:58:21.854  1474  1934 W ModernMediaScanner: Failed to visit /sdcard/screen_2026-05-29_035822.png: java.nio.file.AccessDeniedException: /sdcard/screen_2026-05-29_035822.png
05-29 03:58:21.854  1474  1934 I MediaProvider: Scanned internal due to REASON_DEMAND, found 0 items in 13ms, 0 inserts 0 updates 0 deletes
05-29 03:58:22.066     0     0 W audit   : audit_lost=280 audit_rate_limit=5 audit_backlog_limit=64
05-29 03:58:22.074     0     0 E audit   : rate limit exceeded
05-29 03:58:21.855  1474  1934 I MediaProvider: End Intent { act=android.intent.action.MEDIA_SCANNER_SCAN_FILE dat=file:///sdcard/screen_2026-05-29_035822.png flg=0x1400010 cmp=com.android.providers.media.module/com.android.providers.media.MediaService }
05-29 03:58:21.836  1474  1474 W com.android.providers.media.module: type=1400 audit(0.0:405): avc: denied { read } for comm=4173796E635461736B202331 name="primary" dev="tmpfs" ino=20305 scontext=u:r:mediaprovider_app:s0:c123,c256,c512,c768 tcontext=u:object_r:mnt_pass_through_file:s0 tclass=lnk_file permissive=0 app=com.android.providers.media.module
05-29 03:58:21.919  1474  2608 I MediaProvider: Deleted 1 items on external_primary due to com.android.shell
05-29 03:58:21.946  5532  5534 I cmd     : oneway function results will be dropped but finished with status OK and parcel size 4
05-29 03:58:22.074   159   159 I hwservicemanager: getTransport: Cannot find entry android.hardware.graphics.mapper@4.0::IMapper/default in either framework or device manifest.
05-29 03:58:22.074  5554  5554 I Gralloc4: mapper 4.x is not supported
05-29 03:58:22.111  1474  1934 I MediaProvider: Begin Intent { act=android.intent.action.MEDIA_SCANNER_SCAN_FILE dat=file:///sdcard/screen_2026-05-29_035822.png flg=0x1400010 cmp=com.android.providers.media.module/com.android.providers.media.MediaService }
05-29 03:58:22.113  1474  1934 W ModernMediaScanner: Failed to visit /sdcard/screen_2026-05-29_035822.png: java.nio.file.AccessDeniedException: /sdcard/screen_2026-05-29_035822.png
05-29 03:58:22.113  1474  1934 I MediaProvider: Scanned internal due to REASON_DEMAND, found 0 items in 2ms, 0 inserts 0 updates 0 deletes
05-29 03:58:22.114  1474  1934 I MediaProvider: End Intent { act=android.intent.action.MEDIA_SCANNER_SCAN_FILE dat=file:///sdcard/screen_2026-05-29_035822.png flg=0x1400010 cmp=com.android.providers.media.module/com.android.providers.media.MediaService }
05-29 03:58:22.134  1474  1657 I MediaProvider: Deleted 1 items on external_primary due to com.android.shell
05-29 03:58:22.159  5569  5571 I cmd     : oneway function results will be dropped but finished with status OK and parcel size 4
05-29 03:58:22.277   159   159 I hwservicemanager: getTransport: Cannot find entry android.hardware.graphics.mapper@4.0::IMapper/default in either framework or device manifest.
05-29 03:58:22.277  5591  5591 I Gralloc4: mapper 4.x is not supported
05-29 03:58:22.314  5595  5597 I cmd     : oneway function results will be dropped but finished with status OK and parcel size 4
05-29 03:58:22.314  1474  1934 I MediaProvider: Begin Intent { act=android.intent.action.MEDIA_SCANNER_SCAN_FILE dat=file:///sdcard/screen_2026-05-29_035822.png flg=0x1400010 cmp=com.android.providers.media.module/com.android.providers.media.MediaService }
05-29 03:58:22.316  1474  1934 W ModernMediaScanner: Failed to visit /sdcard/screen_2026-05-29_035822.png: java.nio.file.AccessDeniedException: /sdcard/screen_2026-05-29_035822.png
05-29 03:58:22.316  1474  1934 I MediaProvider: Scanned internal due to REASON_DEMAND, found 0 items in 1ms, 0 inserts 0 updates 0 deletes
05-29 03:58:22.317  1474  1934 I MediaProvider: End Intent { act=android.intent.action.MEDIA_SCANNER_SCAN_FILE dat=file:///sdcard/screen_2026-05-29_035822.png flg=0x1400010 cmp=com.android.providers.media.module/com.android.providers.media.MediaService }
05-29 03:58:22.336  1474  1658 I MediaProvider: Deleted 1 items on external_primary due to com.android.shell
05-29 03:58:22.362  5606  5608 I cmd     : oneway function results will be dropped but finished with status OK and parcel size 4
05-29 03:58:22.418  5623  5625 I cmd     : oneway function results will be dropped but finished with status OK and parcel size 4
05-29 03:58:22.468  5638  5640 I cmd     : oneway function results will be dropped but finished with status OK and parcel size 4
05-29 03:58:22.517  5653  5655 I cmd     : oneway function results will be dropped but finished with status OK and parcel size 4
05-29 03:58:22.596  5665  5665 E libc    : Access denied finding property "persist.device_config.runtime_native_boot.profilebootclasspath"
05-29 03:58:22.596  5665  5665 E libc    : Access denied finding property "persist.device_config.runtime_native_boot.enable_apex_image"
05-29 03:58:22.596  5665  5665 I AndroidRuntime: Using default boot image
05-29 03:58:22.596  5665  5665 E libc    : Access denied finding property "persist.device_config.runtime_native_boot.disable_lock_profiling"
05-29 03:58:22.596  5665  5665 I AndroidRuntime: Leaving lock profiling enabled
05-29 03:58:22.596  5665  5665 E libc    : Access denied finding property "persist.device_config.runtime_native_boot.enable_generational_cc"
05-29 03:58:22.598  5665  5665 I app_process: Core platform API reporting enabled, enforcing=false
05-29 03:58:22.637  5665  5665 W app_process: Unexpected CPU variant for X86 using defaults: x86_64
05-29 03:58:22.638  5665  5665 I app_process: The ClassLoaderContext is a special shared library.
05-29 03:58:22.644  5665  5665 W app_process: JNI RegisterNativeMethods: attempt to register 0 native methods for android.media.AudioAttributes
05-29 03:58:24.362   159   159 I hwservicemanager: getTransport: Cannot find entry android.hardware.graphics.mapper@4.0::IMapper/default in either framework or device manifest.
05-29 03:58:24.362  5692  5692 I Gralloc4: mapper 4.x is not supported
05-29 03:58:24.402  1474  1934 I MediaProvider: Begin Intent { act=android.intent.action.MEDIA_SCANNER_SCAN_FILE dat=file:///sdcard/screen_2026-05-29_035825.png flg=0x1400010 cmp=com.android.providers.media.module/com.android.providers.media.MediaService }
05-29 03:58:24.402  5696  5698 I cmd     : oneway function results will be dropped but finished with status OK and parcel size 4
05-29 03:58:24.396  1474  1474 W com.android.providers.media.module: type=1400 audit(0.0:426): avc: denied { read } for comm=4173796E635461736B202331 name="primary" dev="tmpfs" ino=20305 scontext=u:r:mediaprovider_app:s0:c123,c256,c512,c768 tcontext=u:object_r:mnt_pass_through_file:s0 tclass=lnk_file permissive=0 app=com.android.providers.media.module
05-29 03:58:24.627     0     0 W audit   : audit_lost=297 audit_rate_limit=5 audit_backlog_limit=64
05-29 03:58:24.638     0     0 E audit   : rate limit exceeded
05-29 03:58:24.396  1474  1474 I chatty  : uid=10123(com.android.providers.media.module) identical 1 line
05-29 03:58:24.400  1474  1474 W com.android.providers.media.module: type=1400 audit(0.0:428): avc: denied { read } for comm=4173796E635461736B202331 name="primary" dev="tmpfs" ino=20305 scontext=u:r:mediaprovider_app:s0:c123,c256,c512,c768 tcontext=u:object_r:mnt_pass_through_file:s0 tclass=lnk_file permissive=0 app=com.android.providers.media.module
05-29 03:58:24.440  1474  1934 W ModernMediaScanner: Failed to visit /sdcard/screen_2026-05-29_035825.png: java.nio.file.AccessDeniedException: /sdcard/screen_2026-05-29_035825.png
05-29 03:58:24.440  1474  1934 I MediaProvider: Scanned internal due to REASON_DEMAND, found 0 items in 38ms, 0 inserts 0 updates 0 deletes
05-29 03:58:24.441  1474  1934 I MediaProvider: End Intent { act=android.intent.action.MEDIA_SCANNER_SCAN_FILE dat=file:///sdcard/screen_2026-05-29_035825.png flg=0x1400010 cmp=com.android.providers.media.module/com.android.providers.media.MediaService }
05-29 03:58:24.400  1474  1474 W com.android.providers.media.module: type=1400 audit(0.0:429): avc: denied { read } for comm=4173796E635461736B202331 name="primary" dev="tmpfs" ino=20305 scontext=u:r:mediaprovider_app:s0:c123,c256,c512,c768 tcontext=u:object_r:mnt_pass_through_file:s0 tclass=lnk_file permissive=0 app=com.android.providers.media.module
05-29 03:58:24.506  1474  2608 I MediaProvider: Deleted 1 items on external_primary due to com.android.shell
05-29 03:58:24.531  5709  5711 I cmd     : oneway function results will be dropped but finished with status OK and parcel size 4
05-29 03:58:24.661   159   159 I hwservicemanager: getTransport: Cannot find entry android.hardware.graphics.mapper@4.0::IMapper/default in either framework or device manifest.
05-29 03:58:24.661  5731  5731 I Gralloc4: mapper 4.x is not supported
05-29 03:58:24.698  5735  5737 I cmd     : oneway function results will be dropped but finished with status OK and parcel size 4
05-29 03:58:24.699  1474  1934 I MediaProvider: Begin Intent { act=android.intent.action.MEDIA_SCANNER_SCAN_FILE dat=file:///sdcard/screen_2026-05-29_035825.png flg=0x1400010 cmp=com.android.providers.media.module/com.android.providers.media.MediaService }
05-29 03:58:24.700  1474  1934 W ModernMediaScanner: Failed to visit /sdcard/screen_2026-05-29_035825.png: java.nio.file.AccessDeniedException: /sdcard/screen_2026-05-29_035825.png
05-29 03:58:24.700  1474  1934 I MediaProvider: Scanned internal due to REASON_DEMAND, found 0 items in 1ms, 0 inserts 0 updates 0 deletes
05-29 03:58:24.701  1474  1934 I MediaProvider: End Intent { act=android.intent.action.MEDIA_SCANNER_SCAN_FILE dat=file:///sdcard/screen_2026-05-29_035825.png flg=0x1400010 cmp=com.android.providers.media.module/com.android.providers.media.MediaService }
05-29 03:58:24.719  1474  1657 I MediaProvider: Deleted 1 items on external_primary due to com.android.shell
05-29 03:58:24.745  5746  5748 I cmd     : oneway function results will be dropped but finished with status OK and parcel size 4
05-29 03:58:24.863   159   159 I hwservicemanager: getTransport: Cannot find entry android.hardware.graphics.mapper@4.0::IMapper/default in either framework or device manifest.
05-29 03:58:24.863  5768  5768 I Gralloc4: mapper 4.x is not supported
05-29 03:58:24.900  5772  5774 I cmd     : oneway function results will be dropped but finished with status OK and parcel size 4
05-29 03:58:24.900  1474  1934 I MediaProvider: Begin Intent { act=android.intent.action.MEDIA_SCANNER_SCAN_FILE dat=file:///sdcard/screen_2026-05-29_035825.png flg=0x1400010 cmp=com.android.providers.media.module/com.android.providers.media.MediaService }
05-29 03:58:24.901  1474  1934 W ModernMediaScanner: Failed to visit /sdcard/screen_2026-05-29_035825.png: java.nio.file.AccessDeniedException: /sdcard/screen_2026-05-29_035825.png
05-29 03:58:24.904  1474  1934 I MediaProvider: Scanned internal due to REASON_DEMAND, found 0 items in 3ms, 0 inserts 0 updates 0 deletes
05-29 03:58:24.905  1474  1934 I MediaProvider: End Intent { act=android.intent.action.MEDIA_SCANNER_SCAN_FILE dat=file:///sdcard/screen_2026-05-29_035825.png flg=0x1400010 cmp=com.android.providers.media.module/com.android.providers.media.MediaService }
05-29 03:58:24.922  1474  1658 I MediaProvider: Deleted 1 items on external_primary due to com.android.shell
05-29 03:58:24.928   510  5778 I system_server: The ClassLoaderContext is a special shared library.
05-29 03:58:24.943   510  5778 I chatty  : uid=1000(system) BackgroundDexOp identical 18 lines
05-29 03:58:24.944   510  5778 I system_server: The ClassLoaderContext is a special shared library.
05-29 03:58:25.012  5785  5785 W dex2oat32: Unexpected CPU variant for X86 using defaults: x86_64
05-29 03:58:25.013  5785  5785 I dex2oat32: /apex/com.android.art/bin/dex2oat32 --input-vdex-fd=-1 --output-vdex-fd=9 --updatable-bcp-packages-file=/system/etc/updatable-bcp-packages.txt --resolve-startup-const-strings=true --max-image-block-size=524288 --compiler-filter=verify --classpath-dir=/apex/com.android.os.statsd/javalib --class-loader-context=PCL[];PCL[/system/framework/com.android.location.provider.jar:/system/framework/services.jar:/system/framework/ethernet-service.jar:/apex/com.android.permission/javalib/service-permission.jar:/apex/com.android.wifi/javalib/service-wifi.jar:/apex/com.android.ipsec/javalib/android.net.ipsec.ike.jar] --generate-mini-debug-info --compact-dex-level=none --compilation-reason=boot
05-29 03:58:25.017  5785  5785 I dex2oat32: setting boot class path to /apex/com.android.art/javalib/core-oj.jar:/apex/com.android.art/javalib/core-libart.jar:/apex/com.android.art/javalib/core-icu4j.jar:/apex/com.android.art/javalib/okhttp.jar:/apex/com.android.art/javalib/bouncycastle.jar:/apex/com.android.art/javalib/apache-xml.jar:/system/framework/framework.jar:/system/framework/ext.jar:/system/framework/telephony-common.jar:/system/framework/voip-common.jar:/system/framework/ims-common.jar:/system/framework/framework-atb-backward-compatibility.jar
05-29 03:58:25.047  5795  5795 E libc    : Access denied finding property "persist.device_config.runtime_native_boot.profilebootclasspath"
05-29 03:58:25.047  5795  5795 E libc    : Access denied finding property "persist.device_config.runtime_native_boot.enable_apex_image"
05-29 03:58:25.047  5795  5795 I AndroidRuntime: Using default boot image
05-29 03:58:25.047  5795  5795 E libc    : Access denied finding property "persist.device_config.runtime_native_boot.disable_lock_profiling"
05-29 03:58:25.047  5795  5795 I AndroidRuntime: Leaving lock profiling enabled
05-29 03:58:25.047  5795  5795 E libc    : Access denied finding property "persist.device_config.runtime_native_boot.enable_generational_cc"
05-29 03:58:25.049  5795  5795 I app_process: Core platform API reporting enabled, enforcing=false
05-29 03:58:25.053  5785  5785 I dex2oat32: dex2oat took 44.089ms (31.881ms cpu) (threads: 2) arena alloc=0B (0B) java alloc=33KB (34600B) native alloc=1005KB (1029936B) free=1498KB (1534784B)
05-29 03:58:25.058   510  5778 I system_server: The ClassLoaderContext is a special shared library.
05-29 03:58:25.091   510  5778 I chatty  : uid=1000(system) BackgroundDexOp identical 41 lines
05-29 03:58:25.093   510  5778 I system_server: The ClassLoaderContext is a special shared library.
05-29 03:58:25.096   510  5778 I system_server: The ClassLoaderContext is a special shared library.
05-29 03:58:25.097  5795  5795 W app_process: Unexpected CPU variant for X86 using defaults: x86_64
05-29 03:58:25.097   510  5778 I system_server: The ClassLoaderContext is a special shared library.
05-29 03:58:25.098  5795  5795 I app_process: The ClassLoaderContext is a special shared library.
05-29 03:58:25.098   510  5778 I PackageDexOptimizer: Running dexopt (dexoptNeeded=1) on: /data/app/~~IxHkuYfSBVv-GuwmJH6bpw==/io.github.ylimit.droidbotapp-LKbHEdijK24Cq6l83ITv_g==/base.apk pkg=io.github.ylimit.droidbotapp isa=x86_64 dexoptFlags=boot_complete,debuggable,public,enable_hidden_api_checks targetFilter=verify oatDir=/data/app/~~IxHkuYfSBVv-GuwmJH6bpw==/io.github.ylimit.droidbotapp-LKbHEdijK24Cq6l83ITv_g==/oat classLoaderContext=PCL[]{}
05-29 03:58:25.105  5795  5795 W app_process: JNI RegisterNativeMethods: attempt to register 0 native methods for android.media.AudioAttributes
05-29 03:58:25.108  5804  5804 W dex2oat32: Unexpected CPU variant for X86 using defaults: x86_64
05-29 03:58:25.108  5804  5804 I dex2oat32: /apex/com.android.art/bin/dex2oat32 --input-vdex-fd=-1 --output-vdex-fd=9 --updatable-bcp-packages-file=/system/etc/updatable-bcp-packages.txt --resolve-startup-const-strings=true --max-image-block-size=524288 --compiler-filter=verify --debuggable --classpath-dir=/data/app/~~IxHkuYfSBVv-GuwmJH6bpw==/io.github.ylimit.droidbotapp-LKbHEdijK24Cq6l83ITv_g== --class-loader-context=PCL[]{} --generate-mini-debug-info --compact-dex-level=none --compilation-reason=boot
05-29 03:58:25.110  5804  5804 I dex2oat32: setting boot class path to /apex/com.android.art/javalib/core-oj.jar:/apex/com.android.art/javalib/core-libart.jar:/apex/com.android.art/javalib/core-icu4j.jar:/apex/com.android.art/javalib/okhttp.jar:/apex/com.android.art/javalib/bouncycastle.jar:/apex/com.android.art/javalib/apache-xml.jar:/system/framework/framework.jar:/system/framework/ext.jar:/system/framework/telephony-common.jar:/system/framework/voip-common.jar:/system/framework/ims-common.jar:/system/framework/framework-atb-backward-compatibility.jar
05-29 03:58:25.179   510  1742 W InputReader: Device virtio_input_multi_touch_10 is associated with display ADISPLAY_ID_NONE.
05-29 03:58:25.179   510  1742 W InputReader: Device virtio_input_multi_touch_7 is associated with display ADISPLAY_ID_NONE.
05-29 03:58:25.179   510  1742 W InputReader: Device virtio_input_multi_touch_11 is associated with display ADISPLAY_ID_NONE.
05-29 03:58:25.179   510  1742 W InputReader: Device virtio_input_multi_touch_5 is associated with display ADISPLAY_ID_NONE.
05-29 03:58:25.179   510  1742 W InputReader: Device virtio_input_multi_touch_2 is associated with display ADISPLAY_ID_NONE.
05-29 03:58:25.179   510  1742 W InputReader: Device virtio_input_multi_touch_6 is associated with display ADISPLAY_ID_NONE.
05-29 03:58:25.179   510  1742 W InputReader: Device virtio_input_multi_touch_3 is associated with display ADISPLAY_ID_NONE.
05-29 03:58:25.179   510  1742 W InputReader: Device virtio_input_multi_touch_8 is associated with display ADISPLAY_ID_NONE.
05-29 03:58:25.179   510  1742 W InputReader: Device virtio_input_multi_touch_9 is associated with display ADISPLAY_ID_NONE.
05-29 03:58:25.179   510  1742 W InputReader: Device virtio_input_multi_touch_4 is associated with display ADISPLAY_ID_NONE.
05-29 03:58:25.179   510  1742 W InputReader: Device virtio_input_multi_touch_10 is associated with display ADISPLAY_ID_NONE.
05-29 03:58:25.179   510  1742 W InputReader: Device virtio_input_multi_touch_7 is associated with display ADISPLAY_ID_NONE.
05-29 03:58:25.179   510  1742 W InputReader: Device virtio_input_multi_touch_11 is associated with display ADISPLAY_ID_NONE.
05-29 03:58:25.179   510  1742 W InputReader: Device virtio_input_multi_touch_5 is associated with display ADISPLAY_ID_NONE.
05-29 03:58:25.179   510  1742 W InputReader: Device virtio_input_multi_touch_2 is associated with display ADISPLAY_ID_NONE.
05-29 03:58:25.179   510  1742 W InputReader: Device virtio_input_multi_touch_6 is associated with display ADISPLAY_ID_NONE.
05-29 03:58:25.179   510  1742 W InputReader: Device virtio_input_multi_touch_3 is associated with display ADISPLAY_ID_NONE.
05-29 03:58:25.179   510  1742 W InputReader: Device virtio_input_multi_touch_8 is associated with display ADISPLAY_ID_NONE.
05-29 03:58:25.179   510  1742 W InputReader: Device virtio_input_multi_touch_9 is associated with display ADISPLAY_ID_NONE.
05-29 03:58:25.179   510  1742 W InputReader: Device virtio_input_multi_touch_4 is associated with display ADISPLAY_ID_NONE.
05-29 03:58:25.252   159   159 I hwservicemanager: getTransport: Cannot find entry android.hardware.configstore@1.0::ISurfaceFlingerConfigs/default in either framework or device manifest.
05-29 03:58:25.258   335   335 E Layer   : [Surface(name=Task=1)/@0xbb0f411 - animation-leash#0] No local sync point found
05-29 03:58:25.258   335   335 E Layer   : [Surface(name=Task=1)/@0xbb0f411 - animation-leash#0] No local sync point found
05-29 03:58:25.258   335   335 E Layer   : [Surface(name=Task=9)/@0x5210caa - animation-leash#0] No local sync point found
05-29 03:58:25.258   335   335 E Layer   : [Surface(name=Task=9)/@0x5210caa - animation-leash#0] No local sync point found
05-29 03:58:25.429  5804  5804 W dex2oat32: Accessing hidden method Landroid/graphics/Bitmap;->getHardwareBuffer()Landroid/hardware/HardwareBuffer; (blacklist, linking, denied)
05-29 03:58:25.625  5804  5804 I dex2oat32: dex2oat took 518.624ms (450.337ms cpu) (threads: 2) arena alloc=0B (0B) java alloc=4976KB (5095464B) native alloc=3948KB (4042816B) free=1672KB (1712528B)
05-29 03:58:25.630   510  5778 I system_server: The ClassLoaderContext is a special shared library.
05-29 03:58:25.633   510  5778 I chatty  : uid=1000(system) BackgroundDexOp identical 3 lines
05-29 03:58:25.634   510  5778 I system_server: The ClassLoaderContext is a special shared library.
05-29 03:58:25.634   510  5778 I PackageDexOptimizer: Running dexopt (dexoptNeeded=1) on: /data/app/~~mhZB6YJgJoAsMlps7Mtc5Q==/com.mocoding.pokedex.android-vEIYbWQhhTdEGbUzLDsGsw==/base.apk pkg=com.mocoding.pokedex.android isa=x86_64 dexoptFlags=boot_complete,debuggable,public,enable_hidden_api_checks targetFilter=verify oatDir=/data/app/~~mhZB6YJgJoAsMlps7Mtc5Q==/com.mocoding.pokedex.android-vEIYbWQhhTdEGbUzLDsGsw==/oat classLoaderContext=PCL[]{}
05-29 03:58:25.643  5828  5828 W dex2oat32: Unexpected CPU variant for X86 using defaults: x86_64
05-29 03:58:25.644  5828  5828 I dex2oat32: /apex/com.android.art/bin/dex2oat32 --input-vdex-fd=-1 --output-vdex-fd=9 --updatable-bcp-packages-file=/system/etc/updatable-bcp-packages.txt --resolve-startup-const-strings=true --max-image-block-size=524288 --compiler-filter=verify --debuggable --classpath-dir=/data/app/~~mhZB6YJgJoAsMlps7Mtc5Q==/com.mocoding.pokedex.android-vEIYbWQhhTdEGbUzLDsGsw== --class-loader-context=PCL[]{} --generate-mini-debug-info --compact-dex-level=none --compilation-reason=boot
05-29 03:58:25.645  5828  5828 I dex2oat32: setting boot class path to /apex/com.android.art/javalib/core-oj.jar:/apex/com.android.art/javalib/core-libart.jar:/apex/com.android.art/javalib/core-icu4j.jar:/apex/com.android.art/javalib/okhttp.jar:/apex/com.android.art/javalib/bouncycastle.jar:/apex/com.android.art/javalib/apache-xml.jar:/system/framework/framework.jar:/system/framework/ext.jar:/system/framework/telephony-common.jar:/system/framework/voip-common.jar:/system/framework/ims-common.jar:/system/framework/framework-atb-backward-compatibility.jar
05-29 03:58:26.491  5828  5828 W dex2oat32: Could not reserve sentinel fault page
05-29 03:58:26.522  5828  5828 I dex2oat32: Large app, accepted running with swap.
05-29 03:58:26.711   159   159 I hwservicemanager: getTransport: Cannot find entry android.hardware.graphics.mapper@4.0::IMapper/default in either framework or device manifest.
05-29 03:58:26.711  5845  5845 I Gralloc4: mapper 4.x is not supported
05-29 03:58:26.797  5850  5851 I cmd     : oneway function results will be dropped but finished with status OK and parcel size 4
05-29 03:58:26.797  1474  1934 I MediaProvider: Begin Intent { act=android.intent.action.MEDIA_SCANNER_SCAN_FILE dat=file:///sdcard/screen_2026-05-29_035827.png flg=0x1400010 cmp=com.android.providers.media.module/com.android.providers.media.MediaService }
05-29 03:58:27.022     0     0 W audit   : audit_lost=314 audit_rate_limit=5 audit_backlog_limit=64
05-29 03:58:27.032     0     0 E audit   : rate limit exceeded
05-29 03:58:26.810  1474  1934 W ModernMediaScanner: Failed to visit /sdcard/screen_2026-05-29_035827.png: java.nio.file.AccessDeniedException: /sdcard/screen_2026-05-29_035827.png
05-29 03:58:26.810  1474  1934 I MediaProvider: Scanned internal due to REASON_DEMAND, found 0 items in 13ms, 0 inserts 0 updates 0 deletes
05-29 03:58:26.811  1474  1934 I MediaProvider: End Intent { act=android.intent.action.MEDIA_SCANNER_SCAN_FILE dat=file:///sdcard/screen_2026-05-29_035827.png flg=0x1400010 cmp=com.android.providers.media.module/com.android.providers.media.MediaService }
05-29 03:58:26.792  1474  1474 W com.android.providers.media.module: type=1400 audit(0.0:448): avc: denied { read } for comm=4173796E635461736B202331 name="primary" dev="tmpfs" ino=20305 scontext=u:r:mediaprovider_app:s0:c123,c256,c512,c768 tcontext=u:object_r:mnt_pass_through_file:s0 tclass=lnk_file permissive=0 app=com.android.providers.media.module
05-29 03:58:26.865  1474  2608 I MediaProvider: Deleted 1 items on external_primary due to com.android.shell
05-29 03:58:26.792  1474  1474 W com.android.providers.media.module: type=1400 audit(0.0:452): avc: denied { read } for comm=4173796E635461736B202331 name="primary" dev="tmpfs" ino=20305 scontext=u:r:mediaprovider_app:s0:c123,c256,c512,c768 tcontext=u:object_r:mnt_pass_through_file:s0 tclass=lnk_file permissive=0 app=com.android.providers.media.module
05-29 03:58:27.105   159   159 I hwservicemanager: getTransport: Cannot find entry android.hardware.graphics.mapper@4.0::IMapper/default in either framework or device manifest.
05-29 03:58:27.105  5883  5883 I Gralloc4: mapper 4.x is not supported
05-29 03:58:27.189  5887  5889 I cmd     : oneway function results will be dropped but finished with status OK and parcel size 4
05-29 03:58:27.190  1474  1934 I MediaProvider: Begin Intent { act=android.intent.action.MEDIA_SCANNER_SCAN_FILE dat=file:///sdcard/screen_2026-05-29_035827.png flg=0x1400010 cmp=com.android.providers.media.module/com.android.providers.media.MediaService }
05-29 03:58:27.191  1474  1934 W ModernMediaScanner: Failed to visit /sdcard/screen_2026-05-29_035827.png: java.nio.file.AccessDeniedException: /sdcard/screen_2026-05-29_035827.png
05-29 03:58:27.191  1474  1934 I MediaProvider: Scanned internal due to REASON_DEMAND, found 0 items in 1ms, 0 inserts 0 updates 0 deletes
05-29 03:58:27.196  1474  1934 I MediaProvider: End Intent { act=android.intent.action.MEDIA_SCANNER_SCAN_FILE dat=file:///sdcard/screen_2026-05-29_035827.png flg=0x1400010 cmp=com.android.providers.media.module/com.android.providers.media.MediaService }
05-29 03:58:27.223  1474  1657 I MediaProvider: Deleted 1 items on external_primary due to com.android.shell
05-29 03:58:27.270  5898  5899 I cmd     : oneway function results will be dropped but finished with status OK and parcel size 4
05-29 03:58:27.446   159   159 I hwservicemanager: getTransport: Cannot find entry android.hardware.graphics.mapper@4.0::IMapper/default in either framework or device manifest.
05-29 03:58:27.446  5920  5920 I Gralloc4: mapper 4.x is not supported
05-29 03:58:27.524  5924  5926 I cmd     : oneway function results will be dropped but finished with status OK and parcel size 4
05-29 03:58:27.526  1474  1934 I MediaProvider: Begin Intent { act=android.intent.action.MEDIA_SCANNER_SCAN_FILE dat=file:///sdcard/screen_2026-05-29_035828.png flg=0x1400010 cmp=com.android.providers.media.module/com.android.providers.media.MediaService }
05-29 03:58:27.526  1474  1934 W ModernMediaScanner: Failed to visit /sdcard/screen_2026-05-29_035828.png: java.nio.file.AccessDeniedException: /sdcard/screen_2026-05-29_035828.png
05-29 03:58:27.527  1474  1934 I MediaProvider: Scanned internal due to REASON_DEMAND, found 0 items in 0ms, 0 inserts 0 updates 0 deletes
05-29 03:58:27.527  1474  1934 I MediaProvider: End Intent { act=android.intent.action.MEDIA_SCANNER_SCAN_FILE dat=file:///sdcard/screen_2026-05-29_035828.png flg=0x1400010 cmp=com.android.providers.media.module/com.android.providers.media.MediaService }
05-29 03:58:27.572  1474  1658 I MediaProvider: Deleted 1 items on external_primary due to com.android.shell
05-29 03:58:27.645  5828  5828 I dex2oat32: Explicit concurrent copying GC freed 73142(10MB) AllocSpace objects, 0(0B) LOS objects, 99% free, 8968B/1544KB, paused 45us total 24.777ms
05-29 03:58:27.650  5828  5828 I dex2oat32: Explicit concurrent copying GC freed 421(77KB) AllocSpace objects, 0(0B) LOS objects, 99% free, 11KB/1547KB, paused 12us total 1.309ms
05-29 03:58:27.661  5828  5828 I dex2oat32: Explicit concurrent copying GC freed 1436(205KB) AllocSpace objects, 0(0B) LOS objects, 99% free, 13KB/1549KB, paused 7us total 1.280ms
05-29 03:58:27.663   510  1088 I ActivityTaskManager: START u0 {act=android.intent.action.MAIN cat=[android.intent.category.LAUNCHER] flg=0x10000000 cmp=com.mocoding.pokedex.android/.MainActivity} from uid 2000
05-29 03:58:27.669  5951  5954 I cmd     : oneway function results will be dropped but finished with status OK and parcel size 4
05-29 03:58:27.670   510  1088 W ActivityTaskManager: Tried to set launchTime (0) < mLastActivityLaunchTime (35347)
05-29 03:58:27.670   510  1088 W InputReader: Device virtio_input_multi_touch_10 is associated with display ADISPLAY_ID_NONE.
05-29 03:58:27.670   510  1088 W InputReader: Device virtio_input_multi_touch_7 is associated with display ADISPLAY_ID_NONE.
05-29 03:58:27.670   510  1088 W InputReader: Device virtio_input_multi_touch_11 is associated with display ADISPLAY_ID_NONE.
05-29 03:58:27.670   510  1088 W InputReader: Device virtio_input_multi_touch_5 is associated with display ADISPLAY_ID_NONE.
05-29 03:58:27.670   510  1088 W InputReader: Device virtio_input_multi_touch_2 is associated with display ADISPLAY_ID_NONE.
05-29 03:58:27.670   510  1088 W InputReader: Device virtio_input_multi_touch_6 is associated with display ADISPLAY_ID_NONE.
05-29 03:58:27.670   510  1088 W InputReader: Device virtio_input_multi_touch_3 is associated with display ADISPLAY_ID_NONE.
05-29 03:58:27.670   510  1088 W InputReader: Device virtio_input_multi_touch_8 is associated with display ADISPLAY_ID_NONE.
05-29 03:58:27.670   510  1088 W InputReader: Device virtio_input_multi_touch_9 is associated with display ADISPLAY_ID_NONE.
05-29 03:58:27.670   510  1088 W InputReader: Device virtio_input_multi_touch_4 is associated with display ADISPLAY_ID_NONE.
05-29 03:58:27.670   510  1088 W InputReader: Device virtio_input_multi_touch_10 is associated with display ADISPLAY_ID_NONE.
05-29 03:58:27.670   510  1088 W InputReader: Device virtio_input_multi_touch_7 is associated with display ADISPLAY_ID_NONE.
05-29 03:58:27.670   510  1088 W InputReader: Device virtio_input_multi_touch_11 is associated with display ADISPLAY_ID_NONE.
05-29 03:58:27.670   510  1088 W InputReader: Device virtio_input_multi_touch_5 is associated with display ADISPLAY_ID_NONE.
05-29 03:58:27.670   510  1088 W InputReader: Device virtio_input_multi_touch_2 is associated with display ADISPLAY_ID_NONE.
05-29 03:58:27.670   510  1088 W InputReader: Device virtio_input_multi_touch_6 is associated with display ADISPLAY_ID_NONE.
05-29 03:58:27.670   510  1088 W InputReader: Device virtio_input_multi_touch_3 is associated with display ADISPLAY_ID_NONE.
05-29 03:58:27.670   510  1088 W InputReader: Device virtio_input_multi_touch_8 is associated with display ADISPLAY_ID_NONE.
05-29 03:58:27.670   510  1088 W InputReader: Device virtio_input_multi_touch_9 is associated with display ADISPLAY_ID_NONE.
05-29 03:58:27.670   510  1088 W InputReader: Device virtio_input_multi_touch_4 is associated with display ADISPLAY_ID_NONE.
05-29 03:58:27.674  5828  5828 I dex2oat32: Explicit concurrent copying GC freed 880(125KB) AllocSpace objects, 0(0B) LOS objects, 98% free, 16KB/1552KB, paused 8us total 6.290ms
05-29 03:58:27.701  5828  5828 I dex2oat32: Explicit concurrent copying GC freed 439(77KB) AllocSpace objects, 0(0B) LOS objects, 98% free, 18KB/1554KB, paused 8us total 1.225ms
05-29 03:58:27.707  5828  5828 I dex2oat32: Explicit concurrent copying GC freed 520(77KB) AllocSpace objects, 0(0B) LOS objects, 98% free, 21KB/1557KB, paused 7us total 1.353ms
05-29 03:58:27.715  5828  5828 I dex2oat32: Explicit concurrent copying GC freed 261(45KB) AllocSpace objects, 0(0B) LOS objects, 98% free, 23KB/1559KB, paused 7us total 3.360ms
05-29 03:58:27.719  5828  5828 I dex2oat32: Explicit concurrent copying GC freed 169(29KB) AllocSpace objects, 0(0B) LOS objects, 98% free, 26KB/1562KB, paused 6us total 1.784ms
05-29 03:58:27.721  5828  5828 I dex2oat32: Explicit concurrent copying GC freed 232(29KB) AllocSpace objects, 0(0B) LOS objects, 98% free, 28KB/1564KB, paused 6us total 1.196ms
05-29 03:58:27.731  5828  5828 I dex2oat32: Explicit concurrent copying GC freed 266(45KB) AllocSpace objects, 0(0B) LOS objects, 98% free, 31KB/1567KB, paused 7us total 2.024ms
05-29 03:58:27.738  5828  5828 I dex2oat32: Explicit concurrent copying GC freed 856(141KB) AllocSpace objects, 0(0B) LOS objects, 97% free, 33KB/1569KB, paused 7us total 1.276ms
05-29 03:58:27.743  5828  5828 I dex2oat32: Explicit concurrent copying GC freed 397(77KB) AllocSpace objects, 0(0B) LOS objects, 97% free, 36KB/1572KB, paused 7us total 2.557ms
05-29 03:58:27.750  5828  5828 I dex2oat32: Explicit concurrent copying GC freed 742(109KB) AllocSpace objects, 0(0B) LOS objects, 97% free, 39KB/1575KB, paused 7us total 1.215ms
05-29 03:58:27.754  5828  5828 I dex2oat32: Explicit concurrent copying GC freed 464(61KB) AllocSpace objects, 0(0B) LOS objects, 97% free, 41KB/1577KB, paused 6us total 1.246ms
05-29 03:58:27.757  5828  5828 I dex2oat32: Explicit concurrent copying GC freed 183(29KB) AllocSpace objects, 0(0B) LOS objects, 97% free, 44KB/1580KB, paused 6us total 1.347ms
05-29 03:58:27.765  5828  5828 I dex2oat32: Explicit concurrent copying GC freed 659(141KB) AllocSpace objects, 0(0B) LOS objects, 97% free, 46KB/1582KB, paused 7us total 1.245ms
05-29 03:58:27.768  5828  5828 I dex2oat32: Explicit concurrent copying GC freed 261(63KB) AllocSpace objects, 0(0B) LOS objects, 96% free, 49KB/1585KB, paused 7us total 1.219ms
05-29 03:58:27.833   510   548 I ActivityTaskManager: Displayed com.mocoding.pokedex.android/.MainActivity: +168ms
05-29 03:58:27.922  5828  5828 W dex2oat32: Accessing hidden method Landroid/graphics/Canvas;->drawPatch(Landroid/graphics/NinePatch;Landroid/graphics/Rect;Landroid/graphics/Paint;)V (greylist-max-o, linking, denied)
05-29 03:58:27.922  5828  5828 W dex2oat32: Accessing hidden method Landroid/graphics/Canvas;->drawPatch(Landroid/graphics/NinePatch;Landroid/graphics/RectF;Landroid/graphics/Paint;)V (greylist-max-o, linking, denied)
05-29 03:58:27.988  5828  5976 W dex2oat32: Accessing hidden method Landroid/graphics/Bitmap;->getHardwareBuffer()Landroid/hardware/HardwareBuffer; (blacklist, linking, denied)
05-29 03:58:28.127  5828  5976 W dex2oat32: Accessing hidden method Landroid/graphics/ImageDecoder;->createSource([B)Landroid/graphics/ImageDecoder$Source; (greylist-max-o, linking, denied)
05-29 03:58:28.140  5828  5976 W dex2oat32: Class androidx.compose.runtime.snapshots.SnapshotStateMap failed lock verification and will run slower.
05-29 03:58:28.140  5828  5976 W dex2oat32: Common causes for lock verification issues are non-optimized dex code
05-29 03:58:28.140  5828  5976 W dex2oat32: and incorrect proguard optimizations.
05-29 03:58:28.191  5828  5828 W dex2oat32: Class androidx.compose.runtime.snapshots.SnapshotStateList failed lock verification and will run slower.
05-29 03:58:28.225  5828  5828 I dex2oat32: Explicit concurrent copying GC freed 40754(6059KB) AllocSpace objects, 0(0B) LOS objects, 94% free, 88KB/1624KB, paused 9us total 9.198ms
05-29 03:58:28.388  5828  5828 I dex2oat32: Explicit concurrent copying GC freed 26380(3440KB) AllocSpace objects, 0(0B) LOS objects, 94% free, 96KB/1632KB, paused 8us total 4.556ms
05-29 03:58:28.398  5828  5828 I dex2oat32: dex2oat took 2.755s (3.188s cpu) (threads: 2) arena alloc=0B (0B) java alloc=96KB (98792B) native alloc=7506KB (7686480B) free=2117KB (2168560B) swap=16MB (16777216B)
05-29 03:58:28.405   510  5778 I system_server: The ClassLoaderContext is a special shared library.
05-29 03:58:28.423   510  5778 I chatty  : uid=1000(system) Binder:510_3 identical 19 lines
05-29 03:58:28.424   510  5778 I system_server: The ClassLoaderContext is a special shared library.
05-29 03:58:28.424   510  5778 I BackgroundDexOptService: Pinning optimized code {android, io.github.ylimit.droidbotapp, com.mocoding.pokedex.android}
05-29 03:58:28.767   159   159 I hwservicemanager: getTransport: Cannot find entry android.hardware.graphics.mapper@4.0::IMapper/default in either framework or device manifest.
05-29 03:58:28.767  6002  6002 I Gralloc4: mapper 4.x is not supported
05-29 03:58:28.811  6006  6008 I cmd     : oneway function results will be dropped but finished with status OK and parcel size 4
05-29 03:58:28.812  1474  1934 I MediaProvider: Begin Intent { act=android.intent.action.MEDIA_SCANNER_SCAN_FILE dat=file:///sdcard/screen_2026-05-29_035829.png flg=0x1400010 cmp=com.android.providers.media.module/com.android.providers.media.MediaService }
05-29 03:58:29.037     0     0 W audit   : audit_lost=327 audit_rate_limit=5 audit_backlog_limit=64
05-29 03:58:29.044     0     0 E audit   : rate limit exceeded
05-29 03:58:28.808  1474  1474 W com.android.providers.media.module: type=1400 audit(0.0:466): avc: denied { read } for comm=4173796E635461736B202331 name="primary" dev="tmpfs" ino=20305 scontext=u:r:mediaprovider_app:s0:c123,c256,c512,c768 tcontext=u:object_r:mnt_pass_through_file:s0 tclass=lnk_file permissive=0 app=com.android.providers.media.module
05-29 03:58:28.825  1474  1934 W ModernMediaScanner: Failed to visit /sdcard/screen_2026-05-29_035829.png: java.nio.file.AccessDeniedException: /sdcard/screen_2026-05-29_035829.png
05-29 03:58:28.825  1474  1934 I MediaProvider: Scanned internal due to REASON_DEMAND, found 0 items in 13ms, 0 inserts 0 updates 0 deletes
05-29 03:58:28.826  1474  1934 I MediaProvider: End Intent { act=android.intent.action.MEDIA_SCANNER_SCAN_FILE dat=file:///sdcard/screen_2026-05-29_035829.png flg=0x1400010 cmp=com.android.providers.media.module/com.android.providers.media.MediaService }
05-29 03:58:28.808  1474  1474 W com.android.providers.media.module: type=1400 audit(0.0:467): avc: denied { read } for comm=4173796E635461736B202331 name="primary" dev="tmpfs" ino=20305 scontext=u:r:mediaprovider_app:s0:c123,c256,c512,c768 tcontext=u:object_r:mnt_pass_through_file:s0 tclass=lnk_file permissive=0 app=com.android.providers.media.module
05-29 03:58:28.871  1474  2608 I MediaProvider: Deleted 1 items on external_primary due to com.android.shell
05-29 03:58:28.897  6017  6019 I cmd     : oneway function results will be dropped but finished with status OK and parcel size 4
05-29 03:58:29.031   159   159 I hwservicemanager: getTransport: Cannot find entry android.hardware.graphics.mapper@4.0::IMapper/default in either framework or device manifest.
05-29 03:58:29.031  6039  6039 I Gralloc4: mapper 4.x is not supported
05-29 03:58:29.081  1474  1934 I MediaProvider: Begin Intent { act=android.intent.action.MEDIA_SCANNER_SCAN_FILE dat=file:///sdcard/screen_2026-05-29_035829.png flg=0x1400010 cmp=com.android.providers.media.module/com.android.providers.media.MediaService }
05-29 03:58:29.083  1474  1934 W ModernMediaScanner: Failed to visit /sdcard/screen_2026-05-29_035829.png: java.nio.file.AccessDeniedException: /sdcard/screen_2026-05-29_035829.png
05-29 03:58:29.084  1474  1934 I MediaProvider: Scanned internal due to REASON_DEMAND, found 0 items in 3ms, 0 inserts 0 updates 0 deletes
05-29 03:58:29.084  1474  1934 I MediaProvider: End Intent { act=android.intent.action.MEDIA_SCANNER_SCAN_FILE dat=file:///sdcard/screen_2026-05-29_035829.png flg=0x1400010 cmp=com.android.providers.media.module/com.android.providers.media.MediaService }
05-29 03:58:29.106  1474  1657 I MediaProvider: Deleted 1 items on external_primary due to com.android.shell
05-29 03:58:29.135  6054  6056 I cmd     : oneway function results will be dropped but finished with status OK and parcel size 4
05-29 03:58:29.258   159   159 I hwservicemanager: getTransport: Cannot find entry android.hardware.graphics.mapper@4.0::IMapper/default in either framework or device manifest.
05-29 03:58:29.258  6076  6076 I Gralloc4: mapper 4.x is not supported
05-29 03:58:29.303  6080  6082 I cmd     : oneway function results will be dropped but finished with status OK and parcel size 4
05-29 03:58:29.304  1474  1934 I MediaProvider: Begin Intent { act=android.intent.action.MEDIA_SCANNER_SCAN_FILE dat=file:///sdcard/screen_2026-05-29_035829.png flg=0x1400010 cmp=com.android.providers.media.module/com.android.providers.media.MediaService }
05-29 03:58:29.305  1474  1934 W ModernMediaScanner: Failed to visit /sdcard/screen_2026-05-29_035829.png: java.nio.file.AccessDeniedException: /sdcard/screen_2026-05-29_035829.png
05-29 03:58:29.306  1474  1934 I MediaProvider: Scanned internal due to REASON_DEMAND, found 0 items in 2ms, 0 inserts 0 updates 0 deletes
05-29 03:58:29.307  1474  1934 I MediaProvider: End Intent { act=android.intent.action.MEDIA_SCANNER_SCAN_FILE dat=file:///sdcard/screen_2026-05-29_035829.png flg=0x1400010 cmp=com.android.providers.media.module/com.android.providers.media.MediaService }
05-29 03:58:29.326  1474  1658 I MediaProvider: Deleted 1 items on external_primary due to com.android.shell
05-29 03:58:29.353  6091  6093 I cmd     : oneway function results will be dropped but finished with status OK and parcel size 4
05-29 03:58:29.380   510  1473 E TaskPersister: File error accessing recents directory (directory doesn't exist?).
05-29 03:58:29.402  6106  6108 I cmd     : oneway function results will be dropped but finished with status OK and parcel size 4
05-29 03:58:29.452  6121  6123 I cmd     : oneway function results will be dropped but finished with status OK and parcel size 4
05-29 03:58:29.500  6136  6138 I cmd     : oneway function results will be dropped but finished with status OK and parcel size 4
05-29 03:58:29.578  6148  6148 E libc    : Access denied finding property "persist.device_config.runtime_native_boot.profilebootclasspath"
05-29 03:58:29.578  6148  6148 E libc    : Access denied finding property "persist.device_config.runtime_native_boot.enable_apex_image"
05-29 03:58:29.578  6148  6148 I AndroidRuntime: Using default boot image
05-29 03:58:29.578  6148  6148 E libc    : Access denied finding property "persist.device_config.runtime_native_boot.disable_lock_profiling"
05-29 03:58:29.578  6148  6148 I AndroidRuntime: Leaving lock profiling enabled
05-29 03:58:29.578  6148  6148 E libc    : Access denied finding property "persist.device_config.runtime_native_boot.enable_generational_cc"
05-29 03:58:29.579  6148  6148 I app_process: Core platform API reporting enabled, enforcing=false
05-29 03:58:29.624  6148  6148 W app_process: Unexpected CPU variant for X86 using defaults: x86_64
05-29 03:58:29.625  6148  6148 I app_process: The ClassLoaderContext is a special shared library.
05-29 03:58:29.634  6148  6148 W app_process: JNI RegisterNativeMethods: attempt to register 0 native methods for android.media.AudioAttributes
05-29 03:58:29.910  2240  2240 E AccessibilityInteractionClient: 2 Disconnected nodes.
05-29 03:58:30.524  1411  1832 I Dialer  : OmtpVvmCarrierCfgHlpr - OmtpEvent:CONFIG_STATUS_SMS_TIME_OUT
05-29 03:58:30.524  1411  1411 I Dialer  : RetryPolicy - discarding deferred status: configuration_state=4
05-29 03:58:30.524  1411  1411 I Dialer  : VvmTaskExecutor - no more tasks, stopping service if no task are added in 5000 millis
05-29 03:58:30.525  1411  1411 I Dialer  : VvmTaskReceiver - task received
05-29 03:58:30.525  1411  1411 I Dialer  : VvmTaskReceiver - TaskExecutor already running
05-29 03:58:30.525  1411  1411 I Dialer  : Task.createTask - create task:com.android.voicemail.impl.ActivationTask
05-29 03:58:30.525  1411  1411 I Dialer  : RetryPolicy - retry #1 for com.android.voicemail.impl.ActivationTask@a11cf7e queued, executing in 5000
05-29 03:58:30.525  1411  1411 I Dialer  : VvmTaskExecutor - com.android.voicemail.impl.ActivationTask@a11cf7e added
05-29 03:58:30.525  1411  1411 I Dialer  : VvmTaskExecutor - minimal wait time:5000
05-29 03:58:30.525  1411  1411 I Dialer  : VvmTaskExecutor - sleep for 5000 millis
05-29 03:58:31.353   159   159 I hwservicemanager: getTransport: Cannot find entry android.hardware.graphics.mapper@4.0::IMapper/default in either framework or device manifest.
05-29 03:58:31.353  6182  6182 I Gralloc4: mapper 4.x is not supported
05-29 03:58:31.393  1474  1934 I MediaProvider: Begin Intent { act=android.intent.action.MEDIA_SCANNER_SCAN_FILE dat=file:///sdcard/screen_2026-05-29_035832.png flg=0x1400010 cmp=com.android.providers.media.module/com.android.providers.media.MediaService }
05-29 03:58:31.618     0     0 W audit   : audit_lost=344 audit_rate_limit=5 audit_backlog_limit=64
05-29 03:58:31.621     0     0 E audit   : rate limit exceeded
05-29 03:58:31.388  1474  1474 W com.android.providers.media.module: type=1400 audit(0.0:488): avc: denied { read } for comm=4173796E635461736B202331 name="primary" dev="tmpfs" ino=20305 scontext=u:r:mediaprovider_app:s0:c123,c256,c512,c768 tcontext=u:object_r:mnt_pass_through_file:s0 tclass=lnk_file permissive=0 app=com.android.providers.media.module
05-29 03:58:31.477  1474  2608 I MediaProvider: Deleted 1 items on external_primary due to com.android.shell
05-29 03:58:31.503  6197  6199 I cmd     : oneway function results will be dropped but finished with status OK and parcel size 4
05-29 03:58:31.628   159   159 I hwservicemanager: getTransport: Cannot find entry android.hardware.graphics.mapper@4.0::IMapper/default in either framework or device manifest.
05-29 03:58:31.628  6219  6219 I Gralloc4: mapper 4.x is not supported
05-29 03:58:31.668  1474  1934 I MediaProvider: Begin Intent { act=android.intent.action.MEDIA_SCANNER_SCAN_FILE dat=file:///sdcard/screen_2026-05-29_035832.png flg=0x1400010 cmp=com.android.providers.media.module/com.android.providers.media.MediaService }
05-29 03:58:31.669  1474  1934 W ModernMediaScanner: Failed to visit /sdcard/screen_2026-05-29_035832.png: java.nio.file.AccessDeniedException: /sdcard/screen_2026-05-29_035832.png
05-29 03:58:31.669  1474  1934 I MediaProvider: Scanned internal due to REASON_DEMAND, found 0 items in 1ms, 0 inserts 0 updates 0 deletes
05-29 03:58:31.671  1474  1934 I MediaProvider: End Intent { act=android.intent.action.MEDIA_SCANNER_SCAN_FILE dat=file:///sdcard/screen_2026-05-29_035832.png flg=0x1400010 cmp=com.android.providers.media.module/com.android.providers.media.MediaService }
05-29 03:58:31.738  1474  1657 I MediaProvider: Deleted 1 items on external_primary due to com.android.shell
05-29 03:58:31.763  6236  6238 I cmd     : oneway function results will be dropped but finished with status OK and parcel size 4
05-29 03:58:31.887   159   159 I hwservicemanager: getTransport: Cannot find entry android.hardware.graphics.mapper@4.0::IMapper/default in either framework or device manifest.
05-29 03:58:31.887  6258  6258 I Gralloc4: mapper 4.x is not supported
05-29 03:58:31.925  6262  6264 I cmd     : oneway function results will be dropped but finished with status OK and parcel size 4
05-29 03:58:31.926  1474  1934 I MediaProvider: Begin Intent { act=android.intent.action.MEDIA_SCANNER_SCAN_FILE dat=file:///sdcard/screen_2026-05-29_035832.png flg=0x1400010 cmp=com.android.providers.media.module/com.android.providers.media.MediaService }
05-29 03:58:31.928  1474  1934 W ModernMediaScanner: Failed to visit /sdcard/screen_2026-05-29_035832.png: java.nio.file.AccessDeniedException: /sdcard/screen_2026-05-29_035832.png
05-29 03:58:31.928  1474  1934 I MediaProvider: Scanned internal due to REASON_DEMAND, found 0 items in 1ms, 0 inserts 0 updates 0 deletes
05-29 03:58:31.929  1474  1934 I MediaProvider: End Intent { act=android.intent.action.MEDIA_SCANNER_SCAN_FILE dat=file:///sdcard/screen_2026-05-29_035832.png flg=0x1400010 cmp=com.android.providers.media.module/com.android.providers.media.MediaService }
05-29 03:58:31.948  1474  1658 I MediaProvider: Deleted 1 items on external_primary due to com.android.shell
05-29 03:58:31.973  6273  6275 I cmd     : oneway function results will be dropped but finished with status OK and parcel size 4
05-29 03:58:32.044  6283  6283 E libc    : Access denied finding property "persist.device_config.runtime_native_boot.profilebootclasspath"
05-29 03:58:32.044  6283  6283 E libc    : Access denied finding property "persist.device_config.runtime_native_boot.enable_apex_image"
05-29 03:58:32.044  6283  6283 I AndroidRuntime: Using default boot image
05-29 03:58:32.044  6283  6283 E libc    : Access denied finding property "persist.device_config.runtime_native_boot.disable_lock_profiling"
05-29 03:58:32.044  6283  6283 I AndroidRuntime: Leaving lock profiling enabled
05-29 03:58:32.045  6283  6283 E libc    : Access denied finding property "persist.device_config.runtime_native_boot.enable_generational_cc"
05-29 03:58:32.046  6283  6283 I app_process: Core platform API reporting enabled, enforcing=false
05-29 03:58:32.084  6283  6283 W app_process: Unexpected CPU variant for X86 using defaults: x86_64
05-29 03:58:32.085  6283  6283 I app_process: The ClassLoaderContext is a special shared library.
05-29 03:58:32.092  6283  6283 W app_process: JNI RegisterNativeMethods: attempt to register 0 native methods for android.media.AudioAttributes
05-29 03:58:32.106   510  1088 W InputReader: Device virtio_input_multi_touch_10 is associated with display ADISPLAY_ID_NONE.
05-29 03:58:32.106   510  1088 W InputReader: Device virtio_input_multi_touch_7 is associated with display ADISPLAY_ID_NONE.
05-29 03:58:32.106   510  1088 W InputReader: Device virtio_input_multi_touch_11 is associated with display ADISPLAY_ID_NONE.
05-29 03:58:32.106   510  1088 W InputReader: Device virtio_input_multi_touch_5 is associated with display ADISPLAY_ID_NONE.
05-29 03:58:32.106   510  1088 W InputReader: Device virtio_input_multi_touch_2 is associated with display ADISPLAY_ID_NONE.
05-29 03:58:32.106   510  1088 W InputReader: Device virtio_input_multi_touch_6 is associated with display ADISPLAY_ID_NONE.
05-29 03:58:32.106   510  1088 W InputReader: Device virtio_input_multi_touch_3 is associated with display ADISPLAY_ID_NONE.
05-29 03:58:32.106   510  1088 W InputReader: Device virtio_input_multi_touch_8 is associated with display ADISPLAY_ID_NONE.
05-29 03:58:32.106   510  1088 W InputReader: Device virtio_input_multi_touch_9 is associated with display ADISPLAY_ID_NONE.
05-29 03:58:32.106   510  1088 W InputReader: Device virtio_input_multi_touch_4 is associated with display ADISPLAY_ID_NONE.
05-29 03:58:32.106   510  1088 W InputReader: Device virtio_input_multi_touch_10 is associated with display ADISPLAY_ID_NONE.
05-29 03:58:32.106   510  1088 W InputReader: Device virtio_input_multi_touch_7 is associated with display ADISPLAY_ID_NONE.
