05-29 03:57:53.028  1474  1474 W com.android.providers.media.module: type=1400 audit(0.0:162): avc: denied { read } for comm=4173796E635461736B202331 name="primary" dev="tmpfs" ino=20305 scontext=u:r:mediaprovider_app:s0:c123,c256,c512,c768 tcontext=u:object_r:mnt_pass_through_file:s0 tclass=lnk_file permissive=0 app=com.android.providers.media.module
05-29 03:57:53.266     0     0 W audit   : audit_lost=93 audit_rate_limit=5 audit_backlog_limit=64
05-29 03:57:53.269     0     0 E audit   : rate limit exceeded
05-29 03:57:53.028  1474  1474 W com.android.providers.media.module: type=1400 audit(0.0:163): avc: denied { read } for comm=4173796E635461736B202331 name="primary" dev="tmpfs" ino=20305 scontext=u:r:mediaprovider_app:s0:c123,c256,c512,c768 tcontext=u:object_r:mnt_pass_through_file:s0 tclass=lnk_file permissive=0 app=com.android.providers.media.module
05-29 03:57:53.053  1474  1934 W ModernMediaScanner: Failed to visit /sdcard/screen_2026-05-29_035753.png: java.nio.file.AccessDeniedException: /sdcard/screen_2026-05-29_035753.png
05-29 03:57:53.053  1474  1934 I MediaProvider: Scanned internal due to REASON_DEMAND, found 0 items in 12ms, 0 inserts 0 updates 0 deletes
05-29 03:57:53.054  1474  1934 I MediaProvider: End Intent { act=android.intent.action.MEDIA_SCANNER_SCAN_FILE dat=file:///sdcard/screen_2026-05-29_035753.png flg=0x1400010 cmp=com.android.providers.media.module/com.android.providers.media.MediaService }
05-29 03:57:53.040  1474  1474 W com.android.providers.media.module: type=1400 audit(0.0:164): avc: denied { read } for comm=4173796E635461736B202331 name="primary" dev="tmpfs" ino=20305 scontext=u:r:mediaprovider_app:s0:c123,c256,c512,c768 tcontext=u:object_r:mnt_pass_through_file:s0 tclass=lnk_file permissive=0 app=com.android.providers.media.module
05-29 03:57:53.133  1474  2608 I MediaProvider: Deleted 1 items on external_primary due to com.android.shell
05-29 03:57:53.161  3537  3539 I cmd     : oneway function results will be dropped but finished with status OK and parcel size 4
05-29 03:57:53.299   159   159 I hwservicemanager: getTransport: Cannot find entry android.hardware.graphics.mapper@4.0::IMapper/default in either framework or device manifest.
05-29 03:57:53.299  3559  3559 I Gralloc4: mapper 4.x is not supported
05-29 03:57:53.345   510   816 I ActivityManager: Killing 2056:com.android.contacts/u0a98 (adj 985): empty #17
05-29 03:57:53.345  3563  3565 I cmd     : oneway function results will be dropped but finished with status OK and parcel size 4
05-29 03:57:53.346   510   816 I ActivityManager: Killing 2019:com.android.camera2/u0a108 (adj 985): empty #18
05-29 03:57:53.350   282   282 I Zygote  : Process 2019 exited due to signal 9 (Killed)
05-29 03:57:53.351  1474  1934 I MediaProvider: Begin Intent { act=android.intent.action.MEDIA_SCANNER_SCAN_FILE dat=file:///sdcard/screen_2026-05-29_035754.png flg=0x1400010 cmp=com.android.providers.media.module/com.android.providers.media.MediaService }
05-29 03:57:53.352  1474  1934 W ModernMediaScanner: Failed to visit /sdcard/screen_2026-05-29_035754.png: java.nio.file.AccessDeniedException: /sdcard/screen_2026-05-29_035754.png
05-29 03:57:53.352  1474  1934 I MediaProvider: Scanned internal due to REASON_DEMAND, found 0 items in 1ms, 0 inserts 0 updates 0 deletes
05-29 03:57:53.353  1474  1934 I MediaProvider: End Intent { act=android.intent.action.MEDIA_SCANNER_SCAN_FILE dat=file:///sdcard/screen_2026-05-29_035754.png flg=0x1400010 cmp=com.android.providers.media.module/com.android.providers.media.MediaService }
05-29 03:57:53.356   282   282 I Zygote  : Process 2056 exited due to signal 9 (Killed)
05-29 03:57:53.377  1474  1657 I MediaProvider: Deleted 1 items on external_primary due to com.android.shell
05-29 03:57:53.390   510   551 I libprocessgroup: Successfully killed process cgroup uid 10098 pid 2056 in 44ms
05-29 03:57:53.390   510   551 I libprocessgroup: Successfully killed process cgroup uid 10108 pid 2019 in 0ms
05-29 03:57:53.404  3574  3576 I cmd     : oneway function results will be dropped but finished with status OK and parcel size 4
05-29 03:57:53.531   159   159 I hwservicemanager: getTransport: Cannot find entry android.hardware.graphics.mapper@4.0::IMapper/default in either framework or device manifest.
05-29 03:57:53.531  3596  3596 I Gralloc4: mapper 4.x is not supported
05-29 03:57:53.578  1474  1934 I MediaProvider: Begin Intent { act=android.intent.action.MEDIA_SCANNER_SCAN_FILE dat=file:///sdcard/screen_2026-05-29_035754.png flg=0x1400010 cmp=com.android.providers.media.module/com.android.providers.media.MediaService }
05-29 03:57:53.579  1474  1934 W ModernMediaScanner: Failed to visit /sdcard/screen_2026-05-29_035754.png: java.nio.file.AccessDeniedException: /sdcard/screen_2026-05-29_035754.png
05-29 03:57:53.580  1474  1934 I MediaProvider: Scanned internal due to REASON_DEMAND, found 0 items in 1ms, 0 inserts 0 updates 0 deletes
05-29 03:57:53.585  1474  1934 I MediaProvider: End Intent { act=android.intent.action.MEDIA_SCANNER_SCAN_FILE dat=file:///sdcard/screen_2026-05-29_035754.png flg=0x1400010 cmp=com.android.providers.media.module/com.android.providers.media.MediaService }
05-29 03:57:53.619  1474  1658 I MediaProvider: Deleted 1 items on external_primary due to com.android.shell
05-29 03:57:53.645  3613  3615 I cmd     : oneway function results will be dropped but finished with status OK and parcel size 4
05-29 03:57:53.695  3628  3630 I cmd     : oneway function results will be dropped but finished with status OK and parcel size 4
05-29 03:57:53.750  3643  3645 I cmd     : oneway function results will be dropped but finished with status OK and parcel size 4
05-29 03:57:53.798  3658  3660 I cmd     : oneway function results will be dropped but finished with status OK and parcel size 4
05-29 03:57:53.880  3670  3670 E libc    : Access denied finding property "persist.device_config.runtime_native_boot.profilebootclasspath"
05-29 03:57:53.880  3670  3670 E libc    : Access denied finding property "persist.device_config.runtime_native_boot.enable_apex_image"
05-29 03:57:53.880  3670  3670 I AndroidRuntime: Using default boot image
05-29 03:57:53.880  3670  3670 E libc    : Access denied finding property "persist.device_config.runtime_native_boot.disable_lock_profiling"
05-29 03:57:53.880  3670  3670 I AndroidRuntime: Leaving lock profiling enabled
05-29 03:57:53.880  3670  3670 E libc    : Access denied finding property "persist.device_config.runtime_native_boot.enable_generational_cc"
05-29 03:57:53.881  3670  3670 I app_process: Core platform API reporting enabled, enforcing=false
05-29 03:57:53.921  3670  3670 W app_process: Unexpected CPU variant for X86 using defaults: x86_64
05-29 03:57:53.922  3670  3670 I app_process: The ClassLoaderContext is a special shared library.
05-29 03:57:53.929  3670  3670 W app_process: JNI RegisterNativeMethods: attempt to register 0 native methods for android.media.AudioAttributes
05-29 03:57:54.156  2240  2240 E AccessibilityInteractionClient: 3 Disconnected nodes.
05-29 03:57:54.379  2674  2805 I System.out: 03:57:54.377 [DefaultDispatcher-worker-2] INFO io.ktor.client.HttpClient - REQUEST: https://pokeapi.co/api/v2/pokemon?limit=20&offset=0
05-29 03:57:54.379  2674  2805 I System.out: METHOD: HttpMethod(value=GET)
05-29 03:57:54.379  2674  2805 I System.out: COMMON HEADERS
05-29 03:57:54.379  2674  2805 I System.out: -> Accept: application/json
05-29 03:57:54.379  2674  2805 I System.out: -> Accept-Charset: UTF-8
05-29 03:57:54.379  2674  2805 I System.out: -> Content-Type: application/json
05-29 03:57:54.379  2674  2805 I System.out: CONTENT HEADERS
05-29 03:57:54.379  2674  2805 I System.out: -> Content-Length: 0
05-29 03:57:54.379  2674  2805 I System.out: BODY Content-Type: null
05-29 03:57:54.379  2674  2805 I System.out: BODY START
05-29 03:57:54.379  2674  2805 I System.out: 
05-29 03:57:54.379  2674  2805 I System.out: BODY END
05-29 03:57:54.580  2674  2808 I System.out: 03:57:54.577 [DefaultDispatcher-worker-5] INFO io.ktor.client.HttpClient - RESPONSE: 200 OK
05-29 03:57:54.580  2674  2808 I System.out: METHOD: HttpMethod(value=GET)
05-29 03:57:54.580  2674  2808 I System.out: FROM: https://pokeapi.co/api/v2/pokemon?limit=20&offset=0
05-29 03:57:54.580  2674  2808 I System.out: COMMON HEADERS
05-29 03:57:54.580  2674  2808 I System.out: -> access-control-allow-origin: *
05-29 03:57:54.580  2674  2808 I System.out: -> age: 15233
05-29 03:57:54.580  2674  2808 I System.out: -> alt-svc: h3=":443"; ma=86400
05-29 03:57:54.580  2674  2808 I System.out: -> cache-control: public, max-age=86400, s-maxage=86400
05-29 03:57:54.580  2674  2808 I System.out: -> cf-cache-status: HIT
05-29 03:57:54.580  2674  2808 I System.out: -> cf-ray: a03293e4aad4c3b1-IAD
05-29 03:57:54.580  2674  2808 I System.out: -> connection: keep-alive
05-29 03:57:54.580  2674  2808 I System.out: -> content-type: application/json; charset=utf-8
05-29 03:57:54.580  2674  2808 I System.out: -> date: Fri, 29 May 2026 03:57:55 GMT
05-29 03:57:54.580  2674  2808 I System.out: -> etag: W/"588-iX6bV/yoloqGkIPBxJnQfrHsFIU"
05-29 03:57:54.580  2674  2808 I System.out: -> nel: {"report_to":"cf-nel","success_fraction":0.0,"max_age":604800}
05-29 03:57:54.580  2674  2808 I System.out: -> report-to: {"group":"cf-nel","max_age":604800,"endpoints":[{"url":"https://a.nel.cloudflare.com/report/v4?s=cbl87ZG%2FKt%2FZWNEMmFoaF3UmPnqMVZ8oWA2imNxU%2B53SkuqM4JzWSIC0IYnvMcZ7I%2Fj2nE2opBZIH1Ib28InL6Gs4fs07aOVv%2F5CAqN5%2Bc4rTepns%2BASPCVyNmO1"}]}
05-29 03:57:54.580  2674  2808 I System.out: -> server: cloudflare
05-29 03:57:54.580  2674  2808 I System.out: -> strict-transport-security: max-age=31556926
05-29 03:57:54.580  2674  2808 I System.out: -> traceparent: 00-725b152a74a155d9ffac17f89004f2f8-460d03d4aa448110-00
05-29 03:57:54.580  2674  2808 I System.out: -> transfer-encoding: chunked
05-29 03:57:54.580  2674  2808 I System.out: -> vary: Accept-Encoding,cookie,need-authorization, x-fh-requested-host, accept-encoding
05-29 03:57:54.580  2674  2808 I System.out: -> x-android-received-millis: 1780027074568
05-29 03:57:54.580  2674  2808 I System.out: -> x-android-response-source: NETWORK 200
05-29 03:57:54.580  2674  2808 I System.out: -> x-android-selected-protocol: http/1.1
05-29 03:57:54.580  2674  2808 I System.out: -> x-android-sent-millis: 1780027074556
05-29 03:57:54.580  2674  2808 I System.out: -> x-cache: HIT
05-29 03:57:54.580  2674  2808 I System.out: -> x-cache-hits: 0
05-29 03:57:54.580  2674  2808 I System.out: -> x-cloud-trace-context: 725b152a74a155d9ffac17f89004f2f8/5047694969276760336
05-29 03:57:54.580  2674  2808 I System.out: -> x-country-code: US
05-29 03:57:54.580  2674  2808 I System.out: -> x-orig-accept-language: en-US,en;q=0.9
05-29 03:57:54.580  2674  2808 I System.out: -> x-powered-by: Express
05-29 03:57:54.580  2674  2808 I System.out: -> x-served-by: cache-chi-klot8100137-CHI
05-29 03:57:54.580  2674  2808 I System.out: -> x-timer: S1765556373.142040,VS0,VE2
05-29 03:57:54.580  2674  2808 I System.out: BODY Content-Type: application/json; charset=utf-8
05-29 03:57:54.580  2674  2808 I System.out: BODY START
05-29 03:57:54.580  2674  2808 I System.out: {"count":1350,"next":"https://pokeapi.co/api/v2/pokemon?offset=20&limit=20","previous":null,"results":[{"name":"bulbasaur","url":"https://pokeapi.co/api/v2/pokemon/1/"},{"name":"ivysaur","url":"https://pokeapi.co/api/v2/pokemon/2/"},{"name":"venusaur","url":"https://pokeapi.co/api/v2/pokemon/3/"},{"name":"charmander","url":"https://pokeapi.co/api/v2/pokemon/4/"},{"name":"charmeleon","url":"https://pokeapi.co/api/v2/pokemon/5/"},{"name":"charizard","url":"https://pokeapi.co/api/v2/pokemon/6/"},{"name":"squirtle","url":"https://pokeapi.co/api/v2/pokemon/7/"},{"name":"wartortle","url":"https://pokeapi.co/api/v2/pokemon/8/"},{"name":"blastoise","url":"https://pokeapi.co/api/v2/pokemon/9/"},{"name":"caterpie","url":"https://pokeapi.co/api/v2/pokemon/10/"},{"name":"metapod","url":"https://pokeapi.co/api/v2/pokemon/11/"},{"name":"butterfree","url":"https://pokeapi.co/api/v2/pokemon/12/"},{"name":"weedle","url":"https://pokeapi.co/api/v2/pokemon/13/"},{"name":"kakuna","url":"https://pokeapi.co/api/v2/pokemon/14/"},{"name":"beedrill","url":"https://pokeapi.co/api/v2/pokemon/15/"},{"name":"pidgey","url":"https://pokeapi.co/api/v2/pokemon/16/"},{"name":"pidgeotto","url":"https://pokeapi.co/api/v2/pokemon/17/"},{"name":"pidgeot","url":"https://pokeapi.co/api/v2/pokemon/18/"},{"name":"rattata","url":"https://pokeapi.co/api/v2/pokemon/19/"},{"name":"raticate","url":"https://pokeapi.co/api/v2/pokemon/20/"}]}
05-29 03:57:54.580  2674  2808 I System.out: BODY END
05-29 03:57:55.687   159   159 I hwservicemanager: getTransport: Cannot find entry android.hardware.graphics.mapper@4.0::IMapper/default in either framework or device manifest.
05-29 03:57:55.688  3713  3713 I Gralloc4: mapper 4.x is not supported
05-29 03:57:55.747  3719  3721 I cmd     : oneway function results will be dropped but finished with status OK and parcel size 4
05-29 03:57:55.747  1474  1934 I MediaProvider: Begin Intent { act=android.intent.action.MEDIA_SCANNER_SCAN_FILE dat=file:///sdcard/screen_2026-05-29_035756.png flg=0x1400010 cmp=com.android.providers.media.module/com.android.providers.media.MediaService }
05-29 03:57:55.744  1474  1474 W com.android.providers.media.module: type=1400 audit(0.0:184): avc: denied { read } for comm=4173796E635461736B202331 name="primary" dev="tmpfs" ino=20305 scontext=u:r:mediaprovider_app:s0:c123,c256,c512,c768 tcontext=u:object_r:mnt_pass_through_file:s0 tclass=lnk_file permissive=0 app=com.android.providers.media.module
05-29 03:57:55.977     0     0 W audit   : audit_lost=110 audit_rate_limit=5 audit_backlog_limit=64
05-29 03:57:55.981     0     0 E audit   : rate limit exceeded
05-29 03:57:55.748  1474  1474 W com.android.providers.media.module: type=1400 audit(0.0:185): avc: denied { read } for comm=4173796E635461736B202331 name="primary" dev="tmpfs" ino=20305 scontext=u:r:mediaprovider_app:s0:c123,c256,c512,c768 tcontext=u:object_r:mnt_pass_through_file:s0 tclass=lnk_file permissive=0 app=com.android.providers.media.module
05-29 03:57:55.765  1474  1934 W ModernMediaScanner: Failed to visit /sdcard/screen_2026-05-29_035756.png: java.nio.file.AccessDeniedException: /sdcard/screen_2026-05-29_035756.png
05-29 03:57:55.765  1474  1934 I MediaProvider: Scanned internal due to REASON_DEMAND, found 0 items in 13ms, 0 inserts 0 updates 0 deletes
05-29 03:57:55.766  1474  1934 I MediaProvider: End Intent { act=android.intent.action.MEDIA_SCANNER_SCAN_FILE dat=file:///sdcard/screen_2026-05-29_035756.png flg=0x1400010 cmp=com.android.providers.media.module/com.android.providers.media.MediaService }
05-29 03:57:55.748  1474  1474 W com.android.providers.media.module: type=1400 audit(0.0:186): avc: denied { read } for comm=4173796E635461736B202331 name="primary" dev="tmpfs" ino=20305 scontext=u:r:mediaprovider_app:s0:c123,c256,c512,c768 tcontext=u:object_r:mnt_pass_through_file:s0 tclass=lnk_file permissive=0 app=com.android.providers.media.module
05-29 03:57:55.795  1474  2608 I MediaProvider: Deleted 1 items on external_primary due to com.android.shell
05-29 03:57:55.823  3731  3733 I cmd     : oneway function results will be dropped but finished with status OK and parcel size 4
05-29 03:57:55.956   159   159 I hwservicemanager: getTransport: Cannot find entry android.hardware.graphics.mapper@4.0::IMapper/default in either framework or device manifest.
05-29 03:57:55.957  3753  3753 I Gralloc4: mapper 4.x is not supported
05-29 03:57:56.014  3757  3759 I cmd     : oneway function results will be dropped but finished with status OK and parcel size 4
05-29 03:57:56.014  1474  1934 I MediaProvider: Begin Intent { act=android.intent.action.MEDIA_SCANNER_SCAN_FILE dat=file:///sdcard/screen_2026-05-29_035756.png flg=0x1400010 cmp=com.android.providers.media.module/com.android.providers.media.MediaService }
05-29 03:57:56.016  1474  1934 W ModernMediaScanner: Failed to visit /sdcard/screen_2026-05-29_035756.png: java.nio.file.AccessDeniedException: /sdcard/screen_2026-05-29_035756.png
05-29 03:57:56.016  1474  1934 I MediaProvider: Scanned internal due to REASON_DEMAND, found 0 items in 1ms, 0 inserts 0 updates 0 deletes
05-29 03:57:56.017  1474  1934 I MediaProvider: End Intent { act=android.intent.action.MEDIA_SCANNER_SCAN_FILE dat=file:///sdcard/screen_2026-05-29_035756.png flg=0x1400010 cmp=com.android.providers.media.module/com.android.providers.media.MediaService }
05-29 03:57:56.039  1474  1657 I MediaProvider: Deleted 1 items on external_primary due to com.android.shell
05-29 03:57:56.064  3768  3770 I cmd     : oneway function results will be dropped but finished with status OK and parcel size 4
05-29 03:57:56.192   159   159 I hwservicemanager: getTransport: Cannot find entry android.hardware.graphics.mapper@4.0::IMapper/default in either framework or device manifest.
05-29 03:57:56.192  3790  3790 I Gralloc4: mapper 4.x is not supported
05-29 03:57:56.249  1474  1934 I MediaProvider: Begin Intent { act=android.intent.action.MEDIA_SCANNER_SCAN_FILE dat=file:///sdcard/screen_2026-05-29_035756.png flg=0x1400010 cmp=com.android.providers.media.module/com.android.providers.media.MediaService }
05-29 03:57:56.250  1474  1934 W ModernMediaScanner: Failed to visit /sdcard/screen_2026-05-29_035756.png: java.nio.file.AccessDeniedException: /sdcard/screen_2026-05-29_035756.png
05-29 03:57:56.251  1474  1934 I MediaProvider: Scanned internal due to REASON_DEMAND, found 0 items in 1ms, 0 inserts 0 updates 0 deletes
05-29 03:57:56.251  1474  1934 I MediaProvider: End Intent { act=android.intent.action.MEDIA_SCANNER_SCAN_FILE dat=file:///sdcard/screen_2026-05-29_035756.png flg=0x1400010 cmp=com.android.providers.media.module/com.android.providers.media.MediaService }
05-29 03:57:56.271  1474  2608 I MediaProvider: Deleted 1 items on external_primary due to com.android.shell
05-29 03:57:56.297  3805  3807 I cmd     : oneway function results will be dropped but finished with status OK and parcel size 4
05-29 03:57:56.347  3820  3822 I cmd     : oneway function results will be dropped but finished with status OK and parcel size 4
05-29 03:57:56.396  3835  3837 I cmd     : oneway function results will be dropped but finished with status OK and parcel size 4
05-29 03:57:56.443  3850  3852 I cmd     : oneway function results will be dropped but finished with status OK and parcel size 4
05-29 03:57:56.522  3862  3862 E libc    : Access denied finding property "persist.device_config.runtime_native_boot.profilebootclasspath"
05-29 03:57:56.522  3862  3862 E libc    : Access denied finding property "persist.device_config.runtime_native_boot.enable_apex_image"
05-29 03:57:56.522  3862  3862 I AndroidRuntime: Using default boot image
05-29 03:57:56.522  3862  3862 E libc    : Access denied finding property "persist.device_config.runtime_native_boot.disable_lock_profiling"
05-29 03:57:56.522  3862  3862 I AndroidRuntime: Leaving lock profiling enabled
05-29 03:57:56.522  3862  3862 E libc    : Access denied finding property "persist.device_config.runtime_native_boot.enable_generational_cc"
05-29 03:57:56.524  3862  3862 I app_process: Core platform API reporting enabled, enforcing=false
05-29 03:57:56.563  3862  3862 W app_process: Unexpected CPU variant for X86 using defaults: x86_64
05-29 03:57:56.564  3862  3862 I app_process: The ClassLoaderContext is a special shared library.
05-29 03:57:56.571  3862  3862 W app_process: JNI RegisterNativeMethods: attempt to register 0 native methods for android.media.AudioAttributes
05-29 03:57:56.783  2674  2808 I System.out: 03:57:56.783 [DefaultDispatcher-worker-5] INFO io.ktor.client.HttpClient - REQUEST: https://pokeapi.co/api/v2/pokemon/bulbasaur
05-29 03:57:56.784  2674  2808 I System.out: METHOD: HttpMethod(value=GET)
05-29 03:57:56.784  2674  2808 I System.out: COMMON HEADERS
05-29 03:57:56.784  2674  2808 I System.out: -> Accept: application/json
05-29 03:57:56.784  2674  2808 I System.out: -> Accept-Charset: UTF-8
05-29 03:57:56.784  2674  2808 I System.out: -> Content-Type: application/json
05-29 03:57:56.784  2674  2808 I System.out: CONTENT HEADERS
05-29 03:57:56.784  2674  2808 I System.out: -> Content-Length: 0
05-29 03:57:56.784  2674  2808 I System.out: BODY Content-Type: null
05-29 03:57:56.784  2674  2808 I System.out: BODY START
05-29 03:57:56.784  2674  2808 I System.out: 
05-29 03:57:56.784  2674  2808 I System.out: BODY END
05-29 03:57:56.963  2674  2822 I System.out: 03:57:56.925 [DefaultDispatcher-worker-9] INFO io.ktor.client.HttpClient - RESPONSE: 200 OK
05-29 03:57:56.963  2674  2822 I System.out: METHOD: HttpMethod(value=GET)
05-29 03:57:56.963  2674  2822 I System.out: FROM: https://pokeapi.co/api/v2/pokemon/bulbasaur
05-29 03:57:56.963  2674  2822 I System.out: COMMON HEADERS
05-29 03:57:56.963  2674  2822 I System.out: -> access-control-allow-origin: *
05-29 03:57:56.963  2674  2822 I System.out: -> age: 9438
05-29 03:57:56.963  2674  2822 I System.out: -> alt-svc: h3=":443"; ma=86400
05-29 03:57:56.963  2674  2822 I System.out: -> cache-control: public, max-age=86400, s-maxage=86400
05-29 03:57:56.963  2674  2822 I System.out: -> cf-cache-status: HIT
05-29 03:57:56.963  2674  2822 I System.out: -> cf-ray: a03293f2992cc3b1-IAD
05-29 03:57:56.963  2674  2822 I System.out: -> connection: keep-alive
05-29 03:57:56.963  2674  2822 I System.out: -> content-type: application/json; charset=utf-8
05-29 03:57:56.963  2674  2822 I System.out: -> date: Fri, 29 May 2026 03:57:57 GMT
05-29 03:57:56.963  2674  2822 I System.out: -> etag: W/"41ad6-DjKZLuJ1Lydzi6DxM+a0Oor5Ru0"
05-29 03:57:56.963  2674  2822 I System.out: -> function-execution-id: wr6d1ch7jsq2
05-29 03:57:56.963  2674  2822 I System.out: -> nel: {"report_to":"cf-nel","success_fraction":0.0,"max_age":604800}
05-29 03:57:56.963  2674  2822 I System.out: -> report-to: {"group":"cf-nel","max_age":604800,"endpoints":[{"url":"https://a.nel.cloudflare.com/report/v4?s=hC7T3rght79nYS%2F5%2FbZ0ktttzJ7quy33HWHGJKgtCJcwNDVgCkAXsJYVT7pkzy6HWswWWRgor8rWxTJiXY2kF9rb%2FNHrT4e9EgbYCOQf2hXrE6OEoFDRaj3bJBtN"}]}
05-29 03:57:56.963  2674  2822 I System.out: -> server: cloudflare
05-29 03:57:56.963  2674  2822 I System.out: -> strict-transport-security: max-age=31556926
05-29 03:57:56.963  2674  2822 I System.out: -> transfer-encoding: chunked
05-29 03:57:56.963  2674  2822 I System.out: -> vary: Accept-Encoding,cookie,need-authorization, x-fh-requested-host, accept-encoding
05-29 03:57:56.963  2674  2822 I System.out: -> x-android-received-millis: 1780027076804
05-29 03:57:56.963  2674  2822 I System.out: -> x-android-response-source: NETWORK 200
05-29 03:57:56.963  2674  2822 I System.out: -> x-android-selected-protocol: http/1.1
05-29 03:57:56.963  2674  2822 I System.out: -> x-android-sent-millis: 1780027076786
05-29 03:57:56.963  2674  2822 I System.out: -> x-cache: HIT
05-29 03:57:56.963  2674  2822 I System.out: -> x-cache-hits: 0
05-29 03:57:56.963  2674  2822 I System.out: -> x-cloud-trace-context: 22492c0ab99698506adf29bcff0a07d7;o=1
05-29 03:57:56.963  2674  2822 I System.out: -> x-country-code: US
05-29 03:57:56.963  2674  2822 I System.out: -> x-orig-accept-language: en-US
05-29 03:57:56.963  2674  2822 I System.out: -> x-powered-by: Express
05-29 03:57:56.963  2674  2822 I System.out: -> x-served-by: cache-lga21944-LGA
05-29 03:57:56.963  2674  2822 I System.out: -> x-timer: S1769897377.904751,VS0,VE1
05-29 03:57:56.963  2674  2822 I System.out: BODY Content-Type: application/json; charset=utf-8
05-29 03:57:56.963  2674  2822 I System.out: BODY START
05-29 03:57:56.965  2674  2822 I System.out: {"abilities":[{"ability":{"name":"overgrow","url":"https://pokeapi.co/api/v2/ability/65/"},"is_hidden":false,"slot":1},{"ability":{"name":"chlorophyll","url":"https://pokeapi.co/api/v2/ability/34/"},"is_hidden":true,"slot":3}],"base_experience":64,"cries":{"latest":"https://raw.githubusercontent.com/PokeAPI/cries/main/cries/pokemon/latest/1.ogg","legacy":"https://raw.githubusercontent.com/PokeAPI/cries/main/cries/pokemon/legacy/1.ogg"},"forms":[{"name":"bulbasaur","url":"https://pokeapi.co/api/v2/pokemon-form/1/"}],"game_indices":[{"game_index":153,"version":{"name":"red","url":"https://pokeapi.co/api/v2/version/1/"}},{"game_index":153,"version":{"name":"blue","url":"https://pokeapi.co/api/v2/version/2/"}},{"game_index":153,"version":{"name":"yellow","url":"https://pokeapi.co/api/v2/version/3/"}},{"game_index":1,"version":{"name":"gold","url":"https://pokeapi.co/api/v2/version/4/"}},{"game_index":1,"version":{"name":"silver","url":"https://pokeapi.co/api/v2/version/5/"}},{"game_index":1,"version":{"name":"crystal","url":"https://pokeapi.co/api/v2/version/6/"}},{"game_index":1,"version":{"name":"ruby","url":"https://pokeapi.co/api/v2/version/7/"}},{"game_index":1,"version":{"name":"sapphire","url":"https://pokeapi.co/api/v2/version/8/"}},{"game_index":1,"version":{"name":"emerald","url":"https://pokeapi.co/api/v2/version/9/"}},{"game_index":1,"version":{"name":"firered","url":"https://pokeapi.co/api/v2/version/10/"}},{"game_index":1,"version":{"name":"leafgreen","url":"https://pokeapi.co/api/v2/version/11/"}},{"game_index":1,"version":{"name":"diamond","url":"https://pokeapi.co/api/v2/version/12/"}},{"game_index":1,"version":{"name":"pearl","url":"https://pokeapi.co/api/v2/version/13/"}},{"game_index":1,"version":{"name":"platinum","url":"https://pokeapi.co/api/v2/version/14/"}},{"game_index":1,"version":{"name":"heartgold","url":"https://pokeapi.co/api/v2/version/15/"}},{"game_index":1,"version":{"name":"soulsilver","url":"https://pokeapi.co/api/v2/version/16/"}},{"game_index":1,"version":{"name":"black","url":"https://pokeapi.co/api/v2/version/17/"}},{"game_index":1,"version":{"name":"white","url":"https://pokeapi.co/api/v2/version/18/"}},{"game_index":1,"version":{"name":"black-2","url":"https://pokeapi.co/api/v2/version/21/"}},{"game_index":1,"version":{"name":"white-2","url":"https://pokeapi.co/api/v2/version/22/"}}],"height":7,"held_items":[],"id":1,"is_default":true,"location_area_encounters":"https://pokeapi.co/api/v2/pokemon/1/encounters","moves":[{"move":{"name":"razor-wind","url":"https://pokeapi.co/api/v2/move/13/"},"version_group_details":[{"level_learned_at":0,"move_learn_method":{"name":"egg","url":"https://pokeapi.co/api/v2/move-learn-method/2/"},"order":null,"version_group":{"name":"gold-silver","url":"https://pokeapi.co/api/v2/version-group/3/"}},{"level_learned_at":0,"move_learn_method":{"name":"egg","url":"https://pokeapi.co/api/v2/move-learn-method/2/"},"order":null,"version_group":{"name":"crystal","url":"https://pokeapi.co/api/v2/version-group/4/"}}]},{"move":{"name":"swords-dance","url":"https://pokeapi.co/api/v2/move/14/"},"version_group_details":[{"level_learned_at":0,"move_learn_method":{"name":"machine","url":"https://pokeapi.co/api/v2/move-learn-method/4/"},"order":null,"version_group":{"name":"red-blue","url":"https://pokeapi.co/api/v2/version-group/1/"}},{"level_learned_at":0,"move_learn_method":{"name":"machine","url":"https://pokeapi.co/api/v2/move-learn-method/4/"},"order":null,"version_group":{"name":"yellow","url":"https://pokeapi.co/api/v2/version-group/2/"}},{"level_learned_at":0,"move_learn_method":{"name":"tutor","url":"https://pokeapi.co/api/v2/move-learn-method/3/"},"order":null,"version_group":{"name":"emerald","url":"https://pokeapi.co/api/v2/version-group/6/"}},{"level_learned_at":0,"move_learn_method":{"name":"tutor","url":"https://pokeapi.co/api/v2/move-learn-method/3/"},"order":null,"version_group":{"name":"firered-leafgreen","url":"https://pokeapi.co/api/v2/version-group/7/"}},{"level_learned_at":0,"move_learn_method":{"name":"machin
05-29 03:57:56.965  2674  2822 I System.out: BODY END
05-29 03:57:58.290   159   159 I hwservicemanager: getTransport: Cannot find entry android.hardware.graphics.mapper@4.0::IMapper/default in either framework or device manifest.
05-29 03:57:58.290  3899  3899 I Gralloc4: mapper 4.x is not supported
05-29 03:57:58.343  1474  1934 I MediaProvider: Begin Intent { act=android.intent.action.MEDIA_SCANNER_SCAN_FILE dat=file:///sdcard/screen_2026-05-29_035758.png flg=0x1400010 cmp=com.android.providers.media.module/com.android.providers.media.MediaService }
05-29 03:57:58.340  1474  1474 W com.android.providers.media.module: type=1400 audit(0.0:206): avc: denied { read } for comm=4173796E635461736B202331 name="primary" dev="tmpfs" ino=20305 scontext=u:r:mediaprovider_app:s0:c123,c256,c512,c768 tcontext=u:object_r:mnt_pass_through_file:s0 tclass=lnk_file permissive=0 app=com.android.providers.media.module
05-29 03:57:58.362  1474  1934 W ModernMediaScanner: Failed to visit /sdcard/screen_2026-05-29_035758.png: java.nio.file.AccessDeniedException: /sdcard/screen_2026-05-29_035758.png
05-29 03:57:58.363  1474  1934 I MediaProvider: Scanned internal due to REASON_DEMAND, found 0 items in 19ms, 0 inserts 0 updates 0 deletes
05-29 03:57:58.364  1474  1934 I MediaProvider: End Intent { act=android.intent.action.MEDIA_SCANNER_SCAN_FILE dat=file:///sdcard/screen_2026-05-29_035758.png flg=0x1400010 cmp=com.android.providers.media.module/com.android.providers.media.MediaService }
05-29 03:57:58.340  1474  1474 W com.android.providers.media.module: type=1400 audit(0.0:208): avc: denied { read } for comm=4173796E635461736B202331 name="primary" dev="tmpfs" ino=20305 scontext=u:r:mediaprovider_app:s0:c123,c256,c512,c768 tcontext=u:object_r:mnt_pass_through_file:s0 tclass=lnk_file permissive=0 app=com.android.providers.media.module
05-29 03:57:58.394  1474  1658 I MediaProvider: Deleted 1 items on external_primary due to com.android.shell
05-29 03:57:58.340  1474  1474 W com.android.providers.media.module: type=1400 audit(0.0:210): avc: denied { read } for comm=4173796E635461736B202331 name="primary" dev="tmpfs" ino=20305 scontext=u:r:mediaprovider_app:s0:c123,c256,c512,c768 tcontext=u:object_r:mnt_pass_through_file:s0 tclass=lnk_file permissive=0 app=com.android.providers.media.module
05-29 03:57:58.420  3914  3916 I cmd     : oneway function results will be dropped but finished with status OK and parcel size 4
05-29 03:57:58.559   159   159 I hwservicemanager: getTransport: Cannot find entry android.hardware.graphics.mapper@4.0::IMapper/default in either framework or device manifest.
05-29 03:57:58.559  3936  3936 I Gralloc4: mapper 4.x is not supported
05-29 03:57:58.611  3940  3942 I cmd     : oneway function results will be dropped but finished with status OK and parcel size 4
05-29 03:57:58.612  1474  1934 I MediaProvider: Begin Intent { act=android.intent.action.MEDIA_SCANNER_SCAN_FILE dat=file:///sdcard/screen_2026-05-29_035759.png flg=0x1400010 cmp=com.android.providers.media.module/com.android.providers.media.MediaService }
05-29 03:57:58.613  1474  1934 W ModernMediaScanner: Failed to visit /sdcard/screen_2026-05-29_035759.png: java.nio.file.AccessDeniedException: /sdcard/screen_2026-05-29_035759.png
05-29 03:57:58.618  1474  1934 I MediaProvider: Scanned internal due to REASON_DEMAND, found 0 items in 6ms, 0 inserts 0 updates 0 deletes
05-29 03:57:58.619  1474  1934 I MediaProvider: End Intent { act=android.intent.action.MEDIA_SCANNER_SCAN_FILE dat=file:///sdcard/screen_2026-05-29_035759.png flg=0x1400010 cmp=com.android.providers.media.module/com.android.providers.media.MediaService }
05-29 03:57:58.638  1474  1657 I MediaProvider: Deleted 1 items on external_primary due to com.android.shell
05-29 03:57:58.664  3951  3953 I cmd     : oneway function results will be dropped but finished with status OK and parcel size 4
05-29 03:57:58.796   159   159 I hwservicemanager: getTransport: Cannot find entry android.hardware.graphics.mapper@4.0::IMapper/default in either framework or device manifest.
05-29 03:57:58.797  3973  3973 I Gralloc4: mapper 4.x is not supported
05-29 03:57:58.850  1474  1934 I MediaProvider: Begin Intent { act=android.intent.action.MEDIA_SCANNER_SCAN_FILE dat=file:///sdcard/screen_2026-05-29_035759.png flg=0x1400010 cmp=com.android.providers.media.module/com.android.providers.media.MediaService }
05-29 03:57:58.852  3979  3981 I cmd     : oneway function results will be dropped but finished with status OK and parcel size 4
05-29 03:57:58.852  1474  1934 W ModernMediaScanner: Failed to visit /sdcard/screen_2026-05-29_035759.png: java.nio.file.AccessDeniedException: /sdcard/screen_2026-05-29_035759.png
05-29 03:57:58.852  1474  1934 I MediaProvider: Scanned internal due to REASON_DEMAND, found 0 items in 2ms, 0 inserts 0 updates 0 deletes
05-29 03:57:58.853  1474  1934 I MediaProvider: End Intent { act=android.intent.action.MEDIA_SCANNER_SCAN_FILE dat=file:///sdcard/screen_2026-05-29_035759.png flg=0x1400010 cmp=com.android.providers.media.module/com.android.providers.media.MediaService }
05-29 03:57:58.876  1474  2608 I MediaProvider: Deleted 1 items on external_primary due to com.android.shell
05-29 03:57:58.903  3990  3992 I cmd     : oneway function results will be dropped but finished with status OK and parcel size 4
05-29 03:57:58.955  4005  4007 I cmd     : oneway function results will be dropped but finished with status OK and parcel size 4
05-29 03:57:59.006  4020  4022 I cmd     : oneway function results will be dropped but finished with status OK and parcel size 4
05-29 03:57:59.056  4035  4037 I cmd     : oneway function results will be dropped but finished with status OK and parcel size 4
05-29 03:57:59.136  4047  4047 E libc    : Access denied finding property "persist.device_config.runtime_native_boot.profilebootclasspath"
05-29 03:57:59.137  4047  4047 E libc    : Access denied finding property "persist.device_config.runtime_native_boot.enable_apex_image"
05-29 03:57:59.137  4047  4047 I AndroidRuntime: Using default boot image
05-29 03:57:59.137  4047  4047 E libc    : Access denied finding property "persist.device_config.runtime_native_boot.disable_lock_profiling"
05-29 03:57:59.137  4047  4047 I AndroidRuntime: Leaving lock profiling enabled
05-29 03:57:59.137  4047  4047 E libc    : Access denied finding property "persist.device_config.runtime_native_boot.enable_generational_cc"
05-29 03:57:59.138  4047  4047 I app_process: Core platform API reporting enabled, enforcing=false
05-29 03:57:59.177  4047  4047 W app_process: Unexpected CPU variant for X86 using defaults: x86_64
05-29 03:57:59.178  4047  4047 I app_process: The ClassLoaderContext is a special shared library.
05-29 03:57:59.184  4047  4047 W app_process: JNI RegisterNativeMethods: attempt to register 0 native methods for android.media.AudioAttributes
05-29 03:58:00.912   159   159 I hwservicemanager: getTransport: Cannot find entry android.hardware.graphics.mapper@4.0::IMapper/default in either framework or device manifest.
05-29 03:58:00.912  4082  4082 I Gralloc4: mapper 4.x is not supported
05-29 03:58:00.972  4086  4088 I cmd     : oneway function results will be dropped but finished with status OK and parcel size 4
05-29 03:58:00.973  1474  1934 I MediaProvider: Begin Intent { act=android.intent.action.MEDIA_SCANNER_SCAN_FILE dat=file:///sdcard/screen_2026-05-29_035801.png flg=0x1400010 cmp=com.android.providers.media.module/com.android.providers.media.MediaService }
05-29 03:58:01.199     0     0 W audit   : audit_lost=144 audit_rate_limit=5 audit_backlog_limit=64
05-29 03:58:01.202     0     0 E audit   : rate limit exceeded
05-29 03:58:00.988  1474  1934 W ModernMediaScanner: Failed to visit /sdcard/screen_2026-05-29_035801.png: java.nio.file.AccessDeniedException: /sdcard/screen_2026-05-29_035801.png
05-29 03:58:00.989  1474  1934 I MediaProvider: Scanned internal due to REASON_DEMAND, found 0 items in 14ms, 0 inserts 0 updates 0 deletes
05-29 03:58:00.989  1474  1934 I MediaProvider: End Intent { act=android.intent.action.MEDIA_SCANNER_SCAN_FILE dat=file:///sdcard/screen_2026-05-29_035801.png flg=0x1400010 cmp=com.android.providers.media.module/com.android.providers.media.MediaService }
05-29 03:58:00.968  1474  1474 W com.android.providers.media.module: type=1400 audit(0.0:228): avc: denied { read } for comm=4173796E635461736B202331 name="primary" dev="tmpfs" ino=20305 scontext=u:r:mediaprovider_app:s0:c123,c256,c512,c768 tcontext=u:object_r:mnt_pass_through_file:s0 tclass=lnk_file permissive=0 app=com.android.providers.media.module
05-29 03:58:00.972  1474  1474 I chatty  : uid=10123(com.android.providers.media.module) identical 2 lines
05-29 03:58:00.972  1474  1474 W com.android.providers.media.module: type=1400 audit(0.0:231): avc: denied { read } for comm=4173796E635461736B202331 name="primary" dev="tmpfs" ino=20305 scontext=u:r:mediaprovider_app:s0:c123,c256,c512,c768 tcontext=u:object_r:mnt_pass_through_file:s0 tclass=lnk_file permissive=0 app=com.android.providers.media.module
05-29 03:58:01.022  1474  1657 I MediaProvider: Deleted 1 items on external_primary due to com.android.shell
05-29 03:58:00.972  1474  1474 W com.android.providers.media.module: type=1400 audit(0.0:232): avc: denied { read } for comm=4173796E635461736B202331 name="primary" dev="tmpfs" ino=20305 scontext=u:r:mediaprovider_app:s0:c123,c256,c512,c768 tcontext=u:object_r:mnt_pass_through_file:s0 tclass=lnk_file permissive=0 app=com.android.providers.media.module
05-29 03:58:01.050  4097  4099 I cmd     : oneway function results will be dropped but finished with status OK and parcel size 4
05-29 03:58:01.175   159   159 I hwservicemanager: getTransport: Cannot find entry android.hardware.graphics.mapper@4.0::IMapper/default in either framework or device manifest.
05-29 03:58:01.175  4119  4119 I Gralloc4: mapper 4.x is not supported
05-29 03:58:01.234  4123  4125 I cmd     : oneway function results will be dropped but finished with status OK and parcel size 4
05-29 03:58:01.234  1474  1934 I MediaProvider: Begin Intent { act=android.intent.action.MEDIA_SCANNER_SCAN_FILE dat=file:///sdcard/screen_2026-05-29_035801.png flg=0x1400010 cmp=com.android.providers.media.module/com.android.providers.media.MediaService }
05-29 03:58:01.235  1474  1934 W ModernMediaScanner: Failed to visit /sdcard/screen_2026-05-29_035801.png: java.nio.file.AccessDeniedException: /sdcard/screen_2026-05-29_035801.png
05-29 03:58:01.236  1474  1934 I MediaProvider: Scanned internal due to REASON_DEMAND, found 0 items in 1ms, 0 inserts 0 updates 0 deletes
05-29 03:58:01.237  1474  1934 I MediaProvider: End Intent { act=android.intent.action.MEDIA_SCANNER_SCAN_FILE dat=file:///sdcard/screen_2026-05-29_035801.png flg=0x1400010 cmp=com.android.providers.media.module/com.android.providers.media.MediaService }
05-29 03:58:01.259  1474  1658 I MediaProvider: Deleted 1 items on external_primary due to com.android.shell
05-29 03:58:01.285  4134  4136 I cmd     : oneway function results will be dropped but finished with status OK and parcel size 4
05-29 03:58:01.404   159   159 I hwservicemanager: getTransport: Cannot find entry android.hardware.graphics.mapper@4.0::IMapper/default in either framework or device manifest.
05-29 03:58:01.404  4156  4156 I Gralloc4: mapper 4.x is not supported
05-29 03:58:01.461  1474  1934 I MediaProvider: Begin Intent { act=android.intent.action.MEDIA_SCANNER_SCAN_FILE dat=file:///sdcard/screen_2026-05-29_035802.png flg=0x1400010 cmp=com.android.providers.media.module/com.android.providers.media.MediaService }
05-29 03:58:01.462  1474  1934 W ModernMediaScanner: Failed to visit /sdcard/screen_2026-05-29_035802.png: java.nio.file.AccessDeniedException: /sdcard/screen_2026-05-29_035802.png
05-29 03:58:01.463  1474  1934 I MediaProvider: Scanned internal due to REASON_DEMAND, found 0 items in 0ms, 0 inserts 0 updates 0 deletes
05-29 03:58:01.463  1474  1934 I MediaProvider: End Intent { act=android.intent.action.MEDIA_SCANNER_SCAN_FILE dat=file:///sdcard/screen_2026-05-29_035802.png flg=0x1400010 cmp=com.android.providers.media.module/com.android.providers.media.MediaService }
05-29 03:58:01.483  1474  2608 I MediaProvider: Deleted 1 items on external_primary due to com.android.shell
05-29 03:58:01.510  4171  4173 I cmd     : oneway function results will be dropped but finished with status OK and parcel size 4
05-29 03:58:01.560  4186  4188 I cmd     : oneway function results will be dropped but finished with status OK and parcel size 4
05-29 03:58:01.611  4201  4203 I cmd     : oneway function results will be dropped but finished with status OK and parcel size 4
05-29 03:58:01.746  4228  4228 E libc    : Access denied finding property "persist.device_config.runtime_native_boot.profilebootclasspath"
05-29 03:58:01.746  4228  4228 E libc    : Access denied finding property "persist.device_config.runtime_native_boot.enable_apex_image"
05-29 03:58:01.746  4228  4228 I AndroidRuntime: Using default boot image
05-29 03:58:01.746  4228  4228 E libc    : Access denied finding property "persist.device_config.runtime_native_boot.disable_lock_profiling"
05-29 03:58:01.746  4228  4228 I AndroidRuntime: Leaving lock profiling enabled
05-29 03:58:01.746  4228  4228 E libc    : Access denied finding property "persist.device_config.runtime_native_boot.enable_generational_cc"
05-29 03:58:01.747  4228  4228 I app_process: Core platform API reporting enabled, enforcing=false
05-29 03:58:01.786  4228  4228 W app_process: Unexpected CPU variant for X86 using defaults: x86_64
05-29 03:58:01.787  4228  4228 I app_process: The ClassLoaderContext is a special shared library.
05-29 03:58:01.793  4228  4228 W app_process: JNI RegisterNativeMethods: attempt to register 0 native methods for android.media.AudioAttributes
05-29 03:58:02.018  2674  2822 I System.out: 03:58:02.017 [DefaultDispatcher-worker-9] INFO io.ktor.client.HttpClient - REQUEST: https://pokeapi.co/api/v2/pokemon/ivysaur
05-29 03:58:02.018  2674  2822 I System.out: METHOD: HttpMethod(value=GET)
05-29 03:58:02.018  2674  2822 I System.out: COMMON HEADERS
05-29 03:58:02.018  2674  2822 I System.out: -> Accept: application/json
05-29 03:58:02.018  2674  2822 I System.out: -> Accept-Charset: UTF-8
05-29 03:58:02.018  2674  2822 I System.out: -> Content-Type: application/json
05-29 03:58:02.018  2674  2822 I System.out: CONTENT HEADERS
05-29 03:58:02.018  2674  2822 I System.out: -> Content-Length: 0
05-29 03:58:02.018  2674  2822 I System.out: BODY Content-Type: null
05-29 03:58:02.018  2674  2822 I System.out: BODY START
05-29 03:58:02.018  2674  2822 I System.out: 
05-29 03:58:02.018  2674  2822 I System.out: BODY END
05-29 03:58:02.152  2674  2807 I System.out: 03:58:02.142 [DefaultDispatcher-worker-4] INFO io.ktor.client.HttpClient - RESPONSE: 200 OK
05-29 03:58:02.152  2674  2807 I System.out: METHOD: HttpMethod(value=GET)
05-29 03:58:02.152  2674  2807 I System.out: FROM: https://pokeapi.co/api/v2/pokemon/ivysaur
05-29 03:58:02.152  2674  2807 I System.out: COMMON HEADERS
05-29 03:58:02.152  2674  2807 I System.out: -> access-control-allow-origin: *
05-29 03:58:02.152  2674  2807 I System.out: -> age: 76023
05-29 03:58:02.152  2674  2807 I System.out: -> alt-svc: h3=":443"; ma=86400
05-29 03:58:02.152  2674  2807 I System.out: -> cache-control: public, max-age=86400, s-maxage=86400
05-29 03:58:02.152  2674  2807 I System.out: -> cf-cache-status: HIT
05-29 03:58:02.152  2674  2807 I System.out: -> cf-ray: a03294135decc3b1-IAD
05-29 03:58:02.152  2674  2807 I System.out: -> connection: keep-alive
05-29 03:58:02.152  2674  2807 I System.out: -> content-type: application/json; charset=utf-8
05-29 03:58:02.152  2674  2807 I System.out: -> date: Fri, 29 May 2026 03:58:02 GMT
05-29 03:58:02.152  2674  2807 I System.out: -> etag: W/"3a208-UaeAV+hyIAKhsYxQ2HzouJGTqQg"
05-29 03:58:02.152  2674  2807 I System.out: -> function-execution-id: gnq8jn5ej7we
05-29 03:58:02.152  2674  2807 I System.out: -> nel: {"report_to":"cf-nel","success_fraction":0.0,"max_age":604800}
05-29 03:58:02.152  2674  2807 I System.out: -> report-to: {"group":"cf-nel","max_age":604800,"endpoints":[{"url":"https://a.nel.cloudflare.com/report/v4?s=1446eMe4Vb3AodUjiy%2FegyuwT7iaPDcb1qClSXG4kUGQ0Q7Pzg70qSYUR6HW8ElaRfLIYbadS61vA43Zt4NVu58GghX14TVSB%2BfZXCbEA7PDfu7hB2Wmqq%2BiIIKJ"}]}
05-29 03:58:02.152  2674  2807 I System.out: -> server: cloudflare
05-29 03:58:02.152  2674  2807 I System.out: -> strict-transport-security: max-age=31556926
05-29 03:58:02.152  2674  2807 I System.out: -> transfer-encoding: chunked
05-29 03:58:02.152  2674  2807 I System.out: -> vary: Accept-Encoding,cookie,need-authorization, x-fh-requested-host, accept-encoding
05-29 03:58:02.152  2674  2807 I System.out: -> x-android-received-millis: 1780027082041
05-29 03:58:02.152  2674  2807 I System.out: -> x-android-response-source: NETWORK 200
05-29 03:58:02.152  2674  2807 I System.out: -> x-android-selected-protocol: http/1.1
05-29 03:58:02.152  2674  2807 I System.out: -> x-android-sent-millis: 1780027082021
05-29 03:58:02.152  2674  2807 I System.out: -> x-cache: HIT
05-29 03:58:02.152  2674  2807 I System.out: -> x-cache-hits: 0
05-29 03:58:02.152  2674  2807 I System.out: -> x-cloud-trace-context: 7caf5a02d49e4cabe76f7a6477938c93
05-29 03:58:02.152  2674  2807 I System.out: -> x-country-code: US
05-29 03:58:02.152  2674  2807 I System.out: -> x-orig-accept-language: en-US,en;q=0.9
05-29 03:58:02.152  2674  2807 I System.out: -> x-powered-by: Express
05-29 03:58:02.152  2674  2807 I System.out: -> x-served-by: cache-lga21945-LGA
05-29 03:58:02.152  2674  2807 I System.out: -> x-timer: S1769781181.428638,VS0,VE2
05-29 03:58:02.152  2674  2807 I System.out: BODY Content-Type: application/json; charset=utf-8
05-29 03:58:02.152  2674  2807 I System.out: BODY START
05-29 03:58:02.154  2674  2807 I System.out: {"abilities":[{"ability":{"name":"overgrow","url":"https://pokeapi.co/api/v2/ability/65/"},"is_hidden":false,"slot":1},{"ability":{"name":"chlorophyll","url":"https://pokeapi.co/api/v2/ability/34/"},"is_hidden":true,"slot":3}],"base_experience":142,"cries":{"latest":"https://raw.githubusercontent.com/PokeAPI/cries/main/cries/pokemon/latest/2.ogg","legacy":"https://raw.githubusercontent.com/PokeAPI/cries/main/cries/pokemon/legacy/2.ogg"},"forms":[{"name":"ivysaur","url":"https://pokeapi.co/api/v2/pokemon-form/2/"}],"game_indices":[{"game_index":9,"version":{"name":"red","url":"https://pokeapi.co/api/v2/version/1/"}},{"game_index":9,"version":{"name":"blue","url":"https://pokeapi.co/api/v2/version/2/"}},{"game_index":9,"version":{"name":"yellow","url":"https://pokeapi.co/api/v2/version/3/"}},{"game_index":2,"version":{"name":"gold","url":"https://pokeapi.co/api/v2/version/4/"}},{"game_index":2,"version":{"name":"silver","url":"https://pokeapi.co/api/v2/version/5/"}},{"game_index":2,"version":{"name":"crystal","url":"https://pokeapi.co/api/v2/version/6/"}},{"game_index":2,"version":{"name":"ruby","url":"https://pokeapi.co/api/v2/version/7/"}},{"game_index":2,"version":{"name":"sapphire","url":"https://pokeapi.co/api/v2/version/8/"}},{"game_index":2,"version":{"name":"emerald","url":"https://pokeapi.co/api/v2/version/9/"}},{"game_index":2,"version":{"name":"firered","url":"https://pokeapi.co/api/v2/version/10/"}},{"game_index":2,"version":{"name":"leafgreen","url":"https://pokeapi.co/api/v2/version/11/"}},{"game_index":2,"version":{"name":"diamond","url":"https://pokeapi.co/api/v2/version/12/"}},{"game_index":2,"version":{"name":"pearl","url":"https://pokeapi.co/api/v2/version/13/"}},{"game_index":2,"version":{"name":"platinum","url":"https://pokeapi.co/api/v2/version/14/"}},{"game_index":2,"version":{"name":"heartgold","url":"https://pokeapi.co/api/v2/version/15/"}},{"game_index":2,"version":{"name":"soulsilver","url":"https://pokeapi.co/api/v2/version/16/"}},{"game_index":2,"version":{"name":"black","url":"https://pokeapi.co/api/v2/version/17/"}},{"game_index":2,"version":{"name":"white","url":"https://pokeapi.co/api/v2/version/18/"}},{"game_index":2,"version":{"name":"black-2","url":"https://pokeapi.co/api/v2/version/21/"}},{"game_index":2,"version":{"name":"white-2","url":"https://pokeapi.co/api/v2/version/22/"}}],"height":10,"held_items":[],"id":2,"is_default":true,"location_area_encounters":"https://pokeapi.co/api/v2/pokemon/2/encounters","moves":[{"move":{"name":"swords-dance","url":"https://pokeapi.co/api/v2/move/14/"},"version_group_details":[{"level_learned_at":0,"move_learn_method":{"name":"machine","url":"https://pokeapi.co/api/v2/move-learn-method/4/"},"order":null,"version_group":{"name":"red-blue","url":"https://pokeapi.co/api/v2/version-group/1/"}},{"level_learned_at":0,"move_learn_method":{"name":"machine","url":"https://pokeapi.co/api/v2/move-learn-method/4/"},"order":null,"version_group":{"name":"yellow","url":"https://pokeapi.co/api/v2/version-group/2/"}},{"level_learned_at":0,"move_learn_method":{"name":"tutor","url":"https://pokeapi.co/api/v2/move-learn-method/3/"},"order":null,"version_group":{"name":"emerald","url":"https://pokeapi.co/api/v2/version-group/6/"}},{"level_learned_at":0,"move_learn_method":{"name":"tutor","url":"https://pokeapi.co/api/v2/move-learn-method/3/"},"order":null,"version_group":{"name":"firered-leafgreen","url":"https://pokeapi.co/api/v2/version-group/7/"}},{"level_learned_at":0,"move_learn_method":{"name":"machine","url":"https://pokeapi.co/api/v2/move-learn-method/4/"},"order":null,"version_group":{"name":"diamond-pearl","url":"https://pokeapi.co/api/v2/version-group/8/"}},{"level_learned_at":0,"move_learn_method":{"name":"machine","url":"https://pokeapi.co/api/v2/move-learn-method/4/"},"order":null,"version_group":{"name":"platinum","url":"https://pokeapi.co/api/v2/version-group/9/"}},{"level_learned_at":0,"move_learn_method":{"name":"machine","url":"https://pokeapi.co/api/v2/move-learn-method/4/"},"order":null,"version_group":{"name"
05-29 03:58:02.155  2674  2807 I System.out: BODY END
05-29 03:58:03.529   159   159 I hwservicemanager: getTransport: Cannot find entry android.hardware.graphics.mapper@4.0::IMapper/default in either framework or device manifest.
