05-29 03:58:32.106   510  1088 W InputReader: Device virtio_input_multi_touch_11 is associated with display ADISPLAY_ID_NONE.
05-29 03:58:32.106   510  1088 W InputReader: Device virtio_input_multi_touch_5 is associated with display ADISPLAY_ID_NONE.
05-29 03:58:32.106   510  1088 W InputReader: Device virtio_input_multi_touch_2 is associated with display ADISPLAY_ID_NONE.
05-29 03:58:32.106   510  1088 W InputReader: Device virtio_input_multi_touch_6 is associated with display ADISPLAY_ID_NONE.
05-29 03:58:32.106   510  1088 W InputReader: Device virtio_input_multi_touch_3 is associated with display ADISPLAY_ID_NONE.
05-29 03:58:32.106   510  1088 W InputReader: Device virtio_input_multi_touch_8 is associated with display ADISPLAY_ID_NONE.
05-29 03:58:32.106   510  1088 W InputReader: Device virtio_input_multi_touch_9 is associated with display ADISPLAY_ID_NONE.
05-29 03:58:32.106   510  1088 W InputReader: Device virtio_input_multi_touch_4 is associated with display ADISPLAY_ID_NONE.
05-29 03:58:32.258   335   335 E Layer   : [Surface(name=Task=10)/@0x32101a1 - animation-leash#0] No local sync point found
05-29 03:58:32.258   335   335 E Layer   : [Surface(name=Task=10)/@0x32101a1 - animation-leash#0] No local sync point found
05-29 03:58:32.258   335   335 E Layer   : [Surface(name=Task=1)/@0xbb0f411 - animation-leash#0] No local sync point found
05-29 03:58:32.258   335   335 E Layer   : [Surface(name=Task=1)/@0xbb0f411 - animation-leash#0] No local sync point found
05-29 03:58:33.639   159   159 I hwservicemanager: getTransport: Cannot find entry android.hardware.graphics.mapper@4.0::IMapper/default in either framework or device manifest.
05-29 03:58:33.639  6317  6317 I Gralloc4: mapper 4.x is not supported
05-29 03:58:33.714  6321  6323 I cmd     : oneway function results will be dropped but finished with status OK and parcel size 4
05-29 03:58:33.715  1474  1934 I MediaProvider: Begin Intent { act=android.intent.action.MEDIA_SCANNER_SCAN_FILE dat=file:///sdcard/screen_2026-05-29_035834.png flg=0x1400010 cmp=com.android.providers.media.module/com.android.providers.media.MediaService }
05-29 03:58:33.712  1474  1474 W com.android.providers.media.module: type=1400 audit(0.0:510): avc: denied { read } for comm=4173796E635461736B202331 name="primary" dev="tmpfs" ino=20305 scontext=u:r:mediaprovider_app:s0:c123,c256,c512,c768 tcontext=u:object_r:mnt_pass_through_file:s0 tclass=lnk_file permissive=0 app=com.android.providers.media.module
05-29 03:58:33.943     0     0 W audit   : audit_lost=361 audit_rate_limit=5 audit_backlog_limit=64
05-29 03:58:33.949     0     0 E audit   : rate limit exceeded
05-29 03:58:33.716  1474  1474 W com.android.providers.media.module: type=1400 audit(0.0:511): avc: denied { read } for comm=4173796E635461736B202331 name="primary" dev="tmpfs" ino=20305 scontext=u:r:mediaprovider_app:s0:c123,c256,c512,c768 tcontext=u:object_r:mnt_pass_through_file:s0 tclass=lnk_file permissive=0 app=com.android.providers.media.module
05-29 03:58:33.735  1474  1934 W ModernMediaScanner: Failed to visit /sdcard/screen_2026-05-29_035834.png: java.nio.file.AccessDeniedException: /sdcard/screen_2026-05-29_035834.png
05-29 03:58:33.735  1474  1934 I MediaProvider: Scanned internal due to REASON_DEMAND, found 0 items in 17ms, 0 inserts 0 updates 0 deletes
05-29 03:58:33.736  1474  1934 I MediaProvider: End Intent { act=android.intent.action.MEDIA_SCANNER_SCAN_FILE dat=file:///sdcard/screen_2026-05-29_035834.png flg=0x1400010 cmp=com.android.providers.media.module/com.android.providers.media.MediaService }
05-29 03:58:33.716  1474  1474 W com.android.providers.media.module: type=1400 audit(0.0:512): avc: denied { read } for comm=4173796E635461736B202331 name="primary" dev="tmpfs" ino=20305 scontext=u:r:mediaprovider_app:s0:c123,c256,c512,c768 tcontext=u:object_r:mnt_pass_through_file:s0 tclass=lnk_file permissive=0 app=com.android.providers.media.module
05-29 03:58:33.781  1474  2608 I MediaProvider: Deleted 1 items on external_primary due to com.android.shell
05-29 03:58:33.809  6334  6336 I cmd     : oneway function results will be dropped but finished with status OK and parcel size 4
05-29 03:58:33.941   159   159 I hwservicemanager: getTransport: Cannot find entry android.hardware.graphics.mapper@4.0::IMapper/default in either framework or device manifest.
05-29 03:58:33.941  6356  6356 I Gralloc4: mapper 4.x is not supported
05-29 03:58:34.016  1474  1934 I MediaProvider: Begin Intent { act=android.intent.action.MEDIA_SCANNER_SCAN_FILE dat=file:///sdcard/screen_2026-05-29_035834.png flg=0x1400010 cmp=com.android.providers.media.module/com.android.providers.media.MediaService }
05-29 03:58:34.017  1474  1934 W ModernMediaScanner: Failed to visit /sdcard/screen_2026-05-29_035834.png: java.nio.file.AccessDeniedException: /sdcard/screen_2026-05-29_035834.png
05-29 03:58:34.017  1474  1934 I MediaProvider: Scanned internal due to REASON_DEMAND, found 0 items in 0ms, 0 inserts 0 updates 0 deletes
05-29 03:58:34.018  1474  1934 I MediaProvider: End Intent { act=android.intent.action.MEDIA_SCANNER_SCAN_FILE dat=file:///sdcard/screen_2026-05-29_035834.png flg=0x1400010 cmp=com.android.providers.media.module/com.android.providers.media.MediaService }
05-29 03:58:34.020  6360  6362 I cmd     : oneway function results will be dropped but finished with status OK and parcel size 4
05-29 03:58:34.042  1474  1657 I MediaProvider: Deleted 1 items on external_primary due to com.android.shell
05-29 03:58:34.068  6371  6373 I cmd     : oneway function results will be dropped but finished with status OK and parcel size 4
05-29 03:58:34.190   159   159 I hwservicemanager: getTransport: Cannot find entry android.hardware.graphics.mapper@4.0::IMapper/default in either framework or device manifest.
05-29 03:58:34.191  6393  6393 I Gralloc4: mapper 4.x is not supported
05-29 03:58:34.266  6397  6399 I cmd     : oneway function results will be dropped but finished with status OK and parcel size 4
05-29 03:58:34.267  1474  1934 I MediaProvider: Begin Intent { act=android.intent.action.MEDIA_SCANNER_SCAN_FILE dat=file:///sdcard/screen_2026-05-29_035834.png flg=0x1400010 cmp=com.android.providers.media.module/com.android.providers.media.MediaService }
05-29 03:58:34.268  1474  1934 W ModernMediaScanner: Failed to visit /sdcard/screen_2026-05-29_035834.png: java.nio.file.AccessDeniedException: /sdcard/screen_2026-05-29_035834.png
05-29 03:58:34.269  1474  1934 I MediaProvider: Scanned internal due to REASON_DEMAND, found 0 items in 1ms, 0 inserts 0 updates 0 deletes
05-29 03:58:34.269  1474  1934 I MediaProvider: End Intent { act=android.intent.action.MEDIA_SCANNER_SCAN_FILE dat=file:///sdcard/screen_2026-05-29_035834.png flg=0x1400010 cmp=com.android.providers.media.module/com.android.providers.media.MediaService }
05-29 03:58:34.292  1474  1658 I MediaProvider: Deleted 1 items on external_primary due to com.android.shell
05-29 03:58:34.317  6408  6410 I cmd     : oneway function results will be dropped but finished with status OK and parcel size 4
05-29 03:58:34.355   510  2104 I ActivityTaskManager: START u0 {act=android.intent.action.MAIN cat=[android.intent.category.LAUNCHER] flg=0x10000000 cmp=com.mocoding.pokedex.android/.MainActivity} from uid 2000
05-29 03:58:34.356   414   414 I perfetto: ing_service_impl.cc:758 Configured tracing session 6, #sources:1, duration:5000 ms, #buffers:1, total buffer size:4096 KB, total sessions:1, uid:1071 session name: ""
05-29 03:58:34.356   412   412 I perfetto: probes_producer.cc:230  Ftrace setup (target_buf=6)
05-29 03:58:34.360   510  3722 W ActivityTaskManager: Tried to set launchTime (0) < mLastActivityLaunchTime (83121)
05-29 03:58:34.360   510  3722 W InputReader: Device virtio_input_multi_touch_10 is associated with display ADISPLAY_ID_NONE.
05-29 03:58:34.360   510  3722 W InputReader: Device virtio_input_multi_touch_7 is associated with display ADISPLAY_ID_NONE.
05-29 03:58:34.360   510  3722 W InputReader: Device virtio_input_multi_touch_11 is associated with display ADISPLAY_ID_NONE.
05-29 03:58:34.360   510  3722 W InputReader: Device virtio_input_multi_touch_5 is associated with display ADISPLAY_ID_NONE.
05-29 03:58:34.360   510  3722 W InputReader: Device virtio_input_multi_touch_2 is associated with display ADISPLAY_ID_NONE.
05-29 03:58:34.360   510  3722 W InputReader: Device virtio_input_multi_touch_6 is associated with display ADISPLAY_ID_NONE.
05-29 03:58:34.360   510  3722 W InputReader: Device virtio_input_multi_touch_3 is associated with display ADISPLAY_ID_NONE.
05-29 03:58:34.360   510  3722 W InputReader: Device virtio_input_multi_touch_8 is associated with display ADISPLAY_ID_NONE.
05-29 03:58:34.360   510  3722 W InputReader: Device virtio_input_multi_touch_9 is associated with display ADISPLAY_ID_NONE.
05-29 03:58:34.360   510  3722 W InputReader: Device virtio_input_multi_touch_4 is associated with display ADISPLAY_ID_NONE.
05-29 03:58:34.360   510  3722 W InputReader: Device virtio_input_multi_touch_10 is associated with display ADISPLAY_ID_NONE.
05-29 03:58:34.360   510  3722 W InputReader: Device virtio_input_multi_touch_7 is associated with display ADISPLAY_ID_NONE.
05-29 03:58:34.360   510  3722 W InputReader: Device virtio_input_multi_touch_11 is associated with display ADISPLAY_ID_NONE.
05-29 03:58:34.360   510  3722 W InputReader: Device virtio_input_multi_touch_5 is associated with display ADISPLAY_ID_NONE.
05-29 03:58:34.360   510  3722 W InputReader: Device virtio_input_multi_touch_2 is associated with display ADISPLAY_ID_NONE.
05-29 03:58:34.360   510  3722 W InputReader: Device virtio_input_multi_touch_6 is associated with display ADISPLAY_ID_NONE.
05-29 03:58:34.360   510  3722 W InputReader: Device virtio_input_multi_touch_3 is associated with display ADISPLAY_ID_NONE.
05-29 03:58:34.360   510  3722 W InputReader: Device virtio_input_multi_touch_8 is associated with display ADISPLAY_ID_NONE.
05-29 03:58:34.360   510  3722 W InputReader: Device virtio_input_multi_touch_9 is associated with display ADISPLAY_ID_NONE.
05-29 03:58:34.360   510  3722 W InputReader: Device virtio_input_multi_touch_4 is associated with display ADISPLAY_ID_NONE.
05-29 03:58:34.386   412   412 I perfetto: ftrace_procfs.cc:176    enabled ftrace
05-29 03:58:34.609     0     0 W perfetto: enabled ftrace
05-29 03:58:34.485  2674  2690 W System  : A resource failed to call release. 
05-29 03:58:34.485  2674  2690 W System  : A resource failed to call release. 
05-29 03:58:34.485  2674  2690 W System  : A resource failed to call close. 
05-29 03:58:34.485  2674  2690 W System  : A resource failed to call dispose. 
05-29 03:58:34.523   510   548 I ActivityTaskManager: Displayed com.mocoding.pokedex.android/.MainActivity: +167ms
05-29 03:58:35.483   159   159 I hwservicemanager: getTransport: Cannot find entry android.hardware.graphics.mapper@4.0::IMapper/default in either framework or device manifest.
05-29 03:58:35.484  6456  6456 I Gralloc4: mapper 4.x is not supported
05-29 03:58:35.529  6460  6462 I cmd     : oneway function results will be dropped but finished with status OK and parcel size 4
05-29 03:58:35.530  1474  1934 I MediaProvider: Begin Intent { act=android.intent.action.MEDIA_SCANNER_SCAN_FILE dat=file:///sdcard/screen_2026-05-29_035836.png flg=0x1400010 cmp=com.android.providers.media.module/com.android.providers.media.MediaService }
05-29 03:58:35.528  1474  1474 W com.android.providers.media.module: type=1400 audit(0.0:528): avc: denied { read } for comm=4173796E635461736B202331 name="primary" dev="tmpfs" ino=20305 scontext=u:r:mediaprovider_app:s0:c123,c256,c512,c768 tcontext=u:object_r:mnt_pass_through_file:s0 tclass=lnk_file permissive=0 app=com.android.providers.media.module
05-29 03:58:35.759     0     0 W audit   : audit_lost=374 audit_rate_limit=5 audit_backlog_limit=64
05-29 03:58:35.765     0     0 E audit   : rate limit exceeded
05-29 03:58:35.528  1474  1474 W com.android.providers.media.module: type=1400 audit(0.0:529): avc: denied { read } for comm=4173796E635461736B202331 name="primary" dev="tmpfs" ino=20305 scontext=u:r:mediaprovider_app:s0:c123,c256,c512,c768 tcontext=u:object_r:mnt_pass_through_file:s0 tclass=lnk_file permissive=0 app=com.android.providers.media.module
05-29 03:58:35.550  1474  1934 W ModernMediaScanner: Failed to visit /sdcard/screen_2026-05-29_035836.png: java.nio.file.AccessDeniedException: /sdcard/screen_2026-05-29_035836.png
05-29 03:58:35.551  1474  1934 I MediaProvider: Scanned internal due to REASON_DEMAND, found 0 items in 16ms, 0 inserts 0 updates 0 deletes
05-29 03:58:35.551  1474  1934 I MediaProvider: End Intent { act=android.intent.action.MEDIA_SCANNER_SCAN_FILE dat=file:///sdcard/screen_2026-05-29_035836.png flg=0x1400010 cmp=com.android.providers.media.module/com.android.providers.media.MediaService }
05-29 03:58:35.558  1411  1832 I Dialer  : VvmTaskExecutor - executing task com.android.voicemail.impl.ActivationTask@a11cf7e
05-29 03:58:35.528  1474  1474 W com.android.providers.media.module: type=1400 audit(0.0:530): avc: denied { read } for comm=4173796E635461736B202331 name="primary" dev="tmpfs" ino=20305 scontext=u:r:mediaprovider_app:s0:c123,c256,c512,c768 tcontext=u:object_r:mnt_pass_through_file:s0 tclass=lnk_file permissive=0 app=com.android.providers.media.module
05-29 03:58:35.558  1411  1832 I Dialer  : PreOMigrationHandler - ComponentInfo{com.android.phone/com.android.services.telephony.TelephonyConnectionService}, ***, UserHandle{0} already migrated
05-29 03:58:35.567  1450  1996 I VoicemailNotifier: receivers for android.intent.action.PROVIDER_CHANGED :[]
05-29 03:58:35.568  1411  1832 I Dialer  : VvmActivationTask - VVM content provider configured - vvm_type_cvvm
05-29 03:58:35.568  1411  1832 I Dialer  : OmtpVvmCarrierCfgHlpr - OmtpEvent:CONFIG_ACTIVATING
05-29 03:58:35.528  1474  1474 W com.android.providers.media.module: type=1400 audit(0.0:531): avc: denied { read } for comm=4173796E635461736B202331 name="primary" dev="tmpfs" ino=20305 scontext=u:r:mediaprovider_app:s0:c123,c256,c512,c768 tcontext=u:object_r:mnt_pass_through_file:s0 tclass=lnk_file permissive=0 app=com.android.providers.media.module
05-29 03:58:35.570  1450  1996 I VoicemailNotifier: receivers for android.intent.action.PROVIDER_CHANGED :[]
05-29 03:58:35.528  1474  1474 W com.android.providers.media.module: type=1400 audit(0.0:532): avc: denied { read } for comm=4173796E635461736B202331 name="primary" dev="tmpfs" ino=20305 scontext=u:r:mediaprovider_app:s0:c123,c256,c512,c768 tcontext=u:object_r:mnt_pass_through_file:s0 tclass=lnk_file permissive=0 app=com.android.providers.media.module
05-29 03:58:35.630  1474  2608 I MediaProvider: Deleted 1 items on external_primary due to com.android.shell
05-29 03:58:35.663  6471  6473 I cmd     : oneway function results will be dropped but finished with status OK and parcel size 4
05-29 03:58:35.784   159   159 I hwservicemanager: getTransport: Cannot find entry android.hardware.graphics.mapper@4.0::IMapper/default in either framework or device manifest.
05-29 03:58:35.784  6493  6493 I Gralloc4: mapper 4.x is not supported
05-29 03:58:35.840  6499  6501 I cmd     : oneway function results will be dropped but finished with status OK and parcel size 4
05-29 03:58:35.841  1474  1934 I MediaProvider: Begin Intent { act=android.intent.action.MEDIA_SCANNER_SCAN_FILE dat=file:///sdcard/screen_2026-05-29_035836.png flg=0x1400010 cmp=com.android.providers.media.module/com.android.providers.media.MediaService }
05-29 03:58:35.842  1474  1934 W ModernMediaScanner: Failed to visit /sdcard/screen_2026-05-29_035836.png: java.nio.file.AccessDeniedException: /sdcard/screen_2026-05-29_035836.png
05-29 03:58:35.843  1474  1934 I MediaProvider: Scanned internal due to REASON_DEMAND, found 0 items in 2ms, 0 inserts 0 updates 0 deletes
05-29 03:58:35.843  1474  1934 I MediaProvider: End Intent { act=android.intent.action.MEDIA_SCANNER_SCAN_FILE dat=file:///sdcard/screen_2026-05-29_035836.png flg=0x1400010 cmp=com.android.providers.media.module/com.android.providers.media.MediaService }
05-29 03:58:35.865  1474  1657 I MediaProvider: Deleted 1 items on external_primary due to com.android.shell
05-29 03:58:35.892  6510  6512 I cmd     : oneway function results will be dropped but finished with status OK and parcel size 4
05-29 03:58:36.012   159   159 I hwservicemanager: getTransport: Cannot find entry android.hardware.graphics.mapper@4.0::IMapper/default in either framework or device manifest.
05-29 03:58:36.012  6532  6532 I Gralloc4: mapper 4.x is not supported
05-29 03:58:36.058  6536  6538 I cmd     : oneway function results will be dropped but finished with status OK and parcel size 4
05-29 03:58:36.059  1474  1934 I MediaProvider: Begin Intent { act=android.intent.action.MEDIA_SCANNER_SCAN_FILE dat=file:///sdcard/screen_2026-05-29_035836.png flg=0x1400010 cmp=com.android.providers.media.module/com.android.providers.media.MediaService }
05-29 03:58:36.060  1474  1934 W ModernMediaScanner: Failed to visit /sdcard/screen_2026-05-29_035836.png: java.nio.file.AccessDeniedException: /sdcard/screen_2026-05-29_035836.png
05-29 03:58:36.062  1474  1934 I MediaProvider: Scanned internal due to REASON_DEMAND, found 0 items in 3ms, 0 inserts 0 updates 0 deletes
05-29 03:58:36.063  1474  1934 I MediaProvider: End Intent { act=android.intent.action.MEDIA_SCANNER_SCAN_FILE dat=file:///sdcard/screen_2026-05-29_035836.png flg=0x1400010 cmp=com.android.providers.media.module/com.android.providers.media.MediaService }
05-29 03:58:36.081  1474  1658 I MediaProvider: Deleted 1 items on external_primary due to com.android.shell
05-29 03:58:36.107  6547  6549 I cmd     : oneway function results will be dropped but finished with status OK and parcel size 4
05-29 03:58:36.158  6562  6564 I cmd     : oneway function results will be dropped but finished with status OK and parcel size 4
05-29 03:58:36.207  6577  6579 I cmd     : oneway function results will be dropped but finished with status OK and parcel size 4
05-29 03:58:36.256  6592  6594 I cmd     : oneway function results will be dropped but finished with status OK and parcel size 4
05-29 03:58:36.335  6604  6604 E libc    : Access denied finding property "persist.device_config.runtime_native_boot.profilebootclasspath"
05-29 03:58:36.335  6604  6604 E libc    : Access denied finding property "persist.device_config.runtime_native_boot.enable_apex_image"
05-29 03:58:36.335  6604  6604 I AndroidRuntime: Using default boot image
05-29 03:58:36.335  6604  6604 E libc    : Access denied finding property "persist.device_config.runtime_native_boot.disable_lock_profiling"
05-29 03:58:36.335  6604  6604 I AndroidRuntime: Leaving lock profiling enabled
05-29 03:58:36.336  6604  6604 E libc    : Access denied finding property "persist.device_config.runtime_native_boot.enable_generational_cc"
05-29 03:58:36.337  6604  6604 I app_process: Core platform API reporting enabled, enforcing=false
05-29 03:58:36.375  6604  6604 W app_process: Unexpected CPU variant for X86 using defaults: x86_64
05-29 03:58:36.376  6604  6604 I app_process: The ClassLoaderContext is a special shared library.
05-29 03:58:36.383  6604  6604 W app_process: JNI RegisterNativeMethods: attempt to register 0 native methods for android.media.AudioAttributes
05-29 03:58:36.393   510  1473 E TaskPersister: File error accessing recents directory (directory doesn't exist?).
05-29 03:58:36.644  2240  2240 E AccessibilityInteractionClient: 2 Disconnected nodes.
05-29 03:58:38.103   159   159 I hwservicemanager: getTransport: Cannot find entry android.hardware.graphics.mapper@4.0::IMapper/default in either framework or device manifest.
05-29 03:58:38.103  6638  6638 I Gralloc4: mapper 4.x is not supported
05-29 03:58:38.140  6642  6644 I cmd     : oneway function results will be dropped but finished with status OK and parcel size 4
05-29 03:58:38.141  1474  1934 I MediaProvider: Begin Intent { act=android.intent.action.MEDIA_SCANNER_SCAN_FILE dat=file:///sdcard/screen_2026-05-29_035838.png flg=0x1400010 cmp=com.android.providers.media.module/com.android.providers.media.MediaService }
05-29 03:58:38.136  1474  1474 W com.android.providers.media.module: type=1400 audit(0.0:550): avc: denied { read } for comm=4173796E635461736B202331 name="primary" dev="tmpfs" ino=20305 scontext=u:r:mediaprovider_app:s0:c123,c256,c512,c768 tcontext=u:object_r:mnt_pass_through_file:s0 tclass=lnk_file permissive=0 app=com.android.providers.media.module
05-29 03:58:38.366     0     0 W audit   : audit_lost=391 audit_rate_limit=5 audit_backlog_limit=64
05-29 03:58:38.374     0     0 E audit   : rate limit exceeded
05-29 03:58:38.136  1474  1474 W com.android.providers.media.module: type=1400 audit(0.0:551): avc: denied { read } for comm=4173796E635461736B202331 name="primary" dev="tmpfs" ino=20305 scontext=u:r:mediaprovider_app:s0:c123,c256,c512,c768 tcontext=u:object_r:mnt_pass_through_file:s0 tclass=lnk_file permissive=0 app=com.android.providers.media.module
05-29 03:58:38.158  1474  1934 W ModernMediaScanner: Failed to visit /sdcard/screen_2026-05-29_035838.png: java.nio.file.AccessDeniedException: /sdcard/screen_2026-05-29_035838.png
05-29 03:58:38.159  1474  1934 I MediaProvider: Scanned internal due to REASON_DEMAND, found 0 items in 16ms, 0 inserts 0 updates 0 deletes
05-29 03:58:38.161  1474  1934 I MediaProvider: End Intent { act=android.intent.action.MEDIA_SCANNER_SCAN_FILE dat=file:///sdcard/screen_2026-05-29_035838.png flg=0x1400010 cmp=com.android.providers.media.module/com.android.providers.media.MediaService }
05-29 03:58:38.136  1474  1474 W com.android.providers.media.module: type=1400 audit(0.0:552): avc: denied { read } for comm=4173796E635461736B202331 name="primary" dev="tmpfs" ino=20305 scontext=u:r:mediaprovider_app:s0:c123,c256,c512,c768 tcontext=u:object_r:mnt_pass_through_file:s0 tclass=lnk_file permissive=0 app=com.android.providers.media.module
05-29 03:58:38.140  1474  1474 I chatty  : uid=10123(com.android.providers.media.module) identical 1 line
05-29 03:58:38.140  1474  1474 W com.android.providers.media.module: type=1400 audit(0.0:554): avc: denied { read } for comm=4173796E635461736B202331 name="primary" dev="tmpfs" ino=20305 scontext=u:r:mediaprovider_app:s0:c123,c256,c512,c768 tcontext=u:object_r:mnt_pass_through_file:s0 tclass=lnk_file permissive=0 app=com.android.providers.media.module
05-29 03:58:38.224  1474  2608 I MediaProvider: Deleted 1 items on external_primary due to com.android.shell
05-29 03:58:38.249  6653  6655 I cmd     : oneway function results will be dropped but finished with status OK and parcel size 4
05-29 03:58:38.375   159   159 I hwservicemanager: getTransport: Cannot find entry android.hardware.graphics.mapper@4.0::IMapper/default in either framework or device manifest.
05-29 03:58:38.375  6675  6675 I Gralloc4: mapper 4.x is not supported
05-29 03:58:38.413  6679  6681 I cmd     : oneway function results will be dropped but finished with status OK and parcel size 4
05-29 03:58:38.414  1474  1934 I MediaProvider: Begin Intent { act=android.intent.action.MEDIA_SCANNER_SCAN_FILE dat=file:///sdcard/screen_2026-05-29_035839.png flg=0x1400010 cmp=com.android.providers.media.module/com.android.providers.media.MediaService }
05-29 03:58:38.415  1474  1934 W ModernMediaScanner: Failed to visit /sdcard/screen_2026-05-29_035839.png: java.nio.file.AccessDeniedException: /sdcard/screen_2026-05-29_035839.png
05-29 03:58:38.415  1474  1934 I MediaProvider: Scanned internal due to REASON_DEMAND, found 0 items in 1ms, 0 inserts 0 updates 0 deletes
05-29 03:58:38.416  1474  1934 I MediaProvider: End Intent { act=android.intent.action.MEDIA_SCANNER_SCAN_FILE dat=file:///sdcard/screen_2026-05-29_035839.png flg=0x1400010 cmp=com.android.providers.media.module/com.android.providers.media.MediaService }
05-29 03:58:38.480  1474  1657 I MediaProvider: Deleted 1 items on external_primary due to com.android.shell
05-29 03:58:38.507  6690  6692 I cmd     : oneway function results will be dropped but finished with status OK and parcel size 4
05-29 03:58:38.628   159   159 I hwservicemanager: getTransport: Cannot find entry android.hardware.graphics.mapper@4.0::IMapper/default in either framework or device manifest.
05-29 03:58:38.628  6712  6712 I Gralloc4: mapper 4.x is not supported
05-29 03:58:38.664  1474  1934 I MediaProvider: Begin Intent { act=android.intent.action.MEDIA_SCANNER_SCAN_FILE dat=file:///sdcard/screen_2026-05-29_035839.png flg=0x1400010 cmp=com.android.providers.media.module/com.android.providers.media.MediaService }
05-29 03:58:38.665  1474  1934 W ModernMediaScanner: Failed to visit /sdcard/screen_2026-05-29_035839.png: java.nio.file.AccessDeniedException: /sdcard/screen_2026-05-29_035839.png
05-29 03:58:38.668  1474  1934 I MediaProvider: Scanned internal due to REASON_DEMAND, found 0 items in 2ms, 0 inserts 0 updates 0 deletes
05-29 03:58:38.668  1474  1934 I MediaProvider: End Intent { act=android.intent.action.MEDIA_SCANNER_SCAN_FILE dat=file:///sdcard/screen_2026-05-29_035839.png flg=0x1400010 cmp=com.android.providers.media.module/com.android.providers.media.MediaService }
05-29 03:58:38.727  1474  1658 I MediaProvider: Deleted 1 items on external_primary due to com.android.shell
05-29 03:58:38.752  6727  6729 I cmd     : oneway function results will be dropped but finished with status OK and parcel size 4
05-29 03:58:38.823  6737  6737 E libc    : Access denied finding property "persist.device_config.runtime_native_boot.profilebootclasspath"
05-29 03:58:38.823  6737  6737 E libc    : Access denied finding property "persist.device_config.runtime_native_boot.enable_apex_image"
05-29 03:58:38.823  6737  6737 I AndroidRuntime: Using default boot image
05-29 03:58:38.823  6737  6737 E libc    : Access denied finding property "persist.device_config.runtime_native_boot.disable_lock_profiling"
05-29 03:58:38.823  6737  6737 I AndroidRuntime: Leaving lock profiling enabled
05-29 03:58:38.823  6737  6737 E libc    : Access denied finding property "persist.device_config.runtime_native_boot.enable_generational_cc"
05-29 03:58:38.824  6737  6737 I app_process: Core platform API reporting enabled, enforcing=false
05-29 03:58:38.862  6737  6737 W app_process: Unexpected CPU variant for X86 using defaults: x86_64
05-29 03:58:38.863  6737  6737 I app_process: The ClassLoaderContext is a special shared library.
05-29 03:58:38.869  6737  6737 W app_process: JNI RegisterNativeMethods: attempt to register 0 native methods for android.media.AudioAttributes
05-29 03:58:38.884   510  3722 W InputReader: Device virtio_input_multi_touch_10 is associated with display ADISPLAY_ID_NONE.
05-29 03:58:38.884   510  3722 W InputReader: Device virtio_input_multi_touch_7 is associated with display ADISPLAY_ID_NONE.
05-29 03:58:38.884   510  3722 W InputReader: Device virtio_input_multi_touch_11 is associated with display ADISPLAY_ID_NONE.
05-29 03:58:38.884   510  3722 W InputReader: Device virtio_input_multi_touch_5 is associated with display ADISPLAY_ID_NONE.
05-29 03:58:38.884   510  3722 W InputReader: Device virtio_input_multi_touch_2 is associated with display ADISPLAY_ID_NONE.
05-29 03:58:38.884   510  3722 W InputReader: Device virtio_input_multi_touch_6 is associated with display ADISPLAY_ID_NONE.
05-29 03:58:38.884   510  3722 W InputReader: Device virtio_input_multi_touch_3 is associated with display ADISPLAY_ID_NONE.
05-29 03:58:38.884   510  3722 W InputReader: Device virtio_input_multi_touch_8 is associated with display ADISPLAY_ID_NONE.
05-29 03:58:38.884   510  3722 W InputReader: Device virtio_input_multi_touch_9 is associated with display ADISPLAY_ID_NONE.
05-29 03:58:38.884   510  3722 W InputReader: Device virtio_input_multi_touch_4 is associated with display ADISPLAY_ID_NONE.
05-29 03:58:38.884   510  3722 W InputReader: Device virtio_input_multi_touch_10 is associated with display ADISPLAY_ID_NONE.
05-29 03:58:38.884   510  3722 W InputReader: Device virtio_input_multi_touch_7 is associated with display ADISPLAY_ID_NONE.
05-29 03:58:38.884   510  3722 W InputReader: Device virtio_input_multi_touch_11 is associated with display ADISPLAY_ID_NONE.
05-29 03:58:38.884   510  3722 W InputReader: Device virtio_input_multi_touch_5 is associated with display ADISPLAY_ID_NONE.
05-29 03:58:38.884   510  3722 W InputReader: Device virtio_input_multi_touch_2 is associated with display ADISPLAY_ID_NONE.
05-29 03:58:38.884   510  3722 W InputReader: Device virtio_input_multi_touch_6 is associated with display ADISPLAY_ID_NONE.
05-29 03:58:38.884   510  3722 W InputReader: Device virtio_input_multi_touch_3 is associated with display ADISPLAY_ID_NONE.
05-29 03:58:38.884   510  3722 W InputReader: Device virtio_input_multi_touch_8 is associated with display ADISPLAY_ID_NONE.
05-29 03:58:38.884   510  3722 W InputReader: Device virtio_input_multi_touch_9 is associated with display ADISPLAY_ID_NONE.
05-29 03:58:38.884   510  3722 W InputReader: Device virtio_input_multi_touch_4 is associated with display ADISPLAY_ID_NONE.
05-29 03:58:38.941   335   335 E Layer   : [Surface(name=Task=1)/@0xbb0f411 - animation-leash#0] No local sync point found
05-29 03:58:38.941   335   335 E Layer   : [Surface(name=Task=1)/@0xbb0f411 - animation-leash#0] No local sync point found
05-29 03:58:38.941   335   335 E Layer   : [Surface(name=Task=11)/@0x6f99659 - animation-leash#0] No local sync point found
05-29 03:58:38.941   335   335 E Layer   : [Surface(name=Task=11)/@0x6f99659 - animation-leash#0] No local sync point found
05-29 03:58:39.357   412   412 I perfetto: probes_producer.cc:329  Producer stop (id=6)
05-29 03:58:39.358   414   414 I perfetto: ng_service_impl.cc:1948 Tracing session 6 ended, total sessions:0
05-29 03:58:39.359   412   412 I perfetto: ftrace_procfs.cc:183    disabled ftrace
05-29 03:58:39.582     0     0 W perfetto: disabled ftrace
05-29 03:58:40.395   159   159 I hwservicemanager: getTransport: Cannot find entry android.hardware.graphics.mapper@4.0::IMapper/default in either framework or device manifest.
05-29 03:58:40.395  6772  6772 I Gralloc4: mapper 4.x is not supported
05-29 03:58:40.468  6776  6778 I cmd     : oneway function results will be dropped but finished with status OK and parcel size 4
05-29 03:58:40.469  1474  1934 I MediaProvider: Begin Intent { act=android.intent.action.MEDIA_SCANNER_SCAN_FILE dat=file:///sdcard/screen_2026-05-29_035841.png flg=0x1400010 cmp=com.android.providers.media.module/com.android.providers.media.MediaService }
05-29 03:58:40.464  1474  1474 W com.android.providers.media.module: type=1400 audit(0.0:572): avc: denied { read } for comm=4173796E635461736B202331 name="primary" dev="tmpfs" ino=20305 scontext=u:r:mediaprovider_app:s0:c123,c256,c512,c768 tcontext=u:object_r:mnt_pass_through_file:s0 tclass=lnk_file permissive=0 app=com.android.providers.media.module
05-29 03:58:40.513  1474  2608 I MediaProvider: Deleted 1 items on external_primary due to com.android.shell
05-29 03:58:40.464  1474  1474 W com.android.providers.media.module: type=1400 audit(0.0:576): avc: denied { read } for comm=4173796E635461736B202331 name="primary" dev="tmpfs" ino=20305 scontext=u:r:mediaprovider_app:s0:c123,c256,c512,c768 tcontext=u:object_r:mnt_pass_through_file:s0 tclass=lnk_file permissive=0 app=com.android.providers.media.module
05-29 03:58:40.540  6787  6789 I cmd     : oneway function results will be dropped but finished with status OK and parcel size 4
05-29 03:58:40.660   159   159 I hwservicemanager: getTransport: Cannot find entry android.hardware.graphics.mapper@4.0::IMapper/default in either framework or device manifest.
05-29 03:58:40.660  6809  6809 I Gralloc4: mapper 4.x is not supported
05-29 03:58:40.737  1474  1934 I MediaProvider: Begin Intent { act=android.intent.action.MEDIA_SCANNER_SCAN_FILE dat=file:///sdcard/screen_2026-05-29_035841.png flg=0x1400010 cmp=com.android.providers.media.module/com.android.providers.media.MediaService }
05-29 03:58:40.738  1474  1934 W ModernMediaScanner: Failed to visit /sdcard/screen_2026-05-29_035841.png: java.nio.file.AccessDeniedException: /sdcard/screen_2026-05-29_035841.png
05-29 03:58:40.739  1474  1934 I MediaProvider: Scanned internal due to REASON_DEMAND, found 0 items in 1ms, 0 inserts 0 updates 0 deletes
05-29 03:58:40.742  1474  1934 I MediaProvider: End Intent { act=android.intent.action.MEDIA_SCANNER_SCAN_FILE dat=file:///sdcard/screen_2026-05-29_035841.png flg=0x1400010 cmp=com.android.providers.media.module/com.android.providers.media.MediaService }
05-29 03:58:40.761  1474  1657 I MediaProvider: Deleted 1 items on external_primary due to com.android.shell
05-29 03:58:40.787  6824  6826 I cmd     : oneway function results will be dropped but finished with status OK and parcel size 4
05-29 03:58:40.914   159   159 I hwservicemanager: getTransport: Cannot find entry android.hardware.graphics.mapper@4.0::IMapper/default in either framework or device manifest.
05-29 03:58:40.914  6846  6846 I Gralloc4: mapper 4.x is not supported
05-29 03:58:40.988  6850  6852 I cmd     : oneway function results will be dropped but finished with status OK and parcel size 4
05-29 03:58:40.988  1474  1934 I MediaProvider: Begin Intent { act=android.intent.action.MEDIA_SCANNER_SCAN_FILE dat=file:///sdcard/screen_2026-05-29_035841.png flg=0x1400010 cmp=com.android.providers.media.module/com.android.providers.media.MediaService }
05-29 03:58:40.990  1474  1934 W ModernMediaScanner: Failed to visit /sdcard/screen_2026-05-29_035841.png: java.nio.file.AccessDeniedException: /sdcard/screen_2026-05-29_035841.png
05-29 03:58:40.991  1474  1934 I MediaProvider: Scanned internal due to REASON_DEMAND, found 0 items in 2ms, 0 inserts 0 updates 0 deletes
05-29 03:58:40.992  1474  1934 I MediaProvider: End Intent { act=android.intent.action.MEDIA_SCANNER_SCAN_FILE dat=file:///sdcard/screen_2026-05-29_035841.png flg=0x1400010 cmp=com.android.providers.media.module/com.android.providers.media.MediaService }
05-29 03:58:41.013  1474  1658 I MediaProvider: Deleted 1 items on external_primary due to com.android.shell
05-29 03:58:41.040  6861  6863 I cmd     : oneway function results will be dropped but finished with status OK and parcel size 4
05-29 03:58:41.082   510  3722 I ActivityTaskManager: START u0 {act=android.intent.action.MAIN cat=[android.intent.category.LAUNCHER] flg=0x10000000 cmp=com.mocoding.pokedex.android/.MainActivity} from uid 2000
05-29 03:58:41.084   414   414 I perfetto: ing_service_impl.cc:758 Configured tracing session 7, #sources:1, duration:5000 ms, #buffers:1, total buffer size:4096 KB, total sessions:1, uid:1071 session name: ""
05-29 03:58:41.084   412   412 I perfetto: probes_producer.cc:230  Ftrace setup (target_buf=7)
05-29 03:58:41.087  6873  6875 I cmd     : oneway function results will be dropped but finished with status OK and parcel size 4
05-29 03:58:41.088   510  1088 W ActivityTaskManager: Tried to set launchTime (0) < mLastActivityLaunchTime (89811)
05-29 03:58:41.088   510  1088 W InputReader: Device virtio_input_multi_touch_10 is associated with display ADISPLAY_ID_NONE.
05-29 03:58:41.089   510  1088 W InputReader: Device virtio_input_multi_touch_7 is associated with display ADISPLAY_ID_NONE.
05-29 03:58:41.089   510  1088 W InputReader: Device virtio_input_multi_touch_11 is associated with display ADISPLAY_ID_NONE.
05-29 03:58:41.089   510  1088 W InputReader: Device virtio_input_multi_touch_5 is associated with display ADISPLAY_ID_NONE.
05-29 03:58:41.089   510  1088 W InputReader: Device virtio_input_multi_touch_2 is associated with display ADISPLAY_ID_NONE.
05-29 03:58:41.089   510  1088 W InputReader: Device virtio_input_multi_touch_6 is associated with display ADISPLAY_ID_NONE.
05-29 03:58:41.089   510  1088 W InputReader: Device virtio_input_multi_touch_3 is associated with display ADISPLAY_ID_NONE.
05-29 03:58:41.089   510  1088 W InputReader: Device virtio_input_multi_touch_8 is associated with display ADISPLAY_ID_NONE.
05-29 03:58:41.089   510  1088 W InputReader: Device virtio_input_multi_touch_9 is associated with display ADISPLAY_ID_NONE.
05-29 03:58:41.089   510  1088 W InputReader: Device virtio_input_multi_touch_4 is associated with display ADISPLAY_ID_NONE.
05-29 03:58:41.089   510  1088 W InputReader: Device virtio_input_multi_touch_10 is associated with display ADISPLAY_ID_NONE.
05-29 03:58:41.089   510  1088 W InputReader: Device virtio_input_multi_touch_7 is associated with display ADISPLAY_ID_NONE.
05-29 03:58:41.089   510  1088 W InputReader: Device virtio_input_multi_touch_11 is associated with display ADISPLAY_ID_NONE.
05-29 03:58:41.089   510  1088 W InputReader: Device virtio_input_multi_touch_5 is associated with display ADISPLAY_ID_NONE.
05-29 03:58:41.089   510  1088 W InputReader: Device virtio_input_multi_touch_2 is associated with display ADISPLAY_ID_NONE.
05-29 03:58:41.089   510  1088 W InputReader: Device virtio_input_multi_touch_6 is associated with display ADISPLAY_ID_NONE.
05-29 03:58:41.089   510  1088 W InputReader: Device virtio_input_multi_touch_3 is associated with display ADISPLAY_ID_NONE.
05-29 03:58:41.089   510  1088 W InputReader: Device virtio_input_multi_touch_8 is associated with display ADISPLAY_ID_NONE.
05-29 03:58:41.089   510  1088 W InputReader: Device virtio_input_multi_touch_9 is associated with display ADISPLAY_ID_NONE.
05-29 03:58:41.089   510  1088 W InputReader: Device virtio_input_multi_touch_4 is associated with display ADISPLAY_ID_NONE.
05-29 03:58:41.126   412   412 I perfetto: ftrace_procfs.cc:176    enabled ftrace
05-29 03:58:41.335     0     0 W perfetto: enabled ftrace
05-29 03:58:41.255   510   548 I ActivityTaskManager: Displayed com.mocoding.pokedex.android/.MainActivity: +172ms
05-29 03:58:42.212   159   159 I hwservicemanager: getTransport: Cannot find entry android.hardware.graphics.mapper@4.0::IMapper/default in either framework or device manifest.
05-29 03:58:42.212  6910  6910 I Gralloc4: mapper 4.x is not supported
05-29 03:58:42.258  6914  6916 I cmd     : oneway function results will be dropped but finished with status OK and parcel size 4
05-29 03:58:42.258  1474  1934 I MediaProvider: Begin Intent { act=android.intent.action.MEDIA_SCANNER_SCAN_FILE dat=file:///sdcard/screen_2026-05-29_035842.png flg=0x1400010 cmp=com.android.providers.media.module/com.android.providers.media.MediaService }
05-29 03:58:42.256  1474  1474 W com.android.providers.media.module: type=1400 audit(0.0:590): avc: denied { read } for comm=4173796E635461736B202331 name="primary" dev="tmpfs" ino=20305 scontext=u:r:mediaprovider_app:s0:c123,c256,c512,c768 tcontext=u:object_r:mnt_pass_through_file:s0 tclass=lnk_file permissive=0 app=com.android.providers.media.module
05-29 03:58:42.483     0     0 W audit   : audit_lost=421 audit_rate_limit=5 audit_backlog_limit=64
05-29 03:58:42.492     0     0 E audit   : rate limit exceeded
05-29 03:58:42.256  1474  1474 W com.android.providers.media.module: type=1400 audit(0.0:591): avc: denied { read } for comm=4173796E635461736B202331 name="primary" dev="tmpfs" ino=20305 scontext=u:r:mediaprovider_app:s0:c123,c256,c512,c768 tcontext=u:object_r:mnt_pass_through_file:s0 tclass=lnk_file permissive=0 app=com.android.providers.media.module
05-29 03:58:42.276  1474  1934 W ModernMediaScanner: Failed to visit /sdcard/screen_2026-05-29_035842.png: java.nio.file.AccessDeniedException: /sdcard/screen_2026-05-29_035842.png
05-29 03:58:42.277  1474  1934 I MediaProvider: Scanned internal due to REASON_DEMAND, found 0 items in 17ms, 0 inserts 0 updates 0 deletes
05-29 03:58:42.277  1474  1934 I MediaProvider: End Intent { act=android.intent.action.MEDIA_SCANNER_SCAN_FILE dat=file:///sdcard/screen_2026-05-29_035842.png flg=0x1400010 cmp=com.android.providers.media.module/com.android.providers.media.MediaService }
05-29 03:58:42.256  1474  1474 W com.android.providers.media.module: type=1400 audit(0.0:592): avc: denied { read } for comm=4173796E635461736B202331 name="primary" dev="tmpfs" ino=20305 scontext=u:r:mediaprovider_app:s0:c123,c256,c512,c768 tcontext=u:object_r:mnt_pass_through_file:s0 tclass=lnk_file permissive=0 app=com.android.providers.media.module
05-29 03:58:42.346  1474  2608 I MediaProvider: Deleted 1 items on external_primary due to com.android.shell
05-29 03:58:42.374  6925  6927 I cmd     : oneway function results will be dropped but finished with status OK and parcel size 4
05-29 03:58:42.507   159   159 I hwservicemanager: getTransport: Cannot find entry android.hardware.graphics.mapper@4.0::IMapper/default in either framework or device manifest.
05-29 03:58:42.507  6947  6947 I Gralloc4: mapper 4.x is not supported
05-29 03:58:42.554  6951  6953 I cmd     : oneway function results will be dropped but finished with status OK and parcel size 4
05-29 03:58:42.555  1474  1934 I MediaProvider: Begin Intent { act=android.intent.action.MEDIA_SCANNER_SCAN_FILE dat=file:///sdcard/screen_2026-05-29_035843.png flg=0x1400010 cmp=com.android.providers.media.module/com.android.providers.media.MediaService }
05-29 03:58:42.556  1474  1934 W ModernMediaScanner: Failed to visit /sdcard/screen_2026-05-29_035843.png: java.nio.file.AccessDeniedException: /sdcard/screen_2026-05-29_035843.png
05-29 03:58:42.557  1474  1934 I MediaProvider: Scanned internal due to REASON_DEMAND, found 0 items in 1ms, 0 inserts 0 updates 0 deletes
05-29 03:58:42.557  1474  1934 I MediaProvider: End Intent { act=android.intent.action.MEDIA_SCANNER_SCAN_FILE dat=file:///sdcard/screen_2026-05-29_035843.png flg=0x1400010 cmp=com.android.providers.media.module/com.android.providers.media.MediaService }
05-29 03:58:42.576  1474  1657 I MediaProvider: Deleted 1 items on external_primary due to com.android.shell
05-29 03:58:42.603  6962  6964 I cmd     : oneway function results will be dropped but finished with status OK and parcel size 4
05-29 03:58:42.731   159   159 I hwservicemanager: getTransport: Cannot find entry android.hardware.graphics.mapper@4.0::IMapper/default in either framework or device manifest.
05-29 03:58:42.731  6984  6984 I Gralloc4: mapper 4.x is not supported
05-29 03:58:42.778  6988  6990 I cmd     : oneway function results will be dropped but finished with status OK and parcel size 4
05-29 03:58:42.779  1474  1934 I MediaProvider: Begin Intent { act=android.intent.action.MEDIA_SCANNER_SCAN_FILE dat=file:///sdcard/screen_2026-05-29_035843.png flg=0x1400010 cmp=com.android.providers.media.module/com.android.providers.media.MediaService }
05-29 03:58:42.780  1474  1934 W ModernMediaScanner: Failed to visit /sdcard/screen_2026-05-29_035843.png: java.nio.file.AccessDeniedException: /sdcard/screen_2026-05-29_035843.png
05-29 03:58:42.780  1474  1934 I MediaProvider: Scanned internal due to REASON_DEMAND, found 0 items in 1ms, 0 inserts 0 updates 0 deletes
05-29 03:58:42.781  1474  1934 I MediaProvider: End Intent { act=android.intent.action.MEDIA_SCANNER_SCAN_FILE dat=file:///sdcard/screen_2026-05-29_035843.png flg=0x1400010 cmp=com.android.providers.media.module/com.android.providers.media.MediaService }
05-29 03:58:42.843  1474  1658 I MediaProvider: Deleted 1 items on external_primary due to com.android.shell
05-29 03:58:42.871  6999  7001 I cmd     : oneway function results will be dropped but finished with status OK and parcel size 4
05-29 03:58:42.924  7014  7016 I cmd     : oneway function results will be dropped but finished with status OK and parcel size 4
05-29 03:58:42.974  7029  7031 I cmd     : oneway function results will be dropped but finished with status OK and parcel size 4
05-29 03:58:43.025  7044  7046 I cmd     : oneway function results will be dropped but finished with status OK and parcel size 4
05-29 03:58:43.105  7056  7056 E libc    : Access denied finding property "persist.device_config.runtime_native_boot.profilebootclasspath"
05-29 03:58:43.105  7056  7056 E libc    : Access denied finding property "persist.device_config.runtime_native_boot.enable_apex_image"
05-29 03:58:43.105  7056  7056 I AndroidRuntime: Using default boot image
05-29 03:58:43.105  7056  7056 E libc    : Access denied finding property "persist.device_config.runtime_native_boot.disable_lock_profiling"
05-29 03:58:43.105  7056  7056 I AndroidRuntime: Leaving lock profiling enabled
05-29 03:58:43.105  7056  7056 E libc    : Access denied finding property "persist.device_config.runtime_native_boot.enable_generational_cc"
05-29 03:58:43.106  7056  7056 I app_process: Core platform API reporting enabled, enforcing=false
05-29 03:58:43.124   510  1473 E TaskPersister: File error accessing recents directory (directory doesn't exist?).
05-29 03:58:43.145  7056  7056 W app_process: Unexpected CPU variant for X86 using defaults: x86_64
05-29 03:58:43.146  7056  7056 I app_process: The ClassLoaderContext is a special shared library.
05-29 03:58:43.152  7056  7056 W app_process: JNI RegisterNativeMethods: attempt to register 0 native methods for android.media.AudioAttributes
05-29 03:58:43.268  2240  2240 E AccessibilityInteractionClient: 2 Disconnected nodes.
05-29 03:58:44.864   159   159 I hwservicemanager: getTransport: Cannot find entry android.hardware.graphics.mapper@4.0::IMapper/default in either framework or device manifest.
05-29 03:58:44.864  7091  7091 I Gralloc4: mapper 4.x is not supported
05-29 03:58:44.901  1474  1934 I MediaProvider: Begin Intent { act=android.intent.action.MEDIA_SCANNER_SCAN_FILE dat=file:///sdcard/screen_2026-05-29_035845.png flg=0x1400010 cmp=com.android.providers.media.module/com.android.providers.media.MediaService }
05-29 03:58:44.896  1474  1474 W com.android.providers.media.module: type=1400 audit(0.0:612): avc: denied { read } for comm=4173796E635461736B202331 name="primary" dev="tmpfs" ino=20305 scontext=u:r:mediaprovider_app:s0:c123,c256,c512,c768 tcontext=u:object_r:mnt_pass_through_file:s0 tclass=lnk_file permissive=0 app=com.android.providers.media.module
05-29 03:58:45.126     0     0 W audit   : audit_lost=438 audit_rate_limit=5 audit_backlog_limit=64
05-29 03:58:45.128     0     0 E audit   : rate limit exceeded
05-29 03:58:44.915  1474  1934 W ModernMediaScanner: Failed to visit /sdcard/screen_2026-05-29_035845.png: java.nio.file.AccessDeniedException: /sdcard/screen_2026-05-29_035845.png
05-29 03:58:44.915  1474  1934 I MediaProvider: Scanned internal due to REASON_DEMAND, found 0 items in 14ms, 0 inserts 0 updates 0 deletes
05-29 03:58:44.916  1474  1934 I MediaProvider: End Intent { act=android.intent.action.MEDIA_SCANNER_SCAN_FILE dat=file:///sdcard/screen_2026-05-29_035845.png flg=0x1400010 cmp=com.android.providers.media.module/com.android.providers.media.MediaService }
05-29 03:58:44.896  1474  1474 W com.android.providers.media.module: type=1400 audit(0.0:613): avc: denied { read } for comm=4173796E635461736B202331 name="primary" dev="tmpfs" ino=20305 scontext=u:r:mediaprovider_app:s0:c123,c256,c512,c768 tcontext=u:object_r:mnt_pass_through_file:s0 tclass=lnk_file permissive=0 app=com.android.providers.media.module
05-29 03:58:44.981  1474  2608 I MediaProvider: Deleted 1 items on external_primary due to com.android.shell
05-29 03:58:45.006  7106  7108 I cmd     : oneway function results will be dropped but finished with status OK and parcel size 4
05-29 03:58:45.125   159   159 I hwservicemanager: getTransport: Cannot find entry android.hardware.graphics.mapper@4.0::IMapper/default in either framework or device manifest.
05-29 03:58:45.125  7128  7128 I Gralloc4: mapper 4.x is not supported
05-29 03:58:45.160  1474  1934 I MediaProvider: Begin Intent { act=android.intent.action.MEDIA_SCANNER_SCAN_FILE dat=file:///sdcard/screen_2026-05-29_035845.png flg=0x1400010 cmp=com.android.providers.media.module/com.android.providers.media.MediaService }
05-29 03:58:45.161  1474  1934 W ModernMediaScanner: Failed to visit /sdcard/screen_2026-05-29_035845.png: java.nio.file.AccessDeniedException: /sdcard/screen_2026-05-29_035845.png
05-29 03:58:45.164  1474  1934 I MediaProvider: Scanned internal due to REASON_DEMAND, found 0 items in 4ms, 0 inserts 0 updates 0 deletes
05-29 03:58:45.164  1474  1934 I MediaProvider: End Intent { act=android.intent.action.MEDIA_SCANNER_SCAN_FILE dat=file:///sdcard/screen_2026-05-29_035845.png flg=0x1400010 cmp=com.android.providers.media.module/com.android.providers.media.MediaService }
05-29 03:58:45.182  1474  1657 I MediaProvider: Deleted 1 items on external_primary due to com.android.shell
05-29 03:58:45.207  7143  7145 I cmd     : oneway function results will be dropped but finished with status OK and parcel size 4
05-29 03:58:45.350   159   159 I hwservicemanager: getTransport: Cannot find entry android.hardware.graphics.mapper@4.0::IMapper/default in either framework or device manifest.
05-29 03:58:45.351  7167  7167 I Gralloc4: mapper 4.x is not supported
05-29 03:58:45.387  1474  1934 I MediaProvider: Begin Intent { act=android.intent.action.MEDIA_SCANNER_SCAN_FILE dat=file:///sdcard/screen_2026-05-29_035846.png flg=0x1400010 cmp=com.android.providers.media.module/com.android.providers.media.MediaService }
05-29 03:58:45.387  1474  1934 W ModernMediaScanner: Failed to visit /sdcard/screen_2026-05-29_035846.png: java.nio.file.AccessDeniedException: /sdcard/screen_2026-05-29_035846.png
05-29 03:58:45.388  1474  1934 I MediaProvider: Scanned internal due to REASON_DEMAND, found 0 items in 1ms, 0 inserts 0 updates 0 deletes
05-29 03:58:45.388  1474  1934 I MediaProvider: End Intent { act=android.intent.action.MEDIA_SCANNER_SCAN_FILE dat=file:///sdcard/screen_2026-05-29_035846.png flg=0x1400010 cmp=com.android.providers.media.module/com.android.providers.media.MediaService }
05-29 03:58:45.408  1474  1658 I MediaProvider: Deleted 1 items on external_primary due to com.android.shell
05-29 03:58:45.434  7182  7184 I cmd     : oneway function results will be dropped but finished with status OK and parcel size 4
