--------- beginning of main
05-29 03:57:30.592  1618  1675 I MessagingAppDataModel: SyncMessagesAction: All messages now in sync
05-29 03:57:30.663  1826  1826 I CalendarUpgradeReceiver: Creating or opening calendar database
--------- beginning of system
05-29 03:57:30.664   510  1764 I PreBootBroadcaster: Pre-boot of {com.android.providers.contacts/com.android.providers.contacts.ContactsUpgradeReceiver} for user 0
05-29 03:57:30.724  1450  1450 I ContactsUpgradeReceiver: Creating or opening contacts database
05-29 03:57:30.736   922  1806 E FrameEvents: updateAcquireFence: Did not find frame.
05-29 03:57:30.412  1735  1735 W app_process: type=1400 audit(0.0:19): avc: denied { read } for name="u:object_r:device_config_runtime_native_boot_prop:s0" dev="tmpfs" ino=561 scontext=u:r:shell:s0 tcontext=u:object_r:device_config_runtime_native_boot_prop:s0 tclass=file permissive=0
05-29 03:57:30.740   510   542 I DropBoxManagerService: add tag=system_server_strictmode isTagEnabled=true flags=0x2
05-29 03:57:30.745  1450  1450 I ContactsProvider: Locale has changed from null to [en_US]
05-29 03:57:30.745  1450  1450 I ContactsDatabaseHelper: Switching to locale [en_US] (ICU v66.1.0.0)
05-29 03:57:30.765   922  1806 E FrameEvents: updateAcquireFence: Did not find frame.
05-29 03:57:30.742   510   542 I DropBoxManagerService: add tag=system_server_strictmode isTagEnabled=true flags=0x2
05-29 03:57:30.771   510   510 W Looper  : Slow dispatch took 228ms main h=com.android.server.job.JobSchedulerService$JobHandler c=null m=1
05-29 03:57:30.771   510   510 W Looper  : Slow delivery took 225ms main h=com.android.providers.settings.SettingsProvider$SettingsRegistry$MyHandler c=null m=1
05-29 03:57:30.771   510   510 W Looper  : Drained
05-29 03:57:30.771   510   816 W system_server: Long monitor contention with owner main (510) at long com.android.server.job.JobSchedulerService.getMaxJobExecutionTimeMs(com.android.server.job.controllers.JobStatus)(JobSchedulerService.java:2342) waiters=0 in boolean com.android.server.job.JobServiceContext.doCompleteWork(com.android.server.job.JobServiceContext$JobCallback, int, int) for 179ms
05-29 03:57:30.771   510   548 I UsageStatsService: Starting migration to system CE for user 0
05-29 03:57:30.772   510   548 I UsageStatsService: Finished migration to system CE for user 0
05-29 03:57:30.782   510   548 I UsageStatsDatabase: Upgrading from version 0 to 5
05-29 03:57:30.782   510   548 I UsageStatsDatabase: Deleting all usage stats files
05-29 03:57:30.782   510   548 I UsageStatsService: User[0] Rollover scheduled @ 2026-05-30 03:57:30(1780113450772)
05-29 03:57:30.793  1735  1735 W app_process: Unexpected CPU variant for X86 using defaults: x86_64
05-29 03:57:30.801  1735  1735 I app_process: The ClassLoaderContext is a special shared library.
05-29 03:57:30.827  1735  1735 W app_process: JNI RegisterNativeMethods: attempt to register 0 native methods for android.media.AudioAttributes
05-29 03:57:30.834  1450  1748 I ContactDirectoryManager: deleted 0 stale rows which don't have any relevant directory
05-29 03:57:30.837   412   412 I perfetto: probes_producer.cc:329  Producer stop (id=1)
05-29 03:57:30.837  1450  1748 I ContactDirectoryManager: Discovered 0 contact directories in 33ms
05-29 03:57:30.840  1450  1748 I ContactsProvider: Locale has changed from null to [en_US]
05-29 03:57:30.840   414   414 I perfetto: ng_service_impl.cc:1948 Tracing session 1 ended, total sessions:3
05-29 03:57:30.841  1450  1450 I ContactsDatabaseHelper: Locale change completed in 95ms
05-29 03:57:30.844   922   922 W System  : ClassLoader referenced unknown path: 
05-29 03:57:30.845  1450  1748 I ContactsDatabaseHelper: Switching to locale [en_US] (ICU v66.1.0.0)
05-29 03:57:30.850  1450  1450 I ContactsDatabaseHelper: Switching to locale [en_US] (ICU v66.1.0.0)
05-29 03:57:30.853   510   601 W InputDispatcher: Waiting because no window has focus but ActivityRecord{7ccd407 u0 com.android.launcher3/.uioverrides.QuickstepLauncher t8} may eventually add a window when it finishes starting up. Will wait for 5000ms
05-29 03:57:30.853   510   601 W InputDispatcher: Still no focused window. Will drop the event in 4999ms
05-29 03:57:30.859   510   548 I UsageStatsService: User[0] Flushing usage stats to disk
05-29 03:57:30.861  1450  1748 I ContactsDatabaseHelper: Locale change completed in 15ms
05-29 03:57:30.877  1450  1450 I ContactsDatabaseHelper: Locale change completed in 27ms
05-29 03:57:30.880   510   537 W InputReader: Device virtio_input_multi_touch_10 is associated with display ADISPLAY_ID_NONE.
05-29 03:57:30.880   510   537 W InputReader: Device virtio_input_multi_touch_7 is associated with display ADISPLAY_ID_NONE.
05-29 03:57:30.880   510   537 W InputReader: Device virtio_input_multi_touch_11 is associated with display ADISPLAY_ID_NONE.
05-29 03:57:30.880   510   537 W InputReader: Device virtio_input_multi_touch_5 is associated with display ADISPLAY_ID_NONE.
05-29 03:57:30.880   510   537 W InputReader: Device virtio_input_multi_touch_2 is associated with display ADISPLAY_ID_NONE.
05-29 03:57:30.880   510   537 W InputReader: Device virtio_input_multi_touch_6 is associated with display ADISPLAY_ID_NONE.
05-29 03:57:30.880   510   537 W InputReader: Device virtio_input_multi_touch_3 is associated with display ADISPLAY_ID_NONE.
05-29 03:57:30.880   510   537 W InputReader: Device virtio_input_multi_touch_8 is associated with display ADISPLAY_ID_NONE.
05-29 03:57:30.880   510   537 W InputReader: Device virtio_input_multi_touch_9 is associated with display ADISPLAY_ID_NONE.
05-29 03:57:30.880   510   537 W InputReader: Device virtio_input_multi_touch_4 is associated with display ADISPLAY_ID_NONE.
05-29 03:57:30.888   510   601 W InputDispatcher: Still no focused window. Will drop the event in 4964ms
05-29 03:57:30.892  1450  1748 I ContactsFTS: Rebuild contact search index in 12ms, 0 contacts
05-29 03:57:30.893   922   947 W DefaultLayoutParser: No preference or single system activity found for Intent { act=android.intent.action.MAIN cat=[android.intent.category.APP_BROWSER] }
05-29 03:57:30.908   510   601 W InputDispatcher: Still no focused window. Will drop the event in 4944ms
05-29 03:57:30.919  1881  1881 I migrate_legacy_obb_data: No legacy obb data to migrate.
05-29 03:57:30.921   510   613 I StorageSessionController: Notifying volume state changed for session with id: emulated;0
05-29 03:57:30.923  1450  1748 I ContactsProvider: Upgrading aggregation algorithm
05-29 03:57:30.923   922   922 W UnsafeUtil: platform method missing - proto runtime falling back to safer methods: java.lang.NoSuchMethodException: sun.misc.Unsafe.copyMemory [class java.lang.Object, long, class java.lang.Object, long, long]
05-29 03:57:30.926   510   601 W InputDispatcher: Still no focused window. Will drop the event in 4926ms
05-29 03:57:30.929  1450  1748 I ContactAggregator: Marked all visible contacts for aggregation: 0 raw contacts, 1 ms
05-29 03:57:30.929  1450  1748 I ContactsProvider: Aggregation algorithm upgraded for 0 raw contacts in 5ms
05-29 03:57:30.933   510   601 W InputDispatcher: Still no focused window. Will drop the event in 4920ms
05-29 03:57:30.933   510  1742 I PreBootBroadcaster: Pre-boot of {com.android.providers.media.module/com.android.providers.media.MediaUpgradeReceiver} for user 0
05-29 03:57:30.934   922   947 W DefaultLayoutParser: No preference or single system activity found for Intent { act=android.intent.action.MAIN cat=[android.intent.category.APP_EMAIL] }
05-29 03:57:30.938   922   947 W DefaultLayoutParser: No preference or single system activity found for Intent { act=android.intent.action.VIEW dat=mailto: }
05-29 03:57:30.946   335  1187 W ServiceManager: Permission failure: android.permission.ACCESS_SURFACE_FLINGER from uid=10118 pid=922
05-29 03:57:30.959   510   550 I ActivityManager: Start proc 1885:com.android.quicksearchbox/u0a101 for broadcast {com.android.quicksearchbox/com.android.quicksearchbox.SearchWidgetProvider}
05-29 03:57:30.966  1450  1748 I ContactsFTS: Rebuild contact search index in 15ms, 0 contacts
05-29 03:57:30.967   922   947 W DefaultLayoutParser: No preference or single system activity found for Intent { act=android.intent.action.MAIN cat=[android.intent.category.APP_MARKET] }
05-29 03:57:30.967   922   947 W DefaultLayoutParser: No preference or single system activity found for Intent { act=android.intent.action.VIEW dat=market://details?id=com.android.launcher }
05-29 03:57:30.985  1885  1885 W .quicksearchbo: Unexpected CPU variant for X86 using defaults: x86_64
05-29 03:57:30.990   382   393 I adbd    : jdwp connection from 1885
05-29 03:57:31.021   510   613 I StorageSessionController: Notifying volume state changed for session with id: emulated;0
05-29 03:57:31.023  1885  1885 I .quicksearchbo: The ClassLoaderContext is a special shared library.
05-29 03:57:31.034  1885  1885 I .quicksearchbo: The ClassLoaderContext is a special shared library.
05-29 03:57:31.040   510   550 I ActivityManager: Start proc 1908:com.android.printspooler/u0a87 for service {com.android.printspooler/com.android.printspooler.model.PrintSpoolerService}
05-29 03:57:31.053  1908  1908 W id.printspoole: Unexpected CPU variant for X86 using defaults: x86_64
05-29 03:57:31.073   382   393 I adbd    : jdwp connection from 1908
05-29 03:57:31.081  1474  1474 I MediaUpgradeReceiver: ---> Start upgrade of media database external.db
05-29 03:57:31.083  1474  1474 I MediaUpgradeReceiver: <--- Finished upgrade of media database external.db in 2ms
05-29 03:57:31.079   510   613 I chatty  : uid=1000(system) StorageManagerS identical 1 line
05-29 03:57:31.083   510  1096 I PreBootBroadcaster: Pre-boot of {com.android.settings/com.android.settings.SettingsInitialize} for user 0
05-29 03:57:31.090  1908  1908 I id.printspoole: The ClassLoaderContext is a special shared library.
05-29 03:57:31.203   412   412 I perfetto: probes_producer.cc:329  Producer stop (id=2)
05-29 03:57:31.227   414   414 I perfetto: ng_service_impl.cc:1948 Tracing session 2 ended, total sessions:2
05-29 03:57:31.257  1474  1934 I MediaProvider: Begin Intent { act=android.intent.action.MEDIA_MOUNTED dat=file:///storage/emulated/0 flg=0x5000010 cmp=com.android.providers.media.module/com.android.providers.media.MediaService (has extras) }
05-29 03:57:31.362   510  1257 I ActivityManager: Posting BOOT_COMPLETED user #0
05-29 03:57:31.362   510   549 I SystemServerTimingAsync: ssm.UnlockedUser-0
05-29 03:57:31.362   510   549 I SystemServiceManager: Calling onUnlockedUser 0
05-29 03:57:31.362   510   549 I SystemServerTimingAsync: ssm.onUnlockedUser-0_com.android.server.security.FileIntegrityService
05-29 03:57:31.362   510   549 I SystemServerTimingAsync: ssm.onUnlockedUser-0_com.android.server.pm.Installer
05-29 03:57:31.362   510   549 I SystemServerTimingAsync: ssm.onUnlockedUser-0_com.android.server.os.DeviceIdentifiersPolicyService
05-29 03:57:31.362   510   549 I SystemServerTimingAsync: ssm.onUnlockedUser-0_com.android.server.uri.UriGrantsManagerService$Lifecycle
05-29 03:57:31.362   510   549 I SystemServerTimingAsync: ssm.onUnlockedUser-0_com.android.server.wm.ActivityTaskManagerService$Lifecycle
05-29 03:57:31.362   510   549 I SystemServerTimingAsync: ssm.onUnlockedUser-0_com.android.server.am.ActivityManagerService$Lifecycle
05-29 03:57:31.363   510   549 I SystemServerTimingAsync: ssm.onUnlockedUser-0_com.android.server.pm.DataLoaderManagerService
05-29 03:57:31.363   510   549 I SystemServerTimingAsync: ssm.onUnlockedUser-0_com.android.server.power.PowerManagerService
05-29 03:57:31.363   510   549 I SystemServerTimingAsync: ssm.onUnlockedUser-0_com.android.server.power.ThermalManagerService
05-29 03:57:31.363   510   549 I SystemServerTimingAsync: ssm.onUnlockedUser-0_com.android.server.recoverysystem.RecoverySystemService$Lifecycle
05-29 03:57:31.363   510   549 I SystemServerTimingAsync: ssm.onUnlockedUser-0_com.android.server.lights.LightsService
05-29 03:57:31.363   510   549 I SystemServerTimingAsync: ssm.onUnlockedUser-0_com.android.server.display.DisplayManagerService
05-29 03:57:31.363   510   549 I SystemServerTimingAsync: ssm.onUnlockedUser-0_com.android.server.pm.UserManagerService$LifeCycle
05-29 03:57:31.363   510   549 I SystemServerTimingAsync: ssm.onUnlockedUser-0_com.android.server.om.OverlayManagerService
05-29 03:57:31.363   510   549 I SystemServerTimingAsync: ssm.onUnlockedUser-0_com.android.server.SensorPrivacyService
05-29 03:57:31.363   510   549 I SystemServerTimingAsync: ssm.onUnlockedUser-0_com.android.server.SystemConfigService
05-29 03:57:31.363   510   549 I SystemServerTimingAsync: ssm.onUnlockedUser-0_com.android.server.BatteryService
05-29 03:57:31.363   510   549 I SystemServerTimingAsync: ssm.onUnlockedUser-0_com.android.server.usage.UsageStatsService
05-29 03:57:31.363   510   549 I SystemServerTimingAsync: ssm.onUnlockedUser-0_com.android.server.webkit.WebViewUpdateService
05-29 03:57:31.363   510   549 I SystemServerTimingAsync: ssm.onUnlockedUser-0_com.android.server.CachedDeviceStateService
05-29 03:57:31.363   510   549 I SystemServerTimingAsync: ssm.onUnlockedUser-0_com.android.server.BinderCallsStatsService$LifeCycle
05-29 03:57:31.363   510   549 I SystemServerTimingAsync: ssm.onUnlockedUser-0_com.android.server.LooperStatsService$Lifecycle
05-29 03:57:31.363   510   549 I SystemServerTimingAsync: ssm.onUnlockedUser-0_com.android.server.rollback.RollbackManagerService
05-29 03:57:31.363   510   549 I SystemServerTimingAsync: ssm.onUnlockedUser-0_com.android.server.os.BugreportManagerService
05-29 03:57:31.363   510   549 I SystemServerTimingAsync: ssm.onUnlockedUser-0_com.android.server.gpu.GpuService
05-29 03:57:31.363   510   549 I SystemServerTimingAsync: ssm.onUnlockedUser-0_com.android.server.security.KeyChainSystemService
05-29 03:57:31.363   510   549 I SystemServerTimingAsync: ssm.onUnlockedUser-0_com.android.server.telecom.TelecomLoaderService
05-29 03:57:31.363   510   549 I SystemServerTimingAsync: ssm.onUnlockedUser-0_com.android.server.accounts.AccountManagerService$Lifecycle
05-29 03:57:31.363   510   549 I SystemServerTimingAsync: ssm.onUnlockedUser-0_com.android.server.content.ContentService$Lifecycle
05-29 03:57:31.363   510   549 I SystemServerTimingAsync: ssm.onUnlockedUser-0_com.android.server.DropBoxManagerService
05-29 03:57:31.363   510   549 I SystemServerTimingAsync: ssm.onUnlockedUser-0_com.android.server.AlarmManagerService
05-29 03:57:31.363   510   549 I SystemServerTimingAsync: ssm.onUnlockedUser-0_com.android.server.BluetoothService
05-29 03:57:31.363   510   549 I SystemServerTimingAsync: ssm.onUnlockedUser-0_com.android.server.connectivity.IpConnectivityMetrics
05-29 03:57:31.363   510   549 I SystemServerTimingAsync: ssm.onUnlockedUser-0_com.android.server.net.watchlist.NetworkWatchlistService$Lifecycle
05-29 03:57:31.363   510   549 I SystemServerTimingAsync: ssm.onUnlockedUser-0_com.android.server.PinnerService
05-29 03:57:31.363   510   549 I SystemServerTimingAsync: ssm.onUnlockedUser-0_com.google.android.startop.iorap.IorapForwardingService
05-29 03:57:31.363   510   549 I SystemServerTimingAsync: ssm.onUnlockedUser-0_com.android.server.integrity.AppIntegrityManagerService
05-29 03:57:31.363   510   549 I SystemServerTimingAsync: ssm.onUnlockedUser-0_com.android.server.inputmethod.InputMethodManagerService$Lifecycle
05-29 03:57:31.363   510   549 I SystemServerTimingAsync: ssm.onUnlockedUser-0_com.android.server.accessibility.AccessibilityManagerService$Lifecycle
05-29 03:57:31.363   510   549 I SystemServerTimingAsync: ssm.onUnlockedUser-0_com.android.server.StorageManagerService$Lifecycle
05-29 03:57:31.363   510   549 I SystemServerTimingAsync: ssm.onUnlockedUser-0_com.android.server.usage.StorageStatsService$Lifecycle
05-29 03:57:31.363   510   549 I SystemServerTimingAsync: ssm.onUnlockedUser-0_com.android.server.UiModeManagerService
05-29 03:57:31.363   510   540 I AppWidgetServiceImpl: Processing of handleUserUnlocked u0 took 1 ms
05-29 03:57:31.364   510   549 I SystemServerTimingAsync: ssm.onUnlockedUser-0_com.android.server.locksettings.LockSettingsService$Lifecycle
05-29 03:57:31.364   510   549 I SystemServerTimingAsync: ssm.onUnlockedUser-0_com.android.server.testharness.TestHarnessModeService
05-29 03:57:31.364   510   549 I SystemServerTimingAsync: ssm.onUnlockedUser-0_com.android.server.DeviceIdleController
05-29 03:57:31.364   510   549 I SystemServerTimingAsync: ssm.onUnlockedUser-0_com.android.server.devicepolicy.DevicePolicyManagerService$Lifecycle
05-29 03:57:31.364   510   549 I SystemServerTimingAsync: ssm.onUnlockedUser-0_com.android.server.textservices.TextServicesManagerService$Lifecycle
05-29 03:57:31.364   510   549 I SystemServerTimingAsync: ssm.onUnlockedUser-0_com.android.server.textclassifier.TextClassificationManagerService$Lifecycle
05-29 03:57:31.364   510   549 I SystemServerTimingAsync: ssm.onUnlockedUser-0_com.android.server.NetworkScoreService$Lifecycle
05-29 03:57:31.364   510   549 I SystemServerTimingAsync: ssm.onUnlockedUser-0_com.android.server.wifi.WifiService
05-29 03:57:31.364   510   549 I SystemServerTimingAsync: ssm.onUnlockedUser-0_com.android.server.wifi.scanner.WifiScanningService
05-29 03:57:31.364   510   549 I SystemServerTimingAsync: ssm.onUnlockedUser-0_com.android.server.wifi.p2p.WifiP2pService
05-29 03:57:31.364   510   549 I SystemServerTimingAsync: ssm.onUnlockedUser-0_com.android.server.notification.NotificationManagerService
05-29 03:57:31.364   510   549 I SystemServerTimingAsync: ssm.onUnlockedUser-0_com.android.server.storage.DeviceStorageMonitorService
05-29 03:57:31.364   510   549 I SystemServerTimingAsync: ssm.onUnlockedUser-0_com.android.server.location.LocationManagerService$Lifecycle
05-29 03:57:31.364   510   549 I SystemServerTimingAsync: ssm.onUnlockedUser-0_com.android.server.timedetector.TimeDetectorService$Lifecycle
05-29 03:57:31.364   510   549 I SystemServerTimingAsync: ssm.onUnlockedUser-0_com.android.server.timezonedetector.TimeZoneDetectorService$Lifecycle
05-29 03:57:31.364   510   549 I SystemServerTimingAsync: ssm.onUnlockedUser-0_com.android.server.search.SearchManagerService$Lifecycle
05-29 03:57:31.364   510   549 I SystemServerTimingAsync: ssm.onUnlockedUser-0_com.android.server.wallpaper.WallpaperManagerService$Lifecycle
05-29 03:57:31.364   510   549 I SystemServerTimingAsync: ssm.onUnlockedUser-0_com.android.server.audio.AudioService$Lifecycle
05-29 03:57:31.364   510   549 I SystemServerTimingAsync: ssm.onUnlockedUser-0_com.android.server.soundtrigger_middleware.SoundTriggerMiddlewareService$Lifecycle
05-29 03:57:31.364   510   549 I SystemServerTimingAsync: ssm.onUnlockedUser-0_com.android.server.DockObserver
05-29 03:57:31.364   510   549 I SystemServerTimingAsync: ssm.onUnlockedUser-0_com.android.server.midi.MidiService$Lifecycle
05-29 03:57:31.364   510   549 I SystemServerTimingAsync: ssm.onUnlockedUser-0_com.android.server.adb.AdbService$Lifecycle
05-29 03:57:31.364   510   549 I SystemServerTimingAsync: ssm.onUnlockedUser-0_com.android.server.usb.UsbService$Lifecycle
05-29 03:57:31.364   510   549 I SystemServerTimingAsync: ssm.onUnlockedUser-0_com.android.server.twilight.TwilightService
05-29 03:57:31.364   510   549 I SystemServerTimingAsync: ssm.onUnlockedUser-0_com.android.server.display.color.ColorDisplayService
05-29 03:57:31.364   510   549 I SystemServerTimingAsync: ssm.onUnlockedUser-0_com.android.server.job.JobSchedulerService
05-29 03:57:31.364   510   549 I SystemServerTimingAsync: ssm.onUnlockedUser-0_com.android.server.soundtrigger.SoundTriggerService
05-29 03:57:31.364   510   549 I SystemServerTimingAsync: ssm.onUnlockedUser-0_com.android.server.trust.TrustManagerService
05-29 03:57:31.364   510   549 I SystemServerTimingAsync: ssm.onUnlockedUser-0_com.android.server.backup.BackupManagerService$Lifecycle
05-29 03:57:31.364   510   549 I SystemServerTimingAsync: ssm.onUnlockedUser-0_com.android.server.appwidget.AppWidgetService
05-29 03:57:31.364   510   549 I SystemServerTimingAsync: ssm.onUnlockedUser-0_com.android.server.role.RoleManagerService
05-29 03:57:31.364   510   549 I SystemServerTimingAsync: ssm.onUnlockedUser-0_com.android.server.voiceinteraction.VoiceInteractionManagerService
05-29 03:57:31.364   510   549 I SystemServerTimingAsync: ssm.onUnlockedUser-0_com.android.server.GestureLauncherService
05-29 03:57:31.364   510   549 I SystemServerTimingAsync: ssm.onUnlockedUser-0_com.android.server.SensorNotificationService
05-29 03:57:31.364   510   549 I SystemServerTimingAsync: ssm.onUnlockedUser-0_com.android.server.emergency.EmergencyAffordanceService
05-29 03:57:31.364   510   549 I SystemServerTimingAsync: ssm.onUnlockedUser-0_com.android.server.dreams.DreamManagerService
05-29 03:57:31.364   510   549 I SystemServerTimingAsync: ssm.onUnlockedUser-0_com.android.server.blob.BlobStoreManagerService
05-29 03:57:31.364   510   549 I SystemServerTimingAsync: ssm.onUnlockedUser-0_com.android.server.print.PrintManagerService
05-29 03:57:31.364   510   549 I SystemServerTimingAsync: ssm.onUnlockedUser-0_com.android.server.companion.CompanionDeviceManagerService
05-29 03:57:31.364   510   549 I SystemServerTimingAsync: ssm.onUnlockedUser-0_com.android.server.restrictions.RestrictionsManagerService
05-29 03:57:31.364   510   549 I SystemServerTimingAsync: ssm.onUnlockedUser-0_com.android.server.media.MediaSessionService
05-29 03:57:31.364   510   549 I SystemServerTimingAsync: ssm.onUnlockedUser-0_com.android.server.media.MediaResourceMonitorService
05-29 03:57:31.364   510   549 I SystemServerTimingAsync: ssm.onUnlockedUser-0_com.android.server.biometrics.fingerprint.FingerprintService
05-29 03:57:31.364   510   549 I SystemServerTimingAsync: ssm.onUnlockedUser-0_com.android.server.biometrics.BiometricService
05-29 03:57:31.364   510   549 I SystemServerTimingAsync: ssm.onUnlockedUser-0_com.android.server.biometrics.AuthService
05-29 03:57:31.364   510   549 I SystemServerTimingAsync: ssm.onUnlockedUser-0_com.android.server.pm.ShortcutService$Lifecycle
05-29 03:57:31.364   510   549 I SystemServerTimingAsync: ssm.onUnlockedUser-0_com.android.server.pm.LauncherAppsService
05-29 03:57:31.364   510   549 I SystemServerTimingAsync: ssm.onUnlockedUser-0_com.android.server.pm.CrossProfileAppsService
05-29 03:57:31.364   510   549 I SystemServerTimingAsync: ssm.onUnlockedUser-0_com.android.server.people.PeopleService
05-29 03:57:31.374   510   549 I SystemServerTimingAsync: ssm.onUnlockedUser-0_com.android.server.media.projection.MediaProjectionManagerService
05-29 03:57:31.374   510   549 I SystemServerTimingAsync: ssm.onUnlockedUser-0_com.android.server.slice.SliceManagerService$Lifecycle
05-29 03:57:31.374   510   549 I SystemServerTimingAsync: ssm.onUnlockedUser-0_com.android.server.camera.CameraServiceProxy
05-29 03:57:31.374   510   549 I SystemServerTimingAsync: ssm.onUnlockedUser-0_com.android.server.stats.StatsCompanion$Lifecycle
05-29 03:57:31.374   510   549 I SystemServerTimingAsync: ssm.onUnlockedUser-0_com.android.server.stats.pull.StatsPullAtomService
05-29 03:57:31.374   510   549 I SystemServerTimingAsync: ssm.onUnlockedUser-0_com.android.server.incident.IncidentCompanionService
05-29 03:57:31.374   510   549 I SystemServerTimingAsync: ssm.onUnlockedUser-0_com.android.server.MmsServiceBroker
05-29 03:57:31.374   510   549 I SystemServerTimingAsync: ssm.onUnlockedUser-0_com.android.server.autofill.AutofillManagerService
05-29 03:57:31.374   510   549 I SystemServerTimingAsync: ssm.onUnlockedUser-0_com.android.server.clipboard.ClipboardService
05-29 03:57:31.374   510   549 I SystemServerTimingAsync: ssm.onUnlockedUser-0_com.android.server.appbinding.AppBindingService$Lifecycle
05-29 03:57:31.374   510   549 I SystemServerTimingAsync: ssm.onUnlockedUser-0_com.android.server.policy.PermissionPolicyService
05-29 03:57:31.374   510   549 I SystemServerTimingAsync: ssm.onUnlockedUser-0_com.android.server.pm.StagingManager$Lifecycle
05-29 03:57:31.374   510   549 W ActivityManager: UserLifecycleEvent 6 received without an active userJourneySession.
05-29 03:57:31.491  1474  1934 I MediaProvider: Changed schema version on internal from 0 to 1114, 0 items taking 136ms
05-29 03:57:31.489   510   548 I chatty  : uid=1000(system) android.bg identical 1 line
05-29 03:57:31.510   510   548 W VoiceInteractionManager: no available voice interaction services found for user 0
05-29 03:57:31.514   510   548 I chatty  : uid=1000(system) android.bg identical 1 line
05-29 03:57:31.521   510   548 I ActivityTaskManager: Displayed com.android.launcher3/.uioverrides.QuickstepLauncher: +855ms
05-29 03:57:31.653   510   653 W system_server: Core platform API violation: Lsun/misc/Unsafe;->allocateInstance(Ljava/lang/Class;)Ljava/lang/Object; from /apex/com.android.wifi/javalib/service-wifi.jar using linking
05-29 03:57:31.653   510   653 W UnsafeUtil: platform method missing - proto runtime falling back to safer methods: java.lang.NoSuchMethodException: sun.misc.Unsafe.copyMemory [class java.lang.Object, long, class java.lang.Object, long, long]
05-29 03:57:31.672   510   653 W LastMileLogger: Failed to open free_buffer pseudo-file: /sys/kernel/debug/tracing/instances/wifi/free_buffer: open failed: ENOENT (No such file or directory)
05-29 03:57:31.672   510   653 W LastMileLogger: Failed to arm fail-safe.
05-29 03:57:31.672   510   653 I WifiClientModeImpl: Connecting with 02:15:b2:00:00:00 as the mac address
05-29 03:57:31.672   440   440 W wificond: Scan is not started. Ignore abort request
05-29 03:57:31.672   510   653 I SupplicantStaIfaceHal: addSupplicantStaNetwork via HIDL
05-29 03:57:31.704  1638  1659 W MediaProvider: No column annotation provided; not creating views
05-29 03:57:31.705  1638  1659 W MediaProvider: No column annotation provided; not creating views
05-29 03:57:31.804   510  1948 I RecoverySystem: No recovery log file
05-29 03:57:31.804   510  1948 I BootReceiver: No existing last log timestamp file /data/system/log-files.xml; starting empty
05-29 03:57:31.809  1411  1411 I Dialer  : DialerExecutorModule.newThread - creating low priority thread
05-29 03:57:31.809   510  1948 I DropBoxManagerService: add tag=SYSTEM_BOOT isTagEnabled=true flags=0x2
05-29 03:57:31.811   510  1948 I BootReceiver: Copying audit failures to DropBox
05-29 03:57:31.811   510  1948 I BootReceiver: Checking for fsck errors
05-29 03:57:31.811   510  1948 I BootReceiver: fs_stat, partition:vdc stat:0x13
05-29 03:57:31.813   698   698 I wpa_supplicant: wlan0: SME: Trying to authenticate with 02:15:b2:00:01:00 (SSID='AndroidWifi' freq=2447 MHz)
05-29 03:57:31.815  1947  1950 I cmd     : oneway function results will be dropped but finished with status OK and parcel size 4
05-29 03:57:31.816  1411  1952 I Dialer  : VisualVoicemailUpdateTask.updateNotification - enter
--------- beginning of kernel
05-29 03:57:32.039     0     0 I wlan0   : authenticate with 02:15:b2:00:01:00
05-29 03:57:32.041     0     0 I wlan0   : send auth to 02:15:b2:00:01:00 (try 1/3)
05-29 03:57:31.819   483   483 I hostapd : wlan1: STA 02:15:b2:00:00:00 IEEE 802.11: authenticated
05-29 03:57:31.819   483   483 I hostapd : wlan1: STA 02:15:b2:00:00:00 IEEE 802.11: authenticated
05-29 03:57:31.820   698   698 I wpa_supplicant: wlan0: Trying to associate with 02:15:b2:00:01:00 (SSID='AndroidWifi' freq=2447 MHz)
05-29 03:57:32.044     0     0 I wlan0   : authenticated
05-29 03:57:32.046     0     0 I wlan0   : associate with 02:15:b2:00:01:00 (try 1/3)
05-29 03:57:31.825   483   483 I hostapd : wlan1: STA 02:15:b2:00:00:00 IEEE 802.11: associated (aid 1)
05-29 03:57:31.825   483   483 I hostapd : wlan1: STA 02:15:b2:00:00:00 IEEE 802.11: associated (aid 1)
05-29 03:57:31.825   483   483 I hostapd : wlan1: AP-STA-CONNECTED 02:15:b2:00:00:00
05-29 03:57:31.845   698   698 I wpa_supplicant: wlan0: Associated with 02:15:b2:00:01:00
05-29 03:57:31.845   698   698 I wpa_supplicant: wlan0: CTRL-EVENT-CONNECTED - Connection to 02:15:b2:00:01:00 completed [id=0 id_str=%7B%22configKey%22%3A%22%5C%22AndroidWifi%5C%22NONE%22%2C%22creatorUid%22%3A%221000%22%7D]
05-29 03:57:31.845   698   698 I wpa_supplicant: wlan0: CTRL-EVENT-SUBNET-STATUS-UPDATE status=0
05-29 03:57:32.050     0     0 I wlan0   : RX AssocResp from 02:15:b2:00:01:00 (capab=0x401 status=0 aid=1)
05-29 03:57:32.068     0     0 I wlan0   : associated
05-29 03:57:31.851   510  1742 I WifiService: updateInterfaceIpState uid=1073
05-29 03:57:31.855  1450  1953 I CallLogDatabaseHelper: Migrating from old tables...
05-29 03:57:31.855  1450  1953 I CallLogDatabaseHelper: Source tables don't exist.
05-29 03:57:31.882  1411  1952 I Dialer  : VisualVoicemailUpdateTask.updateNotification - no voicemails to notify about
05-29 03:57:31.882  1411  1952 I Dialer  : VisualVoicemailNotifier.cancelAllVoicemailNotifications - enter
05-29 03:57:31.882  1411  1952 I Dialer  : VoicemailNotificationJobService.scheduleJob - job canceled
05-29 03:57:31.882  1411  1411 I Dialer  : VisualVoicemailUpdateTask.scheduleTask - update successful
05-29 03:57:31.887   510   510 I Telecom : DefaultDialerCache: Refreshing default dialer for user 0: now com.android.dialer: DDC.oR@AGQ
05-29 03:57:31.887   510   510 I Telecom : MissedCallNotifierImpl: reloadAfterBootComplete: user=0: TSBCR.oR@AGU
05-29 03:57:31.902   510   510 I Telecom : MissedCallNotifierImpl: reloadAfterBootComplete: user=0: TSBCR.oR@AGU
05-29 03:57:31.928   510   550 I ActivityManager: Start proc 1963:com.android.calendar/u0a110 for broadcast {com.android.calendar/com.android.calendar.UpgradeReceiver}
05-29 03:57:31.934  1618  1618 I MessagingApp: Carrier config changed. Reloading MMS config.
05-29 03:57:31.941   510   510 I Telecom : PhoneAccountRegistrar: getSimCallManager: SimCallManager for subId 1 queried, returning: null: TSI.gSCMFU@AGY
05-29 03:57:31.943  1618  1674 W MessagingApp: canonicalizeMccMnc: invalid mccmnc:null ,null
05-29 03:57:31.949  1618  1674 I MessagingApp: Carrier configs loaded: Bundle[{httpSocketTimeout=60000, aliasMinChars=2, smsToMmsTextThreshold=-1, enableSMSDeliveryReports=true, maxMessageTextSize=-1, supportMmsContentDisposition=true, enabledTransID=false, aliasEnabled=false, supportHttpCharsetHeader=false, allowAttachAudio=true, smsToMmsTextLengthThreshold=-1, recipientLimit=2147483647, uaProfTagName=x-wap-profile, aliasMaxChars=48, maxImageHeight=1944, enableMMSDeliveryReports=false, userAgent=, mmsCloseConnection=true, config_cellBroadcastAppLinks=true, maxSubjectLength=40, httpParams=, enableGroupMms=true, emailGatewayNumber=, maxMessageSize=1048576, naiSuffix=, enableMMSReadReports=false, maxImageWidth=2592, uaProfUrl=, enabledMMS=false, enabledNotifyWapMMSC=false, sendMultipartSmsAsSeparateMessages=false, enableMultipartSMS=true}] from resources+system for subId=1
05-29 03:57:31.953   510   540 E GnssLocationProvider: IGnssConfiguration setEsExtensionSec() failed.
05-29 03:57:31.953   510   540 E GnssConfiguration: Unable to set ES_EXTENSION_SEC: 0
05-29 03:57:31.969   281   404 E Netd    : no such netId 101
05-29 03:57:31.969   510   657 E ConnectivityService: Exception adding interface: java.lang.IllegalStateException: android.os.ServiceSpecificException: Machine is not on the network (code 64)
05-29 03:57:31.969   281   404 E Netd    : no such netId 101
05-29 03:57:31.974  1041  1041 I Telephony: Carrier-config changed, checking for phone account updates.
05-29 03:57:31.976  1963  1963 W ndroid.calenda: Unexpected CPU variant for X86 using defaults: x86_64
05-29 03:57:32.101   382   393 I adbd    : jdwp connection from 1963
05-29 03:57:32.104   483   483 I hostapd : wlan1: STA-OPMODE-SMPS-MODE-CHANGED 02:15:b2:00:00:00 off
05-29 03:57:32.126  1041  1041 I Telephony: isRttCurrentlySupported -- regular acct, hasVoiceAvailability: false
05-29 03:57:32.126  1041  1041 I Telephony:  isRttSupported: false
05-29 03:57:32.126  1041  1041 I Telephony:  isRoaming: false
05-29 03:57:32.126  1041  1041 I Telephony:  isOnWfc: false
05-29 03:57:32.130   510   520 I system_server: Background young concurrent copying GC freed 143734(7854KB) AllocSpace objects, 59(2588KB) LOS objects, 49% free, 10155KB/19MB, paused 47us total 185.025ms
05-29 03:57:32.152   510   550 I ActivityManager: Start proc 1988:com.android.localtransport/1000 for service {com.android.localtransport/com.android.localtransport.LocalTransportService}
05-29 03:57:32.154  1963  1963 I ndroid.calenda: The ClassLoaderContext is a special shared library.
05-29 03:57:32.161   483   483 I hostapd : wlan1: STA-OPMODE-SMPS-MODE-CHANGED 02:15:b2:00:00:00 dynamic
05-29 03:57:32.163   281   281 E Netd    : no such netId 101
05-29 03:57:32.164   510   657 E ConnectivityService: Exception in networkAddRouteParcel for non-gateway: android.os.ServiceSpecificException: Machine is not on the network (code 64)
05-29 03:57:32.166   510   657 E ConnectivityService: Exception in networkAddRouteParcel for gateway: android.os.ServiceSpecificException: Machine is not on the network (code 64)
05-29 03:57:32.165   281   281 E Netd    : no such netId 101
05-29 03:57:32.192   922  1806 I OpenGLRenderer: Davey! duration=1100ms; Flags=0, IntendedVsync=26542040366, Vsync=26542040366, OldestInputEvent=9223372036854775807, NewestInputEvent=0, HandleInputStart=26542707362, AnimationStart=26542707723, PerformTraversalsStart=26542807130, DrawStart=26543331948, SyncQueued=26543612023, SyncStart=26543793953, IssueDrawCommandsStart=26543889415, SwapBuffers=27632873164, FrameCompleted=27643019624, DequeueBufferDuration=122161, QueueBufferDuration=358801, GpuCompleted=206158430240, 
05-29 03:57:32.192   922   922 I Choreographer: Skipped 64 frames!  The application may be doing too much work on its main thread.
05-29 03:57:32.205  1041  1041 I Telephony: reRegisterPstnPhoneAccount: subId: 1 - no change
05-29 03:57:32.213  1988  1988 W .localtranspor: Unexpected CPU variant for X86 using defaults: x86_64
05-29 03:57:32.226   922   922 E libprocessgroup: set_timerslack_ns write failed: Operation not permitted
05-29 03:57:32.231   510   541 W InputReader: Device virtio_input_multi_touch_10 is associated with display ADISPLAY_ID_NONE.
05-29 03:57:32.231   510   541 W InputReader: Device virtio_input_multi_touch_7 is associated with display ADISPLAY_ID_NONE.
05-29 03:57:32.231   510   541 W InputReader: Device virtio_input_multi_touch_11 is associated with display ADISPLAY_ID_NONE.
05-29 03:57:32.231   510   541 W InputReader: Device virtio_input_multi_touch_5 is associated with display ADISPLAY_ID_NONE.
05-29 03:57:32.231   510   541 W InputReader: Device virtio_input_multi_touch_2 is associated with display ADISPLAY_ID_NONE.
05-29 03:57:32.231   510   541 W InputReader: Device virtio_input_multi_touch_6 is associated with display ADISPLAY_ID_NONE.
05-29 03:57:32.231   510   541 W InputReader: Device virtio_input_multi_touch_3 is associated with display ADISPLAY_ID_NONE.
05-29 03:57:32.231   510   541 W InputReader: Device virtio_input_multi_touch_8 is associated with display ADISPLAY_ID_NONE.
05-29 03:57:32.231   510   541 W InputReader: Device virtio_input_multi_touch_9 is associated with display ADISPLAY_ID_NONE.
05-29 03:57:32.231   510   541 W InputReader: Device virtio_input_multi_touch_4 is associated with display ADISPLAY_ID_NONE.
05-29 03:57:32.233   382   393 I adbd    : jdwp connection from 1988
05-29 03:57:32.239  1986  2010 I cmd     : oneway function results will be dropped but finished with status OK and parcel size 4
05-29 03:57:32.241   510   653 W WifiScoreReport: Cannot start external scoring netId=101 currentNetId=101 sessionId=1017
05-29 03:57:32.265   203   206 E android.system.suspend@1.0-service: Error opening kernel wakelock stats for: wakeup32: Permission denied
05-29 03:57:32.269   203   206 E android.system.suspend@1.0-service: Error opening kernel wakelock stats for: wakeup33: Permission denied
05-29 03:57:32.274   510   657 W DnsManager: updatePrivateDns(101, PrivateDnsConfig{true:/[]})
05-29 03:57:32.260   203   203 W Binder:203_2: type=1400 audit(0.0:20): avc: denied { read } for name="wakeup32" dev="sysfs" ino=18830 scontext=u:r:system_suspend:s0 tcontext=u:object_r:sysfs:s0 tclass=dir permissive=0
05-29 03:57:32.285   281  2016 W resolv  : Validating DnsTlsServer on netId 101
05-29 03:57:32.287   281  2016 W resolv  : Validation failed
05-29 03:57:32.294  1474  1934 W ModernMediaScanner: Failed to visit /system/media: java.nio.file.NoSuchFileException: /system/media
05-29 03:57:32.295  1474  1934 I MediaProvider: Scanned internal due to REASON_MOUNTED, found 0 items in 6ms, 0 inserts 0 updates 0 deletes
05-29 03:57:32.296  1474  1934 W ModernMediaScanner: Failed to visit /oem/media: java.nio.file.NoSuchFileException: /oem/media
05-29 03:57:32.264   203   203 W Binder:203_2: type=1400 audit(0.0:21): avc: denied { read } for name="wakeup33" dev="sysfs" ino=18893 scontext=u:r:system_suspend:s0 tcontext=u:object_r:sysfs:s0 tclass=dir permissive=0
05-29 03:57:32.298  1474  1934 I MediaProvider: Scanned internal due to REASON_MOUNTED, found 0 items in 2ms, 0 inserts 0 updates 0 deletes
05-29 03:57:32.315  1041  1041 I VvmSimStateTracker: android.telephony.action.CARRIER_CONFIG_CHANGED
05-29 03:57:32.315  1988  1988 I .localtranspor: The ClassLoaderContext is a special shared library.
05-29 03:57:32.318  1041  1041 I VvmSimStateTracker: Service connected on ComponentInfo{com.android.phone/com.android.services.telephony.TelephonyConnectionService}, ***, UserHandle{0}
05-29 03:57:32.330   510   550 I ActivityManager: Start proc 2019:com.android.camera2/u0a108 for broadcast {com.android.camera2/com.android.camera.SetActivitiesCameraReceiver}
05-29 03:57:32.336  1041  1041 I RemoteVvmTaskManager: Binding to ComponentInfo{com.android.dialer/com.android.voicemail.impl.OmtpService}
05-29 03:57:32.343  1411  1411 I Dialer  : VvmOmtpService - onCellServiceConnected
05-29 03:57:32.353  2019  2019 W android.camera: Unexpected CPU variant for X86 using defaults: x86_64
05-29 03:57:32.354   510   510 I TransportClient: LocalTransportService#0: Notifying [TransportManager.registerTransport()] transport = IBackupTransport
05-29 03:57:32.360   281  2025 W resolv  : Validating DnsTlsServer on netId 101
05-29 03:57:32.365   382   393 I adbd    : jdwp connection from 2019
05-29 03:57:32.369   510   537 I ActivityManager: Killing 1062:com.android.settings:CryptKeeper/1000 (adj 975): empty #17
05-29 03:57:32.377   282   282 I Zygote  : Process 1062 exited due to signal 9 (Killed)
05-29 03:57:32.382   510   653 E WifiVendorHal: stopRssiMonitoring(l.2100) failed {.code = ERROR_NOT_AVAILABLE, .description = }
05-29 03:57:32.386   281  2025 W resolv  : SSL_connect ssl error =5, mark 0xf0065: Connection refused
05-29 03:57:32.386   281  2025 W resolv  : Validation failed
05-29 03:57:32.404  2019  2019 I android.camera: The ClassLoaderContext is a special shared library.
05-29 03:57:32.410  2019  2019 I android.camera: The ClassLoaderContext is a special shared library.
05-29 03:57:32.418   510   551 I libprocessgroup: Successfully killed process cgroup uid 1000 pid 1062 in 44ms
05-29 03:57:32.434  2019  2019 W CAM_Log : Tag SetActivitiesCameraReceiver is 8 chars longer than limit.
05-29 03:57:32.434   418  1677 W ServiceManager: Permission failure: android.permission.SYSTEM_CAMERA from uid=10108 pid=2019
05-29 03:57:32.436  2019  2019 I CAM_SetActivitiesCamera: number of camera: 1
05-29 03:57:32.436  2019  2019 I CAM_SetActivitiesCamera: component state is 1
05-29 03:57:32.439   510   537 I ActivityManager: Killing 1237:com.android.deskclock/u0a106 (adj 985): empty #17
05-29 03:57:32.451   282   282 I Zygote  : Process 1237 exited due to signal 9 (Killed)
05-29 03:57:32.451   510   550 I ActivityManager: Start proc 2056:com.android.contacts/u0a98 for broadcast {com.android.contacts/com.android.contacts.interactions.OnBootOrUpgradeReceiver}
05-29 03:57:32.457  2056  2056 W ndroid.contact: Unexpected CPU variant for X86 using defaults: x86_64
05-29 03:57:32.459   382   393 I adbd    : jdwp connection from 2056
05-29 03:57:32.461   510   607 E ReportEncoder: No watchlist hash
05-29 03:57:32.461   510   607 I WatchlistLoggingHandler: Milliseconds spent on tryAggregateRecords(): 8811
05-29 03:57:32.462   510   542 I DropBoxManagerService: add tag=system_server_strictmode isTagEnabled=true flags=0x2
05-29 03:57:32.482   510   551 I libprocessgroup: Successfully killed process cgroup uid 10106 pid 1237 in 42ms
05-29 03:57:32.468   510   542 I chatty  : uid=1000(system) android.io identical 8 lines
05-29 03:57:32.468   510   542 I DropBoxManagerService: add tag=system_server_strictmode isTagEnabled=true flags=0x2
05-29 03:57:32.619   203   206 E android.system.suspend@1.0-service: Error opening kernel wakelock stats for: wakeup32: Permission denied
05-29 03:57:32.616   203   203 W Binder:203_2: type=1400 audit(0.0:22): avc: denied { read } for name="wakeup32" dev="sysfs" ino=18830 scontext=u:r:system_suspend:s0 tcontext=u:object_r:sysfs:s0 tclass=dir permissive=0
05-29 03:57:32.632  1041  1056 I m.android.phon: JIT allocated 75KB for compiled code of boolean com.android.internal.telephony.ITelephony$Stub.onTransact(int, android.os.Parcel, android.os.Parcel, int)
05-29 03:57:32.632  1041  1056 I m.android.phon: Compiler allocated 4900KB to compile boolean com.android.internal.telephony.ITelephony$Stub.onTransact(int, android.os.Parcel, android.os.Parcel, int)
05-29 03:57:32.633   203   206 E android.system.suspend@1.0-service: Error opening kernel wakelock stats for: wakeup33: Permission denied
05-29 03:57:32.624   203   203 W Binder:203_2: type=1400 audit(0.0:23): avc: denied { read } for name="wakeup33" dev="sysfs" ino=18893 scontext=u:r:system_suspend:s0 tcontext=u:object_r:sysfs:s0 tclass=dir permissive=0
05-29 03:57:32.643   281  2076 W resolv  : Validating DnsTlsServer on netId 101
05-29 03:57:32.644   510   540 I GnssNetworkConnectivityHandler: updateNetworkState, state=CLOSED, connected=true, network=101, capabilities=[ Transports: WIFI Capabilities: NOT_METERED&INTERNET&NOT_RESTRICTED&TRUSTED&NOT_VPN&VALIDATED&NOT_ROAMING&FOREGROUND&NOT_CONGESTED&NOT_SUSPENDED LinkUpBandwidth>=141000Kbps LinkDnBandwidth>=141000Kbps SignalStrength: -30 OwnerUid: 1000 AdministratorUids: [] SSID: "AndroidWifi" RequestorUid: -1 RequestorPackageName: null], apn: , availableNetworkCount: 2
05-29 03:57:32.644  2056  2056 I ndroid.contact: The ClassLoaderContext is a special shared library.
05-29 03:57:32.645   281  2076 W resolv  : SSL_connect ssl error =5, mark 0xf0065: Connection refused
05-29 03:57:32.645   281  2076 W resolv  : Validation failed
05-29 03:57:32.645   510   653 W LastMileLogger: Failed to stop event tracing: /sys/kernel/debug/tracing/instances/wifi/tracing_on: open failed: ENOENT (No such file or directory)
05-29 03:57:32.656   719   719 W View    : requestLayout() improperly called by com.android.keyguard.AlphaOptimizedLinearLayout{1bece8b V.E...... ......ID 3,0-21,22 #7f0a04db app:id/wifi_group} during layout: running second layout pass
05-29 03:57:32.661   719   719 W View    : requestLayout() improperly called by com.android.keyguard.AlphaOptimizedLinearLayout{bae7b68 V.E...... ......ID 3,0-21,22 #7f0a04db app:id/wifi_group} during layout: running second layout pass
05-29 03:57:32.661   719   719 W View    : requestLayout() improperly called by com.android.keyguard.AlphaOptimizedLinearLayout{d546b81 V.E...... ......ID 3,0-21,22 #7f0a04db app:id/wifi_group} during layout: running second layout pass
05-29 03:57:32.669   510   816 I ActivityManager: Killing 1391:com.android.carrierconfig/u0a115 (adj 985): empty #17
05-29 03:57:32.686   510   550 I ActivityManager: Start proc 2080:com.android.deskclock/u0a106 for broadcast {com.android.deskclock/com.android.deskclock.AlarmInitReceiver}
05-29 03:57:32.686   282   282 I Zygote  : Process 1391 exited due to signal 9 (Killed)
05-29 03:57:32.690  2080  2080 W droid.deskcloc: Unexpected CPU variant for X86 using defaults: x86_64
05-29 03:57:32.694   382   393 I adbd    : jdwp connection from 2080
05-29 03:57:32.715  2080  2080 I droid.deskcloc: The ClassLoaderContext is a special shared library.
05-29 03:57:32.716  2080  2080 I droid.deskcloc: The ClassLoaderContext is a special shared library.
05-29 03:57:32.724   510   551 I libprocessgroup: Successfully killed process cgroup uid 10115 pid 1391 in 49ms
05-29 03:57:32.729  2080  2080 I AlarmClock: AlarmInitReceiver android.intent.action.BOOT_COMPLETED
05-29 03:57:32.734  2080  2103 I AlarmClock: Fixing alarm instances
05-29 03:57:32.784   510   816 I ActivityManager: Killing 1549:com.android.documentsui/u0a76 (adj 985): empty #17
05-29 03:57:32.787  1411  1411 I Dialer  : VvmOmtpService - onBoot
05-29 03:57:32.792   282   282 I Zygote  : Process 1549 exited due to signal 9 (Killed)
05-29 03:57:32.798   510   550 I ActivityManager: Start proc 2105:com.android.dynsystem/1000 for broadcast {com.android.dynsystem/com.android.dynsystem.BootCompletedReceiver}
05-29 03:57:32.802  2105  2105 W droid.dynsyste: Unexpected CPU variant for X86 using defaults: x86_64
05-29 03:57:32.804   382   393 I adbd    : jdwp connection from 2105
05-29 03:57:32.829   510   551 I libprocessgroup: Successfully killed process cgroup uid 10076 pid 1549 in 43ms
05-29 03:57:32.838  2105  2105 I droid.dynsyste: The ClassLoaderContext is a special shared library.
05-29 03:57:32.844  2125  2129 I cmd     : oneway function results will be dropped but finished with status OK and parcel size 4
05-29 03:57:32.845   510   816 I ActivityManager: Killing 1661:com.android.music/u0a111 (adj 985): empty #17
05-29 03:57:32.855   282   282 I Zygote  : Process 1661 exited due to signal 9 (Killed)
05-29 03:57:32.858   510   550 I ActivityManager: Start proc 2130:com.android.gallery3d/u0a112 for broadcast {com.android.gallery3d/com.android.camera.DisableCameraReceiver}
05-29 03:57:32.858  2130  2130 W droid.gallery3: Unexpected CPU variant for X86 using defaults: x86_64
05-29 03:57:32.870   382   393 I adbd    : jdwp connection from 2130
05-29 03:57:32.876  2139  2139 I abb     : StartCommandInProcess(73657474696e67730067657400676c6f settings.get.glo [truncated])
05-29 03:57:32.890   510   551 I libprocessgroup: Successfully killed process cgroup uid 10111 pid 1661 in 42ms
05-29 03:57:32.896  2130  2130 I droid.gallery3: The ClassLoaderContext is a special shared library.
05-29 03:57:32.898  2139  2153 I abb     : oneway function results will be dropped but finished with status OK and parcel size 4
05-29 03:57:33.122     0     0 W audit   : audit_lost=1 audit_rate_limit=5 audit_backlog_limit=64
05-29 03:57:33.125     0     0 E audit   : rate limit exceeded
05-29 03:57:32.892   510   510 W Binder:510_10: type=1400 audit(0.0:24): avc: denied { getopt } for scontext=u:r:system_server:s0 tcontext=u:r:shell:s0 tclass=unix_stream_socket permissive=0
05-29 03:57:32.906  2130  2130 I droid.gallery3: The ClassLoaderContext is a special shared library.
05-29 03:57:32.908  2139  2139 I abb     : StartCommandInProcess(7061636b61676500696e7374616c6c00 package.install. [truncated])
05-29 03:57:32.913   418  1677 W ServiceManager: Permission failure: android.permission.SYSTEM_CAMERA from uid=10112 pid=2130
05-29 03:57:32.914   418  1677 I chatty  : uid=1047(cameraserver) Binder:418_4 identical 2 lines
05-29 03:57:32.914   418  1677 W ServiceManager: Permission failure: android.permission.SYSTEM_CAMERA from uid=10112 pid=2130
05-29 03:57:32.917   281  1962 E Netd    : Error adding route ::/0 -> fe80::2 wlan0 to table 1015: File exists
05-29 03:57:32.920  2130  2130 I G:DisableCameraReceiver: back camera found: 0
05-29 03:57:32.921  1328  1328 I SystemBroadcastReceiver: Boot has been completed
05-29 03:57:32.921  1328  1328 I SystemBroadcastReceiver: toggleAppIcon() : FLAG_SYSTEM = true
05-29 03:57:32.921   510  1257 I ActivityManager: Killing 1741:com.android.managedprovisioning/u0a73 (adj 985): empty #17
05-29 03:57:32.923   510   537 E ActivityManager: ProcessRecord{7623d7 1741:com.android.managedprovisioning/u0a73} is attached to a previous process
05-29 03:57:32.923   510   537 E ActivityManager: Already have existing proc ProcessRecord{7623d7 1741:com.android.managedprovisioning/u0a73} when adding ProcessRecord{978e774 0:com.android.managedprovisioning/u0a73}
05-29 03:57:32.924   510   550 E ActivityManager: ProcessRecord{7623d7 1741:com.android.managedprovisioning/u0a73} refused to die, but we need to launch ProcessRecord{978e774 0:com.android.managedprovisioning/u0a73}
05-29 03:57:32.930   510   550 I ActivityManager: Start proc 2159:com.android.managedprovisioning/u0a73 for broadcast {com.android.managedprovisioning/com.android.managedprovisioning.BootReminder}
05-29 03:57:32.939  2159  2159 W gedprovisionin: Unexpected CPU variant for X86 using defaults: x86_64
05-29 03:57:32.948   382   393 I adbd    : jdwp connection from 2159
05-29 03:57:32.948   282   282 I Zygote  : Process 1741 exited due to signal 9 (Killed)
05-29 03:57:32.957   510   551 I libprocessgroup: Successfully killed process cgroup uid 10073 pid 1741 in 34ms
05-29 03:57:32.963   510   551 I libprocessgroup: Successfully killed process cgroup uid 10073 pid 1741 in 0ms
05-29 03:57:32.970  2159  2159 I gedprovisionin: The ClassLoaderContext is a special shared library.
05-29 03:57:32.974  2159  2159 I CarUiInstaller: CarUiInstaller started for com.android.managedprovisioning
05-29 03:57:32.977   510   610 W RuleEvaluation: Integrity rule files are not available.
05-29 03:57:32.978   510   566 I PackageManager: Integrity check passed for file:///data/app/vmdl146747160.tmp
05-29 03:57:32.991  2180  2180 W com.android.nf: Unexpected CPU variant for X86 using defaults: x86_64
05-29 03:57:32.996   382   393 I adbd    : jdwp connection from 2180
05-29 03:57:32.998   510   566 I PackageManager: Permission ownership changed. Updating all permissions.
