05-28 05:13:48.919   710   710 W View    : requestLayout() improperly called by com.android.keyguard.AlphaOptimizedLinearLayout{8d4c383 V.E...... ......ID 3,0-21,22 #7f0a04db app:id/wifi_group} during layout: running second layout pass
05-28 05:13:48.921   279  2120 W resolv  : SSL_connect ssl error =5, mark 0xf0065: Connection refused
05-28 05:13:48.921   279  2120 W resolv  : Validation failed
05-28 05:13:48.925  1055  1083 I m.android.phon: JIT allocated 75KB for compiled code of boolean com.android.internal.telephony.ITelephony$Stub.onTransact(int, android.os.Parcel, android.os.Parcel, int)
05-28 05:13:48.926  1055  1083 I m.android.phon: Compiler allocated 4900KB to compile boolean com.android.internal.telephony.ITelephony$Stub.onTransact(int, android.os.Parcel, android.os.Parcel, int)
05-28 05:13:48.888   202   202 W Binder:202_2: type=1400 audit(0.0:23): avc: denied { read } for name="wakeup33" dev="sysfs" ino=18875 scontext=u:r:system_suspend:s0 tcontext=u:object_r:sysfs:s0 tclass=dir permissive=0
05-28 05:13:48.956  2102  2102 I com.android.nf: The ClassLoaderContext is a special shared library.
05-28 05:13:48.981   507   565 I ActivityManager: Killing 2102:com.android.nfc/1027 (adj 0): change com.android.nfc
05-28 05:13:48.990   507   539 I RoleManagerService: Granting default roles...
05-28 05:13:48.991   507   604 I InputReader: Reconfiguring input devices, changes=KEYBOARD_LAYOUTS | 
05-28 05:13:48.993   507   507 I Telecom : DefaultDialerCache: Refreshing default dialer for user 0: now com.android.dialer: DDC.oR@AGg
05-28 05:13:48.997   507   549 I ActivityManager: Start proc 2124:com.android.onetimeinitializer/u0a96 for broadcast {com.android.onetimeinitializer/com.android.onetimeinitializer.OneTimeInitializerReceiver}
05-28 05:13:48.999   747   778 I PermissionControllerServiceImpl: Updating user sensitive for uid 1027
05-28 05:13:49.004   280   280 I Zygote  : Process 2102 exited due to signal 9 (Killed)
05-28 05:13:49.005   507   656 I PasspointManager: No app ops listener found for com.android.nfc
05-28 05:13:49.014  2124  2124 W timeinitialize: Unexpected CPU variant for X86 using defaults: x86_64
05-28 05:13:49.024   395   401 I adbd    : jdwp connection from 2124
05-28 05:13:49.025   507   547 W VoiceInteractionManager: no available voice interaction services found for user 0
05-28 05:13:49.030   507   550 I libprocessgroup: Successfully killed process cgroup uid 1027 pid 2102 in 44ms
05-28 05:13:49.043  1312  1364 I putmethod.lati: Waiting for a blocking GC ProfileSaver
05-28 05:13:49.056  1312  1364 I putmethod.lati: WaitForGcToComplete blocked ProfileSaver on ClassLinker for 12.971ms
05-28 05:13:49.066   747  1017 W Role    : com.android.provision not qualified for android.app.role.HOME due to missing RequiredComponent{mIntentFilterData=IntentFilterData{mAction='android.intent.action.MAIN', mCategories='[android.intent.category.HOME]', mDataScheme='null', mDataType='null'}, mPermission='null'}
05-28 05:13:49.066   747  1017 I RoleControllerServiceImpl: Removing package that no longer qualifies for the role, package: com.android.provision, role: android.app.role.HOME
05-28 05:13:49.068   747  1017 I RoleControllerServiceImpl: Adding package as default/fallback role holder, package: com.android.launcher3, role: android.app.role.HOME
05-28 05:13:49.082   507   534 W OverlayManager: service 'idmap' died
05-28 05:13:49.585     0     0 I init    : Sending signal 9 to service 'idmap2d' (pid 415) process group...
05-28 05:13:49.594     0     0 I libprocessgroup: Successfully killed process cgroup uid 1000 pid 415 in 5ms
05-28 05:13:49.597     0     0 I init    : Control message: Processed ctl.stop for 'idmap2d' from pid: 507 (system_server)
05-28 05:13:49.602     0     0 I init    : Service 'idmap2d' (pid 415) received signal 9
05-28 05:13:49.098   507   507 I Telecom : PhoneAccountRegistrar: getSimCallManager: SimCallManager for subId 1 queried, returning: null: TSI.gSCMFU@AGk
05-28 05:13:49.100   507   507 I Telecom : PhoneAccountRegistrar: getSimCallManager: SimCallManager for subId 1 queried, returning: null: TSI.gSCMFU@AGo
05-28 05:13:49.106   507   606 E ReportEncoder: No watchlist hash
05-28 05:13:49.106   507   606 I WatchlistLoggingHandler: Milliseconds spent on tryAggregateRecords(): 9744
05-28 05:13:49.106   507   541 I DropBoxManagerService: add tag=system_server_strictmode isTagEnabled=true flags=0x2
05-28 05:13:49.148   507   540 W InputReader: Device virtio_input_multi_touch_10 is associated with display ADISPLAY_ID_NONE.
05-28 05:13:49.148   507   540 W InputReader: Device virtio_input_multi_touch_7 is associated with display ADISPLAY_ID_NONE.
05-28 05:13:49.148   507   540 W InputReader: Device virtio_input_multi_touch_4 is associated with display ADISPLAY_ID_NONE.
05-28 05:13:49.148   507   540 W InputReader: Device virtio_input_multi_touch_11 is associated with display ADISPLAY_ID_NONE.
05-28 05:13:49.148   507   540 W InputReader: Device virtio_input_multi_touch_5 is associated with display ADISPLAY_ID_NONE.
05-28 05:13:49.148   507   540 W InputReader: Device virtio_input_multi_touch_2 is associated with display ADISPLAY_ID_NONE.
05-28 05:13:49.148   507   540 W InputReader: Device virtio_input_multi_touch_6 is associated with display ADISPLAY_ID_NONE.
05-28 05:13:49.148   507   540 W InputReader: Device virtio_input_multi_touch_8 is associated with display ADISPLAY_ID_NONE.
05-28 05:13:49.148   507   540 W InputReader: Device virtio_input_multi_touch_9 is associated with display ADISPLAY_ID_NONE.
05-28 05:13:49.148   507   540 W InputReader: Device virtio_input_multi_touch_3 is associated with display ADISPLAY_ID_NONE.
05-28 05:13:49.163  2124  2124 I timeinitialize: The ClassLoaderContext is a special shared library.
05-28 05:13:49.170  2124  2150 I OneTimeInitializer: Updating to version 1.
05-28 05:13:49.121   507   541 I chatty  : uid=1000(system) android.io identical 8 lines
05-28 05:13:49.121   507   541 I DropBoxManagerService: add tag=system_server_strictmode isTagEnabled=true flags=0x2
05-28 05:13:49.170  2124  2150 E ActivityThread: Failed to find provider info for com.android.launcher2.settings
05-28 05:13:49.174   507   535 I ActivityManager: Killing 1644:com.android.printspooler/u0a87 (adj 985): empty #17
05-28 05:13:49.180   280   280 I Zygote  : Process 1644 exited due to signal 9 (Killed)
05-28 05:13:49.185   507   549 I ActivityManager: Start proc 2152:com.android.packageinstaller/u0a69 for broadcast {com.android.packageinstaller/com.android.packageinstaller.TemporaryFileManager}
05-28 05:13:49.188  2152  2152 W ackageinstalle: Unexpected CPU variant for X86 using defaults: x86_64
05-28 05:13:49.191   395   401 I adbd    : jdwp connection from 2152
05-28 05:13:49.201  2152  2152 I ackageinstalle: The ClassLoaderContext is a special shared library.
05-28 05:13:49.215   507   988 I ActivityManager: Killing 1769:com.android.sdksetup/u0a115 (adj 985): empty #17
05-28 05:13:49.221   747   747 I AutoRevokePermissions: Parsed teamfood setting value: null
05-28 05:13:49.222   280   280 I Zygote  : Process 1769 exited due to signal 9 (Killed)
05-28 05:13:49.222   747   747 I AutoRevokePermissions: Parsed teamfood setting value: null
05-28 05:13:49.222   747   747 I AutoRevokePermissions: scheduleAutoRevokePermissions with frequency 1296000000ms and threshold 7776000000ms
05-28 05:13:49.223   507   550 I libprocessgroup: Successfully killed process cgroup uid 10087 pid 1644 in 45ms
05-28 05:13:49.223   507   550 I libprocessgroup: Successfully killed process cgroup uid 10115 pid 1769 in 0ms
05-28 05:13:49.223   747   747 I AutoRevokePermissions: user 0 is a profile owner. Running Auto Revoke.
05-28 05:13:49.223   747   747 I AutoRevokePermissions: Parsed teamfood setting value: null
05-28 05:13:49.225   747   747 I AutoRevokePermissions: onStartJob
05-28 05:13:49.226   747   747 I AutoRevokePermissions: Skipping auto revoke first run when scheduled by system
05-28 05:13:49.228  1055  1055 I VvmSimStateTracker: android.intent.action.BOOT_COMPLETED
05-28 05:13:49.248   507   549 I ActivityManager: Start proc 2176:com.android.shell/2000 for broadcast {com.android.shell/com.android.shell.HeapDumpReceiver}
05-28 05:13:49.251  2176  2176 W m.android.shel: Unexpected CPU variant for X86 using defaults: x86_64
05-28 05:13:49.254   395   401 I adbd    : jdwp connection from 2176
05-28 05:13:49.265  2176  2176 I m.android.shel: The ClassLoaderContext is a special shared library.
05-28 05:13:49.282   507   534 I ActivityManager: Killing 1738:com.android.music/u0a111 (adj 985): empty #17
05-28 05:13:49.288   280   280 I Zygote  : Process 1738 exited due to signal 9 (Killed)
05-28 05:13:49.288  1055  1055 I m.android.phon: The ClassLoaderContext is a special shared library.
05-28 05:13:49.292  2198  2200 I cmd     : oneway function results will be dropped but finished with status OK and parcel size 4
05-28 05:13:49.297  1055  1055 W nsconfig: com.android.phone: New config does not match the previously set config.
05-28 05:13:49.307   507   549 I ActivityManager: Start proc 2203:com.android.traceur/u0a90 for broadcast {com.android.traceur/com.android.traceur.Receiver}
05-28 05:13:49.307  2203  2203 W android.traceu: Unexpected CPU variant for X86 using defaults: x86_64
05-28 05:13:49.314   395   401 I adbd    : jdwp connection from 2203
05-28 05:13:49.318  2204  2204 I abb     : StartCommandInProcess(73657474696e67730067657400676c6f settings.get.glo [truncated])
05-28 05:13:49.325   507   550 I libprocessgroup: Successfully killed process cgroup uid 10111 pid 1738 in 42ms
05-28 05:13:49.331  2204  2227 I abb     : oneway function results will be dropped but finished with status OK and parcel size 4
05-28 05:13:49.339  2203  2203 I android.traceu: The ClassLoaderContext is a special shared library.
05-28 05:13:49.837     0     0 W audit   : audit_lost=1 audit_rate_limit=5 audit_backlog_limit=64
05-28 05:13:49.849     0     0 E audit   : rate limit exceeded
05-28 05:13:49.328   507   507 W Binder:507_1: type=1400 audit(0.0:24): avc: denied { getopt } for scontext=u:r:system_server:s0 tcontext=u:r:shell:s0 tclass=unix_stream_socket permissive=0
05-28 05:13:49.352  2204  2204 I abb     : StartCommandInProcess(7061636b61676500696e7374616c6c00 package.install. [truncated])
05-28 05:13:49.361   507   988 I ActivityManager: Finished processing BOOT_COMPLETED for u0
05-28 05:13:49.362   507   988 I ActivityManager: Killing 1790:com.android.provision/u0a116 (adj 985): empty #17
05-28 05:13:49.372   280   280 I Zygote  : Process 1790 exited due to signal 9 (Killed)
05-28 05:13:49.375   507   549 I ActivityManager: Start proc 2232:com.android.quicksearchbox/u0a101 for broadcast {com.android.quicksearchbox/com.android.quicksearchbox.SearchWidgetProvider}
05-28 05:13:49.378  2232  2232 W .quicksearchbo: Unexpected CPU variant for X86 using defaults: x86_64
05-28 05:13:49.381   395   401 I adbd    : jdwp connection from 2232
05-28 05:13:49.390  2232  2232 I .quicksearchbo: The ClassLoaderContext is a special shared library.
05-28 05:13:49.391  2232  2232 I .quicksearchbo: The ClassLoaderContext is a special shared library.
05-28 05:13:49.405   507   550 I libprocessgroup: Successfully killed process cgroup uid 10116 pid 1790 in 42ms
05-28 05:13:49.412   507   996 I ActivityManager: Killing 1259:com.android.cellbroadcastreceiver.module/u0a129 (adj 985): empty #17
05-28 05:13:49.413  1420  1420 I Dialer  : VvmTaskReceiver - task received
05-28 05:13:49.413  1420  1420 I Dialer  : VvmTaskReceiver - TaskExecutor already running
05-28 05:13:49.413  1420  1420 I Dialer  : Task.createTask - create task:com.android.voicemail.impl.ActivationTask
05-28 05:13:49.413  1420  1420 I Dialer  : TaskQueue.add - duplicated task added
05-28 05:13:49.413  1420  1420 I Dialer  : VvmTaskExecutor - com.android.voicemail.impl.ActivationTask@2d7a775 added
05-28 05:13:49.421   507   610 W RuleEvaluation: Integrity rule files are not available.
05-28 05:13:49.421   507   565 I PackageManager: Integrity check passed for file:///data/app/vmdl496618068.tmp
05-28 05:13:49.424   280   280 I Zygote  : Process 1259 exited due to signal 9 (Killed)
05-28 05:13:49.424   507   549 I ActivityManager: Start proc 2253:com.android.externalstorage/u0a68 for broadcast {com.android.externalstorage/com.android.externalstorage.MountReceiver}
05-28 05:13:49.427  2253  2253 W externalstorag: Unexpected CPU variant for X86 using defaults: x86_64
05-28 05:13:49.434   395   401 I adbd    : jdwp connection from 2253
05-28 05:13:49.437   507   565 I PackageManager: Permission ownership changed. Updating all permissions.
05-28 05:13:49.454   507   550 I libprocessgroup: Successfully killed process cgroup uid 10129 pid 1259 in 41ms
05-28 05:13:49.463   418   580 E installd: Couldn't opendir /data/app/vmdl496618068.tmp: No such file or directory
05-28 05:13:49.463   418   580 E installd: Failed to delete /data/app/vmdl496618068.tmp: No such file or directory
05-28 05:13:49.463  2253  2253 I externalstorag: The ClassLoaderContext is a special shared library.
05-28 05:13:49.464  2204  2227 I abb     : oneway function results will be dropped but finished with status OK and parcel size 4
05-28 05:13:49.467   507   518 W JavaBinder: BinderProxy is being destroyed but the application did not call unlinkToDeath to unlink all of its death recipients beforehand.  Releasing leaked death recipient: com.android.server.AlarmManagerService$2
05-28 05:13:49.467   507   518 I BpBinder: onLastStrongRef automatically unlinking death recipients: <uncached descriptor>
05-28 05:13:49.467   507   518 W JavaBinder: BinderProxy is being destroyed but the application did not call unlinkToDeath to unlink all of its death recipients beforehand.  Releasing leaked death recipient: com.android.server.AlarmManagerService$2
05-28 05:13:49.467   507   518 W JavaBinder: BinderProxy is being destroyed but the application did not call unlinkToDeath to unlink all of its death recipients beforehand.  Releasing leaked death recipient: com.android.server.AlarmManagerService$2
05-28 05:13:49.467   507   518 I BpBinder: onLastStrongRef automatically unlinking death recipients: <uncached descriptor>
05-28 05:13:49.467   507   518 W JavaBinder: BinderProxy is being destroyed but the application did not call unlinkToDeath to unlink all of its death recipients beforehand.  Releasing leaked death recipient: com.android.server.AlarmManagerService$2
05-28 05:13:49.467   507   518 I BpBinder: onLastStrongRef automatically unlinking death recipients: <uncached descriptor>
05-28 05:13:49.477   507   507 I Telecom : DefaultDialerCache: Refreshing default dialer for user 0: now com.android.dialer: DDC.oR@AGs
05-28 05:13:49.477   507   604 I InputReader: Reconfiguring input devices, changes=KEYBOARD_LAYOUTS | 
05-28 05:13:49.478   747   781 I PermissionControllerServiceImpl: Updating user sensitive for uid 10130
05-28 05:13:49.478  1442  1442 I MediaProvider: Invalidating LocalCallingIdentity cache for package io.github.ylimit.droidbotapp. Reason: package android.intent.action.PACKAGE_ADDED
05-28 05:13:49.488   747  2272 E BackupHelper: Could not parse delayed permissions
05-28 05:13:49.488   747  2272 E BackupHelper: java.io.FileNotFoundException: /data/user_de/0/com.android.permissioncontroller/files/delayed_restore_permissions.xml: open failed: ENOENT (No such file or directory)
05-28 05:13:49.488   747  2272 E BackupHelper: 	at libcore.io.IoBridge.open(IoBridge.java:492)
05-28 05:13:49.488   747  2272 E BackupHelper: 	at java.io.FileInputStream.<init>(FileInputStream.java:160)
05-28 05:13:49.488   747  2272 E BackupHelper: 	at android.app.ContextImpl.openFileInput(ContextImpl.java:636)
05-28 05:13:49.488   747  2272 E BackupHelper: 	at com.android.permissioncontroller.permission.service.BackupHelper.restoreDelayedState(BackupHelper.java:338)
05-28 05:13:49.488   747  2272 E BackupHelper: 	at com.android.permissioncontroller.permission.service.PermissionControllerServiceImpl.onRestoreDelayedRuntimePermissionsBackup(PermissionControllerServiceImpl.java:413)
05-28 05:13:49.488   747  2272 E BackupHelper: 	at com.android.permissioncontroller.permission.service.PermissionControllerServiceImpl.lambda$onApplyStagedRuntimePermissionBackup$4(PermissionControllerServiceImpl.java:407)
05-28 05:13:49.488   747  2272 E BackupHelper: 	at com.android.permissioncontroller.permission.service.PermissionControllerServiceImpl.lambda$onApplyStagedRuntimePermissionBackup$4$PermissionControllerServiceImpl(Unknown Source:0)
05-28 05:13:49.488   747  2272 E BackupHelper: 	at com.android.permissioncontroller.permission.service.-$$Lambda$PermissionControllerServiceImpl$mE7NqZpMEJTKa_y63m6czFzewlg.run(Unknown Source:8)
05-28 05:13:49.488   747  2272 E BackupHelper: 	at android.os.AsyncTask$SerialExecutor$1.run(AsyncTask.java:305)
05-28 05:13:49.488   747  2272 E BackupHelper: 	at java.util.concurrent.ThreadPoolExecutor.runWorker(ThreadPoolExecutor.java:1167)
05-28 05:13:49.488   747  2272 E BackupHelper: 	at java.util.concurrent.ThreadPoolExecutor$Worker.run(ThreadPoolExecutor.java:641)
05-28 05:13:49.488   747  2272 E BackupHelper: 	at java.lang.Thread.run(Thread.java:923)
05-28 05:13:49.488   747  2272 E BackupHelper: Caused by: android.system.ErrnoException: open failed: ENOENT (No such file or directory)
05-28 05:13:49.488   747  2272 E BackupHelper: 	at libcore.io.Linux.open(Native Method)
05-28 05:13:49.488   747  2272 E BackupHelper: 	at libcore.io.ForwardingOs.open(ForwardingOs.java:166)
05-28 05:13:49.488   747  2272 E BackupHelper: 	at libcore.io.BlockGuardOs.open(BlockGuardOs.java:254)
05-28 05:13:49.488   747  2272 E BackupHelper: 	at libcore.io.ForwardingOs.open(ForwardingOs.java:166)
05-28 05:13:49.488   747  2272 E BackupHelper: 	at android.app.ActivityThread$AndroidOs.open(ActivityThread.java:7542)
05-28 05:13:49.488   747  2272 E BackupHelper: 	at libcore.io.IoBridge.open(IoBridge.java:478)
05-28 05:13:49.488   747  2272 E BackupHelper: 	... 11 more
05-28 05:13:49.490   507   547 W VoiceInteractionManager: no available voice recognition services found for user 0
05-28 05:13:49.498  2253  2253 I chatty  : uid=10068(com.android.externalstorage) identical 1 line
05-28 05:13:49.504   507   995 I ActivityManager: Killing 1927:com.android.calendar/u0a109 (adj 985): empty #17
05-28 05:13:49.508   280   280 I Zygote  : Process 1927 exited due to signal 9 (Killed)
05-28 05:13:49.526  2279  2280 I cmd     : oneway function results will be dropped but finished with status OK and parcel size 4
05-28 05:13:49.540   507   995 W BroadcastQueue: Background execution not allowed: receiving Intent { act=android.intent.action.PACKAGE_ADDED dat=package:io.github.ylimit.droidbotapp flg=0x4000010 (has extras) } to com.android.packageinstaller/.PackageInstalledReceiver
05-28 05:13:49.540   507   548 W BroadcastQueue: Background execution not allowed: receiving Intent { act=android.intent.action.PACKAGE_ADDED dat=package:io.github.ylimit.droidbotapp flg=0x4000010 (has extras) } to com.android.gallery3d/.app.PackagesMonitor
05-28 05:13:49.540  1442  2282 I MediaProvider: Begin Intent { act=android.intent.action.MEDIA_MOUNTED dat=file:///storage/emulated/0 flg=0x5000010 cmp=com.android.providers.media.module/com.android.providers.media.MediaService (has extras) }
05-28 05:13:49.550   507   550 I libprocessgroup: Successfully killed process cgroup uid 10109 pid 1927 in 45ms
05-28 05:13:49.558  2287  2292 I cmd     : oneway function results will be dropped but finished with status OK and parcel size 4
05-28 05:13:49.572   507   549 I ActivityManager: Start proc 2293:io.github.ylimit.droidbotapp/u0a130 for service {io.github.ylimit.droidbotapp/io.github.privacystreams.accessibility.PSAccessibilityService}
05-28 05:13:49.576  1442  2282 I MediaProvider: Changed schema version on internal from 0 to 1114, 0 items taking 28ms
05-28 05:13:49.578  2293  2293 I mit.droidbotap: Late-enabling -Xcheck:jni
05-28 05:13:49.595  2293  2293 I mit.droidbotap: Unquickening 12 vdex files!
05-28 05:13:49.599  2293  2293 W mit.droidbotap: Unexpected CPU variant for X86 using defaults: x86_64
05-28 05:13:49.634   936  1837 E FrameEvents: updateAcquireFence: Did not find frame.
05-28 05:13:49.637   395   401 I adbd    : jdwp connection from 2293
05-28 05:13:49.691  1621  1643 W MediaProvider: No column annotation provided; not creating views
05-28 05:13:49.693  1621  1643 W MediaProvider: No column annotation provided; not creating views
05-28 05:13:49.759   395   395 E adbd    : failed to connect to socket 'tcp:7336': Connection refused
05-28 05:13:49.766   395   395 E adbd    : failed to connect to socket 'tcp:7336': Connection refused
05-28 05:13:49.767  1442  2282 W ModernMediaScanner: Failed to visit /system/media: java.nio.file.NoSuchFileException: /system/media
05-28 05:13:49.773   395   395 E adbd    : failed to connect to socket 'tcp:7336': Connection refused
05-28 05:13:49.774  1442  2282 I MediaProvider: Scanned internal due to REASON_MOUNTED, found 0 items in 10ms, 0 inserts 0 updates 0 deletes
05-28 05:13:49.775  1442  2282 W ModernMediaScanner: Failed to visit /oem/media: java.nio.file.NoSuchFileException: /oem/media
05-28 05:13:49.775  1442  2282 I MediaProvider: Scanned internal due to REASON_MOUNTED, found 0 items in 0ms, 0 inserts 0 updates 0 deletes
05-28 05:13:49.780   395   395 E adbd    : failed to connect to socket 'tcp:7336': Connection refused
05-28 05:13:49.786   395   395 E adbd    : failed to connect to socket 'tcp:7336': Connection refused
05-28 05:13:49.793   395   395 E adbd    : failed to connect to socket 'tcp:7336': Connection refused
05-28 05:13:49.799   395   395 I chatty  : uid=2000(shell) /apex/com.android.adbd/bin/adbd identical 1 line
05-28 05:13:49.806   395   395 E adbd    : failed to connect to socket 'tcp:7336': Connection refused
05-28 05:13:49.815   395   395 E adbd    : failed to connect to socket 'tcp:7336': Connection refused
05-28 05:13:49.852   395   395 E adbd    : failed to connect to socket 'tcp:7336': Connection refused
05-28 05:13:49.875   395   395 I chatty  : uid=2000(shell) /apex/com.android.adbd/bin/adbd identical 3 lines
05-28 05:13:49.882   395   395 E adbd    : failed to connect to socket 'tcp:7336': Connection refused
05-28 05:13:49.901  2340  2346 I cmd     : oneway function results will be dropped but finished with status OK and parcel size 4
05-28 05:13:49.909  1312  1312 I InputAttributes: InputType.TYPE_NULL is specified
05-28 05:13:49.909   326   326 I android.hardware.vibrator-service.example: Vibrator reporting capabilities
05-28 05:13:49.925   507   541 I DropBoxManagerService: add tag=system_app_strictmode isTagEnabled=true flags=0x2
05-28 05:13:49.943  1312  1377 I LatinIME:LogUtils: Dictionary info: dictionary = UserHistoryDictionary.en_US ; version = 1779945224 ; date = 1779945229
05-28 05:13:49.950  2349  2352 I cmd     : oneway function results will be dropped but finished with status OK and parcel size 4
05-28 05:13:49.971   507   995 I ActivityManager: Killing 1958:com.android.camera2/u0a110 (adj 975): empty #17
05-28 05:13:49.974   280   280 I Zygote  : Process 1958 exited due to signal 9 (Killed)
05-28 05:13:50.483     0     0 W perfetto: disabled ftrace
05-28 05:13:49.976   407   407 I perfetto: probes_producer.cc:329  Producer stop (id=1)
05-28 05:13:49.978   407   407 I perfetto: ftrace_procfs.cc:183    disabled ftrace
05-28 05:13:49.981   409   409 I perfetto: ng_service_impl.cc:1948 Tracing session 1 ended, total sessions:0
05-28 05:13:49.988   507   539 I RoleManagerService: Granting default roles...
05-28 05:13:50.009   507   995 W ActivityTaskManager: Current config: {1.0 310mcc260mnc [en_US] ldltr sw320dp w320dp h616dp 160dpi nrml long port finger qwerty/v/v -nav/h winConfig={ mBounds=Rect(0, 0 - 320, 640) mAppBounds=Rect(0, 0 - 320, 640) mWindowingMode=fullscreen mDisplayWindowingMode=fullscreen mActivityType=undefined mAlwaysOnTop=undefined mRotation=ROTATION_0} s.8} unchanged for IME proc io.github.ylimit.droidbotapp
05-28 05:13:50.013   507   550 I libprocessgroup: Successfully killed process cgroup uid 10110 pid 1958 in 40ms
05-28 05:13:50.009   507   995 W ActivityTaskManager: Current config: {1.0 310mcc260mnc [en_US] ldltr sw320dp w320dp h616dp 160dpi nrml long port finger qwerty/v/v -nav/h winConfig={ mBounds=Rect(0, 0 - 320, 640) mAppBounds=Rect(0, 0 - 320, 640) mWindowingMode=fullscreen mDisplayWindowingMode=fullscreen mActivityType=undefined mAlwaysOnTop=undefined mRotation=ROTATION_0} s.8} unchanged for IME proc io.github.ylimit.droidbotapp
05-28 05:13:50.181  1504  1504 W ContextImpl: Calling a method in the system process without a qualified user: android.app.ContextImpl.startService:1669 android.content.ContextWrapper.startService:720 android.content.ContextWrapper.startService:720 com.android.emulator.multidisplay.MultiDisplayServiceReceiver.onReceive:33 android.app.ActivityThread.handleReceiver:4032 
05-28 05:13:50.183  2382  2384 I cmd     : oneway function results will be dropped but finished with status OK and parcel size 4
05-28 05:13:50.190  1504  2386 I android_emulator_multidisplay_JNI: multidisplay pipe connected!!!
05-28 05:13:50.190  1504  2386 E MultiDisplayService: invalid parameters for add/modify display
05-28 05:13:50.214  2378  2378 E libc    : Access denied finding property "persist.device_config.runtime_native_boot.profilebootclasspath"
05-28 05:13:50.214  2378  2378 E libc    : Access denied finding property "persist.device_config.runtime_native_boot.enable_apex_image"
05-28 05:13:50.214  2378  2378 I AndroidRuntime: Using default boot image
05-28 05:13:50.214  2378  2378 E libc    : Access denied finding property "persist.device_config.runtime_native_boot.disable_lock_profiling"
05-28 05:13:50.214  2378  2378 I AndroidRuntime: Leaving lock profiling enabled
05-28 05:13:50.215  2378  2378 E libc    : Access denied finding property "persist.device_config.runtime_native_boot.enable_generational_cc"
05-28 05:13:50.216  2378  2378 I app_process: Core platform API reporting enabled, enforcing=false
05-28 05:13:50.204  2378  2378 W app_process: type=1400 audit(0.0:31): avc: denied { read } for name="u:object_r:device_config_runtime_native_boot_prop:s0" dev="tmpfs" ino=179 scontext=u:r:shell:s0 tcontext=u:object_r:device_config_runtime_native_boot_prop:s0 tclass=file permissive=0
05-28 05:13:50.212  2378  2378 I chatty  : uid=2000(shell) main identical 1 line
05-28 05:13:50.212  2378  2378 W app_process: type=1400 audit(0.0:33): avc: denied { read } for name="u:object_r:device_config_runtime_native_boot_prop:s0" dev="tmpfs" ino=179 scontext=u:r:shell:s0 tcontext=u:object_r:device_config_runtime_native_boot_prop:s0 tclass=file permissive=0
05-28 05:13:50.278  2378  2378 W app_process: Unexpected CPU variant for X86 using defaults: x86_64
05-28 05:13:50.278  2378  2378 I app_process: The ClassLoaderContext is a special shared library.
05-28 05:13:50.212  2378  2378 W app_process: type=1400 audit(0.0:34): avc: denied { read } for name="u:object_r:device_config_runtime_native_boot_prop:s0" dev="tmpfs" ino=179 scontext=u:r:shell:s0 tcontext=u:object_r:device_config_runtime_native_boot_prop:s0 tclass=file permissive=0
05-28 05:13:50.289  2378  2378 W app_process: JNI RegisterNativeMethods: attempt to register 0 native methods for android.media.AudioAttributes
05-28 05:13:50.711  1442  2282 W ModernMediaScanner: Failed to apply ContentProviderOperation(type=insert uri=content://media/internal/file values={instance_id=null, compilation=null, disc_number=null, duration=12800, is_ringtone=1, album_artist=null, resolution=null, orientation=null, artist=<unknown>, author=null, height=null, is_drm=0, is_audiobook=0, date_modified=1683213431, writer=null, composer=null, datetaken=null, mime_type=audio/ogg, is_notification=0, bitrate=112000, cd_track_number=null, xmp=[], year=null, _data=/product/media/audio/ringtones/UrsaMinor.ogg, _size=185005, album=ringtones, genre=null, is_alarm=0, title=UrsaMinor, width=null, is_music=0, document_id=null, is_podcast=0, capture_framerate=null, num_tracks=1, original_document_id=null, media_type=2} exceptionAllowed)
05-28 05:13:50.711  1442  2282 W ModernMediaScanner: android.database.sqlite.SQLiteConstraintException: UNIQUE constraint failed: files._data (code 2067 SQLITE_CONSTRAINT_UNIQUE)
05-28 05:13:50.711  1442  2282 W ModernMediaScanner: 	at android.database.sqlite.SQLiteConnection.nativeExecuteForLastInsertedRowId(Native Method)
05-28 05:13:50.711  1442  2282 W ModernMediaScanner: 	at android.database.sqlite.SQLiteConnection.executeForLastInsertedRowId(SQLiteConnection.java:938)
05-28 05:13:50.711  1442  2282 W ModernMediaScanner: 	at android.database.sqlite.SQLiteSession.executeForLastInsertedRowId(SQLiteSession.java:790)
05-28 05:13:50.711  1442  2282 W ModernMediaScanner: 	at android.database.sqlite.SQLiteStatement.executeInsert(SQLiteStatement.java:88)
05-28 05:13:50.711  1442  2282 W ModernMediaScanner: 	at com.android.providers.media.util.DatabaseUtils.executeInsert(DatabaseUtils.java:457)
05-28 05:13:50.711  1442  2282 W ModernMediaScanner: 	at com.android.providers.media.util.SQLiteQueryBuilder.insert(SQLiteQueryBuilder.java:597)
05-28 05:13:50.711  1442  2282 W ModernMediaScanner: 	at com.android.providers.media.util.SQLiteQueryBuilder.lambda$insert$1(SQLiteQueryBuilder.java:561)
05-28 05:13:50.711  1442  2282 W ModernMediaScanner: 	at com.android.providers.media.util.SQLiteQueryBuilder.lambda$insert$1$SQLiteQueryBuilder(Unknown Source:0)
05-28 05:13:50.711  1442  2282 W ModernMediaScanner: 	at com.android.providers.media.util.-$$Lambda$SQLiteQueryBuilder$YklJ51_aF7j8568p4VYgJs-CWNI.apply(Unknown Source:6)
05-28 05:13:50.711  1442  2282 W ModernMediaScanner: 	at com.android.providers.media.DatabaseHelper.runWithTransaction(DatabaseHelper.java:555)
05-28 05:13:50.711  1442  2282 W ModernMediaScanner: 	at com.android.providers.media.util.SQLiteQueryBuilder.insert(SQLiteQueryBuilder.java:560)
05-28 05:13:50.711  1442  2282 W ModernMediaScanner: 	at com.android.providers.media.MediaProvider.lambda$insertAllowingUpsert$14(MediaProvider.java:3066)
05-28 05:13:50.711  1442  2282 W ModernMediaScanner: 	at com.android.providers.media.MediaProvider.lambda$insertAllowingUpsert$14$MediaProvider(Unknown Source:0)
05-28 05:13:50.711  1442  2282 W ModernMediaScanner: 	at com.android.providers.media.-$$Lambda$MediaProvider$FjHWs2-fjgG761OzVFzdTX4EWZg.apply(Unknown Source:13)
05-28 05:13:50.711  1442  2282 W ModernMediaScanner: 	at com.android.providers.media.DatabaseHelper.runWithTransaction(DatabaseHelper.java:555)
05-28 05:13:50.711  1442  2282 W ModernMediaScanner: 	at com.android.providers.media.MediaProvider.insertAllowingUpsert(MediaProvider.java:3056)
05-28 05:13:50.711  1442  2282 W ModernMediaScanner: 	at com.android.providers.media.MediaProvider.insertFile(MediaProvider.java:3038)
05-28 05:13:50.711  1442  2282 W ModernMediaScanner: 	at com.android.providers.media.MediaProvider.insertInternal(MediaProvider.java:3470)
05-28 05:13:50.711  1442  2282 W ModernMediaScanner: 	at com.android.providers.media.MediaProvider.insert(MediaProvider.java:3198)
05-28 05:13:50.711  1442  2282 W ModernMediaScanner: 	at android.content.ContentProviderOperation.applyInternal(ContentProviderOperation.java:375)
05-28 05:13:50.711  1442  2282 W ModernMediaScanner: 	at android.content.ContentProviderOperation.apply(ContentProviderOperation.java:347)
05-28 05:13:50.711  1442  2282 W ModernMediaScanner: 	at android.content.ContentProvider.applyBatch(ContentProvider.java:2422)
05-28 05:13:50.711  1442  2282 W ModernMediaScanner: 	at com.android.providers.media.MediaProvider.applyBatch(MediaProvider.java:3522)
05-28 05:13:50.711  1442  2282 W ModernMediaScanner: 	at android.content.ContentProvider.applyBatch(ContentProvider.java:2413)
05-28 05:13:50.711  1442  2282 W ModernMediaScanner: 	at android.content.ContentResolver.applyBatch(ContentResolver.java:2186)
05-28 05:13:50.711  1442  2282 W ModernMediaScanner: 	at com.android.providers.media.scan.ModernMediaScanner$Scan.applyPending(ModernMediaScanner.java:699)
05-28 05:13:50.711  1442  2282 W ModernMediaScanner: 	at com.android.providers.media.scan.ModernMediaScanner$Scan.maybeApplyPending(ModernMediaScanner.java:689)
05-28 05:13:50.711  1442  2282 W ModernMediaScanner: 	at com.android.providers.media.scan.ModernMediaScanner$Scan.visitFile(ModernMediaScanner.java:649)
05-28 05:13:50.711  1442  2282 W ModernMediaScanner: 	at com.android.providers.media.scan.ModernMediaScanner$Scan.visitFile(ModernMediaScanner.java:272)
05-28 05:13:50.711  1442  2282 W ModernMediaScanner: 	at java.nio.file.Files.walkFileTree(Files.java:2670)
05-28 05:13:50.711  1442  2282 W ModernMediaScanner: 	at java.nio.file.Files.walkFileTree(Files.java:2742)
05-28 05:13:50.711  1442  2282 W ModernMediaScanner: 	at com.android.providers.media.scan.ModernMediaScanner$Scan.walkFileTree(ModernMediaScanner.java:366)
05-28 05:13:50.711  1442  2282 W ModernMediaScanner: 	at com.android.providers.media.scan.ModernMediaScanner$Scan.run(ModernMediaScanner.java:329)
05-28 05:13:50.711  1442  2282 W ModernMediaScanner: 	at com.android.providers.media.scan.ModernMediaScanner.scanDirectory(ModernMediaScanner.java:226)
05-28 05:13:50.711  1442  2282 W ModernMediaScanner: 	at com.android.providers.media.MediaProvider.scanDirectory(MediaProvider.java:1111)
05-28 05:13:50.711  1442  2282 W ModernMediaScanner: 	at com.android.providers.media.MediaService.onScanVolume(MediaService.java:148)
05-28 05:13:50.711  1442  2282 W ModernMediaScanner: 	at com.android.providers.media.MediaService.onScanVolume(MediaService.java:117)
05-28 05:13:50.711  1442  2282 W ModernMediaScanner: 	at com.android.providers.media.MediaService.onScanVolume(MediaService.java:108)
05-28 05:13:50.711  1442  2282 W ModernMediaScanner: 	at com.android.providers.media.MediaService.onHandleWork(MediaService.java:71)
05-28 05:13:50.711  1442  2282 W ModernMediaScanner: 	at androidx.core.app.JobIntentService$CommandProcessor.doInBackground(JobIntentService.java:391)
05-28 05:13:50.711  1442  2282 W ModernMediaScanner: 	at androidx.core.app.JobIntentService$CommandProcessor.doInBackground(JobIntentService.java:382)
05-28 05:13:50.711  1442  2282 W ModernMediaScanner: 	at android.os.AsyncTask$3.call(AsyncTask.java:394)
05-28 05:13:50.711  1442  2282 W ModernMediaScanner: 	at java.util.concurrent.FutureTask.run(FutureTask.java:266)
05-28 05:13:50.711  1442  2282 W ModernMediaScanner: 	at java.util.concurrent.ThreadPoolExecutor.runWorker(ThreadPoolExecutor.java:1167)
05-28 05:13:50.711  1442  2282 W ModernMediaScanner: 	at java.util.concurrent.ThreadPoolExecutor$Worker.run(ThreadPoolExecutor.java:641)
05-28 05:13:50.711  1442  2282 W ModernMediaScanner: 	at java.lang.Thread.run(Thread.java:923)
05-28 05:13:50.776  2405  2405 E libc    : Access denied finding property "persist.device_config.runtime_native_boot.profilebootclasspath"
05-28 05:13:50.772  2405  2405 W app_process: type=1400 audit(0.0:35): avc: denied { read } for name="u:object_r:device_config_runtime_native_boot_prop:s0" dev="tmpfs" ino=179 scontext=u:r:shell:s0 tcontext=u:object_r:device_config_runtime_native_boot_prop:s0 tclass=file permissive=0
05-28 05:13:51.282     0     0 W audit   : audit_lost=7 audit_rate_limit=5 audit_backlog_limit=64
05-28 05:13:51.285     0     0 E audit   : rate limit exceeded
05-28 05:13:50.789  2405  2405 E libc    : Access denied finding property "persist.device_config.runtime_native_boot.enable_apex_image"
05-28 05:13:50.789  2405  2405 I AndroidRuntime: Using default boot image
05-28 05:13:50.789  2405  2405 E libc    : Access denied finding property "persist.device_config.runtime_native_boot.disable_lock_profiling"
05-28 05:13:50.789  2405  2405 I AndroidRuntime: Leaving lock profiling enabled
05-28 05:13:50.789  2405  2405 E libc    : Access denied finding property "persist.device_config.runtime_native_boot.enable_generational_cc"
05-28 05:13:50.791  2405  2405 I app_process: Core platform API reporting enabled, enforcing=false
05-28 05:13:50.843  2405  2405 W app_process: Unexpected CPU variant for X86 using defaults: x86_64
05-28 05:13:50.844  2405  2405 I app_process: The ClassLoaderContext is a special shared library.
05-28 05:13:50.852  2405  2405 W app_process: JNI RegisterNativeMethods: attempt to register 0 native methods for android.media.AudioAttributes
05-28 05:13:51.314   507   565 I AppsFilter: interaction: PackageSetting{211c1d2 io.github.ylimit.droidbotapp/10130} -> PackageSetting{509b2a3 com.android.camera2/10110} BLOCKED
05-28 05:13:51.314   507   565 I AppsFilter: interaction: PackageSetting{211c1d2 io.github.ylimit.droidbotapp/10130} -> PackageSetting{6a0e9a0 com.android.calendar/10109} BLOCKED
05-28 05:13:51.314   507   565 I AppsFilter: interaction: PackageSetting{211c1d2 io.github.ylimit.droidbotapp/10130} -> PackageSetting{b726959 com.android.gallery3d/10112} BLOCKED
05-28 05:13:51.314   507   565 I AppsFilter: interaction: PackageSetting{211c1d2 io.github.ylimit.droidbotapp/10130} -> PackageSetting{fa6291e com.android.inputmethod.latin/10103} BLOCKED
05-28 05:13:51.314   507   565 I AppsFilter: interaction: PackageSetting{211c1d2 io.github.ylimit.droidbotapp/10130} -> PackageSetting{57ad5ff com.android.cellbroadcastreceiver.module/10129} BLOCKED
05-28 05:13:51.315  2204  2204 I abb     : StartCommandInProcess(73657474696e67730067657400676c6f settings.get.glo [truncated])
05-28 05:13:51.319  2204  2274 I abb     : oneway function results will be dropped but finished with status OK and parcel size 4
05-28 05:13:51.333   507   604 I InputReader: Reconfiguring input devices, changes=KEYBOARD_LAYOUTS | 
05-28 05:13:51.334   507   604 I InputReader: Reconfiguring input devices, changes=KEYBOARD_LAYOUTS | 
05-28 05:13:51.337   507   604 I InputReader: Reconfiguring input devices, changes=KEYBOARD_LAYOUTS | 
05-28 05:13:51.338   507   507 I Telecom : DefaultDialerCache: Refreshing default dialer for user 0: now com.android.dialer: DDC.oR@AG4
05-28 05:13:51.339   747  2275 I PermissionControllerServiceImpl: Updating user sensitive for uid 10105
05-28 05:13:51.340   507   547 W VoiceInteractionManager: no available voice interaction services found for user 0
05-28 05:13:51.342   507   604 I InputReader: Reconfiguring input devices, changes=KEYBOARD_LAYOUTS | 
05-28 05:13:51.342   507   507 I Telecom : DefaultDialerCache: Refreshing default dialer for user 0: now com.android.dialer: DDC.oR@AG8
05-28 05:13:51.343   507   507 I Telecom : DefaultDialerCache: Refreshing default dialer for user 0: now com.android.dialer: DDC.oR@AHA
05-28 05:13:51.344   747  2275 I PermissionControllerServiceImpl: Updating user sensitive for uid 10110
05-28 05:13:51.345   747  2275 I PermissionControllerServiceImpl: Updating user sensitive for uid 1001
05-28 05:13:51.347   507   547 W VoiceInteractionManager: no available voice interaction services found for user 0
05-28 05:13:51.347   747  2275 I PermissionControllerServiceImpl: Updating user sensitive for uid 10116
05-28 05:13:51.356   507   507 I Telecom : DefaultDialerCache: Refreshing default dialer for user 0: now com.android.dialer: DDC.oR@AHE
05-28 05:13:51.316   507   507 W Binder:507_D: type=1400 audit(0.0:39): avc: denied { getopt } for scontext=u:r:system_server:s0 tcontext=u:r:shell:s0 tclass=unix_stream_socket permissive=0
05-28 05:13:51.379   507   547 W VoiceInteractionManager: no available voice interaction services found for user 0
05-28 05:13:51.386   507   604 I InputReader: Reconfiguring input devices, changes=KEYBOARD_LAYOUTS | 
05-28 05:13:51.392   507   604 I InputReader: Reconfiguring input devices, changes=KEYBOARD_LAYOUTS | 
05-28 05:13:51.392   507   507 I Telecom : DefaultDialerCache: Refreshing default dialer for user 0: now com.android.dialer: DDC.oR@AHI
05-28 05:13:51.393   507   547 W VoiceInteractionManager: no available voice interaction services found for user 0
05-28 05:13:51.396   507   507 I Telecom : DefaultDialerCache: Refreshing default dialer for user 0: now com.android.dialer: DDC.oR@AHM
05-28 05:13:51.401   507   507 I Telecom : DefaultDialerCache: Refreshing default dialer for user 0: now com.android.dialer: DDC.oR@AHQ
05-28 05:13:51.402   507   547 W VoiceInteractionManager: no available voice interaction services found for user 0
05-28 05:13:51.403   507   604 I InputReader: Reconfiguring input devices, changes=KEYBOARD_LAYOUTS | 
05-28 05:13:51.410  2204  2204 I abb     : StartCommandInProcess(7061636b61676500696e7374616c6c00 package.install. [truncated])
05-28 05:13:51.424   507   604 I InputReader: Reconfiguring input devices, changes=KEYBOARD_LAYOUTS | 
05-28 05:13:51.425   507   507 I Telecom : DefaultDialerCache: Refreshing default dialer for user 0: now com.android.dialer: DDC.oR@AHU
05-28 05:13:51.429   507   507 I Telecom : DefaultDialerCache: Refreshing default dialer for user 0: now com.android.dialer: DDC.oR@AHY
05-28 05:13:51.430   507   604 I InputReader: Reconfiguring input devices, changes=KEYBOARD_LAYOUTS | 
05-28 05:13:51.430   507   547 W VoiceInteractionManager: no available voice interaction services found for user 0
05-28 05:13:51.442   507   604 I InputReader: Reconfiguring input devices, changes=KEYBOARD_LAYOUTS | 
05-28 05:13:51.442   507   604 I InputReader: Reconfiguring input devices, changes=KEYBOARD_LAYOUTS | 
05-28 05:13:51.445   507   547 W VoiceInteractionManager: no available voice interaction services found for user 0
05-28 05:13:51.456   507   507 I Telecom : DefaultDialerCache: Refreshing default dialer for user 0: now com.android.dialer: DDC.oR@AHc
05-28 05:13:51.457   507   604 I InputReader: Reconfiguring input devices, changes=KEYBOARD_LAYOUTS | 
05-28 05:13:51.458   507   507 I Telecom : DefaultDialerCache: Refreshing default dialer for user 0: now com.android.dialer: DDC.oR@AHg
05-28 05:13:51.459   507   507 I Telecom : DefaultDialerCache: Refreshing default dialer for user 0: now com.android.dialer: DDC.oR@AHk
05-28 05:13:51.461   507   547 W VoiceInteractionManager: no available voice interaction services found for user 0
05-28 05:13:51.468  1808  1843 I gedprovisionin: Waiting for a blocking GC ProfileSaver
05-28 05:13:51.469   507   547 E system_server: No package ID 7f found for ID 0x7f080271.
05-28 05:13:51.469   507   547 E system_server: No package ID 7f found for ID 0x7f1212ec.
05-28 05:13:51.469   507   547 E system_server: No package ID 7f found for ID 0x7f080270.
05-28 05:13:51.469   507   547 E system_server: No package ID 7f found for ID 0x7f120592.
05-28 05:13:51.469   507   547 E system_server: No package ID 7f found for ID 0x7f08026f.
05-28 05:13:51.469   507   547 E system_server: No package ID 7f found for ID 0x7f120c2b.
05-28 05:13:51.475  1808  1843 I gedprovisionin: WaitForGcToComplete blocked ProfileSaver on ClassLinker for 6.441ms
05-28 05:13:51.316   507   507 W Binder:507_D: type=1400 audit(0.0:40): avc: denied { getopt } for scontext=u:r:system_server:s0 tcontext=u:r:shell:s0 tclass=unix_stream_socket permissive=0
05-28 05:13:51.499  2432  2437 I cmd     : oneway function results will be dropped but finished with status OK and parcel size 4
05-28 05:13:51.316   507   507 W Binder:507_D: type=1400 audit(0.0:41): avc: denied { getopt } for scontext=u:r:system_server:s0 tcontext=u:r:shell:s0 tclass=unix_stream_socket permissive=0
05-28 05:13:51.548  1055  1055 I chatty  : uid=1001(radio) com.android.phone identical 2 lines
05-28 05:13:51.571   747  2275 I PermissionControllerServiceImpl: Updating user sensitive for uid 10109
05-28 05:13:51.571   747  2275 I PermissionControllerServiceImpl: Updating user sensitive for uid 10112
05-28 05:13:51.571   747  2275 I PermissionControllerServiceImpl: Updating user sensitive for uid 10103
05-28 05:13:51.578   747   778 I PermissionControllerServiceImpl: Updating user sensitive for uid 10129
05-28 05:13:51.578   747   778 I PermissionControllerServiceImpl: Updating user sensitive for uid 1000
05-28 05:13:51.583   747   778 I PermissionControllerServiceImpl: Updating user sensitive for uid 10121
05-28 05:13:51.583   747   778 I PermissionControllerServiceImpl: Updating user sensitive for uid 10127
05-28 05:13:51.583   747   778 I PermissionControllerServiceImpl: Updating user sensitive for uid 10090
05-28 05:13:51.612   747   778 I PermissionControllerServiceImpl: Updating user sensitive for user 0
05-28 05:13:51.614   747   795 I UserPackageInfos: updating UserPackageInfosLiveData for user 0
05-28 05:13:51.614   747   800 I LancherPackagesLiveData: updating LauncherPackageLiveData
05-28 05:13:51.692   507   507 W Binder:507_7: type=1400 audit(0.0:42): avc: denied { getopt } for scontext=u:r:system_server:s0 tcontext=u:r:shell:s0 tclass=unix_stream_socket permissive=0
05-28 05:13:51.719   507   517 I system_server: Background young concurrent copying GC freed 138119(7555KB) AllocSpace objects, 91(3932KB) LOS objects, 41% free, 12MB/21MB, paused 310us total 229.186ms
05-28 05:13:51.500   507   547 I chatty  : uid=1000(system) android.bg identical 3 lines
05-28 05:13:51.503   507   547 W VoiceInteractionManager: no available voice interaction services found for user 0
05-28 05:13:51.792   507   610 W RuleEvaluation: Integrity rule files are not available.
05-28 05:13:51.793   507   565 I PackageManager: Integrity check passed for file:///data/app/vmdl1216017817.tmp
05-28 05:13:51.797   507   565 I PackageManager: Permission ownership changed. Updating all permissions.
05-28 05:13:51.816   507   565 I AppsFilter: interaction: PackageSetting{211c1d2 io.github.ylimit.droidbotapp/10130} -> PackageSetting{a1f67ab com.mocoding.pokedex.android/10131} BLOCKED
05-28 05:13:51.821   418   580 E installd: Couldn't opendir /data/app/vmdl1216017817.tmp: No such file or directory
05-28 05:13:51.821   418   580 E installd: Failed to delete /data/app/vmdl1216017817.tmp: No such file or directory
05-28 05:13:51.822  2204  2227 I abb     : oneway function results will be dropped but finished with status OK and parcel size 4
05-28 05:13:52.329     0     0 W audit   : audit_lost=10 audit_rate_limit=5 audit_backlog_limit=64
05-28 05:13:52.333     0     0 E audit   : rate limit exceeded
05-28 05:13:51.825   507  1635 W BroadcastQueue: Background execution not allowed: receiving Intent { act=android.intent.action.PACKAGE_ADDED dat=package:com.mocoding.pokedex.android flg=0x4000010 (has extras) } to com.android.packageinstaller/.PackageInstalledReceiver
05-28 05:13:51.826   507   507 I Telecom : DefaultDialerCache: Refreshing default dialer for user 0: now com.android.dialer: DDC.oR@AHo
05-28 05:13:51.841  1442  1442 I MediaProvider: Invalidating LocalCallingIdentity cache for package com.mocoding.pokedex.android. Reason: package android.intent.action.PACKAGE_ADDED
05-28 05:13:51.844   507   548 W BroadcastQueue: Background execution not allowed: receiving Intent { act=android.intent.action.PACKAGE_ADDED dat=package:com.mocoding.pokedex.android flg=0x4000010 (has extras) } to com.android.gallery3d/.app.PackagesMonitor
05-28 05:13:51.845   507   604 I InputReader: Reconfiguring input devices, changes=KEYBOARD_LAYOUTS | 
05-28 05:13:51.845   747  2441 I PermissionControllerServiceImpl: Updating user sensitive for uid 10131
05-28 05:13:51.861   507   547 W VoiceInteractionManager: no available voice recognition services found for user 0
05-28 05:13:51.820   507   507 W Binder:507_7: type=1400 audit(0.0:43): avc: denied { getopt } for scontext=u:r:system_server:s0 tcontext=u:r:shell:s0 tclass=unix_stream_socket permissive=0
05-28 05:13:51.890   507   518 W JavaBinder: BinderProxy is being destroyed but the application did not call unlinkToDeath to unlink all of its death recipients beforehand.  Releasing leaked death recipient: com.android.server.AlarmManagerService$2
05-28 05:13:51.890   507   518 I BpBinder: onLastStrongRef automatically unlinking death recipients: <uncached descriptor>
05-28 05:13:51.950  1312  1312 I LatinIME: Timeout waiting for dictionary load
05-28 05:13:52.317   507   539 I RoleManagerService: Granting default roles...
05-28 05:13:52.922  1442  2282 I MediaProvider: Scanned internal due to REASON_MOUNTED, found 230 items in 3146ms, 224 inserts 6 updates 0 deletes
05-28 05:13:52.937  1442  2282 I MediaProvider: Using lower FS for /product/media/audio/ringtones/Ring_Synth_04.ogg
05-28 05:13:52.944  1442  2282 I MediaProvider: Using lower FS for /product/media/audio/notifications/pixiedust.ogg
05-28 05:13:52.952  1442  2282 I MediaProvider: Using lower FS for /product/media/audio/alarms/Alarm_Classic.ogg
05-28 05:13:52.968  1442  2400 E StorageManager: Failed to set extended attributes for /storage/emulated/0/Android to set project id.: Permission denied
05-28 05:13:52.968  1442  2400 W MediaProvider: Failed to update quota type for /storage/emulated/0/Android
05-28 05:13:52.968  1442  2400 W MediaProvider: java.io.IOException: Failed to update quota type for /storage/emulated/0/Android
05-28 05:13:52.968  1442  2400 W MediaProvider: 	at android.os.storage.StorageManager.updateExternalStorageFileQuotaType(StorageManager.java:2512)
05-28 05:13:52.968  1442  2400 W MediaProvider: 	at com.android.providers.media.MediaProvider.updateQuotaTypeForFileInternal(MediaProvider.java:585)
05-28 05:13:52.968  1442  2400 W MediaProvider: 	at com.android.providers.media.MediaProvider.updateQuotaTypeForUri(MediaProvider.java:560)
05-28 05:13:52.968  1442  2400 W MediaProvider: 	at com.android.providers.media.MediaProvider.access$800(MediaProvider.java:222)
05-28 05:13:52.968  1442  2400 W MediaProvider: 	at com.android.providers.media.MediaProvider$3.lambda$onInsert$0(MediaProvider.java:611)
05-28 05:13:52.968  1442  2400 W MediaProvider: 	at com.android.providers.media.MediaProvider$3.lambda$onInsert$0$MediaProvider$3(Unknown Source:0)
05-28 05:13:52.968  1442  2400 W MediaProvider: 	at com.android.providers.media.-$$Lambda$MediaProvider$3$OA4Hj-5lam3D4oprnbu7ZpL-f_E.run(Unknown Source:10)
