05-28 05:14:40.396   159   159 I hwservicemanager: getTransport: Cannot find entry android.hardware.graphics.mapper@4.0::IMapper/default in either framework or device manifest.
05-28 05:14:40.396  5405  5405 I Gralloc4: mapper 4.x is not supported
05-28 05:14:40.442  5409  5411 I cmd     : oneway function results will be dropped but finished with status OK and parcel size 4
05-28 05:14:40.443  1442  2282 I MediaProvider: Begin Intent { act=android.intent.action.MEDIA_SCANNER_SCAN_FILE dat=file:///sdcard/screen_2026-05-28_051440.png flg=0x1400010 cmp=com.android.providers.media.module/com.android.providers.media.MediaService }
05-28 05:14:40.444  1442  2282 W ModernMediaScanner: Failed to visit /sdcard/screen_2026-05-28_051440.png: java.nio.file.AccessDeniedException: /sdcard/screen_2026-05-28_051440.png
05-28 05:14:40.445  1442  2282 I MediaProvider: Scanned internal due to REASON_DEMAND, found 0 items in 1ms, 0 inserts 0 updates 0 deletes
05-28 05:14:40.450  1442  2282 I MediaProvider: End Intent { act=android.intent.action.MEDIA_SCANNER_SCAN_FILE dat=file:///sdcard/screen_2026-05-28_051440.png flg=0x1400010 cmp=com.android.providers.media.module/com.android.providers.media.MediaService }
05-28 05:14:40.470  1442  1737 I MediaProvider: Deleted 1 items on external_primary due to com.android.shell
05-28 05:14:40.502  5420  5422 I cmd     : oneway function results will be dropped but finished with status OK and parcel size 4
05-28 05:14:40.563  5435  5437 I cmd     : oneway function results will be dropped but finished with status OK and parcel size 4
05-28 05:14:40.684  5465  5467 I cmd     : oneway function results will be dropped but finished with status OK and parcel size 4
05-28 05:14:40.780  5477  5477 E libc    : Access denied finding property "persist.device_config.runtime_native_boot.profilebootclasspath"
05-28 05:14:40.780  5477  5477 E libc    : Access denied finding property "persist.device_config.runtime_native_boot.enable_apex_image"
05-28 05:14:40.780  5477  5477 I AndroidRuntime: Using default boot image
05-28 05:14:40.780  5477  5477 E libc    : Access denied finding property "persist.device_config.runtime_native_boot.disable_lock_profiling"
05-28 05:14:40.780  5477  5477 I AndroidRuntime: Leaving lock profiling enabled
05-28 05:14:40.780  5477  5477 E libc    : Access denied finding property "persist.device_config.runtime_native_boot.enable_generational_cc"
05-28 05:14:40.782  5477  5477 I app_process: Core platform API reporting enabled, enforcing=false
05-28 05:14:40.834  5477  5477 W app_process: Unexpected CPU variant for X86 using defaults: x86_64
05-28 05:14:40.835  5477  5477 I app_process: The ClassLoaderContext is a special shared library.
05-28 05:14:40.842  5477  5477 W app_process: JNI RegisterNativeMethods: attempt to register 0 native methods for android.media.AudioAttributes
05-28 05:14:40.890   507  5490 I system_server: The ClassLoaderContext is a special shared library.
05-28 05:14:40.909   507  5490 I chatty  : uid=1000(system) BackgroundDexOp identical 18 lines
05-28 05:14:40.910   507  5490 I system_server: The ClassLoaderContext is a special shared library.
05-28 05:14:40.969  5491  5491 W dex2oat32: Unexpected CPU variant for X86 using defaults: x86_64
05-28 05:14:40.970  5491  5491 I dex2oat32: /apex/com.android.art/bin/dex2oat32 --input-vdex-fd=-1 --output-vdex-fd=9 --updatable-bcp-packages-file=/system/etc/updatable-bcp-packages.txt --resolve-startup-const-strings=true --max-image-block-size=524288 --compiler-filter=verify --classpath-dir=/apex/com.android.os.statsd/javalib --class-loader-context=PCL[];PCL[/system/framework/com.android.location.provider.jar:/system/framework/services.jar:/system/framework/ethernet-service.jar:/apex/com.android.permission/javalib/service-permission.jar:/apex/com.android.wifi/javalib/service-wifi.jar:/apex/com.android.ipsec/javalib/android.net.ipsec.ike.jar] --generate-mini-debug-info --compact-dex-level=none --compilation-reason=boot
05-28 05:14:40.974  5491  5491 I dex2oat32: setting boot class path to /apex/com.android.art/javalib/core-oj.jar:/apex/com.android.art/javalib/core-libart.jar:/apex/com.android.art/javalib/core-icu4j.jar:/apex/com.android.art/javalib/okhttp.jar:/apex/com.android.art/javalib/bouncycastle.jar:/apex/com.android.art/javalib/apache-xml.jar:/system/framework/framework.jar:/system/framework/ext.jar:/system/framework/telephony-common.jar:/system/framework/voip-common.jar:/system/framework/ims-common.jar:/system/framework/framework-atb-backward-compatibility.jar
05-28 05:14:40.975  5491  5491 W dex2oat32: Could not reserve sentinel fault page
05-28 05:14:41.015  5491  5491 I dex2oat32: dex2oat took 47.756ms (38.758ms cpu) (threads: 2) arena alloc=0B (0B) java alloc=33KB (34600B) native alloc=1006KB (1030192B) free=1504KB (1540800B)
05-28 05:14:41.019   507  5490 I system_server: The ClassLoaderContext is a special shared library.
05-28 05:14:41.046   507  5490 I chatty  : uid=1000(system) BackgroundDexOp identical 30 lines
05-28 05:14:41.047   507  5490 I system_server: The ClassLoaderContext is a special shared library.
05-28 05:14:41.049   507  5490 I system_server: The ClassLoaderContext is a special shared library.
05-28 05:14:41.064   507  5490 I chatty  : uid=1000(system) BackgroundDexOp identical 11 lines
05-28 05:14:41.066   507  5490 I system_server: The ClassLoaderContext is a special shared library.
05-28 05:14:41.066   507  5490 I PackageDexOptimizer: Running dexopt (dexoptNeeded=1) on: /data/app/~~s47P8bfdIQEXoWr5G6Cy6A==/io.github.ylimit.droidbotapp-RAYjL1lRrm_BO7zqfov5Eg==/base.apk pkg=io.github.ylimit.droidbotapp isa=x86_64 dexoptFlags=boot_complete,debuggable,public,enable_hidden_api_checks targetFilter=verify oatDir=/data/app/~~s47P8bfdIQEXoWr5G6Cy6A==/io.github.ylimit.droidbotapp-RAYjL1lRrm_BO7zqfov5Eg==/oat classLoaderContext=PCL[]{}
05-28 05:14:41.076  5495  5495 W dex2oat32: Unexpected CPU variant for X86 using defaults: x86_64
05-28 05:14:41.077  5495  5495 I dex2oat32: /apex/com.android.art/bin/dex2oat32 --input-vdex-fd=-1 --output-vdex-fd=9 --updatable-bcp-packages-file=/system/etc/updatable-bcp-packages.txt --resolve-startup-const-strings=true --max-image-block-size=524288 --compiler-filter=verify --debuggable --classpath-dir=/data/app/~~s47P8bfdIQEXoWr5G6Cy6A==/io.github.ylimit.droidbotapp-RAYjL1lRrm_BO7zqfov5Eg== --class-loader-context=PCL[]{} --generate-mini-debug-info --compact-dex-level=none --compilation-reason=boot
05-28 05:14:41.078  5495  5495 I dex2oat32: setting boot class path to /apex/com.android.art/javalib/core-oj.jar:/apex/com.android.art/javalib/core-libart.jar:/apex/com.android.art/javalib/core-icu4j.jar:/apex/com.android.art/javalib/okhttp.jar:/apex/com.android.art/javalib/bouncycastle.jar:/apex/com.android.art/javalib/apache-xml.jar:/system/framework/framework.jar:/system/framework/ext.jar:/system/framework/telephony-common.jar:/system/framework/voip-common.jar:/system/framework/ims-common.jar:/system/framework/framework-atb-backward-compatibility.jar
05-28 05:14:41.226  5495  5495 W dex2oat32: Accessing hidden method Landroid/graphics/Bitmap;->getHardwareBuffer()Landroid/hardware/HardwareBuffer; (blacklist, linking, denied)
05-28 05:14:41.380  5495  5495 I dex2oat32: dex2oat took 304.447ms (421.147ms cpu) (threads: 2) arena alloc=0B (0B) java alloc=4944KB (5062696B) native alloc=3815KB (3906912B) free=1673KB (1713264B)
05-28 05:14:41.385   507  5490 I system_server: The ClassLoaderContext is a special shared library.
05-28 05:14:41.388   507  5490 I chatty  : uid=1000(system) BackgroundDexOp identical 3 lines
05-28 05:14:41.390   507  5490 I system_server: The ClassLoaderContext is a special shared library.
05-28 05:14:41.391   507  5490 I PackageDexOptimizer: Running dexopt (dexoptNeeded=1) on: /data/app/~~Z_HXJpu5yetSI1y_5JqQfg==/com.mocoding.pokedex.android-e2wb4EcISOhgj_Mut0-8eQ==/base.apk pkg=com.mocoding.pokedex.android isa=x86_64 dexoptFlags=boot_complete,debuggable,public,enable_hidden_api_checks targetFilter=verify oatDir=/data/app/~~Z_HXJpu5yetSI1y_5JqQfg==/com.mocoding.pokedex.android-e2wb4EcISOhgj_Mut0-8eQ==/oat classLoaderContext=PCL[]{}
05-28 05:14:41.401  5501  5501 W dex2oat32: Unexpected CPU variant for X86 using defaults: x86_64
05-28 05:14:41.401  5501  5501 I dex2oat32: /apex/com.android.art/bin/dex2oat32 --input-vdex-fd=-1 --output-vdex-fd=9 --updatable-bcp-packages-file=/system/etc/updatable-bcp-packages.txt --resolve-startup-const-strings=true --max-image-block-size=524288 --compiler-filter=verify --debuggable --classpath-dir=/data/app/~~Z_HXJpu5yetSI1y_5JqQfg==/com.mocoding.pokedex.android-e2wb4EcISOhgj_Mut0-8eQ== --class-loader-context=PCL[]{} --generate-mini-debug-info --compact-dex-level=none --compilation-reason=boot
05-28 05:14:41.403  5501  5501 I dex2oat32: setting boot class path to /apex/com.android.art/javalib/core-oj.jar:/apex/com.android.art/javalib/core-libart.jar:/apex/com.android.art/javalib/core-icu4j.jar:/apex/com.android.art/javalib/okhttp.jar:/apex/com.android.art/javalib/bouncycastle.jar:/apex/com.android.art/javalib/apache-xml.jar:/system/framework/framework.jar:/system/framework/ext.jar:/system/framework/telephony-common.jar:/system/framework/voip-common.jar:/system/framework/ims-common.jar:/system/framework/framework-atb-backward-compatibility.jar
05-28 05:14:42.228  5501  5501 W dex2oat32: Could not reserve sentinel fault page
05-28 05:14:42.275  5501  5501 I dex2oat32: Large app, accepted running with swap.
05-28 05:14:42.627   159   159 I hwservicemanager: getTransport: Cannot find entry android.hardware.graphics.mapper@4.0::IMapper/default in either framework or device manifest.
05-28 05:14:42.628  5519  5519 I Gralloc4: mapper 4.x is not supported
05-28 05:14:42.677  1442  2282 I MediaProvider: Begin Intent { act=android.intent.action.MEDIA_SCANNER_SCAN_FILE dat=file:///sdcard/screen_2026-05-28_051443.png flg=0x1400010 cmp=com.android.providers.media.module/com.android.providers.media.MediaService }
05-28 05:14:42.717  1442  2282 W ModernMediaScanner: Failed to visit /sdcard/screen_2026-05-28_051443.png: java.nio.file.AccessDeniedException: /sdcard/screen_2026-05-28_051443.png
05-28 05:14:43.205     0     0 W audit   : audit_lost=225 audit_rate_limit=5 audit_backlog_limit=64
05-28 05:14:43.219     0     0 E audit   : rate limit exceeded
05-28 05:14:42.718  1442  2282 I MediaProvider: Scanned internal due to REASON_DEMAND, found 0 items in 20ms, 0 inserts 0 updates 0 deletes
05-28 05:14:42.719  1442  2282 I MediaProvider: End Intent { act=android.intent.action.MEDIA_SCANNER_SCAN_FILE dat=file:///sdcard/screen_2026-05-28_051443.png flg=0x1400010 cmp=com.android.providers.media.module/com.android.providers.media.MediaService }
05-28 05:14:42.672  1442  1442 W com.android.providers.media.module: type=1400 audit(0.0:404): avc: denied { read } for comm=4173796E635461736B202331 name="primary" dev="tmpfs" ino=27717 scontext=u:r:mediaprovider_app:s0:c126,c256,c512,c768 tcontext=u:object_r:mnt_pass_through_file:s0 tclass=lnk_file permissive=0 app=com.android.providers.media.module
05-28 05:14:42.740  1442  1737 I MediaProvider: Deleted 1 items on external_primary due to com.android.shell
05-28 05:14:42.672  1442  1442 W com.android.providers.media.module: type=1400 audit(0.0:405): avc: denied { read } for comm=4173796E635461736B202331 name="primary" dev="tmpfs" ino=27717 scontext=u:r:mediaprovider_app:s0:c126,c256,c512,c768 tcontext=u:object_r:mnt_pass_through_file:s0 tclass=lnk_file permissive=0 app=com.android.providers.media.module
05-28 05:14:42.696  1442  1442 I chatty  : uid=10126(com.android.providers.media.module) identical 2 lines
05-28 05:14:42.696  1442  1442 W com.android.providers.media.module: type=1400 audit(0.0:408): avc: denied { read } for comm=4173796E635461736B202331 name="primary" dev="tmpfs" ino=27717 scontext=u:r:mediaprovider_app:s0:c126,c256,c512,c768 tcontext=u:object_r:mnt_pass_through_file:s0 tclass=lnk_file permissive=0 app=com.android.providers.media.module
05-28 05:14:42.833  5534  5535 I cmd     : oneway function results will be dropped but finished with status OK and parcel size 4
05-28 05:14:43.021   159   159 I hwservicemanager: getTransport: Cannot find entry android.hardware.graphics.mapper@4.0::IMapper/default in either framework or device manifest.
05-28 05:14:43.021  5556  5556 I Gralloc4: mapper 4.x is not supported
05-28 05:14:43.069  5560  5562 I cmd     : oneway function results will be dropped but finished with status OK and parcel size 4
05-28 05:14:43.069  1442  2282 I MediaProvider: Begin Intent { act=android.intent.action.MEDIA_SCANNER_SCAN_FILE dat=file:///sdcard/screen_2026-05-28_051443.png flg=0x1400010 cmp=com.android.providers.media.module/com.android.providers.media.MediaService }
05-28 05:14:43.070  1442  2282 W ModernMediaScanner: Failed to visit /sdcard/screen_2026-05-28_051443.png: java.nio.file.AccessDeniedException: /sdcard/screen_2026-05-28_051443.png
05-28 05:14:43.071  1442  2282 I MediaProvider: Scanned internal due to REASON_DEMAND, found 0 items in 0ms, 0 inserts 0 updates 0 deletes
05-28 05:14:43.077  1442  2282 I MediaProvider: End Intent { act=android.intent.action.MEDIA_SCANNER_SCAN_FILE dat=file:///sdcard/screen_2026-05-28_051443.png flg=0x1400010 cmp=com.android.providers.media.module/com.android.providers.media.MediaService }
05-28 05:14:43.103  1442  2471 I MediaProvider: Deleted 1 items on external_primary due to com.android.shell
05-28 05:14:43.143  5571  5572 I cmd     : oneway function results will be dropped but finished with status OK and parcel size 4
05-28 05:14:43.284  5501  5501 I dex2oat32: Explicit concurrent copying GC freed 73148(10MB) AllocSpace objects, 0(0B) LOS objects, 99% free, 8968B/1544KB, paused 34us total 24.903ms
05-28 05:14:43.313   159   159 I hwservicemanager: getTransport: Cannot find entry android.hardware.graphics.mapper@4.0::IMapper/default in either framework or device manifest.
05-28 05:14:43.313  5593  5593 I Gralloc4: mapper 4.x is not supported
05-28 05:14:43.322  5501  5501 I dex2oat32: Explicit concurrent copying GC freed 420(61KB) AllocSpace objects, 0(0B) LOS objects, 99% free, 11KB/1547KB, paused 11us total 16.088ms
05-28 05:14:43.359  5501  5501 I dex2oat32: Explicit concurrent copying GC freed 1436(205KB) AllocSpace objects, 0(0B) LOS objects, 99% free, 13KB/1549KB, paused 11us total 1.396ms
05-28 05:14:43.365  5501  5501 I dex2oat32: Explicit concurrent copying GC freed 880(141KB) AllocSpace objects, 0(0B) LOS objects, 98% free, 16KB/1552KB, paused 11us total 1.421ms
05-28 05:14:43.366  1442  2282 I MediaProvider: Begin Intent { act=android.intent.action.MEDIA_SCANNER_SCAN_FILE dat=file:///sdcard/screen_2026-05-28_051443.png flg=0x1400010 cmp=com.android.providers.media.module/com.android.providers.media.MediaService }
05-28 05:14:43.367  1442  2282 W ModernMediaScanner: Failed to visit /sdcard/screen_2026-05-28_051443.png: java.nio.file.AccessDeniedException: /sdcard/screen_2026-05-28_051443.png
05-28 05:14:43.367  1442  2282 I MediaProvider: Scanned internal due to REASON_DEMAND, found 0 items in 0ms, 0 inserts 0 updates 0 deletes
05-28 05:14:43.369  1442  2282 I MediaProvider: End Intent { act=android.intent.action.MEDIA_SCANNER_SCAN_FILE dat=file:///sdcard/screen_2026-05-28_051443.png flg=0x1400010 cmp=com.android.providers.media.module/com.android.providers.media.MediaService }
05-28 05:14:43.370  5501  5501 I dex2oat32: Explicit concurrent copying GC freed 439(61KB) AllocSpace objects, 0(0B) LOS objects, 98% free, 18KB/1554KB, paused 65us total 2.245ms
05-28 05:14:43.380  5501  5501 I dex2oat32: Explicit concurrent copying GC freed 520(77KB) AllocSpace objects, 0(0B) LOS objects, 98% free, 21KB/1557KB, paused 12us total 1.381ms
05-28 05:14:43.384  5501  5501 I dex2oat32: Explicit concurrent copying GC freed 258(29KB) AllocSpace objects, 0(0B) LOS objects, 98% free, 23KB/1559KB, paused 10us total 2.637ms
05-28 05:14:43.388  5501  5501 I dex2oat32: Explicit concurrent copying GC freed 169(45KB) AllocSpace objects, 0(0B) LOS objects, 98% free, 26KB/1562KB, paused 10us total 1.535ms
05-28 05:14:43.391  5501  5501 I dex2oat32: Explicit concurrent copying GC freed 232(45KB) AllocSpace objects, 0(0B) LOS objects, 98% free, 28KB/1564KB, paused 10us total 1.274ms
05-28 05:14:43.394  5501  5501 I dex2oat32: Explicit concurrent copying GC freed 266(45KB) AllocSpace objects, 0(0B) LOS objects, 98% free, 31KB/1567KB, paused 10us total 1.276ms
05-28 05:14:43.397  1442  1736 I MediaProvider: Deleted 1 items on external_primary due to com.android.shell
05-28 05:14:43.406  5501  5501 I dex2oat32: Explicit concurrent copying GC freed 858(141KB) AllocSpace objects, 0(0B) LOS objects, 97% free, 33KB/1569KB, paused 10us total 1.494ms
05-28 05:14:43.410  5501  5501 I dex2oat32: Explicit concurrent copying GC freed 397(61KB) AllocSpace objects, 0(0B) LOS objects, 97% free, 36KB/1572KB, paused 9us total 1.383ms
05-28 05:14:43.416  5501  5501 I dex2oat32: Explicit concurrent copying GC freed 742(125KB) AllocSpace objects, 0(0B) LOS objects, 97% free, 39KB/1575KB, paused 10us total 2ms
05-28 05:14:43.421  5501  5501 I dex2oat32: Explicit concurrent copying GC freed 468(77KB) AllocSpace objects, 0(0B) LOS objects, 97% free, 41KB/1577KB, paused 10us total 1.552ms
05-28 05:14:43.425  5501  5501 I dex2oat32: Explicit concurrent copying GC freed 183(29KB) AllocSpace objects, 0(0B) LOS objects, 97% free, 44KB/1580KB, paused 10us total 1.407ms
05-28 05:14:43.429  5501  5501 I dex2oat32: Explicit concurrent copying GC freed 659(141KB) AllocSpace objects, 0(0B) LOS objects, 97% free, 46KB/1582KB, paused 10us total 1.480ms
05-28 05:14:43.432  5625  5627 I cmd     : oneway function results will be dropped but finished with status OK and parcel size 4
05-28 05:14:43.434  5501  5501 I dex2oat32: Explicit concurrent copying GC freed 261(63KB) AllocSpace objects, 0(0B) LOS objects, 96% free, 49KB/1585KB, paused 9us total 2.811ms
05-28 05:14:43.520  5642  5643 I cmd     : oneway function results will be dropped but finished with status OK and parcel size 4
05-28 05:14:43.525  5501  5629 W dex2oat32: Accessing hidden method Landroid/graphics/Canvas;->drawPatch(Landroid/graphics/NinePatch;Landroid/graphics/Rect;Landroid/graphics/Paint;)V (greylist-max-o, linking, denied)
05-28 05:14:43.525  5501  5629 W dex2oat32: Accessing hidden method Landroid/graphics/Canvas;->drawPatch(Landroid/graphics/NinePatch;Landroid/graphics/RectF;Landroid/graphics/Paint;)V (greylist-max-o, linking, denied)
05-28 05:14:43.552  5501  5501 W dex2oat32: Accessing hidden method Landroid/graphics/Bitmap;->getHardwareBuffer()Landroid/hardware/HardwareBuffer; (blacklist, linking, denied)
05-28 05:14:43.606  5657  5659 I cmd     : oneway function results will be dropped but finished with status OK and parcel size 4
05-28 05:14:43.686  5672  5673 I cmd     : oneway function results will be dropped but finished with status OK and parcel size 4
05-28 05:14:43.795  5684  5684 E libc    : Access denied finding property "persist.device_config.runtime_native_boot.profilebootclasspath"
05-28 05:14:43.795  5684  5684 E libc    : Access denied finding property "persist.device_config.runtime_native_boot.enable_apex_image"
05-28 05:14:43.795  5684  5684 I AndroidRuntime: Using default boot image
05-28 05:14:43.795  5684  5684 E libc    : Access denied finding property "persist.device_config.runtime_native_boot.disable_lock_profiling"
05-28 05:14:43.795  5684  5684 I AndroidRuntime: Leaving lock profiling enabled
05-28 05:14:43.795  5684  5684 E libc    : Access denied finding property "persist.device_config.runtime_native_boot.enable_generational_cc"
05-28 05:14:43.796  5684  5684 I app_process: Core platform API reporting enabled, enforcing=false
05-28 05:14:43.843  5501  5629 W dex2oat32: Accessing hidden method Landroid/graphics/ImageDecoder;->createSource([B)Landroid/graphics/ImageDecoder$Source; (greylist-max-o, linking, denied)
05-28 05:14:43.849  5684  5684 W app_process: Unexpected CPU variant for X86 using defaults: x86_64
05-28 05:14:43.792  5684  5684 W app_process: type=1400 audit(0.0:422): avc: denied { read } for name="u:object_r:device_config_runtime_native_boot_prop:s0" dev="tmpfs" ino=179 scontext=u:r:shell:s0 tcontext=u:object_r:device_config_runtime_native_boot_prop:s0 tclass=file permissive=0
05-28 05:14:43.850  5684  5684 I app_process: The ClassLoaderContext is a special shared library.
05-28 05:14:43.866  5684  5684 W app_process: JNI RegisterNativeMethods: attempt to register 0 native methods for android.media.AudioAttributes
05-28 05:14:43.868  5501  5629 W dex2oat32: Class androidx.compose.runtime.snapshots.SnapshotStateMap failed lock verification and will run slower.
05-28 05:14:43.868  5501  5629 W dex2oat32: Common causes for lock verification issues are non-optimized dex code
05-28 05:14:43.868  5501  5629 W dex2oat32: and incorrect proguard optimizations.
05-28 05:14:43.792  5684  5684 W app_process: type=1400 audit(0.0:423): avc: denied { read } for name="u:object_r:device_config_runtime_native_boot_prop:s0" dev="tmpfs" ino=179 scontext=u:r:shell:s0 tcontext=u:object_r:device_config_runtime_native_boot_prop:s0 tclass=file permissive=0
05-28 05:14:43.942  5501  5629 W dex2oat32: Class androidx.compose.runtime.snapshots.SnapshotStateList failed lock verification and will run slower.
05-28 05:14:43.976  5501  5501 I dex2oat32: Explicit concurrent copying GC freed 40758(6043KB) AllocSpace objects, 0(0B) LOS objects, 94% free, 88KB/1624KB, paused 11us total 9.468ms
05-28 05:14:44.150  5501  5501 I dex2oat32: Explicit concurrent copying GC freed 26382(3456KB) AllocSpace objects, 0(0B) LOS objects, 94% free, 96KB/1632KB, paused 93us total 4.812ms
05-28 05:14:44.161  5501  5501 I dex2oat32: dex2oat took 2.760s (2.997s cpu) (threads: 2) arena alloc=0B (0B) java alloc=96KB (98792B) native alloc=7506KB (7686480B) free=2120KB (2171248B) swap=16MB (16777216B)
05-28 05:14:44.168   507  5490 I system_server: The ClassLoaderContext is a special shared library.
05-28 05:14:44.190   507  5490 I chatty  : uid=1000(system) BackgroundDexOp identical 19 lines
05-28 05:14:44.191   507  5490 I system_server: The ClassLoaderContext is a special shared library.
05-28 05:14:44.191   507  5490 I BackgroundDexOptService: Pinning optimized code {android, io.github.ylimit.droidbotapp, com.mocoding.pokedex.android}
05-28 05:14:45.617   159   159 I hwservicemanager: getTransport: Cannot find entry android.hardware.graphics.mapper@4.0::IMapper/default in either framework or device manifest.
05-28 05:14:45.617  5715  5715 I Gralloc4: mapper 4.x is not supported
05-28 05:14:45.672  1442  2282 I MediaProvider: Begin Intent { act=android.intent.action.MEDIA_SCANNER_SCAN_FILE dat=file:///sdcard/screen_2026-05-28_051446.png flg=0x1400010 cmp=com.android.providers.media.module/com.android.providers.media.MediaService }
05-28 05:14:45.677  1442  2282 W ModernMediaScanner: Failed to visit /sdcard/screen_2026-05-28_051446.png: java.nio.file.AccessDeniedException: /sdcard/screen_2026-05-28_051446.png
05-28 05:14:45.678  1442  2282 I MediaProvider: Scanned internal due to REASON_DEMAND, found 0 items in 6ms, 0 inserts 0 updates 0 deletes
05-28 05:14:45.678  1442  2282 I MediaProvider: End Intent { act=android.intent.action.MEDIA_SCANNER_SCAN_FILE dat=file:///sdcard/screen_2026-05-28_051446.png flg=0x1400010 cmp=com.android.providers.media.module/com.android.providers.media.MediaService }
05-28 05:14:45.668  1442  1442 W com.android.providers.media.module: type=1400 audit(0.0:426): avc: denied { read } for comm=4173796E635461736B202331 name="primary" dev="tmpfs" ino=27717 scontext=u:r:mediaprovider_app:s0:c126,c256,c512,c768 tcontext=u:object_r:mnt_pass_through_file:s0 tclass=lnk_file permissive=0 app=com.android.providers.media.module
05-28 05:14:45.762  1442  2471 I MediaProvider: Deleted 1 items on external_primary due to com.android.shell
05-28 05:14:45.676  1442  1442 W com.android.providers.media.module: type=1400 audit(0.0:431): avc: denied { read } for comm=4173796E635461736B202331 name="primary" dev="tmpfs" ino=27717 scontext=u:r:mediaprovider_app:s0:c126,c256,c512,c768 tcontext=u:object_r:mnt_pass_through_file:s0 tclass=lnk_file permissive=0 app=com.android.providers.media.module
05-28 05:14:45.794  5730  5732 I cmd     : oneway function results will be dropped but finished with status OK and parcel size 4
05-28 05:14:45.946   159   159 I hwservicemanager: getTransport: Cannot find entry android.hardware.graphics.mapper@4.0::IMapper/default in either framework or device manifest.
05-28 05:14:45.946  5752  5752 I Gralloc4: mapper 4.x is not supported
05-28 05:14:46.001  5756  5758 I cmd     : oneway function results will be dropped but finished with status OK and parcel size 4
05-28 05:14:46.002  1442  2282 I MediaProvider: Begin Intent { act=android.intent.action.MEDIA_SCANNER_SCAN_FILE dat=file:///sdcard/screen_2026-05-28_051446.png flg=0x1400010 cmp=com.android.providers.media.module/com.android.providers.media.MediaService }
05-28 05:14:46.508     0     0 W audit   : audit_lost=238 audit_rate_limit=5 audit_backlog_limit=64
05-28 05:14:46.514     0     0 E audit   : rate limit exceeded
05-28 05:14:46.013  1442  2282 W ModernMediaScanner: Failed to visit /sdcard/screen_2026-05-28_051446.png: java.nio.file.AccessDeniedException: /sdcard/screen_2026-05-28_051446.png
05-28 05:14:46.014  1442  2282 I MediaProvider: Scanned internal due to REASON_DEMAND, found 0 items in 4ms, 0 inserts 0 updates 0 deletes
05-28 05:14:46.015  1442  2282 I MediaProvider: End Intent { act=android.intent.action.MEDIA_SCANNER_SCAN_FILE dat=file:///sdcard/screen_2026-05-28_051446.png flg=0x1400010 cmp=com.android.providers.media.module/com.android.providers.media.MediaService }
05-28 05:14:46.038  1442  1737 I MediaProvider: Deleted 1 items on external_primary due to com.android.shell
05-28 05:14:46.072  5767  5769 I cmd     : oneway function results will be dropped but finished with status OK and parcel size 4
05-28 05:14:46.221   159   159 I hwservicemanager: getTransport: Cannot find entry android.hardware.graphics.mapper@4.0::IMapper/default in either framework or device manifest.
05-28 05:14:46.222  5789  5789 I Gralloc4: mapper 4.x is not supported
05-28 05:14:46.277  1442  2282 I MediaProvider: Begin Intent { act=android.intent.action.MEDIA_SCANNER_SCAN_FILE dat=file:///sdcard/screen_2026-05-28_051446.png flg=0x1400010 cmp=com.android.providers.media.module/com.android.providers.media.MediaService }
05-28 05:14:46.278  1442  2282 W ModernMediaScanner: Failed to visit /sdcard/screen_2026-05-28_051446.png: java.nio.file.AccessDeniedException: /sdcard/screen_2026-05-28_051446.png
05-28 05:14:46.279  1442  2282 I MediaProvider: Scanned internal due to REASON_DEMAND, found 0 items in 1ms, 0 inserts 0 updates 0 deletes
05-28 05:14:46.279  1442  2282 I MediaProvider: End Intent { act=android.intent.action.MEDIA_SCANNER_SCAN_FILE dat=file:///sdcard/screen_2026-05-28_051446.png flg=0x1400010 cmp=com.android.providers.media.module/com.android.providers.media.MediaService }
05-28 05:14:46.303  1442  1736 I MediaProvider: Deleted 1 items on external_primary due to com.android.shell
05-28 05:14:46.336  5804  5806 I cmd     : oneway function results will be dropped but finished with status OK and parcel size 4
05-28 05:14:46.426  5814  5814 E libc    : Access denied finding property "persist.device_config.runtime_native_boot.profilebootclasspath"
05-28 05:14:46.426  5814  5814 E libc    : Access denied finding property "persist.device_config.runtime_native_boot.enable_apex_image"
05-28 05:14:46.426  5814  5814 I AndroidRuntime: Using default boot image
05-28 05:14:46.426  5814  5814 E libc    : Access denied finding property "persist.device_config.runtime_native_boot.disable_lock_profiling"
05-28 05:14:46.426  5814  5814 I AndroidRuntime: Leaving lock profiling enabled
05-28 05:14:46.426  5814  5814 E libc    : Access denied finding property "persist.device_config.runtime_native_boot.enable_generational_cc"
05-28 05:14:46.428  5814  5814 I app_process: Core platform API reporting enabled, enforcing=false
05-28 05:14:46.484  5814  5814 W app_process: Unexpected CPU variant for X86 using defaults: x86_64
05-28 05:14:46.485  5814  5814 I app_process: The ClassLoaderContext is a special shared library.
05-28 05:14:46.493  5814  5814 W app_process: JNI RegisterNativeMethods: attempt to register 0 native methods for android.media.AudioAttributes
05-28 05:14:46.537  5814  5827 W app_process: Thread attaching while runtime is shutting down: Binder:5814_1
05-28 05:14:46.537  5814  5827 I AndroidRuntime: NOTE: attach of thread 'Binder:5814_1' failed
05-28 05:14:46.562   507   996 W InputReader: Device virtio_input_multi_touch_10 is associated with display ADISPLAY_ID_NONE.
05-28 05:14:46.562   507   996 W InputReader: Device virtio_input_multi_touch_7 is associated with display ADISPLAY_ID_NONE.
05-28 05:14:46.562   507   996 W InputReader: Device virtio_input_multi_touch_4 is associated with display ADISPLAY_ID_NONE.
05-28 05:14:46.562   507   996 W InputReader: Device virtio_input_multi_touch_11 is associated with display ADISPLAY_ID_NONE.
05-28 05:14:46.562   507   996 W InputReader: Device virtio_input_multi_touch_5 is associated with display ADISPLAY_ID_NONE.
05-28 05:14:46.562   507   996 W InputReader: Device virtio_input_multi_touch_2 is associated with display ADISPLAY_ID_NONE.
05-28 05:14:46.562   507   996 W InputReader: Device virtio_input_multi_touch_6 is associated with display ADISPLAY_ID_NONE.
05-28 05:14:46.562   507   996 W InputReader: Device virtio_input_multi_touch_8 is associated with display ADISPLAY_ID_NONE.
05-28 05:14:46.562   507   996 W InputReader: Device virtio_input_multi_touch_9 is associated with display ADISPLAY_ID_NONE.
05-28 05:14:46.562   507   996 W InputReader: Device virtio_input_multi_touch_3 is associated with display ADISPLAY_ID_NONE.
05-28 05:14:46.562   507   996 W InputReader: Device virtio_input_multi_touch_10 is associated with display ADISPLAY_ID_NONE.
05-28 05:14:46.562   507   996 W InputReader: Device virtio_input_multi_touch_7 is associated with display ADISPLAY_ID_NONE.
05-28 05:14:46.562   507   996 W InputReader: Device virtio_input_multi_touch_4 is associated with display ADISPLAY_ID_NONE.
05-28 05:14:46.562   507   996 W InputReader: Device virtio_input_multi_touch_11 is associated with display ADISPLAY_ID_NONE.
05-28 05:14:46.562   507   996 W InputReader: Device virtio_input_multi_touch_5 is associated with display ADISPLAY_ID_NONE.
05-28 05:14:46.562   507   996 W InputReader: Device virtio_input_multi_touch_2 is associated with display ADISPLAY_ID_NONE.
05-28 05:14:46.562   507   996 W InputReader: Device virtio_input_multi_touch_6 is associated with display ADISPLAY_ID_NONE.
05-28 05:14:46.562   507   996 W InputReader: Device virtio_input_multi_touch_8 is associated with display ADISPLAY_ID_NONE.
05-28 05:14:46.562   507   996 W InputReader: Device virtio_input_multi_touch_9 is associated with display ADISPLAY_ID_NONE.
05-28 05:14:46.562   507   996 W InputReader: Device virtio_input_multi_touch_3 is associated with display ADISPLAY_ID_NONE.
05-28 05:14:46.631   344   344 E Layer   : [Surface(name=Task=9)/@0xa93e412 - animation-leash#0] No local sync point found
05-28 05:14:46.631   344   344 E Layer   : [Surface(name=Task=9)/@0xa93e412 - animation-leash#0] No local sync point found
05-28 05:14:46.631   344   344 E Layer   : [Surface(name=Task=1)/@0x9dba099 - animation-leash#0] No local sync point found
05-28 05:14:46.631   344   344 E Layer   : [Surface(name=Task=1)/@0x9dba099 - animation-leash#0] No local sync point found
05-28 05:14:46.653   159   159 I hwservicemanager: getTransport: Cannot find entry android.hardware.configstore@1.0::ISurfaceFlingerConfigs/default in either framework or device manifest.
05-28 05:14:47.264  1420  1894 I Dialer  : OmtpVvmCarrierCfgHlpr - OmtpEvent:CONFIG_STATUS_SMS_TIME_OUT
05-28 05:14:47.264  1420  1420 I Dialer  : RetryPolicy - discarding deferred status: configuration_state=4
05-28 05:14:47.265  1420  1420 I Dialer  : VvmTaskExecutor - no more tasks, stopping service if no task are added in 5000 millis
05-28 05:14:47.266  1420  1420 I Dialer  : VvmTaskReceiver - task received
05-28 05:14:47.266  1420  1420 I Dialer  : VvmTaskReceiver - TaskExecutor already running
05-28 05:14:47.266  1420  1420 I Dialer  : Task.createTask - create task:com.android.voicemail.impl.ActivationTask
05-28 05:14:47.266  1420  1420 I Dialer  : RetryPolicy - retry #1 for com.android.voicemail.impl.ActivationTask@b16277b queued, executing in 5000
05-28 05:14:47.266  1420  1420 I Dialer  : VvmTaskExecutor - com.android.voicemail.impl.ActivationTask@b16277b added
05-28 05:14:47.266  1420  1420 I Dialer  : VvmTaskExecutor - minimal wait time:5000
05-28 05:14:47.266  1420  1420 I Dialer  : VvmTaskExecutor - sleep for 5000 millis
05-28 05:14:48.074   159   159 I hwservicemanager: getTransport: Cannot find entry android.hardware.graphics.mapper@4.0::IMapper/default in either framework or device manifest.
05-28 05:14:48.074  5852  5852 I Gralloc4: mapper 4.x is not supported
05-28 05:14:48.162  5856  5858 I cmd     : oneway function results will be dropped but finished with status OK and parcel size 4
05-28 05:14:48.163  1442  2282 I MediaProvider: Begin Intent { act=android.intent.action.MEDIA_SCANNER_SCAN_FILE dat=file:///sdcard/screen_2026-05-28_051448.png flg=0x1400010 cmp=com.android.providers.media.module/com.android.providers.media.MediaService }
05-28 05:14:48.160  1442  1442 W com.android.providers.media.module: type=1400 audit(0.0:448): avc: denied { read } for comm=4173796E635461736B202331 name="primary" dev="tmpfs" ino=27717 scontext=u:r:mediaprovider_app:s0:c126,c256,c512,c768 tcontext=u:object_r:mnt_pass_through_file:s0 tclass=lnk_file permissive=0 app=com.android.providers.media.module
05-28 05:14:48.671     0     0 W audit   : audit_lost=254 audit_rate_limit=5 audit_backlog_limit=64
05-28 05:14:48.683     0     0 E audit   : rate limit exceeded
05-28 05:14:48.160  1442  1442 W com.android.providers.media.module: type=1400 audit(0.0:449): avc: denied { read } for comm=4173796E635461736B202331 name="primary" dev="tmpfs" ino=27717 scontext=u:r:mediaprovider_app:s0:c126,c256,c512,c768 tcontext=u:object_r:mnt_pass_through_file:s0 tclass=lnk_file permissive=0 app=com.android.providers.media.module
05-28 05:14:48.187  1442  2282 W ModernMediaScanner: Failed to visit /sdcard/screen_2026-05-28_051448.png: java.nio.file.AccessDeniedException: /sdcard/screen_2026-05-28_051448.png
05-28 05:14:48.188  1442  2282 I MediaProvider: Scanned internal due to REASON_DEMAND, found 0 items in 23ms, 0 inserts 0 updates 0 deletes
05-28 05:14:48.188  1442  2282 I MediaProvider: End Intent { act=android.intent.action.MEDIA_SCANNER_SCAN_FILE dat=file:///sdcard/screen_2026-05-28_051448.png flg=0x1400010 cmp=com.android.providers.media.module/com.android.providers.media.MediaService }
05-28 05:14:48.160  1442  1442 W com.android.providers.media.module: type=1400 audit(0.0:450): avc: denied { read } for comm=4173796E635461736B202331 name="primary" dev="tmpfs" ino=27717 scontext=u:r:mediaprovider_app:s0:c126,c256,c512,c768 tcontext=u:object_r:mnt_pass_through_file:s0 tclass=lnk_file permissive=0 app=com.android.providers.media.module
05-28 05:14:48.288  1442  2471 I MediaProvider: Deleted 1 items on external_primary due to com.android.shell
05-28 05:14:48.322  5867  5869 I cmd     : oneway function results will be dropped but finished with status OK and parcel size 4
05-28 05:14:48.477   159   159 I hwservicemanager: getTransport: Cannot find entry android.hardware.graphics.mapper@4.0::IMapper/default in either framework or device manifest.
05-28 05:14:48.478  5889  5889 I Gralloc4: mapper 4.x is not supported
05-28 05:14:48.568  5893  5895 I cmd     : oneway function results will be dropped but finished with status OK and parcel size 4
05-28 05:14:48.570  1442  2282 I MediaProvider: Begin Intent { act=android.intent.action.MEDIA_SCANNER_SCAN_FILE dat=file:///sdcard/screen_2026-05-28_051449.png flg=0x1400010 cmp=com.android.providers.media.module/com.android.providers.media.MediaService }
05-28 05:14:48.571  1442  2282 W ModernMediaScanner: Failed to visit /sdcard/screen_2026-05-28_051449.png: java.nio.file.AccessDeniedException: /sdcard/screen_2026-05-28_051449.png
05-28 05:14:48.576  1442  2282 I MediaProvider: Scanned internal due to REASON_DEMAND, found 0 items in 6ms, 0 inserts 0 updates 0 deletes
05-28 05:14:48.577  1442  2282 I MediaProvider: End Intent { act=android.intent.action.MEDIA_SCANNER_SCAN_FILE dat=file:///sdcard/screen_2026-05-28_051449.png flg=0x1400010 cmp=com.android.providers.media.module/com.android.providers.media.MediaService }
05-28 05:14:48.601  1442  1737 I MediaProvider: Deleted 1 items on external_primary due to com.android.shell
05-28 05:14:48.804   159   159 I hwservicemanager: getTransport: Cannot find entry android.hardware.graphics.mapper@4.0::IMapper/default in either framework or device manifest.
05-28 05:14:48.804  5928  5928 I Gralloc4: mapper 4.x is not supported
05-28 05:14:48.894  1442  2282 I MediaProvider: Begin Intent { act=android.intent.action.MEDIA_SCANNER_SCAN_FILE dat=file:///sdcard/screen_2026-05-28_051449.png flg=0x1400010 cmp=com.android.providers.media.module/com.android.providers.media.MediaService }
05-28 05:14:48.895  1442  2282 W ModernMediaScanner: Failed to visit /sdcard/screen_2026-05-28_051449.png: java.nio.file.AccessDeniedException: /sdcard/screen_2026-05-28_051449.png
05-28 05:14:48.898  1442  2282 I MediaProvider: Scanned internal due to REASON_DEMAND, found 0 items in 3ms, 0 inserts 0 updates 0 deletes
05-28 05:14:48.899  1442  2282 I MediaProvider: End Intent { act=android.intent.action.MEDIA_SCANNER_SCAN_FILE dat=file:///sdcard/screen_2026-05-28_051449.png flg=0x1400010 cmp=com.android.providers.media.module/com.android.providers.media.MediaService }
05-28 05:14:48.922  1442  1736 I MediaProvider: Deleted 1 items on external_primary due to com.android.shell
05-28 05:14:49.000   507   996 I ActivityTaskManager: START u0 {act=android.intent.action.MAIN cat=[android.intent.category.LAUNCHER] flg=0x10000000 cmp=com.mocoding.pokedex.android/.MainActivity} from uid 2000
05-28 05:14:49.002   409   409 I perfetto: ing_service_impl.cc:758 Configured tracing session 3, #sources:1, duration:5000 ms, #buffers:1, total buffer size:4096 KB, total sessions:1, uid:1071 session name: ""
05-28 05:14:49.002   407   407 I perfetto: probes_producer.cc:230  Ftrace setup (target_buf=3)
05-28 05:14:49.007  5955  5957 I cmd     : oneway function results will be dropped but finished with status OK and parcel size 4
05-28 05:14:49.010   507  3668 W ActivityTaskManager: Tried to set launchTime (0) < mLastActivityLaunchTime (41827)
05-28 05:14:49.010   507  3668 W InputReader: Device virtio_input_multi_touch_10 is associated with display ADISPLAY_ID_NONE.
05-28 05:14:49.010   507  3668 W InputReader: Device virtio_input_multi_touch_7 is associated with display ADISPLAY_ID_NONE.
05-28 05:14:49.010   507  3668 W InputReader: Device virtio_input_multi_touch_4 is associated with display ADISPLAY_ID_NONE.
05-28 05:14:49.010   507  3668 W InputReader: Device virtio_input_multi_touch_11 is associated with display ADISPLAY_ID_NONE.
05-28 05:14:49.010   507  3668 W InputReader: Device virtio_input_multi_touch_5 is associated with display ADISPLAY_ID_NONE.
05-28 05:14:49.010   507  3668 W InputReader: Device virtio_input_multi_touch_2 is associated with display ADISPLAY_ID_NONE.
05-28 05:14:49.010   507  3668 W InputReader: Device virtio_input_multi_touch_6 is associated with display ADISPLAY_ID_NONE.
05-28 05:14:49.010   507  3668 W InputReader: Device virtio_input_multi_touch_8 is associated with display ADISPLAY_ID_NONE.
05-28 05:14:49.010   507  3668 W InputReader: Device virtio_input_multi_touch_9 is associated with display ADISPLAY_ID_NONE.
05-28 05:14:49.010   507  3668 W InputReader: Device virtio_input_multi_touch_3 is associated with display ADISPLAY_ID_NONE.
05-28 05:14:49.010   507  3668 W InputReader: Device virtio_input_multi_touch_10 is associated with display ADISPLAY_ID_NONE.
05-28 05:14:49.010   507  3668 W InputReader: Device virtio_input_multi_touch_7 is associated with display ADISPLAY_ID_NONE.
05-28 05:14:49.010   507  3668 W InputReader: Device virtio_input_multi_touch_4 is associated with display ADISPLAY_ID_NONE.
05-28 05:14:49.010   507  3668 W InputReader: Device virtio_input_multi_touch_11 is associated with display ADISPLAY_ID_NONE.
05-28 05:14:49.010   507  3668 W InputReader: Device virtio_input_multi_touch_5 is associated with display ADISPLAY_ID_NONE.
05-28 05:14:49.010   507  3668 W InputReader: Device virtio_input_multi_touch_2 is associated with display ADISPLAY_ID_NONE.
05-28 05:14:49.010   507  3668 W InputReader: Device virtio_input_multi_touch_6 is associated with display ADISPLAY_ID_NONE.
05-28 05:14:49.010   507  3668 W InputReader: Device virtio_input_multi_touch_8 is associated with display ADISPLAY_ID_NONE.
05-28 05:14:49.010   507  3668 W InputReader: Device virtio_input_multi_touch_9 is associated with display ADISPLAY_ID_NONE.
05-28 05:14:49.010   507  3668 W InputReader: Device virtio_input_multi_touch_3 is associated with display ADISPLAY_ID_NONE.
05-28 05:14:49.018   407   407 I perfetto: ftrace_procfs.cc:176    enabled ftrace
05-28 05:14:49.518     0     0 W perfetto: enabled ftrace
05-28 05:14:49.196   507   547 I ActivityTaskManager: Displayed com.mocoding.pokedex.android/.MainActivity: +194ms
05-28 05:14:50.127   159   159 I hwservicemanager: getTransport: Cannot find entry android.hardware.graphics.mapper@4.0::IMapper/default in either framework or device manifest.
05-28 05:14:50.127  5991  5991 I Gralloc4: mapper 4.x is not supported
05-28 05:14:50.190  1442  2282 I MediaProvider: Begin Intent { act=android.intent.action.MEDIA_SCANNER_SCAN_FILE dat=file:///sdcard/screen_2026-05-28_051450.png flg=0x1400010 cmp=com.android.providers.media.module/com.android.providers.media.MediaService }
05-28 05:14:50.700     0     0 W audit   : audit_lost=267 audit_rate_limit=5 audit_backlog_limit=64
05-28 05:14:50.703     0     0 E audit   : rate limit exceeded
05-28 05:14:50.188  1442  1442 W com.android.providers.media.module: type=1400 audit(0.0:466): avc: denied { read } for comm=4173796E635461736B202331 name="primary" dev="tmpfs" ino=27717 scontext=u:r:mediaprovider_app:s0:c126,c256,c512,c768 tcontext=u:object_r:mnt_pass_through_file:s0 tclass=lnk_file permissive=0 app=com.android.providers.media.module
05-28 05:14:50.209  1442  2282 W ModernMediaScanner: Failed to visit /sdcard/screen_2026-05-28_051450.png: java.nio.file.AccessDeniedException: /sdcard/screen_2026-05-28_051450.png
05-28 05:14:50.210  1442  2282 I MediaProvider: Scanned internal due to REASON_DEMAND, found 0 items in 17ms, 0 inserts 0 updates 0 deletes
05-28 05:14:50.211  1442  2282 I MediaProvider: End Intent { act=android.intent.action.MEDIA_SCANNER_SCAN_FILE dat=file:///sdcard/screen_2026-05-28_051450.png flg=0x1400010 cmp=com.android.providers.media.module/com.android.providers.media.MediaService }
05-28 05:14:50.188  1442  1442 W com.android.providers.media.module: type=1400 audit(0.0:467): avc: denied { read } for comm=4173796E635461736B202331 name="primary" dev="tmpfs" ino=27717 scontext=u:r:mediaprovider_app:s0:c126,c256,c512,c768 tcontext=u:object_r:mnt_pass_through_file:s0 tclass=lnk_file permissive=0 app=com.android.providers.media.module
05-28 05:14:50.192  1442  1442 I chatty  : uid=10126(com.android.providers.media.module) identical 2 lines
05-28 05:14:50.192  1442  1442 W com.android.providers.media.module: type=1400 audit(0.0:470): avc: denied { read } for comm=4173796E635461736B202331 name="primary" dev="tmpfs" ino=27717 scontext=u:r:mediaprovider_app:s0:c126,c256,c512,c768 tcontext=u:object_r:mnt_pass_through_file:s0 tclass=lnk_file permissive=0 app=com.android.providers.media.module
05-28 05:14:50.298  1442  1737 I MediaProvider: Deleted 1 items on external_primary due to com.android.shell
05-28 05:14:50.335  6006  6008 I cmd     : oneway function results will be dropped but finished with status OK and parcel size 4
05-28 05:14:50.492   159   159 I hwservicemanager: getTransport: Cannot find entry android.hardware.graphics.mapper@4.0::IMapper/default in either framework or device manifest.
05-28 05:14:50.493  6028  6028 I Gralloc4: mapper 4.x is not supported
05-28 05:14:50.558  1442  2282 I MediaProvider: Begin Intent { act=android.intent.action.MEDIA_SCANNER_SCAN_FILE dat=file:///sdcard/screen_2026-05-28_051451.png flg=0x1400010 cmp=com.android.providers.media.module/com.android.providers.media.MediaService }
05-28 05:14:50.559  1442  2282 W ModernMediaScanner: Failed to visit /sdcard/screen_2026-05-28_051451.png: java.nio.file.AccessDeniedException: /sdcard/screen_2026-05-28_051451.png
05-28 05:14:50.559  1442  2282 I MediaProvider: Scanned internal due to REASON_DEMAND, found 0 items in 0ms, 0 inserts 0 updates 0 deletes
05-28 05:14:50.560  1442  2282 I MediaProvider: End Intent { act=android.intent.action.MEDIA_SCANNER_SCAN_FILE dat=file:///sdcard/screen_2026-05-28_051451.png flg=0x1400010 cmp=com.android.providers.media.module/com.android.providers.media.MediaService }
05-28 05:14:50.587  1442  1736 I MediaProvider: Deleted 1 items on external_primary due to com.android.shell
05-28 05:14:50.620  6043  6045 I cmd     : oneway function results will be dropped but finished with status OK and parcel size 4
05-28 05:14:50.750   507  1437 E TaskPersister: File error accessing recents directory (directory doesn't exist?).
05-28 05:14:50.795   159   159 I hwservicemanager: getTransport: Cannot find entry android.hardware.graphics.mapper@4.0::IMapper/default in either framework or device manifest.
05-28 05:14:50.795  6067  6067 I Gralloc4: mapper 4.x is not supported
05-28 05:14:50.859  6071  6073 I cmd     : oneway function results will be dropped but finished with status OK and parcel size 4
05-28 05:14:50.860  1442  2282 I MediaProvider: Begin Intent { act=android.intent.action.MEDIA_SCANNER_SCAN_FILE dat=file:///sdcard/screen_2026-05-28_051451.png flg=0x1400010 cmp=com.android.providers.media.module/com.android.providers.media.MediaService }
05-28 05:14:50.861  1442  2282 W ModernMediaScanner: Failed to visit /sdcard/screen_2026-05-28_051451.png: java.nio.file.AccessDeniedException: /sdcard/screen_2026-05-28_051451.png
05-28 05:14:50.868  1442  2282 I MediaProvider: Scanned internal due to REASON_DEMAND, found 0 items in 6ms, 0 inserts 0 updates 0 deletes
05-28 05:14:50.869  1442  2282 I MediaProvider: End Intent { act=android.intent.action.MEDIA_SCANNER_SCAN_FILE dat=file:///sdcard/screen_2026-05-28_051451.png flg=0x1400010 cmp=com.android.providers.media.module/com.android.providers.media.MediaService }
05-28 05:14:50.931  1442  2471 I MediaProvider: Deleted 1 items on external_primary due to com.android.shell
05-28 05:14:50.964  6082  6084 I cmd     : oneway function results will be dropped but finished with status OK and parcel size 4
05-28 05:14:51.027  6097  6099 I cmd     : oneway function results will be dropped but finished with status OK and parcel size 4
05-28 05:14:51.153  6127  6129 I cmd     : oneway function results will be dropped but finished with status OK and parcel size 4
05-28 05:14:51.252  6139  6139 E libc    : Access denied finding property "persist.device_config.runtime_native_boot.profilebootclasspath"
05-28 05:14:51.252  6139  6139 E libc    : Access denied finding property "persist.device_config.runtime_native_boot.enable_apex_image"
05-28 05:14:51.252  6139  6139 I AndroidRuntime: Using default boot image
05-28 05:14:51.252  6139  6139 E libc    : Access denied finding property "persist.device_config.runtime_native_boot.disable_lock_profiling"
05-28 05:14:51.252  6139  6139 I AndroidRuntime: Leaving lock profiling enabled
05-28 05:14:51.253  6139  6139 E libc    : Access denied finding property "persist.device_config.runtime_native_boot.enable_generational_cc"
05-28 05:14:51.255  6139  6139 I app_process: Core platform API reporting enabled, enforcing=false
05-28 05:14:51.248  6139  6139 W app_process: type=1400 audit(0.0:484): avc: denied { read } for name="u:object_r:device_config_runtime_native_boot_prop:s0" dev="tmpfs" ino=179 scontext=u:r:shell:s0 tcontext=u:object_r:device_config_runtime_native_boot_prop:s0 tclass=file permissive=0
05-28 05:14:51.307  6139  6139 W app_process: Unexpected CPU variant for X86 using defaults: x86_64
05-28 05:14:51.309  6139  6139 I app_process: The ClassLoaderContext is a special shared library.
05-28 05:14:51.316  6139  6139 W app_process: JNI RegisterNativeMethods: attempt to register 0 native methods for android.media.AudioAttributes
05-28 05:14:51.541  2293  2293 E AccessibilityInteractionClient: 2 Disconnected nodes.
05-28 05:14:52.274  1420  1894 I Dialer  : VvmTaskExecutor - executing task com.android.voicemail.impl.ActivationTask@b16277b
05-28 05:14:52.274  1420  1894 I Dialer  : PreOMigrationHandler - ComponentInfo{com.android.phone/com.android.services.telephony.TelephonyConnectionService}, ***, UserHandle{0} already migrated
05-28 05:14:52.287   507   549 I ActivityManager: Start proc 6159:android.process.acore/u0a66 for content provider {com.android.providers.contacts/com.android.providers.contacts.VoicemailContentProvider}
05-28 05:14:52.290  6159  6159 W d.process.acor: Unexpected CPU variant for X86 using defaults: x86_64
05-28 05:14:52.293   395   401 I adbd    : jdwp connection from 6159
05-28 05:14:52.304  6159  6159 I d.process.acor: The ClassLoaderContext is a special shared library.
05-28 05:14:52.318  6159  6159 I d.process.acor: The ClassLoaderContext is a special shared library.
05-28 05:14:52.322  6159  6159 I d.process.acor: The ClassLoaderContext is a special shared library.
