--------- beginning of main
05-28 05:13:46.785  1710  1710 I app_process: Core platform API reporting enabled, enforcing=false
05-28 05:13:46.790   960  1002 I rkstack.proces: Waiting for a blocking GC ProfileSaver
05-28 05:13:46.794  1849  1849 I CalendarDatabaseHelper: Bootstrapping database
05-28 05:13:46.802   279  1872 W resolv  : Validating DnsTlsServer on netId 100
--------- beginning of system
05-28 05:13:46.819   279  1872 W resolv  : Validation failed
05-28 05:13:46.856  1055  1055 I Telephony: handleVideoCapabilitesChanged. Video capability - false
05-28 05:13:46.874  1055  1055 I Telephony: handleVideoCapabilitesChanged. Video capability - false
05-28 05:13:46.876  1585  1695 I ContactsDatabaseHelper: Locale change completed in 116ms
05-28 05:13:46.879  1055  1055 I Telephony: isRttCurrentlySupported -- regular acct, hasVoiceAvailability: false
05-28 05:13:46.879  1055  1055 I Telephony:  isRttSupported: false
05-28 05:13:46.879  1055  1055 I Telephony:  isRoaming: false
05-28 05:13:46.879  1055  1055 I Telephony:  isOnWfc: false
05-28 05:13:46.881  1849  1849 I CalendarProvider2: Created com.android.providers.calendar.CalendarAlarmManager@5d04cdd(com.android.providers.calendar.CalendarProvider2@10a4052)
05-28 05:13:46.883   279   279 E Netd    : Error adding route ::/0 -> fe80::2 radio0 to table 1017: File exists
05-28 05:13:46.883  1585  1695 I ContactsFTS: Rebuild contact search index in 5ms, 0 contacts
05-28 05:13:46.886   507   660 W BestClock: java.time.DateTimeException: Missing NTP fix
05-28 05:13:46.897  1585  1696 I ContactsFTS: Rebuild contact search index in 3ms, 0 contacts
05-28 05:13:46.903  1585  1695 I ContactsProvider: Upgrading aggregation algorithm
05-28 05:13:46.903  1585  1696 I ContactsProvider: Upgrading aggregation algorithm
05-28 05:13:46.905   507   996 I Telecom : PhoneAccountRegistrar: Modify account: [ComponentInfo{com.android.phone/com.android.services.telephony.TelephonyConnectionService}, ***, UserHandle{0}]: TSI.rPA@AE4
05-28 05:13:46.906   507   660 W BestClock: java.time.DateTimeException: Missing NTP fix
05-28 05:13:46.907  1585  1696 I ContactAggregator: Marked all visible contacts for aggregation: 0 raw contacts, 0 ms
05-28 05:13:46.907  1585  1696 I ContactsProvider: Aggregation algorithm upgraded for 0 raw contacts in 4ms
05-28 05:13:46.908   507   653 W BestClock: java.time.DateTimeException: Missing NTP fix
05-28 05:13:46.910   507   996 I Telecom : CallsManager: handlePhoneAccountChanged: phoneAccount=[[X] PhoneAccount: ComponentInfo{com.android.phone/com.android.services.telephony.TelephonyConnectionService}, ***, UserHandle{0} Capabilities: CallProvider MultiUser PlaceEmerg SimSub  Audio Routes: BESW Schemes: tel voicemail  Extras: Bundle[{android.telecom.extra.SUPPORTS_VIDEO_CALLING_FALLBACK=true}] GroupId: ***]: TSI.rPA@AE4
05-28 05:13:46.912  1585  1695 I ContactAggregator: Marked all visible contacts for aggregation: 0 raw contacts, 1 ms
05-28 05:13:46.912  1585  1695 I ContactsProvider: Aggregation algorithm upgraded for 0 raw contacts in 9ms
05-28 05:13:46.923   279  1877 W resolv  : Validating DnsTlsServer on netId 100
05-28 05:13:46.989   279  1877 W resolv  : SSL_connect ssl error =5, mark 0xf0064: Connection refused
05-28 05:13:46.989   279  1877 W resolv  : Validation failed
05-28 05:13:46.991   507   652 W BestClock: java.time.DateTimeException: Missing NTP fix
05-28 05:13:46.997  1849  1849 I CalendarUpgradeReceiver: Creating or opening calendar database
05-28 05:13:46.997   507  1196 I PreBootBroadcaster: Pre-boot of {com.android.providers.contacts/com.android.providers.contacts.ContactsUpgradeReceiver} for user 0
05-28 05:13:47.007  1420  1420 I Dialer  : VvmOmtpService - onCellServiceConnected
05-28 05:13:47.008   507   653 W BestClock: java.time.DateTimeException: Missing NTP fix
05-28 05:13:47.010  1420  1420 I Dialer  : VoicemailModule.provideVoicemailClient - providing VoicemailClientImpl
05-28 05:13:47.011   507   652 W BestClock: java.time.DateTimeException: Missing NTP fix
05-28 05:13:47.012   507   660 W BestClock: java.time.DateTimeException: Missing NTP fix
05-28 05:13:47.020  1585  1585 I ContactsUpgradeReceiver: Creating or opening contacts database
05-28 05:13:47.021   507  1703 I PreBootBroadcaster: Pre-boot of {com.android.providers.media.module/com.android.providers.media.MediaUpgradeReceiver} for user 0
05-28 05:13:47.023   507   660 W BestClock: java.time.DateTimeException: Missing NTP fix
05-28 05:13:47.025   507   653 W BestClock: java.time.DateTimeException: Missing NTP fix
05-28 05:13:47.027  1055  1055 W ConnectivityManager.CallbackHandler: callback not found for CALLBACK_AVAILABLE message
05-28 05:13:47.029  1055  1055 W ConnectivityManager.CallbackHandler: callback not found for CALLBACK_PRECHECK message
05-28 05:13:47.029  1055  1055 W ConnectivityManager.CallbackHandler: callback not found for CALLBACK_PRECHECK message
05-28 05:13:47.034  1055  1055 W ConnectivityManager.CallbackHandler: callback not found for CALLBACK_CAP_CHANGED message
05-28 05:13:47.034  1055  1055 W ConnectivityManager.CallbackHandler: callback not found for CALLBACK_CAP_CHANGED message
05-28 05:13:47.037   507   660 W BestClock: java.time.DateTimeException: Missing NTP fix
05-28 05:13:47.037   507   660 W BestClock: java.time.DateTimeException: Missing NTP fix
05-28 05:13:47.040   507   652 W BestClock: java.time.DateTimeException: Missing NTP fix
--------- beginning of kernel
05-28 05:13:47.489     0     0 I init    : processing action (sys.sysctl.tcp_def_init_rwnd=*) from (/system/etc/init/hw/init.rc:1006)
05-28 05:13:47.102  1442  1442 I MediaUpgradeReceiver: ---> Start upgrade of media database external.db
05-28 05:13:47.102   507   652 W BestClock: java.time.DateTimeException: Missing NTP fix
05-28 05:13:47.105   168   170 I vold    : Bind mounting //data/media/0/Android/data on /mnt/user/0/emulated/0/Android/data
05-28 05:13:47.105   168   170 I vold    : Bind mounted //data/media/0/Android/data on /mnt/user/0/emulated/0/Android/data
05-28 05:13:47.105   168   170 I vold    : Bind mounting //data/media/0/Android/obb on /mnt/user/0/emulated/0/Android/obb
05-28 05:13:47.105   168   170 I vold    : Bind mounted //data/media/0/Android/obb on /mnt/user/0/emulated/0/Android/obb
05-28 05:13:47.105   168   170 I vold    : Configuring read_ahead of /mnt/user/0/emulated fuse filesystem to 256kb
05-28 05:13:47.106   168   170 I vold    : Writing 256 to /sys/class/bdi/0:43/read_ahead_kb
05-28 05:13:47.106   168   170 I vold    : Configuring max_ratio of /mnt/user/0/emulated fuse filesystem to 40
05-28 05:13:47.106   168   170 I vold    : Writing 40 to /sys/class/bdi/0:43/max_ratio
05-28 05:13:47.106   507   612 I StorageManagerService: Mounted volume VolumeInfo{emulated;0}:
05-28 05:13:47.106   507   612 I StorageManagerService:     type=EMULATED diskId=null partGuid= mountFlags=PRIMARY|VISIBLE 
05-28 05:13:47.106   507   612 I StorageManagerService:     mountUserId=0 state=CHECKING 
05-28 05:13:47.106   507   612 I StorageManagerService:     fsType=null fsUuid=null fsLabel=null 
05-28 05:13:47.106   507   612 I StorageManagerService:     path=/storage/emulated internalPath=/data/media 
05-28 05:13:47.106   507   612 I StorageSessionController: Notifying volume state changed for session with id: emulated;0
05-28 05:13:47.106   507   660 W BestClock: java.time.DateTimeException: Missing NTP fix
05-28 05:13:47.107  1442  1560 I ExternalStorageServiceImpl: Ignoring volume state for vol:external_primary. State: checking
05-28 05:13:47.111  1442  1442 I MediaUpgradeReceiver: <--- Finished upgrade of media database external.db in 9ms
05-28 05:13:47.112   507   996 I PreBootBroadcaster: Pre-boot of {com.android.settings/com.android.settings.SettingsInitialize} for user 0
05-28 05:13:47.117  1420  1420 I Dialer  : VvmTaskReceiver - task received
05-28 05:13:47.117  1420  1420 I Dialer  : VvmTaskReceiver - scheduling new job
05-28 05:13:47.119   936  1837 E FrameEvents: updateAcquireFence: Did not find frame.
05-28 05:13:47.121  1420  1420 I Dialer  : TaskSchedulerJobService - scheduling job with 1 tasks
05-28 05:13:47.127  1420  1420 I Dialer  : TaskSchedulerJobService - running job instantly.
05-28 05:13:47.130  1420  1420 I Dialer  : TaskSchedulerJobService - job 0 scheduled
05-28 05:13:47.134   960  1882 W UnsafeUtil: platform method missing - proto runtime falling back to safer methods: java.lang.NoSuchMethodException: sun.misc.Unsafe.copyMemory [class java.lang.Object, long, class java.lang.Object, long, long]
05-28 05:13:47.138   507   612 I StorageSessionController: Notifying volume state changed for session with id: emulated;0
05-28 05:13:47.142   507   507 W StorageManagerService: Reporting emulated;0 unmounted due to system locked
05-28 05:13:47.143  1420  1420 I Dialer  : TaskSchedulerJobService - starting 0
05-28 05:13:47.142   507   507 W StorageManagerService: Reporting emulated;0 unmounted due to system locked
05-28 05:13:47.145   507   995 W StorageManagerService: Reporting emulated;0 unmounted due to system locked
05-28 05:13:47.150  1420  1420 I Dialer  : VvmTaskExecutor - onStartJob
05-28 05:13:47.151  1420  1420 I Dialer  : Task.createTask - create task:com.android.voicemail.impl.ActivationTask
05-28 05:13:47.151  1420  1894 I Dialer  : VvmTaskExecutor - executing task com.android.voicemail.impl.ActivationTask@5a58713
05-28 05:13:47.152   507   996 I ActivityManager: Posting BOOT_COMPLETED user #0
05-28 05:13:47.153   507   539 I AppWidgetServiceImpl: Processing of handleUserUnlocked u0 took 0 ms
05-28 05:13:47.153   507   548 I SystemServerTimingAsync: ssm.UnlockedUser-0
05-28 05:13:47.153   507   548 I SystemServiceManager: Calling onUnlockedUser 0
05-28 05:13:47.153   507   548 I SystemServerTimingAsync: ssm.onUnlockedUser-0_com.android.server.security.FileIntegrityService
05-28 05:13:47.153   507   548 I SystemServerTimingAsync: ssm.onUnlockedUser-0_com.android.server.pm.Installer
05-28 05:13:47.153   507   548 I SystemServerTimingAsync: ssm.onUnlockedUser-0_com.android.server.os.DeviceIdentifiersPolicyService
05-28 05:13:47.153   507   548 I SystemServerTimingAsync: ssm.onUnlockedUser-0_com.android.server.uri.UriGrantsManagerService$Lifecycle
05-28 05:13:47.153   507   548 I SystemServerTimingAsync: ssm.onUnlockedUser-0_com.android.server.wm.ActivityTaskManagerService$Lifecycle
05-28 05:13:47.153   507   548 I SystemServerTimingAsync: ssm.onUnlockedUser-0_com.android.server.am.ActivityManagerService$Lifecycle
05-28 05:13:47.153   507   548 I SystemServerTimingAsync: ssm.onUnlockedUser-0_com.android.server.pm.DataLoaderManagerService
05-28 05:13:47.153   507   548 I SystemServerTimingAsync: ssm.onUnlockedUser-0_com.android.server.power.PowerManagerService
05-28 05:13:47.153   507   548 I SystemServerTimingAsync: ssm.onUnlockedUser-0_com.android.server.power.ThermalManagerService
05-28 05:13:47.153   507   548 I SystemServerTimingAsync: ssm.onUnlockedUser-0_com.android.server.recoverysystem.RecoverySystemService$Lifecycle
05-28 05:13:47.153   507   548 I SystemServerTimingAsync: ssm.onUnlockedUser-0_com.android.server.lights.LightsService
05-28 05:13:47.153   507   548 I SystemServerTimingAsync: ssm.onUnlockedUser-0_com.android.server.display.DisplayManagerService
05-28 05:13:47.153   507   548 I SystemServerTimingAsync: ssm.onUnlockedUser-0_com.android.server.pm.UserManagerService$LifeCycle
05-28 05:13:47.153   507   548 I SystemServerTimingAsync: ssm.onUnlockedUser-0_com.android.server.om.OverlayManagerService
05-28 05:13:47.153   507   548 I SystemServerTimingAsync: ssm.onUnlockedUser-0_com.android.server.SensorPrivacyService
05-28 05:13:47.153   507   548 I SystemServerTimingAsync: ssm.onUnlockedUser-0_com.android.server.SystemConfigService
05-28 05:13:47.153   507   548 I SystemServerTimingAsync: ssm.onUnlockedUser-0_com.android.server.BatteryService
05-28 05:13:47.153   507   548 I SystemServerTimingAsync: ssm.onUnlockedUser-0_com.android.server.usage.UsageStatsService
05-28 05:13:47.153   507   548 I SystemServerTimingAsync: ssm.onUnlockedUser-0_com.android.server.webkit.WebViewUpdateService
05-28 05:13:47.153   507   548 I SystemServerTimingAsync: ssm.onUnlockedUser-0_com.android.server.CachedDeviceStateService
05-28 05:13:47.153   507   548 I SystemServerTimingAsync: ssm.onUnlockedUser-0_com.android.server.BinderCallsStatsService$LifeCycle
05-28 05:13:47.153   507   548 I SystemServerTimingAsync: ssm.onUnlockedUser-0_com.android.server.LooperStatsService$Lifecycle
05-28 05:13:47.153   507   548 I SystemServerTimingAsync: ssm.onUnlockedUser-0_com.android.server.rollback.RollbackManagerService
05-28 05:13:47.153   507   548 I SystemServerTimingAsync: ssm.onUnlockedUser-0_com.android.server.os.BugreportManagerService
05-28 05:13:47.153   507   548 I SystemServerTimingAsync: ssm.onUnlockedUser-0_com.android.server.gpu.GpuService
05-28 05:13:47.153   507   548 I SystemServerTimingAsync: ssm.onUnlockedUser-0_com.android.server.security.KeyChainSystemService
05-28 05:13:47.153   507   548 I SystemServerTimingAsync: ssm.onUnlockedUser-0_com.android.server.telecom.TelecomLoaderService
05-28 05:13:47.153   507   548 I SystemServerTimingAsync: ssm.onUnlockedUser-0_com.android.server.accounts.AccountManagerService$Lifecycle
05-28 05:13:47.153   507   548 I SystemServerTimingAsync: ssm.onUnlockedUser-0_com.android.server.content.ContentService$Lifecycle
05-28 05:13:47.153   507   548 I SystemServerTimingAsync: ssm.onUnlockedUser-0_com.android.server.DropBoxManagerService
05-28 05:13:47.153   507   548 I SystemServerTimingAsync: ssm.onUnlockedUser-0_com.android.server.AlarmManagerService
05-28 05:13:47.153   507   548 I SystemServerTimingAsync: ssm.onUnlockedUser-0_com.android.server.BluetoothService
05-28 05:13:47.153   507   548 I SystemServerTimingAsync: ssm.onUnlockedUser-0_com.android.server.connectivity.IpConnectivityMetrics
05-28 05:13:47.153   507   548 I SystemServerTimingAsync: ssm.onUnlockedUser-0_com.android.server.net.watchlist.NetworkWatchlistService$Lifecycle
05-28 05:13:47.153   507   548 I SystemServerTimingAsync: ssm.onUnlockedUser-0_com.android.server.PinnerService
05-28 05:13:47.153   507   548 I SystemServerTimingAsync: ssm.onUnlockedUser-0_com.google.android.startop.iorap.IorapForwardingService
05-28 05:13:47.153   507   548 I SystemServerTimingAsync: ssm.onUnlockedUser-0_com.android.server.integrity.AppIntegrityManagerService
05-28 05:13:47.153   507   548 I SystemServerTimingAsync: ssm.onUnlockedUser-0_com.android.server.inputmethod.InputMethodManagerService$Lifecycle
05-28 05:13:47.153   507   548 I SystemServerTimingAsync: ssm.onUnlockedUser-0_com.android.server.accessibility.AccessibilityManagerService$Lifecycle
05-28 05:13:47.153   507   548 I SystemServerTimingAsync: ssm.onUnlockedUser-0_com.android.server.StorageManagerService$Lifecycle
05-28 05:13:47.153   507   548 I SystemServerTimingAsync: ssm.onUnlockedUser-0_com.android.server.usage.StorageStatsService$Lifecycle
05-28 05:13:47.154   507   548 I SystemServerTimingAsync: ssm.onUnlockedUser-0_com.android.server.UiModeManagerService
05-28 05:13:47.154   507   548 I SystemServerTimingAsync: ssm.onUnlockedUser-0_com.android.server.locksettings.LockSettingsService$Lifecycle
05-28 05:13:47.154   507   548 I SystemServerTimingAsync: ssm.onUnlockedUser-0_com.android.server.testharness.TestHarnessModeService
05-28 05:13:47.154   507   548 I SystemServerTimingAsync: ssm.onUnlockedUser-0_com.android.server.DeviceIdleController
05-28 05:13:47.154   507   548 I SystemServerTimingAsync: ssm.onUnlockedUser-0_com.android.server.devicepolicy.DevicePolicyManagerService$Lifecycle
05-28 05:13:47.154   507   548 I SystemServerTimingAsync: ssm.onUnlockedUser-0_com.android.server.textservices.TextServicesManagerService$Lifecycle
05-28 05:13:47.154   507   548 I SystemServerTimingAsync: ssm.onUnlockedUser-0_com.android.server.textclassifier.TextClassificationManagerService$Lifecycle
05-28 05:13:47.154   507   548 I SystemServerTimingAsync: ssm.onUnlockedUser-0_com.android.server.NetworkScoreService$Lifecycle
05-28 05:13:47.154   507   548 I SystemServerTimingAsync: ssm.onUnlockedUser-0_com.android.server.wifi.WifiService
05-28 05:13:47.154   507   548 I SystemServerTimingAsync: ssm.onUnlockedUser-0_com.android.server.wifi.scanner.WifiScanningService
05-28 05:13:47.154   507   548 I SystemServerTimingAsync: ssm.onUnlockedUser-0_com.android.server.wifi.p2p.WifiP2pService
05-28 05:13:47.154   507   548 I SystemServerTimingAsync: ssm.onUnlockedUser-0_com.android.server.notification.NotificationManagerService
05-28 05:13:47.154   507   548 I SystemServerTimingAsync: ssm.onUnlockedUser-0_com.android.server.storage.DeviceStorageMonitorService
05-28 05:13:47.154   507   548 I SystemServerTimingAsync: ssm.onUnlockedUser-0_com.android.server.location.LocationManagerService$Lifecycle
05-28 05:13:47.154   507   548 I SystemServerTimingAsync: ssm.onUnlockedUser-0_com.android.server.timedetector.TimeDetectorService$Lifecycle
05-28 05:13:47.154   507   548 I SystemServerTimingAsync: ssm.onUnlockedUser-0_com.android.server.timezonedetector.TimeZoneDetectorService$Lifecycle
05-28 05:13:47.154   507   548 I SystemServerTimingAsync: ssm.onUnlockedUser-0_com.android.server.search.SearchManagerService$Lifecycle
05-28 05:13:47.154   507   548 I SystemServerTimingAsync: ssm.onUnlockedUser-0_com.android.server.wallpaper.WallpaperManagerService$Lifecycle
05-28 05:13:47.154   507   548 I SystemServerTimingAsync: ssm.onUnlockedUser-0_com.android.server.audio.AudioService$Lifecycle
05-28 05:13:47.154   507   548 I SystemServerTimingAsync: ssm.onUnlockedUser-0_com.android.server.soundtrigger_middleware.SoundTriggerMiddlewareService$Lifecycle
05-28 05:13:47.154   507   548 I SystemServerTimingAsync: ssm.onUnlockedUser-0_com.android.server.DockObserver
05-28 05:13:47.154   507   548 I SystemServerTimingAsync: ssm.onUnlockedUser-0_com.android.server.midi.MidiService$Lifecycle
05-28 05:13:47.154   507   548 I SystemServerTimingAsync: ssm.onUnlockedUser-0_com.android.server.adb.AdbService$Lifecycle
05-28 05:13:47.154   507   548 I SystemServerTimingAsync: ssm.onUnlockedUser-0_com.android.server.usb.UsbService$Lifecycle
05-28 05:13:47.154   507   548 I SystemServerTimingAsync: ssm.onUnlockedUser-0_com.android.server.twilight.TwilightService
05-28 05:13:47.154   507   548 I SystemServerTimingAsync: ssm.onUnlockedUser-0_com.android.server.display.color.ColorDisplayService
05-28 05:13:47.154   507   548 I SystemServerTimingAsync: ssm.onUnlockedUser-0_com.android.server.job.JobSchedulerService
05-28 05:13:47.154   507   548 I SystemServerTimingAsync: ssm.onUnlockedUser-0_com.android.server.soundtrigger.SoundTriggerService
05-28 05:13:47.154   507   548 I SystemServerTimingAsync: ssm.onUnlockedUser-0_com.android.server.trust.TrustManagerService
05-28 05:13:47.154   507   548 I SystemServerTimingAsync: ssm.onUnlockedUser-0_com.android.server.backup.BackupManagerService$Lifecycle
05-28 05:13:47.154   507   548 I SystemServerTimingAsync: ssm.onUnlockedUser-0_com.android.server.appwidget.AppWidgetService
05-28 05:13:47.154   507   548 I SystemServerTimingAsync: ssm.onUnlockedUser-0_com.android.server.role.RoleManagerService
05-28 05:13:47.154   507   548 I SystemServerTimingAsync: ssm.onUnlockedUser-0_com.android.server.voiceinteraction.VoiceInteractionManagerService
05-28 05:13:47.154   507   548 I SystemServerTimingAsync: ssm.onUnlockedUser-0_com.android.server.GestureLauncherService
05-28 05:13:47.154   507   548 I SystemServerTimingAsync: ssm.onUnlockedUser-0_com.android.server.SensorNotificationService
05-28 05:13:47.154   507   548 I SystemServerTimingAsync: ssm.onUnlockedUser-0_com.android.server.emergency.EmergencyAffordanceService
05-28 05:13:47.154   507   548 I SystemServerTimingAsync: ssm.onUnlockedUser-0_com.android.server.dreams.DreamManagerService
05-28 05:13:47.154   507   548 I SystemServerTimingAsync: ssm.onUnlockedUser-0_com.android.server.blob.BlobStoreManagerService
05-28 05:13:47.154   507   548 I SystemServerTimingAsync: ssm.onUnlockedUser-0_com.android.server.print.PrintManagerService
05-28 05:13:47.154   507   548 I SystemServerTimingAsync: ssm.onUnlockedUser-0_com.android.server.companion.CompanionDeviceManagerService
05-28 05:13:47.154   507   548 I SystemServerTimingAsync: ssm.onUnlockedUser-0_com.android.server.restrictions.RestrictionsManagerService
05-28 05:13:47.154   507   548 I SystemServerTimingAsync: ssm.onUnlockedUser-0_com.android.server.media.MediaSessionService
05-28 05:13:47.154   507   548 I SystemServerTimingAsync: ssm.onUnlockedUser-0_com.android.server.media.MediaResourceMonitorService
05-28 05:13:47.154   507   548 I SystemServerTimingAsync: ssm.onUnlockedUser-0_com.android.server.biometrics.fingerprint.FingerprintService
05-28 05:13:47.154   507   548 I SystemServerTimingAsync: ssm.onUnlockedUser-0_com.android.server.biometrics.BiometricService
05-28 05:13:47.154   507   548 I SystemServerTimingAsync: ssm.onUnlockedUser-0_com.android.server.biometrics.AuthService
05-28 05:13:47.154   507   548 I SystemServerTimingAsync: ssm.onUnlockedUser-0_com.android.server.pm.ShortcutService$Lifecycle
05-28 05:13:47.154   507   548 I SystemServerTimingAsync: ssm.onUnlockedUser-0_com.android.server.pm.LauncherAppsService
05-28 05:13:47.154   507   548 I SystemServerTimingAsync: ssm.onUnlockedUser-0_com.android.server.pm.CrossProfileAppsService
05-28 05:13:47.154   507   548 I SystemServerTimingAsync: ssm.onUnlockedUser-0_com.android.server.people.PeopleService
05-28 05:13:47.154   507   548 I SystemServerTimingAsync: ssm.onUnlockedUser-0_com.android.server.media.projection.MediaProjectionManagerService
05-28 05:13:47.154   507   548 I SystemServerTimingAsync: ssm.onUnlockedUser-0_com.android.server.slice.SliceManagerService$Lifecycle
05-28 05:13:47.154   507   548 I SystemServerTimingAsync: ssm.onUnlockedUser-0_com.android.server.camera.CameraServiceProxy
05-28 05:13:47.154   507   548 I SystemServerTimingAsync: ssm.onUnlockedUser-0_com.android.server.stats.StatsCompanion$Lifecycle
05-28 05:13:47.155   507   548 I SystemServerTimingAsync: ssm.onUnlockedUser-0_com.android.server.stats.pull.StatsPullAtomService
05-28 05:13:47.155   507   548 I SystemServerTimingAsync: ssm.onUnlockedUser-0_com.android.server.incident.IncidentCompanionService
05-28 05:13:47.155   507   548 I SystemServerTimingAsync: ssm.onUnlockedUser-0_com.android.server.MmsServiceBroker
05-28 05:13:47.155   507   548 I SystemServerTimingAsync: ssm.onUnlockedUser-0_com.android.server.autofill.AutofillManagerService
05-28 05:13:47.155   507   548 I SystemServerTimingAsync: ssm.onUnlockedUser-0_com.android.server.clipboard.ClipboardService
05-28 05:13:47.155   507   548 I SystemServerTimingAsync: ssm.onUnlockedUser-0_com.android.server.appbinding.AppBindingService$Lifecycle
05-28 05:13:47.155   507   548 I SystemServerTimingAsync: ssm.onUnlockedUser-0_com.android.server.policy.PermissionPolicyService
05-28 05:13:47.155   507   548 I SystemServerTimingAsync: ssm.onUnlockedUser-0_com.android.server.pm.StagingManager$Lifecycle
05-28 05:13:47.155   507   548 W ActivityManager: UserLifecycleEvent 6 received without an active userJourneySession.
05-28 05:13:47.157  1420  1894 I Dialer  : PreOMigrationHandler - migrating ComponentInfo{com.android.phone/com.android.services.telephony.TelephonyConnectionService}, ***, UserHandle{0}
05-28 05:13:47.157  1420  1894 I Dialer  : PreOMigrationHandler.migrateSettings - migrating settings
05-28 05:13:47.161   507   507 W StorageManagerService: Reporting emulated;0 unmounted due to system locked
05-28 05:13:47.161   507   507 W StorageManagerService: Reporting emulated;0 unmounted due to system locked
05-28 05:13:47.162   507  1196 W StorageManagerService: Reporting emulated;0 unmounted due to system locked
05-28 05:13:47.170   507  1703 W StorageManagerService: Reporting emulated;0 unmounted due to system locked
05-28 05:13:47.175   936  1837 E FrameEvents: updateAcquireFence: Did not find frame.
05-28 05:13:47.177   507  1196 W StorageManagerService: Reporting emulated;0 unmounted due to system locked
05-28 05:13:47.184  1420  1420 I Dialer  : DialerExecutorModule.newThread - creating low priority thread
05-28 05:13:47.209  1585  1718 I VoicemailNotifier: receivers for android.intent.action.PROVIDER_CHANGED :[]
05-28 05:13:47.216  1585  1718 I VoicemailNotifier: receivers for android.intent.action.PROVIDER_CHANGED :[]
05-28 05:13:47.217  1420  1894 I Dialer  : VvmActivationTask - VVM content provider configured - vvm_type_cvvm
05-28 05:13:47.217  1420  1894 I Dialer  : OmtpVvmCarrierCfgHlpr - OmtpEvent:CONFIG_ACTIVATING
05-28 05:13:47.223   507  1901 I RecoverySystem: No recovery log file
05-28 05:13:47.223   507  1901 I BootReceiver: No existing last log timestamp file /data/system/log-files.xml; starting empty
05-28 05:13:47.225  1585  1718 I VoicemailNotifier: receivers for android.intent.action.PROVIDER_CHANGED :[]
05-28 05:13:47.228   507  1901 I DropBoxManagerService: add tag=SYSTEM_BOOT isTagEnabled=true flags=0x2
05-28 05:13:47.231   507  1901 I BootReceiver: Copying audit failures to DropBox
05-28 05:13:47.231   507  1901 I BootReceiver: Checking for fsck errors
05-28 05:13:47.231   507  1901 I BootReceiver: fs_stat, partition:vdc stat:0x13
05-28 05:13:47.237  1420  1902 I Dialer  : VisualVoicemailUpdateTask.updateNotification - enter
05-28 05:13:47.262   507   541 I DropBoxManagerService: add tag=system_app_strictmode isTagEnabled=true flags=0x2
05-28 05:13:48.028     0     0 I AidlLazyServiceRegistrar: Process has 1 (of 1 available) client(s) in use after notification android.apex.IApexService has clients: 1
05-28 05:13:48.042     0     0 I AidlLazyServiceRegistrar: Process has 0 (of 1 available) client(s) in use after notification android.apex.IApexService has clients: 0
05-28 05:13:47.277   936   936 W System  : ClassLoader referenced unknown path: 
05-28 05:13:47.294  1710  1710 W app_process: Unexpected CPU variant for X86 using defaults: x86_64
05-28 05:13:47.296   507  1196 W InputReader: Device virtio_input_multi_touch_10 is associated with display ADISPLAY_ID_NONE.
05-28 05:13:47.296   507  1196 W InputReader: Device virtio_input_multi_touch_7 is associated with display ADISPLAY_ID_NONE.
05-28 05:13:47.296   507  1196 W InputReader: Device virtio_input_multi_touch_4 is associated with display ADISPLAY_ID_NONE.
05-28 05:13:47.296   507  1196 W InputReader: Device virtio_input_multi_touch_11 is associated with display ADISPLAY_ID_NONE.
05-28 05:13:47.297   507  1196 W InputReader: Device virtio_input_multi_touch_5 is associated with display ADISPLAY_ID_NONE.
05-28 05:13:47.297   507  1196 W InputReader: Device virtio_input_multi_touch_2 is associated with display ADISPLAY_ID_NONE.
05-28 05:13:47.297   507  1196 W InputReader: Device virtio_input_multi_touch_6 is associated with display ADISPLAY_ID_NONE.
05-28 05:13:47.297   507  1196 W InputReader: Device virtio_input_multi_touch_8 is associated with display ADISPLAY_ID_NONE.
05-28 05:13:47.297   507  1196 W InputReader: Device virtio_input_multi_touch_9 is associated with display ADISPLAY_ID_NONE.
05-28 05:13:47.297   507  1196 W InputReader: Device virtio_input_multi_touch_3 is associated with display ADISPLAY_ID_NONE.
05-28 05:13:47.330  1710  1710 I app_process: The ClassLoaderContext is a special shared library.
05-28 05:13:47.344   279  1907 W resolv  : Validating DnsTlsServer on netId 100
05-28 05:13:47.347   279  1907 W resolv  : SSL_connect ssl error =5, mark 0xf0064: Connection refused
05-28 05:13:47.347   279  1907 W resolv  : Validation failed
05-28 05:13:47.356   507   547 I ActivityTaskManager: Displayed com.android.launcher3/.uioverrides.QuickstepLauncher: +982ms
05-28 05:13:47.360   936   936 W UnsafeUtil: platform method missing - proto runtime falling back to safer methods: java.lang.NoSuchMethodException: sun.misc.Unsafe.copyMemory [class java.lang.Object, long, class java.lang.Object, long, long]
05-28 05:13:47.362   507   539 I GnssNetworkConnectivityHandler: updateNetworkState, state=CLOSED, connected=true, network=100, capabilities=[ Transports: CELLULAR Capabilities: MMS&SUPL&DUN&FOTA&IMS&CBS&INTERNET&NOT_RESTRICTED&TRUSTED&NOT_VPN&VALIDATED&NOT_ROAMING&FOREGROUND&NOT_CONGESTED&NOT_SUSPENDED LinkUpBandwidth>=15000Kbps LinkDnBandwidth>=30000Kbps Specifier: <TelephonyNetworkSpecifier [mSubId = 1]> AdministratorUids: [] RequestorUid: -1 RequestorPackageName: null], apn: epc.tmobile.com, availableNetworkCount: 1
05-28 05:13:47.376   344  1159 W ServiceManager: Permission failure: android.permission.ACCESS_SURFACE_FLINGER from uid=10118 pid=936
05-28 05:13:47.378  1585  1614 I d.process.acor: Background young concurrent copying GC freed 75786(3820KB) AllocSpace objects, 6(312KB) LOS objects, 91% free, 2368KB/26MB, paused 19us total 105.850ms
05-28 05:13:47.395  1710  1710 W app_process: JNI RegisterNativeMethods: attempt to register 0 native methods for android.media.AudioAttributes
05-28 05:13:47.408   936  1013 W DefaultLayoutParser: No preference or single system activity found for Intent { act=android.intent.action.MAIN cat=[android.intent.category.APP_BROWSER] }
05-28 05:13:47.419   936  1013 W DefaultLayoutParser: No preference or single system activity found for Intent { act=android.intent.action.MAIN cat=[android.intent.category.APP_EMAIL] }
05-28 05:13:47.419   936  1013 W DefaultLayoutParser: No preference or single system activity found for Intent { act=android.intent.action.VIEW dat=mailto: }
05-28 05:13:47.429   936  1013 W DefaultLayoutParser: No preference or single system activity found for Intent { act=android.intent.action.MAIN cat=[android.intent.category.APP_MARKET] }
05-28 05:13:47.429   936  1013 W DefaultLayoutParser: No preference or single system activity found for Intent { act=android.intent.action.VIEW dat=market://details?id=com.android.launcher }
05-28 05:13:47.445  1710  1922 W app_process: Thread attaching while runtime is shutting down: Binder:1710_2
05-28 05:13:47.445  1710  1922 I AndroidRuntime: NOTE: attach of thread 'Binder:1710_2' failed
05-28 05:13:47.453  1420  1902 I Dialer  : VisualVoicemailUpdateTask.updateNotification - no voicemails to notify about
05-28 05:13:47.453  1420  1902 I Dialer  : VisualVoicemailNotifier.cancelAllVoicemailNotifications - enter
05-28 05:13:47.458  1420  1902 I Dialer  : VoicemailNotificationJobService.scheduleJob - job canceled
05-28 05:13:47.459  1420  1420 I Dialer  : VisualVoicemailUpdateTask.scheduleTask - update successful
05-28 05:13:47.460   507   507 I Telecom : DefaultDialerCache: Refreshing default dialer for user 0: now com.android.dialer: DDC.oR@AFs
05-28 05:13:47.460   507   507 I Telecom : MissedCallNotifierImpl: reloadAfterBootComplete: user=0: TSBCR.oR@AFw
05-28 05:13:47.461   507   507 I Telecom : MissedCallNotifierImpl: reloadAfterBootComplete: user=0: TSBCR.oR@AFw
05-28 05:13:47.474  1697  1697 I MessagingApp: Carrier config changed. Reloading MMS config.
05-28 05:13:47.490  1697  1768 W MessagingApp: canonicalizeMccMnc: invalid mccmnc:null ,null
05-28 05:13:47.491   507   539 E GnssLocationProvider: IGnssConfiguration setEsExtensionSec() failed.
05-28 05:13:47.491   507   539 E GnssConfiguration: Unable to set ES_EXTENSION_SEC: 0
05-28 05:13:47.493   507   507 I Telecom : PhoneAccountRegistrar: getSimCallManager: SimCallManager for subId 1 queried, returning: null: TSI.gSCMFU@AF4
05-28 05:13:47.493  1697  1768 I MessagingApp: Carrier configs loaded: Bundle[{httpSocketTimeout=60000, aliasMinChars=2, smsToMmsTextThreshold=-1, enableSMSDeliveryReports=true, maxMessageTextSize=-1, supportMmsContentDisposition=true, enabledTransID=false, aliasEnabled=false, supportHttpCharsetHeader=false, allowAttachAudio=true, smsToMmsTextLengthThreshold=-1, recipientLimit=2147483647, uaProfTagName=x-wap-profile, aliasMaxChars=48, maxImageHeight=1944, enableMMSDeliveryReports=false, userAgent=, mmsCloseConnection=true, config_cellBroadcastAppLinks=true, maxSubjectLength=40, httpParams=, enableGroupMms=true, emailGatewayNumber=, maxMessageSize=1048576, naiSuffix=, enableMMSReadReports=false, maxImageWidth=2592, uaProfUrl=, enabledMMS=false, enabledNotifyWapMMSC=false, sendMultipartSmsAsSeparateMessages=false, enableMultipartSMS=true}] from resources+system for subId=1
05-28 05:13:47.497   507   549 I ActivityManager: Start proc 1927:com.android.calendar/u0a109 for broadcast {com.android.calendar/com.android.calendar.UpgradeReceiver}
05-28 05:13:47.511  1927  1927 W ndroid.calenda: Unexpected CPU variant for X86 using defaults: x86_64
05-28 05:13:47.514  1055  1055 I Telephony: Carrier-config changed, checking for phone account updates.
05-28 05:13:47.521   157   157 I servicemanager: Notifying apexservice they have clients: 1
05-28 05:13:47.521   157   157 I servicemanager: Notifying apexservice they have clients: 0
05-28 05:13:48.063     0     0 I AidlLazyServiceRegistrar: Shutdown prevented by forcePersist override flag.
05-28 05:13:46.736  1710  1710 W app_process: type=1400 audit(0.0:16): avc: denied { read } for name="u:object_r:device_config_runtime_native_boot_prop:s0" dev="tmpfs" ino=179 scontext=u:r:shell:s0 tcontext=u:object_r:device_config_runtime_native_boot_prop:s0 tclass=file permissive=0
05-28 05:13:47.582   167   167 I qemu-props: tell the host boot completed
05-28 05:13:46.736  1710  1710 W app_process: type=1400 audit(0.0:17): avc: denied { read } for name="u:object_r:device_config_runtime_native_boot_prop:s0" dev="tmpfs" ino=179 scontext=u:r:shell:s0 tcontext=u:object_r:device_config_runtime_native_boot_prop:s0 tclass=file permissive=0
05-28 05:13:46.736  1710  1710 I chatty  : uid=2000(shell) app_process identical 1 line
05-28 05:13:46.736  1710  1710 W app_process: type=1400 audit(0.0:19): avc: denied { read } for name="u:object_r:device_config_runtime_native_boot_prop:s0" dev="tmpfs" ino=179 scontext=u:r:shell:s0 tcontext=u:object_r:device_config_runtime_native_boot_prop:s0 tclass=file permissive=0
05-28 05:13:47.683   395   401 I adbd    : jdwp connection from 1927
05-28 05:13:47.695   507  1703 W ActivityManager: Slow operation: 63ms so far, now at attachApplicationLocked: after sendPendingBroadcastsLocked
05-28 05:13:47.706  1055  1055 I Telephony: isRttCurrentlySupported -- regular acct, hasVoiceAvailability: false
05-28 05:13:47.706  1055  1055 I Telephony:  isRttSupported: false
05-28 05:13:47.706  1055  1055 I Telephony:  isRoaming: false
05-28 05:13:47.706  1055  1055 I Telephony:  isOnWfc: false
05-28 05:13:47.729  1055  1055 I Telephony: reRegisterPstnPhoneAccount: subId: 1 - no change
05-28 05:13:47.842  1055  1055 I VvmSimStateTracker: android.telephony.action.CARRIER_CONFIG_CHANGED
05-28 05:13:47.848  1055  1055 I VvmSimStateTracker: Service connected on ComponentInfo{com.android.phone/com.android.services.telephony.TelephonyConnectionService}, ***, UserHandle{0}
05-28 05:13:47.856  1927  1927 I ndroid.calenda: The ClassLoaderContext is a special shared library.
05-28 05:13:47.860  1055  1055 I RemoteVvmTaskManager: Binding to ComponentInfo{com.android.dialer/com.android.voicemail.impl.OmtpService}
05-28 05:13:47.873  1420  1420 I Dialer  : VvmOmtpService - onCellServiceConnected
05-28 05:13:47.909  1952  1955 I cmd     : oneway function results will be dropped but finished with status OK and parcel size 4
05-28 05:13:47.910  1697  1767 I MessagingAppDataModel: SyncMessagesAction: All messages now in sync
05-28 05:13:47.937   507   549 I ActivityManager: Start proc 1958:com.android.camera2/u0a110 for broadcast {com.android.camera2/com.android.camera.SetActivitiesCameraReceiver}
05-28 05:13:47.946  1958  1958 W android.camera: Unexpected CPU variant for X86 using defaults: x86_64
05-28 05:13:47.950   395   401 I adbd    : jdwp connection from 1958
05-28 05:13:47.969   507   656 W system_server: Core platform API violation: Lsun/misc/Unsafe;->allocateInstance(Ljava/lang/Class;)Ljava/lang/Object; from /apex/com.android.wifi/javalib/service-wifi.jar using linking
05-28 05:13:47.973   507   553 E libprocessgroup: AddTidToCgroup failed to write '1978'; fd=63: Invalid argument
05-28 05:13:47.973   507   553 E libprocessgroup: Failed to add task into cgroup
05-28 05:13:47.973   507   553 W libprocessgroup: ExecuteForTask failed for aggregate profile: Invalid argument
05-28 05:13:47.981  1958  1958 I android.camera: The ClassLoaderContext is a special shared library.
05-28 05:13:47.985  1958  1958 I android.camera: The ClassLoaderContext is a special shared library.
05-28 05:13:47.987   507   656 W UnsafeUtil: platform method missing - proto runtime falling back to safer methods: java.lang.NoSuchMethodException: sun.misc.Unsafe.copyMemory [class java.lang.Object, long, class java.lang.Object, long, long]
05-28 05:13:47.988   507   656 W LastMileLogger: Failed to open free_buffer pseudo-file: /sys/kernel/debug/tracing/instances/wifi/free_buffer: open failed: ENOENT (No such file or directory)
05-28 05:13:47.988   507   656 W LastMileLogger: Failed to arm fail-safe.
05-28 05:13:47.989   507   656 I WifiClientModeImpl: Connecting with 02:15:b2:00:00:00 as the mac address
05-28 05:13:47.989   434   434 W wificond: Scan is not started. Ignore abort request
05-28 05:13:47.989   507   656 I SupplicantStaIfaceHal: addSupplicantStaNetwork via HIDL
05-28 05:13:48.029   699   699 I wpa_supplicant: wlan0: SME: Trying to authenticate with 02:15:b2:00:01:00 (SSID='AndroidWifi' freq=2447 MHz)
05-28 05:13:48.536     0     0 I wlan0   : authenticate with 02:15:b2:00:01:00
05-28 05:13:48.541     0     0 I wlan0   : send auth to 02:15:b2:00:01:00 (try 1/3)
05-28 05:13:48.043  1958  1958 I CAM_Profiler: [ 28.279ms][ui] GUARD: FirstRunDetector getTimeOfFirstRun - [18.955ms] preferences.edit()
05-28 05:13:48.043  1958  1958 I CAM_Profiler: [ 28.362ms][ui] GUARD: FirstRunDetector getTimeOfFirstRun - STOP
05-28 05:13:48.043  1958  1958 I CAM_Profiler: [ 28.817ms][ui] GUARD: CameraApp onCreate() - [28.817ms] initializeTimeOfFirstRun
05-28 05:13:48.550     0     0 I wlan0   : authenticated
05-28 05:13:48.044   502   502 I hostapd : wlan1: STA 02:15:b2:00:00:00 IEEE 802.11: authenticated
05-28 05:13:48.044   502   502 I hostapd : wlan1: STA 02:15:b2:00:00:00 IEEE 802.11: authenticated
05-28 05:13:48.047  1958  1958 I CAM_Profiler: [ 32.360ms][ui] GUARD: CameraApp onCreate() - STOP
05-28 05:13:48.047  1958  1958 W CAM_Log : Tag SetActivitiesCameraReceiver is 8 chars longer than limit.
05-28 05:13:48.048   699   699 I wpa_supplicant: wlan0: Trying to associate with 02:15:b2:00:01:00 (SSID='AndroidWifi' freq=2447 MHz)
05-28 05:13:48.048   413   998 W ServiceManager: Permission failure: android.permission.SYSTEM_CAMERA from uid=10110 pid=1958
05-28 05:13:48.048  1958  1958 I CAM_SetActivitiesCamera: number of camera: 1
05-28 05:13:48.048  1958  1958 I CAM_SetActivitiesCamera: component state is 1
05-28 05:13:48.058   502   502 I hostapd : wlan1: STA 02:15:b2:00:00:00 IEEE 802.11: associated (aid 1)
05-28 05:13:48.058   502   502 I hostapd : wlan1: STA 02:15:b2:00:00:00 IEEE 802.11: associated (aid 1)
05-28 05:13:48.058   502   502 I hostapd : wlan1: AP-STA-CONNECTED 02:15:b2:00:00:00
05-28 05:13:48.555     0     0 I wlan0   : associate with 02:15:b2:00:01:00 (try 1/3)
05-28 05:13:48.059   507   649 I ActivityManager: Killing 1069:com.android.settings:CryptKeeper/1000 (adj 985): empty #17
05-28 05:13:48.068   507   549 I ActivityManager: Start proc 1985:com.android.contacts/u0a98 for broadcast {com.android.contacts/com.android.contacts.interactions.OnBootOrUpgradeReceiver}
05-28 05:13:48.075   280   280 I Zygote  : Process 1069 exited due to signal 9 (Killed)
05-28 05:13:48.575     0     0 I wlan0   : RX AssocResp from 02:15:b2:00:01:00 (capab=0x401 status=0 aid=1)
05-28 05:13:48.588     0     0 I wlan0   : associated
05-28 05:13:48.087   507  1196 I WifiService: updateInterfaceIpState uid=1073
05-28 05:13:48.088   699   699 I wpa_supplicant: wlan0: Associated with 02:15:b2:00:01:00
05-28 05:13:48.088   699   699 I wpa_supplicant: wlan0: CTRL-EVENT-CONNECTED - Connection to 02:15:b2:00:01:00 completed [id=0 id_str=%7B%22configKey%22%3A%22%5C%22AndroidWifi%5C%22NONE%22%2C%22creatorUid%22%3A%221000%22%7D]
05-28 05:13:48.089   699   699 I wpa_supplicant: wlan0: CTRL-EVENT-SUBNET-STATUS-UPDATE status=0
05-28 05:13:48.105   507   550 I libprocessgroup: Successfully killed process cgroup uid 1000 pid 1069 in 42ms
05-28 05:13:48.115  1979  1979 I migrate_legacy_obb_data: No legacy obb data to migrate.
05-28 05:13:48.117   507   612 I StorageSessionController: Notifying volume state changed for session with id: emulated;0
05-28 05:13:48.145  1985  1985 W ndroid.contact: Unexpected CPU variant for X86 using defaults: x86_64
05-28 05:13:48.257   395   401 I adbd    : jdwp connection from 1985
05-28 05:13:48.282  1985  1985 I ndroid.contact: The ClassLoaderContext is a special shared library.
05-28 05:13:48.293   279   388 E Netd    : no such netId 101
05-28 05:13:48.293   507   660 E ConnectivityService: Exception adding interface: java.lang.IllegalStateException: android.os.ServiceSpecificException: Machine is not on the network (code 64)
05-28 05:13:48.293   279   388 E Netd    : no such netId 101
05-28 05:13:48.299   507   549 I ActivityManager: Start proc 2012:com.android.localtransport/1000 for service {com.android.localtransport/com.android.localtransport.LocalTransportService}
05-28 05:13:48.314   502   502 I hostapd : wlan1: STA-OPMODE-SMPS-MODE-CHANGED 02:15:b2:00:00:00 off
05-28 05:13:48.316   279   388 E Netd    : no such netId 101
05-28 05:13:48.316   279   388 E Netd    : no such netId 101
05-28 05:13:48.326  1229  1229 I AlarmClock: AlarmInitReceiver android.intent.action.BOOT_COMPLETED
05-28 05:13:48.327  2012  2012 W .localtranspor: Unexpected CPU variant for X86 using defaults: x86_64
05-28 05:13:48.333   395   401 I adbd    : jdwp connection from 2012
05-28 05:13:48.360  1229  1255 I AlarmClock: Fixing alarm instances
05-28 05:13:48.360  2020  2033 I cmd     : oneway function results will be dropped but finished with status OK and parcel size 4
05-28 05:13:48.370   507   995 I ActivityManager: Killing 1394:com.android.carrierconfig/u0a114 (adj 985): empty #17
05-28 05:13:48.371  1420  1420 I Dialer  : VvmOmtpService - onBoot
05-28 05:13:48.392   280   280 I Zygote  : Process 1394 exited due to signal 9 (Killed)
05-28 05:13:48.397   502   502 I hostapd : wlan1: STA-OPMODE-SMPS-MODE-CHANGED 02:15:b2:00:00:00 dynamic
05-28 05:13:48.399   279   388 E Netd    : no such netId 101
05-28 05:13:48.399   507   660 E ConnectivityService: Exception in networkAddRouteParcel for non-gateway: android.os.ServiceSpecificException: Machine is not on the network (code 64)
05-28 05:13:48.400   507   660 E ConnectivityService: Exception in networkAddRouteParcel for gateway: android.os.ServiceSpecificException: Machine is not on the network (code 64)
05-28 05:13:48.400   279   388 E Netd    : no such netId 101
05-28 05:13:48.417   507   549 I ActivityManager: Start proc 2040:com.android.dynsystem/1000 for broadcast {com.android.dynsystem/com.android.dynsystem.BootCompletedReceiver}
05-28 05:13:48.417   507   550 I libprocessgroup: Successfully killed process cgroup uid 10114 pid 1394 in 45ms
05-28 05:13:48.426  2012  2012 I .localtranspor: The ClassLoaderContext is a special shared library.
05-28 05:13:48.466  2040  2040 W droid.dynsyste: Unexpected CPU variant for X86 using defaults: x86_64
05-28 05:13:48.468   507   517 I system_server: Background concurrent copying GC freed 126936(6953KB) AllocSpace objects, 38(1540KB) LOS objects, 49% free, 10MB/21MB, paused 8.679ms total 806.675ms
05-28 05:13:48.472   507   541 I DropBoxManagerService: add tag=system_server_strictmode isTagEnabled=true flags=0x2
05-28 05:13:48.481   395   401 I adbd    : jdwp connection from 2040
05-28 05:13:48.492   507   660 W DnsManager: updatePrivateDns(101, PrivateDnsConfig{true:/[]})
05-28 05:13:48.493   507   507 I TransportClient: LocalTransportService#0: Notifying [TransportManager.registerTransport()] transport = IBackupTransport
05-28 05:13:48.495   507   656 W WifiScoreReport: Cannot start external scoring netId=101 currentNetId=101 sessionId=1017
05-28 05:13:48.510   202   205 E android.system.suspend@1.0-service: Error opening kernel wakelock stats for: wakeup32: Permission denied
05-28 05:13:48.510   936   936 E libprocessgroup: set_timerslack_ns write failed: Operation not permitted
05-28 05:13:48.524   279  2061 W resolv  : Validating DnsTlsServer on netId 101
05-28 05:13:48.525   202   205 E android.system.suspend@1.0-service: Error opening kernel wakelock stats for: wakeup33: Permission denied
05-28 05:13:48.500   202   202 W Binder:202_2: type=1400 audit(0.0:20): avc: denied { read } for name="wakeup32" dev="sysfs" ino=18812 scontext=u:r:system_suspend:s0 tcontext=u:object_r:sysfs:s0 tclass=dir permissive=0
05-28 05:13:48.530   279  2061 W resolv  : Validation failed
05-28 05:13:48.520   202   202 W Binder:202_2: type=1400 audit(0.0:21): avc: denied { read } for name="wakeup33" dev="sysfs" ino=18875 scontext=u:r:system_suspend:s0 tcontext=u:object_r:sysfs:s0 tclass=dir permissive=0
05-28 05:13:48.539   507   995 I ActivityManager: Killing 1514:com.android.documentsui/u0a76 (adj 975): empty #17
05-28 05:13:48.544   280   280 I Zygote  : Process 1514 exited due to signal 9 (Killed)
05-28 05:13:48.553  2063  2066 I cmd     : oneway function results will be dropped but finished with status OK and parcel size 4
05-28 05:13:48.585   507   550 I libprocessgroup: Successfully killed process cgroup uid 10076 pid 1514 in 44ms
05-28 05:13:48.588   279   279 E Netd    : Error adding route ::/0 -> fe80::2 wlan0 to table 1015: File exists
05-28 05:13:48.591   279  2069 W resolv  : Validating DnsTlsServer on netId 101
05-28 05:13:48.611   279  2069 W resolv  : SSL_connect ssl error =5, mark 0xf0065: Connection refused
05-28 05:13:48.611   279  2069 W resolv  : Validation failed
05-28 05:13:48.618   507   656 E WifiVendorHal: stopRssiMonitoring(l.2100) failed {.code = ERROR_NOT_AVAILABLE, .description = }
05-28 05:13:48.621  2040  2040 I droid.dynsyste: The ClassLoaderContext is a special shared library.
05-28 05:13:48.640   507   535 I ActivityManager: Killing 1655:com.android.externalstorage/u0a68 (adj 985): empty #17
05-28 05:13:48.645   507   549 I ActivityManager: Start proc 2077:com.android.gallery3d/u0a112 for broadcast {com.android.gallery3d/com.android.camera.DisableCameraReceiver}
05-28 05:13:48.652  2077  2077 W droid.gallery3: Unexpected CPU variant for X86 using defaults: x86_64
05-28 05:13:48.660   280   280 I Zygote  : Process 1655 exited due to signal 9 (Killed)
05-28 05:13:48.674   395   401 I adbd    : jdwp connection from 2077
05-28 05:13:48.685   507   550 I libprocessgroup: Successfully killed process cgroup uid 10068 pid 1655 in 44ms
05-28 05:13:48.816  2077  2077 I droid.gallery3: The ClassLoaderContext is a special shared library.
05-28 05:13:48.818  2077  2077 I droid.gallery3: The ClassLoaderContext is a special shared library.
05-28 05:13:48.826   413  1452 W ServiceManager: Permission failure: android.permission.SYSTEM_CAMERA from uid=10112 pid=2077
05-28 05:13:48.827   413  1452 I chatty  : uid=1047(cameraserver) Binder:413_4 identical 2 lines
05-28 05:13:48.827   413  1452 W ServiceManager: Permission failure: android.permission.SYSTEM_CAMERA from uid=10112 pid=2077
05-28 05:13:48.828  2077  2077 I G:DisableCameraReceiver: back camera found: 0
05-28 05:13:48.829  1312  1312 I SystemBroadcastReceiver: Boot has been completed
05-28 05:13:48.829  1312  1312 I SystemBroadcastReceiver: toggleAppIcon() : FLAG_SYSTEM = true
05-28 05:13:48.830   507   535 I ActivityManager: Killing 1562:com.android.keychain/1000 (adj 985): empty #17
05-28 05:13:48.834   280   280 I Zygote  : Process 1562 exited due to signal 9 (Killed)
05-28 05:13:48.856   507   549 I ActivityManager: Start proc 2102:com.android.nfc/1027 for broadcast {com.android.nfc/com.android.nfc.NfcBootCompletedReceiver}
05-28 05:13:48.860  2102  2102 W com.android.nf: Unexpected CPU variant for X86 using defaults: x86_64
05-28 05:13:48.862   395   401 I adbd    : jdwp connection from 2102
05-28 05:13:48.873   507   550 I libprocessgroup: Successfully killed process cgroup uid 1000 pid 1562 in 42ms
05-28 05:13:48.884   202   205 E android.system.suspend@1.0-service: Error opening kernel wakelock stats for: wakeup32: Permission denied
05-28 05:13:48.876   202   202 W Binder:202_2: type=1400 audit(0.0:22): avc: denied { read } for name="wakeup32" dev="sysfs" ino=18812 scontext=u:r:system_suspend:s0 tcontext=u:object_r:sysfs:s0 tclass=dir permissive=0
05-28 05:13:48.889   202   205 E android.system.suspend@1.0-service: Error opening kernel wakelock stats for: wakeup33: Permission denied
05-28 05:13:48.898   507   539 I GnssNetworkConnectivityHandler: updateNetworkState, state=CLOSED, connected=true, network=101, capabilities=[ Transports: WIFI Capabilities: NOT_METERED&INTERNET&NOT_RESTRICTED&TRUSTED&NOT_VPN&VALIDATED&NOT_ROAMING&FOREGROUND&NOT_CONGESTED&NOT_SUSPENDED LinkUpBandwidth>=141000Kbps LinkDnBandwidth>=141000Kbps SignalStrength: -30 OwnerUid: 1000 AdministratorUids: [] SSID: "AndroidWifi" RequestorUid: -1 RequestorPackageName: null], apn: , availableNetworkCount: 2
05-28 05:13:48.904   507   656 W LastMileLogger: Failed to stop event tracing: /sys/kernel/debug/tracing/instances/wifi/tracing_on: open failed: ENOENT (No such file or directory)
05-28 05:13:48.913   279  2120 W resolv  : Validating DnsTlsServer on netId 101
05-28 05:13:48.915   710   710 W View    : requestLayout() improperly called by com.android.keyguard.AlphaOptimizedLinearLayout{d9a923d V.E...... ......ID 3,0-21,22 #7f0a04db app:id/wifi_group} during layout: running second layout pass
05-28 05:13:48.919   710   710 W View    : requestLayout() improperly called by com.android.keyguard.AlphaOptimizedLinearLayout{b8d0a32 V.E...... ......ID 3,0-21,22 #7f0a04db app:id/wifi_group} during layout: running second layout pass
