05-28 05:15:11.473  7441  7441 W app_process: Unexpected CPU variant for X86 using defaults: x86_64
05-28 05:15:11.474  7441  7441 I app_process: The ClassLoaderContext is a special shared library.
05-28 05:15:11.481  7441  7441 W app_process: JNI RegisterNativeMethods: attempt to register 0 native methods for android.media.AudioAttributes
05-28 05:15:13.532   159   159 I hwservicemanager: getTransport: Cannot find entry android.hardware.graphics.mapper@4.0::IMapper/default in either framework or device manifest.
05-28 05:15:13.532  7470  7470 I Gralloc4: mapper 4.x is not supported
05-28 05:15:13.596   507  3967 I ActivityManager: Killing 2012:com.android.localtransport/1000 (adj 985): empty #17
05-28 05:15:13.597  7474  7476 I cmd     : oneway function results will be dropped but finished with status OK and parcel size 4
05-28 05:15:13.600  1442  2282 I MediaProvider: Begin Intent { act=android.intent.action.MEDIA_SCANNER_SCAN_FILE dat=file:///sdcard/screen_2026-05-28_051514.png flg=0x1400010 cmp=com.android.providers.media.module/com.android.providers.media.MediaService }
05-28 05:15:13.596  1442  1442 W com.android.providers.media.module: type=1400 audit(0.0:642): avc: denied { read } for comm=4173796E635461736B202331 name="primary" dev="tmpfs" ino=27717 scontext=u:r:mediaprovider_app:s0:c126,c256,c512,c768 tcontext=u:object_r:mnt_pass_through_file:s0 tclass=lnk_file permissive=0 app=com.android.providers.media.module
05-28 05:15:14.107     0     0 W audit   : audit_lost=383 audit_rate_limit=5 audit_backlog_limit=64
05-28 05:15:14.130     0     0 E audit   : rate limit exceeded
05-28 05:15:13.644  1442  2282 W ModernMediaScanner: Failed to visit /sdcard/screen_2026-05-28_051514.png: java.nio.file.AccessDeniedException: /sdcard/screen_2026-05-28_051514.png
05-28 05:15:13.644  1442  2282 I MediaProvider: Scanned internal due to REASON_DEMAND, found 0 items in 44ms, 0 inserts 0 updates 0 deletes
05-28 05:15:13.645  1442  2282 I MediaProvider: End Intent { act=android.intent.action.MEDIA_SCANNER_SCAN_FILE dat=file:///sdcard/screen_2026-05-28_051514.png flg=0x1400010 cmp=com.android.providers.media.module/com.android.providers.media.MediaService }
05-28 05:15:13.645   280   280 I Zygote  : Process 2012 exited due to signal 9 (Killed)
05-28 05:15:13.596  1442  1442 W com.android.providers.media.module: type=1400 audit(0.0:643): avc: denied { read } for comm=4173796E635461736B202331 name="primary" dev="tmpfs" ino=27717 scontext=u:r:mediaprovider_app:s0:c126,c256,c512,c768 tcontext=u:object_r:mnt_pass_through_file:s0 tclass=lnk_file permissive=0 app=com.android.providers.media.module
05-28 05:15:13.653   507   550 I libprocessgroup: Successfully killed process cgroup uid 1000 pid 2012 in 56ms
05-28 05:15:13.596  1442  1442 W com.android.providers.media.module: type=1400 audit(0.0:644): avc: denied { read } for comm=4173796E635461736B202331 name="primary" dev="tmpfs" ino=27717 scontext=u:r:mediaprovider_app:s0:c126,c256,c512,c768 tcontext=u:object_r:mnt_pass_through_file:s0 tclass=lnk_file permissive=0 app=com.android.providers.media.module
05-28 05:15:13.702  1442  1737 I MediaProvider: Deleted 1 items on external_primary due to com.android.shell
05-28 05:15:13.920   159   159 I hwservicemanager: getTransport: Cannot find entry android.hardware.graphics.mapper@4.0::IMapper/default in either framework or device manifest.
05-28 05:15:13.921  7509  7509 I Gralloc4: mapper 4.x is not supported
05-28 05:15:13.984  7513  7515 I cmd     : oneway function results will be dropped but finished with status OK and parcel size 4
05-28 05:15:13.985  1442  2282 I MediaProvider: Begin Intent { act=android.intent.action.MEDIA_SCANNER_SCAN_FILE dat=file:///sdcard/screen_2026-05-28_051514.png flg=0x1400010 cmp=com.android.providers.media.module/com.android.providers.media.MediaService }
05-28 05:15:13.986  1442  2282 W ModernMediaScanner: Failed to visit /sdcard/screen_2026-05-28_051514.png: java.nio.file.AccessDeniedException: /sdcard/screen_2026-05-28_051514.png
05-28 05:15:13.989  1442  2282 I MediaProvider: Scanned internal due to REASON_DEMAND, found 0 items in 3ms, 0 inserts 0 updates 0 deletes
05-28 05:15:13.990  1442  2282 I MediaProvider: End Intent { act=android.intent.action.MEDIA_SCANNER_SCAN_FILE dat=file:///sdcard/screen_2026-05-28_051514.png flg=0x1400010 cmp=com.android.providers.media.module/com.android.providers.media.MediaService }
05-28 05:15:14.014  1442  2471 I MediaProvider: Deleted 1 items on external_primary due to com.android.shell
05-28 05:15:14.049  7524  7526 I cmd     : oneway function results will be dropped but finished with status OK and parcel size 4
05-28 05:15:14.204   159   159 I hwservicemanager: getTransport: Cannot find entry android.hardware.graphics.mapper@4.0::IMapper/default in either framework or device manifest.
05-28 05:15:14.205  7546  7546 I Gralloc4: mapper 4.x is not supported
05-28 05:15:14.270  1442  2282 I MediaProvider: Begin Intent { act=android.intent.action.MEDIA_SCANNER_SCAN_FILE dat=file:///sdcard/screen_2026-05-28_051514.png flg=0x1400010 cmp=com.android.providers.media.module/com.android.providers.media.MediaService }
05-28 05:15:14.271  1442  2282 W ModernMediaScanner: Failed to visit /sdcard/screen_2026-05-28_051514.png: java.nio.file.AccessDeniedException: /sdcard/screen_2026-05-28_051514.png
05-28 05:15:14.271  1442  2282 I MediaProvider: Scanned internal due to REASON_DEMAND, found 0 items in 1ms, 0 inserts 0 updates 0 deletes
05-28 05:15:14.272  1442  2282 I MediaProvider: End Intent { act=android.intent.action.MEDIA_SCANNER_SCAN_FILE dat=file:///sdcard/screen_2026-05-28_051514.png flg=0x1400010 cmp=com.android.providers.media.module/com.android.providers.media.MediaService }
05-28 05:15:14.340  1442  1736 I MediaProvider: Deleted 1 items on external_primary due to com.android.shell
05-28 05:15:14.374  7561  7563 I cmd     : oneway function results will be dropped but finished with status OK and parcel size 4
05-28 05:15:14.437  7576  7578 I cmd     : oneway function results will be dropped but finished with status OK and parcel size 4
05-28 05:15:14.501  7591  7593 I cmd     : oneway function results will be dropped but finished with status OK and parcel size 4
05-28 05:15:14.563  7606  7608 I cmd     : oneway function results will be dropped but finished with status OK and parcel size 4
05-28 05:15:14.662  7618  7618 E libc    : Access denied finding property "persist.device_config.runtime_native_boot.profilebootclasspath"
05-28 05:15:14.662  7618  7618 E libc    : Access denied finding property "persist.device_config.runtime_native_boot.enable_apex_image"
05-28 05:15:14.662  7618  7618 I AndroidRuntime: Using default boot image
05-28 05:15:14.662  7618  7618 E libc    : Access denied finding property "persist.device_config.runtime_native_boot.disable_lock_profiling"
05-28 05:15:14.662  7618  7618 I AndroidRuntime: Leaving lock profiling enabled
05-28 05:15:14.662  7618  7618 E libc    : Access denied finding property "persist.device_config.runtime_native_boot.enable_generational_cc"
05-28 05:15:14.663  7618  7618 I app_process: Core platform API reporting enabled, enforcing=false
05-28 05:15:14.660  7618  7618 W app_process: type=1400 audit(0.0:660): avc: denied { read } for name="u:object_r:device_config_runtime_native_boot_prop:s0" dev="tmpfs" ino=179 scontext=u:r:shell:s0 tcontext=u:object_r:device_config_runtime_native_boot_prop:s0 tclass=file permissive=0
05-28 05:15:14.660  7618  7618 W app_process: type=1400 audit(0.0:662): avc: denied { read } for name="u:object_r:device_config_runtime_native_boot_prop:s0" dev="tmpfs" ino=179 scontext=u:r:shell:s0 tcontext=u:object_r:device_config_runtime_native_boot_prop:s0 tclass=file permissive=0
05-28 05:15:14.714  7618  7618 W app_process: Unexpected CPU variant for X86 using defaults: x86_64
05-28 05:15:14.715  7618  7618 I app_process: The ClassLoaderContext is a special shared library.
05-28 05:15:14.722  7618  7618 W app_process: JNI RegisterNativeMethods: attempt to register 0 native methods for android.media.AudioAttributes
05-28 05:15:14.660  7618  7618 W app_process: type=1400 audit(0.0:663): avc: denied { read } for name="u:object_r:device_config_runtime_native_boot_prop:s0" dev="tmpfs" ino=179 scontext=u:r:shell:s0 tcontext=u:object_r:device_config_runtime_native_boot_prop:s0 tclass=file permissive=0
05-28 05:15:16.770   159   159 I hwservicemanager: getTransport: Cannot find entry android.hardware.graphics.mapper@4.0::IMapper/default in either framework or device manifest.
05-28 05:15:16.770  7647  7647 I Gralloc4: mapper 4.x is not supported
05-28 05:15:16.832  7651  7653 I cmd     : oneway function results will be dropped but finished with status OK and parcel size 4
05-28 05:15:16.832  1442  2282 I MediaProvider: Begin Intent { act=android.intent.action.MEDIA_SCANNER_SCAN_FILE dat=file:///sdcard/screen_2026-05-28_051517.png flg=0x1400010 cmp=com.android.providers.media.module/com.android.providers.media.MediaService }
05-28 05:15:16.852  1442  2282 W ModernMediaScanner: Failed to visit /sdcard/screen_2026-05-28_051517.png: java.nio.file.AccessDeniedException: /sdcard/screen_2026-05-28_051517.png
05-28 05:15:16.852  1442  2282 I MediaProvider: Scanned internal due to REASON_DEMAND, found 0 items in 19ms, 0 inserts 0 updates 0 deletes
05-28 05:15:16.855  1442  2282 I MediaProvider: End Intent { act=android.intent.action.MEDIA_SCANNER_SCAN_FILE dat=file:///sdcard/screen_2026-05-28_051517.png flg=0x1400010 cmp=com.android.providers.media.module/com.android.providers.media.MediaService }
05-28 05:15:16.828  1442  1442 W com.android.providers.media.module: type=1400 audit(0.0:664): avc: denied { read } for comm=4173796E635461736B202331 name="primary" dev="tmpfs" ino=27717 scontext=u:r:mediaprovider_app:s0:c126,c256,c512,c768 tcontext=u:object_r:mnt_pass_through_file:s0 tclass=lnk_file permissive=0 app=com.android.providers.media.module
05-28 05:15:16.844  1442  1442 I chatty  : uid=10126(com.android.providers.media.module) identical 4 lines
05-28 05:15:16.844  1442  1442 W com.android.providers.media.module: type=1400 audit(0.0:669): avc: denied { read } for comm=4173796E635461736B202331 name="primary" dev="tmpfs" ino=27717 scontext=u:r:mediaprovider_app:s0:c126,c256,c512,c768 tcontext=u:object_r:mnt_pass_through_file:s0 tclass=lnk_file permissive=0 app=com.android.providers.media.module
05-28 05:15:16.924  1442  1737 I MediaProvider: Deleted 1 items on external_primary due to com.android.shell
05-28 05:15:16.956  7664  7666 I cmd     : oneway function results will be dropped but finished with status OK and parcel size 4
05-28 05:15:17.106   159   159 I hwservicemanager: getTransport: Cannot find entry android.hardware.graphics.mapper@4.0::IMapper/default in either framework or device manifest.
05-28 05:15:17.106  7686  7686 I Gralloc4: mapper 4.x is not supported
05-28 05:15:17.162  1442  2282 I MediaProvider: Begin Intent { act=android.intent.action.MEDIA_SCANNER_SCAN_FILE dat=file:///sdcard/screen_2026-05-28_051517.png flg=0x1400010 cmp=com.android.providers.media.module/com.android.providers.media.MediaService }
05-28 05:15:17.668     0     0 W audit   : audit_lost=396 audit_rate_limit=5 audit_backlog_limit=64
05-28 05:15:17.673     0     0 E audit   : rate limit exceeded
05-28 05:15:17.171  1442  2282 W ModernMediaScanner: Failed to visit /sdcard/screen_2026-05-28_051517.png: java.nio.file.AccessDeniedException: /sdcard/screen_2026-05-28_051517.png
05-28 05:15:17.171  1442  2282 I MediaProvider: Scanned internal due to REASON_DEMAND, found 0 items in 1ms, 0 inserts 0 updates 0 deletes
05-28 05:15:17.172  1442  2282 I MediaProvider: End Intent { act=android.intent.action.MEDIA_SCANNER_SCAN_FILE dat=file:///sdcard/screen_2026-05-28_051517.png flg=0x1400010 cmp=com.android.providers.media.module/com.android.providers.media.MediaService }
05-28 05:15:17.236  1442  2471 I MediaProvider: Deleted 1 items on external_primary due to com.android.shell
05-28 05:15:17.270  7701  7703 I cmd     : oneway function results will be dropped but finished with status OK and parcel size 4
05-28 05:15:17.422   159   159 I hwservicemanager: getTransport: Cannot find entry android.hardware.graphics.mapper@4.0::IMapper/default in either framework or device manifest.
05-28 05:15:17.422  7723  7723 I Gralloc4: mapper 4.x is not supported
05-28 05:15:17.480  7727  7729 I cmd     : oneway function results will be dropped but finished with status OK and parcel size 4
05-28 05:15:17.480  1442  2282 I MediaProvider: Begin Intent { act=android.intent.action.MEDIA_SCANNER_SCAN_FILE dat=file:///sdcard/screen_2026-05-28_051517.png flg=0x1400010 cmp=com.android.providers.media.module/com.android.providers.media.MediaService }
05-28 05:15:17.481  1442  2282 W ModernMediaScanner: Failed to visit /sdcard/screen_2026-05-28_051517.png: java.nio.file.AccessDeniedException: /sdcard/screen_2026-05-28_051517.png
05-28 05:15:17.482  1442  2282 I MediaProvider: Scanned internal due to REASON_DEMAND, found 0 items in 2ms, 0 inserts 0 updates 0 deletes
05-28 05:15:17.485  1442  2282 I MediaProvider: End Intent { act=android.intent.action.MEDIA_SCANNER_SCAN_FILE dat=file:///sdcard/screen_2026-05-28_051517.png flg=0x1400010 cmp=com.android.providers.media.module/com.android.providers.media.MediaService }
05-28 05:15:17.551  1442  1736 I MediaProvider: Deleted 1 items on external_primary due to com.android.shell
05-28 05:15:17.584  7738  7740 I cmd     : oneway function results will be dropped but finished with status OK and parcel size 4
05-28 05:15:17.649  7753  7755 I cmd     : oneway function results will be dropped but finished with status OK and parcel size 4
05-28 05:15:17.712  7768  7770 I cmd     : oneway function results will be dropped but finished with status OK and parcel size 4
05-28 05:15:17.775  7783  7785 I cmd     : oneway function results will be dropped but finished with status OK and parcel size 4
05-28 05:15:17.875  7795  7795 E libc    : Access denied finding property "persist.device_config.runtime_native_boot.profilebootclasspath"
05-28 05:15:17.875  7795  7795 E libc    : Access denied finding property "persist.device_config.runtime_native_boot.enable_apex_image"
05-28 05:15:17.875  7795  7795 I AndroidRuntime: Using default boot image
05-28 05:15:17.875  7795  7795 E libc    : Access denied finding property "persist.device_config.runtime_native_boot.disable_lock_profiling"
05-28 05:15:17.875  7795  7795 I AndroidRuntime: Leaving lock profiling enabled
05-28 05:15:17.876  7795  7795 E libc    : Access denied finding property "persist.device_config.runtime_native_boot.enable_generational_cc"
05-28 05:15:17.877  7795  7795 I app_process: Core platform API reporting enabled, enforcing=false
05-28 05:15:17.872  7795  7795 W app_process: type=1400 audit(0.0:682): avc: denied { read } for name="u:object_r:device_config_runtime_native_boot_prop:s0" dev="tmpfs" ino=179 scontext=u:r:shell:s0 tcontext=u:object_r:device_config_runtime_native_boot_prop:s0 tclass=file permissive=0
05-28 05:15:17.956  7795  7795 W app_process: Unexpected CPU variant for X86 using defaults: x86_64
05-28 05:15:17.957  7795  7795 I app_process: The ClassLoaderContext is a special shared library.
05-28 05:15:17.872  7795  7795 W app_process: type=1400 audit(0.0:684): avc: denied { read } for name="u:object_r:device_config_runtime_native_boot_prop:s0" dev="tmpfs" ino=179 scontext=u:r:shell:s0 tcontext=u:object_r:device_config_runtime_native_boot_prop:s0 tclass=file permissive=0
05-28 05:15:17.968  7795  7795 W app_process: JNI RegisterNativeMethods: attempt to register 0 native methods for android.media.AudioAttributes
05-28 05:15:17.872  7795  7795 W app_process: type=1400 audit(0.0:685): avc: denied { read } for name="u:object_r:device_config_runtime_native_boot_prop:s0" dev="tmpfs" ino=179 scontext=u:r:shell:s0 tcontext=u:object_r:device_config_runtime_native_boot_prop:s0 tclass=file permissive=0
