05-29 02:15:11.205  4228  4228 E libc    : Access denied finding property "persist.device_config.runtime_native_boot.enable_apex_image"
05-29 02:15:11.205  4228  4228 I AndroidRuntime: Using default boot image
05-29 02:15:11.205  4228  4228 E libc    : Access denied finding property "persist.device_config.runtime_native_boot.disable_lock_profiling"
05-29 02:15:11.205  4228  4228 I AndroidRuntime: Leaving lock profiling enabled
05-29 02:15:11.205  4228  4228 E libc    : Access denied finding property "persist.device_config.runtime_native_boot.enable_generational_cc"
05-29 02:15:11.206  4228  4228 I app_process: Core platform API reporting enabled, enforcing=false
05-29 02:15:11.247  4228  4228 W app_process: Unexpected CPU variant for X86 using defaults: x86_64
05-29 02:15:11.247  4228  4228 I app_process: The ClassLoaderContext is a special shared library.
05-29 02:15:11.254  4228  4228 W app_process: JNI RegisterNativeMethods: attempt to register 0 native methods for android.media.AudioAttributes
05-29 02:15:11.469  2673  2812 I System.out: 02:15:11.468 [DefaultDispatcher-worker-6] INFO io.ktor.client.HttpClient - REQUEST: https://pokeapi.co/api/v2/pokemon/ivysaur
05-29 02:15:11.469  2673  2812 I System.out: METHOD: HttpMethod(value=GET)
05-29 02:15:11.469  2673  2812 I System.out: COMMON HEADERS
05-29 02:15:11.469  2673  2812 I System.out: -> Accept: application/json
05-29 02:15:11.469  2673  2812 I System.out: -> Accept-Charset: UTF-8
05-29 02:15:11.469  2673  2812 I System.out: -> Content-Type: application/json
05-29 02:15:11.469  2673  2812 I System.out: CONTENT HEADERS
05-29 02:15:11.469  2673  2812 I System.out: -> Content-Length: 0
05-29 02:15:11.469  2673  2812 I System.out: BODY Content-Type: null
05-29 02:15:11.469  2673  2812 I System.out: BODY START
05-29 02:15:11.469  2673  2812 I System.out: 
05-29 02:15:11.469  2673  2812 I System.out: BODY END
05-29 02:15:11.585  2673  2813 I System.out: 02:15:11.568 [DefaultDispatcher-worker-7] INFO io.ktor.client.HttpClient - RESPONSE: 200 OK
05-29 02:15:11.585  2673  2813 I System.out: METHOD: HttpMethod(value=GET)
05-29 02:15:11.585  2673  2813 I System.out: FROM: https://pokeapi.co/api/v2/pokemon/ivysaur
05-29 02:15:11.585  2673  2813 I System.out: COMMON HEADERS
05-29 02:15:11.585  2673  2813 I System.out: -> access-control-allow-origin: *
05-29 02:15:11.585  2673  2813 I System.out: -> age: 69852
05-29 02:15:11.585  2673  2813 I System.out: -> alt-svc: h3=":443"; ma=86400
05-29 02:15:11.585  2673  2813 I System.out: -> cache-control: public, max-age=86400, s-maxage=86400
05-29 02:15:11.585  2673  2813 I System.out: -> cf-cache-status: HIT
05-29 02:15:11.585  2673  2813 I System.out: -> cf-ray: a031fd6d7e322003-IAD
05-29 02:15:11.585  2673  2813 I System.out: -> connection: keep-alive
05-29 02:15:11.585  2673  2813 I System.out: -> content-type: application/json; charset=utf-8
05-29 02:15:11.585  2673  2813 I System.out: -> date: Fri, 29 May 2026 02:15:12 GMT
05-29 02:15:11.585  2673  2813 I System.out: -> etag: W/"3a208-UaeAV+hyIAKhsYxQ2HzouJGTqQg"
05-29 02:15:11.585  2673  2813 I System.out: -> function-execution-id: gnq8jn5ej7we
05-29 02:15:11.585  2673  2813 I System.out: -> nel: {"report_to":"cf-nel","success_fraction":0.0,"max_age":604800}
05-29 02:15:11.585  2673  2813 I System.out: -> report-to: {"group":"cf-nel","max_age":604800,"endpoints":[{"url":"https://a.nel.cloudflare.com/report/v4?s=mhatDyH04I%2FqKjukn0HDKL99rAuF5xkfVgiUVX0g1pVBoRh8JNR6pR7WqCKp8CAQacyD0IHfNoLcLQeV3yuPVEv76yKMP6%2FUBxkBJbGIhQel%2Bt0IH%2BMyYoXwgssn"}]}
05-29 02:15:11.585  2673  2813 I System.out: -> server: cloudflare
05-29 02:15:11.585  2673  2813 I System.out: -> strict-transport-security: max-age=31556926
05-29 02:15:11.585  2673  2813 I System.out: -> transfer-encoding: chunked
05-29 02:15:11.585  2673  2813 I System.out: -> vary: Accept-Encoding,cookie,need-authorization, x-fh-requested-host, accept-encoding
05-29 02:15:11.585  2673  2813 I System.out: -> x-android-received-millis: 1780020911492
05-29 02:15:11.586  2673  2813 I System.out: -> x-android-response-source: NETWORK 200
05-29 02:15:11.586  2673  2813 I System.out: -> x-android-selected-protocol: http/1.1
05-29 02:15:11.586  2673  2813 I System.out: -> x-android-sent-millis: 1780020911471
05-29 02:15:11.586  2673  2813 I System.out: -> x-cache: HIT
05-29 02:15:11.586  2673  2813 I System.out: -> x-cache-hits: 0
05-29 02:15:11.586  2673  2813 I System.out: -> x-cloud-trace-context: 7caf5a02d49e4cabe76f7a6477938c93
05-29 02:15:11.586  2673  2813 I System.out: -> x-country-code: US
05-29 02:15:11.586  2673  2813 I System.out: -> x-orig-accept-language: en-US,en;q=0.9
05-29 02:15:11.586  2673  2813 I System.out: -> x-powered-by: Express
05-29 02:15:11.586  2673  2813 I System.out: -> x-served-by: cache-lga21945-LGA
05-29 02:15:11.586  2673  2813 I System.out: -> x-timer: S1769781181.428638,VS0,VE2
05-29 02:15:11.586  2673  2813 I System.out: BODY Content-Type: application/json; charset=utf-8
05-29 02:15:11.586  2673  2813 I System.out: BODY START
05-29 02:15:11.589  2673  2813 I System.out: {"abilities":[{"ability":{"name":"overgrow","url":"https://pokeapi.co/api/v2/ability/65/"},"is_hidden":false,"slot":1},{"ability":{"name":"chlorophyll","url":"https://pokeapi.co/api/v2/ability/34/"},"is_hidden":true,"slot":3}],"base_experience":142,"cries":{"latest":"https://raw.githubusercontent.com/PokeAPI/cries/main/cries/pokemon/latest/2.ogg","legacy":"https://raw.githubusercontent.com/PokeAPI/cries/main/cries/pokemon/legacy/2.ogg"},"forms":[{"name":"ivysaur","url":"https://pokeapi.co/api/v2/pokemon-form/2/"}],"game_indices":[{"game_index":9,"version":{"name":"red","url":"https://pokeapi.co/api/v2/version/1/"}},{"game_index":9,"version":{"name":"blue","url":"https://pokeapi.co/api/v2/version/2/"}},{"game_index":9,"version":{"name":"yellow","url":"https://pokeapi.co/api/v2/version/3/"}},{"game_index":2,"version":{"name":"gold","url":"https://pokeapi.co/api/v2/version/4/"}},{"game_index":2,"version":{"name":"silver","url":"https://pokeapi.co/api/v2/version/5/"}},{"game_index":2,"version":{"name":"crystal","url":"https://pokeapi.co/api/v2/version/6/"}},{"game_index":2,"version":{"name":"ruby","url":"https://pokeapi.co/api/v2/version/7/"}},{"game_index":2,"version":{"name":"sapphire","url":"https://pokeapi.co/api/v2/version/8/"}},{"game_index":2,"version":{"name":"emerald","url":"https://pokeapi.co/api/v2/version/9/"}},{"game_index":2,"version":{"name":"firered","url":"https://pokeapi.co/api/v2/version/10/"}},{"game_index":2,"version":{"name":"leafgreen","url":"https://pokeapi.co/api/v2/version/11/"}},{"game_index":2,"version":{"name":"diamond","url":"https://pokeapi.co/api/v2/version/12/"}},{"game_index":2,"version":{"name":"pearl","url":"https://pokeapi.co/api/v2/version/13/"}},{"game_index":2,"version":{"name":"platinum","url":"https://pokeapi.co/api/v2/version/14/"}},{"game_index":2,"version":{"name":"heartgold","url":"https://pokeapi.co/api/v2/version/15/"}},{"game_index":2,"version":{"name":"soulsilver","url":"https://pokeapi.co/api/v2/version/16/"}},{"game_index":2,"version":{"name":"black","url":"https://pokeapi.co/api/v2/version/17/"}},{"game_index":2,"version":{"name":"white","url":"https://pokeapi.co/api/v2/version/18/"}},{"game_index":2,"version":{"name":"black-2","url":"https://pokeapi.co/api/v2/version/21/"}},{"game_index":2,"version":{"name":"white-2","url":"https://pokeapi.co/api/v2/version/22/"}}],"height":10,"held_items":[],"id":2,"is_default":true,"location_area_encounters":"https://pokeapi.co/api/v2/pokemon/2/encounters","moves":[{"move":{"name":"swords-dance","url":"https://pokeapi.co/api/v2/move/14/"},"version_group_details":[{"level_learned_at":0,"move_learn_method":{"name":"machine","url":"https://pokeapi.co/api/v2/move-learn-method/4/"},"order":null,"version_group":{"name":"red-blue","url":"https://pokeapi.co/api/v2/version-group/1/"}},{"level_learned_at":0,"move_learn_method":{"name":"machine","url":"https://pokeapi.co/api/v2/move-learn-method/4/"},"order":null,"version_group":{"name":"yellow","url":"https://pokeapi.co/api/v2/version-group/2/"}},{"level_learned_at":0,"move_learn_method":{"name":"tutor","url":"https://pokeapi.co/api/v2/move-learn-method/3/"},"order":null,"version_group":{"name":"emerald","url":"https://pokeapi.co/api/v2/version-group/6/"}},{"level_learned_at":0,"move_learn_method":{"name":"tutor","url":"https://pokeapi.co/api/v2/move-learn-method/3/"},"order":null,"version_group":{"name":"firered-leafgreen","url":"https://pokeapi.co/api/v2/version-group/7/"}},{"level_learned_at":0,"move_learn_method":{"name":"machine","url":"https://pokeapi.co/api/v2/move-learn-method/4/"},"order":null,"version_group":{"name":"diamond-pearl","url":"https://pokeapi.co/api/v2/version-group/8/"}},{"level_learned_at":0,"move_learn_method":{"name":"machine","url":"https://pokeapi.co/api/v2/move-learn-method/4/"},"order":null,"version_group":{"name":"platinum","url":"https://pokeapi.co/api/v2/version-group/9/"}},{"level_learned_at":0,"move_learn_method":{"name":"machine","url":"https://pokeapi.co/api/v2/move-learn-method/4/"},"order":null,"version_group":{"name"
05-29 02:15:11.589  2673  2813 I System.out: BODY END
05-29 02:15:12.975   159   159 I hwservicemanager: getTransport: Cannot find entry android.hardware.graphics.mapper@4.0::IMapper/default in either framework or device manifest.
05-29 02:15:12.975  4261  4261 I Gralloc4: mapper 4.x is not supported
05-29 02:15:13.030  4265  4267 I cmd     : oneway function results will be dropped but finished with status OK and parcel size 4
05-29 02:15:13.034  1461  2301 I MediaProvider: Begin Intent { act=android.intent.action.MEDIA_SCANNER_SCAN_FILE dat=file:///sdcard/screen_2026-05-29_021513.png flg=0x1400010 cmp=com.android.providers.media.module/com.android.providers.media.MediaService }
05-29 02:15:13.028  1461  1461 W com.android.providers.media.module: type=1400 audit(0.0:250): avc: denied { read } for comm=4173796E635461736B202331 name="primary" dev="tmpfs" ino=27351 scontext=u:r:mediaprovider_app:s0:c129,c256,c512,c768 tcontext=u:object_r:mnt_pass_through_file:s0 tclass=lnk_file permissive=0 app=com.android.providers.media.module
05-29 02:15:13.256     0     0 W audit   : audit_lost=161 audit_rate_limit=5 audit_backlog_limit=64
05-29 02:15:13.265     0     0 E audit   : rate limit exceeded
05-29 02:15:13.028  1461  1461 W com.android.providers.media.module: type=1400 audit(0.0:251): avc: denied { read } for comm=4173796E635461736B202331 name="primary" dev="tmpfs" ino=27351 scontext=u:r:mediaprovider_app:s0:c129,c256,c512,c768 tcontext=u:object_r:mnt_pass_through_file:s0 tclass=lnk_file permissive=0 app=com.android.providers.media.module
05-29 02:15:13.053  1461  2301 W ModernMediaScanner: Failed to visit /sdcard/screen_2026-05-29_021513.png: java.nio.file.AccessDeniedException: /sdcard/screen_2026-05-29_021513.png
05-29 02:15:13.054  1461  2301 I MediaProvider: Scanned internal due to REASON_DEMAND, found 0 items in 20ms, 0 inserts 0 updates 0 deletes
05-29 02:15:13.054  1461  2301 I MediaProvider: End Intent { act=android.intent.action.MEDIA_SCANNER_SCAN_FILE dat=file:///sdcard/screen_2026-05-29_021513.png flg=0x1400010 cmp=com.android.providers.media.module/com.android.providers.media.MediaService }
05-29 02:15:13.028  1461  1461 W com.android.providers.media.module: type=1400 audit(0.0:252): avc: denied { read } for comm=4173796E635461736B202331 name="primary" dev="tmpfs" ino=27351 scontext=u:r:mediaprovider_app:s0:c129,c256,c512,c768 tcontext=u:object_r:mnt_pass_through_file:s0 tclass=lnk_file permissive=0 app=com.android.providers.media.module
05-29 02:15:13.120  1461  1785 I MediaProvider: Deleted 1 items on external_primary due to com.android.shell
05-29 02:15:13.147  4276  4278 I cmd     : oneway function results will be dropped but finished with status OK and parcel size 4
05-29 02:15:13.283   159   159 I hwservicemanager: getTransport: Cannot find entry android.hardware.graphics.mapper@4.0::IMapper/default in either framework or device manifest.
05-29 02:15:13.283  4298  4298 I Gralloc4: mapper 4.x is not supported
05-29 02:15:13.333  4302  4304 I cmd     : oneway function results will be dropped but finished with status OK and parcel size 4
05-29 02:15:13.334  1461  2301 I MediaProvider: Begin Intent { act=android.intent.action.MEDIA_SCANNER_SCAN_FILE dat=file:///sdcard/screen_2026-05-29_021514.png flg=0x1400010 cmp=com.android.providers.media.module/com.android.providers.media.MediaService }
05-29 02:15:13.335  1461  2301 W ModernMediaScanner: Failed to visit /sdcard/screen_2026-05-29_021514.png: java.nio.file.AccessDeniedException: /sdcard/screen_2026-05-29_021514.png
05-29 02:15:13.336  1461  2301 I MediaProvider: Scanned internal due to REASON_DEMAND, found 0 items in 2ms, 0 inserts 0 updates 0 deletes
05-29 02:15:13.339  1461  2301 I MediaProvider: End Intent { act=android.intent.action.MEDIA_SCANNER_SCAN_FILE dat=file:///sdcard/screen_2026-05-29_021514.png flg=0x1400010 cmp=com.android.providers.media.module/com.android.providers.media.MediaService }
05-29 02:15:13.360  1461  1785 I MediaProvider: Deleted 1 items on external_primary due to com.android.shell
05-29 02:15:13.389  4313  4315 I cmd     : oneway function results will be dropped but finished with status OK and parcel size 4
05-29 02:15:13.519   159   159 I hwservicemanager: getTransport: Cannot find entry android.hardware.graphics.mapper@4.0::IMapper/default in either framework or device manifest.
05-29 02:15:13.519  4335  4335 I Gralloc4: mapper 4.x is not supported
05-29 02:15:13.568  4341  4343 I cmd     : oneway function results will be dropped but finished with status OK and parcel size 4
05-29 02:15:13.569  1461  2301 I MediaProvider: Begin Intent { act=android.intent.action.MEDIA_SCANNER_SCAN_FILE dat=file:///sdcard/screen_2026-05-29_021514.png flg=0x1400010 cmp=com.android.providers.media.module/com.android.providers.media.MediaService }
05-29 02:15:13.569  1461  2301 W ModernMediaScanner: Failed to visit /sdcard/screen_2026-05-29_021514.png: java.nio.file.AccessDeniedException: /sdcard/screen_2026-05-29_021514.png
05-29 02:15:13.570  1461  2301 I MediaProvider: Scanned internal due to REASON_DEMAND, found 0 items in 1ms, 0 inserts 0 updates 0 deletes
05-29 02:15:13.570  1461  2301 I MediaProvider: End Intent { act=android.intent.action.MEDIA_SCANNER_SCAN_FILE dat=file:///sdcard/screen_2026-05-29_021514.png flg=0x1400010 cmp=com.android.providers.media.module/com.android.providers.media.MediaService }
05-29 02:15:13.593  1461  1787 I MediaProvider: Deleted 1 items on external_primary due to com.android.shell
05-29 02:15:13.619  4352  4354 I cmd     : oneway function results will be dropped but finished with status OK and parcel size 4
05-29 02:15:13.671  4367  4369 I cmd     : oneway function results will be dropped but finished with status OK and parcel size 4
05-29 02:15:13.720  4382  4384 I cmd     : oneway function results will be dropped but finished with status OK and parcel size 4
05-29 02:15:13.769  4397  4399 I cmd     : oneway function results will be dropped but finished with status OK and parcel size 4
05-29 02:15:13.850  4409  4409 E libc    : Access denied finding property "persist.device_config.runtime_native_boot.profilebootclasspath"
05-29 02:15:13.850  4409  4409 E libc    : Access denied finding property "persist.device_config.runtime_native_boot.enable_apex_image"
05-29 02:15:13.850  4409  4409 I AndroidRuntime: Using default boot image
05-29 02:15:13.850  4409  4409 E libc    : Access denied finding property "persist.device_config.runtime_native_boot.disable_lock_profiling"
05-29 02:15:13.850  4409  4409 I AndroidRuntime: Leaving lock profiling enabled
05-29 02:15:13.851  4409  4409 E libc    : Access denied finding property "persist.device_config.runtime_native_boot.enable_generational_cc"
05-29 02:15:13.852  4409  4409 I app_process: Core platform API reporting enabled, enforcing=false
05-29 02:15:13.894  4409  4409 W app_process: Unexpected CPU variant for X86 using defaults: x86_64
05-29 02:15:13.895  4409  4409 I app_process: The ClassLoaderContext is a special shared library.
05-29 02:15:13.901  4409  4409 W app_process: JNI RegisterNativeMethods: attempt to register 0 native methods for android.media.AudioAttributes
05-29 02:15:15.639   159   159 I hwservicemanager: getTransport: Cannot find entry android.hardware.graphics.mapper@4.0::IMapper/default in either framework or device manifest.
05-29 02:15:15.639  4442  4442 I Gralloc4: mapper 4.x is not supported
05-29 02:15:15.697  4446  4448 I cmd     : oneway function results will be dropped but finished with status OK and parcel size 4
05-29 02:15:15.698  1461  2301 I MediaProvider: Begin Intent { act=android.intent.action.MEDIA_SCANNER_SCAN_FILE dat=file:///sdcard/screen_2026-05-29_021516.png flg=0x1400010 cmp=com.android.providers.media.module/com.android.providers.media.MediaService }
05-29 02:15:15.692  1461  1461 W com.android.providers.media.module: type=1400 audit(0.0:272): avc: denied { read } for comm=4173796E635461736B202331 name="primary" dev="tmpfs" ino=27351 scontext=u:r:mediaprovider_app:s0:c129,c256,c512,c768 tcontext=u:object_r:mnt_pass_through_file:s0 tclass=lnk_file permissive=0 app=com.android.providers.media.module
05-29 02:15:15.932     0     0 W audit   : audit_lost=178 audit_rate_limit=5 audit_backlog_limit=64
05-29 02:15:15.937     0     0 E audit   : rate limit exceeded
05-29 02:15:15.704  1461  1461 I chatty  : uid=10129(com.android.providers.media.module) identical 1 line
05-29 02:15:15.704  1461  1461 W com.android.providers.media.module: type=1400 audit(0.0:274): avc: denied { read } for comm=4173796E635461736B202331 name="primary" dev="tmpfs" ino=27351 scontext=u:r:mediaprovider_app:s0:c129,c256,c512,c768 tcontext=u:object_r:mnt_pass_through_file:s0 tclass=lnk_file permissive=0 app=com.android.providers.media.module
05-29 02:15:15.725  1461  2301 W ModernMediaScanner: Failed to visit /sdcard/screen_2026-05-29_021516.png: java.nio.file.AccessDeniedException: /sdcard/screen_2026-05-29_021516.png
05-29 02:15:15.725  1461  2301 I MediaProvider: Scanned internal due to REASON_DEMAND, found 0 items in 15ms, 0 inserts 0 updates 0 deletes
05-29 02:15:15.726  1461  2301 I MediaProvider: End Intent { act=android.intent.action.MEDIA_SCANNER_SCAN_FILE dat=file:///sdcard/screen_2026-05-29_021516.png flg=0x1400010 cmp=com.android.providers.media.module/com.android.providers.media.MediaService }
05-29 02:15:15.704  1461  1461 W com.android.providers.media.module: type=1400 audit(0.0:275): avc: denied { read } for comm=4173796E635461736B202331 name="primary" dev="tmpfs" ino=27351 scontext=u:r:mediaprovider_app:s0:c129,c256,c512,c768 tcontext=u:object_r:mnt_pass_through_file:s0 tclass=lnk_file permissive=0 app=com.android.providers.media.module
05-29 02:15:15.753  1461  2605 I MediaProvider: Deleted 1 items on external_primary due to com.android.shell
05-29 02:15:15.780  4457  4459 I cmd     : oneway function results will be dropped but finished with status OK and parcel size 4
05-29 02:15:15.906   159   159 I hwservicemanager: getTransport: Cannot find entry android.hardware.graphics.mapper@4.0::IMapper/default in either framework or device manifest.
05-29 02:15:15.906  4479  4479 I Gralloc4: mapper 4.x is not supported
05-29 02:15:15.964  4483  4485 I cmd     : oneway function results will be dropped but finished with status OK and parcel size 4
05-29 02:15:15.965  1461  2301 I MediaProvider: Begin Intent { act=android.intent.action.MEDIA_SCANNER_SCAN_FILE dat=file:///sdcard/screen_2026-05-29_021516.png flg=0x1400010 cmp=com.android.providers.media.module/com.android.providers.media.MediaService }
05-29 02:15:15.966  1461  2301 W ModernMediaScanner: Failed to visit /sdcard/screen_2026-05-29_021516.png: java.nio.file.AccessDeniedException: /sdcard/screen_2026-05-29_021516.png
05-29 02:15:15.967  1461  2301 I MediaProvider: Scanned internal due to REASON_DEMAND, found 0 items in 0ms, 0 inserts 0 updates 0 deletes
05-29 02:15:15.968  1461  2301 I MediaProvider: End Intent { act=android.intent.action.MEDIA_SCANNER_SCAN_FILE dat=file:///sdcard/screen_2026-05-29_021516.png flg=0x1400010 cmp=com.android.providers.media.module/com.android.providers.media.MediaService }
05-29 02:15:15.991  1461  2605 I MediaProvider: Deleted 1 items on external_primary due to com.android.shell
05-29 02:15:16.017  4494  4496 I cmd     : oneway function results will be dropped but finished with status OK and parcel size 4
05-29 02:15:16.144   159   159 I hwservicemanager: getTransport: Cannot find entry android.hardware.graphics.mapper@4.0::IMapper/default in either framework or device manifest.
05-29 02:15:16.144  4516  4516 I Gralloc4: mapper 4.x is not supported
05-29 02:15:16.202  1461  2301 I MediaProvider: Begin Intent { act=android.intent.action.MEDIA_SCANNER_SCAN_FILE dat=file:///sdcard/screen_2026-05-29_021516.png flg=0x1400010 cmp=com.android.providers.media.module/com.android.providers.media.MediaService }
05-29 02:15:16.203  1461  2301 W ModernMediaScanner: Failed to visit /sdcard/screen_2026-05-29_021516.png: java.nio.file.AccessDeniedException: /sdcard/screen_2026-05-29_021516.png
05-29 02:15:16.204  1461  2301 I MediaProvider: Scanned internal due to REASON_DEMAND, found 0 items in 1ms, 0 inserts 0 updates 0 deletes
05-29 02:15:16.207  1461  2301 I MediaProvider: End Intent { act=android.intent.action.MEDIA_SCANNER_SCAN_FILE dat=file:///sdcard/screen_2026-05-29_021516.png flg=0x1400010 cmp=com.android.providers.media.module/com.android.providers.media.MediaService }
05-29 02:15:16.226  1461  2605 I MediaProvider: Deleted 1 items on external_primary due to com.android.shell
05-29 02:15:16.251  4531  4533 I cmd     : oneway function results will be dropped but finished with status OK and parcel size 4
05-29 02:15:16.301  4546  4548 I cmd     : oneway function results will be dropped but finished with status OK and parcel size 4
05-29 02:15:16.349  4561  4563 I cmd     : oneway function results will be dropped but finished with status OK and parcel size 4
05-29 02:15:16.399  4576  4578 I cmd     : oneway function results will be dropped but finished with status OK and parcel size 4
05-29 02:15:16.480  4588  4588 E libc    : Access denied finding property "persist.device_config.runtime_native_boot.profilebootclasspath"
05-29 02:15:16.480  4588  4588 E libc    : Access denied finding property "persist.device_config.runtime_native_boot.enable_apex_image"
05-29 02:15:16.480  4588  4588 I AndroidRuntime: Using default boot image
05-29 02:15:16.480  4588  4588 E libc    : Access denied finding property "persist.device_config.runtime_native_boot.disable_lock_profiling"
05-29 02:15:16.480  4588  4588 I AndroidRuntime: Leaving lock profiling enabled
05-29 02:15:16.480  4588  4588 E libc    : Access denied finding property "persist.device_config.runtime_native_boot.enable_generational_cc"
05-29 02:15:16.482  4588  4588 I app_process: Core platform API reporting enabled, enforcing=false
05-29 02:15:16.523  4588  4588 W app_process: Unexpected CPU variant for X86 using defaults: x86_64
05-29 02:15:16.523  4588  4588 I app_process: The ClassLoaderContext is a special shared library.
05-29 02:15:16.530  4588  4588 W app_process: JNI RegisterNativeMethods: attempt to register 0 native methods for android.media.AudioAttributes
05-29 02:15:16.548  2325  2325 E AccessibilityInteractionClient: 3 Disconnected nodes.
05-29 02:15:18.254   159   159 I hwservicemanager: getTransport: Cannot find entry android.hardware.graphics.mapper@4.0::IMapper/default in either framework or device manifest.
05-29 02:15:18.254  4622  4622 I Gralloc4: mapper 4.x is not supported
05-29 02:15:18.300  4626  4628 I cmd     : oneway function results will be dropped but finished with status OK and parcel size 4
05-29 02:15:18.302  1461  2301 I MediaProvider: Begin Intent { act=android.intent.action.MEDIA_SCANNER_SCAN_FILE dat=file:///sdcard/screen_2026-05-29_021518.png flg=0x1400010 cmp=com.android.providers.media.module/com.android.providers.media.MediaService }
05-29 02:15:18.296  1461  1461 W com.android.providers.media.module: type=1400 audit(0.0:294): avc: denied { read } for comm=4173796E635461736B202331 name="primary" dev="tmpfs" ino=27351 scontext=u:r:mediaprovider_app:s0:c129,c256,c512,c768 tcontext=u:object_r:mnt_pass_through_file:s0 tclass=lnk_file permissive=0 app=com.android.providers.media.module
05-29 02:15:18.524     0     0 W audit   : audit_lost=195 audit_rate_limit=5 audit_backlog_limit=64
05-29 02:15:18.532     0     0 E audit   : rate limit exceeded
05-29 02:15:18.315  1461  2301 W ModernMediaScanner: Failed to visit /sdcard/screen_2026-05-29_021518.png: java.nio.file.AccessDeniedException: /sdcard/screen_2026-05-29_021518.png
05-29 02:15:18.315  1461  2301 I MediaProvider: Scanned internal due to REASON_DEMAND, found 0 items in 13ms, 0 inserts 0 updates 0 deletes
05-29 02:15:18.316  1461  2301 I MediaProvider: End Intent { act=android.intent.action.MEDIA_SCANNER_SCAN_FILE dat=file:///sdcard/screen_2026-05-29_021518.png flg=0x1400010 cmp=com.android.providers.media.module/com.android.providers.media.MediaService }
05-29 02:15:18.296  1461  1461 W com.android.providers.media.module: type=1400 audit(0.0:295): avc: denied { read } for comm=4173796E635461736B202331 name="primary" dev="tmpfs" ino=27351 scontext=u:r:mediaprovider_app:s0:c129,c256,c512,c768 tcontext=u:object_r:mnt_pass_through_file:s0 tclass=lnk_file permissive=0 app=com.android.providers.media.module
05-29 02:15:18.361  1461  2605 I MediaProvider: Deleted 1 items on external_primary due to com.android.shell
05-29 02:15:18.388  4637  4639 I cmd     : oneway function results will be dropped but finished with status OK and parcel size 4
05-29 02:15:18.508   159   159 I hwservicemanager: getTransport: Cannot find entry android.hardware.graphics.mapper@4.0::IMapper/default in either framework or device manifest.
05-29 02:15:18.508  4659  4659 I Gralloc4: mapper 4.x is not supported
05-29 02:15:18.557  1461  2301 I MediaProvider: Begin Intent { act=android.intent.action.MEDIA_SCANNER_SCAN_FILE dat=file:///sdcard/screen_2026-05-29_021519.png flg=0x1400010 cmp=com.android.providers.media.module/com.android.providers.media.MediaService }
05-29 02:15:18.558  1461  2301 W ModernMediaScanner: Failed to visit /sdcard/screen_2026-05-29_021519.png: java.nio.file.AccessDeniedException: /sdcard/screen_2026-05-29_021519.png
05-29 02:15:18.559  1461  2301 I MediaProvider: Scanned internal due to REASON_DEMAND, found 0 items in 1ms, 0 inserts 0 updates 0 deletes
05-29 02:15:18.559  1461  2301 I MediaProvider: End Intent { act=android.intent.action.MEDIA_SCANNER_SCAN_FILE dat=file:///sdcard/screen_2026-05-29_021519.png flg=0x1400010 cmp=com.android.providers.media.module/com.android.providers.media.MediaService }
05-29 02:15:18.624  1461  1787 I MediaProvider: Deleted 1 items on external_primary due to com.android.shell
05-29 02:15:18.662  4676  4678 I cmd     : oneway function results will be dropped but finished with status OK and parcel size 4
05-29 02:15:18.786   159   159 I hwservicemanager: getTransport: Cannot find entry android.hardware.graphics.mapper@4.0::IMapper/default in either framework or device manifest.
05-29 02:15:18.787  4698  4698 I Gralloc4: mapper 4.x is not supported
05-29 02:15:18.833  4702  4704 I cmd     : oneway function results will be dropped but finished with status OK and parcel size 4
05-29 02:15:18.834  1461  2301 I MediaProvider: Begin Intent { act=android.intent.action.MEDIA_SCANNER_SCAN_FILE dat=file:///sdcard/screen_2026-05-29_021519.png flg=0x1400010 cmp=com.android.providers.media.module/com.android.providers.media.MediaService }
05-29 02:15:18.835  1461  2301 W ModernMediaScanner: Failed to visit /sdcard/screen_2026-05-29_021519.png: java.nio.file.AccessDeniedException: /sdcard/screen_2026-05-29_021519.png
05-29 02:15:18.838  1461  2301 I MediaProvider: Scanned internal due to REASON_DEMAND, found 0 items in 3ms, 0 inserts 0 updates 0 deletes
05-29 02:15:18.838  1461  2301 I MediaProvider: End Intent { act=android.intent.action.MEDIA_SCANNER_SCAN_FILE dat=file:///sdcard/screen_2026-05-29_021519.png flg=0x1400010 cmp=com.android.providers.media.module/com.android.providers.media.MediaService }
05-29 02:15:18.860  1461  1785 I MediaProvider: Deleted 1 items on external_primary due to com.android.shell
05-29 02:15:18.888  4713  4715 I cmd     : oneway function results will be dropped but finished with status OK and parcel size 4
05-29 02:15:18.941  4728  4730 I cmd     : oneway function results will be dropped but finished with status OK and parcel size 4
05-29 02:15:18.992  4743  4745 I cmd     : oneway function results will be dropped but finished with status OK and parcel size 4
05-29 02:15:19.043  4758  4760 I cmd     : oneway function results will be dropped but finished with status OK and parcel size 4
05-29 02:15:19.123  4770  4770 E libc    : Access denied finding property "persist.device_config.runtime_native_boot.profilebootclasspath"
05-29 02:15:19.123  4770  4770 E libc    : Access denied finding property "persist.device_config.runtime_native_boot.enable_apex_image"
05-29 02:15:19.123  4770  4770 I AndroidRuntime: Using default boot image
05-29 02:15:19.123  4770  4770 E libc    : Access denied finding property "persist.device_config.runtime_native_boot.disable_lock_profiling"
05-29 02:15:19.123  4770  4770 I AndroidRuntime: Leaving lock profiling enabled
05-29 02:15:19.123  4770  4770 E libc    : Access denied finding property "persist.device_config.runtime_native_boot.enable_generational_cc"
05-29 02:15:19.125  4770  4770 I app_process: Core platform API reporting enabled, enforcing=false
05-29 02:15:19.166  4770  4770 W app_process: Unexpected CPU variant for X86 using defaults: x86_64
05-29 02:15:19.167  4770  4770 I app_process: The ClassLoaderContext is a special shared library.
05-29 02:15:19.174  4770  4770 W app_process: JNI RegisterNativeMethods: attempt to register 0 native methods for android.media.AudioAttributes
05-29 02:15:19.299  2325  2325 E AccessibilityInteractionClient: 3 Disconnected nodes.
05-29 02:15:20.898   159   159 I hwservicemanager: getTransport: Cannot find entry android.hardware.graphics.mapper@4.0::IMapper/default in either framework or device manifest.
05-29 02:15:20.898  4803  4803 I Gralloc4: mapper 4.x is not supported
05-29 02:15:20.934  4807  4809 I cmd     : oneway function results will be dropped but finished with status OK and parcel size 4
05-29 02:15:20.937  1461  2301 I MediaProvider: Begin Intent { act=android.intent.action.MEDIA_SCANNER_SCAN_FILE dat=file:///sdcard/screen_2026-05-29_021521.png flg=0x1400010 cmp=com.android.providers.media.module/com.android.providers.media.MediaService }
05-29 02:15:21.158     0     0 W audit   : audit_lost=212 audit_rate_limit=5 audit_backlog_limit=64
05-29 02:15:21.162     0     0 E audit   : rate limit exceeded
05-29 02:15:20.932  1461  1461 W com.android.providers.media.module: type=1400 audit(0.0:316): avc: denied { read } for comm=4173796E635461736B202331 name="primary" dev="tmpfs" ino=27351 scontext=u:r:mediaprovider_app:s0:c129,c256,c512,c768 tcontext=u:object_r:mnt_pass_through_file:s0 tclass=lnk_file permissive=0 app=com.android.providers.media.module
05-29 02:15:20.950  1461  2301 W ModernMediaScanner: Failed to visit /sdcard/screen_2026-05-29_021521.png: java.nio.file.AccessDeniedException: /sdcard/screen_2026-05-29_021521.png
05-29 02:15:20.950  1461  2301 I MediaProvider: Scanned internal due to REASON_DEMAND, found 0 items in 13ms, 0 inserts 0 updates 0 deletes
05-29 02:15:20.951  1461  2301 I MediaProvider: End Intent { act=android.intent.action.MEDIA_SCANNER_SCAN_FILE dat=file:///sdcard/screen_2026-05-29_021521.png flg=0x1400010 cmp=com.android.providers.media.module/com.android.providers.media.MediaService }
05-29 02:15:20.932  1461  1461 W com.android.providers.media.module: type=1400 audit(0.0:317): avc: denied { read } for comm=4173796E635461736B202331 name="primary" dev="tmpfs" ino=27351 scontext=u:r:mediaprovider_app:s0:c129,c256,c512,c768 tcontext=u:object_r:mnt_pass_through_file:s0 tclass=lnk_file permissive=0 app=com.android.providers.media.module
05-29 02:15:21.021  1461  2605 I MediaProvider: Deleted 1 items on external_primary due to com.android.shell
05-29 02:15:21.173   159   159 I hwservicemanager: getTransport: Cannot find entry android.hardware.graphics.mapper@4.0::IMapper/default in either framework or device manifest.
05-29 02:15:21.173  4840  4840 I Gralloc4: mapper 4.x is not supported
05-29 02:15:21.212  4844  4846 I cmd     : oneway function results will be dropped but finished with status OK and parcel size 4
05-29 02:15:21.213  1461  2301 I MediaProvider: Begin Intent { act=android.intent.action.MEDIA_SCANNER_SCAN_FILE dat=file:///sdcard/screen_2026-05-29_021521.png flg=0x1400010 cmp=com.android.providers.media.module/com.android.providers.media.MediaService }
05-29 02:15:21.214  1461  2301 W ModernMediaScanner: Failed to visit /sdcard/screen_2026-05-29_021521.png: java.nio.file.AccessDeniedException: /sdcard/screen_2026-05-29_021521.png
05-29 02:15:21.214  1461  2301 I MediaProvider: Scanned internal due to REASON_DEMAND, found 0 items in 1ms, 0 inserts 0 updates 0 deletes
05-29 02:15:21.215  1461  2301 I MediaProvider: End Intent { act=android.intent.action.MEDIA_SCANNER_SCAN_FILE dat=file:///sdcard/screen_2026-05-29_021521.png flg=0x1400010 cmp=com.android.providers.media.module/com.android.providers.media.MediaService }
05-29 02:15:21.238  1461  1787 I MediaProvider: Deleted 1 items on external_primary due to com.android.shell
05-29 02:15:21.265  4855  4857 I cmd     : oneway function results will be dropped but finished with status OK and parcel size 4
05-29 02:15:21.387   159   159 I hwservicemanager: getTransport: Cannot find entry android.hardware.graphics.mapper@4.0::IMapper/default in either framework or device manifest.
05-29 02:15:21.387  4877  4877 I Gralloc4: mapper 4.x is not supported
05-29 02:15:21.423  4881  4883 I cmd     : oneway function results will be dropped but finished with status OK and parcel size 4
05-29 02:15:21.423  1461  2301 I MediaProvider: Begin Intent { act=android.intent.action.MEDIA_SCANNER_SCAN_FILE dat=file:///sdcard/screen_2026-05-29_021522.png flg=0x1400010 cmp=com.android.providers.media.module/com.android.providers.media.MediaService }
05-29 02:15:21.424  1461  2301 W ModernMediaScanner: Failed to visit /sdcard/screen_2026-05-29_021522.png: java.nio.file.AccessDeniedException: /sdcard/screen_2026-05-29_021522.png
05-29 02:15:21.425  1461  2301 I MediaProvider: Scanned internal due to REASON_DEMAND, found 0 items in 0ms, 0 inserts 0 updates 0 deletes
05-29 02:15:21.425  1461  2301 I MediaProvider: End Intent { act=android.intent.action.MEDIA_SCANNER_SCAN_FILE dat=file:///sdcard/screen_2026-05-29_021522.png flg=0x1400010 cmp=com.android.providers.media.module/com.android.providers.media.MediaService }
05-29 02:15:21.446  1461  1787 I MediaProvider: Deleted 1 items on external_primary due to com.android.shell
05-29 02:15:21.472  4892  4894 I cmd     : oneway function results will be dropped but finished with status OK and parcel size 4
05-29 02:15:21.522  4907  4909 I cmd     : oneway function results will be dropped but finished with status OK and parcel size 4
05-29 02:15:21.571  4922  4924 I cmd     : oneway function results will be dropped but finished with status OK and parcel size 4
05-29 02:15:21.699  4949  4949 E libc    : Access denied finding property "persist.device_config.runtime_native_boot.profilebootclasspath"
05-29 02:15:21.699  4949  4949 E libc    : Access denied finding property "persist.device_config.runtime_native_boot.enable_apex_image"
05-29 02:15:21.699  4949  4949 I AndroidRuntime: Using default boot image
05-29 02:15:21.699  4949  4949 E libc    : Access denied finding property "persist.device_config.runtime_native_boot.disable_lock_profiling"
05-29 02:15:21.699  4949  4949 I AndroidRuntime: Leaving lock profiling enabled
05-29 02:15:21.699  4949  4949 E libc    : Access denied finding property "persist.device_config.runtime_native_boot.enable_generational_cc"
05-29 02:15:21.701  4949  4949 I app_process: Core platform API reporting enabled, enforcing=false
05-29 02:15:21.752  4949  4949 W app_process: Unexpected CPU variant for X86 using defaults: x86_64
05-29 02:15:21.752  4949  4949 I app_process: The ClassLoaderContext is a special shared library.
05-29 02:15:21.759  4949  4949 W app_process: JNI RegisterNativeMethods: attempt to register 0 native methods for android.media.AudioAttributes
05-29 02:15:23.475   159   159 I hwservicemanager: getTransport: Cannot find entry android.hardware.graphics.mapper@4.0::IMapper/default in either framework or device manifest.
05-29 02:15:23.475  4982  4982 I Gralloc4: mapper 4.x is not supported
05-29 02:15:23.523  4986  4988 I cmd     : oneway function results will be dropped but finished with status OK and parcel size 4
05-29 02:15:23.526  1461  2301 I MediaProvider: Begin Intent { act=android.intent.action.MEDIA_SCANNER_SCAN_FILE dat=file:///sdcard/screen_2026-05-29_021524.png flg=0x1400010 cmp=com.android.providers.media.module/com.android.providers.media.MediaService }
05-29 02:15:23.747     0     0 W audit   : audit_lost=229 audit_rate_limit=5 audit_backlog_limit=64
05-29 02:15:23.759     0     0 E audit   : rate limit exceeded
05-29 02:15:23.539  1461  2301 W ModernMediaScanner: Failed to visit /sdcard/screen_2026-05-29_021524.png: java.nio.file.AccessDeniedException: /sdcard/screen_2026-05-29_021524.png
05-29 02:15:23.540  1461  2301 I MediaProvider: Scanned internal due to REASON_DEMAND, found 0 items in 14ms, 0 inserts 0 updates 0 deletes
05-29 02:15:23.541  1461  2301 I MediaProvider: End Intent { act=android.intent.action.MEDIA_SCANNER_SCAN_FILE dat=file:///sdcard/screen_2026-05-29_021524.png flg=0x1400010 cmp=com.android.providers.media.module/com.android.providers.media.MediaService }
05-29 02:15:23.520  1461  1461 W com.android.providers.media.module: type=1400 audit(0.0:338): avc: denied { read } for comm=4173796E635461736B202331 name="primary" dev="tmpfs" ino=27351 scontext=u:r:mediaprovider_app:s0:c129,c256,c512,c768 tcontext=u:object_r:mnt_pass_through_file:s0 tclass=lnk_file permissive=0 app=com.android.providers.media.module
05-29 02:15:23.567  1461  1787 I MediaProvider: Deleted 1 items on external_primary due to com.android.shell
05-29 02:15:23.520  1461  1461 W com.android.providers.media.module: type=1400 audit(0.0:340): avc: denied { read } for comm=4173796E635461736B202331 name="primary" dev="tmpfs" ino=27351 scontext=u:r:mediaprovider_app:s0:c129,c256,c512,c768 tcontext=u:object_r:mnt_pass_through_file:s0 tclass=lnk_file permissive=0 app=com.android.providers.media.module
05-29 02:15:23.608  4997  4999 I cmd     : oneway function results will be dropped but finished with status OK and parcel size 4
05-29 02:15:23.735   159   159 I hwservicemanager: getTransport: Cannot find entry android.hardware.graphics.mapper@4.0::IMapper/default in either framework or device manifest.
05-29 02:15:23.735  5019  5019 I Gralloc4: mapper 4.x is not supported
05-29 02:15:23.792  1461  2301 I MediaProvider: Begin Intent { act=android.intent.action.MEDIA_SCANNER_SCAN_FILE dat=file:///sdcard/screen_2026-05-29_021524.png flg=0x1400010 cmp=com.android.providers.media.module/com.android.providers.media.MediaService }
05-29 02:15:23.792  1461  2301 W ModernMediaScanner: Failed to visit /sdcard/screen_2026-05-29_021524.png: java.nio.file.AccessDeniedException: /sdcard/screen_2026-05-29_021524.png
05-29 02:15:23.793  1461  2301 I MediaProvider: Scanned internal due to REASON_DEMAND, found 0 items in 1ms, 0 inserts 0 updates 0 deletes
05-29 02:15:23.801  1461  2301 I MediaProvider: End Intent { act=android.intent.action.MEDIA_SCANNER_SCAN_FILE dat=file:///sdcard/screen_2026-05-29_021524.png flg=0x1400010 cmp=com.android.providers.media.module/com.android.providers.media.MediaService }
05-29 02:15:23.816  1461  1785 I MediaProvider: Deleted 1 items on external_primary due to com.android.shell
05-29 02:15:23.842  5037  5039 I cmd     : oneway function results will be dropped but finished with status OK and parcel size 4
05-29 02:15:23.966   159   159 I hwservicemanager: getTransport: Cannot find entry android.hardware.graphics.mapper@4.0::IMapper/default in either framework or device manifest.
05-29 02:15:23.966  5059  5059 I Gralloc4: mapper 4.x is not supported
05-29 02:15:24.014  5063  5065 I cmd     : oneway function results will be dropped but finished with status OK and parcel size 4
05-29 02:15:24.018  1461  2301 I MediaProvider: Begin Intent { act=android.intent.action.MEDIA_SCANNER_SCAN_FILE dat=file:///sdcard/screen_2026-05-29_021524.png flg=0x1400010 cmp=com.android.providers.media.module/com.android.providers.media.MediaService }
05-29 02:15:24.019  1461  2301 W ModernMediaScanner: Failed to visit /sdcard/screen_2026-05-29_021524.png: java.nio.file.AccessDeniedException: /sdcard/screen_2026-05-29_021524.png
05-29 02:15:24.020  1461  2301 I MediaProvider: Scanned internal due to REASON_DEMAND, found 0 items in 2ms, 0 inserts 0 updates 0 deletes
05-29 02:15:24.021  1461  2301 I MediaProvider: End Intent { act=android.intent.action.MEDIA_SCANNER_SCAN_FILE dat=file:///sdcard/screen_2026-05-29_021524.png flg=0x1400010 cmp=com.android.providers.media.module/com.android.providers.media.MediaService }
05-29 02:15:24.044  1461  2605 I MediaProvider: Deleted 1 items on external_primary due to com.android.shell
05-29 02:15:24.071  5074  5076 I cmd     : oneway function results will be dropped but finished with status OK and parcel size 4
05-29 02:15:24.121  5089  5091 I cmd     : oneway function results will be dropped but finished with status OK and parcel size 4
05-29 02:15:24.168  5104  5106 I cmd     : oneway function results will be dropped but finished with status OK and parcel size 4
05-29 02:15:24.217  5119  5121 I cmd     : oneway function results will be dropped but finished with status OK and parcel size 4
05-29 02:15:24.297  5131  5131 E libc    : Access denied finding property "persist.device_config.runtime_native_boot.profilebootclasspath"
05-29 02:15:24.297  5131  5131 E libc    : Access denied finding property "persist.device_config.runtime_native_boot.enable_apex_image"
05-29 02:15:24.297  5131  5131 I AndroidRuntime: Using default boot image
05-29 02:15:24.297  5131  5131 E libc    : Access denied finding property "persist.device_config.runtime_native_boot.disable_lock_profiling"
05-29 02:15:24.297  5131  5131 I AndroidRuntime: Leaving lock profiling enabled
05-29 02:15:24.297  5131  5131 E libc    : Access denied finding property "persist.device_config.runtime_native_boot.enable_generational_cc"
05-29 02:15:24.299  5131  5131 I app_process: Core platform API reporting enabled, enforcing=false
05-29 02:15:24.340  5131  5131 W app_process: Unexpected CPU variant for X86 using defaults: x86_64
05-29 02:15:24.340  5131  5131 I app_process: The ClassLoaderContext is a special shared library.
05-29 02:15:24.347  5131  5131 W app_process: JNI RegisterNativeMethods: attempt to register 0 native methods for android.media.AudioAttributes
05-29 02:15:26.072   159   159 I hwservicemanager: getTransport: Cannot find entry android.hardware.graphics.mapper@4.0::IMapper/default in either framework or device manifest.
05-29 02:15:26.072  5163  5163 I Gralloc4: mapper 4.x is not supported
05-29 02:15:26.108  5167  5169 I cmd     : oneway function results will be dropped but finished with status OK and parcel size 4
05-29 02:15:26.109  1461  2301 I MediaProvider: Begin Intent { act=android.intent.action.MEDIA_SCANNER_SCAN_FILE dat=file:///sdcard/screen_2026-05-29_021526.png flg=0x1400010 cmp=com.android.providers.media.module/com.android.providers.media.MediaService }
05-29 02:15:26.104  1461  1461 W com.android.providers.media.module: type=1400 audit(0.0:360): avc: denied { read } for comm=4173796E635461736B202331 name="primary" dev="tmpfs" ino=27351 scontext=u:r:mediaprovider_app:s0:c129,c256,c512,c768 tcontext=u:object_r:mnt_pass_through_file:s0 tclass=lnk_file permissive=0 app=com.android.providers.media.module
05-29 02:15:26.122  1461  2301 W ModernMediaScanner: Failed to visit /sdcard/screen_2026-05-29_021526.png: java.nio.file.AccessDeniedException: /sdcard/screen_2026-05-29_021526.png
05-29 02:15:26.122  1461  2301 I MediaProvider: Scanned internal due to REASON_DEMAND, found 0 items in 13ms, 0 inserts 0 updates 0 deletes
05-29 02:15:26.123  1461  2301 I MediaProvider: End Intent { act=android.intent.action.MEDIA_SCANNER_SCAN_FILE dat=file:///sdcard/screen_2026-05-29_021526.png flg=0x1400010 cmp=com.android.providers.media.module/com.android.providers.media.MediaService }
05-29 02:15:26.331     0     0 W audit   : audit_lost=246 audit_rate_limit=5 audit_backlog_limit=64
05-29 02:15:26.340     0     0 E audit   : rate limit exceeded
05-29 02:15:26.104  1461  1461 W com.android.providers.media.module: type=1400 audit(0.0:361): avc: denied { read } for comm=4173796E635461736B202331 name="primary" dev="tmpfs" ino=27351 scontext=u:r:mediaprovider_app:s0:c129,c256,c512,c768 tcontext=u:object_r:mnt_pass_through_file:s0 tclass=lnk_file permissive=0 app=com.android.providers.media.module
05-29 02:15:26.167  1461  1787 I MediaProvider: Deleted 1 items on external_primary due to com.android.shell
05-29 02:15:26.193  5178  5180 I cmd     : oneway function results will be dropped but finished with status OK and parcel size 4
05-29 02:15:26.319   159   159 I hwservicemanager: getTransport: Cannot find entry android.hardware.graphics.mapper@4.0::IMapper/default in either framework or device manifest.
05-29 02:15:26.319  5200  5200 I Gralloc4: mapper 4.x is not supported
05-29 02:15:26.357  5204  5206 I cmd     : oneway function results will be dropped but finished with status OK and parcel size 4
05-29 02:15:26.358  1461  2301 I MediaProvider: Begin Intent { act=android.intent.action.MEDIA_SCANNER_SCAN_FILE dat=file:///sdcard/screen_2026-05-29_021527.png flg=0x1400010 cmp=com.android.providers.media.module/com.android.providers.media.MediaService }
05-29 02:15:26.359  1461  2301 W ModernMediaScanner: Failed to visit /sdcard/screen_2026-05-29_021527.png: java.nio.file.AccessDeniedException: /sdcard/screen_2026-05-29_021527.png
05-29 02:15:26.359  1461  2301 I MediaProvider: Scanned internal due to REASON_DEMAND, found 0 items in 1ms, 0 inserts 0 updates 0 deletes
05-29 02:15:26.360  1461  2301 I MediaProvider: End Intent { act=android.intent.action.MEDIA_SCANNER_SCAN_FILE dat=file:///sdcard/screen_2026-05-29_021527.png flg=0x1400010 cmp=com.android.providers.media.module/com.android.providers.media.MediaService }
05-29 02:15:26.383  1461  1785 I MediaProvider: Deleted 1 items on external_primary due to com.android.shell
05-29 02:15:26.409  5215  5217 I cmd     : oneway function results will be dropped but finished with status OK and parcel size 4
05-29 02:15:26.651     0     0 W healthd : battery l=100 v=5000 t=25.0 h=2 st=2 c=900000 fc=300000 cc=10 chg=a
05-29 02:15:26.532   159   159 I hwservicemanager: getTransport: Cannot find entry android.hardware.graphics.mapper@4.0::IMapper/default in either framework or device manifest.
05-29 02:15:26.532  5237  5237 I Gralloc4: mapper 4.x is not supported
05-29 02:15:26.570  5241  5243 I cmd     : oneway function results will be dropped but finished with status OK and parcel size 4
05-29 02:15:26.570  1461  2301 I MediaProvider: Begin Intent { act=android.intent.action.MEDIA_SCANNER_SCAN_FILE dat=file:///sdcard/screen_2026-05-29_021527.png flg=0x1400010 cmp=com.android.providers.media.module/com.android.providers.media.MediaService }
05-29 02:15:26.571  1461  2301 W ModernMediaScanner: Failed to visit /sdcard/screen_2026-05-29_021527.png: java.nio.file.AccessDeniedException: /sdcard/screen_2026-05-29_021527.png
05-29 02:15:26.572  1461  2301 I MediaProvider: Scanned internal due to REASON_DEMAND, found 0 items in 0ms, 0 inserts 0 updates 0 deletes
05-29 02:15:26.574  1461  2301 I MediaProvider: End Intent { act=android.intent.action.MEDIA_SCANNER_SCAN_FILE dat=file:///sdcard/screen_2026-05-29_021527.png flg=0x1400010 cmp=com.android.providers.media.module/com.android.providers.media.MediaService }
05-29 02:15:26.592  1461  2605 I MediaProvider: Deleted 1 items on external_primary due to com.android.shell
05-29 02:15:26.617  5252  5254 I cmd     : oneway function results will be dropped but finished with status OK and parcel size 4
05-29 02:15:26.667  5267  5269 I cmd     : oneway function results will be dropped but finished with status OK and parcel size 4
05-29 02:15:26.716  5282  5284 I cmd     : oneway function results will be dropped but finished with status OK and parcel size 4
05-29 02:15:26.766  5297  5299 I cmd     : oneway function results will be dropped but finished with status OK and parcel size 4
05-29 02:15:26.846  5309  5309 E libc    : Access denied finding property "persist.device_config.runtime_native_boot.profilebootclasspath"
05-29 02:15:26.846  5309  5309 E libc    : Access denied finding property "persist.device_config.runtime_native_boot.enable_apex_image"
05-29 02:15:26.846  5309  5309 I AndroidRuntime: Using default boot image
05-29 02:15:26.846  5309  5309 E libc    : Access denied finding property "persist.device_config.runtime_native_boot.disable_lock_profiling"
05-29 02:15:26.846  5309  5309 I AndroidRuntime: Leaving lock profiling enabled
05-29 02:15:26.846  5309  5309 E libc    : Access denied finding property "persist.device_config.runtime_native_boot.enable_generational_cc"
05-29 02:15:26.847  5309  5309 I app_process: Core platform API reporting enabled, enforcing=false
05-29 02:15:26.894  5309  5309 W app_process: Unexpected CPU variant for X86 using defaults: x86_64
