05-29 02:14:42.069   202   206 E android.system.suspend@1.0-service: Error opening kernel wakelock stats for: wakeup33: Permission denied
05-29 02:14:42.052   202   202 W Binder:202_2: type=1400 audit(0.0:20): avc: denied { read } for name="wakeup32" dev="sysfs" ino=18830 scontext=u:r:system_suspend:s0 tcontext=u:object_r:sysfs:s0 tclass=dir permissive=0
05-29 02:14:42.073   514   631 I ActivityManager: Killing 1255:com.android.deskclock/u0a102 (adj 985): empty #17
05-29 02:14:42.091   514   665 W DnsManager: updatePrivateDns(101, PrivateDnsConfig{true:/[]})
05-29 02:14:42.097   280  2058 W resolv  : Validating DnsTlsServer on netId 101
05-29 02:14:42.099   280  2058 W resolv  : Validation failed
05-29 02:14:42.100   514   554 I ActivityManager: Start proc 2059:com.android.contacts/u0a98 for broadcast {com.android.contacts/com.android.contacts.interactions.OnBootOrUpgradeReceiver}
05-29 02:14:42.321     0     0 I binder  : undelivered transaction 50436, process died.
05-29 02:14:42.064   202   202 W Binder:202_2: type=1400 audit(0.0:21): avc: denied { read } for name="wakeup33" dev="sysfs" ino=18893 scontext=u:r:system_suspend:s0 tcontext=u:object_r:sysfs:s0 tclass=dir permissive=0
05-29 02:14:42.103   281   281 I Zygote  : Process 1255 exited due to signal 9 (Killed)
05-29 02:14:42.110  2059  2059 W ndroid.contact: Unexpected CPU variant for X86 using defaults: x86_64
05-29 02:14:42.114   394   405 I adbd    : jdwp connection from 2059
05-29 02:14:42.127   514   555 I libprocessgroup: Successfully killed process cgroup uid 10102 pid 1255 in 44ms
05-29 02:14:42.136   280  2078 W resolv  : Validating DnsTlsServer on netId 101
05-29 02:14:42.167   514   661 E WifiVendorHal: stopRssiMonitoring(l.2100) failed {.code = ERROR_NOT_AVAILABLE, .description = }
05-29 02:14:42.164   280  2078 W resolv  : SSL_connect ssl error =5, mark 0xf0065: Connection refused
05-29 02:14:42.171   280  2078 W resolv  : Validation failed
05-29 02:14:42.198   280   389 E Netd    : Error adding route ::/0 -> fe80::2 wlan0 to table 1015: File exists
05-29 02:14:42.203  2059  2059 I ndroid.contact: The ClassLoaderContext is a special shared library.
05-29 02:14:42.223   514  1576 I ActivityManager: Killing 1616:com.android.documentsui/u0a76 (adj 985): empty #17
05-29 02:14:42.232   514   554 I ActivityManager: Start proc 2091:com.android.deskclock/u0a102 for broadcast {com.android.deskclock/com.android.deskclock.AlarmInitReceiver}
05-29 02:14:42.233  2091  2091 W droid.deskcloc: Unexpected CPU variant for X86 using defaults: x86_64
05-29 02:14:42.236   394   405 I adbd    : jdwp connection from 2091
05-29 02:14:42.241   281   281 I Zygote  : Process 1616 exited due to signal 9 (Killed)
05-29 02:14:42.267   514   555 I libprocessgroup: Successfully killed process cgroup uid 10076 pid 1616 in 43ms
05-29 02:14:42.324  2091  2091 I droid.deskcloc: The ClassLoaderContext is a special shared library.
05-29 02:14:42.325  2091  2091 I droid.deskcloc: The ClassLoaderContext is a special shared library.
05-29 02:14:42.351   514   610 E ReportEncoder: No watchlist hash
05-29 02:14:42.351   514   610 I WatchlistLoggingHandler: Milliseconds spent on tryAggregateRecords(): 9448
05-29 02:14:42.351   514   546 I DropBoxManagerService: add tag=system_server_strictmode isTagEnabled=true flags=0x2
05-29 02:14:42.357  2091  2091 I AlarmClock: AlarmInitReceiver android.intent.action.BOOT_COMPLETED
05-29 02:14:42.364  1055  1068 I m.android.phon: JIT allocated 75KB for compiled code of boolean com.android.internal.telephony.ITelephony$Stub.onTransact(int, android.os.Parcel, android.os.Parcel, int)
05-29 02:14:42.364  1055  1068 I m.android.phon: Compiler allocated 4900KB to compile boolean com.android.internal.telephony.ITelephony$Stub.onTransact(int, android.os.Parcel, android.os.Parcel, int)
05-29 02:14:42.366  2091  2115 I AlarmClock: Fixing alarm instances
05-29 02:14:42.377  1445  1445 I Dialer  : VvmOmtpService - onBoot
05-29 02:14:42.358   514   546 I chatty  : uid=1000(system) android.io identical 8 lines
05-29 02:14:42.358   514   546 I DropBoxManagerService: add tag=system_server_strictmode isTagEnabled=true flags=0x2
05-29 02:14:42.378   514   583 I ActivityManager: Killing 1420:com.android.carrierconfig/u0a114 (adj 985): empty #17
05-29 02:14:42.384   514   544 W Looper  : Slow dispatch took 101ms android.fg h=android.os.Handler c=com.android.server.-$$Lambda$NetworkManagementService$YKgmK-4MuJjN-VLuMBhmJy1eWj4@e7637ef m=0
05-29 02:14:42.385   281   281 I Zygote  : Process 1420 exited due to signal 9 (Killed)
05-29 02:14:42.393   514   525 W JavaBinder: BinderProxy is being destroyed but the application did not call unlinkToDeath to unlink all of its death recipients beforehand.  Releasing leaked death recipient: com.android.server.AlarmManagerService$2
05-29 02:14:42.393   514   525 I BpBinder: onLastStrongRef automatically unlinking death recipients: <uncached descriptor>
05-29 02:14:42.393   514   525 W JavaBinder: BinderProxy is being destroyed but the application did not call unlinkToDeath to unlink all of its death recipients beforehand.  Releasing leaked death recipient: com.android.server.AlarmManagerService$2
05-29 02:14:42.393   514   525 W JavaBinder: BinderProxy is being destroyed but the application did not call unlinkToDeath to unlink all of its death recipients beforehand.  Releasing leaked death recipient: com.android.server.AlarmManagerService$2
05-29 02:14:42.393   514   525 I BpBinder: onLastStrongRef automatically unlinking death recipients: <uncached descriptor>
05-29 02:14:42.393   514   525 W JavaBinder: BinderProxy is being destroyed but the application did not call unlinkToDeath to unlink all of its death recipients beforehand.  Releasing leaked death recipient: com.android.server.AlarmManagerService$2
05-29 02:14:42.393   514   525 I BpBinder: onLastStrongRef automatically unlinking death recipients: <uncached descriptor>
05-29 02:14:42.399   202   206 E android.system.suspend@1.0-service: Error opening kernel wakelock stats for: wakeup32: Permission denied
05-29 02:14:42.407  2116  2116 W droid.dynsyste: Unexpected CPU variant for X86 using defaults: x86_64
05-29 02:14:42.407   202   206 E android.system.suspend@1.0-service: Error opening kernel wakelock stats for: wakeup33: Permission denied
05-29 02:14:42.408   514   554 I ActivityManager: Start proc 2116:com.android.dynsystem/1000 for broadcast {com.android.dynsystem/com.android.dynsystem.BootCompletedReceiver}
05-29 02:14:42.392   202   202 W Binder:202_2: type=1400 audit(0.0:22): avc: denied { read } for name="wakeup32" dev="sysfs" ino=18830 scontext=u:r:system_suspend:s0 tcontext=u:object_r:sysfs:s0 tclass=dir permissive=0
05-29 02:14:42.410   394   405 I adbd    : jdwp connection from 2116
05-29 02:14:42.404   202   202 W Binder:202_2: type=1400 audit(0.0:23): avc: denied { read } for name="wakeup33" dev="sysfs" ino=18893 scontext=u:r:system_suspend:s0 tcontext=u:object_r:sysfs:s0 tclass=dir permissive=0
05-29 02:14:42.418   514   544 I GnssNetworkConnectivityHandler: updateNetworkState, state=CLOSED, connected=true, network=101, capabilities=[ Transports: WIFI Capabilities: NOT_METERED&INTERNET&NOT_RESTRICTED&TRUSTED&NOT_VPN&VALIDATED&NOT_ROAMING&FOREGROUND&NOT_CONGESTED&NOT_SUSPENDED LinkUpBandwidth>=141000Kbps LinkDnBandwidth>=141000Kbps SignalStrength: -30 OwnerUid: 1000 AdministratorUids: [] SSID: "AndroidWifi" RequestorUid: -1 RequestorPackageName: null], apn: , availableNetworkCount: 2
05-29 02:14:42.421   280  2136 W resolv  : Validating DnsTlsServer on netId 101
05-29 02:14:42.422   280  2136 W resolv  : SSL_connect ssl error =5, mark 0xf0065: Connection refused
05-29 02:14:42.422   280  2136 W resolv  : Validation failed
05-29 02:14:42.423   514   555 I libprocessgroup: Successfully killed process cgroup uid 10114 pid 1420 in 45ms
05-29 02:14:42.429   728   728 W View    : requestLayout() improperly called by com.android.keyguard.AlphaOptimizedLinearLayout{4f836b6 V.E...... ......ID 3,0-18,22 #7f0a04db app:id/wifi_group} during layout: running second layout pass
05-29 02:14:42.431   728   728 W View    : requestLayout() improperly called by com.android.keyguard.AlphaOptimizedLinearLayout{51eefb7 V.E...... ......ID 3,0-18,22 #7f0a04db app:id/wifi_group} during layout: running second layout pass
05-29 02:14:42.431   728   728 W View    : requestLayout() improperly called by com.android.keyguard.AlphaOptimizedLinearLayout{9c00324 V.E...... ......ID 3,0-18,22 #7f0a04db app:id/wifi_group} during layout: running second layout pass
05-29 02:14:42.446   514   661 W LastMileLogger: Failed to stop event tracing: /sys/kernel/debug/tracing/instances/wifi/tracing_on: open failed: ENOENT (No such file or directory)
05-29 02:14:42.459  2116  2116 I droid.dynsyste: The ClassLoaderContext is a special shared library.
05-29 02:14:42.479   514  1578 I ActivityManager: Killing 1752:com.android.externalstorage/u0a68 (adj 985): empty #17
05-29 02:14:42.487   514   554 I ActivityManager: Start proc 2138:com.android.gallery3d/u0a112 for broadcast {com.android.gallery3d/com.android.camera.DisableCameraReceiver}
05-29 02:14:42.489   281   281 I Zygote  : Process 1752 exited due to signal 9 (Killed)
05-29 02:14:42.491  2138  2138 W droid.gallery3: Unexpected CPU variant for X86 using defaults: x86_64
05-29 02:14:42.493   394   405 I adbd    : jdwp connection from 2138
05-29 02:14:42.503  2138  2138 I droid.gallery3: The ClassLoaderContext is a special shared library.
05-29 02:14:42.505  2138  2138 I droid.gallery3: The ClassLoaderContext is a special shared library.
05-29 02:14:42.514   412  1380 W ServiceManager: Permission failure: android.permission.SYSTEM_CAMERA from uid=10112 pid=2138
05-29 02:14:42.514   412  1380 I chatty  : uid=1047(cameraserver) Binder:412_4 identical 2 lines
05-29 02:14:42.514   412  1380 W ServiceManager: Permission failure: android.permission.SYSTEM_CAMERA from uid=10112 pid=2138
05-29 02:14:42.515  2138  2138 I G:DisableCameraReceiver: back camera found: 0
05-29 02:14:42.515   514  1578 I ActivityManager: Killing 1557:com.android.keychain/1000 (adj 985): empty #17
05-29 02:14:42.516  1319  1319 I SystemBroadcastReceiver: Boot has been completed
05-29 02:14:42.516  1319  1319 I SystemBroadcastReceiver: toggleAppIcon() : FLAG_SYSTEM = true
05-29 02:14:42.524   281   281 I Zygote  : Process 1557 exited due to signal 9 (Killed)
05-29 02:14:42.527   514   555 I libprocessgroup: Successfully killed process cgroup uid 10068 pid 1752 in 43ms
05-29 02:14:42.528   514   555 I libprocessgroup: Successfully killed process cgroup uid 1000 pid 1557 in 0ms
05-29 02:14:42.538   514   554 I ActivityManager: Start proc 2158:com.android.nfc/1027 for broadcast {com.android.nfc/com.android.nfc.NfcBootCompletedReceiver}
05-29 02:14:42.541  2158  2158 W com.android.nf: Unexpected CPU variant for X86 using defaults: x86_64
05-29 02:14:42.543   394   405 I adbd    : jdwp connection from 2158
05-29 02:14:42.557  2158  2158 I com.android.nf: The ClassLoaderContext is a special shared library.
05-29 02:14:42.573   514   569 I ActivityManager: Killing 2158:com.android.nfc/1027 (adj 0): change com.android.nfc
05-29 02:14:42.581   514   544 I RoleManagerService: Granting default roles...
05-29 02:14:42.582   514   514 I Telecom : DefaultDialerCache: Refreshing default dialer for user 0: now com.android.dialer: DDC.oR@AHE
05-29 02:14:42.585   756   785 I PermissionControllerServiceImpl: Updating user sensitive for uid 1027
05-29 02:14:42.586   514   608 I InputReader: Reconfiguring input devices, changes=KEYBOARD_LAYOUTS | 
05-29 02:14:42.590   514   661 I PasspointManager: No app ops listener found for com.android.nfc
05-29 02:14:42.594   514   552 W VoiceInteractionManager: no available voice interaction services found for user 0
05-29 02:14:42.597   514   554 I ActivityManager: Start proc 2179:com.android.onetimeinitializer/u0a96 for broadcast {com.android.onetimeinitializer/com.android.onetimeinitializer.OneTimeInitializerReceiver}
05-29 02:14:42.600  2179  2179 W timeinitialize: Unexpected CPU variant for X86 using defaults: x86_64
05-29 02:14:42.602   394   405 I adbd    : jdwp connection from 2179
05-29 02:14:42.605   281   281 I Zygote  : Process 2158 exited due to signal 9 (Killed)
05-29 02:14:42.618   514   555 I libprocessgroup: Successfully killed process cgroup uid 1027 pid 2158 in 44ms
05-29 02:14:42.638   756  1005 W Role    : com.android.provision not qualified for android.app.role.HOME due to missing RequiredComponent{mIntentFilterData=IntentFilterData{mAction='android.intent.action.MAIN', mCategories='[android.intent.category.HOME]', mDataScheme='null', mDataType='null'}, mPermission='null'}
05-29 02:14:42.638   756  1005 I RoleControllerServiceImpl: Removing package that no longer qualifies for the role, package: com.android.provision, role: android.app.role.HOME
05-29 02:14:42.641   514   514 I Telecom : PhoneAccountRegistrar: getSimCallManager: SimCallManager for subId 1 queried, returning: null: TSI.gSCMFU@AHI
05-29 02:14:42.641   756  1005 I RoleControllerServiceImpl: Adding package as default/fallback role holder, package: com.android.launcher3, role: android.app.role.HOME
05-29 02:14:42.644   514   514 I Telecom : PhoneAccountRegistrar: getSimCallManager: SimCallManager for subId 1 queried, returning: null: TSI.gSCMFU@AHM
05-29 02:14:42.663  2179  2179 I timeinitialize: The ClassLoaderContext is a special shared library.
05-29 02:14:42.668  2179  2200 I OneTimeInitializer: Updating to version 1.
05-29 02:14:42.668  2179  2200 E ActivityThread: Failed to find provider info for com.android.launcher2.settings
05-29 02:14:42.671   514  1578 I ActivityManager: Killing 1651:com.android.printspooler/u0a89 (adj 985): empty #17
05-29 02:14:42.676   514   554 I ActivityManager: Start proc 2202:com.android.packageinstaller/u0a70 for broadcast {com.android.packageinstaller/com.android.packageinstaller.TemporaryFileManager}
05-29 02:14:42.677   281   281 I Zygote  : Process 1651 exited due to signal 9 (Killed)
05-29 02:14:42.679  2202  2202 W ackageinstalle: Unexpected CPU variant for X86 using defaults: x86_64
05-29 02:14:42.681   394   405 I adbd    : jdwp connection from 2202
05-29 02:14:42.922     0     0 I init    : Sending signal 9 to service 'idmap2d' (pid 415) process group...
05-29 02:14:42.708   514  1151 W OverlayManager: service 'idmap' died
05-29 02:14:42.931     0     0 I libprocessgroup: Successfully killed process cgroup uid 1000 pid 415 in 5ms
05-29 02:14:42.720   514   555 I libprocessgroup: Successfully killed process cgroup uid 10089 pid 1651 in 44ms
05-29 02:14:42.936     0     0 I init    : Control message: Processed ctl.stop for 'idmap2d' from pid: 514 (system_server)
05-29 02:14:42.940     0     0 I init    : Service 'idmap2d' (pid 415) received signal 9
05-29 02:14:42.737  2202  2202 I ackageinstalle: The ClassLoaderContext is a special shared library.
05-29 02:14:42.744   514  1578 I ActivityManager: Killing 1789:com.android.music/u0a110 (adj 985): empty #17
05-29 02:14:42.751   281   281 I Zygote  : Process 1789 exited due to signal 9 (Killed)
05-29 02:14:42.754   756   756 I AutoRevokePermissions: Parsed teamfood setting value: null
05-29 02:14:42.755   756   756 I AutoRevokePermissions: Parsed teamfood setting value: null
05-29 02:14:42.755   756   756 I AutoRevokePermissions: scheduleAutoRevokePermissions with frequency 1296000000ms and threshold 7776000000ms
05-29 02:14:42.755   756   756 I AutoRevokePermissions: user 0 is a profile owner. Running Auto Revoke.
05-29 02:14:42.756   756   756 I AutoRevokePermissions: Parsed teamfood setting value: null
05-29 02:14:42.758   756   756 I AutoRevokePermissions: onStartJob
05-29 02:14:42.758   756   756 I AutoRevokePermissions: Skipping auto revoke first run when scheduled by system
05-29 02:14:42.759  1055  1055 I VvmSimStateTracker: android.intent.action.BOOT_COMPLETED
05-29 02:14:42.776   514   554 I ActivityManager: Start proc 2226:com.android.shell/2000 for broadcast {com.android.shell/com.android.shell.HeapDumpReceiver}
05-29 02:14:42.779  2226  2226 W m.android.shel: Unexpected CPU variant for X86 using defaults: x86_64
05-29 02:14:42.781   394   405 I adbd    : jdwp connection from 2226
05-29 02:14:42.788   514   555 I libprocessgroup: Successfully killed process cgroup uid 10110 pid 1789 in 43ms
05-29 02:14:42.788  2226  2226 I m.android.shel: The ClassLoaderContext is a special shared library.
05-29 02:14:42.804   514  1151 I ActivityManager: Killing 1686:com.android.provision/u0a117 (adj 985): empty #17
05-29 02:14:42.809  1055  1055 I m.android.phon: The ClassLoaderContext is a special shared library.
05-29 02:14:42.810   281   281 I Zygote  : Process 1686 exited due to signal 9 (Killed)
05-29 02:14:42.817  1055  1055 W nsconfig: com.android.phone: New config does not match the previously set config.
05-29 02:14:42.826   514   554 I ActivityManager: Start proc 2247:com.android.traceur/u0a92 for broadcast {com.android.traceur/com.android.traceur.Receiver}
05-29 02:14:42.828  2247  2247 W android.traceu: Unexpected CPU variant for X86 using defaults: x86_64
05-29 02:14:42.830   394   405 I adbd    : jdwp connection from 2247
05-29 02:14:42.844  2247  2247 I android.traceu: The ClassLoaderContext is a special shared library.
05-29 02:14:42.847   514   555 I libprocessgroup: Successfully killed process cgroup uid 10117 pid 1686 in 42ms
05-29 02:14:42.860   514  1151 I ActivityManager: Finished processing BOOT_COMPLETED for u0
05-29 02:14:42.862   514  1151 I ActivityManager: Killing 1882:com.android.quicksearchbox/u0a107 (adj 985): empty #17
05-29 02:14:42.870   281   281 I Zygote  : Process 1882 exited due to signal 9 (Killed)
05-29 02:14:42.871   514   554 I ActivityManager: Start proc 2273:com.android.externalstorage/u0a68 for broadcast {com.android.externalstorage/com.android.externalstorage.MountReceiver}
05-29 02:14:42.874  2273  2273 W externalstorag: Unexpected CPU variant for X86 using defaults: x86_64
05-29 02:14:42.878   394   405 I adbd    : jdwp connection from 2273
05-29 02:14:42.880  2274  2274 I abb     : StartCommandInProcess(73657474696e67730067657400676c6f settings.get.glo [truncated])
05-29 02:14:42.909   514   555 I libprocessgroup: Successfully killed process cgroup uid 10107 pid 1882 in 45ms
05-29 02:14:42.913  2274  2296 I abb     : oneway function results will be dropped but finished with status OK and parcel size 4
05-29 02:14:42.908   514   514 W Binder:514_1: type=1400 audit(0.0:24): avc: denied { getopt } for scontext=u:r:system_server:s0 tcontext=u:r:shell:s0 tclass=unix_stream_socket permissive=0
05-29 02:14:43.131     0     0 W audit   : audit_lost=1 audit_rate_limit=5 audit_backlog_limit=64
05-29 02:14:43.135     0     0 E audit   : rate limit exceeded
05-29 02:14:42.920  2273  2273 I externalstorag: The ClassLoaderContext is a special shared library.
05-29 02:14:42.921  2274  2274 I abb     : StartCommandInProcess(7061636b61676500696e7374616c6c00 package.install. [truncated])
05-29 02:14:42.932   514   541 I ActivityManager: Killing 1287:com.android.cellbroadcastreceiver.module/u0a124 (adj 985): empty #17
05-29 02:14:42.930  2273  2273 I chatty  : uid=10068(com.android.externalstorage) identical 1 line
05-29 02:14:42.935   281   281 I Zygote  : Process 1287 exited due to signal 9 (Killed)
05-29 02:14:42.944  1461  2301 I MediaProvider: Begin Intent { act=android.intent.action.MEDIA_MOUNTED dat=file:///storage/emulated/0 flg=0x5000010 cmp=com.android.providers.media.module/com.android.providers.media.MediaService (has extras) }
05-29 02:14:42.952  1445  1445 I Dialer  : VvmTaskReceiver - task received
05-29 02:14:42.952  1445  1445 I Dialer  : VvmTaskReceiver - TaskExecutor already running
05-29 02:14:42.952  1445  1445 I Dialer  : Task.createTask - create task:com.android.voicemail.impl.ActivationTask
05-29 02:14:42.952  1445  1445 I Dialer  : TaskQueue.add - duplicated task added
05-29 02:14:42.953  1445  1445 I Dialer  : VvmTaskExecutor - com.android.voicemail.impl.ActivationTask@a313358 added
05-29 02:14:42.954  1515  1515 W ContextImpl: Calling a method in the system process without a qualified user: android.app.ContextImpl.startService:1669 android.content.ContextWrapper.startService:720 android.content.ContextWrapper.startService:720 com.android.emulator.multidisplay.MultiDisplayServiceReceiver.onReceive:33 android.app.ActivityThread.handleReceiver:4032 
05-29 02:14:42.955  2048  2055 I cmd     : oneway function results will be dropped but finished with status OK and parcel size 4
05-29 02:14:42.968   514   558 E libprocessgroup: AddTidToCgroup failed to write '2305'; fd=116: Invalid argument
05-29 02:14:42.968   514   558 E libprocessgroup: Failed to add task into cgroup
05-29 02:14:42.968   514   558 W libprocessgroup: ExecuteForTask failed for aggregate profile: Invalid argument
05-29 02:14:42.968  1515  2304 I android_emulator_multidisplay_JNI: multidisplay pipe connected!!!
05-29 02:14:42.969  1515  2304 E MultiDisplayService: invalid parameters for add/modify display
05-29 02:14:42.971  1461  2301 I MediaProvider: Changed schema version on internal from 0 to 1114, 0 items taking 9ms
05-29 02:14:42.977   514   555 I libprocessgroup: Successfully killed process cgroup uid 10124 pid 1287 in 44ms
05-29 02:14:42.986   514   613 W RuleEvaluation: Integrity rule files are not available.
05-29 02:14:42.986   514   569 I PackageManager: Integrity check passed for file:///data/app/vmdl1116519584.tmp
05-29 02:14:42.989  1713  1809 W MediaProvider: No column annotation provided; not creating views
05-29 02:14:42.990  1713  1809 W MediaProvider: No column annotation provided; not creating views
05-29 02:14:42.993   514   569 I PackageManager: Permission ownership changed. Updating all permissions.
05-29 02:14:43.003  1461  2301 W ModernMediaScanner: Failed to visit /system/media: java.nio.file.NoSuchFileException: /system/media
05-29 02:14:43.017  1461  2301 I MediaProvider: Scanned internal due to REASON_MOUNTED, found 0 items in 16ms, 0 inserts 0 updates 0 deletes
05-29 02:14:43.019   756  2308 E BackupHelper: Could not parse delayed permissions
05-29 02:14:43.019   756  2308 E BackupHelper: java.io.FileNotFoundException: /data/user_de/0/com.android.permissioncontroller/files/delayed_restore_permissions.xml: open failed: ENOENT (No such file or directory)
05-29 02:14:43.019   756  2308 E BackupHelper: 	at libcore.io.IoBridge.open(IoBridge.java:492)
05-29 02:14:43.019   756  2308 E BackupHelper: 	at java.io.FileInputStream.<init>(FileInputStream.java:160)
05-29 02:14:43.019   756  2308 E BackupHelper: 	at android.app.ContextImpl.openFileInput(ContextImpl.java:636)
05-29 02:14:43.019   756  2308 E BackupHelper: 	at com.android.permissioncontroller.permission.service.BackupHelper.restoreDelayedState(BackupHelper.java:338)
05-29 02:14:43.019   756  2308 E BackupHelper: 	at com.android.permissioncontroller.permission.service.PermissionControllerServiceImpl.onRestoreDelayedRuntimePermissionsBackup(PermissionControllerServiceImpl.java:413)
05-29 02:14:43.019   756  2308 E BackupHelper: 	at com.android.permissioncontroller.permission.service.PermissionControllerServiceImpl.lambda$onApplyStagedRuntimePermissionBackup$4(PermissionControllerServiceImpl.java:407)
05-29 02:14:43.019   756  2308 E BackupHelper: 	at com.android.permissioncontroller.permission.service.PermissionControllerServiceImpl.lambda$onApplyStagedRuntimePermissionBackup$4$PermissionControllerServiceImpl(Unknown Source:0)
05-29 02:14:43.019   756  2308 E BackupHelper: 	at com.android.permissioncontroller.permission.service.-$$Lambda$PermissionControllerServiceImpl$mE7NqZpMEJTKa_y63m6czFzewlg.run(Unknown Source:8)
05-29 02:14:43.019   756  2308 E BackupHelper: 	at android.os.AsyncTask$SerialExecutor$1.run(AsyncTask.java:305)
05-29 02:14:43.019   756  2308 E BackupHelper: 	at java.util.concurrent.ThreadPoolExecutor.runWorker(ThreadPoolExecutor.java:1167)
05-29 02:14:43.019   756  2308 E BackupHelper: 	at java.util.concurrent.ThreadPoolExecutor$Worker.run(ThreadPoolExecutor.java:641)
05-29 02:14:43.019   756  2308 E BackupHelper: 	at java.lang.Thread.run(Thread.java:923)
05-29 02:14:43.019   756  2308 E BackupHelper: Caused by: android.system.ErrnoException: open failed: ENOENT (No such file or directory)
05-29 02:14:43.019   756  2308 E BackupHelper: 	at libcore.io.Linux.open(Native Method)
05-29 02:14:43.019   756  2308 E BackupHelper: 	at libcore.io.ForwardingOs.open(ForwardingOs.java:166)
05-29 02:14:43.019   756  2308 E BackupHelper: 	at libcore.io.BlockGuardOs.open(BlockGuardOs.java:254)
05-29 02:14:43.019   756  2308 E BackupHelper: 	at libcore.io.ForwardingOs.open(ForwardingOs.java:166)
05-29 02:14:43.019   756  2308 E BackupHelper: 	at android.app.ActivityThread$AndroidOs.open(ActivityThread.java:7542)
05-29 02:14:43.019   756  2308 E BackupHelper: 	at libcore.io.IoBridge.open(IoBridge.java:478)
05-29 02:14:43.019   756  2308 E BackupHelper: 	... 11 more
05-29 02:14:43.019   418   594 E installd: Couldn't opendir /data/app/vmdl1116519584.tmp: No such file or directory
05-29 02:14:43.019   418   594 E installd: Failed to delete /data/app/vmdl1116519584.tmp: No such file or directory
05-29 02:14:43.020  2274  2296 I abb     : oneway function results will be dropped but finished with status OK and parcel size 4
05-29 02:14:43.023  1461  2301 W ModernMediaScanner: Failed to visit /oem/media: java.nio.file.NoSuchFileException: /oem/media
05-29 02:14:43.023   514   553 W BroadcastQueue: Background execution not allowed: receiving Intent { act=android.intent.action.PACKAGE_ADDED dat=package:io.github.ylimit.droidbotapp flg=0x4000010 (has extras) } to com.android.packageinstaller/.PackageInstalledReceiver
05-29 02:14:43.024   514   608 I InputReader: Reconfiguring input devices, changes=KEYBOARD_LAYOUTS | 
05-29 02:14:43.026  1461  1461 I MediaProvider: Invalidating LocalCallingIdentity cache for package io.github.ylimit.droidbotapp. Reason: package android.intent.action.PACKAGE_ADDED
05-29 02:14:43.028   756   785 I PermissionControllerServiceImpl: Updating user sensitive for uid 10130
05-29 02:14:43.029   514   553 W BroadcastQueue: Background execution not allowed: receiving Intent { act=android.intent.action.PACKAGE_ADDED dat=package:io.github.ylimit.droidbotapp flg=0x4000010 (has extras) } to com.android.gallery3d/.app.PackagesMonitor
05-29 02:14:43.029   514   514 I Telecom : DefaultDialerCache: Refreshing default dialer for user 0: now com.android.dialer: DDC.oR@AHQ
05-29 02:14:43.030  1461  2301 I MediaProvider: Scanned internal due to REASON_MOUNTED, found 0 items in 7ms, 0 inserts 0 updates 0 deletes
05-29 02:14:43.045   514   552 W VoiceInteractionManager: no available voice recognition services found for user 0
05-29 02:14:43.088  2320  2322 I cmd     : oneway function results will be dropped but finished with status OK and parcel size 4
05-29 02:14:43.107   514   554 I ActivityManager: Start proc 2325:io.github.ylimit.droidbotapp/u0a130 for service {io.github.ylimit.droidbotapp/io.github.privacystreams.accessibility.PSAccessibilityService}
05-29 02:14:43.151   920  1747 E FrameEvents: updateAcquireFence: Did not find frame.
05-29 02:14:43.156  2325  2325 I mit.droidbotap: Late-enabling -Xcheck:jni
05-29 02:14:43.166  2325  2325 I mit.droidbotap: Unquickening 12 vdex files!
05-29 02:14:43.167  2325  2325 W mit.droidbotap: Unexpected CPU variant for X86 using defaults: x86_64
05-29 02:14:43.194   394   405 I adbd    : jdwp connection from 2325
05-29 02:14:43.272  2356  2358 I cmd     : oneway function results will be dropped but finished with status OK and parcel size 4
05-29 02:14:43.280   394   394 E adbd    : failed to connect to socket 'tcp:7336': Connection refused
05-29 02:14:43.294   394   394 I chatty  : uid=2000(shell) /apex/com.android.adbd/bin/adbd identical 1 line
05-29 02:14:43.302   394   394 E adbd    : failed to connect to socket 'tcp:7336': Connection refused
05-29 02:14:43.314   394   394 E adbd    : failed to connect to socket 'tcp:7336': Connection refused
05-29 02:14:43.325   394   394 E adbd    : failed to connect to socket 'tcp:7336': Connection refused
05-29 02:14:43.330   409   409 I perfetto: probes_producer.cc:329  Producer stop (id=3)
05-29 02:14:43.333   410   410 I perfetto: ng_service_impl.cc:1948 Tracing session 3 ended, total sessions:1
05-29 02:14:43.365   514   546 I DropBoxManagerService: add tag=system_app_strictmode isTagEnabled=true flags=0x2
05-29 02:14:43.396  2372  2378 I cmd     : oneway function results will be dropped but finished with status OK and parcel size 4
05-29 02:14:43.402  1319  1319 I InputAttributes: InputType.TYPE_NULL is specified
05-29 02:14:43.403   330   330 I android.hardware.vibrator-service.example: Vibrator reporting capabilities
05-29 02:14:43.420  1319  1391 I LatinIME:LogUtils: Dictionary info: dictionary = UserHistoryDictionary.en_US ; version = 1780020877 ; date = 1780020883
05-29 02:14:43.435   514  1048 I ActivityManager: Killing 1962:com.android.localtransport/1000 (adj 975): empty #17
05-29 02:14:43.438   281   281 I Zygote  : Process 1962 exited due to signal 9 (Killed)
05-29 02:14:43.466   514  1048 W ActivityTaskManager: Current config: {1.0 310mcc260mnc [en_US] ldltr sw320dp w320dp h616dp 160dpi nrml long port finger qwerty/v/v -nav/h winConfig={ mBounds=Rect(0, 0 - 320, 640) mAppBounds=Rect(0, 0 - 320, 640) mWindowingMode=fullscreen mDisplayWindowingMode=fullscreen mActivityType=undefined mAlwaysOnTop=undefined mRotation=ROTATION_0} s.8} unchanged for IME proc io.github.ylimit.droidbotapp
05-29 02:14:43.483   514   555 I libprocessgroup: Successfully killed process cgroup uid 1000 pid 1962 in 45ms
05-29 02:14:43.525  2400  2402 I cmd     : oneway function results will be dropped but finished with status OK and parcel size 4
05-29 02:14:43.466   514  1048 W ActivityTaskManager: Current config: {1.0 310mcc260mnc [en_US] ldltr sw320dp w320dp h616dp 160dpi nrml long port finger qwerty/v/v -nav/h winConfig={ mBounds=Rect(0, 0 - 320, 640) mAppBounds=Rect(0, 0 - 320, 640) mWindowingMode=fullscreen mDisplayWindowingMode=fullscreen mActivityType=undefined mAlwaysOnTop=undefined mRotation=ROTATION_0} s.8} unchanged for IME proc io.github.ylimit.droidbotapp
05-29 02:14:43.576   514   544 I RoleManagerService: Granting default roles...
05-29 02:14:43.613  2410  2410 E libc    : Access denied finding property "persist.device_config.runtime_native_boot.profilebootclasspath"
05-29 02:14:43.613  2410  2410 E libc    : Access denied finding property "persist.device_config.runtime_native_boot.enable_apex_image"
05-29 02:14:43.613  2410  2410 I AndroidRuntime: Using default boot image
05-29 02:14:43.613  2410  2410 E libc    : Access denied finding property "persist.device_config.runtime_native_boot.disable_lock_profiling"
05-29 02:14:43.613  2410  2410 I AndroidRuntime: Leaving lock profiling enabled
05-29 02:14:43.613  2410  2410 E libc    : Access denied finding property "persist.device_config.runtime_native_boot.enable_generational_cc"
05-29 02:14:43.614  2410  2410 I app_process: Core platform API reporting enabled, enforcing=false
05-29 02:14:43.600  2410  2410 W app_process: type=1400 audit(0.0:31): avc: denied { read } for name="u:object_r:device_config_runtime_native_boot_prop:s0" dev="tmpfs" ino=8680 scontext=u:r:shell:s0 tcontext=u:object_r:device_config_runtime_native_boot_prop:s0 tclass=file permissive=0
05-29 02:14:43.654  2410  2410 W app_process: Unexpected CPU variant for X86 using defaults: x86_64
05-29 02:14:43.655  2410  2410 I app_process: The ClassLoaderContext is a special shared library.
05-29 02:14:43.612  2410  2410 W app_process: type=1400 audit(0.0:32): avc: denied { read } for name="u:object_r:device_config_runtime_native_boot_prop:s0" dev="tmpfs" ino=8680 scontext=u:r:shell:s0 tcontext=u:object_r:device_config_runtime_native_boot_prop:s0 tclass=file permissive=0
05-29 02:14:43.676  2410  2410 W app_process: JNI RegisterNativeMethods: attempt to register 0 native methods for android.media.AudioAttributes
05-29 02:14:43.612  2410  2410 W app_process: type=1400 audit(0.0:34): avc: denied { read } for name="u:object_r:device_config_runtime_native_boot_prop:s0" dev="tmpfs" ino=8680 scontext=u:r:shell:s0 tcontext=u:object_r:device_config_runtime_native_boot_prop:s0 tclass=file permissive=0
05-29 02:14:43.807   158   158 I servicemanager: Notifying apexservice they have clients: 0
05-29 02:14:44.028     0     0 I AidlLazyServiceRegistrar: Process has 0 (of 1 available) client(s) in use after notification android.apex.IApexService has clients: 0
05-29 02:14:44.032     0     0 I AidlLazyServiceRegistrar: Shutdown prevented by forcePersist override flag.
05-29 02:14:43.949  1461  2301 W ModernMediaScanner: Failed to apply ContentProviderOperation(type=insert uri=content://media/internal/file values={instance_id=null, compilation=null, disc_number=null, duration=12800, is_ringtone=1, album_artist=null, resolution=null, orientation=null, artist=<unknown>, author=null, height=null, is_drm=0, is_audiobook=0, date_modified=1683213431, writer=null, composer=null, datetaken=null, mime_type=audio/ogg, is_notification=0, bitrate=112000, cd_track_number=null, xmp=[], year=null, _data=/product/media/audio/ringtones/UrsaMinor.ogg, _size=185005, album=ringtones, genre=null, is_alarm=0, title=UrsaMinor, width=null, is_music=0, document_id=null, is_podcast=0, capture_framerate=null, num_tracks=1, original_document_id=null, media_type=2} exceptionAllowed)
05-29 02:14:43.949  1461  2301 W ModernMediaScanner: android.database.sqlite.SQLiteConstraintException: UNIQUE constraint failed: files._data (code 2067 SQLITE_CONSTRAINT_UNIQUE)
05-29 02:14:43.949  1461  2301 W ModernMediaScanner: 	at android.database.sqlite.SQLiteConnection.nativeExecuteForLastInsertedRowId(Native Method)
05-29 02:14:43.949  1461  2301 W ModernMediaScanner: 	at android.database.sqlite.SQLiteConnection.executeForLastInsertedRowId(SQLiteConnection.java:938)
05-29 02:14:43.949  1461  2301 W ModernMediaScanner: 	at android.database.sqlite.SQLiteSession.executeForLastInsertedRowId(SQLiteSession.java:790)
05-29 02:14:43.949  1461  2301 W ModernMediaScanner: 	at android.database.sqlite.SQLiteStatement.executeInsert(SQLiteStatement.java:88)
05-29 02:14:43.949  1461  2301 W ModernMediaScanner: 	at com.android.providers.media.util.DatabaseUtils.executeInsert(DatabaseUtils.java:457)
05-29 02:14:43.949  1461  2301 W ModernMediaScanner: 	at com.android.providers.media.util.SQLiteQueryBuilder.insert(SQLiteQueryBuilder.java:597)
05-29 02:14:43.949  1461  2301 W ModernMediaScanner: 	at com.android.providers.media.util.SQLiteQueryBuilder.lambda$insert$1(SQLiteQueryBuilder.java:561)
05-29 02:14:43.949  1461  2301 W ModernMediaScanner: 	at com.android.providers.media.util.SQLiteQueryBuilder.lambda$insert$1$SQLiteQueryBuilder(Unknown Source:0)
05-29 02:14:43.949  1461  2301 W ModernMediaScanner: 	at com.android.providers.media.util.-$$Lambda$SQLiteQueryBuilder$YklJ51_aF7j8568p4VYgJs-CWNI.apply(Unknown Source:6)
05-29 02:14:43.949  1461  2301 W ModernMediaScanner: 	at com.android.providers.media.DatabaseHelper.runWithTransaction(DatabaseHelper.java:555)
05-29 02:14:43.949  1461  2301 W ModernMediaScanner: 	at com.android.providers.media.util.SQLiteQueryBuilder.insert(SQLiteQueryBuilder.java:560)
05-29 02:14:43.949  1461  2301 W ModernMediaScanner: 	at com.android.providers.media.MediaProvider.lambda$insertAllowingUpsert$14(MediaProvider.java:3066)
05-29 02:14:43.949  1461  2301 W ModernMediaScanner: 	at com.android.providers.media.MediaProvider.lambda$insertAllowingUpsert$14$MediaProvider(Unknown Source:0)
05-29 02:14:43.949  1461  2301 W ModernMediaScanner: 	at com.android.providers.media.-$$Lambda$MediaProvider$FjHWs2-fjgG761OzVFzdTX4EWZg.apply(Unknown Source:13)
05-29 02:14:43.949  1461  2301 W ModernMediaScanner: 	at com.android.providers.media.DatabaseHelper.runWithTransaction(DatabaseHelper.java:555)
05-29 02:14:43.949  1461  2301 W ModernMediaScanner: 	at com.android.providers.media.MediaProvider.insertAllowingUpsert(MediaProvider.java:3056)
05-29 02:14:43.949  1461  2301 W ModernMediaScanner: 	at com.android.providers.media.MediaProvider.insertFile(MediaProvider.java:3038)
05-29 02:14:43.949  1461  2301 W ModernMediaScanner: 	at com.android.providers.media.MediaProvider.insertInternal(MediaProvider.java:3470)
05-29 02:14:43.949  1461  2301 W ModernMediaScanner: 	at com.android.providers.media.MediaProvider.insert(MediaProvider.java:3198)
05-29 02:14:43.949  1461  2301 W ModernMediaScanner: 	at android.content.ContentProviderOperation.applyInternal(ContentProviderOperation.java:375)
05-29 02:14:43.949  1461  2301 W ModernMediaScanner: 	at android.content.ContentProviderOperation.apply(ContentProviderOperation.java:347)
05-29 02:14:43.949  1461  2301 W ModernMediaScanner: 	at android.content.ContentProvider.applyBatch(ContentProvider.java:2422)
05-29 02:14:43.949  1461  2301 W ModernMediaScanner: 	at com.android.providers.media.MediaProvider.applyBatch(MediaProvider.java:3522)
05-29 02:14:43.949  1461  2301 W ModernMediaScanner: 	at android.content.ContentProvider.applyBatch(ContentProvider.java:2413)
05-29 02:14:43.949  1461  2301 W ModernMediaScanner: 	at android.content.ContentResolver.applyBatch(ContentResolver.java:2186)
05-29 02:14:43.949  1461  2301 W ModernMediaScanner: 	at com.android.providers.media.scan.ModernMediaScanner$Scan.applyPending(ModernMediaScanner.java:699)
05-29 02:14:43.949  1461  2301 W ModernMediaScanner: 	at com.android.providers.media.scan.ModernMediaScanner$Scan.maybeApplyPending(ModernMediaScanner.java:689)
05-29 02:14:43.949  1461  2301 W ModernMediaScanner: 	at com.android.providers.media.scan.ModernMediaScanner$Scan.visitFile(ModernMediaScanner.java:649)
05-29 02:14:43.949  1461  2301 W ModernMediaScanner: 	at com.android.providers.media.scan.ModernMediaScanner$Scan.visitFile(ModernMediaScanner.java:272)
05-29 02:14:43.949  1461  2301 W ModernMediaScanner: 	at java.nio.file.Files.walkFileTree(Files.java:2670)
05-29 02:14:43.949  1461  2301 W ModernMediaScanner: 	at java.nio.file.Files.walkFileTree(Files.java:2742)
05-29 02:14:43.949  1461  2301 W ModernMediaScanner: 	at com.android.providers.media.scan.ModernMediaScanner$Scan.walkFileTree(ModernMediaScanner.java:366)
05-29 02:14:43.949  1461  2301 W ModernMediaScanner: 	at com.android.providers.media.scan.ModernMediaScanner$Scan.run(ModernMediaScanner.java:329)
05-29 02:14:43.949  1461  2301 W ModernMediaScanner: 	at com.android.providers.media.scan.ModernMediaScanner.scanDirectory(ModernMediaScanner.java:226)
05-29 02:14:43.949  1461  2301 W ModernMediaScanner: 	at com.android.providers.media.MediaProvider.scanDirectory(MediaProvider.java:1111)
05-29 02:14:43.949  1461  2301 W ModernMediaScanner: 	at com.android.providers.media.MediaService.onScanVolume(MediaService.java:148)
05-29 02:14:43.949  1461  2301 W ModernMediaScanner: 	at com.android.providers.media.MediaService.onScanVolume(MediaService.java:117)
05-29 02:14:43.949  1461  2301 W ModernMediaScanner: 	at com.android.providers.media.MediaService.onScanVolume(MediaService.java:108)
05-29 02:14:43.949  1461  2301 W ModernMediaScanner: 	at com.android.providers.media.MediaService.onHandleWork(MediaService.java:71)
05-29 02:14:43.949  1461  2301 W ModernMediaScanner: 	at androidx.core.app.JobIntentService$CommandProcessor.doInBackground(JobIntentService.java:391)
05-29 02:14:43.949  1461  2301 W ModernMediaScanner: 	at androidx.core.app.JobIntentService$CommandProcessor.doInBackground(JobIntentService.java:382)
05-29 02:14:43.949  1461  2301 W ModernMediaScanner: 	at android.os.AsyncTask$3.call(AsyncTask.java:394)
05-29 02:14:43.949  1461  2301 W ModernMediaScanner: 	at java.util.concurrent.FutureTask.run(FutureTask.java:266)
05-29 02:14:43.949  1461  2301 W ModernMediaScanner: 	at java.util.concurrent.ThreadPoolExecutor.runWorker(ThreadPoolExecutor.java:1167)
05-29 02:14:43.949  1461  2301 W ModernMediaScanner: 	at java.util.concurrent.ThreadPoolExecutor$Worker.run(ThreadPoolExecutor.java:641)
05-29 02:14:43.949  1461  2301 W ModernMediaScanner: 	at java.lang.Thread.run(Thread.java:923)
05-29 02:14:44.084   409   409 I perfetto: probes_producer.cc:329  Producer stop (id=4)
05-29 02:14:44.085   409   409 I perfetto: ftrace_procfs.cc:183    disabled ftrace
05-29 02:14:44.086   410   410 I perfetto: ng_service_impl.cc:1948 Tracing session 4 ended, total sessions:0
05-29 02:14:44.305     0     0 W perfetto: disabled ftrace
05-29 02:14:44.145  2430  2430 E libc    : Access denied finding property "persist.device_config.runtime_native_boot.profilebootclasspath"
05-29 02:14:44.366     0     0 W audit   : audit_lost=7 audit_rate_limit=5 audit_backlog_limit=64
05-29 02:14:44.368     0     0 E audit   : rate limit exceeded
05-29 02:14:44.155  2430  2430 E libc    : Access denied finding property "persist.device_config.runtime_native_boot.enable_apex_image"
05-29 02:14:44.155  2430  2430 I AndroidRuntime: Using default boot image
05-29 02:14:44.155  2430  2430 E libc    : Access denied finding property "persist.device_config.runtime_native_boot.disable_lock_profiling"
05-29 02:14:44.155  2430  2430 I AndroidRuntime: Leaving lock profiling enabled
05-29 02:14:44.155  2430  2430 E libc    : Access denied finding property "persist.device_config.runtime_native_boot.enable_generational_cc"
05-29 02:14:44.157  2430  2430 I app_process: Core platform API reporting enabled, enforcing=false
05-29 02:14:44.140  2430  2430 W app_process: type=1400 audit(0.0:35): avc: denied { read } for name="u:object_r:device_config_runtime_native_boot_prop:s0" dev="tmpfs" ino=8680 scontext=u:r:shell:s0 tcontext=u:object_r:device_config_runtime_native_boot_prop:s0 tclass=file permissive=0
05-29 02:14:44.197  2430  2430 W app_process: Unexpected CPU variant for X86 using defaults: x86_64
05-29 02:14:44.197  2430  2430 I app_process: The ClassLoaderContext is a special shared library.
05-29 02:14:44.206  2430  2430 W app_process: JNI RegisterNativeMethods: attempt to register 0 native methods for android.media.AudioAttributes
05-29 02:14:44.619   514   569 I AppsFilter: interaction: PackageSetting{af86f9 io.github.ylimit.droidbotapp/10130} -> PackageSetting{372863e com.android.camera2/10111} BLOCKED
05-29 02:14:44.619   514   569 I AppsFilter: interaction: PackageSetting{af86f9 io.github.ylimit.droidbotapp/10130} -> PackageSetting{e9e3c9f com.android.calendar/10109} BLOCKED
05-29 02:14:44.619   514   569 I AppsFilter: interaction: PackageSetting{af86f9 io.github.ylimit.droidbotapp/10130} -> PackageSetting{1d271ec com.android.gallery3d/10112} BLOCKED
05-29 02:14:44.619   514   569 I AppsFilter: interaction: PackageSetting{af86f9 io.github.ylimit.droidbotapp/10130} -> PackageSetting{dd899b5 com.android.inputmethod.latin/10104} BLOCKED
05-29 02:14:44.619   514   569 I AppsFilter: interaction: PackageSetting{af86f9 io.github.ylimit.droidbotapp/10130} -> PackageSetting{b0cc84a com.android.cellbroadcastreceiver.module/10124} BLOCKED
05-29 02:14:44.627   514   608 I InputReader: Reconfiguring input devices, changes=KEYBOARD_LAYOUTS | 
05-29 02:14:44.629   514   514 I Telecom : DefaultDialerCache: Refreshing default dialer for user 0: now com.android.dialer: DDC.oR@AHc
05-29 02:14:44.630   756  2312 I PermissionControllerServiceImpl: Updating user sensitive for uid 10105
05-29 02:14:44.632   514   608 I InputReader: Reconfiguring input devices, changes=KEYBOARD_LAYOUTS | 
05-29 02:14:44.639   514   552 W VoiceInteractionManager: no available voice interaction services found for user 0
05-29 02:14:44.640   514   608 I InputReader: Reconfiguring input devices, changes=KEYBOARD_LAYOUTS | 
05-29 02:14:44.641   514   514 I Telecom : DefaultDialerCache: Refreshing default dialer for user 0: now com.android.dialer: DDC.oR@AHg
05-29 02:14:44.641   756  2312 I PermissionControllerServiceImpl: Updating user sensitive for uid 10111
05-29 02:14:44.657   514   608 I InputReader: Reconfiguring input devices, changes=KEYBOARD_LAYOUTS | 
05-29 02:14:44.659   514   608 I InputReader: Reconfiguring input devices, changes=KEYBOARD_LAYOUTS | 
05-29 02:14:44.659   514   514 I Telecom : DefaultDialerCache: Refreshing default dialer for user 0: now com.android.dialer: DDC.oR@AHk
05-29 02:14:44.661   514   514 I Telecom : DefaultDialerCache: Refreshing default dialer for user 0: now com.android.dialer: DDC.oR@AHo
05-29 02:14:44.663   514   514 I Telecom : DefaultDialerCache: Refreshing default dialer for user 0: now com.android.dialer: DDC.oR@AHs
05-29 02:14:44.664   514   552 W VoiceInteractionManager: no available voice interaction services found for user 0
05-29 02:14:44.668   514   608 I InputReader: Reconfiguring input devices, changes=KEYBOARD_LAYOUTS | 
05-29 02:14:44.666   514   552 W VoiceInteractionManager: no available voice interaction services found for user 0
05-29 02:14:44.685   514   514 I Telecom : DefaultDialerCache: Refreshing default dialer for user 0: now com.android.dialer: DDC.oR@AHw
05-29 02:14:44.687   514   552 W VoiceInteractionManager: no available voice interaction services found for user 0
05-29 02:14:44.688   514   608 I InputReader: Reconfiguring input devices, changes=KEYBOARD_LAYOUTS | 
05-29 02:14:44.688   514   608 I InputReader: Reconfiguring input devices, changes=KEYBOARD_LAYOUTS | 
05-29 02:14:44.690   514   608 I InputReader: Reconfiguring input devices, changes=KEYBOARD_LAYOUTS | 
05-29 02:14:44.692   514   514 I Telecom : DefaultDialerCache: Refreshing default dialer for user 0: now com.android.dialer: DDC.oR@AH0
05-29 02:14:44.693   514   608 I InputReader: Reconfiguring input devices, changes=KEYBOARD_LAYOUTS | 
05-29 02:14:44.694   514   552 W VoiceInteractionManager: no available voice interaction services found for user 0
05-29 02:14:44.694   514   514 I Telecom : DefaultDialerCache: Refreshing default dialer for user 0: now com.android.dialer: DDC.oR@AH4
05-29 02:14:44.699   514   514 I Telecom : DefaultDialerCache: Refreshing default dialer for user 0: now com.android.dialer: DDC.oR@AH8
05-29 02:14:44.703   514   552 W VoiceInteractionManager: no available voice interaction services found for user 0
05-29 02:14:44.703   514   514 I Telecom : DefaultDialerCache: Refreshing default dialer for user 0: now com.android.dialer: DDC.oR@AIA
05-29 02:14:44.705   514   514 I Telecom : DefaultDialerCache: Refreshing default dialer for user 0: now com.android.dialer: DDC.oR@AIE
05-29 02:14:44.706   514   514 I Telecom : DefaultDialerCache: Refreshing default dialer for user 0: now com.android.dialer: DDC.oR@AII
05-29 02:14:44.710  2274  2274 I abb     : StartCommandInProcess(73657474696e67730067657400676c6f settings.get.glo [truncated])
05-29 02:14:44.719   514   552 W VoiceInteractionManager: no available voice interaction services found for user 0
05-29 02:14:44.738  2274  2315 I abb     : oneway function results will be dropped but finished with status OK and parcel size 4
05-29 02:14:44.744  2274  2274 I abb     : StartCommandInProcess(7061636b61676500696e7374616c6c00 package.install. [truncated])
05-29 02:14:44.752   756  2312 I PermissionControllerServiceImpl: Updating user sensitive for uid 1001
05-29 02:14:44.753   756  2312 I PermissionControllerServiceImpl: Updating user sensitive for uid 10117
05-29 02:14:44.753   756  2312 I PermissionControllerServiceImpl: Updating user sensitive for uid 10109
05-29 02:14:44.754   756  2312 I PermissionControllerServiceImpl: Updating user sensitive for uid 10112
05-29 02:14:44.769  1055  1055 I chatty  : uid=1001(radio) com.android.phone identical 1 line
05-29 02:14:44.787   514   552 E system_server: No package ID 7f found for ID 0x7f080271.
05-29 02:14:44.787   514   552 E system_server: No package ID 7f found for ID 0x7f1212ec.
05-29 02:14:44.787   514   552 E system_server: No package ID 7f found for ID 0x7f080270.
05-29 02:14:44.787   514   552 E system_server: No package ID 7f found for ID 0x7f120592.
05-29 02:14:44.787   514   552 E system_server: No package ID 7f found for ID 0x7f08026f.
05-29 02:14:44.787   514   552 E system_server: No package ID 7f found for ID 0x7f120c2b.
05-29 02:14:44.732   514   514 W Binder:514_B: type=1400 audit(0.0:39): avc: denied { getopt } for scontext=u:r:system_server:s0 tcontext=u:r:shell:s0 tclass=unix_stream_socket permissive=0
05-29 02:14:44.803   756  2461 I PermissionControllerServiceImpl: Updating user sensitive for uid 10104
05-29 02:14:44.804   756  2461 I PermissionControllerServiceImpl: Updating user sensitive for uid 10124
05-29 02:14:44.804   756  2461 I PermissionControllerServiceImpl: Updating user sensitive for uid 1000
05-29 02:14:44.804   756  2461 I PermissionControllerServiceImpl: Updating user sensitive for uid 10121
05-29 02:14:44.804   756  2461 I PermissionControllerServiceImpl: Updating user sensitive for uid 10122
05-29 02:14:44.804   756  2461 I PermissionControllerServiceImpl: Updating user sensitive for uid 10092
05-29 02:14:44.732   514   514 W Binder:514_B: type=1400 audit(0.0:40): avc: denied { getopt } for scontext=u:r:system_server:s0 tcontext=u:r:shell:s0 tclass=unix_stream_socket permissive=0
05-29 02:14:44.732   514   514 W Binder:514_B: type=1400 audit(0.0:41): avc: denied { getopt } for scontext=u:r:system_server:s0 tcontext=u:r:shell:s0 tclass=unix_stream_socket permissive=0
05-29 02:14:44.850   756  2464 I PermissionControllerServiceImpl: Updating user sensitive for user 0
05-29 02:14:44.859   756   811 I UserPackageInfos: updating UserPackageInfosLiveData for user 0
05-29 02:14:44.864   756   808 I LancherPackagesLiveData: updating LauncherPackageLiveData
05-29 02:14:44.860   514   514 W Binder:514_4: type=1400 audit(0.0:42): avc: denied { getopt } for scontext=u:r:system_server:s0 tcontext=u:r:shell:s0 tclass=unix_stream_socket permissive=0
05-29 02:14:44.800   514   552 I chatty  : uid=1000(system) android.bg identical 4 lines
05-29 02:14:44.802   514   552 W VoiceInteractionManager: no available voice interaction services found for user 0
