05-29 02:15:57.091  1461  2301 I MediaProvider: Begin Intent { act=android.intent.action.MEDIA_SCANNER_SCAN_FILE dat=file:///sdcard/screen_2026-05-29_021557.png flg=0x1400010 cmp=com.android.providers.media.module/com.android.providers.media.MediaService }
05-29 02:15:57.093  1461  2301 W ModernMediaScanner: Failed to visit /sdcard/screen_2026-05-29_021557.png: java.nio.file.AccessDeniedException: /sdcard/screen_2026-05-29_021557.png
05-29 02:15:57.093  1461  2301 I MediaProvider: Scanned internal due to REASON_DEMAND, found 0 items in 1ms, 0 inserts 0 updates 0 deletes
05-29 02:15:57.094  1461  2301 I MediaProvider: End Intent { act=android.intent.action.MEDIA_SCANNER_SCAN_FILE dat=file:///sdcard/screen_2026-05-29_021557.png flg=0x1400010 cmp=com.android.providers.media.module/com.android.providers.media.MediaService }
05-29 02:15:57.157  1461  1787 I MediaProvider: Deleted 1 items on external_primary due to com.android.shell
05-29 02:15:57.184  7349  7351 I cmd     : oneway function results will be dropped but finished with status OK and parcel size 4
05-29 02:15:57.306   159   159 I hwservicemanager: getTransport: Cannot find entry android.hardware.graphics.mapper@4.0::IMapper/default in either framework or device manifest.
05-29 02:15:57.306  7371  7371 I Gralloc4: mapper 4.x is not supported
05-29 02:15:57.353  7375  7377 I cmd     : oneway function results will be dropped but finished with status OK and parcel size 4
05-29 02:15:57.354  1461  2301 I MediaProvider: Begin Intent { act=android.intent.action.MEDIA_SCANNER_SCAN_FILE dat=file:///sdcard/screen_2026-05-29_021558.png flg=0x1400010 cmp=com.android.providers.media.module/com.android.providers.media.MediaService }
05-29 02:15:57.356  1461  2301 W ModernMediaScanner: Failed to visit /sdcard/screen_2026-05-29_021558.png: java.nio.file.AccessDeniedException: /sdcard/screen_2026-05-29_021558.png
05-29 02:15:57.357  1461  2301 I MediaProvider: Scanned internal due to REASON_DEMAND, found 0 items in 2ms, 0 inserts 0 updates 0 deletes
05-29 02:15:57.357  1461  2301 I MediaProvider: End Intent { act=android.intent.action.MEDIA_SCANNER_SCAN_FILE dat=file:///sdcard/screen_2026-05-29_021558.png flg=0x1400010 cmp=com.android.providers.media.module/com.android.providers.media.MediaService }
05-29 02:15:57.418  1461  1785 I MediaProvider: Deleted 1 items on external_primary due to com.android.shell
05-29 02:15:57.445  7386  7388 I cmd     : oneway function results will be dropped but finished with status OK and parcel size 4
05-29 02:15:57.544  7416  7418 I cmd     : oneway function results will be dropped but finished with status OK and parcel size 4
05-29 02:15:57.592  7431  7433 I cmd     : oneway function results will be dropped but finished with status OK and parcel size 4
05-29 02:15:57.672  7443  7443 E libc    : Access denied finding property "persist.device_config.runtime_native_boot.profilebootclasspath"
05-29 02:15:57.672  7443  7443 E libc    : Access denied finding property "persist.device_config.runtime_native_boot.enable_apex_image"
05-29 02:15:57.672  7443  7443 I AndroidRuntime: Using default boot image
05-29 02:15:57.672  7443  7443 E libc    : Access denied finding property "persist.device_config.runtime_native_boot.disable_lock_profiling"
05-29 02:15:57.672  7443  7443 I AndroidRuntime: Leaving lock profiling enabled
05-29 02:15:57.672  7443  7443 E libc    : Access denied finding property "persist.device_config.runtime_native_boot.enable_generational_cc"
05-29 02:15:57.673  7443  7443 I app_process: Core platform API reporting enabled, enforcing=false
05-29 02:15:57.713  7443  7443 W app_process: Unexpected CPU variant for X86 using defaults: x86_64
05-29 02:15:57.714  7443  7443 I app_process: The ClassLoaderContext is a special shared library.
05-29 02:15:57.721  7443  7443 W app_process: JNI RegisterNativeMethods: attempt to register 0 native methods for android.media.AudioAttributes
05-29 02:15:59.736   159   159 I hwservicemanager: getTransport: Cannot find entry android.hardware.graphics.mapper@4.0::IMapper/default in either framework or device manifest.
05-29 02:15:59.736  7472  7472 I Gralloc4: mapper 4.x is not supported
05-29 02:15:59.783  7476  7478 I cmd     : oneway function results will be dropped but finished with status OK and parcel size 4
05-29 02:15:59.784  1461  2301 I MediaProvider: Begin Intent { act=android.intent.action.MEDIA_SCANNER_SCAN_FILE dat=file:///sdcard/screen_2026-05-29_021600.png flg=0x1400010 cmp=com.android.providers.media.module/com.android.providers.media.MediaService }
05-29 02:15:59.780  1461  1461 W com.android.providers.media.module: type=1400 audit(0.0:642): avc: denied { read } for comm=4173796E635461736B202331 name="primary" dev="tmpfs" ino=27351 scontext=u:r:mediaprovider_app:s0:c129,c256,c512,c768 tcontext=u:object_r:mnt_pass_through_file:s0 tclass=lnk_file permissive=0 app=com.android.providers.media.module
05-29 02:16:00.007     0     0 W audit   : audit_lost=463 audit_rate_limit=5 audit_backlog_limit=64
05-29 02:16:00.017     0     0 E audit   : rate limit exceeded
05-29 02:15:59.780  1461  1461 W com.android.providers.media.module: type=1400 audit(0.0:643): avc: denied { read } for comm=4173796E635461736B202331 name="primary" dev="tmpfs" ino=27351 scontext=u:r:mediaprovider_app:s0:c129,c256,c512,c768 tcontext=u:object_r:mnt_pass_through_file:s0 tclass=lnk_file permissive=0 app=com.android.providers.media.module
05-29 02:15:59.805  1461  2301 W ModernMediaScanner: Failed to visit /sdcard/screen_2026-05-29_021600.png: java.nio.file.AccessDeniedException: /sdcard/screen_2026-05-29_021600.png
05-29 02:15:59.806  1461  2301 I MediaProvider: Scanned internal due to REASON_DEMAND, found 0 items in 21ms, 0 inserts 0 updates 0 deletes
05-29 02:15:59.807  1461  2301 I MediaProvider: End Intent { act=android.intent.action.MEDIA_SCANNER_SCAN_FILE dat=file:///sdcard/screen_2026-05-29_021600.png flg=0x1400010 cmp=com.android.providers.media.module/com.android.providers.media.MediaService }
05-29 02:15:59.780  1461  1461 W com.android.providers.media.module: type=1400 audit(0.0:644): avc: denied { read } for comm=4173796E635461736B202331 name="primary" dev="tmpfs" ino=27351 scontext=u:r:mediaprovider_app:s0:c129,c256,c512,c768 tcontext=u:object_r:mnt_pass_through_file:s0 tclass=lnk_file permissive=0 app=com.android.providers.media.module
05-29 02:15:59.884  1461  2605 I MediaProvider: Deleted 1 items on external_primary due to com.android.shell
05-29 02:15:59.913  7487  7489 I cmd     : oneway function results will be dropped but finished with status OK and parcel size 4
05-29 02:16:00.072   159   159 I hwservicemanager: getTransport: Cannot find entry android.hardware.graphics.mapper@4.0::IMapper/default in either framework or device manifest.
05-29 02:16:00.072  7512  7512 I Gralloc4: mapper 4.x is not supported
05-29 02:16:00.117  7516  7519 I cmd     : oneway function results will be dropped but finished with status OK and parcel size 4
05-29 02:16:00.117  1461  2301 I MediaProvider: Begin Intent { act=android.intent.action.MEDIA_SCANNER_SCAN_FILE dat=file:///sdcard/screen_2026-05-29_021600.png flg=0x1400010 cmp=com.android.providers.media.module/com.android.providers.media.MediaService }
05-29 02:16:00.118  1461  2301 W ModernMediaScanner: Failed to visit /sdcard/screen_2026-05-29_021600.png: java.nio.file.AccessDeniedException: /sdcard/screen_2026-05-29_021600.png
05-29 02:16:00.118  1461  2301 I MediaProvider: Scanned internal due to REASON_DEMAND, found 0 items in 1ms, 0 inserts 0 updates 0 deletes
05-29 02:16:00.119  1461  2301 I MediaProvider: End Intent { act=android.intent.action.MEDIA_SCANNER_SCAN_FILE dat=file:///sdcard/screen_2026-05-29_021600.png flg=0x1400010 cmp=com.android.providers.media.module/com.android.providers.media.MediaService }
05-29 02:16:00.182  1461  1787 I MediaProvider: Deleted 1 items on external_primary due to com.android.shell
05-29 02:16:00.209  7528  7530 I cmd     : oneway function results will be dropped but finished with status OK and parcel size 4
05-29 02:16:00.334   159   159 I hwservicemanager: getTransport: Cannot find entry android.hardware.graphics.mapper@4.0::IMapper/default in either framework or device manifest.
05-29 02:16:00.334  7550  7550 I Gralloc4: mapper 4.x is not supported
05-29 02:16:00.379  7554  7556 I cmd     : oneway function results will be dropped but finished with status OK and parcel size 4
05-29 02:16:00.380  1461  2301 I MediaProvider: Begin Intent { act=android.intent.action.MEDIA_SCANNER_SCAN_FILE dat=file:///sdcard/screen_2026-05-29_021601.png flg=0x1400010 cmp=com.android.providers.media.module/com.android.providers.media.MediaService }
05-29 02:16:00.381  1461  2301 W ModernMediaScanner: Failed to visit /sdcard/screen_2026-05-29_021601.png: java.nio.file.AccessDeniedException: /sdcard/screen_2026-05-29_021601.png
05-29 02:16:00.381  1461  2301 I MediaProvider: Scanned internal due to REASON_DEMAND, found 0 items in 1ms, 0 inserts 0 updates 0 deletes
05-29 02:16:00.382  1461  2301 I MediaProvider: End Intent { act=android.intent.action.MEDIA_SCANNER_SCAN_FILE dat=file:///sdcard/screen_2026-05-29_021601.png flg=0x1400010 cmp=com.android.providers.media.module/com.android.providers.media.MediaService }
05-29 02:16:00.445  1461  1785 I MediaProvider: Deleted 1 items on external_primary due to com.android.shell
05-29 02:16:00.472  7565  7567 I cmd     : oneway function results will be dropped but finished with status OK and parcel size 4
05-29 02:16:00.526  7580  7582 I cmd     : oneway function results will be dropped but finished with status OK and parcel size 4
05-29 02:16:00.578  7595  7597 I cmd     : oneway function results will be dropped but finished with status OK and parcel size 4
05-29 02:16:00.629  7610  7612 I cmd     : oneway function results will be dropped but finished with status OK and parcel size 4
05-29 02:16:00.712  7622  7622 E libc    : Access denied finding property "persist.device_config.runtime_native_boot.profilebootclasspath"
05-29 02:16:00.712  7622  7622 E libc    : Access denied finding property "persist.device_config.runtime_native_boot.enable_apex_image"
05-29 02:16:00.712  7622  7622 I AndroidRuntime: Using default boot image
05-29 02:16:00.712  7622  7622 E libc    : Access denied finding property "persist.device_config.runtime_native_boot.disable_lock_profiling"
05-29 02:16:00.712  7622  7622 I AndroidRuntime: Leaving lock profiling enabled
05-29 02:16:00.713  7622  7622 E libc    : Access denied finding property "persist.device_config.runtime_native_boot.enable_generational_cc"
05-29 02:16:00.714  7622  7622 I app_process: Core platform API reporting enabled, enforcing=false
05-29 02:16:00.754  7622  7622 W app_process: Unexpected CPU variant for X86 using defaults: x86_64
05-29 02:16:00.755  7622  7622 I app_process: The ClassLoaderContext is a special shared library.
05-29 02:16:00.762  7622  7622 W app_process: JNI RegisterNativeMethods: attempt to register 0 native methods for android.media.AudioAttributes
05-29 02:16:02.791   159   159 I hwservicemanager: getTransport: Cannot find entry android.hardware.graphics.mapper@4.0::IMapper/default in either framework or device manifest.
05-29 02:16:02.791  7651  7651 I Gralloc4: mapper 4.x is not supported
05-29 02:16:02.837  7655  7657 I cmd     : oneway function results will be dropped but finished with status OK and parcel size 4
05-29 02:16:02.837  1461  2301 I MediaProvider: Begin Intent { act=android.intent.action.MEDIA_SCANNER_SCAN_FILE dat=file:///sdcard/screen_2026-05-29_021603.png flg=0x1400010 cmp=com.android.providers.media.module/com.android.providers.media.MediaService }
05-29 02:16:02.832  1461  1461 W com.android.providers.media.module: type=1400 audit(0.0:664): avc: denied { read } for comm=4173796E635461736B202331 name="primary" dev="tmpfs" ino=27351 scontext=u:r:mediaprovider_app:s0:c129,c256,c512,c768 tcontext=u:object_r:mnt_pass_through_file:s0 tclass=lnk_file permissive=0 app=com.android.providers.media.module
05-29 02:16:03.059     0     0 W audit   : audit_lost=480 audit_rate_limit=5 audit_backlog_limit=64
05-29 02:16:03.061     0     0 E audit   : rate limit exceeded
05-29 02:16:02.848  1461  2301 W ModernMediaScanner: Failed to visit /sdcard/screen_2026-05-29_021603.png: java.nio.file.AccessDeniedException: /sdcard/screen_2026-05-29_021603.png
05-29 02:16:02.849  1461  2301 I MediaProvider: Scanned internal due to REASON_DEMAND, found 0 items in 10ms, 0 inserts 0 updates 0 deletes
05-29 02:16:02.849  1461  2301 I MediaProvider: End Intent { act=android.intent.action.MEDIA_SCANNER_SCAN_FILE dat=file:///sdcard/screen_2026-05-29_021603.png flg=0x1400010 cmp=com.android.providers.media.module/com.android.providers.media.MediaService }
05-29 02:16:02.832  1461  1461 W com.android.providers.media.module: type=1400 audit(0.0:665): avc: denied { read } for comm=4173796E635461736B202331 name="primary" dev="tmpfs" ino=27351 scontext=u:r:mediaprovider_app:s0:c129,c256,c512,c768 tcontext=u:object_r:mnt_pass_through_file:s0 tclass=lnk_file permissive=0 app=com.android.providers.media.module
05-29 02:16:02.894  1461  2605 I MediaProvider: Deleted 1 items on external_primary due to com.android.shell
05-29 02:16:02.921  7666  7668 I cmd     : oneway function results will be dropped but finished with status OK and parcel size 4
05-29 02:16:03.042   159   159 I hwservicemanager: getTransport: Cannot find entry android.hardware.graphics.mapper@4.0::IMapper/default in either framework or device manifest.
05-29 02:16:03.042  7688  7688 I Gralloc4: mapper 4.x is not supported
05-29 02:16:03.102  1461  2301 I MediaProvider: Begin Intent { act=android.intent.action.MEDIA_SCANNER_SCAN_FILE dat=file:///sdcard/screen_2026-05-29_021603.png flg=0x1400010 cmp=com.android.providers.media.module/com.android.providers.media.MediaService }
05-29 02:16:03.106  1461  2301 W ModernMediaScanner: Failed to visit /sdcard/screen_2026-05-29_021603.png: java.nio.file.AccessDeniedException: /sdcard/screen_2026-05-29_021603.png
05-29 02:16:03.106  1461  2301 I MediaProvider: Scanned internal due to REASON_DEMAND, found 0 items in 3ms, 0 inserts 0 updates 0 deletes
05-29 02:16:03.107  1461  2301 I MediaProvider: End Intent { act=android.intent.action.MEDIA_SCANNER_SCAN_FILE dat=file:///sdcard/screen_2026-05-29_021603.png flg=0x1400010 cmp=com.android.providers.media.module/com.android.providers.media.MediaService }
05-29 02:16:03.167  1461  1787 I MediaProvider: Deleted 1 items on external_primary due to com.android.shell
05-29 02:16:03.195  7705  7707 I cmd     : oneway function results will be dropped but finished with status OK and parcel size 4
05-29 02:16:03.321   159   159 I hwservicemanager: getTransport: Cannot find entry android.hardware.graphics.mapper@4.0::IMapper/default in either framework or device manifest.
05-29 02:16:03.321  7727  7727 I Gralloc4: mapper 4.x is not supported
05-29 02:16:03.367  7731  7733 I cmd     : oneway function results will be dropped but finished with status OK and parcel size 4
05-29 02:16:03.368  1461  2301 I MediaProvider: Begin Intent { act=android.intent.action.MEDIA_SCANNER_SCAN_FILE dat=file:///sdcard/screen_2026-05-29_021604.png flg=0x1400010 cmp=com.android.providers.media.module/com.android.providers.media.MediaService }
05-29 02:16:03.369  1461  2301 W ModernMediaScanner: Failed to visit /sdcard/screen_2026-05-29_021604.png: java.nio.file.AccessDeniedException: /sdcard/screen_2026-05-29_021604.png
05-29 02:16:03.371  1461  2301 I MediaProvider: Scanned internal due to REASON_DEMAND, found 0 items in 3ms, 0 inserts 0 updates 0 deletes
05-29 02:16:03.372  1461  2301 I MediaProvider: End Intent { act=android.intent.action.MEDIA_SCANNER_SCAN_FILE dat=file:///sdcard/screen_2026-05-29_021604.png flg=0x1400010 cmp=com.android.providers.media.module/com.android.providers.media.MediaService }
05-29 02:16:03.432  1461  1787 I MediaProvider: Deleted 1 items on external_primary due to com.android.shell
05-29 02:16:03.459  7742  7744 I cmd     : oneway function results will be dropped but finished with status OK and parcel size 4
05-29 02:16:03.508  7757  7759 I cmd     : oneway function results will be dropped but finished with status OK and parcel size 4
05-29 02:16:03.556  7772  7774 I cmd     : oneway function results will be dropped but finished with status OK and parcel size 4
05-29 02:16:03.604  7787  7789 I cmd     : oneway function results will be dropped but finished with status OK and parcel size 4
05-29 02:16:03.681  7799  7799 E libc    : Access denied finding property "persist.device_config.runtime_native_boot.profilebootclasspath"
05-29 02:16:03.681  7799  7799 E libc    : Access denied finding property "persist.device_config.runtime_native_boot.enable_apex_image"
05-29 02:16:03.681  7799  7799 I AndroidRuntime: Using default boot image
05-29 02:16:03.681  7799  7799 E libc    : Access denied finding property "persist.device_config.runtime_native_boot.disable_lock_profiling"
05-29 02:16:03.681  7799  7799 I AndroidRuntime: Leaving lock profiling enabled
05-29 02:16:03.681  7799  7799 E libc    : Access denied finding property "persist.device_config.runtime_native_boot.enable_generational_cc"
05-29 02:16:03.682  7799  7799 I app_process: Core platform API reporting enabled, enforcing=false
05-29 02:16:03.722  7799  7799 W app_process: Unexpected CPU variant for X86 using defaults: x86_64
05-29 02:16:03.723  7799  7799 I app_process: The ClassLoaderContext is a special shared library.
05-29 02:16:03.729  7799  7799 W app_process: JNI RegisterNativeMethods: attempt to register 0 native methods for android.media.AudioAttributes
05-29 02:16:05.760   159   159 I hwservicemanager: getTransport: Cannot find entry android.hardware.graphics.mapper@4.0::IMapper/default in either framework or device manifest.
05-29 02:16:05.760  7828  7828 I Gralloc4: mapper 4.x is not supported
05-29 02:16:05.805  7832  7834 I cmd     : oneway function results will be dropped but finished with status OK and parcel size 4
05-29 02:16:05.806  1461  2301 I MediaProvider: Begin Intent { act=android.intent.action.MEDIA_SCANNER_SCAN_FILE dat=file:///sdcard/screen_2026-05-29_021606.png flg=0x1400010 cmp=com.android.providers.media.module/com.android.providers.media.MediaService }
05-29 02:16:05.800  1461  1461 W com.android.providers.media.module: type=1400 audit(0.0:686): avc: denied { read } for comm=4173796E635461736B202331 name="primary" dev="tmpfs" ino=27351 scontext=u:r:mediaprovider_app:s0:c129,c256,c512,c768 tcontext=u:object_r:mnt_pass_through_file:s0 tclass=lnk_file permissive=0 app=com.android.providers.media.module
05-29 02:16:05.818  1461  2301 W ModernMediaScanner: Failed to visit /sdcard/screen_2026-05-29_021606.png: java.nio.file.AccessDeniedException: /sdcard/screen_2026-05-29_021606.png
05-29 02:16:05.819  1461  2301 I MediaProvider: Scanned internal due to REASON_DEMAND, found 0 items in 5ms, 0 inserts 0 updates 0 deletes
05-29 02:16:05.819  1461  2301 I MediaProvider: End Intent { act=android.intent.action.MEDIA_SCANNER_SCAN_FILE dat=file:///sdcard/screen_2026-05-29_021606.png flg=0x1400010 cmp=com.android.providers.media.module/com.android.providers.media.MediaService }
05-29 02:16:06.036     0     0 W audit   : audit_lost=497 audit_rate_limit=5 audit_backlog_limit=64
05-29 02:16:06.038     0     0 E audit   : rate limit exceeded
05-29 02:16:05.812  1461  1461 W com.android.providers.media.module: type=1400 audit(0.0:687): avc: denied { read } for comm=4173796E635461736B202331 name="primary" dev="tmpfs" ino=27351 scontext=u:r:mediaprovider_app:s0:c129,c256,c512,c768 tcontext=u:object_r:mnt_pass_through_file:s0 tclass=lnk_file permissive=0 app=com.android.providers.media.module
05-29 02:16:05.847  1461  2605 I MediaProvider: Deleted 1 items on external_primary due to com.android.shell
05-29 02:16:05.812  1461  1461 W com.android.providers.media.module: type=1400 audit(0.0:689): avc: denied { read } for comm=4173796E635461736B202331 name="primary" dev="tmpfs" ino=27351 scontext=u:r:mediaprovider_app:s0:c129,c256,c512,c768 tcontext=u:object_r:mnt_pass_through_file:s0 tclass=lnk_file permissive=0 app=com.android.providers.media.module
05-29 02:16:05.878  7843  7845 I cmd     : oneway function results will be dropped but finished with status OK and parcel size 4
05-29 02:16:06.002   159   159 I hwservicemanager: getTransport: Cannot find entry android.hardware.graphics.mapper@4.0::IMapper/default in either framework or device manifest.
05-29 02:16:06.002  7865  7865 I Gralloc4: mapper 4.x is not supported
05-29 02:16:06.047  7869  7871 I cmd     : oneway function results will be dropped but finished with status OK and parcel size 4
05-29 02:16:06.048  1461  2301 I MediaProvider: Begin Intent { act=android.intent.action.MEDIA_SCANNER_SCAN_FILE dat=file:///sdcard/screen_2026-05-29_021606.png flg=0x1400010 cmp=com.android.providers.media.module/com.android.providers.media.MediaService }
05-29 02:16:06.049  1461  2301 W ModernMediaScanner: Failed to visit /sdcard/screen_2026-05-29_021606.png: java.nio.file.AccessDeniedException: /sdcard/screen_2026-05-29_021606.png
05-29 02:16:06.050  1461  2301 I MediaProvider: Scanned internal due to REASON_DEMAND, found 0 items in 0ms, 0 inserts 0 updates 0 deletes
05-29 02:16:06.050  1461  2301 I MediaProvider: End Intent { act=android.intent.action.MEDIA_SCANNER_SCAN_FILE dat=file:///sdcard/screen_2026-05-29_021606.png flg=0x1400010 cmp=com.android.providers.media.module/com.android.providers.media.MediaService }
05-29 02:16:06.070  1461  2605 I MediaProvider: Deleted 1 items on external_primary due to com.android.shell
05-29 02:16:06.238   159   159 I hwservicemanager: getTransport: Cannot find entry android.hardware.graphics.mapper@4.0::IMapper/default in either framework or device manifest.
05-29 02:16:06.238  7904  7904 I Gralloc4: mapper 4.x is not supported
05-29 02:16:06.283  7908  7910 I cmd     : oneway function results will be dropped but finished with status OK and parcel size 4
05-29 02:16:06.284  1461  2301 I MediaProvider: Begin Intent { act=android.intent.action.MEDIA_SCANNER_SCAN_FILE dat=file:///sdcard/screen_2026-05-29_021606.png flg=0x1400010 cmp=com.android.providers.media.module/com.android.providers.media.MediaService }
05-29 02:16:06.285  1461  2301 W ModernMediaScanner: Failed to visit /sdcard/screen_2026-05-29_021606.png: java.nio.file.AccessDeniedException: /sdcard/screen_2026-05-29_021606.png
05-29 02:16:06.285  1461  2301 I MediaProvider: Scanned internal due to REASON_DEMAND, found 0 items in 1ms, 0 inserts 0 updates 0 deletes
05-29 02:16:06.286  1461  2301 I MediaProvider: End Intent { act=android.intent.action.MEDIA_SCANNER_SCAN_FILE dat=file:///sdcard/screen_2026-05-29_021606.png flg=0x1400010 cmp=com.android.providers.media.module/com.android.providers.media.MediaService }
05-29 02:16:06.309  1461  1787 I MediaProvider: Deleted 1 items on external_primary due to com.android.shell
05-29 02:16:06.338  7919  7921 I cmd     : oneway function results will be dropped but finished with status OK and parcel size 4
05-29 02:16:06.387  7934  7936 I cmd     : oneway function results will be dropped but finished with status OK and parcel size 4
05-29 02:16:06.436  7949  7951 I cmd     : oneway function results will be dropped but finished with status OK and parcel size 4
05-29 02:16:06.487  7964  7966 I cmd     : oneway function results will be dropped but finished with status OK and parcel size 4
05-29 02:16:06.568  7976  7976 E libc    : Access denied finding property "persist.device_config.runtime_native_boot.profilebootclasspath"
05-29 02:16:06.568  7976  7976 E libc    : Access denied finding property "persist.device_config.runtime_native_boot.enable_apex_image"
05-29 02:16:06.568  7976  7976 I AndroidRuntime: Using default boot image
05-29 02:16:06.569  7976  7976 E libc    : Access denied finding property "persist.device_config.runtime_native_boot.disable_lock_profiling"
05-29 02:16:06.569  7976  7976 I AndroidRuntime: Leaving lock profiling enabled
05-29 02:16:06.569  7976  7976 E libc    : Access denied finding property "persist.device_config.runtime_native_boot.enable_generational_cc"
05-29 02:16:06.570  7976  7976 I app_process: Core platform API reporting enabled, enforcing=false
05-29 02:16:06.610  7976  7976 W app_process: Unexpected CPU variant for X86 using defaults: x86_64
05-29 02:16:06.610  7976  7976 I app_process: The ClassLoaderContext is a special shared library.
05-29 02:16:06.617  7976  7976 W app_process: JNI RegisterNativeMethods: attempt to register 0 native methods for android.media.AudioAttributes
05-29 02:16:08.632   159   159 I hwservicemanager: getTransport: Cannot find entry android.hardware.graphics.mapper@4.0::IMapper/default in either framework or device manifest.
05-29 02:16:08.633  8005  8005 I Gralloc4: mapper 4.x is not supported
05-29 02:16:08.678   514   631 I ActivityManager: Killing 2091:com.android.deskclock/u0a102 (adj 985): empty #17
05-29 02:16:08.680  1461  2301 I MediaProvider: Begin Intent { act=android.intent.action.MEDIA_SCANNER_SCAN_FILE dat=file:///sdcard/screen_2026-05-29_021609.png flg=0x1400010 cmp=com.android.providers.media.module/com.android.providers.media.MediaService }
05-29 02:16:08.687   281   281 I Zygote  : Process 2091 exited due to signal 9 (Killed)
05-29 02:16:08.901     0     0 W audit   : audit_lost=514 audit_rate_limit=5 audit_backlog_limit=64
05-29 02:16:08.909     0     0 E audit   : rate limit exceeded
05-29 02:16:08.676  1461  1461 W com.android.providers.media.module: type=1400 audit(0.0:708): avc: denied { read } for comm=4173796E635461736B202331 name="primary" dev="tmpfs" ino=27351 scontext=u:r:mediaprovider_app:s0:c129,c256,c512,c768 tcontext=u:object_r:mnt_pass_through_file:s0 tclass=lnk_file permissive=0 app=com.android.providers.media.module
05-29 02:16:08.694  1461  2301 W ModernMediaScanner: Failed to visit /sdcard/screen_2026-05-29_021609.png: java.nio.file.AccessDeniedException: /sdcard/screen_2026-05-29_021609.png
05-29 02:16:08.695  1461  2301 I MediaProvider: Scanned internal due to REASON_DEMAND, found 0 items in 15ms, 0 inserts 0 updates 0 deletes
05-29 02:16:08.696  1461  2301 I MediaProvider: End Intent { act=android.intent.action.MEDIA_SCANNER_SCAN_FILE dat=file:///sdcard/screen_2026-05-29_021609.png flg=0x1400010 cmp=com.android.providers.media.module/com.android.providers.media.MediaService }
05-29 02:16:08.676  1461  1461 W com.android.providers.media.module: type=1400 audit(0.0:709): avc: denied { read } for comm=4173796E635461736B202331 name="primary" dev="tmpfs" ino=27351 scontext=u:r:mediaprovider_app:s0:c129,c256,c512,c768 tcontext=u:object_r:mnt_pass_through_file:s0 tclass=lnk_file permissive=0 app=com.android.providers.media.module
05-29 02:16:08.719  1461  1785 I MediaProvider: Deleted 1 items on external_primary due to com.android.shell
05-29 02:16:08.676  1461  1461 W com.android.providers.media.module: type=1400 audit(0.0:711): avc: denied { read } for comm=4173796E635461736B202331 name="primary" dev="tmpfs" ino=27351 scontext=u:r:mediaprovider_app:s0:c129,c256,c512,c768 tcontext=u:object_r:mnt_pass_through_file:s0 tclass=lnk_file permissive=0 app=com.android.providers.media.module
05-29 02:16:08.730   514   555 I libprocessgroup: Successfully killed process cgroup uid 10102 pid 2091 in 51ms
05-29 02:16:08.748  8020  8022 I cmd     : oneway function results will be dropped but finished with status OK and parcel size 4
05-29 02:16:08.868   159   159 I hwservicemanager: getTransport: Cannot find entry android.hardware.graphics.mapper@4.0::IMapper/default in either framework or device manifest.
05-29 02:16:08.868  8042  8042 I Gralloc4: mapper 4.x is not supported
05-29 02:16:08.914  8046  8048 I cmd     : oneway function results will be dropped but finished with status OK and parcel size 4
05-29 02:16:08.915  1461  2301 I MediaProvider: Begin Intent { act=android.intent.action.MEDIA_SCANNER_SCAN_FILE dat=file:///sdcard/screen_2026-05-29_021609.png flg=0x1400010 cmp=com.android.providers.media.module/com.android.providers.media.MediaService }
05-29 02:16:08.915  1461  2301 W ModernMediaScanner: Failed to visit /sdcard/screen_2026-05-29_021609.png: java.nio.file.AccessDeniedException: /sdcard/screen_2026-05-29_021609.png
05-29 02:16:08.918  1461  2301 I MediaProvider: Scanned internal due to REASON_DEMAND, found 0 items in 3ms, 0 inserts 0 updates 0 deletes
05-29 02:16:08.918  1461  2301 I MediaProvider: End Intent { act=android.intent.action.MEDIA_SCANNER_SCAN_FILE dat=file:///sdcard/screen_2026-05-29_021609.png flg=0x1400010 cmp=com.android.providers.media.module/com.android.providers.media.MediaService }
05-29 02:16:08.978  1461  2605 I MediaProvider: Deleted 1 items on external_primary due to com.android.shell
05-29 02:16:09.004  8057  8059 I cmd     : oneway function results will be dropped but finished with status OK and parcel size 4
05-29 02:16:09.131   159   159 I hwservicemanager: getTransport: Cannot find entry android.hardware.graphics.mapper@4.0::IMapper/default in either framework or device manifest.
05-29 02:16:09.131  8079  8079 I Gralloc4: mapper 4.x is not supported
05-29 02:16:09.177  8083  8085 I cmd     : oneway function results will be dropped but finished with status OK and parcel size 4
05-29 02:16:09.178  1461  2301 I MediaProvider: Begin Intent { act=android.intent.action.MEDIA_SCANNER_SCAN_FILE dat=file:///sdcard/screen_2026-05-29_021609.png flg=0x1400010 cmp=com.android.providers.media.module/com.android.providers.media.MediaService }
05-29 02:16:09.179  1461  2301 W ModernMediaScanner: Failed to visit /sdcard/screen_2026-05-29_021609.png: java.nio.file.AccessDeniedException: /sdcard/screen_2026-05-29_021609.png
05-29 02:16:09.182  1461  2301 I MediaProvider: Scanned internal due to REASON_DEMAND, found 0 items in 4ms, 0 inserts 0 updates 0 deletes
05-29 02:16:09.182  1461  2301 I MediaProvider: End Intent { act=android.intent.action.MEDIA_SCANNER_SCAN_FILE dat=file:///sdcard/screen_2026-05-29_021609.png flg=0x1400010 cmp=com.android.providers.media.module/com.android.providers.media.MediaService }
05-29 02:16:09.201  1461  1787 I MediaProvider: Deleted 1 items on external_primary due to com.android.shell
05-29 02:16:09.288  8111  8113 I cmd     : oneway function results will be dropped but finished with status OK and parcel size 4
05-29 02:16:09.337  8126  8128 I cmd     : oneway function results will be dropped but finished with status OK and parcel size 4
05-29 02:16:09.387  8141  8143 I cmd     : oneway function results will be dropped but finished with status OK and parcel size 4
05-29 02:16:09.466  8153  8153 E libc    : Access denied finding property "persist.device_config.runtime_native_boot.profilebootclasspath"
05-29 02:16:09.466  8153  8153 E libc    : Access denied finding property "persist.device_config.runtime_native_boot.enable_apex_image"
05-29 02:16:09.466  8153  8153 I AndroidRuntime: Using default boot image
05-29 02:16:09.466  8153  8153 E libc    : Access denied finding property "persist.device_config.runtime_native_boot.disable_lock_profiling"
05-29 02:16:09.466  8153  8153 I AndroidRuntime: Leaving lock profiling enabled
05-29 02:16:09.466  8153  8153 E libc    : Access denied finding property "persist.device_config.runtime_native_boot.enable_generational_cc"
05-29 02:16:09.467  8153  8153 I app_process: Core platform API reporting enabled, enforcing=false
05-29 02:16:09.507  8153  8153 W app_process: Unexpected CPU variant for X86 using defaults: x86_64
05-29 02:16:09.508  8153  8153 I app_process: The ClassLoaderContext is a special shared library.
05-29 02:16:09.515  8153  8153 W app_process: JNI RegisterNativeMethods: attempt to register 0 native methods for android.media.AudioAttributes
05-29 02:16:09.637  2325  2325 E AccessibilityInteractionClient: 3 Disconnected nodes.
05-29 02:16:11.537   159   159 I hwservicemanager: getTransport: Cannot find entry android.hardware.graphics.mapper@4.0::IMapper/default in either framework or device manifest.
05-29 02:16:11.538  8186  8186 I Gralloc4: mapper 4.x is not supported
05-29 02:16:11.574  8190  8192 I cmd     : oneway function results will be dropped but finished with status OK and parcel size 4
05-29 02:16:11.574  1461  2301 I MediaProvider: Begin Intent { act=android.intent.action.MEDIA_SCANNER_SCAN_FILE dat=file:///sdcard/screen_2026-05-29_021612.png flg=0x1400010 cmp=com.android.providers.media.module/com.android.providers.media.MediaService }
05-29 02:16:11.568  1461  1461 W com.android.providers.media.module: type=1400 audit(0.0:730): avc: denied { read } for comm=4173796E635461736B202331 name="primary" dev="tmpfs" ino=27351 scontext=u:r:mediaprovider_app:s0:c129,c256,c512,c768 tcontext=u:object_r:mnt_pass_through_file:s0 tclass=lnk_file permissive=0 app=com.android.providers.media.module
05-29 02:16:11.585  1461  2301 W ModernMediaScanner: Failed to visit /sdcard/screen_2026-05-29_021612.png: java.nio.file.AccessDeniedException: /sdcard/screen_2026-05-29_021612.png
05-29 02:16:11.585  1461  2301 I MediaProvider: Scanned internal due to REASON_DEMAND, found 0 items in 11ms, 0 inserts 0 updates 0 deletes
05-29 02:16:11.586  1461  2301 I MediaProvider: End Intent { act=android.intent.action.MEDIA_SCANNER_SCAN_FILE dat=file:///sdcard/screen_2026-05-29_021612.png flg=0x1400010 cmp=com.android.providers.media.module/com.android.providers.media.MediaService }
05-29 02:16:11.796     0     0 W audit   : audit_lost=531 audit_rate_limit=5 audit_backlog_limit=64
05-29 02:16:11.804     0     0 E audit   : rate limit exceeded
05-29 02:16:11.568  1461  1461 W com.android.providers.media.module: type=1400 audit(0.0:731): avc: denied { read } for comm=4173796E635461736B202331 name="primary" dev="tmpfs" ino=27351 scontext=u:r:mediaprovider_app:s0:c129,c256,c512,c768 tcontext=u:object_r:mnt_pass_through_file:s0 tclass=lnk_file permissive=0 app=com.android.providers.media.module
05-29 02:16:11.651  1461  1785 I MediaProvider: Deleted 1 items on external_primary due to com.android.shell
05-29 02:16:11.806   159   159 I hwservicemanager: getTransport: Cannot find entry android.hardware.graphics.mapper@4.0::IMapper/default in either framework or device manifest.
05-29 02:16:11.806  8223  8223 I Gralloc4: mapper 4.x is not supported
05-29 02:16:11.844  8227  8229 I cmd     : oneway function results will be dropped but finished with status OK and parcel size 4
05-29 02:16:11.845  1461  2301 I MediaProvider: Begin Intent { act=android.intent.action.MEDIA_SCANNER_SCAN_FILE dat=file:///sdcard/screen_2026-05-29_021612.png flg=0x1400010 cmp=com.android.providers.media.module/com.android.providers.media.MediaService }
05-29 02:16:11.846  1461  2301 W ModernMediaScanner: Failed to visit /sdcard/screen_2026-05-29_021612.png: java.nio.file.AccessDeniedException: /sdcard/screen_2026-05-29_021612.png
05-29 02:16:11.847  1461  2301 I MediaProvider: Scanned internal due to REASON_DEMAND, found 0 items in 2ms, 0 inserts 0 updates 0 deletes
05-29 02:16:11.851  1461  2301 I MediaProvider: End Intent { act=android.intent.action.MEDIA_SCANNER_SCAN_FILE dat=file:///sdcard/screen_2026-05-29_021612.png flg=0x1400010 cmp=com.android.providers.media.module/com.android.providers.media.MediaService }
05-29 02:16:11.871  1461  2605 I MediaProvider: Deleted 1 items on external_primary due to com.android.shell
05-29 02:16:11.896  8238  8240 I cmd     : oneway function results will be dropped but finished with status OK and parcel size 4
05-29 02:16:12.024   159   159 I hwservicemanager: getTransport: Cannot find entry android.hardware.graphics.mapper@4.0::IMapper/default in either framework or device manifest.
05-29 02:16:12.024  8260  8260 I Gralloc4: mapper 4.x is not supported
05-29 02:16:12.063  1461  2301 I MediaProvider: Begin Intent { act=android.intent.action.MEDIA_SCANNER_SCAN_FILE dat=file:///sdcard/screen_2026-05-29_021612.png flg=0x1400010 cmp=com.android.providers.media.module/com.android.providers.media.MediaService }
05-29 02:16:12.064  1461  2301 W ModernMediaScanner: Failed to visit /sdcard/screen_2026-05-29_021612.png: java.nio.file.AccessDeniedException: /sdcard/screen_2026-05-29_021612.png
05-29 02:16:12.065  1461  2301 I MediaProvider: Scanned internal due to REASON_DEMAND, found 0 items in 1ms, 0 inserts 0 updates 0 deletes
05-29 02:16:12.066  1461  2301 I MediaProvider: End Intent { act=android.intent.action.MEDIA_SCANNER_SCAN_FILE dat=file:///sdcard/screen_2026-05-29_021612.png flg=0x1400010 cmp=com.android.providers.media.module/com.android.providers.media.MediaService }
05-29 02:16:12.085  1461  1787 I MediaProvider: Deleted 1 items on external_primary due to com.android.shell
05-29 02:16:12.110  8275  8277 I cmd     : oneway function results will be dropped but finished with status OK and parcel size 4
05-29 02:16:12.159  8290  8292 I cmd     : oneway function results will be dropped but finished with status OK and parcel size 4
05-29 02:16:12.207  8305  8307 I cmd     : oneway function results will be dropped but finished with status OK and parcel size 4
05-29 02:16:12.341  8332  8332 E libc    : Access denied finding property "persist.device_config.runtime_native_boot.profilebootclasspath"
05-29 02:16:12.341  8332  8332 E libc    : Access denied finding property "persist.device_config.runtime_native_boot.enable_apex_image"
05-29 02:16:12.341  8332  8332 I AndroidRuntime: Using default boot image
05-29 02:16:12.341  8332  8332 E libc    : Access denied finding property "persist.device_config.runtime_native_boot.disable_lock_profiling"
05-29 02:16:12.341  8332  8332 I AndroidRuntime: Leaving lock profiling enabled
05-29 02:16:12.341  8332  8332 E libc    : Access denied finding property "persist.device_config.runtime_native_boot.enable_generational_cc"
05-29 02:16:12.342  8332  8332 I app_process: Core platform API reporting enabled, enforcing=false
05-29 02:16:12.385  8332  8332 W app_process: Unexpected CPU variant for X86 using defaults: x86_64
05-29 02:16:12.386  8332  8332 I app_process: The ClassLoaderContext is a special shared library.
05-29 02:16:12.392  8332  8332 W app_process: JNI RegisterNativeMethods: attempt to register 0 native methods for android.media.AudioAttributes
