05-29 02:15:38.897  1461  2301 I MediaProvider: End Intent { act=android.intent.action.MEDIA_SCANNER_SCAN_FILE dat=file:///sdcard/screen_2026-05-29_021539.png flg=0x1400010 cmp=com.android.providers.media.module/com.android.providers.media.MediaService }
05-29 02:15:38.959  1461  2605 I MediaProvider: Deleted 1 items on external_primary due to com.android.shell
05-29 02:15:39.034  6106  6108 I cmd     : oneway function results will be dropped but finished with status OK and parcel size 4
05-29 02:15:39.082  6121  6123 I cmd     : oneway function results will be dropped but finished with status OK and parcel size 4
05-29 02:15:39.130  6136  6138 I cmd     : oneway function results will be dropped but finished with status OK and parcel size 4
05-29 02:15:39.209  6148  6148 E libc    : Access denied finding property "persist.device_config.runtime_native_boot.profilebootclasspath"
05-29 02:15:39.209  6148  6148 E libc    : Access denied finding property "persist.device_config.runtime_native_boot.enable_apex_image"
05-29 02:15:39.209  6148  6148 I AndroidRuntime: Using default boot image
05-29 02:15:39.209  6148  6148 E libc    : Access denied finding property "persist.device_config.runtime_native_boot.disable_lock_profiling"
05-29 02:15:39.209  6148  6148 I AndroidRuntime: Leaving lock profiling enabled
05-29 02:15:39.209  6148  6148 E libc    : Access denied finding property "persist.device_config.runtime_native_boot.enable_generational_cc"
05-29 02:15:39.211  6148  6148 I app_process: Core platform API reporting enabled, enforcing=false
05-29 02:15:39.250  6148  6148 W app_process: Unexpected CPU variant for X86 using defaults: x86_64
05-29 02:15:39.251  6148  6148 I app_process: The ClassLoaderContext is a special shared library.
05-29 02:15:39.258  6148  6148 W app_process: JNI RegisterNativeMethods: attempt to register 0 native methods for android.media.AudioAttributes
05-29 02:15:39.526  2325  2325 E AccessibilityInteractionClient: 2 Disconnected nodes.
05-29 02:15:40.976   159   159 I hwservicemanager: getTransport: Cannot find entry android.hardware.graphics.mapper@4.0::IMapper/default in either framework or device manifest.
05-29 02:15:40.976  6182  6182 I Gralloc4: mapper 4.x is not supported
05-29 02:15:41.015  6186  6188 I cmd     : oneway function results will be dropped but finished with status OK and parcel size 4
05-29 02:15:41.016  1461  2301 I MediaProvider: Begin Intent { act=android.intent.action.MEDIA_SCANNER_SCAN_FILE dat=file:///sdcard/screen_2026-05-29_021541.png flg=0x1400010 cmp=com.android.providers.media.module/com.android.providers.media.MediaService }
05-29 02:15:41.012  1461  1461 W com.android.providers.media.module: type=1400 audit(0.0:488): avc: denied { read } for comm=4173796E635461736B202331 name="primary" dev="tmpfs" ino=27351 scontext=u:r:mediaprovider_app:s0:c129,c256,c512,c768 tcontext=u:object_r:mnt_pass_through_file:s0 tclass=lnk_file permissive=0 app=com.android.providers.media.module
05-29 02:15:41.035  1461  2301 W ModernMediaScanner: Failed to visit /sdcard/screen_2026-05-29_021541.png: java.nio.file.AccessDeniedException: /sdcard/screen_2026-05-29_021541.png
05-29 02:15:41.035  1461  2301 I MediaProvider: Scanned internal due to REASON_DEMAND, found 0 items in 16ms, 0 inserts 0 updates 0 deletes
05-29 02:15:41.241     0     0 W audit   : audit_lost=344 audit_rate_limit=5 audit_backlog_limit=64
05-29 02:15:41.247     0     0 E audit   : rate limit exceeded
05-29 02:15:41.036  1461  2301 I MediaProvider: End Intent { act=android.intent.action.MEDIA_SCANNER_SCAN_FILE dat=file:///sdcard/screen_2026-05-29_021541.png flg=0x1400010 cmp=com.android.providers.media.module/com.android.providers.media.MediaService }
05-29 02:15:41.012  1461  1461 W com.android.providers.media.module: type=1400 audit(0.0:489): avc: denied { read } for comm=4173796E635461736B202331 name="primary" dev="tmpfs" ino=27351 scontext=u:r:mediaprovider_app:s0:c129,c256,c512,c768 tcontext=u:object_r:mnt_pass_through_file:s0 tclass=lnk_file permissive=0 app=com.android.providers.media.module
05-29 02:15:41.102  1461  1787 I MediaProvider: Deleted 1 items on external_primary due to com.android.shell
05-29 02:15:41.127  6197  6199 I cmd     : oneway function results will be dropped but finished with status OK and parcel size 4
05-29 02:15:41.252   159   159 I hwservicemanager: getTransport: Cannot find entry android.hardware.graphics.mapper@4.0::IMapper/default in either framework or device manifest.
05-29 02:15:41.252  6219  6219 I Gralloc4: mapper 4.x is not supported
05-29 02:15:41.288  6223  6225 I cmd     : oneway function results will be dropped but finished with status OK and parcel size 4
05-29 02:15:41.289  1461  2301 I MediaProvider: Begin Intent { act=android.intent.action.MEDIA_SCANNER_SCAN_FILE dat=file:///sdcard/screen_2026-05-29_021541.png flg=0x1400010 cmp=com.android.providers.media.module/com.android.providers.media.MediaService }
05-29 02:15:41.290  1461  2301 W ModernMediaScanner: Failed to visit /sdcard/screen_2026-05-29_021541.png: java.nio.file.AccessDeniedException: /sdcard/screen_2026-05-29_021541.png
05-29 02:15:41.293  1461  2301 I MediaProvider: Scanned internal due to REASON_DEMAND, found 0 items in 3ms, 0 inserts 0 updates 0 deletes
05-29 02:15:41.293  1461  2301 I MediaProvider: End Intent { act=android.intent.action.MEDIA_SCANNER_SCAN_FILE dat=file:///sdcard/screen_2026-05-29_021541.png flg=0x1400010 cmp=com.android.providers.media.module/com.android.providers.media.MediaService }
05-29 02:15:41.310  1461  1787 I MediaProvider: Deleted 1 items on external_primary due to com.android.shell
05-29 02:15:41.454   159   159 I hwservicemanager: getTransport: Cannot find entry android.hardware.graphics.mapper@4.0::IMapper/default in either framework or device manifest.
05-29 02:15:41.454  6256  6256 I Gralloc4: mapper 4.x is not supported
05-29 02:15:41.469  1445  1931 I Dialer  : OmtpVvmCarrierCfgHlpr - OmtpEvent:CONFIG_STATUS_SMS_TIME_OUT
05-29 02:15:41.469  1445  1445 I Dialer  : RetryPolicy - discarding deferred status: configuration_state=4
05-29 02:15:41.470  1445  1445 I Dialer  : VvmTaskExecutor - no more tasks, stopping service if no task are added in 5000 millis
05-29 02:15:41.470  1445  1445 I Dialer  : VvmTaskReceiver - task received
05-29 02:15:41.470  1445  1445 I Dialer  : VvmTaskReceiver - TaskExecutor already running
05-29 02:15:41.470  1445  1445 I Dialer  : Task.createTask - create task:com.android.voicemail.impl.ActivationTask
05-29 02:15:41.471  1445  1445 I Dialer  : RetryPolicy - retry #1 for com.android.voicemail.impl.ActivationTask@89d1596 queued, executing in 5000
05-29 02:15:41.471  1445  1445 I Dialer  : VvmTaskExecutor - com.android.voicemail.impl.ActivationTask@89d1596 added
05-29 02:15:41.471  1445  1445 I Dialer  : VvmTaskExecutor - minimal wait time:5000
05-29 02:15:41.471  1445  1445 I Dialer  : VvmTaskExecutor - sleep for 5000 millis
05-29 02:15:41.503  1461  2301 I MediaProvider: Begin Intent { act=android.intent.action.MEDIA_SCANNER_SCAN_FILE dat=file:///sdcard/screen_2026-05-29_021542.png flg=0x1400010 cmp=com.android.providers.media.module/com.android.providers.media.MediaService }
05-29 02:15:41.504  1461  2301 W ModernMediaScanner: Failed to visit /sdcard/screen_2026-05-29_021542.png: java.nio.file.AccessDeniedException: /sdcard/screen_2026-05-29_021542.png
05-29 02:15:41.505  1461  2301 I MediaProvider: Scanned internal due to REASON_DEMAND, found 0 items in 1ms, 0 inserts 0 updates 0 deletes
05-29 02:15:41.506  1461  2301 I MediaProvider: End Intent { act=android.intent.action.MEDIA_SCANNER_SCAN_FILE dat=file:///sdcard/screen_2026-05-29_021542.png flg=0x1400010 cmp=com.android.providers.media.module/com.android.providers.media.MediaService }
05-29 02:15:41.530  1461  2605 I MediaProvider: Deleted 1 items on external_primary due to com.android.shell
05-29 02:15:41.557  6273  6275 I cmd     : oneway function results will be dropped but finished with status OK and parcel size 4
05-29 02:15:41.607  6288  6290 I cmd     : oneway function results will be dropped but finished with status OK and parcel size 4
05-29 02:15:41.656  6303  6305 I cmd     : oneway function results will be dropped but finished with status OK and parcel size 4
05-29 02:15:41.705  6318  6320 I cmd     : oneway function results will be dropped but finished with status OK and parcel size 4
05-29 02:15:41.786  6330  6330 E libc    : Access denied finding property "persist.device_config.runtime_native_boot.profilebootclasspath"
05-29 02:15:41.786  6330  6330 E libc    : Access denied finding property "persist.device_config.runtime_native_boot.enable_apex_image"
05-29 02:15:41.786  6330  6330 I AndroidRuntime: Using default boot image
05-29 02:15:41.786  6330  6330 E libc    : Access denied finding property "persist.device_config.runtime_native_boot.disable_lock_profiling"
05-29 02:15:41.786  6330  6330 I AndroidRuntime: Leaving lock profiling enabled
05-29 02:15:41.786  6330  6330 E libc    : Access denied finding property "persist.device_config.runtime_native_boot.enable_generational_cc"
05-29 02:15:41.787  6330  6330 I app_process: Core platform API reporting enabled, enforcing=false
05-29 02:15:41.827  6330  6330 W app_process: Unexpected CPU variant for X86 using defaults: x86_64
05-29 02:15:41.828  6330  6330 I app_process: The ClassLoaderContext is a special shared library.
05-29 02:15:41.834  6330  6330 W app_process: JNI RegisterNativeMethods: attempt to register 0 native methods for android.media.AudioAttributes
05-29 02:15:41.851  2325  2325 E AccessibilityInteractionClient: 2 Disconnected nodes.
05-29 02:15:42.175   409   409 I perfetto: probes_producer.cc:329  Producer stop (id=6)
05-29 02:15:42.176   410   410 I perfetto: ng_service_impl.cc:1948 Tracing session 6 ended, total sessions:0
05-29 02:15:42.177   409   409 I perfetto: ftrace_procfs.cc:183    disabled ftrace
05-29 02:15:42.397     0     0 W perfetto: disabled ftrace
05-29 02:15:43.560   159   159 I hwservicemanager: getTransport: Cannot find entry android.hardware.graphics.mapper@4.0::IMapper/default in either framework or device manifest.
05-29 02:15:43.560  6362  6362 I Gralloc4: mapper 4.x is not supported
05-29 02:15:43.608  6368  6370 I cmd     : oneway function results will be dropped but finished with status OK and parcel size 4
05-29 02:15:43.609  1461  2301 I MediaProvider: Begin Intent { act=android.intent.action.MEDIA_SCANNER_SCAN_FILE dat=file:///sdcard/screen_2026-05-29_021544.png flg=0x1400010 cmp=com.android.providers.media.module/com.android.providers.media.MediaService }
05-29 02:15:43.604  1461  1461 W com.android.providers.media.module: type=1400 audit(0.0:510): avc: denied { read } for comm=4173796E635461736B202331 name="primary" dev="tmpfs" ino=27351 scontext=u:r:mediaprovider_app:s0:c129,c256,c512,c768 tcontext=u:object_r:mnt_pass_through_file:s0 tclass=lnk_file permissive=0 app=com.android.providers.media.module
05-29 02:15:43.831     0     0 W audit   : audit_lost=361 audit_rate_limit=5 audit_backlog_limit=64
05-29 02:15:43.842     0     0 E audit   : rate limit exceeded
05-29 02:15:43.630  1461  2301 W ModernMediaScanner: Failed to visit /sdcard/screen_2026-05-29_021544.png: java.nio.file.AccessDeniedException: /sdcard/screen_2026-05-29_021544.png
05-29 02:15:43.630  1461  2301 I MediaProvider: Scanned internal due to REASON_DEMAND, found 0 items in 21ms, 0 inserts 0 updates 0 deletes
05-29 02:15:43.631  1461  2301 I MediaProvider: End Intent { act=android.intent.action.MEDIA_SCANNER_SCAN_FILE dat=file:///sdcard/screen_2026-05-29_021544.png flg=0x1400010 cmp=com.android.providers.media.module/com.android.providers.media.MediaService }
05-29 02:15:43.604  1461  1461 W com.android.providers.media.module: type=1400 audit(0.0:511): avc: denied { read } for comm=4173796E635461736B202331 name="primary" dev="tmpfs" ino=27351 scontext=u:r:mediaprovider_app:s0:c129,c256,c512,c768 tcontext=u:object_r:mnt_pass_through_file:s0 tclass=lnk_file permissive=0 app=com.android.providers.media.module
05-29 02:15:43.696  1461  1785 I MediaProvider: Deleted 1 items on external_primary due to com.android.shell
05-29 02:15:43.722  6379  6381 I cmd     : oneway function results will be dropped but finished with status OK and parcel size 4
05-29 02:15:43.840   159   159 I hwservicemanager: getTransport: Cannot find entry android.hardware.graphics.mapper@4.0::IMapper/default in either framework or device manifest.
05-29 02:15:43.840  6401  6401 I Gralloc4: mapper 4.x is not supported
05-29 02:15:43.888  6405  6407 I cmd     : oneway function results will be dropped but finished with status OK and parcel size 4
05-29 02:15:43.889  1461  2301 I MediaProvider: Begin Intent { act=android.intent.action.MEDIA_SCANNER_SCAN_FILE dat=file:///sdcard/screen_2026-05-29_021544.png flg=0x1400010 cmp=com.android.providers.media.module/com.android.providers.media.MediaService }
05-29 02:15:43.890  1461  2301 W ModernMediaScanner: Failed to visit /sdcard/screen_2026-05-29_021544.png: java.nio.file.AccessDeniedException: /sdcard/screen_2026-05-29_021544.png
05-29 02:15:43.890  1461  2301 I MediaProvider: Scanned internal due to REASON_DEMAND, found 0 items in 1ms, 0 inserts 0 updates 0 deletes
05-29 02:15:43.892  1461  2301 I MediaProvider: End Intent { act=android.intent.action.MEDIA_SCANNER_SCAN_FILE dat=file:///sdcard/screen_2026-05-29_021544.png flg=0x1400010 cmp=com.android.providers.media.module/com.android.providers.media.MediaService }
05-29 02:15:43.915  1461  1787 I MediaProvider: Deleted 1 items on external_primary due to com.android.shell
05-29 02:15:43.940  6416  6418 I cmd     : oneway function results will be dropped but finished with status OK and parcel size 4
05-29 02:15:44.065   159   159 I hwservicemanager: getTransport: Cannot find entry android.hardware.graphics.mapper@4.0::IMapper/default in either framework or device manifest.
05-29 02:15:44.065  6438  6438 I Gralloc4: mapper 4.x is not supported
05-29 02:15:44.111  6442  6444 I cmd     : oneway function results will be dropped but finished with status OK and parcel size 4
05-29 02:15:44.112  1461  2301 I MediaProvider: Begin Intent { act=android.intent.action.MEDIA_SCANNER_SCAN_FILE dat=file:///sdcard/screen_2026-05-29_021544.png flg=0x1400010 cmp=com.android.providers.media.module/com.android.providers.media.MediaService }
05-29 02:15:44.113  1461  2301 W ModernMediaScanner: Failed to visit /sdcard/screen_2026-05-29_021544.png: java.nio.file.AccessDeniedException: /sdcard/screen_2026-05-29_021544.png
05-29 02:15:44.113  1461  2301 I MediaProvider: Scanned internal due to REASON_DEMAND, found 0 items in 1ms, 0 inserts 0 updates 0 deletes
05-29 02:15:44.114  1461  2301 I MediaProvider: End Intent { act=android.intent.action.MEDIA_SCANNER_SCAN_FILE dat=file:///sdcard/screen_2026-05-29_021544.png flg=0x1400010 cmp=com.android.providers.media.module/com.android.providers.media.MediaService }
05-29 02:15:44.135  1461  2605 I MediaProvider: Deleted 1 items on external_primary due to com.android.shell
05-29 02:15:44.162  6453  6455 I cmd     : oneway function results will be dropped but finished with status OK and parcel size 4
05-29 02:15:44.211  6468  6470 I cmd     : oneway function results will be dropped but finished with status OK and parcel size 4
05-29 02:15:44.259  6483  6485 I cmd     : oneway function results will be dropped but finished with status OK and parcel size 4
05-29 02:15:44.313  6498  6500 I cmd     : oneway function results will be dropped but finished with status OK and parcel size 4
05-29 02:15:44.394  6510  6510 E libc    : Access denied finding property "persist.device_config.runtime_native_boot.profilebootclasspath"
05-29 02:15:44.394  6510  6510 E libc    : Access denied finding property "persist.device_config.runtime_native_boot.enable_apex_image"
05-29 02:15:44.394  6510  6510 I AndroidRuntime: Using default boot image
05-29 02:15:44.394  6510  6510 E libc    : Access denied finding property "persist.device_config.runtime_native_boot.disable_lock_profiling"
05-29 02:15:44.394  6510  6510 I AndroidRuntime: Leaving lock profiling enabled
05-29 02:15:44.394  6510  6510 E libc    : Access denied finding property "persist.device_config.runtime_native_boot.enable_generational_cc"
05-29 02:15:44.396  6510  6510 I app_process: Core platform API reporting enabled, enforcing=false
05-29 02:15:44.437  6510  6510 W app_process: Unexpected CPU variant for X86 using defaults: x86_64
05-29 02:15:44.438  6510  6510 I app_process: The ClassLoaderContext is a special shared library.
05-29 02:15:44.444  6510  6510 W app_process: JNI RegisterNativeMethods: attempt to register 0 native methods for android.media.AudioAttributes
05-29 02:15:44.571  2325  2325 E AccessibilityInteractionClient: 2 Disconnected nodes.
05-29 02:15:46.172   159   159 I hwservicemanager: getTransport: Cannot find entry android.hardware.graphics.mapper@4.0::IMapper/default in either framework or device manifest.
05-29 02:15:46.172  6543  6543 I Gralloc4: mapper 4.x is not supported
05-29 02:15:46.211  1461  2301 I MediaProvider: Begin Intent { act=android.intent.action.MEDIA_SCANNER_SCAN_FILE dat=file:///sdcard/screen_2026-05-29_021546.png flg=0x1400010 cmp=com.android.providers.media.module/com.android.providers.media.MediaService }
05-29 02:15:46.204  1461  1461 W com.android.providers.media.module: type=1400 audit(0.0:532): avc: denied { read } for comm=4173796E635461736B202331 name="primary" dev="tmpfs" ino=27351 scontext=u:r:mediaprovider_app:s0:c129,c256,c512,c768 tcontext=u:object_r:mnt_pass_through_file:s0 tclass=lnk_file permissive=0 app=com.android.providers.media.module
05-29 02:15:46.433     0     0 W audit   : audit_lost=378 audit_rate_limit=5 audit_backlog_limit=64
05-29 02:15:46.435     0     0 E audit   : rate limit exceeded
05-29 02:15:46.224  6547  6549 I cmd     : oneway function results will be dropped but finished with status OK and parcel size 4
05-29 02:15:46.226  1461  2301 W ModernMediaScanner: Failed to visit /sdcard/screen_2026-05-29_021546.png: java.nio.file.AccessDeniedException: /sdcard/screen_2026-05-29_021546.png
05-29 02:15:46.227  1461  2301 I MediaProvider: Scanned internal due to REASON_DEMAND, found 0 items in 14ms, 0 inserts 0 updates 0 deletes
05-29 02:15:46.227  1461  2301 I MediaProvider: End Intent { act=android.intent.action.MEDIA_SCANNER_SCAN_FILE dat=file:///sdcard/screen_2026-05-29_021546.png flg=0x1400010 cmp=com.android.providers.media.module/com.android.providers.media.MediaService }
05-29 02:15:46.204  1461  1461 W com.android.providers.media.module: type=1400 audit(0.0:533): avc: denied { read } for comm=4173796E635461736B202331 name="primary" dev="tmpfs" ino=27351 scontext=u:r:mediaprovider_app:s0:c129,c256,c512,c768 tcontext=u:object_r:mnt_pass_through_file:s0 tclass=lnk_file permissive=0 app=com.android.providers.media.module
05-29 02:15:46.208  1461  1461 I chatty  : uid=10129(com.android.providers.media.module) identical 2 lines
05-29 02:15:46.208  1461  1461 W com.android.providers.media.module: type=1400 audit(0.0:536): avc: denied { read } for comm=4173796E635461736B202331 name="primary" dev="tmpfs" ino=27351 scontext=u:r:mediaprovider_app:s0:c129,c256,c512,c768 tcontext=u:object_r:mnt_pass_through_file:s0 tclass=lnk_file permissive=0 app=com.android.providers.media.module
05-29 02:15:46.295  1461  1785 I MediaProvider: Deleted 1 items on external_primary due to com.android.shell
05-29 02:15:46.322  6558  6560 I cmd     : oneway function results will be dropped but finished with status OK and parcel size 4
05-29 02:15:46.450   159   159 I hwservicemanager: getTransport: Cannot find entry android.hardware.graphics.mapper@4.0::IMapper/default in either framework or device manifest.
05-29 02:15:46.450  6580  6580 I Gralloc4: mapper 4.x is not supported
05-29 02:15:46.486  6584  6586 I cmd     : oneway function results will be dropped but finished with status OK and parcel size 4
05-29 02:15:46.486  1461  2301 I MediaProvider: Begin Intent { act=android.intent.action.MEDIA_SCANNER_SCAN_FILE dat=file:///sdcard/screen_2026-05-29_021547.png flg=0x1400010 cmp=com.android.providers.media.module/com.android.providers.media.MediaService }
05-29 02:15:46.487  1461  2301 W ModernMediaScanner: Failed to visit /sdcard/screen_2026-05-29_021547.png: java.nio.file.AccessDeniedException: /sdcard/screen_2026-05-29_021547.png
05-29 02:15:46.488  1461  2301 I MediaProvider: Scanned internal due to REASON_DEMAND, found 0 items in 2ms, 0 inserts 0 updates 0 deletes
05-29 02:15:46.495  1461  2301 I MediaProvider: End Intent { act=android.intent.action.MEDIA_SCANNER_SCAN_FILE dat=file:///sdcard/screen_2026-05-29_021547.png flg=0x1400010 cmp=com.android.providers.media.module/com.android.providers.media.MediaService }
05-29 02:15:46.507  1445  1931 I Dialer  : VvmTaskExecutor - executing task com.android.voicemail.impl.ActivationTask@89d1596
05-29 02:15:46.507  1445  1931 I Dialer  : PreOMigrationHandler - ComponentInfo{com.android.phone/com.android.services.telephony.TelephonyConnectionService}, ***, UserHandle{0} already migrated
05-29 02:15:46.513  1461  1787 I MediaProvider: Deleted 1 items on external_primary due to com.android.shell
05-29 02:15:46.517   514   554 I ActivityManager: Start proc 6590:android.process.acore/u0a63 for content provider {com.android.providers.contacts/com.android.providers.contacts.VoicemailContentProvider}
05-29 02:15:46.520  6590  6590 W d.process.acor: Unexpected CPU variant for X86 using defaults: x86_64
05-29 02:15:46.522   394   405 I adbd    : jdwp connection from 6590
05-29 02:15:46.530  6590  6590 I d.process.acor: The ClassLoaderContext is a special shared library.
05-29 02:15:46.544  6590  6590 I d.process.acor: The ClassLoaderContext is a special shared library.
05-29 02:15:46.547  6590  6590 I d.process.acor: The ClassLoaderContext is a special shared library.
05-29 02:15:46.553  6590  6590 I ContactsPerf: VoicemailContentProvider.onCreate start
05-29 02:15:46.555  6590  6590 I ContactsPerf: VoicemailContentProvider.onCreate finish
05-29 02:15:46.559  6615  6618 I cmd     : oneway function results will be dropped but finished with status OK and parcel size 4
05-29 02:15:46.560  6590  6590 I ContactsDatabaseHelper: updateUseStrictPhoneNumberComparison: US
05-29 02:15:46.585  6590  6609 I VoicemailNotifier: receivers for android.intent.action.PROVIDER_CHANGED :[]
05-29 02:15:46.587  1445  1931 I Dialer  : VvmActivationTask - VVM content provider configured - vvm_type_cvvm
05-29 02:15:46.587  1445  1931 I Dialer  : OmtpVvmCarrierCfgHlpr - OmtpEvent:CONFIG_ACTIVATING
05-29 02:15:46.594  6590  6609 I VoicemailNotifier: receivers for android.intent.action.PROVIDER_CHANGED :[]
05-29 02:15:46.616  6590  6622 I ContactLocale: AddressBook Labels [[en_US]]: […, A, B, C, D, E, F, G, H, I, J, K, L, M, N, O, P, Q, R, S, T, U, V, W, X, Y, Z, Α, Β, Γ, Δ, Ε, Ζ, Η, Θ, Ι, Κ, Λ, Μ, Ν, Ξ, Ο, Π, Ρ, Σ, Τ, Υ, Φ, Χ, Ψ, Ω, …, А, Б, В, Г, Д, Ђ, Е, Є, Ж, З, И, І, Й, Ј, К, Л, Љ, М, Н, Њ, О, П, Р, С, Т, Ћ, У, Ф, Х, Ц, Ч, Џ, Ш, Щ, Ю, Я, …, א, ב, ג, ד, ה, ו, ז, ח, ט, י, כ, ל, מ, נ, ס, ע, פ, צ, ק, ר, ש, ת, …, ا, ب, ت, ث, ج, ح, خ, د, ذ, ر, ز, س, ش, ص, ض, ط, ظ, ع, غ, ف, ق, ك, ل, م, ن, ه, و, ي, …, ก, ข, ฃ, ค, ฅ, ฆ, ง, จ, ฉ, ช, ซ, ฌ, ญ, ฎ, ฏ, ฐ, ฑ, ฒ, ณ, ด, ต, ถ, ท, ธ, น, บ, ป, ผ, ฝ, พ, ฟ, ภ, ม, ย, ร, ฤ, ล, ฦ, ว, ศ, ษ, ส, ห, ฬ, อ, ฮ, …, ㄱ, ㄴ, ㄷ, ㄹ, ㅁ, ㅂ, ㅅ, ㅇ, ㅈ, ㅊ, ㅋ, ㅌ, ㅍ, ㅎ, …, あ, か, さ, た, な, は, ま, や, ら, わ, #, …]
05-29 02:15:46.641  6590  6622 I ContactDirectoryManager: deleted 0 stale rows which don't have any relevant directory
05-29 02:15:46.641  6590  6622 I ContactDirectoryManager: Discovered 0 contact directories in 1ms
05-29 02:15:46.734   159   159 I hwservicemanager: getTransport: Cannot find entry android.hardware.graphics.mapper@4.0::IMapper/default in either framework or device manifest.
05-29 02:15:46.734  6646  6646 I Gralloc4: mapper 4.x is not supported
05-29 02:15:46.777  1461  2301 I MediaProvider: Begin Intent { act=android.intent.action.MEDIA_SCANNER_SCAN_FILE dat=file:///sdcard/screen_2026-05-29_021547.png flg=0x1400010 cmp=com.android.providers.media.module/com.android.providers.media.MediaService }
05-29 02:15:46.777  1461  2301 W ModernMediaScanner: Failed to visit /sdcard/screen_2026-05-29_021547.png: java.nio.file.AccessDeniedException: /sdcard/screen_2026-05-29_021547.png
05-29 02:15:46.784  1461  2301 I MediaProvider: Scanned internal due to REASON_DEMAND, found 0 items in 6ms, 0 inserts 0 updates 0 deletes
05-29 02:15:46.785  1461  2301 I MediaProvider: End Intent { act=android.intent.action.MEDIA_SCANNER_SCAN_FILE dat=file:///sdcard/screen_2026-05-29_021547.png flg=0x1400010 cmp=com.android.providers.media.module/com.android.providers.media.MediaService }
05-29 02:15:46.802  1461  2605 I MediaProvider: Deleted 1 items on external_primary due to com.android.shell
05-29 02:15:46.827  6662  6664 I cmd     : oneway function results will be dropped but finished with status OK and parcel size 4
05-29 02:15:46.875  6677  6679 I cmd     : oneway function results will be dropped but finished with status OK and parcel size 4
05-29 02:15:46.923  6692  6694 I cmd     : oneway function results will be dropped but finished with status OK and parcel size 4
05-29 02:15:46.971  6707  6709 I cmd     : oneway function results will be dropped but finished with status OK and parcel size 4
05-29 02:15:47.050  6719  6719 E libc    : Access denied finding property "persist.device_config.runtime_native_boot.profilebootclasspath"
05-29 02:15:47.051  6719  6719 E libc    : Access denied finding property "persist.device_config.runtime_native_boot.enable_apex_image"
05-29 02:15:47.051  6719  6719 I AndroidRuntime: Using default boot image
05-29 02:15:47.051  6719  6719 E libc    : Access denied finding property "persist.device_config.runtime_native_boot.disable_lock_profiling"
05-29 02:15:47.051  6719  6719 I AndroidRuntime: Leaving lock profiling enabled
05-29 02:15:47.051  6719  6719 E libc    : Access denied finding property "persist.device_config.runtime_native_boot.enable_generational_cc"
05-29 02:15:47.052  6719  6719 I app_process: Core platform API reporting enabled, enforcing=false
05-29 02:15:47.091  6719  6719 W app_process: Unexpected CPU variant for X86 using defaults: x86_64
05-29 02:15:47.092  6719  6719 I app_process: The ClassLoaderContext is a special shared library.
05-29 02:15:47.098  6719  6719 W app_process: JNI RegisterNativeMethods: attempt to register 0 native methods for android.media.AudioAttributes
05-29 02:15:47.119  2325  2325 E AccessibilityInteractionClient: 2 Disconnected nodes.
05-29 02:15:48.816   159   159 I hwservicemanager: getTransport: Cannot find entry android.hardware.graphics.mapper@4.0::IMapper/default in either framework or device manifest.
05-29 02:15:48.817  6753  6753 I Gralloc4: mapper 4.x is not supported
05-29 02:15:48.861  6757  6759 I cmd     : oneway function results will be dropped but finished with status OK and parcel size 4
05-29 02:15:48.862  1461  2301 I MediaProvider: Begin Intent { act=android.intent.action.MEDIA_SCANNER_SCAN_FILE dat=file:///sdcard/screen_2026-05-29_021549.png flg=0x1400010 cmp=com.android.providers.media.module/com.android.providers.media.MediaService }
05-29 02:15:48.856  1461  1461 W com.android.providers.media.module: type=1400 audit(0.0:554): avc: denied { read } for comm=4173796E635461736B202331 name="primary" dev="tmpfs" ino=27351 scontext=u:r:mediaprovider_app:s0:c129,c256,c512,c768 tcontext=u:object_r:mnt_pass_through_file:s0 tclass=lnk_file permissive=0 app=com.android.providers.media.module
05-29 02:15:49.087     0     0 W audit   : audit_lost=395 audit_rate_limit=5 audit_backlog_limit=64
05-29 02:15:49.093     0     0 E audit   : rate limit exceeded
05-29 02:15:48.864  1461  1461 W com.android.providers.media.module: type=1400 audit(0.0:555): avc: denied { read } for comm=4173796E635461736B202331 name="primary" dev="tmpfs" ino=27351 scontext=u:r:mediaprovider_app:s0:c129,c256,c512,c768 tcontext=u:object_r:mnt_pass_through_file:s0 tclass=lnk_file permissive=0 app=com.android.providers.media.module
05-29 02:15:48.881  1461  2301 W ModernMediaScanner: Failed to visit /sdcard/screen_2026-05-29_021549.png: java.nio.file.AccessDeniedException: /sdcard/screen_2026-05-29_021549.png
05-29 02:15:48.881  1461  2301 I MediaProvider: Scanned internal due to REASON_DEMAND, found 0 items in 16ms, 0 inserts 0 updates 0 deletes
05-29 02:15:48.882  1461  2301 I MediaProvider: End Intent { act=android.intent.action.MEDIA_SCANNER_SCAN_FILE dat=file:///sdcard/screen_2026-05-29_021549.png flg=0x1400010 cmp=com.android.providers.media.module/com.android.providers.media.MediaService }
05-29 02:15:48.864  1461  1461 W com.android.providers.media.module: type=1400 audit(0.0:556): avc: denied { read } for comm=4173796E635461736B202331 name="primary" dev="tmpfs" ino=27351 scontext=u:r:mediaprovider_app:s0:c129,c256,c512,c768 tcontext=u:object_r:mnt_pass_through_file:s0 tclass=lnk_file permissive=0 app=com.android.providers.media.module
05-29 02:15:48.960  1461  2605 I MediaProvider: Deleted 1 items on external_primary due to com.android.shell
05-29 02:15:48.987  6768  6770 I cmd     : oneway function results will be dropped but finished with status OK and parcel size 4
05-29 02:15:49.107   159   159 I hwservicemanager: getTransport: Cannot find entry android.hardware.graphics.mapper@4.0::IMapper/default in either framework or device manifest.
05-29 02:15:49.107  6790  6790 I Gralloc4: mapper 4.x is not supported
05-29 02:15:49.152  6794  6796 I cmd     : oneway function results will be dropped but finished with status OK and parcel size 4
05-29 02:15:49.153  1461  2301 I MediaProvider: Begin Intent { act=android.intent.action.MEDIA_SCANNER_SCAN_FILE dat=file:///sdcard/screen_2026-05-29_021549.png flg=0x1400010 cmp=com.android.providers.media.module/com.android.providers.media.MediaService }
05-29 02:15:49.154  1461  2301 W ModernMediaScanner: Failed to visit /sdcard/screen_2026-05-29_021549.png: java.nio.file.AccessDeniedException: /sdcard/screen_2026-05-29_021549.png
05-29 02:15:49.155  1461  2301 I MediaProvider: Scanned internal due to REASON_DEMAND, found 0 items in 0ms, 0 inserts 0 updates 0 deletes
05-29 02:15:49.155  1461  2301 I MediaProvider: End Intent { act=android.intent.action.MEDIA_SCANNER_SCAN_FILE dat=file:///sdcard/screen_2026-05-29_021549.png flg=0x1400010 cmp=com.android.providers.media.module/com.android.providers.media.MediaService }
05-29 02:15:49.216  1461  1787 I MediaProvider: Deleted 1 items on external_primary due to com.android.shell
05-29 02:15:49.244  6805  6807 I cmd     : oneway function results will be dropped but finished with status OK and parcel size 4
05-29 02:15:49.371   159   159 I hwservicemanager: getTransport: Cannot find entry android.hardware.graphics.mapper@4.0::IMapper/default in either framework or device manifest.
05-29 02:15:49.371  6827  6827 I Gralloc4: mapper 4.x is not supported
05-29 02:15:49.416  6831  6833 I cmd     : oneway function results will be dropped but finished with status OK and parcel size 4
05-29 02:15:49.417  1461  2301 I MediaProvider: Begin Intent { act=android.intent.action.MEDIA_SCANNER_SCAN_FILE dat=file:///sdcard/screen_2026-05-29_021550.png flg=0x1400010 cmp=com.android.providers.media.module/com.android.providers.media.MediaService }
05-29 02:15:49.418  1461  2301 W ModernMediaScanner: Failed to visit /sdcard/screen_2026-05-29_021550.png: java.nio.file.AccessDeniedException: /sdcard/screen_2026-05-29_021550.png
05-29 02:15:49.418  1461  2301 I MediaProvider: Scanned internal due to REASON_DEMAND, found 0 items in 1ms, 0 inserts 0 updates 0 deletes
05-29 02:15:49.419  1461  2301 I MediaProvider: End Intent { act=android.intent.action.MEDIA_SCANNER_SCAN_FILE dat=file:///sdcard/screen_2026-05-29_021550.png flg=0x1400010 cmp=com.android.providers.media.module/com.android.providers.media.MediaService }
05-29 02:15:49.482  1461  1785 I MediaProvider: Deleted 1 items on external_primary due to com.android.shell
05-29 02:15:49.508  6842  6844 I cmd     : oneway function results will be dropped but finished with status OK and parcel size 4
05-29 02:15:49.557  6857  6859 I cmd     : oneway function results will be dropped but finished with status OK and parcel size 4
05-29 02:15:49.606  6872  6874 I cmd     : oneway function results will be dropped but finished with status OK and parcel size 4
05-29 02:15:49.654  6887  6889 I cmd     : oneway function results will be dropped but finished with status OK and parcel size 4
05-29 02:15:49.742  6899  6899 E libc    : Access denied finding property "persist.device_config.runtime_native_boot.profilebootclasspath"
05-29 02:15:49.742  6899  6899 E libc    : Access denied finding property "persist.device_config.runtime_native_boot.enable_apex_image"
05-29 02:15:49.742  6899  6899 I AndroidRuntime: Using default boot image
05-29 02:15:49.742  6899  6899 E libc    : Access denied finding property "persist.device_config.runtime_native_boot.disable_lock_profiling"
05-29 02:15:49.742  6899  6899 I AndroidRuntime: Leaving lock profiling enabled
05-29 02:15:49.742  6899  6899 E libc    : Access denied finding property "persist.device_config.runtime_native_boot.enable_generational_cc"
05-29 02:15:49.744  6899  6899 I app_process: Core platform API reporting enabled, enforcing=false
05-29 02:15:49.785  6899  6899 W app_process: Unexpected CPU variant for X86 using defaults: x86_64
05-29 02:15:49.785  6899  6899 I app_process: The ClassLoaderContext is a special shared library.
05-29 02:15:49.792  6899  6899 W app_process: JNI RegisterNativeMethods: attempt to register 0 native methods for android.media.AudioAttributes
05-29 02:15:51.504   159   159 I hwservicemanager: getTransport: Cannot find entry android.hardware.graphics.mapper@4.0::IMapper/default in either framework or device manifest.
05-29 02:15:51.504  6932  6932 I Gralloc4: mapper 4.x is not supported
05-29 02:15:51.540  6936  6938 I cmd     : oneway function results will be dropped but finished with status OK and parcel size 4
05-29 02:15:51.540  1461  2301 I MediaProvider: Begin Intent { act=android.intent.action.MEDIA_SCANNER_SCAN_FILE dat=file:///sdcard/screen_2026-05-29_021552.png flg=0x1400010 cmp=com.android.providers.media.module/com.android.providers.media.MediaService }
05-29 02:15:51.762     0     0 W audit   : audit_lost=412 audit_rate_limit=5 audit_backlog_limit=64
05-29 02:15:51.763     0     0 E audit   : rate limit exceeded
05-29 02:15:51.544  1461  2301 W ModernMediaScanner: Failed to visit /sdcard/screen_2026-05-29_021552.png: java.nio.file.AccessDeniedException: /sdcard/screen_2026-05-29_021552.png
05-29 02:15:51.544  1461  2301 I MediaProvider: Scanned internal due to REASON_DEMAND, found 0 items in 4ms, 0 inserts 0 updates 0 deletes
05-29 02:15:51.545  1461  2301 I MediaProvider: End Intent { act=android.intent.action.MEDIA_SCANNER_SCAN_FILE dat=file:///sdcard/screen_2026-05-29_021552.png flg=0x1400010 cmp=com.android.providers.media.module/com.android.providers.media.MediaService }
05-29 02:15:51.536  1461  1461 W com.android.providers.media.module: type=1400 audit(0.0:576): avc: denied { read } for comm=4173796E635461736B202331 name="primary" dev="tmpfs" ino=27351 scontext=u:r:mediaprovider_app:s0:c129,c256,c512,c768 tcontext=u:object_r:mnt_pass_through_file:s0 tclass=lnk_file permissive=0 app=com.android.providers.media.module
05-29 02:15:51.632  1461  2605 I MediaProvider: Deleted 1 items on external_primary due to com.android.shell
05-29 02:15:51.658  6947  6949 I cmd     : oneway function results will be dropped but finished with status OK and parcel size 4
05-29 02:15:51.778   159   159 I hwservicemanager: getTransport: Cannot find entry android.hardware.graphics.mapper@4.0::IMapper/default in either framework or device manifest.
05-29 02:15:51.779  6969  6969 I Gralloc4: mapper 4.x is not supported
05-29 02:15:51.832  6975  6977 I cmd     : oneway function results will be dropped but finished with status OK and parcel size 4
05-29 02:15:51.833  1461  2301 I MediaProvider: Begin Intent { act=android.intent.action.MEDIA_SCANNER_SCAN_FILE dat=file:///sdcard/screen_2026-05-29_021552.png flg=0x1400010 cmp=com.android.providers.media.module/com.android.providers.media.MediaService }
05-29 02:15:51.834  1461  2301 W ModernMediaScanner: Failed to visit /sdcard/screen_2026-05-29_021552.png: java.nio.file.AccessDeniedException: /sdcard/screen_2026-05-29_021552.png
05-29 02:15:51.836  1461  2301 I MediaProvider: Scanned internal due to REASON_DEMAND, found 0 items in 1ms, 0 inserts 0 updates 0 deletes
05-29 02:15:51.837  1461  2301 I MediaProvider: End Intent { act=android.intent.action.MEDIA_SCANNER_SCAN_FILE dat=file:///sdcard/screen_2026-05-29_021552.png flg=0x1400010 cmp=com.android.providers.media.module/com.android.providers.media.MediaService }
05-29 02:15:51.856  1461  1787 I MediaProvider: Deleted 1 items on external_primary due to com.android.shell
05-29 02:15:51.881  6986  6988 I cmd     : oneway function results will be dropped but finished with status OK and parcel size 4
05-29 02:15:52.010   159   159 I hwservicemanager: getTransport: Cannot find entry android.hardware.graphics.mapper@4.0::IMapper/default in either framework or device manifest.
05-29 02:15:52.010  7008  7008 I Gralloc4: mapper 4.x is not supported
05-29 02:15:52.047  7012  7014 I cmd     : oneway function results will be dropped but finished with status OK and parcel size 4
05-29 02:15:52.048  1461  2301 I MediaProvider: Begin Intent { act=android.intent.action.MEDIA_SCANNER_SCAN_FILE dat=file:///sdcard/screen_2026-05-29_021552.png flg=0x1400010 cmp=com.android.providers.media.module/com.android.providers.media.MediaService }
05-29 02:15:52.049  1461  2301 W ModernMediaScanner: Failed to visit /sdcard/screen_2026-05-29_021552.png: java.nio.file.AccessDeniedException: /sdcard/screen_2026-05-29_021552.png
05-29 02:15:52.050  1461  2301 I MediaProvider: Scanned internal due to REASON_DEMAND, found 0 items in 1ms, 0 inserts 0 updates 0 deletes
05-29 02:15:52.050  1461  2301 I MediaProvider: End Intent { act=android.intent.action.MEDIA_SCANNER_SCAN_FILE dat=file:///sdcard/screen_2026-05-29_021552.png flg=0x1400010 cmp=com.android.providers.media.module/com.android.providers.media.MediaService }
05-29 02:15:52.070  1461  1785 I MediaProvider: Deleted 1 items on external_primary due to com.android.shell
05-29 02:15:52.144  7038  7040 I cmd     : oneway function results will be dropped but finished with status OK and parcel size 4
05-29 02:15:52.194  7053  7055 I cmd     : oneway function results will be dropped but finished with status OK and parcel size 4
05-29 02:15:52.245  7068  7070 I cmd     : oneway function results will be dropped but finished with status OK and parcel size 4
05-29 02:15:52.325  7080  7080 E libc    : Access denied finding property "persist.device_config.runtime_native_boot.profilebootclasspath"
05-29 02:15:52.325  7080  7080 E libc    : Access denied finding property "persist.device_config.runtime_native_boot.enable_apex_image"
05-29 02:15:52.325  7080  7080 I AndroidRuntime: Using default boot image
05-29 02:15:52.325  7080  7080 E libc    : Access denied finding property "persist.device_config.runtime_native_boot.disable_lock_profiling"
05-29 02:15:52.325  7080  7080 I AndroidRuntime: Leaving lock profiling enabled
05-29 02:15:52.325  7080  7080 E libc    : Access denied finding property "persist.device_config.runtime_native_boot.enable_generational_cc"
05-29 02:15:52.326  7080  7080 I app_process: Core platform API reporting enabled, enforcing=false
05-29 02:15:52.366  7080  7080 W app_process: Unexpected CPU variant for X86 using defaults: x86_64
05-29 02:15:52.367  7080  7080 I app_process: The ClassLoaderContext is a special shared library.
05-29 02:15:52.374  7080  7080 W app_process: JNI RegisterNativeMethods: attempt to register 0 native methods for android.media.AudioAttributes
05-29 02:15:52.486  2325  2325 E AccessibilityInteractionClient: 3 Disconnected nodes.
05-29 02:15:54.090   159   159 I hwservicemanager: getTransport: Cannot find entry android.hardware.graphics.mapper@4.0::IMapper/default in either framework or device manifest.
05-29 02:15:54.090  7115  7115 I Gralloc4: mapper 4.x is not supported
05-29 02:15:54.125  7119  7121 I cmd     : oneway function results will be dropped but finished with status OK and parcel size 4
05-29 02:15:54.126  1461  2301 I MediaProvider: Begin Intent { act=android.intent.action.MEDIA_SCANNER_SCAN_FILE dat=file:///sdcard/screen_2026-05-29_021554.png flg=0x1400010 cmp=com.android.providers.media.module/com.android.providers.media.MediaService }
05-29 02:15:54.120  1461  1461 W com.android.providers.media.module: type=1400 audit(0.0:598): avc: denied { read } for comm=4173796E635461736B202331 name="primary" dev="tmpfs" ino=27351 scontext=u:r:mediaprovider_app:s0:c129,c256,c512,c768 tcontext=u:object_r:mnt_pass_through_file:s0 tclass=lnk_file permissive=0 app=com.android.providers.media.module
05-29 02:15:54.347     0     0 W audit   : audit_lost=429 audit_rate_limit=5 audit_backlog_limit=64
05-29 02:15:54.359     0     0 E audit   : rate limit exceeded
05-29 02:15:54.120  1461  1461 W com.android.providers.media.module: type=1400 audit(0.0:599): avc: denied { read } for comm=4173796E635461736B202331 name="primary" dev="tmpfs" ino=27351 scontext=u:r:mediaprovider_app:s0:c129,c256,c512,c768 tcontext=u:object_r:mnt_pass_through_file:s0 tclass=lnk_file permissive=0 app=com.android.providers.media.module
05-29 02:15:54.146  1461  2301 W ModernMediaScanner: Failed to visit /sdcard/screen_2026-05-29_021554.png: java.nio.file.AccessDeniedException: /sdcard/screen_2026-05-29_021554.png
05-29 02:15:54.147  1461  2301 I MediaProvider: Scanned internal due to REASON_DEMAND, found 0 items in 20ms, 0 inserts 0 updates 0 deletes
05-29 02:15:54.147  1461  2301 I MediaProvider: End Intent { act=android.intent.action.MEDIA_SCANNER_SCAN_FILE dat=file:///sdcard/screen_2026-05-29_021554.png flg=0x1400010 cmp=com.android.providers.media.module/com.android.providers.media.MediaService }
05-29 02:15:54.120  1461  1461 W com.android.providers.media.module: type=1400 audit(0.0:600): avc: denied { read } for comm=4173796E635461736B202331 name="primary" dev="tmpfs" ino=27351 scontext=u:r:mediaprovider_app:s0:c129,c256,c512,c768 tcontext=u:object_r:mnt_pass_through_file:s0 tclass=lnk_file permissive=0 app=com.android.providers.media.module
05-29 02:15:54.212  1461  2605 I MediaProvider: Deleted 1 items on external_primary due to com.android.shell
05-29 02:15:54.238  7130  7132 I cmd     : oneway function results will be dropped but finished with status OK and parcel size 4
05-29 02:15:54.365   159   159 I hwservicemanager: getTransport: Cannot find entry android.hardware.graphics.mapper@4.0::IMapper/default in either framework or device manifest.
05-29 02:15:54.365  7152  7152 I Gralloc4: mapper 4.x is not supported
05-29 02:15:54.400  7156  7158 I cmd     : oneway function results will be dropped but finished with status OK and parcel size 4
05-29 02:15:54.400  1461  2301 I MediaProvider: Begin Intent { act=android.intent.action.MEDIA_SCANNER_SCAN_FILE dat=file:///sdcard/screen_2026-05-29_021555.png flg=0x1400010 cmp=com.android.providers.media.module/com.android.providers.media.MediaService }
05-29 02:15:54.401  1461  2301 W ModernMediaScanner: Failed to visit /sdcard/screen_2026-05-29_021555.png: java.nio.file.AccessDeniedException: /sdcard/screen_2026-05-29_021555.png
05-29 02:15:54.402  1461  2301 I MediaProvider: Scanned internal due to REASON_DEMAND, found 0 items in 1ms, 0 inserts 0 updates 0 deletes
05-29 02:15:54.403  1461  2301 I MediaProvider: End Intent { act=android.intent.action.MEDIA_SCANNER_SCAN_FILE dat=file:///sdcard/screen_2026-05-29_021555.png flg=0x1400010 cmp=com.android.providers.media.module/com.android.providers.media.MediaService }
05-29 02:15:54.468  1461  1787 I MediaProvider: Deleted 1 items on external_primary due to com.android.shell
05-29 02:15:54.501  7167  7169 I cmd     : oneway function results will be dropped but finished with status OK and parcel size 4
05-29 02:15:54.623   159   159 I hwservicemanager: getTransport: Cannot find entry android.hardware.graphics.mapper@4.0::IMapper/default in either framework or device manifest.
05-29 02:15:54.623  7189  7189 I Gralloc4: mapper 4.x is not supported
05-29 02:15:54.659  7193  7195 I cmd     : oneway function results will be dropped but finished with status OK and parcel size 4
05-29 02:15:54.660  1461  2301 I MediaProvider: Begin Intent { act=android.intent.action.MEDIA_SCANNER_SCAN_FILE dat=file:///sdcard/screen_2026-05-29_021555.png flg=0x1400010 cmp=com.android.providers.media.module/com.android.providers.media.MediaService }
05-29 02:15:54.662  1461  2301 W ModernMediaScanner: Failed to visit /sdcard/screen_2026-05-29_021555.png: java.nio.file.AccessDeniedException: /sdcard/screen_2026-05-29_021555.png
05-29 02:15:54.662  1461  2301 I MediaProvider: Scanned internal due to REASON_DEMAND, found 0 items in 1ms, 0 inserts 0 updates 0 deletes
05-29 02:15:54.662  1461  2301 I MediaProvider: End Intent { act=android.intent.action.MEDIA_SCANNER_SCAN_FILE dat=file:///sdcard/screen_2026-05-29_021555.png flg=0x1400010 cmp=com.android.providers.media.module/com.android.providers.media.MediaService }
05-29 02:15:54.724  1461  1785 I MediaProvider: Deleted 1 items on external_primary due to com.android.shell
05-29 02:15:54.750  7204  7206 I cmd     : oneway function results will be dropped but finished with status OK and parcel size 4
05-29 02:15:54.802  7219  7221 I cmd     : oneway function results will be dropped but finished with status OK and parcel size 4
05-29 02:15:54.853  7234  7236 I cmd     : oneway function results will be dropped but finished with status OK and parcel size 4
05-29 02:15:54.916  7251  7253 I cmd     : oneway function results will be dropped but finished with status OK and parcel size 4
05-29 02:15:54.995  7263  7263 E libc    : Access denied finding property "persist.device_config.runtime_native_boot.profilebootclasspath"
05-29 02:15:54.995  7263  7263 E libc    : Access denied finding property "persist.device_config.runtime_native_boot.enable_apex_image"
05-29 02:15:54.995  7263  7263 I AndroidRuntime: Using default boot image
05-29 02:15:54.995  7263  7263 E libc    : Access denied finding property "persist.device_config.runtime_native_boot.disable_lock_profiling"
05-29 02:15:54.995  7263  7263 I AndroidRuntime: Leaving lock profiling enabled
05-29 02:15:54.995  7263  7263 E libc    : Access denied finding property "persist.device_config.runtime_native_boot.enable_generational_cc"
05-29 02:15:54.997  7263  7263 I app_process: Core platform API reporting enabled, enforcing=false
05-29 02:15:55.037  7263  7263 W app_process: Unexpected CPU variant for X86 using defaults: x86_64
05-29 02:15:55.038  7263  7263 I app_process: The ClassLoaderContext is a special shared library.
05-29 02:15:55.044  7263  7263 W app_process: JNI RegisterNativeMethods: attempt to register 0 native methods for android.media.AudioAttributes
05-29 02:15:55.069  2325  2325 E AccessibilityInteractionClient: 3 Disconnected nodes.
05-29 02:15:56.774   159   159 I hwservicemanager: getTransport: Cannot find entry android.hardware.graphics.mapper@4.0::IMapper/default in either framework or device manifest.
05-29 02:15:56.774  7295  7295 I Gralloc4: mapper 4.x is not supported
05-29 02:15:56.819  7299  7301 I cmd     : oneway function results will be dropped but finished with status OK and parcel size 4
05-29 02:15:56.819  1461  2301 I MediaProvider: Begin Intent { act=android.intent.action.MEDIA_SCANNER_SCAN_FILE dat=file:///sdcard/screen_2026-05-29_021557.png flg=0x1400010 cmp=com.android.providers.media.module/com.android.providers.media.MediaService }
05-29 02:15:56.816  1461  1461 W com.android.providers.media.module: type=1400 audit(0.0:620): avc: denied { read } for comm=4173796E635461736B202331 name="primary" dev="tmpfs" ino=27351 scontext=u:r:mediaprovider_app:s0:c129,c256,c512,c768 tcontext=u:object_r:mnt_pass_through_file:s0 tclass=lnk_file permissive=0 app=com.android.providers.media.module
05-29 02:15:56.839  1461  2301 W ModernMediaScanner: Failed to visit /sdcard/screen_2026-05-29_021557.png: java.nio.file.AccessDeniedException: /sdcard/screen_2026-05-29_021557.png
05-29 02:15:57.042     0     0 W audit   : audit_lost=446 audit_rate_limit=5 audit_backlog_limit=64
05-29 02:15:57.051     0     0 E audit   : rate limit exceeded
05-29 02:15:56.839  1461  2301 I MediaProvider: Scanned internal due to REASON_DEMAND, found 0 items in 19ms, 0 inserts 0 updates 0 deletes
05-29 02:15:56.840  1461  2301 I MediaProvider: End Intent { act=android.intent.action.MEDIA_SCANNER_SCAN_FILE dat=file:///sdcard/screen_2026-05-29_021557.png flg=0x1400010 cmp=com.android.providers.media.module/com.android.providers.media.MediaService }
05-29 02:15:56.816  1461  1461 W com.android.providers.media.module: type=1400 audit(0.0:621): avc: denied { read } for comm=4173796E635461736B202331 name="primary" dev="tmpfs" ino=27351 scontext=u:r:mediaprovider_app:s0:c129,c256,c512,c768 tcontext=u:object_r:mnt_pass_through_file:s0 tclass=lnk_file permissive=0 app=com.android.providers.media.module
05-29 02:15:56.880  1461  2605 I MediaProvider: Deleted 1 items on external_primary due to com.android.shell
05-29 02:15:56.907  7310  7312 I cmd     : oneway function results will be dropped but finished with status OK and parcel size 4
05-29 02:15:57.043   159   159 I hwservicemanager: getTransport: Cannot find entry android.hardware.graphics.mapper@4.0::IMapper/default in either framework or device manifest.
05-29 02:15:57.043  7334  7334 I Gralloc4: mapper 4.x is not supported
05-29 02:15:57.091  7338  7340 I cmd     : oneway function results will be dropped but finished with status OK and parcel size 4
