05-28 05:11:41.060  3840  3840 I AndroidRuntime: Leaving lock profiling enabled
05-28 05:11:41.060  3840  3840 E libc    : Access denied finding property "persist.device_config.runtime_native_boot.enable_generational_cc"
05-28 05:11:41.056  3840  3840 W app_process: type=1400 audit(0.0:70): avc: denied { read } for name="u:object_r:device_config_runtime_native_boot_prop:s0" dev="tmpfs" ino=454 scontext=u:r:shell:s0 tcontext=u:object_r:device_config_runtime_native_boot_prop:s0 tclass=file permissive=0
05-28 05:11:41.062  3840  3840 I app_process: Core platform API reporting enabled, enforcing=false
05-28 05:11:41.056  3840  3840 W app_process: type=1400 audit(0.0:71): avc: denied { read } for name="u:object_r:device_config_runtime_native_boot_prop:s0" dev="tmpfs" ino=454 scontext=u:r:shell:s0 tcontext=u:object_r:device_config_runtime_native_boot_prop:s0 tclass=file permissive=0
05-28 05:11:41.101  3840  3840 W app_process: Unexpected CPU variant for X86 using defaults: x86_64
05-28 05:11:41.102  3840  3840 I app_process: The ClassLoaderContext is a special shared library.
05-28 05:11:41.108  3840  3840 W app_process: JNI RegisterNativeMethods: attempt to register 0 native methods for android.media.AudioAttributes
05-28 05:11:41.321  2674  2810 I System.out: 05:11:41.321 [DefaultDispatcher-worker-7] INFO io.ktor.client.HttpClient - REQUEST: https://pokeapi.co/api/v2/pokemon/bulbasaur
05-28 05:11:41.321  2674  2810 I System.out: METHOD: HttpMethod(value=GET)
05-28 05:11:41.321  2674  2810 I System.out: COMMON HEADERS
05-28 05:11:41.321  2674  2810 I System.out: -> Accept: application/json
05-28 05:11:41.321  2674  2810 I System.out: -> Accept-Charset: UTF-8
05-28 05:11:41.321  2674  2810 I System.out: -> Content-Type: application/json
05-28 05:11:41.321  2674  2810 I System.out: CONTENT HEADERS
05-28 05:11:41.321  2674  2810 I System.out: -> Content-Length: 0
05-28 05:11:41.321  2674  2810 I System.out: BODY Content-Type: null
05-28 05:11:41.321  2674  2810 I System.out: BODY START
05-28 05:11:41.321  2674  2810 I System.out: 
05-28 05:11:41.321  2674  2810 I System.out: BODY END
05-28 05:11:41.451  2674  2805 I System.out: 05:11:41.429 [DefaultDispatcher-worker-2] INFO io.ktor.client.HttpClient - RESPONSE: 200 OK
05-28 05:11:41.451  2674  2805 I System.out: METHOD: HttpMethod(value=GET)
05-28 05:11:41.451  2674  2805 I System.out: FROM: https://pokeapi.co/api/v2/pokemon/bulbasaur
05-28 05:11:41.451  2674  2805 I System.out: COMMON HEADERS
05-28 05:11:41.451  2674  2805 I System.out: -> access-control-allow-origin: *
05-28 05:11:41.451  2674  2805 I System.out: -> access-control-expose-headers: X-PokeAPI-Hash,X-PokeAPI-Deploy-Date
05-28 05:11:41.451  2674  2805 I System.out: -> age: 72868
05-28 05:11:41.451  2674  2805 I System.out: -> alt-svc: h3=":443"; ma=86400
05-28 05:11:41.451  2674  2805 I System.out: -> cache-control: public, max-age=86400, s-maxage=86400
05-28 05:11:41.451  2674  2805 I System.out: -> cf-cache-status: HIT
05-28 05:11:41.451  2674  2805 I System.out: -> cf-ray: a02ac296e9396ad3-SJC
05-28 05:11:41.451  2674  2805 I System.out: -> connection: keep-alive
05-28 05:11:41.451  2674  2805 I System.out: -> content-type: application/json; charset=utf-8
05-28 05:11:41.451  2674  2805 I System.out: -> date: Thu, 28 May 2026 05:11:41 GMT
05-28 05:11:41.451  2674  2805 I System.out: -> etag: W/"41ad6-DjKZLuJ1Lydzi6DxM+a0Oor5Ru0"
05-28 05:11:41.451  2674  2805 I System.out: -> function-execution-id: m6tm7atnyfcd
05-28 05:11:41.451  2674  2805 I System.out: -> nel: {"report_to":"cf-nel","success_fraction":0.0,"max_age":604800}
05-28 05:11:41.451  2674  2805 I System.out: -> report-to: {"group":"cf-nel","max_age":604800,"endpoints":[{"url":"https://a.nel.cloudflare.com/report/v4?s=nX%2Fst9QZN2FQblEByvkx%2FP4FshEFUVZlUpd16YMW%2Fz2QJqYnjszDkgLy49xNgz7ty%2FaI0yFTSwf%2B4jdDFECo9%2FGc5XCXiU0Jcf88xabRyfzTwXjTTY5k4Q%2FYOiWT"}]}
05-28 05:11:41.451  2674  2805 I System.out: -> server: cloudflare
05-28 05:11:41.451  2674  2805 I System.out: -> strict-transport-security: max-age=31556926
05-28 05:11:41.451  2674  2805 I System.out: -> transfer-encoding: chunked
05-28 05:11:41.451  2674  2805 I System.out: -> vary: Accept-Encoding,cookie,need-authorization, x-fh-requested-host, accept-encoding
05-28 05:11:41.451  2674  2805 I System.out: -> x-android-received-millis: 1779945101339
05-28 05:11:41.451  2674  2805 I System.out: -> x-android-response-source: NETWORK 200
05-28 05:11:41.451  2674  2805 I System.out: -> x-android-selected-protocol: http/1.1
05-28 05:11:41.451  2674  2805 I System.out: -> x-android-sent-millis: 1779945101323
05-28 05:11:41.451  2674  2805 I System.out: -> x-cache: HIT
05-28 05:11:41.451  2674  2805 I System.out: -> x-cache-hits: 0
05-28 05:11:41.451  2674  2805 I System.out: -> x-cloud-trace-context: c1fdf054490e4650c30750a5c163fa0e
05-28 05:11:41.451  2674  2805 I System.out: -> x-country-code: US
05-28 05:11:41.451  2674  2805 I System.out: -> x-orig-accept-language: en-US
05-28 05:11:41.451  2674  2805 I System.out: -> x-pokeapi-deploy-date: 1777467995
05-28 05:11:41.451  2674  2805 I System.out: -> x-pokeapi-hash: 6465e037c889ae5e3ebe23334ca76e03cd26bba1
05-28 05:11:41.451  2674  2805 I System.out: -> x-powered-by: Express
05-28 05:11:41.451  2674  2805 I System.out: -> x-served-by: cache-bfi-krnt7300060-BFI
05-28 05:11:41.451  2674  2805 I System.out: -> x-timer: S1777709167.134290,VS0,VE348
05-28 05:11:41.451  2674  2805 I System.out: BODY Content-Type: application/json; charset=utf-8
05-28 05:11:41.451  2674  2805 I System.out: BODY START
05-28 05:11:41.454  2674  2805 I System.out: {"abilities":[{"ability":{"name":"overgrow","url":"https://pokeapi.co/api/v2/ability/65/"},"is_hidden":false,"slot":1},{"ability":{"name":"chlorophyll","url":"https://pokeapi.co/api/v2/ability/34/"},"is_hidden":true,"slot":3}],"base_experience":64,"cries":{"latest":"https://raw.githubusercontent.com/PokeAPI/cries/main/cries/pokemon/latest/1.ogg","legacy":"https://raw.githubusercontent.com/PokeAPI/cries/main/cries/pokemon/legacy/1.ogg"},"forms":[{"name":"bulbasaur","url":"https://pokeapi.co/api/v2/pokemon-form/1/"}],"game_indices":[{"game_index":153,"version":{"name":"red","url":"https://pokeapi.co/api/v2/version/1/"}},{"game_index":153,"version":{"name":"blue","url":"https://pokeapi.co/api/v2/version/2/"}},{"game_index":153,"version":{"name":"yellow","url":"https://pokeapi.co/api/v2/version/3/"}},{"game_index":1,"version":{"name":"gold","url":"https://pokeapi.co/api/v2/version/4/"}},{"game_index":1,"version":{"name":"silver","url":"https://pokeapi.co/api/v2/version/5/"}},{"game_index":1,"version":{"name":"crystal","url":"https://pokeapi.co/api/v2/version/6/"}},{"game_index":1,"version":{"name":"ruby","url":"https://pokeapi.co/api/v2/version/7/"}},{"game_index":1,"version":{"name":"sapphire","url":"https://pokeapi.co/api/v2/version/8/"}},{"game_index":1,"version":{"name":"emerald","url":"https://pokeapi.co/api/v2/version/9/"}},{"game_index":1,"version":{"name":"firered","url":"https://pokeapi.co/api/v2/version/10/"}},{"game_index":1,"version":{"name":"leafgreen","url":"https://pokeapi.co/api/v2/version/11/"}},{"game_index":1,"version":{"name":"diamond","url":"https://pokeapi.co/api/v2/version/12/"}},{"game_index":1,"version":{"name":"pearl","url":"https://pokeapi.co/api/v2/version/13/"}},{"game_index":1,"version":{"name":"platinum","url":"https://pokeapi.co/api/v2/version/14/"}},{"game_index":1,"version":{"name":"heartgold","url":"https://pokeapi.co/api/v2/version/15/"}},{"game_index":1,"version":{"name":"soulsilver","url":"https://pokeapi.co/api/v2/version/16/"}},{"game_index":1,"version":{"name":"black","url":"https://pokeapi.co/api/v2/version/17/"}},{"game_index":1,"version":{"name":"white","url":"https://pokeapi.co/api/v2/version/18/"}},{"game_index":1,"version":{"name":"black-2","url":"https://pokeapi.co/api/v2/version/21/"}},{"game_index":1,"version":{"name":"white-2","url":"https://pokeapi.co/api/v2/version/22/"}}],"height":7,"held_items":[],"id":1,"is_default":true,"location_area_encounters":"https://pokeapi.co/api/v2/pokemon/1/encounters","moves":[{"move":{"name":"razor-wind","url":"https://pokeapi.co/api/v2/move/13/"},"version_group_details":[{"level_learned_at":0,"move_learn_method":{"name":"egg","url":"https://pokeapi.co/api/v2/move-learn-method/2/"},"order":null,"version_group":{"name":"gold-silver","url":"https://pokeapi.co/api/v2/version-group/3/"}},{"level_learned_at":0,"move_learn_method":{"name":"egg","url":"https://pokeapi.co/api/v2/move-learn-method/2/"},"order":null,"version_group":{"name":"crystal","url":"https://pokeapi.co/api/v2/version-group/4/"}}]},{"move":{"name":"swords-dance","url":"https://pokeapi.co/api/v2/move/14/"},"version_group_details":[{"level_learned_at":0,"move_learn_method":{"name":"machine","url":"https://pokeapi.co/api/v2/move-learn-method/4/"},"order":null,"version_group":{"name":"red-blue","url":"https://pokeapi.co/api/v2/version-group/1/"}},{"level_learned_at":0,"move_learn_method":{"name":"machine","url":"https://pokeapi.co/api/v2/move-learn-method/4/"},"order":null,"version_group":{"name":"yellow","url":"https://pokeapi.co/api/v2/version-group/2/"}},{"level_learned_at":0,"move_learn_method":{"name":"tutor","url":"https://pokeapi.co/api/v2/move-learn-method/3/"},"order":null,"version_group":{"name":"emerald","url":"https://pokeapi.co/api/v2/version-group/6/"}},{"level_learned_at":0,"move_learn_method":{"name":"tutor","url":"https://pokeapi.co/api/v2/move-learn-method/3/"},"order":null,"version_group":{"name":"firered-leafgreen","url":"https://pokeapi.co/api/v2/version-group/7/"}},{"level_learned_at":0,"move_learn_method":{"name":"machin
05-28 05:11:41.454  2674  2805 I System.out: BODY END
05-28 05:11:42.828   162   162 I hwservicemanager: getTransport: Cannot find entry android.hardware.graphics.mapper@4.0::IMapper/default in either framework or device manifest.
05-28 05:11:42.828  3877  3877 I Gralloc4: mapper 4.x is not supported
05-28 05:11:42.896  1409  1583 I MediaProvider: Deleted 1 items on external_primary due to com.android.shell
05-28 05:11:42.920  3892  3894 I cmd     : oneway function results will be dropped but finished with status OK and parcel size 4
05-28 05:11:43.047   162   162 I hwservicemanager: getTransport: Cannot find entry android.hardware.graphics.mapper@4.0::IMapper/default in either framework or device manifest.
05-28 05:11:43.047  3914  3914 I Gralloc4: mapper 4.x is not supported
05-28 05:11:43.094  3918  3920 I cmd     : oneway function results will be dropped but finished with status OK and parcel size 4
05-28 05:11:43.117  1409  1583 I MediaProvider: Deleted 1 items on external_primary due to com.android.shell
05-28 05:11:43.141  3929  3931 I cmd     : oneway function results will be dropped but finished with status OK and parcel size 4
05-28 05:11:43.254   162   162 I hwservicemanager: getTransport: Cannot find entry android.hardware.graphics.mapper@4.0::IMapper/default in either framework or device manifest.
05-28 05:11:43.254  3951  3951 I Gralloc4: mapper 4.x is not supported
05-28 05:11:43.311  3957  3959 I cmd     : oneway function results will be dropped but finished with status OK and parcel size 4
05-28 05:11:43.331  1409  1568 I MediaProvider: Deleted 1 items on external_primary due to com.android.shell
05-28 05:11:43.357  3968  3970 I cmd     : oneway function results will be dropped but finished with status OK and parcel size 4
05-28 05:11:43.402  3983  3985 I cmd     : oneway function results will be dropped but finished with status OK and parcel size 4
05-28 05:11:43.446  3998  4000 I cmd     : oneway function results will be dropped but finished with status OK and parcel size 4
05-28 05:11:43.491  4013  4015 I cmd     : oneway function results will be dropped but finished with status OK and parcel size 4
05-28 05:11:43.562  4025  4025 E libc    : Access denied finding property "persist.device_config.runtime_native_boot.profilebootclasspath"
05-28 05:11:43.563  4025  4025 E libc    : Access denied finding property "persist.device_config.runtime_native_boot.enable_apex_image"
05-28 05:11:43.563  4025  4025 I AndroidRuntime: Using default boot image
05-28 05:11:43.563  4025  4025 E libc    : Access denied finding property "persist.device_config.runtime_native_boot.disable_lock_profiling"
05-28 05:11:43.563  4025  4025 I AndroidRuntime: Leaving lock profiling enabled
05-28 05:11:43.563  4025  4025 E libc    : Access denied finding property "persist.device_config.runtime_native_boot.enable_generational_cc"
05-28 05:11:43.564  4025  4025 I app_process: Core platform API reporting enabled, enforcing=false
05-28 05:11:43.560  4025  4025 W app_process: type=1400 audit(0.0:74): avc: denied { read } for name="u:object_r:device_config_runtime_native_boot_prop:s0" dev="tmpfs" ino=454 scontext=u:r:shell:s0 tcontext=u:object_r:device_config_runtime_native_boot_prop:s0 tclass=file permissive=0
05-28 05:11:43.604  4025  4025 W app_process: Unexpected CPU variant for X86 using defaults: x86_64
05-28 05:11:43.605  4025  4025 I app_process: The ClassLoaderContext is a special shared library.
05-28 05:11:43.610  4025  4025 W app_process: JNI RegisterNativeMethods: attempt to register 0 native methods for android.media.AudioAttributes
05-28 05:11:45.313   162   162 I hwservicemanager: getTransport: Cannot find entry android.hardware.graphics.mapper@4.0::IMapper/default in either framework or device manifest.
05-28 05:11:45.314  4056  4056 I Gralloc4: mapper 4.x is not supported
05-28 05:11:45.375  4062  4064 I cmd     : oneway function results will be dropped but finished with status OK and parcel size 4
05-28 05:11:45.399  1409  2570 I MediaProvider: Deleted 1 items on external_primary due to com.android.shell
05-28 05:11:45.424  4073  4075 I cmd     : oneway function results will be dropped but finished with status OK and parcel size 4
05-28 05:11:45.498  1409  1951 E SQLiteDatabase: Error inserting format=12289 owner_package_name=null parent=-1 volume_name=internal date_modified=1683216921 _display_name=product _data=/product is_download=0 relative_path=null
05-28 05:11:45.498  1409  1951 E SQLiteDatabase: android.database.sqlite.SQLiteDatabaseLockedException: database is locked (code 5 SQLITE_BUSY)
05-28 05:11:45.498  1409  1951 E SQLiteDatabase: 	at android.database.sqlite.SQLiteConnection.nativeExecuteForLastInsertedRowId(Native Method)
05-28 05:11:45.498  1409  1951 E SQLiteDatabase: 	at android.database.sqlite.SQLiteConnection.executeForLastInsertedRowId(SQLiteConnection.java:938)
05-28 05:11:45.498  1409  1951 E SQLiteDatabase: 	at android.database.sqlite.SQLiteSession.executeForLastInsertedRowId(SQLiteSession.java:790)
05-28 05:11:45.498  1409  1951 E SQLiteDatabase: 	at android.database.sqlite.SQLiteStatement.executeInsert(SQLiteStatement.java:88)
05-28 05:11:45.498  1409  1951 E SQLiteDatabase: 	at android.database.sqlite.SQLiteDatabase.insertWithOnConflict(SQLiteDatabase.java:1701)
05-28 05:11:45.498  1409  1951 E SQLiteDatabase: 	at android.database.sqlite.SQLiteDatabase.insert(SQLiteDatabase.java:1570)
05-28 05:11:45.498  1409  1951 E SQLiteDatabase: 	at com.android.providers.media.MediaProvider.insertDirectory(MediaProvider.java:2773)
05-28 05:11:45.498  1409  1951 E SQLiteDatabase: 	at com.android.providers.media.MediaProvider.getParent(MediaProvider.java:2794)
05-28 05:11:45.498  1409  1951 E SQLiteDatabase: 	at com.android.providers.media.MediaProvider.insertDirectory(MediaProvider.java:2763)
05-28 05:11:45.498  1409  1951 E SQLiteDatabase: 	at com.android.providers.media.MediaProvider.getParent(MediaProvider.java:2794)
05-28 05:11:45.498  1409  1951 E SQLiteDatabase: 	at com.android.providers.media.MediaProvider.insertDirectory(MediaProvider.java:2763)
05-28 05:11:45.498  1409  1951 E SQLiteDatabase: 	at com.android.providers.media.MediaProvider.getParent(MediaProvider.java:2794)
05-28 05:11:45.498  1409  1951 E SQLiteDatabase: 	at com.android.providers.media.MediaProvider.lambda$insertAllowingUpsert$14(MediaProvider.java:3060)
05-28 05:11:45.498  1409  1951 E SQLiteDatabase: 	at com.android.providers.media.MediaProvider.lambda$insertAllowingUpsert$14$MediaProvider(Unknown Source:0)
05-28 05:11:45.498  1409  1951 E SQLiteDatabase: 	at com.android.providers.media.-$$Lambda$MediaProvider$FjHWs2-fjgG761OzVFzdTX4EWZg.apply(Unknown Source:13)
05-28 05:11:45.498  1409  1951 E SQLiteDatabase: 	at com.android.providers.media.DatabaseHelper.runWithTransaction(DatabaseHelper.java:555)
05-28 05:11:45.498  1409  1951 E SQLiteDatabase: 	at com.android.providers.media.MediaProvider.insertAllowingUpsert(MediaProvider.java:3056)
05-28 05:11:45.498  1409  1951 E SQLiteDatabase: 	at com.android.providers.media.MediaProvider.insertFile(MediaProvider.java:3038)
05-28 05:11:45.498  1409  1951 E SQLiteDatabase: 	at com.android.providers.media.MediaProvider.insertInternal(MediaProvider.java:3470)
05-28 05:11:45.498  1409  1951 E SQLiteDatabase: 	at com.android.providers.media.MediaProvider.insert(MediaProvider.java:3198)
05-28 05:11:45.498  1409  1951 E SQLiteDatabase: 	at android.content.ContentProviderOperation.applyInternal(ContentProviderOperation.java:375)
05-28 05:11:45.498  1409  1951 E SQLiteDatabase: 	at android.content.ContentProviderOperation.apply(ContentProviderOperation.java:347)
05-28 05:11:45.498  1409  1951 E SQLiteDatabase: 	at android.content.ContentProvider.applyBatch(ContentProvider.java:2422)
05-28 05:11:45.498  1409  1951 E SQLiteDatabase: 	at com.android.providers.media.MediaProvider.applyBatch(MediaProvider.java:3522)
05-28 05:11:45.498  1409  1951 E SQLiteDatabase: 	at android.content.ContentProvider.applyBatch(ContentProvider.java:2413)
05-28 05:11:45.498  1409  1951 E SQLiteDatabase: 	at android.content.ContentResolver.applyBatch(ContentResolver.java:2186)
05-28 05:11:45.498  1409  1951 E SQLiteDatabase: 	at com.android.providers.media.scan.ModernMediaScanner$Scan.applyPending(ModernMediaScanner.java:699)
05-28 05:11:45.498  1409  1951 E SQLiteDatabase: 	at com.android.providers.media.scan.ModernMediaScanner$Scan.maybeApplyPending(ModernMediaScanner.java:689)
05-28 05:11:45.498  1409  1951 E SQLiteDatabase: 	at com.android.providers.media.scan.ModernMediaScanner$Scan.visitFile(ModernMediaScanner.java:649)
05-28 05:11:45.498  1409  1951 E SQLiteDatabase: 	at com.android.providers.media.scan.ModernMediaScanner$Scan.visitFile(ModernMediaScanner.java:272)
05-28 05:11:45.498  1409  1951 E SQLiteDatabase: 	at java.nio.file.Files.walkFileTree(Files.java:2670)
05-28 05:11:45.498  1409  1951 E SQLiteDatabase: 	at java.nio.file.Files.walkFileTree(Files.java:2742)
05-28 05:11:45.498  1409  1951 E SQLiteDatabase: 	at com.android.providers.media.scan.ModernMediaScanner$Scan.walkFileTree(ModernMediaScanner.java:366)
05-28 05:11:45.498  1409  1951 E SQLiteDatabase: 	at com.android.providers.media.scan.ModernMediaScanner$Scan.run(ModernMediaScanner.java:329)
05-28 05:11:45.498  1409  1951 E SQLiteDatabase: 	at com.android.providers.media.scan.ModernMediaScanner.scanDirectory(ModernMediaScanner.java:226)
05-28 05:11:45.498  1409  1951 E SQLiteDatabase: 	at com.android.providers.media.MediaProvider.scanDirectory(MediaProvider.java:1111)
05-28 05:11:45.498  1409  1951 E SQLiteDatabase: 	at com.android.providers.media.MediaService.onScanVolume(MediaService.java:148)
05-28 05:11:45.498  1409  1951 E SQLiteDatabase: 	at com.android.providers.media.MediaService.onScanVolume(MediaService.java:117)
05-28 05:11:45.498  1409  1951 E SQLiteDatabase: 	at com.android.providers.media.MediaService.onScanVolume(MediaService.java:108)
05-28 05:11:45.498  1409  1951 E SQLiteDatabase: 	at com.android.providers.media.MediaService.onHandleWork(MediaService.java:71)
05-28 05:11:45.498  1409  1951 E SQLiteDatabase: 	at androidx.core.app.JobIntentService$CommandProcessor.doInBackground(JobIntentService.java:391)
05-28 05:11:45.498  1409  1951 E SQLiteDatabase: 	at androidx.core.app.JobIntentService$CommandProcessor.doInBackground(JobIntentService.java:382)
05-28 05:11:45.498  1409  1951 E SQLiteDatabase: 	at android.os.AsyncTask$3.call(AsyncTask.java:394)
05-28 05:11:45.498  1409  1951 E SQLiteDatabase: 	at java.util.concurrent.FutureTask.run(FutureTask.java:266)
05-28 05:11:45.498  1409  1951 E SQLiteDatabase: 	at java.util.concurrent.ThreadPoolExecutor.runWorker(ThreadPoolExecutor.java:1167)
05-28 05:11:45.498  1409  1951 E SQLiteDatabase: 	at java.util.concurrent.ThreadPoolExecutor$Worker.run(ThreadPoolExecutor.java:641)
05-28 05:11:45.498  1409  1951 E SQLiteDatabase: 	at java.lang.Thread.run(Thread.java:923)
05-28 05:11:45.540   162   162 I hwservicemanager: getTransport: Cannot find entry android.hardware.graphics.mapper@4.0::IMapper/default in either framework or device manifest.
05-28 05:11:45.540  4095  4095 I Gralloc4: mapper 4.x is not supported
05-28 05:11:45.614  1409  2570 I MediaProvider: Deleted 1 items on external_primary due to com.android.shell
05-28 05:11:45.640  4110  4112 I cmd     : oneway function results will be dropped but finished with status OK and parcel size 4
05-28 05:11:45.753   162   162 I hwservicemanager: getTransport: Cannot find entry android.hardware.graphics.mapper@4.0::IMapper/default in either framework or device manifest.
05-28 05:11:45.753  4132  4132 I Gralloc4: mapper 4.x is not supported
05-28 05:11:45.807  4136  4138 I cmd     : oneway function results will be dropped but finished with status OK and parcel size 4
05-28 05:11:45.828  1409  2570 I MediaProvider: Deleted 1 items on external_primary due to com.android.shell
05-28 05:11:45.853  4147  4149 I cmd     : oneway function results will be dropped but finished with status OK and parcel size 4
05-28 05:11:45.901  4162  4164 I cmd     : oneway function results will be dropped but finished with status OK and parcel size 4
05-28 05:11:45.947  4177  4179 I cmd     : oneway function results will be dropped but finished with status OK and parcel size 4
05-28 05:11:45.995  4192  4194 I cmd     : oneway function results will be dropped but finished with status OK and parcel size 4
05-28 05:11:46.069  4204  4204 E libc    : Access denied finding property "persist.device_config.runtime_native_boot.profilebootclasspath"
05-28 05:11:46.069  4204  4204 E libc    : Access denied finding property "persist.device_config.runtime_native_boot.enable_apex_image"
05-28 05:11:46.069  4204  4204 I AndroidRuntime: Using default boot image
05-28 05:11:46.069  4204  4204 E libc    : Access denied finding property "persist.device_config.runtime_native_boot.disable_lock_profiling"
05-28 05:11:46.069  4204  4204 I AndroidRuntime: Leaving lock profiling enabled
05-28 05:11:46.069  4204  4204 E libc    : Access denied finding property "persist.device_config.runtime_native_boot.enable_generational_cc"
05-28 05:11:46.070  4204  4204 I app_process: Core platform API reporting enabled, enforcing=false
05-28 05:11:46.064  4204  4204 W app_process: type=1400 audit(0.0:78): avc: denied { read } for name="u:object_r:device_config_runtime_native_boot_prop:s0" dev="tmpfs" ino=454 scontext=u:r:shell:s0 tcontext=u:object_r:device_config_runtime_native_boot_prop:s0 tclass=file permissive=0
05-28 05:11:46.105  4204  4204 W app_process: Unexpected CPU variant for X86 using defaults: x86_64
05-28 05:11:46.106  4204  4204 I app_process: The ClassLoaderContext is a special shared library.
05-28 05:11:46.112  4204  4204 W app_process: JNI RegisterNativeMethods: attempt to register 0 native methods for android.media.AudioAttributes
05-28 05:11:46.336  2674  2805 I System.out: 05:11:46.335 [DefaultDispatcher-worker-2] INFO io.ktor.client.HttpClient - REQUEST: https://pokeapi.co/api/v2/pokemon/ivysaur
05-28 05:11:46.336  2674  2805 I System.out: METHOD: HttpMethod(value=GET)
05-28 05:11:46.336  2674  2805 I System.out: COMMON HEADERS
05-28 05:11:46.336  2674  2805 I System.out: -> Accept: application/json
05-28 05:11:46.336  2674  2805 I System.out: -> Accept-Charset: UTF-8
05-28 05:11:46.336  2674  2805 I System.out: -> Content-Type: application/json
05-28 05:11:46.336  2674  2805 I System.out: CONTENT HEADERS
05-28 05:11:46.336  2674  2805 I System.out: -> Content-Length: 0
05-28 05:11:46.336  2674  2805 I System.out: BODY Content-Type: null
05-28 05:11:46.336  2674  2805 I System.out: BODY START
05-28 05:11:46.336  2674  2805 I System.out: 
05-28 05:11:46.336  2674  2805 I System.out: BODY END
05-28 05:11:46.438  2674  2822 I System.out: 05:11:46.413 [DefaultDispatcher-worker-11] INFO io.ktor.client.HttpClient - RESPONSE: 200 OK
05-28 05:11:46.438  2674  2822 I System.out: METHOD: HttpMethod(value=GET)
05-28 05:11:46.438  2674  2822 I System.out: FROM: https://pokeapi.co/api/v2/pokemon/ivysaur
05-28 05:11:46.438  2674  2822 I System.out: COMMON HEADERS
05-28 05:11:46.438  2674  2822 I System.out: -> access-control-allow-origin: *
05-28 05:11:46.438  2674  2822 I System.out: -> age: 13099
05-28 05:11:46.438  2674  2822 I System.out: -> alt-svc: h3=":443"; ma=86400
05-28 05:11:46.438  2674  2822 I System.out: -> cache-control: public, max-age=86400, s-maxage=86400
05-28 05:11:46.438  2674  2822 I System.out: -> cf-cache-status: HIT
05-28 05:11:46.438  2674  2822 I System.out: -> cf-ray: a02ac2b6484a6ad3-SJC
05-28 05:11:46.438  2674  2822 I System.out: -> connection: keep-alive
05-28 05:11:46.438  2674  2822 I System.out: -> content-type: application/json; charset=utf-8
05-28 05:11:46.438  2674  2822 I System.out: -> date: Thu, 28 May 2026 05:11:46 GMT
05-28 05:11:46.442  2674  2822 I System.out: -> etag: W/"3a208-UaeAV+hyIAKhsYxQ2HzouJGTqQg"
05-28 05:11:46.442  2674  2822 I System.out: -> function-execution-id: nec67fam86i0
05-28 05:11:46.442  2674  2822 I System.out: -> nel: {"report_to":"cf-nel","success_fraction":0.0,"max_age":604800}
05-28 05:11:46.442  2674  2822 I System.out: -> report-to: {"group":"cf-nel","max_age":604800,"endpoints":[{"url":"https://a.nel.cloudflare.com/report/v4?s=qIuUmmOROiT%2F%2ByQ6EGFsEszAT40x7nyCseg8FASdGsFKX1t%2FzdRa8vVY8OWRcfKu1qA8JvoFrZxcaER7U%2FZ2sDBvyqOfNaM6haTVeZKNKRp%2FfJzFKnrotGp79Yze"}]}
05-28 05:11:46.442  2674  2822 I System.out: -> server: cloudflare
05-28 05:11:46.442  2674  2822 I System.out: -> strict-transport-security: max-age=31556926
05-28 05:11:46.442  2674  2822 I System.out: -> transfer-encoding: chunked
05-28 05:11:46.442  2674  2822 I System.out: -> vary: Accept-Encoding,cookie,need-authorization, x-fh-requested-host, accept-encoding
05-28 05:11:46.442  2674  2822 I System.out: -> x-android-received-millis: 1779945106350
05-28 05:11:46.442  2674  2822 I System.out: -> x-android-response-source: NETWORK 200
05-28 05:11:46.442  2674  2822 I System.out: -> x-android-selected-protocol: http/1.1
05-28 05:11:46.442  2674  2822 I System.out: -> x-android-sent-millis: 1779945106338
05-28 05:11:46.442  2674  2822 I System.out: -> x-cache: MISS
05-28 05:11:46.442  2674  2822 I System.out: -> x-cache-hits: 0
05-28 05:11:46.442  2674  2822 I System.out: -> x-cloud-trace-context: 26f30e6f697d37445b019bdbc9f15367
05-28 05:11:46.442  2674  2822 I System.out: -> x-country-code: US
05-28 05:11:46.442  2674  2822 I System.out: -> x-powered-by: Express
05-28 05:11:46.442  2674  2822 I System.out: -> x-served-by: cache-dfw-kdfw8210112-DFW
05-28 05:11:46.442  2674  2822 I System.out: -> x-timer: S1769785671.858082,VS0,VE639
05-28 05:11:46.442  2674  2822 I System.out: BODY Content-Type: application/json; charset=utf-8
05-28 05:11:46.442  2674  2822 I System.out: BODY START
05-28 05:11:46.447  2674  2822 I System.out: {"abilities":[{"ability":{"name":"overgrow","url":"https://pokeapi.co/api/v2/ability/65/"},"is_hidden":false,"slot":1},{"ability":{"name":"chlorophyll","url":"https://pokeapi.co/api/v2/ability/34/"},"is_hidden":true,"slot":3}],"base_experience":142,"cries":{"latest":"https://raw.githubusercontent.com/PokeAPI/cries/main/cries/pokemon/latest/2.ogg","legacy":"https://raw.githubusercontent.com/PokeAPI/cries/main/cries/pokemon/legacy/2.ogg"},"forms":[{"name":"ivysaur","url":"https://pokeapi.co/api/v2/pokemon-form/2/"}],"game_indices":[{"game_index":9,"version":{"name":"red","url":"https://pokeapi.co/api/v2/version/1/"}},{"game_index":9,"version":{"name":"blue","url":"https://pokeapi.co/api/v2/version/2/"}},{"game_index":9,"version":{"name":"yellow","url":"https://pokeapi.co/api/v2/version/3/"}},{"game_index":2,"version":{"name":"gold","url":"https://pokeapi.co/api/v2/version/4/"}},{"game_index":2,"version":{"name":"silver","url":"https://pokeapi.co/api/v2/version/5/"}},{"game_index":2,"version":{"name":"crystal","url":"https://pokeapi.co/api/v2/version/6/"}},{"game_index":2,"version":{"name":"ruby","url":"https://pokeapi.co/api/v2/version/7/"}},{"game_index":2,"version":{"name":"sapphire","url":"https://pokeapi.co/api/v2/version/8/"}},{"game_index":2,"version":{"name":"emerald","url":"https://pokeapi.co/api/v2/version/9/"}},{"game_index":2,"version":{"name":"firered","url":"https://pokeapi.co/api/v2/version/10/"}},{"game_index":2,"version":{"name":"leafgreen","url":"https://pokeapi.co/api/v2/version/11/"}},{"game_index":2,"version":{"name":"diamond","url":"https://pokeapi.co/api/v2/version/12/"}},{"game_index":2,"version":{"name":"pearl","url":"https://pokeapi.co/api/v2/version/13/"}},{"game_index":2,"version":{"name":"platinum","url":"https://pokeapi.co/api/v2/version/14/"}},{"game_index":2,"version":{"name":"heartgold","url":"https://pokeapi.co/api/v2/version/15/"}},{"game_index":2,"version":{"name":"soulsilver","url":"https://pokeapi.co/api/v2/version/16/"}},{"game_index":2,"version":{"name":"black","url":"https://pokeapi.co/api/v2/version/17/"}},{"game_index":2,"version":{"name":"white","url":"https://pokeapi.co/api/v2/version/18/"}},{"game_index":2,"version":{"name":"black-2","url":"https://pokeapi.co/api/v2/version/21/"}},{"game_index":2,"version":{"name":"white-2","url":"https://pokeapi.co/api/v2/version/22/"}}],"height":10,"held_items":[],"id":2,"is_default":true,"location_area_encounters":"https://pokeapi.co/api/v2/pokemon/2/encounters","moves":[{"move":{"name":"swords-dance","url":"https://pokeapi.co/api/v2/move/14/"},"version_group_details":[{"level_learned_at":0,"move_learn_method":{"name":"machine","url":"https://pokeapi.co/api/v2/move-learn-method/4/"},"order":null,"version_group":{"name":"red-blue","url":"https://pokeapi.co/api/v2/version-group/1/"}},{"level_learned_at":0,"move_learn_method":{"name":"machine","url":"https://pokeapi.co/api/v2/move-learn-method/4/"},"order":null,"version_group":{"name":"yellow","url":"https://pokeapi.co/api/v2/version-group/2/"}},{"level_learned_at":0,"move_learn_method":{"name":"tutor","url":"https://pokeapi.co/api/v2/move-learn-method/3/"},"order":null,"version_group":{"name":"emerald","url":"https://pokeapi.co/api/v2/version-group/6/"}},{"level_learned_at":0,"move_learn_method":{"name":"tutor","url":"https://pokeapi.co/api/v2/move-learn-method/3/"},"order":null,"version_group":{"name":"firered-leafgreen","url":"https://pokeapi.co/api/v2/version-group/7/"}},{"level_learned_at":0,"move_learn_method":{"name":"machine","url":"https://pokeapi.co/api/v2/move-learn-method/4/"},"order":null,"version_group":{"name":"diamond-pearl","url":"https://pokeapi.co/api/v2/version-group/8/"}},{"level_learned_at":0,"move_learn_method":{"name":"machine","url":"https://pokeapi.co/api/v2/move-learn-method/4/"},"order":null,"version_group":{"name":"platinum","url":"https://pokeapi.co/api/v2/version-group/9/"}},{"level_learned_at":0,"move_learn_method":{"name":"machine","url":"https://pokeapi.co/api/v2/move-learn-method/4/"},"order":null,"version_group":{"name"
05-28 05:11:46.447  2674  2822 I System.out: BODY END
05-28 05:11:47.840   162   162 I hwservicemanager: getTransport: Cannot find entry android.hardware.graphics.mapper@4.0::IMapper/default in either framework or device manifest.
05-28 05:11:47.840  4237  4237 I Gralloc4: mapper 4.x is not supported
05-28 05:11:47.905  1409  1583 I MediaProvider: Deleted 1 items on external_primary due to com.android.shell
05-28 05:11:48.051   162   162 I hwservicemanager: getTransport: Cannot find entry android.hardware.graphics.mapper@4.0::IMapper/default in either framework or device manifest.
05-28 05:11:48.051  4274  4274 I Gralloc4: mapper 4.x is not supported
05-28 05:11:48.117  1409  1568 I MediaProvider: Deleted 1 items on external_primary due to com.android.shell
05-28 05:11:48.141  4289  4291 I cmd     : oneway function results will be dropped but finished with status OK and parcel size 4
05-28 05:11:48.253   162   162 I hwservicemanager: getTransport: Cannot find entry android.hardware.graphics.mapper@4.0::IMapper/default in either framework or device manifest.
05-28 05:11:48.253  4311  4311 I Gralloc4: mapper 4.x is not supported
05-28 05:11:48.323  1409  1568 I MediaProvider: Deleted 1 items on external_primary due to com.android.shell
05-28 05:11:48.348  4326  4328 I cmd     : oneway function results will be dropped but finished with status OK and parcel size 4
05-28 05:11:48.395  4341  4343 I cmd     : oneway function results will be dropped but finished with status OK and parcel size 4
05-28 05:11:48.440  4356  4358 I cmd     : oneway function results will be dropped but finished with status OK and parcel size 4
05-28 05:11:48.571  4385  4385 E libc    : Access denied finding property "persist.device_config.runtime_native_boot.profilebootclasspath"
05-28 05:11:48.571  4385  4385 E libc    : Access denied finding property "persist.device_config.runtime_native_boot.enable_apex_image"
05-28 05:11:48.571  4385  4385 I AndroidRuntime: Using default boot image
05-28 05:11:48.571  4385  4385 E libc    : Access denied finding property "persist.device_config.runtime_native_boot.disable_lock_profiling"
05-28 05:11:48.571  4385  4385 I AndroidRuntime: Leaving lock profiling enabled
05-28 05:11:48.571  4385  4385 E libc    : Access denied finding property "persist.device_config.runtime_native_boot.enable_generational_cc"
05-28 05:11:48.572  4385  4385 I app_process: Core platform API reporting enabled, enforcing=false
05-28 05:11:48.568  4385  4385 W app_process: type=1400 audit(0.0:82): avc: denied { read } for name="u:object_r:device_config_runtime_native_boot_prop:s0" dev="tmpfs" ino=454 scontext=u:r:shell:s0 tcontext=u:object_r:device_config_runtime_native_boot_prop:s0 tclass=file permissive=0
05-28 05:11:48.608  4385  4385 W app_process: Unexpected CPU variant for X86 using defaults: x86_64
05-28 05:11:48.609  4385  4385 I app_process: The ClassLoaderContext is a special shared library.
05-28 05:11:48.615  4385  4385 W app_process: JNI RegisterNativeMethods: attempt to register 0 native methods for android.media.AudioAttributes
05-28 05:11:49.122  1409  1951 E SQLiteDatabase: Error inserting format=12289 owner_package_name=null parent=-1 volume_name=internal date_modified=1683213674 _display_name=media _data=/product/media is_download=0 relative_path=null
05-28 05:11:49.122  1409  1951 E SQLiteDatabase: android.database.sqlite.SQLiteDatabaseLockedException: database is locked (code 5 SQLITE_BUSY)
05-28 05:11:49.122  1409  1951 E SQLiteDatabase: 	at android.database.sqlite.SQLiteConnection.nativeExecuteForLastInsertedRowId(Native Method)
05-28 05:11:49.122  1409  1951 E SQLiteDatabase: 	at android.database.sqlite.SQLiteConnection.executeForLastInsertedRowId(SQLiteConnection.java:938)
05-28 05:11:49.122  1409  1951 E SQLiteDatabase: 	at android.database.sqlite.SQLiteSession.executeForLastInsertedRowId(SQLiteSession.java:790)
05-28 05:11:49.122  1409  1951 E SQLiteDatabase: 	at android.database.sqlite.SQLiteStatement.executeInsert(SQLiteStatement.java:88)
05-28 05:11:49.122  1409  1951 E SQLiteDatabase: 	at android.database.sqlite.SQLiteDatabase.insertWithOnConflict(SQLiteDatabase.java:1701)
05-28 05:11:49.122  1409  1951 E SQLiteDatabase: 	at android.database.sqlite.SQLiteDatabase.insert(SQLiteDatabase.java:1570)
05-28 05:11:49.122  1409  1951 E SQLiteDatabase: 	at com.android.providers.media.MediaProvider.insertDirectory(MediaProvider.java:2773)
05-28 05:11:49.122  1409  1951 E SQLiteDatabase: 	at com.android.providers.media.MediaProvider.getParent(MediaProvider.java:2794)
05-28 05:11:49.122  1409  1951 E SQLiteDatabase: 	at com.android.providers.media.MediaProvider.insertDirectory(MediaProvider.java:2763)
05-28 05:11:49.122  1409  1951 E SQLiteDatabase: 	at com.android.providers.media.MediaProvider.getParent(MediaProvider.java:2794)
05-28 05:11:49.122  1409  1951 E SQLiteDatabase: 	at com.android.providers.media.MediaProvider.lambda$insertAllowingUpsert$14(MediaProvider.java:3060)
05-28 05:11:49.122  1409  1951 E SQLiteDatabase: 	at com.android.providers.media.MediaProvider.lambda$insertAllowingUpsert$14$MediaProvider(Unknown Source:0)
05-28 05:11:49.122  1409  1951 E SQLiteDatabase: 	at com.android.providers.media.-$$Lambda$MediaProvider$FjHWs2-fjgG761OzVFzdTX4EWZg.apply(Unknown Source:13)
05-28 05:11:49.122  1409  1951 E SQLiteDatabase: 	at com.android.providers.media.DatabaseHelper.runWithTransaction(DatabaseHelper.java:555)
05-28 05:11:49.122  1409  1951 E SQLiteDatabase: 	at com.android.providers.media.MediaProvider.insertAllowingUpsert(MediaProvider.java:3056)
05-28 05:11:49.122  1409  1951 E SQLiteDatabase: 	at com.android.providers.media.MediaProvider.insertFile(MediaProvider.java:3038)
05-28 05:11:49.122  1409  1951 E SQLiteDatabase: 	at com.android.providers.media.MediaProvider.insertInternal(MediaProvider.java:3470)
05-28 05:11:49.122  1409  1951 E SQLiteDatabase: 	at com.android.providers.media.MediaProvider.insert(MediaProvider.java:3198)
05-28 05:11:49.122  1409  1951 E SQLiteDatabase: 	at android.content.ContentProviderOperation.applyInternal(ContentProviderOperation.java:375)
05-28 05:11:49.122  1409  1951 E SQLiteDatabase: 	at android.content.ContentProviderOperation.apply(ContentProviderOperation.java:347)
05-28 05:11:49.122  1409  1951 E SQLiteDatabase: 	at android.content.ContentProvider.applyBatch(ContentProvider.java:2422)
05-28 05:11:49.122  1409  1951 E SQLiteDatabase: 	at com.android.providers.media.MediaProvider.applyBatch(MediaProvider.java:3522)
05-28 05:11:49.122  1409  1951 E SQLiteDatabase: 	at android.content.ContentProvider.applyBatch(ContentProvider.java:2413)
05-28 05:11:49.122  1409  1951 E SQLiteDatabase: 	at android.content.ContentResolver.applyBatch(ContentResolver.java:2186)
05-28 05:11:49.122  1409  1951 E SQLiteDatabase: 	at com.android.providers.media.scan.ModernMediaScanner$Scan.applyPending(ModernMediaScanner.java:699)
05-28 05:11:49.122  1409  1951 E SQLiteDatabase: 	at com.android.providers.media.scan.ModernMediaScanner$Scan.maybeApplyPending(ModernMediaScanner.java:689)
05-28 05:11:49.122  1409  1951 E SQLiteDatabase: 	at com.android.providers.media.scan.ModernMediaScanner$Scan.visitFile(ModernMediaScanner.java:649)
05-28 05:11:49.122  1409  1951 E SQLiteDatabase: 	at com.android.providers.media.scan.ModernMediaScanner$Scan.visitFile(ModernMediaScanner.java:272)
05-28 05:11:49.122  1409  1951 E SQLiteDatabase: 	at java.nio.file.Files.walkFileTree(Files.java:2670)
05-28 05:11:49.122  1409  1951 E SQLiteDatabase: 	at java.nio.file.Files.walkFileTree(Files.java:2742)
05-28 05:11:49.122  1409  1951 E SQLiteDatabase: 	at com.android.providers.media.scan.ModernMediaScanner$Scan.walkFileTree(ModernMediaScanner.java:366)
05-28 05:11:49.122  1409  1951 E SQLiteDatabase: 	at com.android.providers.media.scan.ModernMediaScanner$Scan.run(ModernMediaScanner.java:329)
05-28 05:11:49.122  1409  1951 E SQLiteDatabase: 	at com.android.providers.media.scan.ModernMediaScanner.scanDirectory(ModernMediaScanner.java:226)
05-28 05:11:49.122  1409  1951 E SQLiteDatabase: 	at com.android.providers.media.MediaProvider.scanDirectory(MediaProvider.java:1111)
05-28 05:11:49.122  1409  1951 E SQLiteDatabase: 	at com.android.providers.media.MediaService.onScanVolume(MediaService.java:148)
05-28 05:11:49.122  1409  1951 E SQLiteDatabase: 	at com.android.providers.media.MediaService.onScanVolume(MediaService.java:117)
05-28 05:11:49.122  1409  1951 E SQLiteDatabase: 	at com.android.providers.media.MediaService.onScanVolume(MediaService.java:108)
05-28 05:11:49.122  1409  1951 E SQLiteDatabase: 	at com.android.providers.media.MediaService.onHandleWork(MediaService.java:71)
05-28 05:11:49.122  1409  1951 E SQLiteDatabase: 	at androidx.core.app.JobIntentService$CommandProcessor.doInBackground(JobIntentService.java:391)
05-28 05:11:49.122  1409  1951 E SQLiteDatabase: 	at androidx.core.app.JobIntentService$CommandProcessor.doInBackground(JobIntentService.java:382)
05-28 05:11:49.122  1409  1951 E SQLiteDatabase: 	at android.os.AsyncTask$3.call(AsyncTask.java:394)
05-28 05:11:49.122  1409  1951 E SQLiteDatabase: 	at java.util.concurrent.FutureTask.run(FutureTask.java:266)
05-28 05:11:49.122  1409  1951 E SQLiteDatabase: 	at java.util.concurrent.ThreadPoolExecutor.runWorker(ThreadPoolExecutor.java:1167)
05-28 05:11:49.122  1409  1951 E SQLiteDatabase: 	at java.util.concurrent.ThreadPoolExecutor$Worker.run(ThreadPoolExecutor.java:641)
05-28 05:11:49.122  1409  1951 E SQLiteDatabase: 	at java.lang.Thread.run(Thread.java:923)
05-28 05:11:50.331   162   162 I hwservicemanager: getTransport: Cannot find entry android.hardware.graphics.mapper@4.0::IMapper/default in either framework or device manifest.
05-28 05:11:50.331  4416  4416 I Gralloc4: mapper 4.x is not supported
05-28 05:11:50.383  4420  4422 I cmd     : oneway function results will be dropped but finished with status OK and parcel size 4
05-28 05:11:50.404  1409  1583 I MediaProvider: Deleted 1 items on external_primary due to com.android.shell
05-28 05:11:50.538   162   162 I hwservicemanager: getTransport: Cannot find entry android.hardware.graphics.mapper@4.0::IMapper/default in either framework or device manifest.
05-28 05:11:50.539  4453  4453 I Gralloc4: mapper 4.x is not supported
05-28 05:11:50.626  1409  2570 I MediaProvider: Deleted 1 items on external_primary due to com.android.shell
05-28 05:11:50.651  4470  4472 I cmd     : oneway function results will be dropped but finished with status OK and parcel size 4
05-28 05:11:50.764   162   162 I hwservicemanager: getTransport: Cannot find entry android.hardware.graphics.mapper@4.0::IMapper/default in either framework or device manifest.
05-28 05:11:50.764  4492  4492 I Gralloc4: mapper 4.x is not supported
05-28 05:11:50.818  4496  4498 I cmd     : oneway function results will be dropped but finished with status OK and parcel size 4
05-28 05:11:50.840  1409  1568 I MediaProvider: Deleted 1 items on external_primary due to com.android.shell
05-28 05:11:50.912  4522  4524 I cmd     : oneway function results will be dropped but finished with status OK and parcel size 4
05-28 05:11:50.958  4537  4539 I cmd     : oneway function results will be dropped but finished with status OK and parcel size 4
05-28 05:11:51.003  4552  4554 I cmd     : oneway function results will be dropped but finished with status OK and parcel size 4
05-28 05:11:51.076  4564  4564 E libc    : Access denied finding property "persist.device_config.runtime_native_boot.profilebootclasspath"
05-28 05:11:51.076  4564  4564 E libc    : Access denied finding property "persist.device_config.runtime_native_boot.enable_apex_image"
05-28 05:11:51.076  4564  4564 I AndroidRuntime: Using default boot image
05-28 05:11:51.076  4564  4564 E libc    : Access denied finding property "persist.device_config.runtime_native_boot.disable_lock_profiling"
05-28 05:11:51.076  4564  4564 I AndroidRuntime: Leaving lock profiling enabled
05-28 05:11:51.076  4564  4564 E libc    : Access denied finding property "persist.device_config.runtime_native_boot.enable_generational_cc"
05-28 05:11:51.078  4564  4564 I app_process: Core platform API reporting enabled, enforcing=false
05-28 05:11:51.072  4564  4564 W app_process: type=1400 audit(0.0:86): avc: denied { read } for name="u:object_r:device_config_runtime_native_boot_prop:s0" dev="tmpfs" ino=454 scontext=u:r:shell:s0 tcontext=u:object_r:device_config_runtime_native_boot_prop:s0 tclass=file permissive=0
05-28 05:11:51.117  4564  4564 W app_process: Unexpected CPU variant for X86 using defaults: x86_64
05-28 05:11:51.118  4564  4564 I app_process: The ClassLoaderContext is a special shared library.
05-28 05:11:51.124  4564  4564 W app_process: JNI RegisterNativeMethods: attempt to register 0 native methods for android.media.AudioAttributes
05-28 05:11:51.139  2053  2053 E AccessibilityInteractionClient: 3 Disconnected nodes.
05-28 05:11:52.825  1409  1951 E SQLiteDatabase: Error inserting format=12289 owner_package_name=null parent=-1 volume_name=internal date_modified=1683213674 _display_name=audio _data=/product/media/audio is_download=0 relative_path=null
05-28 05:11:52.825  1409  1951 E SQLiteDatabase: android.database.sqlite.SQLiteDatabaseLockedException: database is locked (code 5 SQLITE_BUSY)
05-28 05:11:52.825  1409  1951 E SQLiteDatabase: 	at android.database.sqlite.SQLiteConnection.nativeExecuteForLastInsertedRowId(Native Method)
05-28 05:11:52.825  1409  1951 E SQLiteDatabase: 	at android.database.sqlite.SQLiteConnection.executeForLastInsertedRowId(SQLiteConnection.java:938)
05-28 05:11:52.825  1409  1951 E SQLiteDatabase: 	at android.database.sqlite.SQLiteSession.executeForLastInsertedRowId(SQLiteSession.java:790)
05-28 05:11:52.825  1409  1951 E SQLiteDatabase: 	at android.database.sqlite.SQLiteStatement.executeInsert(SQLiteStatement.java:88)
05-28 05:11:52.825  1409  1951 E SQLiteDatabase: 	at android.database.sqlite.SQLiteDatabase.insertWithOnConflict(SQLiteDatabase.java:1701)
05-28 05:11:52.825  1409  1951 E SQLiteDatabase: 	at android.database.sqlite.SQLiteDatabase.insert(SQLiteDatabase.java:1570)
05-28 05:11:52.825  1409  1951 E SQLiteDatabase: 	at com.android.providers.media.MediaProvider.insertDirectory(MediaProvider.java:2773)
05-28 05:11:52.825  1409  1951 E SQLiteDatabase: 	at com.android.providers.media.MediaProvider.getParent(MediaProvider.java:2794)
05-28 05:11:52.825  1409  1951 E SQLiteDatabase: 	at com.android.providers.media.MediaProvider.lambda$insertAllowingUpsert$14(MediaProvider.java:3060)
05-28 05:11:52.825  1409  1951 E SQLiteDatabase: 	at com.android.providers.media.MediaProvider.lambda$insertAllowingUpsert$14$MediaProvider(Unknown Source:0)
05-28 05:11:52.825  1409  1951 E SQLiteDatabase: 	at com.android.providers.media.-$$Lambda$MediaProvider$FjHWs2-fjgG761OzVFzdTX4EWZg.apply(Unknown Source:13)
05-28 05:11:52.825  1409  1951 E SQLiteDatabase: 	at com.android.providers.media.DatabaseHelper.runWithTransaction(DatabaseHelper.java:555)
05-28 05:11:52.825  1409  1951 E SQLiteDatabase: 	at com.android.providers.media.MediaProvider.insertAllowingUpsert(MediaProvider.java:3056)
05-28 05:11:52.825  1409  1951 E SQLiteDatabase: 	at com.android.providers.media.MediaProvider.insertFile(MediaProvider.java:3038)
05-28 05:11:52.825  1409  1951 E SQLiteDatabase: 	at com.android.providers.media.MediaProvider.insertInternal(MediaProvider.java:3470)
05-28 05:11:52.825  1409  1951 E SQLiteDatabase: 	at com.android.providers.media.MediaProvider.insert(MediaProvider.java:3198)
05-28 05:11:52.825  1409  1951 E SQLiteDatabase: 	at android.content.ContentProviderOperation.applyInternal(ContentProviderOperation.java:375)
05-28 05:11:52.825  1409  1951 E SQLiteDatabase: 	at android.content.ContentProviderOperation.apply(ContentProviderOperation.java:347)
05-28 05:11:52.825  1409  1951 E SQLiteDatabase: 	at android.content.ContentProvider.applyBatch(ContentProvider.java:2422)
05-28 05:11:52.825  1409  1951 E SQLiteDatabase: 	at com.android.providers.media.MediaProvider.applyBatch(MediaProvider.java:3522)
05-28 05:11:52.825  1409  1951 E SQLiteDatabase: 	at android.content.ContentProvider.applyBatch(ContentProvider.java:2413)
05-28 05:11:52.825  1409  1951 E SQLiteDatabase: 	at android.content.ContentResolver.applyBatch(ContentResolver.java:2186)
05-28 05:11:52.825  1409  1951 E SQLiteDatabase: 	at com.android.providers.media.scan.ModernMediaScanner$Scan.applyPending(ModernMediaScanner.java:699)
05-28 05:11:52.825  1409  1951 E SQLiteDatabase: 	at com.android.providers.media.scan.ModernMediaScanner$Scan.maybeApplyPending(ModernMediaScanner.java:689)
05-28 05:11:52.825  1409  1951 E SQLiteDatabase: 	at com.android.providers.media.scan.ModernMediaScanner$Scan.visitFile(ModernMediaScanner.java:649)
05-28 05:11:52.825  1409  1951 E SQLiteDatabase: 	at com.android.providers.media.scan.ModernMediaScanner$Scan.visitFile(ModernMediaScanner.java:272)
05-28 05:11:52.825  1409  1951 E SQLiteDatabase: 	at java.nio.file.Files.walkFileTree(Files.java:2670)
05-28 05:11:52.825  1409  1951 E SQLiteDatabase: 	at java.nio.file.Files.walkFileTree(Files.java:2742)
05-28 05:11:52.825  1409  1951 E SQLiteDatabase: 	at com.android.providers.media.scan.ModernMediaScanner$Scan.walkFileTree(ModernMediaScanner.java:366)
05-28 05:11:52.825  1409  1951 E SQLiteDatabase: 	at com.android.providers.media.scan.ModernMediaScanner$Scan.run(ModernMediaScanner.java:329)
05-28 05:11:52.825  1409  1951 E SQLiteDatabase: 	at com.android.providers.media.scan.ModernMediaScanner.scanDirectory(ModernMediaScanner.java:226)
05-28 05:11:52.825  1409  1951 E SQLiteDatabase: 	at com.android.providers.media.MediaProvider.scanDirectory(MediaProvider.java:1111)
05-28 05:11:52.825  1409  1951 E SQLiteDatabase: 	at com.android.providers.media.MediaService.onScanVolume(MediaService.java:148)
05-28 05:11:52.825  1409  1951 E SQLiteDatabase: 	at com.android.providers.media.MediaService.onScanVolume(MediaService.java:117)
05-28 05:11:52.825  1409  1951 E SQLiteDatabase: 	at com.android.providers.media.MediaService.onScanVolume(MediaService.java:108)
05-28 05:11:52.825  1409  1951 E SQLiteDatabase: 	at com.android.providers.media.MediaService.onHandleWork(MediaService.java:71)
05-28 05:11:52.825  1409  1951 E SQLiteDatabase: 	at androidx.core.app.JobIntentService$CommandProcessor.doInBackground(JobIntentService.java:391)
