05-28 05:11:52.825  1409  1951 E SQLiteDatabase: 	at androidx.core.app.JobIntentService$CommandProcessor.doInBackground(JobIntentService.java:382)
05-28 05:11:52.825  1409  1951 E SQLiteDatabase: 	at android.os.AsyncTask$3.call(AsyncTask.java:394)
05-28 05:11:52.825  1409  1951 E SQLiteDatabase: 	at java.util.concurrent.FutureTask.run(FutureTask.java:266)
05-28 05:11:52.825  1409  1951 E SQLiteDatabase: 	at java.util.concurrent.ThreadPoolExecutor.runWorker(ThreadPoolExecutor.java:1167)
05-28 05:11:52.825  1409  1951 E SQLiteDatabase: 	at java.util.concurrent.ThreadPoolExecutor$Worker.run(ThreadPoolExecutor.java:641)
05-28 05:11:52.825  1409  1951 E SQLiteDatabase: 	at java.lang.Thread.run(Thread.java:923)
05-28 05:11:52.834   162   162 I hwservicemanager: getTransport: Cannot find entry android.hardware.graphics.mapper@4.0::IMapper/default in either framework or device manifest.
05-28 05:11:52.834  4598  4598 I Gralloc4: mapper 4.x is not supported
05-28 05:11:52.877  4602  4604 I cmd     : oneway function results will be dropped but finished with status OK and parcel size 4
05-28 05:11:52.898  1409  1583 I MediaProvider: Deleted 1 items on external_primary due to com.android.shell
05-28 05:11:52.923  4613  4615 I cmd     : oneway function results will be dropped but finished with status OK and parcel size 4
05-28 05:11:53.041   162   162 I hwservicemanager: getTransport: Cannot find entry android.hardware.graphics.mapper@4.0::IMapper/default in either framework or device manifest.
05-28 05:11:53.041  4635  4635 I Gralloc4: mapper 4.x is not supported
05-28 05:11:53.103  1409  2570 I MediaProvider: Deleted 1 items on external_primary due to com.android.shell
05-28 05:11:53.128  4650  4652 I cmd     : oneway function results will be dropped but finished with status OK and parcel size 4
05-28 05:11:53.243   162   162 I hwservicemanager: getTransport: Cannot find entry android.hardware.graphics.mapper@4.0::IMapper/default in either framework or device manifest.
05-28 05:11:53.243  4672  4672 I Gralloc4: mapper 4.x is not supported
05-28 05:11:53.305  1409  2570 I MediaProvider: Deleted 1 items on external_primary due to com.android.shell
05-28 05:11:53.330  4687  4689 I cmd     : oneway function results will be dropped but finished with status OK and parcel size 4
05-28 05:11:53.376  4702  4704 I cmd     : oneway function results will be dropped but finished with status OK and parcel size 4
05-28 05:11:53.423  4717  4719 I cmd     : oneway function results will be dropped but finished with status OK and parcel size 4
05-28 05:11:53.467  4732  4734 I cmd     : oneway function results will be dropped but finished with status OK and parcel size 4
05-28 05:11:53.540  4744  4744 E libc    : Access denied finding property "persist.device_config.runtime_native_boot.profilebootclasspath"
05-28 05:11:53.540  4744  4744 E libc    : Access denied finding property "persist.device_config.runtime_native_boot.enable_apex_image"
05-28 05:11:53.540  4744  4744 I AndroidRuntime: Using default boot image
05-28 05:11:53.540  4744  4744 E libc    : Access denied finding property "persist.device_config.runtime_native_boot.disable_lock_profiling"
05-28 05:11:53.540  4744  4744 I AndroidRuntime: Leaving lock profiling enabled
05-28 05:11:53.540  4744  4744 E libc    : Access denied finding property "persist.device_config.runtime_native_boot.enable_generational_cc"
05-28 05:11:53.541  4744  4744 I app_process: Core platform API reporting enabled, enforcing=false
05-28 05:11:53.536  4744  4744 W app_process: type=1400 audit(0.0:90): avc: denied { read } for name="u:object_r:device_config_runtime_native_boot_prop:s0" dev="tmpfs" ino=454 scontext=u:r:shell:s0 tcontext=u:object_r:device_config_runtime_native_boot_prop:s0 tclass=file permissive=0
05-28 05:11:53.576  4744  4744 W app_process: Unexpected CPU variant for X86 using defaults: x86_64
05-28 05:11:53.577  4744  4744 I app_process: The ClassLoaderContext is a special shared library.
05-28 05:11:53.582  4744  4744 W app_process: JNI RegisterNativeMethods: attempt to register 0 native methods for android.media.AudioAttributes
05-28 05:11:53.706  2053  2053 E AccessibilityInteractionClient: 3 Disconnected nodes.
05-28 05:11:55.299   162   162 I hwservicemanager: getTransport: Cannot find entry android.hardware.graphics.mapper@4.0::IMapper/default in either framework or device manifest.
05-28 05:11:55.299  4777  4777 I Gralloc4: mapper 4.x is not supported
05-28 05:11:55.353  1409  1583 I MediaProvider: Deleted 1 items on external_primary due to com.android.shell
05-28 05:11:55.378  4792  4794 I cmd     : oneway function results will be dropped but finished with status OK and parcel size 4
05-28 05:11:55.492   162   162 I hwservicemanager: getTransport: Cannot find entry android.hardware.graphics.mapper@4.0::IMapper/default in either framework or device manifest.
05-28 05:11:55.493  4814  4814 I Gralloc4: mapper 4.x is not supported
05-28 05:11:55.547  1409  1568 I MediaProvider: Deleted 1 items on external_primary due to com.android.shell
05-28 05:11:55.690   162   162 I hwservicemanager: getTransport: Cannot find entry android.hardware.graphics.mapper@4.0::IMapper/default in either framework or device manifest.
05-28 05:11:55.691  4851  4851 I Gralloc4: mapper 4.x is not supported
05-28 05:11:55.728  4857  4859 I cmd     : oneway function results will be dropped but finished with status OK and parcel size 4
05-28 05:11:55.750  1409  2570 I MediaProvider: Deleted 1 items on external_primary due to com.android.shell
05-28 05:11:55.775  4868  4870 I cmd     : oneway function results will be dropped but finished with status OK and parcel size 4
05-28 05:11:55.822  4883  4885 I cmd     : oneway function results will be dropped but finished with status OK and parcel size 4
05-28 05:11:55.868  4898  4900 I cmd     : oneway function results will be dropped but finished with status OK and parcel size 4
05-28 05:11:55.916  4913  4915 I cmd     : oneway function results will be dropped but finished with status OK and parcel size 4
05-28 05:11:55.989  4925  4925 E libc    : Access denied finding property "persist.device_config.runtime_native_boot.profilebootclasspath"
05-28 05:11:55.989  4925  4925 E libc    : Access denied finding property "persist.device_config.runtime_native_boot.enable_apex_image"
05-28 05:11:55.989  4925  4925 I AndroidRuntime: Using default boot image
05-28 05:11:55.989  4925  4925 E libc    : Access denied finding property "persist.device_config.runtime_native_boot.disable_lock_profiling"
05-28 05:11:55.989  4925  4925 I AndroidRuntime: Leaving lock profiling enabled
05-28 05:11:55.989  4925  4925 E libc    : Access denied finding property "persist.device_config.runtime_native_boot.enable_generational_cc"
05-28 05:11:55.990  4925  4925 I app_process: Core platform API reporting enabled, enforcing=false
05-28 05:11:55.984  4925  4925 W app_process: type=1400 audit(0.0:94): avc: denied { read } for name="u:object_r:device_config_runtime_native_boot_prop:s0" dev="tmpfs" ino=454 scontext=u:r:shell:s0 tcontext=u:object_r:device_config_runtime_native_boot_prop:s0 tclass=file permissive=0
05-28 05:11:56.025  4925  4925 W app_process: Unexpected CPU variant for X86 using defaults: x86_64
05-28 05:11:56.026  4925  4925 I app_process: The ClassLoaderContext is a special shared library.
05-28 05:11:56.032  4925  4925 W app_process: JNI RegisterNativeMethods: attempt to register 0 native methods for android.media.AudioAttributes
05-28 05:11:57.752   162   162 I hwservicemanager: getTransport: Cannot find entry android.hardware.graphics.mapper@4.0::IMapper/default in either framework or device manifest.
05-28 05:11:57.752  4956  4956 I Gralloc4: mapper 4.x is not supported
05-28 05:11:57.804  4962  4964 I cmd     : oneway function results will be dropped but finished with status OK and parcel size 4
05-28 05:11:57.866  1409  1583 I MediaProvider: Deleted 1 items on external_primary due to com.android.shell
05-28 05:11:57.892  4973  4975 I cmd     : oneway function results will be dropped but finished with status OK and parcel size 4
05-28 05:11:58.004   162   162 I hwservicemanager: getTransport: Cannot find entry android.hardware.graphics.mapper@4.0::IMapper/default in either framework or device manifest.
05-28 05:11:58.004  4995  4995 I Gralloc4: mapper 4.x is not supported
05-28 05:11:58.070  1409  1568 I MediaProvider: Deleted 1 items on external_primary due to com.android.shell
05-28 05:11:58.094  5010  5012 I cmd     : oneway function results will be dropped but finished with status OK and parcel size 4
05-28 05:11:58.212   162   162 I hwservicemanager: getTransport: Cannot find entry android.hardware.graphics.mapper@4.0::IMapper/default in either framework or device manifest.
05-28 05:11:58.212  5032  5032 I Gralloc4: mapper 4.x is not supported
05-28 05:11:58.317  1409  2570 I MediaProvider: Deleted 1 items on external_primary due to com.android.shell
05-28 05:11:58.341  5047  5049 I cmd     : oneway function results will be dropped but finished with status OK and parcel size 4
05-28 05:11:58.388  5062  5064 I cmd     : oneway function results will be dropped but finished with status OK and parcel size 4
05-28 05:11:58.433  5077  5079 I cmd     : oneway function results will be dropped but finished with status OK and parcel size 4
05-28 05:11:58.478  5092  5094 I cmd     : oneway function results will be dropped but finished with status OK and parcel size 4
05-28 05:11:58.551  5104  5104 E libc    : Access denied finding property "persist.device_config.runtime_native_boot.profilebootclasspath"
05-28 05:11:58.551  5104  5104 E libc    : Access denied finding property "persist.device_config.runtime_native_boot.enable_apex_image"
05-28 05:11:58.551  5104  5104 I AndroidRuntime: Using default boot image
05-28 05:11:58.551  5104  5104 E libc    : Access denied finding property "persist.device_config.runtime_native_boot.disable_lock_profiling"
05-28 05:11:58.551  5104  5104 I AndroidRuntime: Leaving lock profiling enabled
05-28 05:11:58.551  5104  5104 E libc    : Access denied finding property "persist.device_config.runtime_native_boot.enable_generational_cc"
05-28 05:11:58.552  5104  5104 I app_process: Core platform API reporting enabled, enforcing=false
05-28 05:11:58.548  5104  5104 W app_process: type=1400 audit(0.0:98): avc: denied { read } for name="u:object_r:device_config_runtime_native_boot_prop:s0" dev="tmpfs" ino=454 scontext=u:r:shell:s0 tcontext=u:object_r:device_config_runtime_native_boot_prop:s0 tclass=file permissive=0
05-28 05:11:58.588  5104  5104 W app_process: Unexpected CPU variant for X86 using defaults: x86_64
05-28 05:11:58.589  5104  5104 I app_process: The ClassLoaderContext is a special shared library.
05-28 05:11:58.595  5104  5104 W app_process: JNI RegisterNativeMethods: attempt to register 0 native methods for android.media.AudioAttributes
05-28 05:12:00.044  1409  1951 E SQLiteDatabase: Error inserting format=12289 owner_package_name=null parent=-1 volume_name=internal date_modified=1683216921 _display_name=product _data=/product is_download=0 relative_path=null
05-28 05:12:00.044  1409  1951 E SQLiteDatabase: android.database.sqlite.SQLiteDatabaseLockedException: database is locked (code 5 SQLITE_BUSY)
05-28 05:12:00.044  1409  1951 E SQLiteDatabase: 	at android.database.sqlite.SQLiteConnection.nativeExecuteForLastInsertedRowId(Native Method)
05-28 05:12:00.044  1409  1951 E SQLiteDatabase: 	at android.database.sqlite.SQLiteConnection.executeForLastInsertedRowId(SQLiteConnection.java:938)
05-28 05:12:00.044  1409  1951 E SQLiteDatabase: 	at android.database.sqlite.SQLiteSession.executeForLastInsertedRowId(SQLiteSession.java:790)
05-28 05:12:00.044  1409  1951 E SQLiteDatabase: 	at android.database.sqlite.SQLiteStatement.executeInsert(SQLiteStatement.java:88)
05-28 05:12:00.044  1409  1951 E SQLiteDatabase: 	at android.database.sqlite.SQLiteDatabase.insertWithOnConflict(SQLiteDatabase.java:1701)
05-28 05:12:00.044  1409  1951 E SQLiteDatabase: 	at android.database.sqlite.SQLiteDatabase.insert(SQLiteDatabase.java:1570)
05-28 05:12:00.044  1409  1951 E SQLiteDatabase: 	at com.android.providers.media.MediaProvider.insertDirectory(MediaProvider.java:2773)
05-28 05:12:00.044  1409  1951 E SQLiteDatabase: 	at com.android.providers.media.MediaProvider.getParent(MediaProvider.java:2794)
05-28 05:12:00.044  1409  1951 E SQLiteDatabase: 	at com.android.providers.media.MediaProvider.insertDirectory(MediaProvider.java:2763)
05-28 05:12:00.044  1409  1951 E SQLiteDatabase: 	at com.android.providers.media.MediaProvider.getParent(MediaProvider.java:2794)
05-28 05:12:00.044  1409  1951 E SQLiteDatabase: 	at com.android.providers.media.MediaProvider.insertDirectory(MediaProvider.java:2763)
05-28 05:12:00.044  1409  1951 E SQLiteDatabase: 	at com.android.providers.media.MediaProvider.getParent(MediaProvider.java:2794)
05-28 05:12:00.044  1409  1951 E SQLiteDatabase: 	at com.android.providers.media.MediaProvider.insertDirectory(MediaProvider.java:2763)
05-28 05:12:00.044  1409  1951 E SQLiteDatabase: 	at com.android.providers.media.MediaProvider.getParent(MediaProvider.java:2794)
05-28 05:12:00.044  1409  1951 E SQLiteDatabase: 	at com.android.providers.media.MediaProvider.lambda$insertAllowingUpsert$14(MediaProvider.java:3060)
05-28 05:12:00.044  1409  1951 E SQLiteDatabase: 	at com.android.providers.media.MediaProvider.lambda$insertAllowingUpsert$14$MediaProvider(Unknown Source:0)
05-28 05:12:00.044  1409  1951 E SQLiteDatabase: 	at com.android.providers.media.-$$Lambda$MediaProvider$FjHWs2-fjgG761OzVFzdTX4EWZg.apply(Unknown Source:13)
05-28 05:12:00.044  1409  1951 E SQLiteDatabase: 	at com.android.providers.media.DatabaseHelper.runWithTransaction(DatabaseHelper.java:555)
05-28 05:12:00.044  1409  1951 E SQLiteDatabase: 	at com.android.providers.media.MediaProvider.insertAllowingUpsert(MediaProvider.java:3056)
05-28 05:12:00.044  1409  1951 E SQLiteDatabase: 	at com.android.providers.media.MediaProvider.insertFile(MediaProvider.java:3038)
05-28 05:12:00.044  1409  1951 E SQLiteDatabase: 	at com.android.providers.media.MediaProvider.insertInternal(MediaProvider.java:3470)
05-28 05:12:00.044  1409  1951 E SQLiteDatabase: 	at com.android.providers.media.MediaProvider.insert(MediaProvider.java:3198)
05-28 05:12:00.044  1409  1951 E SQLiteDatabase: 	at android.content.ContentProviderOperation.applyInternal(ContentProviderOperation.java:375)
05-28 05:12:00.044  1409  1951 E SQLiteDatabase: 	at android.content.ContentProviderOperation.apply(ContentProviderOperation.java:347)
05-28 05:12:00.044  1409  1951 E SQLiteDatabase: 	at android.content.ContentProvider.applyBatch(ContentProvider.java:2422)
05-28 05:12:00.044  1409  1951 E SQLiteDatabase: 	at com.android.providers.media.MediaProvider.applyBatch(MediaProvider.java:3522)
05-28 05:12:00.044  1409  1951 E SQLiteDatabase: 	at android.content.ContentProvider.applyBatch(ContentProvider.java:2413)
05-28 05:12:00.044  1409  1951 E SQLiteDatabase: 	at android.content.ContentResolver.applyBatch(ContentResolver.java:2186)
05-28 05:12:00.044  1409  1951 E SQLiteDatabase: 	at com.android.providers.media.scan.ModernMediaScanner$Scan.applyPending(ModernMediaScanner.java:699)
05-28 05:12:00.044  1409  1951 E SQLiteDatabase: 	at com.android.providers.media.scan.ModernMediaScanner$Scan.maybeApplyPending(ModernMediaScanner.java:689)
05-28 05:12:00.044  1409  1951 E SQLiteDatabase: 	at com.android.providers.media.scan.ModernMediaScanner$Scan.visitFile(ModernMediaScanner.java:649)
05-28 05:12:00.044  1409  1951 E SQLiteDatabase: 	at com.android.providers.media.scan.ModernMediaScanner$Scan.visitFile(ModernMediaScanner.java:272)
05-28 05:12:00.044  1409  1951 E SQLiteDatabase: 	at java.nio.file.Files.walkFileTree(Files.java:2670)
05-28 05:12:00.044  1409  1951 E SQLiteDatabase: 	at java.nio.file.Files.walkFileTree(Files.java:2742)
05-28 05:12:00.044  1409  1951 E SQLiteDatabase: 	at com.android.providers.media.scan.ModernMediaScanner$Scan.walkFileTree(ModernMediaScanner.java:366)
05-28 05:12:00.044  1409  1951 E SQLiteDatabase: 	at com.android.providers.media.scan.ModernMediaScanner$Scan.run(ModernMediaScanner.java:329)
05-28 05:12:00.044  1409  1951 E SQLiteDatabase: 	at com.android.providers.media.scan.ModernMediaScanner.scanDirectory(ModernMediaScanner.java:226)
05-28 05:12:00.044  1409  1951 E SQLiteDatabase: 	at com.android.providers.media.MediaProvider.scanDirectory(MediaProvider.java:1111)
05-28 05:12:00.044  1409  1951 E SQLiteDatabase: 	at com.android.providers.media.MediaService.onScanVolume(MediaService.java:148)
05-28 05:12:00.044  1409  1951 E SQLiteDatabase: 	at com.android.providers.media.MediaService.onScanVolume(MediaService.java:117)
05-28 05:12:00.044  1409  1951 E SQLiteDatabase: 	at com.android.providers.media.MediaService.onScanVolume(MediaService.java:108)
05-28 05:12:00.044  1409  1951 E SQLiteDatabase: 	at com.android.providers.media.MediaService.onHandleWork(MediaService.java:71)
05-28 05:12:00.044  1409  1951 E SQLiteDatabase: 	at androidx.core.app.JobIntentService$CommandProcessor.doInBackground(JobIntentService.java:391)
05-28 05:12:00.044  1409  1951 E SQLiteDatabase: 	at androidx.core.app.JobIntentService$CommandProcessor.doInBackground(JobIntentService.java:382)
05-28 05:12:00.044  1409  1951 E SQLiteDatabase: 	at android.os.AsyncTask$3.call(AsyncTask.java:394)
05-28 05:12:00.044  1409  1951 E SQLiteDatabase: 	at java.util.concurrent.FutureTask.run(FutureTask.java:266)
05-28 05:12:00.044  1409  1951 E SQLiteDatabase: 	at java.util.concurrent.ThreadPoolExecutor.runWorker(ThreadPoolExecutor.java:1167)
05-28 05:12:00.044  1409  1951 E SQLiteDatabase: 	at java.util.concurrent.ThreadPoolExecutor$Worker.run(ThreadPoolExecutor.java:641)
05-28 05:12:00.044  1409  1951 E SQLiteDatabase: 	at java.lang.Thread.run(Thread.java:923)
05-28 05:12:00.302   162   162 I hwservicemanager: getTransport: Cannot find entry android.hardware.graphics.mapper@4.0::IMapper/default in either framework or device manifest.
05-28 05:12:00.302  5138  5138 I Gralloc4: mapper 4.x is not supported
05-28 05:12:00.367  1409  2570 I MediaProvider: Deleted 1 items on external_primary due to com.android.shell
05-28 05:12:00.397  5153  5155 I cmd     : oneway function results will be dropped but finished with status OK and parcel size 4
05-28 05:12:00.528   162   162 I hwservicemanager: getTransport: Cannot find entry android.hardware.graphics.mapper@4.0::IMapper/default in either framework or device manifest.
05-28 05:12:00.528  5175  5175 I Gralloc4: mapper 4.x is not supported
05-28 05:12:00.627  1409  1568 I MediaProvider: Deleted 1 items on external_primary due to com.android.shell
05-28 05:12:00.651  5190  5192 I cmd     : oneway function results will be dropped but finished with status OK and parcel size 4
05-28 05:12:00.765   162   162 I hwservicemanager: getTransport: Cannot find entry android.hardware.graphics.mapper@4.0::IMapper/default in either framework or device manifest.
05-28 05:12:00.766  5212  5212 I Gralloc4: mapper 4.x is not supported
05-28 05:12:00.800  5216  5218 I cmd     : oneway function results will be dropped but finished with status OK and parcel size 4
05-28 05:12:00.874  1409  1583 I MediaProvider: Deleted 1 items on external_primary due to com.android.shell
05-28 05:12:00.905  5229  5231 I cmd     : oneway function results will be dropped but finished with status OK and parcel size 4
05-28 05:12:00.955  5244  5246 I cmd     : oneway function results will be dropped but finished with status OK and parcel size 4
05-28 05:12:01.049  5274  5276 I cmd     : oneway function results will be dropped but finished with status OK and parcel size 4
05-28 05:12:01.122  5286  5286 E libc    : Access denied finding property "persist.device_config.runtime_native_boot.profilebootclasspath"
05-28 05:12:01.122  5286  5286 E libc    : Access denied finding property "persist.device_config.runtime_native_boot.enable_apex_image"
05-28 05:12:01.122  5286  5286 I AndroidRuntime: Using default boot image
05-28 05:12:01.122  5286  5286 E libc    : Access denied finding property "persist.device_config.runtime_native_boot.disable_lock_profiling"
05-28 05:12:01.122  5286  5286 I AndroidRuntime: Leaving lock profiling enabled
05-28 05:12:01.122  5286  5286 E libc    : Access denied finding property "persist.device_config.runtime_native_boot.enable_generational_cc"
05-28 05:12:01.123  5286  5286 I app_process: Core platform API reporting enabled, enforcing=false
05-28 05:12:01.120  5286  5286 W app_process: type=1400 audit(0.0:102): avc: denied { read } for name="u:object_r:device_config_runtime_native_boot_prop:s0" dev="tmpfs" ino=454 scontext=u:r:shell:s0 tcontext=u:object_r:device_config_runtime_native_boot_prop:s0 tclass=file permissive=0
05-28 05:12:01.158  5286  5286 W app_process: Unexpected CPU variant for X86 using defaults: x86_64
05-28 05:12:01.159  5286  5286 I app_process: The ClassLoaderContext is a special shared library.
05-28 05:12:01.165  5286  5286 W app_process: JNI RegisterNativeMethods: attempt to register 0 native methods for android.media.AudioAttributes
05-28 05:12:02.876   162   162 I hwservicemanager: getTransport: Cannot find entry android.hardware.graphics.mapper@4.0::IMapper/default in either framework or device manifest.
05-28 05:12:02.876  5313  5313 I Gralloc4: mapper 4.x is not supported
05-28 05:12:02.917  5317  5320 I cmd     : oneway function results will be dropped but finished with status OK and parcel size 4
05-28 05:12:02.979  1409  1583 I MediaProvider: Deleted 1 items on external_primary due to com.android.shell
05-28 05:12:03.002  5330  5332 I cmd     : oneway function results will be dropped but finished with status OK and parcel size 4
05-28 05:12:03.114   162   162 I hwservicemanager: getTransport: Cannot find entry android.hardware.graphics.mapper@4.0::IMapper/default in either framework or device manifest.
05-28 05:12:03.115  5352  5352 I Gralloc4: mapper 4.x is not supported
05-28 05:12:03.169  1409  2570 I MediaProvider: Deleted 1 items on external_primary due to com.android.shell
05-28 05:12:03.306   162   162 I hwservicemanager: getTransport: Cannot find entry android.hardware.graphics.mapper@4.0::IMapper/default in either framework or device manifest.
05-28 05:12:03.307  5389  5389 I Gralloc4: mapper 4.x is not supported
05-28 05:12:03.346  5393  5395 I cmd     : oneway function results will be dropped but finished with status OK and parcel size 4
05-28 05:12:03.407  1409  1568 I MediaProvider: Deleted 1 items on external_primary due to com.android.shell
05-28 05:12:03.431  5404  5406 I cmd     : oneway function results will be dropped but finished with status OK and parcel size 4
05-28 05:12:03.478  5419  5421 I cmd     : oneway function results will be dropped but finished with status OK and parcel size 4
05-28 05:12:03.523  5434  5436 I cmd     : oneway function results will be dropped but finished with status OK and parcel size 4
05-28 05:12:03.570  5449  5451 I cmd     : oneway function results will be dropped but finished with status OK and parcel size 4
05-28 05:12:03.594  1409  1951 E SQLiteDatabase: Error inserting format=12289 owner_package_name=null parent=-1 volume_name=internal date_modified=1683213674 _display_name=media _data=/product/media is_download=0 relative_path=null
05-28 05:12:03.594  1409  1951 E SQLiteDatabase: android.database.sqlite.SQLiteDatabaseLockedException: database is locked (code 5 SQLITE_BUSY)
05-28 05:12:03.594  1409  1951 E SQLiteDatabase: 	at android.database.sqlite.SQLiteConnection.nativeExecuteForLastInsertedRowId(Native Method)
05-28 05:12:03.594  1409  1951 E SQLiteDatabase: 	at android.database.sqlite.SQLiteConnection.executeForLastInsertedRowId(SQLiteConnection.java:938)
05-28 05:12:03.594  1409  1951 E SQLiteDatabase: 	at android.database.sqlite.SQLiteSession.executeForLastInsertedRowId(SQLiteSession.java:790)
05-28 05:12:03.594  1409  1951 E SQLiteDatabase: 	at android.database.sqlite.SQLiteStatement.executeInsert(SQLiteStatement.java:88)
05-28 05:12:03.594  1409  1951 E SQLiteDatabase: 	at android.database.sqlite.SQLiteDatabase.insertWithOnConflict(SQLiteDatabase.java:1701)
05-28 05:12:03.594  1409  1951 E SQLiteDatabase: 	at android.database.sqlite.SQLiteDatabase.insert(SQLiteDatabase.java:1570)
05-28 05:12:03.594  1409  1951 E SQLiteDatabase: 	at com.android.providers.media.MediaProvider.insertDirectory(MediaProvider.java:2773)
05-28 05:12:03.594  1409  1951 E SQLiteDatabase: 	at com.android.providers.media.MediaProvider.getParent(MediaProvider.java:2794)
05-28 05:12:03.594  1409  1951 E SQLiteDatabase: 	at com.android.providers.media.MediaProvider.insertDirectory(MediaProvider.java:2763)
05-28 05:12:03.594  1409  1951 E SQLiteDatabase: 	at com.android.providers.media.MediaProvider.getParent(MediaProvider.java:2794)
05-28 05:12:03.594  1409  1951 E SQLiteDatabase: 	at com.android.providers.media.MediaProvider.insertDirectory(MediaProvider.java:2763)
05-28 05:12:03.594  1409  1951 E SQLiteDatabase: 	at com.android.providers.media.MediaProvider.getParent(MediaProvider.java:2794)
05-28 05:12:03.594  1409  1951 E SQLiteDatabase: 	at com.android.providers.media.MediaProvider.lambda$insertAllowingUpsert$14(MediaProvider.java:3060)
05-28 05:12:03.594  1409  1951 E SQLiteDatabase: 	at com.android.providers.media.MediaProvider.lambda$insertAllowingUpsert$14$MediaProvider(Unknown Source:0)
05-28 05:12:03.594  1409  1951 E SQLiteDatabase: 	at com.android.providers.media.-$$Lambda$MediaProvider$FjHWs2-fjgG761OzVFzdTX4EWZg.apply(Unknown Source:13)
05-28 05:12:03.594  1409  1951 E SQLiteDatabase: 	at com.android.providers.media.DatabaseHelper.runWithTransaction(DatabaseHelper.java:555)
05-28 05:12:03.594  1409  1951 E SQLiteDatabase: 	at com.android.providers.media.MediaProvider.insertAllowingUpsert(MediaProvider.java:3056)
05-28 05:12:03.594  1409  1951 E SQLiteDatabase: 	at com.android.providers.media.MediaProvider.insertFile(MediaProvider.java:3038)
05-28 05:12:03.594  1409  1951 E SQLiteDatabase: 	at com.android.providers.media.MediaProvider.insertInternal(MediaProvider.java:3470)
05-28 05:12:03.594  1409  1951 E SQLiteDatabase: 	at com.android.providers.media.MediaProvider.insert(MediaProvider.java:3198)
05-28 05:12:03.594  1409  1951 E SQLiteDatabase: 	at android.content.ContentProviderOperation.applyInternal(ContentProviderOperation.java:375)
05-28 05:12:03.594  1409  1951 E SQLiteDatabase: 	at android.content.ContentProviderOperation.apply(ContentProviderOperation.java:347)
05-28 05:12:03.594  1409  1951 E SQLiteDatabase: 	at android.content.ContentProvider.applyBatch(ContentProvider.java:2422)
05-28 05:12:03.594  1409  1951 E SQLiteDatabase: 	at com.android.providers.media.MediaProvider.applyBatch(MediaProvider.java:3522)
05-28 05:12:03.594  1409  1951 E SQLiteDatabase: 	at android.content.ContentProvider.applyBatch(ContentProvider.java:2413)
05-28 05:12:03.594  1409  1951 E SQLiteDatabase: 	at android.content.ContentResolver.applyBatch(ContentResolver.java:2186)
05-28 05:12:03.594  1409  1951 E SQLiteDatabase: 	at com.android.providers.media.scan.ModernMediaScanner$Scan.applyPending(ModernMediaScanner.java:699)
05-28 05:12:03.594  1409  1951 E SQLiteDatabase: 	at com.android.providers.media.scan.ModernMediaScanner$Scan.maybeApplyPending(ModernMediaScanner.java:689)
05-28 05:12:03.594  1409  1951 E SQLiteDatabase: 	at com.android.providers.media.scan.ModernMediaScanner$Scan.visitFile(ModernMediaScanner.java:649)
05-28 05:12:03.594  1409  1951 E SQLiteDatabase: 	at com.android.providers.media.scan.ModernMediaScanner$Scan.visitFile(ModernMediaScanner.java:272)
05-28 05:12:03.594  1409  1951 E SQLiteDatabase: 	at java.nio.file.Files.walkFileTree(Files.java:2670)
05-28 05:12:03.594  1409  1951 E SQLiteDatabase: 	at java.nio.file.Files.walkFileTree(Files.java:2742)
05-28 05:12:03.594  1409  1951 E SQLiteDatabase: 	at com.android.providers.media.scan.ModernMediaScanner$Scan.walkFileTree(ModernMediaScanner.java:366)
05-28 05:12:03.594  1409  1951 E SQLiteDatabase: 	at com.android.providers.media.scan.ModernMediaScanner$Scan.run(ModernMediaScanner.java:329)
05-28 05:12:03.594  1409  1951 E SQLiteDatabase: 	at com.android.providers.media.scan.ModernMediaScanner.scanDirectory(ModernMediaScanner.java:226)
05-28 05:12:03.594  1409  1951 E SQLiteDatabase: 	at com.android.providers.media.MediaProvider.scanDirectory(MediaProvider.java:1111)
05-28 05:12:03.594  1409  1951 E SQLiteDatabase: 	at com.android.providers.media.MediaService.onScanVolume(MediaService.java:148)
05-28 05:12:03.594  1409  1951 E SQLiteDatabase: 	at com.android.providers.media.MediaService.onScanVolume(MediaService.java:117)
05-28 05:12:03.594  1409  1951 E SQLiteDatabase: 	at com.android.providers.media.MediaService.onScanVolume(MediaService.java:108)
05-28 05:12:03.594  1409  1951 E SQLiteDatabase: 	at com.android.providers.media.MediaService.onHandleWork(MediaService.java:71)
05-28 05:12:03.594  1409  1951 E SQLiteDatabase: 	at androidx.core.app.JobIntentService$CommandProcessor.doInBackground(JobIntentService.java:391)
05-28 05:12:03.594  1409  1951 E SQLiteDatabase: 	at androidx.core.app.JobIntentService$CommandProcessor.doInBackground(JobIntentService.java:382)
05-28 05:12:03.594  1409  1951 E SQLiteDatabase: 	at android.os.AsyncTask$3.call(AsyncTask.java:394)
05-28 05:12:03.594  1409  1951 E SQLiteDatabase: 	at java.util.concurrent.FutureTask.run(FutureTask.java:266)
05-28 05:12:03.594  1409  1951 E SQLiteDatabase: 	at java.util.concurrent.ThreadPoolExecutor.runWorker(ThreadPoolExecutor.java:1167)
05-28 05:12:03.594  1409  1951 E SQLiteDatabase: 	at java.util.concurrent.ThreadPoolExecutor$Worker.run(ThreadPoolExecutor.java:641)
05-28 05:12:03.594  1409  1951 E SQLiteDatabase: 	at java.lang.Thread.run(Thread.java:923)
05-28 05:12:03.644  5461  5461 E libc    : Access denied finding property "persist.device_config.runtime_native_boot.profilebootclasspath"
05-28 05:12:03.644  5461  5461 E libc    : Access denied finding property "persist.device_config.runtime_native_boot.enable_apex_image"
05-28 05:12:03.644  5461  5461 I AndroidRuntime: Using default boot image
05-28 05:12:03.644  5461  5461 E libc    : Access denied finding property "persist.device_config.runtime_native_boot.disable_lock_profiling"
05-28 05:12:03.644  5461  5461 I AndroidRuntime: Leaving lock profiling enabled
05-28 05:12:03.644  5461  5461 E libc    : Access denied finding property "persist.device_config.runtime_native_boot.enable_generational_cc"
05-28 05:12:03.645  5461  5461 I app_process: Core platform API reporting enabled, enforcing=false
05-28 05:12:03.640  5461  5461 W app_process: type=1400 audit(0.0:106): avc: denied { read } for name="u:object_r:device_config_runtime_native_boot_prop:s0" dev="tmpfs" ino=454 scontext=u:r:shell:s0 tcontext=u:object_r:device_config_runtime_native_boot_prop:s0 tclass=file permissive=0
05-28 05:12:03.680  5461  5461 W app_process: Unexpected CPU variant for X86 using defaults: x86_64
05-28 05:12:03.681  5461  5461 I app_process: The ClassLoaderContext is a special shared library.
05-28 05:12:03.686  5461  5461 W app_process: JNI RegisterNativeMethods: attempt to register 0 native methods for android.media.AudioAttributes
05-28 05:12:04.478     0     0 W healthd : battery l=100 v=5000 t=25.0 h=2 st=2 c=900000 fc=300000 cc=10 chg=a
05-28 05:12:05.394   162   162 I hwservicemanager: getTransport: Cannot find entry android.hardware.graphics.mapper@4.0::IMapper/default in either framework or device manifest.
05-28 05:12:05.394  5490  5490 I Gralloc4: mapper 4.x is not supported
05-28 05:12:05.450  1409  1583 I MediaProvider: Deleted 1 items on external_primary due to com.android.shell
05-28 05:12:05.473  5505  5507 I cmd     : oneway function results will be dropped but finished with status OK and parcel size 4
05-28 05:12:05.587   162   162 I hwservicemanager: getTransport: Cannot find entry android.hardware.graphics.mapper@4.0::IMapper/default in either framework or device manifest.
05-28 05:12:05.587  5527  5527 I Gralloc4: mapper 4.x is not supported
05-28 05:12:05.610   469   469 E wifi_forwarder: qemu_pipe_open_ns:62: Could not connect to the 'pipe:qemud:wififorward' service: Invalid argument
05-28 05:12:05.610   469   469 E wifi_forwarder: RemoteConnection failed to initialize: RemoteConnection failed to open pipe
05-28 05:12:05.623  5531  5533 I cmd     : oneway function results will be dropped but finished with status OK and parcel size 4
05-28 05:12:05.626   464   464 E netmgr  : qemu_pipe_open_ns:62: Could not connect to the 'pipe:qemud:network' service: Invalid argument
05-28 05:12:05.626   464   464 E netmgr  : Failed to open QEMU pipe 'qemud:network': Invalid argument
05-28 05:12:05.644  1409  1583 I MediaProvider: Deleted 1 items on external_primary due to com.android.shell
05-28 05:12:05.668  5542  5544 I cmd     : oneway function results will be dropped but finished with status OK and parcel size 4
05-28 05:12:05.782   162   162 I hwservicemanager: getTransport: Cannot find entry android.hardware.graphics.mapper@4.0::IMapper/default in either framework or device manifest.
05-28 05:12:05.782  5564  5564 I Gralloc4: mapper 4.x is not supported
05-28 05:12:05.838  1409  1568 I MediaProvider: Deleted 1 items on external_primary due to com.android.shell
05-28 05:12:05.862  5579  5581 I cmd     : oneway function results will be dropped but finished with status OK and parcel size 4
05-28 05:12:05.908  5594  5596 I cmd     : oneway function results will be dropped but finished with status OK and parcel size 4
05-28 05:12:05.955  5609  5611 I cmd     : oneway function results will be dropped but finished with status OK and parcel size 4
05-28 05:12:06.020  5626  5628 I cmd     : oneway function results will be dropped but finished with status OK and parcel size 4
05-28 05:12:06.093  5638  5638 E libc    : Access denied finding property "persist.device_config.runtime_native_boot.profilebootclasspath"
05-28 05:12:06.093  5638  5638 E libc    : Access denied finding property "persist.device_config.runtime_native_boot.enable_apex_image"
05-28 05:12:06.093  5638  5638 I AndroidRuntime: Using default boot image
05-28 05:12:06.093  5638  5638 E libc    : Access denied finding property "persist.device_config.runtime_native_boot.disable_lock_profiling"
05-28 05:12:06.093  5638  5638 I AndroidRuntime: Leaving lock profiling enabled
05-28 05:12:06.093  5638  5638 E libc    : Access denied finding property "persist.device_config.runtime_native_boot.enable_generational_cc"
05-28 05:12:06.094  5638  5638 I app_process: Core platform API reporting enabled, enforcing=false
05-28 05:12:06.088  5638  5638 W app_process: type=1400 audit(0.0:110): avc: denied { read } for name="u:object_r:device_config_runtime_native_boot_prop:s0" dev="tmpfs" ino=454 scontext=u:r:shell:s0 tcontext=u:object_r:device_config_runtime_native_boot_prop:s0 tclass=file permissive=0
05-28 05:12:06.133  5638  5638 W app_process: Unexpected CPU variant for X86 using defaults: x86_64
05-28 05:12:06.134  5638  5638 I app_process: The ClassLoaderContext is a special shared library.
05-28 05:12:06.140  5638  5638 W app_process: JNI RegisterNativeMethods: attempt to register 0 native methods for android.media.AudioAttributes
05-28 05:12:07.118  1409  1951 E SQLiteDatabase: Error inserting format=12289 owner_package_name=null parent=-1 volume_name=internal date_modified=1683213674 _display_name=audio _data=/product/media/audio is_download=0 relative_path=null
05-28 05:12:07.118  1409  1951 E SQLiteDatabase: android.database.sqlite.SQLiteDatabaseLockedException: database is locked (code 5 SQLITE_BUSY)
05-28 05:12:07.118  1409  1951 E SQLiteDatabase: 	at android.database.sqlite.SQLiteConnection.nativeExecuteForLastInsertedRowId(Native Method)
05-28 05:12:07.118  1409  1951 E SQLiteDatabase: 	at android.database.sqlite.SQLiteConnection.executeForLastInsertedRowId(SQLiteConnection.java:938)
05-28 05:12:07.118  1409  1951 E SQLiteDatabase: 	at android.database.sqlite.SQLiteSession.executeForLastInsertedRowId(SQLiteSession.java:790)
05-28 05:12:07.118  1409  1951 E SQLiteDatabase: 	at android.database.sqlite.SQLiteStatement.executeInsert(SQLiteStatement.java:88)
05-28 05:12:07.118  1409  1951 E SQLiteDatabase: 	at android.database.sqlite.SQLiteDatabase.insertWithOnConflict(SQLiteDatabase.java:1701)
05-28 05:12:07.118  1409  1951 E SQLiteDatabase: 	at android.database.sqlite.SQLiteDatabase.insert(SQLiteDatabase.java:1570)
05-28 05:12:07.118  1409  1951 E SQLiteDatabase: 	at com.android.providers.media.MediaProvider.insertDirectory(MediaProvider.java:2773)
05-28 05:12:07.118  1409  1951 E SQLiteDatabase: 	at com.android.providers.media.MediaProvider.getParent(MediaProvider.java:2794)
05-28 05:12:07.118  1409  1951 E SQLiteDatabase: 	at com.android.providers.media.MediaProvider.insertDirectory(MediaProvider.java:2763)
05-28 05:12:07.118  1409  1951 E SQLiteDatabase: 	at com.android.providers.media.MediaProvider.getParent(MediaProvider.java:2794)
05-28 05:12:07.118  1409  1951 E SQLiteDatabase: 	at com.android.providers.media.MediaProvider.lambda$insertAllowingUpsert$14(MediaProvider.java:3060)
05-28 05:12:07.118  1409  1951 E SQLiteDatabase: 	at com.android.providers.media.MediaProvider.lambda$insertAllowingUpsert$14$MediaProvider(Unknown Source:0)
05-28 05:12:07.118  1409  1951 E SQLiteDatabase: 	at com.android.providers.media.-$$Lambda$MediaProvider$FjHWs2-fjgG761OzVFzdTX4EWZg.apply(Unknown Source:13)
05-28 05:12:07.118  1409  1951 E SQLiteDatabase: 	at com.android.providers.media.DatabaseHelper.runWithTransaction(DatabaseHelper.java:555)
05-28 05:12:07.118  1409  1951 E SQLiteDatabase: 	at com.android.providers.media.MediaProvider.insertAllowingUpsert(MediaProvider.java:3056)
05-28 05:12:07.118  1409  1951 E SQLiteDatabase: 	at com.android.providers.media.MediaProvider.insertFile(MediaProvider.java:3038)
05-28 05:12:07.118  1409  1951 E SQLiteDatabase: 	at com.android.providers.media.MediaProvider.insertInternal(MediaProvider.java:3470)
05-28 05:12:07.118  1409  1951 E SQLiteDatabase: 	at com.android.providers.media.MediaProvider.insert(MediaProvider.java:3198)
05-28 05:12:07.118  1409  1951 E SQLiteDatabase: 	at android.content.ContentProviderOperation.applyInternal(ContentProviderOperation.java:375)
05-28 05:12:07.118  1409  1951 E SQLiteDatabase: 	at android.content.ContentProviderOperation.apply(ContentProviderOperation.java:347)
05-28 05:12:07.118  1409  1951 E SQLiteDatabase: 	at android.content.ContentProvider.applyBatch(ContentProvider.java:2422)
05-28 05:12:07.118  1409  1951 E SQLiteDatabase: 	at com.android.providers.media.MediaProvider.applyBatch(MediaProvider.java:3522)
05-28 05:12:07.118  1409  1951 E SQLiteDatabase: 	at android.content.ContentProvider.applyBatch(ContentProvider.java:2413)
05-28 05:12:07.118  1409  1951 E SQLiteDatabase: 	at android.content.ContentResolver.applyBatch(ContentResolver.java:2186)
05-28 05:12:07.118  1409  1951 E SQLiteDatabase: 	at com.android.providers.media.scan.ModernMediaScanner$Scan.applyPending(ModernMediaScanner.java:699)
05-28 05:12:07.118  1409  1951 E SQLiteDatabase: 	at com.android.providers.media.scan.ModernMediaScanner$Scan.maybeApplyPending(ModernMediaScanner.java:689)
05-28 05:12:07.118  1409  1951 E SQLiteDatabase: 	at com.android.providers.media.scan.ModernMediaScanner$Scan.visitFile(ModernMediaScanner.java:649)
05-28 05:12:07.118  1409  1951 E SQLiteDatabase: 	at com.android.providers.media.scan.ModernMediaScanner$Scan.visitFile(ModernMediaScanner.java:272)
05-28 05:12:07.118  1409  1951 E SQLiteDatabase: 	at java.nio.file.Files.walkFileTree(Files.java:2670)
05-28 05:12:07.118  1409  1951 E SQLiteDatabase: 	at java.nio.file.Files.walkFileTree(Files.java:2742)
05-28 05:12:07.118  1409  1951 E SQLiteDatabase: 	at com.android.providers.media.scan.ModernMediaScanner$Scan.walkFileTree(ModernMediaScanner.java:366)
05-28 05:12:07.118  1409  1951 E SQLiteDatabase: 	at com.android.providers.media.scan.ModernMediaScanner$Scan.run(ModernMediaScanner.java:329)
05-28 05:12:07.118  1409  1951 E SQLiteDatabase: 	at com.android.providers.media.scan.ModernMediaScanner.scanDirectory(ModernMediaScanner.java:226)
05-28 05:12:07.118  1409  1951 E SQLiteDatabase: 	at com.android.providers.media.MediaProvider.scanDirectory(MediaProvider.java:1111)
05-28 05:12:07.118  1409  1951 E SQLiteDatabase: 	at com.android.providers.media.MediaService.onScanVolume(MediaService.java:148)
05-28 05:12:07.118  1409  1951 E SQLiteDatabase: 	at com.android.providers.media.MediaService.onScanVolume(MediaService.java:117)
05-28 05:12:07.118  1409  1951 E SQLiteDatabase: 	at com.android.providers.media.MediaService.onScanVolume(MediaService.java:108)
05-28 05:12:07.118  1409  1951 E SQLiteDatabase: 	at com.android.providers.media.MediaService.onHandleWork(MediaService.java:71)
05-28 05:12:07.118  1409  1951 E SQLiteDatabase: 	at androidx.core.app.JobIntentService$CommandProcessor.doInBackground(JobIntentService.java:391)
05-28 05:12:07.118  1409  1951 E SQLiteDatabase: 	at androidx.core.app.JobIntentService$CommandProcessor.doInBackground(JobIntentService.java:382)
05-28 05:12:07.118  1409  1951 E SQLiteDatabase: 	at android.os.AsyncTask$3.call(AsyncTask.java:394)
05-28 05:12:07.118  1409  1951 E SQLiteDatabase: 	at java.util.concurrent.FutureTask.run(FutureTask.java:266)
05-28 05:12:07.118  1409  1951 E SQLiteDatabase: 	at java.util.concurrent.ThreadPoolExecutor.runWorker(ThreadPoolExecutor.java:1167)
05-28 05:12:07.118  1409  1951 E SQLiteDatabase: 	at java.util.concurrent.ThreadPoolExecutor$Worker.run(ThreadPoolExecutor.java:641)
05-28 05:12:07.118  1409  1951 E SQLiteDatabase: 	at java.lang.Thread.run(Thread.java:923)
05-28 05:12:07.844   162   162 I hwservicemanager: getTransport: Cannot find entry android.hardware.graphics.mapper@4.0::IMapper/default in either framework or device manifest.
05-28 05:12:07.844  5665  5665 I Gralloc4: mapper 4.x is not supported
05-28 05:12:07.900  1409  2570 I MediaProvider: Deleted 1 items on external_primary due to com.android.shell
05-28 05:12:07.922  5680  5682 I cmd     : oneway function results will be dropped but finished with status OK and parcel size 4
05-28 05:12:08.032   162   162 I hwservicemanager: getTransport: Cannot find entry android.hardware.graphics.mapper@4.0::IMapper/default in either framework or device manifest.
05-28 05:12:08.032  5702  5702 I Gralloc4: mapper 4.x is not supported
05-28 05:12:08.082  5708  5710 I cmd     : oneway function results will be dropped but finished with status OK and parcel size 4
05-28 05:12:08.102  1409  1583 I MediaProvider: Deleted 1 items on external_primary due to com.android.shell
05-28 05:12:08.126  5719  5721 I cmd     : oneway function results will be dropped but finished with status OK and parcel size 4
05-28 05:12:08.235   162   162 I hwservicemanager: getTransport: Cannot find entry android.hardware.graphics.mapper@4.0::IMapper/default in either framework or device manifest.
05-28 05:12:08.235  5741  5741 I Gralloc4: mapper 4.x is not supported
05-28 05:12:08.287  1409  1568 I MediaProvider: Deleted 1 items on external_primary due to com.android.shell
05-28 05:12:08.310  5756  5758 I cmd     : oneway function results will be dropped but finished with status OK and parcel size 4
05-28 05:12:08.374  5766  5766 E libc    : Access denied finding property "persist.device_config.runtime_native_boot.profilebootclasspath"
05-28 05:12:08.374  5766  5766 E libc    : Access denied finding property "persist.device_config.runtime_native_boot.enable_apex_image"
05-28 05:12:08.374  5766  5766 I AndroidRuntime: Using default boot image
05-28 05:12:08.374  5766  5766 E libc    : Access denied finding property "persist.device_config.runtime_native_boot.disable_lock_profiling"
05-28 05:12:08.374  5766  5766 I AndroidRuntime: Leaving lock profiling enabled
05-28 05:12:08.374  5766  5766 E libc    : Access denied finding property "persist.device_config.runtime_native_boot.enable_generational_cc"
05-28 05:12:08.372  5766  5766 W app_process: type=1400 audit(0.0:114): avc: denied { read } for name="u:object_r:device_config_runtime_native_boot_prop:s0" dev="tmpfs" ino=454 scontext=u:r:shell:s0 tcontext=u:object_r:device_config_runtime_native_boot_prop:s0 tclass=file permissive=0
05-28 05:12:08.375  5766  5766 I app_process: Core platform API reporting enabled, enforcing=false
05-28 05:12:08.372  5766  5766 W app_process: type=1400 audit(0.0:115): avc: denied { read } for name="u:object_r:device_config_runtime_native_boot_prop:s0" dev="tmpfs" ino=454 scontext=u:r:shell:s0 tcontext=u:object_r:device_config_runtime_native_boot_prop:s0 tclass=file permissive=0
05-28 05:12:08.411  5766  5766 W app_process: Unexpected CPU variant for X86 using defaults: x86_64
05-28 05:12:08.412  5766  5766 I app_process: The ClassLoaderContext is a special shared library.
05-28 05:12:08.418  5766  5766 W app_process: JNI RegisterNativeMethods: attempt to register 0 native methods for android.media.AudioAttributes
05-28 05:12:08.469   507   535 W InputReader: Device virtio_input_multi_touch_10 is associated with display ADISPLAY_ID_NONE.
05-28 05:12:08.469   507   535 W InputReader: Device virtio_input_multi_touch_7 is associated with display ADISPLAY_ID_NONE.
05-28 05:12:08.470   507   535 W InputReader: Device virtio_input_multi_touch_4 is associated with display ADISPLAY_ID_NONE.
05-28 05:12:08.470   507   535 W InputReader: Device virtio_input_multi_touch_5 is associated with display ADISPLAY_ID_NONE.
05-28 05:12:08.470   507   535 W InputReader: Device virtio_input_multi_touch_2 is associated with display ADISPLAY_ID_NONE.
05-28 05:12:08.470   507   535 W InputReader: Device virtio_input_multi_touch_6 is associated with display ADISPLAY_ID_NONE.
05-28 05:12:08.470   507   535 W InputReader: Device virtio_input_multi_touch_3 is associated with display ADISPLAY_ID_NONE.
05-28 05:12:08.470   507   535 W InputReader: Device virtio_input_multi_touch_8 is associated with display ADISPLAY_ID_NONE.
05-28 05:12:08.470   507   535 W InputReader: Device virtio_input_multi_touch_9 is associated with display ADISPLAY_ID_NONE.
05-28 05:12:08.470   507   535 W InputReader: Device virtio_input_multi_touch_11 is associated with display ADISPLAY_ID_NONE.
05-28 05:12:08.470   507   535 W InputReader: Device virtio_input_multi_touch_10 is associated with display ADISPLAY_ID_NONE.
05-28 05:12:08.470   507   535 W InputReader: Device virtio_input_multi_touch_7 is associated with display ADISPLAY_ID_NONE.
05-28 05:12:08.470   507   535 W InputReader: Device virtio_input_multi_touch_4 is associated with display ADISPLAY_ID_NONE.
05-28 05:12:08.470   507   535 W InputReader: Device virtio_input_multi_touch_5 is associated with display ADISPLAY_ID_NONE.
05-28 05:12:08.470   507   535 W InputReader: Device virtio_input_multi_touch_2 is associated with display ADISPLAY_ID_NONE.
05-28 05:12:08.470   507   535 W InputReader: Device virtio_input_multi_touch_6 is associated with display ADISPLAY_ID_NONE.
05-28 05:12:08.470   507   535 W InputReader: Device virtio_input_multi_touch_3 is associated with display ADISPLAY_ID_NONE.
05-28 05:12:08.470   507   535 W InputReader: Device virtio_input_multi_touch_8 is associated with display ADISPLAY_ID_NONE.
05-28 05:12:08.470   507   535 W InputReader: Device virtio_input_multi_touch_9 is associated with display ADISPLAY_ID_NONE.
05-28 05:12:08.470   507   535 W InputReader: Device virtio_input_multi_touch_11 is associated with display ADISPLAY_ID_NONE.
05-28 05:12:08.494   162   162 I hwservicemanager: getTransport: Cannot find entry android.hardware.configstore@1.0::ISurfaceFlingerConfigs/default in either framework or device manifest.
05-28 05:12:08.629  2053  2069 I mit.droidbotap: Background concurrent copying GC freed 19131(929KB) AllocSpace objects, 27(868KB) LOS objects, 49% free, 3347KB/6694KB, paused 13us total 108.796ms
05-28 05:12:08.630   346   346 E Layer   : [Surface(name=Task=1)/@0x81ae4be - animation-leash#0] No local sync point found
05-28 05:12:08.630   346   346 E Layer   : [Surface(name=Task=1)/@0x81ae4be - animation-leash#0] No local sync point found
05-28 05:12:08.630   346   346 E Layer   : [Surface(name=Task=9)/@0x7be63c3 - animation-leash#0] No local sync point found
05-28 05:12:08.630   346   346 E Layer   : [Surface(name=Task=9)/@0x7be63c3 - animation-leash#0] No local sync point found
05-28 05:12:09.931   162   162 I hwservicemanager: getTransport: Cannot find entry android.hardware.graphics.mapper@4.0::IMapper/default in either framework or device manifest.
05-28 05:12:09.931  5803  5803 I Gralloc4: mapper 4.x is not supported
05-28 05:12:09.999  5807  5809 I cmd     : oneway function results will be dropped but finished with status OK and parcel size 4
05-28 05:12:10.019  1409  1583 I MediaProvider: Deleted 1 items on external_primary due to com.android.shell
05-28 05:12:10.044  5818  5820 I cmd     : oneway function results will be dropped but finished with status OK and parcel size 4
05-28 05:12:10.169   162   162 I hwservicemanager: getTransport: Cannot find entry android.hardware.graphics.mapper@4.0::IMapper/default in either framework or device manifest.
05-28 05:12:10.169  5842  5842 I Gralloc4: mapper 4.x is not supported
05-28 05:12:10.257  1409  2570 I MediaProvider: Deleted 1 items on external_primary due to com.android.shell
05-28 05:12:10.282  5857  5859 I cmd     : oneway function results will be dropped but finished with status OK and parcel size 4
05-28 05:12:10.393   162   162 I hwservicemanager: getTransport: Cannot find entry android.hardware.graphics.mapper@4.0::IMapper/default in either framework or device manifest.
05-28 05:12:10.393  5879  5879 I Gralloc4: mapper 4.x is not supported
05-28 05:12:10.483  1409  1568 I MediaProvider: Deleted 1 items on external_primary due to com.android.shell
