05-28 05:11:27.259  1409  1951 E SQLiteDatabase: 	at android.database.sqlite.SQLiteDatabase.insert(SQLiteDatabase.java:1570)
05-28 05:11:27.259  1409  1951 E SQLiteDatabase: 	at com.android.providers.media.MediaProvider.insertDirectory(MediaProvider.java:2773)
05-28 05:11:27.259  1409  1951 E SQLiteDatabase: 	at com.android.providers.media.MediaProvider.getParent(MediaProvider.java:2794)
05-28 05:11:27.259  1409  1951 E SQLiteDatabase: 	at com.android.providers.media.MediaProvider.lambda$insertAllowingUpsert$14(MediaProvider.java:3060)
05-28 05:11:27.259  1409  1951 E SQLiteDatabase: 	at com.android.providers.media.MediaProvider.lambda$insertAllowingUpsert$14$MediaProvider(Unknown Source:0)
05-28 05:11:27.259  1409  1951 E SQLiteDatabase: 	at com.android.providers.media.-$$Lambda$MediaProvider$FjHWs2-fjgG761OzVFzdTX4EWZg.apply(Unknown Source:13)
05-28 05:11:27.259  1409  1951 E SQLiteDatabase: 	at com.android.providers.media.DatabaseHelper.runWithTransaction(DatabaseHelper.java:555)
05-28 05:11:27.259  1409  1951 E SQLiteDatabase: 	at com.android.providers.media.MediaProvider.insertAllowingUpsert(MediaProvider.java:3056)
05-28 05:11:27.259  1409  1951 E SQLiteDatabase: 	at com.android.providers.media.MediaProvider.insertFile(MediaProvider.java:3038)
05-28 05:11:27.259  1409  1951 E SQLiteDatabase: 	at com.android.providers.media.MediaProvider.insertInternal(MediaProvider.java:3470)
05-28 05:11:27.259  1409  1951 E SQLiteDatabase: 	at com.android.providers.media.MediaProvider.insert(MediaProvider.java:3198)
05-28 05:11:27.259  1409  1951 E SQLiteDatabase: 	at android.content.ContentProviderOperation.applyInternal(ContentProviderOperation.java:375)
05-28 05:11:27.259  1409  1951 E SQLiteDatabase: 	at android.content.ContentProviderOperation.apply(ContentProviderOperation.java:347)
05-28 05:11:27.259  1409  1951 E SQLiteDatabase: 	at android.content.ContentProvider.applyBatch(ContentProvider.java:2422)
05-28 05:11:27.259  1409  1951 E SQLiteDatabase: 	at com.android.providers.media.MediaProvider.applyBatch(MediaProvider.java:3522)
05-28 05:11:27.259  1409  1951 E SQLiteDatabase: 	at android.content.ContentProvider.applyBatch(ContentProvider.java:2413)
05-28 05:11:27.259  1409  1951 E SQLiteDatabase: 	at android.content.ContentResolver.applyBatch(ContentResolver.java:2186)
05-28 05:11:27.259  1409  1951 E SQLiteDatabase: 	at com.android.providers.media.scan.ModernMediaScanner$Scan.applyPending(ModernMediaScanner.java:699)
05-28 05:11:27.259  1409  1951 E SQLiteDatabase: 	at com.android.providers.media.scan.ModernMediaScanner$Scan.maybeApplyPending(ModernMediaScanner.java:689)
05-28 05:11:27.259  1409  1951 E SQLiteDatabase: 	at com.android.providers.media.scan.ModernMediaScanner$Scan.visitFile(ModernMediaScanner.java:649)
05-28 05:11:27.259  1409  1951 E SQLiteDatabase: 	at com.android.providers.media.scan.ModernMediaScanner$Scan.visitFile(ModernMediaScanner.java:272)
05-28 05:11:27.259  1409  1951 E SQLiteDatabase: 	at java.nio.file.Files.walkFileTree(Files.java:2670)
05-28 05:11:27.259  1409  1951 E SQLiteDatabase: 	at java.nio.file.Files.walkFileTree(Files.java:2742)
05-28 05:11:27.259  1409  1951 E SQLiteDatabase: 	at com.android.providers.media.scan.ModernMediaScanner$Scan.walkFileTree(ModernMediaScanner.java:366)
05-28 05:11:27.259  1409  1951 E SQLiteDatabase: 	at com.android.providers.media.scan.ModernMediaScanner$Scan.run(ModernMediaScanner.java:329)
05-28 05:11:27.259  1409  1951 E SQLiteDatabase: 	at com.android.providers.media.scan.ModernMediaScanner.scanDirectory(ModernMediaScanner.java:226)
05-28 05:11:27.259  1409  1951 E SQLiteDatabase: 	at com.android.providers.media.MediaProvider.scanDirectory(MediaProvider.java:1111)
05-28 05:11:27.259  1409  1951 E SQLiteDatabase: 	at com.android.providers.media.MediaService.onScanVolume(MediaService.java:148)
05-28 05:11:27.259  1409  1951 E SQLiteDatabase: 	at com.android.providers.media.MediaService.onScanVolume(MediaService.java:117)
05-28 05:11:27.259  1409  1951 E SQLiteDatabase: 	at com.android.providers.media.MediaService.onScanVolume(MediaService.java:108)
05-28 05:11:27.259  1409  1951 E SQLiteDatabase: 	at com.android.providers.media.MediaService.onHandleWork(MediaService.java:71)
05-28 05:11:27.259  1409  1951 E SQLiteDatabase: 	at androidx.core.app.JobIntentService$CommandProcessor.doInBackground(JobIntentService.java:391)
05-28 05:11:27.259  1409  1951 E SQLiteDatabase: 	at androidx.core.app.JobIntentService$CommandProcessor.doInBackground(JobIntentService.java:382)
05-28 05:11:27.259  1409  1951 E SQLiteDatabase: 	at android.os.AsyncTask$3.call(AsyncTask.java:394)
05-28 05:11:27.259  1409  1951 E SQLiteDatabase: 	at java.util.concurrent.FutureTask.run(FutureTask.java:266)
05-28 05:11:27.259  1409  1951 E SQLiteDatabase: 	at java.util.concurrent.ThreadPoolExecutor.runWorker(ThreadPoolExecutor.java:1167)
05-28 05:11:27.259  1409  1951 E SQLiteDatabase: 	at java.util.concurrent.ThreadPoolExecutor$Worker.run(ThreadPoolExecutor.java:641)
05-28 05:11:27.259  1409  1951 E SQLiteDatabase: 	at java.lang.Thread.run(Thread.java:923)
05-28 05:11:27.263  1409  1583 I MediaProvider: Deleted 1 items on external_primary due to com.android.shell
05-28 05:11:27.610   507   507 W Looper  : Slow dispatch took 107ms main h=android.app.PropertyInvalidatedCache$AutoCorker$1 c=null m=0
05-28 05:11:27.614   162   162 I hwservicemanager: getTransport: Cannot find entry android.hardware.graphics.mapper@4.0::IMapper/default in either framework or device manifest.
05-28 05:11:27.614  2793  2793 I Gralloc4: mapper 4.x is not supported
05-28 05:11:27.753  2797  2799 I cmd     : oneway function results will be dropped but finished with status OK and parcel size 4
05-28 05:11:27.760  2674  2700 I OpenGLRenderer: Davey! duration=1446ms; Flags=1, IntendedVsync=34687694664, Vsync=34754361328, OldestInputEvent=9223372036854775807, NewestInputEvent=0, HandleInputStart=34762636595, AnimationStart=34762638489, PerformTraversalsStart=34762688723, DrawStart=35336045570, SyncQueued=35353246079, SyncStart=35353921718, IssueDrawCommandsStart=35353987521, SwapBuffers=35988314125, FrameCompleted=36134619353, DequeueBufferDuration=44252, QueueBufferDuration=431646, GpuCompleted=0, 
05-28 05:11:27.768   507   545 I ActivityTaskManager: Displayed com.mocoding.pokedex.android/.MainActivity: +2s267ms
05-28 05:11:27.806  2674  2674 I Choreographer: Skipped 83 frames!  The application may be doing too much work on its main thread.
05-28 05:11:27.822  2674  2700 I OpenGLRenderer: Davey! duration=1406ms; Flags=0, IntendedVsync=34787696236, Vsync=36171029514, OldestInputEvent=9223372036854775807, NewestInputEvent=0, HandleInputStart=36180836813, AnimationStart=36180838767, PerformTraversalsStart=36186426393, DrawStart=36187367912, SyncQueued=36190848633, SyncStart=36192832946, IssueDrawCommandsStart=36192969411, SwapBuffers=36194549332, FrameCompleted=36196627534, DequeueBufferDuration=34894, QueueBufferDuration=338552, GpuCompleted=32651097298436096, 
05-28 05:11:27.848  1409  2570 I MediaProvider: Deleted 1 items on external_primary due to com.android.shell
05-28 05:11:27.849   346  1092 W ServiceManager: Permission failure: android.permission.ACCESS_SURFACE_FLINGER from uid=10131 pid=2674
05-28 05:11:27.959  2053  2053 E AccessibilityInteractionClient: 1 Disconnected nodes.
05-28 05:11:28.114  2863  2864 I cmd     : oneway function results will be dropped but finished with status OK and parcel size 4
05-28 05:11:28.235  2904  2906 I cmd     : oneway function results will be dropped but finished with status OK and parcel size 4
05-28 05:11:28.312  2916  2916 E libc    : Access denied finding property "persist.device_config.runtime_native_boot.profilebootclasspath"
05-28 05:11:28.312  2916  2916 E libc    : Access denied finding property "persist.device_config.runtime_native_boot.enable_apex_image"
05-28 05:11:28.312  2916  2916 I AndroidRuntime: Using default boot image
05-28 05:11:28.312  2916  2916 E libc    : Access denied finding property "persist.device_config.runtime_native_boot.disable_lock_profiling"
05-28 05:11:28.312  2916  2916 I AndroidRuntime: Leaving lock profiling enabled
05-28 05:11:28.312  2916  2916 E libc    : Access denied finding property "persist.device_config.runtime_native_boot.enable_generational_cc"
05-28 05:11:28.313  2916  2916 I app_process: Core platform API reporting enabled, enforcing=false
05-28 05:11:28.323   408   408 I perfetto: probes_producer.cc:329  Producer stop (id=5)
05-28 05:11:28.323   409   409 I perfetto: ng_service_impl.cc:1948 Tracing session 5 ended, total sessions:1
05-28 05:11:28.308  2916  2916 W app_process: type=1400 audit(0.0:50): avc: denied { read } for name="u:object_r:device_config_runtime_native_boot_prop:s0" dev="tmpfs" ino=454 scontext=u:r:shell:s0 tcontext=u:object_r:device_config_runtime_native_boot_prop:s0 tclass=file permissive=0
05-28 05:11:28.350  2916  2916 W app_process: Unexpected CPU variant for X86 using defaults: x86_64
05-28 05:11:28.350  2916  2916 I app_process: The ClassLoaderContext is a special shared library.
05-28 05:11:28.356  2916  2916 W app_process: JNI RegisterNativeMethods: attempt to register 0 native methods for android.media.AudioAttributes
05-28 05:11:28.308  2916  2916 W app_process: type=1400 audit(0.0:51): avc: denied { read } for name="u:object_r:device_config_runtime_native_boot_prop:s0" dev="tmpfs" ino=454 scontext=u:r:shell:s0 tcontext=u:object_r:device_config_runtime_native_boot_prop:s0 tclass=file permissive=0
05-28 05:11:28.452  2674  2809 W pokedex.androi: Accessing hidden method Landroid/graphics/ImageDecoder;->createSource([B)Landroid/graphics/ImageDecoder$Source; (greylist-max-o, linking, denied)
05-28 05:11:28.549   507  1406 E TaskPersister: File error accessing recents directory (directory doesn't exist?).
05-28 05:11:30.086   162   162 I hwservicemanager: getTransport: Cannot find entry android.hardware.graphics.mapper@4.0::IMapper/default in either framework or device manifest.
05-28 05:11:30.086  2956  2956 I Gralloc4: mapper 4.x is not supported
05-28 05:11:30.150  1409  1568 I MediaProvider: Deleted 1 items on external_primary due to com.android.shell
05-28 05:11:30.175  2971  2973 I cmd     : oneway function results will be dropped but finished with status OK and parcel size 4
05-28 05:11:30.306   162   162 I hwservicemanager: getTransport: Cannot find entry android.hardware.graphics.mapper@4.0::IMapper/default in either framework or device manifest.
05-28 05:11:30.306  2993  2993 I Gralloc4: mapper 4.x is not supported
05-28 05:11:30.367  1409  1568 I MediaProvider: Deleted 1 items on external_primary due to com.android.shell
05-28 05:11:30.392  3008  3010 I cmd     : oneway function results will be dropped but finished with status OK and parcel size 4
05-28 05:11:30.497   408   408 I perfetto: probes_producer.cc:329  Producer stop (id=6)
05-28 05:11:30.499   409   409 I perfetto: ng_service_impl.cc:1948 Tracing session 6 ended, total sessions:0
05-28 05:11:30.499   408   408 I perfetto: ftrace_procfs.cc:183    disabled ftrace
05-28 05:11:30.678     0     0 W perfetto: disabled ftrace
05-28 05:11:30.510   162   162 I hwservicemanager: getTransport: Cannot find entry android.hardware.graphics.mapper@4.0::IMapper/default in either framework or device manifest.
05-28 05:11:30.510  3030  3030 I Gralloc4: mapper 4.x is not supported
05-28 05:11:30.612  1409  2570 I MediaProvider: Deleted 1 items on external_primary due to com.android.shell
05-28 05:11:30.637  3045  3047 I cmd     : oneway function results will be dropped but finished with status OK and parcel size 4
05-28 05:11:30.730  3075  3077 I cmd     : oneway function results will be dropped but finished with status OK and parcel size 4
05-28 05:11:30.776  3090  3092 I cmd     : oneway function results will be dropped but finished with status OK and parcel size 4
05-28 05:11:30.855  3102  3102 E libc    : Access denied finding property "persist.device_config.runtime_native_boot.profilebootclasspath"
05-28 05:11:30.855  3102  3102 E libc    : Access denied finding property "persist.device_config.runtime_native_boot.enable_apex_image"
05-28 05:11:30.855  3102  3102 I AndroidRuntime: Using default boot image
05-28 05:11:30.855  3102  3102 E libc    : Access denied finding property "persist.device_config.runtime_native_boot.disable_lock_profiling"
05-28 05:11:30.855  3102  3102 I AndroidRuntime: Leaving lock profiling enabled
05-28 05:11:30.855  3102  3102 E libc    : Access denied finding property "persist.device_config.runtime_native_boot.enable_generational_cc"
05-28 05:11:30.856  3102  3102 I app_process: Core platform API reporting enabled, enforcing=false
05-28 05:11:30.844  3102  3102 W app_process: type=1400 audit(0.0:54): avc: denied { read } for name="u:object_r:device_config_runtime_native_boot_prop:s0" dev="tmpfs" ino=454 scontext=u:r:shell:s0 tcontext=u:object_r:device_config_runtime_native_boot_prop:s0 tclass=file permissive=0
05-28 05:11:30.852  3102  3102 I chatty  : uid=2000(shell) main identical 2 lines
05-28 05:11:30.852  3102  3102 W app_process: type=1400 audit(0.0:57): avc: denied { read } for name="u:object_r:device_config_runtime_native_boot_prop:s0" dev="tmpfs" ino=454 scontext=u:r:shell:s0 tcontext=u:object_r:device_config_runtime_native_boot_prop:s0 tclass=file permissive=0
05-28 05:11:30.891  3102  3102 W app_process: Unexpected CPU variant for X86 using defaults: x86_64
05-28 05:11:30.892  3102  3102 I app_process: The ClassLoaderContext is a special shared library.
05-28 05:11:30.898  3102  3102 W app_process: JNI RegisterNativeMethods: attempt to register 0 native methods for android.media.AudioAttributes
05-28 05:11:31.268   162   162 I hwservicemanager: getTransport: Cannot find entry android.hardware.configstore@1.0::ISurfaceFlingerConfigs/default in either framework or device manifest.
05-28 05:11:31.275   162   162 I hwservicemanager: getTransport: Cannot find entry android.hardware.graphics.mapper@4.0::IMapper/default in either framework or device manifest.
05-28 05:11:31.275  2053  2228 I Gralloc4: mapper 4.x is not supported
05-28 05:11:31.406   507   507 W NotificationHistory: Attempted to add notif for locked/gone/disabled user 0
05-28 05:11:32.638   162   162 I hwservicemanager: getTransport: Cannot find entry android.hardware.graphics.mapper@4.0::IMapper/default in either framework or device manifest.
05-28 05:11:32.638  3143  3143 I Gralloc4: mapper 4.x is not supported
05-28 05:11:32.689  3147  3149 I cmd     : oneway function results will be dropped but finished with status OK and parcel size 4
05-28 05:11:32.756  1409  1583 I MediaProvider: Deleted 1 items on external_primary due to com.android.shell
05-28 05:11:32.783  3158  3160 I cmd     : oneway function results will be dropped but finished with status OK and parcel size 4
05-28 05:11:32.901   162   162 I hwservicemanager: getTransport: Cannot find entry android.hardware.graphics.mapper@4.0::IMapper/default in either framework or device manifest.
05-28 05:11:32.901  3180  3180 I Gralloc4: mapper 4.x is not supported
05-28 05:11:32.957  3186  3188 I cmd     : oneway function results will be dropped but finished with status OK and parcel size 4
05-28 05:11:33.017  1409  1568 I MediaProvider: Deleted 1 items on external_primary due to com.android.shell
05-28 05:11:33.042  3197  3199 I cmd     : oneway function results will be dropped but finished with status OK and parcel size 4
05-28 05:11:33.157   162   162 I hwservicemanager: getTransport: Cannot find entry android.hardware.graphics.mapper@4.0::IMapper/default in either framework or device manifest.
05-28 05:11:33.157  3219  3219 I Gralloc4: mapper 4.x is not supported
05-28 05:11:33.268  1409  2570 I MediaProvider: Deleted 1 items on external_primary due to com.android.shell
05-28 05:11:33.341  3249  3251 I cmd     : oneway function results will be dropped but finished with status OK and parcel size 4
05-28 05:11:33.387  3264  3266 I cmd     : oneway function results will be dropped but finished with status OK and parcel size 4
05-28 05:11:33.434  3279  3281 I cmd     : oneway function results will be dropped but finished with status OK and parcel size 4
05-28 05:11:33.507  3291  3291 E libc    : Access denied finding property "persist.device_config.runtime_native_boot.profilebootclasspath"
05-28 05:11:33.507  3291  3291 E libc    : Access denied finding property "persist.device_config.runtime_native_boot.enable_apex_image"
05-28 05:11:33.507  3291  3291 I AndroidRuntime: Using default boot image
05-28 05:11:33.507  3291  3291 E libc    : Access denied finding property "persist.device_config.runtime_native_boot.disable_lock_profiling"
05-28 05:11:33.507  3291  3291 I AndroidRuntime: Leaving lock profiling enabled
05-28 05:11:33.507  3291  3291 E libc    : Access denied finding property "persist.device_config.runtime_native_boot.enable_generational_cc"
05-28 05:11:33.509  3291  3291 I app_process: Core platform API reporting enabled, enforcing=false
05-28 05:11:33.504  3291  3291 W app_process: type=1400 audit(0.0:58): avc: denied { read } for name="u:object_r:device_config_runtime_native_boot_prop:s0" dev="tmpfs" ino=454 scontext=u:r:shell:s0 tcontext=u:object_r:device_config_runtime_native_boot_prop:s0 tclass=file permissive=0
05-28 05:11:33.554  3291  3291 W app_process: Unexpected CPU variant for X86 using defaults: x86_64
05-28 05:11:33.555  3291  3291 I app_process: The ClassLoaderContext is a special shared library.
05-28 05:11:33.560  3291  3291 W app_process: JNI RegisterNativeMethods: attempt to register 0 native methods for android.media.AudioAttributes
05-28 05:11:33.645   158   158 I BpBinder: onLastStrongRef automatically unlinking death recipients: <uncached descriptor>
05-28 05:11:33.822     0     0 I AidlLazyServiceRegistrar: Trying to shut down the service. No clients in use for any service in process.
05-28 05:11:33.826     0     0 I AidlLazyServiceRegistrar: Unregistered all clients and exiting
05-28 05:11:33.829     0     0 I init    : Service 'apexd' (pid 212) exited with status 0 oneshot service took 30.884001 seconds in background
05-28 05:11:33.832     0     0 I init    : Sending signal 9 to service 'apexd' (pid 212) process group...
05-28 05:11:33.834     0     0 I libprocessgroup: Successfully killed process cgroup uid 0 pid 212 in 0ms
05-28 05:11:33.880  1033  1033 I Telephony: isRttCurrentlySupported -- regular acct, hasVoiceAvailability: false
05-28 05:11:33.880  1033  1033 I Telephony:  isRttSupported: false
05-28 05:11:33.880  1033  1033 I Telephony:  isRoaming: false
05-28 05:11:33.880  1033  1033 I Telephony:  isOnWfc: false
05-28 05:11:34.730  1409  1951 E SQLiteDatabase: Error inserting format=12289 owner_package_name=null parent=-1 volume_name=internal date_modified=1683216921 _display_name=product _data=/product is_download=0 relative_path=null
05-28 05:11:34.730  1409  1951 E SQLiteDatabase: android.database.sqlite.SQLiteDatabaseLockedException: database is locked (code 5 SQLITE_BUSY)
05-28 05:11:34.730  1409  1951 E SQLiteDatabase: 	at android.database.sqlite.SQLiteConnection.nativeExecuteForLastInsertedRowId(Native Method)
05-28 05:11:34.730  1409  1951 E SQLiteDatabase: 	at android.database.sqlite.SQLiteConnection.executeForLastInsertedRowId(SQLiteConnection.java:938)
05-28 05:11:34.730  1409  1951 E SQLiteDatabase: 	at android.database.sqlite.SQLiteSession.executeForLastInsertedRowId(SQLiteSession.java:790)
05-28 05:11:34.730  1409  1951 E SQLiteDatabase: 	at android.database.sqlite.SQLiteStatement.executeInsert(SQLiteStatement.java:88)
05-28 05:11:34.730  1409  1951 E SQLiteDatabase: 	at android.database.sqlite.SQLiteDatabase.insertWithOnConflict(SQLiteDatabase.java:1701)
05-28 05:11:34.730  1409  1951 E SQLiteDatabase: 	at android.database.sqlite.SQLiteDatabase.insert(SQLiteDatabase.java:1570)
05-28 05:11:34.730  1409  1951 E SQLiteDatabase: 	at com.android.providers.media.MediaProvider.insertDirectory(MediaProvider.java:2773)
05-28 05:11:34.730  1409  1951 E SQLiteDatabase: 	at com.android.providers.media.MediaProvider.getParent(MediaProvider.java:2794)
05-28 05:11:34.730  1409  1951 E SQLiteDatabase: 	at com.android.providers.media.MediaProvider.insertDirectory(MediaProvider.java:2763)
05-28 05:11:34.730  1409  1951 E SQLiteDatabase: 	at com.android.providers.media.MediaProvider.getParent(MediaProvider.java:2794)
05-28 05:11:34.730  1409  1951 E SQLiteDatabase: 	at com.android.providers.media.MediaProvider.lambda$insertAllowingUpsert$14(MediaProvider.java:3060)
05-28 05:11:34.730  1409  1951 E SQLiteDatabase: 	at com.android.providers.media.MediaProvider.lambda$insertAllowingUpsert$14$MediaProvider(Unknown Source:0)
05-28 05:11:34.730  1409  1951 E SQLiteDatabase: 	at com.android.providers.media.-$$Lambda$MediaProvider$FjHWs2-fjgG761OzVFzdTX4EWZg.apply(Unknown Source:13)
05-28 05:11:34.730  1409  1951 E SQLiteDatabase: 	at com.android.providers.media.DatabaseHelper.runWithTransaction(DatabaseHelper.java:555)
05-28 05:11:34.730  1409  1951 E SQLiteDatabase: 	at com.android.providers.media.MediaProvider.insertAllowingUpsert(MediaProvider.java:3056)
05-28 05:11:34.730  1409  1951 E SQLiteDatabase: 	at com.android.providers.media.MediaProvider.insertFile(MediaProvider.java:3038)
05-28 05:11:34.730  1409  1951 E SQLiteDatabase: 	at com.android.providers.media.MediaProvider.insertInternal(MediaProvider.java:3470)
05-28 05:11:34.730  1409  1951 E SQLiteDatabase: 	at com.android.providers.media.MediaProvider.insert(MediaProvider.java:3198)
05-28 05:11:34.730  1409  1951 E SQLiteDatabase: 	at android.content.ContentProviderOperation.applyInternal(ContentProviderOperation.java:375)
05-28 05:11:34.730  1409  1951 E SQLiteDatabase: 	at android.content.ContentProviderOperation.apply(ContentProviderOperation.java:347)
05-28 05:11:34.730  1409  1951 E SQLiteDatabase: 	at android.content.ContentProvider.applyBatch(ContentProvider.java:2422)
05-28 05:11:34.730  1409  1951 E SQLiteDatabase: 	at com.android.providers.media.MediaProvider.applyBatch(MediaProvider.java:3522)
05-28 05:11:34.730  1409  1951 E SQLiteDatabase: 	at android.content.ContentProvider.applyBatch(ContentProvider.java:2413)
05-28 05:11:34.730  1409  1951 E SQLiteDatabase: 	at android.content.ContentResolver.applyBatch(ContentResolver.java:2186)
05-28 05:11:34.730  1409  1951 E SQLiteDatabase: 	at com.android.providers.media.scan.ModernMediaScanner$Scan.applyPending(ModernMediaScanner.java:699)
05-28 05:11:34.730  1409  1951 E SQLiteDatabase: 	at com.android.providers.media.scan.ModernMediaScanner$Scan.maybeApplyPending(ModernMediaScanner.java:689)
05-28 05:11:34.730  1409  1951 E SQLiteDatabase: 	at com.android.providers.media.scan.ModernMediaScanner$Scan.visitFile(ModernMediaScanner.java:649)
05-28 05:11:34.730  1409  1951 E SQLiteDatabase: 	at com.android.providers.media.scan.ModernMediaScanner$Scan.visitFile(ModernMediaScanner.java:272)
05-28 05:11:34.730  1409  1951 E SQLiteDatabase: 	at java.nio.file.Files.walkFileTree(Files.java:2670)
05-28 05:11:34.730  1409  1951 E SQLiteDatabase: 	at java.nio.file.Files.walkFileTree(Files.java:2742)
05-28 05:11:34.730  1409  1951 E SQLiteDatabase: 	at com.android.providers.media.scan.ModernMediaScanner$Scan.walkFileTree(ModernMediaScanner.java:366)
05-28 05:11:34.730  1409  1951 E SQLiteDatabase: 	at com.android.providers.media.scan.ModernMediaScanner$Scan.run(ModernMediaScanner.java:329)
05-28 05:11:34.730  1409  1951 E SQLiteDatabase: 	at com.android.providers.media.scan.ModernMediaScanner.scanDirectory(ModernMediaScanner.java:226)
05-28 05:11:34.730  1409  1951 E SQLiteDatabase: 	at com.android.providers.media.MediaProvider.scanDirectory(MediaProvider.java:1111)
05-28 05:11:34.730  1409  1951 E SQLiteDatabase: 	at com.android.providers.media.MediaService.onScanVolume(MediaService.java:148)
05-28 05:11:34.730  1409  1951 E SQLiteDatabase: 	at com.android.providers.media.MediaService.onScanVolume(MediaService.java:117)
05-28 05:11:34.730  1409  1951 E SQLiteDatabase: 	at com.android.providers.media.MediaService.onScanVolume(MediaService.java:108)
05-28 05:11:34.730  1409  1951 E SQLiteDatabase: 	at com.android.providers.media.MediaService.onHandleWork(MediaService.java:71)
05-28 05:11:34.730  1409  1951 E SQLiteDatabase: 	at androidx.core.app.JobIntentService$CommandProcessor.doInBackground(JobIntentService.java:391)
05-28 05:11:34.730  1409  1951 E SQLiteDatabase: 	at androidx.core.app.JobIntentService$CommandProcessor.doInBackground(JobIntentService.java:382)
05-28 05:11:34.730  1409  1951 E SQLiteDatabase: 	at android.os.AsyncTask$3.call(AsyncTask.java:394)
05-28 05:11:34.730  1409  1951 E SQLiteDatabase: 	at java.util.concurrent.FutureTask.run(FutureTask.java:266)
05-28 05:11:34.730  1409  1951 E SQLiteDatabase: 	at java.util.concurrent.ThreadPoolExecutor.runWorker(ThreadPoolExecutor.java:1167)
05-28 05:11:34.730  1409  1951 E SQLiteDatabase: 	at java.util.concurrent.ThreadPoolExecutor$Worker.run(ThreadPoolExecutor.java:641)
05-28 05:11:34.730  1409  1951 E SQLiteDatabase: 	at java.lang.Thread.run(Thread.java:923)
05-28 05:11:35.269   162   162 I hwservicemanager: getTransport: Cannot find entry android.hardware.graphics.mapper@4.0::IMapper/default in either framework or device manifest.
05-28 05:11:35.269  3323  3323 I Gralloc4: mapper 4.x is not supported
05-28 05:11:35.372  1409  1583 I MediaProvider: Deleted 1 items on external_primary due to com.android.shell
05-28 05:11:35.398  3338  3340 I cmd     : oneway function results will be dropped but finished with status OK and parcel size 4
05-28 05:11:35.518   162   162 I hwservicemanager: getTransport: Cannot find entry android.hardware.graphics.mapper@4.0::IMapper/default in either framework or device manifest.
05-28 05:11:35.518  3360  3360 I Gralloc4: mapper 4.x is not supported
05-28 05:11:35.560  3364  3366 I cmd     : oneway function results will be dropped but finished with status OK and parcel size 4
05-28 05:11:35.583  1409  1568 I MediaProvider: Deleted 1 items on external_primary due to com.android.shell
05-28 05:11:35.609  3375  3377 I cmd     : oneway function results will be dropped but finished with status OK and parcel size 4
05-28 05:11:35.731   162   162 I hwservicemanager: getTransport: Cannot find entry android.hardware.graphics.mapper@4.0::IMapper/default in either framework or device manifest.
05-28 05:11:35.731  3397  3397 I Gralloc4: mapper 4.x is not supported
05-28 05:11:35.776  3401  3403 I cmd     : oneway function results will be dropped but finished with status OK and parcel size 4
05-28 05:11:35.799  1409  1568 I MediaProvider: Deleted 1 items on external_primary due to com.android.shell
05-28 05:11:35.823  3412  3414 I cmd     : oneway function results will be dropped but finished with status OK and parcel size 4
05-28 05:11:35.870  3427  3429 I cmd     : oneway function results will be dropped but finished with status OK and parcel size 4
05-28 05:11:35.916  3442  3444 I cmd     : oneway function results will be dropped but finished with status OK and parcel size 4
05-28 05:11:35.961  3457  3459 I cmd     : oneway function results will be dropped but finished with status OK and parcel size 4
05-28 05:11:36.011   507  1624 I ActivityManager: Killing 1908:com.android.quicksearchbox/u0a101 (adj 975): empty #17
05-28 05:11:36.030   280   280 I Zygote  : Process 1908 exited due to signal 9 (Killed)
05-28 05:11:36.053  3471  3471 E libc    : Access denied finding property "persist.device_config.runtime_native_boot.profilebootclasspath"
05-28 05:11:36.053  3471  3471 E libc    : Access denied finding property "persist.device_config.runtime_native_boot.enable_apex_image"
05-28 05:11:36.053  3471  3471 I AndroidRuntime: Using default boot image
05-28 05:11:36.053  3471  3471 E libc    : Access denied finding property "persist.device_config.runtime_native_boot.disable_lock_profiling"
05-28 05:11:36.053  3471  3471 I AndroidRuntime: Leaving lock profiling enabled
05-28 05:11:36.054  3471  3471 E libc    : Access denied finding property "persist.device_config.runtime_native_boot.enable_generational_cc"
05-28 05:11:36.055  3471  3471 I app_process: Core platform API reporting enabled, enforcing=false
05-28 05:11:36.059   507   548 I libprocessgroup: Successfully killed process cgroup uid 10101 pid 1908 in 47ms
05-28 05:11:36.048  3471  3471 W app_process: type=1400 audit(0.0:62): avc: denied { read } for name="u:object_r:device_config_runtime_native_boot_prop:s0" dev="tmpfs" ino=454 scontext=u:r:shell:s0 tcontext=u:object_r:device_config_runtime_native_boot_prop:s0 tclass=file permissive=0
05-28 05:11:36.090  3471  3471 W app_process: Unexpected CPU variant for X86 using defaults: x86_64
05-28 05:11:36.091  3471  3471 I app_process: The ClassLoaderContext is a special shared library.
05-28 05:11:36.096  3471  3471 W app_process: JNI RegisterNativeMethods: attempt to register 0 native methods for android.media.AudioAttributes
05-28 05:11:36.316  2053  2053 E AccessibilityInteractionClient: 2 Disconnected nodes.
05-28 05:11:37.817   162   162 I hwservicemanager: getTransport: Cannot find entry android.hardware.graphics.mapper@4.0::IMapper/default in either framework or device manifest.
05-28 05:11:37.818  3501  3501 I Gralloc4: mapper 4.x is not supported
05-28 05:11:37.859   507  1624 I ActivityManager: Killing 1288:com.android.cellbroadcastreceiver/u0a63 (adj 985): empty #17
05-28 05:11:37.859  3505  3507 I cmd     : oneway function results will be dropped but finished with status OK and parcel size 4
05-28 05:11:37.865   280   280 I Zygote  : Process 1288 exited due to signal 9 (Killed)
05-28 05:11:38.042     0     0 I binder  : undelivered transaction 77453, process died.
05-28 05:11:37.885  1409  1583 I MediaProvider: Deleted 1 items on external_primary due to com.android.shell
05-28 05:11:37.904   507   548 I libprocessgroup: Successfully killed process cgroup uid 10063 pid 1288 in 45ms
05-28 05:11:37.911  3516  3518 I cmd     : oneway function results will be dropped but finished with status OK and parcel size 4
05-28 05:11:38.025   162   162 I hwservicemanager: getTransport: Cannot find entry android.hardware.graphics.mapper@4.0::IMapper/default in either framework or device manifest.
05-28 05:11:38.025  3538  3538 I Gralloc4: mapper 4.x is not supported
05-28 05:11:38.065  3542  3544 I cmd     : oneway function results will be dropped but finished with status OK and parcel size 4
05-28 05:11:38.085  1409  1583 I MediaProvider: Deleted 1 items on external_primary due to com.android.shell
05-28 05:11:38.132  3555  3557 I cmd     : oneway function results will be dropped but finished with status OK and parcel size 4
05-28 05:11:38.162  1409  1951 E SQLiteDatabase: Error inserting format=12289 owner_package_name=null parent=-1 volume_name=internal date_modified=1683213674 _display_name=media _data=/product/media is_download=0 relative_path=null
05-28 05:11:38.162  1409  1951 E SQLiteDatabase: android.database.sqlite.SQLiteDatabaseLockedException: database is locked (code 5 SQLITE_BUSY)
05-28 05:11:38.162  1409  1951 E SQLiteDatabase: 	at android.database.sqlite.SQLiteConnection.nativeExecuteForLastInsertedRowId(Native Method)
05-28 05:11:38.162  1409  1951 E SQLiteDatabase: 	at android.database.sqlite.SQLiteConnection.executeForLastInsertedRowId(SQLiteConnection.java:938)
05-28 05:11:38.162  1409  1951 E SQLiteDatabase: 	at android.database.sqlite.SQLiteSession.executeForLastInsertedRowId(SQLiteSession.java:790)
05-28 05:11:38.162  1409  1951 E SQLiteDatabase: 	at android.database.sqlite.SQLiteStatement.executeInsert(SQLiteStatement.java:88)
05-28 05:11:38.162  1409  1951 E SQLiteDatabase: 	at android.database.sqlite.SQLiteDatabase.insertWithOnConflict(SQLiteDatabase.java:1701)
05-28 05:11:38.162  1409  1951 E SQLiteDatabase: 	at android.database.sqlite.SQLiteDatabase.insert(SQLiteDatabase.java:1570)
05-28 05:11:38.162  1409  1951 E SQLiteDatabase: 	at com.android.providers.media.MediaProvider.insertDirectory(MediaProvider.java:2773)
05-28 05:11:38.162  1409  1951 E SQLiteDatabase: 	at com.android.providers.media.MediaProvider.getParent(MediaProvider.java:2794)
05-28 05:11:38.162  1409  1951 E SQLiteDatabase: 	at com.android.providers.media.MediaProvider.lambda$insertAllowingUpsert$14(MediaProvider.java:3060)
05-28 05:11:38.162  1409  1951 E SQLiteDatabase: 	at com.android.providers.media.MediaProvider.lambda$insertAllowingUpsert$14$MediaProvider(Unknown Source:0)
05-28 05:11:38.162  1409  1951 E SQLiteDatabase: 	at com.android.providers.media.-$$Lambda$MediaProvider$FjHWs2-fjgG761OzVFzdTX4EWZg.apply(Unknown Source:13)
05-28 05:11:38.162  1409  1951 E SQLiteDatabase: 	at com.android.providers.media.DatabaseHelper.runWithTransaction(DatabaseHelper.java:555)
05-28 05:11:38.162  1409  1951 E SQLiteDatabase: 	at com.android.providers.media.MediaProvider.insertAllowingUpsert(MediaProvider.java:3056)
05-28 05:11:38.162  1409  1951 E SQLiteDatabase: 	at com.android.providers.media.MediaProvider.insertFile(MediaProvider.java:3038)
05-28 05:11:38.162  1409  1951 E SQLiteDatabase: 	at com.android.providers.media.MediaProvider.insertInternal(MediaProvider.java:3470)
05-28 05:11:38.162  1409  1951 E SQLiteDatabase: 	at com.android.providers.media.MediaProvider.insert(MediaProvider.java:3198)
05-28 05:11:38.162  1409  1951 E SQLiteDatabase: 	at android.content.ContentProviderOperation.applyInternal(ContentProviderOperation.java:375)
05-28 05:11:38.162  1409  1951 E SQLiteDatabase: 	at android.content.ContentProviderOperation.apply(ContentProviderOperation.java:347)
05-28 05:11:38.162  1409  1951 E SQLiteDatabase: 	at android.content.ContentProvider.applyBatch(ContentProvider.java:2422)
05-28 05:11:38.162  1409  1951 E SQLiteDatabase: 	at com.android.providers.media.MediaProvider.applyBatch(MediaProvider.java:3522)
05-28 05:11:38.162  1409  1951 E SQLiteDatabase: 	at android.content.ContentProvider.applyBatch(ContentProvider.java:2413)
05-28 05:11:38.162  1409  1951 E SQLiteDatabase: 	at android.content.ContentResolver.applyBatch(ContentResolver.java:2186)
05-28 05:11:38.162  1409  1951 E SQLiteDatabase: 	at com.android.providers.media.scan.ModernMediaScanner$Scan.applyPending(ModernMediaScanner.java:699)
05-28 05:11:38.162  1409  1951 E SQLiteDatabase: 	at com.android.providers.media.scan.ModernMediaScanner$Scan.maybeApplyPending(ModernMediaScanner.java:689)
05-28 05:11:38.162  1409  1951 E SQLiteDatabase: 	at com.android.providers.media.scan.ModernMediaScanner$Scan.visitFile(ModernMediaScanner.java:649)
05-28 05:11:38.162  1409  1951 E SQLiteDatabase: 	at com.android.providers.media.scan.ModernMediaScanner$Scan.visitFile(ModernMediaScanner.java:272)
05-28 05:11:38.162  1409  1951 E SQLiteDatabase: 	at java.nio.file.Files.walkFileTree(Files.java:2670)
05-28 05:11:38.162  1409  1951 E SQLiteDatabase: 	at java.nio.file.Files.walkFileTree(Files.java:2742)
05-28 05:11:38.162  1409  1951 E SQLiteDatabase: 	at com.android.providers.media.scan.ModernMediaScanner$Scan.walkFileTree(ModernMediaScanner.java:366)
05-28 05:11:38.162  1409  1951 E SQLiteDatabase: 	at com.android.providers.media.scan.ModernMediaScanner$Scan.run(ModernMediaScanner.java:329)
05-28 05:11:38.162  1409  1951 E SQLiteDatabase: 	at com.android.providers.media.scan.ModernMediaScanner.scanDirectory(ModernMediaScanner.java:226)
05-28 05:11:38.162  1409  1951 E SQLiteDatabase: 	at com.android.providers.media.MediaProvider.scanDirectory(MediaProvider.java:1111)
05-28 05:11:38.162  1409  1951 E SQLiteDatabase: 	at com.android.providers.media.MediaService.onScanVolume(MediaService.java:148)
05-28 05:11:38.162  1409  1951 E SQLiteDatabase: 	at com.android.providers.media.MediaService.onScanVolume(MediaService.java:117)
05-28 05:11:38.162  1409  1951 E SQLiteDatabase: 	at com.android.providers.media.MediaService.onScanVolume(MediaService.java:108)
05-28 05:11:38.162  1409  1951 E SQLiteDatabase: 	at com.android.providers.media.MediaService.onHandleWork(MediaService.java:71)
05-28 05:11:38.162  1409  1951 E SQLiteDatabase: 	at androidx.core.app.JobIntentService$CommandProcessor.doInBackground(JobIntentService.java:391)
05-28 05:11:38.162  1409  1951 E SQLiteDatabase: 	at androidx.core.app.JobIntentService$CommandProcessor.doInBackground(JobIntentService.java:382)
05-28 05:11:38.162  1409  1951 E SQLiteDatabase: 	at android.os.AsyncTask$3.call(AsyncTask.java:394)
05-28 05:11:38.162  1409  1951 E SQLiteDatabase: 	at java.util.concurrent.FutureTask.run(FutureTask.java:266)
05-28 05:11:38.162  1409  1951 E SQLiteDatabase: 	at java.util.concurrent.ThreadPoolExecutor.runWorker(ThreadPoolExecutor.java:1167)
05-28 05:11:38.162  1409  1951 E SQLiteDatabase: 	at java.util.concurrent.ThreadPoolExecutor$Worker.run(ThreadPoolExecutor.java:641)
05-28 05:11:38.162  1409  1951 E SQLiteDatabase: 	at java.lang.Thread.run(Thread.java:923)
05-28 05:11:38.252   162   162 I hwservicemanager: getTransport: Cannot find entry android.hardware.graphics.mapper@4.0::IMapper/default in either framework or device manifest.
05-28 05:11:38.252  3577  3577 I Gralloc4: mapper 4.x is not supported
05-28 05:11:38.294  3581  3583 I cmd     : oneway function results will be dropped but finished with status OK and parcel size 4
05-28 05:11:38.315  1409  1568 I MediaProvider: Deleted 1 items on external_primary due to com.android.shell
05-28 05:11:38.386  3607  3609 I cmd     : oneway function results will be dropped but finished with status OK and parcel size 4
05-28 05:11:38.432  3622  3624 I cmd     : oneway function results will be dropped but finished with status OK and parcel size 4
05-28 05:11:38.478  3637  3639 I cmd     : oneway function results will be dropped but finished with status OK and parcel size 4
05-28 05:11:38.548  3649  3649 W app_process: type=1400 audit(0.0:66): avc: denied { read } for name="u:object_r:device_config_runtime_native_boot_prop:s0" dev="tmpfs" ino=454 scontext=u:r:shell:s0 tcontext=u:object_r:device_config_runtime_native_boot_prop:s0 tclass=file permissive=0
05-28 05:11:38.551  3649  3649 E libc    : Access denied finding property "persist.device_config.runtime_native_boot.profilebootclasspath"
05-28 05:11:38.551  3649  3649 E libc    : Access denied finding property "persist.device_config.runtime_native_boot.enable_apex_image"
05-28 05:11:38.551  3649  3649 I AndroidRuntime: Using default boot image
05-28 05:11:38.551  3649  3649 E libc    : Access denied finding property "persist.device_config.runtime_native_boot.disable_lock_profiling"
05-28 05:11:38.551  3649  3649 I AndroidRuntime: Leaving lock profiling enabled
05-28 05:11:38.551  3649  3649 E libc    : Access denied finding property "persist.device_config.runtime_native_boot.enable_generational_cc"
05-28 05:11:38.552  3649  3649 I app_process: Core platform API reporting enabled, enforcing=false
05-28 05:11:38.548  3649  3649 W app_process: type=1400 audit(0.0:67): avc: denied { read } for name="u:object_r:device_config_runtime_native_boot_prop:s0" dev="tmpfs" ino=454 scontext=u:r:shell:s0 tcontext=u:object_r:device_config_runtime_native_boot_prop:s0 tclass=file permissive=0
05-28 05:11:38.587  3649  3649 W app_process: Unexpected CPU variant for X86 using defaults: x86_64
05-28 05:11:38.588  3649  3649 I app_process: The ClassLoaderContext is a special shared library.
05-28 05:11:38.593  3649  3649 W app_process: JNI RegisterNativeMethods: attempt to register 0 native methods for android.media.AudioAttributes
05-28 05:11:38.914  2674  2807 I System.out: 05:11:38.906 [DefaultDispatcher-worker-4] INFO io.ktor.client.HttpClient - REQUEST: https://pokeapi.co/api/v2/pokemon?limit=20&offset=0
05-28 05:11:38.915  2674  2807 I System.out: METHOD: HttpMethod(value=GET)
05-28 05:11:38.915  2674  2807 I System.out: COMMON HEADERS
05-28 05:11:38.915  2674  2807 I System.out: -> Accept: application/json
05-28 05:11:38.915  2674  2807 I System.out: -> Accept-Charset: UTF-8
05-28 05:11:38.915  2674  2807 I System.out: -> Content-Type: application/json
05-28 05:11:38.915  2674  2807 I System.out: CONTENT HEADERS
05-28 05:11:38.915  2674  2807 I System.out: -> Content-Length: 0
05-28 05:11:38.915  2674  2807 I System.out: BODY Content-Type: null
05-28 05:11:38.915  2674  2807 I System.out: BODY START
05-28 05:11:38.915  2674  2807 I System.out: 
05-28 05:11:38.915  2674  2807 I System.out: BODY END
05-28 05:11:38.952   507   651 E WifiHealthMonitor:  Hit PackageManager exception
05-28 05:11:38.952   507   651 E WifiHealthMonitor: android.content.pm.PackageManager$NameNotFoundException: com.google.android.wifi
05-28 05:11:38.952   507   651 E WifiHealthMonitor: 	at android.app.ApplicationPackageManager.getPackageInfoAsUser(ApplicationPackageManager.java:206)
05-28 05:11:38.952   507   651 E WifiHealthMonitor: 	at android.app.ApplicationPackageManager.getPackageInfo(ApplicationPackageManager.java:178)
05-28 05:11:38.952   507   651 E WifiHealthMonitor: 	at com.android.server.wifi.WifiHealthMonitor.extractCurrentSoftwareBuildInfo(WifiHealthMonitor.java:545)
05-28 05:11:38.952   507   651 E WifiHealthMonitor: 	at com.android.server.wifi.WifiHealthMonitor.postBootSwBuildCheck(WifiHealthMonitor.java:477)
05-28 05:11:38.952   507   651 E WifiHealthMonitor: 	at com.android.server.wifi.WifiHealthMonitor.postBootDetectionHandler(WifiHealthMonitor.java:468)
05-28 05:11:38.952   507   651 E WifiHealthMonitor: 	at com.android.server.wifi.WifiHealthMonitor.access$200(WifiHealthMonitor.java:70)
05-28 05:11:38.952   507   651 E WifiHealthMonitor: 	at com.android.server.wifi.WifiHealthMonitor$2.onAlarm(WifiHealthMonitor.java:163)
05-28 05:11:38.952   507   651 E WifiHealthMonitor: 	at android.app.AlarmManager$ListenerWrapper.run(AlarmManager.java:239)
05-28 05:11:38.952   507   651 E WifiHealthMonitor: 	at android.os.Handler.handleCallback(Handler.java:938)
05-28 05:11:38.952   507   651 E WifiHealthMonitor: 	at android.os.Handler.dispatchMessage(Handler.java:99)
05-28 05:11:38.952   507   651 E WifiHealthMonitor: 	at android.os.Looper.loop(Looper.java:223)
05-28 05:11:38.952   507   651 E WifiHealthMonitor: 	at android.os.HandlerThread.run(HandlerThread.java:67)
05-28 05:11:39.001  2674  2811 I System.out: 05:11:38.997 [DefaultDispatcher-worker-8] INFO io.ktor.client.HttpClient - RESPONSE: 200 OK
05-28 05:11:39.001  2674  2811 I System.out: METHOD: HttpMethod(value=GET)
05-28 05:11:39.001  2674  2811 I System.out: FROM: https://pokeapi.co/api/v2/pokemon?limit=20&offset=0
05-28 05:11:39.001  2674  2811 I System.out: COMMON HEADERS
05-28 05:11:39.001  2674  2811 I System.out: -> access-control-allow-origin: *
05-28 05:11:39.001  2674  2811 I System.out: -> access-control-expose-headers: X-PokeAPI-Hash,X-PokeAPI-Deploy-Date
05-28 05:11:39.001  2674  2811 I System.out: -> age: 76849
05-28 05:11:39.001  2674  2811 I System.out: -> alt-svc: h3=":443"; ma=86400
05-28 05:11:39.001  2674  2811 I System.out: -> cache-control: public, max-age=86400, s-maxage=86400
05-28 05:11:39.002  2674  2811 I System.out: -> cf-cache-status: HIT
05-28 05:11:39.002  2674  2811 I System.out: -> cf-ray: a02ac2883d356ad3-SJC
05-28 05:11:39.002  2674  2811 I System.out: -> connection: keep-alive
05-28 05:11:39.002  2674  2811 I System.out: -> content-type: application/json; charset=utf-8
05-28 05:11:39.002  2674  2811 I System.out: -> date: Thu, 28 May 2026 05:11:39 GMT
05-28 05:11:39.002  2674  2811 I System.out: -> etag: W/"588-iX6bV/yoloqGkIPBxJnQfrHsFIU"
05-28 05:11:39.002  2674  2811 I System.out: -> function-execution-id: s4ddeo0gfgv1
05-28 05:11:39.002  2674  2811 I System.out: -> nel: {"report_to":"cf-nel","success_fraction":0.0,"max_age":604800}
05-28 05:11:39.002  2674  2811 I System.out: -> report-to: {"group":"cf-nel","max_age":604800,"endpoints":[{"url":"https://a.nel.cloudflare.com/report/v4?s=Jk2NOISSnvs3nw6OCHHmXbeT5UM2nKBh%2F4C%2FVdMK5SnURJfC8fC%2B%2FzaDUDiTAfchFQR%2FCVcTQ09aeAaWBrJBEwCZ4Rco3wQZTqM1UUj2A0hAJE4wN%2BjLri%2FouynJ"}]}
05-28 05:11:39.002  2674  2811 I System.out: -> server: cloudflare
05-28 05:11:39.002  2674  2811 I System.out: -> strict-transport-security: max-age=31556926
05-28 05:11:39.002  2674  2811 I System.out: -> transfer-encoding: chunked
05-28 05:11:39.002  2674  2811 I System.out: -> vary: Accept-Encoding,cookie,need-authorization, x-fh-requested-host, accept-encoding
05-28 05:11:39.002  2674  2811 I System.out: -> x-android-received-millis: 1779945098988
05-28 05:11:39.002  2674  2811 I System.out: -> x-android-response-source: NETWORK 200
05-28 05:11:39.002  2674  2811 I System.out: -> x-android-selected-protocol: http/1.1
05-28 05:11:39.002  2674  2811 I System.out: -> x-android-sent-millis: 1779945098975
05-28 05:11:39.002  2674  2811 I System.out: -> x-cache: HIT
05-28 05:11:39.002  2674  2811 I System.out: -> x-cache-hits: 0
05-28 05:11:39.002  2674  2811 I System.out: -> x-cloud-trace-context: 086a6c9f1354eb6728425728e2707f3c
05-28 05:11:39.002  2674  2811 I System.out: -> x-country-code: US
05-28 05:11:39.002  2674  2811 I System.out: -> x-orig-accept-language: en-US,en;q=0.9
05-28 05:11:39.002  2674  2811 I System.out: -> x-pokeapi-deploy-date: 1778644762
05-28 05:11:39.002  2674  2811 I System.out: -> x-pokeapi-hash: 492fd4f01858c6c16375b935ba1c3cafb0a88d28
05-28 05:11:39.002  2674  2811 I System.out: -> x-powered-by: Express
05-28 05:11:39.002  2674  2811 I System.out: -> x-served-by: cache-sjc1000133-SJC
05-28 05:11:39.002  2674  2811 I System.out: -> x-timer: S1779868250.437405,VS0,VE1
05-28 05:11:39.002  2674  2811 I System.out: BODY Content-Type: application/json; charset=utf-8
05-28 05:11:39.002  2674  2811 I System.out: BODY START
05-28 05:11:39.002  2674  2811 I System.out: {"count":1350,"next":"https://pokeapi.co/api/v2/pokemon?offset=20&limit=20","previous":null,"results":[{"name":"bulbasaur","url":"https://pokeapi.co/api/v2/pokemon/1/"},{"name":"ivysaur","url":"https://pokeapi.co/api/v2/pokemon/2/"},{"name":"venusaur","url":"https://pokeapi.co/api/v2/pokemon/3/"},{"name":"charmander","url":"https://pokeapi.co/api/v2/pokemon/4/"},{"name":"charmeleon","url":"https://pokeapi.co/api/v2/pokemon/5/"},{"name":"charizard","url":"https://pokeapi.co/api/v2/pokemon/6/"},{"name":"squirtle","url":"https://pokeapi.co/api/v2/pokemon/7/"},{"name":"wartortle","url":"https://pokeapi.co/api/v2/pokemon/8/"},{"name":"blastoise","url":"https://pokeapi.co/api/v2/pokemon/9/"},{"name":"caterpie","url":"https://pokeapi.co/api/v2/pokemon/10/"},{"name":"metapod","url":"https://pokeapi.co/api/v2/pokemon/11/"},{"name":"butterfree","url":"https://pokeapi.co/api/v2/pokemon/12/"},{"name":"weedle","url":"https://pokeapi.co/api/v2/pokemon/13/"},{"name":"kakuna","url":"https://pokeapi.co/api/v2/pokemon/14/"},{"name":"beedrill","url":"https://pokeapi.co/api/v2/pokemon/15/"},{"name":"pidgey","url":"https://pokeapi.co/api/v2/pokemon/16/"},{"name":"pidgeotto","url":"https://pokeapi.co/api/v2/pokemon/17/"},{"name":"pidgeot","url":"https://pokeapi.co/api/v2/pokemon/18/"},{"name":"rattata","url":"https://pokeapi.co/api/v2/pokemon/19/"},{"name":"raticate","url":"https://pokeapi.co/api/v2/pokemon/20/"}]}
05-28 05:11:39.002  2674  2811 I System.out: BODY END
05-28 05:11:39.083  2053  2053 E AccessibilityInteractionClient: 3 Disconnected nodes.
05-28 05:11:40.312   162   162 I hwservicemanager: getTransport: Cannot find entry android.hardware.graphics.mapper@4.0::IMapper/default in either framework or device manifest.
05-28 05:11:40.312  3693  3693 I Gralloc4: mapper 4.x is not supported
05-28 05:11:40.366   507  1276 I ActivityManager: Killing 2074:com.android.camera2/u0a109 (adj 985): empty #17
05-28 05:11:40.366   507  1276 I ActivityManager: Killing 2018:com.android.calendar/u0a110 (adj 985): empty #18
05-28 05:11:40.372   280   280 I Zygote  : Process 2074 exited due to signal 9 (Killed)
05-28 05:11:40.373   280   280 I Zygote  : Process 2018 exited due to signal 9 (Killed)
05-28 05:11:40.396  1409  2570 I MediaProvider: Deleted 1 items on external_primary due to com.android.shell
05-28 05:11:40.415   507   548 I libprocessgroup: Successfully killed process cgroup uid 10109 pid 2074 in 45ms
05-28 05:11:40.415   507   548 I libprocessgroup: Successfully killed process cgroup uid 10110 pid 2018 in 0ms
05-28 05:11:40.420  3708  3710 I cmd     : oneway function results will be dropped but finished with status OK and parcel size 4
05-28 05:11:40.540   162   162 I hwservicemanager: getTransport: Cannot find entry android.hardware.graphics.mapper@4.0::IMapper/default in either framework or device manifest.
05-28 05:11:40.540  3730  3730 I Gralloc4: mapper 4.x is not supported
05-28 05:11:40.612  1409  2570 I MediaProvider: Deleted 1 items on external_primary due to com.android.shell
05-28 05:11:40.635  3745  3747 I cmd     : oneway function results will be dropped but finished with status OK and parcel size 4
05-28 05:11:40.753   162   162 I hwservicemanager: getTransport: Cannot find entry android.hardware.graphics.mapper@4.0::IMapper/default in either framework or device manifest.
05-28 05:11:40.754  3767  3767 I Gralloc4: mapper 4.x is not supported
05-28 05:11:40.828  1409  1568 I MediaProvider: Deleted 1 items on external_primary due to com.android.shell
05-28 05:11:40.852  3782  3784 I cmd     : oneway function results will be dropped but finished with status OK and parcel size 4
05-28 05:11:40.942  3812  3814 I cmd     : oneway function results will be dropped but finished with status OK and parcel size 4
05-28 05:11:40.987  3827  3829 I cmd     : oneway function results will be dropped but finished with status OK and parcel size 4
05-28 05:11:41.060  3840  3840 E libc    : Access denied finding property "persist.device_config.runtime_native_boot.profilebootclasspath"
05-28 05:11:41.060  3840  3840 E libc    : Access denied finding property "persist.device_config.runtime_native_boot.enable_apex_image"
05-28 05:11:41.060  3840  3840 I AndroidRuntime: Using default boot image
05-28 05:11:41.060  3840  3840 E libc    : Access denied finding property "persist.device_config.runtime_native_boot.disable_lock_profiling"
