05-28 05:12:40.466  7958  7960 I cmd     : oneway function results will be dropped but finished with status OK and parcel size 4
05-28 05:12:40.576   162   162 I hwservicemanager: getTransport: Cannot find entry android.hardware.graphics.mapper@4.0::IMapper/default in either framework or device manifest.
05-28 05:12:40.577  7980  7980 I Gralloc4: mapper 4.x is not supported
05-28 05:12:40.620  7984  7986 I cmd     : oneway function results will be dropped but finished with status OK and parcel size 4
05-28 05:12:40.680  1409  1568 I MediaProvider: Deleted 1 items on external_primary due to com.android.shell
05-28 05:12:40.705  7995  7997 I cmd     : oneway function results will be dropped but finished with status OK and parcel size 4
05-28 05:12:40.818   162   162 I hwservicemanager: getTransport: Cannot find entry android.hardware.graphics.mapper@4.0::IMapper/default in either framework or device manifest.
05-28 05:12:40.819  8017  8017 I Gralloc4: mapper 4.x is not supported
05-28 05:12:40.881  1409  1583 I MediaProvider: Deleted 1 items on external_primary due to com.android.shell
05-28 05:12:40.906  8032  8034 I cmd     : oneway function results will be dropped but finished with status OK and parcel size 4
05-28 05:12:40.953  8047  8049 I cmd     : oneway function results will be dropped but finished with status OK and parcel size 4
05-28 05:12:41.007  8064  8065 I cmd     : oneway function results will be dropped but finished with status OK and parcel size 4
05-28 05:12:41.055  8079  8081 I cmd     : oneway function results will be dropped but finished with status OK and parcel size 4
05-28 05:12:41.127  8091  8091 E libc    : Access denied finding property "persist.device_config.runtime_native_boot.profilebootclasspath"
05-28 05:12:41.127  8091  8091 E libc    : Access denied finding property "persist.device_config.runtime_native_boot.enable_apex_image"
05-28 05:12:41.127  8091  8091 I AndroidRuntime: Using default boot image
05-28 05:12:41.127  8091  8091 E libc    : Access denied finding property "persist.device_config.runtime_native_boot.disable_lock_profiling"
05-28 05:12:41.127  8091  8091 I AndroidRuntime: Leaving lock profiling enabled
05-28 05:12:41.128  8091  8091 E libc    : Access denied finding property "persist.device_config.runtime_native_boot.enable_generational_cc"
05-28 05:12:41.129  8091  8091 I app_process: Core platform API reporting enabled, enforcing=false
05-28 05:12:41.124  8091  8091 W app_process: type=1400 audit(0.0:162): avc: denied { read } for name="u:object_r:device_config_runtime_native_boot_prop:s0" dev="tmpfs" ino=454 scontext=u:r:shell:s0 tcontext=u:object_r:device_config_runtime_native_boot_prop:s0 tclass=file permissive=0
05-28 05:12:41.168  8091  8091 W app_process: Unexpected CPU variant for X86 using defaults: x86_64
05-28 05:12:41.169  8091  8091 I app_process: The ClassLoaderContext is a special shared library.
05-28 05:12:41.174  8091  8091 W app_process: JNI RegisterNativeMethods: attempt to register 0 native methods for android.media.AudioAttributes
05-28 05:12:41.306  2053  2053 E AccessibilityInteractionClient: 3 Disconnected nodes.
05-28 05:12:43.177   162   162 I hwservicemanager: getTransport: Cannot find entry android.hardware.graphics.mapper@4.0::IMapper/default in either framework or device manifest.
05-28 05:12:43.177  8124  8124 I Gralloc4: mapper 4.x is not supported
05-28 05:12:43.225  1409  1951 E SQLiteDatabase: Error inserting format=12289 owner_package_name=null parent=-1 volume_name=internal date_modified=1683213674 _display_name=audio _data=/product/media/audio is_download=0 relative_path=null
05-28 05:12:43.225  1409  1951 E SQLiteDatabase: android.database.sqlite.SQLiteDatabaseLockedException: database is locked (code 5 SQLITE_BUSY)
05-28 05:12:43.225  1409  1951 E SQLiteDatabase: 	at android.database.sqlite.SQLiteConnection.nativeExecuteForLastInsertedRowId(Native Method)
05-28 05:12:43.225  1409  1951 E SQLiteDatabase: 	at android.database.sqlite.SQLiteConnection.executeForLastInsertedRowId(SQLiteConnection.java:938)
05-28 05:12:43.225  1409  1951 E SQLiteDatabase: 	at android.database.sqlite.SQLiteSession.executeForLastInsertedRowId(SQLiteSession.java:790)
05-28 05:12:43.225  1409  1951 E SQLiteDatabase: 	at android.database.sqlite.SQLiteStatement.executeInsert(SQLiteStatement.java:88)
05-28 05:12:43.225  1409  1951 E SQLiteDatabase: 	at android.database.sqlite.SQLiteDatabase.insertWithOnConflict(SQLiteDatabase.java:1701)
05-28 05:12:43.225  1409  1951 E SQLiteDatabase: 	at android.database.sqlite.SQLiteDatabase.insert(SQLiteDatabase.java:1570)
05-28 05:12:43.225  1409  1951 E SQLiteDatabase: 	at com.android.providers.media.MediaProvider.insertDirectory(MediaProvider.java:2773)
05-28 05:12:43.225  1409  1951 E SQLiteDatabase: 	at com.android.providers.media.MediaProvider.getParent(MediaProvider.java:2794)
05-28 05:12:43.225  1409  1951 E SQLiteDatabase: 	at com.android.providers.media.MediaProvider.insertDirectory(MediaProvider.java:2763)
05-28 05:12:43.225  1409  1951 E SQLiteDatabase: 	at com.android.providers.media.MediaProvider.getParent(MediaProvider.java:2794)
05-28 05:12:43.225  1409  1951 E SQLiteDatabase: 	at com.android.providers.media.MediaProvider.lambda$insertAllowingUpsert$14(MediaProvider.java:3060)
05-28 05:12:43.225  1409  1951 E SQLiteDatabase: 	at com.android.providers.media.MediaProvider.lambda$insertAllowingUpsert$14$MediaProvider(Unknown Source:0)
05-28 05:12:43.225  1409  1951 E SQLiteDatabase: 	at com.android.providers.media.-$$Lambda$MediaProvider$FjHWs2-fjgG761OzVFzdTX4EWZg.apply(Unknown Source:13)
05-28 05:12:43.225  1409  1951 E SQLiteDatabase: 	at com.android.providers.media.DatabaseHelper.runWithTransaction(DatabaseHelper.java:555)
05-28 05:12:43.225  1409  1951 E SQLiteDatabase: 	at com.android.providers.media.MediaProvider.insertAllowingUpsert(MediaProvider.java:3056)
05-28 05:12:43.225  1409  1951 E SQLiteDatabase: 	at com.android.providers.media.MediaProvider.insertFile(MediaProvider.java:3038)
05-28 05:12:43.225  1409  1951 E SQLiteDatabase: 	at com.android.providers.media.MediaProvider.insertInternal(MediaProvider.java:3470)
05-28 05:12:43.225  1409  1951 E SQLiteDatabase: 	at com.android.providers.media.MediaProvider.insert(MediaProvider.java:3198)
05-28 05:12:43.225  1409  1951 E SQLiteDatabase: 	at android.content.ContentProviderOperation.applyInternal(ContentProviderOperation.java:375)
05-28 05:12:43.225  1409  1951 E SQLiteDatabase: 	at android.content.ContentProviderOperation.apply(ContentProviderOperation.java:347)
05-28 05:12:43.225  1409  1951 E SQLiteDatabase: 	at android.content.ContentProvider.applyBatch(ContentProvider.java:2422)
05-28 05:12:43.225  1409  1951 E SQLiteDatabase: 	at com.android.providers.media.MediaProvider.applyBatch(MediaProvider.java:3522)
05-28 05:12:43.225  1409  1951 E SQLiteDatabase: 	at android.content.ContentProvider.applyBatch(ContentProvider.java:2413)
05-28 05:12:43.225  1409  1951 E SQLiteDatabase: 	at android.content.ContentResolver.applyBatch(ContentResolver.java:2186)
05-28 05:12:43.225  1409  1951 E SQLiteDatabase: 	at com.android.providers.media.scan.ModernMediaScanner$Scan.applyPending(ModernMediaScanner.java:699)
05-28 05:12:43.225  1409  1951 E SQLiteDatabase: 	at com.android.providers.media.scan.ModernMediaScanner$Scan.maybeApplyPending(ModernMediaScanner.java:689)
05-28 05:12:43.225  1409  1951 E SQLiteDatabase: 	at com.android.providers.media.scan.ModernMediaScanner$Scan.visitFile(ModernMediaScanner.java:649)
05-28 05:12:43.225  1409  1951 E SQLiteDatabase: 	at com.android.providers.media.scan.ModernMediaScanner$Scan.visitFile(ModernMediaScanner.java:272)
05-28 05:12:43.225  1409  1951 E SQLiteDatabase: 	at java.nio.file.Files.walkFileTree(Files.java:2670)
05-28 05:12:43.225  1409  1951 E SQLiteDatabase: 	at java.nio.file.Files.walkFileTree(Files.java:2742)
05-28 05:12:43.225  1409  1951 E SQLiteDatabase: 	at com.android.providers.media.scan.ModernMediaScanner$Scan.walkFileTree(ModernMediaScanner.java:366)
05-28 05:12:43.225  1409  1951 E SQLiteDatabase: 	at com.android.providers.media.scan.ModernMediaScanner$Scan.run(ModernMediaScanner.java:329)
05-28 05:12:43.225  1409  1951 E SQLiteDatabase: 	at com.android.providers.media.scan.ModernMediaScanner.scanDirectory(ModernMediaScanner.java:226)
05-28 05:12:43.225  1409  1951 E SQLiteDatabase: 	at com.android.providers.media.MediaProvider.scanDirectory(MediaProvider.java:1111)
05-28 05:12:43.225  1409  1951 E SQLiteDatabase: 	at com.android.providers.media.MediaService.onScanVolume(MediaService.java:148)
05-28 05:12:43.225  1409  1951 E SQLiteDatabase: 	at com.android.providers.media.MediaService.onScanVolume(MediaService.java:117)
05-28 05:12:43.225  1409  1951 E SQLiteDatabase: 	at com.android.providers.media.MediaService.onScanVolume(MediaService.java:108)
05-28 05:12:43.225  1409  1951 E SQLiteDatabase: 	at com.android.providers.media.MediaService.onHandleWork(MediaService.java:71)
05-28 05:12:43.225  1409  1951 E SQLiteDatabase: 	at androidx.core.app.JobIntentService$CommandProcessor.doInBackground(JobIntentService.java:391)
05-28 05:12:43.225  1409  1951 E SQLiteDatabase: 	at androidx.core.app.JobIntentService$CommandProcessor.doInBackground(JobIntentService.java:382)
05-28 05:12:43.225  1409  1951 E SQLiteDatabase: 	at android.os.AsyncTask$3.call(AsyncTask.java:394)
05-28 05:12:43.225  1409  1951 E SQLiteDatabase: 	at java.util.concurrent.FutureTask.run(FutureTask.java:266)
05-28 05:12:43.225  1409  1951 E SQLiteDatabase: 	at java.util.concurrent.ThreadPoolExecutor.runWorker(ThreadPoolExecutor.java:1167)
05-28 05:12:43.225  1409  1951 E SQLiteDatabase: 	at java.util.concurrent.ThreadPoolExecutor$Worker.run(ThreadPoolExecutor.java:641)
05-28 05:12:43.225  1409  1951 E SQLiteDatabase: 	at java.lang.Thread.run(Thread.java:923)
05-28 05:12:43.233  1409  2570 I MediaProvider: Deleted 1 items on external_primary due to com.android.shell
05-28 05:12:43.255  8139  8141 I cmd     : oneway function results will be dropped but finished with status OK and parcel size 4
05-28 05:12:43.374   162   162 I hwservicemanager: getTransport: Cannot find entry android.hardware.graphics.mapper@4.0::IMapper/default in either framework or device manifest.
05-28 05:12:43.374  8161  8161 I Gralloc4: mapper 4.x is not supported
05-28 05:12:43.431  1409  1568 I MediaProvider: Deleted 1 items on external_primary due to com.android.shell
05-28 05:12:43.454  8176  8178 I cmd     : oneway function results will be dropped but finished with status OK and parcel size 4
05-28 05:12:43.563   162   162 I hwservicemanager: getTransport: Cannot find entry android.hardware.graphics.mapper@4.0::IMapper/default in either framework or device manifest.
05-28 05:12:43.564  8198  8198 I Gralloc4: mapper 4.x is not supported
05-28 05:12:43.597  8202  8204 I cmd     : oneway function results will be dropped but finished with status OK and parcel size 4
05-28 05:12:43.617  1409  1583 I MediaProvider: Deleted 1 items on external_primary due to com.android.shell
05-28 05:12:43.640  8213  8215 I cmd     : oneway function results will be dropped but finished with status OK and parcel size 4
05-28 05:12:43.687  8228  8230 I cmd     : oneway function results will be dropped but finished with status OK and parcel size 4
05-28 05:12:43.732  8243  8245 I cmd     : oneway function results will be dropped but finished with status OK and parcel size 4
05-28 05:12:43.777  8258  8260 I cmd     : oneway function results will be dropped but finished with status OK and parcel size 4
05-28 05:12:43.849  8270  8270 E libc    : Access denied finding property "persist.device_config.runtime_native_boot.profilebootclasspath"
05-28 05:12:43.849  8270  8270 E libc    : Access denied finding property "persist.device_config.runtime_native_boot.enable_apex_image"
05-28 05:12:43.849  8270  8270 I AndroidRuntime: Using default boot image
05-28 05:12:43.849  8270  8270 E libc    : Access denied finding property "persist.device_config.runtime_native_boot.disable_lock_profiling"
05-28 05:12:43.849  8270  8270 I AndroidRuntime: Leaving lock profiling enabled
05-28 05:12:43.849  8270  8270 E libc    : Access denied finding property "persist.device_config.runtime_native_boot.enable_generational_cc"
05-28 05:12:43.851  8270  8270 I app_process: Core platform API reporting enabled, enforcing=false
05-28 05:12:43.844  8270  8270 W app_process: type=1400 audit(0.0:166): avc: denied { read } for name="u:object_r:device_config_runtime_native_boot_prop:s0" dev="tmpfs" ino=454 scontext=u:r:shell:s0 tcontext=u:object_r:device_config_runtime_native_boot_prop:s0 tclass=file permissive=0
05-28 05:12:43.890  8270  8270 W app_process: Unexpected CPU variant for X86 using defaults: x86_64
05-28 05:12:43.891  8270  8270 I app_process: The ClassLoaderContext is a special shared library.
05-28 05:12:43.897  8270  8270 W app_process: JNI RegisterNativeMethods: attempt to register 0 native methods for android.media.AudioAttributes
05-28 05:12:45.612   162   162 I hwservicemanager: getTransport: Cannot find entry android.hardware.graphics.mapper@4.0::IMapper/default in either framework or device manifest.
05-28 05:12:45.612  8303  8303 I Gralloc4: mapper 4.x is not supported
05-28 05:12:45.716  1409  1583 I MediaProvider: Deleted 1 items on external_primary due to com.android.shell
05-28 05:12:45.742  8318  8320 I cmd     : oneway function results will be dropped but finished with status OK and parcel size 4
05-28 05:12:45.856   162   162 I hwservicemanager: getTransport: Cannot find entry android.hardware.graphics.mapper@4.0::IMapper/default in either framework or device manifest.
05-28 05:12:45.856  8340  8340 I Gralloc4: mapper 4.x is not supported
05-28 05:12:45.899  8344  8346 I cmd     : oneway function results will be dropped but finished with status OK and parcel size 4
05-28 05:12:45.919  1409  1568 I MediaProvider: Deleted 1 items on external_primary due to com.android.shell
05-28 05:12:45.945  8355  8357 I cmd     : oneway function results will be dropped but finished with status OK and parcel size 4
05-28 05:12:46.059   162   162 I hwservicemanager: getTransport: Cannot find entry android.hardware.graphics.mapper@4.0::IMapper/default in either framework or device manifest.
05-28 05:12:46.059  8377  8377 I Gralloc4: mapper 4.x is not supported
05-28 05:12:46.168  1409  2570 I MediaProvider: Deleted 1 items on external_primary due to com.android.shell
05-28 05:12:46.240  8409  8411 I cmd     : oneway function results will be dropped but finished with status OK and parcel size 4
05-28 05:12:46.285  8424  8426 I cmd     : oneway function results will be dropped but finished with status OK and parcel size 4
05-28 05:12:46.331  8439  8441 I cmd     : oneway function results will be dropped but finished with status OK and parcel size 4
05-28 05:12:46.403  8451  8451 E libc    : Access denied finding property "persist.device_config.runtime_native_boot.profilebootclasspath"
05-28 05:12:46.403  8451  8451 E libc    : Access denied finding property "persist.device_config.runtime_native_boot.enable_apex_image"
05-28 05:12:46.403  8451  8451 I AndroidRuntime: Using default boot image
05-28 05:12:46.403  8451  8451 E libc    : Access denied finding property "persist.device_config.runtime_native_boot.disable_lock_profiling"
05-28 05:12:46.403  8451  8451 I AndroidRuntime: Leaving lock profiling enabled
05-28 05:12:46.403  8451  8451 E libc    : Access denied finding property "persist.device_config.runtime_native_boot.enable_generational_cc"
05-28 05:12:46.404  8451  8451 I app_process: Core platform API reporting enabled, enforcing=false
05-28 05:12:46.400  8451  8451 W app_process: type=1400 audit(0.0:170): avc: denied { read } for name="u:object_r:device_config_runtime_native_boot_prop:s0" dev="tmpfs" ino=454 scontext=u:r:shell:s0 tcontext=u:object_r:device_config_runtime_native_boot_prop:s0 tclass=file permissive=0
05-28 05:12:46.439  8451  8451 W app_process: Unexpected CPU variant for X86 using defaults: x86_64
05-28 05:12:46.440  8451  8451 I app_process: The ClassLoaderContext is a special shared library.
05-28 05:12:46.445  8451  8451 W app_process: JNI RegisterNativeMethods: attempt to register 0 native methods for android.media.AudioAttributes
05-28 05:12:46.858  1409  1951 E SQLiteDatabase: Error inserting format=12289 owner_package_name=null parent=-1 volume_name=internal date_modified=1683213674 _display_name=ringtones _data=/product/media/audio/ringtones is_download=0 relative_path=null
05-28 05:12:46.858  1409  1951 E SQLiteDatabase: android.database.sqlite.SQLiteDatabaseLockedException: database is locked (code 5 SQLITE_BUSY)
05-28 05:12:46.858  1409  1951 E SQLiteDatabase: 	at android.database.sqlite.SQLiteConnection.nativeExecuteForLastInsertedRowId(Native Method)
05-28 05:12:46.858  1409  1951 E SQLiteDatabase: 	at android.database.sqlite.SQLiteConnection.executeForLastInsertedRowId(SQLiteConnection.java:938)
05-28 05:12:46.858  1409  1951 E SQLiteDatabase: 	at android.database.sqlite.SQLiteSession.executeForLastInsertedRowId(SQLiteSession.java:790)
05-28 05:12:46.858  1409  1951 E SQLiteDatabase: 	at android.database.sqlite.SQLiteStatement.executeInsert(SQLiteStatement.java:88)
05-28 05:12:46.858  1409  1951 E SQLiteDatabase: 	at android.database.sqlite.SQLiteDatabase.insertWithOnConflict(SQLiteDatabase.java:1701)
05-28 05:12:46.858  1409  1951 E SQLiteDatabase: 	at android.database.sqlite.SQLiteDatabase.insert(SQLiteDatabase.java:1570)
05-28 05:12:46.858  1409  1951 E SQLiteDatabase: 	at com.android.providers.media.MediaProvider.insertDirectory(MediaProvider.java:2773)
05-28 05:12:46.858  1409  1951 E SQLiteDatabase: 	at com.android.providers.media.MediaProvider.getParent(MediaProvider.java:2794)
05-28 05:12:46.858  1409  1951 E SQLiteDatabase: 	at com.android.providers.media.MediaProvider.lambda$insertAllowingUpsert$14(MediaProvider.java:3060)
05-28 05:12:46.858  1409  1951 E SQLiteDatabase: 	at com.android.providers.media.MediaProvider.lambda$insertAllowingUpsert$14$MediaProvider(Unknown Source:0)
05-28 05:12:46.858  1409  1951 E SQLiteDatabase: 	at com.android.providers.media.-$$Lambda$MediaProvider$FjHWs2-fjgG761OzVFzdTX4EWZg.apply(Unknown Source:13)
05-28 05:12:46.858  1409  1951 E SQLiteDatabase: 	at com.android.providers.media.DatabaseHelper.runWithTransaction(DatabaseHelper.java:555)
05-28 05:12:46.858  1409  1951 E SQLiteDatabase: 	at com.android.providers.media.MediaProvider.insertAllowingUpsert(MediaProvider.java:3056)
05-28 05:12:46.858  1409  1951 E SQLiteDatabase: 	at com.android.providers.media.MediaProvider.insertFile(MediaProvider.java:3038)
05-28 05:12:46.858  1409  1951 E SQLiteDatabase: 	at com.android.providers.media.MediaProvider.insertInternal(MediaProvider.java:3470)
05-28 05:12:46.858  1409  1951 E SQLiteDatabase: 	at com.android.providers.media.MediaProvider.insert(MediaProvider.java:3198)
05-28 05:12:46.858  1409  1951 E SQLiteDatabase: 	at android.content.ContentProviderOperation.applyInternal(ContentProviderOperation.java:375)
05-28 05:12:46.858  1409  1951 E SQLiteDatabase: 	at android.content.ContentProviderOperation.apply(ContentProviderOperation.java:347)
05-28 05:12:46.858  1409  1951 E SQLiteDatabase: 	at android.content.ContentProvider.applyBatch(ContentProvider.java:2422)
05-28 05:12:46.858  1409  1951 E SQLiteDatabase: 	at com.android.providers.media.MediaProvider.applyBatch(MediaProvider.java:3522)
05-28 05:12:46.858  1409  1951 E SQLiteDatabase: 	at android.content.ContentProvider.applyBatch(ContentProvider.java:2413)
05-28 05:12:46.858  1409  1951 E SQLiteDatabase: 	at android.content.ContentResolver.applyBatch(ContentResolver.java:2186)
05-28 05:12:46.858  1409  1951 E SQLiteDatabase: 	at com.android.providers.media.scan.ModernMediaScanner$Scan.applyPending(ModernMediaScanner.java:699)
05-28 05:12:46.858  1409  1951 E SQLiteDatabase: 	at com.android.providers.media.scan.ModernMediaScanner$Scan.maybeApplyPending(ModernMediaScanner.java:689)
05-28 05:12:46.858  1409  1951 E SQLiteDatabase: 	at com.android.providers.media.scan.ModernMediaScanner$Scan.visitFile(ModernMediaScanner.java:649)
05-28 05:12:46.858  1409  1951 E SQLiteDatabase: 	at com.android.providers.media.scan.ModernMediaScanner$Scan.visitFile(ModernMediaScanner.java:272)
05-28 05:12:46.858  1409  1951 E SQLiteDatabase: 	at java.nio.file.Files.walkFileTree(Files.java:2670)
05-28 05:12:46.858  1409  1951 E SQLiteDatabase: 	at java.nio.file.Files.walkFileTree(Files.java:2742)
05-28 05:12:46.858  1409  1951 E SQLiteDatabase: 	at com.android.providers.media.scan.ModernMediaScanner$Scan.walkFileTree(ModernMediaScanner.java:366)
05-28 05:12:46.858  1409  1951 E SQLiteDatabase: 	at com.android.providers.media.scan.ModernMediaScanner$Scan.run(ModernMediaScanner.java:329)
05-28 05:12:46.858  1409  1951 E SQLiteDatabase: 	at com.android.providers.media.scan.ModernMediaScanner.scanDirectory(ModernMediaScanner.java:226)
05-28 05:12:46.858  1409  1951 E SQLiteDatabase: 	at com.android.providers.media.MediaProvider.scanDirectory(MediaProvider.java:1111)
05-28 05:12:46.858  1409  1951 E SQLiteDatabase: 	at com.android.providers.media.MediaService.onScanVolume(MediaService.java:148)
05-28 05:12:46.858  1409  1951 E SQLiteDatabase: 	at com.android.providers.media.MediaService.onScanVolume(MediaService.java:117)
05-28 05:12:46.858  1409  1951 E SQLiteDatabase: 	at com.android.providers.media.MediaService.onScanVolume(MediaService.java:108)
05-28 05:12:46.858  1409  1951 E SQLiteDatabase: 	at com.android.providers.media.MediaService.onHandleWork(MediaService.java:71)
05-28 05:12:46.858  1409  1951 E SQLiteDatabase: 	at androidx.core.app.JobIntentService$CommandProcessor.doInBackground(JobIntentService.java:391)
05-28 05:12:46.858  1409  1951 E SQLiteDatabase: 	at androidx.core.app.JobIntentService$CommandProcessor.doInBackground(JobIntentService.java:382)
05-28 05:12:46.858  1409  1951 E SQLiteDatabase: 	at android.os.AsyncTask$3.call(AsyncTask.java:394)
05-28 05:12:46.858  1409  1951 E SQLiteDatabase: 	at java.util.concurrent.FutureTask.run(FutureTask.java:266)
05-28 05:12:46.858  1409  1951 E SQLiteDatabase: 	at java.util.concurrent.ThreadPoolExecutor.runWorker(ThreadPoolExecutor.java:1167)
05-28 05:12:46.858  1409  1951 E SQLiteDatabase: 	at java.util.concurrent.ThreadPoolExecutor$Worker.run(ThreadPoolExecutor.java:641)
05-28 05:12:46.858  1409  1951 E SQLiteDatabase: 	at java.lang.Thread.run(Thread.java:923)
