05-29 03:21:52.452  1406  1558 I MediaProvider: Deleted 1 items on external_primary due to com.android.shell
05-29 03:21:52.478  6530  6532 I cmd     : oneway function results will be dropped but finished with status OK and parcel size 4
05-29 03:21:52.526  6545  6547 I cmd     : oneway function results will be dropped but finished with status OK and parcel size 4
05-29 03:21:52.573  6560  6562 I cmd     : oneway function results will be dropped but finished with status OK and parcel size 4
05-29 03:21:52.696  6587  6587 E libc    : Access denied finding property "persist.device_config.runtime_native_boot.profilebootclasspath"
05-29 03:21:52.697  6587  6587 E libc    : Access denied finding property "persist.device_config.runtime_native_boot.enable_apex_image"
05-29 03:21:52.697  6587  6587 I AndroidRuntime: Using default boot image
05-29 03:21:52.697  6587  6587 E libc    : Access denied finding property "persist.device_config.runtime_native_boot.disable_lock_profiling"
05-29 03:21:52.697  6587  6587 I AndroidRuntime: Leaving lock profiling enabled
05-29 03:21:52.697  6587  6587 E libc    : Access denied finding property "persist.device_config.runtime_native_boot.enable_generational_cc"
05-29 03:21:52.698  6587  6587 I app_process: Core platform API reporting enabled, enforcing=false
05-29 03:21:52.692  6587  6587 W app_process: type=1400 audit(0.0:126): avc: denied { read } for name="u:object_r:device_config_runtime_native_boot_prop:s0" dev="tmpfs" ino=8389 scontext=u:r:shell:s0 tcontext=u:object_r:device_config_runtime_native_boot_prop:s0 tclass=file permissive=0
05-29 03:21:52.737  6587  6587 W app_process: Unexpected CPU variant for X86 using defaults: x86_64
05-29 03:21:52.737  6587  6587 I app_process: The ClassLoaderContext is a special shared library.
05-29 03:21:52.744  6587  6587 W app_process: JNI RegisterNativeMethods: attempt to register 0 native methods for android.media.AudioAttributes
05-29 03:21:52.874  2239  2239 E AccessibilityInteractionClient: 2 Disconnected nodes.
05-29 03:21:53.691  1406  1957 E SQLiteDatabase: Error inserting format=12289 owner_package_name=null parent=-1 volume_name=internal date_modified=1683213674 _display_name=media _data=/product/media is_download=0 relative_path=null
05-29 03:21:53.691  1406  1957 E SQLiteDatabase: android.database.sqlite.SQLiteDatabaseLockedException: database is locked (code 5 SQLITE_BUSY)
05-29 03:21:53.691  1406  1957 E SQLiteDatabase: 	at android.database.sqlite.SQLiteConnection.nativeExecuteForLastInsertedRowId(Native Method)
05-29 03:21:53.691  1406  1957 E SQLiteDatabase: 	at android.database.sqlite.SQLiteConnection.executeForLastInsertedRowId(SQLiteConnection.java:938)
05-29 03:21:53.691  1406  1957 E SQLiteDatabase: 	at android.database.sqlite.SQLiteSession.executeForLastInsertedRowId(SQLiteSession.java:790)
05-29 03:21:53.691  1406  1957 E SQLiteDatabase: 	at android.database.sqlite.SQLiteStatement.executeInsert(SQLiteStatement.java:88)
05-29 03:21:53.691  1406  1957 E SQLiteDatabase: 	at android.database.sqlite.SQLiteDatabase.insertWithOnConflict(SQLiteDatabase.java:1701)
05-29 03:21:53.691  1406  1957 E SQLiteDatabase: 	at android.database.sqlite.SQLiteDatabase.insert(SQLiteDatabase.java:1570)
05-29 03:21:53.691  1406  1957 E SQLiteDatabase: 	at com.android.providers.media.MediaProvider.insertDirectory(MediaProvider.java:2773)
05-29 03:21:53.691  1406  1957 E SQLiteDatabase: 	at com.android.providers.media.MediaProvider.getParent(MediaProvider.java:2794)
05-29 03:21:53.691  1406  1957 E SQLiteDatabase: 	at com.android.providers.media.MediaProvider.insertDirectory(MediaProvider.java:2763)
05-29 03:21:53.691  1406  1957 E SQLiteDatabase: 	at com.android.providers.media.MediaProvider.getParent(MediaProvider.java:2794)
05-29 03:21:53.691  1406  1957 E SQLiteDatabase: 	at com.android.providers.media.MediaProvider.insertDirectory(MediaProvider.java:2763)
05-29 03:21:53.691  1406  1957 E SQLiteDatabase: 	at com.android.providers.media.MediaProvider.getParent(MediaProvider.java:2794)
05-29 03:21:53.691  1406  1957 E SQLiteDatabase: 	at com.android.providers.media.MediaProvider.lambda$insertAllowingUpsert$14(MediaProvider.java:3060)
05-29 03:21:53.691  1406  1957 E SQLiteDatabase: 	at com.android.providers.media.MediaProvider.lambda$insertAllowingUpsert$14$MediaProvider(Unknown Source:0)
05-29 03:21:53.691  1406  1957 E SQLiteDatabase: 	at com.android.providers.media.-$$Lambda$MediaProvider$FjHWs2-fjgG761OzVFzdTX4EWZg.apply(Unknown Source:13)
05-29 03:21:53.691  1406  1957 E SQLiteDatabase: 	at com.android.providers.media.DatabaseHelper.runWithTransaction(DatabaseHelper.java:555)
05-29 03:21:53.691  1406  1957 E SQLiteDatabase: 	at com.android.providers.media.MediaProvider.insertAllowingUpsert(MediaProvider.java:3056)
05-29 03:21:53.691  1406  1957 E SQLiteDatabase: 	at com.android.providers.media.MediaProvider.insertFile(MediaProvider.java:3038)
05-29 03:21:53.691  1406  1957 E SQLiteDatabase: 	at com.android.providers.media.MediaProvider.insertInternal(MediaProvider.java:3470)
05-29 03:21:53.691  1406  1957 E SQLiteDatabase: 	at com.android.providers.media.MediaProvider.insert(MediaProvider.java:3198)
05-29 03:21:53.691  1406  1957 E SQLiteDatabase: 	at android.content.ContentProviderOperation.applyInternal(ContentProviderOperation.java:375)
05-29 03:21:53.691  1406  1957 E SQLiteDatabase: 	at android.content.ContentProviderOperation.apply(ContentProviderOperation.java:347)
05-29 03:21:53.691  1406  1957 E SQLiteDatabase: 	at android.content.ContentProvider.applyBatch(ContentProvider.java:2422)
05-29 03:21:53.691  1406  1957 E SQLiteDatabase: 	at com.android.providers.media.MediaProvider.applyBatch(MediaProvider.java:3522)
05-29 03:21:53.691  1406  1957 E SQLiteDatabase: 	at android.content.ContentProvider.applyBatch(ContentProvider.java:2413)
05-29 03:21:53.691  1406  1957 E SQLiteDatabase: 	at android.content.ContentResolver.applyBatch(ContentResolver.java:2186)
05-29 03:21:53.691  1406  1957 E SQLiteDatabase: 	at com.android.providers.media.scan.ModernMediaScanner$Scan.applyPending(ModernMediaScanner.java:699)
05-29 03:21:53.691  1406  1957 E SQLiteDatabase: 	at com.android.providers.media.scan.ModernMediaScanner$Scan.maybeApplyPending(ModernMediaScanner.java:689)
05-29 03:21:53.691  1406  1957 E SQLiteDatabase: 	at com.android.providers.media.scan.ModernMediaScanner$Scan.visitFile(ModernMediaScanner.java:649)
05-29 03:21:53.691  1406  1957 E SQLiteDatabase: 	at com.android.providers.media.scan.ModernMediaScanner$Scan.visitFile(ModernMediaScanner.java:272)
05-29 03:21:53.691  1406  1957 E SQLiteDatabase: 	at java.nio.file.Files.walkFileTree(Files.java:2670)
05-29 03:21:53.691  1406  1957 E SQLiteDatabase: 	at java.nio.file.Files.walkFileTree(Files.java:2742)
05-29 03:21:53.691  1406  1957 E SQLiteDatabase: 	at com.android.providers.media.scan.ModernMediaScanner$Scan.walkFileTree(ModernMediaScanner.java:366)
05-29 03:21:53.691  1406  1957 E SQLiteDatabase: 	at com.android.providers.media.scan.ModernMediaScanner$Scan.run(ModernMediaScanner.java:329)
05-29 03:21:53.691  1406  1957 E SQLiteDatabase: 	at com.android.providers.media.scan.ModernMediaScanner.scanDirectory(ModernMediaScanner.java:226)
05-29 03:21:53.691  1406  1957 E SQLiteDatabase: 	at com.android.providers.media.MediaProvider.scanDirectory(MediaProvider.java:1111)
05-29 03:21:53.691  1406  1957 E SQLiteDatabase: 	at com.android.providers.media.MediaService.onScanVolume(MediaService.java:148)
05-29 03:21:53.691  1406  1957 E SQLiteDatabase: 	at com.android.providers.media.MediaService.onScanVolume(MediaService.java:117)
05-29 03:21:53.691  1406  1957 E SQLiteDatabase: 	at com.android.providers.media.MediaService.onScanVolume(MediaService.java:108)
05-29 03:21:53.691  1406  1957 E SQLiteDatabase: 	at com.android.providers.media.MediaService.onHandleWork(MediaService.java:71)
05-29 03:21:53.691  1406  1957 E SQLiteDatabase: 	at androidx.core.app.JobIntentService$CommandProcessor.doInBackground(JobIntentService.java:391)
05-29 03:21:53.691  1406  1957 E SQLiteDatabase: 	at androidx.core.app.JobIntentService$CommandProcessor.doInBackground(JobIntentService.java:382)
05-29 03:21:53.691  1406  1957 E SQLiteDatabase: 	at android.os.AsyncTask$3.call(AsyncTask.java:394)
05-29 03:21:53.691  1406  1957 E SQLiteDatabase: 	at java.util.concurrent.FutureTask.run(FutureTask.java:266)
05-29 03:21:53.691  1406  1957 E SQLiteDatabase: 	at java.util.concurrent.ThreadPoolExecutor.runWorker(ThreadPoolExecutor.java:1167)
05-29 03:21:53.691  1406  1957 E SQLiteDatabase: 	at java.util.concurrent.ThreadPoolExecutor$Worker.run(ThreadPoolExecutor.java:641)
05-29 03:21:53.691  1406  1957 E SQLiteDatabase: 	at java.lang.Thread.run(Thread.java:923)
05-29 03:21:54.460   160   160 I hwservicemanager: getTransport: Cannot find entry android.hardware.graphics.mapper@4.0::IMapper/default in either framework or device manifest.
05-29 03:21:54.460  6620  6620 I Gralloc4: mapper 4.x is not supported
05-29 03:21:54.518  1406  2501 I MediaProvider: Deleted 1 items on external_primary due to com.android.shell
05-29 03:21:54.543  6635  6637 I cmd     : oneway function results will be dropped but finished with status OK and parcel size 4
05-29 03:21:54.666   160   160 I hwservicemanager: getTransport: Cannot find entry android.hardware.graphics.mapper@4.0::IMapper/default in either framework or device manifest.
05-29 03:21:54.666  6657  6657 I Gralloc4: mapper 4.x is not supported
05-29 03:21:54.723  1406  1557 I MediaProvider: Deleted 1 items on external_primary due to com.android.shell
05-29 03:21:54.747  6672  6674 I cmd     : oneway function results will be dropped but finished with status OK and parcel size 4
05-29 03:21:54.873   160   160 I hwservicemanager: getTransport: Cannot find entry android.hardware.graphics.mapper@4.0::IMapper/default in either framework or device manifest.
05-29 03:21:54.873  6696  6696 I Gralloc4: mapper 4.x is not supported
05-29 03:21:54.908  6700  6702 I cmd     : oneway function results will be dropped but finished with status OK and parcel size 4
05-29 03:21:54.929  1406  1558 I MediaProvider: Deleted 1 items on external_primary due to com.android.shell
05-29 03:21:54.953  6711  6713 I cmd     : oneway function results will be dropped but finished with status OK and parcel size 4
05-29 03:21:55.002  6726  6728 I cmd     : oneway function results will be dropped but finished with status OK and parcel size 4
05-29 03:21:55.049  6741  6743 I cmd     : oneway function results will be dropped but finished with status OK and parcel size 4
05-29 03:21:55.097  6756  6758 I cmd     : oneway function results will be dropped but finished with status OK and parcel size 4
05-29 03:21:55.174  6768  6768 E libc    : Access denied finding property "persist.device_config.runtime_native_boot.profilebootclasspath"
05-29 03:21:55.168  6768  6768 W app_process: type=1400 audit(0.0:130): avc: denied { read } for name="u:object_r:device_config_runtime_native_boot_prop:s0" dev="tmpfs" ino=8389 scontext=u:r:shell:s0 tcontext=u:object_r:device_config_runtime_native_boot_prop:s0 tclass=file permissive=0
05-29 03:21:55.174  6768  6768 E libc    : Access denied finding property "persist.device_config.runtime_native_boot.enable_apex_image"
05-29 03:21:55.174  6768  6768 I AndroidRuntime: Using default boot image
05-29 03:21:55.174  6768  6768 E libc    : Access denied finding property "persist.device_config.runtime_native_boot.disable_lock_profiling"
05-29 03:21:55.174  6768  6768 I AndroidRuntime: Leaving lock profiling enabled
05-29 03:21:55.174  6768  6768 E libc    : Access denied finding property "persist.device_config.runtime_native_boot.enable_generational_cc"
05-29 03:21:55.175  6768  6768 I app_process: Core platform API reporting enabled, enforcing=false
05-29 03:21:55.168  6768  6768 W app_process: type=1400 audit(0.0:131): avc: denied { read } for name="u:object_r:device_config_runtime_native_boot_prop:s0" dev="tmpfs" ino=8389 scontext=u:r:shell:s0 tcontext=u:object_r:device_config_runtime_native_boot_prop:s0 tclass=file permissive=0
05-29 03:21:55.172  6768  6768 I chatty  : uid=2000(shell) main identical 1 line
05-29 03:21:55.172  6768  6768 W app_process: type=1400 audit(0.0:133): avc: denied { read } for name="u:object_r:device_config_runtime_native_boot_prop:s0" dev="tmpfs" ino=8389 scontext=u:r:shell:s0 tcontext=u:object_r:device_config_runtime_native_boot_prop:s0 tclass=file permissive=0
05-29 03:21:55.214  6768  6768 W app_process: Unexpected CPU variant for X86 using defaults: x86_64
05-29 03:21:55.215  6768  6768 I app_process: The ClassLoaderContext is a special shared library.
05-29 03:21:55.221  6768  6768 W app_process: JNI RegisterNativeMethods: attempt to register 0 native methods for android.media.AudioAttributes
05-29 03:21:55.237  2239  2239 E AccessibilityInteractionClient: 2 Disconnected nodes.
05-29 03:21:56.583  1528  1958 I Dialer  : VvmTaskExecutor - executing task com.android.voicemail.impl.ActivationTask@5374a55
05-29 03:21:56.584  1528  1958 I Dialer  : PreOMigrationHandler - ComponentInfo{com.android.phone/com.android.services.telephony.TelephonyConnectionService}, ***, UserHandle{0} already migrated
05-29 03:21:56.593  1611  2176 I VoicemailNotifier: receivers for android.intent.action.PROVIDER_CHANGED :[]
05-29 03:21:56.594  1528  1958 I Dialer  : VvmActivationTask - VVM content provider configured - vvm_type_cvvm
05-29 03:21:56.594  1528  1958 I Dialer  : OmtpVvmCarrierCfgHlpr - OmtpEvent:CONFIG_ACTIVATING
05-29 03:21:56.596  1611  2176 I VoicemailNotifier: receivers for android.intent.action.PROVIDER_CHANGED :[]
05-29 03:21:56.955   160   160 I hwservicemanager: getTransport: Cannot find entry android.hardware.graphics.mapper@4.0::IMapper/default in either framework or device manifest.
05-29 03:21:56.956  6802  6802 I Gralloc4: mapper 4.x is not supported
05-29 03:21:57.002  6806  6808 I cmd     : oneway function results will be dropped but finished with status OK and parcel size 4
05-29 03:21:57.065  1406  2501 I MediaProvider: Deleted 1 items on external_primary due to com.android.shell
05-29 03:21:57.090  6817  6819 I cmd     : oneway function results will be dropped but finished with status OK and parcel size 4
05-29 03:21:57.207   160   160 I hwservicemanager: getTransport: Cannot find entry android.hardware.graphics.mapper@4.0::IMapper/default in either framework or device manifest.
05-29 03:21:57.207  6839  6839 I Gralloc4: mapper 4.x is not supported
05-29 03:21:57.253  6843  6845 I cmd     : oneway function results will be dropped but finished with status OK and parcel size 4
05-29 03:21:57.315  1406  1557 I MediaProvider: Deleted 1 items on external_primary due to com.android.shell
05-29 03:21:57.342  6854  6856 I cmd     : oneway function results will be dropped but finished with status OK and parcel size 4
05-29 03:21:57.363  1406  1957 E SQLiteDatabase: Error inserting format=12289 owner_package_name=null parent=-1 volume_name=internal date_modified=1683213674 _display_name=audio _data=/product/media/audio is_download=0 relative_path=null
05-29 03:21:57.363  1406  1957 E SQLiteDatabase: android.database.sqlite.SQLiteDatabaseLockedException: database is locked (code 5 SQLITE_BUSY)
05-29 03:21:57.363  1406  1957 E SQLiteDatabase: 	at android.database.sqlite.SQLiteConnection.nativeExecuteForLastInsertedRowId(Native Method)
05-29 03:21:57.363  1406  1957 E SQLiteDatabase: 	at android.database.sqlite.SQLiteConnection.executeForLastInsertedRowId(SQLiteConnection.java:938)
05-29 03:21:57.363  1406  1957 E SQLiteDatabase: 	at android.database.sqlite.SQLiteSession.executeForLastInsertedRowId(SQLiteSession.java:790)
05-29 03:21:57.363  1406  1957 E SQLiteDatabase: 	at android.database.sqlite.SQLiteStatement.executeInsert(SQLiteStatement.java:88)
05-29 03:21:57.363  1406  1957 E SQLiteDatabase: 	at android.database.sqlite.SQLiteDatabase.insertWithOnConflict(SQLiteDatabase.java:1701)
05-29 03:21:57.363  1406  1957 E SQLiteDatabase: 	at android.database.sqlite.SQLiteDatabase.insert(SQLiteDatabase.java:1570)
05-29 03:21:57.363  1406  1957 E SQLiteDatabase: 	at com.android.providers.media.MediaProvider.insertDirectory(MediaProvider.java:2773)
05-29 03:21:57.363  1406  1957 E SQLiteDatabase: 	at com.android.providers.media.MediaProvider.getParent(MediaProvider.java:2794)
05-29 03:21:57.363  1406  1957 E SQLiteDatabase: 	at com.android.providers.media.MediaProvider.insertDirectory(MediaProvider.java:2763)
05-29 03:21:57.363  1406  1957 E SQLiteDatabase: 	at com.android.providers.media.MediaProvider.getParent(MediaProvider.java:2794)
05-29 03:21:57.363  1406  1957 E SQLiteDatabase: 	at com.android.providers.media.MediaProvider.lambda$insertAllowingUpsert$14(MediaProvider.java:3060)
05-29 03:21:57.363  1406  1957 E SQLiteDatabase: 	at com.android.providers.media.MediaProvider.lambda$insertAllowingUpsert$14$MediaProvider(Unknown Source:0)
05-29 03:21:57.363  1406  1957 E SQLiteDatabase: 	at com.android.providers.media.-$$Lambda$MediaProvider$FjHWs2-fjgG761OzVFzdTX4EWZg.apply(Unknown Source:13)
05-29 03:21:57.363  1406  1957 E SQLiteDatabase: 	at com.android.providers.media.DatabaseHelper.runWithTransaction(DatabaseHelper.java:555)
05-29 03:21:57.363  1406  1957 E SQLiteDatabase: 	at com.android.providers.media.MediaProvider.insertAllowingUpsert(MediaProvider.java:3056)
05-29 03:21:57.363  1406  1957 E SQLiteDatabase: 	at com.android.providers.media.MediaProvider.insertFile(MediaProvider.java:3038)
05-29 03:21:57.363  1406  1957 E SQLiteDatabase: 	at com.android.providers.media.MediaProvider.insertInternal(MediaProvider.java:3470)
05-29 03:21:57.363  1406  1957 E SQLiteDatabase: 	at com.android.providers.media.MediaProvider.insert(MediaProvider.java:3198)
05-29 03:21:57.363  1406  1957 E SQLiteDatabase: 	at android.content.ContentProviderOperation.applyInternal(ContentProviderOperation.java:375)
05-29 03:21:57.363  1406  1957 E SQLiteDatabase: 	at android.content.ContentProviderOperation.apply(ContentProviderOperation.java:347)
05-29 03:21:57.363  1406  1957 E SQLiteDatabase: 	at android.content.ContentProvider.applyBatch(ContentProvider.java:2422)
05-29 03:21:57.363  1406  1957 E SQLiteDatabase: 	at com.android.providers.media.MediaProvider.applyBatch(MediaProvider.java:3522)
05-29 03:21:57.363  1406  1957 E SQLiteDatabase: 	at android.content.ContentProvider.applyBatch(ContentProvider.java:2413)
05-29 03:21:57.363  1406  1957 E SQLiteDatabase: 	at android.content.ContentResolver.applyBatch(ContentResolver.java:2186)
05-29 03:21:57.363  1406  1957 E SQLiteDatabase: 	at com.android.providers.media.scan.ModernMediaScanner$Scan.applyPending(ModernMediaScanner.java:699)
05-29 03:21:57.363  1406  1957 E SQLiteDatabase: 	at com.android.providers.media.scan.ModernMediaScanner$Scan.maybeApplyPending(ModernMediaScanner.java:689)
05-29 03:21:57.363  1406  1957 E SQLiteDatabase: 	at com.android.providers.media.scan.ModernMediaScanner$Scan.visitFile(ModernMediaScanner.java:649)
05-29 03:21:57.363  1406  1957 E SQLiteDatabase: 	at com.android.providers.media.scan.ModernMediaScanner$Scan.visitFile(ModernMediaScanner.java:272)
05-29 03:21:57.363  1406  1957 E SQLiteDatabase: 	at java.nio.file.Files.walkFileTree(Files.java:2670)
05-29 03:21:57.363  1406  1957 E SQLiteDatabase: 	at java.nio.file.Files.walkFileTree(Files.java:2742)
05-29 03:21:57.363  1406  1957 E SQLiteDatabase: 	at com.android.providers.media.scan.ModernMediaScanner$Scan.walkFileTree(ModernMediaScanner.java:366)
05-29 03:21:57.363  1406  1957 E SQLiteDatabase: 	at com.android.providers.media.scan.ModernMediaScanner$Scan.run(ModernMediaScanner.java:329)
05-29 03:21:57.363  1406  1957 E SQLiteDatabase: 	at com.android.providers.media.scan.ModernMediaScanner.scanDirectory(ModernMediaScanner.java:226)
05-29 03:21:57.363  1406  1957 E SQLiteDatabase: 	at com.android.providers.media.MediaProvider.scanDirectory(MediaProvider.java:1111)
05-29 03:21:57.363  1406  1957 E SQLiteDatabase: 	at com.android.providers.media.MediaService.onScanVolume(MediaService.java:148)
05-29 03:21:57.363  1406  1957 E SQLiteDatabase: 	at com.android.providers.media.MediaService.onScanVolume(MediaService.java:117)
05-29 03:21:57.363  1406  1957 E SQLiteDatabase: 	at com.android.providers.media.MediaService.onScanVolume(MediaService.java:108)
05-29 03:21:57.363  1406  1957 E SQLiteDatabase: 	at com.android.providers.media.MediaService.onHandleWork(MediaService.java:71)
05-29 03:21:57.363  1406  1957 E SQLiteDatabase: 	at androidx.core.app.JobIntentService$CommandProcessor.doInBackground(JobIntentService.java:391)
05-29 03:21:57.363  1406  1957 E SQLiteDatabase: 	at androidx.core.app.JobIntentService$CommandProcessor.doInBackground(JobIntentService.java:382)
05-29 03:21:57.363  1406  1957 E SQLiteDatabase: 	at android.os.AsyncTask$3.call(AsyncTask.java:394)
05-29 03:21:57.363  1406  1957 E SQLiteDatabase: 	at java.util.concurrent.FutureTask.run(FutureTask.java:266)
05-29 03:21:57.363  1406  1957 E SQLiteDatabase: 	at java.util.concurrent.ThreadPoolExecutor.runWorker(ThreadPoolExecutor.java:1167)
05-29 03:21:57.363  1406  1957 E SQLiteDatabase: 	at java.util.concurrent.ThreadPoolExecutor$Worker.run(ThreadPoolExecutor.java:641)
05-29 03:21:57.363  1406  1957 E SQLiteDatabase: 	at java.lang.Thread.run(Thread.java:923)
05-29 03:21:57.461   160   160 I hwservicemanager: getTransport: Cannot find entry android.hardware.graphics.mapper@4.0::IMapper/default in either framework or device manifest.
05-29 03:21:57.461  6876  6876 I Gralloc4: mapper 4.x is not supported
05-29 03:21:57.568  1406  1558 I MediaProvider: Deleted 1 items on external_primary due to com.android.shell
05-29 03:21:57.594  6891  6893 I cmd     : oneway function results will be dropped but finished with status OK and parcel size 4
05-29 03:21:57.690  6921  6923 I cmd     : oneway function results will be dropped but finished with status OK and parcel size 4
05-29 03:21:57.738  6936  6938 I cmd     : oneway function results will be dropped but finished with status OK and parcel size 4
05-29 03:21:57.814  6948  6948 E libc    : Access denied finding property "persist.device_config.runtime_native_boot.profilebootclasspath"
05-29 03:21:57.814  6948  6948 E libc    : Access denied finding property "persist.device_config.runtime_native_boot.enable_apex_image"
05-29 03:21:57.814  6948  6948 I AndroidRuntime: Using default boot image
05-29 03:21:57.814  6948  6948 E libc    : Access denied finding property "persist.device_config.runtime_native_boot.disable_lock_profiling"
05-29 03:21:57.814  6948  6948 I AndroidRuntime: Leaving lock profiling enabled
05-29 03:21:57.814  6948  6948 E libc    : Access denied finding property "persist.device_config.runtime_native_boot.enable_generational_cc"
05-29 03:21:57.808  6948  6948 W app_process: type=1400 audit(0.0:134): avc: denied { read } for name="u:object_r:device_config_runtime_native_boot_prop:s0" dev="tmpfs" ino=8389 scontext=u:r:shell:s0 tcontext=u:object_r:device_config_runtime_native_boot_prop:s0 tclass=file permissive=0
05-29 03:21:57.815  6948  6948 I app_process: Core platform API reporting enabled, enforcing=false
05-29 03:21:57.808  6948  6948 W app_process: type=1400 audit(0.0:135): avc: denied { read } for name="u:object_r:device_config_runtime_native_boot_prop:s0" dev="tmpfs" ino=8389 scontext=u:r:shell:s0 tcontext=u:object_r:device_config_runtime_native_boot_prop:s0 tclass=file permissive=0
05-29 03:21:57.854  6948  6948 W app_process: Unexpected CPU variant for X86 using defaults: x86_64
05-29 03:21:57.855  6948  6948 I app_process: The ClassLoaderContext is a special shared library.
05-29 03:21:57.861  6948  6948 W app_process: JNI RegisterNativeMethods: attempt to register 0 native methods for android.media.AudioAttributes
05-29 03:21:59.575   160   160 I hwservicemanager: getTransport: Cannot find entry android.hardware.graphics.mapper@4.0::IMapper/default in either framework or device manifest.
05-29 03:21:59.576  6981  6981 I Gralloc4: mapper 4.x is not supported
05-29 03:21:59.611  6985  6987 I cmd     : oneway function results will be dropped but finished with status OK and parcel size 4
05-29 03:21:59.632  1406  2501 I MediaProvider: Deleted 1 items on external_primary due to com.android.shell
05-29 03:21:59.658  6996  6998 I cmd     : oneway function results will be dropped but finished with status OK and parcel size 4
05-29 03:21:59.776   160   160 I hwservicemanager: getTransport: Cannot find entry android.hardware.graphics.mapper@4.0::IMapper/default in either framework or device manifest.
05-29 03:21:59.776  7018  7018 I Gralloc4: mapper 4.x is not supported
05-29 03:21:59.809  7022  7024 I cmd     : oneway function results will be dropped but finished with status OK and parcel size 4
05-29 03:21:59.830  1406  1557 I MediaProvider: Deleted 1 items on external_primary due to com.android.shell
05-29 03:21:59.982   160   160 I hwservicemanager: getTransport: Cannot find entry android.hardware.graphics.mapper@4.0::IMapper/default in either framework or device manifest.
05-29 03:21:59.983  7055  7055 I Gralloc4: mapper 4.x is not supported
05-29 03:22:00.018  7061  7063 I cmd     : oneway function results will be dropped but finished with status OK and parcel size 4
05-29 03:22:00.042  1406  1558 I MediaProvider: Deleted 1 items on external_primary due to com.android.shell
05-29 03:22:00.067  7073  7075 I cmd     : oneway function results will be dropped but finished with status OK and parcel size 4
05-29 03:22:00.165  7104  7106 I cmd     : oneway function results will be dropped but finished with status OK and parcel size 4
05-29 03:22:00.212  7119  7121 I cmd     : oneway function results will be dropped but finished with status OK and parcel size 4
05-29 03:22:00.295  7131  7131 E libc    : Access denied finding property "persist.device_config.runtime_native_boot.profilebootclasspath"
05-29 03:22:00.295  7131  7131 E libc    : Access denied finding property "persist.device_config.runtime_native_boot.enable_apex_image"
05-29 03:22:00.295  7131  7131 I AndroidRuntime: Using default boot image
05-29 03:22:00.295  7131  7131 E libc    : Access denied finding property "persist.device_config.runtime_native_boot.disable_lock_profiling"
05-29 03:22:00.295  7131  7131 I AndroidRuntime: Leaving lock profiling enabled
05-29 03:22:00.295  7131  7131 E libc    : Access denied finding property "persist.device_config.runtime_native_boot.enable_generational_cc"
05-29 03:22:00.296  7131  7131 I app_process: Core platform API reporting enabled, enforcing=false
05-29 03:22:00.292  7131  7131 W app_process: type=1400 audit(0.0:138): avc: denied { read } for name="u:object_r:device_config_runtime_native_boot_prop:s0" dev="tmpfs" ino=8389 scontext=u:r:shell:s0 tcontext=u:object_r:device_config_runtime_native_boot_prop:s0 tclass=file permissive=0
05-29 03:22:00.335  7131  7131 W app_process: Unexpected CPU variant for X86 using defaults: x86_64
05-29 03:22:00.336  7131  7131 I app_process: The ClassLoaderContext is a special shared library.
05-29 03:22:00.343  7131  7131 W app_process: JNI RegisterNativeMethods: attempt to register 0 native methods for android.media.AudioAttributes
05-29 03:22:00.454  2239  2239 E AccessibilityInteractionClient: 3 Disconnected nodes.
05-29 03:22:00.982  1406  1957 E SQLiteDatabase: Error inserting format=12289 owner_package_name=null parent=-1 volume_name=internal date_modified=1683213674 _display_name=ringtones _data=/product/media/audio/ringtones is_download=0 relative_path=null
05-29 03:22:00.982  1406  1957 E SQLiteDatabase: android.database.sqlite.SQLiteDatabaseLockedException: database is locked (code 5 SQLITE_BUSY)
05-29 03:22:00.982  1406  1957 E SQLiteDatabase: 	at android.database.sqlite.SQLiteConnection.nativeExecuteForLastInsertedRowId(Native Method)
05-29 03:22:00.982  1406  1957 E SQLiteDatabase: 	at android.database.sqlite.SQLiteConnection.executeForLastInsertedRowId(SQLiteConnection.java:938)
05-29 03:22:00.982  1406  1957 E SQLiteDatabase: 	at android.database.sqlite.SQLiteSession.executeForLastInsertedRowId(SQLiteSession.java:790)
05-29 03:22:00.982  1406  1957 E SQLiteDatabase: 	at android.database.sqlite.SQLiteStatement.executeInsert(SQLiteStatement.java:88)
05-29 03:22:00.982  1406  1957 E SQLiteDatabase: 	at android.database.sqlite.SQLiteDatabase.insertWithOnConflict(SQLiteDatabase.java:1701)
05-29 03:22:00.982  1406  1957 E SQLiteDatabase: 	at android.database.sqlite.SQLiteDatabase.insert(SQLiteDatabase.java:1570)
05-29 03:22:00.982  1406  1957 E SQLiteDatabase: 	at com.android.providers.media.MediaProvider.insertDirectory(MediaProvider.java:2773)
05-29 03:22:00.982  1406  1957 E SQLiteDatabase: 	at com.android.providers.media.MediaProvider.getParent(MediaProvider.java:2794)
05-29 03:22:00.982  1406  1957 E SQLiteDatabase: 	at com.android.providers.media.MediaProvider.lambda$insertAllowingUpsert$14(MediaProvider.java:3060)
05-29 03:22:00.982  1406  1957 E SQLiteDatabase: 	at com.android.providers.media.MediaProvider.lambda$insertAllowingUpsert$14$MediaProvider(Unknown Source:0)
05-29 03:22:00.982  1406  1957 E SQLiteDatabase: 	at com.android.providers.media.-$$Lambda$MediaProvider$FjHWs2-fjgG761OzVFzdTX4EWZg.apply(Unknown Source:13)
05-29 03:22:00.982  1406  1957 E SQLiteDatabase: 	at com.android.providers.media.DatabaseHelper.runWithTransaction(DatabaseHelper.java:555)
05-29 03:22:00.982  1406  1957 E SQLiteDatabase: 	at com.android.providers.media.MediaProvider.insertAllowingUpsert(MediaProvider.java:3056)
05-29 03:22:00.982  1406  1957 E SQLiteDatabase: 	at com.android.providers.media.MediaProvider.insertFile(MediaProvider.java:3038)
05-29 03:22:00.982  1406  1957 E SQLiteDatabase: 	at com.android.providers.media.MediaProvider.insertInternal(MediaProvider.java:3470)
05-29 03:22:00.982  1406  1957 E SQLiteDatabase: 	at com.android.providers.media.MediaProvider.insert(MediaProvider.java:3198)
05-29 03:22:00.982  1406  1957 E SQLiteDatabase: 	at android.content.ContentProviderOperation.applyInternal(ContentProviderOperation.java:375)
05-29 03:22:00.982  1406  1957 E SQLiteDatabase: 	at android.content.ContentProviderOperation.apply(ContentProviderOperation.java:347)
05-29 03:22:00.982  1406  1957 E SQLiteDatabase: 	at android.content.ContentProvider.applyBatch(ContentProvider.java:2422)
05-29 03:22:00.982  1406  1957 E SQLiteDatabase: 	at com.android.providers.media.MediaProvider.applyBatch(MediaProvider.java:3522)
05-29 03:22:00.982  1406  1957 E SQLiteDatabase: 	at android.content.ContentProvider.applyBatch(ContentProvider.java:2413)
05-29 03:22:00.982  1406  1957 E SQLiteDatabase: 	at android.content.ContentResolver.applyBatch(ContentResolver.java:2186)
05-29 03:22:00.982  1406  1957 E SQLiteDatabase: 	at com.android.providers.media.scan.ModernMediaScanner$Scan.applyPending(ModernMediaScanner.java:699)
05-29 03:22:00.982  1406  1957 E SQLiteDatabase: 	at com.android.providers.media.scan.ModernMediaScanner$Scan.maybeApplyPending(ModernMediaScanner.java:689)
05-29 03:22:00.982  1406  1957 E SQLiteDatabase: 	at com.android.providers.media.scan.ModernMediaScanner$Scan.visitFile(ModernMediaScanner.java:649)
05-29 03:22:00.982  1406  1957 E SQLiteDatabase: 	at com.android.providers.media.scan.ModernMediaScanner$Scan.visitFile(ModernMediaScanner.java:272)
05-29 03:22:00.982  1406  1957 E SQLiteDatabase: 	at java.nio.file.Files.walkFileTree(Files.java:2670)
05-29 03:22:00.982  1406  1957 E SQLiteDatabase: 	at java.nio.file.Files.walkFileTree(Files.java:2742)
05-29 03:22:00.982  1406  1957 E SQLiteDatabase: 	at com.android.providers.media.scan.ModernMediaScanner$Scan.walkFileTree(ModernMediaScanner.java:366)
05-29 03:22:00.982  1406  1957 E SQLiteDatabase: 	at com.android.providers.media.scan.ModernMediaScanner$Scan.run(ModernMediaScanner.java:329)
05-29 03:22:00.982  1406  1957 E SQLiteDatabase: 	at com.android.providers.media.scan.ModernMediaScanner.scanDirectory(ModernMediaScanner.java:226)
05-29 03:22:00.982  1406  1957 E SQLiteDatabase: 	at com.android.providers.media.MediaProvider.scanDirectory(MediaProvider.java:1111)
05-29 03:22:00.982  1406  1957 E SQLiteDatabase: 	at com.android.providers.media.MediaService.onScanVolume(MediaService.java:148)
05-29 03:22:00.982  1406  1957 E SQLiteDatabase: 	at com.android.providers.media.MediaService.onScanVolume(MediaService.java:117)
05-29 03:22:00.982  1406  1957 E SQLiteDatabase: 	at com.android.providers.media.MediaService.onScanVolume(MediaService.java:108)
05-29 03:22:00.982  1406  1957 E SQLiteDatabase: 	at com.android.providers.media.MediaService.onHandleWork(MediaService.java:71)
05-29 03:22:00.982  1406  1957 E SQLiteDatabase: 	at androidx.core.app.JobIntentService$CommandProcessor.doInBackground(JobIntentService.java:391)
05-29 03:22:00.982  1406  1957 E SQLiteDatabase: 	at androidx.core.app.JobIntentService$CommandProcessor.doInBackground(JobIntentService.java:382)
05-29 03:22:00.982  1406  1957 E SQLiteDatabase: 	at android.os.AsyncTask$3.call(AsyncTask.java:394)
05-29 03:22:00.982  1406  1957 E SQLiteDatabase: 	at java.util.concurrent.FutureTask.run(FutureTask.java:266)
05-29 03:22:00.982  1406  1957 E SQLiteDatabase: 	at java.util.concurrent.ThreadPoolExecutor.runWorker(ThreadPoolExecutor.java:1167)
05-29 03:22:00.982  1406  1957 E SQLiteDatabase: 	at java.util.concurrent.ThreadPoolExecutor$Worker.run(ThreadPoolExecutor.java:641)
05-29 03:22:00.982  1406  1957 E SQLiteDatabase: 	at java.lang.Thread.run(Thread.java:923)
05-29 03:22:02.078   160   160 I hwservicemanager: getTransport: Cannot find entry android.hardware.graphics.mapper@4.0::IMapper/default in either framework or device manifest.
05-29 03:22:02.078  7164  7164 I Gralloc4: mapper 4.x is not supported
05-29 03:22:02.114  7170  7172 I cmd     : oneway function results will be dropped but finished with status OK and parcel size 4
05-29 03:22:02.176  1406  1558 I MediaProvider: Deleted 1 items on external_primary due to com.android.shell
05-29 03:22:02.200  7181  7183 I cmd     : oneway function results will be dropped but finished with status OK and parcel size 4
05-29 03:22:02.323   160   160 I hwservicemanager: getTransport: Cannot find entry android.hardware.graphics.mapper@4.0::IMapper/default in either framework or device manifest.
05-29 03:22:02.323  7203  7203 I Gralloc4: mapper 4.x is not supported
05-29 03:22:02.420  1406  1557 I MediaProvider: Deleted 1 items on external_primary due to com.android.shell
05-29 03:22:02.445  7218  7220 I cmd     : oneway function results will be dropped but finished with status OK and parcel size 4
05-29 03:22:02.564   160   160 I hwservicemanager: getTransport: Cannot find entry android.hardware.graphics.mapper@4.0::IMapper/default in either framework or device manifest.
05-29 03:22:02.564  7240  7240 I Gralloc4: mapper 4.x is not supported
05-29 03:22:02.621  1406  1557 I MediaProvider: Deleted 1 items on external_primary due to com.android.shell
05-29 03:22:02.646  7255  7257 I cmd     : oneway function results will be dropped but finished with status OK and parcel size 4
05-29 03:22:02.698  7270  7272 I cmd     : oneway function results will be dropped but finished with status OK and parcel size 4
05-29 03:22:02.746  7285  7287 I cmd     : oneway function results will be dropped but finished with status OK and parcel size 4
05-29 03:22:02.870  7312  7312 E libc    : Access denied finding property "persist.device_config.runtime_native_boot.profilebootclasspath"
05-29 03:22:02.870  7312  7312 E libc    : Access denied finding property "persist.device_config.runtime_native_boot.enable_apex_image"
05-29 03:22:02.870  7312  7312 I AndroidRuntime: Using default boot image
05-29 03:22:02.870  7312  7312 E libc    : Access denied finding property "persist.device_config.runtime_native_boot.disable_lock_profiling"
05-29 03:22:02.870  7312  7312 I AndroidRuntime: Leaving lock profiling enabled
05-29 03:22:02.870  7312  7312 E libc    : Access denied finding property "persist.device_config.runtime_native_boot.enable_generational_cc"
05-29 03:22:02.872  7312  7312 I app_process: Core platform API reporting enabled, enforcing=false
05-29 03:22:02.868  7312  7312 W app_process: type=1400 audit(0.0:142): avc: denied { read } for name="u:object_r:device_config_runtime_native_boot_prop:s0" dev="tmpfs" ino=8389 scontext=u:r:shell:s0 tcontext=u:object_r:device_config_runtime_native_boot_prop:s0 tclass=file permissive=0
05-29 03:22:02.920  7312  7312 W app_process: Unexpected CPU variant for X86 using defaults: x86_64
05-29 03:22:02.921  7312  7312 I app_process: The ClassLoaderContext is a special shared library.
05-29 03:22:02.927  7312  7312 W app_process: JNI RegisterNativeMethods: attempt to register 0 native methods for android.media.AudioAttributes
05-29 03:22:02.953  2239  2239 E AccessibilityInteractionClient: 3 Disconnected nodes.
05-29 03:22:04.640   160   160 I hwservicemanager: getTransport: Cannot find entry android.hardware.graphics.mapper@4.0::IMapper/default in either framework or device manifest.
05-29 03:22:04.640  7346  7346 I Gralloc4: mapper 4.x is not supported
05-29 03:22:04.706  1406  1557 I MediaProvider: Deleted 1 items on external_primary due to com.android.shell
05-29 03:22:04.733  7361  7363 I cmd     : oneway function results will be dropped but finished with status OK and parcel size 4
05-29 03:22:04.849   160   160 I hwservicemanager: getTransport: Cannot find entry android.hardware.graphics.mapper@4.0::IMapper/default in either framework or device manifest.
05-29 03:22:04.850  7383  7383 I Gralloc4: mapper 4.x is not supported
05-29 03:22:04.896  7387  7389 I cmd     : oneway function results will be dropped but finished with status OK and parcel size 4
05-29 03:22:04.918  1406  1557 I MediaProvider: Deleted 1 items on external_primary due to com.android.shell
05-29 03:22:05.077   160   160 I hwservicemanager: getTransport: Cannot find entry android.hardware.graphics.mapper@4.0::IMapper/default in either framework or device manifest.
05-29 03:22:05.078  7420  7420 I Gralloc4: mapper 4.x is not supported
05-29 03:22:05.123  7424  7426 I cmd     : oneway function results will be dropped but finished with status OK and parcel size 4
05-29 03:22:05.148  1406  1558 I MediaProvider: Deleted 1 items on external_primary due to com.android.shell
05-29 03:22:05.184  7437  7439 I cmd     : oneway function results will be dropped but finished with status OK and parcel size 4
05-29 03:22:05.231  7452  7454 I cmd     : oneway function results will be dropped but finished with status OK and parcel size 4
05-29 03:22:05.325  7482  7484 I cmd     : oneway function results will be dropped but finished with status OK and parcel size 4
05-29 03:22:05.401  7494  7494 E libc    : Access denied finding property "persist.device_config.runtime_native_boot.profilebootclasspath"
05-29 03:22:05.401  7494  7494 E libc    : Access denied finding property "persist.device_config.runtime_native_boot.enable_apex_image"
05-29 03:22:05.401  7494  7494 I AndroidRuntime: Using default boot image
05-29 03:22:05.401  7494  7494 E libc    : Access denied finding property "persist.device_config.runtime_native_boot.disable_lock_profiling"
05-29 03:22:05.401  7494  7494 I AndroidRuntime: Leaving lock profiling enabled
05-29 03:22:05.401  7494  7494 E libc    : Access denied finding property "persist.device_config.runtime_native_boot.enable_generational_cc"
05-29 03:22:05.402  7494  7494 I app_process: Core platform API reporting enabled, enforcing=false
05-29 03:22:05.396  7494  7494 W app_process: type=1400 audit(0.0:146): avc: denied { read } for name="u:object_r:device_config_runtime_native_boot_prop:s0" dev="tmpfs" ino=8389 scontext=u:r:shell:s0 tcontext=u:object_r:device_config_runtime_native_boot_prop:s0 tclass=file permissive=0
05-29 03:22:05.443  7494  7494 W app_process: Unexpected CPU variant for X86 using defaults: x86_64
05-29 03:22:05.443  7494  7494 I app_process: The ClassLoaderContext is a special shared library.
05-29 03:22:05.449  7494  7494 W app_process: JNI RegisterNativeMethods: attempt to register 0 native methods for android.media.AudioAttributes
05-29 03:22:07.472   160   160 I hwservicemanager: getTransport: Cannot find entry android.hardware.graphics.mapper@4.0::IMapper/default in either framework or device manifest.
05-29 03:22:07.472  7523  7523 I Gralloc4: mapper 4.x is not supported
05-29 03:22:07.517  7527  7529 I cmd     : oneway function results will be dropped but finished with status OK and parcel size 4
05-29 03:22:07.579  1406  1558 I MediaProvider: Deleted 1 items on external_primary due to com.android.shell
05-29 03:22:07.604  7538  7540 I cmd     : oneway function results will be dropped but finished with status OK and parcel size 4
05-29 03:22:07.739   160   160 I hwservicemanager: getTransport: Cannot find entry android.hardware.graphics.mapper@4.0::IMapper/default in either framework or device manifest.
05-29 03:22:07.739  7560  7560 I Gralloc4: mapper 4.x is not supported
05-29 03:22:07.803  1406  1557 I MediaProvider: Deleted 1 items on external_primary due to com.android.shell
05-29 03:22:07.828  7575  7577 I cmd     : oneway function results will be dropped but finished with status OK and parcel size 4
05-29 03:22:07.948   160   160 I hwservicemanager: getTransport: Cannot find entry android.hardware.graphics.mapper@4.0::IMapper/default in either framework or device manifest.
05-29 03:22:07.948  7597  7597 I Gralloc4: mapper 4.x is not supported
05-29 03:22:08.013  1406  1557 I MediaProvider: Deleted 1 items on external_primary due to com.android.shell
05-29 03:22:08.086  7627  7629 I cmd     : oneway function results will be dropped but finished with status OK and parcel size 4
05-29 03:22:08.135  7642  7644 I cmd     : oneway function results will be dropped but finished with status OK and parcel size 4
05-29 03:22:08.183  7657  7659 I cmd     : oneway function results will be dropped but finished with status OK and parcel size 4
05-29 03:22:08.267  1406  1957 E SQLiteDatabase: Error inserting format=12289 owner_package_name=null parent=-1 volume_name=internal date_modified=1683216921 _display_name=product _data=/product is_download=0 relative_path=null
05-29 03:22:08.267  1406  1957 E SQLiteDatabase: android.database.sqlite.SQLiteDatabaseLockedException: database is locked (code 5 SQLITE_BUSY)
05-29 03:22:08.267  1406  1957 E SQLiteDatabase: 	at android.database.sqlite.SQLiteConnection.nativeExecuteForLastInsertedRowId(Native Method)
05-29 03:22:08.267  1406  1957 E SQLiteDatabase: 	at android.database.sqlite.SQLiteConnection.executeForLastInsertedRowId(SQLiteConnection.java:938)
05-29 03:22:08.267  1406  1957 E SQLiteDatabase: 	at android.database.sqlite.SQLiteSession.executeForLastInsertedRowId(SQLiteSession.java:790)
05-29 03:22:08.267  1406  1957 E SQLiteDatabase: 	at android.database.sqlite.SQLiteStatement.executeInsert(SQLiteStatement.java:88)
05-29 03:22:08.267  1406  1957 E SQLiteDatabase: 	at android.database.sqlite.SQLiteDatabase.insertWithOnConflict(SQLiteDatabase.java:1701)
05-29 03:22:08.267  1406  1957 E SQLiteDatabase: 	at android.database.sqlite.SQLiteDatabase.insert(SQLiteDatabase.java:1570)
05-29 03:22:08.267  1406  1957 E SQLiteDatabase: 	at com.android.providers.media.MediaProvider.insertDirectory(MediaProvider.java:2773)
05-29 03:22:08.267  1406  1957 E SQLiteDatabase: 	at com.android.providers.media.MediaProvider.getParent(MediaProvider.java:2794)
05-29 03:22:08.267  1406  1957 E SQLiteDatabase: 	at com.android.providers.media.MediaProvider.insertDirectory(MediaProvider.java:2763)
05-29 03:22:08.267  1406  1957 E SQLiteDatabase: 	at com.android.providers.media.MediaProvider.getParent(MediaProvider.java:2794)
05-29 03:22:08.267  1406  1957 E SQLiteDatabase: 	at com.android.providers.media.MediaProvider.insertDirectory(MediaProvider.java:2763)
05-29 03:22:08.267  1406  1957 E SQLiteDatabase: 	at com.android.providers.media.MediaProvider.getParent(MediaProvider.java:2794)
05-29 03:22:08.267  1406  1957 E SQLiteDatabase: 	at com.android.providers.media.MediaProvider.insertDirectory(MediaProvider.java:2763)
05-29 03:22:08.267  1406  1957 E SQLiteDatabase: 	at com.android.providers.media.MediaProvider.getParent(MediaProvider.java:2794)
05-29 03:22:08.267  1406  1957 E SQLiteDatabase: 	at com.android.providers.media.MediaProvider.lambda$insertAllowingUpsert$14(MediaProvider.java:3060)
05-29 03:22:08.267  1406  1957 E SQLiteDatabase: 	at com.android.providers.media.MediaProvider.lambda$insertAllowingUpsert$14$MediaProvider(Unknown Source:0)
05-29 03:22:08.267  1406  1957 E SQLiteDatabase: 	at com.android.providers.media.-$$Lambda$MediaProvider$FjHWs2-fjgG761OzVFzdTX4EWZg.apply(Unknown Source:13)
05-29 03:22:08.267  1406  1957 E SQLiteDatabase: 	at com.android.providers.media.DatabaseHelper.runWithTransaction(DatabaseHelper.java:555)
05-29 03:22:08.267  1406  1957 E SQLiteDatabase: 	at com.android.providers.media.MediaProvider.insertAllowingUpsert(MediaProvider.java:3056)
05-29 03:22:08.267  1406  1957 E SQLiteDatabase: 	at com.android.providers.media.MediaProvider.insertFile(MediaProvider.java:3038)
05-29 03:22:08.267  1406  1957 E SQLiteDatabase: 	at com.android.providers.media.MediaProvider.insertInternal(MediaProvider.java:3470)
05-29 03:22:08.267  1406  1957 E SQLiteDatabase: 	at com.android.providers.media.MediaProvider.insert(MediaProvider.java:3198)
05-29 03:22:08.267  1406  1957 E SQLiteDatabase: 	at android.content.ContentProviderOperation.applyInternal(ContentProviderOperation.java:375)
05-29 03:22:08.267  1406  1957 E SQLiteDatabase: 	at android.content.ContentProviderOperation.apply(ContentProviderOperation.java:347)
05-29 03:22:08.267  1406  1957 E SQLiteDatabase: 	at android.content.ContentProvider.applyBatch(ContentProvider.java:2422)
05-29 03:22:08.267  1406  1957 E SQLiteDatabase: 	at com.android.providers.media.MediaProvider.applyBatch(MediaProvider.java:3522)
05-29 03:22:08.267  1406  1957 E SQLiteDatabase: 	at android.content.ContentProvider.applyBatch(ContentProvider.java:2413)
05-29 03:22:08.267  1406  1957 E SQLiteDatabase: 	at android.content.ContentResolver.applyBatch(ContentResolver.java:2186)
05-29 03:22:08.267  1406  1957 E SQLiteDatabase: 	at com.android.providers.media.scan.ModernMediaScanner$Scan.applyPending(ModernMediaScanner.java:699)
05-29 03:22:08.267  1406  1957 E SQLiteDatabase: 	at com.android.providers.media.scan.ModernMediaScanner$Scan.maybeApplyPending(ModernMediaScanner.java:689)
05-29 03:22:08.267  1406  1957 E SQLiteDatabase: 	at com.android.providers.media.scan.ModernMediaScanner$Scan.visitFile(ModernMediaScanner.java:649)
05-29 03:22:08.267  1406  1957 E SQLiteDatabase: 	at com.android.providers.media.scan.ModernMediaScanner$Scan.visitFile(ModernMediaScanner.java:272)
05-29 03:22:08.267  1406  1957 E SQLiteDatabase: 	at java.nio.file.Files.walkFileTree(Files.java:2670)
05-29 03:22:08.267  1406  1957 E SQLiteDatabase: 	at java.nio.file.Files.walkFileTree(Files.java:2742)
05-29 03:22:08.267  1406  1957 E SQLiteDatabase: 	at com.android.providers.media.scan.ModernMediaScanner$Scan.walkFileTree(ModernMediaScanner.java:366)
05-29 03:22:08.267  1406  1957 E SQLiteDatabase: 	at com.android.providers.media.scan.ModernMediaScanner$Scan.run(ModernMediaScanner.java:329)
05-29 03:22:08.267  1406  1957 E SQLiteDatabase: 	at com.android.providers.media.scan.ModernMediaScanner.scanDirectory(ModernMediaScanner.java:226)
05-29 03:22:08.267  1406  1957 E SQLiteDatabase: 	at com.android.providers.media.MediaProvider.scanDirectory(MediaProvider.java:1111)
05-29 03:22:08.267  1406  1957 E SQLiteDatabase: 	at com.android.providers.media.MediaService.onScanVolume(MediaService.java:148)
05-29 03:22:08.267  1406  1957 E SQLiteDatabase: 	at com.android.providers.media.MediaService.onScanVolume(MediaService.java:117)
05-29 03:22:08.267  1406  1957 E SQLiteDatabase: 	at com.android.providers.media.MediaService.onScanVolume(MediaService.java:108)
05-29 03:22:08.267  1406  1957 E SQLiteDatabase: 	at com.android.providers.media.MediaService.onHandleWork(MediaService.java:71)
05-29 03:22:08.267  1406  1957 E SQLiteDatabase: 	at androidx.core.app.JobIntentService$CommandProcessor.doInBackground(JobIntentService.java:391)
05-29 03:22:08.267  1406  1957 E SQLiteDatabase: 	at androidx.core.app.JobIntentService$CommandProcessor.doInBackground(JobIntentService.java:382)
05-29 03:22:08.267  1406  1957 E SQLiteDatabase: 	at android.os.AsyncTask$3.call(AsyncTask.java:394)
05-29 03:22:08.267  1406  1957 E SQLiteDatabase: 	at java.util.concurrent.FutureTask.run(FutureTask.java:266)
05-29 03:22:08.267  1406  1957 E SQLiteDatabase: 	at java.util.concurrent.ThreadPoolExecutor.runWorker(ThreadPoolExecutor.java:1167)
05-29 03:22:08.267  1406  1957 E SQLiteDatabase: 	at java.util.concurrent.ThreadPoolExecutor$Worker.run(ThreadPoolExecutor.java:641)
05-29 03:22:08.267  1406  1957 E SQLiteDatabase: 	at java.lang.Thread.run(Thread.java:923)
05-29 03:22:08.269  7669  7669 E libc    : Access denied finding property "persist.device_config.runtime_native_boot.profilebootclasspath"
05-29 03:22:08.269  7669  7669 E libc    : Access denied finding property "persist.device_config.runtime_native_boot.enable_apex_image"
05-29 03:22:08.269  7669  7669 I AndroidRuntime: Using default boot image
05-29 03:22:08.269  7669  7669 E libc    : Access denied finding property "persist.device_config.runtime_native_boot.disable_lock_profiling"
05-29 03:22:08.269  7669  7669 I AndroidRuntime: Leaving lock profiling enabled
05-29 03:22:08.269  7669  7669 E libc    : Access denied finding property "persist.device_config.runtime_native_boot.enable_generational_cc"
05-29 03:22:08.270  7669  7669 I app_process: Core platform API reporting enabled, enforcing=false
05-29 03:22:08.264  7669  7669 W app_process: type=1400 audit(0.0:150): avc: denied { read } for name="u:object_r:device_config_runtime_native_boot_prop:s0" dev="tmpfs" ino=8389 scontext=u:r:shell:s0 tcontext=u:object_r:device_config_runtime_native_boot_prop:s0 tclass=file permissive=0
