--------- beginning of main
05-29 03:20:50.210  1838  1838 W droid.messagin: Unexpected CPU variant for X86 using defaults: x86_64
--------- beginning of kernel
05-29 03:20:50.463     0     0 I init    : processing action (sys.sysctl.tcp_def_init_rwnd=*) from (/system/etc/init/hw/init.rc:1006)
--------- beginning of system
05-29 03:20:50.244   392   402 I adbd    : jdwp connection from 1838
05-29 03:20:50.248   505   656 W BestClock: java.time.DateTimeException: Missing NTP fix
05-29 03:20:50.249  1611  1736 I ContactDirectoryManager: deleted 0 stale rows which don't have any relevant directory
05-29 03:20:50.249  1611  1736 I ContactDirectoryManager: Discovered 0 contact directories in 5ms
05-29 03:20:50.256  1611  1738 I ContactsProvider: Locale has changed from null to [en_US]
05-29 03:20:50.256  1611  1738 I ContactsDatabaseHelper: Switching to locale [en_US] (ICU v66.1.0.0)
05-29 03:20:50.262  1611  1736 I ContactsProvider: Locale has changed from null to [en_US]
05-29 03:20:50.264  1611  1736 I ContactsDatabaseHelper: Switching to locale [en_US] (ICU v66.1.0.0)
05-29 03:20:50.278  1611  1738 I ContactsDatabaseHelper: Locale change completed in 22ms
05-29 03:20:50.279  1611  1738 I ContactsDatabaseHelper: Switching to locale [en_US] (ICU v66.1.0.0)
05-29 03:20:50.284  1611  1736 I ContactsDatabaseHelper: Locale change completed in 20ms
05-29 03:20:50.295  1611  1738 I ContactsDatabaseHelper: Locale change completed in 16ms
05-29 03:20:50.297  1611  1738 I ContactsFTS: Rebuild contact search index in 1ms, 0 contacts
05-29 03:20:50.304  1611  1738 I ContactsProvider: Upgrading aggregation algorithm
05-29 03:20:50.304  1611  1736 I ContactsFTS: Rebuild contact search index in 3ms, 0 contacts
05-29 03:20:50.306  1611  1736 I ContactsProvider: Upgrading aggregation algorithm
05-29 03:20:50.306  1611  1738 I ContactAggregator: Marked all visible contacts for aggregation: 0 raw contacts, 0 ms
05-29 03:20:50.306  1611  1738 I ContactsProvider: Aggregation algorithm upgraded for 0 raw contacts in 2ms
05-29 03:20:50.308  1611  1736 I ContactAggregator: Marked all visible contacts for aggregation: 0 raw contacts, 0 ms
05-29 03:20:50.308  1611  1736 I ContactsProvider: Aggregation algorithm upgraded for 0 raw contacts in 2ms
05-29 03:20:50.402   505   539 I DropBoxManagerService: add tag=system_app_strictmode isTagEnabled=true flags=0x2
05-29 03:20:50.444   952  1847 W UnsafeUtil: platform method missing - proto runtime falling back to safer methods: java.lang.NoSuchMethodException: sun.misc.Unsafe.copyMemory [class java.lang.Object, long, class java.lang.Object, long, long]
05-29 03:20:50.478   505   649 W BestClock: java.time.DateTimeException: Missing NTP fix
05-29 03:20:50.478  1838  1838 I droid.messagin: The ClassLoaderContext is a special shared library.
05-29 03:20:50.479   505   656 W BestClock: java.time.DateTimeException: Missing NTP fix
05-29 03:20:50.483   505   648 W BestClock: java.time.DateTimeException: Missing NTP fix
05-29 03:20:50.484  1022  1022 W ConnectivityManager.CallbackHandler: callback not found for CALLBACK_AVAILABLE message
05-29 03:20:50.486  1022  1022 W ConnectivityManager.CallbackHandler: callback not found for CALLBACK_PRECHECK message
05-29 03:20:50.486  1022  1022 W ConnectivityManager.CallbackHandler: callback not found for CALLBACK_CAP_CHANGED message
05-29 03:20:50.486  1022  1022 W ConnectivityManager.CallbackHandler: callback not found for CALLBACK_PRECHECK message
05-29 03:20:50.486  1022  1022 W ConnectivityManager.CallbackHandler: callback not found for CALLBACK_CAP_CHANGED message
05-29 03:20:50.487  1838  1838 I droid.messagin: The ClassLoaderContext is a special shared library.
05-29 03:20:50.495   505   648 W BestClock: java.time.DateTimeException: Missing NTP fix
05-29 03:20:50.496   505   656 W BestClock: java.time.DateTimeException: Missing NTP fix
05-29 03:20:50.496   505   656 W BestClock: java.time.DateTimeException: Missing NTP fix
05-29 03:20:50.500   505   648 W BestClock: java.time.DateTimeException: Missing NTP fix
05-29 03:20:50.540   408   408 I perfetto: probes_producer.cc:329  Producer stop (id=1)
05-29 03:20:50.542   412   412 I perfetto: ng_service_impl.cc:1948 Tracing session 1 ended, total sessions:2
05-29 03:20:50.616  1838  1838 I TetheringManager: registerTetheringEventCallback:com.android.messaging
05-29 03:20:50.625   505   648 W BestClock: java.time.DateTimeException: Missing NTP fix
05-29 03:20:50.626   505   656 W BestClock: java.time.DateTimeException: Missing NTP fix
05-29 03:20:50.651   505   656 W BestClock: java.time.DateTimeException: Missing NTP fix
05-29 03:20:50.651   505   649 W BestClock: java.time.DateTimeException: Missing NTP fix
05-29 03:20:50.655   505   649 I chatty  : uid=1000(system) NetworkPolicy identical 3 lines
05-29 03:20:50.656   505   649 W BestClock: java.time.DateTimeException: Missing NTP fix
05-29 03:20:50.769  1838  1880 I MessagingApp: Upgrading shared prefs from -1 to 1
05-29 03:20:50.953  1838  1880 W MessagingApp: canonicalizeMccMnc: invalid mccmnc:null ,null
05-29 03:20:50.802   505   545 I chatty  : uid=1000(system) android.bg identical 1 line
05-29 03:20:50.990   505   547 I ActivityManager: Start proc 1890:com.android.providers.calendar/u0a67 for broadcast {com.android.providers.calendar/com.android.providers.calendar.CalendarUpgradeReceiver}
05-29 03:20:50.991   505   537 I GnssNetworkConnectivityHandler: updateNetworkState, state=CLOSED, connected=true, network=100, capabilities=[ Transports: CELLULAR Capabilities: MMS&SUPL&DUN&FOTA&IMS&CBS&INTERNET&NOT_RESTRICTED&TRUSTED&NOT_VPN&VALIDATED&NOT_ROAMING&FOREGROUND&NOT_CONGESTED&NOT_SUSPENDED LinkUpBandwidth>=15000Kbps LinkDnBandwidth>=30000Kbps Specifier: <TelephonyNetworkSpecifier [mSubId = 1]> AdministratorUids: [] RequestorUid: -1 RequestorPackageName: null], apn: epc.tmobile.com, availableNetworkCount: 1
05-29 03:20:50.998   278  1888 W resolv  : Validating DnsTlsServer on netId 100
05-29 03:20:50.999   278  1888 W resolv  : SSL_connect ssl error =5, mark 0xf0064: Connection refused
05-29 03:20:50.999   278  1888 W resolv  : Validation failed
05-29 03:20:50.999  1838  1880 I MessagingApp: Carrier configs loaded: Bundle[{httpSocketTimeout=60000, aliasMinChars=2, smsToMmsTextThreshold=-1, enableSMSDeliveryReports=true, maxMessageTextSize=-1, supportMmsContentDisposition=true, enabledTransID=false, aliasEnabled=false, supportHttpCharsetHeader=false, allowAttachAudio=true, smsToMmsTextLengthThreshold=-1, recipientLimit=2147483647, uaProfTagName=x-wap-profile, aliasMaxChars=48, maxImageHeight=1944, enableMMSDeliveryReports=false, userAgent=, mmsCloseConnection=true, config_cellBroadcastAppLinks=true, maxSubjectLength=40, httpParams=, enableGroupMms=true, emailGatewayNumber=, maxMessageSize=1048576, naiSuffix=, enableMMSReadReports=false, maxImageWidth=2592, uaProfUrl=, enabledMMS=false, enabledNotifyWapMMSC=false, sendMultipartSmsAsSeparateMessages=false, enableMultipartSMS=true}] from resources+system for subId=1
05-29 03:20:51.053  1838  1882 W MessagingApp: canonicalizeMccMnc: invalid mccmnc:null ,null
05-29 03:20:51.054  1838  1882 I MessagingApp: Carrier configs loaded: Bundle[{httpSocketTimeout=60000, aliasMinChars=2, smsToMmsTextThreshold=-1, enableSMSDeliveryReports=true, maxMessageTextSize=-1, supportMmsContentDisposition=true, enabledTransID=false, aliasEnabled=false, supportHttpCharsetHeader=false, allowAttachAudio=true, smsToMmsTextLengthThreshold=-1, recipientLimit=2147483647, uaProfTagName=x-wap-profile, aliasMaxChars=48, maxImageHeight=1944, enableMMSDeliveryReports=false, userAgent=, mmsCloseConnection=true, config_cellBroadcastAppLinks=true, maxSubjectLength=40, httpParams=, enableGroupMms=true, emailGatewayNumber=, maxMessageSize=1048576, naiSuffix=, enableMMSReadReports=false, maxImageWidth=2592, uaProfUrl=, enabledMMS=false, enabledNotifyWapMMSC=false, sendMultipartSmsAsSeparateMessages=false, enableMultipartSMS=true}] from resources+system for subId=1
05-29 03:20:51.062  1890  1890 W viders.calenda: Unexpected CPU variant for X86 using defaults: x86_64
05-29 03:20:51.106   505   551 E libprocessgroup: AddTidToCgroup failed to write '1908'; fd=63: Invalid argument
05-29 03:20:51.106   505   551 E libprocessgroup: Failed to add task into cgroup
05-29 03:20:51.106   505   551 W libprocessgroup: ExecuteForTask failed for aggregate profile: Invalid argument
05-29 03:20:51.123   392   402 I adbd    : jdwp connection from 1890
05-29 03:20:51.141  1838  1884 W MessagingApp: Rebuilt databases: reseting related state
05-29 03:20:51.142   505   545 W VoiceInteractionManager: no available voice interaction services found for user 0
05-29 03:20:51.151  1838  1881 W droid.messagin: Long monitor contention with owner AsyncTask #4 (1884) at com.android.messaging.datamodel.m com.android.messaging.datamodel.i.d()(SourceFile:5) waiters=1 in com.android.messaging.datamodel.m com.android.messaging.datamodel.i.d() for 371ms
05-29 03:20:51.172   505   545 I ActivityTaskManager: Displayed com.android.launcher3/.uioverrides.QuickstepLauncher: +1s43ms
05-29 03:20:51.177  1890  1890 I viders.calenda: The ClassLoaderContext is a special shared library.
05-29 03:20:51.187  1890  1890 I CalendarDatabaseHelper: Bootstrapping database
05-29 03:20:51.195  1890  1890 I CalendarProvider2: Created com.android.providers.calendar.CalendarAlarmManager@4f01526(com.android.providers.calendar.CalendarProvider2@20ec567)
05-29 03:20:51.200  1890  1890 I CalendarUpgradeReceiver: Creating or opening calendar database
05-29 03:20:51.165   505   545 I chatty  : uid=1000(system) android.bg identical 1 line
05-29 03:20:51.200   505   645 I PreBootBroadcaster: Pre-boot of {com.android.providers.contacts/com.android.providers.contacts.ContactsUpgradeReceiver} for user 0
05-29 03:20:51.203  1838  1884 I MessagingAppDataModel: Fixup: Send failed - 0 Download failed - 0
05-29 03:20:51.212   505   547 I ActivityManager: Start proc 1924:com.android.quicksearchbox/u0a102 for broadcast {com.android.quicksearchbox/com.android.quicksearchbox.SearchWidgetProvider}
05-29 03:20:51.217   505   538 W InputReader: Device virtio_input_multi_touch_10 is associated with display ADISPLAY_ID_NONE.
05-29 03:20:51.217   505   538 W InputReader: Device virtio_input_multi_touch_7 is associated with display ADISPLAY_ID_NONE.
05-29 03:20:51.217   505   538 W InputReader: Device virtio_input_multi_touch_11 is associated with display ADISPLAY_ID_NONE.
05-29 03:20:51.217   505   538 W InputReader: Device virtio_input_multi_touch_5 is associated with display ADISPLAY_ID_NONE.
05-29 03:20:51.217   505   538 W InputReader: Device virtio_input_multi_touch_2 is associated with display ADISPLAY_ID_NONE.
05-29 03:20:51.217   505   538 W InputReader: Device virtio_input_multi_touch_6 is associated with display ADISPLAY_ID_NONE.
05-29 03:20:51.217   505   538 W InputReader: Device virtio_input_multi_touch_3 is associated with display ADISPLAY_ID_NONE.
05-29 03:20:51.217   505   538 W InputReader: Device virtio_input_multi_touch_8 is associated with display ADISPLAY_ID_NONE.
05-29 03:20:51.217   505   538 W InputReader: Device virtio_input_multi_touch_9 is associated with display ADISPLAY_ID_NONE.
05-29 03:20:51.217   505   538 W InputReader: Device virtio_input_multi_touch_4 is associated with display ADISPLAY_ID_NONE.
05-29 03:20:51.244  1924  1924 W .quicksearchbo: Unexpected CPU variant for X86 using defaults: x86_64
05-29 03:20:51.258  1920  1930 I cmd     : oneway function results will be dropped but finished with status OK and parcel size 4
05-29 03:20:51.259   392   402 I adbd    : jdwp connection from 1924
05-29 03:20:51.306  1838  1882 I MessagingAppDataModel: SyncMessagesAction: Starting batch for messages from -1 to 1780024850764 (message update limit = 80, message scan limit = 4000)
05-29 03:20:51.308  1924  1924 I .quicksearchbo: The ClassLoaderContext is a special shared library.
05-29 03:20:51.309  1924  1924 I .quicksearchbo: The ClassLoaderContext is a special shared library.
05-29 03:20:51.351   925  1696 I OpenGLRenderer: Davey! duration=1119ms; Flags=0, IntendedVsync=25678468051, Vsync=25678468051, OldestInputEvent=9223372036854775807, NewestInputEvent=0, HandleInputStart=25679053561, AnimationStart=25679054041, PerformTraversalsStart=25679144025, DrawStart=25679176303, SyncQueued=25679219938, SyncStart=25679437412, IssueDrawCommandsStart=25679502328, SwapBuffers=26795000506, FrameCompleted=26797815314, DequeueBufferDuration=33510, QueueBufferDuration=212637, GpuCompleted=0, 
05-29 03:20:51.352   925   925 I Choreographer: Skipped 65 frames!  The application may be doing too much work on its main thread.
05-29 03:20:51.368   505   515 I system_server: Background young concurrent copying GC freed 123654(7154KB) AllocSpace objects, 45(1580KB) LOS objects, 44% free, 10MB/18MB, paused 26us total 140.558ms
05-29 03:20:51.387   925   925 E libprocessgroup: set_timerslack_ns write failed: Operation not permitted
05-29 03:20:51.392   505   652 W system_server: Core platform API violation: Lsun/misc/Unsafe;->allocateInstance(Ljava/lang/Class;)Ljava/lang/Object; from /apex/com.android.wifi/javalib/service-wifi.jar using linking
05-29 03:20:51.392   505   652 W UnsafeUtil: platform method missing - proto runtime falling back to safer methods: java.lang.NoSuchMethodException: sun.misc.Unsafe.copyMemory [class java.lang.Object, long, class java.lang.Object, long, long]
05-29 03:20:51.394   505   652 W LastMileLogger: Failed to open free_buffer pseudo-file: /sys/kernel/debug/tracing/instances/wifi/free_buffer: open failed: ENOENT (No such file or directory)
05-29 03:20:51.394   505   652 W LastMileLogger: Failed to arm fail-safe.
05-29 03:20:51.394   505   652 I WifiClientModeImpl: Connecting with 02:15:b2:00:00:00 as the mac address
05-29 03:20:51.394   432   432 W wificond: Scan is not started. Ignore abort request
05-29 03:20:51.395   505   652 I SupplicantStaIfaceHal: addSupplicantStaNetwork via HIDL
05-29 03:20:51.406  1406  1957 I MediaProvider: Begin Intent { act=android.intent.action.MEDIA_MOUNTED dat=file:///storage/emulated/0 flg=0x5000010 cmp=com.android.providers.media.module/com.android.providers.media.MediaService (has extras) }
05-29 03:20:51.429   697   697 I wpa_supplicant: wlan0: SME: Trying to authenticate with 02:15:b2:00:01:00 (SSID='AndroidWifi' freq=2447 MHz)
05-29 03:20:51.648     0     0 I wlan0   : authenticate with 02:15:b2:00:01:00
05-29 03:20:51.653     0     0 I wlan0   : send auth to 02:15:b2:00:01:00 (try 1/3)
05-29 03:20:51.438  1528  1528 I Dialer  : VvmTaskReceiver - task received
05-29 03:20:51.438  1528  1528 I Dialer  : VvmTaskReceiver - scheduling new job
05-29 03:20:51.438  1528  1528 I Dialer  : TaskSchedulerJobService - scheduling job with 1 tasks
05-29 03:20:51.439  1528  1528 I Dialer  : TaskSchedulerJobService - running job instantly.
05-29 03:20:51.442  1528  1528 I Dialer  : TaskSchedulerJobService - job 0 scheduled
05-29 03:20:51.659     0     0 I wlan0   : authenticated
05-29 03:20:51.443   500   500 I hostapd : wlan1: STA 02:15:b2:00:00:00 IEEE 802.11: authenticated
05-29 03:20:51.443   500   500 I hostapd : wlan1: STA 02:15:b2:00:00:00 IEEE 802.11: authenticated
05-29 03:20:51.445   697   697 I wpa_supplicant: wlan0: Trying to associate with 02:15:b2:00:01:00 (SSID='AndroidWifi' freq=2447 MHz)
05-29 03:20:51.446  1528  1528 I Dialer  : TaskSchedulerJobService - starting 0
05-29 03:20:51.450  1528  1528 I Dialer  : VvmTaskExecutor - onStartJob
05-29 03:20:51.450  1528  1528 I Dialer  : Task.createTask - create task:com.android.voicemail.impl.ActivationTask
05-29 03:20:51.451  1528  1958 I Dialer  : VvmTaskExecutor - executing task com.android.voicemail.impl.ActivationTask@d1f9762
05-29 03:20:51.451  1528  1958 I Dialer  : PreOMigrationHandler - migrating ComponentInfo{com.android.phone/com.android.services.telephony.TelephonyConnectionService}, ***, UserHandle{0}
05-29 03:20:51.452  1528  1958 I Dialer  : PreOMigrationHandler.migrateSettings - migrating settings
05-29 03:20:51.452   500   500 I hostapd : wlan1: STA 02:15:b2:00:00:00 IEEE 802.11: associated (aid 1)
05-29 03:20:51.452   500   500 I hostapd : wlan1: STA 02:15:b2:00:00:00 IEEE 802.11: associated (aid 1)
05-29 03:20:51.452   500   500 I hostapd : wlan1: AP-STA-CONNECTED 02:15:b2:00:00:00
05-29 03:20:51.666     0     0 I wlan0   : associate with 02:15:b2:00:01:00 (try 1/3)
05-29 03:20:51.670     0     0 I wlan0   : RX AssocResp from 02:15:b2:00:01:00 (capab=0x401 status=0 aid=1)
05-29 03:20:51.676     0     0 I wlan0   : associated
05-29 03:20:51.459  1611  1611 I ContactsUpgradeReceiver: Creating or opening contacts database
05-29 03:20:51.461   505  1110 I WifiService: updateInterfaceIpState uid=1073
05-29 03:20:51.461   505   979 I PreBootBroadcaster: Pre-boot of {com.android.providers.media.module/com.android.providers.media.MediaUpgradeReceiver} for user 0
05-29 03:20:51.465  1406  1406 I MediaUpgradeReceiver: ---> Start upgrade of media database external.db
05-29 03:20:51.468  1406  1406 I MediaUpgradeReceiver: <--- Finished upgrade of media database external.db in 4ms
05-29 03:20:51.468  1406  1406 I MediaUpgradeReceiver: ---> Start upgrade of media database internal.db
05-29 03:20:51.470   697   697 I wpa_supplicant: wlan0: Associated with 02:15:b2:00:01:00
05-29 03:20:51.470   697   697 I wpa_supplicant: wlan0: CTRL-EVENT-CONNECTED - Connection to 02:15:b2:00:01:00 completed [id=0 id_str=%7B%22configKey%22%3A%22%5C%22AndroidWifi%5C%22NONE%22%2C%22creatorUid%22%3A%221000%22%7D]
05-29 03:20:51.470   697   697 I wpa_supplicant: wlan0: CTRL-EVENT-SUBNET-STATUS-UPDATE status=0
05-29 03:20:51.475  1611  1640 I VoicemailNotifier: receivers for android.intent.action.PROVIDER_CHANGED :[]
05-29 03:20:51.478  1611  1640 I VoicemailNotifier: receivers for android.intent.action.PROVIDER_CHANGED :[]
05-29 03:20:51.479  1528  1958 I Dialer  : VvmActivationTask - VVM content provider configured - vvm_type_cvvm
05-29 03:20:51.479  1528  1958 I Dialer  : OmtpVvmCarrierCfgHlpr - OmtpEvent:CONFIG_ACTIVATING
05-29 03:20:51.485  1611  1640 I VoicemailNotifier: receivers for android.intent.action.PROVIDER_CHANGED :[]
05-29 03:20:51.507   278   386 E Netd    : no such netId 101
05-29 03:20:51.508   505   656 E ConnectivityService: Exception adding interface: java.lang.IllegalStateException: android.os.ServiceSpecificException: Machine is not on the network (code 64)
05-29 03:20:51.508   278   386 E Netd    : no such netId 101
05-29 03:20:51.526   500   500 I hostapd : wlan1: STA-OPMODE-SMPS-MODE-CHANGED 02:15:b2:00:00:00 off
05-29 03:20:51.536   500   500 I hostapd : wlan1: STA-OPMODE-SMPS-MODE-CHANGED 02:15:b2:00:00:00 dynamic
05-29 03:20:51.537   278   386 E Netd    : no such netId 101
05-29 03:20:51.537   505   656 E ConnectivityService: Exception in networkAddRouteParcel for non-gateway: android.os.ServiceSpecificException: Machine is not on the network (code 64)
05-29 03:20:51.537   505   656 E ConnectivityService: Exception in networkAddRouteParcel for gateway: android.os.ServiceSpecificException: Machine is not on the network (code 64)
05-29 03:20:51.537   278   386 E Netd    : no such netId 101
05-29 03:20:51.557   505   652 W WifiScoreReport: Cannot start external scoring netId=101 currentNetId=101 sessionId=1017
05-29 03:20:51.568   200   203 E android.system.suspend@1.0-service: Error opening kernel wakelock stats for: wakeup32: Permission denied
05-29 03:20:51.580  1406  1957 I MediaProvider: Changed schema version on internal from 0 to 1114, 0 items taking 108ms
05-29 03:20:51.582   200   203 E android.system.suspend@1.0-service: Error opening kernel wakelock stats for: wakeup33: Permission denied
05-29 03:20:51.564   200   200 W Binder:200_2: type=1400 audit(0.0:20): avc: denied { read } for name="wakeup32" dev="sysfs" ino=18830 scontext=u:r:system_suspend:s0 tcontext=u:object_r:sysfs:s0 tclass=dir permissive=0
05-29 03:20:51.576   200   200 W Binder:200_2: type=1400 audit(0.0:21): avc: denied { read } for name="wakeup33" dev="sysfs" ino=18893 scontext=u:r:system_suspend:s0 tcontext=u:object_r:sysfs:s0 tclass=dir permissive=0
05-29 03:20:51.599  1838  1883 I MessagingAppDataModel: SyncMessagesAction: All messages now in sync
05-29 03:20:51.608   505   656 W DnsManager: updatePrivateDns(101, PrivateDnsConfig{true:/[]})
05-29 03:20:51.609   278  1962 W resolv  : Validating DnsTlsServer on netId 101
05-29 03:20:51.610   278  1962 W resolv  : Validation failed
05-29 03:20:51.621  1687  1769 W MediaProvider: No column annotation provided; not creating views
05-29 03:20:51.622  1687  1769 W MediaProvider: No column annotation provided; not creating views
05-29 03:20:51.638  1406  1957 W ModernMediaScanner: Failed to visit /system/media: java.nio.file.NoSuchFileException: /system/media
05-29 03:20:51.638  1406  1957 I MediaProvider: Scanned internal due to REASON_MOUNTED, found 0 items in 6ms, 0 inserts 0 updates 0 deletes
05-29 03:20:51.639  1406  1957 W ModernMediaScanner: Failed to visit /oem/media: java.nio.file.NoSuchFileException: /oem/media
05-29 03:20:51.641  1406  1957 I MediaProvider: Scanned internal due to REASON_MOUNTED, found 0 items in 2ms, 0 inserts 0 updates 0 deletes
05-29 03:20:51.647   505   547 I ActivityManager: Start proc 1964:com.android.localtransport/1000 for service {com.android.localtransport/com.android.localtransport.LocalTransportService}
05-29 03:20:51.651  1964  1964 W .localtranspor: Unexpected CPU variant for X86 using defaults: x86_64
05-29 03:20:51.658   392   402 I adbd    : jdwp connection from 1964
05-29 03:20:51.673  1964  1964 I .localtranspor: The ClassLoaderContext is a special shared library.
05-29 03:20:51.678   505   505 I TransportClient: LocalTransportService#0: Notifying [TransportManager.registerTransport()] transport = IBackupTransport
05-29 03:20:51.681   278  1984 W resolv  : Validating DnsTlsServer on netId 101
05-29 03:20:51.693   505   652 E WifiVendorHal: stopRssiMonitoring(l.2100) failed {.code = ERROR_NOT_AVAILABLE, .description = }
05-29 03:20:51.693  1406  1406 I MediaProvider: Changed schema version on internal from 0 to 1114, 0 items taking 26ms
05-29 03:20:51.703   278  1984 W resolv  : SSL_connect ssl error =5, mark 0xf0065: Connection refused
05-29 03:20:51.703   278  1984 W resolv  : Validation failed
05-29 03:20:51.709  1406  1406 I SQLiteConnectionPool: The connection pool for /data/user/0/com.android.providers.media.module/databases/internal.db has been closed but there are still 1 connections in use.  They will be closed as they are released back to the pool.
05-29 03:20:51.709  1406  1406 E MediaUpgradeReceiver: Error during upgrade of media db internal.db
05-29 03:20:51.709  1406  1406 E MediaUpgradeReceiver: java.lang.NullPointerException: Attempt to invoke interface method 'void com.android.providers.media.DatabaseHelper$OnLegacyMigrationListener.onStarted(android.content.ContentProviderClient, java.lang.String)' on a null object reference
05-29 03:20:51.709  1406  1406 E MediaUpgradeReceiver: 	at com.android.providers.media.DatabaseHelper.migrateFromLegacy(DatabaseHelper.java:841)
05-29 03:20:51.709  1406  1406 E MediaUpgradeReceiver: 	at com.android.providers.media.DatabaseHelper.onOpen(DatabaseHelper.java:375)
05-29 03:20:51.709  1406  1406 E MediaUpgradeReceiver: 	at android.database.sqlite.SQLiteOpenHelper.getDatabaseLocked(SQLiteOpenHelper.java:427)
05-29 03:20:51.709  1406  1406 E MediaUpgradeReceiver: 	at android.database.sqlite.SQLiteOpenHelper.getWritableDatabase(SQLiteOpenHelper.java:316)
05-29 03:20:51.709  1406  1406 E MediaUpgradeReceiver: 	at com.android.providers.media.DatabaseHelper.runWithTransaction(DatabaseHelper.java:551)
05-29 03:20:51.709  1406  1406 E MediaUpgradeReceiver: 	at com.android.providers.media.MediaUpgradeReceiver.onReceive(MediaUpgradeReceiver.java:72)
05-29 03:20:51.709  1406  1406 E MediaUpgradeReceiver: 	at android.app.ActivityThread.handleReceiver(ActivityThread.java:4032)
05-29 03:20:51.709  1406  1406 E MediaUpgradeReceiver: 	at android.app.ActivityThread.access$1400(ActivityThread.java:237)
05-29 03:20:51.709  1406  1406 E MediaUpgradeReceiver: 	at android.app.ActivityThread$H.handleMessage(ActivityThread.java:1924)
05-29 03:20:51.709  1406  1406 E MediaUpgradeReceiver: 	at android.os.Handler.dispatchMessage(Handler.java:106)
05-29 03:20:51.709  1406  1406 E MediaUpgradeReceiver: 	at android.os.Looper.loop(Looper.java:223)
05-29 03:20:51.709  1406  1406 E MediaUpgradeReceiver: 	at android.app.ActivityThread.main(ActivityThread.java:7656)
05-29 03:20:51.709  1406  1406 E MediaUpgradeReceiver: 	at java.lang.reflect.Method.invoke(Native Method)
05-29 03:20:51.709  1406  1406 E MediaUpgradeReceiver: 	at com.android.internal.os.RuntimeInit$MethodAndArgsCaller.run(RuntimeInit.java:592)
05-29 03:20:51.709  1406  1406 E MediaUpgradeReceiver: 	at com.android.internal.os.ZygoteInit.main(ZygoteInit.java:947)
05-29 03:20:51.710  1406  1406 I MediaUpgradeReceiver: <--- Finished upgrade of media database internal.db in 242ms
05-29 03:20:51.710   505   979 I PreBootBroadcaster: Pre-boot of {com.android.settings/com.android.settings.SettingsInitialize} for user 0
05-29 03:20:51.719   505   979 I ActivityManager: Posting BOOT_COMPLETED user #0
05-29 03:20:51.719   505   546 I SystemServerTimingAsync: ssm.UnlockedUser-0
05-29 03:20:51.719   505   546 I SystemServiceManager: Calling onUnlockedUser 0
05-29 03:20:51.719   505   546 I SystemServerTimingAsync: ssm.onUnlockedUser-0_com.android.server.security.FileIntegrityService
05-29 03:20:51.719   505   546 I SystemServerTimingAsync: ssm.onUnlockedUser-0_com.android.server.pm.Installer
05-29 03:20:51.719   505   546 I SystemServerTimingAsync: ssm.onUnlockedUser-0_com.android.server.os.DeviceIdentifiersPolicyService
05-29 03:20:51.719   505   546 I SystemServerTimingAsync: ssm.onUnlockedUser-0_com.android.server.uri.UriGrantsManagerService$Lifecycle
05-29 03:20:51.719   505   546 I SystemServerTimingAsync: ssm.onUnlockedUser-0_com.android.server.wm.ActivityTaskManagerService$Lifecycle
05-29 03:20:51.719   505   546 I SystemServerTimingAsync: ssm.onUnlockedUser-0_com.android.server.am.ActivityManagerService$Lifecycle
05-29 03:20:51.719   505   546 I SystemServerTimingAsync: ssm.onUnlockedUser-0_com.android.server.pm.DataLoaderManagerService
05-29 03:20:51.719   505   546 I SystemServerTimingAsync: ssm.onUnlockedUser-0_com.android.server.power.PowerManagerService
05-29 03:20:51.719   505   546 I SystemServerTimingAsync: ssm.onUnlockedUser-0_com.android.server.power.ThermalManagerService
05-29 03:20:51.719   505   546 I SystemServerTimingAsync: ssm.onUnlockedUser-0_com.android.server.recoverysystem.RecoverySystemService$Lifecycle
05-29 03:20:51.719   505   546 I SystemServerTimingAsync: ssm.onUnlockedUser-0_com.android.server.lights.LightsService
05-29 03:20:51.719   505   546 I SystemServerTimingAsync: ssm.onUnlockedUser-0_com.android.server.display.DisplayManagerService
05-29 03:20:51.719   505   546 I SystemServerTimingAsync: ssm.onUnlockedUser-0_com.android.server.pm.UserManagerService$LifeCycle
05-29 03:20:51.719   505   546 I SystemServerTimingAsync: ssm.onUnlockedUser-0_com.android.server.om.OverlayManagerService
05-29 03:20:51.719   505   546 I SystemServerTimingAsync: ssm.onUnlockedUser-0_com.android.server.SensorPrivacyService
05-29 03:20:51.719   505   546 I SystemServerTimingAsync: ssm.onUnlockedUser-0_com.android.server.SystemConfigService
05-29 03:20:51.719   505   546 I SystemServerTimingAsync: ssm.onUnlockedUser-0_com.android.server.BatteryService
05-29 03:20:51.719   505   546 I SystemServerTimingAsync: ssm.onUnlockedUser-0_com.android.server.usage.UsageStatsService
05-29 03:20:51.719   505   546 I SystemServerTimingAsync: ssm.onUnlockedUser-0_com.android.server.webkit.WebViewUpdateService
05-29 03:20:51.719   505   546 I SystemServerTimingAsync: ssm.onUnlockedUser-0_com.android.server.CachedDeviceStateService
05-29 03:20:51.719   505   546 I SystemServerTimingAsync: ssm.onUnlockedUser-0_com.android.server.BinderCallsStatsService$LifeCycle
05-29 03:20:51.719   505   546 I SystemServerTimingAsync: ssm.onUnlockedUser-0_com.android.server.LooperStatsService$Lifecycle
05-29 03:20:51.719   505   546 I SystemServerTimingAsync: ssm.onUnlockedUser-0_com.android.server.rollback.RollbackManagerService
05-29 03:20:51.719   505   546 I SystemServerTimingAsync: ssm.onUnlockedUser-0_com.android.server.os.BugreportManagerService
05-29 03:20:51.719   505   546 I SystemServerTimingAsync: ssm.onUnlockedUser-0_com.android.server.gpu.GpuService
05-29 03:20:51.719   505   546 I SystemServerTimingAsync: ssm.onUnlockedUser-0_com.android.server.security.KeyChainSystemService
05-29 03:20:51.719   505   546 I SystemServerTimingAsync: ssm.onUnlockedUser-0_com.android.server.telecom.TelecomLoaderService
05-29 03:20:51.719   505   546 I SystemServerTimingAsync: ssm.onUnlockedUser-0_com.android.server.accounts.AccountManagerService$Lifecycle
05-29 03:20:51.719   505   546 I SystemServerTimingAsync: ssm.onUnlockedUser-0_com.android.server.content.ContentService$Lifecycle
05-29 03:20:51.719   505   546 I SystemServerTimingAsync: ssm.onUnlockedUser-0_com.android.server.DropBoxManagerService
05-29 03:20:51.719   505   546 I SystemServerTimingAsync: ssm.onUnlockedUser-0_com.android.server.AlarmManagerService
05-29 03:20:51.719   505   546 I SystemServerTimingAsync: ssm.onUnlockedUser-0_com.android.server.BluetoothService
05-29 03:20:51.719   505   546 I SystemServerTimingAsync: ssm.onUnlockedUser-0_com.android.server.connectivity.IpConnectivityMetrics
05-29 03:20:51.719   505   546 I SystemServerTimingAsync: ssm.onUnlockedUser-0_com.android.server.net.watchlist.NetworkWatchlistService$Lifecycle
05-29 03:20:51.719   505   546 I SystemServerTimingAsync: ssm.onUnlockedUser-0_com.android.server.PinnerService
05-29 03:20:51.719   505   546 I SystemServerTimingAsync: ssm.onUnlockedUser-0_com.google.android.startop.iorap.IorapForwardingService
05-29 03:20:51.719   505   546 I SystemServerTimingAsync: ssm.onUnlockedUser-0_com.android.server.integrity.AppIntegrityManagerService
05-29 03:20:51.719   505   546 I SystemServerTimingAsync: ssm.onUnlockedUser-0_com.android.server.inputmethod.InputMethodManagerService$Lifecycle
05-29 03:20:51.719   505   546 I SystemServerTimingAsync: ssm.onUnlockedUser-0_com.android.server.accessibility.AccessibilityManagerService$Lifecycle
05-29 03:20:51.719   505   546 I SystemServerTimingAsync: ssm.onUnlockedUser-0_com.android.server.StorageManagerService$Lifecycle
05-29 03:20:51.720   505   546 I SystemServerTimingAsync: ssm.onUnlockedUser-0_com.android.server.usage.StorageStatsService$Lifecycle
05-29 03:20:51.720   505   546 I SystemServerTimingAsync: ssm.onUnlockedUser-0_com.android.server.UiModeManagerService
05-29 03:20:51.720   505   546 I SystemServerTimingAsync: ssm.onUnlockedUser-0_com.android.server.locksettings.LockSettingsService$Lifecycle
05-29 03:20:51.720   505   546 I SystemServerTimingAsync: ssm.onUnlockedUser-0_com.android.server.testharness.TestHarnessModeService
05-29 03:20:51.720   505   546 I SystemServerTimingAsync: ssm.onUnlockedUser-0_com.android.server.DeviceIdleController
05-29 03:20:51.720   505   546 I SystemServerTimingAsync: ssm.onUnlockedUser-0_com.android.server.devicepolicy.DevicePolicyManagerService$Lifecycle
05-29 03:20:51.720   505   546 I SystemServerTimingAsync: ssm.onUnlockedUser-0_com.android.server.textservices.TextServicesManagerService$Lifecycle
05-29 03:20:51.720   505   546 I SystemServerTimingAsync: ssm.onUnlockedUser-0_com.android.server.textclassifier.TextClassificationManagerService$Lifecycle
05-29 03:20:51.720   505   546 I SystemServerTimingAsync: ssm.onUnlockedUser-0_com.android.server.NetworkScoreService$Lifecycle
05-29 03:20:51.720   505   546 I SystemServerTimingAsync: ssm.onUnlockedUser-0_com.android.server.wifi.WifiService
05-29 03:20:51.720   505   546 I SystemServerTimingAsync: ssm.onUnlockedUser-0_com.android.server.wifi.scanner.WifiScanningService
05-29 03:20:51.720   505   546 I SystemServerTimingAsync: ssm.onUnlockedUser-0_com.android.server.wifi.p2p.WifiP2pService
05-29 03:20:51.720   505   546 I SystemServerTimingAsync: ssm.onUnlockedUser-0_com.android.server.notification.NotificationManagerService
05-29 03:20:51.720   505   546 I SystemServerTimingAsync: ssm.onUnlockedUser-0_com.android.server.storage.DeviceStorageMonitorService
05-29 03:20:51.720   505   546 I SystemServerTimingAsync: ssm.onUnlockedUser-0_com.android.server.location.LocationManagerService$Lifecycle
05-29 03:20:51.720   505   546 I SystemServerTimingAsync: ssm.onUnlockedUser-0_com.android.server.timedetector.TimeDetectorService$Lifecycle
05-29 03:20:51.720   505   546 I SystemServerTimingAsync: ssm.onUnlockedUser-0_com.android.server.timezonedetector.TimeZoneDetectorService$Lifecycle
05-29 03:20:51.720   505   546 I SystemServerTimingAsync: ssm.onUnlockedUser-0_com.android.server.search.SearchManagerService$Lifecycle
05-29 03:20:51.720   505   546 I SystemServerTimingAsync: ssm.onUnlockedUser-0_com.android.server.wallpaper.WallpaperManagerService$Lifecycle
05-29 03:20:51.720   505   546 I SystemServerTimingAsync: ssm.onUnlockedUser-0_com.android.server.audio.AudioService$Lifecycle
05-29 03:20:51.720   505   546 I SystemServerTimingAsync: ssm.onUnlockedUser-0_com.android.server.soundtrigger_middleware.SoundTriggerMiddlewareService$Lifecycle
05-29 03:20:51.720   505   546 I SystemServerTimingAsync: ssm.onUnlockedUser-0_com.android.server.DockObserver
05-29 03:20:51.720   505   546 I SystemServerTimingAsync: ssm.onUnlockedUser-0_com.android.server.midi.MidiService$Lifecycle
05-29 03:20:51.720   505   546 I SystemServerTimingAsync: ssm.onUnlockedUser-0_com.android.server.adb.AdbService$Lifecycle
05-29 03:20:51.720   505   546 I SystemServerTimingAsync: ssm.onUnlockedUser-0_com.android.server.usb.UsbService$Lifecycle
05-29 03:20:51.720   505   546 I SystemServerTimingAsync: ssm.onUnlockedUser-0_com.android.server.twilight.TwilightService
05-29 03:20:51.720   505   546 I SystemServerTimingAsync: ssm.onUnlockedUser-0_com.android.server.display.color.ColorDisplayService
05-29 03:20:51.720   505   546 I SystemServerTimingAsync: ssm.onUnlockedUser-0_com.android.server.job.JobSchedulerService
05-29 03:20:51.720   505   546 I SystemServerTimingAsync: ssm.onUnlockedUser-0_com.android.server.soundtrigger.SoundTriggerService
05-29 03:20:51.720   505   546 I SystemServerTimingAsync: ssm.onUnlockedUser-0_com.android.server.trust.TrustManagerService
05-29 03:20:51.720   505   546 I SystemServerTimingAsync: ssm.onUnlockedUser-0_com.android.server.backup.BackupManagerService$Lifecycle
05-29 03:20:51.720   505   546 I SystemServerTimingAsync: ssm.onUnlockedUser-0_com.android.server.appwidget.AppWidgetService
05-29 03:20:51.720   505   546 I SystemServerTimingAsync: ssm.onUnlockedUser-0_com.android.server.role.RoleManagerService
05-29 03:20:51.720   505   546 I SystemServerTimingAsync: ssm.onUnlockedUser-0_com.android.server.voiceinteraction.VoiceInteractionManagerService
05-29 03:20:51.720   505   546 I SystemServerTimingAsync: ssm.onUnlockedUser-0_com.android.server.GestureLauncherService
05-29 03:20:51.720   505   546 I SystemServerTimingAsync: ssm.onUnlockedUser-0_com.android.server.SensorNotificationService
05-29 03:20:51.720   505   546 I SystemServerTimingAsync: ssm.onUnlockedUser-0_com.android.server.emergency.EmergencyAffordanceService
05-29 03:20:51.720   505   546 I SystemServerTimingAsync: ssm.onUnlockedUser-0_com.android.server.dreams.DreamManagerService
05-29 03:20:51.720   505   546 I SystemServerTimingAsync: ssm.onUnlockedUser-0_com.android.server.blob.BlobStoreManagerService
05-29 03:20:51.720   505   546 I SystemServerTimingAsync: ssm.onUnlockedUser-0_com.android.server.print.PrintManagerService
05-29 03:20:51.720   505   546 I SystemServerTimingAsync: ssm.onUnlockedUser-0_com.android.server.companion.CompanionDeviceManagerService
05-29 03:20:51.720   505   546 I SystemServerTimingAsync: ssm.onUnlockedUser-0_com.android.server.restrictions.RestrictionsManagerService
05-29 03:20:51.720   505   546 I SystemServerTimingAsync: ssm.onUnlockedUser-0_com.android.server.media.MediaSessionService
05-29 03:20:51.720   505   546 I SystemServerTimingAsync: ssm.onUnlockedUser-0_com.android.server.media.MediaResourceMonitorService
05-29 03:20:51.720   505   546 I SystemServerTimingAsync: ssm.onUnlockedUser-0_com.android.server.biometrics.fingerprint.FingerprintService
05-29 03:20:51.720   505   546 I SystemServerTimingAsync: ssm.onUnlockedUser-0_com.android.server.biometrics.BiometricService
05-29 03:20:51.720   505   546 I SystemServerTimingAsync: ssm.onUnlockedUser-0_com.android.server.biometrics.AuthService
05-29 03:20:51.720   505   546 I SystemServerTimingAsync: ssm.onUnlockedUser-0_com.android.server.pm.ShortcutService$Lifecycle
05-29 03:20:51.720   505   546 I SystemServerTimingAsync: ssm.onUnlockedUser-0_com.android.server.pm.LauncherAppsService
05-29 03:20:51.720   505   546 I SystemServerTimingAsync: ssm.onUnlockedUser-0_com.android.server.pm.CrossProfileAppsService
05-29 03:20:51.720   505   546 I SystemServerTimingAsync: ssm.onUnlockedUser-0_com.android.server.people.PeopleService
05-29 03:20:51.720   505   546 I SystemServerTimingAsync: ssm.onUnlockedUser-0_com.android.server.media.projection.MediaProjectionManagerService
05-29 03:20:51.720   505   546 I SystemServerTimingAsync: ssm.onUnlockedUser-0_com.android.server.slice.SliceManagerService$Lifecycle
05-29 03:20:51.720   505   546 I SystemServerTimingAsync: ssm.onUnlockedUser-0_com.android.server.camera.CameraServiceProxy
05-29 03:20:51.720   505   546 I SystemServerTimingAsync: ssm.onUnlockedUser-0_com.android.server.stats.StatsCompanion$Lifecycle
05-29 03:20:51.720   505   546 I SystemServerTimingAsync: ssm.onUnlockedUser-0_com.android.server.stats.pull.StatsPullAtomService
05-29 03:20:51.720   505   546 I SystemServerTimingAsync: ssm.onUnlockedUser-0_com.android.server.incident.IncidentCompanionService
05-29 03:20:51.720   505   546 I SystemServerTimingAsync: ssm.onUnlockedUser-0_com.android.server.MmsServiceBroker
05-29 03:20:51.720   505   546 I SystemServerTimingAsync: ssm.onUnlockedUser-0_com.android.server.autofill.AutofillManagerService
05-29 03:20:51.720   505   546 I SystemServerTimingAsync: ssm.onUnlockedUser-0_com.android.server.clipboard.ClipboardService
05-29 03:20:51.720   505   546 I SystemServerTimingAsync: ssm.onUnlockedUser-0_com.android.server.appbinding.AppBindingService$Lifecycle
05-29 03:20:51.720   505   546 I SystemServerTimingAsync: ssm.onUnlockedUser-0_com.android.server.policy.PermissionPolicyService
05-29 03:20:51.720   505   546 I SystemServerTimingAsync: ssm.onUnlockedUser-0_com.android.server.pm.StagingManager$Lifecycle
05-29 03:20:51.720   505   546 W ActivityManager: UserLifecycleEvent 6 received without an active userJourneySession.
05-29 03:20:51.720   505   537 I AppWidgetServiceImpl: Processing of handleUserUnlocked u0 took 2 ms
05-29 03:20:51.729   505  1996 I RecoverySystem: No recovery log file
05-29 03:20:51.729   505  1996 I BootReceiver: No existing last log timestamp file /data/system/log-files.xml; starting empty
05-29 03:20:51.730  1528  1528 I Dialer  : DialerExecutorModule.newThread - creating low priority thread
05-29 03:20:51.733   505  1996 I DropBoxManagerService: add tag=SYSTEM_BOOT isTagEnabled=true flags=0x2
05-29 03:20:51.740   505  1996 I BootReceiver: Copying audit failures to DropBox
05-29 03:20:51.741   505  1996 I BootReceiver: Checking for fsck errors
05-29 03:20:51.742   505  1996 I BootReceiver: fs_stat, partition:vdc stat:0x13
05-29 03:20:51.743  1528  1997 I Dialer  : VisualVoicemailUpdateTask.updateNotification - enter
05-29 03:20:51.753  1528  1997 I Dialer  : VisualVoicemailUpdateTask.updateNotification - no voicemails to notify about
05-29 03:20:51.753  1528  1997 I Dialer  : VisualVoicemailNotifier.cancelAllVoicemailNotifications - enter
05-29 03:20:51.754  1528  1997 I Dialer  : VoicemailNotificationJobService.scheduleJob - job canceled
05-29 03:20:51.755  1528  1528 I Dialer  : VisualVoicemailUpdateTask.scheduleTask - update successful
05-29 03:20:51.756   505   505 I Telecom : DefaultDialerCache: Refreshing default dialer for user 0: now com.android.dialer: DDC.oR@AGM
05-29 03:20:51.756   505   505 I Telecom : MissedCallNotifierImpl: reloadAfterBootComplete: user=0: TSBCR.oR@AGQ
05-29 03:20:51.758   505   505 I Telecom : MissedCallNotifierImpl: reloadAfterBootComplete: user=0: TSBCR.oR@AGQ
05-29 03:20:51.767  1838  1838 I MessagingApp: Carrier config changed. Reloading MMS config.
05-29 03:20:51.781   505   537 E GnssLocationProvider: IGnssConfiguration setEsExtensionSec() failed.
05-29 03:20:51.781   505   537 E GnssConfiguration: Unable to set ES_EXTENSION_SEC: 0
05-29 03:20:51.782   505   505 I Telecom : PhoneAccountRegistrar: getSimCallManager: SimCallManager for subId 1 queried, returning: null: TSI.gSCMFU@AGk
05-29 03:20:51.783  1022  1022 I Telephony: Carrier-config changed, checking for phone account updates.
05-29 03:20:51.785  1838  1883 W MessagingApp: canonicalizeMccMnc: invalid mccmnc:null ,null
05-29 03:20:51.785  1022  1022 I Telephony: isRttCurrentlySupported -- regular acct, hasVoiceAvailability: false
05-29 03:20:51.785  1022  1022 I Telephony:  isRttSupported: false
05-29 03:20:51.785  1022  1022 I Telephony:  isRoaming: false
05-29 03:20:51.785  1022  1022 I Telephony:  isOnWfc: false
05-29 03:20:51.787  1838  1883 I MessagingApp: Carrier configs loaded: Bundle[{httpSocketTimeout=60000, aliasMinChars=2, smsToMmsTextThreshold=-1, enableSMSDeliveryReports=true, maxMessageTextSize=-1, supportMmsContentDisposition=true, enabledTransID=false, aliasEnabled=false, supportHttpCharsetHeader=false, allowAttachAudio=true, smsToMmsTextLengthThreshold=-1, recipientLimit=2147483647, uaProfTagName=x-wap-profile, aliasMaxChars=48, maxImageHeight=1944, enableMMSDeliveryReports=false, userAgent=, mmsCloseConnection=true, config_cellBroadcastAppLinks=true, maxSubjectLength=40, httpParams=, enableGroupMms=true, emailGatewayNumber=, maxMessageSize=1048576, naiSuffix=, enableMMSReadReports=false, maxImageWidth=2592, uaProfUrl=, enabledMMS=false, enabledNotifyWapMMSC=false, sendMultipartSmsAsSeparateMessages=false, enableMultipartSMS=true}] from resources+system for subId=1
05-29 03:20:51.788   505   547 I ActivityManager: Start proc 2003:com.android.calendar/u0a108 for broadcast {com.android.calendar/com.android.calendar.UpgradeReceiver}
05-29 03:20:51.792  2003  2003 W ndroid.calenda: Unexpected CPU variant for X86 using defaults: x86_64
05-29 03:20:51.799   392   402 I adbd    : jdwp connection from 2003
05-29 03:20:51.801  1022  1022 I Telephony: reRegisterPstnPhoneAccount: subId: 1 - no change
05-29 03:20:51.825  1022  1022 I VvmSimStateTracker: android.telephony.action.CARRIER_CONFIG_CHANGED
05-29 03:20:51.825  1022  1022 I VvmSimStateTracker: Service connected on ComponentInfo{com.android.phone/com.android.services.telephony.TelephonyConnectionService}, ***, UserHandle{0}
05-29 03:20:51.833  1022  1022 I RemoteVvmTaskManager: Binding to ComponentInfo{com.android.dialer/com.android.voicemail.impl.OmtpService}
05-29 03:20:51.838  1528  1528 I Dialer  : VvmOmtpService - onCellServiceConnected
05-29 03:20:51.960   200   203 E android.system.suspend@1.0-service: Error opening kernel wakelock stats for: wakeup32: Permission denied
05-29 03:20:51.963   200   203 E android.system.suspend@1.0-service: Error opening kernel wakelock stats for: wakeup33: Permission denied
05-29 03:20:51.956   200   200 W Binder:200_2: type=1400 audit(0.0:22): avc: denied { read } for name="wakeup32" dev="sysfs" ino=18830 scontext=u:r:system_suspend:s0 tcontext=u:object_r:sysfs:s0 tclass=dir permissive=0
05-29 03:20:51.960   200   200 W Binder:200_2: type=1400 audit(0.0:23): avc: denied { read } for name="wakeup33" dev="sysfs" ino=18893 scontext=u:r:system_suspend:s0 tcontext=u:object_r:sysfs:s0 tclass=dir permissive=0
05-29 03:20:51.988  2003  2003 I ndroid.calenda: The ClassLoaderContext is a special shared library.
05-29 03:20:51.999   278  2025 W resolv  : Validating DnsTlsServer on netId 101
05-29 03:20:51.999   505   537 I GnssNetworkConnectivityHandler: updateNetworkState, state=CLOSED, connected=true, network=101, capabilities=[ Transports: WIFI Capabilities: NOT_METERED&INTERNET&NOT_RESTRICTED&TRUSTED&NOT_VPN&VALIDATED&NOT_ROAMING&FOREGROUND&NOT_CONGESTED&NOT_SUSPENDED LinkUpBandwidth>=141000Kbps LinkDnBandwidth>=141000Kbps SignalStrength: -30 OwnerUid: 1000 AdministratorUids: [] SSID: "AndroidWifi" RequestorUid: -1 RequestorPackageName: null], apn: , availableNetworkCount: 2
05-29 03:20:52.000   278  2025 W resolv  : SSL_connect ssl error =5, mark 0xf0065: Connection refused
05-29 03:20:52.000   278  2025 W resolv  : Validation failed
05-29 03:20:52.002   505   652 W LastMileLogger: Failed to stop event tracing: /sys/kernel/debug/tracing/instances/wifi/tracing_on: open failed: ENOENT (No such file or directory)
05-29 03:20:52.006   278   386 E Netd    : Error adding route ::/0 -> fe80::2 wlan0 to table 1015: File exists
05-29 03:20:52.011   708   708 W View    : requestLayout() improperly called by com.android.keyguard.AlphaOptimizedLinearLayout{82b4a2e V.E...... ......ID 3,0-18,22 #7f0a04db app:id/wifi_group} during layout: running second layout pass
05-29 03:20:52.023   708   708 W View    : requestLayout() improperly called by com.android.keyguard.AlphaOptimizedLinearLayout{89cc9cf V.E...... ......ID 3,0-18,22 #7f0a04db app:id/wifi_group} during layout: running second layout pass
05-29 03:20:52.023   708   708 W View    : requestLayout() improperly called by com.android.keyguard.AlphaOptimizedLinearLayout{5592f5c V.E...... ......ID 3,0-18,22 #7f0a04db app:id/wifi_group} during layout: running second layout pass
05-29 03:20:52.047   505  1110 I ActivityManager: Killing 1040:com.android.settings:CryptKeeper/1000 (adj 985): empty #17
05-29 03:20:52.054   279   279 I Zygote  : Process 1040 exited due to signal 9 (Killed)
05-29 03:20:52.054   505   547 I ActivityManager: Start proc 2030:com.android.camera2/u0a111 for broadcast {com.android.camera2/com.android.camera.SetActivitiesCameraReceiver}
05-29 03:20:52.062  2030  2030 W android.camera: Unexpected CPU variant for X86 using defaults: x86_64
05-29 03:20:52.066   392   402 I adbd    : jdwp connection from 2030
05-29 03:20:52.077  1022  1053 I m.android.phon: JIT allocated 75KB for compiled code of boolean com.android.internal.telephony.ITelephony$Stub.onTransact(int, android.os.Parcel, android.os.Parcel, int)
05-29 03:20:52.078  1022  1053 I m.android.phon: Compiler allocated 4900KB to compile boolean com.android.internal.telephony.ITelephony$Stub.onTransact(int, android.os.Parcel, android.os.Parcel, int)
05-29 03:20:52.090   505   548 I libprocessgroup: Successfully killed process cgroup uid 1000 pid 1040 in 43ms
05-29 03:20:52.125  2030  2030 I android.camera: The ClassLoaderContext is a special shared library.
05-29 03:20:52.127  2030  2030 I android.camera: The ClassLoaderContext is a special shared library.
05-29 03:20:52.160  2030  2030 W CAM_Log : Tag SetActivitiesCameraReceiver is 8 chars longer than limit.
05-29 03:20:52.161   418  1686 W ServiceManager: Permission failure: android.permission.SYSTEM_CAMERA from uid=10111 pid=2030
05-29 03:20:52.161  2030  2030 I CAM_SetActivitiesCamera: number of camera: 1
05-29 03:20:52.161  2030  2030 I CAM_SetActivitiesCamera: component state is 1
05-29 03:20:52.171   505   535 I ActivityManager: Killing 1233:com.android.deskclock/u0a109 (adj 985): empty #17
05-29 03:20:52.173   505   547 I ActivityManager: Start proc 2056:com.android.contacts/u0a98 for broadcast {com.android.contacts/com.android.contacts.interactions.OnBootOrUpgradeReceiver}
05-29 03:20:52.183   279   279 I Zygote  : Process 1233 exited due to signal 9 (Killed)
05-29 03:20:52.185  2056  2056 W ndroid.contact: Unexpected CPU variant for X86 using defaults: x86_64
05-29 03:20:52.195   392   402 I adbd    : jdwp connection from 2056
05-29 03:20:52.204  2056  2056 I ndroid.contact: The ClassLoaderContext is a special shared library.
05-29 03:20:52.215   505   548 I libprocessgroup: Successfully killed process cgroup uid 10109 pid 1233 in 43ms
05-29 03:20:52.216   505  1110 I ActivityManager: Killing 1563:com.android.documentsui/u0a76 (adj 985): empty #17
05-29 03:20:52.224   279   279 I Zygote  : Process 1563 exited due to signal 9 (Killed)
05-29 03:20:52.225   505   547 I ActivityManager: Start proc 2079:com.android.deskclock/u0a109 for broadcast {com.android.deskclock/com.android.deskclock.AlarmInitReceiver}
05-29 03:20:52.228  2079  2079 W droid.deskcloc: Unexpected CPU variant for X86 using defaults: x86_64
05-29 03:20:52.230   392   402 I adbd    : jdwp connection from 2079
05-29 03:20:52.252  2079  2079 I droid.deskcloc: The ClassLoaderContext is a special shared library.
05-29 03:20:52.256  2079  2079 I droid.deskcloc: The ClassLoaderContext is a special shared library.
05-29 03:20:52.262   505   548 I libprocessgroup: Successfully killed process cgroup uid 10076 pid 1563 in 45ms
05-29 03:20:52.267  2079  2079 I AlarmClock: AlarmInitReceiver android.intent.action.BOOT_COMPLETED
05-29 03:20:52.275  2079  2102 I AlarmClock: Fixing alarm instances
05-29 03:20:52.281   505  1678 I ActivityManager: Killing 1498:com.android.carrierconfig/u0a114 (adj 985): empty #17
05-29 03:20:52.284  1528  1528 I Dialer  : VvmOmtpService - onBoot
05-29 03:20:52.285   279   279 I Zygote  : Process 1498 exited due to signal 9 (Killed)
05-29 03:20:52.296   505   547 I ActivityManager: Start proc 2103:com.android.dynsystem/1000 for broadcast {com.android.dynsystem/com.android.dynsystem.BootCompletedReceiver}
05-29 03:20:52.299  2103  2103 W droid.dynsyste: Unexpected CPU variant for X86 using defaults: x86_64
05-29 03:20:52.302   392   402 I adbd    : jdwp connection from 2103
05-29 03:20:52.326   505   548 I libprocessgroup: Successfully killed process cgroup uid 10114 pid 1498 in 44ms
