05-29 03:22:08.264  7669  7669 W app_process: type=1400 audit(0.0:152): avc: denied { read } for name="u:object_r:device_config_runtime_native_boot_prop:s0" dev="tmpfs" ino=8389 scontext=u:r:shell:s0 tcontext=u:object_r:device_config_runtime_native_boot_prop:s0 tclass=file permissive=0
05-29 03:22:08.319  7669  7669 W app_process: Unexpected CPU variant for X86 using defaults: x86_64
05-29 03:22:08.319  7669  7669 I app_process: The ClassLoaderContext is a special shared library.
05-29 03:22:08.264  7669  7669 W app_process: type=1400 audit(0.0:153): avc: denied { read } for name="u:object_r:device_config_runtime_native_boot_prop:s0" dev="tmpfs" ino=8389 scontext=u:r:shell:s0 tcontext=u:object_r:device_config_runtime_native_boot_prop:s0 tclass=file permissive=0
05-29 03:22:08.327  7669  7669 W app_process: JNI RegisterNativeMethods: attempt to register 0 native methods for android.media.AudioAttributes
05-29 03:22:10.340   160   160 I hwservicemanager: getTransport: Cannot find entry android.hardware.graphics.mapper@4.0::IMapper/default in either framework or device manifest.
05-29 03:22:10.340  7698  7698 I Gralloc4: mapper 4.x is not supported
05-29 03:22:10.386  7704  7706 I cmd     : oneway function results will be dropped but finished with status OK and parcel size 4
05-29 03:22:10.407  1406  1557 I MediaProvider: Deleted 1 items on external_primary due to com.android.shell
05-29 03:22:10.433  7715  7717 I cmd     : oneway function results will be dropped but finished with status OK and parcel size 4
05-29 03:22:10.553   160   160 I hwservicemanager: getTransport: Cannot find entry android.hardware.graphics.mapper@4.0::IMapper/default in either framework or device manifest.
05-29 03:22:10.554  7737  7737 I Gralloc4: mapper 4.x is not supported
05-29 03:22:10.600  7741  7743 I cmd     : oneway function results will be dropped but finished with status OK and parcel size 4
05-29 03:22:10.663  1406  2501 I MediaProvider: Deleted 1 items on external_primary due to com.android.shell
05-29 03:22:10.688  7752  7754 I cmd     : oneway function results will be dropped but finished with status OK and parcel size 4
05-29 03:22:10.804   160   160 I hwservicemanager: getTransport: Cannot find entry android.hardware.graphics.mapper@4.0::IMapper/default in either framework or device manifest.
05-29 03:22:10.805  7774  7774 I Gralloc4: mapper 4.x is not supported
05-29 03:22:10.912  1406  1558 I MediaProvider: Deleted 1 items on external_primary due to com.android.shell
05-29 03:22:10.937  7789  7791 I cmd     : oneway function results will be dropped but finished with status OK and parcel size 4
05-29 03:22:10.985  7804  7806 I cmd     : oneway function results will be dropped but finished with status OK and parcel size 4
05-29 03:22:11.033  7819  7821 I cmd     : oneway function results will be dropped but finished with status OK and parcel size 4
05-29 03:22:11.081  7834  7836 I cmd     : oneway function results will be dropped but finished with status OK and parcel size 4
05-29 03:22:11.158  7846  7846 E libc    : Access denied finding property "persist.device_config.runtime_native_boot.profilebootclasspath"
05-29 03:22:11.158  7846  7846 E libc    : Access denied finding property "persist.device_config.runtime_native_boot.enable_apex_image"
05-29 03:22:11.158  7846  7846 I AndroidRuntime: Using default boot image
05-29 03:22:11.158  7846  7846 E libc    : Access denied finding property "persist.device_config.runtime_native_boot.disable_lock_profiling"
05-29 03:22:11.158  7846  7846 I AndroidRuntime: Leaving lock profiling enabled
05-29 03:22:11.158  7846  7846 E libc    : Access denied finding property "persist.device_config.runtime_native_boot.enable_generational_cc"
05-29 03:22:11.160  7846  7846 I app_process: Core platform API reporting enabled, enforcing=false
05-29 03:22:11.152  7846  7846 W app_process: type=1400 audit(0.0:154): avc: denied { read } for name="u:object_r:device_config_runtime_native_boot_prop:s0" dev="tmpfs" ino=8389 scontext=u:r:shell:s0 tcontext=u:object_r:device_config_runtime_native_boot_prop:s0 tclass=file permissive=0
05-29 03:22:11.156  7846  7846 W app_process: type=1400 audit(0.0:157): avc: denied { read } for name="u:object_r:device_config_runtime_native_boot_prop:s0" dev="tmpfs" ino=8389 scontext=u:r:shell:s0 tcontext=u:object_r:device_config_runtime_native_boot_prop:s0 tclass=file permissive=0
05-29 03:22:11.202  7846  7846 W app_process: Unexpected CPU variant for X86 using defaults: x86_64
05-29 03:22:11.202  7846  7846 I app_process: The ClassLoaderContext is a special shared library.
05-29 03:22:11.209  7846  7846 W app_process: JNI RegisterNativeMethods: attempt to register 0 native methods for android.media.AudioAttributes
05-29 03:22:11.891  1406  1957 E SQLiteDatabase: Error inserting format=12289 owner_package_name=null parent=-1 volume_name=internal date_modified=1683213674 _display_name=media _data=/product/media is_download=0 relative_path=null
05-29 03:22:11.891  1406  1957 E SQLiteDatabase: android.database.sqlite.SQLiteDatabaseLockedException: database is locked (code 5 SQLITE_BUSY)
05-29 03:22:11.891  1406  1957 E SQLiteDatabase: 	at android.database.sqlite.SQLiteConnection.nativeExecuteForLastInsertedRowId(Native Method)
05-29 03:22:11.891  1406  1957 E SQLiteDatabase: 	at android.database.sqlite.SQLiteConnection.executeForLastInsertedRowId(SQLiteConnection.java:938)
05-29 03:22:11.891  1406  1957 E SQLiteDatabase: 	at android.database.sqlite.SQLiteSession.executeForLastInsertedRowId(SQLiteSession.java:790)
05-29 03:22:11.891  1406  1957 E SQLiteDatabase: 	at android.database.sqlite.SQLiteStatement.executeInsert(SQLiteStatement.java:88)
05-29 03:22:11.891  1406  1957 E SQLiteDatabase: 	at android.database.sqlite.SQLiteDatabase.insertWithOnConflict(SQLiteDatabase.java:1701)
05-29 03:22:11.891  1406  1957 E SQLiteDatabase: 	at android.database.sqlite.SQLiteDatabase.insert(SQLiteDatabase.java:1570)
05-29 03:22:11.891  1406  1957 E SQLiteDatabase: 	at com.android.providers.media.MediaProvider.insertDirectory(MediaProvider.java:2773)
05-29 03:22:11.891  1406  1957 E SQLiteDatabase: 	at com.android.providers.media.MediaProvider.getParent(MediaProvider.java:2794)
05-29 03:22:11.891  1406  1957 E SQLiteDatabase: 	at com.android.providers.media.MediaProvider.insertDirectory(MediaProvider.java:2763)
05-29 03:22:11.891  1406  1957 E SQLiteDatabase: 	at com.android.providers.media.MediaProvider.getParent(MediaProvider.java:2794)
05-29 03:22:11.891  1406  1957 E SQLiteDatabase: 	at com.android.providers.media.MediaProvider.insertDirectory(MediaProvider.java:2763)
05-29 03:22:11.891  1406  1957 E SQLiteDatabase: 	at com.android.providers.media.MediaProvider.getParent(MediaProvider.java:2794)
05-29 03:22:11.891  1406  1957 E SQLiteDatabase: 	at com.android.providers.media.MediaProvider.lambda$insertAllowingUpsert$14(MediaProvider.java:3060)
05-29 03:22:11.891  1406  1957 E SQLiteDatabase: 	at com.android.providers.media.MediaProvider.lambda$insertAllowingUpsert$14$MediaProvider(Unknown Source:0)
05-29 03:22:11.891  1406  1957 E SQLiteDatabase: 	at com.android.providers.media.-$$Lambda$MediaProvider$FjHWs2-fjgG761OzVFzdTX4EWZg.apply(Unknown Source:13)
05-29 03:22:11.891  1406  1957 E SQLiteDatabase: 	at com.android.providers.media.DatabaseHelper.runWithTransaction(DatabaseHelper.java:555)
05-29 03:22:11.891  1406  1957 E SQLiteDatabase: 	at com.android.providers.media.MediaProvider.insertAllowingUpsert(MediaProvider.java:3056)
05-29 03:22:11.891  1406  1957 E SQLiteDatabase: 	at com.android.providers.media.MediaProvider.insertFile(MediaProvider.java:3038)
05-29 03:22:11.891  1406  1957 E SQLiteDatabase: 	at com.android.providers.media.MediaProvider.insertInternal(MediaProvider.java:3470)
05-29 03:22:11.891  1406  1957 E SQLiteDatabase: 	at com.android.providers.media.MediaProvider.insert(MediaProvider.java:3198)
05-29 03:22:11.891  1406  1957 E SQLiteDatabase: 	at android.content.ContentProviderOperation.applyInternal(ContentProviderOperation.java:375)
05-29 03:22:11.891  1406  1957 E SQLiteDatabase: 	at android.content.ContentProviderOperation.apply(ContentProviderOperation.java:347)
05-29 03:22:11.891  1406  1957 E SQLiteDatabase: 	at android.content.ContentProvider.applyBatch(ContentProvider.java:2422)
05-29 03:22:11.891  1406  1957 E SQLiteDatabase: 	at com.android.providers.media.MediaProvider.applyBatch(MediaProvider.java:3522)
05-29 03:22:11.891  1406  1957 E SQLiteDatabase: 	at android.content.ContentProvider.applyBatch(ContentProvider.java:2413)
05-29 03:22:11.891  1406  1957 E SQLiteDatabase: 	at android.content.ContentResolver.applyBatch(ContentResolver.java:2186)
05-29 03:22:11.891  1406  1957 E SQLiteDatabase: 	at com.android.providers.media.scan.ModernMediaScanner$Scan.applyPending(ModernMediaScanner.java:699)
05-29 03:22:11.891  1406  1957 E SQLiteDatabase: 	at com.android.providers.media.scan.ModernMediaScanner$Scan.maybeApplyPending(ModernMediaScanner.java:689)
05-29 03:22:11.891  1406  1957 E SQLiteDatabase: 	at com.android.providers.media.scan.ModernMediaScanner$Scan.visitFile(ModernMediaScanner.java:649)
05-29 03:22:11.891  1406  1957 E SQLiteDatabase: 	at com.android.providers.media.scan.ModernMediaScanner$Scan.visitFile(ModernMediaScanner.java:272)
05-29 03:22:11.891  1406  1957 E SQLiteDatabase: 	at java.nio.file.Files.walkFileTree(Files.java:2670)
05-29 03:22:11.891  1406  1957 E SQLiteDatabase: 	at java.nio.file.Files.walkFileTree(Files.java:2742)
05-29 03:22:11.891  1406  1957 E SQLiteDatabase: 	at com.android.providers.media.scan.ModernMediaScanner$Scan.walkFileTree(ModernMediaScanner.java:366)
05-29 03:22:11.891  1406  1957 E SQLiteDatabase: 	at com.android.providers.media.scan.ModernMediaScanner$Scan.run(ModernMediaScanner.java:329)
05-29 03:22:11.891  1406  1957 E SQLiteDatabase: 	at com.android.providers.media.scan.ModernMediaScanner.scanDirectory(ModernMediaScanner.java:226)
05-29 03:22:11.891  1406  1957 E SQLiteDatabase: 	at com.android.providers.media.MediaProvider.scanDirectory(MediaProvider.java:1111)
05-29 03:22:11.891  1406  1957 E SQLiteDatabase: 	at com.android.providers.media.MediaService.onScanVolume(MediaService.java:148)
05-29 03:22:11.891  1406  1957 E SQLiteDatabase: 	at com.android.providers.media.MediaService.onScanVolume(MediaService.java:117)
05-29 03:22:11.891  1406  1957 E SQLiteDatabase: 	at com.android.providers.media.MediaService.onScanVolume(MediaService.java:108)
05-29 03:22:11.891  1406  1957 E SQLiteDatabase: 	at com.android.providers.media.MediaService.onHandleWork(MediaService.java:71)
05-29 03:22:11.891  1406  1957 E SQLiteDatabase: 	at androidx.core.app.JobIntentService$CommandProcessor.doInBackground(JobIntentService.java:391)
05-29 03:22:11.891  1406  1957 E SQLiteDatabase: 	at androidx.core.app.JobIntentService$CommandProcessor.doInBackground(JobIntentService.java:382)
05-29 03:22:11.891  1406  1957 E SQLiteDatabase: 	at android.os.AsyncTask$3.call(AsyncTask.java:394)
05-29 03:22:11.891  1406  1957 E SQLiteDatabase: 	at java.util.concurrent.FutureTask.run(FutureTask.java:266)
05-29 03:22:11.891  1406  1957 E SQLiteDatabase: 	at java.util.concurrent.ThreadPoolExecutor.runWorker(ThreadPoolExecutor.java:1167)
05-29 03:22:11.891  1406  1957 E SQLiteDatabase: 	at java.util.concurrent.ThreadPoolExecutor$Worker.run(ThreadPoolExecutor.java:641)
05-29 03:22:11.891  1406  1957 E SQLiteDatabase: 	at java.lang.Thread.run(Thread.java:923)
05-29 03:22:13.218   160   160 I hwservicemanager: getTransport: Cannot find entry android.hardware.graphics.mapper@4.0::IMapper/default in either framework or device manifest.
05-29 03:22:13.219  7875  7875 I Gralloc4: mapper 4.x is not supported
05-29 03:22:13.284  1406  1557 I MediaProvider: Deleted 1 items on external_primary due to com.android.shell
05-29 03:22:13.311  7890  7892 I cmd     : oneway function results will be dropped but finished with status OK and parcel size 4
05-29 03:22:13.449   160   160 I hwservicemanager: getTransport: Cannot find entry android.hardware.graphics.mapper@4.0::IMapper/default in either framework or device manifest.
05-29 03:22:13.449  7912  7912 I Gralloc4: mapper 4.x is not supported
05-29 03:22:13.494  7918  7920 I cmd     : oneway function results will be dropped but finished with status OK and parcel size 4
05-29 03:22:13.556  1406  1557 I MediaProvider: Deleted 1 items on external_primary due to com.android.shell
05-29 03:22:13.581  7929  7931 I cmd     : oneway function results will be dropped but finished with status OK and parcel size 4
05-29 03:22:13.698   160   160 I hwservicemanager: getTransport: Cannot find entry android.hardware.graphics.mapper@4.0::IMapper/default in either framework or device manifest.
05-29 03:22:13.698  7951  7951 I Gralloc4: mapper 4.x is not supported
05-29 03:22:13.741  7955  7957 I cmd     : oneway function results will be dropped but finished with status OK and parcel size 4
05-29 03:22:13.762  1406  1557 I MediaProvider: Deleted 1 items on external_primary due to com.android.shell
05-29 03:22:13.837  7981  7983 I cmd     : oneway function results will be dropped but finished with status OK and parcel size 4
05-29 03:22:13.886  7996  7998 I cmd     : oneway function results will be dropped but finished with status OK and parcel size 4
05-29 03:22:13.933  8011  8013 I cmd     : oneway function results will be dropped but finished with status OK and parcel size 4
05-29 03:22:14.010  8023  8023 E libc    : Access denied finding property "persist.device_config.runtime_native_boot.profilebootclasspath"
05-29 03:22:14.011  8023  8023 E libc    : Access denied finding property "persist.device_config.runtime_native_boot.enable_apex_image"
05-29 03:22:14.011  8023  8023 I AndroidRuntime: Using default boot image
05-29 03:22:14.011  8023  8023 E libc    : Access denied finding property "persist.device_config.runtime_native_boot.disable_lock_profiling"
05-29 03:22:14.011  8023  8023 I AndroidRuntime: Leaving lock profiling enabled
05-29 03:22:14.011  8023  8023 E libc    : Access denied finding property "persist.device_config.runtime_native_boot.enable_generational_cc"
05-29 03:22:14.012  8023  8023 I app_process: Core platform API reporting enabled, enforcing=false
05-29 03:22:14.008  8023  8023 W app_process: type=1400 audit(0.0:158): avc: denied { read } for name="u:object_r:device_config_runtime_native_boot_prop:s0" dev="tmpfs" ino=8389 scontext=u:r:shell:s0 tcontext=u:object_r:device_config_runtime_native_boot_prop:s0 tclass=file permissive=0
05-29 03:22:14.055  8023  8023 W app_process: Unexpected CPU variant for X86 using defaults: x86_64
05-29 03:22:14.055  8023  8023 I app_process: The ClassLoaderContext is a special shared library.
05-29 03:22:14.061  8023  8023 W app_process: JNI RegisterNativeMethods: attempt to register 0 native methods for android.media.AudioAttributes
05-29 03:22:15.294  1406  1957 E SQLiteDatabase: Error inserting format=12289 owner_package_name=null parent=-1 volume_name=internal date_modified=1683213674 _display_name=audio _data=/product/media/audio is_download=0 relative_path=null
05-29 03:22:15.294  1406  1957 E SQLiteDatabase: android.database.sqlite.SQLiteDatabaseLockedException: database is locked (code 5 SQLITE_BUSY)
05-29 03:22:15.294  1406  1957 E SQLiteDatabase: 	at android.database.sqlite.SQLiteConnection.nativeExecuteForLastInsertedRowId(Native Method)
05-29 03:22:15.294  1406  1957 E SQLiteDatabase: 	at android.database.sqlite.SQLiteConnection.executeForLastInsertedRowId(SQLiteConnection.java:938)
05-29 03:22:15.294  1406  1957 E SQLiteDatabase: 	at android.database.sqlite.SQLiteSession.executeForLastInsertedRowId(SQLiteSession.java:790)
05-29 03:22:15.294  1406  1957 E SQLiteDatabase: 	at android.database.sqlite.SQLiteStatement.executeInsert(SQLiteStatement.java:88)
05-29 03:22:15.294  1406  1957 E SQLiteDatabase: 	at android.database.sqlite.SQLiteDatabase.insertWithOnConflict(SQLiteDatabase.java:1701)
05-29 03:22:15.294  1406  1957 E SQLiteDatabase: 	at android.database.sqlite.SQLiteDatabase.insert(SQLiteDatabase.java:1570)
05-29 03:22:15.294  1406  1957 E SQLiteDatabase: 	at com.android.providers.media.MediaProvider.insertDirectory(MediaProvider.java:2773)
05-29 03:22:15.294  1406  1957 E SQLiteDatabase: 	at com.android.providers.media.MediaProvider.getParent(MediaProvider.java:2794)
05-29 03:22:15.294  1406  1957 E SQLiteDatabase: 	at com.android.providers.media.MediaProvider.insertDirectory(MediaProvider.java:2763)
05-29 03:22:15.294  1406  1957 E SQLiteDatabase: 	at com.android.providers.media.MediaProvider.getParent(MediaProvider.java:2794)
05-29 03:22:15.294  1406  1957 E SQLiteDatabase: 	at com.android.providers.media.MediaProvider.lambda$insertAllowingUpsert$14(MediaProvider.java:3060)
05-29 03:22:15.294  1406  1957 E SQLiteDatabase: 	at com.android.providers.media.MediaProvider.lambda$insertAllowingUpsert$14$MediaProvider(Unknown Source:0)
05-29 03:22:15.294  1406  1957 E SQLiteDatabase: 	at com.android.providers.media.-$$Lambda$MediaProvider$FjHWs2-fjgG761OzVFzdTX4EWZg.apply(Unknown Source:13)
05-29 03:22:15.294  1406  1957 E SQLiteDatabase: 	at com.android.providers.media.DatabaseHelper.runWithTransaction(DatabaseHelper.java:555)
05-29 03:22:15.294  1406  1957 E SQLiteDatabase: 	at com.android.providers.media.MediaProvider.insertAllowingUpsert(MediaProvider.java:3056)
05-29 03:22:15.294  1406  1957 E SQLiteDatabase: 	at com.android.providers.media.MediaProvider.insertFile(MediaProvider.java:3038)
05-29 03:22:15.294  1406  1957 E SQLiteDatabase: 	at com.android.providers.media.MediaProvider.insertInternal(MediaProvider.java:3470)
05-29 03:22:15.294  1406  1957 E SQLiteDatabase: 	at com.android.providers.media.MediaProvider.insert(MediaProvider.java:3198)
05-29 03:22:15.294  1406  1957 E SQLiteDatabase: 	at android.content.ContentProviderOperation.applyInternal(ContentProviderOperation.java:375)
05-29 03:22:15.294  1406  1957 E SQLiteDatabase: 	at android.content.ContentProviderOperation.apply(ContentProviderOperation.java:347)
05-29 03:22:15.294  1406  1957 E SQLiteDatabase: 	at android.content.ContentProvider.applyBatch(ContentProvider.java:2422)
05-29 03:22:15.294  1406  1957 E SQLiteDatabase: 	at com.android.providers.media.MediaProvider.applyBatch(MediaProvider.java:3522)
05-29 03:22:15.294  1406  1957 E SQLiteDatabase: 	at android.content.ContentProvider.applyBatch(ContentProvider.java:2413)
05-29 03:22:15.294  1406  1957 E SQLiteDatabase: 	at android.content.ContentResolver.applyBatch(ContentResolver.java:2186)
05-29 03:22:15.294  1406  1957 E SQLiteDatabase: 	at com.android.providers.media.scan.ModernMediaScanner$Scan.applyPending(ModernMediaScanner.java:699)
05-29 03:22:15.294  1406  1957 E SQLiteDatabase: 	at com.android.providers.media.scan.ModernMediaScanner$Scan.maybeApplyPending(ModernMediaScanner.java:689)
05-29 03:22:15.294  1406  1957 E SQLiteDatabase: 	at com.android.providers.media.scan.ModernMediaScanner$Scan.visitFile(ModernMediaScanner.java:649)
05-29 03:22:15.294  1406  1957 E SQLiteDatabase: 	at com.android.providers.media.scan.ModernMediaScanner$Scan.visitFile(ModernMediaScanner.java:272)
05-29 03:22:15.294  1406  1957 E SQLiteDatabase: 	at java.nio.file.Files.walkFileTree(Files.java:2670)
05-29 03:22:15.294  1406  1957 E SQLiteDatabase: 	at java.nio.file.Files.walkFileTree(Files.java:2742)
05-29 03:22:15.294  1406  1957 E SQLiteDatabase: 	at com.android.providers.media.scan.ModernMediaScanner$Scan.walkFileTree(ModernMediaScanner.java:366)
05-29 03:22:15.294  1406  1957 E SQLiteDatabase: 	at com.android.providers.media.scan.ModernMediaScanner$Scan.run(ModernMediaScanner.java:329)
05-29 03:22:15.294  1406  1957 E SQLiteDatabase: 	at com.android.providers.media.scan.ModernMediaScanner.scanDirectory(ModernMediaScanner.java:226)
05-29 03:22:15.294  1406  1957 E SQLiteDatabase: 	at com.android.providers.media.MediaProvider.scanDirectory(MediaProvider.java:1111)
05-29 03:22:15.294  1406  1957 E SQLiteDatabase: 	at com.android.providers.media.MediaService.onScanVolume(MediaService.java:148)
05-29 03:22:15.294  1406  1957 E SQLiteDatabase: 	at com.android.providers.media.MediaService.onScanVolume(MediaService.java:117)
05-29 03:22:15.294  1406  1957 E SQLiteDatabase: 	at com.android.providers.media.MediaService.onScanVolume(MediaService.java:108)
05-29 03:22:15.294  1406  1957 E SQLiteDatabase: 	at com.android.providers.media.MediaService.onHandleWork(MediaService.java:71)
05-29 03:22:15.294  1406  1957 E SQLiteDatabase: 	at androidx.core.app.JobIntentService$CommandProcessor.doInBackground(JobIntentService.java:391)
05-29 03:22:15.294  1406  1957 E SQLiteDatabase: 	at androidx.core.app.JobIntentService$CommandProcessor.doInBackground(JobIntentService.java:382)
05-29 03:22:15.294  1406  1957 E SQLiteDatabase: 	at android.os.AsyncTask$3.call(AsyncTask.java:394)
05-29 03:22:15.294  1406  1957 E SQLiteDatabase: 	at java.util.concurrent.FutureTask.run(FutureTask.java:266)
05-29 03:22:15.294  1406  1957 E SQLiteDatabase: 	at java.util.concurrent.ThreadPoolExecutor.runWorker(ThreadPoolExecutor.java:1167)
05-29 03:22:15.294  1406  1957 E SQLiteDatabase: 	at java.util.concurrent.ThreadPoolExecutor$Worker.run(ThreadPoolExecutor.java:641)
05-29 03:22:15.294  1406  1957 E SQLiteDatabase: 	at java.lang.Thread.run(Thread.java:923)
05-29 03:22:16.070   160   160 I hwservicemanager: getTransport: Cannot find entry android.hardware.graphics.mapper@4.0::IMapper/default in either framework or device manifest.
05-29 03:22:16.070  8052  8052 I Gralloc4: mapper 4.x is not supported
05-29 03:22:16.178  1406  2501 I MediaProvider: Deleted 1 items on external_primary due to com.android.shell
05-29 03:22:16.203  8067  8069 I cmd     : oneway function results will be dropped but finished with status OK and parcel size 4
05-29 03:22:16.325   160   160 I hwservicemanager: getTransport: Cannot find entry android.hardware.graphics.mapper@4.0::IMapper/default in either framework or device manifest.
05-29 03:22:16.325  8089  8089 I Gralloc4: mapper 4.x is not supported
05-29 03:22:16.368  8093  8095 I cmd     : oneway function results will be dropped but finished with status OK and parcel size 4
05-29 03:22:16.431  1406  1558 I MediaProvider: Deleted 1 items on external_primary due to com.android.shell
05-29 03:22:16.456  8104  8106 I cmd     : oneway function results will be dropped but finished with status OK and parcel size 4
05-29 03:22:16.575   160   160 I hwservicemanager: getTransport: Cannot find entry android.hardware.graphics.mapper@4.0::IMapper/default in either framework or device manifest.
05-29 03:22:16.575  8126  8126 I Gralloc4: mapper 4.x is not supported
05-29 03:22:16.634  8132  8134 I cmd     : oneway function results will be dropped but finished with status OK and parcel size 4
05-29 03:22:16.655  1406  1557 I MediaProvider: Deleted 1 items on external_primary due to com.android.shell
05-29 03:22:16.680  8143  8145 I cmd     : oneway function results will be dropped but finished with status OK and parcel size 4
05-29 03:22:16.729  8158  8160 I cmd     : oneway function results will be dropped but finished with status OK and parcel size 4
05-29 03:22:16.778  8173  8175 I cmd     : oneway function results will be dropped but finished with status OK and parcel size 4
05-29 03:22:16.903  8200  8200 E libc    : Access denied finding property "persist.device_config.runtime_native_boot.profilebootclasspath"
05-29 03:22:16.903  8200  8200 E libc    : Access denied finding property "persist.device_config.runtime_native_boot.enable_apex_image"
05-29 03:22:16.903  8200  8200 I AndroidRuntime: Using default boot image
05-29 03:22:16.903  8200  8200 E libc    : Access denied finding property "persist.device_config.runtime_native_boot.disable_lock_profiling"
05-29 03:22:16.903  8200  8200 I AndroidRuntime: Leaving lock profiling enabled
05-29 03:22:16.904  8200  8200 E libc    : Access denied finding property "persist.device_config.runtime_native_boot.enable_generational_cc"
05-29 03:22:16.905  8200  8200 I app_process: Core platform API reporting enabled, enforcing=false
05-29 03:22:16.900  8200  8200 W app_process: type=1400 audit(0.0:162): avc: denied { read } for name="u:object_r:device_config_runtime_native_boot_prop:s0" dev="tmpfs" ino=8389 scontext=u:r:shell:s0 tcontext=u:object_r:device_config_runtime_native_boot_prop:s0 tclass=file permissive=0
05-29 03:22:16.948  8200  8200 W app_process: Unexpected CPU variant for X86 using defaults: x86_64
05-29 03:22:16.948  8200  8200 I app_process: The ClassLoaderContext is a special shared library.
05-29 03:22:16.955  8200  8200 W app_process: JNI RegisterNativeMethods: attempt to register 0 native methods for android.media.AudioAttributes
05-29 03:22:17.073  2239  2239 E AccessibilityInteractionClient: 3 Disconnected nodes.
05-29 03:22:18.906  1406  1957 E SQLiteDatabase: Error inserting format=12289 owner_package_name=null parent=-1 volume_name=internal date_modified=1683213674 _display_name=ringtones _data=/product/media/audio/ringtones is_download=0 relative_path=null
05-29 03:22:18.906  1406  1957 E SQLiteDatabase: android.database.sqlite.SQLiteDatabaseLockedException: database is locked (code 5 SQLITE_BUSY)
05-29 03:22:18.906  1406  1957 E SQLiteDatabase: 	at android.database.sqlite.SQLiteConnection.nativeExecuteForLastInsertedRowId(Native Method)
05-29 03:22:18.906  1406  1957 E SQLiteDatabase: 	at android.database.sqlite.SQLiteConnection.executeForLastInsertedRowId(SQLiteConnection.java:938)
05-29 03:22:18.906  1406  1957 E SQLiteDatabase: 	at android.database.sqlite.SQLiteSession.executeForLastInsertedRowId(SQLiteSession.java:790)
05-29 03:22:18.906  1406  1957 E SQLiteDatabase: 	at android.database.sqlite.SQLiteStatement.executeInsert(SQLiteStatement.java:88)
05-29 03:22:18.906  1406  1957 E SQLiteDatabase: 	at android.database.sqlite.SQLiteDatabase.insertWithOnConflict(SQLiteDatabase.java:1701)
05-29 03:22:18.906  1406  1957 E SQLiteDatabase: 	at android.database.sqlite.SQLiteDatabase.insert(SQLiteDatabase.java:1570)
05-29 03:22:18.906  1406  1957 E SQLiteDatabase: 	at com.android.providers.media.MediaProvider.insertDirectory(MediaProvider.java:2773)
05-29 03:22:18.906  1406  1957 E SQLiteDatabase: 	at com.android.providers.media.MediaProvider.getParent(MediaProvider.java:2794)
05-29 03:22:18.906  1406  1957 E SQLiteDatabase: 	at com.android.providers.media.MediaProvider.lambda$insertAllowingUpsert$14(MediaProvider.java:3060)
05-29 03:22:18.906  1406  1957 E SQLiteDatabase: 	at com.android.providers.media.MediaProvider.lambda$insertAllowingUpsert$14$MediaProvider(Unknown Source:0)
05-29 03:22:18.906  1406  1957 E SQLiteDatabase: 	at com.android.providers.media.-$$Lambda$MediaProvider$FjHWs2-fjgG761OzVFzdTX4EWZg.apply(Unknown Source:13)
05-29 03:22:18.906  1406  1957 E SQLiteDatabase: 	at com.android.providers.media.DatabaseHelper.runWithTransaction(DatabaseHelper.java:555)
05-29 03:22:18.906  1406  1957 E SQLiteDatabase: 	at com.android.providers.media.MediaProvider.insertAllowingUpsert(MediaProvider.java:3056)
05-29 03:22:18.906  1406  1957 E SQLiteDatabase: 	at com.android.providers.media.MediaProvider.insertFile(MediaProvider.java:3038)
05-29 03:22:18.906  1406  1957 E SQLiteDatabase: 	at com.android.providers.media.MediaProvider.insertInternal(MediaProvider.java:3470)
05-29 03:22:18.906  1406  1957 E SQLiteDatabase: 	at com.android.providers.media.MediaProvider.insert(MediaProvider.java:3198)
05-29 03:22:18.906  1406  1957 E SQLiteDatabase: 	at android.content.ContentProviderOperation.applyInternal(ContentProviderOperation.java:375)
05-29 03:22:18.906  1406  1957 E SQLiteDatabase: 	at android.content.ContentProviderOperation.apply(ContentProviderOperation.java:347)
05-29 03:22:18.906  1406  1957 E SQLiteDatabase: 	at android.content.ContentProvider.applyBatch(ContentProvider.java:2422)
05-29 03:22:18.906  1406  1957 E SQLiteDatabase: 	at com.android.providers.media.MediaProvider.applyBatch(MediaProvider.java:3522)
05-29 03:22:18.906  1406  1957 E SQLiteDatabase: 	at android.content.ContentProvider.applyBatch(ContentProvider.java:2413)
05-29 03:22:18.906  1406  1957 E SQLiteDatabase: 	at android.content.ContentResolver.applyBatch(ContentResolver.java:2186)
05-29 03:22:18.906  1406  1957 E SQLiteDatabase: 	at com.android.providers.media.scan.ModernMediaScanner$Scan.applyPending(ModernMediaScanner.java:699)
05-29 03:22:18.906  1406  1957 E SQLiteDatabase: 	at com.android.providers.media.scan.ModernMediaScanner$Scan.maybeApplyPending(ModernMediaScanner.java:689)
05-29 03:22:18.906  1406  1957 E SQLiteDatabase: 	at com.android.providers.media.scan.ModernMediaScanner$Scan.visitFile(ModernMediaScanner.java:649)
05-29 03:22:18.906  1406  1957 E SQLiteDatabase: 	at com.android.providers.media.scan.ModernMediaScanner$Scan.visitFile(ModernMediaScanner.java:272)
05-29 03:22:18.906  1406  1957 E SQLiteDatabase: 	at java.nio.file.Files.walkFileTree(Files.java:2670)
05-29 03:22:18.906  1406  1957 E SQLiteDatabase: 	at java.nio.file.Files.walkFileTree(Files.java:2742)
05-29 03:22:18.906  1406  1957 E SQLiteDatabase: 	at com.android.providers.media.scan.ModernMediaScanner$Scan.walkFileTree(ModernMediaScanner.java:366)
05-29 03:22:18.906  1406  1957 E SQLiteDatabase: 	at com.android.providers.media.scan.ModernMediaScanner$Scan.run(ModernMediaScanner.java:329)
05-29 03:22:18.906  1406  1957 E SQLiteDatabase: 	at com.android.providers.media.scan.ModernMediaScanner.scanDirectory(ModernMediaScanner.java:226)
05-29 03:22:18.906  1406  1957 E SQLiteDatabase: 	at com.android.providers.media.MediaProvider.scanDirectory(MediaProvider.java:1111)
05-29 03:22:18.906  1406  1957 E SQLiteDatabase: 	at com.android.providers.media.MediaService.onScanVolume(MediaService.java:148)
05-29 03:22:18.906  1406  1957 E SQLiteDatabase: 	at com.android.providers.media.MediaService.onScanVolume(MediaService.java:117)
05-29 03:22:18.906  1406  1957 E SQLiteDatabase: 	at com.android.providers.media.MediaService.onScanVolume(MediaService.java:108)
05-29 03:22:18.906  1406  1957 E SQLiteDatabase: 	at com.android.providers.media.MediaService.onHandleWork(MediaService.java:71)
05-29 03:22:18.906  1406  1957 E SQLiteDatabase: 	at androidx.core.app.JobIntentService$CommandProcessor.doInBackground(JobIntentService.java:391)
05-29 03:22:18.906  1406  1957 E SQLiteDatabase: 	at androidx.core.app.JobIntentService$CommandProcessor.doInBackground(JobIntentService.java:382)
05-29 03:22:18.906  1406  1957 E SQLiteDatabase: 	at android.os.AsyncTask$3.call(AsyncTask.java:394)
05-29 03:22:18.906  1406  1957 E SQLiteDatabase: 	at java.util.concurrent.FutureTask.run(FutureTask.java:266)
05-29 03:22:18.906  1406  1957 E SQLiteDatabase: 	at java.util.concurrent.ThreadPoolExecutor.runWorker(ThreadPoolExecutor.java:1167)
05-29 03:22:18.906  1406  1957 E SQLiteDatabase: 	at java.util.concurrent.ThreadPoolExecutor$Worker.run(ThreadPoolExecutor.java:641)
05-29 03:22:18.906  1406  1957 E SQLiteDatabase: 	at java.lang.Thread.run(Thread.java:923)
05-29 03:22:18.978   160   160 I hwservicemanager: getTransport: Cannot find entry android.hardware.graphics.mapper@4.0::IMapper/default in either framework or device manifest.
05-29 03:22:18.978  8233  8233 I Gralloc4: mapper 4.x is not supported
05-29 03:22:19.013  8237  8239 I cmd     : oneway function results will be dropped but finished with status OK and parcel size 4
05-29 03:22:19.034  1406  2501 I MediaProvider: Deleted 1 items on external_primary due to com.android.shell
05-29 03:22:19.058  8248  8250 I cmd     : oneway function results will be dropped but finished with status OK and parcel size 4
05-29 03:22:19.180   160   160 I hwservicemanager: getTransport: Cannot find entry android.hardware.graphics.mapper@4.0::IMapper/default in either framework or device manifest.
05-29 03:22:19.180  8270  8270 I Gralloc4: mapper 4.x is not supported
05-29 03:22:19.237  1406  2501 I MediaProvider: Deleted 1 items on external_primary due to com.android.shell
05-29 03:22:19.262  8285  8287 I cmd     : oneway function results will be dropped but finished with status OK and parcel size 4
05-29 03:22:19.381   160   160 I hwservicemanager: getTransport: Cannot find entry android.hardware.graphics.mapper@4.0::IMapper/default in either framework or device manifest.
05-29 03:22:19.381  8307  8307 I Gralloc4: mapper 4.x is not supported
05-29 03:22:19.478  1406  2501 I MediaProvider: Deleted 1 items on external_primary due to com.android.shell
05-29 03:22:19.503  8322  8324 I cmd     : oneway function results will be dropped but finished with status OK and parcel size 4
05-29 03:22:19.552  8337  8339 I cmd     : oneway function results will be dropped but finished with status OK and parcel size 4
05-29 03:22:19.599  8352  8354 I cmd     : oneway function results will be dropped but finished with status OK and parcel size 4
05-29 03:22:19.645  8367  8369 I cmd     : oneway function results will be dropped but finished with status OK and parcel size 4
05-29 03:22:19.741  8381  8381 E libc    : Access denied finding property "persist.device_config.runtime_native_boot.profilebootclasspath"
05-29 03:22:19.741  8381  8381 E libc    : Access denied finding property "persist.device_config.runtime_native_boot.enable_apex_image"
05-29 03:22:19.741  8381  8381 I AndroidRuntime: Using default boot image
05-29 03:22:19.741  8381  8381 E libc    : Access denied finding property "persist.device_config.runtime_native_boot.disable_lock_profiling"
05-29 03:22:19.741  8381  8381 I AndroidRuntime: Leaving lock profiling enabled
05-29 03:22:19.741  8381  8381 E libc    : Access denied finding property "persist.device_config.runtime_native_boot.enable_generational_cc"
05-29 03:22:19.742  8381  8381 I app_process: Core platform API reporting enabled, enforcing=false
05-29 03:22:19.736  8381  8381 W app_process: type=1400 audit(0.0:166): avc: denied { read } for name="u:object_r:device_config_runtime_native_boot_prop:s0" dev="tmpfs" ino=8389 scontext=u:r:shell:s0 tcontext=u:object_r:device_config_runtime_native_boot_prop:s0 tclass=file permissive=0
05-29 03:22:19.782  8381  8381 W app_process: Unexpected CPU variant for X86 using defaults: x86_64
05-29 03:22:19.782  8381  8381 I app_process: The ClassLoaderContext is a special shared library.
05-29 03:22:19.788  8381  8381 W app_process: JNI RegisterNativeMethods: attempt to register 0 native methods for android.media.AudioAttributes
05-29 03:22:20.107  2670  2686 W System  : A resource failed to call release. 
05-29 03:22:20.108  2670  2686 W System  : A resource failed to call close. 
05-29 03:22:20.108  2670  2686 W System  : A resource failed to call dispose. 
05-29 03:22:21.509   160   160 I hwservicemanager: getTransport: Cannot find entry android.hardware.graphics.mapper@4.0::IMapper/default in either framework or device manifest.
05-29 03:22:21.509  8412  8412 I Gralloc4: mapper 4.x is not supported
05-29 03:22:21.576  1406  1558 I MediaProvider: Deleted 1 items on external_primary due to com.android.shell
05-29 03:22:21.602  8427  8429 I cmd     : oneway function results will be dropped but finished with status OK and parcel size 4
05-29 03:22:21.718   160   160 I hwservicemanager: getTransport: Cannot find entry android.hardware.graphics.mapper@4.0::IMapper/default in either framework or device manifest.
05-29 03:22:21.718  8449  8449 I Gralloc4: mapper 4.x is not supported
05-29 03:22:21.839  1406  1557 I MediaProvider: Deleted 1 items on external_primary due to com.android.shell
05-29 03:22:21.864  8466  8468 I cmd     : oneway function results will be dropped but finished with status OK and parcel size 4
05-29 03:22:21.987   160   160 I hwservicemanager: getTransport: Cannot find entry android.hardware.graphics.mapper@4.0::IMapper/default in either framework or device manifest.
05-29 03:22:21.987  8488  8488 I Gralloc4: mapper 4.x is not supported
05-29 03:22:22.055  1406  2501 I MediaProvider: Deleted 1 items on external_primary due to com.android.shell
05-29 03:22:22.081  8503  8505 I cmd     : oneway function results will be dropped but finished with status OK and parcel size 4
05-29 03:22:22.130  8518  8520 I cmd     : oneway function results will be dropped but finished with status OK and parcel size 4
05-29 03:22:22.178  8533  8535 I cmd     : oneway function results will be dropped but finished with status OK and parcel size 4
05-29 03:22:22.225  8548  8550 I cmd     : oneway function results will be dropped but finished with status OK and parcel size 4
05-29 03:22:22.302  8560  8560 E libc    : Access denied finding property "persist.device_config.runtime_native_boot.profilebootclasspath"
05-29 03:22:22.302  8560  8560 E libc    : Access denied finding property "persist.device_config.runtime_native_boot.enable_apex_image"
05-29 03:22:22.302  8560  8560 I AndroidRuntime: Using default boot image
05-29 03:22:22.302  8560  8560 E libc    : Access denied finding property "persist.device_config.runtime_native_boot.disable_lock_profiling"
05-29 03:22:22.302  8560  8560 I AndroidRuntime: Leaving lock profiling enabled
05-29 03:22:22.302  8560  8560 E libc    : Access denied finding property "persist.device_config.runtime_native_boot.enable_generational_cc"
05-29 03:22:22.296  8560  8560 W app_process: type=1400 audit(0.0:170): avc: denied { read } for name="u:object_r:device_config_runtime_native_boot_prop:s0" dev="tmpfs" ino=8389 scontext=u:r:shell:s0 tcontext=u:object_r:device_config_runtime_native_boot_prop:s0 tclass=file permissive=0
05-29 03:22:22.303  8560  8560 I app_process: Core platform API reporting enabled, enforcing=false
05-29 03:22:22.296  8560  8560 W app_process: type=1400 audit(0.0:171): avc: denied { read } for name="u:object_r:device_config_runtime_native_boot_prop:s0" dev="tmpfs" ino=8389 scontext=u:r:shell:s0 tcontext=u:object_r:device_config_runtime_native_boot_prop:s0 tclass=file permissive=0
