05-29 03:21:21.748  1406  1957 E SQLiteDatabase: 	at com.android.providers.media.MediaService.onHandleWork(MediaService.java:71)
05-29 03:21:21.748  1406  1957 E SQLiteDatabase: 	at androidx.core.app.JobIntentService$CommandProcessor.doInBackground(JobIntentService.java:391)
05-29 03:21:21.748  1406  1957 E SQLiteDatabase: 	at androidx.core.app.JobIntentService$CommandProcessor.doInBackground(JobIntentService.java:382)
05-29 03:21:21.748  1406  1957 E SQLiteDatabase: 	at android.os.AsyncTask$3.call(AsyncTask.java:394)
05-29 03:21:21.748  1406  1957 E SQLiteDatabase: 	at java.util.concurrent.FutureTask.run(FutureTask.java:266)
05-29 03:21:21.748  1406  1957 E SQLiteDatabase: 	at java.util.concurrent.ThreadPoolExecutor.runWorker(ThreadPoolExecutor.java:1167)
05-29 03:21:21.748  1406  1957 E SQLiteDatabase: 	at java.util.concurrent.ThreadPoolExecutor$Worker.run(ThreadPoolExecutor.java:641)
05-29 03:21:21.748  1406  1957 E SQLiteDatabase: 	at java.lang.Thread.run(Thread.java:923)
05-29 03:21:22.573   160   160 I hwservicemanager: getTransport: Cannot find entry android.hardware.graphics.mapper@4.0::IMapper/default in either framework or device manifest.
05-29 03:21:22.573  4348  4348 I Gralloc4: mapper 4.x is not supported
05-29 03:21:22.642  1406  2501 I MediaProvider: Deleted 1 items on external_primary due to com.android.shell
05-29 03:21:22.667  4363  4365 I cmd     : oneway function results will be dropped but finished with status OK and parcel size 4
05-29 03:21:22.801   160   160 I hwservicemanager: getTransport: Cannot find entry android.hardware.graphics.mapper@4.0::IMapper/default in either framework or device manifest.
05-29 03:21:22.801  4385  4385 I Gralloc4: mapper 4.x is not supported
05-29 03:21:22.851  4389  4391 I cmd     : oneway function results will be dropped but finished with status OK and parcel size 4
05-29 03:21:22.872  1406  1557 I MediaProvider: Deleted 1 items on external_primary due to com.android.shell
05-29 03:21:22.897  4400  4402 I cmd     : oneway function results will be dropped but finished with status OK and parcel size 4
05-29 03:21:23.037   160   160 I hwservicemanager: getTransport: Cannot find entry android.hardware.graphics.mapper@4.0::IMapper/default in either framework or device manifest.
05-29 03:21:23.037  4424  4424 I Gralloc4: mapper 4.x is not supported
05-29 03:21:23.106  1406  1557 I MediaProvider: Deleted 1 items on external_primary due to com.android.shell
05-29 03:21:23.132  4439  4441 I cmd     : oneway function results will be dropped but finished with status OK and parcel size 4
05-29 03:21:23.179  4454  4456 I cmd     : oneway function results will be dropped but finished with status OK and parcel size 4
05-29 03:21:23.227  4469  4471 I cmd     : oneway function results will be dropped but finished with status OK and parcel size 4
05-29 03:21:23.351  4496  4496 E libc    : Access denied finding property "persist.device_config.runtime_native_boot.profilebootclasspath"
05-29 03:21:23.351  4496  4496 E libc    : Access denied finding property "persist.device_config.runtime_native_boot.enable_apex_image"
05-29 03:21:23.351  4496  4496 I AndroidRuntime: Using default boot image
05-29 03:21:23.351  4496  4496 E libc    : Access denied finding property "persist.device_config.runtime_native_boot.disable_lock_profiling"
05-29 03:21:23.351  4496  4496 I AndroidRuntime: Leaving lock profiling enabled
05-29 03:21:23.351  4496  4496 E libc    : Access denied finding property "persist.device_config.runtime_native_boot.enable_generational_cc"
05-29 03:21:23.352  4496  4496 I app_process: Core platform API reporting enabled, enforcing=false
05-29 03:21:23.348  4496  4496 W app_process: type=1400 audit(0.0:82): avc: denied { read } for name="u:object_r:device_config_runtime_native_boot_prop:s0" dev="tmpfs" ino=8389 scontext=u:r:shell:s0 tcontext=u:object_r:device_config_runtime_native_boot_prop:s0 tclass=file permissive=0
05-29 03:21:23.391  4496  4496 W app_process: Unexpected CPU variant for X86 using defaults: x86_64
05-29 03:21:23.392  4496  4496 I app_process: The ClassLoaderContext is a special shared library.
05-29 03:21:23.398  4496  4496 W app_process: JNI RegisterNativeMethods: attempt to register 0 native methods for android.media.AudioAttributes
05-29 03:21:25.118   160   160 I hwservicemanager: getTransport: Cannot find entry android.hardware.graphics.mapper@4.0::IMapper/default in either framework or device manifest.
05-29 03:21:25.118  4529  4529 I Gralloc4: mapper 4.x is not supported
05-29 03:21:25.173  4533  4535 I cmd     : oneway function results will be dropped but finished with status OK and parcel size 4
05-29 03:21:25.195  1406  2501 I MediaProvider: Deleted 1 items on external_primary due to com.android.shell
05-29 03:21:25.271  1406  1957 E SQLiteDatabase: Error inserting format=12289 owner_package_name=null parent=-1 volume_name=internal date_modified=1683213674 _display_name=audio _data=/product/media/audio is_download=0 relative_path=null
05-29 03:21:25.271  1406  1957 E SQLiteDatabase: android.database.sqlite.SQLiteDatabaseLockedException: database is locked (code 5 SQLITE_BUSY)
05-29 03:21:25.271  1406  1957 E SQLiteDatabase: 	at android.database.sqlite.SQLiteConnection.nativeExecuteForLastInsertedRowId(Native Method)
05-29 03:21:25.271  1406  1957 E SQLiteDatabase: 	at android.database.sqlite.SQLiteConnection.executeForLastInsertedRowId(SQLiteConnection.java:938)
05-29 03:21:25.271  1406  1957 E SQLiteDatabase: 	at android.database.sqlite.SQLiteSession.executeForLastInsertedRowId(SQLiteSession.java:790)
05-29 03:21:25.271  1406  1957 E SQLiteDatabase: 	at android.database.sqlite.SQLiteStatement.executeInsert(SQLiteStatement.java:88)
05-29 03:21:25.271  1406  1957 E SQLiteDatabase: 	at android.database.sqlite.SQLiteDatabase.insertWithOnConflict(SQLiteDatabase.java:1701)
05-29 03:21:25.271  1406  1957 E SQLiteDatabase: 	at android.database.sqlite.SQLiteDatabase.insert(SQLiteDatabase.java:1570)
05-29 03:21:25.271  1406  1957 E SQLiteDatabase: 	at com.android.providers.media.MediaProvider.insertDirectory(MediaProvider.java:2773)
05-29 03:21:25.271  1406  1957 E SQLiteDatabase: 	at com.android.providers.media.MediaProvider.getParent(MediaProvider.java:2794)
05-29 03:21:25.271  1406  1957 E SQLiteDatabase: 	at com.android.providers.media.MediaProvider.lambda$insertAllowingUpsert$14(MediaProvider.java:3060)
05-29 03:21:25.271  1406  1957 E SQLiteDatabase: 	at com.android.providers.media.MediaProvider.lambda$insertAllowingUpsert$14$MediaProvider(Unknown Source:0)
05-29 03:21:25.271  1406  1957 E SQLiteDatabase: 	at com.android.providers.media.-$$Lambda$MediaProvider$FjHWs2-fjgG761OzVFzdTX4EWZg.apply(Unknown Source:13)
05-29 03:21:25.271  1406  1957 E SQLiteDatabase: 	at com.android.providers.media.DatabaseHelper.runWithTransaction(DatabaseHelper.java:555)
05-29 03:21:25.271  1406  1957 E SQLiteDatabase: 	at com.android.providers.media.MediaProvider.insertAllowingUpsert(MediaProvider.java:3056)
05-29 03:21:25.271  1406  1957 E SQLiteDatabase: 	at com.android.providers.media.MediaProvider.insertFile(MediaProvider.java:3038)
05-29 03:21:25.271  1406  1957 E SQLiteDatabase: 	at com.android.providers.media.MediaProvider.insertInternal(MediaProvider.java:3470)
05-29 03:21:25.271  1406  1957 E SQLiteDatabase: 	at com.android.providers.media.MediaProvider.insert(MediaProvider.java:3198)
05-29 03:21:25.271  1406  1957 E SQLiteDatabase: 	at android.content.ContentProviderOperation.applyInternal(ContentProviderOperation.java:375)
05-29 03:21:25.271  1406  1957 E SQLiteDatabase: 	at android.content.ContentProviderOperation.apply(ContentProviderOperation.java:347)
05-29 03:21:25.271  1406  1957 E SQLiteDatabase: 	at android.content.ContentProvider.applyBatch(ContentProvider.java:2422)
05-29 03:21:25.271  1406  1957 E SQLiteDatabase: 	at com.android.providers.media.MediaProvider.applyBatch(MediaProvider.java:3522)
05-29 03:21:25.271  1406  1957 E SQLiteDatabase: 	at android.content.ContentProvider.applyBatch(ContentProvider.java:2413)
05-29 03:21:25.271  1406  1957 E SQLiteDatabase: 	at android.content.ContentResolver.applyBatch(ContentResolver.java:2186)
05-29 03:21:25.271  1406  1957 E SQLiteDatabase: 	at com.android.providers.media.scan.ModernMediaScanner$Scan.applyPending(ModernMediaScanner.java:699)
05-29 03:21:25.271  1406  1957 E SQLiteDatabase: 	at com.android.providers.media.scan.ModernMediaScanner$Scan.maybeApplyPending(ModernMediaScanner.java:689)
05-29 03:21:25.271  1406  1957 E SQLiteDatabase: 	at com.android.providers.media.scan.ModernMediaScanner$Scan.visitFile(ModernMediaScanner.java:649)
05-29 03:21:25.271  1406  1957 E SQLiteDatabase: 	at com.android.providers.media.scan.ModernMediaScanner$Scan.visitFile(ModernMediaScanner.java:272)
05-29 03:21:25.271  1406  1957 E SQLiteDatabase: 	at java.nio.file.Files.walkFileTree(Files.java:2670)
05-29 03:21:25.271  1406  1957 E SQLiteDatabase: 	at java.nio.file.Files.walkFileTree(Files.java:2742)
05-29 03:21:25.271  1406  1957 E SQLiteDatabase: 	at com.android.providers.media.scan.ModernMediaScanner$Scan.walkFileTree(ModernMediaScanner.java:366)
05-29 03:21:25.271  1406  1957 E SQLiteDatabase: 	at com.android.providers.media.scan.ModernMediaScanner$Scan.run(ModernMediaScanner.java:329)
05-29 03:21:25.271  1406  1957 E SQLiteDatabase: 	at com.android.providers.media.scan.ModernMediaScanner.scanDirectory(ModernMediaScanner.java:226)
05-29 03:21:25.271  1406  1957 E SQLiteDatabase: 	at com.android.providers.media.MediaProvider.scanDirectory(MediaProvider.java:1111)
05-29 03:21:25.271  1406  1957 E SQLiteDatabase: 	at com.android.providers.media.MediaService.onScanVolume(MediaService.java:148)
05-29 03:21:25.271  1406  1957 E SQLiteDatabase: 	at com.android.providers.media.MediaService.onScanVolume(MediaService.java:117)
05-29 03:21:25.271  1406  1957 E SQLiteDatabase: 	at com.android.providers.media.MediaService.onScanVolume(MediaService.java:108)
05-29 03:21:25.271  1406  1957 E SQLiteDatabase: 	at com.android.providers.media.MediaService.onHandleWork(MediaService.java:71)
05-29 03:21:25.271  1406  1957 E SQLiteDatabase: 	at androidx.core.app.JobIntentService$CommandProcessor.doInBackground(JobIntentService.java:391)
05-29 03:21:25.271  1406  1957 E SQLiteDatabase: 	at androidx.core.app.JobIntentService$CommandProcessor.doInBackground(JobIntentService.java:382)
05-29 03:21:25.271  1406  1957 E SQLiteDatabase: 	at android.os.AsyncTask$3.call(AsyncTask.java:394)
05-29 03:21:25.271  1406  1957 E SQLiteDatabase: 	at java.util.concurrent.FutureTask.run(FutureTask.java:266)
05-29 03:21:25.271  1406  1957 E SQLiteDatabase: 	at java.util.concurrent.ThreadPoolExecutor.runWorker(ThreadPoolExecutor.java:1167)
05-29 03:21:25.271  1406  1957 E SQLiteDatabase: 	at java.util.concurrent.ThreadPoolExecutor$Worker.run(ThreadPoolExecutor.java:641)
05-29 03:21:25.271  1406  1957 E SQLiteDatabase: 	at java.lang.Thread.run(Thread.java:923)
05-29 03:21:25.339   160   160 I hwservicemanager: getTransport: Cannot find entry android.hardware.graphics.mapper@4.0::IMapper/default in either framework or device manifest.
05-29 03:21:25.340  4566  4566 I Gralloc4: mapper 4.x is not supported
05-29 03:21:25.395  4570  4572 I cmd     : oneway function results will be dropped but finished with status OK and parcel size 4
05-29 03:21:25.415  1406  2501 I MediaProvider: Deleted 1 items on external_primary due to com.android.shell
05-29 03:21:25.440  4581  4583 I cmd     : oneway function results will be dropped but finished with status OK and parcel size 4
05-29 03:21:25.556   160   160 I hwservicemanager: getTransport: Cannot find entry android.hardware.graphics.mapper@4.0::IMapper/default in either framework or device manifest.
05-29 03:21:25.556  4603  4603 I Gralloc4: mapper 4.x is not supported
05-29 03:21:25.610  4607  4609 I cmd     : oneway function results will be dropped but finished with status OK and parcel size 4
05-29 03:21:25.632  1406  1557 I MediaProvider: Deleted 1 items on external_primary due to com.android.shell
05-29 03:21:25.656  4618  4620 I cmd     : oneway function results will be dropped but finished with status OK and parcel size 4
05-29 03:21:25.705  4633  4635 I cmd     : oneway function results will be dropped but finished with status OK and parcel size 4
05-29 03:21:25.752  4648  4650 I cmd     : oneway function results will be dropped but finished with status OK and parcel size 4
05-29 03:21:25.799  4663  4665 I cmd     : oneway function results will be dropped but finished with status OK and parcel size 4
05-29 03:21:25.876  4675  4675 E libc    : Access denied finding property "persist.device_config.runtime_native_boot.profilebootclasspath"
05-29 03:21:25.876  4675  4675 E libc    : Access denied finding property "persist.device_config.runtime_native_boot.enable_apex_image"
05-29 03:21:25.876  4675  4675 I AndroidRuntime: Using default boot image
05-29 03:21:25.876  4675  4675 E libc    : Access denied finding property "persist.device_config.runtime_native_boot.disable_lock_profiling"
05-29 03:21:25.876  4675  4675 I AndroidRuntime: Leaving lock profiling enabled
05-29 03:21:25.876  4675  4675 E libc    : Access denied finding property "persist.device_config.runtime_native_boot.enable_generational_cc"
05-29 03:21:25.877  4675  4675 I app_process: Core platform API reporting enabled, enforcing=false
05-29 03:21:25.872  4675  4675 W app_process: type=1400 audit(0.0:86): avc: denied { read } for name="u:object_r:device_config_runtime_native_boot_prop:s0" dev="tmpfs" ino=8389 scontext=u:r:shell:s0 tcontext=u:object_r:device_config_runtime_native_boot_prop:s0 tclass=file permissive=0
05-29 03:21:25.916  4675  4675 W app_process: Unexpected CPU variant for X86 using defaults: x86_64
05-29 03:21:25.917  4675  4675 I app_process: The ClassLoaderContext is a special shared library.
05-29 03:21:25.923  4675  4675 W app_process: JNI RegisterNativeMethods: attempt to register 0 native methods for android.media.AudioAttributes
05-29 03:21:25.939  2239  2239 E AccessibilityInteractionClient: 3 Disconnected nodes.
05-29 03:21:27.640   160   160 I hwservicemanager: getTransport: Cannot find entry android.hardware.graphics.mapper@4.0::IMapper/default in either framework or device manifest.
05-29 03:21:27.640  4709  4709 I Gralloc4: mapper 4.x is not supported
05-29 03:21:27.685  4713  4715 I cmd     : oneway function results will be dropped but finished with status OK and parcel size 4
05-29 03:21:27.709  1406  1557 I MediaProvider: Deleted 1 items on external_primary due to com.android.shell
05-29 03:21:27.858   160   160 I hwservicemanager: getTransport: Cannot find entry android.hardware.graphics.mapper@4.0::IMapper/default in either framework or device manifest.
05-29 03:21:27.858  4746  4746 I Gralloc4: mapper 4.x is not supported
05-29 03:21:27.902  4750  4752 I cmd     : oneway function results will be dropped but finished with status OK and parcel size 4
05-29 03:21:27.964  1406  2501 I MediaProvider: Deleted 1 items on external_primary due to com.android.shell
05-29 03:21:27.989  4761  4763 I cmd     : oneway function results will be dropped but finished with status OK and parcel size 4
05-29 03:21:28.120   160   160 I hwservicemanager: getTransport: Cannot find entry android.hardware.graphics.mapper@4.0::IMapper/default in either framework or device manifest.
05-29 03:21:28.120  4783  4783 I Gralloc4: mapper 4.x is not supported
05-29 03:21:28.226  1406  2501 I MediaProvider: Deleted 1 items on external_primary due to com.android.shell
05-29 03:21:28.251  4800  4802 I cmd     : oneway function results will be dropped but finished with status OK and parcel size 4
05-29 03:21:28.299  4815  4817 I cmd     : oneway function results will be dropped but finished with status OK and parcel size 4
05-29 03:21:28.346  4830  4832 I cmd     : oneway function results will be dropped but finished with status OK and parcel size 4
05-29 03:21:28.470  4857  4857 E libc    : Access denied finding property "persist.device_config.runtime_native_boot.profilebootclasspath"
05-29 03:21:28.470  4857  4857 E libc    : Access denied finding property "persist.device_config.runtime_native_boot.enable_apex_image"
05-29 03:21:28.470  4857  4857 I AndroidRuntime: Using default boot image
05-29 03:21:28.470  4857  4857 E libc    : Access denied finding property "persist.device_config.runtime_native_boot.disable_lock_profiling"
05-29 03:21:28.470  4857  4857 I AndroidRuntime: Leaving lock profiling enabled
05-29 03:21:28.470  4857  4857 E libc    : Access denied finding property "persist.device_config.runtime_native_boot.enable_generational_cc"
05-29 03:21:28.472  4857  4857 I app_process: Core platform API reporting enabled, enforcing=false
05-29 03:21:28.464  4857  4857 W app_process: type=1400 audit(0.0:90): avc: denied { read } for name="u:object_r:device_config_runtime_native_boot_prop:s0" dev="tmpfs" ino=8389 scontext=u:r:shell:s0 tcontext=u:object_r:device_config_runtime_native_boot_prop:s0 tclass=file permissive=0
05-29 03:21:28.515  4857  4857 W app_process: Unexpected CPU variant for X86 using defaults: x86_64
05-29 03:21:28.515  4857  4857 I app_process: The ClassLoaderContext is a special shared library.
05-29 03:21:28.522  4857  4857 W app_process: JNI RegisterNativeMethods: attempt to register 0 native methods for android.media.AudioAttributes
05-29 03:21:28.640  2239  2239 E AccessibilityInteractionClient: 3 Disconnected nodes.
05-29 03:21:30.238   160   160 I hwservicemanager: getTransport: Cannot find entry android.hardware.graphics.mapper@4.0::IMapper/default in either framework or device manifest.
05-29 03:21:30.238  4890  4890 I Gralloc4: mapper 4.x is not supported
05-29 03:21:30.274  4894  4896 I cmd     : oneway function results will be dropped but finished with status OK and parcel size 4
05-29 03:21:30.298  1406  1557 I MediaProvider: Deleted 1 items on external_primary due to com.android.shell
05-29 03:21:30.325  4905  4907 I cmd     : oneway function results will be dropped but finished with status OK and parcel size 4
05-29 03:21:30.448   160   160 I hwservicemanager: getTransport: Cannot find entry android.hardware.graphics.mapper@4.0::IMapper/default in either framework or device manifest.
05-29 03:21:30.448  4927  4927 I Gralloc4: mapper 4.x is not supported
05-29 03:21:30.483  4931  4933 I cmd     : oneway function results will be dropped but finished with status OK and parcel size 4
05-29 03:21:30.504  1406  1558 I MediaProvider: Deleted 1 items on external_primary due to com.android.shell
05-29 03:21:30.528  4942  4944 I cmd     : oneway function results will be dropped but finished with status OK and parcel size 4
05-29 03:21:30.645   160   160 I hwservicemanager: getTransport: Cannot find entry android.hardware.graphics.mapper@4.0::IMapper/default in either framework or device manifest.
05-29 03:21:30.645  4964  4964 I Gralloc4: mapper 4.x is not supported
05-29 03:21:30.702  1406  2501 I MediaProvider: Deleted 1 items on external_primary due to com.android.shell
05-29 03:21:30.774  4994  4996 I cmd     : oneway function results will be dropped but finished with status OK and parcel size 4
05-29 03:21:30.821  5009  5011 I cmd     : oneway function results will be dropped but finished with status OK and parcel size 4
05-29 03:21:30.869  5024  5026 I cmd     : oneway function results will be dropped but finished with status OK and parcel size 4
05-29 03:21:30.945  5036  5036 E libc    : Access denied finding property "persist.device_config.runtime_native_boot.profilebootclasspath"
05-29 03:21:30.945  5036  5036 E libc    : Access denied finding property "persist.device_config.runtime_native_boot.enable_apex_image"
05-29 03:21:30.945  5036  5036 I AndroidRuntime: Using default boot image
05-29 03:21:30.945  5036  5036 E libc    : Access denied finding property "persist.device_config.runtime_native_boot.disable_lock_profiling"
05-29 03:21:30.945  5036  5036 I AndroidRuntime: Leaving lock profiling enabled
05-29 03:21:30.945  5036  5036 E libc    : Access denied finding property "persist.device_config.runtime_native_boot.enable_generational_cc"
05-29 03:21:30.946  5036  5036 I app_process: Core platform API reporting enabled, enforcing=false
05-29 03:21:30.940  5036  5036 W app_process: type=1400 audit(0.0:94): avc: denied { read } for name="u:object_r:device_config_runtime_native_boot_prop:s0" dev="tmpfs" ino=8389 scontext=u:r:shell:s0 tcontext=u:object_r:device_config_runtime_native_boot_prop:s0 tclass=file permissive=0
05-29 03:21:30.985  5036  5036 W app_process: Unexpected CPU variant for X86 using defaults: x86_64
05-29 03:21:30.986  5036  5036 I app_process: The ClassLoaderContext is a special shared library.
05-29 03:21:30.992  5036  5036 W app_process: JNI RegisterNativeMethods: attempt to register 0 native methods for android.media.AudioAttributes
05-29 03:21:32.199  1406  1957 E SQLiteDatabase: Error inserting format=12289 owner_package_name=null parent=-1 volume_name=internal date_modified=1683216921 _display_name=product _data=/product is_download=0 relative_path=null
05-29 03:21:32.199  1406  1957 E SQLiteDatabase: android.database.sqlite.SQLiteDatabaseLockedException: database is locked (code 5 SQLITE_BUSY)
05-29 03:21:32.199  1406  1957 E SQLiteDatabase: 	at android.database.sqlite.SQLiteConnection.nativeExecuteForLastInsertedRowId(Native Method)
05-29 03:21:32.199  1406  1957 E SQLiteDatabase: 	at android.database.sqlite.SQLiteConnection.executeForLastInsertedRowId(SQLiteConnection.java:938)
05-29 03:21:32.199  1406  1957 E SQLiteDatabase: 	at android.database.sqlite.SQLiteSession.executeForLastInsertedRowId(SQLiteSession.java:790)
05-29 03:21:32.199  1406  1957 E SQLiteDatabase: 	at android.database.sqlite.SQLiteStatement.executeInsert(SQLiteStatement.java:88)
05-29 03:21:32.199  1406  1957 E SQLiteDatabase: 	at android.database.sqlite.SQLiteDatabase.insertWithOnConflict(SQLiteDatabase.java:1701)
05-29 03:21:32.199  1406  1957 E SQLiteDatabase: 	at android.database.sqlite.SQLiteDatabase.insert(SQLiteDatabase.java:1570)
05-29 03:21:32.199  1406  1957 E SQLiteDatabase: 	at com.android.providers.media.MediaProvider.insertDirectory(MediaProvider.java:2773)
05-29 03:21:32.199  1406  1957 E SQLiteDatabase: 	at com.android.providers.media.MediaProvider.getParent(MediaProvider.java:2794)
05-29 03:21:32.199  1406  1957 E SQLiteDatabase: 	at com.android.providers.media.MediaProvider.insertDirectory(MediaProvider.java:2763)
05-29 03:21:32.199  1406  1957 E SQLiteDatabase: 	at com.android.providers.media.MediaProvider.getParent(MediaProvider.java:2794)
05-29 03:21:32.199  1406  1957 E SQLiteDatabase: 	at com.android.providers.media.MediaProvider.insertDirectory(MediaProvider.java:2763)
05-29 03:21:32.199  1406  1957 E SQLiteDatabase: 	at com.android.providers.media.MediaProvider.getParent(MediaProvider.java:2794)
05-29 03:21:32.199  1406  1957 E SQLiteDatabase: 	at com.android.providers.media.MediaProvider.insertDirectory(MediaProvider.java:2763)
05-29 03:21:32.199  1406  1957 E SQLiteDatabase: 	at com.android.providers.media.MediaProvider.getParent(MediaProvider.java:2794)
05-29 03:21:32.199  1406  1957 E SQLiteDatabase: 	at com.android.providers.media.MediaProvider.lambda$insertAllowingUpsert$14(MediaProvider.java:3060)
05-29 03:21:32.199  1406  1957 E SQLiteDatabase: 	at com.android.providers.media.MediaProvider.lambda$insertAllowingUpsert$14$MediaProvider(Unknown Source:0)
05-29 03:21:32.199  1406  1957 E SQLiteDatabase: 	at com.android.providers.media.-$$Lambda$MediaProvider$FjHWs2-fjgG761OzVFzdTX4EWZg.apply(Unknown Source:13)
05-29 03:21:32.199  1406  1957 E SQLiteDatabase: 	at com.android.providers.media.DatabaseHelper.runWithTransaction(DatabaseHelper.java:555)
05-29 03:21:32.199  1406  1957 E SQLiteDatabase: 	at com.android.providers.media.MediaProvider.insertAllowingUpsert(MediaProvider.java:3056)
05-29 03:21:32.199  1406  1957 E SQLiteDatabase: 	at com.android.providers.media.MediaProvider.insertFile(MediaProvider.java:3038)
05-29 03:21:32.199  1406  1957 E SQLiteDatabase: 	at com.android.providers.media.MediaProvider.insertInternal(MediaProvider.java:3470)
05-29 03:21:32.199  1406  1957 E SQLiteDatabase: 	at com.android.providers.media.MediaProvider.insert(MediaProvider.java:3198)
05-29 03:21:32.199  1406  1957 E SQLiteDatabase: 	at android.content.ContentProviderOperation.applyInternal(ContentProviderOperation.java:375)
05-29 03:21:32.199  1406  1957 E SQLiteDatabase: 	at android.content.ContentProviderOperation.apply(ContentProviderOperation.java:347)
05-29 03:21:32.199  1406  1957 E SQLiteDatabase: 	at android.content.ContentProvider.applyBatch(ContentProvider.java:2422)
05-29 03:21:32.199  1406  1957 E SQLiteDatabase: 	at com.android.providers.media.MediaProvider.applyBatch(MediaProvider.java:3522)
05-29 03:21:32.199  1406  1957 E SQLiteDatabase: 	at android.content.ContentProvider.applyBatch(ContentProvider.java:2413)
05-29 03:21:32.199  1406  1957 E SQLiteDatabase: 	at android.content.ContentResolver.applyBatch(ContentResolver.java:2186)
05-29 03:21:32.199  1406  1957 E SQLiteDatabase: 	at com.android.providers.media.scan.ModernMediaScanner$Scan.applyPending(ModernMediaScanner.java:699)
05-29 03:21:32.199  1406  1957 E SQLiteDatabase: 	at com.android.providers.media.scan.ModernMediaScanner$Scan.maybeApplyPending(ModernMediaScanner.java:689)
05-29 03:21:32.199  1406  1957 E SQLiteDatabase: 	at com.android.providers.media.scan.ModernMediaScanner$Scan.visitFile(ModernMediaScanner.java:649)
05-29 03:21:32.199  1406  1957 E SQLiteDatabase: 	at com.android.providers.media.scan.ModernMediaScanner$Scan.visitFile(ModernMediaScanner.java:272)
05-29 03:21:32.199  1406  1957 E SQLiteDatabase: 	at java.nio.file.Files.walkFileTree(Files.java:2670)
05-29 03:21:32.199  1406  1957 E SQLiteDatabase: 	at java.nio.file.Files.walkFileTree(Files.java:2742)
05-29 03:21:32.199  1406  1957 E SQLiteDatabase: 	at com.android.providers.media.scan.ModernMediaScanner$Scan.walkFileTree(ModernMediaScanner.java:366)
05-29 03:21:32.199  1406  1957 E SQLiteDatabase: 	at com.android.providers.media.scan.ModernMediaScanner$Scan.run(ModernMediaScanner.java:329)
05-29 03:21:32.199  1406  1957 E SQLiteDatabase: 	at com.android.providers.media.scan.ModernMediaScanner.scanDirectory(ModernMediaScanner.java:226)
05-29 03:21:32.199  1406  1957 E SQLiteDatabase: 	at com.android.providers.media.MediaProvider.scanDirectory(MediaProvider.java:1111)
05-29 03:21:32.199  1406  1957 E SQLiteDatabase: 	at com.android.providers.media.MediaService.onScanVolume(MediaService.java:148)
05-29 03:21:32.199  1406  1957 E SQLiteDatabase: 	at com.android.providers.media.MediaService.onScanVolume(MediaService.java:117)
05-29 03:21:32.199  1406  1957 E SQLiteDatabase: 	at com.android.providers.media.MediaService.onScanVolume(MediaService.java:108)
05-29 03:21:32.199  1406  1957 E SQLiteDatabase: 	at com.android.providers.media.MediaService.onHandleWork(MediaService.java:71)
05-29 03:21:32.199  1406  1957 E SQLiteDatabase: 	at androidx.core.app.JobIntentService$CommandProcessor.doInBackground(JobIntentService.java:391)
05-29 03:21:32.199  1406  1957 E SQLiteDatabase: 	at androidx.core.app.JobIntentService$CommandProcessor.doInBackground(JobIntentService.java:382)
05-29 03:21:32.199  1406  1957 E SQLiteDatabase: 	at android.os.AsyncTask$3.call(AsyncTask.java:394)
05-29 03:21:32.199  1406  1957 E SQLiteDatabase: 	at java.util.concurrent.FutureTask.run(FutureTask.java:266)
05-29 03:21:32.199  1406  1957 E SQLiteDatabase: 	at java.util.concurrent.ThreadPoolExecutor.runWorker(ThreadPoolExecutor.java:1167)
05-29 03:21:32.199  1406  1957 E SQLiteDatabase: 	at java.util.concurrent.ThreadPoolExecutor$Worker.run(ThreadPoolExecutor.java:641)
05-29 03:21:32.199  1406  1957 E SQLiteDatabase: 	at java.lang.Thread.run(Thread.java:923)
05-29 03:21:32.706   160   160 I hwservicemanager: getTransport: Cannot find entry android.hardware.graphics.mapper@4.0::IMapper/default in either framework or device manifest.
05-29 03:21:32.706  5069  5069 I Gralloc4: mapper 4.x is not supported
05-29 03:21:32.771  1406  1558 I MediaProvider: Deleted 1 items on external_primary due to com.android.shell
05-29 03:21:32.919   160   160 I hwservicemanager: getTransport: Cannot find entry android.hardware.graphics.mapper@4.0::IMapper/default in either framework or device manifest.
05-29 03:21:32.919  5106  5106 I Gralloc4: mapper 4.x is not supported
05-29 03:21:32.988  1406  2501 I MediaProvider: Deleted 1 items on external_primary due to com.android.shell
05-29 03:21:33.014  5121  5123 I cmd     : oneway function results will be dropped but finished with status OK and parcel size 4
05-29 03:21:33.131   160   160 I hwservicemanager: getTransport: Cannot find entry android.hardware.graphics.mapper@4.0::IMapper/default in either framework or device manifest.
05-29 03:21:33.131  5143  5143 I Gralloc4: mapper 4.x is not supported
05-29 03:21:33.196  1406  2501 I MediaProvider: Deleted 1 items on external_primary due to com.android.shell
05-29 03:21:33.237  5160  5162 I cmd     : oneway function results will be dropped but finished with status OK and parcel size 4
05-29 03:21:33.331  5190  5192 I cmd     : oneway function results will be dropped but finished with status OK and parcel size 4
05-29 03:21:33.378  5205  5207 I cmd     : oneway function results will be dropped but finished with status OK and parcel size 4
05-29 03:21:33.455  5217  5217 E libc    : Access denied finding property "persist.device_config.runtime_native_boot.profilebootclasspath"
05-29 03:21:33.455  5217  5217 E libc    : Access denied finding property "persist.device_config.runtime_native_boot.enable_apex_image"
05-29 03:21:33.455  5217  5217 I AndroidRuntime: Using default boot image
05-29 03:21:33.455  5217  5217 E libc    : Access denied finding property "persist.device_config.runtime_native_boot.disable_lock_profiling"
05-29 03:21:33.455  5217  5217 I AndroidRuntime: Leaving lock profiling enabled
05-29 03:21:33.455  5217  5217 E libc    : Access denied finding property "persist.device_config.runtime_native_boot.enable_generational_cc"
05-29 03:21:33.457  5217  5217 I app_process: Core platform API reporting enabled, enforcing=false
05-29 03:21:33.452  5217  5217 W app_process: type=1400 audit(0.0:98): avc: denied { read } for name="u:object_r:device_config_runtime_native_boot_prop:s0" dev="tmpfs" ino=8389 scontext=u:r:shell:s0 tcontext=u:object_r:device_config_runtime_native_boot_prop:s0 tclass=file permissive=0
05-29 03:21:33.499  5217  5217 W app_process: Unexpected CPU variant for X86 using defaults: x86_64
05-29 03:21:33.500  5217  5217 I app_process: The ClassLoaderContext is a special shared library.
05-29 03:21:33.506  5217  5217 W app_process: JNI RegisterNativeMethods: attempt to register 0 native methods for android.media.AudioAttributes
05-29 03:21:35.221   160   160 I hwservicemanager: getTransport: Cannot find entry android.hardware.graphics.mapper@4.0::IMapper/default in either framework or device manifest.
05-29 03:21:35.221  5247  5247 I Gralloc4: mapper 4.x is not supported
05-29 03:21:35.268  5253  5255 I cmd     : oneway function results will be dropped but finished with status OK and parcel size 4
05-29 03:21:35.290  1406  1558 I MediaProvider: Deleted 1 items on external_primary due to com.android.shell
05-29 03:21:35.315  5264  5266 I cmd     : oneway function results will be dropped but finished with status OK and parcel size 4
05-29 03:21:35.438   160   160 I hwservicemanager: getTransport: Cannot find entry android.hardware.graphics.mapper@4.0::IMapper/default in either framework or device manifest.
05-29 03:21:35.438  5286  5286 I Gralloc4: mapper 4.x is not supported
05-29 03:21:35.497  1406  1558 I MediaProvider: Deleted 1 items on external_primary due to com.android.shell
05-29 03:21:35.522  5301  5303 I cmd     : oneway function results will be dropped but finished with status OK and parcel size 4
05-29 03:21:35.637   160   160 I hwservicemanager: getTransport: Cannot find entry android.hardware.graphics.mapper@4.0::IMapper/default in either framework or device manifest.
05-29 03:21:35.637  5323  5323 I Gralloc4: mapper 4.x is not supported
05-29 03:21:35.673  5327  5329 I cmd     : oneway function results will be dropped but finished with status OK and parcel size 4
05-29 03:21:35.693  1406  2501 I MediaProvider: Deleted 1 items on external_primary due to com.android.shell
05-29 03:21:35.718  5338  5340 I cmd     : oneway function results will be dropped but finished with status OK and parcel size 4
05-29 03:21:35.721  1406  1957 E SQLiteDatabase: Error inserting format=12289 owner_package_name=null parent=-1 volume_name=internal date_modified=1683213674 _display_name=media _data=/product/media is_download=0 relative_path=null
05-29 03:21:35.721  1406  1957 E SQLiteDatabase: android.database.sqlite.SQLiteDatabaseLockedException: database is locked (code 5 SQLITE_BUSY)
05-29 03:21:35.721  1406  1957 E SQLiteDatabase: 	at android.database.sqlite.SQLiteConnection.nativeExecuteForLastInsertedRowId(Native Method)
05-29 03:21:35.721  1406  1957 E SQLiteDatabase: 	at android.database.sqlite.SQLiteConnection.executeForLastInsertedRowId(SQLiteConnection.java:938)
05-29 03:21:35.721  1406  1957 E SQLiteDatabase: 	at android.database.sqlite.SQLiteSession.executeForLastInsertedRowId(SQLiteSession.java:790)
05-29 03:21:35.721  1406  1957 E SQLiteDatabase: 	at android.database.sqlite.SQLiteStatement.executeInsert(SQLiteStatement.java:88)
05-29 03:21:35.721  1406  1957 E SQLiteDatabase: 	at android.database.sqlite.SQLiteDatabase.insertWithOnConflict(SQLiteDatabase.java:1701)
05-29 03:21:35.721  1406  1957 E SQLiteDatabase: 	at android.database.sqlite.SQLiteDatabase.insert(SQLiteDatabase.java:1570)
05-29 03:21:35.721  1406  1957 E SQLiteDatabase: 	at com.android.providers.media.MediaProvider.insertDirectory(MediaProvider.java:2773)
05-29 03:21:35.721  1406  1957 E SQLiteDatabase: 	at com.android.providers.media.MediaProvider.getParent(MediaProvider.java:2794)
05-29 03:21:35.721  1406  1957 E SQLiteDatabase: 	at com.android.providers.media.MediaProvider.insertDirectory(MediaProvider.java:2763)
05-29 03:21:35.721  1406  1957 E SQLiteDatabase: 	at com.android.providers.media.MediaProvider.getParent(MediaProvider.java:2794)
05-29 03:21:35.721  1406  1957 E SQLiteDatabase: 	at com.android.providers.media.MediaProvider.insertDirectory(MediaProvider.java:2763)
05-29 03:21:35.721  1406  1957 E SQLiteDatabase: 	at com.android.providers.media.MediaProvider.getParent(MediaProvider.java:2794)
05-29 03:21:35.721  1406  1957 E SQLiteDatabase: 	at com.android.providers.media.MediaProvider.lambda$insertAllowingUpsert$14(MediaProvider.java:3060)
05-29 03:21:35.721  1406  1957 E SQLiteDatabase: 	at com.android.providers.media.MediaProvider.lambda$insertAllowingUpsert$14$MediaProvider(Unknown Source:0)
05-29 03:21:35.721  1406  1957 E SQLiteDatabase: 	at com.android.providers.media.-$$Lambda$MediaProvider$FjHWs2-fjgG761OzVFzdTX4EWZg.apply(Unknown Source:13)
05-29 03:21:35.721  1406  1957 E SQLiteDatabase: 	at com.android.providers.media.DatabaseHelper.runWithTransaction(DatabaseHelper.java:555)
05-29 03:21:35.721  1406  1957 E SQLiteDatabase: 	at com.android.providers.media.MediaProvider.insertAllowingUpsert(MediaProvider.java:3056)
05-29 03:21:35.721  1406  1957 E SQLiteDatabase: 	at com.android.providers.media.MediaProvider.insertFile(MediaProvider.java:3038)
05-29 03:21:35.721  1406  1957 E SQLiteDatabase: 	at com.android.providers.media.MediaProvider.insertInternal(MediaProvider.java:3470)
05-29 03:21:35.721  1406  1957 E SQLiteDatabase: 	at com.android.providers.media.MediaProvider.insert(MediaProvider.java:3198)
05-29 03:21:35.721  1406  1957 E SQLiteDatabase: 	at android.content.ContentProviderOperation.applyInternal(ContentProviderOperation.java:375)
05-29 03:21:35.721  1406  1957 E SQLiteDatabase: 	at android.content.ContentProviderOperation.apply(ContentProviderOperation.java:347)
05-29 03:21:35.721  1406  1957 E SQLiteDatabase: 	at android.content.ContentProvider.applyBatch(ContentProvider.java:2422)
05-29 03:21:35.721  1406  1957 E SQLiteDatabase: 	at com.android.providers.media.MediaProvider.applyBatch(MediaProvider.java:3522)
05-29 03:21:35.721  1406  1957 E SQLiteDatabase: 	at android.content.ContentProvider.applyBatch(ContentProvider.java:2413)
05-29 03:21:35.721  1406  1957 E SQLiteDatabase: 	at android.content.ContentResolver.applyBatch(ContentResolver.java:2186)
05-29 03:21:35.721  1406  1957 E SQLiteDatabase: 	at com.android.providers.media.scan.ModernMediaScanner$Scan.applyPending(ModernMediaScanner.java:699)
05-29 03:21:35.721  1406  1957 E SQLiteDatabase: 	at com.android.providers.media.scan.ModernMediaScanner$Scan.maybeApplyPending(ModernMediaScanner.java:689)
05-29 03:21:35.721  1406  1957 E SQLiteDatabase: 	at com.android.providers.media.scan.ModernMediaScanner$Scan.visitFile(ModernMediaScanner.java:649)
05-29 03:21:35.721  1406  1957 E SQLiteDatabase: 	at com.android.providers.media.scan.ModernMediaScanner$Scan.visitFile(ModernMediaScanner.java:272)
05-29 03:21:35.721  1406  1957 E SQLiteDatabase: 	at java.nio.file.Files.walkFileTree(Files.java:2670)
05-29 03:21:35.721  1406  1957 E SQLiteDatabase: 	at java.nio.file.Files.walkFileTree(Files.java:2742)
05-29 03:21:35.721  1406  1957 E SQLiteDatabase: 	at com.android.providers.media.scan.ModernMediaScanner$Scan.walkFileTree(ModernMediaScanner.java:366)
05-29 03:21:35.721  1406  1957 E SQLiteDatabase: 	at com.android.providers.media.scan.ModernMediaScanner$Scan.run(ModernMediaScanner.java:329)
05-29 03:21:35.721  1406  1957 E SQLiteDatabase: 	at com.android.providers.media.scan.ModernMediaScanner.scanDirectory(ModernMediaScanner.java:226)
05-29 03:21:35.721  1406  1957 E SQLiteDatabase: 	at com.android.providers.media.MediaProvider.scanDirectory(MediaProvider.java:1111)
05-29 03:21:35.721  1406  1957 E SQLiteDatabase: 	at com.android.providers.media.MediaService.onScanVolume(MediaService.java:148)
05-29 03:21:35.721  1406  1957 E SQLiteDatabase: 	at com.android.providers.media.MediaService.onScanVolume(MediaService.java:117)
05-29 03:21:35.721  1406  1957 E SQLiteDatabase: 	at com.android.providers.media.MediaService.onScanVolume(MediaService.java:108)
05-29 03:21:35.721  1406  1957 E SQLiteDatabase: 	at com.android.providers.media.MediaService.onHandleWork(MediaService.java:71)
05-29 03:21:35.721  1406  1957 E SQLiteDatabase: 	at androidx.core.app.JobIntentService$CommandProcessor.doInBackground(JobIntentService.java:391)
05-29 03:21:35.721  1406  1957 E SQLiteDatabase: 	at androidx.core.app.JobIntentService$CommandProcessor.doInBackground(JobIntentService.java:382)
05-29 03:21:35.721  1406  1957 E SQLiteDatabase: 	at android.os.AsyncTask$3.call(AsyncTask.java:394)
05-29 03:21:35.721  1406  1957 E SQLiteDatabase: 	at java.util.concurrent.FutureTask.run(FutureTask.java:266)
05-29 03:21:35.721  1406  1957 E SQLiteDatabase: 	at java.util.concurrent.ThreadPoolExecutor.runWorker(ThreadPoolExecutor.java:1167)
05-29 03:21:35.721  1406  1957 E SQLiteDatabase: 	at java.util.concurrent.ThreadPoolExecutor$Worker.run(ThreadPoolExecutor.java:641)
05-29 03:21:35.721  1406  1957 E SQLiteDatabase: 	at java.lang.Thread.run(Thread.java:923)
05-29 03:21:35.766  5353  5355 I cmd     : oneway function results will be dropped but finished with status OK and parcel size 4
05-29 03:21:35.861  5383  5385 I cmd     : oneway function results will be dropped but finished with status OK and parcel size 4
05-29 03:21:35.936  5395  5395 W app_process: type=1400 audit(0.0:102): avc: denied { read } for name="u:object_r:device_config_runtime_native_boot_prop:s0" dev="tmpfs" ino=8389 scontext=u:r:shell:s0 tcontext=u:object_r:device_config_runtime_native_boot_prop:s0 tclass=file permissive=0
05-29 03:21:35.938  5395  5395 E libc    : Access denied finding property "persist.device_config.runtime_native_boot.profilebootclasspath"
05-29 03:21:35.938  5395  5395 E libc    : Access denied finding property "persist.device_config.runtime_native_boot.enable_apex_image"
05-29 03:21:35.938  5395  5395 I AndroidRuntime: Using default boot image
05-29 03:21:35.938  5395  5395 E libc    : Access denied finding property "persist.device_config.runtime_native_boot.disable_lock_profiling"
05-29 03:21:35.938  5395  5395 I AndroidRuntime: Leaving lock profiling enabled
05-29 03:21:35.938  5395  5395 E libc    : Access denied finding property "persist.device_config.runtime_native_boot.enable_generational_cc"
05-29 03:21:35.939  5395  5395 I app_process: Core platform API reporting enabled, enforcing=false
05-29 03:21:35.936  5395  5395 W app_process: type=1400 audit(0.0:103): avc: denied { read } for name="u:object_r:device_config_runtime_native_boot_prop:s0" dev="tmpfs" ino=8389 scontext=u:r:shell:s0 tcontext=u:object_r:device_config_runtime_native_boot_prop:s0 tclass=file permissive=0
05-29 03:21:35.979  5395  5395 W app_process: Unexpected CPU variant for X86 using defaults: x86_64
05-29 03:21:35.980  5395  5395 I app_process: The ClassLoaderContext is a special shared library.
05-29 03:21:35.986  5395  5395 W app_process: JNI RegisterNativeMethods: attempt to register 0 native methods for android.media.AudioAttributes
05-29 03:21:37.511     0     0 W healthd : battery l=100 v=5000 t=25.0 h=2 st=2 c=900000 fc=300000 cc=10 chg=a
05-29 03:21:37.703   160   160 I hwservicemanager: getTransport: Cannot find entry android.hardware.graphics.mapper@4.0::IMapper/default in either framework or device manifest.
05-29 03:21:37.703  5424  5424 I Gralloc4: mapper 4.x is not supported
05-29 03:21:37.739  5428  5430 I cmd     : oneway function results will be dropped but finished with status OK and parcel size 4
05-29 03:21:37.759  1406  1557 I MediaProvider: Deleted 1 items on external_primary due to com.android.shell
05-29 03:21:37.784  5439  5441 I cmd     : oneway function results will be dropped but finished with status OK and parcel size 4
05-29 03:21:37.906   160   160 I hwservicemanager: getTransport: Cannot find entry android.hardware.graphics.mapper@4.0::IMapper/default in either framework or device manifest.
05-29 03:21:37.906  5461  5461 I Gralloc4: mapper 4.x is not supported
05-29 03:21:37.939  5465  5467 I cmd     : oneway function results will be dropped but finished with status OK and parcel size 4
05-29 03:21:37.960  1406  1558 I MediaProvider: Deleted 1 items on external_primary due to com.android.shell
05-29 03:21:37.984  5476  5478 I cmd     : oneway function results will be dropped but finished with status OK and parcel size 4
05-29 03:21:38.101   160   160 I hwservicemanager: getTransport: Cannot find entry android.hardware.graphics.mapper@4.0::IMapper/default in either framework or device manifest.
05-29 03:21:38.101  5498  5498 I Gralloc4: mapper 4.x is not supported
05-29 03:21:38.157  1406  2501 I MediaProvider: Deleted 1 items on external_primary due to com.android.shell
05-29 03:21:38.181  5513  5515 I cmd     : oneway function results will be dropped but finished with status OK and parcel size 4
05-29 03:21:38.228  5528  5530 I cmd     : oneway function results will be dropped but finished with status OK and parcel size 4
05-29 03:21:38.277  5543  5545 I cmd     : oneway function results will be dropped but finished with status OK and parcel size 4
05-29 03:21:38.410  5572  5572 E libc    : Access denied finding property "persist.device_config.runtime_native_boot.profilebootclasspath"
05-29 03:21:38.410  5572  5572 E libc    : Access denied finding property "persist.device_config.runtime_native_boot.enable_apex_image"
05-29 03:21:38.410  5572  5572 I AndroidRuntime: Using default boot image
05-29 03:21:38.410  5572  5572 E libc    : Access denied finding property "persist.device_config.runtime_native_boot.disable_lock_profiling"
05-29 03:21:38.410  5572  5572 I AndroidRuntime: Leaving lock profiling enabled
05-29 03:21:38.410  5572  5572 E libc    : Access denied finding property "persist.device_config.runtime_native_boot.enable_generational_cc"
05-29 03:21:38.411  5572  5572 I app_process: Core platform API reporting enabled, enforcing=false
05-29 03:21:38.408  5572  5572 W app_process: type=1400 audit(0.0:106): avc: denied { read } for name="u:object_r:device_config_runtime_native_boot_prop:s0" dev="tmpfs" ino=8389 scontext=u:r:shell:s0 tcontext=u:object_r:device_config_runtime_native_boot_prop:s0 tclass=file permissive=0
05-29 03:21:38.451  5572  5572 W app_process: Unexpected CPU variant for X86 using defaults: x86_64
05-29 03:21:38.451  5572  5572 I app_process: The ClassLoaderContext is a special shared library.
05-29 03:21:38.458  5572  5572 W app_process: JNI RegisterNativeMethods: attempt to register 0 native methods for android.media.AudioAttributes
05-29 03:21:38.631   476   476 E netmgr  : qemu_pipe_open_ns:62: Could not connect to the 'pipe:qemud:network' service: Invalid argument
05-29 03:21:38.631   476   476 E netmgr  : Failed to open QEMU pipe 'qemud:network': Invalid argument
05-29 03:21:38.676   482   482 E wifi_forwarder: qemu_pipe_open_ns:62: Could not connect to the 'pipe:qemud:wififorward' service: Invalid argument
05-29 03:21:38.676   482   482 E wifi_forwarder: RemoteConnection failed to initialize: RemoteConnection failed to open pipe
05-29 03:21:39.235  1406  1957 E SQLiteDatabase: Error inserting format=12289 owner_package_name=null parent=-1 volume_name=internal date_modified=1683213674 _display_name=audio _data=/product/media/audio is_download=0 relative_path=null
05-29 03:21:39.235  1406  1957 E SQLiteDatabase: android.database.sqlite.SQLiteDatabaseLockedException: database is locked (code 5 SQLITE_BUSY)
05-29 03:21:39.235  1406  1957 E SQLiteDatabase: 	at android.database.sqlite.SQLiteConnection.nativeExecuteForLastInsertedRowId(Native Method)
05-29 03:21:39.235  1406  1957 E SQLiteDatabase: 	at android.database.sqlite.SQLiteConnection.executeForLastInsertedRowId(SQLiteConnection.java:938)
05-29 03:21:39.235  1406  1957 E SQLiteDatabase: 	at android.database.sqlite.SQLiteSession.executeForLastInsertedRowId(SQLiteSession.java:790)
05-29 03:21:39.235  1406  1957 E SQLiteDatabase: 	at android.database.sqlite.SQLiteStatement.executeInsert(SQLiteStatement.java:88)
05-29 03:21:39.235  1406  1957 E SQLiteDatabase: 	at android.database.sqlite.SQLiteDatabase.insertWithOnConflict(SQLiteDatabase.java:1701)
05-29 03:21:39.235  1406  1957 E SQLiteDatabase: 	at android.database.sqlite.SQLiteDatabase.insert(SQLiteDatabase.java:1570)
05-29 03:21:39.235  1406  1957 E SQLiteDatabase: 	at com.android.providers.media.MediaProvider.insertDirectory(MediaProvider.java:2773)
05-29 03:21:39.235  1406  1957 E SQLiteDatabase: 	at com.android.providers.media.MediaProvider.getParent(MediaProvider.java:2794)
05-29 03:21:39.235  1406  1957 E SQLiteDatabase: 	at com.android.providers.media.MediaProvider.insertDirectory(MediaProvider.java:2763)
05-29 03:21:39.235  1406  1957 E SQLiteDatabase: 	at com.android.providers.media.MediaProvider.getParent(MediaProvider.java:2794)
05-29 03:21:39.235  1406  1957 E SQLiteDatabase: 	at com.android.providers.media.MediaProvider.lambda$insertAllowingUpsert$14(MediaProvider.java:3060)
05-29 03:21:39.235  1406  1957 E SQLiteDatabase: 	at com.android.providers.media.MediaProvider.lambda$insertAllowingUpsert$14$MediaProvider(Unknown Source:0)
05-29 03:21:39.235  1406  1957 E SQLiteDatabase: 	at com.android.providers.media.-$$Lambda$MediaProvider$FjHWs2-fjgG761OzVFzdTX4EWZg.apply(Unknown Source:13)
05-29 03:21:39.235  1406  1957 E SQLiteDatabase: 	at com.android.providers.media.DatabaseHelper.runWithTransaction(DatabaseHelper.java:555)
05-29 03:21:39.235  1406  1957 E SQLiteDatabase: 	at com.android.providers.media.MediaProvider.insertAllowingUpsert(MediaProvider.java:3056)
05-29 03:21:39.235  1406  1957 E SQLiteDatabase: 	at com.android.providers.media.MediaProvider.insertFile(MediaProvider.java:3038)
05-29 03:21:39.235  1406  1957 E SQLiteDatabase: 	at com.android.providers.media.MediaProvider.insertInternal(MediaProvider.java:3470)
05-29 03:21:39.235  1406  1957 E SQLiteDatabase: 	at com.android.providers.media.MediaProvider.insert(MediaProvider.java:3198)
05-29 03:21:39.235  1406  1957 E SQLiteDatabase: 	at android.content.ContentProviderOperation.applyInternal(ContentProviderOperation.java:375)
05-29 03:21:39.235  1406  1957 E SQLiteDatabase: 	at android.content.ContentProviderOperation.apply(ContentProviderOperation.java:347)
05-29 03:21:39.235  1406  1957 E SQLiteDatabase: 	at android.content.ContentProvider.applyBatch(ContentProvider.java:2422)
05-29 03:21:39.235  1406  1957 E SQLiteDatabase: 	at com.android.providers.media.MediaProvider.applyBatch(MediaProvider.java:3522)
05-29 03:21:39.235  1406  1957 E SQLiteDatabase: 	at android.content.ContentProvider.applyBatch(ContentProvider.java:2413)
05-29 03:21:39.235  1406  1957 E SQLiteDatabase: 	at android.content.ContentResolver.applyBatch(ContentResolver.java:2186)
05-29 03:21:39.235  1406  1957 E SQLiteDatabase: 	at com.android.providers.media.scan.ModernMediaScanner$Scan.applyPending(ModernMediaScanner.java:699)
05-29 03:21:39.235  1406  1957 E SQLiteDatabase: 	at com.android.providers.media.scan.ModernMediaScanner$Scan.maybeApplyPending(ModernMediaScanner.java:689)
05-29 03:21:39.235  1406  1957 E SQLiteDatabase: 	at com.android.providers.media.scan.ModernMediaScanner$Scan.visitFile(ModernMediaScanner.java:649)
05-29 03:21:39.235  1406  1957 E SQLiteDatabase: 	at com.android.providers.media.scan.ModernMediaScanner$Scan.visitFile(ModernMediaScanner.java:272)
05-29 03:21:39.235  1406  1957 E SQLiteDatabase: 	at java.nio.file.Files.walkFileTree(Files.java:2670)
05-29 03:21:39.235  1406  1957 E SQLiteDatabase: 	at java.nio.file.Files.walkFileTree(Files.java:2742)
05-29 03:21:39.235  1406  1957 E SQLiteDatabase: 	at com.android.providers.media.scan.ModernMediaScanner$Scan.walkFileTree(ModernMediaScanner.java:366)
