05-28 05:16:55.998 12405 12405 E libc    : Access denied finding property "persist.device_config.runtime_native_boot.profilebootclasspath"
05-28 05:16:55.998 12405 12405 E libc    : Access denied finding property "persist.device_config.runtime_native_boot.enable_apex_image"
05-28 05:16:55.998 12405 12405 I AndroidRuntime: Using default boot image
05-28 05:16:55.998 12405 12405 E libc    : Access denied finding property "persist.device_config.runtime_native_boot.disable_lock_profiling"
05-28 05:16:55.998 12405 12405 I AndroidRuntime: Leaving lock profiling enabled
05-28 05:16:55.998 12405 12405 E libc    : Access denied finding property "persist.device_config.runtime_native_boot.enable_generational_cc"
05-28 05:16:55.999 12405 12405 I app_process: Core platform API reporting enabled, enforcing=false
05-28 05:16:55.992 12405 12405 W app_process: type=1400 audit(0.0:261): avc: denied { read } for name="u:object_r:device_config_runtime_native_boot_prop:s0" dev="tmpfs" ino=506 scontext=u:r:shell:s0 tcontext=u:object_r:device_config_runtime_native_boot_prop:s0 tclass=file permissive=0
05-28 05:16:56.036 12405 12405 W app_process: Unexpected CPU variant for X86 using defaults: x86_64
05-28 05:16:56.036 12405 12405 I app_process: The ClassLoaderContext is a special shared library.
05-28 05:16:56.042 12405 12405 W app_process: JNI RegisterNativeMethods: attempt to register 0 native methods for android.media.AudioAttributes
05-28 05:16:56.213   506  1409 E TaskPersister: File error accessing recents directory (directory doesn't exist?).
05-28 05:16:56.268  8535  8535 I ProvidersCache: Updating roots due to change on user 0at content://com.android.providers.media.documents/root
05-28 05:16:56.314  2106  2106 E AccessibilityInteractionClient: 2 Disconnected nodes.
05-28 05:16:56.331  8535  8535 I ProvidersCache: Updating roots due to change on user 0at content://com.android.providers.media.documents/root
05-28 05:16:56.656  8535  8535 I chatty  : uid=10076(com.android.documentsui) identical 3 lines
05-28 05:16:56.743  8535  8535 I ProvidersCache: Updating roots due to change on user 0at content://com.android.providers.media.documents/root
05-28 05:16:57.019  1412  1925 E SQLiteDatabase: Error inserting format=12289 owner_package_name=null parent=-1 volume_name=internal date_modified=1683213674 _display_name=audio _data=/product/media/audio is_download=0 relative_path=null
05-28 05:16:57.019  1412  1925 E SQLiteDatabase: android.database.sqlite.SQLiteDatabaseLockedException: database is locked (code 5 SQLITE_BUSY)
05-28 05:16:57.019  1412  1925 E SQLiteDatabase: 	at android.database.sqlite.SQLiteConnection.nativeExecuteForLastInsertedRowId(Native Method)
05-28 05:16:57.019  1412  1925 E SQLiteDatabase: 	at android.database.sqlite.SQLiteConnection.executeForLastInsertedRowId(SQLiteConnection.java:938)
05-28 05:16:57.019  1412  1925 E SQLiteDatabase: 	at android.database.sqlite.SQLiteSession.executeForLastInsertedRowId(SQLiteSession.java:790)
05-28 05:16:57.019  1412  1925 E SQLiteDatabase: 	at android.database.sqlite.SQLiteStatement.executeInsert(SQLiteStatement.java:88)
05-28 05:16:57.019  1412  1925 E SQLiteDatabase: 	at android.database.sqlite.SQLiteDatabase.insertWithOnConflict(SQLiteDatabase.java:1701)
05-28 05:16:57.019  1412  1925 E SQLiteDatabase: 	at android.database.sqlite.SQLiteDatabase.insert(SQLiteDatabase.java:1570)
05-28 05:16:57.019  1412  1925 E SQLiteDatabase: 	at com.android.providers.media.MediaProvider.insertDirectory(MediaProvider.java:2773)
05-28 05:16:57.019  1412  1925 E SQLiteDatabase: 	at com.android.providers.media.MediaProvider.getParent(MediaProvider.java:2794)
05-28 05:16:57.019  1412  1925 E SQLiteDatabase: 	at com.android.providers.media.MediaProvider.insertDirectory(MediaProvider.java:2763)
05-28 05:16:57.019  1412  1925 E SQLiteDatabase: 	at com.android.providers.media.MediaProvider.getParent(MediaProvider.java:2794)
05-28 05:16:57.019  1412  1925 E SQLiteDatabase: 	at com.android.providers.media.MediaProvider.lambda$insertAllowingUpsert$14(MediaProvider.java:3060)
05-28 05:16:57.019  1412  1925 E SQLiteDatabase: 	at com.android.providers.media.MediaProvider.lambda$insertAllowingUpsert$14$MediaProvider(Unknown Source:0)
05-28 05:16:57.019  1412  1925 E SQLiteDatabase: 	at com.android.providers.media.-$$Lambda$MediaProvider$FjHWs2-fjgG761OzVFzdTX4EWZg.apply(Unknown Source:13)
05-28 05:16:57.019  1412  1925 E SQLiteDatabase: 	at com.android.providers.media.DatabaseHelper.runWithTransaction(DatabaseHelper.java:555)
05-28 05:16:57.019  1412  1925 E SQLiteDatabase: 	at com.android.providers.media.MediaProvider.insertAllowingUpsert(MediaProvider.java:3056)
05-28 05:16:57.019  1412  1925 E SQLiteDatabase: 	at com.android.providers.media.MediaProvider.insertFile(MediaProvider.java:3038)
05-28 05:16:57.019  1412  1925 E SQLiteDatabase: 	at com.android.providers.media.MediaProvider.insertInternal(MediaProvider.java:3470)
05-28 05:16:57.019  1412  1925 E SQLiteDatabase: 	at com.android.providers.media.MediaProvider.insert(MediaProvider.java:3198)
05-28 05:16:57.019  1412  1925 E SQLiteDatabase: 	at android.content.ContentProviderOperation.applyInternal(ContentProviderOperation.java:375)
05-28 05:16:57.019  1412  1925 E SQLiteDatabase: 	at android.content.ContentProviderOperation.apply(ContentProviderOperation.java:347)
05-28 05:16:57.019  1412  1925 E SQLiteDatabase: 	at android.content.ContentProvider.applyBatch(ContentProvider.java:2422)
05-28 05:16:57.019  1412  1925 E SQLiteDatabase: 	at com.android.providers.media.MediaProvider.applyBatch(MediaProvider.java:3522)
05-28 05:16:57.019  1412  1925 E SQLiteDatabase: 	at android.content.ContentProvider.applyBatch(ContentProvider.java:2413)
05-28 05:16:57.019  1412  1925 E SQLiteDatabase: 	at android.content.ContentResolver.applyBatch(ContentResolver.java:2186)
05-28 05:16:57.019  1412  1925 E SQLiteDatabase: 	at com.android.providers.media.scan.ModernMediaScanner$Scan.applyPending(ModernMediaScanner.java:699)
05-28 05:16:57.019  1412  1925 E SQLiteDatabase: 	at com.android.providers.media.scan.ModernMediaScanner$Scan.maybeApplyPending(ModernMediaScanner.java:689)
05-28 05:16:57.019  1412  1925 E SQLiteDatabase: 	at com.android.providers.media.scan.ModernMediaScanner$Scan.visitFile(ModernMediaScanner.java:649)
05-28 05:16:57.019  1412  1925 E SQLiteDatabase: 	at com.android.providers.media.scan.ModernMediaScanner$Scan.visitFile(ModernMediaScanner.java:272)
05-28 05:16:57.019  1412  1925 E SQLiteDatabase: 	at java.nio.file.Files.walkFileTree(Files.java:2670)
05-28 05:16:57.019  1412  1925 E SQLiteDatabase: 	at java.nio.file.Files.walkFileTree(Files.java:2742)
05-28 05:16:57.019  1412  1925 E SQLiteDatabase: 	at com.android.providers.media.scan.ModernMediaScanner$Scan.walkFileTree(ModernMediaScanner.java:366)
05-28 05:16:57.019  1412  1925 E SQLiteDatabase: 	at com.android.providers.media.scan.ModernMediaScanner$Scan.run(ModernMediaScanner.java:329)
05-28 05:16:57.019  1412  1925 E SQLiteDatabase: 	at com.android.providers.media.scan.ModernMediaScanner.scanDirectory(ModernMediaScanner.java:226)
05-28 05:16:57.019  1412  1925 E SQLiteDatabase: 	at com.android.providers.media.MediaProvider.scanDirectory(MediaProvider.java:1111)
05-28 05:16:57.019  1412  1925 E SQLiteDatabase: 	at com.android.providers.media.MediaService.onScanVolume(MediaService.java:148)
05-28 05:16:57.019  1412  1925 E SQLiteDatabase: 	at com.android.providers.media.MediaService.onScanVolume(MediaService.java:117)
05-28 05:16:57.019  1412  1925 E SQLiteDatabase: 	at com.android.providers.media.MediaService.onScanVolume(MediaService.java:108)
05-28 05:16:57.019  1412  1925 E SQLiteDatabase: 	at com.android.providers.media.MediaService.onHandleWork(MediaService.java:71)
05-28 05:16:57.019  1412  1925 E SQLiteDatabase: 	at androidx.core.app.JobIntentService$CommandProcessor.doInBackground(JobIntentService.java:391)
05-28 05:16:57.019  1412  1925 E SQLiteDatabase: 	at androidx.core.app.JobIntentService$CommandProcessor.doInBackground(JobIntentService.java:382)
05-28 05:16:57.019  1412  1925 E SQLiteDatabase: 	at android.os.AsyncTask$3.call(AsyncTask.java:394)
05-28 05:16:57.019  1412  1925 E SQLiteDatabase: 	at java.util.concurrent.FutureTask.run(FutureTask.java:266)
05-28 05:16:57.019  1412  1925 E SQLiteDatabase: 	at java.util.concurrent.ThreadPoolExecutor.runWorker(ThreadPoolExecutor.java:1167)
05-28 05:16:57.019  1412  1925 E SQLiteDatabase: 	at java.util.concurrent.ThreadPoolExecutor$Worker.run(ThreadPoolExecutor.java:641)
05-28 05:16:57.019  1412  1925 E SQLiteDatabase: 	at java.lang.Thread.run(Thread.java:923)
05-28 05:16:57.778   158   158 I hwservicemanager: getTransport: Cannot find entry android.hardware.graphics.mapper@4.0::IMapper/default in either framework or device manifest.
05-28 05:16:57.778 12440 12440 I Gralloc4: mapper 4.x is not supported
05-28 05:16:57.874  1412  1539 I MediaProvider: Deleted 1 items on external_primary due to com.android.shell
05-28 05:16:57.901 12455 12457 I cmd     : oneway function results will be dropped but finished with status OK and parcel size 4
05-28 05:16:58.020   158   158 I hwservicemanager: getTransport: Cannot find entry android.hardware.graphics.mapper@4.0::IMapper/default in either framework or device manifest.
05-28 05:16:58.020 12477 12477 I Gralloc4: mapper 4.x is not supported
05-28 05:16:58.056 12481 12483 I cmd     : oneway function results will be dropped but finished with status OK and parcel size 4
05-28 05:16:58.077  1412  1540 I MediaProvider: Deleted 1 items on external_primary due to com.android.shell
05-28 05:16:58.102 12492 12494 I cmd     : oneway function results will be dropped but finished with status OK and parcel size 4
05-28 05:16:58.216   158   158 I hwservicemanager: getTransport: Cannot find entry android.hardware.graphics.mapper@4.0::IMapper/default in either framework or device manifest.
05-28 05:16:58.216 12514 12514 I Gralloc4: mapper 4.x is not supported
05-28 05:16:58.253 12518 12520 I cmd     : oneway function results will be dropped but finished with status OK and parcel size 4
05-28 05:16:58.274  1412  1540 I MediaProvider: Deleted 1 items on external_primary due to com.android.shell
05-28 05:16:58.301 12529 12531 I cmd     : oneway function results will be dropped but finished with status OK and parcel size 4
05-28 05:16:58.348 12544 12546 I cmd     : oneway function results will be dropped but finished with status OK and parcel size 4
05-28 05:16:58.398 12559 12561 I cmd     : oneway function results will be dropped but finished with status OK and parcel size 4
05-28 05:16:58.446 12574 12576 I cmd     : oneway function results will be dropped but finished with status OK and parcel size 4
05-28 05:16:58.520 12586 12586 E libc    : Access denied finding property "persist.device_config.runtime_native_boot.profilebootclasspath"
05-28 05:16:58.520 12586 12586 E libc    : Access denied finding property "persist.device_config.runtime_native_boot.enable_apex_image"
05-28 05:16:58.520 12586 12586 I AndroidRuntime: Using default boot image
05-28 05:16:58.520 12586 12586 E libc    : Access denied finding property "persist.device_config.runtime_native_boot.disable_lock_profiling"
05-28 05:16:58.520 12586 12586 I AndroidRuntime: Leaving lock profiling enabled
05-28 05:16:58.521 12586 12586 E libc    : Access denied finding property "persist.device_config.runtime_native_boot.enable_generational_cc"
05-28 05:16:58.522 12586 12586 I app_process: Core platform API reporting enabled, enforcing=false
05-28 05:16:58.516 12586 12586 W app_process: type=1400 audit(0.0:265): avc: denied { read } for name="u:object_r:device_config_runtime_native_boot_prop:s0" dev="tmpfs" ino=506 scontext=u:r:shell:s0 tcontext=u:object_r:device_config_runtime_native_boot_prop:s0 tclass=file permissive=0
05-28 05:16:58.563 12586 12586 W app_process: Unexpected CPU variant for X86 using defaults: x86_64
05-28 05:16:58.564 12586 12586 I app_process: The ClassLoaderContext is a special shared library.
05-28 05:16:58.570 12586 12586 W app_process: JNI RegisterNativeMethods: attempt to register 0 native methods for android.media.AudioAttributes
05-28 05:16:58.592  2106  2106 E AccessibilityInteractionClient: 2 Disconnected nodes.
05-28 05:16:58.735  8535  8535 I ProvidersCache: Updating roots due to change on user 0at content://com.android.providers.media.documents/root
05-28 05:16:58.803  8535  8535 I ProvidersCache: Updating roots due to change on user 0at content://com.android.providers.media.documents/root
05-28 05:16:58.975  8535  8535 I chatty  : uid=10076(com.android.documentsui) identical 1 line
05-28 05:16:59.031  8535  8535 I ProvidersCache: Updating roots due to change on user 0at content://com.android.providers.media.documents/root
05-28 05:16:59.161   407   407 I perfetto: probes_producer.cc:329  Producer stop (id=10)
05-28 05:16:59.162   409   409 I perfetto: ng_service_impl.cc:1948 Tracing session 10 ended, total sessions:0
05-28 05:16:59.163   407   407 I perfetto: ftrace_procfs.cc:183    disabled ftrace
05-28 05:16:59.373     0     0 W perfetto: disabled ftrace
05-28 05:16:59.191  8535  8535 I ProvidersCache: Updating roots due to change on user 0at content://com.android.providers.media.documents/root
05-28 05:16:59.283  8535  8535 I ProvidersCache: Updating roots due to change on user 0at content://com.android.providers.media.documents/root
05-28 05:17:00.288   158   158 I hwservicemanager: getTransport: Cannot find entry android.hardware.graphics.mapper@4.0::IMapper/default in either framework or device manifest.
05-28 05:17:00.289 12622 12622 I Gralloc4: mapper 4.x is not supported
05-28 05:17:00.334 12626 12628 I cmd     : oneway function results will be dropped but finished with status OK and parcel size 4
05-28 05:17:00.354  1412  1539 I MediaProvider: Deleted 1 items on external_primary due to com.android.shell
05-28 05:17:00.380 12637 12639 I cmd     : oneway function results will be dropped but finished with status OK and parcel size 4
05-28 05:17:00.492   158   158 I hwservicemanager: getTransport: Cannot find entry android.hardware.graphics.mapper@4.0::IMapper/default in either framework or device manifest.
05-28 05:17:00.492 12659 12659 I Gralloc4: mapper 4.x is not supported
05-28 05:17:00.556  1412  2579 I MediaProvider: Deleted 1 items on external_primary due to com.android.shell
05-28 05:17:00.581 12674 12676 I cmd     : oneway function results will be dropped but finished with status OK and parcel size 4
05-28 05:17:00.642  1412  1925 E SQLiteDatabase: Error inserting format=12289 owner_package_name=null parent=-1 volume_name=internal date_modified=1683213674 _display_name=ringtones _data=/product/media/audio/ringtones is_download=0 relative_path=null
05-28 05:17:00.642  1412  1925 E SQLiteDatabase: android.database.sqlite.SQLiteDatabaseLockedException: database is locked (code 5 SQLITE_BUSY)
05-28 05:17:00.642  1412  1925 E SQLiteDatabase: 	at android.database.sqlite.SQLiteConnection.nativeExecuteForLastInsertedRowId(Native Method)
05-28 05:17:00.642  1412  1925 E SQLiteDatabase: 	at android.database.sqlite.SQLiteConnection.executeForLastInsertedRowId(SQLiteConnection.java:938)
05-28 05:17:00.642  1412  1925 E SQLiteDatabase: 	at android.database.sqlite.SQLiteSession.executeForLastInsertedRowId(SQLiteSession.java:790)
05-28 05:17:00.642  1412  1925 E SQLiteDatabase: 	at android.database.sqlite.SQLiteStatement.executeInsert(SQLiteStatement.java:88)
05-28 05:17:00.642  1412  1925 E SQLiteDatabase: 	at android.database.sqlite.SQLiteDatabase.insertWithOnConflict(SQLiteDatabase.java:1701)
05-28 05:17:00.642  1412  1925 E SQLiteDatabase: 	at android.database.sqlite.SQLiteDatabase.insert(SQLiteDatabase.java:1570)
05-28 05:17:00.642  1412  1925 E SQLiteDatabase: 	at com.android.providers.media.MediaProvider.insertDirectory(MediaProvider.java:2773)
05-28 05:17:00.642  1412  1925 E SQLiteDatabase: 	at com.android.providers.media.MediaProvider.getParent(MediaProvider.java:2794)
05-28 05:17:00.642  1412  1925 E SQLiteDatabase: 	at com.android.providers.media.MediaProvider.lambda$insertAllowingUpsert$14(MediaProvider.java:3060)
05-28 05:17:00.642  1412  1925 E SQLiteDatabase: 	at com.android.providers.media.MediaProvider.lambda$insertAllowingUpsert$14$MediaProvider(Unknown Source:0)
05-28 05:17:00.642  1412  1925 E SQLiteDatabase: 	at com.android.providers.media.-$$Lambda$MediaProvider$FjHWs2-fjgG761OzVFzdTX4EWZg.apply(Unknown Source:13)
05-28 05:17:00.642  1412  1925 E SQLiteDatabase: 	at com.android.providers.media.DatabaseHelper.runWithTransaction(DatabaseHelper.java:555)
05-28 05:17:00.642  1412  1925 E SQLiteDatabase: 	at com.android.providers.media.MediaProvider.insertAllowingUpsert(MediaProvider.java:3056)
05-28 05:17:00.642  1412  1925 E SQLiteDatabase: 	at com.android.providers.media.MediaProvider.insertFile(MediaProvider.java:3038)
05-28 05:17:00.642  1412  1925 E SQLiteDatabase: 	at com.android.providers.media.MediaProvider.insertInternal(MediaProvider.java:3470)
05-28 05:17:00.642  1412  1925 E SQLiteDatabase: 	at com.android.providers.media.MediaProvider.insert(MediaProvider.java:3198)
05-28 05:17:00.642  1412  1925 E SQLiteDatabase: 	at android.content.ContentProviderOperation.applyInternal(ContentProviderOperation.java:375)
05-28 05:17:00.642  1412  1925 E SQLiteDatabase: 	at android.content.ContentProviderOperation.apply(ContentProviderOperation.java:347)
05-28 05:17:00.642  1412  1925 E SQLiteDatabase: 	at android.content.ContentProvider.applyBatch(ContentProvider.java:2422)
05-28 05:17:00.642  1412  1925 E SQLiteDatabase: 	at com.android.providers.media.MediaProvider.applyBatch(MediaProvider.java:3522)
05-28 05:17:00.642  1412  1925 E SQLiteDatabase: 	at android.content.ContentProvider.applyBatch(ContentProvider.java:2413)
05-28 05:17:00.642  1412  1925 E SQLiteDatabase: 	at android.content.ContentResolver.applyBatch(ContentResolver.java:2186)
05-28 05:17:00.642  1412  1925 E SQLiteDatabase: 	at com.android.providers.media.scan.ModernMediaScanner$Scan.applyPending(ModernMediaScanner.java:699)
05-28 05:17:00.642  1412  1925 E SQLiteDatabase: 	at com.android.providers.media.scan.ModernMediaScanner$Scan.maybeApplyPending(ModernMediaScanner.java:689)
05-28 05:17:00.642  1412  1925 E SQLiteDatabase: 	at com.android.providers.media.scan.ModernMediaScanner$Scan.visitFile(ModernMediaScanner.java:649)
05-28 05:17:00.642  1412  1925 E SQLiteDatabase: 	at com.android.providers.media.scan.ModernMediaScanner$Scan.visitFile(ModernMediaScanner.java:272)
05-28 05:17:00.642  1412  1925 E SQLiteDatabase: 	at java.nio.file.Files.walkFileTree(Files.java:2670)
05-28 05:17:00.642  1412  1925 E SQLiteDatabase: 	at java.nio.file.Files.walkFileTree(Files.java:2742)
05-28 05:17:00.642  1412  1925 E SQLiteDatabase: 	at com.android.providers.media.scan.ModernMediaScanner$Scan.walkFileTree(ModernMediaScanner.java:366)
05-28 05:17:00.642  1412  1925 E SQLiteDatabase: 	at com.android.providers.media.scan.ModernMediaScanner$Scan.run(ModernMediaScanner.java:329)
05-28 05:17:00.642  1412  1925 E SQLiteDatabase: 	at com.android.providers.media.scan.ModernMediaScanner.scanDirectory(ModernMediaScanner.java:226)
05-28 05:17:00.642  1412  1925 E SQLiteDatabase: 	at com.android.providers.media.MediaProvider.scanDirectory(MediaProvider.java:1111)
05-28 05:17:00.642  1412  1925 E SQLiteDatabase: 	at com.android.providers.media.MediaService.onScanVolume(MediaService.java:148)
05-28 05:17:00.642  1412  1925 E SQLiteDatabase: 	at com.android.providers.media.MediaService.onScanVolume(MediaService.java:117)
05-28 05:17:00.642  1412  1925 E SQLiteDatabase: 	at com.android.providers.media.MediaService.onScanVolume(MediaService.java:108)
05-28 05:17:00.642  1412  1925 E SQLiteDatabase: 	at com.android.providers.media.MediaService.onHandleWork(MediaService.java:71)
05-28 05:17:00.642  1412  1925 E SQLiteDatabase: 	at androidx.core.app.JobIntentService$CommandProcessor.doInBackground(JobIntentService.java:391)
05-28 05:17:00.642  1412  1925 E SQLiteDatabase: 	at androidx.core.app.JobIntentService$CommandProcessor.doInBackground(JobIntentService.java:382)
05-28 05:17:00.642  1412  1925 E SQLiteDatabase: 	at android.os.AsyncTask$3.call(AsyncTask.java:394)
05-28 05:17:00.642  1412  1925 E SQLiteDatabase: 	at java.util.concurrent.FutureTask.run(FutureTask.java:266)
05-28 05:17:00.642  1412  1925 E SQLiteDatabase: 	at java.util.concurrent.ThreadPoolExecutor.runWorker(ThreadPoolExecutor.java:1167)
05-28 05:17:00.642  1412  1925 E SQLiteDatabase: 	at java.util.concurrent.ThreadPoolExecutor$Worker.run(ThreadPoolExecutor.java:641)
05-28 05:17:00.642  1412  1925 E SQLiteDatabase: 	at java.lang.Thread.run(Thread.java:923)
05-28 05:17:00.696   158   158 I hwservicemanager: getTransport: Cannot find entry android.hardware.graphics.mapper@4.0::IMapper/default in either framework or device manifest.
05-28 05:17:00.696 12696 12696 I Gralloc4: mapper 4.x is not supported
05-28 05:17:00.761  1412  1540 I MediaProvider: Deleted 1 items on external_primary due to com.android.shell
05-28 05:17:00.857 12728 12730 I cmd     : oneway function results will be dropped but finished with status OK and parcel size 4
05-28 05:17:00.905 12743 12745 I cmd     : oneway function results will be dropped but finished with status OK and parcel size 4
05-28 05:17:00.955 12758 12760 I cmd     : oneway function results will be dropped but finished with status OK and parcel size 4
05-28 05:17:01.027 12770 12770 E libc    : Access denied finding property "persist.device_config.runtime_native_boot.profilebootclasspath"
05-28 05:17:01.027 12770 12770 E libc    : Access denied finding property "persist.device_config.runtime_native_boot.enable_apex_image"
05-28 05:17:01.027 12770 12770 I AndroidRuntime: Using default boot image
05-28 05:17:01.027 12770 12770 E libc    : Access denied finding property "persist.device_config.runtime_native_boot.disable_lock_profiling"
05-28 05:17:01.027 12770 12770 I AndroidRuntime: Leaving lock profiling enabled
05-28 05:17:01.027 12770 12770 E libc    : Access denied finding property "persist.device_config.runtime_native_boot.enable_generational_cc"
05-28 05:17:01.028 12770 12770 I app_process: Core platform API reporting enabled, enforcing=false
05-28 05:17:01.024 12770 12770 W app_process: type=1400 audit(0.0:269): avc: denied { read } for name="u:object_r:device_config_runtime_native_boot_prop:s0" dev="tmpfs" ino=506 scontext=u:r:shell:s0 tcontext=u:object_r:device_config_runtime_native_boot_prop:s0 tclass=file permissive=0
05-28 05:17:01.064 12770 12770 W app_process: Unexpected CPU variant for X86 using defaults: x86_64
05-28 05:17:01.065 12770 12770 I app_process: The ClassLoaderContext is a special shared library.
05-28 05:17:01.071 12770 12770 W app_process: JNI RegisterNativeMethods: attempt to register 0 native methods for android.media.AudioAttributes
05-28 05:17:01.197  2106  2106 E AccessibilityInteractionClient: 2 Disconnected nodes.
05-28 05:17:01.291  8535  8535 I ProvidersCache: Updating roots due to change on user 0at content://com.android.providers.media.documents/root
05-28 05:17:01.719  8535  8535 I chatty  : uid=10076(com.android.documentsui) identical 4 lines
05-28 05:17:01.772  8535  8535 I ProvidersCache: Updating roots due to change on user 0at content://com.android.providers.media.documents/root
05-28 05:17:02.789   158   158 I hwservicemanager: getTransport: Cannot find entry android.hardware.graphics.mapper@4.0::IMapper/default in either framework or device manifest.
05-28 05:17:02.789 12802 12802 I Gralloc4: mapper 4.x is not supported
05-28 05:17:02.848  1412  1540 I MediaProvider: Deleted 1 items on external_primary due to com.android.shell
05-28 05:17:02.888 12819 12821 I cmd     : oneway function results will be dropped but finished with status OK and parcel size 4
05-28 05:17:03.006   158   158 I hwservicemanager: getTransport: Cannot find entry android.hardware.graphics.mapper@4.0::IMapper/default in either framework or device manifest.
05-28 05:17:03.006 12841 12841 I Gralloc4: mapper 4.x is not supported
05-28 05:17:03.043 12845 12847 I cmd     : oneway function results will be dropped but finished with status OK and parcel size 4
05-28 05:17:03.103  1412  1540 I MediaProvider: Deleted 1 items on external_primary due to com.android.shell
05-28 05:17:03.129 12857 12859 I cmd     : oneway function results will be dropped but finished with status OK and parcel size 4
05-28 05:17:03.240   158   158 I hwservicemanager: getTransport: Cannot find entry android.hardware.graphics.mapper@4.0::IMapper/default in either framework or device manifest.
05-28 05:17:03.240 12879 12879 I Gralloc4: mapper 4.x is not supported
05-28 05:17:03.300  1412  1539 I MediaProvider: Deleted 1 items on external_primary due to com.android.shell
05-28 05:17:03.371 12909 12911 I cmd     : oneway function results will be dropped but finished with status OK and parcel size 4
05-28 05:17:03.419 12924 12926 I cmd     : oneway function results will be dropped but finished with status OK and parcel size 4
05-28 05:17:03.483  8535  8535 I ProvidersCache: Updating roots due to change on user 0at content://com.android.providers.media.documents/root
05-28 05:17:03.499 12939 12941 I cmd     : oneway function results will be dropped but finished with status OK and parcel size 4
05-28 05:17:03.574 12951 12951 E libc    : Access denied finding property "persist.device_config.runtime_native_boot.profilebootclasspath"
05-28 05:17:03.574 12951 12951 E libc    : Access denied finding property "persist.device_config.runtime_native_boot.enable_apex_image"
05-28 05:17:03.574 12951 12951 I AndroidRuntime: Using default boot image
05-28 05:17:03.574 12951 12951 E libc    : Access denied finding property "persist.device_config.runtime_native_boot.disable_lock_profiling"
05-28 05:17:03.574 12951 12951 I AndroidRuntime: Leaving lock profiling enabled
05-28 05:17:03.574 12951 12951 E libc    : Access denied finding property "persist.device_config.runtime_native_boot.enable_generational_cc"
05-28 05:17:03.575 12951 12951 I app_process: Core platform API reporting enabled, enforcing=false
05-28 05:17:03.568 12951 12951 W app_process: type=1400 audit(0.0:273): avc: denied { read } for name="u:object_r:device_config_runtime_native_boot_prop:s0" dev="tmpfs" ino=506 scontext=u:r:shell:s0 tcontext=u:object_r:device_config_runtime_native_boot_prop:s0 tclass=file permissive=0
05-28 05:17:03.611 12951 12951 W app_process: Unexpected CPU variant for X86 using defaults: x86_64
05-28 05:17:03.611 12951 12951 I app_process: The ClassLoaderContext is a special shared library.
05-28 05:17:03.618 12951 12951 W app_process: JNI RegisterNativeMethods: attempt to register 0 native methods for android.media.AudioAttributes
05-28 05:17:03.621  8535  8535 I ProvidersCache: Updating roots due to change on user 0at content://com.android.providers.media.documents/root
05-28 05:17:03.641  2106  2106 E AccessibilityInteractionClient: 2 Disconnected nodes.
05-28 05:17:03.899  8535  8535 I ProvidersCache: Updating roots due to change on user 0at content://com.android.providers.media.documents/root
05-28 05:17:04.121  8535  8535 I chatty  : uid=10076(com.android.documentsui) identical 2 lines
05-28 05:17:05.283  8535  8535 I ProvidersCache: Updating roots due to change on user 0at content://com.android.providers.media.documents/root
05-28 05:17:05.344   158   158 I hwservicemanager: getTransport: Cannot find entry android.hardware.graphics.mapper@4.0::IMapper/default in either framework or device manifest.
05-28 05:17:05.344 12985 12985 I Gralloc4: mapper 4.x is not supported
05-28 05:17:05.361  8535  8535 I ProvidersCache: Updating roots due to change on user 0at content://com.android.providers.media.documents/root
05-28 05:17:05.408  1412  1539 I MediaProvider: Deleted 1 items on external_primary due to com.android.shell
05-28 05:17:05.435 13001 13003 I cmd     : oneway function results will be dropped but finished with status OK and parcel size 4
05-28 05:17:05.552   158   158 I hwservicemanager: getTransport: Cannot find entry android.hardware.graphics.mapper@4.0::IMapper/default in either framework or device manifest.
05-28 05:17:05.552 13023 13023 I Gralloc4: mapper 4.x is not supported
05-28 05:17:05.568  8535  8535 I ProvidersCache: Updating roots due to change on user 0at content://com.android.providers.media.documents/root
05-28 05:17:05.621  1412  1539 I MediaProvider: Deleted 1 items on external_primary due to com.android.shell
05-28 05:17:05.645 13038 13040 I cmd     : oneway function results will be dropped but finished with status OK and parcel size 4
05-28 05:17:05.760   158   158 I hwservicemanager: getTransport: Cannot find entry android.hardware.graphics.mapper@4.0::IMapper/default in either framework or device manifest.
05-28 05:17:05.760 13060 13060 I Gralloc4: mapper 4.x is not supported
05-28 05:17:05.803  8535  8535 I ProvidersCache: Updating roots due to change on user 0at content://com.android.providers.media.documents/root
05-28 05:17:05.806 13064 13066 I cmd     : oneway function results will be dropped but finished with status OK and parcel size 4
05-28 05:17:05.828  1412  1540 I MediaProvider: Deleted 1 items on external_primary due to com.android.shell
05-28 05:17:05.854 13075 13077 I cmd     : oneway function results will be dropped but finished with status OK and parcel size 4
05-28 05:17:05.903 13090 13092 I cmd     : oneway function results will be dropped but finished with status OK and parcel size 4
05-28 05:17:05.950 13105 13107 I cmd     : oneway function results will be dropped but finished with status OK and parcel size 4
05-28 05:17:06.015 13122 13124 I cmd     : oneway function results will be dropped but finished with status OK and parcel size 4
05-28 05:17:06.088 13134 13134 E libc    : Access denied finding property "persist.device_config.runtime_native_boot.profilebootclasspath"
05-28 05:17:06.088 13134 13134 E libc    : Access denied finding property "persist.device_config.runtime_native_boot.enable_apex_image"
05-28 05:17:06.088 13134 13134 I AndroidRuntime: Using default boot image
05-28 05:17:06.088 13134 13134 E libc    : Access denied finding property "persist.device_config.runtime_native_boot.disable_lock_profiling"
05-28 05:17:06.088 13134 13134 I AndroidRuntime: Leaving lock profiling enabled
05-28 05:17:06.088 13134 13134 E libc    : Access denied finding property "persist.device_config.runtime_native_boot.enable_generational_cc"
05-28 05:17:06.090 13134 13134 I app_process: Core platform API reporting enabled, enforcing=false
05-28 05:17:06.084 13134 13134 W app_process: type=1400 audit(0.0:277): avc: denied { read } for name="u:object_r:device_config_runtime_native_boot_prop:s0" dev="tmpfs" ino=506 scontext=u:r:shell:s0 tcontext=u:object_r:device_config_runtime_native_boot_prop:s0 tclass=file permissive=0
05-28 05:17:06.128 13134 13134 W app_process: Unexpected CPU variant for X86 using defaults: x86_64
05-28 05:17:06.129 13134 13134 I app_process: The ClassLoaderContext is a special shared library.
05-28 05:17:06.135 13134 13134 W app_process: JNI RegisterNativeMethods: attempt to register 0 native methods for android.media.AudioAttributes
05-28 05:17:07.817  8535  8535 I ProvidersCache: Updating roots due to change on user 0at content://com.android.providers.media.documents/root
05-28 05:17:07.835  1412  1925 E SQLiteDatabase: Error inserting format=12289 owner_package_name=null parent=-1 volume_name=internal date_modified=1683216921 _display_name=product _data=/product is_download=0 relative_path=null
05-28 05:17:07.835  1412  1925 E SQLiteDatabase: android.database.sqlite.SQLiteDatabaseLockedException: database is locked (code 5 SQLITE_BUSY)
05-28 05:17:07.835  1412  1925 E SQLiteDatabase: 	at android.database.sqlite.SQLiteConnection.nativeExecuteForLastInsertedRowId(Native Method)
05-28 05:17:07.835  1412  1925 E SQLiteDatabase: 	at android.database.sqlite.SQLiteConnection.executeForLastInsertedRowId(SQLiteConnection.java:938)
05-28 05:17:07.835  1412  1925 E SQLiteDatabase: 	at android.database.sqlite.SQLiteSession.executeForLastInsertedRowId(SQLiteSession.java:790)
05-28 05:17:07.835  1412  1925 E SQLiteDatabase: 	at android.database.sqlite.SQLiteStatement.executeInsert(SQLiteStatement.java:88)
05-28 05:17:07.835  1412  1925 E SQLiteDatabase: 	at android.database.sqlite.SQLiteDatabase.insertWithOnConflict(SQLiteDatabase.java:1701)
05-28 05:17:07.835  1412  1925 E SQLiteDatabase: 	at android.database.sqlite.SQLiteDatabase.insert(SQLiteDatabase.java:1570)
05-28 05:17:07.835  1412  1925 E SQLiteDatabase: 	at com.android.providers.media.MediaProvider.insertDirectory(MediaProvider.java:2773)
05-28 05:17:07.835  1412  1925 E SQLiteDatabase: 	at com.android.providers.media.MediaProvider.getParent(MediaProvider.java:2794)
05-28 05:17:07.835  1412  1925 E SQLiteDatabase: 	at com.android.providers.media.MediaProvider.insertDirectory(MediaProvider.java:2763)
05-28 05:17:07.835  1412  1925 E SQLiteDatabase: 	at com.android.providers.media.MediaProvider.getParent(MediaProvider.java:2794)
05-28 05:17:07.835  1412  1925 E SQLiteDatabase: 	at com.android.providers.media.MediaProvider.insertDirectory(MediaProvider.java:2763)
05-28 05:17:07.835  1412  1925 E SQLiteDatabase: 	at com.android.providers.media.MediaProvider.getParent(MediaProvider.java:2794)
05-28 05:17:07.835  1412  1925 E SQLiteDatabase: 	at com.android.providers.media.MediaProvider.insertDirectory(MediaProvider.java:2763)
05-28 05:17:07.835  1412  1925 E SQLiteDatabase: 	at com.android.providers.media.MediaProvider.getParent(MediaProvider.java:2794)
05-28 05:17:07.835  1412  1925 E SQLiteDatabase: 	at com.android.providers.media.MediaProvider.lambda$insertAllowingUpsert$14(MediaProvider.java:3060)
05-28 05:17:07.835  1412  1925 E SQLiteDatabase: 	at com.android.providers.media.MediaProvider.lambda$insertAllowingUpsert$14$MediaProvider(Unknown Source:0)
05-28 05:17:07.835  1412  1925 E SQLiteDatabase: 	at com.android.providers.media.-$$Lambda$MediaProvider$FjHWs2-fjgG761OzVFzdTX4EWZg.apply(Unknown Source:13)
05-28 05:17:07.835  1412  1925 E SQLiteDatabase: 	at com.android.providers.media.DatabaseHelper.runWithTransaction(DatabaseHelper.java:555)
05-28 05:17:07.835  1412  1925 E SQLiteDatabase: 	at com.android.providers.media.MediaProvider.insertAllowingUpsert(MediaProvider.java:3056)
05-28 05:17:07.835  1412  1925 E SQLiteDatabase: 	at com.android.providers.media.MediaProvider.insertFile(MediaProvider.java:3038)
05-28 05:17:07.835  1412  1925 E SQLiteDatabase: 	at com.android.providers.media.MediaProvider.insertInternal(MediaProvider.java:3470)
05-28 05:17:07.835  1412  1925 E SQLiteDatabase: 	at com.android.providers.media.MediaProvider.insert(MediaProvider.java:3198)
05-28 05:17:07.835  1412  1925 E SQLiteDatabase: 	at android.content.ContentProviderOperation.applyInternal(ContentProviderOperation.java:375)
05-28 05:17:07.835  1412  1925 E SQLiteDatabase: 	at android.content.ContentProviderOperation.apply(ContentProviderOperation.java:347)
05-28 05:17:07.835  1412  1925 E SQLiteDatabase: 	at android.content.ContentProvider.applyBatch(ContentProvider.java:2422)
05-28 05:17:07.835  1412  1925 E SQLiteDatabase: 	at com.android.providers.media.MediaProvider.applyBatch(MediaProvider.java:3522)
05-28 05:17:07.835  1412  1925 E SQLiteDatabase: 	at android.content.ContentProvider.applyBatch(ContentProvider.java:2413)
05-28 05:17:07.835  1412  1925 E SQLiteDatabase: 	at android.content.ContentResolver.applyBatch(ContentResolver.java:2186)
05-28 05:17:07.835  1412  1925 E SQLiteDatabase: 	at com.android.providers.media.scan.ModernMediaScanner$Scan.applyPending(ModernMediaScanner.java:699)
05-28 05:17:07.835  1412  1925 E SQLiteDatabase: 	at com.android.providers.media.scan.ModernMediaScanner$Scan.maybeApplyPending(ModernMediaScanner.java:689)
05-28 05:17:07.835  1412  1925 E SQLiteDatabase: 	at com.android.providers.media.scan.ModernMediaScanner$Scan.visitFile(ModernMediaScanner.java:649)
05-28 05:17:07.835  1412  1925 E SQLiteDatabase: 	at com.android.providers.media.scan.ModernMediaScanner$Scan.visitFile(ModernMediaScanner.java:272)
05-28 05:17:07.835  1412  1925 E SQLiteDatabase: 	at java.nio.file.Files.walkFileTree(Files.java:2670)
05-28 05:17:07.835  1412  1925 E SQLiteDatabase: 	at java.nio.file.Files.walkFileTree(Files.java:2742)
05-28 05:17:07.835  1412  1925 E SQLiteDatabase: 	at com.android.providers.media.scan.ModernMediaScanner$Scan.walkFileTree(ModernMediaScanner.java:366)
05-28 05:17:07.835  1412  1925 E SQLiteDatabase: 	at com.android.providers.media.scan.ModernMediaScanner$Scan.run(ModernMediaScanner.java:329)
05-28 05:17:07.835  1412  1925 E SQLiteDatabase: 	at com.android.providers.media.scan.ModernMediaScanner.scanDirectory(ModernMediaScanner.java:226)
05-28 05:17:07.835  1412  1925 E SQLiteDatabase: 	at com.android.providers.media.MediaProvider.scanDirectory(MediaProvider.java:1111)
05-28 05:17:07.835  1412  1925 E SQLiteDatabase: 	at com.android.providers.media.MediaService.onScanVolume(MediaService.java:148)
05-28 05:17:07.835  1412  1925 E SQLiteDatabase: 	at com.android.providers.media.MediaService.onScanVolume(MediaService.java:117)
05-28 05:17:07.835  1412  1925 E SQLiteDatabase: 	at com.android.providers.media.MediaService.onScanVolume(MediaService.java:108)
05-28 05:17:07.835  1412  1925 E SQLiteDatabase: 	at com.android.providers.media.MediaService.onHandleWork(MediaService.java:71)
05-28 05:17:07.835  1412  1925 E SQLiteDatabase: 	at androidx.core.app.JobIntentService$CommandProcessor.doInBackground(JobIntentService.java:391)
05-28 05:17:07.835  1412  1925 E SQLiteDatabase: 	at androidx.core.app.JobIntentService$CommandProcessor.doInBackground(JobIntentService.java:382)
05-28 05:17:07.835  1412  1925 E SQLiteDatabase: 	at android.os.AsyncTask$3.call(AsyncTask.java:394)
05-28 05:17:07.835  1412  1925 E SQLiteDatabase: 	at java.util.concurrent.FutureTask.run(FutureTask.java:266)
05-28 05:17:07.835  1412  1925 E SQLiteDatabase: 	at java.util.concurrent.ThreadPoolExecutor.runWorker(ThreadPoolExecutor.java:1167)
05-28 05:17:07.835  1412  1925 E SQLiteDatabase: 	at java.util.concurrent.ThreadPoolExecutor$Worker.run(ThreadPoolExecutor.java:641)
05-28 05:17:07.835  1412  1925 E SQLiteDatabase: 	at java.lang.Thread.run(Thread.java:923)
05-28 05:17:07.863   158   158 I hwservicemanager: getTransport: Cannot find entry android.hardware.graphics.mapper@4.0::IMapper/default in either framework or device manifest.
05-28 05:17:07.863 13165 13165 I Gralloc4: mapper 4.x is not supported
05-28 05:17:07.899 13169 13171 I cmd     : oneway function results will be dropped but finished with status OK and parcel size 4
05-28 05:17:07.915  8535  8535 I ProvidersCache: Updating roots due to change on user 0at content://com.android.providers.media.documents/root
05-28 05:17:07.922  1412  1540 I MediaProvider: Deleted 1 items on external_primary due to com.android.shell
05-28 05:17:07.946 13180 13182 I cmd     : oneway function results will be dropped but finished with status OK and parcel size 4
05-28 05:17:08.062   158   158 I hwservicemanager: getTransport: Cannot find entry android.hardware.graphics.mapper@4.0::IMapper/default in either framework or device manifest.
05-28 05:17:08.062 13202 13202 I Gralloc4: mapper 4.x is not supported
05-28 05:17:08.117  1412  1539 I MediaProvider: Deleted 1 items on external_primary due to com.android.shell
05-28 05:17:08.121  8535  8535 I ProvidersCache: Updating roots due to change on user 0at content://com.android.providers.media.documents/root
05-28 05:17:08.143 13219 13221 I cmd     : oneway function results will be dropped but finished with status OK and parcel size 4
05-28 05:17:08.259   158   158 I hwservicemanager: getTransport: Cannot find entry android.hardware.graphics.mapper@4.0::IMapper/default in either framework or device manifest.
05-28 05:17:08.260 13241 13241 I Gralloc4: mapper 4.x is not supported
05-28 05:17:08.296 13245 13247 I cmd     : oneway function results will be dropped but finished with status OK and parcel size 4
05-28 05:17:08.311  8535  8535 I ProvidersCache: Updating roots due to change on user 0at content://com.android.providers.media.documents/root
05-28 05:17:08.356  1412  2579 I MediaProvider: Deleted 1 items on external_primary due to com.android.shell
05-28 05:17:08.382 13256 13258 I cmd     : oneway function results will be dropped but finished with status OK and parcel size 4
05-28 05:17:08.429 13271 13273 I cmd     : oneway function results will be dropped but finished with status OK and parcel size 4
05-28 05:17:08.475 13286 13288 I cmd     : oneway function results will be dropped but finished with status OK and parcel size 4
05-28 05:17:08.522 13301 13303 I cmd     : oneway function results will be dropped but finished with status OK and parcel size 4
05-28 05:17:08.595 13313 13313 E libc    : Access denied finding property "persist.device_config.runtime_native_boot.profilebootclasspath"
05-28 05:17:08.595 13313 13313 E libc    : Access denied finding property "persist.device_config.runtime_native_boot.enable_apex_image"
05-28 05:17:08.595 13313 13313 I AndroidRuntime: Using default boot image
05-28 05:17:08.595 13313 13313 E libc    : Access denied finding property "persist.device_config.runtime_native_boot.disable_lock_profiling"
05-28 05:17:08.595 13313 13313 I AndroidRuntime: Leaving lock profiling enabled
05-28 05:17:08.595 13313 13313 E libc    : Access denied finding property "persist.device_config.runtime_native_boot.enable_generational_cc"
05-28 05:17:08.597 13313 13313 I app_process: Core platform API reporting enabled, enforcing=false
05-28 05:17:08.592 13313 13313 W app_process: type=1400 audit(0.0:281): avc: denied { read } for name="u:object_r:device_config_runtime_native_boot_prop:s0" dev="tmpfs" ino=506 scontext=u:r:shell:s0 tcontext=u:object_r:device_config_runtime_native_boot_prop:s0 tclass=file permissive=0
05-28 05:17:08.636 13313 13313 W app_process: Unexpected CPU variant for X86 using defaults: x86_64
05-28 05:17:08.637 13313 13313 I app_process: The ClassLoaderContext is a special shared library.
05-28 05:17:08.643 13313 13313 W app_process: JNI RegisterNativeMethods: attempt to register 0 native methods for android.media.AudioAttributes
05-28 05:17:08.757  2106  2106 E AccessibilityInteractionClient: 3 Disconnected nodes.
05-28 05:17:10.327  8535  8535 I ProvidersCache: Updating roots due to change on user 0at content://com.android.providers.media.documents/root
05-28 05:17:10.359   158   158 I hwservicemanager: getTransport: Cannot find entry android.hardware.graphics.mapper@4.0::IMapper/default in either framework or device manifest.
05-28 05:17:10.359 13348 13348 I Gralloc4: mapper 4.x is not supported
05-28 05:17:10.395  8535  8535 I ProvidersCache: Updating roots due to change on user 0at content://com.android.providers.media.documents/root
05-28 05:17:10.460  1412  1540 I MediaProvider: Deleted 1 items on external_primary due to com.android.shell
05-28 05:17:10.485 13363 13365 I cmd     : oneway function results will be dropped but finished with status OK and parcel size 4
05-28 05:17:10.596  8535  8535 I ProvidersCache: Updating roots due to change on user 0at content://com.android.providers.media.documents/root
05-28 05:17:10.600   158   158 I hwservicemanager: getTransport: Cannot find entry android.hardware.graphics.mapper@4.0::IMapper/default in either framework or device manifest.
05-28 05:17:10.600 13385 13385 I Gralloc4: mapper 4.x is not supported
05-28 05:17:10.692  1412  1539 I MediaProvider: Deleted 1 items on external_primary due to com.android.shell
05-28 05:17:10.716 13400 13402 I cmd     : oneway function results will be dropped but finished with status OK and parcel size 4
05-28 05:17:10.801  8535  8535 I ProvidersCache: Updating roots due to change on user 0at content://com.android.providers.media.documents/root
05-28 05:17:10.832   158   158 I hwservicemanager: getTransport: Cannot find entry android.hardware.graphics.mapper@4.0::IMapper/default in either framework or device manifest.
05-28 05:17:10.832 13422 13422 I Gralloc4: mapper 4.x is not supported
05-28 05:17:10.893  1412  1539 I MediaProvider: Deleted 1 items on external_primary due to com.android.shell
05-28 05:17:10.917 13437 13439 I cmd     : oneway function results will be dropped but finished with status OK and parcel size 4
05-28 05:17:10.966 13452 13454 I cmd     : oneway function results will be dropped but finished with status OK and parcel size 4
05-28 05:17:11.061 13482 13484 I cmd     : oneway function results will be dropped but finished with status OK and parcel size 4
05-28 05:17:11.147 13494 13494 E libc    : Access denied finding property "persist.device_config.runtime_native_boot.profilebootclasspath"
05-28 05:17:11.147 13494 13494 E libc    : Access denied finding property "persist.device_config.runtime_native_boot.enable_apex_image"
05-28 05:17:11.147 13494 13494 I AndroidRuntime: Using default boot image
05-28 05:17:11.147 13494 13494 E libc    : Access denied finding property "persist.device_config.runtime_native_boot.disable_lock_profiling"
05-28 05:17:11.147 13494 13494 I AndroidRuntime: Leaving lock profiling enabled
05-28 05:17:11.147 13494 13494 E libc    : Access denied finding property "persist.device_config.runtime_native_boot.enable_generational_cc"
05-28 05:17:11.148 13494 13494 I app_process: Core platform API reporting enabled, enforcing=false
05-28 05:17:11.144 13494 13494 W app_process: type=1400 audit(0.0:285): avc: denied { read } for name="u:object_r:device_config_runtime_native_boot_prop:s0" dev="tmpfs" ino=506 scontext=u:r:shell:s0 tcontext=u:object_r:device_config_runtime_native_boot_prop:s0 tclass=file permissive=0
05-28 05:17:11.185 13494 13494 W app_process: Unexpected CPU variant for X86 using defaults: x86_64
05-28 05:17:11.186 13494 13494 I app_process: The ClassLoaderContext is a special shared library.
05-28 05:17:11.192 13494 13494 W app_process: JNI RegisterNativeMethods: attempt to register 0 native methods for android.media.AudioAttributes
05-28 05:17:11.206  2106  2106 E AccessibilityInteractionClient: 3 Disconnected nodes.
05-28 05:17:11.491  1412  1925 E SQLiteDatabase: Error inserting format=12289 owner_package_name=null parent=-1 volume_name=internal date_modified=1683213674 _display_name=media _data=/product/media is_download=0 relative_path=null
05-28 05:17:11.491  1412  1925 E SQLiteDatabase: android.database.sqlite.SQLiteDatabaseLockedException: database is locked (code 5 SQLITE_BUSY)
05-28 05:17:11.491  1412  1925 E SQLiteDatabase: 	at android.database.sqlite.SQLiteConnection.nativeExecuteForLastInsertedRowId(Native Method)
05-28 05:17:11.491  1412  1925 E SQLiteDatabase: 	at android.database.sqlite.SQLiteConnection.executeForLastInsertedRowId(SQLiteConnection.java:938)
05-28 05:17:11.491  1412  1925 E SQLiteDatabase: 	at android.database.sqlite.SQLiteSession.executeForLastInsertedRowId(SQLiteSession.java:790)
05-28 05:17:11.491  1412  1925 E SQLiteDatabase: 	at android.database.sqlite.SQLiteStatement.executeInsert(SQLiteStatement.java:88)
05-28 05:17:11.491  1412  1925 E SQLiteDatabase: 	at android.database.sqlite.SQLiteDatabase.insertWithOnConflict(SQLiteDatabase.java:1701)
05-28 05:17:11.491  1412  1925 E SQLiteDatabase: 	at android.database.sqlite.SQLiteDatabase.insert(SQLiteDatabase.java:1570)
05-28 05:17:11.491  1412  1925 E SQLiteDatabase: 	at com.android.providers.media.MediaProvider.insertDirectory(MediaProvider.java:2773)
05-28 05:17:11.491  1412  1925 E SQLiteDatabase: 	at com.android.providers.media.MediaProvider.getParent(MediaProvider.java:2794)
05-28 05:17:11.491  1412  1925 E SQLiteDatabase: 	at com.android.providers.media.MediaProvider.insertDirectory(MediaProvider.java:2763)
05-28 05:17:11.491  1412  1925 E SQLiteDatabase: 	at com.android.providers.media.MediaProvider.getParent(MediaProvider.java:2794)
05-28 05:17:11.491  1412  1925 E SQLiteDatabase: 	at com.android.providers.media.MediaProvider.insertDirectory(MediaProvider.java:2763)
05-28 05:17:11.491  1412  1925 E SQLiteDatabase: 	at com.android.providers.media.MediaProvider.getParent(MediaProvider.java:2794)
05-28 05:17:11.491  1412  1925 E SQLiteDatabase: 	at com.android.providers.media.MediaProvider.lambda$insertAllowingUpsert$14(MediaProvider.java:3060)
05-28 05:17:11.491  1412  1925 E SQLiteDatabase: 	at com.android.providers.media.MediaProvider.lambda$insertAllowingUpsert$14$MediaProvider(Unknown Source:0)
05-28 05:17:11.491  1412  1925 E SQLiteDatabase: 	at com.android.providers.media.-$$Lambda$MediaProvider$FjHWs2-fjgG761OzVFzdTX4EWZg.apply(Unknown Source:13)
05-28 05:17:11.491  1412  1925 E SQLiteDatabase: 	at com.android.providers.media.DatabaseHelper.runWithTransaction(DatabaseHelper.java:555)
05-28 05:17:11.491  1412  1925 E SQLiteDatabase: 	at com.android.providers.media.MediaProvider.insertAllowingUpsert(MediaProvider.java:3056)
05-28 05:17:11.491  1412  1925 E SQLiteDatabase: 	at com.android.providers.media.MediaProvider.insertFile(MediaProvider.java:3038)
05-28 05:17:11.491  1412  1925 E SQLiteDatabase: 	at com.android.providers.media.MediaProvider.insertInternal(MediaProvider.java:3470)
05-28 05:17:11.491  1412  1925 E SQLiteDatabase: 	at com.android.providers.media.MediaProvider.insert(MediaProvider.java:3198)
05-28 05:17:11.491  1412  1925 E SQLiteDatabase: 	at android.content.ContentProviderOperation.applyInternal(ContentProviderOperation.java:375)
05-28 05:17:11.491  1412  1925 E SQLiteDatabase: 	at android.content.ContentProviderOperation.apply(ContentProviderOperation.java:347)
05-28 05:17:11.491  1412  1925 E SQLiteDatabase: 	at android.content.ContentProvider.applyBatch(ContentProvider.java:2422)
05-28 05:17:11.491  1412  1925 E SQLiteDatabase: 	at com.android.providers.media.MediaProvider.applyBatch(MediaProvider.java:3522)
05-28 05:17:11.491  1412  1925 E SQLiteDatabase: 	at android.content.ContentProvider.applyBatch(ContentProvider.java:2413)
