05-28 05:16:18.215  8535  8535 I ProvidersCache: Updating roots due to change on user 0at content://com.android.providers.media.documents/root
05-28 05:16:18.246   158   158 I hwservicemanager: getTransport: Cannot find entry android.hardware.graphics.mapper@4.0::IMapper/default in either framework or device manifest.
05-28 05:16:18.246  9629  9629 I Gralloc4: mapper 4.x is not supported
05-28 05:16:18.313  1412  1540 I MediaProvider: Deleted 1 items on external_primary due to com.android.shell
05-28 05:16:18.339  9644  9646 I cmd     : oneway function results will be dropped but finished with status OK and parcel size 4
05-28 05:16:18.447  8535  8535 I ProvidersCache: Updating roots due to change on user 0at content://com.android.providers.media.documents/root
05-28 05:16:18.470   158   158 I hwservicemanager: getTransport: Cannot find entry android.hardware.graphics.mapper@4.0::IMapper/default in either framework or device manifest.
05-28 05:16:18.470  9666  9666 I Gralloc4: mapper 4.x is not supported
05-28 05:16:18.576  1412  2579 I MediaProvider: Deleted 1 items on external_primary due to com.android.shell
05-28 05:16:18.605  9683  9685 I cmd     : oneway function results will be dropped but finished with status OK and parcel size 4
05-28 05:16:18.671   458   458 E netmgr  : qemu_pipe_open_ns:62: Could not connect to the 'pipe:qemud:network' service: Invalid argument
05-28 05:16:18.671   458   458 E netmgr  : Failed to open QEMU pipe 'qemud:network': Invalid argument
05-28 05:16:18.680  8535  8535 I ProvidersCache: Updating roots due to change on user 0at content://com.android.providers.media.documents/root
05-28 05:16:18.726   158   158 I hwservicemanager: getTransport: Cannot find entry android.hardware.graphics.mapper@4.0::IMapper/default in either framework or device manifest.
05-28 05:16:18.727  9705  9705 I Gralloc4: mapper 4.x is not supported
05-28 05:16:18.739   484   484 E wifi_forwarder: qemu_pipe_open_ns:62: Could not connect to the 'pipe:qemud:wififorward' service: Invalid argument
05-28 05:16:18.740   484   484 E wifi_forwarder: RemoteConnection failed to initialize: RemoteConnection failed to open pipe
05-28 05:16:18.836  1412  1539 I MediaProvider: Deleted 1 items on external_primary due to com.android.shell
05-28 05:16:18.863  9720  9722 I cmd     : oneway function results will be dropped but finished with status OK and parcel size 4
05-28 05:16:18.914  9735  9737 I cmd     : oneway function results will be dropped but finished with status OK and parcel size 4
05-28 05:16:19.101  9777  9777 E libc    : Access denied finding property "persist.device_config.runtime_native_boot.profilebootclasspath"
05-28 05:16:19.101  9777  9777 E libc    : Access denied finding property "persist.device_config.runtime_native_boot.enable_apex_image"
05-28 05:16:19.101  9777  9777 I AndroidRuntime: Using default boot image
05-28 05:16:19.101  9777  9777 E libc    : Access denied finding property "persist.device_config.runtime_native_boot.disable_lock_profiling"
05-28 05:16:19.101  9777  9777 I AndroidRuntime: Leaving lock profiling enabled
05-28 05:16:19.101  9777  9777 E libc    : Access denied finding property "persist.device_config.runtime_native_boot.enable_generational_cc"
05-28 05:16:19.103  9777  9777 I app_process: Core platform API reporting enabled, enforcing=false
05-28 05:16:19.096  9777  9777 W app_process: type=1400 audit(0.0:205): avc: denied { read } for name="u:object_r:device_config_runtime_native_boot_prop:s0" dev="tmpfs" ino=506 scontext=u:r:shell:s0 tcontext=u:object_r:device_config_runtime_native_boot_prop:s0 tclass=file permissive=0
05-28 05:16:19.140  9777  9777 W app_process: Unexpected CPU variant for X86 using defaults: x86_64
05-28 05:16:19.142  9777  9777 I app_process: The ClassLoaderContext is a special shared library.
05-28 05:16:19.148  9777  9777 W app_process: JNI RegisterNativeMethods: attempt to register 0 native methods for android.media.AudioAttributes
05-28 05:16:19.285   506  1681 I ActivityManager: Killing 2172:com.android.dynsystem/1000 (adj 975): empty #17
05-28 05:16:19.310   281   281 I Zygote  : Process 2172 exited due to signal 9 (Killed)
05-28 05:16:19.327   506   550 I libprocessgroup: Successfully killed process cgroup uid 1000 pid 2172 in 41ms
05-28 05:16:19.389  2106  2106 E AccessibilityInteractionClient: 2 Disconnected nodes.
05-28 05:16:19.951  8535  8535 I ProvidersCache: Updating roots due to change on user 0at content://com.android.providers.media.documents/root
05-28 05:16:20.271  8535  8535 I chatty  : uid=10076(com.android.documentsui) identical 1 line
05-28 05:16:20.705  8535  8535 I ProvidersCache: Updating roots due to change on user 0at content://com.android.providers.media.documents/root
05-28 05:16:20.772  1412  1925 E SQLiteDatabase: Error inserting format=12289 owner_package_name=null parent=-1 volume_name=internal date_modified=1683213674 _display_name=audio _data=/product/media/audio is_download=0 relative_path=null
05-28 05:16:20.772  1412  1925 E SQLiteDatabase: android.database.sqlite.SQLiteDatabaseLockedException: database is locked (code 5 SQLITE_BUSY)
05-28 05:16:20.772  1412  1925 E SQLiteDatabase: 	at android.database.sqlite.SQLiteConnection.nativeExecuteForLastInsertedRowId(Native Method)
05-28 05:16:20.772  1412  1925 E SQLiteDatabase: 	at android.database.sqlite.SQLiteConnection.executeForLastInsertedRowId(SQLiteConnection.java:938)
05-28 05:16:20.772  1412  1925 E SQLiteDatabase: 	at android.database.sqlite.SQLiteSession.executeForLastInsertedRowId(SQLiteSession.java:790)
05-28 05:16:20.772  1412  1925 E SQLiteDatabase: 	at android.database.sqlite.SQLiteStatement.executeInsert(SQLiteStatement.java:88)
05-28 05:16:20.772  1412  1925 E SQLiteDatabase: 	at android.database.sqlite.SQLiteDatabase.insertWithOnConflict(SQLiteDatabase.java:1701)
05-28 05:16:20.772  1412  1925 E SQLiteDatabase: 	at android.database.sqlite.SQLiteDatabase.insert(SQLiteDatabase.java:1570)
05-28 05:16:20.772  1412  1925 E SQLiteDatabase: 	at com.android.providers.media.MediaProvider.insertDirectory(MediaProvider.java:2773)
05-28 05:16:20.772  1412  1925 E SQLiteDatabase: 	at com.android.providers.media.MediaProvider.getParent(MediaProvider.java:2794)
05-28 05:16:20.772  1412  1925 E SQLiteDatabase: 	at com.android.providers.media.MediaProvider.insertDirectory(MediaProvider.java:2763)
05-28 05:16:20.772  1412  1925 E SQLiteDatabase: 	at com.android.providers.media.MediaProvider.getParent(MediaProvider.java:2794)
05-28 05:16:20.772  1412  1925 E SQLiteDatabase: 	at com.android.providers.media.MediaProvider.lambda$insertAllowingUpsert$14(MediaProvider.java:3060)
05-28 05:16:20.772  1412  1925 E SQLiteDatabase: 	at com.android.providers.media.MediaProvider.lambda$insertAllowingUpsert$14$MediaProvider(Unknown Source:0)
05-28 05:16:20.772  1412  1925 E SQLiteDatabase: 	at com.android.providers.media.-$$Lambda$MediaProvider$FjHWs2-fjgG761OzVFzdTX4EWZg.apply(Unknown Source:13)
05-28 05:16:20.772  1412  1925 E SQLiteDatabase: 	at com.android.providers.media.DatabaseHelper.runWithTransaction(DatabaseHelper.java:555)
05-28 05:16:20.772  1412  1925 E SQLiteDatabase: 	at com.android.providers.media.MediaProvider.insertAllowingUpsert(MediaProvider.java:3056)
05-28 05:16:20.772  1412  1925 E SQLiteDatabase: 	at com.android.providers.media.MediaProvider.insertFile(MediaProvider.java:3038)
05-28 05:16:20.772  1412  1925 E SQLiteDatabase: 	at com.android.providers.media.MediaProvider.insertInternal(MediaProvider.java:3470)
05-28 05:16:20.772  1412  1925 E SQLiteDatabase: 	at com.android.providers.media.MediaProvider.insert(MediaProvider.java:3198)
05-28 05:16:20.772  1412  1925 E SQLiteDatabase: 	at android.content.ContentProviderOperation.applyInternal(ContentProviderOperation.java:375)
05-28 05:16:20.772  1412  1925 E SQLiteDatabase: 	at android.content.ContentProviderOperation.apply(ContentProviderOperation.java:347)
05-28 05:16:20.772  1412  1925 E SQLiteDatabase: 	at android.content.ContentProvider.applyBatch(ContentProvider.java:2422)
05-28 05:16:20.772  1412  1925 E SQLiteDatabase: 	at com.android.providers.media.MediaProvider.applyBatch(MediaProvider.java:3522)
05-28 05:16:20.772  1412  1925 E SQLiteDatabase: 	at android.content.ContentProvider.applyBatch(ContentProvider.java:2413)
05-28 05:16:20.772  1412  1925 E SQLiteDatabase: 	at android.content.ContentResolver.applyBatch(ContentResolver.java:2186)
05-28 05:16:20.772  1412  1925 E SQLiteDatabase: 	at com.android.providers.media.scan.ModernMediaScanner$Scan.applyPending(ModernMediaScanner.java:699)
05-28 05:16:20.772  1412  1925 E SQLiteDatabase: 	at com.android.providers.media.scan.ModernMediaScanner$Scan.maybeApplyPending(ModernMediaScanner.java:689)
05-28 05:16:20.772  1412  1925 E SQLiteDatabase: 	at com.android.providers.media.scan.ModernMediaScanner$Scan.visitFile(ModernMediaScanner.java:649)
05-28 05:16:20.772  1412  1925 E SQLiteDatabase: 	at com.android.providers.media.scan.ModernMediaScanner$Scan.visitFile(ModernMediaScanner.java:272)
05-28 05:16:20.772  1412  1925 E SQLiteDatabase: 	at java.nio.file.Files.walkFileTree(Files.java:2670)
05-28 05:16:20.772  1412  1925 E SQLiteDatabase: 	at java.nio.file.Files.walkFileTree(Files.java:2742)
05-28 05:16:20.772  1412  1925 E SQLiteDatabase: 	at com.android.providers.media.scan.ModernMediaScanner$Scan.walkFileTree(ModernMediaScanner.java:366)
05-28 05:16:20.772  1412  1925 E SQLiteDatabase: 	at com.android.providers.media.scan.ModernMediaScanner$Scan.run(ModernMediaScanner.java:329)
05-28 05:16:20.772  1412  1925 E SQLiteDatabase: 	at com.android.providers.media.scan.ModernMediaScanner.scanDirectory(ModernMediaScanner.java:226)
05-28 05:16:20.772  1412  1925 E SQLiteDatabase: 	at com.android.providers.media.MediaProvider.scanDirectory(MediaProvider.java:1111)
05-28 05:16:20.772  1412  1925 E SQLiteDatabase: 	at com.android.providers.media.MediaService.onScanVolume(MediaService.java:148)
05-28 05:16:20.772  1412  1925 E SQLiteDatabase: 	at com.android.providers.media.MediaService.onScanVolume(MediaService.java:117)
05-28 05:16:20.772  1412  1925 E SQLiteDatabase: 	at com.android.providers.media.MediaService.onScanVolume(MediaService.java:108)
05-28 05:16:20.772  1412  1925 E SQLiteDatabase: 	at com.android.providers.media.MediaService.onHandleWork(MediaService.java:71)
05-28 05:16:20.772  1412  1925 E SQLiteDatabase: 	at androidx.core.app.JobIntentService$CommandProcessor.doInBackground(JobIntentService.java:391)
05-28 05:16:20.772  1412  1925 E SQLiteDatabase: 	at androidx.core.app.JobIntentService$CommandProcessor.doInBackground(JobIntentService.java:382)
05-28 05:16:20.772  1412  1925 E SQLiteDatabase: 	at android.os.AsyncTask$3.call(AsyncTask.java:394)
05-28 05:16:20.772  1412  1925 E SQLiteDatabase: 	at java.util.concurrent.FutureTask.run(FutureTask.java:266)
05-28 05:16:20.772  1412  1925 E SQLiteDatabase: 	at java.util.concurrent.ThreadPoolExecutor.runWorker(ThreadPoolExecutor.java:1167)
05-28 05:16:20.772  1412  1925 E SQLiteDatabase: 	at java.util.concurrent.ThreadPoolExecutor$Worker.run(ThreadPoolExecutor.java:641)
05-28 05:16:20.772  1412  1925 E SQLiteDatabase: 	at java.lang.Thread.run(Thread.java:923)
05-28 05:16:20.861   158   158 I hwservicemanager: getTransport: Cannot find entry android.hardware.graphics.mapper@4.0::IMapper/default in either framework or device manifest.
05-28 05:16:20.861  9809  9809 I Gralloc4: mapper 4.x is not supported
05-28 05:16:20.905  9813  9815 I cmd     : oneway function results will be dropped but finished with status OK and parcel size 4
05-28 05:16:20.968  1412  2579 I MediaProvider: Deleted 1 items on external_primary due to com.android.shell
05-28 05:16:20.993  9824  9826 I cmd     : oneway function results will be dropped but finished with status OK and parcel size 4
05-28 05:16:21.117   158   158 I hwservicemanager: getTransport: Cannot find entry android.hardware.graphics.mapper@4.0::IMapper/default in either framework or device manifest.
05-28 05:16:21.118  9846  9846 I Gralloc4: mapper 4.x is not supported
05-28 05:16:21.161  9850  9852 I cmd     : oneway function results will be dropped but finished with status OK and parcel size 4
05-28 05:16:21.222  1412  1540 I MediaProvider: Deleted 1 items on external_primary due to com.android.shell
05-28 05:16:21.248  9861  9863 I cmd     : oneway function results will be dropped but finished with status OK and parcel size 4
05-28 05:16:21.376   158   158 I hwservicemanager: getTransport: Cannot find entry android.hardware.graphics.mapper@4.0::IMapper/default in either framework or device manifest.
05-28 05:16:21.376  9883  9883 I Gralloc4: mapper 4.x is not supported
05-28 05:16:21.441  1412  1539 I MediaProvider: Deleted 1 items on external_primary due to com.android.shell
05-28 05:16:21.468  9898  9900 I cmd     : oneway function results will be dropped but finished with status OK and parcel size 4
05-28 05:16:21.516  9913  9915 I cmd     : oneway function results will be dropped but finished with status OK and parcel size 4
05-28 05:16:21.582  9930  9932 I cmd     : oneway function results will be dropped but finished with status OK and parcel size 4
05-28 05:16:21.630  9945  9947 I cmd     : oneway function results will be dropped but finished with status OK and parcel size 4
05-28 05:16:21.704  9957  9957 E libc    : Access denied finding property "persist.device_config.runtime_native_boot.profilebootclasspath"
05-28 05:16:21.704  9957  9957 E libc    : Access denied finding property "persist.device_config.runtime_native_boot.enable_apex_image"
05-28 05:16:21.704  9957  9957 I AndroidRuntime: Using default boot image
05-28 05:16:21.704  9957  9957 E libc    : Access denied finding property "persist.device_config.runtime_native_boot.disable_lock_profiling"
05-28 05:16:21.704  9957  9957 I AndroidRuntime: Leaving lock profiling enabled
05-28 05:16:21.704  9957  9957 E libc    : Access denied finding property "persist.device_config.runtime_native_boot.enable_generational_cc"
05-28 05:16:21.706  9957  9957 I app_process: Core platform API reporting enabled, enforcing=false
05-28 05:16:21.700  9957  9957 W app_process: type=1400 audit(0.0:209): avc: denied { read } for name="u:object_r:device_config_runtime_native_boot_prop:s0" dev="tmpfs" ino=506 scontext=u:r:shell:s0 tcontext=u:object_r:device_config_runtime_native_boot_prop:s0 tclass=file permissive=0
05-28 05:16:21.744  9957  9957 W app_process: Unexpected CPU variant for X86 using defaults: x86_64
05-28 05:16:21.745  9957  9957 I app_process: The ClassLoaderContext is a special shared library.
05-28 05:16:21.751  9957  9957 W app_process: JNI RegisterNativeMethods: attempt to register 0 native methods for android.media.AudioAttributes
05-28 05:16:22.072  2106  2106 E AccessibilityInteractionClient: 3 Disconnected nodes.
05-28 05:16:22.243  8977  9169 I System.out: 05:16:22.231 [DefaultDispatcher-worker-5] INFO io.ktor.client.HttpClient - REQUEST: https://pokeapi.co/api/v2/pokemon?limit=20&offset=0
05-28 05:16:22.243  8977  9169 I System.out: METHOD: HttpMethod(value=GET)
05-28 05:16:22.243  8977  9169 I System.out: COMMON HEADERS
05-28 05:16:22.243  8977  9169 I System.out: -> Accept: application/json
05-28 05:16:22.243  8977  9169 I System.out: -> Accept-Charset: UTF-8
05-28 05:16:22.243  8977  9169 I System.out: -> Content-Type: application/json
05-28 05:16:22.244  8977  9169 I System.out: CONTENT HEADERS
05-28 05:16:22.244  8977  9169 I System.out: -> Content-Length: 0
05-28 05:16:22.244  8977  9169 I System.out: BODY Content-Type: null
05-28 05:16:22.244  8977  9169 I System.out: BODY START
05-28 05:16:22.244  8977  9169 I System.out: 
05-28 05:16:22.244  8977  9169 I System.out: BODY END
05-28 05:16:22.312  8977  9190 I System.out: 05:16:22.300 [DefaultDispatcher-worker-14] INFO io.ktor.client.HttpClient - RESPONSE: 200 OK
05-28 05:16:22.312  8977  9190 I System.out: METHOD: HttpMethod(value=GET)
05-28 05:16:22.312  8977  9190 I System.out: FROM: https://pokeapi.co/api/v2/pokemon?limit=20&offset=0
05-28 05:16:22.312  8977  9190 I System.out: COMMON HEADERS
05-28 05:16:22.312  8977  9190 I System.out: -> access-control-allow-origin: *
05-28 05:16:22.312  8977  9190 I System.out: -> access-control-expose-headers: X-PokeAPI-Hash,X-PokeAPI-Deploy-Date
05-28 05:16:22.312  8977  9190 I System.out: -> age: 77132
05-28 05:16:22.312  8977  9190 I System.out: -> alt-svc: h3=":443"; ma=86400
05-28 05:16:22.312  8977  9190 I System.out: -> cache-control: public, max-age=86400, s-maxage=86400
05-28 05:16:22.312  8977  9190 I System.out: -> cf-cache-status: HIT
05-28 05:16:22.312  8977  9190 I System.out: -> cf-ray: a02ac970893de16d-SJC
05-28 05:16:22.312  8977  9190 I System.out: -> connection: keep-alive
05-28 05:16:22.312  8977  9190 I System.out: -> content-type: application/json; charset=utf-8
05-28 05:16:22.312  8977  9190 I System.out: -> date: Thu, 28 May 2026 05:16:22 GMT
05-28 05:16:22.312  8977  9190 I System.out: -> etag: W/"588-iX6bV/yoloqGkIPBxJnQfrHsFIU"
05-28 05:16:22.312  8977  9190 I System.out: -> function-execution-id: s4ddeo0gfgv1
05-28 05:16:22.312  8977  9190 I System.out: -> nel: {"report_to":"cf-nel","success_fraction":0.0,"max_age":604800}
05-28 05:16:22.312  8977  9190 I System.out: -> report-to: {"group":"cf-nel","max_age":604800,"endpoints":[{"url":"https://a.nel.cloudflare.com/report/v4?s=DNt0STgOqQMOGkzNjWu2dSBQRIQu9x3Dm5FFBkw0HnzJuC%2B9Uyu87TMsolOZo2l6DN7QJLjfgmmM6D1fJlRSs952oKFk6wIsSAf%2F1qnifHjBoEkIiMjb0k9kc9j%2B"}]}
05-28 05:16:22.312  8977  9190 I System.out: -> server: cloudflare
05-28 05:16:22.312  8977  9190 I System.out: -> strict-transport-security: max-age=31556926
05-28 05:16:22.312  8977  9190 I System.out: -> transfer-encoding: chunked
05-28 05:16:22.312  8977  9190 I System.out: -> vary: Accept-Encoding,cookie,need-authorization, x-fh-requested-host, accept-encoding
05-28 05:16:22.312  8977  9190 I System.out: -> x-android-received-millis: 1779945382285
05-28 05:16:22.312  8977  9190 I System.out: -> x-android-response-source: NETWORK 200
05-28 05:16:22.312  8977  9190 I System.out: -> x-android-selected-protocol: http/1.1
05-28 05:16:22.312  8977  9190 I System.out: -> x-android-sent-millis: 1779945382275
05-28 05:16:22.312  8977  9190 I System.out: -> x-cache: HIT
05-28 05:16:22.312  8977  9190 I System.out: -> x-cache-hits: 0
05-28 05:16:22.312  8977  9190 I System.out: -> x-cloud-trace-context: 086a6c9f1354eb6728425728e2707f3c
05-28 05:16:22.312  8977  9190 I System.out: -> x-country-code: US
05-28 05:16:22.312  8977  9190 I System.out: -> x-orig-accept-language: en-US,en;q=0.9
05-28 05:16:22.312  8977  9190 I System.out: -> x-pokeapi-deploy-date: 1778644762
05-28 05:16:22.312  8977  9190 I System.out: -> x-pokeapi-hash: 492fd4f01858c6c16375b935ba1c3cafb0a88d28
05-28 05:16:22.312  8977  9190 I System.out: -> x-powered-by: Express
05-28 05:16:22.312  8977  9190 I System.out: -> x-served-by: cache-sjc1000133-SJC
05-28 05:16:22.312  8977  9190 I System.out: -> x-timer: S1779868250.437405,VS0,VE1
05-28 05:16:22.312  8977  9190 I System.out: BODY Content-Type: application/json; charset=utf-8
05-28 05:16:22.312  8977  9190 I System.out: BODY START
05-28 05:16:22.312  8977  9190 I System.out: {"count":1350,"next":"https://pokeapi.co/api/v2/pokemon?offset=20&limit=20","previous":null,"results":[{"name":"bulbasaur","url":"https://pokeapi.co/api/v2/pokemon/1/"},{"name":"ivysaur","url":"https://pokeapi.co/api/v2/pokemon/2/"},{"name":"venusaur","url":"https://pokeapi.co/api/v2/pokemon/3/"},{"name":"charmander","url":"https://pokeapi.co/api/v2/pokemon/4/"},{"name":"charmeleon","url":"https://pokeapi.co/api/v2/pokemon/5/"},{"name":"charizard","url":"https://pokeapi.co/api/v2/pokemon/6/"},{"name":"squirtle","url":"https://pokeapi.co/api/v2/pokemon/7/"},{"name":"wartortle","url":"https://pokeapi.co/api/v2/pokemon/8/"},{"name":"blastoise","url":"https://pokeapi.co/api/v2/pokemon/9/"},{"name":"caterpie","url":"https://pokeapi.co/api/v2/pokemon/10/"},{"name":"metapod","url":"https://pokeapi.co/api/v2/pokemon/11/"},{"name":"butterfree","url":"https://pokeapi.co/api/v2/pokemon/12/"},{"name":"weedle","url":"https://pokeapi.co/api/v2/pokemon/13/"},{"name":"kakuna","url":"https://pokeapi.co/api/v2/pokemon/14/"},{"name":"beedrill","url":"https://pokeapi.co/api/v2/pokemon/15/"},{"name":"pidgey","url":"https://pokeapi.co/api/v2/pokemon/16/"},{"name":"pidgeotto","url":"https://pokeapi.co/api/v2/pokemon/17/"},{"name":"pidgeot","url":"https://pokeapi.co/api/v2/pokemon/18/"},{"name":"rattata","url":"https://pokeapi.co/api/v2/pokemon/19/"},{"name":"raticate","url":"https://pokeapi.co/api/v2/pokemon/20/"}]}
05-28 05:16:22.312  8977  9190 I System.out: BODY END
05-28 05:16:23.192  8535  8535 I ProvidersCache: Updating roots due to change on user 0at content://com.android.providers.media.documents/root
05-28 05:16:23.239  8535  8535 I ProvidersCache: Updating roots due to change on user 0at content://com.android.providers.media.documents/root
05-28 05:16:23.487   158   158 I hwservicemanager: getTransport: Cannot find entry android.hardware.graphics.mapper@4.0::IMapper/default in either framework or device manifest.
05-28 05:16:23.487 10001 10001 I Gralloc4: mapper 4.x is not supported
05-28 05:16:23.506   506   541 I DropBoxManagerService: add tag=system_app_strictmode isTagEnabled=true flags=0x2
05-28 05:16:23.538   506  3757 I ActivityManager: Killing 2241:com.android.managedprovisioning/u0a74 (adj 985): empty #17
05-28 05:16:23.543  8535  8535 I ProvidersCache: Updating roots due to change on user 0at content://com.android.providers.media.documents/root
05-28 05:16:23.548   281   281 I Zygote  : Process 2241 exited due to signal 9 (Killed)
05-28 05:16:23.561  1412  1539 I MediaProvider: Deleted 1 items on external_primary due to com.android.shell
05-28 05:16:23.581   506   550 I libprocessgroup: Successfully killed process cgroup uid 10074 pid 2241 in 42ms
05-28 05:16:23.586 10016 10018 I cmd     : oneway function results will be dropped but finished with status OK and parcel size 4
05-28 05:16:23.718   158   158 I hwservicemanager: getTransport: Cannot find entry android.hardware.graphics.mapper@4.0::IMapper/default in either framework or device manifest.
05-28 05:16:23.719 10040 10040 I Gralloc4: mapper 4.x is not supported
05-28 05:16:23.756  8535  8535 I ProvidersCache: Updating roots due to change on user 0at content://com.android.providers.media.documents/root
05-28 05:16:23.793  1412  2579 I MediaProvider: Deleted 1 items on external_primary due to com.android.shell
05-28 05:16:23.936   158   158 I hwservicemanager: getTransport: Cannot find entry android.hardware.graphics.mapper@4.0::IMapper/default in either framework or device manifest.
05-28 05:16:23.936 10077 10077 I Gralloc4: mapper 4.x is not supported
05-28 05:16:23.990 10081 10083 I cmd     : oneway function results will be dropped but finished with status OK and parcel size 4
05-28 05:16:24.012  1412  1540 I MediaProvider: Deleted 1 items on external_primary due to com.android.shell
05-28 05:16:24.037 10092 10094 I cmd     : oneway function results will be dropped but finished with status OK and parcel size 4
05-28 05:16:24.085 10107 10109 I cmd     : oneway function results will be dropped but finished with status OK and parcel size 4
05-28 05:16:24.132 10122 10124 I cmd     : oneway function results will be dropped but finished with status OK and parcel size 4
05-28 05:16:24.182 10137 10139 I cmd     : oneway function results will be dropped but finished with status OK and parcel size 4
05-28 05:16:24.254 10149 10149 E libc    : Access denied finding property "persist.device_config.runtime_native_boot.profilebootclasspath"
05-28 05:16:24.254 10149 10149 E libc    : Access denied finding property "persist.device_config.runtime_native_boot.enable_apex_image"
05-28 05:16:24.254 10149 10149 I AndroidRuntime: Using default boot image
05-28 05:16:24.254 10149 10149 E libc    : Access denied finding property "persist.device_config.runtime_native_boot.disable_lock_profiling"
05-28 05:16:24.254 10149 10149 I AndroidRuntime: Leaving lock profiling enabled
05-28 05:16:24.254 10149 10149 E libc    : Access denied finding property "persist.device_config.runtime_native_boot.enable_generational_cc"
05-28 05:16:24.255 10149 10149 I app_process: Core platform API reporting enabled, enforcing=false
05-28 05:16:24.248 10149 10149 W app_process: type=1400 audit(0.0:213): avc: denied { read } for name="u:object_r:device_config_runtime_native_boot_prop:s0" dev="tmpfs" ino=506 scontext=u:r:shell:s0 tcontext=u:object_r:device_config_runtime_native_boot_prop:s0 tclass=file permissive=0
05-28 05:16:24.291 10149 10149 W app_process: Unexpected CPU variant for X86 using defaults: x86_64
05-28 05:16:24.292 10149 10149 I app_process: The ClassLoaderContext is a special shared library.
05-28 05:16:24.298 10149 10149 W app_process: JNI RegisterNativeMethods: attempt to register 0 native methods for android.media.AudioAttributes
05-28 05:16:24.510  8977  9166 I System.out: 05:16:24.509 [DefaultDispatcher-worker-3] INFO io.ktor.client.HttpClient - REQUEST: https://pokeapi.co/api/v2/pokemon/bulbasaur
05-28 05:16:24.510  8977  9166 I System.out: METHOD: HttpMethod(value=GET)
05-28 05:16:24.510  8977  9166 I System.out: COMMON HEADERS
05-28 05:16:24.510  8977  9166 I System.out: -> Accept: application/json
05-28 05:16:24.510  8977  9166 I System.out: -> Accept-Charset: UTF-8
05-28 05:16:24.510  8977  9166 I System.out: -> Content-Type: application/json
05-28 05:16:24.510  8977  9166 I System.out: CONTENT HEADERS
05-28 05:16:24.510  8977  9166 I System.out: -> Content-Length: 0
05-28 05:16:24.510  8977  9166 I System.out: BODY Content-Type: null
05-28 05:16:24.510  8977  9166 I System.out: BODY START
05-28 05:16:24.510  8977  9166 I System.out: 
05-28 05:16:24.510  8977  9166 I System.out: BODY END
05-28 05:16:24.527  1412  1925 E SQLiteDatabase: Error inserting format=12289 owner_package_name=null parent=-1 volume_name=internal date_modified=1683213674 _display_name=ringtones _data=/product/media/audio/ringtones is_download=0 relative_path=null
05-28 05:16:24.527  1412  1925 E SQLiteDatabase: android.database.sqlite.SQLiteDatabaseLockedException: database is locked (code 5 SQLITE_BUSY)
05-28 05:16:24.527  1412  1925 E SQLiteDatabase: 	at android.database.sqlite.SQLiteConnection.nativeExecuteForLastInsertedRowId(Native Method)
05-28 05:16:24.527  1412  1925 E SQLiteDatabase: 	at android.database.sqlite.SQLiteConnection.executeForLastInsertedRowId(SQLiteConnection.java:938)
05-28 05:16:24.527  1412  1925 E SQLiteDatabase: 	at android.database.sqlite.SQLiteSession.executeForLastInsertedRowId(SQLiteSession.java:790)
05-28 05:16:24.527  1412  1925 E SQLiteDatabase: 	at android.database.sqlite.SQLiteStatement.executeInsert(SQLiteStatement.java:88)
05-28 05:16:24.527  1412  1925 E SQLiteDatabase: 	at android.database.sqlite.SQLiteDatabase.insertWithOnConflict(SQLiteDatabase.java:1701)
05-28 05:16:24.527  1412  1925 E SQLiteDatabase: 	at android.database.sqlite.SQLiteDatabase.insert(SQLiteDatabase.java:1570)
05-28 05:16:24.527  1412  1925 E SQLiteDatabase: 	at com.android.providers.media.MediaProvider.insertDirectory(MediaProvider.java:2773)
05-28 05:16:24.527  1412  1925 E SQLiteDatabase: 	at com.android.providers.media.MediaProvider.getParent(MediaProvider.java:2794)
05-28 05:16:24.527  1412  1925 E SQLiteDatabase: 	at com.android.providers.media.MediaProvider.lambda$insertAllowingUpsert$14(MediaProvider.java:3060)
05-28 05:16:24.527  1412  1925 E SQLiteDatabase: 	at com.android.providers.media.MediaProvider.lambda$insertAllowingUpsert$14$MediaProvider(Unknown Source:0)
05-28 05:16:24.527  1412  1925 E SQLiteDatabase: 	at com.android.providers.media.-$$Lambda$MediaProvider$FjHWs2-fjgG761OzVFzdTX4EWZg.apply(Unknown Source:13)
05-28 05:16:24.527  1412  1925 E SQLiteDatabase: 	at com.android.providers.media.DatabaseHelper.runWithTransaction(DatabaseHelper.java:555)
05-28 05:16:24.527  1412  1925 E SQLiteDatabase: 	at com.android.providers.media.MediaProvider.insertAllowingUpsert(MediaProvider.java:3056)
05-28 05:16:24.527  1412  1925 E SQLiteDatabase: 	at com.android.providers.media.MediaProvider.insertFile(MediaProvider.java:3038)
05-28 05:16:24.527  1412  1925 E SQLiteDatabase: 	at com.android.providers.media.MediaProvider.insertInternal(MediaProvider.java:3470)
05-28 05:16:24.527  1412  1925 E SQLiteDatabase: 	at com.android.providers.media.MediaProvider.insert(MediaProvider.java:3198)
05-28 05:16:24.527  1412  1925 E SQLiteDatabase: 	at android.content.ContentProviderOperation.applyInternal(ContentProviderOperation.java:375)
05-28 05:16:24.527  1412  1925 E SQLiteDatabase: 	at android.content.ContentProviderOperation.apply(ContentProviderOperation.java:347)
05-28 05:16:24.527  1412  1925 E SQLiteDatabase: 	at android.content.ContentProvider.applyBatch(ContentProvider.java:2422)
05-28 05:16:24.527  1412  1925 E SQLiteDatabase: 	at com.android.providers.media.MediaProvider.applyBatch(MediaProvider.java:3522)
05-28 05:16:24.527  1412  1925 E SQLiteDatabase: 	at android.content.ContentProvider.applyBatch(ContentProvider.java:2413)
05-28 05:16:24.527  1412  1925 E SQLiteDatabase: 	at android.content.ContentResolver.applyBatch(ContentResolver.java:2186)
05-28 05:16:24.527  1412  1925 E SQLiteDatabase: 	at com.android.providers.media.scan.ModernMediaScanner$Scan.applyPending(ModernMediaScanner.java:699)
05-28 05:16:24.527  1412  1925 E SQLiteDatabase: 	at com.android.providers.media.scan.ModernMediaScanner$Scan.maybeApplyPending(ModernMediaScanner.java:689)
05-28 05:16:24.527  1412  1925 E SQLiteDatabase: 	at com.android.providers.media.scan.ModernMediaScanner$Scan.visitFile(ModernMediaScanner.java:649)
05-28 05:16:24.527  1412  1925 E SQLiteDatabase: 	at com.android.providers.media.scan.ModernMediaScanner$Scan.visitFile(ModernMediaScanner.java:272)
05-28 05:16:24.527  1412  1925 E SQLiteDatabase: 	at java.nio.file.Files.walkFileTree(Files.java:2670)
05-28 05:16:24.527  1412  1925 E SQLiteDatabase: 	at java.nio.file.Files.walkFileTree(Files.java:2742)
05-28 05:16:24.527  1412  1925 E SQLiteDatabase: 	at com.android.providers.media.scan.ModernMediaScanner$Scan.walkFileTree(ModernMediaScanner.java:366)
05-28 05:16:24.527  1412  1925 E SQLiteDatabase: 	at com.android.providers.media.scan.ModernMediaScanner$Scan.run(ModernMediaScanner.java:329)
05-28 05:16:24.527  1412  1925 E SQLiteDatabase: 	at com.android.providers.media.scan.ModernMediaScanner.scanDirectory(ModernMediaScanner.java:226)
05-28 05:16:24.527  1412  1925 E SQLiteDatabase: 	at com.android.providers.media.MediaProvider.scanDirectory(MediaProvider.java:1111)
05-28 05:16:24.527  1412  1925 E SQLiteDatabase: 	at com.android.providers.media.MediaService.onScanVolume(MediaService.java:148)
05-28 05:16:24.527  1412  1925 E SQLiteDatabase: 	at com.android.providers.media.MediaService.onScanVolume(MediaService.java:117)
05-28 05:16:24.527  1412  1925 E SQLiteDatabase: 	at com.android.providers.media.MediaService.onScanVolume(MediaService.java:108)
05-28 05:16:24.527  1412  1925 E SQLiteDatabase: 	at com.android.providers.media.MediaService.onHandleWork(MediaService.java:71)
05-28 05:16:24.527  1412  1925 E SQLiteDatabase: 	at androidx.core.app.JobIntentService$CommandProcessor.doInBackground(JobIntentService.java:391)
05-28 05:16:24.527  1412  1925 E SQLiteDatabase: 	at androidx.core.app.JobIntentService$CommandProcessor.doInBackground(JobIntentService.java:382)
05-28 05:16:24.527  1412  1925 E SQLiteDatabase: 	at android.os.AsyncTask$3.call(AsyncTask.java:394)
05-28 05:16:24.527  1412  1925 E SQLiteDatabase: 	at java.util.concurrent.FutureTask.run(FutureTask.java:266)
05-28 05:16:24.527  1412  1925 E SQLiteDatabase: 	at java.util.concurrent.ThreadPoolExecutor.runWorker(ThreadPoolExecutor.java:1167)
05-28 05:16:24.527  1412  1925 E SQLiteDatabase: 	at java.util.concurrent.ThreadPoolExecutor$Worker.run(ThreadPoolExecutor.java:641)
05-28 05:16:24.527  1412  1925 E SQLiteDatabase: 	at java.lang.Thread.run(Thread.java:923)
05-28 05:16:24.718  8977  9170 I System.out: 05:16:24.647 [DefaultDispatcher-worker-6] INFO io.ktor.client.HttpClient - RESPONSE: 200 OK
05-28 05:16:24.718  8977  9170 I System.out: METHOD: HttpMethod(value=GET)
05-28 05:16:24.718  8977  9170 I System.out: FROM: https://pokeapi.co/api/v2/pokemon/bulbasaur
05-28 05:16:24.718  8977  9170 I System.out: COMMON HEADERS
05-28 05:16:24.718  8977  9170 I System.out: -> access-control-allow-origin: *
05-28 05:16:24.718  8977  9170 I System.out: -> access-control-expose-headers: X-PokeAPI-Hash,X-PokeAPI-Deploy-Date
05-28 05:16:24.718  8977  9170 I System.out: -> age: 73151
05-28 05:16:24.718  8977  9170 I System.out: -> alt-svc: h3=":443"; ma=86400
05-28 05:16:24.718  8977  9170 I System.out: -> cache-control: public, max-age=86400, s-maxage=86400
05-28 05:16:24.718  8977  9170 I System.out: -> cf-cache-status: HIT
05-28 05:16:24.718  8977  9170 I System.out: -> cf-ray: a02ac97e89d8e16d-SJC
05-28 05:16:24.718  8977  9170 I System.out: -> connection: keep-alive
05-28 05:16:24.718  8977  9170 I System.out: -> content-type: application/json; charset=utf-8
05-28 05:16:24.718  8977  9170 I System.out: -> date: Thu, 28 May 2026 05:16:24 GMT
05-28 05:16:24.718  8977  9170 I System.out: -> etag: W/"41ad6-DjKZLuJ1Lydzi6DxM+a0Oor5Ru0"
05-28 05:16:24.718  8977  9170 I System.out: -> function-execution-id: m6tm7atnyfcd
05-28 05:16:24.718  8977  9170 I System.out: -> nel: {"report_to":"cf-nel","success_fraction":0.0,"max_age":604800}
05-28 05:16:24.718  8977  9170 I System.out: -> report-to: {"group":"cf-nel","max_age":604800,"endpoints":[{"url":"https://a.nel.cloudflare.com/report/v4?s=uG1DpDqNMHcTuYSEYICMq15avwzOqvbEA5O65b11m5dg2KObRL%2BaIWZl9Gp1%2FD66GneSc0KBJETrd23Z%2F5d%2Bz3QCopU7NxYZ2YuI6hcEz2ljv8Q8PAQMhOXCpB9q"}]}
05-28 05:16:24.718  8977  9170 I System.out: -> server: cloudflare
05-28 05:16:24.718  8977  9170 I System.out: -> strict-transport-security: max-age=31556926
05-28 05:16:24.718  8977  9170 I System.out: -> transfer-encoding: chunked
05-28 05:16:24.718  8977  9170 I System.out: -> vary: Accept-Encoding,cookie,need-authorization, x-fh-requested-host, accept-encoding
05-28 05:16:24.718  8977  9170 I System.out: -> x-android-received-millis: 1779945384523
05-28 05:16:24.718  8977  9170 I System.out: -> x-android-response-source: NETWORK 200
05-28 05:16:24.718  8977  9170 I System.out: -> x-android-selected-protocol: http/1.1
05-28 05:16:24.718  8977  9170 I System.out: -> x-android-sent-millis: 1779945384512
05-28 05:16:24.718  8977  9170 I System.out: -> x-cache: HIT
05-28 05:16:24.718  8977  9170 I System.out: -> x-cache-hits: 0
05-28 05:16:24.718  8977  9170 I System.out: -> x-cloud-trace-context: c1fdf054490e4650c30750a5c163fa0e
05-28 05:16:24.718  8977  9170 I System.out: -> x-country-code: US
05-28 05:16:24.718  8977  9170 I System.out: -> x-orig-accept-language: en-US
05-28 05:16:24.718  8977  9170 I System.out: -> x-pokeapi-deploy-date: 1777467995
05-28 05:16:24.718  8977  9170 I System.out: -> x-pokeapi-hash: 6465e037c889ae5e3ebe23334ca76e03cd26bba1
05-28 05:16:24.718  8977  9170 I System.out: -> x-powered-by: Express
05-28 05:16:24.718  8977  9170 I System.out: -> x-served-by: cache-bfi-krnt7300060-BFI
05-28 05:16:24.718  8977  9170 I System.out: -> x-timer: S1777709167.134290,VS0,VE348
05-28 05:16:24.718  8977  9170 I System.out: BODY Content-Type: application/json; charset=utf-8
05-28 05:16:24.718  8977  9170 I System.out: BODY START
05-28 05:16:24.726  8977  9170 I System.out: {"abilities":[{"ability":{"name":"overgrow","url":"https://pokeapi.co/api/v2/ability/65/"},"is_hidden":false,"slot":1},{"ability":{"name":"chlorophyll","url":"https://pokeapi.co/api/v2/ability/34/"},"is_hidden":true,"slot":3}],"base_experience":64,"cries":{"latest":"https://raw.githubusercontent.com/PokeAPI/cries/main/cries/pokemon/latest/1.ogg","legacy":"https://raw.githubusercontent.com/PokeAPI/cries/main/cries/pokemon/legacy/1.ogg"},"forms":[{"name":"bulbasaur","url":"https://pokeapi.co/api/v2/pokemon-form/1/"}],"game_indices":[{"game_index":153,"version":{"name":"red","url":"https://pokeapi.co/api/v2/version/1/"}},{"game_index":153,"version":{"name":"blue","url":"https://pokeapi.co/api/v2/version/2/"}},{"game_index":153,"version":{"name":"yellow","url":"https://pokeapi.co/api/v2/version/3/"}},{"game_index":1,"version":{"name":"gold","url":"https://pokeapi.co/api/v2/version/4/"}},{"game_index":1,"version":{"name":"silver","url":"https://pokeapi.co/api/v2/version/5/"}},{"game_index":1,"version":{"name":"crystal","url":"https://pokeapi.co/api/v2/version/6/"}},{"game_index":1,"version":{"name":"ruby","url":"https://pokeapi.co/api/v2/version/7/"}},{"game_index":1,"version":{"name":"sapphire","url":"https://pokeapi.co/api/v2/version/8/"}},{"game_index":1,"version":{"name":"emerald","url":"https://pokeapi.co/api/v2/version/9/"}},{"game_index":1,"version":{"name":"firered","url":"https://pokeapi.co/api/v2/version/10/"}},{"game_index":1,"version":{"name":"leafgreen","url":"https://pokeapi.co/api/v2/version/11/"}},{"game_index":1,"version":{"name":"diamond","url":"https://pokeapi.co/api/v2/version/12/"}},{"game_index":1,"version":{"name":"pearl","url":"https://pokeapi.co/api/v2/version/13/"}},{"game_index":1,"version":{"name":"platinum","url":"https://pokeapi.co/api/v2/version/14/"}},{"game_index":1,"version":{"name":"heartgold","url":"https://pokeapi.co/api/v2/version/15/"}},{"game_index":1,"version":{"name":"soulsilver","url":"https://pokeapi.co/api/v2/version/16/"}},{"game_index":1,"version":{"name":"black","url":"https://pokeapi.co/api/v2/version/17/"}},{"game_index":1,"version":{"name":"white","url":"https://pokeapi.co/api/v2/version/18/"}},{"game_index":1,"version":{"name":"black-2","url":"https://pokeapi.co/api/v2/version/21/"}},{"game_index":1,"version":{"name":"white-2","url":"https://pokeapi.co/api/v2/version/22/"}}],"height":7,"held_items":[],"id":1,"is_default":true,"location_area_encounters":"https://pokeapi.co/api/v2/pokemon/1/encounters","moves":[{"move":{"name":"razor-wind","url":"https://pokeapi.co/api/v2/move/13/"},"version_group_details":[{"level_learned_at":0,"move_learn_method":{"name":"egg","url":"https://pokeapi.co/api/v2/move-learn-method/2/"},"order":null,"version_group":{"name":"gold-silver","url":"https://pokeapi.co/api/v2/version-group/3/"}},{"level_learned_at":0,"move_learn_method":{"name":"egg","url":"https://pokeapi.co/api/v2/move-learn-method/2/"},"order":null,"version_group":{"name":"crystal","url":"https://pokeapi.co/api/v2/version-group/4/"}}]},{"move":{"name":"swords-dance","url":"https://pokeapi.co/api/v2/move/14/"},"version_group_details":[{"level_learned_at":0,"move_learn_method":{"name":"machine","url":"https://pokeapi.co/api/v2/move-learn-method/4/"},"order":null,"version_group":{"name":"red-blue","url":"https://pokeapi.co/api/v2/version-group/1/"}},{"level_learned_at":0,"move_learn_method":{"name":"machine","url":"https://pokeapi.co/api/v2/move-learn-method/4/"},"order":null,"version_group":{"name":"yellow","url":"https://pokeapi.co/api/v2/version-group/2/"}},{"level_learned_at":0,"move_learn_method":{"name":"tutor","url":"https://pokeapi.co/api/v2/move-learn-method/3/"},"order":null,"version_group":{"name":"emerald","url":"https://pokeapi.co/api/v2/version-group/6/"}},{"level_learned_at":0,"move_learn_method":{"name":"tutor","url":"https://pokeapi.co/api/v2/move-learn-method/3/"},"order":null,"version_group":{"name":"firered-leafgreen","url":"https://pokeapi.co/api/v2/version-group/7/"}},{"level_learned_at":0,"move_learn_method":{"name":"machin
05-28 05:16:24.726  8977  9170 I System.out: BODY END
05-28 05:16:25.795  8535  8535 I ProvidersCache: Updating roots due to change on user 0at content://com.android.providers.media.documents/root
05-28 05:16:26.043  8535  8535 I ProvidersCache: Updating roots due to change on user 0at content://com.android.providers.media.documents/root
05-28 05:16:26.048   158   158 I hwservicemanager: getTransport: Cannot find entry android.hardware.graphics.mapper@4.0::IMapper/default in either framework or device manifest.
05-28 05:16:26.049 10185 10185 I Gralloc4: mapper 4.x is not supported
05-28 05:16:26.122  1412  1539 I MediaProvider: Deleted 1 items on external_primary due to com.android.shell
05-28 05:16:26.147 10200 10202 I cmd     : oneway function results will be dropped but finished with status OK and parcel size 4
05-28 05:16:26.252  8535  8535 I ProvidersCache: Updating roots due to change on user 0at content://com.android.providers.media.documents/root
05-28 05:16:26.280   158   158 I hwservicemanager: getTransport: Cannot find entry android.hardware.graphics.mapper@4.0::IMapper/default in either framework or device manifest.
05-28 05:16:26.280 10222 10222 I Gralloc4: mapper 4.x is not supported
05-28 05:16:26.350  1412  1539 I MediaProvider: Deleted 1 items on external_primary due to com.android.shell
05-28 05:16:26.375 10237 10239 I cmd     : oneway function results will be dropped but finished with status OK and parcel size 4
05-28 05:16:26.490   158   158 I hwservicemanager: getTransport: Cannot find entry android.hardware.graphics.mapper@4.0::IMapper/default in either framework or device manifest.
05-28 05:16:26.490 10259 10259 I Gralloc4: mapper 4.x is not supported
05-28 05:16:26.561  1412  1540 I MediaProvider: Deleted 1 items on external_primary due to com.android.shell
05-28 05:16:26.586 10274 10276 I cmd     : oneway function results will be dropped but finished with status OK and parcel size 4
05-28 05:16:26.634 10289 10291 I cmd     : oneway function results will be dropped but finished with status OK and parcel size 4
05-28 05:16:26.682 10304 10306 I cmd     : oneway function results will be dropped but finished with status OK and parcel size 4
05-28 05:16:26.825 10333 10333 E libc    : Access denied finding property "persist.device_config.runtime_native_boot.profilebootclasspath"
05-28 05:16:26.825 10333 10333 E libc    : Access denied finding property "persist.device_config.runtime_native_boot.enable_apex_image"
05-28 05:16:26.825 10333 10333 I AndroidRuntime: Using default boot image
05-28 05:16:26.825 10333 10333 E libc    : Access denied finding property "persist.device_config.runtime_native_boot.disable_lock_profiling"
05-28 05:16:26.825 10333 10333 I AndroidRuntime: Leaving lock profiling enabled
05-28 05:16:26.825 10333 10333 E libc    : Access denied finding property "persist.device_config.runtime_native_boot.enable_generational_cc"
05-28 05:16:26.826 10333 10333 I app_process: Core platform API reporting enabled, enforcing=false
05-28 05:16:26.820 10333 10333 W app_process: type=1400 audit(0.0:217): avc: denied { read } for name="u:object_r:device_config_runtime_native_boot_prop:s0" dev="tmpfs" ino=506 scontext=u:r:shell:s0 tcontext=u:object_r:device_config_runtime_native_boot_prop:s0 tclass=file permissive=0
05-28 05:16:26.864 10333 10333 W app_process: Unexpected CPU variant for X86 using defaults: x86_64
05-28 05:16:26.865 10333 10333 I app_process: The ClassLoaderContext is a special shared library.
05-28 05:16:26.871 10333 10333 W app_process: JNI RegisterNativeMethods: attempt to register 0 native methods for android.media.AudioAttributes
05-28 05:16:28.284  8535  8535 I ProvidersCache: Updating roots due to change on user 0at content://com.android.providers.media.documents/root
05-28 05:16:28.339  8535  8535 I ProvidersCache: Updating roots due to change on user 0at content://com.android.providers.media.documents/root
05-28 05:16:28.588   158   158 I hwservicemanager: getTransport: Cannot find entry android.hardware.graphics.mapper@4.0::IMapper/default in either framework or device manifest.
05-28 05:16:28.588 10364 10364 I Gralloc4: mapper 4.x is not supported
05-28 05:16:28.620  8535  8535 I ProvidersCache: Updating roots due to change on user 0at content://com.android.providers.media.documents/root
05-28 05:16:28.670  1412  2579 I MediaProvider: Deleted 1 items on external_primary due to com.android.shell
05-28 05:16:28.694 10379 10381 I cmd     : oneway function results will be dropped but finished with status OK and parcel size 4
05-28 05:16:28.763  8535  8535 I ProvidersCache: Updating roots due to change on user 0at content://com.android.providers.media.documents/root
05-28 05:16:28.822   158   158 I hwservicemanager: getTransport: Cannot find entry android.hardware.graphics.mapper@4.0::IMapper/default in either framework or device manifest.
05-28 05:16:28.822 10401 10401 I Gralloc4: mapper 4.x is not supported
05-28 05:16:28.879  8535  8535 I ProvidersCache: Updating roots due to change on user 0at content://com.android.providers.media.documents/root
05-28 05:16:28.903  1412  1539 I MediaProvider: Deleted 1 items on external_primary due to com.android.shell
05-28 05:16:28.928 10419 10421 I cmd     : oneway function results will be dropped but finished with status OK and parcel size 4
05-28 05:16:29.045   158   158 I hwservicemanager: getTransport: Cannot find entry android.hardware.graphics.mapper@4.0::IMapper/default in either framework or device manifest.
05-28 05:16:29.045 10441 10441 I Gralloc4: mapper 4.x is not supported
05-28 05:16:29.101 10445 10447 I cmd     : oneway function results will be dropped but finished with status OK and parcel size 4
05-28 05:16:29.122  1412  1540 I MediaProvider: Deleted 1 items on external_primary due to com.android.shell
05-28 05:16:29.148 10456 10458 I cmd     : oneway function results will be dropped but finished with status OK and parcel size 4
05-28 05:16:29.243 10486 10488 I cmd     : oneway function results will be dropped but finished with status OK and parcel size 4
05-28 05:16:29.291 10501 10503 I cmd     : oneway function results will be dropped but finished with status OK and parcel size 4
05-28 05:16:29.366 10513 10513 E libc    : Access denied finding property "persist.device_config.runtime_native_boot.profilebootclasspath"
05-28 05:16:29.366 10513 10513 E libc    : Access denied finding property "persist.device_config.runtime_native_boot.enable_apex_image"
05-28 05:16:29.366 10513 10513 I AndroidRuntime: Using default boot image
05-28 05:16:29.366 10513 10513 E libc    : Access denied finding property "persist.device_config.runtime_native_boot.disable_lock_profiling"
05-28 05:16:29.366 10513 10513 I AndroidRuntime: Leaving lock profiling enabled
05-28 05:16:29.366 10513 10513 E libc    : Access denied finding property "persist.device_config.runtime_native_boot.enable_generational_cc"
05-28 05:16:29.367 10513 10513 I app_process: Core platform API reporting enabled, enforcing=false
05-28 05:16:29.360 10513 10513 W app_process: type=1400 audit(0.0:221): avc: denied { read } for name="u:object_r:device_config_runtime_native_boot_prop:s0" dev="tmpfs" ino=506 scontext=u:r:shell:s0 tcontext=u:object_r:device_config_runtime_native_boot_prop:s0 tclass=file permissive=0
05-28 05:16:29.403 10513 10513 W app_process: Unexpected CPU variant for X86 using defaults: x86_64
05-28 05:16:29.404 10513 10513 I app_process: The ClassLoaderContext is a special shared library.
05-28 05:16:29.410 10513 10513 W app_process: JNI RegisterNativeMethods: attempt to register 0 native methods for android.media.AudioAttributes
05-28 05:16:29.625  8977  9165 I System.out: 05:16:29.624 [DefaultDispatcher-worker-2] INFO io.ktor.client.HttpClient - REQUEST: https://pokeapi.co/api/v2/pokemon/ivysaur
05-28 05:16:29.625  8977  9165 I System.out: METHOD: HttpMethod(value=GET)
05-28 05:16:29.625  8977  9165 I System.out: COMMON HEADERS
05-28 05:16:29.625  8977  9165 I System.out: -> Accept: application/json
05-28 05:16:29.625  8977  9165 I System.out: -> Accept-Charset: UTF-8
05-28 05:16:29.625  8977  9165 I System.out: -> Content-Type: application/json
05-28 05:16:29.625  8977  9165 I System.out: CONTENT HEADERS
05-28 05:16:29.625  8977  9165 I System.out: -> Content-Length: 0
05-28 05:16:29.625  8977  9165 I System.out: BODY Content-Type: null
05-28 05:16:29.625  8977  9165 I System.out: BODY START
05-28 05:16:29.625  8977  9165 I System.out: 
05-28 05:16:29.625  8977  9165 I System.out: BODY END
05-28 05:16:29.749  8977  9188 I System.out: 05:16:29.734 [DefaultDispatcher-worker-12] INFO io.ktor.client.HttpClient - RESPONSE: 200 OK
05-28 05:16:29.749  8977  9188 I System.out: METHOD: HttpMethod(value=GET)
05-28 05:16:29.749  8977  9188 I System.out: FROM: https://pokeapi.co/api/v2/pokemon/ivysaur
05-28 05:16:29.749  8977  9188 I System.out: COMMON HEADERS
05-28 05:16:29.749  8977  9188 I System.out: -> access-control-allow-origin: *
05-28 05:16:29.749  8977  9188 I System.out: -> age: 13381
05-28 05:16:29.749  8977  9188 I System.out: -> alt-svc: h3=":443"; ma=86400
05-28 05:16:29.749  8977  9188 I System.out: -> cache-control: public, max-age=86400, s-maxage=86400
05-28 05:16:29.749  8977  9188 I System.out: -> cf-cache-status: HIT
05-28 05:16:29.749  8977  9188 I System.out: -> cf-ray: a02ac99e7b88e16d-SJC
05-28 05:16:29.749  8977  9188 I System.out: -> connection: keep-alive
05-28 05:16:29.749  8977  9188 I System.out: -> content-type: application/json; charset=utf-8
05-28 05:16:29.749  8977  9188 I System.out: -> date: Thu, 28 May 2026 05:16:29 GMT
05-28 05:16:29.749  8977  9188 I System.out: -> etag: W/"3a208-UaeAV+hyIAKhsYxQ2HzouJGTqQg"
05-28 05:16:29.749  8977  9188 I System.out: -> function-execution-id: nec67fam86i0
05-28 05:16:29.749  8977  9188 I System.out: -> nel: {"report_to":"cf-nel","success_fraction":0.0,"max_age":604800}
05-28 05:16:29.749  8977  9188 I System.out: -> report-to: {"group":"cf-nel","max_age":604800,"endpoints":[{"url":"https://a.nel.cloudflare.com/report/v4?s=SPPjb0edPXkhcf9bgPr5xol0lc7IHeUumeneOq%2BzJkdfnKmxiqK16aqzxSr4jAybQTq1Z1EwzKPDpGENGnhVgKv7D36cG5xGGVm6VbZFC0bSeYd8EO6f%2FIoI6nYU"}]}
05-28 05:16:29.749  8977  9188 I System.out: -> server: cloudflare
05-28 05:16:29.749  8977  9188 I System.out: -> strict-transport-security: max-age=31556926
05-28 05:16:29.749  8977  9188 I System.out: -> transfer-encoding: chunked
