05-28 05:17:11.491  1412  1925 E SQLiteDatabase: 	at android.content.ContentResolver.applyBatch(ContentResolver.java:2186)
05-28 05:17:11.491  1412  1925 E SQLiteDatabase: 	at com.android.providers.media.scan.ModernMediaScanner$Scan.applyPending(ModernMediaScanner.java:699)
05-28 05:17:11.491  1412  1925 E SQLiteDatabase: 	at com.android.providers.media.scan.ModernMediaScanner$Scan.maybeApplyPending(ModernMediaScanner.java:689)
05-28 05:17:11.491  1412  1925 E SQLiteDatabase: 	at com.android.providers.media.scan.ModernMediaScanner$Scan.visitFile(ModernMediaScanner.java:649)
05-28 05:17:11.491  1412  1925 E SQLiteDatabase: 	at com.android.providers.media.scan.ModernMediaScanner$Scan.visitFile(ModernMediaScanner.java:272)
05-28 05:17:11.491  1412  1925 E SQLiteDatabase: 	at java.nio.file.Files.walkFileTree(Files.java:2670)
05-28 05:17:11.491  1412  1925 E SQLiteDatabase: 	at java.nio.file.Files.walkFileTree(Files.java:2742)
05-28 05:17:11.491  1412  1925 E SQLiteDatabase: 	at com.android.providers.media.scan.ModernMediaScanner$Scan.walkFileTree(ModernMediaScanner.java:366)
05-28 05:17:11.491  1412  1925 E SQLiteDatabase: 	at com.android.providers.media.scan.ModernMediaScanner$Scan.run(ModernMediaScanner.java:329)
05-28 05:17:11.491  1412  1925 E SQLiteDatabase: 	at com.android.providers.media.scan.ModernMediaScanner.scanDirectory(ModernMediaScanner.java:226)
05-28 05:17:11.491  1412  1925 E SQLiteDatabase: 	at com.android.providers.media.MediaProvider.scanDirectory(MediaProvider.java:1111)
05-28 05:17:11.491  1412  1925 E SQLiteDatabase: 	at com.android.providers.media.MediaService.onScanVolume(MediaService.java:148)
05-28 05:17:11.491  1412  1925 E SQLiteDatabase: 	at com.android.providers.media.MediaService.onScanVolume(MediaService.java:117)
05-28 05:17:11.491  1412  1925 E SQLiteDatabase: 	at com.android.providers.media.MediaService.onScanVolume(MediaService.java:108)
05-28 05:17:11.491  1412  1925 E SQLiteDatabase: 	at com.android.providers.media.MediaService.onHandleWork(MediaService.java:71)
05-28 05:17:11.491  1412  1925 E SQLiteDatabase: 	at androidx.core.app.JobIntentService$CommandProcessor.doInBackground(JobIntentService.java:391)
05-28 05:17:11.491  1412  1925 E SQLiteDatabase: 	at androidx.core.app.JobIntentService$CommandProcessor.doInBackground(JobIntentService.java:382)
05-28 05:17:11.492  1412  1925 E SQLiteDatabase: 	at android.os.AsyncTask$3.call(AsyncTask.java:394)
05-28 05:17:11.492  1412  1925 E SQLiteDatabase: 	at java.util.concurrent.FutureTask.run(FutureTask.java:266)
05-28 05:17:11.492  1412  1925 E SQLiteDatabase: 	at java.util.concurrent.ThreadPoolExecutor.runWorker(ThreadPoolExecutor.java:1167)
05-28 05:17:11.492  1412  1925 E SQLiteDatabase: 	at java.util.concurrent.ThreadPoolExecutor$Worker.run(ThreadPoolExecutor.java:641)
05-28 05:17:11.492  1412  1925 E SQLiteDatabase: 	at java.lang.Thread.run(Thread.java:923)
05-28 05:17:12.821  8535  8535 I ProvidersCache: Updating roots due to change on user 0at content://com.android.providers.media.documents/root
05-28 05:17:12.891  8535  8535 I ProvidersCache: Updating roots due to change on user 0at content://com.android.providers.media.documents/root
05-28 05:17:12.908   158   158 I hwservicemanager: getTransport: Cannot find entry android.hardware.graphics.mapper@4.0::IMapper/default in either framework or device manifest.
05-28 05:17:12.908 13528 13528 I Gralloc4: mapper 4.x is not supported
05-28 05:17:12.973  1412  1540 I MediaProvider: Deleted 1 items on external_primary due to com.android.shell
05-28 05:17:12.998 13544 13546 I cmd     : oneway function results will be dropped but finished with status OK and parcel size 4
05-28 05:17:13.118   158   158 I hwservicemanager: getTransport: Cannot find entry android.hardware.graphics.mapper@4.0::IMapper/default in either framework or device manifest.
05-28 05:17:13.118 13566 13566 I Gralloc4: mapper 4.x is not supported
05-28 05:17:13.144  8535  8535 I ProvidersCache: Updating roots due to change on user 0at content://com.android.providers.media.documents/root
05-28 05:17:13.196  1412  1540 I MediaProvider: Deleted 1 items on external_primary due to com.android.shell
05-28 05:17:13.228 13583 13585 I cmd     : oneway function results will be dropped but finished with status OK and parcel size 4
05-28 05:17:13.339  8535  8535 I ProvidersCache: Updating roots due to change on user 0at content://com.android.providers.media.documents/root
05-28 05:17:13.343   158   158 I hwservicemanager: getTransport: Cannot find entry android.hardware.graphics.mapper@4.0::IMapper/default in either framework or device manifest.
05-28 05:17:13.343 13605 13605 I Gralloc4: mapper 4.x is not supported
05-28 05:17:13.385 13609 13611 I cmd     : oneway function results will be dropped but finished with status OK and parcel size 4
05-28 05:17:13.446  1412  1539 I MediaProvider: Deleted 1 items on external_primary due to com.android.shell
05-28 05:17:13.471 13620 13622 I cmd     : oneway function results will be dropped but finished with status OK and parcel size 4
05-28 05:17:13.521 13635 13637 I cmd     : oneway function results will be dropped but finished with status OK and parcel size 4
05-28 05:17:13.569 13650 13652 I cmd     : oneway function results will be dropped but finished with status OK and parcel size 4
05-28 05:17:13.619 13665 13667 I cmd     : oneway function results will be dropped but finished with status OK and parcel size 4
05-28 05:17:13.688 13677 13677 W app_process: type=1400 audit(0.0:289): avc: denied { read } for name="u:object_r:device_config_runtime_native_boot_prop:s0" dev="tmpfs" ino=506 scontext=u:r:shell:s0 tcontext=u:object_r:device_config_runtime_native_boot_prop:s0 tclass=file permissive=0
05-28 05:17:13.691 13677 13677 E libc    : Access denied finding property "persist.device_config.runtime_native_boot.profilebootclasspath"
05-28 05:17:13.691 13677 13677 E libc    : Access denied finding property "persist.device_config.runtime_native_boot.enable_apex_image"
05-28 05:17:13.691 13677 13677 I AndroidRuntime: Using default boot image
05-28 05:17:13.691 13677 13677 E libc    : Access denied finding property "persist.device_config.runtime_native_boot.disable_lock_profiling"
05-28 05:17:13.691 13677 13677 I AndroidRuntime: Leaving lock profiling enabled
05-28 05:17:13.691 13677 13677 E libc    : Access denied finding property "persist.device_config.runtime_native_boot.enable_generational_cc"
05-28 05:17:13.692 13677 13677 I app_process: Core platform API reporting enabled, enforcing=false
05-28 05:17:13.688 13677 13677 W app_process: type=1400 audit(0.0:290): avc: denied { read } for name="u:object_r:device_config_runtime_native_boot_prop:s0" dev="tmpfs" ino=506 scontext=u:r:shell:s0 tcontext=u:object_r:device_config_runtime_native_boot_prop:s0 tclass=file permissive=0
05-28 05:17:13.729 13677 13677 W app_process: Unexpected CPU variant for X86 using defaults: x86_64
05-28 05:17:13.730 13677 13677 I app_process: The ClassLoaderContext is a special shared library.
05-28 05:17:13.736 13677 13677 W app_process: JNI RegisterNativeMethods: attempt to register 0 native methods for android.media.AudioAttributes
05-28 05:17:15.062  1412  1925 E SQLiteDatabase: Error inserting format=12289 owner_package_name=null parent=-1 volume_name=internal date_modified=1683213674 _display_name=audio _data=/product/media/audio is_download=0 relative_path=null
05-28 05:17:15.062  1412  1925 E SQLiteDatabase: android.database.sqlite.SQLiteDatabaseLockedException: database is locked (code 5 SQLITE_BUSY)
05-28 05:17:15.062  1412  1925 E SQLiteDatabase: 	at android.database.sqlite.SQLiteConnection.nativeExecuteForLastInsertedRowId(Native Method)
05-28 05:17:15.062  1412  1925 E SQLiteDatabase: 	at android.database.sqlite.SQLiteConnection.executeForLastInsertedRowId(SQLiteConnection.java:938)
05-28 05:17:15.062  1412  1925 E SQLiteDatabase: 	at android.database.sqlite.SQLiteSession.executeForLastInsertedRowId(SQLiteSession.java:790)
05-28 05:17:15.062  1412  1925 E SQLiteDatabase: 	at android.database.sqlite.SQLiteStatement.executeInsert(SQLiteStatement.java:88)
05-28 05:17:15.062  1412  1925 E SQLiteDatabase: 	at android.database.sqlite.SQLiteDatabase.insertWithOnConflict(SQLiteDatabase.java:1701)
05-28 05:17:15.062  1412  1925 E SQLiteDatabase: 	at android.database.sqlite.SQLiteDatabase.insert(SQLiteDatabase.java:1570)
05-28 05:17:15.062  1412  1925 E SQLiteDatabase: 	at com.android.providers.media.MediaProvider.insertDirectory(MediaProvider.java:2773)
05-28 05:17:15.062  1412  1925 E SQLiteDatabase: 	at com.android.providers.media.MediaProvider.getParent(MediaProvider.java:2794)
05-28 05:17:15.062  1412  1925 E SQLiteDatabase: 	at com.android.providers.media.MediaProvider.insertDirectory(MediaProvider.java:2763)
05-28 05:17:15.062  1412  1925 E SQLiteDatabase: 	at com.android.providers.media.MediaProvider.getParent(MediaProvider.java:2794)
05-28 05:17:15.062  1412  1925 E SQLiteDatabase: 	at com.android.providers.media.MediaProvider.lambda$insertAllowingUpsert$14(MediaProvider.java:3060)
05-28 05:17:15.062  1412  1925 E SQLiteDatabase: 	at com.android.providers.media.MediaProvider.lambda$insertAllowingUpsert$14$MediaProvider(Unknown Source:0)
05-28 05:17:15.062  1412  1925 E SQLiteDatabase: 	at com.android.providers.media.-$$Lambda$MediaProvider$FjHWs2-fjgG761OzVFzdTX4EWZg.apply(Unknown Source:13)
05-28 05:17:15.062  1412  1925 E SQLiteDatabase: 	at com.android.providers.media.DatabaseHelper.runWithTransaction(DatabaseHelper.java:555)
05-28 05:17:15.062  1412  1925 E SQLiteDatabase: 	at com.android.providers.media.MediaProvider.insertAllowingUpsert(MediaProvider.java:3056)
05-28 05:17:15.062  1412  1925 E SQLiteDatabase: 	at com.android.providers.media.MediaProvider.insertFile(MediaProvider.java:3038)
05-28 05:17:15.062  1412  1925 E SQLiteDatabase: 	at com.android.providers.media.MediaProvider.insertInternal(MediaProvider.java:3470)
05-28 05:17:15.062  1412  1925 E SQLiteDatabase: 	at com.android.providers.media.MediaProvider.insert(MediaProvider.java:3198)
05-28 05:17:15.062  1412  1925 E SQLiteDatabase: 	at android.content.ContentProviderOperation.applyInternal(ContentProviderOperation.java:375)
05-28 05:17:15.062  1412  1925 E SQLiteDatabase: 	at android.content.ContentProviderOperation.apply(ContentProviderOperation.java:347)
05-28 05:17:15.062  1412  1925 E SQLiteDatabase: 	at android.content.ContentProvider.applyBatch(ContentProvider.java:2422)
05-28 05:17:15.062  1412  1925 E SQLiteDatabase: 	at com.android.providers.media.MediaProvider.applyBatch(MediaProvider.java:3522)
05-28 05:17:15.062  1412  1925 E SQLiteDatabase: 	at android.content.ContentProvider.applyBatch(ContentProvider.java:2413)
05-28 05:17:15.062  1412  1925 E SQLiteDatabase: 	at android.content.ContentResolver.applyBatch(ContentResolver.java:2186)
05-28 05:17:15.062  1412  1925 E SQLiteDatabase: 	at com.android.providers.media.scan.ModernMediaScanner$Scan.applyPending(ModernMediaScanner.java:699)
05-28 05:17:15.062  1412  1925 E SQLiteDatabase: 	at com.android.providers.media.scan.ModernMediaScanner$Scan.maybeApplyPending(ModernMediaScanner.java:689)
05-28 05:17:15.062  1412  1925 E SQLiteDatabase: 	at com.android.providers.media.scan.ModernMediaScanner$Scan.visitFile(ModernMediaScanner.java:649)
05-28 05:17:15.062  1412  1925 E SQLiteDatabase: 	at com.android.providers.media.scan.ModernMediaScanner$Scan.visitFile(ModernMediaScanner.java:272)
05-28 05:17:15.062  1412  1925 E SQLiteDatabase: 	at java.nio.file.Files.walkFileTree(Files.java:2670)
05-28 05:17:15.062  1412  1925 E SQLiteDatabase: 	at java.nio.file.Files.walkFileTree(Files.java:2742)
05-28 05:17:15.062  1412  1925 E SQLiteDatabase: 	at com.android.providers.media.scan.ModernMediaScanner$Scan.walkFileTree(ModernMediaScanner.java:366)
05-28 05:17:15.062  1412  1925 E SQLiteDatabase: 	at com.android.providers.media.scan.ModernMediaScanner$Scan.run(ModernMediaScanner.java:329)
05-28 05:17:15.062  1412  1925 E SQLiteDatabase: 	at com.android.providers.media.scan.ModernMediaScanner.scanDirectory(ModernMediaScanner.java:226)
05-28 05:17:15.062  1412  1925 E SQLiteDatabase: 	at com.android.providers.media.MediaProvider.scanDirectory(MediaProvider.java:1111)
05-28 05:17:15.062  1412  1925 E SQLiteDatabase: 	at com.android.providers.media.MediaService.onScanVolume(MediaService.java:148)
05-28 05:17:15.062  1412  1925 E SQLiteDatabase: 	at com.android.providers.media.MediaService.onScanVolume(MediaService.java:117)
05-28 05:17:15.062  1412  1925 E SQLiteDatabase: 	at com.android.providers.media.MediaService.onScanVolume(MediaService.java:108)
05-28 05:17:15.062  1412  1925 E SQLiteDatabase: 	at com.android.providers.media.MediaService.onHandleWork(MediaService.java:71)
05-28 05:17:15.062  1412  1925 E SQLiteDatabase: 	at androidx.core.app.JobIntentService$CommandProcessor.doInBackground(JobIntentService.java:391)
05-28 05:17:15.062  1412  1925 E SQLiteDatabase: 	at androidx.core.app.JobIntentService$CommandProcessor.doInBackground(JobIntentService.java:382)
05-28 05:17:15.062  1412  1925 E SQLiteDatabase: 	at android.os.AsyncTask$3.call(AsyncTask.java:394)
05-28 05:17:15.062  1412  1925 E SQLiteDatabase: 	at java.util.concurrent.FutureTask.run(FutureTask.java:266)
05-28 05:17:15.062  1412  1925 E SQLiteDatabase: 	at java.util.concurrent.ThreadPoolExecutor.runWorker(ThreadPoolExecutor.java:1167)
05-28 05:17:15.062  1412  1925 E SQLiteDatabase: 	at java.util.concurrent.ThreadPoolExecutor$Worker.run(ThreadPoolExecutor.java:641)
05-28 05:17:15.062  1412  1925 E SQLiteDatabase: 	at java.lang.Thread.run(Thread.java:923)
05-28 05:17:15.382  8535  8535 I ProvidersCache: Updating roots due to change on user 0at content://com.android.providers.media.documents/root
05-28 05:17:15.572  8535  8535 I chatty  : uid=10076(com.android.documentsui) identical 2 lines
05-28 05:17:15.651  8535  8535 I ProvidersCache: Updating roots due to change on user 0at content://com.android.providers.media.documents/root
05-28 05:17:15.753   158   158 I hwservicemanager: getTransport: Cannot find entry android.hardware.graphics.mapper@4.0::IMapper/default in either framework or device manifest.
05-28 05:17:15.753 13707 13707 I Gralloc4: mapper 4.x is not supported
05-28 05:17:15.796  8535  8535 I ProvidersCache: Updating roots due to change on user 0at content://com.android.providers.media.documents/root
05-28 05:17:15.822  1412  2579 I MediaProvider: Deleted 1 items on external_primary due to com.android.shell
05-28 05:17:15.847  8535  8535 I ProvidersCache: Updating roots due to change on user 0at content://com.android.providers.media.documents/root
05-28 05:17:15.862 13722 13724 I cmd     : oneway function results will be dropped but finished with status OK and parcel size 4
05-28 05:17:15.999   158   158 I hwservicemanager: getTransport: Cannot find entry android.hardware.graphics.mapper@4.0::IMapper/default in either framework or device manifest.
05-28 05:17:16.000 13744 13744 I Gralloc4: mapper 4.x is not supported
05-28 05:17:16.044 13748 13750 I cmd     : oneway function results will be dropped but finished with status OK and parcel size 4
05-28 05:17:16.065  1412  2579 I MediaProvider: Deleted 1 items on external_primary due to com.android.shell
05-28 05:17:16.090 13759 13761 I cmd     : oneway function results will be dropped but finished with status OK and parcel size 4
05-28 05:17:16.204   158   158 I hwservicemanager: getTransport: Cannot find entry android.hardware.graphics.mapper@4.0::IMapper/default in either framework or device manifest.
05-28 05:17:16.205 13781 13781 I Gralloc4: mapper 4.x is not supported
05-28 05:17:16.309  1412  2579 I MediaProvider: Deleted 1 items on external_primary due to com.android.shell
05-28 05:17:16.334 13798 13800 I cmd     : oneway function results will be dropped but finished with status OK and parcel size 4
05-28 05:17:16.380 13813 13815 I cmd     : oneway function results will be dropped but finished with status OK and parcel size 4
05-28 05:17:16.427 13828 13830 I cmd     : oneway function results will be dropped but finished with status OK and parcel size 4
05-28 05:17:16.476 13843 13845 I cmd     : oneway function results will be dropped but finished with status OK and parcel size 4
05-28 05:17:16.549 13855 13855 E libc    : Access denied finding property "persist.device_config.runtime_native_boot.profilebootclasspath"
05-28 05:17:16.549 13855 13855 E libc    : Access denied finding property "persist.device_config.runtime_native_boot.enable_apex_image"
05-28 05:17:16.549 13855 13855 I AndroidRuntime: Using default boot image
05-28 05:17:16.549 13855 13855 E libc    : Access denied finding property "persist.device_config.runtime_native_boot.disable_lock_profiling"
05-28 05:17:16.549 13855 13855 I AndroidRuntime: Leaving lock profiling enabled
05-28 05:17:16.549 13855 13855 E libc    : Access denied finding property "persist.device_config.runtime_native_boot.enable_generational_cc"
05-28 05:17:16.550 13855 13855 I app_process: Core platform API reporting enabled, enforcing=false
05-28 05:17:16.544 13855 13855 W app_process: type=1400 audit(0.0:293): avc: denied { read } for name="u:object_r:device_config_runtime_native_boot_prop:s0" dev="tmpfs" ino=506 scontext=u:r:shell:s0 tcontext=u:object_r:device_config_runtime_native_boot_prop:s0 tclass=file permissive=0
05-28 05:17:16.591 13855 13855 W app_process: Unexpected CPU variant for X86 using defaults: x86_64
05-28 05:17:16.592 13855 13855 I app_process: The ClassLoaderContext is a special shared library.
05-28 05:17:16.598 13855 13855 W app_process: JNI RegisterNativeMethods: attempt to register 0 native methods for android.media.AudioAttributes
05-28 05:17:17.527     0     0 W healthd : battery l=100 v=5000 t=25.0 h=2 st=2 c=900000 fc=300000 cc=10 chg=a
05-28 05:17:17.902  8535  8535 I ProvidersCache: Updating roots due to change on user 0at content://com.android.providers.media.documents/root
05-28 05:17:18.292  8535  8535 I chatty  : uid=10076(com.android.documentsui) identical 4 lines
05-28 05:17:18.400  8535  8535 I ProvidersCache: Updating roots due to change on user 0at content://com.android.providers.media.documents/root
05-28 05:17:18.601  1412  1925 E SQLiteDatabase: Error inserting format=12289 owner_package_name=null parent=-1 volume_name=internal date_modified=1683213674 _display_name=ringtones _data=/product/media/audio/ringtones is_download=0 relative_path=null
05-28 05:17:18.601  1412  1925 E SQLiteDatabase: android.database.sqlite.SQLiteDatabaseLockedException: database is locked (code 5 SQLITE_BUSY)
05-28 05:17:18.601  1412  1925 E SQLiteDatabase: 	at android.database.sqlite.SQLiteConnection.nativeExecuteForLastInsertedRowId(Native Method)
05-28 05:17:18.601  1412  1925 E SQLiteDatabase: 	at android.database.sqlite.SQLiteConnection.executeForLastInsertedRowId(SQLiteConnection.java:938)
05-28 05:17:18.601  1412  1925 E SQLiteDatabase: 	at android.database.sqlite.SQLiteSession.executeForLastInsertedRowId(SQLiteSession.java:790)
05-28 05:17:18.601  1412  1925 E SQLiteDatabase: 	at android.database.sqlite.SQLiteStatement.executeInsert(SQLiteStatement.java:88)
05-28 05:17:18.601  1412  1925 E SQLiteDatabase: 	at android.database.sqlite.SQLiteDatabase.insertWithOnConflict(SQLiteDatabase.java:1701)
05-28 05:17:18.601  1412  1925 E SQLiteDatabase: 	at android.database.sqlite.SQLiteDatabase.insert(SQLiteDatabase.java:1570)
05-28 05:17:18.601  1412  1925 E SQLiteDatabase: 	at com.android.providers.media.MediaProvider.insertDirectory(MediaProvider.java:2773)
05-28 05:17:18.601  1412  1925 E SQLiteDatabase: 	at com.android.providers.media.MediaProvider.getParent(MediaProvider.java:2794)
05-28 05:17:18.601  1412  1925 E SQLiteDatabase: 	at com.android.providers.media.MediaProvider.lambda$insertAllowingUpsert$14(MediaProvider.java:3060)
05-28 05:17:18.601  1412  1925 E SQLiteDatabase: 	at com.android.providers.media.MediaProvider.lambda$insertAllowingUpsert$14$MediaProvider(Unknown Source:0)
05-28 05:17:18.601  1412  1925 E SQLiteDatabase: 	at com.android.providers.media.-$$Lambda$MediaProvider$FjHWs2-fjgG761OzVFzdTX4EWZg.apply(Unknown Source:13)
05-28 05:17:18.601  1412  1925 E SQLiteDatabase: 	at com.android.providers.media.DatabaseHelper.runWithTransaction(DatabaseHelper.java:555)
05-28 05:17:18.601  1412  1925 E SQLiteDatabase: 	at com.android.providers.media.MediaProvider.insertAllowingUpsert(MediaProvider.java:3056)
05-28 05:17:18.601  1412  1925 E SQLiteDatabase: 	at com.android.providers.media.MediaProvider.insertFile(MediaProvider.java:3038)
05-28 05:17:18.601  1412  1925 E SQLiteDatabase: 	at com.android.providers.media.MediaProvider.insertInternal(MediaProvider.java:3470)
05-28 05:17:18.601  1412  1925 E SQLiteDatabase: 	at com.android.providers.media.MediaProvider.insert(MediaProvider.java:3198)
05-28 05:17:18.601  1412  1925 E SQLiteDatabase: 	at android.content.ContentProviderOperation.applyInternal(ContentProviderOperation.java:375)
05-28 05:17:18.601  1412  1925 E SQLiteDatabase: 	at android.content.ContentProviderOperation.apply(ContentProviderOperation.java:347)
05-28 05:17:18.601  1412  1925 E SQLiteDatabase: 	at android.content.ContentProvider.applyBatch(ContentProvider.java:2422)
05-28 05:17:18.601  1412  1925 E SQLiteDatabase: 	at com.android.providers.media.MediaProvider.applyBatch(MediaProvider.java:3522)
05-28 05:17:18.601  1412  1925 E SQLiteDatabase: 	at android.content.ContentProvider.applyBatch(ContentProvider.java:2413)
05-28 05:17:18.601  1412  1925 E SQLiteDatabase: 	at android.content.ContentResolver.applyBatch(ContentResolver.java:2186)
05-28 05:17:18.601  1412  1925 E SQLiteDatabase: 	at com.android.providers.media.scan.ModernMediaScanner$Scan.applyPending(ModernMediaScanner.java:699)
05-28 05:17:18.601  1412  1925 E SQLiteDatabase: 	at com.android.providers.media.scan.ModernMediaScanner$Scan.maybeApplyPending(ModernMediaScanner.java:689)
05-28 05:17:18.601  1412  1925 E SQLiteDatabase: 	at com.android.providers.media.scan.ModernMediaScanner$Scan.visitFile(ModernMediaScanner.java:649)
05-28 05:17:18.601  1412  1925 E SQLiteDatabase: 	at com.android.providers.media.scan.ModernMediaScanner$Scan.visitFile(ModernMediaScanner.java:272)
05-28 05:17:18.601  1412  1925 E SQLiteDatabase: 	at java.nio.file.Files.walkFileTree(Files.java:2670)
05-28 05:17:18.601  1412  1925 E SQLiteDatabase: 	at java.nio.file.Files.walkFileTree(Files.java:2742)
05-28 05:17:18.601  1412  1925 E SQLiteDatabase: 	at com.android.providers.media.scan.ModernMediaScanner$Scan.walkFileTree(ModernMediaScanner.java:366)
05-28 05:17:18.601  1412  1925 E SQLiteDatabase: 	at com.android.providers.media.scan.ModernMediaScanner$Scan.run(ModernMediaScanner.java:329)
05-28 05:17:18.601  1412  1925 E SQLiteDatabase: 	at com.android.providers.media.scan.ModernMediaScanner.scanDirectory(ModernMediaScanner.java:226)
05-28 05:17:18.601  1412  1925 E SQLiteDatabase: 	at com.android.providers.media.MediaProvider.scanDirectory(MediaProvider.java:1111)
05-28 05:17:18.601  1412  1925 E SQLiteDatabase: 	at com.android.providers.media.MediaService.onScanVolume(MediaService.java:148)
05-28 05:17:18.601  1412  1925 E SQLiteDatabase: 	at com.android.providers.media.MediaService.onScanVolume(MediaService.java:117)
05-28 05:17:18.601  1412  1925 E SQLiteDatabase: 	at com.android.providers.media.MediaService.onScanVolume(MediaService.java:108)
05-28 05:17:18.601  1412  1925 E SQLiteDatabase: 	at com.android.providers.media.MediaService.onHandleWork(MediaService.java:71)
05-28 05:17:18.601  1412  1925 E SQLiteDatabase: 	at androidx.core.app.JobIntentService$CommandProcessor.doInBackground(JobIntentService.java:391)
05-28 05:17:18.601  1412  1925 E SQLiteDatabase: 	at androidx.core.app.JobIntentService$CommandProcessor.doInBackground(JobIntentService.java:382)
05-28 05:17:18.601  1412  1925 E SQLiteDatabase: 	at android.os.AsyncTask$3.call(AsyncTask.java:394)
05-28 05:17:18.601  1412  1925 E SQLiteDatabase: 	at java.util.concurrent.FutureTask.run(FutureTask.java:266)
05-28 05:17:18.601  1412  1925 E SQLiteDatabase: 	at java.util.concurrent.ThreadPoolExecutor.runWorker(ThreadPoolExecutor.java:1167)
05-28 05:17:18.601  1412  1925 E SQLiteDatabase: 	at java.util.concurrent.ThreadPoolExecutor$Worker.run(ThreadPoolExecutor.java:641)
05-28 05:17:18.601  1412  1925 E SQLiteDatabase: 	at java.lang.Thread.run(Thread.java:923)
05-28 05:17:18.602   158   158 I hwservicemanager: getTransport: Cannot find entry android.hardware.graphics.mapper@4.0::IMapper/default in either framework or device manifest.
05-28 05:17:18.602 13885 13885 I Gralloc4: mapper 4.x is not supported
05-28 05:17:18.646 13889 13891 I cmd     : oneway function results will be dropped but finished with status OK and parcel size 4
05-28 05:17:18.666  1412  1540 I MediaProvider: Deleted 1 items on external_primary due to com.android.shell
05-28 05:17:18.690 13900 13902 I cmd     : oneway function results will be dropped but finished with status OK and parcel size 4
05-28 05:17:18.731   458   458 E netmgr  : qemu_pipe_open_ns:62: Could not connect to the 'pipe:qemud:network' service: Invalid argument
05-28 05:17:18.731   458   458 E netmgr  : Failed to open QEMU pipe 'qemud:network': Invalid argument
05-28 05:17:18.799   484   484 E wifi_forwarder: qemu_pipe_open_ns:62: Could not connect to the 'pipe:qemud:wififorward' service: Invalid argument
05-28 05:17:18.800   484   484 E wifi_forwarder: RemoteConnection failed to initialize: RemoteConnection failed to open pipe
05-28 05:17:18.803   158   158 I hwservicemanager: getTransport: Cannot find entry android.hardware.graphics.mapper@4.0::IMapper/default in either framework or device manifest.
05-28 05:17:18.803 13922 13922 I Gralloc4: mapper 4.x is not supported
05-28 05:17:18.912  1412  1539 I MediaProvider: Deleted 1 items on external_primary due to com.android.shell
05-28 05:17:18.937 13937 13939 I cmd     : oneway function results will be dropped but finished with status OK and parcel size 4
05-28 05:17:19.052   158   158 I hwservicemanager: getTransport: Cannot find entry android.hardware.graphics.mapper@4.0::IMapper/default in either framework or device manifest.
05-28 05:17:19.053 13959 13959 I Gralloc4: mapper 4.x is not supported
05-28 05:17:19.118  1412  1540 I MediaProvider: Deleted 1 items on external_primary due to com.android.shell
05-28 05:17:19.143 13974 13976 I cmd     : oneway function results will be dropped but finished with status OK and parcel size 4
05-28 05:17:19.189 13989 13991 I cmd     : oneway function results will be dropped but finished with status OK and parcel size 4
05-28 05:17:19.237 14004 14006 I cmd     : oneway function results will be dropped but finished with status OK and parcel size 4
05-28 05:17:19.284 14019 14021 I cmd     : oneway function results will be dropped but finished with status OK and parcel size 4
05-28 05:17:19.380 14031 14031 E libc    : Access denied finding property "persist.device_config.runtime_native_boot.profilebootclasspath"
05-28 05:17:19.381 14031 14031 E libc    : Access denied finding property "persist.device_config.runtime_native_boot.enable_apex_image"
05-28 05:17:19.381 14031 14031 I AndroidRuntime: Using default boot image
05-28 05:17:19.381 14031 14031 E libc    : Access denied finding property "persist.device_config.runtime_native_boot.disable_lock_profiling"
05-28 05:17:19.381 14031 14031 I AndroidRuntime: Leaving lock profiling enabled
05-28 05:17:19.381 14031 14031 E libc    : Access denied finding property "persist.device_config.runtime_native_boot.enable_generational_cc"
05-28 05:17:19.383 14031 14031 I app_process: Core platform API reporting enabled, enforcing=false
05-28 05:17:19.364 14031 14031 W app_process: type=1400 audit(0.0:297): avc: denied { read } for name="u:object_r:device_config_runtime_native_boot_prop:s0" dev="tmpfs" ino=506 scontext=u:r:shell:s0 tcontext=u:object_r:device_config_runtime_native_boot_prop:s0 tclass=file permissive=0
05-28 05:17:19.380 14031 14031 I chatty  : uid=2000(shell) main identical 2 lines
05-28 05:17:19.380 14031 14031 W app_process: type=1400 audit(0.0:300): avc: denied { read } for name="u:object_r:device_config_runtime_native_boot_prop:s0" dev="tmpfs" ino=506 scontext=u:r:shell:s0 tcontext=u:object_r:device_config_runtime_native_boot_prop:s0 tclass=file permissive=0
05-28 05:17:19.423 14031 14031 W app_process: Unexpected CPU variant for X86 using defaults: x86_64
05-28 05:17:19.424 14031 14031 I app_process: The ClassLoaderContext is a special shared library.
05-28 05:17:19.430 14031 14031 W app_process: JNI RegisterNativeMethods: attempt to register 0 native methods for android.media.AudioAttributes
05-28 05:17:20.395  8535  8535 I ProvidersCache: Updating roots due to change on user 0at content://com.android.providers.media.documents/root
05-28 05:17:20.870  8535  8535 I chatty  : uid=10076(com.android.documentsui) identical 4 lines
05-28 05:17:20.933  8535  8535 I ProvidersCache: Updating roots due to change on user 0at content://com.android.providers.media.documents/root
05-28 05:17:21.452   158   158 I hwservicemanager: getTransport: Cannot find entry android.hardware.graphics.mapper@4.0::IMapper/default in either framework or device manifest.
05-28 05:17:21.453 14060 14060 I Gralloc4: mapper 4.x is not supported
05-28 05:17:21.499 14066 14068 I cmd     : oneway function results will be dropped but finished with status OK and parcel size 4
05-28 05:17:21.520  1412  1539 I MediaProvider: Deleted 1 items on external_primary due to com.android.shell
05-28 05:17:21.546 14078 14080 I cmd     : oneway function results will be dropped but finished with status OK and parcel size 4
05-28 05:17:21.665   158   158 I hwservicemanager: getTransport: Cannot find entry android.hardware.graphics.mapper@4.0::IMapper/default in either framework or device manifest.
05-28 05:17:21.665 14100 14100 I Gralloc4: mapper 4.x is not supported
05-28 05:17:21.709 14104 14106 I cmd     : oneway function results will be dropped but finished with status OK and parcel size 4
05-28 05:17:21.730  1412  2579 I MediaProvider: Deleted 1 items on external_primary due to com.android.shell
05-28 05:17:21.755 14115 14117 I cmd     : oneway function results will be dropped but finished with status OK and parcel size 4
05-28 05:17:21.872   158   158 I hwservicemanager: getTransport: Cannot find entry android.hardware.graphics.mapper@4.0::IMapper/default in either framework or device manifest.
05-28 05:17:21.872 14137 14137 I Gralloc4: mapper 4.x is not supported
05-28 05:17:21.982  1412  1540 I MediaProvider: Deleted 1 items on external_primary due to com.android.shell
05-28 05:17:22.007 14152 14154 I cmd     : oneway function results will be dropped but finished with status OK and parcel size 4
05-28 05:17:22.054 14167 14169 I cmd     : oneway function results will be dropped but finished with status OK and parcel size 4
05-28 05:17:22.102 14182 14184 I cmd     : oneway function results will be dropped but finished with status OK and parcel size 4
05-28 05:17:22.148 14197 14199 I cmd     : oneway function results will be dropped but finished with status OK and parcel size 4
05-28 05:17:22.221 14209 14209 E libc    : Access denied finding property "persist.device_config.runtime_native_boot.profilebootclasspath"
05-28 05:17:22.221 14209 14209 E libc    : Access denied finding property "persist.device_config.runtime_native_boot.enable_apex_image"
05-28 05:17:22.221 14209 14209 I AndroidRuntime: Using default boot image
05-28 05:17:22.221 14209 14209 E libc    : Access denied finding property "persist.device_config.runtime_native_boot.disable_lock_profiling"
05-28 05:17:22.221 14209 14209 I AndroidRuntime: Leaving lock profiling enabled
05-28 05:17:22.222 14209 14209 E libc    : Access denied finding property "persist.device_config.runtime_native_boot.enable_generational_cc"
05-28 05:17:22.222 14209 14209 I app_process: Core platform API reporting enabled, enforcing=false
05-28 05:17:22.216 14209 14209 W app_process: type=1400 audit(0.0:301): avc: denied { read } for name="u:object_r:device_config_runtime_native_boot_prop:s0" dev="tmpfs" ino=506 scontext=u:r:shell:s0 tcontext=u:object_r:device_config_runtime_native_boot_prop:s0 tclass=file permissive=0
05-28 05:17:22.259 14209 14209 W app_process: Unexpected CPU variant for X86 using defaults: x86_64
05-28 05:17:22.260 14209 14209 I app_process: The ClassLoaderContext is a special shared library.
05-28 05:17:22.266 14209 14209 W app_process: JNI RegisterNativeMethods: attempt to register 0 native methods for android.media.AudioAttributes
05-28 05:17:22.941  8535  8535 I ProvidersCache: Updating roots due to change on user 0at content://com.android.providers.media.documents/root
05-28 05:17:23.355  8535  8535 I chatty  : uid=10076(com.android.documentsui) identical 3 lines
05-28 05:17:23.450  8535  8535 I ProvidersCache: Updating roots due to change on user 0at content://com.android.providers.media.documents/root
05-28 05:17:24.288   158   158 I hwservicemanager: getTransport: Cannot find entry android.hardware.graphics.mapper@4.0::IMapper/default in either framework or device manifest.
05-28 05:17:24.288 14238 14238 I Gralloc4: mapper 4.x is not supported
05-28 05:17:24.333 14242 14244 I cmd     : oneway function results will be dropped but finished with status OK and parcel size 4
05-28 05:17:24.354  1412  1539 I MediaProvider: Deleted 1 items on external_primary due to com.android.shell
05-28 05:17:24.380 14253 14255 I cmd     : oneway function results will be dropped but finished with status OK and parcel size 4
05-28 05:17:24.506   158   158 I hwservicemanager: getTransport: Cannot find entry android.hardware.graphics.mapper@4.0::IMapper/default in either framework or device manifest.
05-28 05:17:24.506 14275 14275 I Gralloc4: mapper 4.x is not supported
05-28 05:17:24.570 14281 14283 I cmd     : oneway function results will be dropped but finished with status OK and parcel size 4
05-28 05:17:24.590  1412  1540 I MediaProvider: Deleted 1 items on external_primary due to com.android.shell
05-28 05:17:24.617 14292 14294 I cmd     : oneway function results will be dropped but finished with status OK and parcel size 4
05-28 05:17:24.733   158   158 I hwservicemanager: getTransport: Cannot find entry android.hardware.graphics.mapper@4.0::IMapper/default in either framework or device manifest.
05-28 05:17:24.733 14314 14314 I Gralloc4: mapper 4.x is not supported
05-28 05:17:24.799  1412  2579 I MediaProvider: Deleted 1 items on external_primary due to com.android.shell
05-28 05:17:24.825 14329 14331 I cmd     : oneway function results will be dropped but finished with status OK and parcel size 4
05-28 05:17:24.875 14344 14346 I cmd     : oneway function results will be dropped but finished with status OK and parcel size 4
05-28 05:17:24.922 14359 14361 I cmd     : oneway function results will be dropped but finished with status OK and parcel size 4
05-28 05:17:24.969 14374 14376 I cmd     : oneway function results will be dropped but finished with status OK and parcel size 4
05-28 05:17:25.040 14386 14386 E libc    : Access denied finding property "persist.device_config.runtime_native_boot.profilebootclasspath"
05-28 05:17:25.040 14386 14386 E libc    : Access denied finding property "persist.device_config.runtime_native_boot.enable_apex_image"
05-28 05:17:25.040 14386 14386 I AndroidRuntime: Using default boot image
05-28 05:17:25.040 14386 14386 E libc    : Access denied finding property "persist.device_config.runtime_native_boot.disable_lock_profiling"
05-28 05:17:25.040 14386 14386 I AndroidRuntime: Leaving lock profiling enabled
05-28 05:17:25.040 14386 14386 E libc    : Access denied finding property "persist.device_config.runtime_native_boot.enable_generational_cc"
05-28 05:17:25.041 14386 14386 I app_process: Core platform API reporting enabled, enforcing=false
05-28 05:17:25.036 14386 14386 W app_process: type=1400 audit(0.0:305): avc: denied { read } for name="u:object_r:device_config_runtime_native_boot_prop:s0" dev="tmpfs" ino=506 scontext=u:r:shell:s0 tcontext=u:object_r:device_config_runtime_native_boot_prop:s0 tclass=file permissive=0
05-28 05:17:25.077 14386 14386 W app_process: Unexpected CPU variant for X86 using defaults: x86_64
05-28 05:17:25.078 14386 14386 I app_process: The ClassLoaderContext is a special shared library.
05-28 05:17:25.084 14386 14386 W app_process: JNI RegisterNativeMethods: attempt to register 0 native methods for android.media.AudioAttributes
05-28 05:17:25.213  2106  2106 E AccessibilityInteractionClient: 3 Disconnected nodes.
05-28 05:17:25.781  8535  8535 I ProvidersCache: Updating roots due to change on user 0at content://com.android.providers.media.documents/root
05-28 05:17:25.847  1412  1925 E SQLiteDatabase: Error inserting format=12289 owner_package_name=null parent=-1 volume_name=internal date_modified=1683216921 _display_name=product _data=/product is_download=0 relative_path=null
05-28 05:17:25.847  1412  1925 E SQLiteDatabase: android.database.sqlite.SQLiteDatabaseLockedException: database is locked (code 5 SQLITE_BUSY)
05-28 05:17:25.847  1412  1925 E SQLiteDatabase: 	at android.database.sqlite.SQLiteConnection.nativeExecuteForLastInsertedRowId(Native Method)
05-28 05:17:25.847  1412  1925 E SQLiteDatabase: 	at android.database.sqlite.SQLiteConnection.executeForLastInsertedRowId(SQLiteConnection.java:938)
05-28 05:17:25.847  1412  1925 E SQLiteDatabase: 	at android.database.sqlite.SQLiteSession.executeForLastInsertedRowId(SQLiteSession.java:790)
05-28 05:17:25.847  1412  1925 E SQLiteDatabase: 	at android.database.sqlite.SQLiteStatement.executeInsert(SQLiteStatement.java:88)
05-28 05:17:25.847  1412  1925 E SQLiteDatabase: 	at android.database.sqlite.SQLiteDatabase.insertWithOnConflict(SQLiteDatabase.java:1701)
05-28 05:17:25.847  1412  1925 E SQLiteDatabase: 	at android.database.sqlite.SQLiteDatabase.insert(SQLiteDatabase.java:1570)
05-28 05:17:25.847  1412  1925 E SQLiteDatabase: 	at com.android.providers.media.MediaProvider.insertDirectory(MediaProvider.java:2773)
05-28 05:17:25.847  1412  1925 E SQLiteDatabase: 	at com.android.providers.media.MediaProvider.getParent(MediaProvider.java:2794)
05-28 05:17:25.847  1412  1925 E SQLiteDatabase: 	at com.android.providers.media.MediaProvider.insertDirectory(MediaProvider.java:2763)
05-28 05:17:25.847  1412  1925 E SQLiteDatabase: 	at com.android.providers.media.MediaProvider.getParent(MediaProvider.java:2794)
05-28 05:17:25.847  1412  1925 E SQLiteDatabase: 	at com.android.providers.media.MediaProvider.insertDirectory(MediaProvider.java:2763)
05-28 05:17:25.847  1412  1925 E SQLiteDatabase: 	at com.android.providers.media.MediaProvider.getParent(MediaProvider.java:2794)
05-28 05:17:25.847  1412  1925 E SQLiteDatabase: 	at com.android.providers.media.MediaProvider.insertDirectory(MediaProvider.java:2763)
05-28 05:17:25.847  1412  1925 E SQLiteDatabase: 	at com.android.providers.media.MediaProvider.getParent(MediaProvider.java:2794)
05-28 05:17:25.847  1412  1925 E SQLiteDatabase: 	at com.android.providers.media.MediaProvider.lambda$insertAllowingUpsert$14(MediaProvider.java:3060)
05-28 05:17:25.847  1412  1925 E SQLiteDatabase: 	at com.android.providers.media.MediaProvider.lambda$insertAllowingUpsert$14$MediaProvider(Unknown Source:0)
05-28 05:17:25.847  1412  1925 E SQLiteDatabase: 	at com.android.providers.media.-$$Lambda$MediaProvider$FjHWs2-fjgG761OzVFzdTX4EWZg.apply(Unknown Source:13)
05-28 05:17:25.847  1412  1925 E SQLiteDatabase: 	at com.android.providers.media.DatabaseHelper.runWithTransaction(DatabaseHelper.java:555)
05-28 05:17:25.847  1412  1925 E SQLiteDatabase: 	at com.android.providers.media.MediaProvider.insertAllowingUpsert(MediaProvider.java:3056)
05-28 05:17:25.847  1412  1925 E SQLiteDatabase: 	at com.android.providers.media.MediaProvider.insertFile(MediaProvider.java:3038)
05-28 05:17:25.847  1412  1925 E SQLiteDatabase: 	at com.android.providers.media.MediaProvider.insertInternal(MediaProvider.java:3470)
05-28 05:17:25.847  1412  1925 E SQLiteDatabase: 	at com.android.providers.media.MediaProvider.insert(MediaProvider.java:3198)
05-28 05:17:25.847  1412  1925 E SQLiteDatabase: 	at android.content.ContentProviderOperation.applyInternal(ContentProviderOperation.java:375)
05-28 05:17:25.847  1412  1925 E SQLiteDatabase: 	at android.content.ContentProviderOperation.apply(ContentProviderOperation.java:347)
05-28 05:17:25.847  1412  1925 E SQLiteDatabase: 	at android.content.ContentProvider.applyBatch(ContentProvider.java:2422)
05-28 05:17:25.847  1412  1925 E SQLiteDatabase: 	at com.android.providers.media.MediaProvider.applyBatch(MediaProvider.java:3522)
05-28 05:17:25.847  1412  1925 E SQLiteDatabase: 	at android.content.ContentProvider.applyBatch(ContentProvider.java:2413)
05-28 05:17:25.847  1412  1925 E SQLiteDatabase: 	at android.content.ContentResolver.applyBatch(ContentResolver.java:2186)
05-28 05:17:25.847  1412  1925 E SQLiteDatabase: 	at com.android.providers.media.scan.ModernMediaScanner$Scan.applyPending(ModernMediaScanner.java:699)
05-28 05:17:25.847  1412  1925 E SQLiteDatabase: 	at com.android.providers.media.scan.ModernMediaScanner$Scan.maybeApplyPending(ModernMediaScanner.java:689)
05-28 05:17:25.847  1412  1925 E SQLiteDatabase: 	at com.android.providers.media.scan.ModernMediaScanner$Scan.visitFile(ModernMediaScanner.java:649)
05-28 05:17:25.847  1412  1925 E SQLiteDatabase: 	at com.android.providers.media.scan.ModernMediaScanner$Scan.visitFile(ModernMediaScanner.java:272)
05-28 05:17:25.847  1412  1925 E SQLiteDatabase: 	at java.nio.file.Files.walkFileTree(Files.java:2670)
05-28 05:17:25.847  1412  1925 E SQLiteDatabase: 	at java.nio.file.Files.walkFileTree(Files.java:2742)
05-28 05:17:25.847  1412  1925 E SQLiteDatabase: 	at com.android.providers.media.scan.ModernMediaScanner$Scan.walkFileTree(ModernMediaScanner.java:366)
05-28 05:17:25.847  1412  1925 E SQLiteDatabase: 	at com.android.providers.media.scan.ModernMediaScanner$Scan.run(ModernMediaScanner.java:329)
05-28 05:17:25.847  1412  1925 E SQLiteDatabase: 	at com.android.providers.media.scan.ModernMediaScanner.scanDirectory(ModernMediaScanner.java:226)
05-28 05:17:25.847  1412  1925 E SQLiteDatabase: 	at com.android.providers.media.MediaProvider.scanDirectory(MediaProvider.java:1111)
05-28 05:17:25.847  1412  1925 E SQLiteDatabase: 	at com.android.providers.media.MediaService.onScanVolume(MediaService.java:148)
05-28 05:17:25.847  1412  1925 E SQLiteDatabase: 	at com.android.providers.media.MediaService.onScanVolume(MediaService.java:117)
05-28 05:17:25.847  1412  1925 E SQLiteDatabase: 	at com.android.providers.media.MediaService.onScanVolume(MediaService.java:108)
05-28 05:17:25.847  1412  1925 E SQLiteDatabase: 	at com.android.providers.media.MediaService.onHandleWork(MediaService.java:71)
05-28 05:17:25.848  1412  1925 E SQLiteDatabase: 	at androidx.core.app.JobIntentService$CommandProcessor.doInBackground(JobIntentService.java:391)
05-28 05:17:25.848  1412  1925 E SQLiteDatabase: 	at androidx.core.app.JobIntentService$CommandProcessor.doInBackground(JobIntentService.java:382)
05-28 05:17:25.848  1412  1925 E SQLiteDatabase: 	at android.os.AsyncTask$3.call(AsyncTask.java:394)
05-28 05:17:25.848  1412  1925 E SQLiteDatabase: 	at java.util.concurrent.FutureTask.run(FutureTask.java:266)
05-28 05:17:25.848  1412  1925 E SQLiteDatabase: 	at java.util.concurrent.ThreadPoolExecutor.runWorker(ThreadPoolExecutor.java:1167)
05-28 05:17:25.848  1412  1925 E SQLiteDatabase: 	at java.util.concurrent.ThreadPoolExecutor$Worker.run(ThreadPoolExecutor.java:641)
05-28 05:17:25.848  1412  1925 E SQLiteDatabase: 	at java.lang.Thread.run(Thread.java:923)
05-28 05:17:25.851  8535  8535 I ProvidersCache: Updating roots due to change on user 0at content://com.android.providers.media.documents/root
05-28 05:17:26.075  8535  8535 I chatty  : uid=10076(com.android.documentsui) identical 2 lines
05-28 05:17:26.350  8535  8535 I ProvidersCache: Updating roots due to change on user 0at content://com.android.providers.media.documents/root
05-28 05:17:27.103   158   158 I hwservicemanager: getTransport: Cannot find entry android.hardware.graphics.mapper@4.0::IMapper/default in either framework or device manifest.
05-28 05:17:27.103 14419 14419 I Gralloc4: mapper 4.x is not supported
05-28 05:17:27.164  1412  1539 I MediaProvider: Deleted 1 items on external_primary due to com.android.shell
05-28 05:17:27.189 14434 14436 I cmd     : oneway function results will be dropped but finished with status OK and parcel size 4
05-28 05:17:27.312   158   158 I hwservicemanager: getTransport: Cannot find entry android.hardware.graphics.mapper@4.0::IMapper/default in either framework or device manifest.
05-28 05:17:27.312 14456 14456 I Gralloc4: mapper 4.x is not supported
05-28 05:17:27.369  1412  1540 I MediaProvider: Deleted 1 items on external_primary due to com.android.shell
05-28 05:17:27.505   158   158 I hwservicemanager: getTransport: Cannot find entry android.hardware.graphics.mapper@4.0::IMapper/default in either framework or device manifest.
05-28 05:17:27.505 14493 14493 I Gralloc4: mapper 4.x is not supported
05-28 05:17:27.543 14497 14499 I cmd     : oneway function results will be dropped but finished with status OK and parcel size 4
05-28 05:17:27.565  1412  1540 I MediaProvider: Deleted 1 items on external_primary due to com.android.shell
05-28 05:17:27.595 14509 14511 I cmd     : oneway function results will be dropped but finished with status OK and parcel size 4
05-28 05:17:27.713 14541 14543 I cmd     : oneway function results will be dropped but finished with status OK and parcel size 4
05-28 05:17:27.759 14556 14558 I cmd     : oneway function results will be dropped but finished with status OK and parcel size 4
05-28 05:17:27.832 14568 14568 E libc    : Access denied finding property "persist.device_config.runtime_native_boot.profilebootclasspath"
05-28 05:17:27.832 14568 14568 E libc    : Access denied finding property "persist.device_config.runtime_native_boot.enable_apex_image"
05-28 05:17:27.832 14568 14568 I AndroidRuntime: Using default boot image
05-28 05:17:27.832 14568 14568 E libc    : Access denied finding property "persist.device_config.runtime_native_boot.disable_lock_profiling"
05-28 05:17:27.832 14568 14568 I AndroidRuntime: Leaving lock profiling enabled
05-28 05:17:27.832 14568 14568 E libc    : Access denied finding property "persist.device_config.runtime_native_boot.enable_generational_cc"
05-28 05:17:27.833 14568 14568 I app_process: Core platform API reporting enabled, enforcing=false
05-28 05:17:27.828 14568 14568 W app_process: type=1400 audit(0.0:309): avc: denied { read } for name="u:object_r:device_config_runtime_native_boot_prop:s0" dev="tmpfs" ino=506 scontext=u:r:shell:s0 tcontext=u:object_r:device_config_runtime_native_boot_prop:s0 tclass=file permissive=0
05-28 05:17:27.870 14568 14568 W app_process: Unexpected CPU variant for X86 using defaults: x86_64
05-28 05:17:27.871 14568 14568 I app_process: The ClassLoaderContext is a special shared library.
05-28 05:17:27.877 14568 14568 W app_process: JNI RegisterNativeMethods: attempt to register 0 native methods for android.media.AudioAttributes
05-28 05:17:28.603  8535  8535 I ProvidersCache: Updating roots due to change on user 0at content://com.android.providers.media.documents/root
05-28 05:17:28.954  8535  8535 I chatty  : uid=10076(com.android.documentsui) identical 2 lines
05-28 05:17:29.152  8535  8535 I ProvidersCache: Updating roots due to change on user 0at content://com.android.providers.media.documents/root
05-28 05:17:29.412  1412  1925 E SQLiteDatabase: Error inserting format=12289 owner_package_name=null parent=-1 volume_name=internal date_modified=1683213674 _display_name=media _data=/product/media is_download=0 relative_path=null
05-28 05:17:29.412  1412  1925 E SQLiteDatabase: android.database.sqlite.SQLiteDatabaseLockedException: database is locked (code 5 SQLITE_BUSY)
05-28 05:17:29.412  1412  1925 E SQLiteDatabase: 	at android.database.sqlite.SQLiteConnection.nativeExecuteForLastInsertedRowId(Native Method)
05-28 05:17:29.412  1412  1925 E SQLiteDatabase: 	at android.database.sqlite.SQLiteConnection.executeForLastInsertedRowId(SQLiteConnection.java:938)
05-28 05:17:29.412  1412  1925 E SQLiteDatabase: 	at android.database.sqlite.SQLiteSession.executeForLastInsertedRowId(SQLiteSession.java:790)
05-28 05:17:29.412  1412  1925 E SQLiteDatabase: 	at android.database.sqlite.SQLiteStatement.executeInsert(SQLiteStatement.java:88)
05-28 05:17:29.412  1412  1925 E SQLiteDatabase: 	at android.database.sqlite.SQLiteDatabase.insertWithOnConflict(SQLiteDatabase.java:1701)
05-28 05:17:29.412  1412  1925 E SQLiteDatabase: 	at android.database.sqlite.SQLiteDatabase.insert(SQLiteDatabase.java:1570)
05-28 05:17:29.412  1412  1925 E SQLiteDatabase: 	at com.android.providers.media.MediaProvider.insertDirectory(MediaProvider.java:2773)
05-28 05:17:29.412  1412  1925 E SQLiteDatabase: 	at com.android.providers.media.MediaProvider.getParent(MediaProvider.java:2794)
05-28 05:17:29.412  1412  1925 E SQLiteDatabase: 	at com.android.providers.media.MediaProvider.insertDirectory(MediaProvider.java:2763)
05-28 05:17:29.412  1412  1925 E SQLiteDatabase: 	at com.android.providers.media.MediaProvider.getParent(MediaProvider.java:2794)
05-28 05:17:29.412  1412  1925 E SQLiteDatabase: 	at com.android.providers.media.MediaProvider.insertDirectory(MediaProvider.java:2763)
05-28 05:17:29.412  1412  1925 E SQLiteDatabase: 	at com.android.providers.media.MediaProvider.getParent(MediaProvider.java:2794)
05-28 05:17:29.412  1412  1925 E SQLiteDatabase: 	at com.android.providers.media.MediaProvider.lambda$insertAllowingUpsert$14(MediaProvider.java:3060)
05-28 05:17:29.412  1412  1925 E SQLiteDatabase: 	at com.android.providers.media.MediaProvider.lambda$insertAllowingUpsert$14$MediaProvider(Unknown Source:0)
