--------- beginning of main
05-28 05:15:59.959  8462  8462 E libc    : Access denied finding property "persist.device_config.runtime_native_boot.profilebootclasspath"
05-28 05:15:59.959  8462  8462 E libc    : Access denied finding property "persist.device_config.runtime_native_boot.enable_apex_image"
05-28 05:15:59.959  8462  8462 I AndroidRuntime: Using default boot image
05-28 05:15:59.959  8462  8462 E libc    : Access denied finding property "persist.device_config.runtime_native_boot.disable_lock_profiling"
05-28 05:15:59.959  8462  8462 I AndroidRuntime: Leaving lock profiling enabled
05-28 05:15:59.959  8462  8462 E libc    : Access denied finding property "persist.device_config.runtime_native_boot.enable_generational_cc"
05-28 05:15:59.960  8462  8462 I app_process: Core platform API reporting enabled, enforcing=false
05-28 05:15:59.956  8462  8462 W app_process: type=1400 audit(0.0:170): avc: denied { read } for name="u:object_r:device_config_runtime_native_boot_prop:s0" dev="tmpfs" ino=506 scontext=u:r:shell:s0 tcontext=u:object_r:device_config_runtime_native_boot_prop:s0 tclass=file permissive=0
05-28 05:15:59.956  8462  8462 I chatty  : uid=2000(shell) app_process identical 2 lines
05-28 05:15:59.956  8462  8462 W app_process: type=1400 audit(0.0:173): avc: denied { read } for name="u:object_r:device_config_runtime_native_boot_prop:s0" dev="tmpfs" ino=506 scontext=u:r:shell:s0 tcontext=u:object_r:device_config_runtime_native_boot_prop:s0 tclass=file permissive=0
05-28 05:15:59.995  8462  8462 W app_process: Unexpected CPU variant for X86 using defaults: x86_64
05-28 05:15:59.995  8462  8462 I app_process: The ClassLoaderContext is a special shared library.
05-28 05:16:00.001  8462  8462 W app_process: JNI RegisterNativeMethods: attempt to register 0 native methods for android.media.AudioAttributes
05-28 05:16:01.127  8482  8485 I cmd     : oneway function results will be dropped but finished with status OK and parcel size 4
--------- beginning of system
05-28 05:16:01.147   506   549 I ActivityManager: Start proc 8488:com.android.inputmethod.latin/u0a106 for service {com.android.inputmethod.latin/com.android.inputmethod.latin.LatinIME}
05-28 05:16:01.153  8488  8488 W putmethod.lati: Unexpected CPU variant for X86 using defaults: x86_64
05-28 05:16:01.158   379   387 I adbd    : jdwp connection from 8488
05-28 05:16:01.162  8490  8508 I cmd     : oneway function results will be dropped but finished with status OK and parcel size 4
05-28 05:16:01.171  8488  8488 I putmethod.lati: The ClassLoaderContext is a special shared library.
05-28 05:16:01.179  8488  8488 I LatinIME: Hardware accelerated drawing: true
05-28 05:16:01.179   506   548 I ActivityManager: Force stopping com.mocoding.pokedex.android appid=10131 user=-1: deletePackageX
05-28 05:16:01.179   506   548 I ActivityManager: Killing 2685:com.mocoding.pokedex.android/u0a131 (adj 0): stop com.mocoding.pokedex.android due to deletePackageX
05-28 05:16:01.180   506   548 W ActivityTaskManager: Force removing ActivityRecord{9d59124 u0 com.mocoding.pokedex.android/.MainActivity t10 f}}: app died, no saved state
05-28 05:16:01.192   506   564 I PackageManager: Removing permission com.mocoding.pokedex.android.DYNAMIC_RECEIVER_NOT_EXPORTED_PERMISSION that used to be declared by com.mocoding.pokedex.android
05-28 05:16:01.192   506   564 W PackageManager: Removing dangling permission: com.mocoding.pokedex.android.DYNAMIC_RECEIVER_NOT_EXPORTED_PERMISSION from package com.mocoding.pokedex.android
05-28 05:16:01.192   506   564 I PackageManager: Permission ownership changed. Updating all permissions.
--------- beginning of kernel
05-28 05:16:01.408     0     0 I binder  : undelivered transaction 99132, process died.
05-28 05:16:01.199   281   281 I Zygote  : Process 2685 exited due to signal 9 (Killed)
05-28 05:16:01.213   423   423 I keystore: clear_uid 10131
05-28 05:16:01.215   506   564 E PermissionMonitor: unknown permission type: -1for uid: 10131
05-28 05:16:01.216   506   548 W InputReader: Device virtio_input_multi_touch_10 is associated with display ADISPLAY_ID_NONE.
05-28 05:16:01.216   506   548 W InputReader: Device virtio_input_multi_touch_7 is associated with display ADISPLAY_ID_NONE.
05-28 05:16:01.216   506   548 W InputReader: Device virtio_input_multi_touch_4 is associated with display ADISPLAY_ID_NONE.
05-28 05:16:01.216   506   548 W InputReader: Device virtio_input_multi_touch_5 is associated with display ADISPLAY_ID_NONE.
05-28 05:16:01.216   506   548 W InputReader: Device virtio_input_multi_touch_2 is associated with display ADISPLAY_ID_NONE.
05-28 05:16:01.216   506   548 W InputReader: Device virtio_input_multi_touch_6 is associated with display ADISPLAY_ID_NONE.
05-28 05:16:01.216   506   548 W InputReader: Device virtio_input_multi_touch_3 is associated with display ADISPLAY_ID_NONE.
05-28 05:16:01.216   506   548 W InputReader: Device virtio_input_multi_touch_8 is associated with display ADISPLAY_ID_NONE.
05-28 05:16:01.216   506   548 W InputReader: Device virtio_input_multi_touch_9 is associated with display ADISPLAY_ID_NONE.
05-28 05:16:01.216   506   548 W InputReader: Device virtio_input_multi_touch_11 is associated with display ADISPLAY_ID_NONE.
05-28 05:16:01.216   506   548 W InputReader: Device virtio_input_multi_touch_10 is associated with display ADISPLAY_ID_NONE.
05-28 05:16:01.216   506   548 W InputReader: Device virtio_input_multi_touch_7 is associated with display ADISPLAY_ID_NONE.
05-28 05:16:01.216   506   548 W InputReader: Device virtio_input_multi_touch_4 is associated with display ADISPLAY_ID_NONE.
05-28 05:16:01.216   506   548 W InputReader: Device virtio_input_multi_touch_5 is associated with display ADISPLAY_ID_NONE.
05-28 05:16:01.218   506   548 W InputReader: Device virtio_input_multi_touch_2 is associated with display ADISPLAY_ID_NONE.
05-28 05:16:01.218   506   548 W InputReader: Device virtio_input_multi_touch_6 is associated with display ADISPLAY_ID_NONE.
05-28 05:16:01.218   506   548 W InputReader: Device virtio_input_multi_touch_3 is associated with display ADISPLAY_ID_NONE.
05-28 05:16:01.218   506   548 W InputReader: Device virtio_input_multi_touch_8 is associated with display ADISPLAY_ID_NONE.
05-28 05:16:01.218   506   548 W InputReader: Device virtio_input_multi_touch_9 is associated with display ADISPLAY_ID_NONE.
05-28 05:16:01.218   506   548 W InputReader: Device virtio_input_multi_touch_11 is associated with display ADISPLAY_ID_NONE.
05-28 05:16:01.221   506   550 I libprocessgroup: Successfully killed process cgroup uid 10131 pid 2685 in 40ms
05-28 05:16:01.224   506  2240 W WindowManager: Cannot find window which accessibility connection is added to
05-28 05:16:01.437     0     0 I binder  : release 8514:8514 transaction 99116 out, still active
05-28 05:16:01.439     0     0 I binder  : undelivered TRANSACTION_COMPLETE
05-28 05:16:01.249   506   542 W ActivityManager: setHasOverlayUi called on unknown pid: 2685
05-28 05:16:01.250   506  1409 E TaskPersister: File error accessing recents directory (directory doesn't exist?).
05-28 05:16:01.270  8488  8488 W InputAttributes: No editor info for this field. Bug?
05-28 05:16:01.272   318   318 I android.hardware.vibrator-service.example: Vibrator reporting capabilities
05-28 05:16:01.278  8488  8525 I LatinIME:LogUtils: Dictionary info: dictionary = UserHistoryDictionary.en_US ; version = 1779945267 ; date = 1779945272
05-28 05:16:01.279  8488  8525 I LatinIME:LogUtils: Dictionary info: dictionary = userunigram.en_US ; version = 1779945361 ; date = ?
05-28 05:16:01.305   506   564 I system_server: Explicit concurrent copying GC freed 163934(7493KB) AllocSpace objects, 72(1852KB) LOS objects, 49% free, 9955KB/19MB, paused 39us total 90.202ms
05-28 05:16:01.307   506  2240 W ActivityTaskManager: Current config: {1.0 310mcc260mnc [en_US] ldltr sw320dp w320dp h616dp 160dpi nrml long port finger qwerty/v/v -nav/h winConfig={ mBounds=Rect(0, 0 - 320, 640) mAppBounds=Rect(0, 0 - 320, 640) mWindowingMode=fullscreen mDisplayWindowingMode=fullscreen mActivityType=undefined mAlwaysOnTop=undefined mRotation=ROTATION_0} s.8} unchanged for IME proc com.android.inputmethod.latin
05-28 05:16:01.320  8488  8525 I LatinIME:LogUtils: Dictionary info: dictionary = main:en ; version = 54 ; date = 1414726273
05-28 05:16:01.529     0     0 E binder  : invalid inc weak node for 99117
05-28 05:16:01.531     0     0 I binder  : 506:1826 IncRefs 0 refcount change on invalid ref 670 ret -22
05-28 05:16:01.534     0     0 E binder  : invalid inc weak node for 99119
05-28 05:16:01.536     0     0 I binder  : 506:1826 IncRefs 0 refcount change on invalid ref 672 ret -22
05-28 05:16:01.307   506  2240 W ActivityTaskManager: Current config: {1.0 310mcc260mnc [en_US] ldltr sw320dp w320dp h616dp 160dpi nrml long port finger qwerty/v/v -nav/h winConfig={ mBounds=Rect(0, 0 - 320, 640) mAppBounds=Rect(0, 0 - 320, 640) mWindowingMode=fullscreen mDisplayWindowingMode=fullscreen mActivityType=undefined mAlwaysOnTop=undefined mRotation=ROTATION_0} s.8} unchanged for IME proc com.android.inputmethod.latin
05-28 05:16:01.329   506   564 I ActivityManager: Force stopping com.mocoding.pokedex.android appid=10131 user=0: pkg removed
05-28 05:16:01.540     0     0 I binder  : 506:1826 transaction failed 29189/-22, size 104-0 line 2692
05-28 05:16:01.333   506  1409 E TaskPersister: File error accessing recents directory (directory doesn't exist?).
05-28 05:16:01.340   506   539 I RoleManagerService: Granting default roles...
05-28 05:16:01.340  1412  1412 I MediaProvider: Invalidating LocalCallingIdentity cache for package com.mocoding.pokedex.android. Reason: package android.intent.action.PACKAGE_REMOVED
05-28 05:16:01.342   506   600 I InputReader: Reconfiguring input devices, changes=KEYBOARD_LAYOUTS | 
05-28 05:16:01.542     0     0 I binder  : 506:1826 transaction failed 29189/0, size 4-0 line 2624
05-28 05:16:01.556     0     0 I binder  : send failed reply for transaction 99116, target dead
05-28 05:16:01.347   506   593 I RollbackManager: broadcast=ACTION_PACKAGE_FULLY_REMOVED pkg=com.mocoding.pokedex.android
05-28 05:16:01.347   506   548 W BroadcastQueue: Background execution not allowed: receiving Intent { act=android.intent.action.PACKAGE_REMOVED dat=package:com.mocoding.pokedex.android flg=0x4000010 (has extras) } to com.android.gallery3d/.app.PackagesMonitor
05-28 05:16:01.347   506   548 W BroadcastQueue: Background execution not allowed: receiving Intent { act=android.intent.action.PACKAGE_REMOVED dat=package:com.mocoding.pokedex.android flg=0x4000010 (has extras) } to com.android.musicfx/.Compatibility$Receiver
05-28 05:16:01.356   506   549 I ActivityManager: Start proc 8535:com.android.documentsui/u0a76 for broadcast {com.android.documentsui/com.android.documentsui.PackageReceiver}
05-28 05:16:01.358   506   506 W WifiService: Couldn't get PackageInfo for package:com.mocoding.pokedex.android
05-28 05:16:01.358   506   506 W WifiService: Couldn't get PackageInfo for package:com.mocoding.pokedex.android
05-28 05:16:01.358   506   506 I ConditionProviders: Disallowing condition provider com.mocoding.pokedex.android
05-28 05:16:01.365   506   654 I PasspointManager: No app ops listener found for com.mocoding.pokedex.android
05-28 05:16:01.374  8535  8535 W oid.documentsu: Unexpected CPU variant for X86 using defaults: x86_64
05-28 05:16:01.376   506   654 I PasspointManager: No app ops listener found for com.mocoding.pokedex.android
05-28 05:16:01.377  8488  8525 I LatinIME:LogUtils: Dictionary info: dictionary = main:en ; version = 54 ; date = 1414726273
05-28 05:16:01.380   379   387 I adbd    : jdwp connection from 8535
05-28 05:16:01.392   506   549 I ActivityManager: Start proc 8557:com.android.keychain/1000 for service {com.android.keychain/com.android.keychain.KeyChainService}
05-28 05:16:01.404  8557  8557 W ndroid.keychai: Unexpected CPU variant for X86 using defaults: x86_64
05-28 05:16:01.409   379   387 I adbd    : jdwp connection from 8557
05-28 05:16:01.484  8535  8535 I oid.documentsu: The ClassLoaderContext is a special shared library.
05-28 05:16:01.484  8557  8557 I ndroid.keychai: The ClassLoaderContext is a special shared library.
05-28 05:16:01.495  8557  8577 W KeyChain: Creating new DB.
05-28 05:16:01.516  8535  8535 E ContextImpl: Tried to access visual service LayoutInflater from a non-visual Context:com.android.documentsui.DocumentsApplication@511713e Visual services, such as WindowManager, WallpaperService or LayoutInflater should be accessed from Activity or other visual Context. Use an Activity or a Context created with Context#createWindowContext(int, Bundle), which are adjusted to the configuration and visual bounds of an area on screen.
05-28 05:16:01.516  8535  8535 E ContextImpl: java.lang.IllegalAccessException: Tried to access visual service LayoutInflater from a non-visual Context:com.android.documentsui.DocumentsApplication@511713e
05-28 05:16:01.516  8535  8535 E ContextImpl: 	at android.app.ContextImpl.getSystemService(ContextImpl.java:1914)
05-28 05:16:01.516  8535  8535 E ContextImpl: 	at android.content.ContextWrapper.getSystemService(ContextWrapper.java:803)
05-28 05:16:01.516  8535  8535 E ContextImpl: 	at android.view.LayoutInflater.from(LayoutInflater.java:282)
05-28 05:16:01.516  8535  8535 E ContextImpl: 	at com.android.documentsui.DragShadowBuilder.<init>(DragShadowBuilder.java:49)
05-28 05:16:01.516  8535  8535 E ContextImpl: 	at com.android.documentsui.DragAndDropManager$RuntimeDragAndDropManager.<init>(DragAndDropManager.java:195)
05-28 05:16:01.516  8535  8535 E ContextImpl: 	at com.android.documentsui.DragAndDropManager$RuntimeDragAndDropManager.<init>(DragAndDropManager.java:166)
05-28 05:16:01.516  8535  8535 E ContextImpl: 	at com.android.documentsui.DragAndDropManager.create(DragAndDropManager.java:163)
05-28 05:16:01.516  8535  8535 E ContextImpl: 	at com.android.documentsui.DocumentsApplication.onCreate(DocumentsApplication.java:145)
05-28 05:16:01.516  8535  8535 E ContextImpl: 	at android.app.Instrumentation.callApplicationOnCreate(Instrumentation.java:1192)
05-28 05:16:01.516  8535  8535 E ContextImpl: 	at android.app.ActivityThread.handleBindApplication(ActivityThread.java:6712)
05-28 05:16:01.516  8535  8535 E ContextImpl: 	at android.app.ActivityThread.access$1300(ActivityThread.java:237)
05-28 05:16:01.516  8535  8535 E ContextImpl: 	at android.app.ActivityThread$H.handleMessage(ActivityThread.java:1913)
05-28 05:16:01.516  8535  8535 E ContextImpl: 	at android.os.Handler.dispatchMessage(Handler.java:106)
05-28 05:16:01.516  8535  8535 E ContextImpl: 	at android.os.Looper.loop(Looper.java:223)
05-28 05:16:01.516  8535  8535 E ContextImpl: 	at android.app.ActivityThread.main(ActivityThread.java:7656)
05-28 05:16:01.516  8535  8535 E ContextImpl: 	at java.lang.reflect.Method.invoke(Native Method)
05-28 05:16:01.516  8535  8535 E ContextImpl: 	at com.android.internal.os.RuntimeInit$MethodAndArgsCaller.run(RuntimeInit.java:592)
05-28 05:16:01.516  8535  8535 E ContextImpl: 	at com.android.internal.os.ZygoteInit.main(ZygoteInit.java:947)
05-28 05:16:01.517  8535  8535 E ViewConfiguration: Tried to access UI constants from a non-visual Context:com.android.documentsui.DocumentsApplication@511713eUI constants, such as display metrics or window metrics, must be accessed from Activity or other visual Context. Use an Activity or a Context created with Context#createWindowContext(int, Bundle), which are adjusted to the configuration and visual bounds of an area on screen
05-28 05:16:01.517  8535  8535 E ViewConfiguration: java.lang.IllegalArgumentException: Tried to access UI constants from a non-visual Context:com.android.documentsui.DocumentsApplication@511713e
05-28 05:16:01.517  8535  8535 E ViewConfiguration: 	at android.view.ViewConfiguration.get(ViewConfiguration.java:510)
05-28 05:16:01.517  8535  8535 E ViewConfiguration: 	at android.view.View.<init>(View.java:5317)
05-28 05:16:01.517  8535  8535 E ViewConfiguration: 	at android.view.View.<init>(View.java:5467)
05-28 05:16:01.517  8535  8535 E ViewConfiguration: 	at android.view.ViewGroup.<init>(ViewGroup.java:697)
05-28 05:16:01.517  8535  8535 E ViewConfiguration: 	at android.widget.LinearLayout.<init>(LinearLayout.java:254)
05-28 05:16:01.517  8535  8535 E ViewConfiguration: 	at android.widget.LinearLayout.<init>(LinearLayout.java:250)
05-28 05:16:01.517  8535  8535 E ViewConfiguration: 	at android.widget.LinearLayout.<init>(LinearLayout.java:246)
05-28 05:16:01.517  8535  8535 E ViewConfiguration: 	at java.lang.reflect.Constructor.newInstance0(Native Method)
05-28 05:16:01.517  8535  8535 E ViewConfiguration: 	at java.lang.reflect.Constructor.newInstance(Constructor.java:343)
05-28 05:16:01.517  8535  8535 E ViewConfiguration: 	at android.view.LayoutInflater.createView(LayoutInflater.java:852)
05-28 05:16:01.517  8535  8535 E ViewConfiguration: 	at android.view.LayoutInflater.createView(LayoutInflater.java:774)
05-28 05:16:01.517  8535  8535 E ViewConfiguration: 	at com.android.internal.policy.PhoneLayoutInflater.onCreateView(PhoneLayoutInflater.java:58)
05-28 05:16:01.517  8535  8535 E ViewConfiguration: 	at android.view.LayoutInflater.onCreateView(LayoutInflater.java:928)
05-28 05:16:01.517  8535  8535 E ViewConfiguration: 	at android.view.LayoutInflater.onCreateView(LayoutInflater.java:948)
05-28 05:16:01.517  8535  8535 E ViewConfiguration: 	at android.view.LayoutInflater.createViewFromTag(LayoutInflater.java:1002)
05-28 05:16:01.517  8535  8535 E ViewConfiguration: 	at android.view.LayoutInflater.createViewFromTag(LayoutInflater.java:959)
05-28 05:16:01.517  8535  8535 E ViewConfiguration: 	at android.view.LayoutInflater.inflate(LayoutInflater.java:657)
05-28 05:16:01.517  8535  8535 E ViewConfiguration: 	at android.view.LayoutInflater.inflate(LayoutInflater.java:532)
05-28 05:16:01.517  8535  8535 E ViewConfiguration: 	at android.view.LayoutInflater.inflate(LayoutInflater.java:479)
05-28 05:16:01.517  8535  8535 E ViewConfiguration: 	at com.android.documentsui.DragShadowBuilder.<init>(DragShadowBuilder.java:49)
05-28 05:16:01.517  8535  8535 E ViewConfiguration: 	at com.android.documentsui.DragAndDropManager$RuntimeDragAndDropManager.<init>(DragAndDropManager.java:195)
05-28 05:16:01.517  8535  8535 E ViewConfiguration: 	at com.android.documentsui.DragAndDropManager$RuntimeDragAndDropManager.<init>(DragAndDropManager.java:166)
05-28 05:16:01.517  8535  8535 E ViewConfiguration: 	at com.android.documentsui.DragAndDropManager.create(DragAndDropManager.java:163)
05-28 05:16:01.517  8535  8535 E ViewConfiguration: 	at com.android.documentsui.DocumentsApplication.onCreate(DocumentsApplication.java:145)
05-28 05:16:01.517  8535  8535 E ViewConfiguration: 	at android.app.Instrumentation.callApplicationOnCreate(Instrumentation.java:1192)
05-28 05:16:01.517  8535  8535 E ViewConfiguration: 	at android.app.ActivityThread.handleBindApplication(ActivityThread.java:6712)
05-28 05:16:01.517  8535  8535 E ViewConfiguration: 	at android.app.ActivityThread.access$1300(ActivityThread.java:237)
05-28 05:16:01.517  8535  8535 E ViewConfiguration: 	at android.app.ActivityThread$H.handleMessage(ActivityThread.java:1913)
05-28 05:16:01.517  8535  8535 E ViewConfiguration: 	at android.os.Handler.dispatchMessage(Handler.java:106)
05-28 05:16:01.517  8535  8535 E ViewConfiguration: 	at android.os.Looper.loop(Looper.java:223)
05-28 05:16:01.517  8535  8535 E ViewConfiguration: 	at android.app.ActivityThread.main(ActivityThread.java:7656)
05-28 05:16:01.517  8535  8535 E ViewConfiguration: 	at java.lang.reflect.Method.invoke(Native Method)
05-28 05:16:01.517  8535  8535 E ViewConfiguration: 	at com.android.internal.os.RuntimeInit$MethodAndArgsCaller.run(RuntimeInit.java:592)
05-28 05:16:01.517  8535  8535 E ViewConfiguration: 	at com.android.internal.os.ZygoteInit.main(ZygoteInit.java:947)
05-28 05:16:01.517  8535  8535 E ContextImpl: Tried to access visual service WindowManager from a non-visual Context:com.android.documentsui.DocumentsApplication@511713e Visual services, such as WindowManager, WallpaperService or LayoutInflater should be accessed from Activity or other visual Context. Use an Activity or a Context created with Context#createWindowContext(int, Bundle), which are adjusted to the configuration and visual bounds of an area on screen.
05-28 05:16:01.517  8535  8535 E ContextImpl: java.lang.IllegalAccessException: Tried to access visual service WindowManager from a non-visual Context:com.android.documentsui.DocumentsApplication@511713e
05-28 05:16:01.517  8535  8535 E ContextImpl: 	at android.app.ContextImpl.getSystemService(ContextImpl.java:1914)
05-28 05:16:01.517  8535  8535 E ContextImpl: 	at android.content.ContextWrapper.getSystemService(ContextWrapper.java:803)
05-28 05:16:01.517  8535  8535 E ContextImpl: 	at android.content.Context.getSystemService(Context.java:3705)
05-28 05:16:01.517  8535  8535 E ContextImpl: 	at android.view.ViewConfiguration.<init>(ViewConfiguration.java:422)
05-28 05:16:01.517  8535  8535 E ContextImpl: 	at android.view.ViewConfiguration.get(ViewConfiguration.java:520)
05-28 05:16:01.517  8535  8535 E ContextImpl: 	at android.view.View.<init>(View.java:5317)
05-28 05:16:01.517  8535  8535 E ContextImpl: 	at android.view.View.<init>(View.java:5467)
05-28 05:16:01.517  8535  8535 E ContextImpl: 	at android.view.ViewGroup.<init>(ViewGroup.java:697)
05-28 05:16:01.517  8535  8535 E ContextImpl: 	at android.widget.LinearLayout.<init>(LinearLayout.java:254)
05-28 05:16:01.517  8535  8535 E ContextImpl: 	at android.widget.LinearLayout.<init>(LinearLayout.java:250)
05-28 05:16:01.517  8535  8535 E ContextImpl: 	at android.widget.LinearLayout.<init>(LinearLayout.java:246)
05-28 05:16:01.517  8535  8535 E ContextImpl: 	at java.lang.reflect.Constructor.newInstance0(Native Method)
05-28 05:16:01.517  8535  8535 E ContextImpl: 	at java.lang.reflect.Constructor.newInstance(Constructor.java:343)
05-28 05:16:01.517  8535  8535 E ContextImpl: 	at android.view.LayoutInflater.createView(LayoutInflater.java:852)
05-28 05:16:01.517  8535  8535 E ContextImpl: 	at android.view.LayoutInflater.createView(LayoutInflater.java:774)
05-28 05:16:01.517  8535  8535 E ContextImpl: 	at com.android.internal.policy.PhoneLayoutInflater.onCreateView(PhoneLayoutInflater.java:58)
05-28 05:16:01.517  8535  8535 E ContextImpl: 	at android.view.LayoutInflater.onCreateView(LayoutInflater.java:928)
05-28 05:16:01.517  8535  8535 E ContextImpl: 	at android.view.LayoutInflater.onCreateView(LayoutInflater.java:948)
05-28 05:16:01.517  8535  8535 E ContextImpl: 	at android.view.LayoutInflater.createViewFromTag(LayoutInflater.java:1002)
05-28 05:16:01.517  8535  8535 E ContextImpl: 	at android.view.LayoutInflater.createViewFromTag(LayoutInflater.java:959)
05-28 05:16:01.517  8535  8535 E ContextImpl: 	at android.view.LayoutInflater.inflate(LayoutInflater.java:657)
05-28 05:16:01.517  8535  8535 E ContextImpl: 	at android.view.LayoutInflater.inflate(LayoutInflater.java:532)
05-28 05:16:01.517  8535  8535 E ContextImpl: 	at android.view.LayoutInflater.inflate(LayoutInflater.java:479)
05-28 05:16:01.517  8535  8535 E ContextImpl: 	at com.android.documentsui.DragShadowBuilder.<init>(DragShadowBuilder.java:49)
05-28 05:16:01.517  8535  8535 E ContextImpl: 	at com.android.documentsui.DragAndDropManager$RuntimeDragAndDropManager.<init>(DragAndDropManager.java:195)
05-28 05:16:01.517  8535  8535 E ContextImpl: 	at com.android.documentsui.DragAndDropManager$RuntimeDragAndDropManager.<init>(DragAndDropManager.java:166)
05-28 05:16:01.517  8535  8535 E ContextImpl: 	at com.android.documentsui.DragAndDropManager.create(DragAndDropManager.java:163)
05-28 05:16:01.517  8535  8535 E ContextImpl: 	at com.android.documentsui.DocumentsApplication.onCreate(DocumentsApplication.java:145)
05-28 05:16:01.517  8535  8535 E ContextImpl: 	at android.app.Instrumentation.callApplicationOnCreate(Instrumentation.java:1192)
05-28 05:16:01.517  8535  8535 E ContextImpl: 	at android.app.ActivityThread.handleBindApplication(ActivityThread.java:6712)
05-28 05:16:01.517  8535  8535 E ContextImpl: 	at android.app.ActivityThread.access$1300(ActivityThread.java:237)
05-28 05:16:01.517  8535  8535 E ContextImpl: 	at android.app.ActivityThread$H.handleMessage(ActivityThread.java:1913)
05-28 05:16:01.517  8535  8535 E ContextImpl: 	at android.os.Handler.dispatchMessage(Handler.java:106)
05-28 05:16:01.517  8535  8535 E ContextImpl: 	at android.os.Looper.loop(Looper.java:223)
05-28 05:16:01.517  8535  8535 E ContextImpl: 	at android.app.ActivityThread.main(ActivityThread.java:7656)
05-28 05:16:01.517  8535  8535 E ContextImpl: 	at java.lang.reflect.Method.invoke(Native Method)
05-28 05:16:01.517  8535  8535 E ContextImpl: 	at com.android.internal.os.RuntimeInit$MethodAndArgsCaller.run(RuntimeInit.java:592)
05-28 05:16:01.517  8535  8535 E ContextImpl: 	at com.android.internal.os.ZygoteInit.main(ZygoteInit.java:947)
05-28 05:16:01.522  8535  8535 E ViewConfiguration: Tried to access UI constants from a non-visual Context:com.android.documentsui.DocumentsApplication@511713eUI constants, such as display metrics or window metrics, must be accessed from Activity or other visual Context. Use an Activity or a Context created with Context#createWindowContext(int, Bundle), which are adjusted to the configuration and visual bounds of an area on screen
05-28 05:16:01.522  8535  8535 E ViewConfiguration: java.lang.IllegalArgumentException: Tried to access UI constants from a non-visual Context:com.android.documentsui.DocumentsApplication@511713e
05-28 05:16:01.522  8535  8535 E ViewConfiguration: 	at android.view.ViewConfiguration.get(ViewConfiguration.java:510)
05-28 05:16:01.522  8535  8535 E ViewConfiguration: 	at android.view.View.<init>(View.java:5317)
05-28 05:16:01.522  8535  8535 E ViewConfiguration: 	at android.view.View.<init>(View.java:5467)
05-28 05:16:01.522  8535  8535 E ViewConfiguration: 	at android.view.ViewGroup.<init>(ViewGroup.java:697)
05-28 05:16:01.522  8535  8535 E ViewConfiguration: 	at android.widget.LinearLayout.<init>(LinearLayout.java:254)
05-28 05:16:01.522  8535  8535 E ViewConfiguration: 	at android.widget.LinearLayout.<init>(LinearLayout.java:250)
05-28 05:16:01.522  8535  8535 E ViewConfiguration: 	at android.widget.LinearLayout.<init>(LinearLayout.java:246)
05-28 05:16:01.522  8535  8535 E ViewConfiguration: 	at java.lang.reflect.Constructor.newInstance0(Native Method)
05-28 05:16:01.522  8535  8535 E ViewConfiguration: 	at java.lang.reflect.Constructor.newInstance(Constructor.java:343)
05-28 05:16:01.522  8535  8535 E ViewConfiguration: 	at android.view.LayoutInflater.createView(LayoutInflater.java:852)
05-28 05:16:01.522  8535  8535 E ViewConfiguration: 	at android.view.LayoutInflater.createView(LayoutInflater.java:774)
05-28 05:16:01.522  8535  8535 E ViewConfiguration: 	at com.android.internal.policy.PhoneLayoutInflater.onCreateView(PhoneLayoutInflater.java:58)
05-28 05:16:01.522  8535  8535 E ViewConfiguration: 	at android.view.LayoutInflater.onCreateView(LayoutInflater.java:928)
05-28 05:16:01.522  8535  8535 E ViewConfiguration: 	at android.view.LayoutInflater.onCreateView(LayoutInflater.java:948)
05-28 05:16:01.522  8535  8535 E ViewConfiguration: 	at android.view.LayoutInflater.createViewFromTag(LayoutInflater.java:1002)
05-28 05:16:01.522  8535  8535 E ViewConfiguration: 	at android.view.LayoutInflater.createViewFromTag(LayoutInflater.java:959)
05-28 05:16:01.522  8535  8535 E ViewConfiguration: 	at android.view.LayoutInflater.rInflate(LayoutInflater.java:1121)
05-28 05:16:01.522  8535  8535 E ViewConfiguration: 	at android.view.LayoutInflater.rInflateChildren(LayoutInflater.java:1082)
05-28 05:16:01.522  8535  8535 E ViewConfiguration: 	at android.view.LayoutInflater.inflate(LayoutInflater.java:680)
05-28 05:16:01.522  8535  8535 E ViewConfiguration: 	at android.view.LayoutInflater.inflate(LayoutInflater.java:532)
05-28 05:16:01.522  8535  8535 E ViewConfiguration: 	at android.view.LayoutInflater.inflate(LayoutInflater.java:479)
05-28 05:16:01.522  8535  8535 E ViewConfiguration: 	at com.android.documentsui.DragShadowBuilder.<init>(DragShadowBuilder.java:49)
05-28 05:16:01.522  8535  8535 E ViewConfiguration: 	at com.android.documentsui.DragAndDropManager$RuntimeDragAndDropManager.<init>(DragAndDropManager.java:195)
05-28 05:16:01.522  8535  8535 E ViewConfiguration: 	at com.android.documentsui.DragAndDropManager$RuntimeDragAndDropManager.<init>(DragAndDropManager.java:166)
05-28 05:16:01.522  8535  8535 E ViewConfiguration: 	at com.android.documentsui.DragAndDropManager.create(DragAndDropManager.java:163)
05-28 05:16:01.522  8535  8535 E ViewConfiguration: 	at com.android.documentsui.DocumentsApplication.onCreate(DocumentsApplication.java:145)
05-28 05:16:01.522  8535  8535 E ViewConfiguration: 	at android.app.Instrumentation.callApplicationOnCreate(Instrumentation.java:1192)
05-28 05:16:01.522  8535  8535 E ViewConfiguration: 	at android.app.ActivityThread.handleBindApplication(ActivityThread.java:6712)
05-28 05:16:01.522  8535  8535 E ViewConfiguration: 	at android.app.ActivityThread.access$1300(ActivityThread.java:237)
05-28 05:16:01.522  8535  8535 E ViewConfiguration: 	at android.app.ActivityThread$H.handleMessage(ActivityThread.java:1913)
05-28 05:16:01.522  8535  8535 E ViewConfiguration: 	at android.os.Handler.dispatchMessage(Handler.java:106)
05-28 05:16:01.522  8535  8535 E ViewConfiguration: 	at android.os.Looper.loop(Looper.java:223)
05-28 05:16:01.522  8535  8535 E ViewConfiguration: 	at android.app.ActivityThread.main(ActivityThread.java:7656)
05-28 05:16:01.522  8535  8535 E ViewConfiguration: 	at java.lang.reflect.Method.invoke(Native Method)
05-28 05:16:01.522  8535  8535 E ViewConfiguration: 	at com.android.internal.os.RuntimeInit$MethodAndArgsCaller.run(RuntimeInit.java:592)
05-28 05:16:01.522  8535  8535 E ViewConfiguration: 	at com.android.internal.os.ZygoteInit.main(ZygoteInit.java:947)
05-28 05:16:01.522  8535  8535 E ViewConfiguration: Tried to access UI constants from a non-visual Context:com.android.documentsui.DocumentsApplication@511713eUI constants, such as display metrics or window metrics, must be accessed from Activity or other visual Context. Use an Activity or a Context created with Context#createWindowContext(int, Bundle), which are adjusted to the configuration and visual bounds of an area on screen
05-28 05:16:01.522  8535  8535 E ViewConfiguration: java.lang.IllegalArgumentException: Tried to access UI constants from a non-visual Context:com.android.documentsui.DocumentsApplication@511713e
05-28 05:16:01.522  8535  8535 E ViewConfiguration: 	at android.view.ViewConfiguration.get(ViewConfiguration.java:510)
05-28 05:16:01.522  8535  8535 E ViewConfiguration: 	at android.view.View.<init>(View.java:5317)
05-28 05:16:01.522  8535  8535 E ViewConfiguration: 	at android.view.View.<init>(View.java:5467)
05-28 05:16:01.522  8535  8535 E ViewConfiguration: 	at android.widget.ImageView.<init>(ImageView.java:195)
05-28 05:16:01.522  8535  8535 E ViewConfiguration: 	at android.widget.ImageView.<init>(ImageView.java:190)
05-28 05:16:01.522  8535  8535 E ViewConfiguration: 	at android.widget.ImageView.<init>(ImageView.java:186)
05-28 05:16:01.522  8535  8535 E ViewConfiguration: 	at com.android.documentsui.DropBadgeView.<init>(DropBadgeView.java:40)
05-28 05:16:01.522  8535  8535 E ViewConfiguration: 	at java.lang.reflect.Constructor.newInstance0(Native Method)
05-28 05:16:01.522  8535  8535 E ViewConfiguration: 	at java.lang.reflect.Constructor.newInstance(Constructor.java:343)
05-28 05:16:01.522  8535  8535 E ViewConfiguration: 	at android.view.LayoutInflater.createView(LayoutInflater.java:852)
05-28 05:16:01.522  8535  8535 E ViewConfiguration: 	at android.view.LayoutInflater.createViewFromTag(LayoutInflater.java:1004)
05-28 05:16:01.522  8535  8535 E ViewConfiguration: 	at android.view.LayoutInflater.parseInclude(LayoutInflater.java:1231)
05-28 05:16:01.522  8535  8535 E ViewConfiguration: 	at android.view.LayoutInflater.rInflate(LayoutInflater.java:1117)
05-28 05:16:01.522  8535  8535 E ViewConfiguration: 	at android.view.LayoutInflater.rInflateChildren(LayoutInflater.java:1082)
05-28 05:16:01.522  8535  8535 E ViewConfiguration: 	at android.view.LayoutInflater.rInflate(LayoutInflater.java:1124)
05-28 05:16:01.522  8535  8535 E ViewConfiguration: 	at android.view.LayoutInflater.rInflateChildren(LayoutInflater.java:1082)
05-28 05:16:01.522  8535  8535 E ViewConfiguration: 	at android.view.LayoutInflater.inflate(LayoutInflater.java:680)
05-28 05:16:01.522  8535  8535 E ViewConfiguration: 	at android.view.LayoutInflater.inflate(LayoutInflater.java:532)
05-28 05:16:01.522  8535  8535 E ViewConfiguration: 	at android.view.LayoutInflater.inflate(LayoutInflater.java:479)
05-28 05:16:01.522  8535  8535 E ViewConfiguration: 	at com.android.documentsui.DragShadowBuilder.<init>(DragShadowBuilder.java:49)
05-28 05:16:01.522  8535  8535 E ViewConfiguration: 	at com.android.documentsui.DragAndDropManager$RuntimeDragAndDropManager.<init>(DragAndDropManager.java:195)
05-28 05:16:01.522  8535  8535 E ViewConfiguration: 	at com.android.documentsui.DragAndDropManager$RuntimeDragAndDropManager.<init>(DragAndDropManager.java:166)
05-28 05:16:01.522  8535  8535 E ViewConfiguration: 	at com.android.documentsui.DragAndDropManager.create(DragAndDropManager.java:163)
05-28 05:16:01.522  8535  8535 E ViewConfiguration: 	at com.android.documentsui.DocumentsApplication.onCreate(DocumentsApplication.java:145)
05-28 05:16:01.522  8535  8535 E ViewConfiguration: 	at android.app.Instrumentation.callApplicationOnCreate(Instrumentation.java:1192)
05-28 05:16:01.522  8535  8535 E ViewConfiguration: 	at android.app.ActivityThread.handleBindApplication(ActivityThread.java:6712)
05-28 05:16:01.522  8535  8535 E ViewConfiguration: 	at android.app.ActivityThread.access$1300(ActivityThread.java:237)
05-28 05:16:01.522  8535  8535 E ViewConfiguration: 	at android.app.ActivityThread$H.handleMessage(ActivityThread.java:1913)
05-28 05:16:01.522  8535  8535 E ViewConfiguration: 	at android.os.Handler.dispatchMessage(Handler.java:106)
05-28 05:16:01.522  8535  8535 E ViewConfiguration: 	at android.os.Looper.loop(Looper.java:223)
05-28 05:16:01.522  8535  8535 E ViewConfiguration: 	at android.app.ActivityThread.main(ActivityThread.java:7656)
05-28 05:16:01.522  8535  8535 E ViewConfiguration: 	at java.lang.reflect.Method.invoke(Native Method)
05-28 05:16:01.522  8535  8535 E ViewConfiguration: 	at com.android.internal.os.RuntimeInit$MethodAndArgsCaller.run(RuntimeInit.java:592)
05-28 05:16:01.522  8535  8535 E ViewConfiguration: 	at com.android.internal.os.ZygoteInit.main(ZygoteInit.java:947)
05-28 05:16:01.523   506   549 I ActivityManager: Start proc 8582:com.android.externalstorage/u0a68 for content provider {com.android.externalstorage/com.android.externalstorage.ExternalStorageProvider}
05-28 05:16:01.525  8535  8535 E ViewConfiguration: Tried to access UI constants from a non-visual Context:com.android.documentsui.DocumentsApplication@511713eUI constants, such as display metrics or window metrics, must be accessed from Activity or other visual Context. Use an Activity or a Context created with Context#createWindowContext(int, Bundle), which are adjusted to the configuration and visual bounds of an area on screen
05-28 05:16:01.525  8535  8535 E ViewConfiguration: java.lang.IllegalArgumentException: Tried to access UI constants from a non-visual Context:com.android.documentsui.DocumentsApplication@511713e
05-28 05:16:01.525  8535  8535 E ViewConfiguration: 	at android.view.ViewConfiguration.get(ViewConfiguration.java:510)
05-28 05:16:01.525  8535  8535 E ViewConfiguration: 	at android.view.View.<init>(View.java:5317)
05-28 05:16:01.525  8535  8535 E ViewConfiguration: 	at android.view.View.<init>(View.java:5467)
05-28 05:16:01.525  8535  8535 E ViewConfiguration: 	at android.widget.TextView.<init>(TextView.java:996)
05-28 05:16:01.525  8535  8535 E ViewConfiguration: 	at android.widget.TextView.<init>(TextView.java:990)
05-28 05:16:01.525  8535  8535 E ViewConfiguration: 	at android.widget.TextView.<init>(TextView.java:986)
05-28 05:16:01.525  8535  8535 E ViewConfiguration: 	at java.lang.reflect.Constructor.newInstance0(Native Method)
05-28 05:16:01.525  8535  8535 E ViewConfiguration: 	at java.lang.reflect.Constructor.newInstance(Constructor.java:343)
05-28 05:16:01.525  8535  8535 E ViewConfiguration: 	at android.view.LayoutInflater.createView(LayoutInflater.java:852)
05-28 05:16:01.525  8535  8535 E ViewConfiguration: 	at android.view.LayoutInflater.createView(LayoutInflater.java:774)
05-28 05:16:01.525  8535  8535 E ViewConfiguration: 	at com.android.internal.policy.PhoneLayoutInflater.onCreateView(PhoneLayoutInflater.java:58)
05-28 05:16:01.525  8535  8535 E ViewConfiguration: 	at android.view.LayoutInflater.onCreateView(LayoutInflater.java:928)
05-28 05:16:01.525  8535  8535 E ViewConfiguration: 	at android.view.LayoutInflater.onCreateView(LayoutInflater.java:948)
05-28 05:16:01.525  8535  8535 E ViewConfiguration: 	at android.view.LayoutInflater.createViewFromTag(LayoutInflater.java:1002)
05-28 05:16:01.525  8535  8535 E ViewConfiguration: 	at android.view.LayoutInflater.createViewFromTag(LayoutInflater.java:959)
05-28 05:16:01.525  8535  8535 E ViewConfiguration: 	at android.view.LayoutInflater.rInflate(LayoutInflater.java:1121)
05-28 05:16:01.525  8535  8535 E ViewConfiguration: 	at android.view.LayoutInflater.rInflateChildren(LayoutInflater.java:1082)
05-28 05:16:01.525  8535  8535 E ViewConfiguration: 	at android.view.LayoutInflater.rInflate(LayoutInflater.java:1124)
05-28 05:16:01.525  8535  8535 E ViewConfiguration: 	at android.view.LayoutInflater.rInflateChildren(LayoutInflater.java:1082)
05-28 05:16:01.525  8535  8535 E ViewConfiguration: 	at android.view.LayoutInflater.inflate(LayoutInflater.java:680)
05-28 05:16:01.525  8535  8535 E ViewConfiguration: 	at android.view.LayoutInflater.inflate(LayoutInflater.java:532)
05-28 05:16:01.525  8535  8535 E ViewConfiguration: 	at android.view.LayoutInflater.inflate(LayoutInflater.java:479)
05-28 05:16:01.525  8535  8535 E ViewConfiguration: 	at com.android.documentsui.DragShadowBuilder.<init>(DragShadowBuilder.java:49)
05-28 05:16:01.525  8535  8535 E ViewConfiguration: 	at com.android.documentsui.DragAndDropManager$RuntimeDragAndDropManager.<init>(DragAndDropManager.java:195)
05-28 05:16:01.525  8535  8535 E ViewConfiguration: 	at com.android.documentsui.DragAndDropManager$RuntimeDragAndDropManager.<init>(DragAndDropManager.java:166)
05-28 05:16:01.525  8535  8535 E ViewConfiguration: 	at com.android.documentsui.DragAndDropManager.create(DragAndDropManager.java:163)
05-28 05:16:01.525  8535  8535 E ViewConfiguration: 	at com.android.documentsui.DocumentsApplication.onCreate(DocumentsApplication.java:145)
05-28 05:16:01.525  8535  8535 E ViewConfiguration: 	at android.app.Instrumentation.callApplicationOnCreate(Instrumentation.java:1192)
05-28 05:16:01.525  8535  8535 E ViewConfiguration: 	at android.app.ActivityThread.handleBindApplication(ActivityThread.java:6712)
05-28 05:16:01.525  8535  8535 E ViewConfiguration: 	at android.app.ActivityThread.access$1300(ActivityThread.java:237)
05-28 05:16:01.525  8535  8535 E ViewConfiguration: 	at android.app.ActivityThread$H.handleMessage(ActivityThread.java:1913)
05-28 05:16:01.525  8535  8535 E ViewConfiguration: 	at android.os.Handler.dispatchMessage(Handler.java:106)
05-28 05:16:01.525  8535  8535 E ViewConfiguration: 	at android.os.Looper.loop(Looper.java:223)
05-28 05:16:01.525  8535  8535 E ViewConfiguration: 	at android.app.ActivityThread.main(ActivityThread.java:7656)
05-28 05:16:01.525  8535  8535 E ViewConfiguration: 	at java.lang.reflect.Method.invoke(Native Method)
05-28 05:16:01.525  8535  8535 E ViewConfiguration: 	at com.android.internal.os.RuntimeInit$MethodAndArgsCaller.run(RuntimeInit.java:592)
05-28 05:16:01.525  8535  8535 E ViewConfiguration: 	at com.android.internal.os.ZygoteInit.main(ZygoteInit.java:947)
05-28 05:16:01.525  8582  8582 W externalstorag: Unexpected CPU variant for X86 using defaults: x86_64
05-28 05:16:01.534   379   387 I adbd    : jdwp connection from 8582
05-28 05:16:01.545   506  1145 I ActivityManager: Killing 2074:com.android.contacts/u0a98 (adj 985): empty #17
05-28 05:16:01.553   281   281 I Zygote  : Process 2074 exited due to signal 9 (Killed)
05-28 05:16:01.583  8582  8582 I externalstorag: The ClassLoaderContext is a special shared library.
05-28 05:16:01.590   506   550 I libprocessgroup: Successfully killed process cgroup uid 10098 pid 2074 in 45ms
05-28 05:16:02.022   158   158 I hwservicemanager: getTransport: Cannot find entry android.hardware.graphics.mapper@4.0::IMapper/default in either framework or device manifest.
05-28 05:16:02.022  8617  8617 I Gralloc4: mapper 4.x is not supported
05-28 05:16:02.123  1412  2579 I MediaProvider: Deleted 1 items on external_primary due to com.android.shell
05-28 05:16:02.148  8632  8634 I cmd     : oneway function results will be dropped but finished with status OK and parcel size 4
05-28 05:16:02.202  8648  8650 I cmd     : oneway function results will be dropped but finished with status OK and parcel size 4
05-28 05:16:02.437     0     0 I init    : Untracked pid 8514 received signal 1
05-28 05:16:02.382  1412  1925 E SQLiteDatabase: Error inserting format=12289 owner_package_name=null parent=-1 volume_name=internal date_modified=1683213674 _display_name=ringtones _data=/product/media/audio/ringtones is_download=0 relative_path=null
05-28 05:16:02.382  1412  1925 E SQLiteDatabase: android.database.sqlite.SQLiteDatabaseLockedException: database is locked (code 5 SQLITE_BUSY)
05-28 05:16:02.382  1412  1925 E SQLiteDatabase: 	at android.database.sqlite.SQLiteConnection.nativeExecuteForLastInsertedRowId(Native Method)
05-28 05:16:02.382  1412  1925 E SQLiteDatabase: 	at android.database.sqlite.SQLiteConnection.executeForLastInsertedRowId(SQLiteConnection.java:938)
05-28 05:16:02.382  1412  1925 E SQLiteDatabase: 	at android.database.sqlite.SQLiteSession.executeForLastInsertedRowId(SQLiteSession.java:790)
05-28 05:16:02.382  1412  1925 E SQLiteDatabase: 	at android.database.sqlite.SQLiteStatement.executeInsert(SQLiteStatement.java:88)
05-28 05:16:02.382  1412  1925 E SQLiteDatabase: 	at android.database.sqlite.SQLiteDatabase.insertWithOnConflict(SQLiteDatabase.java:1701)
05-28 05:16:02.382  1412  1925 E SQLiteDatabase: 	at android.database.sqlite.SQLiteDatabase.insert(SQLiteDatabase.java:1570)
05-28 05:16:02.382  1412  1925 E SQLiteDatabase: 	at com.android.providers.media.MediaProvider.insertDirectory(MediaProvider.java:2773)
05-28 05:16:02.382  1412  1925 E SQLiteDatabase: 	at com.android.providers.media.MediaProvider.getParent(MediaProvider.java:2794)
05-28 05:16:02.382  1412  1925 E SQLiteDatabase: 	at com.android.providers.media.MediaProvider.lambda$insertAllowingUpsert$14(MediaProvider.java:3060)
05-28 05:16:02.382  1412  1925 E SQLiteDatabase: 	at com.android.providers.media.MediaProvider.lambda$insertAllowingUpsert$14$MediaProvider(Unknown Source:0)
05-28 05:16:02.382  1412  1925 E SQLiteDatabase: 	at com.android.providers.media.-$$Lambda$MediaProvider$FjHWs2-fjgG761OzVFzdTX4EWZg.apply(Unknown Source:13)
05-28 05:16:02.382  1412  1925 E SQLiteDatabase: 	at com.android.providers.media.DatabaseHelper.runWithTransaction(DatabaseHelper.java:555)
05-28 05:16:02.382  1412  1925 E SQLiteDatabase: 	at com.android.providers.media.MediaProvider.insertAllowingUpsert(MediaProvider.java:3056)
05-28 05:16:02.382  1412  1925 E SQLiteDatabase: 	at com.android.providers.media.MediaProvider.insertFile(MediaProvider.java:3038)
05-28 05:16:02.382  1412  1925 E SQLiteDatabase: 	at com.android.providers.media.MediaProvider.insertInternal(MediaProvider.java:3470)
05-28 05:16:02.382  1412  1925 E SQLiteDatabase: 	at com.android.providers.media.MediaProvider.insert(MediaProvider.java:3198)
05-28 05:16:02.382  1412  1925 E SQLiteDatabase: 	at android.content.ContentProviderOperation.applyInternal(ContentProviderOperation.java:375)
05-28 05:16:02.382  1412  1925 E SQLiteDatabase: 	at android.content.ContentProviderOperation.apply(ContentProviderOperation.java:347)
05-28 05:16:02.382  1412  1925 E SQLiteDatabase: 	at android.content.ContentProvider.applyBatch(ContentProvider.java:2422)
05-28 05:16:02.382  1412  1925 E SQLiteDatabase: 	at com.android.providers.media.MediaProvider.applyBatch(MediaProvider.java:3522)
05-28 05:16:02.382  1412  1925 E SQLiteDatabase: 	at android.content.ContentProvider.applyBatch(ContentProvider.java:2413)
05-28 05:16:02.382  1412  1925 E SQLiteDatabase: 	at android.content.ContentResolver.applyBatch(ContentResolver.java:2186)
05-28 05:16:02.382  1412  1925 E SQLiteDatabase: 	at com.android.providers.media.scan.ModernMediaScanner$Scan.applyPending(ModernMediaScanner.java:699)
05-28 05:16:02.382  1412  1925 E SQLiteDatabase: 	at com.android.providers.media.scan.ModernMediaScanner$Scan.maybeApplyPending(ModernMediaScanner.java:689)
05-28 05:16:02.382  1412  1925 E SQLiteDatabase: 	at com.android.providers.media.scan.ModernMediaScanner$Scan.visitFile(ModernMediaScanner.java:649)
05-28 05:16:02.382  1412  1925 E SQLiteDatabase: 	at com.android.providers.media.scan.ModernMediaScanner$Scan.visitFile(ModernMediaScanner.java:272)
05-28 05:16:02.382  1412  1925 E SQLiteDatabase: 	at java.nio.file.Files.walkFileTree(Files.java:2670)
05-28 05:16:02.382  1412  1925 E SQLiteDatabase: 	at java.nio.file.Files.walkFileTree(Files.java:2742)
05-28 05:16:02.382  1412  1925 E SQLiteDatabase: 	at com.android.providers.media.scan.ModernMediaScanner$Scan.walkFileTree(ModernMediaScanner.java:366)
05-28 05:16:02.382  1412  1925 E SQLiteDatabase: 	at com.android.providers.media.scan.ModernMediaScanner$Scan.run(ModernMediaScanner.java:329)
05-28 05:16:02.382  1412  1925 E SQLiteDatabase: 	at com.android.providers.media.scan.ModernMediaScanner.scanDirectory(ModernMediaScanner.java:226)
05-28 05:16:02.382  1412  1925 E SQLiteDatabase: 	at com.android.providers.media.MediaProvider.scanDirectory(MediaProvider.java:1111)
05-28 05:16:02.382  1412  1925 E SQLiteDatabase: 	at com.android.providers.media.MediaService.onScanVolume(MediaService.java:148)
05-28 05:16:02.382  1412  1925 E SQLiteDatabase: 	at com.android.providers.media.MediaService.onScanVolume(MediaService.java:117)
05-28 05:16:02.382  1412  1925 E SQLiteDatabase: 	at com.android.providers.media.MediaService.onScanVolume(MediaService.java:108)
05-28 05:16:02.382  1412  1925 E SQLiteDatabase: 	at com.android.providers.media.MediaService.onHandleWork(MediaService.java:71)
05-28 05:16:02.382  1412  1925 E SQLiteDatabase: 	at androidx.core.app.JobIntentService$CommandProcessor.doInBackground(JobIntentService.java:391)
05-28 05:16:02.382  1412  1925 E SQLiteDatabase: 	at androidx.core.app.JobIntentService$CommandProcessor.doInBackground(JobIntentService.java:382)
05-28 05:16:02.382  1412  1925 E SQLiteDatabase: 	at android.os.AsyncTask$3.call(AsyncTask.java:394)
05-28 05:16:02.382  1412  1925 E SQLiteDatabase: 	at java.util.concurrent.FutureTask.run(FutureTask.java:266)
05-28 05:16:02.382  1412  1925 E SQLiteDatabase: 	at java.util.concurrent.ThreadPoolExecutor.runWorker(ThreadPoolExecutor.java:1167)
05-28 05:16:02.382  1412  1925 E SQLiteDatabase: 	at java.util.concurrent.ThreadPoolExecutor$Worker.run(ThreadPoolExecutor.java:641)
05-28 05:16:02.382  1412  1925 E SQLiteDatabase: 	at java.lang.Thread.run(Thread.java:923)
05-28 05:16:02.532   379   379 W adbd    : timeout expired while flushing socket, closing
05-28 05:16:02.775  8655  8657 I cmd     : oneway function results will be dropped but finished with status OK and parcel size 4
05-28 05:16:02.798  8665  8667 I cmd     : oneway function results will be dropped but finished with status OK and parcel size 4
05-28 05:16:02.832  8676  8678 I cmd     : oneway function results will be dropped but finished with status OK and parcel size 4
05-28 05:16:02.867  8488  8488 I InputAttributes: InputType.TYPE_NULL is specified
05-28 05:16:02.868   318   318 I android.hardware.vibrator-service.example: Vibrator reporting capabilities
05-28 05:16:02.891  8693  8695 I cmd     : oneway function results will be dropped but finished with status OK and parcel size 4
05-28 05:16:02.906   506  3757 W ActivityTaskManager: Current config: {1.0 310mcc260mnc [en_US] ldltr sw320dp w320dp h616dp 160dpi nrml long port finger qwerty/v/v -nav/h winConfig={ mBounds=Rect(0, 0 - 320, 640) mAppBounds=Rect(0, 0 - 320, 640) mWindowingMode=fullscreen mDisplayWindowingMode=fullscreen mActivityType=undefined mAlwaysOnTop=undefined mRotation=ROTATION_0} s.8} unchanged for IME proc io.github.ylimit.droidbotapp
05-28 05:16:02.906   506  3757 I chatty  : uid=1000(system) Binder:506_12 identical 1 line
05-28 05:16:02.906   506  3757 W ActivityTaskManager: Current config: {1.0 310mcc260mnc [en_US] ldltr sw320dp w320dp h616dp 160dpi nrml long port finger qwerty/v/v -nav/h winConfig={ mBounds=Rect(0, 0 - 320, 640) mAppBounds=Rect(0, 0 - 320, 640) mWindowingMode=fullscreen mDisplayWindowingMode=fullscreen mActivityType=undefined mAlwaysOnTop=undefined mRotation=ROTATION_0} s.8} unchanged for IME proc io.github.ylimit.droidbotapp
05-28 05:16:02.908   506  3757 I ActivityManager: Killing 2137:com.android.deskclock/u0a105 (adj 975): empty #17
05-28 05:16:02.913   281   281 I Zygote  : Process 2137 exited due to signal 9 (Killed)
05-28 05:16:02.933   506   550 I libprocessgroup: Successfully killed process cgroup uid 10105 pid 2137 in 24ms
05-28 05:16:03.027  8720  8720 E libc    : Access denied finding property "persist.device_config.runtime_native_boot.profilebootclasspath"
05-28 05:16:03.027  8720  8720 E libc    : Access denied finding property "persist.device_config.runtime_native_boot.enable_apex_image"
05-28 05:16:03.027  8720  8720 I AndroidRuntime: Using default boot image
