05-28 05:16:33.038 12276 12276 E libc    : Access denied finding property "persist.device_config.runtime_native_boot.disable_lock_profiling"
05-28 05:16:33.038 12276 12276 I AndroidRuntime: Leaving lock profiling enabled
05-28 05:16:33.038 12276 12276 E libc    : Access denied finding property "persist.device_config.runtime_native_boot.enable_generational_cc"
05-28 05:16:33.039 12276 12276 I app_process: Core platform API reporting enabled, enforcing=false
05-28 05:16:33.073 12276 12276 W app_process: Unexpected CPU variant for X86 using defaults: x86_64
05-28 05:16:33.074 12276 12276 I app_process: The ClassLoaderContext is a special shared library.
05-28 05:16:33.080 12276 12276 W app_process: JNI RegisterNativeMethods: attempt to register 0 native methods for android.media.AudioAttributes
05-28 05:16:33.138   510  1487 E TaskPersister: File error accessing recents directory (directory doesn't exist?).
05-28 05:16:33.188  8438  8438 I ProvidersCache: Updating roots due to change on user 0at content://com.android.providers.media.documents/root
05-28 05:16:33.289  8438  8438 I ProvidersCache: Updating roots due to change on user 0at content://com.android.providers.media.documents/root
05-28 05:16:33.356  2226  2226 E AccessibilityInteractionClient: 2 Disconnected nodes.
05-28 05:16:33.428  8438  8438 I ProvidersCache: Updating roots due to change on user 0at content://com.android.providers.media.documents/root
05-28 05:16:33.646  8438  8438 I chatty  : uid=10076(com.android.documentsui) identical 2 lines
05-28 05:16:33.739  8438  8438 I ProvidersCache: Updating roots due to change on user 0at content://com.android.providers.media.documents/root
05-28 05:16:34.786   159   159 I hwservicemanager: getTransport: Cannot find entry android.hardware.graphics.mapper@4.0::IMapper/default in either framework or device manifest.
05-28 05:16:34.786 12308 12308 I Gralloc4: mapper 4.x is not supported
05-28 05:16:34.824  1644  1927 I MediaProvider: Begin Intent { act=android.intent.action.MEDIA_SCANNER_SCAN_FILE dat=file:///sdcard/screen_2026-05-28_051635.png flg=0x1400010 cmp=com.android.providers.media.module/com.android.providers.media.MediaService }
05-28 05:16:34.820  1644  1644 W com.android.providers.media.module: type=1400 audit(0.0:1251): avc: denied { read } for comm=4173796E635461736B202331 name="primary" dev="tmpfs" ino=20444 scontext=u:r:mediaprovider_app:s0:c128,c256,c512,c768 tcontext=u:object_r:mnt_pass_through_file:s0 tclass=lnk_file permissive=0 app=com.android.providers.media.module
05-28 05:16:35.007     0     0 W audit   : audit_lost=917 audit_rate_limit=5 audit_backlog_limit=64
05-28 05:16:35.017     0     0 E audit   : rate limit exceeded
05-28 05:16:34.844  1644  1927 W ModernMediaScanner: Failed to visit /sdcard/screen_2026-05-28_051635.png: java.nio.file.AccessDeniedException: /sdcard/screen_2026-05-28_051635.png
05-28 05:16:34.845  1644  1927 I MediaProvider: Scanned internal due to REASON_DEMAND, found 0 items in 21ms, 0 inserts 0 updates 0 deletes
05-28 05:16:34.845  1644  1927 I MediaProvider: End Intent { act=android.intent.action.MEDIA_SCANNER_SCAN_FILE dat=file:///sdcard/screen_2026-05-28_051635.png flg=0x1400010 cmp=com.android.providers.media.module/com.android.providers.media.MediaService }
05-28 05:16:34.820  1644  1644 W com.android.providers.media.module: type=1400 audit(0.0:1252): avc: denied { read } for comm=4173796E635461736B202331 name="primary" dev="tmpfs" ino=20444 scontext=u:r:mediaprovider_app:s0:c128,c256,c512,c768 tcontext=u:object_r:mnt_pass_through_file:s0 tclass=lnk_file permissive=0 app=com.android.providers.media.module
05-28 05:16:34.892  1644  1740 I MediaProvider: Deleted 1 items on external_primary due to com.android.shell
05-28 05:16:35.030   159   159 I hwservicemanager: getTransport: Cannot find entry android.hardware.graphics.mapper@4.0::IMapper/default in either framework or device manifest.
05-28 05:16:35.031 12348 12348 I Gralloc4: mapper 4.x is not supported
05-28 05:16:35.066  1644  1927 I MediaProvider: Begin Intent { act=android.intent.action.MEDIA_SCANNER_SCAN_FILE dat=file:///sdcard/screen_2026-05-28_051635.png flg=0x1400010 cmp=com.android.providers.media.module/com.android.providers.media.MediaService }
05-28 05:16:35.066  1644  1927 W ModernMediaScanner: Failed to visit /sdcard/screen_2026-05-28_051635.png: java.nio.file.AccessDeniedException: /sdcard/screen_2026-05-28_051635.png
05-28 05:16:35.067  1644  1927 I MediaProvider: Scanned internal due to REASON_DEMAND, found 0 items in 0ms, 0 inserts 0 updates 0 deletes
05-28 05:16:35.068  1644  1927 I MediaProvider: End Intent { act=android.intent.action.MEDIA_SCANNER_SCAN_FILE dat=file:///sdcard/screen_2026-05-28_051635.png flg=0x1400010 cmp=com.android.providers.media.module/com.android.providers.media.MediaService }
05-28 05:16:35.086  1644  1740 I MediaProvider: Deleted 1 items on external_primary due to com.android.shell
05-28 05:16:35.109 12363 12365 I cmd     : oneway function results will be dropped but finished with status OK and parcel size 4
05-28 05:16:35.218   159   159 I hwservicemanager: getTransport: Cannot find entry android.hardware.graphics.mapper@4.0::IMapper/default in either framework or device manifest.
05-28 05:16:35.218 12385 12385 I Gralloc4: mapper 4.x is not supported
05-28 05:16:35.253  1644  1927 I MediaProvider: Begin Intent { act=android.intent.action.MEDIA_SCANNER_SCAN_FILE dat=file:///sdcard/screen_2026-05-28_051635.png flg=0x1400010 cmp=com.android.providers.media.module/com.android.providers.media.MediaService }
05-28 05:16:35.254  1644  1927 W ModernMediaScanner: Failed to visit /sdcard/screen_2026-05-28_051635.png: java.nio.file.AccessDeniedException: /sdcard/screen_2026-05-28_051635.png
05-28 05:16:35.255  1644  1927 I MediaProvider: Scanned internal due to REASON_DEMAND, found 0 items in 1ms, 0 inserts 0 updates 0 deletes
05-28 05:16:35.255  1644  1927 I MediaProvider: End Intent { act=android.intent.action.MEDIA_SCANNER_SCAN_FILE dat=file:///sdcard/screen_2026-05-28_051635.png flg=0x1400010 cmp=com.android.providers.media.module/com.android.providers.media.MediaService }
05-28 05:16:35.273  1644  2581 I MediaProvider: Deleted 1 items on external_primary due to com.android.shell
05-28 05:16:35.299 12400 12402 I cmd     : oneway function results will be dropped but finished with status OK and parcel size 4
05-28 05:16:35.362 12410 12410 E libc    : Access denied finding property "persist.device_config.runtime_native_boot.profilebootclasspath"
05-28 05:16:35.362 12410 12410 E libc    : Access denied finding property "persist.device_config.runtime_native_boot.enable_apex_image"
05-28 05:16:35.362 12410 12410 I AndroidRuntime: Using default boot image
05-28 05:16:35.362 12410 12410 E libc    : Access denied finding property "persist.device_config.runtime_native_boot.disable_lock_profiling"
05-28 05:16:35.362 12410 12410 I AndroidRuntime: Leaving lock profiling enabled
05-28 05:16:35.362 12410 12410 E libc    : Access denied finding property "persist.device_config.runtime_native_boot.enable_generational_cc"
05-28 05:16:35.364 12410 12410 I app_process: Core platform API reporting enabled, enforcing=false
05-28 05:16:35.399 12410 12410 W app_process: Unexpected CPU variant for X86 using defaults: x86_64
05-28 05:16:35.400 12410 12410 I app_process: The ClassLoaderContext is a special shared library.
05-28 05:16:35.406 12410 12410 W app_process: JNI RegisterNativeMethods: attempt to register 0 native methods for android.media.AudioAttributes
05-28 05:16:35.426   510  1826 W InputReader: Device virtio_input_multi_touch_10 is associated with display ADISPLAY_ID_NONE.
05-28 05:16:35.426   510  1826 W InputReader: Device virtio_input_multi_touch_7 is associated with display ADISPLAY_ID_NONE.
05-28 05:16:35.426   510  1826 W InputReader: Device virtio_input_multi_touch_4 is associated with display ADISPLAY_ID_NONE.
05-28 05:16:35.426   510  1826 W InputReader: Device virtio_input_multi_touch_5 is associated with display ADISPLAY_ID_NONE.
05-28 05:16:35.426   510  1826 W InputReader: Device virtio_input_multi_touch_2 is associated with display ADISPLAY_ID_NONE.
05-28 05:16:35.426   510  1826 W InputReader: Device virtio_input_multi_touch_6 is associated with display ADISPLAY_ID_NONE.
05-28 05:16:35.426   510  1826 W InputReader: Device virtio_input_multi_touch_3 is associated with display ADISPLAY_ID_NONE.
05-28 05:16:35.426   510  1826 W InputReader: Device virtio_input_multi_touch_8 is associated with display ADISPLAY_ID_NONE.
05-28 05:16:35.426   510  1826 W InputReader: Device virtio_input_multi_touch_9 is associated with display ADISPLAY_ID_NONE.
05-28 05:16:35.426   510  1826 W InputReader: Device virtio_input_multi_touch_11 is associated with display ADISPLAY_ID_NONE.
05-28 05:16:35.426   510  1826 W InputReader: Device virtio_input_multi_touch_10 is associated with display ADISPLAY_ID_NONE.
05-28 05:16:35.426   510  1826 W InputReader: Device virtio_input_multi_touch_7 is associated with display ADISPLAY_ID_NONE.
05-28 05:16:35.426   510  1826 W InputReader: Device virtio_input_multi_touch_4 is associated with display ADISPLAY_ID_NONE.
05-28 05:16:35.426   510  1826 W InputReader: Device virtio_input_multi_touch_5 is associated with display ADISPLAY_ID_NONE.
05-28 05:16:35.426   510  1826 W InputReader: Device virtio_input_multi_touch_2 is associated with display ADISPLAY_ID_NONE.
05-28 05:16:35.426   510  1826 W InputReader: Device virtio_input_multi_touch_6 is associated with display ADISPLAY_ID_NONE.
05-28 05:16:35.427   510  1826 W InputReader: Device virtio_input_multi_touch_3 is associated with display ADISPLAY_ID_NONE.
05-28 05:16:35.427   510  1826 W InputReader: Device virtio_input_multi_touch_8 is associated with display ADISPLAY_ID_NONE.
05-28 05:16:35.427   510  1826 W InputReader: Device virtio_input_multi_touch_9 is associated with display ADISPLAY_ID_NONE.
05-28 05:16:35.427   510  1826 W InputReader: Device virtio_input_multi_touch_11 is associated with display ADISPLAY_ID_NONE.
05-28 05:16:35.567   330   330 E Layer   : [Surface(name=Task=14)/@0x8ad66f - animation-leash#0] No local sync point found
05-28 05:16:35.567   330   330 E Layer   : [Surface(name=Task=14)/@0x8ad66f - animation-leash#0] No local sync point found
05-28 05:16:35.567   330   330 E Layer   : [Surface(name=Task=1)/@0xb7f6dbc - animation-leash#0] No local sync point found
05-28 05:16:35.567   330   330 E Layer   : [Surface(name=Task=1)/@0xb7f6dbc - animation-leash#0] No local sync point found
05-28 05:16:35.689  8438  8438 I ProvidersCache: Updating roots due to change on user 0at content://com.android.providers.media.documents/root
05-28 05:16:36.001  8438  8438 I chatty  : uid=10076(com.android.documentsui) identical 2 lines
05-28 05:16:36.049  8438  8438 I ProvidersCache: Updating roots due to change on user 0at content://com.android.providers.media.documents/root
05-28 05:16:36.076   413   413 I perfetto: probes_producer.cc:329  Producer stop (id=10)
05-28 05:16:36.077   415   415 I perfetto: ng_service_impl.cc:1948 Tracing session 10 ended, total sessions:0
05-28 05:16:36.078   413   413 I perfetto: ftrace_procfs.cc:183    disabled ftrace
05-28 05:16:36.258     0     0 W perfetto: disabled ftrace
05-28 05:16:36.201  8438  8438 I ProvidersCache: Updating roots due to change on user 0at content://com.android.providers.media.documents/root
05-28 05:16:36.266  8438  8438 I ProvidersCache: Updating roots due to change on user 0at content://com.android.providers.media.documents/root
05-28 05:16:36.971   159   159 I hwservicemanager: getTransport: Cannot find entry android.hardware.graphics.mapper@4.0::IMapper/default in either framework or device manifest.
05-28 05:16:36.971 12445 12445 I Gralloc4: mapper 4.x is not supported
05-28 05:16:37.043  1644  1927 I MediaProvider: Begin Intent { act=android.intent.action.MEDIA_SCANNER_SCAN_FILE dat=file:///sdcard/screen_2026-05-28_051637.png flg=0x1400010 cmp=com.android.providers.media.module/com.android.providers.media.MediaService }
05-28 05:16:37.040  1644  1644 W com.android.providers.media.module: type=1400 audit(0.0:1273): avc: denied { read } for comm=4173796E635461736B202331 name="primary" dev="tmpfs" ino=20444 scontext=u:r:mediaprovider_app:s0:c128,c256,c512,c768 tcontext=u:object_r:mnt_pass_through_file:s0 tclass=lnk_file permissive=0 app=com.android.providers.media.module
05-28 05:16:37.226     0     0 W audit   : audit_lost=934 audit_rate_limit=5 audit_backlog_limit=64
05-28 05:16:37.237     0     0 E audit   : rate limit exceeded
05-28 05:16:37.064  1644  1927 W ModernMediaScanner: Failed to visit /sdcard/screen_2026-05-28_051637.png: java.nio.file.AccessDeniedException: /sdcard/screen_2026-05-28_051637.png
05-28 05:16:37.064  1644  1927 I MediaProvider: Scanned internal due to REASON_DEMAND, found 0 items in 21ms, 0 inserts 0 updates 0 deletes
05-28 05:16:37.040  1644  1644 W com.android.providers.media.module: type=1400 audit(0.0:1274): avc: denied { read } for comm=4173796E635461736B202331 name="primary" dev="tmpfs" ino=20444 scontext=u:r:mediaprovider_app:s0:c128,c256,c512,c768 tcontext=u:object_r:mnt_pass_through_file:s0 tclass=lnk_file permissive=0 app=com.android.providers.media.module
05-28 05:16:37.066  1644  1927 I MediaProvider: End Intent { act=android.intent.action.MEDIA_SCANNER_SCAN_FILE dat=file:///sdcard/screen_2026-05-28_051637.png flg=0x1400010 cmp=com.android.providers.media.module/com.android.providers.media.MediaService }
05-28 05:16:37.040  1644  1644 W com.android.providers.media.module: type=1400 audit(0.0:1275): avc: denied { read } for comm=4173796E635461736B202331 name="primary" dev="tmpfs" ino=20444 scontext=u:r:mediaprovider_app:s0:c128,c256,c512,c768 tcontext=u:object_r:mnt_pass_through_file:s0 tclass=lnk_file permissive=0 app=com.android.providers.media.module
05-28 05:16:37.096  1644  1739 I MediaProvider: Deleted 1 items on external_primary due to com.android.shell
05-28 05:16:37.122 12460 12462 I cmd     : oneway function results will be dropped but finished with status OK and parcel size 4
05-28 05:16:37.236   159   159 I hwservicemanager: getTransport: Cannot find entry android.hardware.graphics.mapper@4.0::IMapper/default in either framework or device manifest.
05-28 05:16:37.236 12482 12482 I Gralloc4: mapper 4.x is not supported
05-28 05:16:37.306  1644  1927 I MediaProvider: Begin Intent { act=android.intent.action.MEDIA_SCANNER_SCAN_FILE dat=file:///sdcard/screen_2026-05-28_051637.png flg=0x1400010 cmp=com.android.providers.media.module/com.android.providers.media.MediaService }
05-28 05:16:37.307  1644  1927 W ModernMediaScanner: Failed to visit /sdcard/screen_2026-05-28_051637.png: java.nio.file.AccessDeniedException: /sdcard/screen_2026-05-28_051637.png
05-28 05:16:37.308  1644  1927 I MediaProvider: Scanned internal due to REASON_DEMAND, found 0 items in 1ms, 0 inserts 0 updates 0 deletes
05-28 05:16:37.308  1644  1927 I MediaProvider: End Intent { act=android.intent.action.MEDIA_SCANNER_SCAN_FILE dat=file:///sdcard/screen_2026-05-28_051637.png flg=0x1400010 cmp=com.android.providers.media.module/com.android.providers.media.MediaService }
05-28 05:16:37.327  1644  1740 I MediaProvider: Deleted 1 items on external_primary due to com.android.shell
05-28 05:16:37.464   159   159 I hwservicemanager: getTransport: Cannot find entry android.hardware.graphics.mapper@4.0::IMapper/default in either framework or device manifest.
05-28 05:16:37.464 12519 12519 I Gralloc4: mapper 4.x is not supported
05-28 05:16:37.534 12523 12525 I cmd     : oneway function results will be dropped but finished with status OK and parcel size 4
05-28 05:16:37.534  1644  1927 I MediaProvider: Begin Intent { act=android.intent.action.MEDIA_SCANNER_SCAN_FILE dat=file:///sdcard/screen_2026-05-28_051638.png flg=0x1400010 cmp=com.android.providers.media.module/com.android.providers.media.MediaService }
05-28 05:16:37.535  1644  1927 W ModernMediaScanner: Failed to visit /sdcard/screen_2026-05-28_051638.png: java.nio.file.AccessDeniedException: /sdcard/screen_2026-05-28_051638.png
05-28 05:16:37.535  1644  1927 I MediaProvider: Scanned internal due to REASON_DEMAND, found 0 items in 1ms, 0 inserts 0 updates 0 deletes
05-28 05:16:37.536  1644  1927 I MediaProvider: End Intent { act=android.intent.action.MEDIA_SCANNER_SCAN_FILE dat=file:///sdcard/screen_2026-05-28_051638.png flg=0x1400010 cmp=com.android.providers.media.module/com.android.providers.media.MediaService }
05-28 05:16:37.557  1644  2581 I MediaProvider: Deleted 1 items on external_primary due to com.android.shell
05-28 05:16:37.582 12534 12536 I cmd     : oneway function results will be dropped but finished with status OK and parcel size 4
05-28 05:16:37.618   510  1826 I ActivityTaskManager: START u0 {act=android.intent.action.MAIN cat=[android.intent.category.LAUNCHER] flg=0x10000000 cmp=com.mocoding.pokedex.android/.MainActivity} from uid 2000
05-28 05:16:37.621 12546 12548 I cmd     : oneway function results will be dropped but finished with status OK and parcel size 4
05-28 05:16:37.621   415   415 I perfetto: ing_service_impl.cc:758 Configured tracing session 11, #sources:1, duration:5000 ms, #buffers:1, total buffer size:4096 KB, total sessions:1, uid:1071 session name: ""
05-28 05:16:37.621   413   413 I perfetto: probes_producer.cc:230  Ftrace setup (target_buf=11)
05-28 05:16:37.624   510  1826 W ActivityTaskManager: Tried to set launchTime (0) < mLastActivityLaunchTime (170486)
05-28 05:16:37.624   510  1826 W InputReader: Device virtio_input_multi_touch_10 is associated with display ADISPLAY_ID_NONE.
05-28 05:16:37.624   510  1826 W InputReader: Device virtio_input_multi_touch_7 is associated with display ADISPLAY_ID_NONE.
05-28 05:16:37.624   510  1826 W InputReader: Device virtio_input_multi_touch_4 is associated with display ADISPLAY_ID_NONE.
05-28 05:16:37.624   510  1826 W InputReader: Device virtio_input_multi_touch_5 is associated with display ADISPLAY_ID_NONE.
05-28 05:16:37.624   510  1826 W InputReader: Device virtio_input_multi_touch_2 is associated with display ADISPLAY_ID_NONE.
05-28 05:16:37.624   510  1826 W InputReader: Device virtio_input_multi_touch_6 is associated with display ADISPLAY_ID_NONE.
05-28 05:16:37.624   510  1826 W InputReader: Device virtio_input_multi_touch_3 is associated with display ADISPLAY_ID_NONE.
05-28 05:16:37.624   510  1826 W InputReader: Device virtio_input_multi_touch_8 is associated with display ADISPLAY_ID_NONE.
05-28 05:16:37.624   510  1826 W InputReader: Device virtio_input_multi_touch_9 is associated with display ADISPLAY_ID_NONE.
05-28 05:16:37.624   510  1826 W InputReader: Device virtio_input_multi_touch_11 is associated with display ADISPLAY_ID_NONE.
05-28 05:16:37.624   510  1826 W InputReader: Device virtio_input_multi_touch_10 is associated with display ADISPLAY_ID_NONE.
05-28 05:16:37.624   510  1826 W InputReader: Device virtio_input_multi_touch_7 is associated with display ADISPLAY_ID_NONE.
05-28 05:16:37.624   510  1826 W InputReader: Device virtio_input_multi_touch_4 is associated with display ADISPLAY_ID_NONE.
05-28 05:16:37.624   510  1826 W InputReader: Device virtio_input_multi_touch_5 is associated with display ADISPLAY_ID_NONE.
05-28 05:16:37.624   510  1826 W InputReader: Device virtio_input_multi_touch_2 is associated with display ADISPLAY_ID_NONE.
05-28 05:16:37.624   510  1826 W InputReader: Device virtio_input_multi_touch_6 is associated with display ADISPLAY_ID_NONE.
05-28 05:16:37.624   510  1826 W InputReader: Device virtio_input_multi_touch_3 is associated with display ADISPLAY_ID_NONE.
05-28 05:16:37.624   510  1826 W InputReader: Device virtio_input_multi_touch_8 is associated with display ADISPLAY_ID_NONE.
05-28 05:16:37.624   510  1826 W InputReader: Device virtio_input_multi_touch_9 is associated with display ADISPLAY_ID_NONE.
05-28 05:16:37.624   510  1826 W InputReader: Device virtio_input_multi_touch_11 is associated with display ADISPLAY_ID_NONE.
05-28 05:16:37.639   413   413 I perfetto: ftrace_procfs.cc:176    enabled ftrace
05-28 05:16:37.820     0     0 W perfetto: enabled ftrace
05-28 05:16:37.787   510   550 I ActivityTaskManager: Displayed com.mocoding.pokedex.android/.MainActivity: +166ms
05-28 05:16:38.236  8438  8438 I ProvidersCache: Updating roots due to change on user 0at content://com.android.providers.media.documents/root
05-28 05:16:38.536  8438  8438 I chatty  : uid=10076(com.android.documentsui) identical 3 lines
05-28 05:16:38.676  8438  8438 I ProvidersCache: Updating roots due to change on user 0at content://com.android.providers.media.documents/root
05-28 05:16:38.715   159   159 I hwservicemanager: getTransport: Cannot find entry android.hardware.graphics.mapper@4.0::IMapper/default in either framework or device manifest.
05-28 05:16:38.715 12583 12583 I Gralloc4: mapper 4.x is not supported
05-28 05:16:38.760 12587 12589 I cmd     : oneway function results will be dropped but finished with status OK and parcel size 4
05-28 05:16:38.760  1644  1927 I MediaProvider: Begin Intent { act=android.intent.action.MEDIA_SCANNER_SCAN_FILE dat=file:///sdcard/screen_2026-05-28_051639.png flg=0x1400010 cmp=com.android.providers.media.module/com.android.providers.media.MediaService }
05-28 05:16:38.756  1644  1644 W com.android.providers.media.module: type=1400 audit(0.0:1291): avc: denied { read } for comm=4173796E635461736B202331 name="primary" dev="tmpfs" ino=20444 scontext=u:r:mediaprovider_app:s0:c128,c256,c512,c768 tcontext=u:object_r:mnt_pass_through_file:s0 tclass=lnk_file permissive=0 app=com.android.providers.media.module
05-28 05:16:38.943     0     0 W audit   : audit_lost=947 audit_rate_limit=5 audit_backlog_limit=64
05-28 05:16:38.954     0     0 E audit   : rate limit exceeded
05-28 05:16:38.756  1644  1644 W com.android.providers.media.module: type=1400 audit(0.0:1292): avc: denied { read } for comm=4173796E635461736B202331 name="primary" dev="tmpfs" ino=20444 scontext=u:r:mediaprovider_app:s0:c128,c256,c512,c768 tcontext=u:object_r:mnt_pass_through_file:s0 tclass=lnk_file permissive=0 app=com.android.providers.media.module
05-28 05:16:38.782  1644  1927 W ModernMediaScanner: Failed to visit /sdcard/screen_2026-05-28_051639.png: java.nio.file.AccessDeniedException: /sdcard/screen_2026-05-28_051639.png
05-28 05:16:38.782  1644  1927 I MediaProvider: Scanned internal due to REASON_DEMAND, found 0 items in 21ms, 0 inserts 0 updates 0 deletes
05-28 05:16:38.783  1644  1927 I MediaProvider: End Intent { act=android.intent.action.MEDIA_SCANNER_SCAN_FILE dat=file:///sdcard/screen_2026-05-28_051639.png flg=0x1400010 cmp=com.android.providers.media.module/com.android.providers.media.MediaService }
05-28 05:16:38.756  1644  1644 W com.android.providers.media.module: type=1400 audit(0.0:1293): avc: denied { read } for comm=4173796E635461736B202331 name="primary" dev="tmpfs" ino=20444 scontext=u:r:mediaprovider_app:s0:c128,c256,c512,c768 tcontext=u:object_r:mnt_pass_through_file:s0 tclass=lnk_file permissive=0 app=com.android.providers.media.module
05-28 05:16:38.791  8438  8438 I ProvidersCache: Updating roots due to change on user 0at content://com.android.providers.media.documents/root
05-28 05:16:38.756  1644  1644 W com.android.providers.media.module: type=1400 audit(0.0:1294): avc: denied { read } for comm=4173796E635461736B202331 name="primary" dev="tmpfs" ino=20444 scontext=u:r:mediaprovider_app:s0:c128,c256,c512,c768 tcontext=u:object_r:mnt_pass_through_file:s0 tclass=lnk_file permissive=0 app=com.android.providers.media.module
05-28 05:16:38.824  1644  1739 I MediaProvider: Deleted 1 items on external_primary due to com.android.shell
05-28 05:16:38.848 12598 12600 I cmd     : oneway function results will be dropped but finished with status OK and parcel size 4
05-28 05:16:38.963   159   159 I hwservicemanager: getTransport: Cannot find entry android.hardware.graphics.mapper@4.0::IMapper/default in either framework or device manifest.
05-28 05:16:38.964 12620 12620 I Gralloc4: mapper 4.x is not supported
05-28 05:16:39.020  1644  1927 I MediaProvider: Begin Intent { act=android.intent.action.MEDIA_SCANNER_SCAN_FILE dat=file:///sdcard/screen_2026-05-28_051639.png flg=0x1400010 cmp=com.android.providers.media.module/com.android.providers.media.MediaService }
05-28 05:16:39.022  1644  1927 W ModernMediaScanner: Failed to visit /sdcard/screen_2026-05-28_051639.png: java.nio.file.AccessDeniedException: /sdcard/screen_2026-05-28_051639.png
05-28 05:16:39.028  1644  1927 I MediaProvider: Scanned internal due to REASON_DEMAND, found 0 items in 6ms, 0 inserts 0 updates 0 deletes
05-28 05:16:39.028  1644  1927 I MediaProvider: End Intent { act=android.intent.action.MEDIA_SCANNER_SCAN_FILE dat=file:///sdcard/screen_2026-05-28_051639.png flg=0x1400010 cmp=com.android.providers.media.module/com.android.providers.media.MediaService }
05-28 05:16:39.086  1644  1740 I MediaProvider: Deleted 1 items on external_primary due to com.android.shell
05-28 05:16:39.110 12637 12639 I cmd     : oneway function results will be dropped but finished with status OK and parcel size 4
05-28 05:16:39.220   159   159 I hwservicemanager: getTransport: Cannot find entry android.hardware.graphics.mapper@4.0::IMapper/default in either framework or device manifest.
05-28 05:16:39.220 12659 12659 I Gralloc4: mapper 4.x is not supported
05-28 05:16:39.263  1644  1927 I MediaProvider: Begin Intent { act=android.intent.action.MEDIA_SCANNER_SCAN_FILE dat=file:///sdcard/screen_2026-05-28_051639.png flg=0x1400010 cmp=com.android.providers.media.module/com.android.providers.media.MediaService }
05-28 05:16:39.264  1644  1927 W ModernMediaScanner: Failed to visit /sdcard/screen_2026-05-28_051639.png: java.nio.file.AccessDeniedException: /sdcard/screen_2026-05-28_051639.png
05-28 05:16:39.264  1644  1927 I MediaProvider: Scanned internal due to REASON_DEMAND, found 0 items in 1ms, 0 inserts 0 updates 0 deletes
05-28 05:16:39.265  1644  1927 I MediaProvider: End Intent { act=android.intent.action.MEDIA_SCANNER_SCAN_FILE dat=file:///sdcard/screen_2026-05-28_051639.png flg=0x1400010 cmp=com.android.providers.media.module/com.android.providers.media.MediaService }
05-28 05:16:39.283  1644  2581 I MediaProvider: Deleted 1 items on external_primary due to com.android.shell
05-28 05:16:39.352 12689 12691 I cmd     : oneway function results will be dropped but finished with status OK and parcel size 4
05-28 05:16:39.397 12704 12706 I cmd     : oneway function results will be dropped but finished with status OK and parcel size 4
05-28 05:16:39.442 12719 12721 I cmd     : oneway function results will be dropped but finished with status OK and parcel size 4
05-28 05:16:39.512 12731 12731 E libc    : Access denied finding property "persist.device_config.runtime_native_boot.profilebootclasspath"
05-28 05:16:39.512 12731 12731 E libc    : Access denied finding property "persist.device_config.runtime_native_boot.enable_apex_image"
05-28 05:16:39.512 12731 12731 I AndroidRuntime: Using default boot image
05-28 05:16:39.512 12731 12731 E libc    : Access denied finding property "persist.device_config.runtime_native_boot.disable_lock_profiling"
05-28 05:16:39.512 12731 12731 I AndroidRuntime: Leaving lock profiling enabled
05-28 05:16:39.512 12731 12731 E libc    : Access denied finding property "persist.device_config.runtime_native_boot.enable_generational_cc"
05-28 05:16:39.514 12731 12731 I app_process: Core platform API reporting enabled, enforcing=false
05-28 05:16:39.548 12731 12731 W app_process: Unexpected CPU variant for X86 using defaults: x86_64
05-28 05:16:39.549 12731 12731 I app_process: The ClassLoaderContext is a special shared library.
05-28 05:16:39.555 12731 12731 W app_process: JNI RegisterNativeMethods: attempt to register 0 native methods for android.media.AudioAttributes
05-28 05:16:39.673   510  1487 E TaskPersister: File error accessing recents directory (directory doesn't exist?).
05-28 05:16:39.778  2226  2226 E AccessibilityInteractionClient: 2 Disconnected nodes.
05-28 05:16:40.436  8438  8438 I ProvidersCache: Updating roots due to change on user 0at content://com.android.providers.media.documents/root
05-28 05:16:40.926  8438  8438 I chatty  : uid=10076(com.android.documentsui) identical 4 lines
05-28 05:16:41.033  8438  8438 I ProvidersCache: Updating roots due to change on user 0at content://com.android.providers.media.documents/root
05-28 05:16:41.273   159   159 I hwservicemanager: getTransport: Cannot find entry android.hardware.graphics.mapper@4.0::IMapper/default in either framework or device manifest.
05-28 05:16:41.273 12765 12765 I Gralloc4: mapper 4.x is not supported
05-28 05:16:41.308 12769 12771 I cmd     : oneway function results will be dropped but finished with status OK and parcel size 4
05-28 05:16:41.309  1644  1927 I MediaProvider: Begin Intent { act=android.intent.action.MEDIA_SCANNER_SCAN_FILE dat=file:///sdcard/screen_2026-05-28_051641.png flg=0x1400010 cmp=com.android.providers.media.module/com.android.providers.media.MediaService }
05-28 05:16:41.304  1644  1644 W com.android.providers.media.module: type=1400 audit(0.0:1313): avc: denied { read } for comm=4173796E635461736B202331 name="primary" dev="tmpfs" ino=20444 scontext=u:r:mediaprovider_app:s0:c128,c256,c512,c768 tcontext=u:object_r:mnt_pass_through_file:s0 tclass=lnk_file permissive=0 app=com.android.providers.media.module
05-28 05:16:41.492     0     0 W audit   : audit_lost=964 audit_rate_limit=5 audit_backlog_limit=64
05-28 05:16:41.501     0     0 E audit   : rate limit exceeded
05-28 05:16:41.328  1644  1927 W ModernMediaScanner: Failed to visit /sdcard/screen_2026-05-28_051641.png: java.nio.file.AccessDeniedException: /sdcard/screen_2026-05-28_051641.png
05-28 05:16:41.328  1644  1927 I MediaProvider: Scanned internal due to REASON_DEMAND, found 0 items in 18ms, 0 inserts 0 updates 0 deletes
05-28 05:16:41.328  1644  1927 I MediaProvider: End Intent { act=android.intent.action.MEDIA_SCANNER_SCAN_FILE dat=file:///sdcard/screen_2026-05-28_051641.png flg=0x1400010 cmp=com.android.providers.media.module/com.android.providers.media.MediaService }
05-28 05:16:41.304  1644  1644 W com.android.providers.media.module: type=1400 audit(0.0:1314): avc: denied { read } for comm=4173796E635461736B202331 name="primary" dev="tmpfs" ino=20444 scontext=u:r:mediaprovider_app:s0:c128,c256,c512,c768 tcontext=u:object_r:mnt_pass_through_file:s0 tclass=lnk_file permissive=0 app=com.android.providers.media.module
05-28 05:16:41.308  1644  1644 I chatty  : uid=10128(com.android.providers.media.module) identical 2 lines
05-28 05:16:41.308  1644  1644 W com.android.providers.media.module: type=1400 audit(0.0:1317): avc: denied { read } for comm=4173796E635461736B202331 name="primary" dev="tmpfs" ino=20444 scontext=u:r:mediaprovider_app:s0:c128,c256,c512,c768 tcontext=u:object_r:mnt_pass_through_file:s0 tclass=lnk_file permissive=0 app=com.android.providers.media.module
05-28 05:16:41.406  1644  1739 I MediaProvider: Deleted 1 items on external_primary due to com.android.shell
05-28 05:16:41.430 12780 12782 I cmd     : oneway function results will be dropped but finished with status OK and parcel size 4
05-28 05:16:41.554   159   159 I hwservicemanager: getTransport: Cannot find entry android.hardware.graphics.mapper@4.0::IMapper/default in either framework or device manifest.
05-28 05:16:41.554 12802 12802 I Gralloc4: mapper 4.x is not supported
05-28 05:16:41.589 12806 12808 I cmd     : oneway function results will be dropped but finished with status OK and parcel size 4
05-28 05:16:41.589  1644  1927 I MediaProvider: Begin Intent { act=android.intent.action.MEDIA_SCANNER_SCAN_FILE dat=file:///sdcard/screen_2026-05-28_051642.png flg=0x1400010 cmp=com.android.providers.media.module/com.android.providers.media.MediaService }
05-28 05:16:41.590  1644  1927 W ModernMediaScanner: Failed to visit /sdcard/screen_2026-05-28_051642.png: java.nio.file.AccessDeniedException: /sdcard/screen_2026-05-28_051642.png
05-28 05:16:41.591  1644  1927 I MediaProvider: Scanned internal due to REASON_DEMAND, found 0 items in 1ms, 0 inserts 0 updates 0 deletes
05-28 05:16:41.591  1644  1927 I MediaProvider: End Intent { act=android.intent.action.MEDIA_SCANNER_SCAN_FILE dat=file:///sdcard/screen_2026-05-28_051642.png flg=0x1400010 cmp=com.android.providers.media.module/com.android.providers.media.MediaService }
05-28 05:16:41.610  1644  1739 I MediaProvider: Deleted 1 items on external_primary due to com.android.shell
05-28 05:16:41.634 12817 12819 I cmd     : oneway function results will be dropped but finished with status OK and parcel size 4
05-28 05:16:41.744   159   159 I hwservicemanager: getTransport: Cannot find entry android.hardware.graphics.mapper@4.0::IMapper/default in either framework or device manifest.
05-28 05:16:41.744 12839 12839 I Gralloc4: mapper 4.x is not supported
05-28 05:16:41.779 12843 12845 I cmd     : oneway function results will be dropped but finished with status OK and parcel size 4
05-28 05:16:41.779  1644  1927 I MediaProvider: Begin Intent { act=android.intent.action.MEDIA_SCANNER_SCAN_FILE dat=file:///sdcard/screen_2026-05-28_051642.png flg=0x1400010 cmp=com.android.providers.media.module/com.android.providers.media.MediaService }
05-28 05:16:41.780  1644  1927 W ModernMediaScanner: Failed to visit /sdcard/screen_2026-05-28_051642.png: java.nio.file.AccessDeniedException: /sdcard/screen_2026-05-28_051642.png
05-28 05:16:41.780  1644  1927 I MediaProvider: Scanned internal due to REASON_DEMAND, found 0 items in 1ms, 0 inserts 0 updates 0 deletes
05-28 05:16:41.781  1644  1927 I MediaProvider: End Intent { act=android.intent.action.MEDIA_SCANNER_SCAN_FILE dat=file:///sdcard/screen_2026-05-28_051642.png flg=0x1400010 cmp=com.android.providers.media.module/com.android.providers.media.MediaService }
05-28 05:16:41.800  1644  2581 I MediaProvider: Deleted 1 items on external_primary due to com.android.shell
05-28 05:16:41.822 12854 12856 I cmd     : oneway function results will be dropped but finished with status OK and parcel size 4
05-28 05:16:41.888 12864 12864 E libc    : Access denied finding property "persist.device_config.runtime_native_boot.profilebootclasspath"
05-28 05:16:41.888 12864 12864 E libc    : Access denied finding property "persist.device_config.runtime_native_boot.enable_apex_image"
05-28 05:16:41.888 12864 12864 I AndroidRuntime: Using default boot image
05-28 05:16:41.888 12864 12864 E libc    : Access denied finding property "persist.device_config.runtime_native_boot.disable_lock_profiling"
05-28 05:16:41.888 12864 12864 I AndroidRuntime: Leaving lock profiling enabled
05-28 05:16:41.888 12864 12864 E libc    : Access denied finding property "persist.device_config.runtime_native_boot.enable_generational_cc"
05-28 05:16:41.890 12864 12864 I app_process: Core platform API reporting enabled, enforcing=false
05-28 05:16:41.925 12864 12864 W app_process: Unexpected CPU variant for X86 using defaults: x86_64
05-28 05:16:41.926 12864 12864 I app_process: The ClassLoaderContext is a special shared library.
05-28 05:16:41.932 12864 12864 W app_process: JNI RegisterNativeMethods: attempt to register 0 native methods for android.media.AudioAttributes
05-28 05:16:41.944   510   540 W InputReader: Device virtio_input_multi_touch_10 is associated with display ADISPLAY_ID_NONE.
05-28 05:16:41.944   510   540 W InputReader: Device virtio_input_multi_touch_7 is associated with display ADISPLAY_ID_NONE.
05-28 05:16:41.944   510   540 W InputReader: Device virtio_input_multi_touch_4 is associated with display ADISPLAY_ID_NONE.
05-28 05:16:41.944   510   540 W InputReader: Device virtio_input_multi_touch_5 is associated with display ADISPLAY_ID_NONE.
05-28 05:16:41.944   510   540 W InputReader: Device virtio_input_multi_touch_2 is associated with display ADISPLAY_ID_NONE.
05-28 05:16:41.944   510   540 W InputReader: Device virtio_input_multi_touch_6 is associated with display ADISPLAY_ID_NONE.
05-28 05:16:41.944   510   540 W InputReader: Device virtio_input_multi_touch_3 is associated with display ADISPLAY_ID_NONE.
05-28 05:16:41.944   510   540 W InputReader: Device virtio_input_multi_touch_8 is associated with display ADISPLAY_ID_NONE.
05-28 05:16:41.944   510   540 W InputReader: Device virtio_input_multi_touch_9 is associated with display ADISPLAY_ID_NONE.
05-28 05:16:41.944   510   540 W InputReader: Device virtio_input_multi_touch_11 is associated with display ADISPLAY_ID_NONE.
05-28 05:16:41.944   510   540 W InputReader: Device virtio_input_multi_touch_10 is associated with display ADISPLAY_ID_NONE.
05-28 05:16:41.944   510   540 W InputReader: Device virtio_input_multi_touch_7 is associated with display ADISPLAY_ID_NONE.
05-28 05:16:41.944   510   540 W InputReader: Device virtio_input_multi_touch_4 is associated with display ADISPLAY_ID_NONE.
05-28 05:16:41.944   510   540 W InputReader: Device virtio_input_multi_touch_5 is associated with display ADISPLAY_ID_NONE.
05-28 05:16:41.944   510   540 W InputReader: Device virtio_input_multi_touch_2 is associated with display ADISPLAY_ID_NONE.
05-28 05:16:41.944   510   540 W InputReader: Device virtio_input_multi_touch_6 is associated with display ADISPLAY_ID_NONE.
05-28 05:16:41.944   510   540 W InputReader: Device virtio_input_multi_touch_3 is associated with display ADISPLAY_ID_NONE.
05-28 05:16:41.944   510   540 W InputReader: Device virtio_input_multi_touch_8 is associated with display ADISPLAY_ID_NONE.
05-28 05:16:41.944   510   540 W InputReader: Device virtio_input_multi_touch_9 is associated with display ADISPLAY_ID_NONE.
05-28 05:16:41.944   510   540 W InputReader: Device virtio_input_multi_touch_11 is associated with display ADISPLAY_ID_NONE.
05-28 05:16:42.067   330   330 E Layer   : [Surface(name=Task=1)/@0xb7f6dbc - animation-leash#0] No local sync point found
05-28 05:16:42.067   330   330 E Layer   : [Surface(name=Task=1)/@0xb7f6dbc - animation-leash#0] No local sync point found
05-28 05:16:42.067   330   330 E Layer   : [Surface(name=Task=15)/@0xa13f27c - animation-leash#0] No local sync point found
05-28 05:16:42.067   330   330 E Layer   : [Surface(name=Task=15)/@0xa13f27c - animation-leash#0] No local sync point found
05-28 05:16:42.190  8438  8438 I ProvidersCache: Updating roots due to change on user 0at content://com.android.providers.media.documents/root
05-28 05:16:42.346  8438  8438 I chatty  : uid=10076(com.android.documentsui) identical 1 line
05-28 05:16:42.566  8438  8438 I ProvidersCache: Updating roots due to change on user 0at content://com.android.providers.media.documents/root
05-28 05:16:42.624   413   413 I perfetto: probes_producer.cc:329  Producer stop (id=11)
05-28 05:16:42.625   415   415 I perfetto: ng_service_impl.cc:1948 Tracing session 11 ended, total sessions:0
05-28 05:16:42.626   413   413 I perfetto: ftrace_procfs.cc:183    disabled ftrace
05-28 05:16:42.806     0     0 W perfetto: disabled ftrace
05-28 05:16:42.826  8438  8438 I ProvidersCache: Updating roots due to change on user 0at content://com.android.providers.media.documents/root
05-28 05:16:43.442   159   159 I hwservicemanager: getTransport: Cannot find entry android.hardware.graphics.mapper@4.0::IMapper/default in either framework or device manifest.
05-28 05:16:43.443 12899 12899 I Gralloc4: mapper 4.x is not supported
05-28 05:16:43.512  1644  1927 I MediaProvider: Begin Intent { act=android.intent.action.MEDIA_SCANNER_SCAN_FILE dat=file:///sdcard/screen_2026-05-28_051644.png flg=0x1400010 cmp=com.android.providers.media.module/com.android.providers.media.MediaService }
05-28 05:16:43.508  1644  1644 W com.android.providers.media.module: type=1400 audit(0.0:1335): avc: denied { read } for comm=4173796E635461736B202331 name="primary" dev="tmpfs" ino=20444 scontext=u:r:mediaprovider_app:s0:c128,c256,c512,c768 tcontext=u:object_r:mnt_pass_through_file:s0 tclass=lnk_file permissive=0 app=com.android.providers.media.module
05-28 05:16:43.696     0     0 W audit   : audit_lost=981 audit_rate_limit=5 audit_backlog_limit=64
05-28 05:16:43.705     0     0 E audit   : rate limit exceeded
05-28 05:16:43.532  1644  1927 W ModernMediaScanner: Failed to visit /sdcard/screen_2026-05-28_051644.png: java.nio.file.AccessDeniedException: /sdcard/screen_2026-05-28_051644.png
05-28 05:16:43.533  1644  1927 I MediaProvider: Scanned internal due to REASON_DEMAND, found 0 items in 20ms, 0 inserts 0 updates 0 deletes
05-28 05:16:43.533  1644  1927 I MediaProvider: End Intent { act=android.intent.action.MEDIA_SCANNER_SCAN_FILE dat=file:///sdcard/screen_2026-05-28_051644.png flg=0x1400010 cmp=com.android.providers.media.module/com.android.providers.media.MediaService }
05-28 05:16:43.508  1644  1644 W com.android.providers.media.module: type=1400 audit(0.0:1336): avc: denied { read } for comm=4173796E635461736B202331 name="primary" dev="tmpfs" ino=20444 scontext=u:r:mediaprovider_app:s0:c128,c256,c512,c768 tcontext=u:object_r:mnt_pass_through_file:s0 tclass=lnk_file permissive=0 app=com.android.providers.media.module
05-28 05:16:43.551  1644  1740 I MediaProvider: Deleted 1 items on external_primary due to com.android.shell
05-28 05:16:43.512  1644  1644 W com.android.providers.media.module: type=1400 audit(0.0:1338): avc: denied { read } for comm=4173796E635461736B202331 name="primary" dev="tmpfs" ino=20444 scontext=u:r:mediaprovider_app:s0:c128,c256,c512,c768 tcontext=u:object_r:mnt_pass_through_file:s0 tclass=lnk_file permissive=0 app=com.android.providers.media.module
05-28 05:16:43.576 12914 12916 I cmd     : oneway function results will be dropped but finished with status OK and parcel size 4
05-28 05:16:43.690   159   159 I hwservicemanager: getTransport: Cannot find entry android.hardware.graphics.mapper@4.0::IMapper/default in either framework or device manifest.
05-28 05:16:43.690 12936 12936 I Gralloc4: mapper 4.x is not supported
05-28 05:16:43.758 12940 12942 I cmd     : oneway function results will be dropped but finished with status OK and parcel size 4
05-28 05:16:43.759  1644  1927 I MediaProvider: Begin Intent { act=android.intent.action.MEDIA_SCANNER_SCAN_FILE dat=file:///sdcard/screen_2026-05-28_051644.png flg=0x1400010 cmp=com.android.providers.media.module/com.android.providers.media.MediaService }
05-28 05:16:43.759  1644  1927 W ModernMediaScanner: Failed to visit /sdcard/screen_2026-05-28_051644.png: java.nio.file.AccessDeniedException: /sdcard/screen_2026-05-28_051644.png
05-28 05:16:43.760  1644  1927 I MediaProvider: Scanned internal due to REASON_DEMAND, found 0 items in 1ms, 0 inserts 0 updates 0 deletes
05-28 05:16:43.761  1644  1927 I MediaProvider: End Intent { act=android.intent.action.MEDIA_SCANNER_SCAN_FILE dat=file:///sdcard/screen_2026-05-28_051644.png flg=0x1400010 cmp=com.android.providers.media.module/com.android.providers.media.MediaService }
05-28 05:16:43.781  1644  1739 I MediaProvider: Deleted 1 items on external_primary due to com.android.shell
05-28 05:16:43.806 12951 12953 I cmd     : oneway function results will be dropped but finished with status OK and parcel size 4
05-28 05:16:43.918   159   159 I hwservicemanager: getTransport: Cannot find entry android.hardware.graphics.mapper@4.0::IMapper/default in either framework or device manifest.
05-28 05:16:43.918 12973 12973 I Gralloc4: mapper 4.x is not supported
05-28 05:16:43.986  1644  1927 I MediaProvider: Begin Intent { act=android.intent.action.MEDIA_SCANNER_SCAN_FILE dat=file:///sdcard/screen_2026-05-28_051644.png flg=0x1400010 cmp=com.android.providers.media.module/com.android.providers.media.MediaService }
05-28 05:16:43.986  1644  1927 W ModernMediaScanner: Failed to visit /sdcard/screen_2026-05-28_051644.png: java.nio.file.AccessDeniedException: /sdcard/screen_2026-05-28_051644.png
05-28 05:16:43.987  1644  1927 I MediaProvider: Scanned internal due to REASON_DEMAND, found 0 items in 1ms, 0 inserts 0 updates 0 deletes
05-28 05:16:43.987  1644  1927 I MediaProvider: End Intent { act=android.intent.action.MEDIA_SCANNER_SCAN_FILE dat=file:///sdcard/screen_2026-05-28_051644.png flg=0x1400010 cmp=com.android.providers.media.module/com.android.providers.media.MediaService }
05-28 05:16:44.006  1644  1739 I MediaProvider: Deleted 1 items on external_primary due to com.android.shell
05-28 05:16:44.030 12988 12990 I cmd     : oneway function results will be dropped but finished with status OK and parcel size 4
05-28 05:16:44.065   510  1658 I ActivityTaskManager: START u0 {act=android.intent.action.MAIN cat=[android.intent.category.LAUNCHER] flg=0x10000000 cmp=com.mocoding.pokedex.android/.MainActivity} from uid 2000
05-28 05:16:44.071   415   415 I perfetto: ing_service_impl.cc:758 Configured tracing session 12, #sources:1, duration:5000 ms, #buffers:1, total buffer size:4096 KB, total sessions:1, uid:1071 session name: ""
05-28 05:16:44.071   413   413 I perfetto: probes_producer.cc:230  Ftrace setup (target_buf=12)
05-28 05:16:44.072   510  1826 W ActivityTaskManager: Tried to set launchTime (0) < mLastActivityLaunchTime (177035)
05-28 05:16:44.073   510  1826 W InputReader: Device virtio_input_multi_touch_10 is associated with display ADISPLAY_ID_NONE.
05-28 05:16:44.073   510  1826 W InputReader: Device virtio_input_multi_touch_7 is associated with display ADISPLAY_ID_NONE.
05-28 05:16:44.073   510  1826 W InputReader: Device virtio_input_multi_touch_4 is associated with display ADISPLAY_ID_NONE.
05-28 05:16:44.073   510  1826 W InputReader: Device virtio_input_multi_touch_5 is associated with display ADISPLAY_ID_NONE.
05-28 05:16:44.073   510  1826 W InputReader: Device virtio_input_multi_touch_2 is associated with display ADISPLAY_ID_NONE.
05-28 05:16:44.073   510  1826 W InputReader: Device virtio_input_multi_touch_6 is associated with display ADISPLAY_ID_NONE.
05-28 05:16:44.073   510  1826 W InputReader: Device virtio_input_multi_touch_3 is associated with display ADISPLAY_ID_NONE.
05-28 05:16:44.073   510  1826 W InputReader: Device virtio_input_multi_touch_8 is associated with display ADISPLAY_ID_NONE.
05-28 05:16:44.073   510  1826 W InputReader: Device virtio_input_multi_touch_9 is associated with display ADISPLAY_ID_NONE.
05-28 05:16:44.073   510  1826 W InputReader: Device virtio_input_multi_touch_11 is associated with display ADISPLAY_ID_NONE.
05-28 05:16:44.073   510  1826 W InputReader: Device virtio_input_multi_touch_10 is associated with display ADISPLAY_ID_NONE.
05-28 05:16:44.073   510  1826 W InputReader: Device virtio_input_multi_touch_7 is associated with display ADISPLAY_ID_NONE.
05-28 05:16:44.073   510  1826 W InputReader: Device virtio_input_multi_touch_4 is associated with display ADISPLAY_ID_NONE.
05-28 05:16:44.073   510  1826 W InputReader: Device virtio_input_multi_touch_5 is associated with display ADISPLAY_ID_NONE.
05-28 05:16:44.073   510  1826 W InputReader: Device virtio_input_multi_touch_2 is associated with display ADISPLAY_ID_NONE.
05-28 05:16:44.073   510  1826 W InputReader: Device virtio_input_multi_touch_6 is associated with display ADISPLAY_ID_NONE.
05-28 05:16:44.073   510  1826 W InputReader: Device virtio_input_multi_touch_3 is associated with display ADISPLAY_ID_NONE.
05-28 05:16:44.073   510  1826 W InputReader: Device virtio_input_multi_touch_8 is associated with display ADISPLAY_ID_NONE.
05-28 05:16:44.073   510  1826 W InputReader: Device virtio_input_multi_touch_9 is associated with display ADISPLAY_ID_NONE.
05-28 05:16:44.073   510  1826 W InputReader: Device virtio_input_multi_touch_11 is associated with display ADISPLAY_ID_NONE.
05-28 05:16:44.073 13000 13002 I cmd     : oneway function results will be dropped but finished with status OK and parcel size 4
05-28 05:16:44.094   413   413 I perfetto: ftrace_procfs.cc:176    enabled ftrace
05-28 05:16:44.097   510   556 E libprocessgroup: AddTidToCgroup failed to write '13008'; fd=49: Invalid argument
05-28 05:16:44.097   510   556 E libprocessgroup: Failed to add task into cgroup
05-28 05:16:44.097   510   556 W libprocessgroup: ExecuteForTask failed for aggregate profile: Invalid argument
05-28 05:16:44.275     0     0 W perfetto: enabled ftrace
05-28 05:16:44.172  8852  8869 W System  : A resource failed to call close. 
05-28 05:16:44.172  8852  8869 W System  : A resource failed to call dispose. 
05-28 05:16:44.172  8852  8869 W System  : A resource failed to call release. 
05-28 05:16:44.172  8852  8869 I chatty  : uid=10132(com.mocoding.pokedex.android) FinalizerDaemon identical 1 line
05-28 05:16:44.173  8852  8869 W System  : A resource failed to call release. 
05-28 05:16:44.269   510   550 I ActivityTaskManager: Displayed com.mocoding.pokedex.android/.MainActivity: +201ms
05-28 05:16:44.796  8438  8438 I ProvidersCache: Updating roots due to change on user 0at content://com.android.providers.media.documents/root
05-28 05:16:44.905  8438  8438 I chatty  : uid=10076(com.android.documentsui) identical 1 line
05-28 05:16:45.129  8438  8438 I ProvidersCache: Updating roots due to change on user 0at content://com.android.providers.media.documents/root
05-28 05:16:45.186   159   159 I hwservicemanager: getTransport: Cannot find entry android.hardware.graphics.mapper@4.0::IMapper/default in either framework or device manifest.
05-28 05:16:45.186 13036 13036 I Gralloc4: mapper 4.x is not supported
05-28 05:16:45.229  1644  1927 I MediaProvider: Begin Intent { act=android.intent.action.MEDIA_SCANNER_SCAN_FILE dat=file:///sdcard/screen_2026-05-28_051645.png flg=0x1400010 cmp=com.android.providers.media.module/com.android.providers.media.MediaService }
05-28 05:16:45.228  1644  1644 W com.android.providers.media.module: type=1400 audit(0.0:1353): avc: denied { read } for comm=4173796E635461736B202331 name="primary" dev="tmpfs" ino=20444 scontext=u:r:mediaprovider_app:s0:c128,c256,c512,c768 tcontext=u:object_r:mnt_pass_through_file:s0 tclass=lnk_file permissive=0 app=com.android.providers.media.module
