--------- beginning of main
05-28 05:15:35.974  8284  8286 I cmd     : oneway function results will be dropped but finished with status OK and parcel size 4
05-28 05:15:35.975  1644  1927 I MediaProvider: Begin Intent { act=android.intent.action.MEDIA_SCANNER_SCAN_FILE dat=file:///sdcard/screen_2026-05-28_051536.png flg=0x1400010 cmp=com.android.providers.media.module/com.android.providers.media.MediaService }
05-28 05:15:35.972  1644  1644 W com.android.providers.media.module: type=1400 audit(0.0:766): avc: denied { read } for comm=4173796E635461736B202331 name="primary" dev="tmpfs" ino=20444 scontext=u:r:mediaprovider_app:s0:c128,c256,c512,c768 tcontext=u:object_r:mnt_pass_through_file:s0 tclass=lnk_file permissive=0 app=com.android.providers.media.module
--------- beginning of kernel
05-28 05:15:36.158     0     0 W audit   : audit_lost=557 audit_rate_limit=5 audit_backlog_limit=64
05-28 05:15:36.167     0     0 E audit   : rate limit exceeded
05-28 05:15:35.994  1644  1927 W ModernMediaScanner: Failed to visit /sdcard/screen_2026-05-28_051536.png: java.nio.file.AccessDeniedException: /sdcard/screen_2026-05-28_051536.png
05-28 05:15:35.995  1644  1927 I MediaProvider: Scanned internal due to REASON_DEMAND, found 0 items in 19ms, 0 inserts 0 updates 0 deletes
05-28 05:15:35.995  1644  1927 I MediaProvider: End Intent { act=android.intent.action.MEDIA_SCANNER_SCAN_FILE dat=file:///sdcard/screen_2026-05-28_051536.png flg=0x1400010 cmp=com.android.providers.media.module/com.android.providers.media.MediaService }
05-28 05:15:35.972  1644  1644 W com.android.providers.media.module: type=1400 audit(0.0:767): avc: denied { read } for comm=4173796E635461736B202331 name="primary" dev="tmpfs" ino=20444 scontext=u:r:mediaprovider_app:s0:c128,c256,c512,c768 tcontext=u:object_r:mnt_pass_through_file:s0 tclass=lnk_file permissive=0 app=com.android.providers.media.module
05-28 05:15:35.972  1644  1644 I chatty  : uid=10128(com.android.providers.media.module) identical 2 lines
05-28 05:15:35.972  1644  1644 W com.android.providers.media.module: type=1400 audit(0.0:770): avc: denied { read } for comm=4173796E635461736B202331 name="primary" dev="tmpfs" ino=20444 scontext=u:r:mediaprovider_app:s0:c128,c256,c512,c768 tcontext=u:object_r:mnt_pass_through_file:s0 tclass=lnk_file permissive=0 app=com.android.providers.media.module
05-28 05:15:36.073  1644  1739 I MediaProvider: Deleted 1 items on external_primary due to com.android.shell
05-28 05:15:36.235   159   159 I hwservicemanager: getTransport: Cannot find entry android.hardware.graphics.mapper@4.0::IMapper/default in either framework or device manifest.
05-28 05:15:36.235  8319  8319 I Gralloc4: mapper 4.x is not supported
05-28 05:15:36.271  8323  8325 I cmd     : oneway function results will be dropped but finished with status OK and parcel size 4
05-28 05:15:36.271  1644  1927 I MediaProvider: Begin Intent { act=android.intent.action.MEDIA_SCANNER_SCAN_FILE dat=file:///sdcard/screen_2026-05-28_051536.png flg=0x1400010 cmp=com.android.providers.media.module/com.android.providers.media.MediaService }
05-28 05:15:36.272  1644  1927 W ModernMediaScanner: Failed to visit /sdcard/screen_2026-05-28_051536.png: java.nio.file.AccessDeniedException: /sdcard/screen_2026-05-28_051536.png
05-28 05:15:36.272  1644  1927 I MediaProvider: Scanned internal due to REASON_DEMAND, found 0 items in 1ms, 0 inserts 0 updates 0 deletes
05-28 05:15:36.273  1644  1927 I MediaProvider: End Intent { act=android.intent.action.MEDIA_SCANNER_SCAN_FILE dat=file:///sdcard/screen_2026-05-28_051536.png flg=0x1400010 cmp=com.android.providers.media.module/com.android.providers.media.MediaService }
05-28 05:15:36.293  1644  1740 I MediaProvider: Deleted 1 items on external_primary due to com.android.shell
05-28 05:15:36.316  8334  8336 I cmd     : oneway function results will be dropped but finished with status OK and parcel size 4
05-28 05:15:36.429   159   159 I hwservicemanager: getTransport: Cannot find entry android.hardware.graphics.mapper@4.0::IMapper/default in either framework or device manifest.
05-28 05:15:36.430  8356  8356 I Gralloc4: mapper 4.x is not supported
05-28 05:15:36.466  1644  1927 I MediaProvider: Begin Intent { act=android.intent.action.MEDIA_SCANNER_SCAN_FILE dat=file:///sdcard/screen_2026-05-28_051537.png flg=0x1400010 cmp=com.android.providers.media.module/com.android.providers.media.MediaService }
05-28 05:15:36.467  1644  1927 W ModernMediaScanner: Failed to visit /sdcard/screen_2026-05-28_051537.png: java.nio.file.AccessDeniedException: /sdcard/screen_2026-05-28_051537.png
05-28 05:15:36.467  1644  1927 I MediaProvider: Scanned internal due to REASON_DEMAND, found 0 items in 1ms, 0 inserts 0 updates 0 deletes
05-28 05:15:36.468  1644  1927 I MediaProvider: End Intent { act=android.intent.action.MEDIA_SCANNER_SCAN_FILE dat=file:///sdcard/screen_2026-05-28_051537.png flg=0x1400010 cmp=com.android.providers.media.module/com.android.providers.media.MediaService }
05-28 05:15:36.487  1644  2581 I MediaProvider: Deleted 1 items on external_primary due to com.android.shell
05-28 05:15:36.512  8371  8373 I cmd     : oneway function results will be dropped but finished with status OK and parcel size 4
05-28 05:15:36.579  8381  8381 E libc    : Access denied finding property "persist.device_config.runtime_native_boot.profilebootclasspath"
05-28 05:15:36.579  8381  8381 E libc    : Access denied finding property "persist.device_config.runtime_native_boot.enable_apex_image"
05-28 05:15:36.579  8381  8381 I AndroidRuntime: Using default boot image
05-28 05:15:36.579  8381  8381 E libc    : Access denied finding property "persist.device_config.runtime_native_boot.disable_lock_profiling"
05-28 05:15:36.579  8381  8381 I AndroidRuntime: Leaving lock profiling enabled
05-28 05:15:36.579  8381  8381 E libc    : Access denied finding property "persist.device_config.runtime_native_boot.enable_generational_cc"
05-28 05:15:36.581  8381  8381 I app_process: Core platform API reporting enabled, enforcing=false
05-28 05:15:36.616  8381  8381 W app_process: Unexpected CPU variant for X86 using defaults: x86_64
05-28 05:15:36.617  8381  8381 I app_process: The ClassLoaderContext is a special shared library.
05-28 05:15:36.624  8381  8381 W app_process: JNI RegisterNativeMethods: attempt to register 0 native methods for android.media.AudioAttributes
--------- beginning of system
05-28 05:15:36.638   510   628 W InputReader: Device virtio_input_multi_touch_10 is associated with display ADISPLAY_ID_NONE.
05-28 05:15:36.638   510   628 W InputReader: Device virtio_input_multi_touch_7 is associated with display ADISPLAY_ID_NONE.
05-28 05:15:36.638   510   628 W InputReader: Device virtio_input_multi_touch_4 is associated with display ADISPLAY_ID_NONE.
05-28 05:15:36.638   510   628 W InputReader: Device virtio_input_multi_touch_5 is associated with display ADISPLAY_ID_NONE.
05-28 05:15:36.638   510   628 W InputReader: Device virtio_input_multi_touch_2 is associated with display ADISPLAY_ID_NONE.
05-28 05:15:36.638   510   628 W InputReader: Device virtio_input_multi_touch_6 is associated with display ADISPLAY_ID_NONE.
05-28 05:15:36.638   510   628 W InputReader: Device virtio_input_multi_touch_3 is associated with display ADISPLAY_ID_NONE.
05-28 05:15:36.638   510   628 W InputReader: Device virtio_input_multi_touch_8 is associated with display ADISPLAY_ID_NONE.
05-28 05:15:36.638   510   628 W InputReader: Device virtio_input_multi_touch_9 is associated with display ADISPLAY_ID_NONE.
05-28 05:15:36.638   510   628 W InputReader: Device virtio_input_multi_touch_11 is associated with display ADISPLAY_ID_NONE.
05-28 05:15:36.638   510   628 W InputReader: Device virtio_input_multi_touch_10 is associated with display ADISPLAY_ID_NONE.
05-28 05:15:36.638   510   628 W InputReader: Device virtio_input_multi_touch_7 is associated with display ADISPLAY_ID_NONE.
05-28 05:15:36.638   510   628 W InputReader: Device virtio_input_multi_touch_4 is associated with display ADISPLAY_ID_NONE.
05-28 05:15:36.638   510   628 W InputReader: Device virtio_input_multi_touch_5 is associated with display ADISPLAY_ID_NONE.
05-28 05:15:36.638   510   628 W InputReader: Device virtio_input_multi_touch_2 is associated with display ADISPLAY_ID_NONE.
05-28 05:15:36.638   510   628 W InputReader: Device virtio_input_multi_touch_6 is associated with display ADISPLAY_ID_NONE.
05-28 05:15:36.638   510   628 W InputReader: Device virtio_input_multi_touch_3 is associated with display ADISPLAY_ID_NONE.
05-28 05:15:36.638   510   628 W InputReader: Device virtio_input_multi_touch_8 is associated with display ADISPLAY_ID_NONE.
05-28 05:15:36.638   510   628 W InputReader: Device virtio_input_multi_touch_9 is associated with display ADISPLAY_ID_NONE.
05-28 05:15:36.638   510   628 W InputReader: Device virtio_input_multi_touch_11 is associated with display ADISPLAY_ID_NONE.
05-28 05:15:36.750   330   330 E Layer   : [Surface(name=Task=1)/@0xb7f6dbc - animation-leash#0] No local sync point found
05-28 05:15:36.750   330   330 E Layer   : [Surface(name=Task=1)/@0xb7f6dbc - animation-leash#0] No local sync point found
05-28 05:15:36.750   330   330 E Layer   : [Surface(name=Task=12)/@0xa36a40 - animation-leash#0] No local sync point found
05-28 05:15:36.750   330   330 E Layer   : [Surface(name=Task=12)/@0xa36a40 - animation-leash#0] No local sync point found
05-28 05:15:36.956  8399  8402 I cmd     : oneway function results will be dropped but finished with status OK and parcel size 4
05-28 05:15:36.961  1336  1336 I LatinIME: Hardware accelerated drawing: true
05-28 05:15:36.964  1336  1336 W InputAttributes: No editor info for this field. Bug?
05-28 05:15:36.965   323   323 I android.hardware.vibrator-service.example: Vibrator reporting capabilities
05-28 05:15:36.966  1336  1402 I LatinIME:LogUtils: Dictionary info: dictionary = UserHistoryDictionary.en_US ; version = 1779945243 ; date = 1779945248
05-28 05:15:36.967  1336  1402 I LatinIME:LogUtils: Dictionary info: dictionary = userunigram.en_US ; version = 1779945336 ; date = ?
05-28 05:15:36.974   510  1643 W ActivityTaskManager: Current config: {1.0 310mcc260mnc [en_US] ldltr sw320dp w320dp h616dp 160dpi nrml long port finger qwerty/v/v -nav/h winConfig={ mBounds=Rect(0, 0 - 320, 640) mAppBounds=Rect(0, 0 - 320, 640) mWindowingMode=fullscreen mDisplayWindowingMode=fullscreen mActivityType=undefined mAlwaysOnTop=undefined mRotation=ROTATION_0} s.8} unchanged for IME proc com.android.inputmethod.latin
05-28 05:15:36.975  1454  1454 I d.process.acor: The ClassLoaderContext is a special shared library.
05-28 05:15:37.007  1336  1402 I LatinIME:LogUtils: Dictionary info: dictionary = main:en ; version = 54 ; date = 1414726273
05-28 05:15:36.974   510  1643 I chatty  : uid=1000(system) Binder:510_C identical 1 line
05-28 05:15:36.974   510  1643 W ActivityTaskManager: Current config: {1.0 310mcc260mnc [en_US] ldltr sw320dp w320dp h616dp 160dpi nrml long port finger qwerty/v/v -nav/h winConfig={ mBounds=Rect(0, 0 - 320, 640) mAppBounds=Rect(0, 0 - 320, 640) mWindowingMode=fullscreen mDisplayWindowingMode=fullscreen mActivityType=undefined mAlwaysOnTop=undefined mRotation=ROTATION_0} s.8} unchanged for IME proc com.android.inputmethod.latin
05-28 05:15:37.013   510   551 I ActivityManager: Force stopping com.mocoding.pokedex.android appid=10131 user=-1: deletePackageX
05-28 05:15:37.013   510   551 I ActivityManager: Killing 2610:com.mocoding.pokedex.android/u0a131 (adj 900): stop com.mocoding.pokedex.android due to deletePackageX
05-28 05:15:37.028   510   567 I PackageManager: Removing permission com.mocoding.pokedex.android.DYNAMIC_RECEIVER_NOT_EXPORTED_PERMISSION that used to be declared by com.mocoding.pokedex.android
05-28 05:15:37.028   510   567 W PackageManager: Removing dangling permission: com.mocoding.pokedex.android.DYNAMIC_RECEIVER_NOT_EXPORTED_PERMISSION from package com.mocoding.pokedex.android
05-28 05:15:37.028   510   567 I PackageManager: Permission ownership changed. Updating all permissions.
05-28 05:15:37.030   280   280 I Zygote  : Process 2610 exited due to signal 9 (Killed)
05-28 05:15:37.040   510   545 W ActivityManager: setHasOverlayUi called on unknown pid: 2610
05-28 05:15:37.231     0     0 I binder  : release 8413:8413 transaction 165252 out, still active
05-28 05:15:37.234     0     0 I binder  : undelivered TRANSACTION_COMPLETE
05-28 05:15:37.058   510   553 I libprocessgroup: Successfully killed process cgroup uid 10131 pid 2610 in 44ms
05-28 05:15:37.060   424   424 I keystore: clear_uid 10131
05-28 05:15:37.061   510   567 E PermissionMonitor: unknown permission type: -1for uid: 10131
05-28 05:15:37.062   510   567 I system_server: Waiting for a blocking GC Explicit
05-28 05:15:37.065   510  1487 E TaskPersister: File error accessing recents directory (directory doesn't exist?).
05-28 05:15:37.087   510   567 I system_server: Explicit concurrent copying GC freed 63972(2852KB) AllocSpace objects, 34(872KB) LOS objects, 49% free, 9163KB/17MB, paused 13us total 23.396ms
05-28 05:15:37.095   510   567 I ActivityManager: Force stopping com.mocoding.pokedex.android appid=10131 user=0: pkg removed
05-28 05:15:37.098   510  1487 E TaskPersister: File error accessing recents directory (directory doesn't exist?).
05-28 05:15:37.277     0     0 E binder  : invalid inc weak node for 165253
05-28 05:15:37.278     0     0 I binder  : 510:1643 IncRefs 0 refcount change on invalid ref 788 ret -22
05-28 05:15:37.100   510   551 W BroadcastQueue: Background execution not allowed: receiving Intent { act=android.intent.action.PACKAGE_REMOVED dat=package:com.mocoding.pokedex.android flg=0x4000010 (has extras) } to com.android.gallery3d/.app.PackagesMonitor
05-28 05:15:37.101  1644  1644 I MediaProvider: Invalidating LocalCallingIdentity cache for package com.mocoding.pokedex.android. Reason: package android.intent.action.PACKAGE_REMOVED
05-28 05:15:37.102   510   551 W BroadcastQueue: Background execution not allowed: receiving Intent { act=android.intent.action.PACKAGE_REMOVED dat=package:com.mocoding.pokedex.android flg=0x4000010 (has extras) } to com.android.musicfx/.Compatibility$Receiver
05-28 05:15:37.104   510   542 I RoleManagerService: Granting default roles...
05-28 05:15:37.104   510   602 I InputReader: Reconfiguring input devices, changes=KEYBOARD_LAYOUTS | 
05-28 05:15:37.108   510   510 W WifiService: Couldn't get PackageInfo for package:com.mocoding.pokedex.android
05-28 05:15:37.108   510   510 I ConditionProviders: Disallowing condition provider com.mocoding.pokedex.android
05-28 05:15:37.295     0     0 E binder  : invalid inc weak node for 165255
05-28 05:15:37.115   510   656 I PasspointManager: No app ops listener found for com.mocoding.pokedex.android
05-28 05:15:37.299     0     0 I binder  : 510:1643 IncRefs 0 refcount change on invalid ref 790 ret -22
05-28 05:15:37.302     0     0 I binder  : 510:1643 transaction failed 29189/-22, size 104-0 line 2692
05-28 05:15:37.307     0     0 I binder  : 510:1643 transaction failed 29189/0, size 4-0 line 2624
05-28 05:15:37.130   510   552 I ActivityManager: Start proc 8425:com.android.keychain/1000 for service {com.android.keychain/com.android.keychain.KeyChainService}
05-28 05:15:37.130   510   595 I RollbackManager: broadcast=ACTION_PACKAGE_FULLY_REMOVED pkg=com.mocoding.pokedex.android
05-28 05:15:37.130   510   510 W WifiService: Couldn't get PackageInfo for package:com.mocoding.pokedex.android
05-28 05:15:37.131  1336  1402 I LatinIME:LogUtils: Dictionary info: dictionary = main:en ; version = 54 ; date = 1414726273
05-28 05:15:37.141   510   656 I PasspointManager: No app ops listener found for com.mocoding.pokedex.android
05-28 05:15:37.141  8425  8425 W ndroid.keychai: Unexpected CPU variant for X86 using defaults: x86_64
05-28 05:15:37.324     0     0 I binder  : send failed reply for transaction 165252, target dead
05-28 05:15:37.154   383   394 I adbd    : jdwp connection from 8425
05-28 05:15:37.158   510   552 I ActivityManager: Start proc 8438:com.android.documentsui/u0a76 for broadcast {com.android.documentsui/com.android.documentsui.PackageReceiver}
05-28 05:15:37.161  8438  8438 W oid.documentsu: Unexpected CPU variant for X86 using defaults: x86_64
05-28 05:15:37.163   383   394 I adbd    : jdwp connection from 8438
05-28 05:15:37.248  8425  8425 I ndroid.keychai: The ClassLoaderContext is a special shared library.
05-28 05:15:37.249  8438  8438 I oid.documentsu: The ClassLoaderContext is a special shared library.
05-28 05:15:37.259  8425  8465 W KeyChain: Creating new DB.
05-28 05:15:37.264  8438  8438 E ContextImpl: Tried to access visual service LayoutInflater from a non-visual Context:com.android.documentsui.DocumentsApplication@5f674a6 Visual services, such as WindowManager, WallpaperService or LayoutInflater should be accessed from Activity or other visual Context. Use an Activity or a Context created with Context#createWindowContext(int, Bundle), which are adjusted to the configuration and visual bounds of an area on screen.
05-28 05:15:37.264  8438  8438 E ContextImpl: java.lang.IllegalAccessException: Tried to access visual service LayoutInflater from a non-visual Context:com.android.documentsui.DocumentsApplication@5f674a6
05-28 05:15:37.264  8438  8438 E ContextImpl: 	at android.app.ContextImpl.getSystemService(ContextImpl.java:1914)
05-28 05:15:37.264  8438  8438 E ContextImpl: 	at android.content.ContextWrapper.getSystemService(ContextWrapper.java:803)
05-28 05:15:37.264  8438  8438 E ContextImpl: 	at android.view.LayoutInflater.from(LayoutInflater.java:282)
05-28 05:15:37.264  8438  8438 E ContextImpl: 	at com.android.documentsui.DragShadowBuilder.<init>(DragShadowBuilder.java:49)
05-28 05:15:37.264  8438  8438 E ContextImpl: 	at com.android.documentsui.DragAndDropManager$RuntimeDragAndDropManager.<init>(DragAndDropManager.java:195)
05-28 05:15:37.264  8438  8438 E ContextImpl: 	at com.android.documentsui.DragAndDropManager$RuntimeDragAndDropManager.<init>(DragAndDropManager.java:166)
05-28 05:15:37.264  8438  8438 E ContextImpl: 	at com.android.documentsui.DragAndDropManager.create(DragAndDropManager.java:163)
05-28 05:15:37.264  8438  8438 E ContextImpl: 	at com.android.documentsui.DocumentsApplication.onCreate(DocumentsApplication.java:145)
05-28 05:15:37.264  8438  8438 E ContextImpl: 	at android.app.Instrumentation.callApplicationOnCreate(Instrumentation.java:1192)
05-28 05:15:37.264  8438  8438 E ContextImpl: 	at android.app.ActivityThread.handleBindApplication(ActivityThread.java:6712)
05-28 05:15:37.264  8438  8438 E ContextImpl: 	at android.app.ActivityThread.access$1300(ActivityThread.java:237)
05-28 05:15:37.264  8438  8438 E ContextImpl: 	at android.app.ActivityThread$H.handleMessage(ActivityThread.java:1913)
05-28 05:15:37.264  8438  8438 E ContextImpl: 	at android.os.Handler.dispatchMessage(Handler.java:106)
05-28 05:15:37.264  8438  8438 E ContextImpl: 	at android.os.Looper.loop(Looper.java:223)
05-28 05:15:37.264  8438  8438 E ContextImpl: 	at android.app.ActivityThread.main(ActivityThread.java:7656)
05-28 05:15:37.264  8438  8438 E ContextImpl: 	at java.lang.reflect.Method.invoke(Native Method)
05-28 05:15:37.264  8438  8438 E ContextImpl: 	at com.android.internal.os.RuntimeInit$MethodAndArgsCaller.run(RuntimeInit.java:592)
05-28 05:15:37.264  8438  8438 E ContextImpl: 	at com.android.internal.os.ZygoteInit.main(ZygoteInit.java:947)
05-28 05:15:37.266  8438  8438 E ViewConfiguration: Tried to access UI constants from a non-visual Context:com.android.documentsui.DocumentsApplication@5f674a6UI constants, such as display metrics or window metrics, must be accessed from Activity or other visual Context. Use an Activity or a Context created with Context#createWindowContext(int, Bundle), which are adjusted to the configuration and visual bounds of an area on screen
05-28 05:15:37.266  8438  8438 E ViewConfiguration: java.lang.IllegalArgumentException: Tried to access UI constants from a non-visual Context:com.android.documentsui.DocumentsApplication@5f674a6
05-28 05:15:37.266  8438  8438 E ViewConfiguration: 	at android.view.ViewConfiguration.get(ViewConfiguration.java:510)
05-28 05:15:37.266  8438  8438 E ViewConfiguration: 	at android.view.View.<init>(View.java:5317)
05-28 05:15:37.266  8438  8438 E ViewConfiguration: 	at android.view.View.<init>(View.java:5467)
05-28 05:15:37.266  8438  8438 E ViewConfiguration: 	at android.view.ViewGroup.<init>(ViewGroup.java:697)
05-28 05:15:37.266  8438  8438 E ViewConfiguration: 	at android.widget.LinearLayout.<init>(LinearLayout.java:254)
05-28 05:15:37.266  8438  8438 E ViewConfiguration: 	at android.widget.LinearLayout.<init>(LinearLayout.java:250)
05-28 05:15:37.266  8438  8438 E ViewConfiguration: 	at android.widget.LinearLayout.<init>(LinearLayout.java:246)
05-28 05:15:37.266  8438  8438 E ViewConfiguration: 	at java.lang.reflect.Constructor.newInstance0(Native Method)
05-28 05:15:37.266  8438  8438 E ViewConfiguration: 	at java.lang.reflect.Constructor.newInstance(Constructor.java:343)
05-28 05:15:37.266  8438  8438 E ViewConfiguration: 	at android.view.LayoutInflater.createView(LayoutInflater.java:852)
05-28 05:15:37.266  8438  8438 E ViewConfiguration: 	at android.view.LayoutInflater.createView(LayoutInflater.java:774)
05-28 05:15:37.266  8438  8438 E ViewConfiguration: 	at com.android.internal.policy.PhoneLayoutInflater.onCreateView(PhoneLayoutInflater.java:58)
05-28 05:15:37.266  8438  8438 E ViewConfiguration: 	at android.view.LayoutInflater.onCreateView(LayoutInflater.java:928)
05-28 05:15:37.266  8438  8438 E ViewConfiguration: 	at android.view.LayoutInflater.onCreateView(LayoutInflater.java:948)
05-28 05:15:37.266  8438  8438 E ViewConfiguration: 	at android.view.LayoutInflater.createViewFromTag(LayoutInflater.java:1002)
05-28 05:15:37.266  8438  8438 E ViewConfiguration: 	at android.view.LayoutInflater.createViewFromTag(LayoutInflater.java:959)
05-28 05:15:37.266  8438  8438 E ViewConfiguration: 	at android.view.LayoutInflater.inflate(LayoutInflater.java:657)
05-28 05:15:37.266  8438  8438 E ViewConfiguration: 	at android.view.LayoutInflater.inflate(LayoutInflater.java:532)
05-28 05:15:37.266  8438  8438 E ViewConfiguration: 	at android.view.LayoutInflater.inflate(LayoutInflater.java:479)
05-28 05:15:37.266  8438  8438 E ViewConfiguration: 	at com.android.documentsui.DragShadowBuilder.<init>(DragShadowBuilder.java:49)
05-28 05:15:37.266  8438  8438 E ViewConfiguration: 	at com.android.documentsui.DragAndDropManager$RuntimeDragAndDropManager.<init>(DragAndDropManager.java:195)
05-28 05:15:37.266  8438  8438 E ViewConfiguration: 	at com.android.documentsui.DragAndDropManager$RuntimeDragAndDropManager.<init>(DragAndDropManager.java:166)
05-28 05:15:37.266  8438  8438 E ViewConfiguration: 	at com.android.documentsui.DragAndDropManager.create(DragAndDropManager.java:163)
05-28 05:15:37.266  8438  8438 E ViewConfiguration: 	at com.android.documentsui.DocumentsApplication.onCreate(DocumentsApplication.java:145)
05-28 05:15:37.266  8438  8438 E ViewConfiguration: 	at android.app.Instrumentation.callApplicationOnCreate(Instrumentation.java:1192)
05-28 05:15:37.266  8438  8438 E ViewConfiguration: 	at android.app.ActivityThread.handleBindApplication(ActivityThread.java:6712)
05-28 05:15:37.266  8438  8438 E ViewConfiguration: 	at android.app.ActivityThread.access$1300(ActivityThread.java:237)
05-28 05:15:37.266  8438  8438 E ViewConfiguration: 	at android.app.ActivityThread$H.handleMessage(ActivityThread.java:1913)
05-28 05:15:37.266  8438  8438 E ViewConfiguration: 	at android.os.Handler.dispatchMessage(Handler.java:106)
05-28 05:15:37.266  8438  8438 E ViewConfiguration: 	at android.os.Looper.loop(Looper.java:223)
05-28 05:15:37.266  8438  8438 E ViewConfiguration: 	at android.app.ActivityThread.main(ActivityThread.java:7656)
05-28 05:15:37.266  8438  8438 E ViewConfiguration: 	at java.lang.reflect.Method.invoke(Native Method)
05-28 05:15:37.266  8438  8438 E ViewConfiguration: 	at com.android.internal.os.RuntimeInit$MethodAndArgsCaller.run(RuntimeInit.java:592)
05-28 05:15:37.266  8438  8438 E ViewConfiguration: 	at com.android.internal.os.ZygoteInit.main(ZygoteInit.java:947)
05-28 05:15:37.266  8438  8438 E ContextImpl: Tried to access visual service WindowManager from a non-visual Context:com.android.documentsui.DocumentsApplication@5f674a6 Visual services, such as WindowManager, WallpaperService or LayoutInflater should be accessed from Activity or other visual Context. Use an Activity or a Context created with Context#createWindowContext(int, Bundle), which are adjusted to the configuration and visual bounds of an area on screen.
05-28 05:15:37.266  8438  8438 E ContextImpl: java.lang.IllegalAccessException: Tried to access visual service WindowManager from a non-visual Context:com.android.documentsui.DocumentsApplication@5f674a6
05-28 05:15:37.266  8438  8438 E ContextImpl: 	at android.app.ContextImpl.getSystemService(ContextImpl.java:1914)
05-28 05:15:37.266  8438  8438 E ContextImpl: 	at android.content.ContextWrapper.getSystemService(ContextWrapper.java:803)
05-28 05:15:37.266  8438  8438 E ContextImpl: 	at android.content.Context.getSystemService(Context.java:3705)
05-28 05:15:37.266  8438  8438 E ContextImpl: 	at android.view.ViewConfiguration.<init>(ViewConfiguration.java:422)
05-28 05:15:37.266  8438  8438 E ContextImpl: 	at android.view.ViewConfiguration.get(ViewConfiguration.java:520)
05-28 05:15:37.266  8438  8438 E ContextImpl: 	at android.view.View.<init>(View.java:5317)
05-28 05:15:37.266  8438  8438 E ContextImpl: 	at android.view.View.<init>(View.java:5467)
05-28 05:15:37.266  8438  8438 E ContextImpl: 	at android.view.ViewGroup.<init>(ViewGroup.java:697)
05-28 05:15:37.266  8438  8438 E ContextImpl: 	at android.widget.LinearLayout.<init>(LinearLayout.java:254)
05-28 05:15:37.266  8438  8438 E ContextImpl: 	at android.widget.LinearLayout.<init>(LinearLayout.java:250)
05-28 05:15:37.266  8438  8438 E ContextImpl: 	at android.widget.LinearLayout.<init>(LinearLayout.java:246)
05-28 05:15:37.266  8438  8438 E ContextImpl: 	at java.lang.reflect.Constructor.newInstance0(Native Method)
05-28 05:15:37.266  8438  8438 E ContextImpl: 	at java.lang.reflect.Constructor.newInstance(Constructor.java:343)
05-28 05:15:37.266  8438  8438 E ContextImpl: 	at android.view.LayoutInflater.createView(LayoutInflater.java:852)
05-28 05:15:37.266  8438  8438 E ContextImpl: 	at android.view.LayoutInflater.createView(LayoutInflater.java:774)
05-28 05:15:37.266  8438  8438 E ContextImpl: 	at com.android.internal.policy.PhoneLayoutInflater.onCreateView(PhoneLayoutInflater.java:58)
05-28 05:15:37.266  8438  8438 E ContextImpl: 	at android.view.LayoutInflater.onCreateView(LayoutInflater.java:928)
05-28 05:15:37.266  8438  8438 E ContextImpl: 	at android.view.LayoutInflater.onCreateView(LayoutInflater.java:948)
05-28 05:15:37.266  8438  8438 E ContextImpl: 	at android.view.LayoutInflater.createViewFromTag(LayoutInflater.java:1002)
05-28 05:15:37.266  8438  8438 E ContextImpl: 	at android.view.LayoutInflater.createViewFromTag(LayoutInflater.java:959)
05-28 05:15:37.266  8438  8438 E ContextImpl: 	at android.view.LayoutInflater.inflate(LayoutInflater.java:657)
05-28 05:15:37.266  8438  8438 E ContextImpl: 	at android.view.LayoutInflater.inflate(LayoutInflater.java:532)
05-28 05:15:37.266  8438  8438 E ContextImpl: 	at android.view.LayoutInflater.inflate(LayoutInflater.java:479)
05-28 05:15:37.266  8438  8438 E ContextImpl: 	at com.android.documentsui.DragShadowBuilder.<init>(DragShadowBuilder.java:49)
05-28 05:15:37.266  8438  8438 E ContextImpl: 	at com.android.documentsui.DragAndDropManager$RuntimeDragAndDropManager.<init>(DragAndDropManager.java:195)
05-28 05:15:37.266  8438  8438 E ContextImpl: 	at com.android.documentsui.DragAndDropManager$RuntimeDragAndDropManager.<init>(DragAndDropManager.java:166)
05-28 05:15:37.266  8438  8438 E ContextImpl: 	at com.android.documentsui.DragAndDropManager.create(DragAndDropManager.java:163)
05-28 05:15:37.266  8438  8438 E ContextImpl: 	at com.android.documentsui.DocumentsApplication.onCreate(DocumentsApplication.java:145)
05-28 05:15:37.266  8438  8438 E ContextImpl: 	at android.app.Instrumentation.callApplicationOnCreate(Instrumentation.java:1192)
05-28 05:15:37.266  8438  8438 E ContextImpl: 	at android.app.ActivityThread.handleBindApplication(ActivityThread.java:6712)
05-28 05:15:37.266  8438  8438 E ContextImpl: 	at android.app.ActivityThread.access$1300(ActivityThread.java:237)
05-28 05:15:37.266  8438  8438 E ContextImpl: 	at android.app.ActivityThread$H.handleMessage(ActivityThread.java:1913)
05-28 05:15:37.266  8438  8438 E ContextImpl: 	at android.os.Handler.dispatchMessage(Handler.java:106)
05-28 05:15:37.266  8438  8438 E ContextImpl: 	at android.os.Looper.loop(Looper.java:223)
05-28 05:15:37.266  8438  8438 E ContextImpl: 	at android.app.ActivityThread.main(ActivityThread.java:7656)
05-28 05:15:37.266  8438  8438 E ContextImpl: 	at java.lang.reflect.Method.invoke(Native Method)
05-28 05:15:37.266  8438  8438 E ContextImpl: 	at com.android.internal.os.RuntimeInit$MethodAndArgsCaller.run(RuntimeInit.java:592)
05-28 05:15:37.266  8438  8438 E ContextImpl: 	at com.android.internal.os.ZygoteInit.main(ZygoteInit.java:947)
05-28 05:15:37.267  8438  8438 E ViewConfiguration: Tried to access UI constants from a non-visual Context:com.android.documentsui.DocumentsApplication@5f674a6UI constants, such as display metrics or window metrics, must be accessed from Activity or other visual Context. Use an Activity or a Context created with Context#createWindowContext(int, Bundle), which are adjusted to the configuration and visual bounds of an area on screen
05-28 05:15:37.267  8438  8438 E ViewConfiguration: java.lang.IllegalArgumentException: Tried to access UI constants from a non-visual Context:com.android.documentsui.DocumentsApplication@5f674a6
05-28 05:15:37.267  8438  8438 E ViewConfiguration: 	at android.view.ViewConfiguration.get(ViewConfiguration.java:510)
05-28 05:15:37.267  8438  8438 E ViewConfiguration: 	at android.view.View.<init>(View.java:5317)
05-28 05:15:37.267  8438  8438 E ViewConfiguration: 	at android.view.View.<init>(View.java:5467)
05-28 05:15:37.267  8438  8438 E ViewConfiguration: 	at android.view.ViewGroup.<init>(ViewGroup.java:697)
05-28 05:15:37.267  8438  8438 E ViewConfiguration: 	at android.widget.LinearLayout.<init>(LinearLayout.java:254)
05-28 05:15:37.267  8438  8438 E ViewConfiguration: 	at android.widget.LinearLayout.<init>(LinearLayout.java:250)
05-28 05:15:37.267  8438  8438 E ViewConfiguration: 	at android.widget.LinearLayout.<init>(LinearLayout.java:246)
05-28 05:15:37.267  8438  8438 E ViewConfiguration: 	at java.lang.reflect.Constructor.newInstance0(Native Method)
05-28 05:15:37.267  8438  8438 E ViewConfiguration: 	at java.lang.reflect.Constructor.newInstance(Constructor.java:343)
05-28 05:15:37.267  8438  8438 E ViewConfiguration: 	at android.view.LayoutInflater.createView(LayoutInflater.java:852)
05-28 05:15:37.267  8438  8438 E ViewConfiguration: 	at android.view.LayoutInflater.createView(LayoutInflater.java:774)
05-28 05:15:37.267  8438  8438 E ViewConfiguration: 	at com.android.internal.policy.PhoneLayoutInflater.onCreateView(PhoneLayoutInflater.java:58)
05-28 05:15:37.267  8438  8438 E ViewConfiguration: 	at android.view.LayoutInflater.onCreateView(LayoutInflater.java:928)
05-28 05:15:37.267  8438  8438 E ViewConfiguration: 	at android.view.LayoutInflater.onCreateView(LayoutInflater.java:948)
05-28 05:15:37.267  8438  8438 E ViewConfiguration: 	at android.view.LayoutInflater.createViewFromTag(LayoutInflater.java:1002)
05-28 05:15:37.267  8438  8438 E ViewConfiguration: 	at android.view.LayoutInflater.createViewFromTag(LayoutInflater.java:959)
05-28 05:15:37.267  8438  8438 E ViewConfiguration: 	at android.view.LayoutInflater.rInflate(LayoutInflater.java:1121)
05-28 05:15:37.267  8438  8438 E ViewConfiguration: 	at android.view.LayoutInflater.rInflateChildren(LayoutInflater.java:1082)
05-28 05:15:37.267  8438  8438 E ViewConfiguration: 	at android.view.LayoutInflater.inflate(LayoutInflater.java:680)
05-28 05:15:37.267  8438  8438 E ViewConfiguration: 	at android.view.LayoutInflater.inflate(LayoutInflater.java:532)
05-28 05:15:37.267  8438  8438 E ViewConfiguration: 	at android.view.LayoutInflater.inflate(LayoutInflater.java:479)
05-28 05:15:37.267  8438  8438 E ViewConfiguration: 	at com.android.documentsui.DragShadowBuilder.<init>(DragShadowBuilder.java:49)
05-28 05:15:37.267  8438  8438 E ViewConfiguration: 	at com.android.documentsui.DragAndDropManager$RuntimeDragAndDropManager.<init>(DragAndDropManager.java:195)
05-28 05:15:37.267  8438  8438 E ViewConfiguration: 	at com.android.documentsui.DragAndDropManager$RuntimeDragAndDropManager.<init>(DragAndDropManager.java:166)
05-28 05:15:37.267  8438  8438 E ViewConfiguration: 	at com.android.documentsui.DragAndDropManager.create(DragAndDropManager.java:163)
05-28 05:15:37.267  8438  8438 E ViewConfiguration: 	at com.android.documentsui.DocumentsApplication.onCreate(DocumentsApplication.java:145)
05-28 05:15:37.267  8438  8438 E ViewConfiguration: 	at android.app.Instrumentation.callApplicationOnCreate(Instrumentation.java:1192)
05-28 05:15:37.267  8438  8438 E ViewConfiguration: 	at android.app.ActivityThread.handleBindApplication(ActivityThread.java:6712)
05-28 05:15:37.267  8438  8438 E ViewConfiguration: 	at android.app.ActivityThread.access$1300(ActivityThread.java:237)
05-28 05:15:37.267  8438  8438 E ViewConfiguration: 	at android.app.ActivityThread$H.handleMessage(ActivityThread.java:1913)
05-28 05:15:37.267  8438  8438 E ViewConfiguration: 	at android.os.Handler.dispatchMessage(Handler.java:106)
05-28 05:15:37.267  8438  8438 E ViewConfiguration: 	at android.os.Looper.loop(Looper.java:223)
05-28 05:15:37.267  8438  8438 E ViewConfiguration: 	at android.app.ActivityThread.main(ActivityThread.java:7656)
05-28 05:15:37.267  8438  8438 E ViewConfiguration: 	at java.lang.reflect.Method.invoke(Native Method)
05-28 05:15:37.267  8438  8438 E ViewConfiguration: 	at com.android.internal.os.RuntimeInit$MethodAndArgsCaller.run(RuntimeInit.java:592)
05-28 05:15:37.267  8438  8438 E ViewConfiguration: 	at com.android.internal.os.ZygoteInit.main(ZygoteInit.java:947)
05-28 05:15:37.268  8438  8438 E ViewConfiguration: Tried to access UI constants from a non-visual Context:com.android.documentsui.DocumentsApplication@5f674a6UI constants, such as display metrics or window metrics, must be accessed from Activity or other visual Context. Use an Activity or a Context created with Context#createWindowContext(int, Bundle), which are adjusted to the configuration and visual bounds of an area on screen
05-28 05:15:37.268  8438  8438 E ViewConfiguration: java.lang.IllegalArgumentException: Tried to access UI constants from a non-visual Context:com.android.documentsui.DocumentsApplication@5f674a6
05-28 05:15:37.268  8438  8438 E ViewConfiguration: 	at android.view.ViewConfiguration.get(ViewConfiguration.java:510)
05-28 05:15:37.268  8438  8438 E ViewConfiguration: 	at android.view.View.<init>(View.java:5317)
05-28 05:15:37.268  8438  8438 E ViewConfiguration: 	at android.view.View.<init>(View.java:5467)
05-28 05:15:37.268  8438  8438 E ViewConfiguration: 	at android.widget.ImageView.<init>(ImageView.java:195)
05-28 05:15:37.268  8438  8438 E ViewConfiguration: 	at android.widget.ImageView.<init>(ImageView.java:190)
05-28 05:15:37.268  8438  8438 E ViewConfiguration: 	at android.widget.ImageView.<init>(ImageView.java:186)
05-28 05:15:37.268  8438  8438 E ViewConfiguration: 	at com.android.documentsui.DropBadgeView.<init>(DropBadgeView.java:40)
05-28 05:15:37.268  8438  8438 E ViewConfiguration: 	at java.lang.reflect.Constructor.newInstance0(Native Method)
05-28 05:15:37.268  8438  8438 E ViewConfiguration: 	at java.lang.reflect.Constructor.newInstance(Constructor.java:343)
05-28 05:15:37.268  8438  8438 E ViewConfiguration: 	at android.view.LayoutInflater.createView(LayoutInflater.java:852)
05-28 05:15:37.268  8438  8438 E ViewConfiguration: 	at android.view.LayoutInflater.createViewFromTag(LayoutInflater.java:1004)
05-28 05:15:37.268  8438  8438 E ViewConfiguration: 	at android.view.LayoutInflater.parseInclude(LayoutInflater.java:1231)
05-28 05:15:37.268  8438  8438 E ViewConfiguration: 	at android.view.LayoutInflater.rInflate(LayoutInflater.java:1117)
05-28 05:15:37.268  8438  8438 E ViewConfiguration: 	at android.view.LayoutInflater.rInflateChildren(LayoutInflater.java:1082)
05-28 05:15:37.268  8438  8438 E ViewConfiguration: 	at android.view.LayoutInflater.rInflate(LayoutInflater.java:1124)
05-28 05:15:37.268  8438  8438 E ViewConfiguration: 	at android.view.LayoutInflater.rInflateChildren(LayoutInflater.java:1082)
05-28 05:15:37.268  8438  8438 E ViewConfiguration: 	at android.view.LayoutInflater.inflate(LayoutInflater.java:680)
05-28 05:15:37.268  8438  8438 E ViewConfiguration: 	at android.view.LayoutInflater.inflate(LayoutInflater.java:532)
05-28 05:15:37.268  8438  8438 E ViewConfiguration: 	at android.view.LayoutInflater.inflate(LayoutInflater.java:479)
05-28 05:15:37.268  8438  8438 E ViewConfiguration: 	at com.android.documentsui.DragShadowBuilder.<init>(DragShadowBuilder.java:49)
05-28 05:15:37.268  8438  8438 E ViewConfiguration: 	at com.android.documentsui.DragAndDropManager$RuntimeDragAndDropManager.<init>(DragAndDropManager.java:195)
05-28 05:15:37.268  8438  8438 E ViewConfiguration: 	at com.android.documentsui.DragAndDropManager$RuntimeDragAndDropManager.<init>(DragAndDropManager.java:166)
05-28 05:15:37.268  8438  8438 E ViewConfiguration: 	at com.android.documentsui.DragAndDropManager.create(DragAndDropManager.java:163)
05-28 05:15:37.268  8438  8438 E ViewConfiguration: 	at com.android.documentsui.DocumentsApplication.onCreate(DocumentsApplication.java:145)
05-28 05:15:37.268  8438  8438 E ViewConfiguration: 	at android.app.Instrumentation.callApplicationOnCreate(Instrumentation.java:1192)
05-28 05:15:37.268  8438  8438 E ViewConfiguration: 	at android.app.ActivityThread.handleBindApplication(ActivityThread.java:6712)
05-28 05:15:37.268  8438  8438 E ViewConfiguration: 	at android.app.ActivityThread.access$1300(ActivityThread.java:237)
05-28 05:15:37.268  8438  8438 E ViewConfiguration: 	at android.app.ActivityThread$H.handleMessage(ActivityThread.java:1913)
05-28 05:15:37.268  8438  8438 E ViewConfiguration: 	at android.os.Handler.dispatchMessage(Handler.java:106)
05-28 05:15:37.268  8438  8438 E ViewConfiguration: 	at android.os.Looper.loop(Looper.java:223)
05-28 05:15:37.268  8438  8438 E ViewConfiguration: 	at android.app.ActivityThread.main(ActivityThread.java:7656)
05-28 05:15:37.268  8438  8438 E ViewConfiguration: 	at java.lang.reflect.Method.invoke(Native Method)
05-28 05:15:37.268  8438  8438 E ViewConfiguration: 	at com.android.internal.os.RuntimeInit$MethodAndArgsCaller.run(RuntimeInit.java:592)
05-28 05:15:37.268  8438  8438 E ViewConfiguration: 	at com.android.internal.os.ZygoteInit.main(ZygoteInit.java:947)
05-28 05:15:37.268   510   552 I ActivityManager: Start proc 8470:com.android.externalstorage/u0a68 for content provider {com.android.externalstorage/com.android.externalstorage.ExternalStorageProvider}
05-28 05:15:37.270  8438  8438 E ViewConfiguration: Tried to access UI constants from a non-visual Context:com.android.documentsui.DocumentsApplication@5f674a6UI constants, such as display metrics or window metrics, must be accessed from Activity or other visual Context. Use an Activity or a Context created with Context#createWindowContext(int, Bundle), which are adjusted to the configuration and visual bounds of an area on screen
05-28 05:15:37.270  8438  8438 E ViewConfiguration: java.lang.IllegalArgumentException: Tried to access UI constants from a non-visual Context:com.android.documentsui.DocumentsApplication@5f674a6
05-28 05:15:37.270  8438  8438 E ViewConfiguration: 	at android.view.ViewConfiguration.get(ViewConfiguration.java:510)
05-28 05:15:37.270  8438  8438 E ViewConfiguration: 	at android.view.View.<init>(View.java:5317)
05-28 05:15:37.270  8438  8438 E ViewConfiguration: 	at android.view.View.<init>(View.java:5467)
05-28 05:15:37.270  8438  8438 E ViewConfiguration: 	at android.widget.TextView.<init>(TextView.java:996)
05-28 05:15:37.270  8438  8438 E ViewConfiguration: 	at android.widget.TextView.<init>(TextView.java:990)
05-28 05:15:37.270  8438  8438 E ViewConfiguration: 	at android.widget.TextView.<init>(TextView.java:986)
05-28 05:15:37.270  8438  8438 E ViewConfiguration: 	at java.lang.reflect.Constructor.newInstance0(Native Method)
05-28 05:15:37.270  8438  8438 E ViewConfiguration: 	at java.lang.reflect.Constructor.newInstance(Constructor.java:343)
05-28 05:15:37.270  8438  8438 E ViewConfiguration: 	at android.view.LayoutInflater.createView(LayoutInflater.java:852)
05-28 05:15:37.270  8438  8438 E ViewConfiguration: 	at android.view.LayoutInflater.createView(LayoutInflater.java:774)
05-28 05:15:37.270  8438  8438 E ViewConfiguration: 	at com.android.internal.policy.PhoneLayoutInflater.onCreateView(PhoneLayoutInflater.java:58)
05-28 05:15:37.270  8438  8438 E ViewConfiguration: 	at android.view.LayoutInflater.onCreateView(LayoutInflater.java:928)
05-28 05:15:37.270  8438  8438 E ViewConfiguration: 	at android.view.LayoutInflater.onCreateView(LayoutInflater.java:948)
05-28 05:15:37.270  8438  8438 E ViewConfiguration: 	at android.view.LayoutInflater.createViewFromTag(LayoutInflater.java:1002)
05-28 05:15:37.270  8438  8438 E ViewConfiguration: 	at android.view.LayoutInflater.createViewFromTag(LayoutInflater.java:959)
05-28 05:15:37.270  8438  8438 E ViewConfiguration: 	at android.view.LayoutInflater.rInflate(LayoutInflater.java:1121)
05-28 05:15:37.270  8438  8438 E ViewConfiguration: 	at android.view.LayoutInflater.rInflateChildren(LayoutInflater.java:1082)
05-28 05:15:37.270  8438  8438 E ViewConfiguration: 	at android.view.LayoutInflater.rInflate(LayoutInflater.java:1124)
05-28 05:15:37.270  8438  8438 E ViewConfiguration: 	at android.view.LayoutInflater.rInflateChildren(LayoutInflater.java:1082)
05-28 05:15:37.270  8438  8438 E ViewConfiguration: 	at android.view.LayoutInflater.inflate(LayoutInflater.java:680)
05-28 05:15:37.270  8438  8438 E ViewConfiguration: 	at android.view.LayoutInflater.inflate(LayoutInflater.java:532)
05-28 05:15:37.270  8438  8438 E ViewConfiguration: 	at android.view.LayoutInflater.inflate(LayoutInflater.java:479)
05-28 05:15:37.270  8438  8438 E ViewConfiguration: 	at com.android.documentsui.DragShadowBuilder.<init>(DragShadowBuilder.java:49)
05-28 05:15:37.270  8438  8438 E ViewConfiguration: 	at com.android.documentsui.DragAndDropManager$RuntimeDragAndDropManager.<init>(DragAndDropManager.java:195)
05-28 05:15:37.270  8438  8438 E ViewConfiguration: 	at com.android.documentsui.DragAndDropManager$RuntimeDragAndDropManager.<init>(DragAndDropManager.java:166)
05-28 05:15:37.270  8438  8438 E ViewConfiguration: 	at com.android.documentsui.DragAndDropManager.create(DragAndDropManager.java:163)
05-28 05:15:37.270  8438  8438 E ViewConfiguration: 	at com.android.documentsui.DocumentsApplication.onCreate(DocumentsApplication.java:145)
05-28 05:15:37.270  8438  8438 E ViewConfiguration: 	at android.app.Instrumentation.callApplicationOnCreate(Instrumentation.java:1192)
05-28 05:15:37.270  8438  8438 E ViewConfiguration: 	at android.app.ActivityThread.handleBindApplication(ActivityThread.java:6712)
05-28 05:15:37.270  8438  8438 E ViewConfiguration: 	at android.app.ActivityThread.access$1300(ActivityThread.java:237)
05-28 05:15:37.270  8438  8438 E ViewConfiguration: 	at android.app.ActivityThread$H.handleMessage(ActivityThread.java:1913)
05-28 05:15:37.270  8438  8438 E ViewConfiguration: 	at android.os.Handler.dispatchMessage(Handler.java:106)
05-28 05:15:37.270  8438  8438 E ViewConfiguration: 	at android.os.Looper.loop(Looper.java:223)
05-28 05:15:37.270  8438  8438 E ViewConfiguration: 	at android.app.ActivityThread.main(ActivityThread.java:7656)
05-28 05:15:37.270  8438  8438 E ViewConfiguration: 	at java.lang.reflect.Method.invoke(Native Method)
05-28 05:15:37.270  8438  8438 E ViewConfiguration: 	at com.android.internal.os.RuntimeInit$MethodAndArgsCaller.run(RuntimeInit.java:592)
05-28 05:15:37.270  8438  8438 E ViewConfiguration: 	at com.android.internal.os.ZygoteInit.main(ZygoteInit.java:947)
05-28 05:15:37.270  8470  8470 W externalstorag: Unexpected CPU variant for X86 using defaults: x86_64
05-28 05:15:37.274   383   394 I adbd    : jdwp connection from 8470
05-28 05:15:37.287  8470  8470 I externalstorag: The ClassLoaderContext is a special shared library.
05-28 05:15:37.294  1644  1927 I MediaProvider: Begin Intent { act=android.intent.action.PACKAGE_FULLY_REMOVED dat=package:com.mocoding.pokedex.android flg=0x5000010 cmp=com.android.providers.media.module/com.android.providers.media.MediaService (has extras) }
05-28 05:15:37.295  1644  1927 I MediaProvider: End Intent { act=android.intent.action.PACKAGE_FULLY_REMOVED dat=package:com.mocoding.pokedex.android flg=0x5000010 cmp=com.android.providers.media.module/com.android.providers.media.MediaService (has extras) }
05-28 05:15:38.232     0     0 I init    : Untracked pid 8413 received signal 1
05-28 05:15:38.144   159   159 I hwservicemanager: getTransport: Cannot find entry android.hardware.graphics.mapper@4.0::IMapper/default in either framework or device manifest.
05-28 05:15:38.144  8504  8504 I Gralloc4: mapper 4.x is not supported
05-28 05:15:38.216  8508  8510 I cmd     : oneway function results will be dropped but finished with status OK and parcel size 4
05-28 05:15:38.216  1644  1927 I MediaProvider: Begin Intent { act=android.intent.action.MEDIA_SCANNER_SCAN_FILE dat=file:///sdcard/screen_2026-05-28_051538.png flg=0x1400010 cmp=com.android.providers.media.module/com.android.providers.media.MediaService }
05-28 05:15:38.212  1644  1644 W com.android.providers.media.module: type=1400 audit(0.0:788): avc: denied { read } for comm=4173796E635461736B202331 name="primary" dev="tmpfs" ino=20444 scontext=u:r:mediaprovider_app:s0:c128,c256,c512,c768 tcontext=u:object_r:mnt_pass_through_file:s0 tclass=lnk_file permissive=0 app=com.android.providers.media.module
05-28 05:15:38.400     0     0 W audit   : audit_lost=574 audit_rate_limit=5 audit_backlog_limit=64
05-28 05:15:38.409     0     0 E audit   : rate limit exceeded
05-28 05:15:38.236  1644  1927 W ModernMediaScanner: Failed to visit /sdcard/screen_2026-05-28_051538.png: java.nio.file.AccessDeniedException: /sdcard/screen_2026-05-28_051538.png
05-28 05:15:38.237  1644  1927 I MediaProvider: Scanned internal due to REASON_DEMAND, found 0 items in 19ms, 0 inserts 0 updates 0 deletes
05-28 05:15:38.212  1644  1644 W com.android.providers.media.module: type=1400 audit(0.0:789): avc: denied { read } for comm=4173796E635461736B202331 name="primary" dev="tmpfs" ino=20444 scontext=u:r:mediaprovider_app:s0:c128,c256,c512,c768 tcontext=u:object_r:mnt_pass_through_file:s0 tclass=lnk_file permissive=0 app=com.android.providers.media.module
05-28 05:15:38.240   383   383 W adbd    : timeout expired while flushing socket, closing
05-28 05:15:38.242  1644  1927 I MediaProvider: End Intent { act=android.intent.action.MEDIA_SCANNER_SCAN_FILE dat=file:///sdcard/screen_2026-05-28_051538.png flg=0x1400010 cmp=com.android.providers.media.module/com.android.providers.media.MediaService }
05-28 05:15:38.216  1644  1644 W com.android.providers.media.module: type=1400 audit(0.0:790): avc: denied { read } for comm=4173796E635461736B202331 name="primary" dev="tmpfs" ino=20444 scontext=u:r:mediaprovider_app:s0:c128,c256,c512,c768 tcontext=u:object_r:mnt_pass_through_file:s0 tclass=lnk_file permissive=0 app=com.android.providers.media.module
05-28 05:15:38.216  1644  1644 I chatty  : uid=10128(com.android.providers.media.module) identical 1 line
05-28 05:15:38.216  1644  1644 W com.android.providers.media.module: type=1400 audit(0.0:792): avc: denied { read } for comm=4173796E635461736B202331 name="primary" dev="tmpfs" ino=20444 scontext=u:r:mediaprovider_app:s0:c128,c256,c512,c768 tcontext=u:object_r:mnt_pass_through_file:s0 tclass=lnk_file permissive=0 app=com.android.providers.media.module
05-28 05:15:38.275  1644  2581 I MediaProvider: Deleted 1 items on external_primary due to com.android.shell
05-28 05:15:38.298  8519  8521 I cmd     : oneway function results will be dropped but finished with status OK and parcel size 4
05-28 05:15:38.335  8529  8532 I cmd     : oneway function results will be dropped but finished with status OK and parcel size 4
05-28 05:15:38.349  8535  8537 I cmd     : oneway function results will be dropped but finished with status OK and parcel size 4
05-28 05:15:38.905  8542  8544 I cmd     : oneway function results will be dropped but finished with status OK and parcel size 4
05-28 05:15:38.917  8547  8549 I cmd     : oneway function results will be dropped but finished with status OK and parcel size 4
05-28 05:15:38.928  8552  8554 I cmd     : oneway function results will be dropped but finished with status OK and parcel size 4
05-28 05:15:38.960  8563  8565 I cmd     : oneway function results will be dropped but finished with status OK and parcel size 4
05-28 05:15:38.994  8572  8577 I cmd     : oneway function results will be dropped but finished with status OK and parcel size 4
05-28 05:15:39.013  8579  8582 I cmd     : oneway function results will be dropped but finished with status OK and parcel size 4
05-28 05:15:39.025   510   539 I ActivityManager: Killing 2011:com.android.dynsystem/1000 (adj 975): empty #17
