05-28 05:15:39.040   510   539 W ActivityTaskManager: Current config: {1.0 310mcc260mnc [en_US] ldltr sw320dp w320dp h616dp 160dpi nrml long port finger qwerty/v/v -nav/h winConfig={ mBounds=Rect(0, 0 - 320, 640) mAppBounds=Rect(0, 0 - 320, 640) mWindowingMode=fullscreen mDisplayWindowingMode=fullscreen mActivityType=undefined mAlwaysOnTop=undefined mRotation=ROTATION_0} s.8} unchanged for IME proc io.github.ylimit.droidbotapp
05-28 05:15:39.047   280   280 I Zygote  : Process 2011 exited due to signal 9 (Killed)
05-28 05:15:39.070   510   553 I libprocessgroup: Successfully killed process cgroup uid 1000 pid 2011 in 44ms
05-28 05:15:39.099  8594  8596 I cmd     : oneway function results will be dropped but finished with status OK and parcel size 4
05-28 05:15:39.167  8604  8604 E libc    : Access denied finding property "persist.device_config.runtime_native_boot.profilebootclasspath"
05-28 05:15:39.167  8604  8604 E libc    : Access denied finding property "persist.device_config.runtime_native_boot.enable_apex_image"
05-28 05:15:39.167  8604  8604 I AndroidRuntime: Using default boot image
05-28 05:15:39.167  8604  8604 E libc    : Access denied finding property "persist.device_config.runtime_native_boot.disable_lock_profiling"
05-28 05:15:39.167  8604  8604 I AndroidRuntime: Leaving lock profiling enabled
05-28 05:15:39.167  8604  8604 E libc    : Access denied finding property "persist.device_config.runtime_native_boot.enable_generational_cc"
05-28 05:15:39.168  8604  8604 I app_process: Core platform API reporting enabled, enforcing=false
05-28 05:15:39.204  8604  8604 W app_process: Unexpected CPU variant for X86 using defaults: x86_64
05-28 05:15:39.205  8604  8604 I app_process: The ClassLoaderContext is a special shared library.
05-28 05:15:39.211  8604  8604 W app_process: JNI RegisterNativeMethods: attempt to register 0 native methods for android.media.AudioAttributes
05-28 05:15:39.040   510   539 I chatty  : uid=1000(system) Binder:510_1 identical 1 line
05-28 05:15:39.040   510   539 W ActivityTaskManager: Current config: {1.0 310mcc260mnc [en_US] ldltr sw320dp w320dp h616dp 160dpi nrml long port finger qwerty/v/v -nav/h winConfig={ mBounds=Rect(0, 0 - 320, 640) mAppBounds=Rect(0, 0 - 320, 640) mWindowingMode=fullscreen mDisplayWindowingMode=fullscreen mActivityType=undefined mAlwaysOnTop=undefined mRotation=ROTATION_0} s.8} unchanged for IME proc io.github.ylimit.droidbotapp
05-28 05:15:39.236  2226  8617 W System.err: java.net.SocketException: Broken pipe
05-28 05:15:39.236  2226  8617 W System.err: 	at java.net.SocketOutputStream.socketWrite0(Native Method)
05-28 05:15:39.236  2226  8617 W System.err: 	at java.net.SocketOutputStream.socketWrite(SocketOutputStream.java:117)
05-28 05:15:39.236  2226  8617 W System.err: 	at java.net.SocketOutputStream.write(SocketOutputStream.java:149)
05-28 05:15:39.236  2226  8617 W System.err: 	at io.github.privacystreams.utils.PSDebugSocketServer$SocketSendThread.run(PSDebugSocketServer.java:119)
05-28 05:15:39.668  8621  8621 E libc    : Access denied finding property "persist.device_config.runtime_native_boot.profilebootclasspath"
05-28 05:15:39.668  8621  8621 E libc    : Access denied finding property "persist.device_config.runtime_native_boot.enable_apex_image"
05-28 05:15:39.668  8621  8621 I AndroidRuntime: Using default boot image
05-28 05:15:39.668  8621  8621 E libc    : Access denied finding property "persist.device_config.runtime_native_boot.disable_lock_profiling"
05-28 05:15:39.668  8621  8621 I AndroidRuntime: Leaving lock profiling enabled
05-28 05:15:39.668  8621  8621 E libc    : Access denied finding property "persist.device_config.runtime_native_boot.enable_generational_cc"
05-28 05:15:39.669  8621  8621 I app_process: Core platform API reporting enabled, enforcing=false
05-28 05:15:39.664  8621  8621 W app_process: type=1400 audit(0.0:798): avc: denied { read } for name="u:object_r:device_config_runtime_native_boot_prop:s0" dev="tmpfs" ino=7681 scontext=u:r:shell:s0 tcontext=u:object_r:device_config_runtime_native_boot_prop:s0 tclass=file permissive=0
05-28 05:15:39.705  8621  8621 W app_process: Unexpected CPU variant for X86 using defaults: x86_64
05-28 05:15:39.706  8621  8621 I app_process: The ClassLoaderContext is a special shared library.
05-28 05:15:39.711  8621  8621 W app_process: JNI RegisterNativeMethods: attempt to register 0 native methods for android.media.AudioAttributes
05-28 05:15:40.156  2080  2080 I abb     : StartCommandInProcess(73657474696e67730067657400676c6f settings.get.glo [truncated])
05-28 05:15:40.156  2080  2400 I abb     : oneway function results will be dropped but finished with status OK and parcel size 4
05-28 05:15:40.338     0     0 W audit   : audit_lost=579 audit_rate_limit=5 audit_backlog_limit=64
05-28 05:15:40.341     0     0 E audit   : rate limit exceeded
05-28 05:15:40.167  2080  2080 I abb     : StartCommandInProcess(7061636b61676500696e7374616c6c00 package.install. [truncated])
05-28 05:15:40.152   510   510 W Binder:510_14: type=1400 audit(0.0:802): avc: denied { getopt } for scontext=u:r:system_server:s0 tcontext=u:r:shell:s0 tclass=unix_stream_socket permissive=0
05-28 05:15:40.290   510   607 W RuleEvaluation: Integrity rule files are not available.
05-28 05:15:40.290   510   567 I PackageManager: Integrity check passed for file:///data/app/vmdl88193213.tmp
05-28 05:15:40.294   510   567 I PackageManager: Permission ownership changed. Updating all permissions.
05-28 05:15:40.309   510   567 I AppsFilter: interaction: PackageSetting{5136a75 io.github.ylimit.droidbotapp/10130} -> PackageSetting{6482a9b com.mocoding.pokedex.android/10132} BLOCKED
05-28 05:15:40.313   421   421 E installd: Couldn't opendir /data/app/vmdl88193213.tmp: No such file or directory
05-28 05:15:40.313   421   421 E installd: Failed to delete /data/app/vmdl88193213.tmp: No such file or directory
05-28 05:15:40.314  2080  2400 I abb     : oneway function results will be dropped but finished with status OK and parcel size 4
05-28 05:15:40.317  1644  1644 I MediaProvider: Invalidating LocalCallingIdentity cache for package com.mocoding.pokedex.android. Reason: package android.intent.action.PACKAGE_ADDED
05-28 05:15:40.319   510   542 I RoleManagerService: Granting default roles...
05-28 05:15:40.320   510   551 W BroadcastQueue: Background execution not allowed: receiving Intent { act=android.intent.action.PACKAGE_ADDED dat=package:com.mocoding.pokedex.android flg=0x4000010 (has extras) } to com.android.packageinstaller/.PackageInstalledReceiver
05-28 05:15:40.320   510   551 W BroadcastQueue: Background execution not allowed: receiving Intent { act=android.intent.action.PACKAGE_ADDED dat=package:com.mocoding.pokedex.android flg=0x4000010 (has extras) } to com.android.gallery3d/.app.PackagesMonitor
05-28 05:15:40.321   510   602 I InputReader: Reconfiguring input devices, changes=KEYBOARD_LAYOUTS | 
05-28 05:15:40.322   510   510 I Telecom : DefaultDialerCache: Refreshing default dialer for user 0: now com.android.dialer: DDC.oR@AIk
05-28 05:15:40.340   510   550 W VoiceInteractionManager: no available voice recognition services found for user 0
05-28 05:15:40.362   740  2409 I PermissionControllerServiceImpl: Updating user sensitive for uid 10132
05-28 05:15:40.550     0     0 I binder  : 510:521 DecRefs 0 refcount change on invalid ref 790 ret -22
05-28 05:15:42.191  8662  8664 I cmd     : oneway function results will be dropped but finished with status OK and parcel size 4
05-28 05:15:42.202   158   158 I servicemanager: Since 'apexservice' could not be found, trying to start it as a lazy AIDL service
05-28 05:15:42.384     0     0 I init    : starting service 'apexd'...
05-28 05:15:42.386     0     0 I init    : Control message: Processed ctl.interface_start for 'aidl/apexservice' from pid: 158 (/system/bin/servicemanager)
05-28 05:15:42.405     0     0 I apexd   : Scanning /system/apex for preinstalled data
05-28 05:15:42.426     0     0 I apexd   : Scanning /system_ext/apex for preinstalled data
05-28 05:15:42.427     0     0 I apexd   : ... does not exist. Skipping
05-28 05:15:42.429     0     0 I apexd   : Scanning /product/apex for preinstalled data
05-28 05:15:42.430     0     0 I apexd   : ... does not exist. Skipping
05-28 05:15:42.432     0     0 I apexd   : Scanning /vendor/apex for preinstalled data
05-28 05:15:42.434     0     0 I apexd   : ... does not exist. Skipping
05-28 05:15:42.435     0     0 I apexd   : Populating APEX database from mounts...
05-28 05:15:42.437     0     0 I apexd   : Found "/apex/com.android.neuralnetworks@300000000" backed by file /system/apex/com.android.neuralnetworks.apex
05-28 05:15:42.440     0     0 I apexd   : Found "/apex/com.android.runtime@1" backed by file /system/apex/com.android.runtime.apex
05-28 05:15:42.443     0     0 I apexd   : Found "/apex/com.android.resolv@300000000" backed by file /system/apex/com.android.resolv.apex
05-28 05:15:42.446     0     0 I apexd   : Found "/apex/com.android.extservices@300000000" backed by file /system/apex/com.android.extservices.apex
05-28 05:15:42.449     0     0 I apexd   : Found "/apex/com.android.tethering@300000000" backed by file /system/apex/com.android.tethering.apex
05-28 05:15:42.453     0     0 I apexd   : Found "/apex/com.android.cellbroadcast@300000000" backed by file /system/apex/com.android.cellbroadcast.apex
05-28 05:15:42.456     0     0 I apexd   : Found "/apex/com.android.vndk.v30@1" backed by file /system/apex/com.android.vndk.current.apex
05-28 05:15:42.459     0     0 I apexd   : Found "/apex/com.android.art@1" backed by file /system/apex/com.android.art.debug.apex
05-28 05:15:42.462     0     0 I apexd   : Found "/apex/com.android.conscrypt@300000000" backed by file /system/apex/com.android.conscrypt.apex
05-28 05:15:42.465     0     0 I apexd   : Found "/apex/com.android.apex.cts.shim@1" backed by file /system/apex/com.android.apex.cts.shim.apex
05-28 05:15:42.468     0     0 I apexd   : Found "/apex/com.android.i18n@1" backed by file /system/apex/com.android.i18n.apex
05-28 05:15:42.471     0     0 I apexd   : Found "/apex/com.android.permission@300000000" backed by file /system/apex/com.android.permission.apex
05-28 05:15:42.474     0     0 I apexd   : Found "/apex/com.android.media@300000000" backed by file /system/apex/com.android.media.apex
05-28 05:15:42.477     0     0 I apexd   : Found "/apex/com.android.adbd@300000000" backed by file /system/apex/com.android.adbd.apex
05-28 05:15:42.480     0     0 I apexd   : Found "/apex/com.android.mediaprovider@300000000" backed by file /system/apex/com.android.mediaprovider.apex
05-28 05:15:42.483     0     0 I apexd   : Found "/apex/com.android.ipsec@300000000" backed by file /system/apex/com.android.ipsec.apex
05-28 05:15:42.486     0     0 I apexd   : Found "/apex/com.android.tzdata@300000000" backed by file /system/apex/com.android.tzdata.apex
05-28 05:15:42.489     0     0 I apexd   : Found "/apex/com.android.media.swcodec@300000000" backed by file /system/apex/com.android.media.swcodec.apex
05-28 05:15:42.493     0     0 I apexd   : Found "/apex/com.android.os.statsd@300000000" backed by file /system/apex/com.android.os.statsd.apex
05-28 05:15:42.496     0     0 I apexd   : Found "/apex/com.android.wifi@300000000" backed by file /system/apex/com.android.wifi.apex
05-28 05:15:42.499     0     0 I apexd   : Found "/apex/com.android.sdkext@300000000" backed by file /system/apex/com.android.sdkext.apex
05-28 05:15:42.502     0     0 I apexd   : 21 packages restored.
05-28 05:15:42.503     0     0 I AidlLazyServiceRegistrar: Registering service apexservice
05-28 05:15:42.323   158   158 I BpBinder: onLastStrongRef automatically unlinking death recipients: <uncached descriptor>
05-28 05:15:42.505     0     0 I AidlLazyServiceRegistrar: Trying to shut down the service. No clients in use for any service in process.
05-28 05:15:42.327   158   158 I servicemanager: Tried to unregister apexservice, but there is about to be a client.
05-28 05:15:42.509     0     0 I AidlLazyServiceRegistrar: Failed to unregister service apexservice
05-28 05:15:42.417   159   159 I hwservicemanager: getTransport: Cannot find entry android.hardware.graphics.mapper@4.0::IMapper/default in either framework or device manifest.
05-28 05:15:42.417  8684  8684 I Gralloc4: mapper 4.x is not supported
05-28 05:15:42.485  8688  8690 I cmd     : oneway function results will be dropped but finished with status OK and parcel size 4
05-28 05:15:42.484  1644  1644 W com.android.providers.media.module: type=1400 audit(0.0:809): avc: denied { read } for comm=4173796E635461736B202331 name="primary" dev="tmpfs" ino=20444 scontext=u:r:mediaprovider_app:s0:c128,c256,c512,c768 tcontext=u:object_r:mnt_pass_through_file:s0 tclass=lnk_file permissive=0 app=com.android.providers.media.module
05-28 05:15:42.486  1644  1927 I MediaProvider: Begin Intent { act=android.intent.action.MEDIA_SCANNER_SCAN_FILE dat=file:///sdcard/screen_2026-05-28_051543.png flg=0x1400010 cmp=com.android.providers.media.module/com.android.providers.media.MediaService }
05-28 05:15:42.484  1644  1644 W com.android.providers.media.module: type=1400 audit(0.0:810): avc: denied { read } for comm=4173796E635461736B202331 name="primary" dev="tmpfs" ino=20444 scontext=u:r:mediaprovider_app:s0:c128,c256,c512,c768 tcontext=u:object_r:mnt_pass_through_file:s0 tclass=lnk_file permissive=0 app=com.android.providers.media.module
05-28 05:15:42.668     0     0 W audit   : audit_lost=585 audit_rate_limit=5 audit_backlog_limit=64
05-28 05:15:42.678     0     0 E audit   : rate limit exceeded
05-28 05:15:42.505  1644  1927 W ModernMediaScanner: Failed to visit /sdcard/screen_2026-05-28_051543.png: java.nio.file.AccessDeniedException: /sdcard/screen_2026-05-28_051543.png
05-28 05:15:42.505  1644  1927 I MediaProvider: Scanned internal due to REASON_DEMAND, found 0 items in 18ms, 0 inserts 0 updates 0 deletes
05-28 05:15:42.506  1644  1927 I MediaProvider: End Intent { act=android.intent.action.MEDIA_SCANNER_SCAN_FILE dat=file:///sdcard/screen_2026-05-28_051543.png flg=0x1400010 cmp=com.android.providers.media.module/com.android.providers.media.MediaService }
05-28 05:15:42.484  1644  1644 W com.android.providers.media.module: type=1400 audit(0.0:811): avc: denied { read } for comm=4173796E635461736B202331 name="primary" dev="tmpfs" ino=20444 scontext=u:r:mediaprovider_app:s0:c128,c256,c512,c768 tcontext=u:object_r:mnt_pass_through_file:s0 tclass=lnk_file permissive=0 app=com.android.providers.media.module
05-28 05:15:42.541  1644  1739 I MediaProvider: Deleted 1 items on external_primary due to com.android.shell
05-28 05:15:42.568  8699  8701 I cmd     : oneway function results will be dropped but finished with status OK and parcel size 4
05-28 05:15:42.604   510   539 I ActivityManager: Force stopping com.mocoding.pokedex.android appid=10132 user=0: from pid 8711
05-28 05:15:42.646  8714  8714 E libc    : Access denied finding property "persist.device_config.runtime_native_boot.profilebootclasspath"
05-28 05:15:42.646  8714  8714 E libc    : Access denied finding property "persist.device_config.runtime_native_boot.enable_apex_image"
05-28 05:15:42.646  8714  8714 I AndroidRuntime: Using default boot image
05-28 05:15:42.646  8714  8714 E libc    : Access denied finding property "persist.device_config.runtime_native_boot.disable_lock_profiling"
05-28 05:15:42.646  8714  8714 I AndroidRuntime: Leaving lock profiling enabled
05-28 05:15:42.646  8714  8714 E libc    : Access denied finding property "persist.device_config.runtime_native_boot.enable_generational_cc"
05-28 05:15:42.647  8714  8714 I app_process: Core platform API reporting enabled, enforcing=false
05-28 05:15:42.683  8714  8714 W app_process: Unexpected CPU variant for X86 using defaults: x86_64
05-28 05:15:42.684  8714  8714 I app_process: The ClassLoaderContext is a special shared library.
05-28 05:15:42.696  8714  8714 W app_process: JNI RegisterNativeMethods: attempt to register 0 native methods for android.media.AudioAttributes
05-28 05:15:42.702   510   543 I ActivityTaskManager: START u0 {act=android.intent.action.MAIN cat=[android.intent.category.HOME] flg=0x10000100 cmp=com.android.launcher3/.uioverrides.QuickstepLauncher (has extras)} from uid 0
05-28 05:15:42.706  8714  8725 W app_process: Thread attaching while runtime is shutting down: Binder:8714_1
05-28 05:15:42.706  8714  8725 I AndroidRuntime: NOTE: attach of thread 'Binder:8714_1' failed
05-28 05:15:44.211   159   159 I hwservicemanager: getTransport: Cannot find entry android.hardware.graphics.mapper@4.0::IMapper/default in either framework or device manifest.
05-28 05:15:44.211  8743  8743 I Gralloc4: mapper 4.x is not supported
05-28 05:15:44.281  8747  8749 I cmd     : oneway function results will be dropped but finished with status OK and parcel size 4
05-28 05:15:44.282  1644  1927 I MediaProvider: Begin Intent { act=android.intent.action.MEDIA_SCANNER_SCAN_FILE dat=file:///sdcard/screen_2026-05-28_051544.png flg=0x1400010 cmp=com.android.providers.media.module/com.android.providers.media.MediaService }
05-28 05:15:44.465     0     0 W audit   : audit_lost=590 audit_rate_limit=5 audit_backlog_limit=64
05-28 05:15:44.474     0     0 E audit   : rate limit exceeded
05-28 05:15:44.294  1644  1927 W ModernMediaScanner: Failed to visit /sdcard/screen_2026-05-28_051544.png: java.nio.file.AccessDeniedException: /sdcard/screen_2026-05-28_051544.png
05-28 05:15:44.280  1644  1644 W com.android.providers.media.module: type=1400 audit(0.0:819): avc: denied { read } for comm=4173796E635461736B202331 name="primary" dev="tmpfs" ino=20444 scontext=u:r:mediaprovider_app:s0:c128,c256,c512,c768 tcontext=u:object_r:mnt_pass_through_file:s0 tclass=lnk_file permissive=0 app=com.android.providers.media.module
05-28 05:15:44.295  1644  1927 I MediaProvider: Scanned internal due to REASON_DEMAND, found 0 items in 12ms, 0 inserts 0 updates 0 deletes
05-28 05:15:44.296  1644  1927 I MediaProvider: End Intent { act=android.intent.action.MEDIA_SCANNER_SCAN_FILE dat=file:///sdcard/screen_2026-05-28_051544.png flg=0x1400010 cmp=com.android.providers.media.module/com.android.providers.media.MediaService }
05-28 05:15:44.280  1644  1644 W com.android.providers.media.module: type=1400 audit(0.0:820): avc: denied { read } for comm=4173796E635461736B202331 name="primary" dev="tmpfs" ino=20444 scontext=u:r:mediaprovider_app:s0:c128,c256,c512,c768 tcontext=u:object_r:mnt_pass_through_file:s0 tclass=lnk_file permissive=0 app=com.android.providers.media.module
05-28 05:15:44.321  1644  1740 I MediaProvider: Deleted 1 items on external_primary due to com.android.shell
05-28 05:15:44.280  1644  1644 W com.android.providers.media.module: type=1400 audit(0.0:822): avc: denied { read } for comm=4173796E635461736B202331 name="primary" dev="tmpfs" ino=20444 scontext=u:r:mediaprovider_app:s0:c128,c256,c512,c768 tcontext=u:object_r:mnt_pass_through_file:s0 tclass=lnk_file permissive=0 app=com.android.providers.media.module
05-28 05:15:44.352  8758  8760 I cmd     : oneway function results will be dropped but finished with status OK and parcel size 4
05-28 05:15:44.461   159   159 I hwservicemanager: getTransport: Cannot find entry android.hardware.graphics.mapper@4.0::IMapper/default in either framework or device manifest.
05-28 05:15:44.461  8780  8780 I Gralloc4: mapper 4.x is not supported
05-28 05:15:44.529  8784  8786 I cmd     : oneway function results will be dropped but finished with status OK and parcel size 4
05-28 05:15:44.530  1644  1927 I MediaProvider: Begin Intent { act=android.intent.action.MEDIA_SCANNER_SCAN_FILE dat=file:///sdcard/screen_2026-05-28_051545.png flg=0x1400010 cmp=com.android.providers.media.module/com.android.providers.media.MediaService }
05-28 05:15:44.531  1644  1927 W ModernMediaScanner: Failed to visit /sdcard/screen_2026-05-28_051545.png: java.nio.file.AccessDeniedException: /sdcard/screen_2026-05-28_051545.png
05-28 05:15:44.531  1644  1927 I MediaProvider: Scanned internal due to REASON_DEMAND, found 0 items in 0ms, 0 inserts 0 updates 0 deletes
05-28 05:15:44.532  1644  1927 I MediaProvider: End Intent { act=android.intent.action.MEDIA_SCANNER_SCAN_FILE dat=file:///sdcard/screen_2026-05-28_051545.png flg=0x1400010 cmp=com.android.providers.media.module/com.android.providers.media.MediaService }
05-28 05:15:44.550  1644  2581 I MediaProvider: Deleted 1 items on external_primary due to com.android.shell
05-28 05:15:44.691   159   159 I hwservicemanager: getTransport: Cannot find entry android.hardware.graphics.mapper@4.0::IMapper/default in either framework or device manifest.
05-28 05:15:44.692  8817  8817 I Gralloc4: mapper 4.x is not supported
05-28 05:15:44.762  1644  1927 I MediaProvider: Begin Intent { act=android.intent.action.MEDIA_SCANNER_SCAN_FILE dat=file:///sdcard/screen_2026-05-28_051545.png flg=0x1400010 cmp=com.android.providers.media.module/com.android.providers.media.MediaService }
05-28 05:15:44.762  1644  1927 W ModernMediaScanner: Failed to visit /sdcard/screen_2026-05-28_051545.png: java.nio.file.AccessDeniedException: /sdcard/screen_2026-05-28_051545.png
05-28 05:15:44.763  1644  1927 I MediaProvider: Scanned internal due to REASON_DEMAND, found 0 items in 1ms, 0 inserts 0 updates 0 deletes
05-28 05:15:44.763  1644  1927 I MediaProvider: End Intent { act=android.intent.action.MEDIA_SCANNER_SCAN_FILE dat=file:///sdcard/screen_2026-05-28_051545.png flg=0x1400010 cmp=com.android.providers.media.module/com.android.providers.media.MediaService }
05-28 05:15:44.785  1644  1739 I MediaProvider: Deleted 1 items on external_primary due to com.android.shell
05-28 05:15:44.810  8832  8834 I cmd     : oneway function results will be dropped but finished with status OK and parcel size 4
05-28 05:15:44.848   510   539 I ActivityTaskManager: START u0 {act=android.intent.action.MAIN cat=[android.intent.category.LAUNCHER] flg=0x10000000 cmp=com.mocoding.pokedex.android/.MainActivity} from uid 2000
05-28 05:15:44.848   415   415 I perfetto: ing_service_impl.cc:758 Configured tracing session 9, #sources:1, duration:5000 ms, #buffers:1, total buffer size:4096 KB, total sessions:1, uid:1071 session name: ""
05-28 05:15:44.848   413   413 I perfetto: probes_producer.cc:230  Ftrace setup (target_buf=9)
05-28 05:15:44.856  8844  8846 I cmd     : oneway function results will be dropped but finished with status OK and parcel size 4
05-28 05:15:44.877   510   552 I ActivityManager: Start proc 8852:com.mocoding.pokedex.android/u0a132 for pre-top-activity {com.mocoding.pokedex.android/com.mocoding.pokedex.android.MainActivity}
05-28 05:15:44.878   413   413 I perfetto: ftrace_procfs.cc:176    enabled ftrace
05-28 05:15:45.056     0     0 W perfetto: enabled ftrace
05-28 05:15:44.882  8852  8852 I pokedex.androi: Late-enabling -Xcheck:jni
05-28 05:15:44.895  8852  8852 I pokedex.androi: Unquickening 12 vdex files!
05-28 05:15:44.895  8852  8852 W pokedex.androi: Unexpected CPU variant for X86 using defaults: x86_64
05-28 05:15:44.898   383   394 I adbd    : jdwp connection from 8852
05-28 05:15:44.908   510  1005 W InputReader: Device virtio_input_multi_touch_10 is associated with display ADISPLAY_ID_NONE.
05-28 05:15:44.908   510  1005 W InputReader: Device virtio_input_multi_touch_7 is associated with display ADISPLAY_ID_NONE.
05-28 05:15:44.908   510  1005 W InputReader: Device virtio_input_multi_touch_4 is associated with display ADISPLAY_ID_NONE.
05-28 05:15:44.908   510  1005 W InputReader: Device virtio_input_multi_touch_5 is associated with display ADISPLAY_ID_NONE.
05-28 05:15:44.908   510  1005 W InputReader: Device virtio_input_multi_touch_2 is associated with display ADISPLAY_ID_NONE.
05-28 05:15:44.908   510  1005 W InputReader: Device virtio_input_multi_touch_6 is associated with display ADISPLAY_ID_NONE.
05-28 05:15:44.908   510  1005 W InputReader: Device virtio_input_multi_touch_3 is associated with display ADISPLAY_ID_NONE.
05-28 05:15:44.908   510  1005 W InputReader: Device virtio_input_multi_touch_8 is associated with display ADISPLAY_ID_NONE.
05-28 05:15:44.908   510  1005 W InputReader: Device virtio_input_multi_touch_9 is associated with display ADISPLAY_ID_NONE.
05-28 05:15:44.908   510  1005 W InputReader: Device virtio_input_multi_touch_11 is associated with display ADISPLAY_ID_NONE.
05-28 05:15:44.908   510  1005 W InputReader: Device virtio_input_multi_touch_10 is associated with display ADISPLAY_ID_NONE.
05-28 05:15:44.908   510  1005 W InputReader: Device virtio_input_multi_touch_7 is associated with display ADISPLAY_ID_NONE.
05-28 05:15:44.908   510  1005 W InputReader: Device virtio_input_multi_touch_4 is associated with display ADISPLAY_ID_NONE.
05-28 05:15:44.908   510  1005 W InputReader: Device virtio_input_multi_touch_5 is associated with display ADISPLAY_ID_NONE.
05-28 05:15:44.908   510  1005 W InputReader: Device virtio_input_multi_touch_2 is associated with display ADISPLAY_ID_NONE.
05-28 05:15:44.908   510  1005 W InputReader: Device virtio_input_multi_touch_6 is associated with display ADISPLAY_ID_NONE.
05-28 05:15:44.908   510  1005 W InputReader: Device virtio_input_multi_touch_3 is associated with display ADISPLAY_ID_NONE.
05-28 05:15:44.908   510  1005 W InputReader: Device virtio_input_multi_touch_8 is associated with display ADISPLAY_ID_NONE.
05-28 05:15:44.908   510  1005 W InputReader: Device virtio_input_multi_touch_9 is associated with display ADISPLAY_ID_NONE.
05-28 05:15:44.908   510  1005 W InputReader: Device virtio_input_multi_touch_11 is associated with display ADISPLAY_ID_NONE.
05-28 05:15:45.747   158   158 I servicemanager: Notifying apexservice they have clients: 1
05-28 05:15:45.747   158   158 I servicemanager: Notifying apexservice they have clients: 0
05-28 05:15:45.929     0     0 I AidlLazyServiceRegistrar: Process has 1 (of 1 available) client(s) in use after notification android.apex.IApexService has clients: 1
05-28 05:15:45.933     0     0 I AidlLazyServiceRegistrar: Process has 0 (of 1 available) client(s) in use after notification android.apex.IApexService has clients: 0
05-28 05:15:45.938     0     0 I AidlLazyServiceRegistrar: Trying to shut down the service. No clients in use for any service in process.
05-28 05:15:45.760   158   158 I BpBinder: onLastStrongRef automatically unlinking death recipients: <uncached descriptor>
05-28 05:15:45.942     0     0 I AidlLazyServiceRegistrar: Unregistered all clients and exiting
05-28 05:15:45.945     0     0 I init    : Service 'apexd' (pid 8669) exited with status 0 oneshot service took 3.559000 seconds in background
05-28 05:15:45.948     0     0 I init    : Sending signal 9 to service 'apexd' (pid 8669) process group...
05-28 05:15:45.951     0     0 I libprocessgroup: Successfully killed process cgroup uid 0 pid 8669 in 0ms
05-28 05:15:45.987   159   159 I hwservicemanager: getTransport: Cannot find entry android.hardware.graphics.mapper@4.0::IMapper/default in either framework or device manifest.
05-28 05:15:45.987  8892  8892 I Gralloc4: mapper 4.x is not supported
05-28 05:15:46.029  1644  1927 I MediaProvider: Begin Intent { act=android.intent.action.MEDIA_SCANNER_SCAN_FILE dat=file:///sdcard/screen_2026-05-28_051546.png flg=0x1400010 cmp=com.android.providers.media.module/com.android.providers.media.MediaService }
05-28 05:15:46.043  1644  1927 W ModernMediaScanner: Failed to visit /sdcard/screen_2026-05-28_051546.png: java.nio.file.AccessDeniedException: /sdcard/screen_2026-05-28_051546.png
05-28 05:15:46.043  1644  1927 I MediaProvider: Scanned internal due to REASON_DEMAND, found 0 items in 4ms, 0 inserts 0 updates 0 deletes
05-28 05:15:46.044  1644  1927 I MediaProvider: End Intent { act=android.intent.action.MEDIA_SCANNER_SCAN_FILE dat=file:///sdcard/screen_2026-05-28_051546.png flg=0x1400010 cmp=com.android.providers.media.module/com.android.providers.media.MediaService }
05-28 05:15:46.221     0     0 W audit   : audit_lost=603 audit_rate_limit=5 audit_backlog_limit=64
05-28 05:15:46.223     0     0 E audit   : rate limit exceeded
05-28 05:15:46.028  1644  1644 W com.android.providers.media.module: type=1400 audit(0.0:837): avc: denied { read } for comm=4173796E635461736B202331 name="primary" dev="tmpfs" ino=20444 scontext=u:r:mediaprovider_app:s0:c128,c256,c512,c768 tcontext=u:object_r:mnt_pass_through_file:s0 tclass=lnk_file permissive=0 app=com.android.providers.media.module
05-28 05:15:46.036  1644  1644 I chatty  : uid=10128(com.android.providers.media.module) identical 3 lines
05-28 05:15:46.036  1644  1644 W com.android.providers.media.module: type=1400 audit(0.0:841): avc: denied { read } for comm=4173796E635461736B202331 name="primary" dev="tmpfs" ino=20444 scontext=u:r:mediaprovider_app:s0:c128,c256,c512,c768 tcontext=u:object_r:mnt_pass_through_file:s0 tclass=lnk_file permissive=0 app=com.android.providers.media.module
05-28 05:15:46.092  1644  1740 I MediaProvider: Deleted 1 items on external_primary due to com.android.shell
05-28 05:15:46.100  8852  8852 W pokedex.androi: Class androidx.compose.runtime.snapshots.SnapshotStateList failed lock verification and will run slower.
05-28 05:15:46.100  8852  8852 W pokedex.androi: Common causes for lock verification issues are non-optimized dex code
05-28 05:15:46.100  8852  8852 W pokedex.androi: and incorrect proguard optimizations.
05-28 05:15:46.127  8852  8852 W pokedex.androi: Accessing hidden method Landroid/graphics/Canvas;->drawPatch(Landroid/graphics/NinePatch;Landroid/graphics/Rect;Landroid/graphics/Paint;)V (greylist-max-o, linking, denied)
05-28 05:15:46.127  8852  8852 W pokedex.androi: Accessing hidden method Landroid/graphics/Canvas;->drawPatch(Landroid/graphics/NinePatch;Landroid/graphics/RectF;Landroid/graphics/Paint;)V (greylist-max-o, linking, denied)
05-28 05:15:46.277   159   159 I hwservicemanager: getTransport: Cannot find entry android.hardware.configstore@1.0::ISurfaceFlingerConfigs/default in either framework or device manifest.
05-28 05:15:46.289   159   159 I hwservicemanager: getTransport: Cannot find entry android.hardware.graphics.mapper@4.0::IMapper/default in either framework or device manifest.
05-28 05:15:46.289  8852  8877 I Gralloc4: mapper 4.x is not supported
05-28 05:15:46.439   159   159 I hwservicemanager: getTransport: Cannot find entry android.hardware.graphics.mapper@4.0::IMapper/default in either framework or device manifest.
05-28 05:15:46.439  8931  8931 I Gralloc4: mapper 4.x is not supported
05-28 05:15:46.552  1644  1927 I MediaProvider: Begin Intent { act=android.intent.action.MEDIA_SCANNER_SCAN_FILE dat=file:///sdcard/screen_2026-05-28_051546.png flg=0x1400010 cmp=com.android.providers.media.module/com.android.providers.media.MediaService }
05-28 05:15:46.553  1644  1927 W ModernMediaScanner: Failed to visit /sdcard/screen_2026-05-28_051546.png: java.nio.file.AccessDeniedException: /sdcard/screen_2026-05-28_051546.png
05-28 05:15:46.561  1644  1927 I MediaProvider: Scanned internal due to REASON_DEMAND, found 0 items in 9ms, 0 inserts 0 updates 0 deletes
05-28 05:15:46.562  1644  1927 I MediaProvider: End Intent { act=android.intent.action.MEDIA_SCANNER_SCAN_FILE dat=file:///sdcard/screen_2026-05-28_051546.png flg=0x1400010 cmp=com.android.providers.media.module/com.android.providers.media.MediaService }
05-28 05:15:46.624  1644  2581 I MediaProvider: Deleted 1 items on external_primary due to com.android.shell
05-28 05:15:47.034   159   159 I hwservicemanager: getTransport: Cannot find entry android.hardware.graphics.mapper@4.0::IMapper/default in either framework or device manifest.
05-28 05:15:47.034  8970  8970 I Gralloc4: mapper 4.x is not supported
05-28 05:15:47.106   510   544 I DropBoxManagerService: add tag=system_server_strictmode isTagEnabled=true flags=0x2
05-28 05:15:47.129  8852  8877 I OpenGLRenderer: Davey! duration=1445ms; Flags=1, IntendedVsync=125095082663, Vsync=125178415993, OldestInputEvent=9223372036854775807, NewestInputEvent=0, HandleInputStart=125191200613, AnimationStart=125191202877, PerformTraversalsStart=125191290380, DrawStart=125721575259, SyncQueued=125738853370, SyncStart=125739527463, IssueDrawCommandsStart=125739589279, SwapBuffers=126445056792, FrameCompleted=126540807954, DequeueBufferDuration=164837, QueueBufferDuration=398875, GpuCompleted=0, 
05-28 05:15:47.138   510   550 I ActivityTaskManager: Displayed com.mocoding.pokedex.android/.MainActivity: +2s290ms
05-28 05:15:47.155  1644  1927 I MediaProvider: Begin Intent { act=android.intent.action.MEDIA_SCANNER_SCAN_FILE dat=file:///sdcard/screen_2026-05-28_051547.png flg=0x1400010 cmp=com.android.providers.media.module/com.android.providers.media.MediaService }
05-28 05:15:47.337     0     0 W audit   : audit_lost=610 audit_rate_limit=5 audit_backlog_limit=64
05-28 05:15:47.356     0     0 E audit   : rate limit exceeded
05-28 05:15:47.181  8852  8852 I Choreographer: Skipped 81 frames!  The application may be doing too much work on its main thread.
05-28 05:15:47.182  1644  1927 W ModernMediaScanner: Failed to visit /sdcard/screen_2026-05-28_051547.png: java.nio.file.AccessDeniedException: /sdcard/screen_2026-05-28_051547.png
05-28 05:15:47.182  1644  1927 I MediaProvider: Scanned internal due to REASON_DEMAND, found 0 items in 28ms, 0 inserts 0 updates 0 deletes
05-28 05:15:47.152  1644  1644 W com.android.providers.media.module: type=1400 audit(0.0:849): avc: denied { read } for comm=4173796E635461736B202331 name="primary" dev="tmpfs" ino=20444 scontext=u:r:mediaprovider_app:s0:c128,c256,c512,c768 tcontext=u:object_r:mnt_pass_through_file:s0 tclass=lnk_file permissive=0 app=com.android.providers.media.module
05-28 05:15:47.195  1644  1927 I MediaProvider: End Intent { act=android.intent.action.MEDIA_SCANNER_SCAN_FILE dat=file:///sdcard/screen_2026-05-28_051547.png flg=0x1400010 cmp=com.android.providers.media.module/com.android.providers.media.MediaService }
05-28 05:15:47.152  1644  1644 W com.android.providers.media.module: type=1400 audit(0.0:850): avc: denied { read } for comm=4173796E635461736B202331 name="primary" dev="tmpfs" ino=20444 scontext=u:r:mediaprovider_app:s0:c128,c256,c512,c768 tcontext=u:object_r:mnt_pass_through_file:s0 tclass=lnk_file permissive=0 app=com.android.providers.media.module
05-28 05:15:47.205  8852  8877 I OpenGLRenderer: Davey! duration=1388ms; Flags=0, IntendedVsync=125228416009, Vsync=126578415955, OldestInputEvent=9223372036854775807, NewestInputEvent=0, HandleInputStart=126592664668, AnimationStart=126592666792, PerformTraversalsStart=126599445913, DrawStart=126600044572, SyncQueued=126601946153, SyncStart=126602060175, IssueDrawCommandsStart=126602104649, SwapBuffers=126604139829, FrameCompleted=126616643423, DequeueBufferDuration=28784, QueueBufferDuration=178634, GpuCompleted=0, 
05-28 05:15:47.152  1644  1644 W com.android.providers.media.module: type=1400 audit(0.0:851): avc: denied { read } for comm=4173796E635461736B202331 name="primary" dev="tmpfs" ino=20444 scontext=u:r:mediaprovider_app:s0:c128,c256,c512,c768 tcontext=u:object_r:mnt_pass_through_file:s0 tclass=lnk_file permissive=0 app=com.android.providers.media.module
05-28 05:15:47.227   330   600 W ServiceManager: Permission failure: android.permission.ACCESS_SURFACE_FLINGER from uid=10132 pid=8852
05-28 05:15:47.152  1644  1644 W com.android.providers.media.module: type=1400 audit(0.0:853): avc: denied { read } for comm=4173796E635461736B202331 name="primary" dev="tmpfs" ino=20444 scontext=u:r:mediaprovider_app:s0:c128,c256,c512,c768 tcontext=u:object_r:mnt_pass_through_file:s0 tclass=lnk_file permissive=0 app=com.android.providers.media.module
05-28 05:15:47.327  1644  1739 I MediaProvider: Deleted 1 items on external_primary due to com.android.shell
05-28 05:15:47.341  8438  8438 I ProvidersCache: Updating roots due to change on user 0at content://com.android.externalstorage.documents
05-28 05:15:47.375  2226  2226 E AccessibilityInteractionClient: 1 Disconnected nodes.
05-28 05:15:47.444  9018  9024 I cmd     : oneway function results will be dropped but finished with status OK and parcel size 4
05-28 05:15:47.719  9064  9065 I cmd     : oneway function results will be dropped but finished with status OK and parcel size 4
05-28 05:15:47.745  8852  8995 W pokedex.androi: Accessing hidden method Landroid/graphics/ImageDecoder;->createSource([B)Landroid/graphics/ImageDecoder$Source; (greylist-max-o, linking, denied)
05-28 05:15:47.899  9079  9080 I cmd     : oneway function results will be dropped but finished with status OK and parcel size 4
05-28 05:15:47.110   510   544 I chatty  : uid=1000(system) android.io identical 5 lines
05-28 05:15:47.111   510   544 I DropBoxManagerService: add tag=system_server_strictmode isTagEnabled=true flags=0x2
05-28 05:15:47.908   510  1487 E TaskPersister: File error accessing recents directory (directory doesn't exist?).
05-28 05:15:48.036  9091  9091 E libc    : Access denied finding property "persist.device_config.runtime_native_boot.profilebootclasspath"
05-28 05:15:48.036  9091  9091 E libc    : Access denied finding property "persist.device_config.runtime_native_boot.enable_apex_image"
05-28 05:15:48.036  9091  9091 I AndroidRuntime: Using default boot image
05-28 05:15:48.036  9091  9091 E libc    : Access denied finding property "persist.device_config.runtime_native_boot.disable_lock_profiling"
05-28 05:15:48.036  9091  9091 I AndroidRuntime: Leaving lock profiling enabled
05-28 05:15:48.037  9091  9091 E libc    : Access denied finding property "persist.device_config.runtime_native_boot.enable_generational_cc"
05-28 05:15:48.040  9091  9091 I app_process: Core platform API reporting enabled, enforcing=false
05-28 05:15:48.086  9091  9091 W app_process: Unexpected CPU variant for X86 using defaults: x86_64
05-28 05:15:48.087  9091  9091 I app_process: The ClassLoaderContext is a special shared library.
05-28 05:15:48.093  9091  9091 W app_process: JNI RegisterNativeMethods: attempt to register 0 native methods for android.media.AudioAttributes
05-28 05:15:48.181  8438  8438 I ProvidersCache: Updating roots due to change on user 0at content://com.android.providers.media.documents/root
05-28 05:15:48.317  8438  8438 I ProvidersCache: Updating roots due to change on user 0at content://com.android.providers.media.documents/root
05-28 05:15:49.803   159   159 I hwservicemanager: getTransport: Cannot find entry android.hardware.graphics.mapper@4.0::IMapper/default in either framework or device manifest.
05-28 05:15:49.803  9132  9132 I Gralloc4: mapper 4.x is not supported
05-28 05:15:49.846  9136  9138 I cmd     : oneway function results will be dropped but finished with status OK and parcel size 4
05-28 05:15:49.850   413   413 I perfetto: probes_producer.cc:329  Producer stop (id=9)
05-28 05:15:49.851   413   413 I perfetto: ftrace_procfs.cc:183    disabled ftrace
05-28 05:15:49.852   415   415 I perfetto: ng_service_impl.cc:1948 Tracing session 9 ended, total sessions:0
05-28 05:15:49.852  1644  1927 I MediaProvider: Begin Intent { act=android.intent.action.MEDIA_SCANNER_SCAN_FILE dat=file:///sdcard/screen_2026-05-28_051550.png flg=0x1400010 cmp=com.android.providers.media.module/com.android.providers.media.MediaService }
05-28 05:15:50.032     0     0 W perfetto: disabled ftrace
05-28 05:15:49.863  1644  1927 W ModernMediaScanner: Failed to visit /sdcard/screen_2026-05-28_051550.png: java.nio.file.AccessDeniedException: /sdcard/screen_2026-05-28_051550.png
05-28 05:15:49.864  1644  1927 I MediaProvider: Scanned internal due to REASON_DEMAND, found 0 items in 11ms, 0 inserts 0 updates 0 deletes
05-28 05:15:49.848  1644  1644 W com.android.providers.media.module: type=1400 audit(0.0:859): avc: denied { read } for comm=4173796E635461736B202331 name="primary" dev="tmpfs" ino=20444 scontext=u:r:mediaprovider_app:s0:c128,c256,c512,c768 tcontext=u:object_r:mnt_pass_through_file:s0 tclass=lnk_file permissive=0 app=com.android.providers.media.module
05-28 05:15:49.865  1644  1927 I MediaProvider: End Intent { act=android.intent.action.MEDIA_SCANNER_SCAN_FILE dat=file:///sdcard/screen_2026-05-28_051550.png flg=0x1400010 cmp=com.android.providers.media.module/com.android.providers.media.MediaService }
05-28 05:15:50.035     0     0 W audit   : audit_lost=615 audit_rate_limit=5 audit_backlog_limit=64
05-28 05:15:50.044     0     0 E audit   : rate limit exceeded
05-28 05:15:49.848  1644  1644 W com.android.providers.media.module: type=1400 audit(0.0:860): avc: denied { read } for comm=4173796E635461736B202331 name="primary" dev="tmpfs" ino=20444 scontext=u:r:mediaprovider_app:s0:c128,c256,c512,c768 tcontext=u:object_r:mnt_pass_through_file:s0 tclass=lnk_file permissive=0 app=com.android.providers.media.module
05-28 05:15:49.852  1644  1644 W com.android.providers.media.module: type=1400 audit(0.0:863): avc: denied { read } for comm=4173796E635461736B202331 name="primary" dev="tmpfs" ino=20444 scontext=u:r:mediaprovider_app:s0:c128,c256,c512,c768 tcontext=u:object_r:mnt_pass_through_file:s0 tclass=lnk_file permissive=0 app=com.android.providers.media.module
05-28 05:15:49.908  1644  1740 I MediaProvider: Deleted 1 items on external_primary due to com.android.shell
05-28 05:15:49.934  9149  9151 I cmd     : oneway function results will be dropped but finished with status OK and parcel size 4
05-28 05:15:50.063   159   159 I hwservicemanager: getTransport: Cannot find entry android.hardware.graphics.mapper@4.0::IMapper/default in either framework or device manifest.
05-28 05:15:50.063  9171  9171 I Gralloc4: mapper 4.x is not supported
05-28 05:15:50.108  9175  9177 I cmd     : oneway function results will be dropped but finished with status OK and parcel size 4
05-28 05:15:50.109  1644  1927 I MediaProvider: Begin Intent { act=android.intent.action.MEDIA_SCANNER_SCAN_FILE dat=file:///sdcard/screen_2026-05-28_051550.png flg=0x1400010 cmp=com.android.providers.media.module/com.android.providers.media.MediaService }
05-28 05:15:50.110  1644  1927 W ModernMediaScanner: Failed to visit /sdcard/screen_2026-05-28_051550.png: java.nio.file.AccessDeniedException: /sdcard/screen_2026-05-28_051550.png
05-28 05:15:50.110  1644  1927 I MediaProvider: Scanned internal due to REASON_DEMAND, found 0 items in 2ms, 0 inserts 0 updates 0 deletes
05-28 05:15:50.111  1644  1927 I MediaProvider: End Intent { act=android.intent.action.MEDIA_SCANNER_SCAN_FILE dat=file:///sdcard/screen_2026-05-28_051550.png flg=0x1400010 cmp=com.android.providers.media.module/com.android.providers.media.MediaService }
05-28 05:15:50.171  1644  2581 I MediaProvider: Deleted 1 items on external_primary due to com.android.shell
05-28 05:15:50.196  9186  9188 I cmd     : oneway function results will be dropped but finished with status OK and parcel size 4
05-28 05:15:50.309   159   159 I hwservicemanager: getTransport: Cannot find entry android.hardware.graphics.mapper@4.0::IMapper/default in either framework or device manifest.
05-28 05:15:50.309  9208  9208 I Gralloc4: mapper 4.x is not supported
05-28 05:15:50.355  9212  9214 I cmd     : oneway function results will be dropped but finished with status OK and parcel size 4
05-28 05:15:50.355  1644  1927 I MediaProvider: Begin Intent { act=android.intent.action.MEDIA_SCANNER_SCAN_FILE dat=file:///sdcard/screen_2026-05-28_051550.png flg=0x1400010 cmp=com.android.providers.media.module/com.android.providers.media.MediaService }
05-28 05:15:50.356  1644  1927 W ModernMediaScanner: Failed to visit /sdcard/screen_2026-05-28_051550.png: java.nio.file.AccessDeniedException: /sdcard/screen_2026-05-28_051550.png
05-28 05:15:50.357  1644  1927 I MediaProvider: Scanned internal due to REASON_DEMAND, found 0 items in 1ms, 0 inserts 0 updates 0 deletes
05-28 05:15:50.357  1644  1927 I MediaProvider: End Intent { act=android.intent.action.MEDIA_SCANNER_SCAN_FILE dat=file:///sdcard/screen_2026-05-28_051550.png flg=0x1400010 cmp=com.android.providers.media.module/com.android.providers.media.MediaService }
05-28 05:15:50.418  1644  1739 I MediaProvider: Deleted 1 items on external_primary due to com.android.shell
05-28 05:15:50.443  9223  9225 I cmd     : oneway function results will be dropped but finished with status OK and parcel size 4
05-28 05:15:50.491  9238  9240 I cmd     : oneway function results will be dropped but finished with status OK and parcel size 4
05-28 05:15:50.590  9270  9272 I cmd     : oneway function results will be dropped but finished with status OK and parcel size 4
05-28 05:15:50.661  9282  9282 E libc    : Access denied finding property "persist.device_config.runtime_native_boot.profilebootclasspath"
05-28 05:15:50.661  9282  9282 E libc    : Access denied finding property "persist.device_config.runtime_native_boot.enable_apex_image"
05-28 05:15:50.661  9282  9282 I AndroidRuntime: Using default boot image
05-28 05:15:50.661  9282  9282 E libc    : Access denied finding property "persist.device_config.runtime_native_boot.disable_lock_profiling"
05-28 05:15:50.661  9282  9282 I AndroidRuntime: Leaving lock profiling enabled
05-28 05:15:50.661  9282  9282 E libc    : Access denied finding property "persist.device_config.runtime_native_boot.enable_generational_cc"
05-28 05:15:50.662  9282  9282 I app_process: Core platform API reporting enabled, enforcing=false
05-28 05:15:50.697  9282  9282 W app_process: Unexpected CPU variant for X86 using defaults: x86_64
05-28 05:15:50.698  9282  9282 I app_process: The ClassLoaderContext is a special shared library.
05-28 05:15:50.704  9282  9282 W app_process: JNI RegisterNativeMethods: attempt to register 0 native methods for android.media.AudioAttributes
05-28 05:15:51.216   510   510 W NotificationHistory: Attempted to add notif for locked/gone/disabled user 0
05-28 05:15:52.437   159   159 I hwservicemanager: getTransport: Cannot find entry android.hardware.graphics.mapper@4.0::IMapper/default in either framework or device manifest.
05-28 05:15:52.438  9321  9321 I Gralloc4: mapper 4.x is not supported
05-28 05:15:52.484  9325  9327 I cmd     : oneway function results will be dropped but finished with status OK and parcel size 4
05-28 05:15:52.484  1644  1644 W com.android.providers.media.module: type=1400 audit(0.0:881): avc: denied { read } for comm=4173796E635461736B202331 name="primary" dev="tmpfs" ino=20444 scontext=u:r:mediaprovider_app:s0:c128,c256,c512,c768 tcontext=u:object_r:mnt_pass_through_file:s0 tclass=lnk_file permissive=0 app=com.android.providers.media.module
05-28 05:15:52.667     0     0 W audit   : audit_lost=632 audit_rate_limit=5 audit_backlog_limit=64
05-28 05:15:52.485  1644  1927 I MediaProvider: Begin Intent { act=android.intent.action.MEDIA_SCANNER_SCAN_FILE dat=file:///sdcard/screen_2026-05-28_051553.png flg=0x1400010 cmp=com.android.providers.media.module/com.android.providers.media.MediaService }
05-28 05:15:52.484  1644  1644 W com.android.providers.media.module: type=1400 audit(0.0:882): avc: denied { read } for comm=4173796E635461736B202331 name="primary" dev="tmpfs" ino=20444 scontext=u:r:mediaprovider_app:s0:c128,c256,c512,c768 tcontext=u:object_r:mnt_pass_through_file:s0 tclass=lnk_file permissive=0 app=com.android.providers.media.module
05-28 05:15:52.680     0     0 E audit   : rate limit exceeded
05-28 05:15:52.507  1644  1927 W ModernMediaScanner: Failed to visit /sdcard/screen_2026-05-28_051553.png: java.nio.file.AccessDeniedException: /sdcard/screen_2026-05-28_051553.png
05-28 05:15:52.507  1644  1927 I MediaProvider: Scanned internal due to REASON_DEMAND, found 0 items in 22ms, 0 inserts 0 updates 0 deletes
05-28 05:15:52.508  1644  1927 I MediaProvider: End Intent { act=android.intent.action.MEDIA_SCANNER_SCAN_FILE dat=file:///sdcard/screen_2026-05-28_051553.png flg=0x1400010 cmp=com.android.providers.media.module/com.android.providers.media.MediaService }
05-28 05:15:52.484  1644  1644 W com.android.providers.media.module: type=1400 audit(0.0:883): avc: denied { read } for comm=4173796E635461736B202331 name="primary" dev="tmpfs" ino=20444 scontext=u:r:mediaprovider_app:s0:c128,c256,c512,c768 tcontext=u:object_r:mnt_pass_through_file:s0 tclass=lnk_file permissive=0 app=com.android.providers.media.module
05-28 05:15:52.551  1644  1740 I MediaProvider: Deleted 1 items on external_primary due to com.android.shell
05-28 05:15:52.567  8438  8438 I ProvidersCache: Updating roots due to change on user 0at content://com.android.providers.media.documents/root
05-28 05:15:52.713   159   159 I hwservicemanager: getTransport: Cannot find entry android.hardware.graphics.mapper@4.0::IMapper/default in either framework or device manifest.
05-28 05:15:52.713  9360  9360 I Gralloc4: mapper 4.x is not supported
05-28 05:15:52.760  9364  9366 I cmd     : oneway function results will be dropped but finished with status OK and parcel size 4
05-28 05:15:52.761  1644  1927 I MediaProvider: Begin Intent { act=android.intent.action.MEDIA_SCANNER_SCAN_FILE dat=file:///sdcard/screen_2026-05-28_051553.png flg=0x1400010 cmp=com.android.providers.media.module/com.android.providers.media.MediaService }
05-28 05:15:52.762  1644  1927 W ModernMediaScanner: Failed to visit /sdcard/screen_2026-05-28_051553.png: java.nio.file.AccessDeniedException: /sdcard/screen_2026-05-28_051553.png
05-28 05:15:52.763  1644  1927 I MediaProvider: Scanned internal due to REASON_DEMAND, found 0 items in 1ms, 0 inserts 0 updates 0 deletes
05-28 05:15:52.763  1644  1927 I MediaProvider: End Intent { act=android.intent.action.MEDIA_SCANNER_SCAN_FILE dat=file:///sdcard/screen_2026-05-28_051553.png flg=0x1400010 cmp=com.android.providers.media.module/com.android.providers.media.MediaService }
05-28 05:15:52.781  1644  2581 I MediaProvider: Deleted 1 items on external_primary due to com.android.shell
05-28 05:15:52.919   159   159 I hwservicemanager: getTransport: Cannot find entry android.hardware.graphics.mapper@4.0::IMapper/default in either framework or device manifest.
