05-28 05:16:05.436 10257 10259 I cmd     : oneway function results will be dropped but finished with status OK and parcel size 4
05-28 05:16:05.550   159   159 I hwservicemanager: getTransport: Cannot find entry android.hardware.graphics.mapper@4.0::IMapper/default in either framework or device manifest.
05-28 05:16:05.550 10279 10279 I Gralloc4: mapper 4.x is not supported
05-28 05:16:05.604  1644  1927 I MediaProvider: Begin Intent { act=android.intent.action.MEDIA_SCANNER_SCAN_FILE dat=file:///sdcard/screen_2026-05-28_051606.png flg=0x1400010 cmp=com.android.providers.media.module/com.android.providers.media.MediaService }
05-28 05:16:05.607  1644  1927 W ModernMediaScanner: Failed to visit /sdcard/screen_2026-05-28_051606.png: java.nio.file.AccessDeniedException: /sdcard/screen_2026-05-28_051606.png
05-28 05:16:05.607  1644  1927 I MediaProvider: Scanned internal due to REASON_DEMAND, found 0 items in 4ms, 0 inserts 0 updates 0 deletes
05-28 05:16:05.608  8438  8438 I ProvidersCache: Updating roots due to change on user 0at content://com.android.providers.media.documents/root
05-28 05:16:05.609  1644  1927 I MediaProvider: End Intent { act=android.intent.action.MEDIA_SCANNER_SCAN_FILE dat=file:///sdcard/screen_2026-05-28_051606.png flg=0x1400010 cmp=com.android.providers.media.module/com.android.providers.media.MediaService }
05-28 05:16:05.626  1644  1739 I MediaProvider: Deleted 1 items on external_primary due to com.android.shell
05-28 05:16:05.649 10294 10296 I cmd     : oneway function results will be dropped but finished with status OK and parcel size 4
05-28 05:16:05.758   159   159 I hwservicemanager: getTransport: Cannot find entry android.hardware.graphics.mapper@4.0::IMapper/default in either framework or device manifest.
05-28 05:16:05.759 10316 10316 I Gralloc4: mapper 4.x is not supported
05-28 05:16:05.814 10320 10322 I cmd     : oneway function results will be dropped but finished with status OK and parcel size 4
05-28 05:16:05.814  1644  1927 I MediaProvider: Begin Intent { act=android.intent.action.MEDIA_SCANNER_SCAN_FILE dat=file:///sdcard/screen_2026-05-28_051606.png flg=0x1400010 cmp=com.android.providers.media.module/com.android.providers.media.MediaService }
05-28 05:16:05.815  1644  1927 W ModernMediaScanner: Failed to visit /sdcard/screen_2026-05-28_051606.png: java.nio.file.AccessDeniedException: /sdcard/screen_2026-05-28_051606.png
05-28 05:16:05.816  1644  1927 I MediaProvider: Scanned internal due to REASON_DEMAND, found 0 items in 1ms, 0 inserts 0 updates 0 deletes
05-28 05:16:05.817  1644  1927 I MediaProvider: End Intent { act=android.intent.action.MEDIA_SCANNER_SCAN_FILE dat=file:///sdcard/screen_2026-05-28_051606.png flg=0x1400010 cmp=com.android.providers.media.module/com.android.providers.media.MediaService }
05-28 05:16:05.836  1644  1740 I MediaProvider: Deleted 1 items on external_primary due to com.android.shell
05-28 05:16:05.860 10331 10333 I cmd     : oneway function results will be dropped but finished with status OK and parcel size 4
05-28 05:16:05.904 10346 10348 I cmd     : oneway function results will be dropped but finished with status OK and parcel size 4
05-28 05:16:05.949 10361 10363 I cmd     : oneway function results will be dropped but finished with status OK and parcel size 4
05-28 05:16:05.994 10376 10378 I cmd     : oneway function results will be dropped but finished with status OK and parcel size 4
05-28 05:16:06.087 10390 10390 E libc    : Access denied finding property "persist.device_config.runtime_native_boot.profilebootclasspath"
05-28 05:16:06.087 10390 10390 E libc    : Access denied finding property "persist.device_config.runtime_native_boot.enable_apex_image"
05-28 05:16:06.087 10390 10390 I AndroidRuntime: Using default boot image
05-28 05:16:06.087 10390 10390 E libc    : Access denied finding property "persist.device_config.runtime_native_boot.disable_lock_profiling"
05-28 05:16:06.087 10390 10390 I AndroidRuntime: Leaving lock profiling enabled
05-28 05:16:06.088 10390 10390 E libc    : Access denied finding property "persist.device_config.runtime_native_boot.enable_generational_cc"
05-28 05:16:06.089 10390 10390 I app_process: Core platform API reporting enabled, enforcing=false
05-28 05:16:06.123 10390 10390 W app_process: Unexpected CPU variant for X86 using defaults: x86_64
05-28 05:16:06.124 10390 10390 I app_process: The ClassLoaderContext is a special shared library.
05-28 05:16:06.129 10390 10390 W app_process: JNI RegisterNativeMethods: attempt to register 0 native methods for android.media.AudioAttributes
05-28 05:16:06.340  8852  8995 I System.out: 05:16:06.339 [DefaultDispatcher-worker-11] INFO io.ktor.client.HttpClient - REQUEST: https://pokeapi.co/api/v2/pokemon/ivysaur
05-28 05:16:06.340  8852  8995 I System.out: METHOD: HttpMethod(value=GET)
05-28 05:16:06.340  8852  8995 I System.out: COMMON HEADERS
05-28 05:16:06.340  8852  8995 I System.out: -> Accept: application/json
05-28 05:16:06.340  8852  8995 I System.out: -> Accept-Charset: UTF-8
05-28 05:16:06.340  8852  8995 I System.out: -> Content-Type: application/json
05-28 05:16:06.340  8852  8995 I System.out: CONTENT HEADERS
05-28 05:16:06.340  8852  8995 I System.out: -> Content-Length: 0
05-28 05:16:06.340  8852  8995 I System.out: BODY Content-Type: null
05-28 05:16:06.340  8852  8995 I System.out: BODY START
05-28 05:16:06.340  8852  8995 I System.out: 
05-28 05:16:06.340  8852  8995 I System.out: BODY END
05-28 05:16:06.455  8852  8981 I System.out: 05:16:06.444 [DefaultDispatcher-worker-4] INFO io.ktor.client.HttpClient - RESPONSE: 200 OK
05-28 05:16:06.455  8852  8981 I System.out: METHOD: HttpMethod(value=GET)
05-28 05:16:06.455  8852  8981 I System.out: FROM: https://pokeapi.co/api/v2/pokemon/ivysaur
05-28 05:16:06.455  8852  8981 I System.out: COMMON HEADERS
05-28 05:16:06.455  8852  8981 I System.out: -> access-control-allow-origin: *
05-28 05:16:06.455  8852  8981 I System.out: -> age: 13359
05-28 05:16:06.455  8852  8981 I System.out: -> alt-svc: h3=":443"; ma=86400
05-28 05:16:06.455  8852  8981 I System.out: -> cache-control: public, max-age=86400, s-maxage=86400
05-28 05:16:06.455  8852  8981 I System.out: -> cf-cache-status: HIT
05-28 05:16:06.455  8852  8981 I System.out: -> cf-ray: a02ac90fabee787f-SJC
05-28 05:16:06.455  8852  8981 I System.out: -> connection: keep-alive
05-28 05:16:06.455  8852  8981 I System.out: -> content-type: application/json; charset=utf-8
05-28 05:16:06.455  8852  8981 I System.out: -> date: Thu, 28 May 2026 05:16:06 GMT
05-28 05:16:06.455  8852  8981 I System.out: -> etag: W/"3a208-UaeAV+hyIAKhsYxQ2HzouJGTqQg"
05-28 05:16:06.455  8852  8981 I System.out: -> function-execution-id: nec67fam86i0
05-28 05:16:06.455  8852  8981 I System.out: -> nel: {"report_to":"cf-nel","success_fraction":0.0,"max_age":604800}
05-28 05:16:06.455  8852  8981 I System.out: -> report-to: {"group":"cf-nel","max_age":604800,"endpoints":[{"url":"https://a.nel.cloudflare.com/report/v4?s=kdIQbBYP7R1XbRx7IdoSjjhvKHRZXNJsVfOGVL9oB16IfLXOIZ0XoMlZ%2BBgohCP95V75djNSJF1r58ojS5v3lRylpDFn2Ecr4xW4kSZ08V7U1Zqqx39UEy8PvT7m"}]}
05-28 05:16:06.455  8852  8981 I System.out: -> server: cloudflare
05-28 05:16:06.455  8852  8981 I System.out: -> strict-transport-security: max-age=31556926
05-28 05:16:06.455  8852  8981 I System.out: -> transfer-encoding: chunked
05-28 05:16:06.455  8852  8981 I System.out: -> vary: Accept-Encoding,cookie,need-authorization, x-fh-requested-host, accept-encoding
05-28 05:16:06.455  8852  8981 I System.out: -> x-android-received-millis: 1779945366354
05-28 05:16:06.455  8852  8981 I System.out: -> x-android-response-source: NETWORK 200
05-28 05:16:06.455  8852  8981 I System.out: -> x-android-selected-protocol: http/1.1
05-28 05:16:06.455  8852  8981 I System.out: -> x-android-sent-millis: 1779945366342
05-28 05:16:06.455  8852  8981 I System.out: -> x-cache: MISS
05-28 05:16:06.455  8852  8981 I System.out: -> x-cache-hits: 0
05-28 05:16:06.455  8852  8981 I System.out: -> x-cloud-trace-context: 26f30e6f697d37445b019bdbc9f15367
05-28 05:16:06.455  8852  8981 I System.out: -> x-country-code: US
05-28 05:16:06.455  8852  8981 I System.out: -> x-powered-by: Express
05-28 05:16:06.455  8852  8981 I System.out: -> x-served-by: cache-dfw-kdfw8210112-DFW
05-28 05:16:06.455  8852  8981 I System.out: -> x-timer: S1769785671.858082,VS0,VE639
05-28 05:16:06.455  8852  8981 I System.out: BODY Content-Type: application/json; charset=utf-8
05-28 05:16:06.455  8852  8981 I System.out: BODY START
05-28 05:16:06.457  8852  8981 I System.out: {"abilities":[{"ability":{"name":"overgrow","url":"https://pokeapi.co/api/v2/ability/65/"},"is_hidden":false,"slot":1},{"ability":{"name":"chlorophyll","url":"https://pokeapi.co/api/v2/ability/34/"},"is_hidden":true,"slot":3}],"base_experience":142,"cries":{"latest":"https://raw.githubusercontent.com/PokeAPI/cries/main/cries/pokemon/latest/2.ogg","legacy":"https://raw.githubusercontent.com/PokeAPI/cries/main/cries/pokemon/legacy/2.ogg"},"forms":[{"name":"ivysaur","url":"https://pokeapi.co/api/v2/pokemon-form/2/"}],"game_indices":[{"game_index":9,"version":{"name":"red","url":"https://pokeapi.co/api/v2/version/1/"}},{"game_index":9,"version":{"name":"blue","url":"https://pokeapi.co/api/v2/version/2/"}},{"game_index":9,"version":{"name":"yellow","url":"https://pokeapi.co/api/v2/version/3/"}},{"game_index":2,"version":{"name":"gold","url":"https://pokeapi.co/api/v2/version/4/"}},{"game_index":2,"version":{"name":"silver","url":"https://pokeapi.co/api/v2/version/5/"}},{"game_index":2,"version":{"name":"crystal","url":"https://pokeapi.co/api/v2/version/6/"}},{"game_index":2,"version":{"name":"ruby","url":"https://pokeapi.co/api/v2/version/7/"}},{"game_index":2,"version":{"name":"sapphire","url":"https://pokeapi.co/api/v2/version/8/"}},{"game_index":2,"version":{"name":"emerald","url":"https://pokeapi.co/api/v2/version/9/"}},{"game_index":2,"version":{"name":"firered","url":"https://pokeapi.co/api/v2/version/10/"}},{"game_index":2,"version":{"name":"leafgreen","url":"https://pokeapi.co/api/v2/version/11/"}},{"game_index":2,"version":{"name":"diamond","url":"https://pokeapi.co/api/v2/version/12/"}},{"game_index":2,"version":{"name":"pearl","url":"https://pokeapi.co/api/v2/version/13/"}},{"game_index":2,"version":{"name":"platinum","url":"https://pokeapi.co/api/v2/version/14/"}},{"game_index":2,"version":{"name":"heartgold","url":"https://pokeapi.co/api/v2/version/15/"}},{"game_index":2,"version":{"name":"soulsilver","url":"https://pokeapi.co/api/v2/version/16/"}},{"game_index":2,"version":{"name":"black","url":"https://pokeapi.co/api/v2/version/17/"}},{"game_index":2,"version":{"name":"white","url":"https://pokeapi.co/api/v2/version/18/"}},{"game_index":2,"version":{"name":"black-2","url":"https://pokeapi.co/api/v2/version/21/"}},{"game_index":2,"version":{"name":"white-2","url":"https://pokeapi.co/api/v2/version/22/"}}],"height":10,"held_items":[],"id":2,"is_default":true,"location_area_encounters":"https://pokeapi.co/api/v2/pokemon/2/encounters","moves":[{"move":{"name":"swords-dance","url":"https://pokeapi.co/api/v2/move/14/"},"version_group_details":[{"level_learned_at":0,"move_learn_method":{"name":"machine","url":"https://pokeapi.co/api/v2/move-learn-method/4/"},"order":null,"version_group":{"name":"red-blue","url":"https://pokeapi.co/api/v2/version-group/1/"}},{"level_learned_at":0,"move_learn_method":{"name":"machine","url":"https://pokeapi.co/api/v2/move-learn-method/4/"},"order":null,"version_group":{"name":"yellow","url":"https://pokeapi.co/api/v2/version-group/2/"}},{"level_learned_at":0,"move_learn_method":{"name":"tutor","url":"https://pokeapi.co/api/v2/move-learn-method/3/"},"order":null,"version_group":{"name":"emerald","url":"https://pokeapi.co/api/v2/version-group/6/"}},{"level_learned_at":0,"move_learn_method":{"name":"tutor","url":"https://pokeapi.co/api/v2/move-learn-method/3/"},"order":null,"version_group":{"name":"firered-leafgreen","url":"https://pokeapi.co/api/v2/version-group/7/"}},{"level_learned_at":0,"move_learn_method":{"name":"machine","url":"https://pokeapi.co/api/v2/move-learn-method/4/"},"order":null,"version_group":{"name":"diamond-pearl","url":"https://pokeapi.co/api/v2/version-group/8/"}},{"level_learned_at":0,"move_learn_method":{"name":"machine","url":"https://pokeapi.co/api/v2/move-learn-method/4/"},"order":null,"version_group":{"name":"platinum","url":"https://pokeapi.co/api/v2/version-group/9/"}},{"level_learned_at":0,"move_learn_method":{"name":"machine","url":"https://pokeapi.co/api/v2/move-learn-method/4/"},"order":null,"version_group":{"name"
05-28 05:16:06.457  8852  8981 I System.out: BODY END
05-28 05:16:07.606  8438  8438 I ProvidersCache: Updating roots due to change on user 0at content://com.android.providers.media.documents/root
05-28 05:16:07.717  8438  8438 I ProvidersCache: Updating roots due to change on user 0at content://com.android.providers.media.documents/root
05-28 05:16:07.834   159   159 I hwservicemanager: getTransport: Cannot find entry android.hardware.graphics.mapper@4.0::IMapper/default in either framework or device manifest.
05-28 05:16:07.835 10421 10421 I Gralloc4: mapper 4.x is not supported
05-28 05:16:07.881 10425 10427 I cmd     : oneway function results will be dropped but finished with status OK and parcel size 4
05-28 05:16:07.882  1644  1927 I MediaProvider: Begin Intent { act=android.intent.action.MEDIA_SCANNER_SCAN_FILE dat=file:///sdcard/screen_2026-05-28_051608.png flg=0x1400010 cmp=com.android.providers.media.module/com.android.providers.media.MediaService }
05-28 05:16:07.880  1644  1644 W com.android.providers.media.module: type=1400 audit(0.0:1013): avc: denied { read } for comm=4173796E635461736B202331 name="primary" dev="tmpfs" ino=20444 scontext=u:r:mediaprovider_app:s0:c128,c256,c512,c768 tcontext=u:object_r:mnt_pass_through_file:s0 tclass=lnk_file permissive=0 app=com.android.providers.media.module
05-28 05:16:08.064     0     0 W audit   : audit_lost=734 audit_rate_limit=5 audit_backlog_limit=64
05-28 05:16:08.077     0     0 E audit   : rate limit exceeded
05-28 05:16:07.880  1644  1644 W com.android.providers.media.module: type=1400 audit(0.0:1014): avc: denied { read } for comm=4173796E635461736B202331 name="primary" dev="tmpfs" ino=20444 scontext=u:r:mediaprovider_app:s0:c128,c256,c512,c768 tcontext=u:object_r:mnt_pass_through_file:s0 tclass=lnk_file permissive=0 app=com.android.providers.media.module
05-28 05:16:07.901  1644  1927 W ModernMediaScanner: Failed to visit /sdcard/screen_2026-05-28_051608.png: java.nio.file.AccessDeniedException: /sdcard/screen_2026-05-28_051608.png
05-28 05:16:07.902  1644  1927 I MediaProvider: Scanned internal due to REASON_DEMAND, found 0 items in 20ms, 0 inserts 0 updates 0 deletes
05-28 05:16:07.903  1644  1927 I MediaProvider: End Intent { act=android.intent.action.MEDIA_SCANNER_SCAN_FILE dat=file:///sdcard/screen_2026-05-28_051608.png flg=0x1400010 cmp=com.android.providers.media.module/com.android.providers.media.MediaService }
05-28 05:16:07.880  1644  1644 W com.android.providers.media.module: type=1400 audit(0.0:1015): avc: denied { read } for comm=4173796E635461736B202331 name="primary" dev="tmpfs" ino=20444 scontext=u:r:mediaprovider_app:s0:c128,c256,c512,c768 tcontext=u:object_r:mnt_pass_through_file:s0 tclass=lnk_file permissive=0 app=com.android.providers.media.module
05-28 05:16:07.938  1644  2581 I MediaProvider: Deleted 1 items on external_primary due to com.android.shell
05-28 05:16:07.949  8438  8438 I ProvidersCache: Updating roots due to change on user 0at content://com.android.providers.media.documents/root
05-28 05:16:07.968 10436 10438 I cmd     : oneway function results will be dropped but finished with status OK and parcel size 4
05-28 05:16:08.090   159   159 I hwservicemanager: getTransport: Cannot find entry android.hardware.graphics.mapper@4.0::IMapper/default in either framework or device manifest.
05-28 05:16:08.090 10458 10458 I Gralloc4: mapper 4.x is not supported
05-28 05:16:08.149 10464 10466 I cmd     : oneway function results will be dropped but finished with status OK and parcel size 4
05-28 05:16:08.149  1644  1927 I MediaProvider: Begin Intent { act=android.intent.action.MEDIA_SCANNER_SCAN_FILE dat=file:///sdcard/screen_2026-05-28_051608.png flg=0x1400010 cmp=com.android.providers.media.module/com.android.providers.media.MediaService }
05-28 05:16:08.149  1644  1927 W ModernMediaScanner: Failed to visit /sdcard/screen_2026-05-28_051608.png: java.nio.file.AccessDeniedException: /sdcard/screen_2026-05-28_051608.png
05-28 05:16:08.150  1644  1927 I MediaProvider: Scanned internal due to REASON_DEMAND, found 0 items in 1ms, 0 inserts 0 updates 0 deletes
05-28 05:16:08.150  1644  1927 I MediaProvider: End Intent { act=android.intent.action.MEDIA_SCANNER_SCAN_FILE dat=file:///sdcard/screen_2026-05-28_051608.png flg=0x1400010 cmp=com.android.providers.media.module/com.android.providers.media.MediaService }
05-28 05:16:08.166  8438  8438 I ProvidersCache: Updating roots due to change on user 0at content://com.android.providers.media.documents/root
05-28 05:16:08.173  1644  1739 I MediaProvider: Deleted 1 items on external_primary due to com.android.shell
05-28 05:16:08.199 10475 10477 I cmd     : oneway function results will be dropped but finished with status OK and parcel size 4
05-28 05:16:08.322   159   159 I hwservicemanager: getTransport: Cannot find entry android.hardware.graphics.mapper@4.0::IMapper/default in either framework or device manifest.
05-28 05:16:08.322 10497 10497 I Gralloc4: mapper 4.x is not supported
05-28 05:16:08.369 10501 10503 I cmd     : oneway function results will be dropped but finished with status OK and parcel size 4
05-28 05:16:08.369  1644  1927 I MediaProvider: Begin Intent { act=android.intent.action.MEDIA_SCANNER_SCAN_FILE dat=file:///sdcard/screen_2026-05-28_051608.png flg=0x1400010 cmp=com.android.providers.media.module/com.android.providers.media.MediaService }
05-28 05:16:08.370  1644  1927 W ModernMediaScanner: Failed to visit /sdcard/screen_2026-05-28_051608.png: java.nio.file.AccessDeniedException: /sdcard/screen_2026-05-28_051608.png
05-28 05:16:08.371  1644  1927 I MediaProvider: Scanned internal due to REASON_DEMAND, found 0 items in 1ms, 0 inserts 0 updates 0 deletes
05-28 05:16:08.371  1644  1927 I MediaProvider: End Intent { act=android.intent.action.MEDIA_SCANNER_SCAN_FILE dat=file:///sdcard/screen_2026-05-28_051608.png flg=0x1400010 cmp=com.android.providers.media.module/com.android.providers.media.MediaService }
05-28 05:16:08.392  1644  1740 I MediaProvider: Deleted 1 items on external_primary due to com.android.shell
05-28 05:16:08.417 10512 10514 I cmd     : oneway function results will be dropped but finished with status OK and parcel size 4
05-28 05:16:08.553 10557 10559 I cmd     : oneway function results will be dropped but finished with status OK and parcel size 4
05-28 05:16:08.624 10569 10569 E libc    : Access denied finding property "persist.device_config.runtime_native_boot.profilebootclasspath"
05-28 05:16:08.624 10569 10569 E libc    : Access denied finding property "persist.device_config.runtime_native_boot.enable_apex_image"
05-28 05:16:08.624 10569 10569 I AndroidRuntime: Using default boot image
05-28 05:16:08.624 10569 10569 E libc    : Access denied finding property "persist.device_config.runtime_native_boot.disable_lock_profiling"
05-28 05:16:08.624 10569 10569 I AndroidRuntime: Leaving lock profiling enabled
05-28 05:16:08.625 10569 10569 E libc    : Access denied finding property "persist.device_config.runtime_native_boot.enable_generational_cc"
05-28 05:16:08.626 10569 10569 I app_process: Core platform API reporting enabled, enforcing=false
05-28 05:16:08.661 10569 10569 W app_process: Unexpected CPU variant for X86 using defaults: x86_64
05-28 05:16:08.662 10569 10569 I app_process: The ClassLoaderContext is a special shared library.
05-28 05:16:08.668 10569 10569 W app_process: JNI RegisterNativeMethods: attempt to register 0 native methods for android.media.AudioAttributes
05-28 05:16:10.159  8438  8438 I ProvidersCache: Updating roots due to change on user 0at content://com.android.providers.media.documents/root
05-28 05:16:10.306  8438  8438 I ProvidersCache: Updating roots due to change on user 0at content://com.android.providers.media.documents/root
05-28 05:16:10.381   159   159 I hwservicemanager: getTransport: Cannot find entry android.hardware.graphics.mapper@4.0::IMapper/default in either framework or device manifest.
05-28 05:16:10.381 10602 10602 I Gralloc4: mapper 4.x is not supported
05-28 05:16:10.433  1644  1927 I MediaProvider: Begin Intent { act=android.intent.action.MEDIA_SCANNER_SCAN_FILE dat=file:///sdcard/screen_2026-05-28_051610.png flg=0x1400010 cmp=com.android.providers.media.module/com.android.providers.media.MediaService }
05-28 05:16:10.436  1644  1927 W ModernMediaScanner: Failed to visit /sdcard/screen_2026-05-28_051610.png: java.nio.file.AccessDeniedException: /sdcard/screen_2026-05-28_051610.png
05-28 05:16:10.436  1644  1927 I MediaProvider: Scanned internal due to REASON_DEMAND, found 0 items in 3ms, 0 inserts 0 updates 0 deletes
05-28 05:16:10.615     0     0 W audit   : audit_lost=751 audit_rate_limit=5 audit_backlog_limit=64
05-28 05:16:10.617     0     0 E audit   : rate limit exceeded
05-28 05:16:10.441  1644  1927 I MediaProvider: End Intent { act=android.intent.action.MEDIA_SCANNER_SCAN_FILE dat=file:///sdcard/screen_2026-05-28_051610.png flg=0x1400010 cmp=com.android.providers.media.module/com.android.providers.media.MediaService }
05-28 05:16:10.441  8438  8438 I ProvidersCache: Updating roots due to change on user 0at content://com.android.providers.media.documents/root
05-28 05:16:10.428  1644  1644 W com.android.providers.media.module: type=1400 audit(0.0:1035): avc: denied { read } for comm=4173796E635461736B202331 name="primary" dev="tmpfs" ino=20444 scontext=u:r:mediaprovider_app:s0:c128,c256,c512,c768 tcontext=u:object_r:mnt_pass_through_file:s0 tclass=lnk_file permissive=0 app=com.android.providers.media.module
05-28 05:16:10.432  1644  1644 I chatty  : uid=10128(com.android.providers.media.module) identical 3 lines
05-28 05:16:10.432  1644  1644 W com.android.providers.media.module: type=1400 audit(0.0:1039): avc: denied { read } for comm=4173796E635461736B202331 name="primary" dev="tmpfs" ino=20444 scontext=u:r:mediaprovider_app:s0:c128,c256,c512,c768 tcontext=u:object_r:mnt_pass_through_file:s0 tclass=lnk_file permissive=0 app=com.android.providers.media.module
05-28 05:16:10.479  1644  2581 I MediaProvider: Deleted 1 items on external_primary due to com.android.shell
05-28 05:16:10.521  8438  8438 I ProvidersCache: Updating roots due to change on user 0at content://com.android.providers.media.documents/root
05-28 05:16:10.535 10617 10619 I cmd     : oneway function results will be dropped but finished with status OK and parcel size 4
05-28 05:16:10.650   159   159 I hwservicemanager: getTransport: Cannot find entry android.hardware.graphics.mapper@4.0::IMapper/default in either framework or device manifest.
05-28 05:16:10.650 10640 10640 I Gralloc4: mapper 4.x is not supported
05-28 05:16:10.653  8438  8438 I ProvidersCache: Updating roots due to change on user 0at content://com.android.providers.media.documents/root
05-28 05:16:10.700  1644  1927 I MediaProvider: Begin Intent { act=android.intent.action.MEDIA_SCANNER_SCAN_FILE dat=file:///sdcard/screen_2026-05-28_051611.png flg=0x1400010 cmp=com.android.providers.media.module/com.android.providers.media.MediaService }
05-28 05:16:10.701  1644  1927 W ModernMediaScanner: Failed to visit /sdcard/screen_2026-05-28_051611.png: java.nio.file.AccessDeniedException: /sdcard/screen_2026-05-28_051611.png
05-28 05:16:10.702  1644  1927 I MediaProvider: Scanned internal due to REASON_DEMAND, found 0 items in 1ms, 0 inserts 0 updates 0 deletes
05-28 05:16:10.702  1644  1927 I MediaProvider: End Intent { act=android.intent.action.MEDIA_SCANNER_SCAN_FILE dat=file:///sdcard/screen_2026-05-28_051611.png flg=0x1400010 cmp=com.android.providers.media.module/com.android.providers.media.MediaService }
05-28 05:16:10.722  1644  1739 I MediaProvider: Deleted 1 items on external_primary due to com.android.shell
05-28 05:16:10.726  8438  8438 I ProvidersCache: Updating roots due to change on user 0at content://com.android.providers.media.documents/root
05-28 05:16:10.748 10655 10657 I cmd     : oneway function results will be dropped but finished with status OK and parcel size 4
05-28 05:16:10.857   159   159 I hwservicemanager: getTransport: Cannot find entry android.hardware.graphics.mapper@4.0::IMapper/default in either framework or device manifest.
05-28 05:16:10.857 10677 10677 I Gralloc4: mapper 4.x is not supported
05-28 05:16:10.910 10681 10683 I cmd     : oneway function results will be dropped but finished with status OK and parcel size 4
05-28 05:16:10.910  1644  1927 I MediaProvider: Begin Intent { act=android.intent.action.MEDIA_SCANNER_SCAN_FILE dat=file:///sdcard/screen_2026-05-28_051611.png flg=0x1400010 cmp=com.android.providers.media.module/com.android.providers.media.MediaService }
05-28 05:16:10.911  1644  1927 W ModernMediaScanner: Failed to visit /sdcard/screen_2026-05-28_051611.png: java.nio.file.AccessDeniedException: /sdcard/screen_2026-05-28_051611.png
05-28 05:16:10.911  1644  1927 I MediaProvider: Scanned internal due to REASON_DEMAND, found 0 items in 1ms, 0 inserts 0 updates 0 deletes
05-28 05:16:10.912  1644  1927 I MediaProvider: End Intent { act=android.intent.action.MEDIA_SCANNER_SCAN_FILE dat=file:///sdcard/screen_2026-05-28_051611.png flg=0x1400010 cmp=com.android.providers.media.module/com.android.providers.media.MediaService }
05-28 05:16:10.935  1644  1740 I MediaProvider: Deleted 1 items on external_primary due to com.android.shell
05-28 05:16:10.959 10692 10694 I cmd     : oneway function results will be dropped but finished with status OK and parcel size 4
05-28 05:16:11.055 10722 10724 I cmd     : oneway function results will be dropped but finished with status OK and parcel size 4
05-28 05:16:11.106 10737 10739 I cmd     : oneway function results will be dropped but finished with status OK and parcel size 4
05-28 05:16:11.184 10749 10749 E libc    : Access denied finding property "persist.device_config.runtime_native_boot.profilebootclasspath"
05-28 05:16:11.184 10749 10749 E libc    : Access denied finding property "persist.device_config.runtime_native_boot.enable_apex_image"
05-28 05:16:11.184 10749 10749 I AndroidRuntime: Using default boot image
05-28 05:16:11.184 10749 10749 E libc    : Access denied finding property "persist.device_config.runtime_native_boot.disable_lock_profiling"
05-28 05:16:11.184 10749 10749 I AndroidRuntime: Leaving lock profiling enabled
05-28 05:16:11.184 10749 10749 E libc    : Access denied finding property "persist.device_config.runtime_native_boot.enable_generational_cc"
05-28 05:16:11.186 10749 10749 I app_process: Core platform API reporting enabled, enforcing=false
05-28 05:16:11.227 10749 10749 W app_process: Unexpected CPU variant for X86 using defaults: x86_64
05-28 05:16:11.228 10749 10749 I app_process: The ClassLoaderContext is a special shared library.
05-28 05:16:11.234 10749 10749 W app_process: JNI RegisterNativeMethods: attempt to register 0 native methods for android.media.AudioAttributes
05-28 05:16:11.253  2226  2226 E AccessibilityInteractionClient: 3 Disconnected nodes.
05-28 05:16:12.783  8438  8438 I ProvidersCache: Updating roots due to change on user 0at content://com.android.providers.media.documents/root
05-28 05:16:12.926  8438  8438 I ProvidersCache: Updating roots due to change on user 0at content://com.android.providers.media.documents/root
05-28 05:16:12.948   159   159 I hwservicemanager: getTransport: Cannot find entry android.hardware.graphics.mapper@4.0::IMapper/default in either framework or device manifest.
05-28 05:16:12.948 10783 10783 I Gralloc4: mapper 4.x is not supported
05-28 05:16:12.991 10787 10789 I cmd     : oneway function results will be dropped but finished with status OK and parcel size 4
05-28 05:16:12.992  1644  1927 I MediaProvider: Begin Intent { act=android.intent.action.MEDIA_SCANNER_SCAN_FILE dat=file:///sdcard/screen_2026-05-28_051613.png flg=0x1400010 cmp=com.android.providers.media.module/com.android.providers.media.MediaService }
05-28 05:16:12.988  1644  1644 W com.android.providers.media.module: type=1400 audit(0.0:1057): avc: denied { read } for comm=4173796E635461736B202331 name="primary" dev="tmpfs" ino=20444 scontext=u:r:mediaprovider_app:s0:c128,c256,c512,c768 tcontext=u:object_r:mnt_pass_through_file:s0 tclass=lnk_file permissive=0 app=com.android.providers.media.module
05-28 05:16:13.182     0     0 W audit   : audit_lost=768 audit_rate_limit=5 audit_backlog_limit=64
05-28 05:16:13.001  1405  1839 I Dialer  : OmtpVvmCarrierCfgHlpr - OmtpEvent:CONFIG_STATUS_SMS_TIME_OUT
05-28 05:16:13.003  1405  1405 I Dialer  : RetryPolicy - discarding deferred status: configuration_state=4
05-28 05:16:13.185     0     0 E audit   : rate limit exceeded
05-28 05:16:12.996  1644  1644 W com.android.providers.media.module: type=1400 audit(0.0:1058): avc: denied { read } for comm=4173796E635461736B202331 name="primary" dev="tmpfs" ino=20444 scontext=u:r:mediaprovider_app:s0:c128,c256,c512,c768 tcontext=u:object_r:mnt_pass_through_file:s0 tclass=lnk_file permissive=0 app=com.android.providers.media.module
05-28 05:16:13.012  1405  1405 I Dialer  : VvmTaskExecutor - no more tasks, stopping service if no task are added in 5000 millis
05-28 05:16:13.012  1405  1405 I Dialer  : VvmTaskReceiver - task received
05-28 05:16:13.012  1405  1405 I Dialer  : VvmTaskReceiver - TaskExecutor already running
05-28 05:16:13.012  1405  1405 I Dialer  : Task.createTask - create task:com.android.voicemail.impl.ActivationTask
05-28 05:16:13.012  1405  1405 I Dialer  : RetryPolicy - retry #2 for com.android.voicemail.impl.ActivationTask@34807de queued, executing in 5000
05-28 05:16:13.012  1405  1405 I Dialer  : VvmTaskExecutor - com.android.voicemail.impl.ActivationTask@34807de added
05-28 05:16:13.012  1405  1405 I Dialer  : VvmTaskExecutor - minimal wait time:5000
05-28 05:16:13.013  1405  1405 I Dialer  : VvmTaskExecutor - sleep for 5000 millis
05-28 05:16:13.013  1644  1927 W ModernMediaScanner: Failed to visit /sdcard/screen_2026-05-28_051613.png: java.nio.file.AccessDeniedException: /sdcard/screen_2026-05-28_051613.png
05-28 05:16:13.013  1644  1927 I MediaProvider: Scanned internal due to REASON_DEMAND, found 0 items in 13ms, 0 inserts 0 updates 0 deletes
05-28 05:16:13.013  1644  1927 I MediaProvider: End Intent { act=android.intent.action.MEDIA_SCANNER_SCAN_FILE dat=file:///sdcard/screen_2026-05-28_051613.png flg=0x1400010 cmp=com.android.providers.media.module/com.android.providers.media.MediaService }
05-28 05:16:12.996  1644  1644 W com.android.providers.media.module: type=1400 audit(0.0:1059): avc: denied { read } for comm=4173796E635461736B202331 name="primary" dev="tmpfs" ino=20444 scontext=u:r:mediaprovider_app:s0:c128,c256,c512,c768 tcontext=u:object_r:mnt_pass_through_file:s0 tclass=lnk_file permissive=0 app=com.android.providers.media.module
05-28 05:16:13.049  1644  2581 I MediaProvider: Deleted 1 items on external_primary due to com.android.shell
05-28 05:16:13.081  8438  8438 I ProvidersCache: Updating roots due to change on user 0at content://com.android.providers.media.documents/root
05-28 05:16:13.161  8438  8438 I ProvidersCache: Updating roots due to change on user 0at content://com.android.providers.media.documents/root
05-28 05:16:13.211   159   159 I hwservicemanager: getTransport: Cannot find entry android.hardware.graphics.mapper@4.0::IMapper/default in either framework or device manifest.
05-28 05:16:13.211 10820 10820 I Gralloc4: mapper 4.x is not supported
05-28 05:16:13.269  1644  1927 I MediaProvider: Begin Intent { act=android.intent.action.MEDIA_SCANNER_SCAN_FILE dat=file:///sdcard/screen_2026-05-28_051613.png flg=0x1400010 cmp=com.android.providers.media.module/com.android.providers.media.MediaService }
05-28 05:16:13.270  1644  1927 W ModernMediaScanner: Failed to visit /sdcard/screen_2026-05-28_051613.png: java.nio.file.AccessDeniedException: /sdcard/screen_2026-05-28_051613.png
05-28 05:16:13.270  1644  1927 I MediaProvider: Scanned internal due to REASON_DEMAND, found 0 items in 1ms, 0 inserts 0 updates 0 deletes
05-28 05:16:13.271  1644  1927 I MediaProvider: End Intent { act=android.intent.action.MEDIA_SCANNER_SCAN_FILE dat=file:///sdcard/screen_2026-05-28_051613.png flg=0x1400010 cmp=com.android.providers.media.module/com.android.providers.media.MediaService }
05-28 05:16:13.288  1644  1739 I MediaProvider: Deleted 1 items on external_primary due to com.android.shell
05-28 05:16:13.293  8438  8438 I ProvidersCache: Updating roots due to change on user 0at content://com.android.providers.media.documents/root
05-28 05:16:13.366  8438  8438 I ProvidersCache: Updating roots due to change on user 0at content://com.android.providers.media.documents/root
05-28 05:16:13.429   159   159 I hwservicemanager: getTransport: Cannot find entry android.hardware.graphics.mapper@4.0::IMapper/default in either framework or device manifest.
05-28 05:16:13.429 10859 10859 I Gralloc4: mapper 4.x is not supported
05-28 05:16:13.472  1644  1927 I MediaProvider: Begin Intent { act=android.intent.action.MEDIA_SCANNER_SCAN_FILE dat=file:///sdcard/screen_2026-05-28_051614.png flg=0x1400010 cmp=com.android.providers.media.module/com.android.providers.media.MediaService }
05-28 05:16:13.472  1644  1927 W ModernMediaScanner: Failed to visit /sdcard/screen_2026-05-28_051614.png: java.nio.file.AccessDeniedException: /sdcard/screen_2026-05-28_051614.png
05-28 05:16:13.474  1644  1927 I MediaProvider: Scanned internal due to REASON_DEMAND, found 0 items in 2ms, 0 inserts 0 updates 0 deletes
05-28 05:16:13.475  1644  1927 I MediaProvider: End Intent { act=android.intent.action.MEDIA_SCANNER_SCAN_FILE dat=file:///sdcard/screen_2026-05-28_051614.png flg=0x1400010 cmp=com.android.providers.media.module/com.android.providers.media.MediaService }
05-28 05:16:13.534  1644  1740 I MediaProvider: Deleted 1 items on external_primary due to com.android.shell
05-28 05:16:13.558 10874 10876 I cmd     : oneway function results will be dropped but finished with status OK and parcel size 4
05-28 05:16:13.604 10889 10891 I cmd     : oneway function results will be dropped but finished with status OK and parcel size 4
05-28 05:16:13.649 10904 10906 I cmd     : oneway function results will be dropped but finished with status OK and parcel size 4
05-28 05:16:13.694 10919 10921 I cmd     : oneway function results will be dropped but finished with status OK and parcel size 4
05-28 05:16:13.765 10931 10931 E libc    : Access denied finding property "persist.device_config.runtime_native_boot.profilebootclasspath"
05-28 05:16:13.765 10931 10931 E libc    : Access denied finding property "persist.device_config.runtime_native_boot.enable_apex_image"
05-28 05:16:13.765 10931 10931 I AndroidRuntime: Using default boot image
05-28 05:16:13.765 10931 10931 E libc    : Access denied finding property "persist.device_config.runtime_native_boot.disable_lock_profiling"
05-28 05:16:13.765 10931 10931 I AndroidRuntime: Leaving lock profiling enabled
05-28 05:16:13.765 10931 10931 E libc    : Access denied finding property "persist.device_config.runtime_native_boot.enable_generational_cc"
05-28 05:16:13.767 10931 10931 I app_process: Core platform API reporting enabled, enforcing=false
05-28 05:16:13.801 10931 10931 W app_process: Unexpected CPU variant for X86 using defaults: x86_64
05-28 05:16:13.802 10931 10931 I app_process: The ClassLoaderContext is a special shared library.
05-28 05:16:13.808 10931 10931 W app_process: JNI RegisterNativeMethods: attempt to register 0 native methods for android.media.AudioAttributes
05-28 05:16:13.931  2226  2226 E AccessibilityInteractionClient: 3 Disconnected nodes.
05-28 05:16:15.356  8438  8438 I ProvidersCache: Updating roots due to change on user 0at content://com.android.providers.media.documents/root
05-28 05:16:15.446  8438  8438 I ProvidersCache: Updating roots due to change on user 0at content://com.android.providers.media.documents/root
05-28 05:16:15.521   159   159 I hwservicemanager: getTransport: Cannot find entry android.hardware.graphics.mapper@4.0::IMapper/default in either framework or device manifest.
05-28 05:16:15.521 10965 10965 I Gralloc4: mapper 4.x is not supported
05-28 05:16:15.555  1644  1927 I MediaProvider: Begin Intent { act=android.intent.action.MEDIA_SCANNER_SCAN_FILE dat=file:///sdcard/screen_2026-05-28_051616.png flg=0x1400010 cmp=com.android.providers.media.module/com.android.providers.media.MediaService }
05-28 05:16:15.555 10969 10971 I cmd     : oneway function results will be dropped but finished with status OK and parcel size 4
05-28 05:16:15.738     0     0 W audit   : audit_lost=785 audit_rate_limit=5 audit_backlog_limit=64
05-28 05:16:15.739     0     0 E audit   : rate limit exceeded
05-28 05:16:15.559  1644  1927 W ModernMediaScanner: Failed to visit /sdcard/screen_2026-05-28_051616.png: java.nio.file.AccessDeniedException: /sdcard/screen_2026-05-28_051616.png
05-28 05:16:15.559  1644  1927 I MediaProvider: Scanned internal due to REASON_DEMAND, found 0 items in 3ms, 0 inserts 0 updates 0 deletes
05-28 05:16:15.559  1644  1927 I MediaProvider: End Intent { act=android.intent.action.MEDIA_SCANNER_SCAN_FILE dat=file:///sdcard/screen_2026-05-28_051616.png flg=0x1400010 cmp=com.android.providers.media.module/com.android.providers.media.MediaService }
05-28 05:16:15.552  1644  1644 W com.android.providers.media.module: type=1400 audit(0.0:1079): avc: denied { read } for comm=4173796E635461736B202331 name="primary" dev="tmpfs" ino=20444 scontext=u:r:mediaprovider_app:s0:c128,c256,c512,c768 tcontext=u:object_r:mnt_pass_through_file:s0 tclass=lnk_file permissive=0 app=com.android.providers.media.module
05-28 05:16:15.589  8438  8438 I ProvidersCache: Updating roots due to change on user 0at content://com.android.providers.media.documents/root
05-28 05:16:15.552  1644  1644 W com.android.providers.media.module: type=1400 audit(0.0:1082): avc: denied { read } for comm=4173796E635461736B202331 name="primary" dev="tmpfs" ino=20444 scontext=u:r:mediaprovider_app:s0:c128,c256,c512,c768 tcontext=u:object_r:mnt_pass_through_file:s0 tclass=lnk_file permissive=0 app=com.android.providers.media.module
05-28 05:16:15.644  1644  2581 I MediaProvider: Deleted 1 items on external_primary due to com.android.shell
05-28 05:16:15.670  8438  8438 I ProvidersCache: Updating roots due to change on user 0at content://com.android.providers.media.documents/root
05-28 05:16:15.686 10980 10982 I cmd     : oneway function results will be dropped but finished with status OK and parcel size 4
05-28 05:16:15.800  8438  8438 I ProvidersCache: Updating roots due to change on user 0at content://com.android.providers.media.documents/root
05-28 05:16:15.802   159   159 I hwservicemanager: getTransport: Cannot find entry android.hardware.graphics.mapper@4.0::IMapper/default in either framework or device manifest.
05-28 05:16:15.802 11002 11002 I Gralloc4: mapper 4.x is not supported
05-28 05:16:15.834 11006 11008 I cmd     : oneway function results will be dropped but finished with status OK and parcel size 4
05-28 05:16:15.834  1644  1927 I MediaProvider: Begin Intent { act=android.intent.action.MEDIA_SCANNER_SCAN_FILE dat=file:///sdcard/screen_2026-05-28_051616.png flg=0x1400010 cmp=com.android.providers.media.module/com.android.providers.media.MediaService }
05-28 05:16:15.835  1644  1927 W ModernMediaScanner: Failed to visit /sdcard/screen_2026-05-28_051616.png: java.nio.file.AccessDeniedException: /sdcard/screen_2026-05-28_051616.png
05-28 05:16:15.836  1644  1927 I MediaProvider: Scanned internal due to REASON_DEMAND, found 0 items in 1ms, 0 inserts 0 updates 0 deletes
05-28 05:16:15.836  1644  1927 I MediaProvider: End Intent { act=android.intent.action.MEDIA_SCANNER_SCAN_FILE dat=file:///sdcard/screen_2026-05-28_051616.png flg=0x1400010 cmp=com.android.providers.media.module/com.android.providers.media.MediaService }
05-28 05:16:15.855  1644  1739 I MediaProvider: Deleted 1 items on external_primary due to com.android.shell
05-28 05:16:15.879  8438  8438 I ProvidersCache: Updating roots due to change on user 0at content://com.android.providers.media.documents/root
05-28 05:16:16.008   159   159 I hwservicemanager: getTransport: Cannot find entry android.hardware.graphics.mapper@4.0::IMapper/default in either framework or device manifest.
05-28 05:16:16.008 11039 11039 I Gralloc4: mapper 4.x is not supported
05-28 05:16:16.052 11043 11045 I cmd     : oneway function results will be dropped but finished with status OK and parcel size 4
05-28 05:16:16.052  1644  1927 I MediaProvider: Begin Intent { act=android.intent.action.MEDIA_SCANNER_SCAN_FILE dat=file:///sdcard/screen_2026-05-28_051616.png flg=0x1400010 cmp=com.android.providers.media.module/com.android.providers.media.MediaService }
05-28 05:16:16.054  1644  1927 W ModernMediaScanner: Failed to visit /sdcard/screen_2026-05-28_051616.png: java.nio.file.AccessDeniedException: /sdcard/screen_2026-05-28_051616.png
05-28 05:16:16.054  1644  1927 I MediaProvider: Scanned internal due to REASON_DEMAND, found 0 items in 2ms, 0 inserts 0 updates 0 deletes
05-28 05:16:16.055  1644  1927 I MediaProvider: End Intent { act=android.intent.action.MEDIA_SCANNER_SCAN_FILE dat=file:///sdcard/screen_2026-05-28_051616.png flg=0x1400010 cmp=com.android.providers.media.module/com.android.providers.media.MediaService }
05-28 05:16:16.077  1644  1739 I MediaProvider: Deleted 1 items on external_primary due to com.android.shell
05-28 05:16:16.107 11054 11056 I cmd     : oneway function results will be dropped but finished with status OK and parcel size 4
05-28 05:16:16.154 11069 11071 I cmd     : oneway function results will be dropped but finished with status OK and parcel size 4
05-28 05:16:16.201 11084 11086 I cmd     : oneway function results will be dropped but finished with status OK and parcel size 4
05-28 05:16:16.247 11099 11101 I cmd     : oneway function results will be dropped but finished with status OK and parcel size 4
05-28 05:16:16.322 11111 11111 E libc    : Access denied finding property "persist.device_config.runtime_native_boot.profilebootclasspath"
05-28 05:16:16.322 11111 11111 E libc    : Access denied finding property "persist.device_config.runtime_native_boot.enable_apex_image"
05-28 05:16:16.322 11111 11111 I AndroidRuntime: Using default boot image
05-28 05:16:16.322 11111 11111 E libc    : Access denied finding property "persist.device_config.runtime_native_boot.disable_lock_profiling"
05-28 05:16:16.322 11111 11111 I AndroidRuntime: Leaving lock profiling enabled
05-28 05:16:16.322 11111 11111 E libc    : Access denied finding property "persist.device_config.runtime_native_boot.enable_generational_cc"
05-28 05:16:16.324 11111 11111 I app_process: Core platform API reporting enabled, enforcing=false
05-28 05:16:16.369 11111 11111 W app_process: Unexpected CPU variant for X86 using defaults: x86_64
05-28 05:16:16.370 11111 11111 I app_process: The ClassLoaderContext is a special shared library.
05-28 05:16:16.376 11111 11111 W app_process: JNI RegisterNativeMethods: attempt to register 0 native methods for android.media.AudioAttributes
05-28 05:16:17.836  8438  8438 I ProvidersCache: Updating roots due to change on user 0at content://com.android.providers.media.documents/root
05-28 05:16:17.966  8438  8438 I ProvidersCache: Updating roots due to change on user 0at content://com.android.providers.media.documents/root
05-28 05:16:18.049  1405  1839 I Dialer  : VvmTaskExecutor - executing task com.android.voicemail.impl.ActivationTask@34807de
05-28 05:16:18.050  1405  1839 I Dialer  : PreOMigrationHandler - ComponentInfo{com.android.phone/com.android.services.telephony.TelephonyConnectionService}, ***, UserHandle{0} already migrated
05-28 05:16:18.059  1454  1475 I VoicemailNotifier: receivers for android.intent.action.PROVIDER_CHANGED :[]
05-28 05:16:18.060  1405  1839 I Dialer  : VvmActivationTask - VVM content provider configured - vvm_type_cvvm
05-28 05:16:18.060  1405  1839 I Dialer  : OmtpVvmCarrierCfgHlpr - OmtpEvent:CONFIG_ACTIVATING
05-28 05:16:18.063  1454  1961 I VoicemailNotifier: receivers for android.intent.action.PROVIDER_CHANGED :[]
05-28 05:16:18.096   159   159 I hwservicemanager: getTransport: Cannot find entry android.hardware.graphics.mapper@4.0::IMapper/default in either framework or device manifest.
05-28 05:16:18.097 11144 11144 I Gralloc4: mapper 4.x is not supported
05-28 05:16:18.126  8438  8438 I ProvidersCache: Updating roots due to change on user 0at content://com.android.providers.media.documents/root
05-28 05:16:18.141 11149 11151 I cmd     : oneway function results will be dropped but finished with status OK and parcel size 4
05-28 05:16:18.140  1644  1644 W com.android.providers.media.module: type=1400 audit(0.0:1101): avc: denied { read } for comm=4173796E635461736B202331 name="primary" dev="tmpfs" ino=20444 scontext=u:r:mediaprovider_app:s0:c128,c256,c512,c768 tcontext=u:object_r:mnt_pass_through_file:s0 tclass=lnk_file permissive=0 app=com.android.providers.media.module
05-28 05:16:18.144  1644  1927 I MediaProvider: Begin Intent { act=android.intent.action.MEDIA_SCANNER_SCAN_FILE dat=file:///sdcard/screen_2026-05-28_051618.png flg=0x1400010 cmp=com.android.providers.media.module/com.android.providers.media.MediaService }
05-28 05:16:18.326     0     0 W audit   : audit_lost=802 audit_rate_limit=5 audit_backlog_limit=64
05-28 05:16:18.336     0     0 E audit   : rate limit exceeded
05-28 05:16:18.140  1644  1644 W com.android.providers.media.module: type=1400 audit(0.0:1102): avc: denied { read } for comm=4173796E635461736B202331 name="primary" dev="tmpfs" ino=20444 scontext=u:r:mediaprovider_app:s0:c128,c256,c512,c768 tcontext=u:object_r:mnt_pass_through_file:s0 tclass=lnk_file permissive=0 app=com.android.providers.media.module
05-28 05:16:18.163  1644  1927 W ModernMediaScanner: Failed to visit /sdcard/screen_2026-05-28_051618.png: java.nio.file.AccessDeniedException: /sdcard/screen_2026-05-28_051618.png
05-28 05:16:18.163  1644  1927 I MediaProvider: Scanned internal due to REASON_DEMAND, found 0 items in 18ms, 0 inserts 0 updates 0 deletes
05-28 05:16:18.164  1644  1927 I MediaProvider: End Intent { act=android.intent.action.MEDIA_SCANNER_SCAN_FILE dat=file:///sdcard/screen_2026-05-28_051618.png flg=0x1400010 cmp=com.android.providers.media.module/com.android.providers.media.MediaService }
05-28 05:16:18.140  1644  1644 W com.android.providers.media.module: type=1400 audit(0.0:1103): avc: denied { read } for comm=4173796E635461736B202331 name="primary" dev="tmpfs" ino=20444 scontext=u:r:mediaprovider_app:s0:c128,c256,c512,c768 tcontext=u:object_r:mnt_pass_through_file:s0 tclass=lnk_file permissive=0 app=com.android.providers.media.module
05-28 05:16:18.193  1644  2581 I MediaProvider: Deleted 1 items on external_primary due to com.android.shell
05-28 05:16:18.199  8438  8438 I ProvidersCache: Updating roots due to change on user 0at content://com.android.providers.media.documents/root
05-28 05:16:18.217 11160 11162 I cmd     : oneway function results will be dropped but finished with status OK and parcel size 4
05-28 05:16:18.327   159   159 I hwservicemanager: getTransport: Cannot find entry android.hardware.graphics.mapper@4.0::IMapper/default in either framework or device manifest.
05-28 05:16:18.327 11182 11182 I Gralloc4: mapper 4.x is not supported
05-28 05:16:18.358  8438  8438 I ProvidersCache: Updating roots due to change on user 0at content://com.android.providers.media.documents/root
05-28 05:16:18.370 11186 11188 I cmd     : oneway function results will be dropped but finished with status OK and parcel size 4
05-28 05:16:18.371  1644  1927 I MediaProvider: Begin Intent { act=android.intent.action.MEDIA_SCANNER_SCAN_FILE dat=file:///sdcard/screen_2026-05-28_051618.png flg=0x1400010 cmp=com.android.providers.media.module/com.android.providers.media.MediaService }
05-28 05:16:18.371  1644  1927 W ModernMediaScanner: Failed to visit /sdcard/screen_2026-05-28_051618.png: java.nio.file.AccessDeniedException: /sdcard/screen_2026-05-28_051618.png
05-28 05:16:18.371  1644  1927 I MediaProvider: Scanned internal due to REASON_DEMAND, found 0 items in 1ms, 0 inserts 0 updates 0 deletes
05-28 05:16:18.372  1644  1927 I MediaProvider: End Intent { act=android.intent.action.MEDIA_SCANNER_SCAN_FILE dat=file:///sdcard/screen_2026-05-28_051618.png flg=0x1400010 cmp=com.android.providers.media.module/com.android.providers.media.MediaService }
05-28 05:16:18.400  1644  1740 I MediaProvider: Deleted 1 items on external_primary due to com.android.shell
05-28 05:16:18.433  8438  8438 I ProvidersCache: Updating roots due to change on user 0at content://com.android.providers.media.documents/root
05-28 05:16:18.558   159   159 I hwservicemanager: getTransport: Cannot find entry android.hardware.graphics.mapper@4.0::IMapper/default in either framework or device manifest.
05-28 05:16:18.558 11221 11221 I Gralloc4: mapper 4.x is not supported
05-28 05:16:18.601 11225 11227 I cmd     : oneway function results will be dropped but finished with status OK and parcel size 4
05-28 05:16:18.602  1644  1927 I MediaProvider: Begin Intent { act=android.intent.action.MEDIA_SCANNER_SCAN_FILE dat=file:///sdcard/screen_2026-05-28_051619.png flg=0x1400010 cmp=com.android.providers.media.module/com.android.providers.media.MediaService }
05-28 05:16:18.603  1644  1927 W ModernMediaScanner: Failed to visit /sdcard/screen_2026-05-28_051619.png: java.nio.file.AccessDeniedException: /sdcard/screen_2026-05-28_051619.png
